
U-Boot SPL 2016.05-rc2 (Apr 21 2016 - 16:23:00)
Trying to boot from RAM


U-Boot 2016.05-rc2 (Apr 21 2016 - 16:23:00 -0700)

TEGRA124
Model: NVIDIA Jetson TK1
Board: NVIDIA Jetson TK1
DRAM:  2 GiB
MC:   Tegra SD/MMC: 0, Tegra SD/MMC: 1
In:    serial
Out:   serial
Err:   serial
Net:   No ethernet found.
Hit any key to stop autoboot:  2  0 
Tegra124 (Jetson TK1) # 
Tegra124 (Jetson TK1) # pci enum
Tegra124 (Jetson TK1) # setenv bootargs 'ignore_loglevel console=ttyS0,115200n8 rw root=PARTUUID=b1791faa-84e8-4e27-83a1-9fb0a77e8803 rootwait gpt debug noinitrd earlyprintk init=/bin/bash'
Tegra124 (Jetson TK1) # setenv ipaddr 192.168.100.102; setenv serverip 192.168.100.1; setenv tftpserverip 192.168.100.1
Tegra124 (Jetson TK1) # tftpboot 0x82000000 zImage.multi_v7_defconfig

Warning: eth_rtl8169 using MAC address from ROM
Using eth_rtl8169 device
TFTP from server 192.168.100.1; our IP address is 192.168.100.102
Filename 'zImage.multi_v7_defconfig'.
Load address: 0x82000000
Loading: *#################################################################
	 #################################################################
	 #################################################################
	 #################################################################
	 #################################################################
	 #################################################################
	 #################################################################
	 #################################################################
	 ####################################
	 919.9 KiB/s
done
Bytes transferred = 8159752 (7c8208 hex)
Tegra124 (Jetson TK1) # tftpboot 0x83000000 tegra124-jetson-tk1.dtb
Using eth_rtl8169 device
TFTP from server 192.168.100.1; our IP address is 192.168.100.102
Filename 'tegra124-jetson-tk1.dtb'.
Load address: 0x83000000
Loading: *#####
	 874 KiB/s
done
Bytes transferred = 67173 (10665 hex)
Tegra124 (Jetson TK1) # bootz 0x82000000 - 0x83000000
Kernel image @ 0x82000000 [ 0x000000 - 0x7c8200 ]
## Flattened Device Tree blob at 83000000
   Booting using the fdt blob at 0x83000000
   Using Device Tree in place at 83000000, end 83013664

Starting kernel ...

[    0.000000] Booting Linux on physical CPU 0x0
[    0.000000] Linux version 4.13.0-next-20170908-199620-gda52d78 (jonathanh@sellafield) (gcc version 4.7.3 20130328 (prerelease) (crosstool-NG linaro-1.13.1-4.7-2013.04-20130415 - Linaro GCC 2013.04)) #1 SMP Mon Sep 11 15:05:03 PDT 2017
[    0.000000] CPU: ARMv7 Processor [413fc0f3] revision 3 (ARMv7), cr=10c5387d
[    0.000000] CPU: div instructions available: patching division code
[    0.000000] CPU: PIPT / VIPT nonaliasing data cache, PIPT instruction cache
[    0.000000] OF: fdt: Machine model: NVIDIA Tegra124 Jetson TK1
[    0.000000] debug: ignoring loglevel setting.
[    0.000000] Memory policy: Data cache writealloc
[    0.000000] efi: Getting EFI parameters from FDT:
[    0.000000] efi: UEFI not found.
[    0.000000] cma: Reserved 64 MiB at 0xfb800000
[    0.000000] On node 0 totalpages: 524032
[    0.000000] free_area_init_node: node 0, pgdat c158e5c0, node_mem_map eeff8000
[    0.000000]   DMA zone: 1536 pages used for memmap
[    0.000000]   DMA zone: 0 pages reserved
[    0.000000]   DMA zone: 196608 pages, LIFO batch:31
[    0.000000]   HighMem zone: 327424 pages, LIFO batch:31
[    0.000000] random: fast init done
[    0.000000] percpu: Embedded 17 pages/cpu @eef82000 s39424 r8192 d22016 u69632
[    0.000000] pcpu-alloc: s39424 r8192 d22016 u69632 alloc=17*4096
[    0.000000] pcpu-alloc: [0] 0 [0] 1 [0] 2 [0] 3 
[    0.000000] Built 1 zonelists, mobility grouping on.  Total pages: 522496
[    0.000000] Kernel command line: ignore_loglevel console=ttyS0,115200n8 rw root=PARTUUID=b1791faa-84e8-4e27-83a1-9fb0a77e8803 rootwait gpt debug noinitrd earlyprintk init=/bin/bash
[    0.000000] PID hash table entries: 4096 (order: 2, 16384 bytes)
[    0.000000] Dentry cache hash table entries: 131072 (order: 7, 524288 bytes)
[    0.000000] Inode-cache hash table entries: 65536 (order: 6, 262144 bytes)
[    0.000000] Memory: 1993360K/2096128K available (10240K kernel code, 1626K rwdata, 4508K rodata, 2048K init, 405K bss, 37232K reserved, 65536K cma-reserved, 1244160K highmem)
[    0.000000] Virtual kernel memory layout:
[    0.000000]     vector  : 0xffff0000 - 0xffff1000   (   4 kB)
[    0.000000]     fixmap  : 0xffc00000 - 0xfff00000   (3072 kB)
[    0.000000]     vmalloc : 0xf0800000 - 0xff800000   ( 240 MB)
[    0.000000]     lowmem  : 0xc0000000 - 0xf0000000   ( 768 MB)
[    0.000000]     pkmap   : 0xbfe00000 - 0xc0000000   (   2 MB)
[    0.000000]     modules : 0xbf000000 - 0xbfe00000   (  14 MB)
[    0.000000]       .text : 0xc0208000 - 0xc0d00000   (11232 kB)
[    0.000000]       .init : 0xc1200000 - 0xc1400000   (2048 kB)
[    0.000000]       .data : 0xc1400000 - 0xc1596910   (1627 kB)
[    0.000000]        .bss : 0xc159fbc0 - 0xc160537c   ( 406 kB)
[    0.000000] SLUB: HWalign=64, Order=0-3, MinObjects=0, CPUs=4, Nodes=1
[    0.000000] Hierarchical RCU implementation.
[    0.000000] 	RCU event tracing is enabled.
[    0.000000] 	RCU restricting CPUs from NR_CPUS=16 to nr_cpu_ids=4.
[    0.000000] RCU: Adjusting geometry for rcu_fanout_leaf=16, nr_cpu_ids=4
[    0.000000] NR_IRQS: 16, nr_irqs: 16, preallocated irqs: 16
[    0.000000] /interrupt-controller@60004000: 160 interrupts forwarded to /interrupt-controller@50041000
[    0.000000] Tegra clk 127: register failed with -17
[    0.000009] sched_clock: 32 bits at 1000kHz, resolution 1000ns, wraps every 2147483647500ns
[    0.000029] clocksource: timer_us: mask: 0xffffffff max_cycles: 0xffffffff, max_idle_ns: 1911260446275 ns
[    0.000044] Switching to timer-based delay loop, resolution 1000ns
[    0.005101] arch_timer: cp15 timer(s) running at 12.00MHz (virt).
[    0.005121] clocksource: arch_sys_counter: mask: 0xffffffffffffff max_cycles: 0x2c47f4ee7, max_idle_ns: 440795202497 ns
[    0.005141] sched_clock: 56 bits at 12MHz, resolution 83ns, wraps every 4398046511096ns
[    0.005155] Switching to timer-based delay loop, resolution 83ns
[    0.005634] Console: colour dummy device 80x30
[    0.005668] Calibrating delay loop (skipped), value calculated using timer frequency.. 24.00 BogoMIPS (lpj=120000)
[    0.005686] pid_max: default: 32768 minimum: 301
[    0.005789] Mount-cache hash table entries: 2048 (order: 1, 8192 bytes)
[    0.005804] Mountpoint-cache hash table entries: 2048 (order: 1, 8192 bytes)
[    0.006303] CPU: Testing write buffer coherency: ok
[    0.006559] /cpus/cpu@0 missing clock-frequency property
[    0.006605] /cpus/cpu@1 missing clock-frequency property
[    0.006649] /cpus/cpu@2 missing clock-frequency property
[    0.006694] /cpus/cpu@3 missing clock-frequency property
[    0.006708] CPU0: thread -1, cpu 0, socket 0, mpidr 80000000
[    0.007007] Setting up static identity map for 0x80300000 - 0x803000a0
[    0.008950] Hierarchical SRCU implementation.
[    0.010813] Tegra Revision: A01 SKU: 129 CPU Process: 1 SoC Process: 1
[    0.011574] EFI services will not be available.
[    0.011721] smp: Bringing up secondary CPUs ...
[    0.012193] CPU1: thread -1, cpu 1, socket 0, mpidr 80000001
[    0.015511] CPU2: thread -1, cpu 2, socket 0, mpidr 80000002
[    0.025551] CPU3: thread -1, cpu 3, socket 0, mpidr 80000003
[    0.035082] smp: Brought up 1 node, 4 CPUs
[    0.035103] SMP: Total of 4 processors activated (96.00 BogoMIPS).
[    0.035112] CPU: All CPU(s) started in SVC mode.
[    0.036632] devtmpfs: initialized
[    0.051270] Built 1 zonelists, mobility grouping on.  Total pages: 514724
[    0.051637] VFP support v0.3: implementor 41 architecture 4 part 30 variant f rev 0
[    0.052065] clocksource: jiffies: mask: 0xffffffff max_cycles: 0xffffffff, max_idle_ns: 19112604462750000 ns
[    0.052086] futex hash table entries: 1024 (order: 4, 65536 bytes)
[    0.052269] pinctrl core: initialized pinctrl subsystem
[    0.053746] DMI not present or invalid.
[    0.053983] NET: Registered protocol family 16
[    0.055956] DMA: preallocated 256 KiB pool for atomic coherent allocations
[    0.058425] cpuidle: using governor menu
[    0.083635] No ATAGs?
[    0.083761] hw-breakpoint: found 5 (+1 reserved) breakpoint and 4 watchpoint registers.
[    0.083776] hw-breakpoint: maximum watchpoint size is 8 bytes.
[    0.091013] Serial: AMBA PL011 UART driver
[    0.092197] iommu: Adding device reg-dummy to group 0
[    0.092233] iommu: Adding device 1003000.pcie to group 1
[    0.092315] iommu: Adding device 50000000.host1x to group 2
[    0.092387] iommu: Adding device 54200000.dc to group 3
[    0.092456] iommu: Adding device 54240000.dc to group 4
[    0.092492] iommu: Adding device 54280000.hdmi to group 5
[    0.092565] iommu: Adding device 57000000.gpu to group 6
[    0.092597] iommu: Adding device 60005000.timer to group 7
[    0.092628] iommu: Adding device 60007000.flow-controller to group 8
[    0.092659] iommu: Adding device 6000c800.actmon to group 9
[    0.092690] iommu: Adding device 6000d000.gpio to group 10
[    0.092721] iommu: Adding device 60020000.dma to group 11
[    0.092757] iommu: Adding device 70000800.apbmisc to group 12
[    0.092792] iommu: Adding device 70000868.pinmux to group 13
[    0.092822] iommu: Adding device 70006000.serial to group 14
[    0.092852] iommu: Adding device 70006040.serial to group 15
[    0.092883] iommu: Adding device 70006300.serial to group 16
[    0.092913] iommu: Adding device 7000c000.i2c to group 17
[    0.092944] iommu: Adding device 7000c400.i2c to group 18
[    0.092975] iommu: Adding device 7000c500.i2c to group 19
[    0.093006] iommu: Adding device 7000c700.i2c to group 20
[    0.093037] iommu: Adding device 7000d000.i2c to group 21
[    0.093075] iommu: Adding device 7000d400.spi to group 22
[    0.093105] iommu: Adding device 7000da00.spi to group 23
[    0.093135] iommu: Adding device 7000e000.rtc to group 24
[    0.093165] iommu: Adding device 7000e400.pmc to group 25
[    0.093195] iommu: Adding device 7000f800.fuse to group 26
[    0.093227] iommu: Adding device 70019000.memory-controller to group 27
[    0.093256] iommu: Adding device 7001b000.emc to group 28
[    0.093287] iommu: Adding device 70027000.sata to group 29
[    0.093322] iommu: Adding device 70030000.hda to group 30
[    0.093354] iommu: Adding device 70090000.usb to group 31
[    0.093384] iommu: Adding device 7009f000.padctl to group 32
[    0.093421] iommu: Adding device 700b0400.sdhci to group 33
[    0.093451] iommu: Adding device 700b0600.sdhci to group 34
[    0.093482] iommu: Adding device 700e2000.thermal-sensor to group 35
[    0.093513] iommu: Adding device 70110000.clock to group 36
[    0.093547] iommu: Adding device 70300000.ahub to group 37
[    0.093578] iommu: Adding device 7d000000.usb to group 38
[    0.093613] iommu: Adding device 7d000000.usb-phy to group 39
[    0.093643] iommu: Adding device 7d004000.usb to group 40
[    0.093675] iommu: Adding device 7d004000.usb-phy to group 41
[    0.093705] iommu: Adding device 7d008000.usb to group 42
[    0.093736] iommu: Adding device 7d008000.usb-phy to group 43
[    0.093771] iommu: Adding device pmu to group 44
[    0.093801] iommu: Adding device timer to group 45
[    0.093833] iommu: Adding device clocks to group 46
[    0.093867] iommu: Adding device gpio-keys to group 47
[    0.093898] iommu: Adding device regulators to group 48
[    0.093929] iommu: Adding device regulators:regulator@0 to group 49
[    0.093960] iommu: Adding device regulators:regulator@1 to group 50
[    0.093991] iommu: Adding device regulators:regulator@2 to group 51
[    0.094022] iommu: Adding device regulators:regulator@3 to group 52
[    0.094052] iommu: Adding device regulators:regulator@4 to group 53
[    0.094087] iommu: Adding device regulators:regulator@7 to group 54
[    0.094121] iommu: Adding device regulators:regulator@8 to group 55
[    0.094153] iommu: Adding device regulators:regulator@10 to group 56
[    0.094184] iommu: Adding device regulators:regulator@11 to group 57
[    0.094216] iommu: Adding device regulators:regulator@12 to group 58
[    0.094246] iommu: Adding device regulators:regulator@13 to group 59
[    0.094276] iommu: Adding device regulators:regulator@14 to group 60
[    0.094306] iommu: Adding device sound to group 61
[    0.108940] AT91: Could not find identification node
[    0.109503] +5V_SYS: supplied by +VDD_MUX
[    0.109780] +3.3V_SYS: supplied by +VDD_MUX
[    0.110394] +USB0_VBUS_SW: Failed to request enable GPIO108: -517
[    0.110411] reg-fixed-voltage regulators:regulator@7: Failed to register regulator: -517
[    0.110509] +5V_USB_HS: Failed to request enable GPIO109: -517
[    0.110523] reg-fixed-voltage regulators:regulator@8: Failed to register regulator: -517
[    0.110710] +1.05V_RUN_AVDD_HDMI_PLL: Failed to request enable GPIO63: -517
[    0.110724] reg-fixed-voltage regulators:regulator@11: Failed to register regulator: -517
[    0.110821] +5V_HDMI_CON: Failed to request enable GPIO86: -517
[    0.110834] reg-fixed-voltage regulators:regulator@12: Failed to register regulator: -517
[    0.110930] +5V_SATA: Failed to request enable GPIO242: -517
[    0.110944] reg-fixed-voltage regulators:regulator@13: Failed to register regulator: -517
[    0.111038] +12V_SATA: Failed to request enable GPIO242: -517
[    0.111051] reg-fixed-voltage regulators:regulator@14: Failed to register regulator: -517
[    0.114000] vgaarb: loaded
[    0.114721] SCSI subsystem initialized
[    0.114887] libata version 3.00 loaded.
[    0.115078] usbcore: registered new interface driver usbfs
[    0.115125] usbcore: registered new interface driver hub
[    0.115212] usbcore: registered new device driver usb
[    0.118633] pps_core: LinuxPPS API ver. 1 registered
[    0.118643] pps_core: Software ver. 5.3.6 - Copyright 2005-2007 Rodolfo Giometti <giometti@linux.it>
[    0.118665] PTP clock support registered
[    0.118853] EDAC MC: Ver: 3.0.0
[    0.119126] dmi: Firmware registration failed.
[    0.121695] clocksource: Switched to clocksource arch_sys_counter
[    0.176235] NET: Registered protocol family 2
[    0.176722] TCP established hash table entries: 8192 (order: 3, 32768 bytes)
[    0.176822] TCP bind hash table entries: 8192 (order: 4, 65536 bytes)
[    0.177010] TCP: Hash tables configured (established 8192 bind 8192)
[    0.177092] UDP hash table entries: 512 (order: 2, 16384 bytes)
[    0.177136] UDP-Lite hash table entries: 512 (order: 2, 16384 bytes)
[    0.177286] NET: Registered protocol family 1
[    0.177600] RPC: Registered named UNIX socket transport module.
[    0.177611] RPC: Registered udp transport module.
[    0.177620] RPC: Registered tcp transport module.
[    0.177628] RPC: Registered tcp NFSv4.1 backchannel transport module.
[    0.177640] PCI: CLS 0 bytes, default 64
[    0.179098] hw perfevents: enabled with armv7_cortex_a15 PMU driver, 7 counters available
[    0.179819] iommu: Adding device alarmtimer to group 62
[    0.180714] workingset: timestamp_bits=30 max_order=19 bucket_order=0
[    0.186439] squashfs: version 4.0 (2009/01/31) Phillip Lougher
[    0.187002] NFS: Registering the id_resolver key type
[    0.187025] Key type id_resolver registered
[    0.187034] Key type id_legacy registered
[    0.187080] ntfs: driver 2.1.32 [Flags: R/O].
[    0.188462] bounce: pool size: 64 pages
[    0.188509] Block layer SCSI generic (bsg) driver version 0.4 loaded (major 248)
[    0.188521] io scheduler noop registered
[    0.188530] io scheduler deadline registered
[    0.188739] io scheduler cfq registered (default)
[    0.188749] io scheduler mq-deadline registered
[    0.188759] io scheduler kyber registered
[    0.192508]  usb2-0: usb2-0 supply vbus not found, using dummy regulator
[    0.192614]  usb2-1: usb2-1 supply vbus not found, using dummy regulator
[    0.193074] tegra-xusb-padctl 7009f000.padctl: failed to setup XUSB ports: -517
[    0.211657] tegra-pcie 1003000.pcie: 2x1, 1x1 configuration
[    0.211738] tegra-pcie 1003000.pcie: Failed to get supply 'avddio-pex': -517
[    0.217799] tegra124-dfll 70110000.clock: couldn't get vdd_cpu regulator
[    0.224664] tegra-apbdma 60020000.dma: Tegra20 APB DMA driver register 32 channels
[    0.227708] tegra-pmc 7000e400.pmc: emergency thermal reset enabled
[    0.277716] Serial: 8250/16550 driver, 4 ports, IRQ sharing disabled
[    0.277811] iommu: Adding device serial8250 to group 63
[    0.280290] console [ttyS0] disabled
[    0.280331] 70006300.serial: ttyS0 at MMIO 0x70006300 (irq = 335, base_baud = 25500000) is a Tegra
[    1.551395] console [ttyS0] enabled
[    1.555776] SuperH (H)SCI(F) driver initialized
[    1.561394] msm_serial: driver initialized
[    1.565702] STMicroelectronics ASC driver initialized
[    1.571624] 70006000.serial: ttyTHS1 at MMIO 0x70006000 (irq = 333, base_baud = 0) is a TEGRA_UART
[    1.580896] 70006040.serial: ttyTHS2 at MMIO 0x70006040 (irq = 334, base_baud = 0) is a TEGRA_UART
[    1.595815] tegra-hdmi 54280000.hdmi: failed to get HDMI regulator
[    1.612471] brd: module loaded
[    1.621378] loop: module loaded
[    1.625723] at24 0-0056: 256 byte 24c02 EEPROM, writable, 8 bytes/write
[    1.634029] as3722 4-0040: AS3722 with revision 0x1 found
[    1.641286] iommu: Adding device as3722-pinctrl to group 64
[    1.648428] iommu: Adding device as3722-regulator to group 65
[    1.656994] as3722-sd2: supplied by +5V_SYS
[    1.661569] as3722-sd3: supplied by +5V_SYS
[    1.666016] +1.35V_LP0(sd3): Bringing 0uV into 1350000-1350000uV
[    1.672350] as3722-sd4: supplied by +5V_SYS
[    1.676935] as3722-sd5: supplied by +5V_SYS
[    1.682902] as3722-ldo0: supplied by +1.35V_LP0(sd2)
[    1.688916] +1.8V_RUN_CAM: Bringing 0uV into 1800000-1800000uV
[    1.695108] as3722-ldo2: supplied by +1.8V_VDDIO
[    1.700974] as3722-ldo3: supplied by +3.3V_SYS
[    1.705473] +1.05V_LP0_VDD_RTC: Bringing 1100000uV into 1000000-1000000uV
[    1.713227] as3722-ldo4: supplied by +3.3V_SYS
[    1.717870] +2.8V_RUN_CAM: Bringing 0uV into 2800000-2800000uV
[    1.724071] as3722-ldo5: supplied by +1.8V_VDDIO
[    1.728911] +1.2V_RUN_CAM_FRONT: Bringing 0uV into 1200000-1200000uV
[    1.735820] +VDDIO_SDMMC3: bypassed regulator has no supply!
[    1.741472] +VDDIO_SDMMC3: failed to get the current voltage(-517)
[    1.747669] as3722-regulator as3722-regulator: regulator 13 register failed -517
[    1.758244] iommu: Adding device as3722-rtc to group 66
[    1.763814] iommu: Adding device as3722-adc to group 67
[    1.769335] iommu: Adding device as3722-power-off to group 68
[    1.775395] iommu: Adding device as3722-wdt to group 69
[    1.782448] tegra-ahci 70027000.sata: couldn't get PHY in node sata: -517
[    1.804844] m25p80 spi1.0: w25q32dw (4096 Kbytes)
[    1.811879] iommu: Adding device Fixed MDIO bus.0 to group 70
[    1.817966] libphy: Fixed MDIO Bus: probed
[    1.822986] CAN device driver interface
[    1.827751] bgmac_bcma: Broadcom 47xx GBit MAC driver loaded
[    1.834815] e1000e: Intel(R) PRO/1000 Network Driver - 3.2.6-k
[    1.840637] e1000e: Copyright(c) 1999 - 2015 Intel Corporation.
[    1.846611] igb: Intel(R) Gigabit Ethernet Network Driver - version 5.4.0-k
[    1.853577] igb: Copyright (c) 2007-2014 Intel Corporation.
[    1.862966] pegasus: v0.9.3 (2013/04/25), Pegasus/Pegasus II USB Ethernet driver
[    1.870390] usbcore: registered new interface driver pegasus
[    1.876096] usbcore: registered new interface driver asix
[    1.881520] usbcore: registered new interface driver ax88179_178a
[    1.887648] usbcore: registered new interface driver cdc_ether
[    1.893536] usbcore: registered new interface driver smsc75xx
[    1.899315] usbcore: registered new interface driver smsc95xx
[    1.905095] usbcore: registered new interface driver net1080
[    1.910773] usbcore: registered new interface driver cdc_subset
[    1.916732] usbcore: registered new interface driver zaurus
[    1.922360] usbcore: registered new interface driver cdc_ncm
[    1.928241] tegra-phy 7d000000.usb-phy: no vbus regulator
[    1.933858] tegra-phy 7d004000.usb-phy: no vbus regulator
[    1.941237] ehci_hcd: USB 2.0 'Enhanced' Host Controller (EHCI) Driver
[    1.947770] ehci-pci: EHCI PCI platform driver
[    1.952256] ehci-platform: EHCI generic platform driver
[    1.957685] ehci-orion: EHCI orion driver
[    1.961869] SPEAr-ehci: EHCI SPEAr driver
[    1.966015] ehci-st: EHCI STMicroelectronics driver
[    1.971025] ehci-exynos: EHCI EXYNOS driver
[    1.975383] ehci-atmel: EHCI Atmel driver
[    1.979524] tegra-ehci: Tegra EHCI driver
[    1.986387] tegra-ehci 7d004000.usb: EHCI Host Controller
[    1.991819] tegra-ehci 7d004000.usb: new USB bus registered, assigned bus number 1
[    1.999590] tegra-ehci 7d004000.usb: irq 355, io mem 0x7d004000
[    2.031716] tegra-ehci 7d004000.usb: USB 2.0 started, EHCI 1.10
[    2.038289] hub 1-0:1.0: USB hub found
[    2.042100] hub 1-0:1.0: 1 port detected
[    2.046573] ohci_hcd: USB 1.1 'Open' Host Controller (OHCI) Driver
[    2.052789] ohci-pci: OHCI PCI platform driver
[    2.057270] ohci-platform: OHCI generic platform driver
[    2.062711] SPEAr-ohci: OHCI SPEAr driver
[    2.066859] ohci-st: OHCI STMicroelectronics driver
[    2.071892] ohci-atmel: OHCI Atmel driver
[    2.076676] usbcore: registered new interface driver usb-storage
[    2.084255] iommu: Adding device ci_hdrc.0 to group 71
[    2.096520] as3722-rtc as3722-rtc: rtc core: registered as3722-rtc as rtc0
[    2.103418] as3722-rtc as3722-rtc: RTC interrupt 378
[    2.111810] tegra_rtc 7000e000.rtc: rtc core: registered 7000e000.rtc as rtc1
[    2.118976] tegra_rtc 7000e000.rtc: Tegra internal Real Time Clock
[    2.125726] i2c /dev entries driver
[    2.133089] IR NEC protocol handler initialized
[    2.137614] IR RC5(x/sz) protocol handler initialized
[    2.142679] IR RC6 protocol handler initialized
[    2.147203] IR JVC protocol handler initialized
[    2.151746] IR Sony protocol handler initialized
[    2.156356] IR SANYO protocol handler initialized
[    2.161052] IR Sharp protocol handler initialized
[    2.165765] IR MCE Keyboard/mouse protocol handler initialized
[    2.171591] IR XMP protocol handler initialized
[    2.179323] lm90 0-004c: 0-004c supply vcc not found, using dummy regulator
[    2.194440] iommu: Adding device cpufreq-tegra124 to group 72
[    2.202542] sdhci: Secure Digital Host Controller Interface driver
[    2.208713] sdhci: Copyright(c) Pierre Ossman
[    2.214764] Synopsys Designware Multimedia Card Interface Driver
[    2.222146] sdhci-pltfm: SDHCI platform and OF driver helper
[    2.228600] sdhci-tegra 700b0400.sdhci: Got CD GPIO
[    2.233512] sdhci-tegra 700b0400.sdhci: Got WP GPIO
[    2.254753] mmc0: Unknown controller version (3). You may experience problems.
[    2.262030] mmc0: Invalid maximum block size, assuming 512 bytes
[    2.331718] mmc0: SDHCI controller on 700b0600.sdhci [700b0600.sdhci] using ADMA
[    2.341272] ledtrig-cpu: registered to indicate activity on CPUs
[    2.347618] usbcore: registered new interface driver usbhid
[    2.353201] usbhid: USB HID core driver
[    2.361095] NET: Registered protocol family 10
[    2.366490] Segment Routing with IPv6
[    2.370262] sit: IPv6, IPv4 and MPLS over IPv4 tunneling driver
[    2.376733] NET: Registered protocol family 17
[    2.381180] can: controller area network core (rev 20170425 abi 9)
[    2.387426] NET: Registered protocol family 29
[    2.391884] can: raw protocol (rev 20170425)
[    2.396149] can: broadcast manager protocol (rev 20170425 t)
[    2.401823] can: netlink gateway (rev 20170425) max_hops=1
[    2.407584] Key type dns_resolver registered
[    2.412380] ThumbEE CPU extension supported.
[    2.416663] Registering SWP/SWPB emulation handler
[    2.431628] mmc0: new high speed MMC card at address 0001
[    2.437808] mmcblk0: mmc0:0001 SEM16G 14.7 GiB 
[    2.438879] +3.3V_RUN: supplied by +3.3V_SYS
[    2.440579] +USB0_VBUS_SW: supplied by +5V_SYS
[    2.440818] +3.3V_AVDD_HDMI_AP_GATED: supplied by +3.3V_RUN
[    2.441272] +5V_USB_HS: supplied by +5V_SYS
[    2.442942] +3.3V_LP0: supplied by +3.3V_SYS
[    2.444750] +5V_HDMI_CON: supplied by +5V_SYS
[    2.445356] +5V_SATA: supplied by +5V_SYS
[    2.445980] +12V_SATA: supplied by +VDD_MUX
[    2.447587]  usb2-0: usb2-0 supply vbus not found, using dummy regulator
[    2.447711]  usb2-1: usb2-1 supply vbus not found, using dummy regulator
[    2.448013]  usb3-0: usb3-0 supply vbus not found, using dummy regulator
[    2.449318] tegra-pcie 1003000.pcie: 2x1, 1x1 configuration
[    2.449370] tegra-pcie 1003000.pcie: Failed to get supply 'avddio-pex': -517
[    2.452451] tegra124-dfll 70110000.clock: couldn't get vdd_cpu regulator
[    2.456829] tegra-hdmi 54280000.hdmi: failed to get PLL regulator
[    2.462757] as3722-sd2: supplied by +5V_SYS
[    2.463114] as3722-sd3: supplied by +5V_SYS
[    2.463387] as3722-sd4: supplied by +5V_SYS
[    2.463655] as3722-sd5: supplied by +5V_SYS
[    2.465788] as3722-ldo0: supplied by +1.35V_LP0(sd2)
[    2.466671] as3722-ldo1: supplied by +3.3V_RUN
[    2.467087] as3722-ldo2: supplied by +1.8V_VDDIO
[    2.468056] as3722-ldo3: supplied by +3.3V_SYS
[    2.468968] as3722-ldo4: supplied by +3.3V_SYS
[    2.469260] as3722-ldo5: supplied by +1.8V_VDDIO
[    2.469559] as3722-ldo6: supplied by +3.3V_RUN
[    2.469871] as3722-ldo7: supplied by +1.8V_VDDIO
[    2.470448] +1.05V_RUN_CAM_REAR: Bringing 0uV into 1050000-1050000uV
[    2.471163] as3722-ldo9: supplied by +5V_SYS
[    2.472571] +3.3V_RUN_TOUCH: Bringing 0uV into 2800000-2800000uV
[    2.473121] as3722-ldo10: supplied by +5V_SYS
[    2.473709] +2.8V_RUN_CAM_AF: Bringing 0uV into 2800000-2800000uV
[    2.474441] as3722-ldo11: supplied by +3.3V_RUN
[    2.475029] +1.8V_RUN_VPP_FUSE: Bringing 0uV into 1800000-1800000uV
[    2.478803] tegra-ahci 70027000.sata: AHCI 0001.0301 32 slots 2 ports 3 Gbps 0x1 impl platform mode
[    2.478816] tegra-ahci 70027000.sata: flags: 64bit ncq sntf pm led pio slum part sadm sds apst 
[    2.480114] scsi host0: tegra-ahci
[    2.480945] scsi host1: tegra-ahci
[    2.481230] ata1: SATA max UDMA/133 mmio [mem 0x70027000-0x70028fff] port 0x100 irq 345
[    2.481236] ata2: DUMMY
[    2.485393] tegra-ehci 7d008000.usb: EHCI Host Controller
[    2.485422] tegra-ehci 7d008000.usb: new USB bus registered, assigned bus number 2
[    2.485636] tegra-ehci 7d008000.usb: irq 356, io mem 0x7d008000
[    2.511833] tegra-ehci 7d008000.usb: USB 2.0 started, EHCI 1.10
[    2.517856] hub 2-0:1.0: USB hub found
[    2.517922] hub 2-0:1.0: 1 port detected
[    2.520972] sdhci-tegra 700b0400.sdhci: Got CD GPIO
[    2.520994] sdhci-tegra 700b0400.sdhci: Got WP GPIO
[    2.529484] mmc1: Unknown controller version (3). You may experience problems.
[    2.529591] mmc1: Invalid maximum block size, assuming 512 bytes
[    2.592385] mmc1: SDHCI controller on 700b0400.sdhci [700b0400.sdhci] using ADMA
[    2.593314] tegra-pcie 1003000.pcie: 2x1, 1x1 configuration
[    2.596977] tegra-pcie 1003000.pcie: probing port 0, using 2 lanes
[    2.599172] tegra-pcie 1003000.pcie: Slot present pin change, signature: 00000008
[    2.630110] tegra-pcie 1003000.pcie: probing port 1, using 1 lanes
[    2.631952] tegra-pcie 1003000.pcie: Slot present pin change, signature: 00000000
[    2.646111] tegra-pcie 1003000.pcie: PCI host bridge to bus 0000:00
[    2.646122] pci_bus 0000:00: root bus resource [io  0x0000-0xffff]
[    2.646129] pci_bus 0000:00: root bus resource [mem 0x13000000-0x1fffffff]
[    2.646136] pci_bus 0000:00: root bus resource [mem 0x20000000-0x3fffffff pref]
[    2.646145] pci_bus 0000:00: root bus resource [bus 00-ff]
[    2.646190] pci 0000:00:01.0: [10de:0e12] type 01 class 0x060400
[    2.646211] pci_bus 0000:00: 2-byte config write to 0000:00:01.0 offset 0x4 may corrupt adjacent RW1C bits
[    2.646224] pci_bus 0000:00: 2-byte config write to 0000:00:01.0 offset 0x4 may corrupt adjacent RW1C bits
[    2.646266] pci 0000:00:01.0: enabling Extended Tags
[    2.646277] pci_bus 0000:00: 2-byte config write to 0000:00:01.0 offset 0x88 may corrupt adjacent RW1C bits
[    2.646313] pci_bus 0000:00: 2-byte config write to 0000:00:01.0 offset 0x52 may corrupt adjacent RW1C bits
[    2.646366] pci 0000:00:01.0: PME# supported from D0 D1 D2 D3hot D3cold
[    2.646377] pci_bus 0000:00: 2-byte config write to 0000:00:01.0 offset 0x4c may corrupt adjacent RW1C bits
[    2.646647] pci 0000:00:02.0: [10de:0e13] type 01 class 0x060400
[    2.646665] pci_bus 0000:00: 2-byte config write to 0000:00:02.0 offset 0x4 may corrupt adjacent RW1C bits
[    2.646679] pci_bus 0000:00: 2-byte config write to 0000:00:02.0 offset 0x4 may corrupt adjacent RW1C bits
[    2.646720] pci 0000:00:02.0: enabling Extended Tags
[    2.646731] pci_bus 0000:00: 2-byte config write to 0000:00:02.0 offset 0x88 may corrupt adjacent RW1C bits
[    2.646765] pci_bus 0000:00: 2-byte config write to 0000:00:02.0 offset 0x52 may corrupt adjacent RW1C bits
[    2.646816] pci 0000:00:02.0: PME# supported from D0 D1 D2 D3hot D3cold
[    2.646827] pci_bus 0000:00: 2-byte config write to 0000:00:02.0 offset 0x4c may corrupt adjacent RW1C bits
[    2.647109] PCI: bus0: Fast back to back transfers disabled
[    2.647122] pci 0000:00:01.0: bridge configuration invalid ([bus 00-00]), reconfiguring
[    2.647147] pci 0000:00:02.0: bridge configuration invalid ([bus 00-00]), reconfiguring
[    2.647355] pci 0000:01:00.0: [8086:4232] type 00 class 0x028000
[    2.647433] pci 0000:01:00.0: reg 0x10: [mem 0x00000000-0x00001fff 64bit]
[    2.647659] pci 0000:01:00.0: PME# supported from D0 D3hot D3cold
[    2.671927] PCI: bus1: Fast back to back transfers disabled
[    2.671941] pci_bus 0000:01: busn_res: [bus 01-ff] end is updated to 01
[    2.672219] pci 0000:02:00.0: [10ec:8168] type 00 class 0x020000
[    2.672281] pci 0000:02:00.0: reg 0x10: [io  0x0000-0x00ff]
[    2.672324] pci 0000:02:00.0: reg 0x18: [mem 0x00000000-0x00000fff 64bit]
[    2.672355] pci 0000:02:00.0: reg 0x20: [mem 0x00000000-0x00003fff 64bit pref]
[    2.672534] pci 0000:02:00.0: supports D1 D2
[    2.672541] pci 0000:02:00.0: PME# supported from D0 D1 D2 D3hot D3cold
[    2.701904] PCI: bus2: Fast back to back transfers disabled
[    2.701920] pci_bus 0000:02: busn_res: [bus 02-ff] end is updated to 02
[    2.701972] pci 0000:00:01.0: BAR 8: assigned [mem 0x13000000-0x130fffff]
[    2.701981] pci 0000:00:02.0: BAR 8: assigned [mem 0x13100000-0x131fffff]
[    2.701992] pci 0000:00:02.0: BAR 9: assigned [mem 0x20000000-0x200fffff 64bit pref]
[    2.702000] pci 0000:00:02.0: BAR 7: assigned [io  0x1000-0x1fff]
[    2.702013] pci 0000:01:00.0: BAR 0: assigned [mem 0x13000000-0x13001fff 64bit]
[    2.702055] pci 0000:00:01.0: PCI bridge to [bus 01]
[    2.702073] pci 0000:00:01.0:   bridge window [mem 0x13000000-0x130fffff]
[    2.702099] pci 0000:02:00.0: BAR 4: assigned [mem 0x20000000-0x20003fff 64bit pref]
[    2.702130] pci 0000:02:00.0: BAR 2: assigned [mem 0x13100000-0x13100fff 64bit]
[    2.702160] pci 0000:02:00.0: BAR 0: assigned [io  0x1000-0x10ff]
[    2.702174] pci 0000:00:02.0: PCI bridge to [bus 02]
[    2.702182] pci 0000:00:02.0:   bridge window [io  0x1000-0x1fff]
[    2.702194] pci 0000:00:02.0:   bridge window [mem 0x13100000-0x131fffff]
[    2.702203] pci 0000:00:02.0:   bridge window [mem 0x20000000-0x200fffff 64bit pref]
[    2.702251] pci 0000:00:01.0: nv_msi_ht_cap_quirk didn't locate host bridge
[    2.702428] pcieport 0000:00:01.0: enabling device (0140 -> 0142)
[    2.702731] pcieport 0000:00:01.0: Signaling PME with IRQ 394
[    2.702901] pci 0000:00:02.0: nv_msi_ht_cap_quirk didn't locate host bridge
[    2.703021] pcieport 0000:00:02.0: enabling device (0140 -> 0143)
[    2.703271] pcieport 0000:00:02.0: Signaling PME with IRQ 395
[    2.703653] r8169 Gigabit Ethernet driver 2.3LK-NAPI loaded
[    2.703680] r8169 0000:02:00.0: enabling device (0140 -> 0143)
[    2.733485] r8169 0000:02:00.0 eth0: RTL8168g/8111g at 0xf0a6d000, 00:04:4b:3a:d9:81, XID 0c000800 IRQ 396
[    2.733494] r8169 0000:02:00.0 eth0: jumbo features [frames: 9200 bytes, tx checksumming: ko]
[    2.738669] +1.05V_RUN_AVDD_HDMI_PLL: supplied by +1.05V_RUN
[    2.741031] [drm] Supports vblank timestamp caching Rev 2 (21.10.2013).
[    2.741035] [drm] No driver support for vblank timestamp query.
[    2.741074] [drm] Cannot find any crtc or sizes
[    2.741115] [drm] Initialized tegra 0.0.0 20120330 for drm on minor 0
[    2.742801] iommu: Adding device cpufreq-dt.0 to group 73
[    2.743719] cpufreq: cpufreq_online: CPU0: Running at unlisted freq: 696000 KHz
[    2.743752] cpufreq: cpufreq_online: CPU0: Unlisted initial frequency changed to: 714000 KHz
[    2.744506] input: gpio-keys as /devices/soc0/gpio-keys/input/input0
[    2.751639] as3722-rtc as3722-rtc: setting system clock to 2000-01-01 00:00:19 UTC (946684819)
[    2.752032] +USB0_VBUS_SW: disabling
[    2.752045] +1.8V_RUN_CAM: disabling
[    2.752297] +2.8V_RUN_CAM: disabling
[    2.752560] +1.2V_RUN_CAM_FRONT: disabling
[    2.752799] +1.05V_RUN_CAM_REAR: disabling
[    2.753057] +3.3V_RUN_TOUCH: disabling
[    2.753271] +2.8V_RUN_CAM_AF: disabling
[    2.753437] +1.8V_RUN_VPP_FUSE: disabling
[    2.835327] ata1: SATA link down (SStatus 0 SControl 300)
[    2.856216] mmc1: new high speed SDHC card at address aaaa
[    2.856660] mmcblk1: mmc1:aaaa SD04G 3.69 GiB 
[    2.868359]  mmcblk1: p1 p2 p3
[    2.883194] tegra-hdmi 54280000.hdmi: cannot set audio to 48000 Hz at 297000000 Hz pixel clock
[    3.294175] mmcblk0boot0: mmc0:0001 SEM16G partition 1 4.00 MiB
[    3.294474] mmcblk0boot1: mmc0:0001 SEM16G partition 2 4.00 MiB
[    3.294762] mmcblk0rpmb: mmc0:0001 SEM16G partition 3 4.00 MiB
[    3.296691]  mmcblk0: p1
[    3.298977] EXT4-fs (mmcblk0p1): mounting ext3 file system using the ext4 subsystem
[    3.342112] EXT4-fs (mmcblk0p1): recovery complete
[    3.362227] EXT4-fs (mmcblk0p1): mounted filesystem with ordered data mode. Opts: (null)
[    3.362271] VFS: Mounted root (ext3 filesystem) on device 179:1.
[    3.367067] devtmpfs: mounted
[    3.410820] Console: switching to colour frame buffer device 512x135
[    3.411591] Freeing unused kernel memory: 2048K
[    3.520710] drm drm: fb0:  frame buffer device
bash: cannot set terminal process group (-1): Inappropriate ioctl for device
bash: no job control in this shell
root@(none):/# 