
U-Boot SPL 2016.05-rc2 (Apr 21 2016 - 16:23:00)
Trying to boot from RAM


U-Boot 2016.05-rc2 (Apr 21 2016 - 16:23:00 -0700)

TEGRA124
Model: NVIDIA Jetson TK1
Board: NVIDIA Jetson TK1
DRAM:  2 GiB
C:   Tegra SD/MMC: 0, Tegra SD/MMC: 1
In:    serial
Out:   serial
Err:   serial
Net:   No ethernet found.
Hit any key to stop autoboot:  2  0 
Tegra124 (Jetson TK1) # 
Tegra124 (Jetson TK1) # pci enum
Tegra124 (Jetson TK1) # setenv bootargs 'ignore_loglevel console=ttyS0,115200n8 rw root=PARTUUID=b1791faa-84e8-4e27-83a1-9fb0a77e8803 rootwait gpt debug noinitrd earlyprintk init=/bin/bash'
Tegra124 (Jetson TK1) # setenv ipaddr 192.168.100.102; setenv serverip 192.168.100.1; setenv tftpserverip 192.168.100.1
Tegra124 (Jetson TK1) # tftpboot 0x82000000 zImage.multi_v7_defconfig

Warning: eth_rtl8169 using MAC address from ROM
Using eth_rtl8169 device
TFTP from server 192.168.100.1; our IP address is 192.168.100.102
Filename 'zImage.multi_v7_defconfig'.
Load address: 0x82000000
Loading: *#################################################################
	 #################################################################
	 #################################################################
	 #################################################################
	 #################################################################
	 #################################################################
	 #################################################################
	 #################
	 3.9 MiB/s
done
Bytes transferred = 6919032 (699378 hex)
Tegra124 (Jetson TK1) # tftpboot 0x83000000 tegra124-jetson-tk1.dtb
Using eth_rtl8169 device
TFTP from server 192.168.100.1; our IP address is 192.168.100.102
Filename 'tegra124-jetson-tk1.dtb'.
Load address: 0x83000000
Loading: *#####
	 3.6 MiB/s
done
Bytes transferred = 64138 (fa8a hex)
Tegra124 (Jetson TK1) # bootz 0x82000000 - 0x83000000
Kernel image @ 0x82000000 [ 0x000000 - 0x699378 ]
## Flattened Device Tree blob at 83000000
   Booting using the fdt blob at 0x83000000
   Using Device Tree in place at 83000000, end 83012a89

Starting kernel ...

[    0.000000] Booting Linux on physical CPU 0x0
[    0.000000] Linux version 4.6.0-83646-g2dcd0af (pwalmsley@sellafield) (gcc version 4.7.3 20130328 (prerelease) (crosstool-NG linaro-1.13.1-4.7-2013.04-20130415 - Linaro GCC 2013.04) ) #1 SMP Mon May 16 02:28:31 PDT 2016
[    0.000000] CPU: ARMv7 Processor [413fc0f3] revision 3 (ARMv7), cr=10c5387d
[    0.000000] CPU: div instructions available: patching division code
[    0.000000] CPU: PIPT / VIPT nonaliasing data cache, PIPT instruction cache
[    0.000000] Machine model: NVIDIA Tegra124 Jetson TK1
[    0.000000] debug: ignoring loglevel setting.
[    0.000000] cma: Reserved 64 MiB at 0xfb800000
[    0.000000] Memory policy: Data cache writealloc
[    0.000000] On node 0 totalpages: 524032
[    0.000000] free_area_init_node: node 0, pgdat c141b3c0, node_mem_map eeff8000
[    0.000000]   DMA zone: 1536 pages used for memmap
[    0.000000]   DMA zone: 0 pages reserved
[    0.000000]   DMA zone: 196608 pages, LIFO batch:31
[    0.000000]   HighMem zone: 327424 pages, LIFO batch:31
[    0.000000] percpu: Embedded 12 pages/cpu @eef8f000 s19776 r8192 d21184 u49152
[    0.000000] pcpu-alloc: s19776 r8192 d21184 u49152 alloc=12*4096
[    0.000000] pcpu-alloc: [0] 0 [0] 1 [0] 2 [0] 3 
[    0.000000] Built 1 zonelists in Zone order, mobility grouping on.  Total pages: 522496
[    0.000000] Kernel command line: ignore_loglevel console=ttyS0,115200n8 rw root=PARTUUID=b1791faa-84e8-4e27-83a1-9fb0a77e8803 rootwait gpt debug noinitrd earlyprintk init=/bin/bash
[    0.000000] PID hash table entries: 4096 (order: 2, 16384 bytes)
[    0.000000] Dentry cache hash table entries: 131072 (order: 7, 524288 bytes)
[    0.000000] Inode-cache hash table entries: 65536 (order: 6, 262144 bytes)
[    0.000000] Memory: 1995024K/2096128K available (9522K kernel code, 1141K rwdata, 4108K rodata, 2048K init, 341K bss, 35568K reserved, 65536K cma-reserved, 1244160K highmem)
[    0.000000] Virtual kernel memory layout:
[    0.000000]     vector  : 0xffff0000 - 0xffff1000   (   4 kB)
[    0.000000]     fixmap  : 0xffc00000 - 0xfff00000   (3072 kB)
[    0.000000]     vmalloc : 0xf0800000 - 0xff800000   ( 240 MB)
[    0.000000]     lowmem  : 0xc0000000 - 0xf0000000   ( 768 MB)
[    0.000000]     pkmap   : 0xbfe00000 - 0xc0000000   (   2 MB)
[    0.000000]     modules : 0xbf000000 - 0xbfe00000   (  14 MB)
[    0.000000]       .text : 0xc0208000 - 0xc104fa34   (14623 kB)
[    0.000000]       .init : 0xc1100000 - 0xc1300000   (2048 kB)
[    0.000000]       .data : 0xc1300000 - 0xc141d400   (1141 kB)
[    0.000000]        .bss : 0xc141f000 - 0xc1474518   ( 342 kB)
[    0.000000] SLUB: HWalign=64, Order=0-3, MinObjects=0, CPUs=4, Nodes=1
[    0.000000] Hierarchical RCU implementation.
[    0.000000] 	Build-time adjustment of leaf fanout to 32.
[    0.000000] 	RCU restricting CPUs from NR_CPUS=16 to nr_cpu_ids=4.
[    0.000000] RCU: Adjusting geometry for rcu_fanout_leaf=32, nr_cpu_ids=4
[    0.000000] NR_IRQS:16 nr_irqs:16 16
[    0.000000] /interrupt-controller@60004000: 160 interrupts forwarded to /interrupt-controller@0,50041000
[    0.000000] Tegra clk 127: register failed with -17
[    0.000007] sched_clock: 32 bits at 1000kHz, resolution 1000ns, wraps every 2147483647500ns
[    0.000031] clocksource: timer_us: mask: 0xffffffff max_cycles: 0xffffffff, max_idle_ns: 1911260446275 ns
[    0.000045] Switching to timer-based delay loop, resolution 1000ns
[    0.005071] Architected cp15 timer(s) running at 12.00MHz (virt).
[    0.005089] clocksource: arch_sys_counter: mask: 0xffffffffffffff max_cycles: 0x2c47f4ee7, max_idle_ns: 440795202497 ns
[    0.005107] sched_clock: 56 bits at 12MHz, resolution 83ns, wraps every 4398046511096ns
[    0.005120] Switching to timer-based delay loop, resolution 83ns
[    0.005560] Console: colour dummy device 80x30
[    0.005585] Calibrating delay loop (skipped), value calculated using timer frequency.. 24.00 BogoMIPS (lpj=60000)
[    0.005599] pid_max: default: 32768 minimum: 301
[    0.005696] Mount-cache hash table entries: 2048 (order: 1, 8192 bytes)
[    0.005709] Mountpoint-cache hash table entries: 2048 (order: 1, 8192 bytes)
[    0.006309] CPU: Testing write buffer coherency: ok
[    0.006529] /cpus/cpu@0 missing clock-frequency property
[    0.006566] /cpus/cpu@1 missing clock-frequency property
[    0.006604] /cpus/cpu@2 missing clock-frequency property
[    0.006642] /cpus/cpu@3 missing clock-frequency property
[    0.006655] CPU0: thread -1, cpu 0, socket 0, mpidr 80000000
[    0.006703] Setting up static identity map for 0x80300000 - 0x80300098
[    0.009740] Tegra Revision: A01 SKU: 129 CPU Process: 1 SoC Process: 1
[    0.011213] CPU1: thread -1, cpu 1, socket 0, mpidr 80000001
[    0.011887] CPU2: thread -1, cpu 2, socket 0, mpidr 80000002
[    0.012538] CPU3: thread -1, cpu 3, socket 0, mpidr 80000003
[    0.012623] Brought up 4 CPUs
[    0.012643] SMP: Total of 4 processors activated (96.00 BogoMIPS).
[    0.012650] CPU: All CPU(s) started in SVC mode.
[    0.014113] devtmpfs: initialized
[    0.032066] VFP support v0.3: implementor 41 architecture 4 part 30 variant f rev 0
[    0.032822] clocksource: jiffies: mask: 0xffffffff max_cycles: 0xffffffff, max_idle_ns: 9556302231375000 ns
[    0.034404] pinctrl core: initialized pinctrl subsystem
[    0.036223] NET: Registered protocol family 16
[    0.038292] DMA: preallocated 256 KiB pool for atomic coherent allocations
[    0.054875] cpuidle: using governor menu
[    0.072665] No ATAGs?
[    0.072700] hw-breakpoint: found 5 (+1 reserved) breakpoint and 4 watchpoint registers.
[    0.072710] hw-breakpoint: maximum watchpoint size is 8 bytes.
[    0.078799] Serial: AMBA PL011 UART driver
[    0.110856] +USB0_VBUS_SW: Failed to request enable GPIO108: -517
[    0.110872] reg-fixed-voltage regulators:regulator@7: Failed to register regulator: -517
[    0.110961] +5V_USB_HS: Failed to request enable GPIO109: -517
[    0.110975] reg-fixed-voltage regulators:regulator@8: Failed to register regulator: -517
[    0.111136] +1.05V_RUN_AVDD_HDMI_PLL: Failed to request enable GPIO63: -517
[    0.111149] reg-fixed-voltage regulators:regulator@11: Failed to register regulator: -517
[    0.111233] +5V_HDMI_CON: Failed to request enable GPIO86: -517
[    0.111245] reg-fixed-voltage regulators:regulator@12: Failed to register regulator: -517
[    0.111328] +5V_SATA: Failed to request enable GPIO242: -517
[    0.111340] reg-fixed-voltage regulators:regulator@13: Failed to register regulator: -517
[    0.111422] +12V_SATA: Failed to request enable GPIO242: -517
[    0.111435] reg-fixed-voltage regulators:regulator@14: Failed to register regulator: -517
[    0.114985] vgaarb: loaded
[    0.116021] SCSI subsystem initialized
[    0.116201] libata version 3.00 loaded.
[    0.116501] usbcore: registered new interface driver usbfs
[    0.116567] usbcore: registered new interface driver hub
[    0.116632] usbcore: registered new device driver usb
[    0.120376] pps_core: LinuxPPS API ver. 1 registered
[    0.120386] pps_core: Software ver. 5.3.6 - Copyright 2005-2007 Rodolfo Giometti <giometti@linux.it>
[    0.120414] PTP clock support registered
[    0.120641] EDAC MC: Ver: 3.0.0
[    0.123926] clocksource: Switched to clocksource arch_sys_counter
[    0.135354] NET: Registered protocol family 2
[    0.135877] TCP established hash table entries: 8192 (order: 3, 32768 bytes)
[    0.135976] TCP bind hash table entries: 8192 (order: 4, 65536 bytes)
[    0.136162] TCP: Hash tables configured (established 8192 bind 8192)
[    0.136214] UDP hash table entries: 512 (order: 2, 16384 bytes)
[    0.136255] UDP-Lite hash table entries: 512 (order: 2, 16384 bytes)
[    0.136429] NET: Registered protocol family 1
[    0.136675] RPC: Registered named UNIX socket transport module.
[    0.136685] RPC: Registered udp transport module.
[    0.136692] RPC: Registered tcp transport module.
[    0.136699] RPC: Registered tcp NFSv4.1 backchannel transport module.
[    0.136717] PCI: CLS 0 bytes, default 64
[    0.137716] hw perfevents: enabled with armv7_cortex_a15 PMU driver, 7 counters available
[    0.139376] futex hash table entries: 1024 (order: 4, 65536 bytes)
[    0.140171] workingset: timestamp_bits=28 max_order=19 bucket_order=0
[    0.151962] squashfs: version 4.0 (2009/01/31) Phillip Lougher
[    0.152835] NFS: Registering the id_resolver key type
[    0.152867] Key type id_resolver registered
[    0.152875] Key type id_legacy registered
[    0.152939] ntfs: driver 2.1.32 [Flags: R/O].
[    0.154340] bounce: pool size: 64 pages
[    0.154559] Block layer SCSI generic (bsg) driver version 0.4 loaded (major 248)
[    0.154577] io scheduler noop registered
[    0.154591] io scheduler deadline registered
[    0.154627] io scheduler cfq registered (default)
[    0.175110] tegra-pcie 1003000.pcie-controller: 2x1, 1x1 configuration
[    0.175162] tegra-pcie 1003000.pcie-controller: Failed to get supply 'avddio-pex': -517
[    0.182528] tegra-apbdma 60020000.dma: Tegra20 APB DMA driver register 32 channels
[    0.184560] tegra-pmc 7000e400.pmc: emergency thermal reset enabled
[    0.247115] Serial: 8250/16550 driver, 4 ports, IRQ sharing disabled
[    0.250157] console [ttyS0] disabled
[    0.250192] 70006300.serial: ttyS0 at MMIO 0x70006300 (irq = 333, base_baud = 25500000) is a Tegra
[    1.073306] console [ttyS0] enabled
[    1.077699] SuperH (H)SCI(F) driver initialized
[    1.083287] msm_serial: driver initialized
[    1.087608] STMicroelectronics ASC driver initialized
[    1.095227] [drm] Initialized drm 1.1.0 20060810
[    1.102887] tegra-hdmi 54280000.hdmi: failed to get HDMI regulator
[    1.122268] brd: module loaded
[    1.131347] loop: module loaded
[    1.135075] at24 0-0056: 256 byte 24c02 EEPROM, writable, 8 bytes/write
[    1.143320] as3722 4-0040: AS3722 with revision 0x1 found
[    1.166819] +5V_SYS: supplied by +VDD_MUX
[    1.170888] +1.05V_RUN: supplied by +5V_SYS
[    1.175201] tegra-ahci 70027000.sata: Failed to get supply 'hvdd': -517
[    1.181873] tegra-ahci 70027000.sata: Failed to get regulators
[    1.202732] m25p80 spi32765.0: w25q32dw (4096 Kbytes)
[    1.211253] libphy: Fixed MDIO Bus: probed
[    1.216099] CAN device driver interface
[    1.222131] igb: Intel(R) Gigabit Ethernet Network Driver - version 5.3.0-k
[    1.229098] igb: Copyright (c) 2007-2014 Intel Corporation.
[    1.238247] pegasus: v0.9.3 (2013/04/25), Pegasus/Pegasus II USB Ethernet driver
[    1.245701] usbcore: registered new interface driver pegasus
[    1.251430] usbcore: registered new interface driver asix
[    1.256885] usbcore: registered new interface driver ax88179_178a
[    1.263038] usbcore: registered new interface driver cdc_ether
[    1.268959] usbcore: registered new interface driver smsc75xx
[    1.274776] usbcore: registered new interface driver smsc95xx
[    1.280579] usbcore: registered new interface driver net1080
[    1.286293] usbcore: registered new interface driver cdc_subset
[    1.292264] usbcore: registered new interface driver zaurus
[    1.297921] usbcore: registered new interface driver cdc_ncm
[    1.303843] tegra-phy 7d004000.usb-phy: no vbus regulator
[    1.311188] ehci_hcd: USB 2.0 'Enhanced' Host Controller (EHCI) Driver
[    1.317730] ehci-pci: EHCI PCI platform driver
[    1.322231] ehci-platform: EHCI generic platform driver
[    1.327683] ehci-omap: OMAP-EHCI Host Controller driver
[    1.333067] ehci-orion: EHCI orion driver
[    1.337243] SPEAr-ehci: EHCI SPEAr driver
[    1.341418] ehci-st: EHCI STMicroelectronics driver
[    1.346461] ehci-exynos: EHCI EXYNOS driver
[    1.350827] ehci-atmel: EHCI Atmel driver
[    1.354999] tegra-ehci: Tegra EHCI driver
[    1.359346] tegra-ehci 7d004000.usb: EHCI Host Controller
[    1.364778] tegra-ehci 7d004000.usb: new USB bus registered, assigned bus number 1
[    1.372524] tegra-ehci 7d004000.usb: irq 350, io mem 0x7d004000
[    1.383947] tegra-ehci 7d004000.usb: USB 2.0 started, EHCI 1.10
[    1.390727] hub 1-0:1.0: USB hub found
[    1.394526] hub 1-0:1.0: 1 port detected
[    1.399095] ohci_hcd: USB 1.1 'Open' Host Controller (OHCI) Driver
[    1.405295] ohci-pci: OHCI PCI platform driver
[    1.409803] ohci-platform: OHCI generic platform driver
[    1.415230] ohci-omap3: OHCI OMAP3 driver
[    1.419404] SPEAr-ohci: OHCI SPEAr driver
[    1.423564] ohci-st: OHCI STMicroelectronics driver
[    1.428607] ohci-atmel: OHCI Atmel driver
[    1.433454] usbcore: registered new interface driver usb-storage
[    1.441254] mousedev: PS/2 mouse device common for all mice
[    1.450395] as3722-rtc as3722-rtc: rtc core: registered as3722-rtc as rtc0
[    1.457281] as3722-rtc as3722-rtc: RTC interrupt 373
[    1.465659] tegra_rtc 7000e000.rtc: rtc core: registered 7000e000.rtc as rtc1
[    1.472841] tegra_rtc 7000e000.rtc: Tegra internal Real Time Clock
[    1.479636] i2c /dev entries driver
[    1.489702] 0-004c supply vcc not found, using dummy regulator
[    1.504814] sdhci: Secure Digital Host Controller Interface driver
[    1.511005] sdhci: Copyright(c) Pierre Ossman
[    1.517124] Synopsys Designware Multimedia Card Interface Driver
[    1.524399] sdhci-pltfm: SDHCI platform and OF driver helper
[    1.530876] sdhci-tegra 700b0400.sdhci: Got CD GPIO
[    1.535789] sdhci-tegra 700b0400.sdhci: Got WP GPIO
[    1.540728] mmc0: Unknown controller version (3). You may experience problems.
[    1.548314] mmc0: Unknown controller version (3). You may experience problems.
[    1.555627] mmc0: Invalid maximum block size, assuming 512 bytes
[    1.593946] mmc0: SDHCI controller on 700b0600.sdhci [700b0600.sdhci] using ADMA 64-bit
[    1.603962] ledtrig-cpu: registered to indicate activity on CPUs
[    1.610377] usbcore: registered new interface driver usbhid
[    1.615957] usbhid: USB HID core driver
[    1.628602] NET: Registered protocol family 10
[    1.633814] sit: IPv6 over IPv4 tunneling driver
[    1.639292] NET: Registered protocol family 17
[    1.643743] can: controller area network core (rev 20120528 abi 9)
[    1.649997] NET: Registered protocol family 29
[    1.654458] can: raw protocol (rev 20120528)
[    1.658726] can: broadcast manager protocol (rev 20120528 t)
[    1.664408] can: netlink gateway (rev 20130117) max_hops=1
[    1.670313] Key type dns_resolver registered
[    1.675305] ThumbEE CPU extension supported.
[    1.679604] Registering SWP/SWPB emulation handler
[    1.696472] tegra-pcie 1003000.pcie-controller: 2x1, 1x1 configuration
[    1.703371] +3.3V_SYS: supplied by +VDD_MUX
[    1.707637] +3.3V_LP0: supplied by +3.3V_SYS
[    1.712285] +1.35V_LP0(sd2): supplied by +5V_SYS
[    1.716999] +1.05V_RUN_AVDD: supplied by +1.35V_LP0(sd2)
[    1.724416] tegra-pcie 1003000.pcie-controller: probing port 0, using 2 lanes
[    1.733677] tegra-pcie 1003000.pcie-controller: Slot present pin change, signature: 00000008
[    1.746747] mmc0: new high speed MMC card at address 0001
[    1.753166] mmcblk0: mmc0:0001 SEM16G 14.7 GiB 
[    1.756750] tegra-pcie 1003000.pcie-controller: probing port 1, using 1 lanes
[    1.764909] tegra-pcie 1003000.pcie-controller: Slot present pin change, signature: 00000000
[    1.773890] tegra-pcie 1003000.pcie-controller: PCI host bridge to bus 0000:00
[    1.781181] pci_bus 0000:00: root bus resource [io  0x0000-0xffff]
[    1.781687] mmcblk0boot0: mmc0:0001 SEM16G partition 1 4.00 MiB
[    1.782756] mmcblk0boot1: mmc0:0001 SEM16G partition 2 4.00 MiB
[    1.783969] mmcblk0rpmb: mmc0:0001 SEM16G partition 3 4.00 MiB
[    1.795656]  mmcblk0: p1
[    1.807678] pci_bus 0000:00: root bus resource [mem 0x13000000-0x1fffffff]
[    1.814593] pci_bus 0000:00: root bus resource [mem 0x20000000-0x3fffffff pref]
[    1.821945] pci_bus 0000:00: root bus resource [bus 00-ff]
[    1.827512] pci 0000:00:01.0: [10de:0e12] type 01 class 0x060400
[    1.833688] pci 0000:00:01.0: PME# supported from D0 D1 D2 D3hot D3cold
[    1.840708] pci 0000:00:02.0: [10de:0e13] type 01 class 0x060400
[    1.846885] pci 0000:00:02.0: PME# supported from D0 D1 D2 D3hot D3cold
[    1.853960] PCI: bus0: Fast back to back transfers disabled
[    1.859582] pci 0000:00:01.0: bridge configuration invalid ([bus 00-00]), reconfiguring
[    1.867638] pci 0000:00:02.0: bridge configuration invalid ([bus 00-00]), reconfiguring
[    1.875945] pci 0000:01:00.0: [8086:4232] type 00 class 0x028000
[    1.882044] pci 0000:01:00.0: reg 0x10: [mem 0x00000000-0x00001fff 64bit]
[    1.889123] pci 0000:01:00.0: PME# supported from D0 D3hot D3cold
[    1.904090] PCI: bus1: Fast back to back transfers disabled
[    1.909716] pci_bus 0000:01: busn_res: [bus 01-ff] end is updated to 01
[    1.916613] pci 0000:02:00.0: [10ec:8168] type 00 class 0x020000
[    1.922663] pci 0000:02:00.0: reg 0x10: [io  0x0000-0x00ff]
[    1.928275] pci 0000:02:00.0: reg 0x18: [mem 0x00000000-0x00000fff 64bit]
[    1.935090] pci 0000:02:00.0: reg 0x20: [mem 0x00000000-0x00003fff 64bit pref]
[    1.942459] pci 0000:02:00.0: supports D1 D2
[    1.946739] pci 0000:02:00.0: PME# supported from D0 D1 D2 D3hot D3cold
[    1.959069] PCI: bus2: Fast back to back transfers disabled
[    1.964668] pci_bus 0000:02: busn_res: [bus 02-ff] end is updated to 02
[    1.971432] pci 0000:00:01.0: BAR 8: assigned [mem 0x13000000-0x130fffff]
[    1.978233] pci 0000:00:02.0: BAR 8: assigned [mem 0x13100000-0x131fffff]
[    1.985031] pci 0000:00:02.0: BAR 9: assigned [mem 0x20000000-0x200fffff 64bit pref]
[    1.992779] pci 0000:00:02.0: BAR 7: assigned [io  0x1000-0x1fff]
[    1.998885] pci 0000:01:00.0: BAR 0: assigned [mem 0x13000000-0x13001fff 64bit]
[    2.006225] pci 0000:00:01.0: PCI bridge to [bus 01]
[    2.011203] pci 0000:00:01.0:   bridge window [mem 0x13000000-0x130fffff]
[    2.018008] pci 0000:02:00.0: BAR 4: assigned [mem 0x20000000-0x20003fff 64bit pref]
[    2.025775] pci 0000:02:00.0: BAR 2: assigned [mem 0x13100000-0x13100fff 64bit]
[    2.033108] pci 0000:02:00.0: BAR 0: assigned [io  0x1000-0x10ff]
[    2.039215] pci 0000:00:02.0: PCI bridge to [bus 02]
[    2.044189] pci 0000:00:02.0:   bridge window [io  0x1000-0x1fff]
[    2.050292] pci 0000:00:02.0:   bridge window [mem 0x13100000-0x131fffff]
[    2.057087] pci 0000:00:02.0:   bridge window [mem 0x20000000-0x200fffff 64bit pref]
[    2.064860] pci 0000:00:01.0: nv_msi_ht_cap_quirk didn't locate host bridge
[    2.071939] pcieport 0000:00:01.0: enabling device (0140 -> 0142)
[    2.078269] pcieport 0000:00:01.0: Signaling PME through PCIe PME interrupt
[    2.085240] pci 0000:01:00.0: Signaling PME through PCIe PME interrupt
[    2.091776] pcie_pme 0000:00:01.0:pcie01: service driver pcie_pme loaded
[    2.098551] pci 0000:00:02.0: nv_msi_ht_cap_quirk didn't locate host bridge
[    2.105593] pcieport 0000:00:02.0: enabling device (0140 -> 0143)
[    2.111893] pcieport 0000:00:02.0: Signaling PME through PCIe PME interrupt
[    2.118863] pci 0000:02:00.0: Signaling PME through PCIe PME interrupt
[    2.125399] pcie_pme 0000:00:02.0:pcie01: service driver pcie_pme loaded
[    2.132369] r8169 Gigabit Ethernet driver 2.3LK-NAPI loaded
[    2.137968] r8169 0000:02:00.0: enabling device (0140 -> 0143)
[    2.155766] r8169 0000:02:00.0 eth0: RTL8168g/8111g at 0xf0a1c000, 00:04:4b:3a:d9:81, XID 0c000800 IRQ 391
[    2.165453] r8169 0000:02:00.0 eth0: jumbo features [frames: 9200 bytes, tx checksumming: ko]
[    2.174945] +5V_HDMI_CON: supplied by +5V_SYS
[    2.179467] +1.05V_RUN_AVDD_HDMI_PLL: supplied by +1.05V_RUN
[    2.185395] +3.3V_RUN: supplied by +3.3V_SYS
[    2.189774] +3.3V_AVDD_HDMI_AP_GATED: supplied by +3.3V_RUN
[    2.198157] [drm] Supports vblank timestamp caching Rev 2 (21.10.2013).
[    2.204809] [drm] No driver support for vblank timestamp query.
[    2.329533] tegra-hdmi 54280000.hdmi: cannot set audio to 44100 at 297000000 pclk
[    2.499605] Console: switching to colour frame buffer device 512x135
[    2.594402] drm drm: fb0:  frame buffer device
[    2.609065] [drm] Initialized tegra 0.0.0 20120330 on minor 0
[    2.616180] +5V_SATA: supplied by +5V_SYS
[    2.620333] +12V_SATA: supplied by +VDD_MUX
[    2.625325] tegra-ahci 70027000.sata: AHCI 0001.0301 32 slots 2 ports 3 Gbps 0x1 impl platform mode
[    2.634402] tegra-ahci 70027000.sata: flags: 64bit ncq sntf pm led pio slum part sadm sds apst 
[    2.645733] scsi host0: tegra-ahci
[    2.650486] scsi host1: tegra-ahci
[    2.654281] ata1: SATA max UDMA/133 mmio [mem 0x70027000-0x70028fff] port 0x100 irq 343
[    2.662293] ata2: DUMMY
[    2.666381] +5V_USB_HS: supplied by +5V_SYS
[    2.672202] tegra-ehci 7d008000.usb: EHCI Host Controller
[    2.677637] tegra-ehci 7d008000.usb: new USB bus registered, assigned bus number 2
[    2.685408] tegra-ehci 7d008000.usb: irq 351, io mem 0x7d008000
[    2.699049] tegra-ehci 7d008000.usb: USB 2.0 started, EHCI 1.10
[    2.706183] hub 2-0:1.0: USB hub found
[    2.710085] hub 2-0:1.0: 1 port detected
[    2.715940] cpu: dev_pm_opp_of_cpumask_add_table: couldn't find opp table for cpu:0, -19
[    2.724128] cpufreq: cpufreq_online: CPU0: Running at unlisted freq: 696000 KHz
[    2.731507] cpufreq: cpufreq_online: CPU0: Unlisted initial frequency changed to: 714000 KHz
[    2.741404] sdhci-tegra 700b0400.sdhci: Got CD GPIO
[    2.746326] sdhci-tegra 700b0400.sdhci: Got WP GPIO
[    2.751278] mmc1: Unknown controller version (3). You may experience problems.
[    2.758614] +VDDIO_SDMMC3: supplied by +3.3V_RUN
[    2.763306] mmc1: Invalid maximum block size, assuming 512 bytes
[    2.804199] mmc1: SDHCI controller on 700b0400.sdhci [700b0400.sdhci] using ADMA 64-bit
[    2.812842] input: gpio-keys as /devices/soc0/gpio-keys/input/input0
[    2.820045] as3722-rtc as3722-rtc: setting system clock to 2000-01-01 00:00:47 UTC (946684847)
[    2.832122] +1.8V_RUN_CAM: disabling
[    2.835907] +2.8V_RUN_CAM: disabling
[    2.839655] +1.2V_RUN_CAM_FRONT: disabling
[    2.843900] +1.05V_RUN_CAM_REAR: disabling
[    2.848200] +3.3V_RUN_TOUCH: disabling
[    2.852119] +2.8V_RUN_CAM_AF: disabling
[    2.856119] +1.8V_RUN_VPP_FUSE: disabling
[    2.860294] +USB0_VBUS_SW: disabling
[    2.976390] ata1: SATA link down (SStatus 0 SControl 300)
[    2.982657] EXT4-fs (mmcblk0p1): mounting ext3 file system using the ext4 subsystem
[    3.003881] EXT4-fs (mmcblk0p1): recovery complete
[    3.008695] EXT4-fs (mmcblk0p1): mounted filesystem with ordered data mode. Opts: (null)
[    3.016808] VFS: Mounted root (ext3 filesystem) on device 179:1.
[    3.027121] devtmpfs: mounted
[    3.030747] Freeing unused kernel memory: 2048K (c1100000 - c1300000)
[    3.063324] mmc1: new high speed SDHC card at address aaaa
[    3.069721] mmcblk1: mmc1:aaaa SD04G 3.69 GiB 
[    3.085705]  mmcblk1: p1 p2 p3
bash: cannot set terminal process group (-1): Inappropriate ioctl for device
bash: no job control in this shell
root@(none):/# mount -t sysfs none /sys
root@(none):/# 
root@(none):/# mount -t debugfs none /sys/kernel/debug
root@(none):/# 
root@(none):/# rtcwake -d rtc1 -m mem -s 3
rtcwake: assuming RTC uses UTC ...
rtcwake: wakeup from "mem" using /dev/rtc1 at Thu Jan  1 00:00:19 1970
[    6.482904] PM: Syncing filesystems ... done.
[    6.661538] Freezing user space processes ... (elapsed 0.001 seconds) done.
[    6.670172] Freezing remaining freezable tasks ... (elapsed 0.001 seconds) done.
[    6.679324] Suspending console(s) (use no_console_suspend to debug)
[    6.781697] PM: suspend of devices complete after 93.422 msecs
[    6.787817] PM: late suspend of devices complete after 6.094 msecs
[    6.806979] PM: noirq suspend of devices complete after 19.143 msecs
[    6.806986] Disabling non-boot CPUs ...
[    6.808690] CPU1: shutdown
[    6.839203] CPU2: shutdown
[    6.858317] CPU3: shutdown
[    6.876353] Entering suspend state LP1
[    6.876367] Enabling non-boot CPUs ...
[    6.899738] CPU1 is up
[    6.924808] CPU2 is up
[    6.949955] CPU3 is up
[    6.950801] pcieport 0000:00:01.0: nv_msi_ht_cap_quirk didn't locate host bridge
[    6.950803] pcieport 0000:00:02.0: nv_msi_ht_cap_quirk didn't locate host bridge
[    6.964009] PM: noirq resume of devices complete after 14.049 msecs
[    6.965106] PM: early resume of devices complete after 0.774 msecs
[    6.967996] tegra-hdmi 54280000.hdmi: cannot set audio to 44100 at 297000000 pclk
[    7.048196] PM: resume of devices complete after 83.081 msecs
[    7.134110] Restarting tasks ... done.
root@(none):/# 
root@(none):/# [    7.361563] ata1: SATA link down (SStatus 0 SControl 300)
rtcwake -d rtc1 -m mem -s 3
rtcwake: assuming RTC uses UTC ...
rtcwake: wakeup from "mem" using /dev/rtc1 at Thu Jan  1 00:00:24 1970
[    8.448055] PM: Syncing filesystems ... done.
[    8.625101] Freezing user space processes ... (elapsed 0.001 seconds) done.
[    8.633715] Freezing remaining freezable tasks ... (elapsed 0.001 seconds) done.
[    8.642866] Suspending console(s) (use no_console_suspend to debug)
[    8.746656] PM: suspend of devices complete after 94.844 msecs
[    8.751657] PM: late suspend of devices complete after 4.977 msecs
[    8.766961] PM: noirq suspend of devices complete after 15.286 msecs
[    8.766969] Disabling non-boot CPUs ...
[    8.767932] IRQ16 no longer affine to CPU1
[    8.768657] CPU1: shutdown
[    8.794156] CPU2: shutdown
[    8.813273] CPU3: shutdown
[    8.831321] Entering suspend state LP1
[    8.831334] Enabling non-boot CPUs ...
[    8.854718] CPU1 is up
[    8.879779] CPU2 is up
[    8.904922] CPU3 is up
[    8.905735] pcieport 0000:00:01.0: nv_msi_ht_cap_quirk didn't locate host bridge
[    8.905824] pcieport 0000:00:02.0: nv_msi_ht_cap_quirk didn't locate host bridge
[    8.918982] PM: noirq resume of devices complete after 14.054 msecs
[    8.920797] PM: early resume of devices complete after 1.487 msecs
[    8.923311] tegra-hdmi 54280000.hdmi: cannot set audio to 44100 at 297000000 pclk
[    9.003599] PM: resume of devices complete after 82.793 msecs
[    9.093855] Restarting tasks ... done.
root@(none):/# 
root@(none):/# [    9.316479] ata1: SATA link down (SStatus 0 SControl 300)
rtcwake -d rtc1 -m mem -s 3
rtcwake: assuming RTC uses UTC ...
rtcwake: wakeup from "mem" using /dev/rtc1 at Thu Jan  1 00:00:29 1970
[   10.411208] PM: Syncing filesystems ... done.
[   10.673074] Freezing user space processes ... (elapsed 0.001 seconds) done.
[   10.681617] Freezing remaining freezable tasks ... (elapsed 0.001 seconds) done.
[   10.690304] Suspending console(s) (use no_console_suspend to debug)
[   10.780506] PM: suspend of devices complete after 83.223 msecs
[   10.782369] PM: late suspend of devices complete after 1.853 msecs
[   10.794603] PM: noirq suspend of devices complete after 12.229 msecs
[   10.794606] Disabling non-boot CPUs ...
[   10.795063] CPU1: shutdown
[   10.810255] CPU2: shutdown
[   10.824831] IRQ16 no longer affine to CPU3
[   10.825059] CPU3: shutdown
[   10.839453] Entering suspend state LP1
[   10.839466] Enabling non-boot CPUs ...
[   10.864698] CPU1 is up
[   10.889764] CPU2 is up
[   10.914898] CPU3 is up
[   10.915724] pcieport 0000:00:02.0: nv_msi_ht_cap_quirk didn't locate host bridge
[   10.915726] pcieport 0000:00:01.0: nv_msi_ht_cap_quirk didn't locate host bridge
[   10.928957] PM: noirq resume of devices complete after 14.054 msecs
[   10.930802] PM: early resume of devices complete after 1.529 msecs
[   10.933513] tegra-hdmi 54280000.hdmi: cannot set audio to 44100 at 297000000 pclk
[   11.013751] PM: resume of devices complete after 82.940 msecs
[   11.104047] Restarting tasks ... done.
root@(none):/# 
root@(none):/# [   11.326529] ata1: SATA link down (SStatus 0 SControl 300)
rtcwake -d rtc1 -m mem -s 3
rtcwake: assuming RTC uses UTC ...
rtcwake: wakeup from "mem" using /dev/rtc1 at Thu Jan  1 00:00:34 1970
[   12.421868] PM: Syncing filesystems ... done.
[   12.683358] Freezing user space processes ... (elapsed 0.001 seconds) done.
[   12.691895] Freezing remaining freezable tasks ... (elapsed 0.001 seconds) done.
[   12.700648] Suspending console(s) (use no_console_suspend to debug)
[   12.790454] PM: suspend of devices complete after 82.821 msecs
[   12.792302] PM: late suspend of devices complete after 1.838 msecs
[   12.804579] PM: noirq suspend of devices complete after 12.271 msecs
[   12.804581] Disabling non-boot CPUs ...
[   12.805064] CPU1: shutdown
[   12.819992] IRQ16 no longer affine to CPU2
[   12.820224] CPU2: shutdown
[   12.840004] CPU3: shutdown
[   12.854443] Entering suspend state LP1
[   12.854457] Enabling non-boot CPUs ...
[   12.879676] CPU1 is up
[   12.904736] CPU2 is up
[   12.929872] CPU3 is up
[   12.930708] pcieport 0000:00:02.0: nv_msi_ht_cap_quirk didn't locate host bridge
[   12.930710] pcieport 0000:00:01.0: nv_msi_ht_cap_quirk didn't locate host bridge
[   12.943933] PM: noirq resume of devices complete after 14.055 msecs
[   12.945370] PM: early resume of devices complete after 1.112 msecs
[   12.947678] tegra-hdmi 54280000.hdmi: cannot set audio to 44100 at 297000000 pclk
[   13.028076] PM: resume of devices complete after 82.695 msecs
[   13.118243] Restarting tasks ... done.
root@(none):/# 
root@(none):/# [   13.336471] ata1: SATA link down (SStatus 0 SControl 300)
rtcwake -d rtc1 -m mem -s 3
rtcwake: assuming RTC uses UTC ...
rtcwake: wakeup from "mem" using /dev/rtc1 at Thu Jan  1 00:00:39 1970
[   14.437841] PM: Syncing filesystems ... done.
[   14.571726] Freezing user space processes ... (elapsed 0.001 seconds) done.
[   14.580271] Freezing remaining freezable tasks ... (elapsed 0.001 seconds) done.
[   14.589359] Suspending console(s) (use no_console_suspend to debug)
[   14.681110] PM: suspend of devices complete after 83.461 msecs
[   14.685315] PM: late suspend of devices complete after 4.185 msecs
[   14.701155] PM: noirq suspend of devices complete after 15.825 msecs
[   14.701160] Disabling non-boot CPUs ...
[   14.702419] CPU1: shutdown
[   14.727323] IRQ16 no longer affine to CPU2
[   14.727903] CPU2: shutdown
[   14.742272] CPU3: shutdown
[   14.755613] Entering suspend state LP1
[   14.755627] Enabling non-boot CPUs ...
[   14.779635] CPU1 is up
[   14.804711] CPU2 is up
[   14.829850] CPU3 is up
[   14.830652] pcieport 0000:00:02.0: nv_msi_ht_cap_quirk didn't locate host bridge
[   14.830719] pcieport 0000:00:01.0: nv_msi_ht_cap_quirk didn't locate host bridge
[   14.843905] PM: noirq resume of devices complete after 14.049 msecs
[   14.845673] PM: early resume of devices complete after 1.433 msecs
[   14.848612] tegra-hdmi 54280000.hdmi: cannot set audio to 44100 at 297000000 pclk
[   14.928856] PM: resume of devices complete after 83.171 msecs
[   15.019012] Restarting tasks ... done.
root@(none):/# 
root@(none):/# [   15.241460] ata1: SATA link down (SStatus 0 SControl 300)
rtcwake -d rtc1 -m mem -s 3
rtcwake: assuming RTC uses UTC ...
rtcwake: wakeup from "mem" using /dev/rtc1 at Thu Jan  1 00:00:44 1970
[   16.331116] PM: Syncing filesystems ... done.
[   16.545888] Freezing user space processes ... (elapsed 0.001 seconds) done.
[   16.554097] Freezing remaining freezable tasks ... (elapsed 0.001 seconds) done.
[   16.562720] Suspending console(s) (use no_console_suspend to debug)
[   16.665244] PM: suspend of devices complete after 95.651 msecs
[   16.666735] PM: late suspend of devices complete after 1.482 msecs
[   16.679393] PM: noirq suspend of devices complete after 12.653 msecs
[   16.679395] Disabling non-boot CPUs ...
[   16.679794] CPU1: shutdown
[   16.694724] IRQ16 no longer affine to CPU2
[   16.694928] CPU2: shutdown
[   16.709736] CPU3: shutdown
[   16.724270] Entering suspend state LP1
[   16.724283] Enabling non-boot CPUs ...
[   16.749506] CPU1 is up
[   16.774550] CPU2 is up
[   16.799666] CPU3 is up
[   16.800364] pcieport 0000:00:01.0: nv_msi_ht_cap_quirk didn't locate host bridge
[   16.800427] pcieport 0000:00:02.0: nv_msi_ht_cap_quirk didn't locate host bridge
[   16.813877] PM: noirq resume of devices complete after 14.206 msecs
[   16.815488] PM: early resume of devices complete after 1.304 msecs
[   16.818119] tegra-hdmi 54280000.hdmi: cannot set audio to 44100 at 297000000 pclk
[   16.893079] PM: resume of devices complete after 77.584 msecs
[   16.983159] Restarting tasks ... done.
root@(none):/# 
root@(none):/# [   17.211450] ata1: SATA link down (SStatus 0 SControl 300)
rtcwake -d rtc1 -m mem -s 3
rtcwake: assuming RTC uses UTC ...
rtcwake: wakeup from "mem" using /dev/rtc1 at Thu Jan  1 00:00:49 1970
[   18.295674] PM: Syncing filesystems ... done.
[   18.472336] Freezing user space processes ... (elapsed 0.001 seconds) done.
[   18.481025] Freezing remaining freezable tasks ... (elapsed 0.001 seconds) done.
[   18.490221] Suspending console(s) (use no_console_suspend to debug)
[   18.595816] PM: suspend of devices complete after 96.631 msecs
[   18.600532] PM: late suspend of devices complete after 4.689 msecs
[   18.616833] PM: noirq suspend of devices complete after 16.283 msecs
[   18.616840] Disabling non-boot CPUs ...
[   18.618375] CPU1: shutdown
[   18.634099] CPU2: shutdown
[   18.653278] CPU3: shutdown
[   18.671141] Entering suspend state LP1
[   18.671154] Enabling non-boot CPUs ...
[   18.694588] CPU1 is up
[   18.719658] CPU2 is up
[   18.744804] CPU3 is up
[   18.745575] pcieport 0000:00:01.0: nv_msi_ht_cap_quirk didn't locate host bridge
[   18.745638] pcieport 0000:00:02.0: nv_msi_ht_cap_quirk didn't locate host bridge
[   18.758855] PM: noirq resume of devices complete after 14.045 msecs
[   18.759938] PM: early resume of devices complete after 0.755 msecs
[   18.762913] tegra-hdmi 54280000.hdmi: cannot set audio to 44100 at 297000000 pclk
[   18.843281] PM: resume of devices complete after 83.333 msecs
[   18.929495] Restarting tasks ... done.
root@(none):/# 
root@(none):/# [   19.156429] ata1: SATA link down (SStatus 0 SControl 300)
rtcwake -d rtc1 -m mem -s 3
rtcwake: assuming RTC uses UTC ...
rtcwake: wakeup from "mem" using /dev/rtc1 at Thu Jan  1 00:00:54 1970
[   20.244757] PM: Syncing filesystems ... done.
[   20.378909] Freezing user space processes ... (elapsed 0.001 seconds) done.
[   20.387380] Freezing remaining freezable tasks ... (elapsed 0.001 seconds) done.
[   20.396430] Suspending console(s) (use no_console_suspend to debug)
[   20.496116] PM: suspend of devices complete after 91.375 msecs
[   20.499961] PM: late suspend of devices complete after 3.826 msecs
[   20.516105] PM: noirq suspend of devices complete after 16.129 msecs
[   20.516110] Disabling non-boot CPUs ...
[   20.516828] IRQ16 no longer affine to CPU1
[   20.517420] CPU1: shutdown
[   20.542753] CPU2: shutdown
[   20.557225] CPU3: shutdown
[   20.570545] Entering suspend state LP1
[   20.570559] Enabling non-boot CPUs ...
[   20.594577] CPU1 is up
[   20.619642] CPU2 is up
[   20.644777] CPU3 is up
[   20.645603] pcieport 0000:00:02.0: nv_msi_ht_cap_quirk didn't locate host bridge
[   20.645606] pcieport 0000:00:01.0: nv_msi_ht_cap_quirk didn't locate host bridge
[   20.658835] PM: noirq resume of devices complete after 14.053 msecs
[   20.660324] PM: early resume of devices complete after 1.177 msecs
[   20.662973] tegra-hdmi 54280000.hdmi: cannot set audio to 44100 at 297000000 pclk
[   20.744195] PM: resume of devices complete after 83.862 msecs
[   20.834387] Restarting tasks ... done.
root@(none):/# 
root@(none):/# [   21.056401] ata1: SATA link down (SStatus 0 SControl 300)
rtcwake -d rtc1 -m mem -s 3
rtcwake: assuming RTC uses UTC ...
rtcwake: wakeup from "mem" using /dev/rtc1 at Thu Jan  1 00:00:59 1970
[   22.147136] PM: Syncing filesystems ... done.
[   22.409229] Freezing user space processes ... (elapsed 0.001 seconds) done.
[   22.417787] Freezing remaining freezable tasks ... (elapsed 0.001 seconds) done.
[   22.426516] Suspending console(s) (use no_console_suspend to debug)
[   22.520144] PM: suspend of devices complete after 86.689 msecs
[   22.521753] PM: late suspend of devices complete after 1.599 msecs
[   22.534400] PM: noirq suspend of devices complete after 12.642 msecs
[   22.534402] Disabling non-boot CPUs ...
[   22.534845] CPU1: shutdown
[   22.550011] CPU2: shutdown
[   22.564815] CPU3: shutdown
[   22.579280] Entering suspend state LP1
[   22.579294] Enabling non-boot CPUs ...
[   22.604542] CPU1 is up
[   22.629615] CPU2 is up
[   22.654754] CPU3 is up
[   22.655584] pcieport 0000:00:02.0: nv_msi_ht_cap_quirk didn't locate host bridge
[   22.655586] pcieport 0000:00:01.0: nv_msi_ht_cap_quirk didn't locate host bridge
[   22.668812] PM: noirq resume of devices complete after 14.052 msecs
[   22.670701] PM: early resume of devices complete after 1.575 msecs
[   22.672898] tegra-hdmi 54280000.hdmi: cannot set audio to 44100 at 297000000 pclk
[   22.753352] PM: resume of devices complete after 82.641 msecs
[   22.839567] Restarting tasks ... done.
root@(none):/# 
root@(none):/# [   23.066383] ata1: SATA link down (SStatus 0 SControl 300)
rtcwake -d rtc1 -m mem -s 3
rtcwake: assuming RTC uses UTC ...
rtcwake: wakeup from "mem" using /dev/rtc1 at Thu Jan  1 00:01:04 1970
[   24.156901] PM: Syncing filesystems ... done.
[   24.418934] Freezing user space processes ... (elapsed 0.001 seconds) done.
[   24.427397] Freezing remaining freezable tasks ... (elapsed 0.001 seconds) done.
[   24.436130] Suspending console(s) (use no_console_suspend to debug)
[   24.530285] PM: suspend of devices complete after 87.219 msecs
[   24.532071] PM: late suspend of devices complete after 1.776 msecs
[   24.544472] PM: noirq suspend of devices complete after 12.393 msecs
[   24.544474] Disabling non-boot CPUs ...
[   24.544709] IRQ16 no longer affine to CPU1
[   24.544915] CPU1: shutdown
[   24.569983] CPU2: shutdown
[   24.594776] CPU3: shutdown
[   24.609255] Entering suspend state LP1
[   24.609269] Enabling non-boot CPUs ...
[   24.634517] CPU1 is up
[   24.659588] CPU2 is up
[   24.684732] CPU3 is up
[   24.685552] pcieport 0000:00:02.0: nv_msi_ht_cap_quirk didn't locate host bridge
[   24.685555] pcieport 0000:00:01.0: nv_msi_ht_cap_quirk didn't locate host bridge
[   24.698789] PM: noirq resume of devices complete after 14.052 msecs
[   24.700443] PM: early resume of devices complete after 1.309 msecs
[   24.702684] tegra-hdmi 54280000.hdmi: cannot set audio to 44100 at 297000000 pclk
[   24.783115] PM: resume of devices complete after 82.661 msecs
[   24.873376] Restarting tasks ... done.
root@(none):/# 
root@(none):/# [   25.096374] ata1: SATA link down (SStatus 0 SControl 300)
NVTB SYSTEM SUSPEND TEST COMPLETE
