
U-Boot SPL 2014.01-00219-gc4d376f (Feb 18 2014 - 19:57:18)


U-Boot 2014.01-00219-gc4d376f (Feb 18 2014 - 19:57:18)

TEGRA30
Board: NVIDIA Beaver
I2C:   ready
DRAM:  2 GiB
MMC:   Tegra SD/MMC: 0, Tegra SD/MMC: 1
In:    serial
Out:   serial
Err:   serial
Net:   Net Initialization Skipped
No ethernet found.
Hit any key to stop autoboot:  2  0 
Tegra30 (Beaver) # 
Tegra30 (Beaver) # usb reset
(Re)start USB...
USB0:   USB EHCI 1.00
scanning bus 0 for devices... 2 USB Device(s) found
       scanning usb for storage devices... 0 Storage Device(s) found
       scanning usb for ethernet devices... 
Warning: asx0 using MAC address from net device
1 Ethernet Device(s) found
Tegra30 (Beaver) # setenv bootargs 'ignore_loglevel console=ttyS0,115200n8 rw root=PARTUUID=edbe1840-3633-c751-7993-b0ac834f81e0 rootwait gpt debug noinitrd earlyprintk init=/bin/bash'
Tegra30 (Beaver) # setenv ipaddr 192.168.100.101; setenv serverip 192.168.100.1; setenv tftpserverip 192.168.100.1
Tegra30 (Beaver) # tftpboot 0x81000000 zImage.multi_v7_defconfig
Using asx0 device
TFTP from server 192.168.100.1; our IP address is 192.168.100.101
Filename 'zImage.multi_v7_defconfig'.
Load address: 0x81000000
Loading: *#################################################################
	 #################################################################
	 #################################################################
	 #################################################################
	 #################################################################
	 #################################################################
	 #################################################################
	 #################################################################
	 ###############
	 3.3 MiB/s
done
Bytes transferred = 7850056 (77c848 hex)
Tegra30 (Beaver) # tftpboot 0x82000000 tegra30-beaver.dtb
Using asx0 device
TFTP from server 192.168.100.1; our IP address is 192.168.100.101
Filename 'tegra30-beaver.dtb'.
Load address: 0x82000000
Loading: *####
	 2.9 MiB/s
done
Bytes transferred = 51804 (ca5c hex)
Tegra30 (Beaver) # bootz 0x81000000 - 0x82000000
Kernel image @ 0x81000000 [ 0x000000 - 0x77c848 ]
## Flattened Device Tree blob at 82000000
   Booting using the fdt blob at 0x82000000
   Loading Device Tree to 8fff0000, end 8ffffa5b ... OK

Starting kernel ...

[    0.000000] Booting Linux on physical CPU 0x0
[    0.000000] Linux version 4.11.0-rc2-next-20170320-159700-g4f4f972 (jonathanh@sellafield) (gcc version 4.7.3 20130328 (prerelease) (crosstool-NG linaro-1.13.1-4.7-2013.04-20130415 - Linaro GCC 2013.04) ) #1 SMP Wed Mar 22 15:12:25 PDT 2017
[    0.000000] CPU: ARMv7 Processor [412fc099] revision 9 (ARMv7), cr=10c5387d
[    0.000000] CPU: PIPT / VIPT nonaliasing data cache, VIPT aliasing instruction cache
[    0.000000] OF: fdt: Machine model: NVIDIA Tegra30 Beaver evaluation board
[    0.000000] debug: ignoring loglevel setting.
[    0.000000] efi: Getting EFI parameters from FDT:
[    0.000000] efi: UEFI not found.
[    0.000000] cma: Reserved 64 MiB at 0xfb800000
[    0.000000] Memory policy: Data cache writealloc
[    0.000000] On node 0 totalpages: 524032
[    0.000000] free_area_init_node: node 0, pgdat c157b940, node_mem_map eeff8000
[    0.000000]   DMA zone: 1536 pages used for memmap
[    0.000000]   DMA zone: 0 pages reserved
[    0.000000]   DMA zone: 196608 pages, LIFO batch:31
[    0.000000]   HighMem zone: 327424 pages, LIFO batch:31
[    0.000000] percpu: Embedded 17 pages/cpu @eef88000 s38528 r8192 d22912 u69632
[    0.000000] pcpu-alloc: s38528 r8192 d22912 u69632 alloc=17*4096
[    0.000000] pcpu-alloc: [0] 0 [0] 1 [0] 2 [0] 3 
[    0.000000] Built 1 zonelists in Zone order, mobility grouping on.  Total pages: 522496
[    0.000000] Kernel command line: ignore_loglevel console=ttyS0,115200n8 rw root=PARTUUID=edbe1840-3633-c751-7993-b0ac834f81e0 rootwait gpt debug noinitrd earlyprintk init=/bin/bash
[    0.000000] PID hash table entries: 4096 (order: 2, 16384 bytes)
[    0.000000] Dentry cache hash table entries: 131072 (order: 7, 524288 bytes)
[    0.000000] Inode-cache hash table entries: 65536 (order: 6, 262144 bytes)
[    0.000000] Memory: 1993500K/2096128K available (10240K kernel code, 1548K rwdata, 4388K rodata, 2048K init, 417K bss, 37092K reserved, 65536K cma-reserved, 1244160K highmem)
[    0.000000] Virtual kernel memory layout:
[    0.000000]     vector  : 0xffff0000 - 0xffff1000   (   4 kB)
[    0.000000]     fixmap  : 0xffc00000 - 0xfff00000   (3072 kB)
[    0.000000]     vmalloc : 0xf0800000 - 0xff800000   ( 240 MB)
[    0.000000]     lowmem  : 0xc0000000 - 0xf0000000   ( 768 MB)
[    0.000000]     pkmap   : 0xbfe00000 - 0xc0000000   (   2 MB)
[    0.000000]     modules : 0xbf000000 - 0xbfe00000   (  14 MB)
[    0.000000]       .text : 0xc0208000 - 0xc0d00000   (11232 kB)
[    0.000000]       .init : 0xc1200000 - 0xc1400000   (2048 kB)
[    0.000000]       .data : 0xc1400000 - 0xc1583390   (1549 kB)
[    0.000000]        .bss : 0xc1585000 - 0xc15ed5c8   ( 418 kB)
[    0.000000] SLUB: HWalign=64, Order=0-3, MinObjects=0, CPUs=4, Nodes=1
[    0.000000] Hierarchical RCU implementation.
[    0.000000] 	RCU debugfs-based tracing is enabled.
[    0.000000] 	RCU restricting CPUs from NR_CPUS=16 to nr_cpu_ids=4.
[    0.000000] RCU: Adjusting geometry for rcu_fanout_leaf=16, nr_cpu_ids=4
[    0.000000] NR_IRQS:16 nr_irqs:16 16
[    0.000000] /interrupt-controller@60004000: 160 interrupts forwarded to /interrupt-controller@50041000
[    0.000000] L2C: platform modifies aux control register: 0x02080000 -> 0x3e480001
[    0.000000] L2C: DT/platform modifies aux control register: 0x02080000 -> 0x3e480001
[    0.000000] L2C-310 erratum 769419 enabled
[    0.000000] L2C-310 enabling early BRESP for Cortex-A9
[    0.000000] L2C-310: enabling full line of zeros but not enabled in Cortex-A9
[    0.000000] L2C-310 dynamic clock gating enabled, standby mode enabled
[    0.000000] L2C-310 cache controller enabled, 8 ways, 1024 kB
[    0.000000] L2C-310: CACHE_ID 0x410000c7, AUX_CTRL 0x4e480001
[    0.000013] sched_clock: 32 bits at 1000kHz, resolution 1000ns, wraps every 2147483647500ns
[    0.000035] clocksource: timer_us: mask: 0xffffffff max_cycles: 0xffffffff, max_idle_ns: 1911260446275 ns
[    0.000044] Switching to timer-based delay loop, resolution 1000ns
[    0.002823] Console: colour dummy device 80x30
[    0.002850] Calibrating delay loop (skipped), value calculated using timer frequency.. 2.00 BogoMIPS (lpj=10000)
[    0.002860] pid_max: default: 32768 minimum: 301
[    0.002937] Mount-cache hash table entries: 2048 (order: 1, 8192 bytes)
[    0.002946] Mountpoint-cache hash table entries: 2048 (order: 1, 8192 bytes)
[    0.003331] CPU: Testing write buffer coherency: ok
[    0.003648] CPU0: thread -1, cpu 0, socket 0, mpidr 80000000
[    0.003876] Setting up static identity map for 0x80300000 - 0x80300098
[    0.006452] Tegra Revision: A03 SKU: 128 CPU Process: 4 SoC Process: 0
[    0.007005] EFI services will not be available.
[    0.007162] smp: Bringing up secondary CPUs ...
[    0.010381] CPU1: thread -1, cpu 1, socket 0, mpidr 80000001
[    0.020339] CPU2: thread -1, cpu 2, socket 0, mpidr 80000002
[    0.030337] CPU3: thread -1, cpu 3, socket 0, mpidr 80000003
[    0.030382] smp: Brought up 1 node, 4 CPUs
[    0.030395] SMP: Total of 4 processors activated (8.00 BogoMIPS).
[    0.030400] CPU: All CPU(s) started in SVC mode.
[    0.031099] devtmpfs: initialized
[    0.039241] VFP support v0.3: implementor 41 architecture 3 part 30 variant 9 rev 4
[    0.039657] clocksource: jiffies: mask: 0xffffffff max_cycles: 0xffffffff, max_idle_ns: 19112604462750000 ns
[    0.039677] futex hash table entries: 1024 (order: 4, 65536 bytes)
[    0.043072] pinctrl core: initialized pinctrl subsystem
[    0.044813] NET: Registered protocol family 16
[    0.047462] DMA: preallocated 256 KiB pool for atomic coherent allocations
[    0.049148] cpuidle: using governor menu
[    0.063499] No ATAGs?
[    0.063603] hw-breakpoint: found 5 (+1 reserved) breakpoint and 1 watchpoint registers.
[    0.063615] hw-breakpoint: maximum watchpoint size is 4 bytes.
[    0.067576] Serial: AMBA PL011 UART driver
[    0.068047] tegra-mc 7000f000.memory-controller: no memory timings for RAM code 3 registered
[    0.077115] AT91: Could not find identification node
[    0.077583] vdd_5v_sata: Failed to request enable GPIO30: -517
[    0.077599] reg-fixed-voltage regulators:regulator@3: Failed to register regulator: -517
[    0.077647] usb1_vbus: Failed to request enable GPIO238: -517
[    0.077654] reg-fixed-voltage regulators:regulator@4: Failed to register regulator: -517
[    0.077699] usb3_vbus: Failed to request enable GPIO236: -517
[    0.077706] reg-fixed-voltage regulators:regulator@5: Failed to register regulator: -517
[    0.077798] sys_3v3_pexs: Failed to request enable GPIO95: -517
[    0.077805] reg-fixed-voltage regulators:regulator@7: Failed to register regulator: -517
[    0.079692] vgaarb: loaded
[    0.080195] SCSI subsystem initialized
[    0.080331] libata version 3.00 loaded.
[    0.080485] usbcore: registered new interface driver usbfs
[    0.080518] usbcore: registered new interface driver hub
[    0.080551] usbcore: registered new device driver usb
[    0.087606] vrtc: supplied by vdd_5v_in
[    0.090908] vio: supplied by vdd_5v_in
[    0.101827] vdd1: supplied by vdd_5v_in
[    0.103184] vddio_ddr_1v2: Bringing 600000uV into 1200000-1200000uV
[    0.111838] vdd2: supplied by vdd_5v_in
[    0.131821] ldo1: supplied by vdd_1v5_gen
[    0.134212] ldo2: supplied by vdd_1v5_gen
[    0.134688] vdd_sata,avdd_plle: Bringing 1200000uV into 1050000-1050000uV
[    0.136924] ldo3: supplied by vdd_5v_in
[    0.139292] ldo4: supplied by vdd_5v_in
[    0.141828] ldo5: supplied by vdd_5v_in
[    0.151821] ldo6: supplied by vdd_1v8_gen
[    0.152291] avdd_dsi_csi,pwrdet_mipi: Bringing 1000000uV into 1200000-1200000uV
[    0.154553] ldo7: supplied by vdd_1v8_gen
[    0.161821] ldo8: supplied by vdd_1v8_gen
[    0.171921] pps_core: LinuxPPS API ver. 1 registered
[    0.171927] pps_core: Software ver. 5.3.6 - Copyright 2005-2007 Rodolfo Giometti <giometti@linux.it>
[    0.171948] PTP clock support registered
[    0.172088] EDAC MC: Ver: 3.0.0
[    0.173626] clocksource: Switched to clocksource timer_us
[    0.205992] NET: Registered protocol family 2
[    0.206419] TCP established hash table entries: 8192 (order: 3, 32768 bytes)
[    0.206473] TCP bind hash table entries: 8192 (order: 4, 65536 bytes)
[    0.206561] TCP: Hash tables configured (established 8192 bind 8192)
[    0.206698] UDP hash table entries: 512 (order: 2, 16384 bytes)
[    0.206766] UDP-Lite hash table entries: 512 (order: 2, 16384 bytes)
[    0.206948] NET: Registered protocol family 1
[    0.207274] RPC: Registered named UNIX socket transport module.
[    0.207281] RPC: Registered udp transport module.
[    0.207286] RPC: Registered tcp transport module.
[    0.207290] RPC: Registered tcp NFSv4.1 backchannel transport module.
[    0.207299] PCI: CLS 0 bytes, default 64
[    0.208135] hw perfevents: enabled with armv7_cortex_a9 PMU driver, 7 counters available
[    0.209367] workingset: timestamp_bits=30 max_order=19 bucket_order=0
[    0.214177] squashfs: version 4.0 (2009/01/31) Phillip Lougher
[    0.214609] NFS: Registering the id_resolver key type
[    0.214635] Key type id_resolver registered
[    0.214640] Key type id_legacy registered
[    0.214670] ntfs: driver 2.1.32 [Flags: R/O].
[    0.215730] bounce: pool size: 64 pages
[    0.215767] Block layer SCSI generic (bsg) driver version 0.4 loaded (major 248)
[    0.215775] io scheduler noop registered
[    0.215780] io scheduler deadline registered
[    0.215878] io scheduler cfq registered (default)
[    0.215884] io scheduler mq-deadline registered
[    0.222566] tegra30-pinctrl 70000868.pinmux: invalid group "sdmmc3_dat6_pd3" for function "rsvd1"
[    0.222583] tegra30-pinctrl 70000868.pinmux: invalid group "sdmmc3_dat7_pd4" for function "rsvd1"
[    0.222597] tegra30-pinctrl 70000868.pinmux: invalid group "vi_vsync_pd6" for function "rsvd1"
[    0.222606] tegra30-pinctrl 70000868.pinmux: invalid group "vi_hsync_pd7" for function "rsvd1"
[    0.223030] tegra30-pinctrl 70000868.pinmux: invalid group "hdmi_int_pn7" for function "rsvd1"
[    0.223071] tegra30-pinctrl 70000868.pinmux: invalid group "ulpi_data3_po4" for function "rsvd1"
[    0.223381] tegra30-pinctrl 70000868.pinmux: invalid group "vi_d10_pt2" for function "rsvd1"
[    0.223392] tegra30-pinctrl 70000868.pinmux: invalid group "vi_d11_pt3" for function "rsvd1"
[    0.223404] tegra30-pinctrl 70000868.pinmux: invalid group "vi_d0_pt4" for function "rsvd1"
[    0.223443] tegra30-pinctrl 70000868.pinmux: invalid group "pu0" for function "rsvd1"
[    0.223472] tegra30-pinctrl 70000868.pinmux: invalid group "pu3" for function "rsvd1"
[    0.223500] tegra30-pinctrl 70000868.pinmux: invalid group "pu6" for function "rsvd1"
[    0.223553] tegra30-pinctrl 70000868.pinmux: invalid group "pv3" for function "rsvd1"
[    0.224077] tegra30-pinctrl 70000868.pinmux: invalid group "pbb0" for function "rsvd1"
[    0.224189] tegra30-pinctrl 70000868.pinmux: invalid group "pcc1" for function "rsvd1"
[    0.229416] tegra-pcie 3000.pcie-controller: 2x3 configuration
[    0.229560] tegra-pcie 3000.pcie-controller: Failed to get supply 'hvdd-pex': -517
[    0.235105] tegra-apbdma 6000a000.dma: Tegra20 APB DMA driver register 32 channels
[    0.236563] tegra-pmc 7000e400.pmc: i2c-thermtrip node not found, emergency thermal reset disabled.
[    0.268607] Serial: 8250/16550 driver, 4 ports, IRQ sharing disabled
[    0.270709] console [ttyS0] disabled
[    0.270747] 70006000.serial: ttyS0 at MMIO 0x70006000 (irq = 331, base_baud = 25500000) is a Tegra
[    1.281114] console [ttyS0] enabled
[    1.285138] SuperH (H)SCI(F) driver initialized
[    1.290233] msm_serial: driver initialized
[    1.294446] STMicroelectronics ASC driver initialized
[    1.303136] tegra-hdmi 54280000.hdmi: failed to get HDMI regulator
[    1.317499] brd: module loaded
[    1.326353] loop: module loaded
[    1.334852] m25p80 spi32766.1: w25q32 (4096 Kbytes)
[    1.341556] libphy: Fixed MDIO Bus: probed
[    1.346379] CAN device driver interface
[    1.350747] bgmac_bcma: Broadcom 47xx GBit MAC driver loaded
[    1.357162] e1000e: Intel(R) PRO/1000 Network Driver - 3.2.6-k
[    1.362978] e1000e: Copyright(c) 1999 - 2015 Intel Corporation.
[    1.368924] igb: Intel(R) Gigabit Ethernet Network Driver - version 5.4.0-k
[    1.375876] igb: Copyright (c) 2007-2014 Intel Corporation.
[    1.383392] pegasus: v0.9.3 (2013/04/25), Pegasus/Pegasus II USB Ethernet driver
[    1.390831] usbcore: registered new interface driver pegasus
[    1.396517] usbcore: registered new interface driver asix
[    1.401926] usbcore: registered new interface driver ax88179_178a
[    1.408031] usbcore: registered new interface driver cdc_ether
[    1.413883] usbcore: registered new interface driver smsc75xx
[    1.419639] usbcore: registered new interface driver smsc95xx
[    1.425395] usbcore: registered new interface driver net1080
[    1.431057] usbcore: registered new interface driver cdc_subset
[    1.436989] usbcore: registered new interface driver zaurus
[    1.442584] usbcore: registered new interface driver cdc_ncm
[    1.449616] ehci_hcd: USB 2.0 'Enhanced' Host Controller (EHCI) Driver
[    1.456146] ehci-pci: EHCI PCI platform driver
[    1.460601] ehci-platform: EHCI generic platform driver
[    1.465940] ehci-orion: EHCI orion driver
[    1.470025] SPEAr-ehci: EHCI SPEAr driver
[    1.474110] ehci-st: EHCI STMicroelectronics driver
[    1.479048] ehci-exynos: EHCI EXYNOS driver
[    1.483304] ehci-atmel: EHCI Atmel driver
[    1.487386] tegra-ehci: Tegra EHCI driver
[    1.491672] ohci_hcd: USB 1.1 'Open' Host Controller (OHCI) Driver
[    1.497858] ohci-pci: OHCI PCI platform driver
[    1.502318] ohci-platform: OHCI generic platform driver
[    1.507636] ohci-omap3: OHCI OMAP3 driver
[    1.511707] SPEAr-ohci: OHCI SPEAr driver
[    1.515800] ohci-st: OHCI STMicroelectronics driver
[    1.520740] ohci-atmel: OHCI Atmel driver
[    1.525179] usbcore: registered new interface driver usb-storage
[    1.533681] tegra_rtc 7000e000.rtc: rtc core: registered 7000e000.rtc as rtc1
[    1.540838] tegra_rtc 7000e000.rtc: Tegra internal Real Time Clock
[    1.549732] random: fast init done
[    1.563053] tps65910-rtc tps65910-rtc: rtc core: registered tps65910-rtc as rtc0
[    1.570650] i2c /dev entries driver
[    1.582275] sdhci: Secure Digital Host Controller Interface driver
[    1.588468] sdhci: Copyright(c) Pierre Ossman
[    1.593726] Synopsys Designware Multimedia Card Interface Driver
[    1.600461] sdhci-pltfm: SDHCI platform and OF driver helper
[    1.606629] sdhci-tegra 78000000.sdhci: Got CD GPIO
[    1.611501] sdhci-tegra 78000000.sdhci: Got WP GPIO
[    1.625692] mmc0: Invalid maximum block size, assuming 512 bytes
[    1.693713] mmc0: SDHCI controller on 78000000.sdhci [78000000.sdhci] using ADMA
[    1.713924] mmc1: Invalid maximum block size, assuming 512 bytes
[    1.773630] mmc1: SDHCI controller on 78000600.sdhci [78000600.sdhci] using ADMA
[    1.782341] ledtrig-cpu: registered to indicate activity on CPUs
[    1.790572] usbcore: registered new interface driver usbhid
[    1.796147] usbhid: USB HID core driver
[    1.802327] NET: Registered protocol family 10
[    1.809446] Segment Routing with IPv6
[    1.813137] sit: IPv6, IPv4 and MPLS over IPv4 tunneling driver
[    1.819476] NET: Registered protocol family 17
[    1.823931] can: controller area network core (rev 20120528 abi 9)
[    1.830132] NET: Registered protocol family 29
[    1.834574] can: raw protocol (rev 20120528)
[    1.838831] can: broadcast manager protocol (rev 20161123 t)
[    1.844484] can: netlink gateway (rev 20130117) max_hops=1
[    1.850214] Key type dns_resolver registered
[    1.854904] ThumbEE CPU extension supported.
[    1.859168] Registering SWP/SWPB emulation handler
[    1.888937] vdd_ddr: supplied by vdd_5v_in
[    1.893896] vdd_5v_sata: supplied by vdd_5v_in
[    1.898638] usb1_vbus: supplied by vdd_5v_in
[    1.903199] usb3_vbus: supplied by vdd_5v_in
[    1.909892] sys_3v3,vdd_3v3_alw: supplied by vdd_5v_in
[    1.918008] sys_3v3_pexs: supplied by sys_3v3,vdd_3v3_alw
[    1.923544] +VDD_5V_HDMI: supplied by sys_3v3,vdd_3v3_alw
[    1.929279] mmc1: new high speed MMC card at address 0001
[    1.929560] tegra-pcie 3000.pcie-controller: 2x3 configuration
[    1.938249] tegra-pcie 3000.pcie-controller: probing port 0, using 2 lanes
[    1.947817] mmcblk1: mmc1:0001 SEM16G 14.8 GiB 
[    1.953535] mmcblk1boot0: mmc1:0001 SEM16G partition 1 1.00 MiB
[    1.959953] mmcblk1boot1: mmc1:0001 SEM16G partition 2 1.00 MiB
[    1.966860] mmcblk1rpmb: mmc1:0001 SEM16G partition 3 128 KiB
[    1.974512] mmc0: new ultra high speed DDR50 SDHC card at address aaaa
[    1.981374] mmcblk0: mmc0:aaaa SS04G 3.69 GiB 
[    1.987168] Primary GPT is invalid, using alternate GPT.
[    1.992480]  mmcblk1: p1 p2 p3 p4 p5
[    1.996599] tegra-pcie 3000.pcie-controller: probing port 2, using 2 lanes
[    2.010755]  mmcblk0: p1 p2 p3
[    2.407269] tegra-pcie 3000.pcie-controller: link 2 down, retrying
[    2.817222] tegra-pcie 3000.pcie-controller: link 2 down, retrying
[    3.227185] tegra-pcie 3000.pcie-controller: link 2 down, retrying
[    3.235362] tegra-pcie 3000.pcie-controller: link 2 down, ignoring
[    3.241652] tegra-pcie 3000.pcie-controller: PCI host bridge to bus 0000:00
[    3.248624] pci_bus 0000:00: root bus resource [io  0x0000-0xffff]
[    3.254800] pci_bus 0000:00: root bus resource [mem 0x20000000-0x27ffffff]
[    3.261658] pci_bus 0000:00: root bus resource [mem 0x28000000-0x3fffffff pref]
[    3.268957] pci_bus 0000:00: root bus resource [bus 00-ff]
[    3.274460] pci 0000:00:01.0: [10de:0e1c] type 01 class 0x060400
[    3.280477] pci_bus 0000:00: 2-byte config write to 0000:00:01.0 offset 0x88 may corrupt adjacent RW1C bits
[    3.290238] pci_bus 0000:00: 2-byte config write to 0000:00:01.0 offset 0x52 may corrupt adjacent RW1C bits
[    3.299982] pci 0000:00:01.0: PME# supported from D0 D1 D2 D3hot D3cold
[    3.306591] pci_bus 0000:00: 2-byte config write to 0000:00:01.0 offset 0x4c may corrupt adjacent RW1C bits
[    3.316462] pci_bus 0000:00: 2-byte config write to 0000:00:01.0 offset 0x3e may corrupt adjacent RW1C bits
[    3.326194] pci_bus 0000:00: 2-byte config write to 0000:00:01.0 offset 0x4 may corrupt adjacent RW1C bits
[    3.335834] pci_bus 0000:00: 1-byte config write to 0000:00:01.0 offset 0xc may corrupt adjacent RW1C bits
[    3.345471] PCI: bus0: Fast back to back transfers disabled
[    3.351030] pci 0000:00:01.0: bridge configuration invalid ([bus 00-00]), reconfiguring
[    3.359024] pci_bus 0000:00: 2-byte config write to 0000:00:01.0 offset 0x3e may corrupt adjacent RW1C bits
[    3.368750] pci_bus 0000:00: 2-byte config write to 0000:00:01.0 offset 0x3e may corrupt adjacent RW1C bits
[    3.378477] pci_bus 0000:00: 2-byte config write to 0000:00:01.0 offset 0x3e may corrupt adjacent RW1C bits
[    3.388204] pci_bus 0000:00: 2-byte config write to 0000:00:01.0 offset 0x6 may corrupt adjacent RW1C bits
[    3.397945] pci 0000:01:00.0: [10ec:8168] type 00 class 0x020000
[    3.403963] pci 0000:01:00.0: reg 0x10: [io  0x0000-0x00ff]
[    3.409536] pci 0000:01:00.0: reg 0x18: [mem 0x00000000-0x00000fff 64bit pref]
[    3.416759] pci 0000:01:00.0: reg 0x20: [mem 0x00000000-0x00003fff 64bit pref]
[    3.424046] pci 0000:01:00.0: supports D1 D2
[    3.428304] pci 0000:01:00.0: PME# supported from D0 D1 D2 D3hot D3cold
[    3.463645] PCI: bus1: Fast back to back transfers disabled
[    3.469207] pci_bus 0000:01: busn_res: [bus 01-ff] end is updated to 01
[    3.475883] pci 0000:00:01.0: BAR 9: assigned [mem 0x28000000-0x280fffff 64bit pref]
[    3.483620] pci 0000:00:01.0: BAR 7: assigned [io  0x1000-0x1fff]
[    3.489702] pci 0000:01:00.0: BAR 4: assigned [mem 0x28000000-0x28003fff 64bit pref]
[    3.497448] pci 0000:01:00.0: BAR 2: assigned [mem 0x28004000-0x28004fff 64bit pref]
[    3.505192] pci 0000:01:00.0: BAR 0: assigned [io  0x1000-0x10ff]
[    3.511274] pci 0000:00:01.0: PCI bridge to [bus 01]
[    3.516234] pci 0000:00:01.0:   bridge window [io  0x1000-0x1fff]
[    3.522313] pci 0000:00:01.0:   bridge window [mem 0x28000000-0x280fffff 64bit pref]
[    3.530060] pci 0000:00:01.0: nv_msi_ht_cap_quirk didn't locate host bridge
[    3.537076] pcieport 0000:00:01.0: enabling device (0140 -> 0143)
[    3.543351] pcieport 0000:00:01.0: Signaling PME with IRQ 374
[    3.549305] r8169 Gigabit Ethernet driver 2.3LK-NAPI loaded
[    3.554895] r8169 0000:01:00.0: enabling device (0140 -> 0143)
[    3.561661] r8169 0000:01:00.0 eth0: RTL8168evl/8111evl at 0xf0b01000, 02:04:4b:01:60:a6, XID 0c900800 IRQ 375
[    3.571666] r8169 0000:01:00.0 eth0: jumbo features [frames: 9200 bytes, tx checksumming: ko]
[    3.582367] [drm] Supports vblank timestamp caching Rev 2 (21.10.2013).
[    3.589006] [drm] No driver support for vblank timestamp query.
[    3.594956] [drm] Cannot find any crtc or sizes - going 1024x768
[    3.620468] Console: switching to colour frame buffer device 128x48
[    3.632994] drm drm: fb0:  frame buffer device
[    3.637548] [drm] Initialized tegra 0.0.0 20120330 for drm on minor 0
[    3.649396] utmi_phy_clk_enable: timeout waiting for phy to stabilize
[    3.655886] tegra-ehci 7d004000.usb: EHCI Host Controller
[    3.661290] tegra-ehci 7d004000.usb: new USB bus registered, assigned bus number 1
[    3.669112] tegra-ehci 7d004000.usb: irq 343, io mem 0x7d004000
[    3.703631] tegra-ehci 7d004000.usb: USB 2.0 started, EHCI 1.00
[    3.710148] hub 1-0:1.0: USB hub found
[    3.713935] hub 1-0:1.0: 1 port detected
[    3.719013] tegra-ehci 7d008000.usb: EHCI Host Controller
[    3.724436] tegra-ehci 7d008000.usb: new USB bus registered, assigned bus number 2
[    3.732169] tegra-ehci 7d008000.usb: irq 344, io mem 0x7d008000
[    3.764396] tegra-ehci 7d008000.usb: USB 2.0 started, EHCI 1.00
[    3.770765] hub 2-0:1.0: USB hub found
[    3.774539] hub 2-0:1.0: 1 port detected
[    3.783657] tps65910-rtc tps65910-rtc: setting system clock to 2000-01-01 00:00:02 UTC (946684802)
[    3.793266] vdd_sata,avdd_plle: disabling
[    3.798017] usb1_vbus: disabling
[    3.802664] EXT4-fs (mmcblk1p1): mounting ext3 file system using the ext4 subsystem
[    3.818465] EXT4-fs (mmcblk1p1): warning: mounting fs with errors, running e2fsck is recommended
[    3.828675] EXT4-fs (mmcblk1p1): recovery complete
[    3.833462] EXT4-fs (mmcblk1p1): mounted filesystem with ordered data mode. Opts: (null)
[    3.841578] VFS: Mounted root (ext3 filesystem) on device 179:1.
[    3.851275] devtmpfs: mounted
[    3.856700] Freeing unused kernel memory: 2048K
bash: cannot set terminal process group (-1): Inappropriate ioctl for device
bash: no job control in this shell
root@(none):/# [    4.134034] usb 2-1: new high-speed USB device number 2 using tegra-ehci
[    4.811381] asix 2-1:1.0 eth1: register 'asix' at usb-7d008000.usb-1, ASIX AX88772 USB 2.0 Ethernet, 00:50:b6:0f:67:60
mount -t sysfs none /sys
root@(none):/# 
root@(none):/# mount -t debugfs none /sys/kernel/debug
root@(none):/# 
root@(none):/# rtcwake -d rtc1 -m mem -s 3
rtcwake: wakeup from "mem" using /dev/rtc1 at Thu Jan  1 00:00:22 1970
[    7.507262] PM: Syncing filesystems ... done.
[    7.519055] Freezing user space processes ... (elapsed 0.001 seconds) done.
[    7.527161] Freezing remaining freezable tasks ... (elapsed 0.001 seconds) done.
[    7.535787] Suspending console(s) (use no_console_suspend to debug)
[    7.617961] PM: suspend of devices complete after 75.042 msecs
[    7.619708] PM: late suspend of devices complete after 1.739 msecs
[    7.644342] PM: noirq suspend of devices complete after 24.626 msecs
[    7.644345] Disabling non-boot CPUs ...
[    7.717096] IRQ17 no longer affine to CPU2
[    7.805440] Entering suspend state LP1
[    7.805440] Suspended for 3.104 seconds
[    7.805455] Enabling non-boot CPUs ...
[    7.835898] CPU1 is up
[    7.875757] CPU2 is up
[    7.915946] CPU3 is up
[    7.916719] pcieport 0000:00:01.0: nv_msi_ht_cap_quirk didn't locate host bridge
[    7.943692] PM: noirq resume of devices complete after 27.738 msecs
[    7.945214] PM: early resume of devices complete after 1.080 msecs
[    8.496428] PM: resume of devices complete after 551.201 msecs
[    8.567665] Restarting tasks ... done.
root@(none):/# 
root@(none):/# rtcwake -d rtc1 -m mem -s 3
rtcwake: wakeup from "mem" using /dev/rtc1 at Thu Jan  1 00:00:27 1970
[    9.457529] PM: Syncing filesystems ... done.
[    9.469445] Freezing user space processes ... (elapsed 0.001 seconds) done.
[    9.477552] Freezing remaining freezable tasks ... (elapsed 0.001 seconds) done.
[    9.486164] Suspending console(s) (use no_console_suspend to debug)
[    9.524916] pci_generic_config_write32: 63 callbacks suppressed
[    9.524929] pci_bus 0000:00: 2-byte config write to 0000:00:01.0 offset 0x9c may corrupt adjacent RW1C bits
[    9.567546] PM: suspend of devices complete after 74.315 msecs
[    9.568552] PM: late suspend of devices complete after 0.997 msecs
[    9.568987] pci_bus 0000:01: 2-byte config write to 0000:01:00.0 offset 0x44 may corrupt adjacent RW1C bits
[    9.569003] pci_bus 0000:01: 2-byte config write to 0000:01:00.0 offset 0x44 may corrupt adjacent RW1C bits
[    9.594326] PM: noirq suspend of devices complete after 25.768 msecs
[    9.594331] Disabling non-boot CPUs ...
[    9.594691] IRQ17 no longer affine to CPU1
[    9.765379] Entering suspend state LP1
[    9.765379] Suspended for 3.040 seconds
[    9.765396] Enabling non-boot CPUs ...
[    9.796443] CPU1 is up
[    9.836182] CPU2 is up
[    9.876365] CPU3 is up
[    9.877232] pci_bus 0000:00: 2-byte config write to 0000:00:01.0 offset 0x4c may corrupt adjacent RW1C bits
[    9.877249] pci_bus 0000:00: 2-byte config write to 0000:00:01.0 offset 0x88 may corrupt adjacent RW1C bits
[    9.877255] pci_bus 0000:00: 2-byte config write to 0000:00:01.0 offset 0x90 may corrupt adjacent RW1C bits
[    9.877261] pci_bus 0000:00: 2-byte config write to 0000:00:01.0 offset 0x98 may corrupt adjacent RW1C bits
[    9.877266] pci_bus 0000:00: 2-byte config write to 0000:00:01.0 offset 0x9c may corrupt adjacent RW1C bits
[    9.877289] pci_bus 0000:00: 2-byte config write to 0000:00:01.0 offset 0x52 may corrupt adjacent RW1C bits
[    9.877297] pci_bus 0000:00: 2-byte config write to 0000:00:01.0 offset 0x52 may corrupt adjacent RW1C bits
[    9.877328] pcieport 0000:00:01.0: nv_msi_ht_cap_quirk didn't locate host bridge
[    9.903654] PM: noirq resume of devices complete after 27.278 msecs
[    9.906192] PM: early resume of devices complete after 2.041 msecs
[   10.461285] PM: resume of devices complete after 555.076 msecs
[   10.635921] Restarting tasks ... done.
root@(none):/# 
root@(none):/# rtcwake -d rtc1 -m mem -s 3
rtcwake: wakeup from "mem" using /dev/rtc1 at Thu Jan  1 00:00:32 1970
[   11.421073] PM: Syncing filesystems ... done.
[   11.434679] Freezing user space processes ... (elapsed 0.001 seconds) done.
[   11.442818] Freezing remaining freezable tasks ... (elapsed 0.001 seconds) done.
[   11.451471] Suspending console(s) (use no_console_suspend to debug)
[   11.538598] PM: suspend of devices complete after 79.805 msecs
[   11.539855] PM: late suspend of devices complete after 1.246 msecs
[   11.564463] PM: noirq suspend of devices complete after 24.597 msecs
[   11.564467] Disabling non-boot CPUs ...
[   11.564927] IRQ17 no longer affine to CPU1
[   11.695709] Entering suspend state LP1
[   11.695709] Suspended for 3.069 seconds
[   11.695729] Enabling non-boot CPUs ...
[   11.726415] CPU1 is up
[   11.766181] CPU2 is up
[   11.806437] CPU3 is up
[   11.807373] pcieport 0000:00:01.0: nv_msi_ht_cap_quirk didn't locate host bridge
[   11.843655] PM: noirq resume of devices complete after 37.203 msecs
[   11.846382] PM: early resume of devices complete after 2.383 msecs
[   12.388181] PM: resume of devices complete after 541.783 msecs
[   12.459701] Restarting tasks ... done.
root@(none):/# 
root@(none):/# rtcwake -d rtc1 -m mem -s 3
rtcwake: wakeup from "mem" using /dev/rtc1 at Thu Jan  1 00:00:37 1970
[   13.352070] PM: Syncing filesystems ... done.
[   13.366178] Freezing user space processes ... (elapsed 0.001 seconds) done.
[   13.374338] Freezing remaining freezable tasks ... (elapsed 0.001 seconds) done.
[   13.382990] Suspending console(s) (use no_console_suspend to debug)
[   13.468103] PM: suspend of devices complete after 77.797 msecs
[   13.471907] PM: late suspend of devices complete after 3.791 msecs
[   13.494401] PM: noirq suspend of devices complete after 22.484 msecs
[   13.494404] Disabling non-boot CPUs ...
[   13.494867] IRQ17 no longer affine to CPU1
[   13.635718] Entering suspend state LP1
[   13.635718] Suspended for 3.059 seconds
[   13.635739] Enabling non-boot CPUs ...
[   13.666324] CPU1 is up
[   13.706083] CPU2 is up
[   13.746301] CPU3 is up
[   13.747248] pcieport 0000:00:01.0: nv_msi_ht_cap_quirk didn't locate host bridge
[   13.773583] PM: noirq resume of devices complete after 27.270 msecs
[   13.774969] PM: early resume of devices complete after 0.880 msecs
[   14.332287] PM: resume of devices complete after 557.299 msecs
[   14.403854] Restarting tasks ... done.
root@(none):/# 
root@(none):/# rtcwake -d rtc1 -m mem -s 3
rtcwake: wakeup from "mem" using /dev/rtc1 at Thu Jan  1 00:00:42 1970
[   15.292034] PM: Syncing filesystems ... done.
[   15.306657] Freezing user space processes ... (elapsed 0.001 seconds) done.
[   15.314811] Freezing remaining freezable tasks ... (elapsed 0.001 seconds) done.
[   15.323485] Suspending console(s) (use no_console_suspend to debug)
[   15.365225] pci_generic_config_write32: 65 callbacks suppressed
[   15.365242] pci_bus 0000:00: 2-byte config write to 0000:00:01.0 offset 0x9c may corrupt adjacent RW1C bits
[   15.409067] PM: suspend of devices complete after 78.286 msecs
[   15.410298] PM: late suspend of devices complete after 1.221 msecs
[   15.410835] pci_bus 0000:01: 2-byte config write to 0000:01:00.0 offset 0x44 may corrupt adjacent RW1C bits
[   15.410853] pci_bus 0000:01: 2-byte config write to 0000:01:00.0 offset 0x44 may corrupt adjacent RW1C bits
[   15.434396] PM: noirq suspend of devices complete after 24.089 msecs
[   15.434401] Disabling non-boot CPUs ...
[   15.434866] IRQ17 no longer affine to CPU1
[   15.595673] Entering suspend state LP1
[   15.595673] Suspended for 3.040 seconds
[   15.595693] Enabling non-boot CPUs ...
[   15.626300] CPU1 is up
[   15.666060] CPU2 is up
[   15.706235] CPU3 is up
[   15.707136] pci_bus 0000:00: 2-byte config write to 0000:00:01.0 offset 0x4c may corrupt adjacent RW1C bits
[   15.707150] pci_bus 0000:00: 2-byte config write to 0000:00:01.0 offset 0x88 may corrupt adjacent RW1C bits
[   15.707156] pci_bus 0000:00: 2-byte config write to 0000:00:01.0 offset 0x90 may corrupt adjacent RW1C bits
[   15.707163] pci_bus 0000:00: 2-byte config write to 0000:00:01.0 offset 0x98 may corrupt adjacent RW1C bits
[   15.707168] pci_bus 0000:00: 2-byte config write to 0000:00:01.0 offset 0x9c may corrupt adjacent RW1C bits
[   15.707191] pci_bus 0000:00: 2-byte config write to 0000:00:01.0 offset 0x52 may corrupt adjacent RW1C bits
[   15.707200] pci_bus 0000:00: 2-byte config write to 0000:00:01.0 offset 0x52 may corrupt adjacent RW1C bits
[   15.707229] pcieport 0000:00:01.0: nv_msi_ht_cap_quirk didn't locate host bridge
[   15.733552] PM: noirq resume of devices complete after 27.305 msecs
[   15.734939] PM: early resume of devices complete after 0.883 msecs
[   16.295452] PM: resume of devices complete after 560.499 msecs
[   16.470120] Restarting tasks ... done.
root@(none):/# 
root@(none):/# rtcwake -d rtc1 -m mem -s 3
rtcwake: wakeup from "mem" using /dev/rtc1 at Thu Jan  1 00:00:47 1970
[   17.252031] PM: Syncing filesystems ... done.
[   17.266626] Freezing user space processes ... (elapsed 0.001 seconds) done.
[   17.274792] Freezing remaining freezable tasks ... (elapsed 0.001 seconds) done.
[   17.283461] Suspending console(s) (use no_console_suspend to debug)
[   17.369014] PM: suspend of devices complete after 78.253 msecs
[   17.371242] PM: late suspend of devices complete after 2.216 msecs
[   17.394306] PM: noirq suspend of devices complete after 23.052 msecs
[   17.394312] Disabling non-boot CPUs ...
[   17.394781] IRQ17 no longer affine to CPU1
[   17.525645] Entering suspend state LP1
[   17.525645] Suspended for 3.069 seconds
[   17.525665] Enabling non-boot CPUs ...
[   17.556311] CPU1 is up
[   17.596023] CPU2 is up
[   17.636270] CPU3 is up
[   17.637182] pcieport 0000:00:01.0: nv_msi_ht_cap_quirk didn't locate host bridge
[   17.663525] PM: noirq resume of devices complete after 27.244 msecs
[   17.665931] PM: early resume of devices complete after 1.885 msecs
[   18.225864] PM: resume of devices complete after 559.918 msecs
[   18.297432] Restarting tasks ... done.
root@(none):/# 
root@(none):/# rtcwake -d rtc1 -m mem -s 3
rtcwake: wakeup from "mem" using /dev/rtc1 at Thu Jan  1 00:00:52 1970
[   19.181492] PM: Syncing filesystems ... done.
[   19.195584] Freezing user space processes ... (elapsed 0.001 seconds) done.
[   19.203743] Freezing remaining freezable tasks ... (elapsed 0.001 seconds) done.
[   19.212403] Suspending console(s) (use no_console_suspend to debug)
[   19.298961] PM: suspend of devices complete after 79.239 msecs
[   19.301175] PM: late suspend of devices complete after 2.202 msecs
[   19.324320] PM: noirq suspend of devices complete after 23.135 msecs
[   19.324326] Disabling non-boot CPUs ...
[   19.324787] IRQ17 no longer affine to CPU1
[   19.485577] Entering suspend state LP1
[   19.485577] Suspended for 3.040 seconds
[   19.485595] Enabling non-boot CPUs ...
[   19.516210] CPU1 is up
[   19.555961] CPU2 is up
[   19.596178] CPU3 is up
[   19.597081] pcieport 0000:00:01.0: nv_msi_ht_cap_quirk didn't locate host bridge
[   19.623484] PM: noirq resume of devices complete after 27.291 msecs
[   19.625851] PM: early resume of devices complete after 1.867 msecs
[   20.179006] PM: resume of devices complete after 553.139 msecs
[   20.250583] Restarting tasks ... done.
root@(none):/# 
root@(none):/# rtcwake -d rtc1 -m mem -s 3
rtcwake: wakeup from "mem" using /dev/rtc1 at Thu Jan  1 00:00:57 1970
[   21.139618] PM: Syncing filesystems ... done.
[   21.153728] Freezing user space processes ... (elapsed 0.001 seconds) done.
[   21.161863] Freezing remaining freezable tasks ... (elapsed 0.001 seconds) done.
[   21.170548] Suspending console(s) (use no_console_suspend to debug)
[   21.214599] pci_generic_config_write32: 65 callbacks suppressed
[   21.214616] pci_bus 0000:00: 2-byte config write to 0000:00:01.0 offset 0x9c may corrupt adjacent RW1C bits
[   21.256920] PM: suspend of devices complete after 79.059 msecs
[   21.258148] PM: late suspend of devices complete after 1.217 msecs
[   21.258706] pci_bus 0000:01: 2-byte config write to 0000:01:00.0 offset 0x44 may corrupt adjacent RW1C bits
[   21.258724] pci_bus 0000:01: 2-byte config write to 0000:01:00.0 offset 0x44 may corrupt adjacent RW1C bits
[   21.284246] PM: noirq suspend of devices complete after 26.090 msecs
[   21.284252] Disabling non-boot CPUs ...
[   21.284709] IRQ17 no longer affine to CPU1
[   21.465292] Entering suspend state LP1
[   21.465292] Suspended for 3.020 seconds
[   21.465311] Enabling non-boot CPUs ...
[   21.495666] CPU1 is up
[   21.535865] CPU2 is up
[   21.576160] CPU3 is up
[   21.577016] pci_bus 0000:00: 2-byte config write to 0000:00:01.0 offset 0x4c may corrupt adjacent RW1C bits
[   21.577036] pci_bus 0000:00: 2-byte config write to 0000:00:01.0 offset 0x88 may corrupt adjacent RW1C bits
[   21.577041] pci_bus 0000:00: 2-byte config write to 0000:00:01.0 offset 0x90 may corrupt adjacent RW1C bits
[   21.577046] pci_bus 0000:00: 2-byte config write to 0000:00:01.0 offset 0x98 may corrupt adjacent RW1C bits
[   21.577052] pci_bus 0000:00: 2-byte config write to 0000:00:01.0 offset 0x9c may corrupt adjacent RW1C bits
[   21.577075] pci_bus 0000:00: 2-byte config write to 0000:00:01.0 offset 0x52 may corrupt adjacent RW1C bits
[   21.577083] pci_bus 0000:00: 2-byte config write to 0000:00:01.0 offset 0x52 may corrupt adjacent RW1C bits
[   21.577111] pcieport 0000:00:01.0: nv_msi_ht_cap_quirk didn't locate host bridge
[   21.603448] PM: noirq resume of devices complete after 27.274 msecs
[   21.605850] PM: early resume of devices complete after 1.893 msecs
[   22.165310] PM: resume of devices complete after 559.447 msecs
[   22.339986] Restarting tasks ... done.
root@(none):/# 
root@(none):/# rtcwake -d rtc1 -m mem -s 3
rtcwake: wakeup from "mem" using /dev/rtc1 at Thu Jan  1 00:01:02 1970
[   23.118664] PM: Syncing filesystems ... done.
[   23.133265] Freezing user space processes ... (elapsed 0.001 seconds) done.
[   23.141429] Freezing remaining freezable tasks ... (elapsed 0.001 seconds) done.
[   23.150090] Suspending console(s) (use no_console_suspend to debug)
[   23.239397] PM: suspend of devices complete after 81.977 msecs
[   23.243187] PM: late suspend of devices complete after 3.776 msecs
[   23.274226] PM: noirq suspend of devices complete after 31.028 msecs
[   23.274230] Disabling non-boot CPUs ...
[   23.337520] IRQ17 no longer affine to CPU2
[   23.435468] Entering suspend state LP1
[   23.435468] Suspended for 3.029 seconds
[   23.435488] Enabling non-boot CPUs ...
[   23.466146] CPU1 is up
[   23.505920] CPU2 is up
[   23.546152] CPU3 is up
[   23.547077] pcieport 0000:00:01.0: nv_msi_ht_cap_quirk didn't locate host bridge
[   23.583442] PM: noirq resume of devices complete after 37.276 msecs
[   23.585285] PM: early resume of devices complete after 1.500 msecs
[   24.146402] PM: resume of devices complete after 561.103 msecs
[   24.217909] Restarting tasks ... done.
root@(none):/# 
root@(none):/# rtcwake -d rtc1 -m mem -s 3
rtcwake: wakeup from "mem" using /dev/rtc1 at Thu Jan  1 00:01:07 1970
[   25.089706] PM: Syncing filesystems ... done.
[   25.103809] Freezing user space processes ... (elapsed 0.001 seconds) done.
[   25.111952] Freezing remaining freezable tasks ... (elapsed 0.001 seconds) done.
[   25.120639] Suspending console(s) (use no_console_suspend to debug)
[   25.206346] PM: suspend of devices complete after 78.366 msecs
[   25.208140] PM: late suspend of devices complete after 1.783 msecs
[   25.234185] PM: noirq suspend of devices complete after 26.033 msecs
[   25.234189] Disabling non-boot CPUs ...
[   25.234650] IRQ17 no longer affine to CPU1
[   25.395223] Entering suspend state LP1
[   25.395223] Suspended for 3.040 seconds
[   25.395240] Enabling non-boot CPUs ...
[   25.425623] CPU1 is up
[   25.465782] CPU2 is up
[   25.506003] CPU3 is up
[   25.506908] pcieport 0000:00:01.0: nv_msi_ht_cap_quirk didn't locate host bridge
[   25.533385] PM: noirq resume of devices complete after 27.370 msecs
[   25.535153] PM: early resume of devices complete after 1.274 msecs
[   26.089478] PM: resume of devices complete after 554.308 msecs
[   26.161024] Restarting tasks ... done.
root@(none):/# 
root@(none):/# NVTB SYSTEM SUSPEND TEST COMPLETE
