
U-Boot SPL 2014.07-00097-g772e173 (Jul 25 2014 - 20:02:52)


U-Boot 2014.07-00097-g772e173 (Jul 25 2014 - 20:02:52)

TEGRA124
Board: NVIDIA Jetson TK1
I2C:   ready
DRAM:  2 GiB
MMC:   Tegra SD/MMC: 0, Tegra SD/MMC: 1
In:    serial
Out:   serial
Err:   serial
Net:   Net Initialization Skipped
No ethernet found.
Hit any key to stop autoboot:  2  0 
Tegra124 (Jetson TK1) # 
Tegra124 (Jetson TK1) # usb reset
(Re)start USB...
USB0:   USB EHCI 1.10
scanning bus 0 for devices... 1 USB Device(s) found
USB1:   USB EHCI 1.10
scanning bus 1 for devices... 2 USB Device(s) found
       scanning usb for storage devices... 0 Storage Device(s) found
       scanning usb for ethernet devices... 
Warning: asx0 using MAC address from net device
1 Ethernet Device(s) found
Tegra124 (Jetson TK1) # setenv bootargs 'ignore_loglevel console=ttyS0,115200n8 rw root=/dev/mmcblk0p1 rootwait gpt debug init=/bin/bash noinitrd'
Tegra124 (Jetson TK1) # setenv ipaddr 192.168.100.102; setenv serverip 192.168.100.1; setenv tftpserverip 192.168.100.1
Tegra124 (Jetson TK1) # tftpboot 0x81000000 zImage.multi_v7_defconfig
Using asx0 device
TFTP from server 192.168.100.1; our IP address is 192.168.100.102
Filename 'zImage.multi_v7_defconfig'.
Load address: 0x81000000
Loading: *#################################################################
	 #################################################################
	 #################################################################
	 #################################################################
	 #################################################################
	 #################################################################
	 ################################################
	 3.2 MiB/s
done
Bytes transferred = 6421680 (61fcb0 hex)
Tegra124 (Jetson TK1) # tftpboot 0x82000000 tegra124-jetson-tk1.dtb
Using asx0 device
TFTP from server 192.168.100.1; our IP address is 192.168.100.102
Filename 'tegra124-jetson-tk1.dtb'.
Load address: 0x82000000
Loading: *#####
	 3.2 MiB/s
done
Bytes transferred = 63791 (f92f hex)
Tegra124 (Jetson TK1) # bootz 0x81000000 - 0x82000000
Kernel image @ 0x81000000 [ 0x000000 - 0x61fcb0 ]
## Flattened Device Tree blob at 82000000
   Booting using the fdt blob at 0x82000000
   Using Device Tree in place at 82000000, end 8201292e

Starting kernel ...

[    0.000000] Booting Linux on physical CPU 0x0
[    0.000000] Linux version 4.1.0-rc5-next-20150526-19918-gb031599 (pwalmsley@sellafield) (gcc version 4.7.3 20130328 (prerelease) (crosstool-NG linaro-1.13.1-4.7-2013.04-20130415 - Linaro GCC 2013.04) ) #1 SMP Wed May 27 05:57:12 PDT 2015
[    0.000000] CPU: ARMv7 Processor [413fc0f3] revision 3 (ARMv7), cr=10c5387d
[    0.000000] CPU: PIPT / VIPT nonaliasing data cache, PIPT instruction cache
[    0.000000] Machine model: NVIDIA Tegra124 Jetson TK1
[    0.000000] debug: ignoring loglevel setting.
[    0.000000] cma: Reserved 64 MiB at 0xfb800000
[    0.000000] Memory policy: Data cache writealloc
[    0.000000] On node 0 totalpages: 524032
[    0.000000] free_area_init_node: node 0, pgdat c0f9f900, node_mem_map ee7f8000
[    0.000000]   DMA zone: 1520 pages used for memmap
[    0.000000]   DMA zone: 0 pages reserved
[    0.000000]   DMA zone: 194560 pages, LIFO batch:31
[    0.000000]   HighMem zone: 329472 pages, LIFO batch:31
[    0.000000] PERCPU: Embedded 12 pages/cpu @ee790000 s16896 r8192 d24064 u49152
[    0.000000] pcpu-alloc: s16896 r8192 d24064 u49152 alloc=12*4096
[    0.000000] pcpu-alloc: [0] 0 [0] 1 [0] 2 [0] 3 
[    0.000000] Built 1 zonelists in Zone order, mobility grouping on.  Total pages: 522512
[    0.000000] Kernel command line: ignore_loglevel console=ttyS0,115200n8 rw root=/dev/mmcblk0p1 rootwait gpt debug init=/bin/bash noinitrd
[    0.000000] PID hash table entries: 4096 (order: 2, 16384 bytes)
[    0.000000] Dentry cache hash table entries: 131072 (order: 7, 524288 bytes)
[    0.000000] Inode-cache hash table entries: 65536 (order: 6, 262144 bytes)
[    0.000000] Memory: 1998636K/2096128K available (8157K kernel code, 1078K rwdata, 3748K rodata, 936K init, 334K bss, 31956K reserved, 65536K cma-reserved, 1252352K highmem)
[    0.000000] Virtual kernel memory layout:
[    0.000000]     vector  : 0xffff0000 - 0xffff1000   (   4 kB)
[    0.000000]     fixmap  : 0xffc00000 - 0xfff00000   (3072 kB)
[    0.000000]     vmalloc : 0xf0000000 - 0xff000000   ( 240 MB)
[    0.000000]     lowmem  : 0xc0000000 - 0xef800000   ( 760 MB)
[    0.000000]     pkmap   : 0xbfe00000 - 0xc0000000   (   2 MB)
[    0.000000]     modules : 0xbf000000 - 0xbfe00000   (  14 MB)
[    0.000000]       .text : 0xc0208000 - 0xc0da9708   (11910 kB)
[    0.000000]       .init : 0xc0daa000 - 0xc0e94000   ( 936 kB)
[    0.000000]       .data : 0xc0e94000 - 0xc0fa18e0   (1079 kB)
[    0.000000]        .bss : 0xc0fa4000 - 0xc0ff7aa8   ( 335 kB)
[    0.000000] SLUB: HWalign=64, Order=0-3, MinObjects=0, CPUs=4, Nodes=1
[    0.000000] Hierarchical RCU implementation.
[    0.000000] 	Additional per-CPU info printed with stalls.
[    0.000000] 	Build-time adjustment of leaf fanout to 32.
[    0.000000] 	RCU restricting CPUs from NR_CPUS=16 to nr_cpu_ids=4.
[    0.000000] RCU: Adjusting geometry for rcu_fanout_leaf=32, nr_cpu_ids=4
[    0.000000] NR_IRQS:16 nr_irqs:16 16
[    0.000000] /interrupt-controller@60004000: 160 interrupts forwarded to /interrupt-controller@0,50041000
[    0.000000] L2C: failed to init: -19
[    0.000009] sched_clock: 32 bits at 1000kHz, resolution 1000ns, wraps every 2147483647500ns
[    0.000027] clocksource timer_us: mask: 0xffffffff max_cycles: 0xffffffff, max_idle_ns: 1911260446275 ns
[    0.000041] Switching to timer-based delay loop, resolution 1000ns
[    0.004523] Architected cp15 timer(s) running at 12.00MHz (virt).
[    0.004540] clocksource arch_sys_counter: mask: 0xffffffffffffff max_cycles: 0x2c47f4ee7, max_idle_ns: 440795202497 ns
[    0.004557] sched_clock: 56 bits at 12MHz, resolution 83ns, wraps every 4398046511096ns
[    0.004569] Switching to timer-based delay loop, resolution 83ns
[    0.004975] Console: colour dummy device 80x30
[    0.004999] Calibrating delay loop (skipped), value calculated using timer frequency.. 24.00 BogoMIPS (lpj=60000)
[    0.005012] pid_max: default: 32768 minimum: 301
[    0.005125] Mount-cache hash table entries: 2048 (order: 1, 8192 bytes)
[    0.005136] Mountpoint-cache hash table entries: 2048 (order: 1, 8192 bytes)
[    0.005723] CPU: Testing write buffer coherency: ok
[    0.005932] /cpus/cpu@0 missing clock-frequency property
[    0.005970] /cpus/cpu@1 missing clock-frequency property
[    0.006007] /cpus/cpu@2 missing clock-frequency property
[    0.006044] /cpus/cpu@3 missing clock-frequency property
[    0.006057] CPU0: thread -1, cpu 0, socket 0, mpidr 80000000
[    0.006101] Setting up static identity map for 0x80209000 - 0x80209098
[    0.008996] Tegra Revision: A01 SKU: 129 CPU Process: 1 SoC Process: 1
[    0.010338] CPU1: thread -1, cpu 1, socket 0, mpidr 80000001
[    0.010912] CPU2: thread -1, cpu 2, socket 0, mpidr 80000002
[    0.011478] CPU3: thread -1, cpu 3, socket 0, mpidr 80000003
[    0.011539] Brought up 4 CPUs
[    0.011560] SMP: Total of 4 processors activated (96.00 BogoMIPS).
[    0.011567] CPU: All CPU(s) started in SVC mode.
[    0.012092] devtmpfs: initialized
[    0.012965] VFP support v0.3: implementor 41 architecture 4 part 30 variant f rev 0
[    0.013446] clocksource jiffies: mask: 0xffffffff max_cycles: 0xffffffff, max_idle_ns: 9556302231375000 ns
[    0.015092] pinctrl core: initialized pinctrl subsystem
[    0.034366] NET: Registered protocol family 16
[    0.036382] DMA: preallocated 256 KiB pool for atomic coherent allocations
[    0.049631] cpuidle: using governor ladder
[    0.064652] cpuidle: using governor menu
[    0.081168] No ATAGs?
[    0.081201] hw-breakpoint: found 5 (+1 reserved) breakpoint and 4 watchpoint registers.
[    0.081211] hw-breakpoint: maximum watchpoint size is 8 bytes.
[    0.086051] Serial: AMBA PL011 UART driver
[    0.115303] +USB0_VBUS_SW: Failed to request enable GPIO108: -517
[    0.115428] reg-fixed-voltage regulators:regulator@7: Failed to register regulator: -517
[    0.115646] +5V_USB_HS: Failed to request enable GPIO109: -517
[    0.115761] reg-fixed-voltage regulators:regulator@8: Failed to register regulator: -517
[    0.116045] +1.05V_RUN_AVDD_HDMI_PLL: Failed to request enable GPIO63: -517
[    0.116158] reg-fixed-voltage regulators:regulator@11: Failed to register regulator: -517
[    0.116372] +5V_HDMI_CON: Failed to request enable GPIO86: -517
[    0.116483] reg-fixed-voltage regulators:regulator@12: Failed to register regulator: -517
[    0.116693] +5V_SATA: Failed to request enable GPIO242: -517
[    0.116805] reg-fixed-voltage regulators:regulator@13: Failed to register regulator: -517
[    0.117016] +12V_SATA: Failed to request enable GPIO242: -517
[    0.117125] reg-fixed-voltage regulators:regulator@14: Failed to register regulator: -517
[    0.119968] vgaarb: loaded
[    0.120768] SCSI subsystem initialized
[    0.120947] libata version 3.00 loaded.
[    0.121270] usbcore: registered new interface driver usbfs
[    0.121335] usbcore: registered new interface driver hub
[    0.121409] usbcore: registered new device driver usb
[    0.124913] media: Linux media interface: v0.10
[    0.124978] Linux video capture interface: v2.00
[    0.125029] pps_core: LinuxPPS API ver. 1 registered
[    0.125037] pps_core: Software ver. 5.3.6 - Copyright 2005-2007 Rodolfo Giometti <giometti@linux.it>
[    0.125067] PTP clock support registered
[    0.125335] EDAC MC: Ver: 3.0.0
[    0.127399] Advanced Linux Sound Architecture Driver Initialized.
[    0.128478] Switched to clocksource arch_sys_counter
[    0.139944] NET: Registered protocol family 2
[    0.140458] TCP established hash table entries: 8192 (order: 3, 32768 bytes)
[    0.140547] TCP bind hash table entries: 8192 (order: 4, 65536 bytes)
[    0.140734] TCP: Hash tables configured (established 8192 bind 8192)
[    0.140786] UDP hash table entries: 512 (order: 2, 16384 bytes)
[    0.140827] UDP-Lite hash table entries: 512 (order: 2, 16384 bytes)
[    0.141003] NET: Registered protocol family 1
[    0.141233] RPC: Registered named UNIX socket transport module.
[    0.141243] RPC: Registered udp transport module.
[    0.141250] RPC: Registered tcp transport module.
[    0.141258] RPC: Registered tcp NFSv4.1 backchannel transport module.
[    0.141280] PCI: CLS 0 bytes, default 64
[    0.143710] futex hash table entries: 1024 (order: 4, 65536 bytes)
[    0.155929] squashfs: version 4.0 (2009/01/31) Phillip Lougher
[    0.156892] NFS: Registering the id_resolver key type
[    0.156924] Key type id_resolver registered
[    0.156932] Key type id_legacy registered
[    0.157013] ntfs: driver 2.1.32 [Flags: R/O].
[    0.158186] bounce: pool size: 64 pages
[    0.158405] Block layer SCSI generic (bsg) driver version 0.4 loaded (major 248)
[    0.158426] io scheduler noop registered
[    0.158444] io scheduler deadline registered
[    0.158678] io scheduler cfq registered (default)
[    0.175079] tegra-pcie 1003000.pcie-controller: 2x1, 1x1 configuration
[    0.175129] tegra-pcie 1003000.pcie-controller: Failed to get supply 'avddio-pex': -517
[    0.181980] tegra-apbdma 60020000.dma: Tegra20 APB DMA driver register 32 channels
[    0.183221] tegra-pmc 7000e400.pmc: emergency thermal reset enabled
[    0.247033] Serial: 8250/16550 driver, 4 ports, IRQ sharing disabled
[    0.249319] SuperH (H)SCI(F) driver initialized
[    0.250285] msm_serial: driver initialized
[    0.251148] console [ttyS0] disabled
[    0.251180] 70006300.serial: ttyS0 at MMIO 0x70006300 (irq = 331, base_baud = 25500000) is a Tegra
[    1.081215] console [ttyS0] enabled
[    1.085520] STMicroelectronics ASC driver initialized
[    1.092922] [drm] Initialized drm 1.1.0 20060810
[    1.099539] tegra-hdmi 54280000.hdmi: failed to get HDMI regulator
[    1.112697] loop: module loaded
[    1.116171] at24 0-0056: 256 byte 24c02 EEPROM, writable, 8 bytes/write
[    1.124238] as3722 4-0040: AS3722 with revision 0x1 found
[    1.147217] +5V_SYS: supplied by +VDD_MUX
[    1.151283] +1.05V_RUN: supplied by +5V_SYS
[    1.155578] tegra-ahci 70027000.sata: Failed to get supply 'hvdd': -517
[    1.162252] tegra-ahci 70027000.sata: Failed to get regulators
[    1.172510] m25p80 spi32765.0: w25q32dw (4096 Kbytes)
[    1.180912] CAN device driver interface
[    1.186039] igb: Intel(R) Gigabit Ethernet Network Driver - version 5.2.15-k
[    1.193093] igb: Copyright (c) 2007-2014 Intel Corporation.
[    1.201512] pegasus: v0.9.3 (2013/04/25), Pegasus/Pegasus II USB Ethernet driver
[    1.208967] usbcore: registered new interface driver pegasus
[    1.214713] usbcore: registered new interface driver asix
[    1.220171] usbcore: registered new interface driver ax88179_178a
[    1.226319] usbcore: registered new interface driver cdc_ether
[    1.232235] usbcore: registered new interface driver smsc75xx
[    1.238066] usbcore: registered new interface driver smsc95xx
[    1.243869] usbcore: registered new interface driver net1080
[    1.249586] usbcore: registered new interface driver cdc_subset
[    1.255560] usbcore: registered new interface driver zaurus
[    1.261224] usbcore: registered new interface driver cdc_ncm
[    1.267129] tegra-phy 7d004000.usb-phy: no vbus regulator
[    1.274372] ehci_hcd: USB 2.0 'Enhanced' Host Controller (EHCI) Driver
[    1.280912] ehci-pci: EHCI PCI platform driver
[    1.285422] ehci-platform: EHCI generic platform driver
[    1.290869] ehci-omap: OMAP-EHCI Host Controller driver
[    1.296249] ehci-orion: EHCI orion driver
[    1.300416] SPEAr-ehci: EHCI SPEAr driver
[    1.304585] ehci-st: EHCI STMicroelectronics driver
[    1.309628] ehci-exynos: EHCI EXYNOS driver
[    1.313992] ehci-atmel: EHCI Atmel driver
[    1.318143] tegra-ehci: Tegra EHCI driver
[    1.322491] tegra-ehci 7d004000.usb: EHCI Host Controller
[    1.327926] tegra-ehci 7d004000.usb: new USB bus registered, assigned bus number 1
[    1.335666] tegra-ehci 7d004000.usb: irq 348, io mem 0x7d004000
[    1.348498] tegra-ehci 7d004000.usb: USB 2.0 started, EHCI 1.10
[    1.355234] hub 1-0:1.0: USB hub found
[    1.359044] hub 1-0:1.0: 1 port detected
[    1.363594] ohci_hcd: USB 1.1 'Open' Host Controller (OHCI) Driver
[    1.369804] ohci-pci: OHCI PCI platform driver
[    1.374320] ohci-platform: OHCI generic platform driver
[    1.379741] ohci-omap3: OHCI OMAP3 driver
[    1.383915] SPEAr-ohci: OHCI SPEAr driver
[    1.388079] ohci-st: OHCI STMicroelectronics driver
[    1.393122] ohci-atmel: OHCI Atmel driver
[    1.397387] usbcore: registered new interface driver usb-storage
[    1.405004] mousedev: PS/2 mouse device common for all mice
[    1.414479] as3722-rtc as3722-rtc: rtc core: registered as3722-rtc as rtc0
[    1.421365] as3722-rtc as3722-rtc: RTC interrupt 367
[    1.429559] tegra_rtc 7000e000.rtc: rtc core: registered 7000e000.rtc as rtc1
[    1.436741] tegra_rtc 7000e000.rtc: Tegra internal Real Time Clock
[    1.443691] i2c /dev entries driver
[    1.450153] usbcore: registered new interface driver uvcvideo
[    1.455909] USB Video Class driver (1.1.1)
[    1.460016] gspca_main: v2.14.0 registered
[    1.466089] 0-004c supply vcc not found, using dummy regulator
[    1.478106] sdhci: Secure Digital Host Controller Interface driver
[    1.484308] sdhci: Copyright(c) Pierre Ossman
[    1.490350] Synopsys Designware Multimedia Card Interface Driver
[    1.497553] sdhci-pltfm: SDHCI platform and OF driver helper
[    1.503966] sdhci-tegra 700b0400.sdhci: Got CD GPIO
[    1.508873] sdhci-tegra 700b0400.sdhci: Got WP GPIO
[    1.513805] mmc0: Unknown controller version (3). You may experience problems.
[    1.521154] as3722-regulator as3722-regulator: Failed to resolve vin-ldo1-6-supply for as3722-ldo6
[    1.530121] sdhci-tegra 700b0400.sdhci: No vmmc regulator found
[    1.536211] mmc0: Unknown controller version (3). You may experience problems.
[    1.543493] sdhci-tegra 700b0600.sdhci: No vmmc regulator found
[    1.549417] sdhci-tegra 700b0600.sdhci: No vqmmc regulator found
[    1.555423] mmc0: Invalid maximum block size, assuming 512 bytes
[    1.593497] mmc0: SDHCI controller on 700b0600.sdhci [700b0600.sdhci] using ADMA 64-bit
[    1.602926] ledtrig-cpu: registered to indicate activity on CPUs
[    1.609160] usbcore: registered new interface driver usbhid
[    1.614739] usbhid: USB HID core driver
[    1.626497] usbcore: registered new interface driver snd-usb-audio
[    1.637455] mmc0: MAN_BKOPS_EN bit is not set
[    1.645039] mmc0: new high speed MMC card at address 0001
[    1.650808] mmcblk0: mmc0:0001 SEM16G 14.6 GiB 
[    1.655456] mmcblk0boot0: mmc0:0001 SEM16G partition 1 4.00 MiB
[    1.661488] mmcblk0boot1: mmc0:0001 SEM16G partition 2 4.00 MiB
[    1.667518] mmcblk0rpmb: mmc0:0001 SEM16G partition 3 4.00 MiB
[    1.675327] Primary GPT is invalid, using alternate GPT.
[    1.680677]  mmcblk0: p1 p2 p3 p4 p5 p6 p7 p8 p9
[    2.051538] tegra30-i2s 70301100.i2s: DMA channels sourced from device 70300000.ahub
[    2.067555] tegra-snd-rt5640 sound: rt5640-aif1 <-> 70301100.i2s mapping ok
[    2.077424] input: NVIDIA Tegra Jetson TK1 Headphones as /devices/soc0/sound/sound/card0/input0
[    2.087580] NET: Registered protocol family 17
[    2.092058] can: controller area network core (rev 20120528 abi 9)
[    2.098310] NET: Registered protocol family 29
[    2.102774] can: raw protocol (rev 20120528)
[    2.107058] can: broadcast manager protocol (rev 20120528 t)
[    2.112734] can: netlink gateway (rev 20130117) max_hops=1
[    2.118630] Key type dns_resolver registered
[    2.123525] ThumbEE CPU extension supported.
[    2.127800] Registering SWP/SWPB emulation handler
[    2.140724] tegra-pcie 1003000.pcie-controller: 2x1, 1x1 configuration
[    2.147578] +3.3V_SYS: supplied by +VDD_MUX
[    2.151857] +3.3V_LP0: supplied by +3.3V_SYS
[    2.156445] +1.35V_LP0(sd2): supplied by +5V_SYS
[    2.161146] +1.05V_RUN_AVDD: supplied by +1.35V_LP0(sd2)
[    2.167879] tegra-pcie 1003000.pcie-controller: probing port 0, using 2 lanes
[    2.177393] tegra-pcie 1003000.pcie-controller: Slot present pin change, signature: 00000008
[    2.609490] tegra-pcie 1003000.pcie-controller: link 0 down, retrying
[    3.044945] tegra-pcie 1003000.pcie-controller: link 0 down, retrying
[    3.480372] tegra-pcie 1003000.pcie-controller: link 0 down, retrying
[    3.488991] tegra-pcie 1003000.pcie-controller: link 0 down, ignoring
[    3.495499] tegra-pcie 1003000.pcie-controller: probing port 1, using 1 lanes
[    3.505007] tegra-pcie 1003000.pcie-controller: Slot present pin change, signature: 00000000
[    3.937883] tegra-pcie 1003000.pcie-controller: link 1 down, retrying
[    4.372956] tegra-pcie 1003000.pcie-controller: link 1 down, retrying
[    4.808291] tegra-pcie 1003000.pcie-controller: link 1 down, retrying
[    4.816914] tegra-pcie 1003000.pcie-controller: link 1 down, ignoring
[    4.823654] tegra-pcie 1003000.pcie-controller: PCI host bridge to bus 0000:00
[    4.830888] pci_bus 0000:00: root bus resource [mem 0x13000000-0x1fffffff]
[    4.837770] pci_bus 0000:00: root bus resource [mem 0x20000000-0x3fffffff pref]
[    4.845084] pci_bus 0000:00: root bus resource [bus 00-ff]
[    4.850585] pci_bus 0000:00: root bus resource [io  0x1000-0xffff]
[    4.856797] PCI: bus0: Fast back to back transfers enabled
[    4.863050] +5V_HDMI_CON: supplied by +5V_SYS
[    4.867530] +1.05V_RUN_AVDD_HDMI_PLL: supplied by +1.05V_RUN
[    4.873324] +3.3V_RUN: supplied by +3.3V_SYS
[    4.877650] +3.3V_AVDD_HDMI_AP_GATED: supplied by +3.3V_RUN
[    4.885299] [drm] Supports vblank timestamp caching Rev 2 (21.10.2013).
[    4.891968] [drm] No driver support for vblank timestamp query.
[    5.107128] Console: switching to colour frame buffer device 512x135
[    5.193993] drm drm: fb0:  frame buffer device
[    5.198430] drm drm: registered panic notifier
[    5.213650] [drm] Initialized tegra 0.0.0 20120330 on minor 0
[    5.220539] +5V_SATA: supplied by +5V_SYS
[    5.224679] +12V_SATA: supplied by +VDD_MUX
[    5.229264] tegra-ahci 70027000.sata: AHCI 0001.0301 32 slots 2 ports 3 Gbps 0x1 impl platform mode
[    5.238321] tegra-ahci 70027000.sata: flags: 64bit ncq sntf pm led pio slum part sadm sds apst 
[    5.249396] scsi host0: tegra-ahci
[    5.254104] scsi host1: tegra-ahci
[    5.257840] ata1: SATA max UDMA/133 mmio [mem 0x70027000-0x70028fff] port 0x100 irq 341
[    5.265870] ata2: DUMMY
[    5.269582] +5V_USB_HS: supplied by +5V_SYS
[    5.275060] tegra-ehci 7d008000.usb: EHCI Host Controller
[    5.280519] tegra-ehci 7d008000.usb: new USB bus registered, assigned bus number 2
[    5.288296] tegra-ehci 7d008000.usb: irq 349, io mem 0x7d008000
[    5.303633] tegra-ehci 7d008000.usb: USB 2.0 started, EHCI 1.10
[    5.310509] hub 2-0:1.0: USB hub found
[    5.314330] hub 2-0:1.0: 1 port detected
[    5.319673] cpufreq: cpufreq_add_dev: CPU0: Running at unlisted freq: 696000 KHz
[    5.327116] cpufreq: cpufreq_add_dev: CPU0: Unlisted initial frequency changed to: 714000 KHz
[    5.336400] sdhci-tegra 700b0400.sdhci: Got CD GPIO
[    5.341309] sdhci-tegra 700b0400.sdhci: Got WP GPIO
[    5.346237] mmc1: Unknown controller version (3). You may experience problems.
[    5.353593] +VDDIO_SDMMC3: supplied by +3.3V_RUN
[    5.358255] sdhci-tegra 700b0400.sdhci: No vmmc regulator found
[    5.364230] mmc1: Invalid maximum block size, assuming 512 bytes
[    5.403762] mmc1: SDHCI controller on 700b0400.sdhci [700b0400.sdhci] using ADMA 64-bit
[    5.412545] input: gpio-keys as /devices/soc0/gpio-keys/input/input1
[    5.419582] as3722-rtc as3722-rtc: setting system clock to 2000-02-01 00:00:18 UTC (949363218)
[    5.432235] +USB0_VBUS_SW: disabling
[    5.435932] +1.8V_RUN_VPP_FUSE: disabling
[    5.440074] +2.8V_RUN_CAM_AF: disabling
[    5.444002] +3.3V_RUN_TOUCH: disabling
[    5.447835] +1.05V_RUN_CAM_REAR: disabling
[    5.452021] +1.2V_RUN_CAM_FRONT: disabling
[    5.456206] +2.8V_RUN_CAM: disabling
[    5.459878] +1.8V_RUN_CAM: disabling
[    5.463712] ALSA device list:
[    5.466667]   #0: NVIDIA Tegra Jetson TK1
[    5.593585] ata1: SATA link down (SStatus 0 SControl 300)
[    5.599672] EXT4-fs (mmcblk0p1): couldn't mount as ext3 due to feature incompatibilities
[    5.608248] EXT4-fs (mmcblk0p1): couldn't mount as ext2 due to feature incompatibilities
[    5.620819] EXT4-fs (mmcblk0p1): recovery complete
[    5.625638] EXT4-fs (mmcblk0p1): mounted filesystem with ordered data mode. Opts: (null)
[    5.633785] VFS: Mounted root (ext4 filesystem) on device 179:1.
[    5.633877] usb 2-1: new high-speed USB device number 2 using tegra-ehci
[    5.650996] devtmpfs: mounted
[    5.654569] Freeing unused kernel memory: 936K (c0daa000 - c0e94000)
bash: cannot set terminal process group (-1): Inappropriate ioctl for device
bash: no job control in this shell
root@(none):/# 