Rebooting device after flashing.
[0000.000] TegraBoot Init
[0000.003] Processing in cold boot mode
NVRM Initialized shmoo database
NVRM CLOCKS: PLLX0:      0 Khz
NVRM CLOCKS: PLLM0:      792000 Khz
NVRM CLOCKS: PLLC0:      0 Khz
NVRM CLOCKS: PLLP0:      408000 Khz
NVRM CLOCKS: PLLA0:      11289 Khz
NVRM CLOCKS: CPU:        12000 Khz
NVRM CLOCKS: AVP:        48000 Khz
NVRM CLOCKS: System Bus: 48000 Khz
NVRM CLOCKS: Memory Controller: 792000
NVRM CLOCKS: External Memory Controller: 792000
0x00 BoardInfo: 0x0001:0x0007:0x065c:0x03e8:0x00:0x42:0x00:0xff:0xff:0xff:0xff:0xff:0xff
 0x01 BoardInfo: 0x0001:0x0007:0x0162:0x0001:0x00:0x42:0x00:0x00:0x00:0x00:0x00:0x00:0x00
 0x02 BoardInfo: 0x0000:0x0000:0x0000:0x0000:0x00:0x00:0x00:0x00:0x00:0x00:0x00:0x00:0x00
 0x03 BoardInfo: 0x0000:0x0000:0x0000:0x0000:0x00:0x00:0x00:0x00:0x00:0x00:0x00:0x00:0x00
 0x04 BoardInfo: 0x0001:0x0007:0x0713:0x03e8:0x00:0x42:0x00:0xff:0xff:0xff:0xff:0xff:0xff
 0x05 BoardInfo: 0x0000:0x0000:0x0000:0x0000:0x00:0x00:0x00:0x00:0x00:0x00:0x00:0x00:0x00
 0x06 BoardInfo: 0x0001:0x0007:0x0176:0x0001:0x01:0x43:0x00:0xff:0xff:0xff:0xff:0xff:0xff
 0x07 BoardInfo: 0x0001:0x0007:0x0156:0x0000:0x00:0x46:0x05:0xff:0xff:0xff:0xff:0xff:0xff
 ADJUSTED CLOCKS:
MC clock is set to 792000 KHz
EMC clock is set to 792000 KHz (DDR clock is at 396000 KHz)
PLLX0 clock is set to      0 KHz
PLLC0 clock is set to      0 KHz
CPU clock is set to  12000 KHz
System and AVP clock is set to  48000 KHz
GraphicsHost clock is set to 163200 KHz
MSENC clock is set to  79200 KHz
Vde clock is set to 204000 KHz

Bootloader-Cpu Init at (time stamp): 1800236 us

Pinmux changes applied in kernel way

[bootloader] (version UNDEF_BUILD)
Platform Pre Boot configuration...
The proc BoardInfo: 0x0176:0x0001:0x01:0x43:0x00
Initializing Display
This Pmu Module is not present.

[bootloader] (version UNDEF_BUILD)

Device - Unlocked 



Serial Number  17418A202140000000A078300 

Checking for android ota recovery 
[NvPartMgrGetIdByName]:Could not find a match for given partition name[NvPartMgrGetIdByName]:Could not find a match for given partition name(FastbootBMPRead) Unsuccesful attempt to read BMP image
Could not render BMP on screen
Cold-booting Linux
Platform Pre OS Boot configuration...
Setting VddId=2 to 1150 mV
FastbootAddAtag: setting ATAG (1413545985)
The proc BoardInfo: 0x0176:0x0001:0x01:0x43:0x00
FastbootAddAtag: setting ATAG (0)

Board Id Read Time: 4 us
Power Rail enable Time: 1 us

Miscellaneous avp time: 1800209  us
Bootloader (AosInit) time: 733459 us
Bootloader Main Init time: 180292 us
BlockDevMgrInit time: 157529 us
PartMgrInit time: 8 us
StorMgrInit time: 31 us
FsMgrInit time: 2 us
Partition Table load: 77070 us 
Display init time: 574649 us
Kernel read time: 247 msec
Load Kernel Size:   10700800 Bytes
Bl Kernel ReadSpeed: 43323000 Bytes/sec
Pre-Kernel Jump time: 1310641 us
Clearing 32 Bit State and Warm resetting to 64bit mode: 5245641 us
Booting Linux on physical CPU 0x0
Initializing cgroup subsys cpu
Linux version 4.3.0+ (pwalmsley@tamien) (gcc version 4.9.2 20140904 (prerelease) (crosstool-NG linaro-1.13.1-4.9-2014.09 - Linaro GCC 4.9-2014.09) ) #1 SMP PREEMPT Thu Feb 18 06:46:14 PST 2016
Boot CPU: AArch64 Processor [4e0f0000]
Memory limited to 1734MB
efi: Getting EFI parameters from FDT:
efi: UEFI not found.
cma: Reserved 16 MiB at 0x00000000eb400000
/cpus/cpu@1: missing enable-method property
PERCPU: Embedded 15 pages/cpu @ffffffc06c5af000 s24576 r8192 d28672 u61440
Detected PIPT I-cache on CPU0
Built 1 zonelists in Zone order, mobility grouping on.  Total pages: 436968
Kernel command line: tegraid=13.1.3.0.0 mem=1734M@2048M memtype=255 vpr=151M@3817M ddr_die=2048M@2048M section=256M commchip_id=0 usb_port_owner_info=0 lane_owner_info=0 emc_max_dvfs=0 touch_id=0@0 video=tegrafb no_console_suspend=1 console=ttyS0,115200n8 debug_uartport=lsport,0 earlyprintk=uart8250-32bit,0x70006000 usbcore.old_scheme_first=1 lp0_vec=0@0x0 tegra_fbmem=32899072@0xad012000 core_edp_mv=1150 core_edp_ma=4000 pmuboard=0x0176:0x0001:0x01:0x43:0x00 displayboard=0x0162:0x0001:0x00:0x42:0x00 power_supply=Adapter audio_codec=rt5640 board_info=0x0176:0x0001:0x01:0x43:0x00 tegraboot=sdmmc gpt gpt_sector=94207 modem_id=0 android.kerneltype=normal
PID hash table entries: 4096 (order: 3, 32768 bytes)
Dentry cache hash table entries: 262144 (order: 9, 2097152 bytes)
Inode-cache hash table entries: 131072 (order: 8, 1048576 bytes)
software IO TLB [mem 0xe5200000-0xe9200000] (64MB) mapped at [ffffffc065200000-ffffffc0691fffff]
Memory: 1646368K/1775616K available (5450K kernel code, 488K rwdata, 2300K rodata, 540K init, 211K bss, 112864K reserved, 16384K cma-reserved)
Virtual kernel memory layout:
    vmalloc : 0xffffff8000000000 - 0xffffffbdbfff0000   (   246 GB)
    vmemmap : 0xffffffbdc0000000 - 0xffffffbfc0000000   (     8 GB maximum)
              0xffffffbdc2000000 - 0xffffffbdc3b18000   (    27 MB actual)
    fixed   : 0xffffffbffa7fd000 - 0xffffffbffac00000   (  4108 KB)
    PCI I/O : 0xffffffbffae00000 - 0xffffffbffbe00000   (    16 MB)
    modules : 0xffffffbffc000000 - 0xffffffc000000000   (    64 MB)
    memory  : 0xffffffc000000000 - 0xffffffc06c600000   (  1734 MB)
      .init : 0xffffffc000814000 - 0xffffffc00089b000   (   540 KB)
      .text : 0xffffffc000080000 - 0xffffffc0008139f4   (  7759 KB)
      .data : 0xffffffc0008ac000 - 0xffffffc000926200   (   489 KB)
SLUB: HWalign=64, Order=0-3, MinObjects=0, CPUs=1, Nodes=1
Preemptible hierarchical RCU implementation.
	Build-time adjustment of leaf fanout to 64.
	RCU restricting CPUs from NR_CPUS=64 to nr_cpu_ids=1.
RCU: Adjusting geometry for rcu_fanout_leaf=64, nr_cpu_ids=1
NR_IRQS:64 nr_irqs:64 0
/interrupt-controller@60004000: 160 interrupts forwarded to /interrupt-controller@0,50041000
Architected cp15 timer(s) running at 12.00MHz (virt).
clocksource: arch_sys_counter: mask: 0xffffffffffffff max_cycles: 0x2c47f4ee7, max_idle_ns: 440795202497 ns
sched_clock: 56 bits at 12MHz, resolution 83ns, wraps every 4398046511096ns
Console: colour dummy device 80x25
Calibrating delay loop (skipped), value calculated using timer frequency.. 24.00 BogoMIPS (lpj=48000)
pid_max: default: 32768 minimum: 301
Security Framework initialized
Mount-cache hash table entries: 4096 (order: 3, 32768 bytes)
Mountpoint-cache hash table entries: 4096 (order: 3, 32768 bytes)
Initializing cgroup subsys memory
Initializing cgroup subsys hugetlb
EFI services will not be available.
ASID allocator initialised with 256 entries
Brought up 1 CPUs
SMP: Total of 1 processors activated.
CPU: All CPU(s) started at EL1
devtmpfs: initialized
DMI not present or invalid.
clocksource: jiffies: mask: 0xffffffff max_cycles: 0xffffffff, max_idle_ns: 7645041785100000 ns
pinctrl core: initialized pinctrl subsystem
NET: Registered protocol family 16
cpuidle: using governor ladder
cpuidle: using governor menu
vdso: 2 pages (1 code @ ffffffc0008b1000, 1 data @ ffffffc0008b0000)
hw-breakpoint: found 6 breakpoint and 4 watchpoint registers.
DMA: preallocated 256 KiB pool for atomic allocations
Serial: AMBA PL011 UART driver
+VDD_LED: Failed to request enable GPIO122: -517
reg-fixed-voltage regulators:regulator@5: Failed to register regulator: -517
+5V_USB_HS: Failed to request enable GPIO108: -517
reg-fixed-voltage regulators:regulator@6: Failed to register regulator: -517
+5V_USB_SS: Failed to request enable GPIO109: -517
reg-fixed-voltage regulators:regulator@7: Failed to register regulator: -517
+1.05V_RUN_AVDD_HDMI_PLL_AP_GATE: Failed to request enable GPIO63: -517
reg-fixed-voltage regulators:regulator@9: Failed to register regulator: -517
+5V_HDMI_CON: Failed to request enable GPIO86: -517
reg-fixed-voltage regulators:regulator@10: Failed to register regulator: -517
+5V_VDD_TS: Failed to request enable GPIO81: -517
reg-fixed-voltage regulators:regulator@11: Failed to register regulator: -517
vgaarb: loaded
SCSI subsystem initialized
usbcore: registered new interface driver usbfs
usbcore: registered new interface driver hub
usbcore: registered new device driver usb
dmi: Firmware registration failed.
clocksource: Switched to clocksource arch_sys_counter
NET: Registered protocol family 2
TCP established hash table entries: 16384 (order: 5, 131072 bytes)
TCP bind hash table entries: 16384 (order: 6, 262144 bytes)
TCP: Hash tables configured (established 16384 bind 16384)
UDP hash table entries: 1024 (order: 3, 32768 bytes)
UDP-Lite hash table entries: 1024 (order: 3, 32768 bytes)
NET: Registered protocol family 1
RPC: Registered named UNIX socket transport module.
RPC: Registered udp transport module.
RPC: Registered tcp transport module.
RPC: Registered tcp NFSv4.1 backchannel transport module.
Unpacking initramfs...
Freeing initrd memory: 1588K (ffffffc001680000 - ffffffc00180d000)
kvm [1]: HYP mode not available
futex hash table entries: 256 (order: 3, 32768 bytes)
audit: initializing netlink subsys (disabled)
audit: type=2000 audit(0.783:1): initialized
HugeTLB registered 2 MB page size, pre-allocated 0 pages
VFS: Disk quotas dquot_6.6.0
VFS: Dquot-cache hash table entries: 512 (order 0, 4096 bytes)
NFS: Registering the id_resolver key type
Key type id_resolver registered
Key type id_legacy registered
fuse init (API version 7.23)
9p: Installing v9fs 9p2000 file system support
io scheduler noop registered
io scheduler cfq registered (default)
tegra-pmc 7000e400.pmc: i2c-thermtrip node not found, emergency thermal reset disabled.
Serial: 8250/16550 driver, 4 ports, IRQ sharing disabled
msm_serial: driver initialized
console [ttyS0] disabled
70006000.serial: ttyS0 at MMIO 0x70006000 (irq = 317, base_baud = 25500000) is a Tegra
console [ttyS0] enabled
Unable to detect cache hierarchy from DT for CPU 0
loop: module loaded
tun: Universal TUN/TAP device driver, 1.6
tun: (C) 1999-2004 Max Krasnyansky <maxk@qualcomm.com>
sky2: driver version 1.30
ehci_hcd: USB 2.0 'Enhanced' Host Controller (EHCI) Driver
ehci-pci: EHCI PCI platform driver
ehci-platform: EHCI generic platform driver
ohci_hcd: USB 1.1 'Open' Host Controller (OHCI) Driver
ohci-pci: OHCI PCI platform driver
ohci-platform: OHCI generic platform driver
usbcore: registered new interface driver usb-storage
mousedev: PS/2 mouse device common for all mice
sdhci: Secure Digital Host Controller Interface driver
sdhci: Copyright(c) Pierre Ossman
Synopsys Designware Multimedia Card Interface Driver
sdhci-pltfm: SDHCI platform and OF driver helper
ledtrig-cpu: registered to indicate activity on CPUs
usbcore: registered new interface driver usbhid
usbhid: USB HID core driver
NET: Registered protocol family 17
9pnet: Installing 9P2000 support
Key type dns_resolver registered
registered taskstats version 1
input: gpio-keys as /devices/platform/gpio-keys/input/input0
hctosys: unable to open rtc device (rtc0)
+3.3V_AVDD_HDMI_AP_GATED: disabling
+VDD_LED: disabling
+5V_USB_HS: disabling
+5V_USB_SS: disabling
+1.05V_RUN_AVDD_HDMI_PLL_AP_GATE: disabling
+5V_HDMI_CON: disabling
Freeing unused kernel memory: 540K (ffffffc000814000 - ffffffc00089b000)
Freeing alternatives memory: 48K (ffffffc00089b000 - ffffffc0008a7000)

System initialization...

Mounting /proc :[SUCCESS]
Mounting /sys :[SUCCESS]
Mounting /dev :[SUCCESS]
Mounting /dev/pts :[SUCCESS]
Mounting /sys/kernel/debug :[SUCCESS]
Mounting other filesystems :[SUCCESS]
Enabling hot-plug :[SUCCESS]
Starting syslogd :[SUCCESS]

System initialization complete.



Please press Enter to activate this console. 