
U-Boot SPL 2014.01-00219-gc4d376f (Feb 18 2014 - 19:57:18)


U-Boot 2014.01-00219-gc4d376f (Feb 18 2014 - 19:57:18)

TEGRA30
Board: NVIDIA Beaver
I2C:   ready
DRAM:  2 GiB
MMC:   Tegra SD/MMC: 0, Tegra SD/MMC: 1
In:    serial
Out:   serial
Err:   serial
Net:   Net Initialization Skipped
No ethernet found.
Hit any key to stop autoboot:  2  0 
Tegra30 (Beaver) # 
Tegra30 (Beaver) # usb reset
(Re)start USB...
USB0:   USB EHCI 1.00
scanning bus 0 for devices... 2 USB Device(s) found
       scanning usb for storage devices... 0 Storage Device(s) found
       scanning usb for ethernet devices... 
Warning: asx0 using MAC address from net device
1 Ethernet Device(s) found
Tegra30 (Beaver) # setenv bootargs 'ignore_loglevel console=ttyS0,115200n8 rw root=/dev/mmcblk0p1 rootwait gpt debug init=/bin/bash noinitrd'
Tegra30 (Beaver) # setenv ipaddr 192.168.100.101; setenv serverip 192.168.100.1; setenv tftpserverip 192.168.100.1
Tegra30 (Beaver) # tftpboot 0x81000000 zImage.multi_v7_defconfig
Using asx0 device
TFTP from server 192.168.100.1; our IP address is 192.168.100.101
Filename 'zImage.multi_v7_defconfig'.
Load address: 0x81000000
Loading: *#################################################################
	 #################################################################
	 #################################################################
	 #################################################################
	 #################################################################
	 #################################################################
	 ##############################
	 3.3 MiB/s
done
Bytes transferred = 6155136 (5deb80 hex)
Tegra30 (Beaver) # tftpboot 0x82000000 tegra30-beaver.dtb
Using asx0 device
TFTP from server 192.168.100.1; our IP address is 192.168.100.101
Filename 'tegra30-beaver.dtb'.
Load address: 0x82000000
Loading: *####
	 3.1 MiB/s
done
Bytes transferred = 51467 (c90b hex)
Tegra30 (Beaver) # bootz 0x81000000 - 0x82000000
Kernel image @ 0x81000000 [ 0x000000 - 0x5deb80 ]
## Flattened Device Tree blob at 82000000
   Booting using the fdt blob at 0x82000000
   Loading Device Tree to 8fff0000, end 8ffff90a ... OK

Starting kernel ...

[    0.000000] Booting Linux on physical CPU 0x0
[    0.000000] Linux version 4.2.0-rc7-28329-gf4566ed (pwalmsley@sellafield) (gcc version 4.7.3 20130328 (prerelease) (crosstool-NG linaro-1.13.1-4.7-2013.04-20130415 - Linaro GCC 2013.04) ) #1 SMP Wed Aug 19 05:10:51 PDT 2015
[    0.000000] CPU: ARMv7 Processor [412fc099] revision 9 (ARMv7), cr=10c5387d
[    0.000000] CPU: PIPT / VIPT nonaliasing data cache, VIPT aliasing instruction cache
[    0.000000] Machine model: NVIDIA Tegra30 Beaver evaluation board
[    0.000000] debug: ignoring loglevel setting.
[    0.000000] cma: Reserved 64 MiB at 0xfb800000
[    0.000000] Memory policy: Data cache writealloc
[    0.000000] On node 0 totalpages: 524032
[    0.000000] free_area_init_node: node 0, pgdat c0efdb00, node_mem_map ee7f8000
[    0.000000]   DMA zone: 1520 pages used for memmap
[    0.000000]   DMA zone: 0 pages reserved
[    0.000000]   DMA zone: 194560 pages, LIFO batch:31
[    0.000000]   HighMem zone: 329472 pages, LIFO batch:31
[    0.000000] PERCPU: Embedded 11 pages/cpu @ee797000 s14784 r8192 d22080 u45056
[    0.000000] pcpu-alloc: s14784 r8192 d22080 u45056 alloc=11*4096
[    0.000000] pcpu-alloc: [0] 0 [0] 1 [0] 2 [0] 3 
[    0.000000] Built 1 zonelists in Zone order, mobility grouping on.  Total pages: 522512
[    0.000000] Kernel command line: ignore_loglevel console=ttyS0,115200n8 rw root=/dev/mmcblk0p1 rootwait gpt debug init=/bin/bash noinitrd
[    0.000000] PID hash table entries: 4096 (order: 2, 16384 bytes)
[    0.000000] Dentry cache hash table entries: 131072 (order: 7, 524288 bytes)
[    0.000000] Inode-cache hash table entries: 65536 (order: 6, 262144 bytes)
[    0.000000] Memory: 1999332K/2096128K available (7782K kernel code, 1038K rwdata, 3508K rodata, 944K init, 327K bss, 31260K reserved, 65536K cma-reserved, 1252352K highmem)
[    0.000000] Virtual kernel memory layout:
[    0.000000]     vector  : 0xffff0000 - 0xffff1000   (   4 kB)
[    0.000000]     fixmap  : 0xffc00000 - 0xfff00000   (3072 kB)
[    0.000000]     vmalloc : 0xf0000000 - 0xff000000   ( 240 MB)
[    0.000000]     lowmem  : 0xc0000000 - 0xef800000   ( 760 MB)
[    0.000000]     pkmap   : 0xbfe00000 - 0xc0000000   (   2 MB)
[    0.000000]     modules : 0xbf000000 - 0xbfe00000   (  14 MB)
[    0.000000]       .text : 0xc0208000 - 0xc0d0faa0   (11295 kB)
[    0.000000]       .init : 0xc0d10000 - 0xc0dfc000   ( 944 kB)
[    0.000000]       .data : 0xc0dfc000 - 0xc0effb00   (1039 kB)
[    0.000000]        .bss : 0xc0f02000 - 0xc0f53c28   ( 328 kB)
[    0.000000] SLUB: HWalign=64, Order=0-3, MinObjects=0, CPUs=4, Nodes=1
[    0.000000] Hierarchical RCU implementation.
[    0.000000] 	Additional per-CPU info printed with stalls.
[    0.000000] 	Build-time adjustment of leaf fanout to 32.
[    0.000000] 	RCU restricting CPUs from NR_CPUS=16 to nr_cpu_ids=4.
[    0.000000] RCU: Adjusting geometry for rcu_fanout_leaf=32, nr_cpu_ids=4
[    0.000000] NR_IRQS:16 nr_irqs:16 16
[    0.000000] /interrupt-controller@60004000: 160 interrupts forwarded to /interrupt-controller@50041000
[    0.000000] L2C: platform modifies aux control register: 0x02080000 -> 0x3e480001
[    0.000000] L2C: DT/platform modifies aux control register: 0x02080000 -> 0x3e480001
[    0.000000] L2C-310 erratum 769419 enabled
[    0.000000] L2C-310 enabling early BRESP for Cortex-A9
[    0.000000] L2C-310: enabling full line of zeros but not enabled in Cortex-A9
[    0.000000] L2C-310 dynamic clock gating enabled, standby mode enabled
[    0.000000] L2C-310 cache controller enabled, 8 ways, 1024 kB
[    0.000000] L2C-310: CACHE_ID 0x410000c7, AUX_CTRL 0x4e480001
[    0.000014] sched_clock: 32 bits at 1000kHz, resolution 1000ns, wraps every 2147483647500ns
[    0.000032] clocksource: timer_us: mask: 0xffffffff max_cycles: 0xffffffff, max_idle_ns: 1911260446275 ns
[    0.000041] Switching to timer-based delay loop, resolution 1000ns
[    0.002692] Console: colour dummy device 80x30
[    0.002715] Calibrating delay loop (skipped), value calculated using timer frequency.. 2.00 BogoMIPS (lpj=5000)
[    0.002724] pid_max: default: 32768 minimum: 301
[    0.002808] Mount-cache hash table entries: 2048 (order: 1, 8192 bytes)
[    0.002815] Mountpoint-cache hash table entries: 2048 (order: 1, 8192 bytes)
[    0.003231] CPU: Testing write buffer coherency: ok
[    0.003497] CPU0: thread -1, cpu 0, socket 0, mpidr 80000000
[    0.003567] Setting up static identity map for 0x80209000 - 0x80209098
[    0.005686] Tegra Revision: A03 SKU: 128 CPU Process: 4 Core Process: 0
[    0.006798] CPU1: thread -1, cpu 1, socket 0, mpidr 80000001
[    0.007433] CPU2: thread -1, cpu 2, socket 0, mpidr 80000002
[    0.008057] CPU3: thread -1, cpu 3, socket 0, mpidr 80000003
[    0.008093] Brought up 4 CPUs
[    0.008104] SMP: Total of 4 processors activated (8.00 BogoMIPS).
[    0.008110] CPU: All CPU(s) started in SVC mode.
[    0.008533] devtmpfs: initialized
[    0.016652] VFP support v0.3: implementor 41 architecture 3 part 30 variant 9 rev 4
[    0.017346] clocksource: jiffies: mask: 0xffffffff max_cycles: 0xffffffff, max_idle_ns: 9556302231375000 ns
[    0.020888] pinctrl core: initialized pinctrl subsystem
[    0.022318] NET: Registered protocol family 16
[    0.024429] DMA: preallocated 256 KiB pool for atomic coherent allocations
[    0.039934] cpuidle: using governor ladder
[    0.054927] cpuidle: using governor menu
[    0.063367] No ATAGs?
[    0.063400] hw-breakpoint: found 5 (+1 reserved) breakpoint and 1 watchpoint registers.
[    0.063407] hw-breakpoint: maximum watchpoint size is 4 bytes.
[    0.066170] Serial: AMBA PL011 UART driver
[    0.067123] tegra-mc 7000f000.memory-controller: no memory timings for RAM code 3 registered
[    0.087905] vdd_5v_sata: Failed to request enable GPIO30: -517
[    0.087975] reg-fixed-voltage regulators:regulator@3: Failed to register regulator: -517
[    0.088080] usb1_vbus: Failed to request enable GPIO238: -517
[    0.088130] reg-fixed-voltage regulators:regulator@4: Failed to register regulator: -517
[    0.088229] usb3_vbus: Failed to request enable GPIO236: -517
[    0.088280] reg-fixed-voltage regulators:regulator@5: Failed to register regulator: -517
[    0.088426] sys_3v3_pexs: Failed to request enable GPIO95: -517
[    0.088477] reg-fixed-voltage regulators:regulator@7: Failed to register regulator: -517
[    0.090232] vgaarb: loaded
[    0.090688] SCSI subsystem initialized
[    0.090837] libata version 3.00 loaded.
[    0.091033] usbcore: registered new interface driver usbfs
[    0.091071] usbcore: registered new interface driver hub
[    0.091106] usbcore: registered new device driver usb
[    0.146700] pps_core: LinuxPPS API ver. 1 registered
[    0.146708] pps_core: Software ver. 5.3.6 - Copyright 2005-2007 Rodolfo Giometti <giometti@linux.it>
[    0.146726] PTP clock support registered
[    0.146879] EDAC MC: Ver: 3.0.0
[    0.148384] clocksource: Switched to clocksource timer_us
[    0.154051] NET: Registered protocol family 2
[    0.154479] TCP established hash table entries: 8192 (order: 3, 32768 bytes)
[    0.154532] TCP bind hash table entries: 8192 (order: 4, 65536 bytes)
[    0.154614] TCP: Hash tables configured (established 8192 bind 8192)
[    0.154695] UDP hash table entries: 512 (order: 2, 16384 bytes)
[    0.154750] UDP-Lite hash table entries: 512 (order: 2, 16384 bytes)
[    0.154923] NET: Registered protocol family 1
[    0.155155] RPC: Registered named UNIX socket transport module.
[    0.155161] RPC: Registered udp transport module.
[    0.155166] RPC: Registered tcp transport module.
[    0.155170] RPC: Registered tcp NFSv4.1 backchannel transport module.
[    0.155188] PCI: CLS 0 bytes, default 64
[    0.155860] hw perfevents: Failed to parse /pmu/interrupt-affinity[0]
[    0.155894] hw perfevents: enabled with armv7_cortex_a9 PMU driver, 7 counters available
[    0.156806] futex hash table entries: 1024 (order: 4, 65536 bytes)
[    0.162395] squashfs: version 4.0 (2009/01/31) Phillip Lougher
[    0.162909] NFS: Registering the id_resolver key type
[    0.162948] Key type id_resolver registered
[    0.162953] Key type id_legacy registered
[    0.162994] ntfs: driver 2.1.32 [Flags: R/O].
[    0.163661] bounce: pool size: 64 pages
[    0.163778] Block layer SCSI generic (bsg) driver version 0.4 loaded (major 249)
[    0.163790] io scheduler noop registered
[    0.163798] io scheduler deadline registered
[    0.163893] io scheduler cfq registered (default)
[    0.168899] tegra30-pinctrl 70000868.pinmux: invalid group "sdmmc3_dat6_pd3" for function "rsvd1"
[    0.168914] tegra30-pinctrl 70000868.pinmux: invalid group "sdmmc3_dat7_pd4" for function "rsvd1"
[    0.168929] tegra30-pinctrl 70000868.pinmux: invalid group "vi_vsync_pd6" for function "rsvd1"
[    0.168939] tegra30-pinctrl 70000868.pinmux: invalid group "vi_hsync_pd7" for function "rsvd1"
[    0.169387] tegra30-pinctrl 70000868.pinmux: invalid group "hdmi_int_pn7" for function "rsvd1"
[    0.169431] tegra30-pinctrl 70000868.pinmux: invalid group "ulpi_data3_po4" for function "rsvd1"
[    0.169749] tegra30-pinctrl 70000868.pinmux: invalid group "vi_d10_pt2" for function "rsvd1"
[    0.169762] tegra30-pinctrl 70000868.pinmux: invalid group "vi_d11_pt3" for function "rsvd1"
[    0.169774] tegra30-pinctrl 70000868.pinmux: invalid group "vi_d0_pt4" for function "rsvd1"
[    0.169815] tegra30-pinctrl 70000868.pinmux: invalid group "pu0" for function "rsvd1"
[    0.169844] tegra30-pinctrl 70000868.pinmux: invalid group "pu3" for function "rsvd1"
[    0.169881] tegra30-pinctrl 70000868.pinmux: invalid group "pu6" for function "rsvd1"
[    0.169921] tegra30-pinctrl 70000868.pinmux: invalid group "pv3" for function "rsvd1"
[    0.170396] tegra30-pinctrl 70000868.pinmux: invalid group "pbb0" for function "rsvd1"
[    0.170506] tegra30-pinctrl 70000868.pinmux: invalid group "pcc1" for function "rsvd1"
[    0.174666] tegra-pcie 3000.pcie-controller: 2x3 configuration
[    0.174778] vdd_1v5_gen: supplied by vdd_5v_in
[    0.174848] vdd_pexa,vdd_pexb: supplied by vdd_1v5_gen
[    0.174922] tegra-pcie 3000.pcie-controller: Failed to get supply 'hvdd-pex': -517
[    0.175977] tegra-ahb 6000c004.ahb: incorrect AHB base address in DT data - enabling workaround
[    0.178573] tegra-apbdma 6000a000.dma: Tegra20 APB DMA driver register 32 channels
[    0.179232] tegra-pmc 7000e400.pmc: i2c-thermtrip node not found, emergency thermal reset disabled.
[    0.210057] Serial: 8250/16550 driver, 4 ports, IRQ sharing disabled
[    0.211558] SuperH (H)SCI(F) driver initialized
[    0.212127] msm_serial: driver initialized
[    0.212674] console [ttyS0] disabled
[    0.212708] 70006000.serial: ttyS0 at MMIO 0x70006000 (irq = 331, base_baud = 25500000) is a Tegra
[    1.159457] console [ttyS0] enabled
[    1.163502] STMicroelectronics ASC driver initialized
[    1.170084] [drm] Initialized drm 1.1.0 20060810
[    1.176024] +VDD_5V_HDMI: supplied by regulator-dummy
[    1.181155] vdd_1v8_gen: supplied by vdd_5v_in
[    1.185666] tegra-hdmi 54280000.hdmi: failed to get VDD regulator
[    1.196313] loop: module loaded
[    1.203885] m25p80 spi32766.1: w25q32 (4096 Kbytes)
[    1.210469] CAN device driver interface
[    1.215058] igb: Intel(R) Gigabit Ethernet Network Driver - version 5.2.18-k
[    1.222100] igb: Copyright (c) 2007-2014 Intel Corporation.
[    1.229388] pegasus: v0.9.3 (2013/04/25), Pegasus/Pegasus II USB Ethernet driver
[    1.236821] usbcore: registered new interface driver pegasus
[    1.242509] usbcore: registered new interface driver asix
[    1.247927] usbcore: registered new interface driver ax88179_178a
[    1.254038] usbcore: registered new interface driver cdc_ether
[    1.259912] usbcore: registered new interface driver smsc75xx
[    1.265687] usbcore: registered new interface driver smsc95xx
[    1.271452] usbcore: registered new interface driver net1080
[    1.277129] usbcore: registered new interface driver cdc_subset
[    1.283066] usbcore: registered new interface driver zaurus
[    1.288691] usbcore: registered new interface driver cdc_ncm
[    1.295754] ehci_hcd: USB 2.0 'Enhanced' Host Controller (EHCI) Driver
[    1.302285] ehci-pci: EHCI PCI platform driver
[    1.306756] ehci-platform: EHCI generic platform driver
[    1.312108] ehci-omap: OMAP-EHCI Host Controller driver
[    1.317409] ehci-orion: EHCI orion driver
[    1.321496] SPEAr-ehci: EHCI SPEAr driver
[    1.325584] ehci-st: EHCI STMicroelectronics driver
[    1.330538] ehci-exynos: EHCI EXYNOS driver
[    1.334811] ehci-atmel: EHCI Atmel driver
[    1.338898] tegra-ehci: Tegra EHCI driver
[    1.343206] ohci_hcd: USB 1.1 'Open' Host Controller (OHCI) Driver
[    1.349396] ohci-pci: OHCI PCI platform driver
[    1.353868] ohci-platform: OHCI generic platform driver
[    1.359192] ohci-omap3: OHCI OMAP3 driver
[    1.363276] SPEAr-ohci: OHCI SPEAr driver
[    1.367366] ohci-st: OHCI STMicroelectronics driver
[    1.372320] ohci-atmel: OHCI Atmel driver
[    1.376450] usbcore: registered new interface driver usb-storage
[    1.383339] mousedev: PS/2 mouse device common for all mice
[    1.391074] tegra_rtc 7000e000.rtc: rtc core: registered 7000e000.rtc as rtc1
[    1.398246] tegra_rtc 7000e000.rtc: Tegra internal Real Time Clock
[    1.416893] tps65910-rtc tps65910-rtc: rtc core: registered tps65910-rtc as rtc0
[    1.424486] i2c /dev entries driver
[    1.432563] sdhci: Secure Digital Host Controller Interface driver
[    1.438744] sdhci: Copyright(c) Pierre Ossman
[    1.444020] Synopsys Designware Multimedia Card Interface Driver
[    1.450651] sdhci-pltfm: SDHCI platform and OF driver helper
[    1.456806] sdhci-tegra 78000000.sdhci: Got CD GPIO
[    1.461692] sdhci-tegra 78000000.sdhci: Got WP GPIO
[    1.467697] sdhci-tegra 78000000.sdhci: No vmmc regulator found
[    1.473612] sdhci-tegra 78000000.sdhci: No vqmmc regulator found
[    1.479610] mmc0: Invalid maximum block size, assuming 512 bytes
[    1.518464] mmc0: SDHCI controller on 78000000.sdhci [78000000.sdhci] using ADMA
[    1.527063] sdhci-tegra 78000600.sdhci: No vmmc regulator found
[    1.532981] sdhci-tegra 78000600.sdhci: No vqmmc regulator found
[    1.538981] mmc1: Invalid maximum block size, assuming 512 bytes
[    1.583390] mmc1: SDHCI controller on 78000600.sdhci [78000600.sdhci] using ADMA
[    1.591650] ledtrig-cpu: registered to indicate activity on CPUs
[    1.597803] usbcore: registered new interface driver usbhid
[    1.603374] usbhid: USB HID core driver
[    1.609342] NET: Registered protocol family 17
[    1.613816] can: controller area network core (rev 20120528 abi 9)
[    1.622044] NET: Registered protocol family 29
[    1.626495] can: raw protocol (rev 20120528)
[    1.632768] can: broadcast manager protocol (rev 20120528 t)
[    1.638431] can: netlink gateway (rev 20130117) max_hops=1
[    1.644166] Key type dns_resolver registered
[    1.648799] ThumbEE CPU extension supported.
[    1.653066] Registering SWP/SWPB emulation handler
[    1.679596] tegra-pcie 3000.pcie-controller: 2x3 configuration
[    1.685561] sys_3v3,vdd_3v3_alw: supplied by vdd_5v_in
[    1.690716] sys_3v3_pexs: supplied by sys_3v3,vdd_3v3_alw
[    1.700218] tegra-pcie 3000.pcie-controller: probing port 0, using 2 lanes
[    1.743741] mmc1: new high speed MMC card at address 0001
[    1.750170] mmcblk0: mmc1:0001 SEM16G 14.8 GiB 
[    1.755548] mmcblk0boot0: mmc1:0001 SEM16G partition 1 1.00 MiB
[    1.762302] mmcblk0boot1: mmc1:0001 SEM16G partition 2 1.00 MiB
[    1.765391] tegra-pcie 3000.pcie-controller: probing port 2, using 2 lanes
[    1.775915] mmcblk0rpmb: mmc1:0001 SEM16G partition 3 128 KiB
[    1.784747] Primary GPT is invalid, using alternate GPT.
[    1.790077]  mmcblk0: p1 p2 p3 p4 p5
[    2.177027] tegra-pcie 3000.pcie-controller: link 2 down, retrying
[    2.586874] tegra-pcie 3000.pcie-controller: link 2 down, retrying
[    2.996812] tegra-pcie 3000.pcie-controller: link 2 down, retrying
[    3.005001] tegra-pcie 3000.pcie-controller: link 2 down, ignoring
[    3.011309] tegra-pcie 3000.pcie-controller: PCI host bridge to bus 0000:00
[    3.018270] pci_bus 0000:00: root bus resource [mem 0x20000000-0x27ffffff]
[    3.025136] pci_bus 0000:00: root bus resource [mem 0x28000000-0x3fffffff pref]
[    3.032435] pci_bus 0000:00: root bus resource [bus 00-ff]
[    3.037911] pci_bus 0000:00: root bus resource [io  0x1000-0xffff]
[    3.044103] pci 0000:00:01.0: [10de:0e1c] type 01 class 0x060400
[    3.050131] pci 0000:00:01.0: IOMMU is currently not supported for PCI
[    3.056678] pci 0000:00:01.0: PME# supported from D0 D1 D2 D3hot D3cold
[    3.063436] PCI: bus0: Fast back to back transfers disabled
[    3.069005] pci 0000:00:01.0: bridge configuration invalid ([bus 00-00]), reconfiguring
[    3.077100] pci 0000:01:00.0: [10ec:8168] type 00 class 0x020000
[    3.083129] pci 0000:01:00.0: reg 0x10: [io  0x0000-0x00ff]
[    3.088708] pci 0000:01:00.0: reg 0x18: [mem 0x00000000-0x00000fff 64bit pref]
[    3.095928] pci 0000:01:00.0: reg 0x20: [mem 0x00000000-0x00003fff 64bit pref]
[    3.103149] pci 0000:01:00.0: IOMMU is currently not supported for PCI
[    3.109702] pci 0000:01:00.0: supports D1 D2
[    3.113966] pci 0000:01:00.0: PME# supported from D0 D1 D2 D3hot D3cold
[    3.128409] PCI: bus1: Fast back to back transfers disabled
[    3.133979] pci_bus 0000:01: busn_res: [bus 01-ff] end is updated to 01
[    3.140644] pci 0000:00:01.0: BAR 9: assigned [mem 0x28000000-0x280fffff 64bit pref]
[    3.148381] pci 0000:00:01.0: BAR 7: assigned [io  0x1000-0x1fff]
[    3.154470] pci 0000:01:00.0: BAR 4: assigned [mem 0x28000000-0x28003fff 64bit pref]
[    3.162211] pci 0000:01:00.0: BAR 2: assigned [mem 0x28004000-0x28004fff 64bit pref]
[    3.169950] pci 0000:01:00.0: BAR 0: assigned [io  0x1000-0x10ff]
[    3.176037] pci 0000:00:01.0: PCI bridge to [bus 01]
[    3.180995] pci 0000:00:01.0:   bridge window [io  0x1000-0x1fff]
[    3.187079] pci 0000:00:01.0:   bridge window [mem 0x28000000-0x280fffff 64bit pref]
[    3.194822] pci 0000:00:01.0: nv_msi_ht_cap_quirk didn't locate host bridge
[    3.201860] pcieport 0000:00:01.0: enabling device (0140 -> 0143)
[    3.208082] pcieport 0000:00:01.0: Signaling PME through PCIe PME interrupt
[    3.215038] pci 0000:01:00.0: Signaling PME through PCIe PME interrupt
[    3.221557] pcie_pme 0000:00:01.0:pcie01: service driver pcie_pme loaded
[    3.228435] r8169 Gigabit Ethernet driver 2.3LK-NAPI loaded
[    3.234019] r8169 0000:01:00.0: enabling device (0140 -> 0143)
[    3.240518] r8169 0000:01:00.0 eth0: RTL8168evl/8111evl at 0xf00d6000, 02:04:4b:01:60:a6, XID 0c900800 IRQ 375
[    3.250513] r8169 0000:01:00.0 eth0: jumbo features [frames: 9200 bytes, tx checksumming: ko]
[    3.262260] [drm] Supports vblank timestamp caching Rev 2 (21.10.2013).
[    3.268895] [drm] No driver support for vblank timestamp query.
[    3.274827] drm drm: No connectors reported connected with modes
[    3.280836] [drm] Cannot find any crtc or sizes - going 1024x768
[    3.307815] Console: switching to colour frame buffer device 128x48
[    3.320541] drm drm: fb0:  frame buffer device
[    3.324982] drm drm: registered panic notifier
[    3.343777] [drm] Initialized tegra 0.0.0 20120330 on minor 0
[    3.352212] usb3_vbus: supplied by vdd_5v_in
[    3.358590] utmi_phy_clk_enable: timeout waiting for phy to stabilize
[    3.365048] tegra-ehci 7d004000.usb: EHCI Host Controller
[    3.370456] tegra-ehci 7d004000.usb: new USB bus registered, assigned bus number 1
[    3.379511] tegra-ehci 7d004000.usb: irq 343, io mem 0x7d004000
[    3.393785] tegra-ehci 7d004000.usb: USB 2.0 started, EHCI 1.00
[    3.400209] hub 1-0:1.0: USB hub found
[    3.403991] hub 1-0:1.0: 1 port detected
[    3.408802] tegra-ehci 7d008000.usb: EHCI Host Controller
[    3.414211] tegra-ehci 7d008000.usb: new USB bus registered, assigned bus number 2
[    3.421935] tegra-ehci 7d008000.usb: irq 344, io mem 0x7d008000
[    3.433780] tegra-ehci 7d008000.usb: USB 2.0 started, EHCI 1.00
[    3.440113] hub 2-0:1.0: USB hub found
[    3.443889] hub 2-0:1.0: 1 port detected
[    3.453211] tps65910-rtc tps65910-rtc: setting system clock to 2000-01-01 00:00:02 UTC (946684802)
[    3.467205] usb1_vbus: disabling
[    3.470500] vdd_sata,avdd_plle: disabling
[    3.476675] EXT4-fs (mmcblk0p1): mounting ext3 file system using the ext4 subsystem
[    3.491548] EXT4-fs (mmcblk0p1): warning: mounting fs with errors, running e2fsck is recommended
[    3.501839] EXT4-fs (mmcblk0p1): recovery complete
[    3.506636] EXT4-fs (mmcblk0p1): mounted filesystem with ordered data mode. Opts: (null)
[    3.514754] VFS: Mounted root (ext3 filesystem) on device 179:1.
[    3.530233] devtmpfs: mounted
[    3.534105] Freeing unused kernel memory: 944K (c0d10000 - c0dfc000)
bash: cannot set terminal process group (-1): Inappropriate ioctl for device
bash: no job control in this shell
root@(none):/# [    3.753792] usb 2-1: new high-speed USB device number 2 using tegra-ehci
