
U-Boot SPL 2014.01-00219-gc4d376f (Feb 18 2014 - 19:57:18)


U-Boot 2014.01-00219-gc4d376f (Feb 18 2014 - 19:57:18)

TEGRA30
Board: NVIDIA Beaver
I2C:   ready
DRAM:  2 GiB
MMC:   Tegra SD/MMC: 0, Tegra SD/MMC: 1
In:    serial
Out:   serial
Err:   serial
Net:   Net Initialization Skipped
No ethernet found.
Hit any key to stop autoboot:  2  0 
Tegra30 (Beaver) # 
Tegra30 (Beaver) # usb reset
(Re)start USB...
USB0:   USB EHCI 1.00
scanning bus 0 for devices... 2 USB Device(s) found
       scanning usb for storage devices... 0 Storage Device(s) found
       scanning usb for ethernet devices... 
Warning: asx0 using MAC address from net device
1 Ethernet Device(s) found
Tegra30 (Beaver) # setenv bootargs 'ignore_loglevel console=ttyS0,115200n8 rw root=/dev/mmcblk0p1 rootwait gpt debug init=/bin/bash noinitrd'
Tegra30 (Beaver) # setenv ipaddr 192.168.100.101; setenv serverip 192.168.100.1; setenv tftpserverip 192.168.100.1
Tegra30 (Beaver) # tftpboot 0x81000000 zImage.multi_v7_defconfig
Using asx0 device
TFTP from server 192.168.100.1; our IP address is 192.168.100.101
Filename 'zImage.multi_v7_defconfig'.
Load address: 0x81000000
Loading: *#################################################################
	 #################################################################
	 #################################################################
	 #################################################################
	 #################################################################
	 #################################################################
	 #########
	 3.3 MiB/s
done
Bytes transferred = 5843016 (592848 hex)
Tegra30 (Beaver) # tftpboot 0x82000000 tegra30-beaver.dtb
Using asx0 device
TFTP from server 192.168.100.1; our IP address is 192.168.100.101
Filename 'tegra30-beaver.dtb'.
Load address: 0x82000000
Loading: *##
	 2.6 MiB/s
done
Bytes transferred = 24641 (6041 hex)
Tegra30 (Beaver) # bootz 0x81000000 - 0x82000000
Kernel image @ 0x81000000 [ 0x000000 - 0x592848 ]
## Flattened Device Tree blob at 82000000
   Booting using the fdt blob at 0x82000000
   Loading Device Tree to 8fff6000, end 8ffff040 ... OK

Starting kernel ...

[    0.000000] Booting Linux on physical CPU 0x0
[    0.000000] Linux version 4.0.0-rc1 (pwalmsley@sellafield) (gcc version 4.7.3 20130328 (prerelease) (crosstool-NG linaro-1.13.1-4.7-2013.04-20130415 - Linaro GCC 2013.04) ) #1 SMP Tue Mar 24 18:22:01 PDT 2015
[    0.000000] CPU: ARMv7 Processor [412fc099] revision 9 (ARMv7), cr=10c5387d
[    0.000000] CPU: PIPT / VIPT nonaliasing data cache, VIPT aliasing instruction cache
[    0.000000] Machine model: NVIDIA Tegra30 Beaver evaluation board
[    0.000000] debug: ignoring loglevel setting.
[    0.000000] cma: Reserved 64 MiB at 0xfb800000
[    0.000000] Memory policy: Data cache writealloc
[    0.000000] On node 0 totalpages: 524032
[    0.000000] free_area_init_node: node 0, pgdat c0e34ac0, node_mem_map ee7f8000
[    0.000000]   DMA zone: 1520 pages used for memmap
[    0.000000]   DMA zone: 0 pages reserved
[    0.000000]   DMA zone: 194560 pages, LIFO batch:31
[    0.000000]   HighMem zone: 329472 pages, LIFO batch:31
[    0.000000] PERCPU: Embedded 11 pages/cpu @ee7b1000 s12480 r8192 d24384 u45056
[    0.000000] pcpu-alloc: s12480 r8192 d24384 u45056 alloc=11*4096
[    0.000000] pcpu-alloc: [0] 0 [0] 1 [0] 2 [0] 3 
[    0.000000] Built 1 zonelists in Zone order, mobility grouping on.  Total pages: 522512
[    0.000000] Kernel command line: ignore_loglevel console=ttyS0,115200n8 rw root=/dev/mmcblk0p1 rootwait gpt debug init=/bin/bash noinitrd
[    0.000000] PID hash table entries: 4096 (order: 2, 16384 bytes)
[    0.000000] Dentry cache hash table entries: 131072 (order: 7, 524288 bytes)
[    0.000000] Inode-cache hash table entries: 65536 (order: 6, 262144 bytes)
[    0.000000] Memory: 2000288K/2096128K available (7602K kernel code, 922K rwdata, 3168K rodata, 780K init, 307K bss, 30304K reserved, 65536K cma-reserved, 1252352K highmem)
[    0.000000] Virtual kernel memory layout:
[    0.000000]     vector  : 0xffff0000 - 0xffff1000   (   4 kB)
[    0.000000]     fixmap  : 0xffc00000 - 0xfff00000   (3072 kB)
[    0.000000]     vmalloc : 0xf0000000 - 0xff000000   ( 240 MB)
[    0.000000]     lowmem  : 0xc0000000 - 0xef800000   ( 760 MB)
[    0.000000]     pkmap   : 0xbfe00000 - 0xc0000000   (   2 MB)
[    0.000000]     modules : 0xbf000000 - 0xbfe00000   (  14 MB)
[    0.000000]       .text : 0xc0208000 - 0xc0c8cb18   (10771 kB)
[    0.000000]       .init : 0xc0c8d000 - 0xc0d50000   ( 780 kB)
[    0.000000]       .data : 0xc0d50000 - 0xc0e36a20   ( 923 kB)
[    0.000000]        .bss : 0xc0e36a20 - 0xc0e838e8   ( 308 kB)
[    0.000000] SLUB: HWalign=64, Order=0-3, MinObjects=0, CPUs=4, Nodes=1
[    0.000000] Hierarchical RCU implementation.
[    0.000000] 	Additional per-CPU info printed with stalls.
[    0.000000] 	RCU restricting CPUs from NR_CPUS=8 to nr_cpu_ids=4.
[    0.000000] RCU: Adjusting geometry for rcu_fanout_leaf=16, nr_cpu_ids=4
[    0.000000] NR_IRQS:16 nr_irqs:16 16
[    0.000000] L2C: platform modifies aux control register: 0x02080000 -> 0x3e480001
[    0.000000] L2C: DT/platform modifies aux control register: 0x02080000 -> 0x3e480001
[    0.000000] L2C-310 erratum 769419 enabled
[    0.000000] L2C-310 enabling early BRESP for Cortex-A9
[    0.000000] L2C-310: enabling full line of zeros but not enabled in Cortex-A9
[    0.000000] L2C-310 ID prefetch enabled, offset 1 lines
[    0.000000] L2C-310 dynamic clock gating enabled, standby mode enabled
[    0.000000] L2C-310 cache controller enabled, 8 ways, 1024 kB
[    0.000000] L2C-310: CACHE_ID 0x410000c7, AUX_CTRL 0x7e480001
[    0.000013] sched_clock: 32 bits at 1000kHz, resolution 1000ns, wraps every 2147483648000ns
[    0.000030] Switching to timer-based delay loop, resolution 1000ns
[    0.001172] Console: colour dummy device 80x30
[    0.001193] Calibrating delay loop (skipped), value calculated using timer frequency.. 2.00 BogoMIPS (lpj=5000)
[    0.001201] pid_max: default: 32768 minimum: 301
[    0.001288] Mount-cache hash table entries: 2048 (order: 1, 8192 bytes)
[    0.001295] Mountpoint-cache hash table entries: 2048 (order: 1, 8192 bytes)
[    0.001701] CPU: Testing write buffer coherency: ok
[    0.001901] CPU0: thread -1, cpu 0, socket 0, mpidr 80000000
[    0.001964] Setting up static identity map for 0x8092fc90 - 0x8092fd28
[    0.003064] Tegra Revision: A03 SKU: 128 CPU Process: 4 Core Process: 0
[    0.004224] CPU1: thread -1, cpu 1, socket 0, mpidr 80000001
[    0.005089] CPU2: thread -1, cpu 2, socket 0, mpidr 80000002
[    0.005952] CPU3: thread -1, cpu 3, socket 0, mpidr 80000003
[    0.005993] Brought up 4 CPUs
[    0.006005] SMP: Total of 4 processors activated (8.00 BogoMIPS).
[    0.006010] CPU: All CPU(s) started in SVC mode.
[    0.006431] devtmpfs: initialized
[    0.006967] VFP support v0.3: implementor 41 architecture 3 part 30 variant 9 rev 4
[    0.010477] pinctrl core: initialized pinctrl subsystem
[    0.014559] NET: Registered protocol family 16
[    0.017541] DMA: preallocated 256 KiB pool for atomic coherent allocations
[    0.029970] cpuidle: using governor ladder
[    0.044960] cpuidle: using governor menu
[    0.052412] No ATAGs?
[    0.052441] hw-breakpoint: found 5 (+1 reserved) breakpoint and 1 watchpoint registers.
[    0.052447] hw-breakpoint: maximum watchpoint size is 4 bytes.
[    0.054127] Serial: AMBA PL011 UART driver
[    0.072150] platform regulators:regulator@1: Driver reg-fixed-voltage requests probe deferral
[    0.072189] platform regulators:regulator@2: Driver reg-fixed-voltage requests probe deferral
[    0.072287] vdd_5v_sata: Failed to request enable GPIO30: -517
[    0.072342] reg-fixed-voltage regulators:regulator@3: Failed to register regulator: -517
[    0.072352] platform regulators:regulator@3: Driver reg-fixed-voltage requests probe deferral
[    0.072443] usb1_vbus: Failed to request enable GPIO238: -517
[    0.072491] reg-fixed-voltage regulators:regulator@4: Failed to register regulator: -517
[    0.072501] platform regulators:regulator@4: Driver reg-fixed-voltage requests probe deferral
[    0.072591] usb3_vbus: Failed to request enable GPIO236: -517
[    0.072638] reg-fixed-voltage regulators:regulator@5: Failed to register regulator: -517
[    0.072648] platform regulators:regulator@5: Driver reg-fixed-voltage requests probe deferral
[    0.072686] platform regulators:regulator@6: Driver reg-fixed-voltage requests probe deferral
[    0.072776] sys_3v3_pexs: Failed to request enable GPIO95: -517
[    0.072823] reg-fixed-voltage regulators:regulator@7: Failed to register regulator: -517
[    0.072833] platform regulators:regulator@7: Driver reg-fixed-voltage requests probe deferral
[    0.072932] reg-fixed-voltage regulators:regulator@8: Failed to find supply vin
[    0.072981] reg-fixed-voltage regulators:regulator@8: Failed to register regulator: -517
[    0.072991] platform regulators:regulator@8: Driver reg-fixed-voltage requests probe deferral
[    0.074506] vgaarb: loaded
[    0.074919] SCSI subsystem initialized
[    0.075100] libata version 3.00 loaded.
[    0.075318] usbcore: registered new interface driver usbfs
[    0.075356] usbcore: registered new interface driver hub
[    0.075395] usbcore: registered new device driver usb
[    0.082576] vrtc: supplied by vdd_5v_in
[    0.089963] vdd_1v8_gen: supplied by vdd_5v_in
[    0.094962] vddio_ddr_1v2: supplied by vdd_5v_in
[    0.099961] vdd_1v5_gen: supplied by vdd_5v_in
[    0.107263] vdd_pexa,vdd_pexb: supplied by vdd_1v5_gen
[    0.109936] vdd_sata,avdd_plle: supplied by vdd_1v5_gen
[    0.112289] ldo3: supplied by vdd_5v_in
[    0.114963] vdd_rtc: supplied by vdd_5v_in
[    0.119961] vddio_sdmmc,avdd_vdac: supplied by vdd_5v_in
[    0.122628] avdd_dsi_csi,pwrdet_mipi: supplied by vdd_1v8_gen
[    0.129957] vdd_pllm,x,u,a_p_c_s: supplied by vdd_1v8_gen
[    0.134959] vdd_ddr_hs: supplied by vdd_1v8_gen
[    0.136733] Linux video capture interface: v2.00
[    0.136766] pps_core: LinuxPPS API ver. 1 registered
[    0.136771] pps_core: Software ver. 5.3.6 - Copyright 2005-2007 Rodolfo Giometti <giometti@linux.it>
[    0.136797] PTP clock support registered
[    0.136968] EDAC MC: Ver: 3.0.0
[    0.137304] Advanced Linux Sound Architecture Driver Initialized.
[    0.138062] Switched to clocksource timer_us
[    0.143797] NET: Registered protocol family 2
[    0.144244] TCP established hash table entries: 8192 (order: 3, 32768 bytes)
[    0.144291] TCP bind hash table entries: 8192 (order: 4, 65536 bytes)
[    0.144373] TCP: Hash tables configured (established 8192 bind 8192)
[    0.144454] TCP: reno registered
[    0.144466] UDP hash table entries: 512 (order: 2, 16384 bytes)
[    0.144522] UDP-Lite hash table entries: 512 (order: 2, 16384 bytes)
[    0.144683] NET: Registered protocol family 1
[    0.144923] RPC: Registered named UNIX socket transport module.
[    0.144930] RPC: Registered udp transport module.
[    0.144934] RPC: Registered tcp transport module.
[    0.144937] RPC: Registered tcp NFSv4.1 backchannel transport module.
[    0.144954] PCI: CLS 0 bytes, default 64
[    0.145645] hw perfevents: enabled with armv7_cortex_a9 PMU driver, 7 counters available
[    0.146541] futex hash table entries: 1024 (order: 4, 65536 bytes)
[    0.152773] squashfs: version 4.0 (2009/01/31) Phillip Lougher
[    0.153307] NFS: Registering the id_resolver key type
[    0.153344] Key type id_resolver registered
[    0.153348] Key type id_legacy registered
[    0.153403] ntfs: driver 2.1.31 [Flags: R/O].
[    0.154083] bounce: pool size: 64 pages
[    0.154207] Block layer SCSI generic (bsg) driver version 0.4 loaded (major 249)
[    0.154220] io scheduler noop registered
[    0.154228] io scheduler deadline registered
[    0.154319] io scheduler cfq registered (default)
[    0.159916] tegra-pcie 3000.pcie-controller: 2x3 configuration
[    0.160019] tegra-pcie 3000.pcie-controller: Failed to get supply 'hvdd-pex': -517
[    0.160078] platform 3000.pcie-controller: Driver tegra-pcie requests probe deferral
[    0.162859] tegra-apbdma 6000a000.dma: Tegra20 APB DMA driver register 32 channels
[    0.163344] tegra-pmc 7000e400.pmc: i2c-thermtrip node not found, emergency thermal reset disabled.
[    0.195883] Serial: 8250/16550 driver, 4 ports, IRQ sharing disabled
[    0.197495] msm_serial: driver initialized
[    0.198121] console [ttyS0] disabled
[    0.198148] 70006000.serial: ttyS0 at MMIO 0x70006000 (irq = 331, base_baud = 25500000) is a Tegra
[    1.112821] console [ttyS0] enabled
[    1.116789] STMicroelectronics ASC driver initialized
[    1.123221] [drm] Initialized drm 1.1.0 20060810
[    1.128837] tegra-hdmi 54280000.hdmi: failed to get HDMI regulator
[    1.135028] platform 54280000.hdmi: Driver tegra-hdmi requests probe deferral
[    1.146534] loop: module loaded
[    1.153258] m25p80 spi32766.1: w25q32 (4096 Kbytes)
[    1.159576] CAN device driver interface
[    1.164049] igb: Intel(R) Gigabit Ethernet Network Driver - version 5.2.15-k
[    1.171089] igb: Copyright (c) 2007-2014 Intel Corporation.
[    1.177636] pegasus: v0.9.3 (2013/04/25), Pegasus/Pegasus II USB Ethernet driver
[    1.185070] usbcore: registered new interface driver pegasus
[    1.190757] usbcore: registered new interface driver asix
[    1.196176] usbcore: registered new interface driver ax88179_178a
[    1.202295] usbcore: registered new interface driver cdc_ether
[    1.208157] usbcore: registered new interface driver smsc75xx
[    1.213932] usbcore: registered new interface driver smsc95xx
[    1.219696] usbcore: registered new interface driver net1080
[    1.225373] usbcore: registered new interface driver cdc_subset
[    1.231310] usbcore: registered new interface driver zaurus
[    1.236933] usbcore: registered new interface driver cdc_ncm
[    1.243240] ehci_hcd: USB 2.0 'Enhanced' Host Controller (EHCI) Driver
[    1.249763] ehci-pci: EHCI PCI platform driver
[    1.254232] ehci-platform: EHCI generic platform driver
[    1.259566] ehci-omap: OMAP-EHCI Host Controller driver
[    1.264858] ehci-orion: EHCI orion driver
[    1.268933] SPEAr-ehci: EHCI SPEAr driver
[    1.273011] ehci-st: EHCI STMicroelectronics driver
[    1.277956] ehci-exynos: EHCI EXYNOS driver
[    1.282220] tegra-ehci: Tegra EHCI driver
[    1.286392] platform 7d004000.usb: Driver tegra-ehci requests probe deferral
[    1.293487] platform 7d008000.usb: Driver tegra-ehci requests probe deferral
[    1.300564] ohci_hcd: USB 1.1 'Open' Host Controller (OHCI) Driver
[    1.306749] ohci-pci: OHCI PCI platform driver
[    1.311222] ohci-platform: OHCI generic platform driver
[    1.316538] ohci-omap3: OHCI OMAP3 driver
[    1.320616] SPEAr-ohci: OHCI SPEAr driver
[    1.324695] ohci-st: OHCI STMicroelectronics driver
[    1.329680] usbcore: registered new interface driver usb-storage
[    1.335838] platform 7d004000.usb-phy: Driver tegra-phy requests probe deferral
[    1.343193] platform 7d008000.usb-phy: Driver tegra-phy requests probe deferral
[    1.351471] mousedev: PS/2 mouse device common for all mice
[    1.358880] tegra_rtc 7000e000.rtc: rtc core: registered 7000e000.rtc as rtc1
[    1.366049] tegra_rtc 7000e000.rtc: Tegra internal Real Time Clock
[    1.384821] tps65910-rtc tps65910-rtc: rtc core: registered tps65910-rtc as rtc0
[    1.392333] i2c /dev entries driver
[    1.397090] usbcore: registered new interface driver uvcvideo
[    1.402837] USB Video Class driver (1.1.1)
[    1.406932] gspca_main: v2.14.0 registered
[    1.413068] Driver 'mmcblk' needs updating - please use bus_type methods
[    1.419803] sdhci: Secure Digital Host Controller Interface driver
[    1.425975] sdhci: Copyright(c) Pierre Ossman
[    1.430778] Synopsys Designware Multimedia Card Interface Driver
[    1.437270] sdhci-pltfm: SDHCI platform and OF driver helper
[    1.443363] sdhci-tegra 78000000.sdhci: Got CD GPIO
[    1.448249] sdhci-tegra 78000000.sdhci: Got WP GPIO
[    1.454251] sdhci-tegra 78000000.sdhci: No vmmc regulator found
[    1.460167] sdhci-tegra 78000000.sdhci: No vqmmc regulator found
[    1.466167] mmc0: Invalid maximum block size, assuming 512 bytes
[    1.508158] mmc0: SDHCI controller on 78000000.sdhci [78000000.sdhci] using ADMA
[    1.516696] sdhci-tegra 78000600.sdhci: No vmmc regulator found
[    1.522616] sdhci-tegra 78000600.sdhci: No vqmmc regulator found
[    1.528614] mmc1: Invalid maximum block size, assuming 512 bytes
[    1.568068] mmc1: SDHCI controller on 78000600.sdhci [78000600.sdhci] using ADMA
[    1.580183] ledtrig-cpu: registered to indicate activity on CPUs
[    1.586331] usbcore: registered new interface driver usbhid
[    1.591905] usbhid: USB HID core driver
[    1.599661] usbcore: registered new interface driver snd-usb-audio
[    1.678264] mmc1: new high speed MMC card at address 0001
[    1.683896] mmcblk0: mmc1:0001 SEM16G 14.8 GiB 
[    1.688495] mmcblk0boot0: mmc1:0001 SEM16G partition 1 1.00 MiB
[    1.694481] mmcblk0boot1: mmc1:0001 SEM16G partition 2 1.00 MiB
[    1.700462] mmcblk0rpmb: mmc1:0001 SEM16G partition 3 128 KiB
[    1.708862] Primary GPT is invalid, using alternate GPT.
[    1.714186]  mmcblk0: p1 p2 p3 p4 p5
[    2.024274] tegra30-i2s 70080400.i2s: DMA channels sourced from device 70080000.ahub
[    2.039834] tegra-snd-rt5640 sound: rt5640-aif1 <-> 70080400.i2s mapping ok
[    2.048738] input: NVIDIA Tegra Beaver Headphones as /devices/soc0/sound/sound/card0/input0
[    2.058092] TCP: cubic registered
[    2.061405] NET: Registered protocol family 17
[    2.065869] can: controller area network core (rev 20120528 abi 9)
[    2.072095] NET: Registered protocol family 29
[    2.076544] can: raw protocol (rev 20120528)
[    2.080813] can: broadcast manager protocol (rev 20120528 t)
[    2.086470] can: netlink gateway (rev 20130117) max_hops=1
[    2.092202] Key type dns_resolver registered
[    2.096844] ThumbEE CPU extension supported.
[    2.101127] Registering SWP/SWPB emulation handler
[    2.110648] vdd_ddr: supplied by vdd_5v_in
[    2.115014] vdd_5v_sata: supplied by vdd_5v_in
[    2.119668] usb1_vbus: supplied by vdd_5v_in
[    2.124147] usb3_vbus: supplied by vdd_5v_in
[    2.130016] sys_3v3,vdd_3v3_alw: supplied by vdd_5v_in
[    2.135391] sys_3v3_pexs: supplied by sys_3v3,vdd_3v3_alw
[    2.140991] +VDD_5V_HDMI: supplied by sys_3v3,vdd_3v3_alw
[    2.146777] tegra-pcie 3000.pcie-controller: 2x3 configuration
[    2.155571] tegra-pcie 3000.pcie-controller: probing port 0, using 2 lanes
[    2.220304] tegra-pcie 3000.pcie-controller: probing port 2, using 2 lanes
[    2.630598] tegra-pcie 3000.pcie-controller: link 2 down, retrying
[    3.040583] tegra-pcie 3000.pcie-controller: link 2 down, retrying
[    3.450590] tegra-pcie 3000.pcie-controller: link 2 down, retrying
[    3.458782] tegra-pcie 3000.pcie-controller: link 2 down, ignoring
[    3.465081] tegra-pcie 3000.pcie-controller: PCI host bridge to bus 0000:00
[    3.472043] pci_bus 0000:00: root bus resource [mem 0x20000000-0x27ffffff]
[    3.478911] pci_bus 0000:00: root bus resource [mem 0x28000000-0x3fffffff pref]
[    3.486209] pci_bus 0000:00: root bus resource [bus 00-ff]
[    3.491692] pci_bus 0000:00: root bus resource [io  0x1000-0xffff]
[    3.497890] pci 0000:00:01.0: [10de:0e1c] type 01 class 0x060400
[    3.503948] pci 0000:00:01.0: PME# supported from D0 D1 D2 D3hot D3cold
[    3.510714] PCI: bus0: Fast back to back transfers disabled
[    3.516288] pci 0000:00:01.0: bridge configuration invalid ([bus 00-00]), reconfiguring
[    3.524400] pci 0000:01:00.0: [10ec:8168] type 00 class 0x020000
[    3.530419] pci 0000:01:00.0: reg 0x10: [io  0x0000-0x00ff]
[    3.536005] pci 0000:01:00.0: reg 0x18: [mem 0x00000000-0x00000fff 64bit pref]
[    3.543234] pci 0000:01:00.0: reg 0x20: [mem 0x00000000-0x00003fff 64bit pref]
[    3.550521] pci 0000:01:00.0: supports D1 D2
[    3.554793] pci 0000:01:00.0: PME# supported from D0 D1 D2 D3hot D3cold
[    3.568088] PCI: bus1: Fast back to back transfers disabled
[    3.573660] pci_bus 0000:01: busn_res: [bus 01-ff] end is updated to 01
[    3.580321] pci 0000:00:01.0: BAR 9: assigned [mem 0x28000000-0x280fffff 64bit pref]
[    3.588059] pci 0000:00:01.0: BAR 7: assigned [io  0x1000-0x1fff]
[    3.594148] pci 0000:01:00.0: BAR 4: assigned [mem 0x28000000-0x28003fff 64bit pref]
[    3.601889] pci 0000:01:00.0: BAR 2: assigned [mem 0x28004000-0x28004fff 64bit pref]
[    3.609629] pci 0000:01:00.0: BAR 0: assigned [io  0x1000-0x10ff]
[    3.615717] pci 0000:00:01.0: PCI bridge to [bus 01]
[    3.620675] pci 0000:00:01.0:   bridge window [io  0x1000-0x1fff]
[    3.626761] pci 0000:00:01.0:   bridge window [mem 0x28000000-0x280fffff 64bit pref]
[    3.634506] pci 0000:00:01.0: nv_msi_ht_cap_quirk didn't locate host bridge
[    3.641518] pcieport 0000:00:01.0: enabling device (0140 -> 0143)
[    3.647746] pcieport 0000:00:01.0: Signaling PME through PCIe PME interrupt
[    3.654705] pci 0000:01:00.0: Signaling PME through PCIe PME interrupt
[    3.661227] pcie_pme 0000:00:01.0:pcie01: service driver pcie_pme loaded
[    3.668084] r8169 Gigabit Ethernet driver 2.3LK-NAPI loaded
[    3.673668] r8169 0000:01:00.0: enabling device (0140 -> 0143)
[    3.680158] r8169 0000:01:00.0 eth0: RTL8168evl/8111evl at 0xf00e8000, 02:04:4b:01:60:a6, XID 0c900800 IRQ 375
[    3.690158] r8169 0000:01:00.0 eth0: jumbo features [frames: 9200 bytes, tx checksumming: ko]
[    3.701579] [drm] Supports vblank timestamp caching Rev 2 (21.10.2013).
[    3.708217] [drm] No driver support for vblank timestamp query.
[    3.714150] drm drm: No connectors reported connected with modes
[    3.720159] [drm] Cannot find any crtc or sizes - going 1024x768
[    3.746811] Console: switching to colour frame buffer device 128x48
[    3.759336] drm drm: fb0:  frame buffer device
[    3.763777] drm drm: registered panic notifier
[    3.783465] [drm] Initialized tegra 0.0.0 20120330 on minor 0
[    3.789942] platform 7d004000.usb: Driver tegra-ehci requests probe deferral
[    3.797646] platform 7d008000.usb: Driver tegra-ehci requests probe deferral
[    3.808392] utmi_phy_clk_enable: timeout waiting for phy to stabilize
[    3.814846] tegra-ehci 7d004000.usb: EHCI Host Controller
[    3.820263] tegra-ehci 7d004000.usb: new USB bus registered, assigned bus number 1
[    3.828924] tegra-ehci 7d004000.usb: irq 343, io mem 0x7d004000
[    3.843073] tegra-ehci 7d004000.usb: USB 2.0 started, EHCI 1.00
[    3.849460] hub 1-0:1.0: USB hub found
[    3.853250] hub 1-0:1.0: 1 port detected
[    3.857839] tegra-ehci 7d008000.usb: EHCI Host Controller
[    3.863262] tegra-ehci 7d008000.usb: new USB bus registered, assigned bus number 2
[    3.871027] tegra-ehci 7d008000.usb: irq 344, io mem 0x7d008000
[    3.883455] tegra-ehci 7d008000.usb: USB 2.0 started, EHCI 1.00
[    3.889776] hub 2-0:1.0: USB hub found
[    3.893560] hub 2-0:1.0: 1 port detected
[    3.902857] tps65910-rtc tps65910-rtc: setting system clock to 2000-01-01 00:00:02 UTC (946684802)
[    3.916235] usb1_vbus: disabling
[    3.919550] vdd_sata,avdd_plle: disabling
[    3.924100] ALSA device list:
[    3.927058]   #0: NVIDIA Tegra Beaver
[    3.932513] EXT4-fs (mmcblk0p1): mounting ext3 file system using the ext4 subsystem
[    3.947550] EXT4-fs (mmcblk0p1): warning: mounting fs with errors, running e2fsck is recommended
[    3.957798] EXT4-fs (mmcblk0p1): recovery complete
[    3.962596] EXT4-fs (mmcblk0p1): mounted filesystem with ordered data mode. Opts: (null)
[    3.970710] VFS: Mounted root (ext3 filesystem) on device 179:1.
[    3.986205] devtmpfs: mounted
[    3.989804] Freeing unused kernel memory: 780K (c0c8d000 - c0d50000)
bash: cannot set terminal process group (-1): Inappropriate ioctl for device
bash: no job control in this shell
root@(none):/# [    4.203513] usb 2-1: new high-speed USB device number 2 using tegra-ehci
