
U-Boot SPL 2014.01-00219-gc4d376f (Feb 18 2014 - 19:57:18)


U-Boot 2014.01-00219-gc4d376f (Feb 18 2014 - 19:57:18)

TEGRA30
Board: NVIDIA Beaver
I2C:   ready
DRAM:  2 GiB
MMC:   Tegra SD/MMC: 0, Tegra SD/MMC: 1
In:    serial
Out:   serial
Err:   serial
Net:   Net Initialization Skipped
No ethernet found.
Hit any key to stop autoboot:  2  0 
Tegra30 (Beaver) # 
Tegra30 (Beaver) # usb reset
(Re)start USB...
USB0:   USB EHCI 1.00
scanning bus 0 for devices... 2 USB Device(s) found
       scanning usb for storage devices... 0 Storage Device(s) found
       scanning usb for ethernet devices... 
Warning: asx0 using MAC address from net device
1 Ethernet Device(s) found
Tegra30 (Beaver) # setenv bootargs 'ignore_loglevel console=ttyS0,115200n8 rw root=PARTUUID=edbe1840-3633-c751-7993-b0ac834f81e0 rootwait gpt debug noinitrd earlyprintk init=/bin/bash'
Tegra30 (Beaver) # setenv ipaddr 192.168.100.101; setenv serverip 192.168.100.1; setenv tftpserverip 192.168.100.1
Tegra30 (Beaver) # tftpboot 0x81000000 zImage.multi_v7_defconfig
Using asx0 device
TFTP from server 192.168.100.1; our IP address is 192.168.100.101
Filename 'zImage.multi_v7_defconfig'.
Load address: 0x81000000
Loading: *#################################################################
	 #################################################################
	 #################################################################
	 #################################################################
	 #################################################################
	 #################################################################
	 #################################################################
	 #################################################################
	 ################
	 3.2 MiB/s
done
Bytes transferred = 7859624 (77eda8 hex)
Tegra30 (Beaver) # tftpboot 0x82000000 tegra30-beaver.dtb
Using asx0 device
TFTP from server 192.168.100.1; our IP address is 192.168.100.101
Filename 'tegra30-beaver.dtb'.
Load address: 0x82000000
Loading: *####
	 3.1 MiB/s
done
Bytes transferred = 51804 (ca5c hex)
Tegra30 (Beaver) # bootz 0x81000000 - 0x82000000
Kernel image @ 0x81000000 [ 0x000000 - 0x77eda8 ]
## Flattened Device Tree blob at 82000000
   Booting using the fdt blob at 0x82000000
   Loading Device Tree to 8fff0000, end 8ffffa5b ... OK

Starting kernel ...

[    0.000000] Booting Linux on physical CPU 0x0
[    0.000000] Linux version 4.11.0-rc4-next-20170327-161561-g93a4a44 (jonathanh@sellafield) (gcc version 4.7.3 20130328 (prerelease) (crosstool-NG linaro-1.13.1-4.7-2013.04-20130415 - Linaro GCC 2013.04) ) #1 SMP Tue Mar 28 01:53:10 PDT 2017
[    0.000000] CPU: ARMv7 Processor [412fc099] revision 9 (ARMv7), cr=10c5387d
[    0.000000] CPU: PIPT / VIPT nonaliasing data cache, VIPT aliasing instruction cache
[    0.000000] OF: fdt: Machine model: NVIDIA Tegra30 Beaver evaluation board
[    0.000000] debug: ignoring loglevel setting.
[    0.000000] efi: Getting EFI parameters from FDT:
[    0.000000] efi: UEFI not found.
[    0.000000] cma: Reserved 64 MiB at 0xfb800000
[    0.000000] Memory policy: Data cache writealloc
[    0.000000] On node 0 totalpages: 524032
[    0.000000] free_area_init_node: node 0, pgdat c157cb40, node_mem_map eeff8000
[    0.000000]   DMA zone: 1536 pages used for memmap
[    0.000000]   DMA zone: 0 pages reserved
[    0.000000]   DMA zone: 196608 pages, LIFO batch:31
[    0.000000]   HighMem zone: 327424 pages, LIFO batch:31
[    0.000000] percpu: Embedded 17 pages/cpu @eef88000 s38528 r8192 d22912 u69632
[    0.000000] pcpu-alloc: s38528 r8192 d22912 u69632 alloc=17*4096
[    0.000000] pcpu-alloc: [0] 0 [0] 1 [0] 2 [0] 3 
[    0.000000] Built 1 zonelists in Zone order, mobility grouping on.  Total pages: 522496
[    0.000000] Kernel command line: ignore_loglevel console=ttyS0,115200n8 rw root=PARTUUID=edbe1840-3633-c751-7993-b0ac834f81e0 rootwait gpt debug noinitrd earlyprintk init=/bin/bash
[    0.000000] PID hash table entries: 4096 (order: 2, 16384 bytes)
[    0.000000] Dentry cache hash table entries: 131072 (order: 7, 524288 bytes)
[    0.000000] Inode-cache hash table entries: 65536 (order: 6, 262144 bytes)
[    0.000000] Memory: 1993496K/2096128K available (10240K kernel code, 1553K rwdata, 4388K rodata, 2048K init, 417K bss, 37096K reserved, 65536K cma-reserved, 1244160K highmem)
[    0.000000] Virtual kernel memory layout:
[    0.000000]     vector  : 0xffff0000 - 0xffff1000   (   4 kB)
[    0.000000]     fixmap  : 0xffc00000 - 0xfff00000   (3072 kB)
[    0.000000]     vmalloc : 0xf0800000 - 0xff800000   ( 240 MB)
[    0.000000]     lowmem  : 0xc0000000 - 0xf0000000   ( 768 MB)
[    0.000000]     pkmap   : 0xbfe00000 - 0xc0000000   (   2 MB)
[    0.000000]     modules : 0xbf000000 - 0xbfe00000   (  14 MB)
[    0.000000]       .text : 0xc0208000 - 0xc0d00000   (11232 kB)
[    0.000000]       .init : 0xc1200000 - 0xc1400000   (2048 kB)
[    0.000000]       .data : 0xc1400000 - 0xc1584590   (1554 kB)
[    0.000000]        .bss : 0xc1586000 - 0xc15ee5c8   ( 418 kB)
[    0.000000] SLUB: HWalign=64, Order=0-3, MinObjects=0, CPUs=4, Nodes=1
[    0.000000] Hierarchical RCU implementation.
[    0.000000] 	RCU debugfs-based tracing is enabled.
[    0.000000] 	RCU restricting CPUs from NR_CPUS=16 to nr_cpu_ids=4.
[    0.000000] RCU: Adjusting geometry for rcu_fanout_leaf=16, nr_cpu_ids=4
[    0.000000] NR_IRQS:16 nr_irqs:16 16
[    0.000000] /interrupt-controller@60004000: 160 interrupts forwarded to /interrupt-controller@50041000
[    0.000000] L2C: platform modifies aux control register: 0x02080000 -> 0x3e480001
[    0.000000] L2C: DT/platform modifies aux control register: 0x02080000 -> 0x3e480001
[    0.000000] L2C-310 erratum 769419 enabled
[    0.000000] L2C-310 enabling early BRESP for Cortex-A9
[    0.000000] L2C-310: enabling full line of zeros but not enabled in Cortex-A9
[    0.000000] L2C-310 dynamic clock gating enabled, standby mode enabled
[    0.000000] L2C-310 cache controller enabled, 8 ways, 1024 kB
[    0.000000] L2C-310: CACHE_ID 0x410000c7, AUX_CTRL 0x4e480001
[    0.000013] sched_clock: 32 bits at 1000kHz, resolution 1000ns, wraps every 2147483647500ns
[    0.000029] clocksource: timer_us: mask: 0xffffffff max_cycles: 0xffffffff, max_idle_ns: 1911260446275 ns
[    0.000038] Switching to timer-based delay loop, resolution 1000ns
[    0.002764] Console: colour dummy device 80x30
[    0.002792] Calibrating delay loop (skipped), value calculated using timer frequency.. 2.00 BogoMIPS (lpj=10000)
[    0.002802] pid_max: default: 32768 minimum: 301
[    0.002876] Mount-cache hash table entries: 2048 (order: 1, 8192 bytes)
[    0.002884] Mountpoint-cache hash table entries: 2048 (order: 1, 8192 bytes)
[    0.003271] CPU: Testing write buffer coherency: ok
[    0.003593] CPU0: thread -1, cpu 0, socket 0, mpidr 80000000
[    0.003809] Setting up static identity map for 0x80300000 - 0x80300098
[    0.006398] Tegra Revision: A03 SKU: 128 CPU Process: 4 SoC Process: 0
[    0.006897] EFI services will not be available.
[    0.007055] smp: Bringing up secondary CPUs ...
[    0.010377] CPU1: thread -1, cpu 1, socket 0, mpidr 80000001
[    0.020334] CPU2: thread -1, cpu 2, socket 0, mpidr 80000002
[    0.030333] CPU3: thread -1, cpu 3, socket 0, mpidr 80000003
[    0.030377] smp: Brought up 1 node, 4 CPUs
[    0.030390] SMP: Total of 4 processors activated (8.00 BogoMIPS).
[    0.030395] CPU: All CPU(s) started in SVC mode.
[    0.031087] devtmpfs: initialized
[    0.039466] VFP support v0.3: implementor 41 architecture 3 part 30 variant 9 rev 4
[    0.039895] clocksource: jiffies: mask: 0xffffffff max_cycles: 0xffffffff, max_idle_ns: 19112604462750000 ns
[    0.039954] futex hash table entries: 1024 (order: 4, 65536 bytes)
[    0.043307] pinctrl core: initialized pinctrl subsystem
[    0.045062] NET: Registered protocol family 16
[    0.047696] DMA: preallocated 256 KiB pool for atomic coherent allocations
[    0.049422] cpuidle: using governor menu
[    0.063925] No ATAGs?
[    0.064030] hw-breakpoint: found 5 (+1 reserved) breakpoint and 1 watchpoint registers.
[    0.064040] hw-breakpoint: maximum watchpoint size is 4 bytes.
[    0.067996] Serial: AMBA PL011 UART driver
[    0.068467] tegra-mc 7000f000.memory-controller: no memory timings for RAM code 3 registered
[    0.077574] AT91: Could not find identification node
[    0.078030] vdd_5v_sata: Failed to request enable GPIO30: -517
[    0.078045] reg-fixed-voltage regulators:regulator@3: Failed to register regulator: -517
[    0.078088] usb1_vbus: Failed to request enable GPIO238: -517
[    0.078095] reg-fixed-voltage regulators:regulator@4: Failed to register regulator: -517
[    0.078137] usb3_vbus: Failed to request enable GPIO236: -517
[    0.078144] reg-fixed-voltage regulators:regulator@5: Failed to register regulator: -517
[    0.078229] sys_3v3_pexs: Failed to request enable GPIO95: -517
[    0.078236] reg-fixed-voltage regulators:regulator@7: Failed to register regulator: -517
[    0.080164] vgaarb: loaded
[    0.080642] SCSI subsystem initialized
[    0.080777] libata version 3.00 loaded.
[    0.080930] usbcore: registered new interface driver usbfs
[    0.080963] usbcore: registered new interface driver hub
[    0.080995] usbcore: registered new device driver usb
[    0.088047] vrtc: supplied by vdd_5v_in
[    0.091342] vio: supplied by vdd_5v_in
[    0.101822] vdd1: supplied by vdd_5v_in
[    0.103181] vddio_ddr_1v2: Bringing 600000uV into 1200000-1200000uV
[    0.111832] vdd2: supplied by vdd_5v_in
[    0.131817] ldo1: supplied by vdd_1v5_gen
[    0.134212] ldo2: supplied by vdd_1v5_gen
[    0.134684] vdd_sata,avdd_plle: Bringing 1200000uV into 1050000-1050000uV
[    0.136914] ldo3: supplied by vdd_5v_in
[    0.139284] ldo4: supplied by vdd_5v_in
[    0.141823] ldo5: supplied by vdd_5v_in
[    0.151817] ldo6: supplied by vdd_1v8_gen
[    0.152289] avdd_dsi_csi,pwrdet_mipi: Bringing 1000000uV into 1200000-1200000uV
[    0.154548] ldo7: supplied by vdd_1v8_gen
[    0.161819] ldo8: supplied by vdd_1v8_gen
[    0.171926] pps_core: LinuxPPS API ver. 1 registered
[    0.171932] pps_core: Software ver. 5.3.6 - Copyright 2005-2007 Rodolfo Giometti <giometti@linux.it>
[    0.171945] PTP clock support registered
[    0.172083] EDAC MC: Ver: 3.0.0
[    0.173647] clocksource: Switched to clocksource timer_us
[    0.207130] NET: Registered protocol family 2
[    0.207557] TCP established hash table entries: 8192 (order: 3, 32768 bytes)
[    0.207613] TCP bind hash table entries: 8192 (order: 4, 65536 bytes)
[    0.207699] TCP: Hash tables configured (established 8192 bind 8192)
[    0.207847] UDP hash table entries: 512 (order: 2, 16384 bytes)
[    0.207913] UDP-Lite hash table entries: 512 (order: 2, 16384 bytes)
[    0.208086] NET: Registered protocol family 1
[    0.208413] RPC: Registered named UNIX socket transport module.
[    0.208421] RPC: Registered udp transport module.
[    0.208425] RPC: Registered tcp transport module.
[    0.208429] RPC: Registered tcp NFSv4.1 backchannel transport module.
[    0.208439] PCI: CLS 0 bytes, default 64
[    0.209277] hw perfevents: enabled with armv7_cortex_a9 PMU driver, 7 counters available
[    0.210527] workingset: timestamp_bits=30 max_order=19 bucket_order=0
[    0.215510] squashfs: version 4.0 (2009/01/31) Phillip Lougher
[    0.215945] NFS: Registering the id_resolver key type
[    0.215973] Key type id_resolver registered
[    0.215977] Key type id_legacy registered
[    0.216007] ntfs: driver 2.1.32 [Flags: R/O].
[    0.217074] bounce: pool size: 64 pages
[    0.217110] Block layer SCSI generic (bsg) driver version 0.4 loaded (major 248)
[    0.217118] io scheduler noop registered
[    0.217123] io scheduler deadline registered
[    0.217226] io scheduler cfq registered (default)
[    0.217232] io scheduler mq-deadline registered
[    0.223268] tegra30-pinctrl 70000868.pinmux: invalid group "sdmmc3_dat6_pd3" for function "rsvd1"
[    0.223283] tegra30-pinctrl 70000868.pinmux: invalid group "sdmmc3_dat7_pd4" for function "rsvd1"
[    0.223295] tegra30-pinctrl 70000868.pinmux: invalid group "vi_vsync_pd6" for function "rsvd1"
[    0.223305] tegra30-pinctrl 70000868.pinmux: invalid group "vi_hsync_pd7" for function "rsvd1"
[    0.223772] tegra30-pinctrl 70000868.pinmux: invalid group "hdmi_int_pn7" for function "rsvd1"
[    0.223816] tegra30-pinctrl 70000868.pinmux: invalid group "ulpi_data3_po4" for function "rsvd1"
[    0.224130] tegra30-pinctrl 70000868.pinmux: invalid group "vi_d10_pt2" for function "rsvd1"
[    0.224142] tegra30-pinctrl 70000868.pinmux: invalid group "vi_d11_pt3" for function "rsvd1"
[    0.224153] tegra30-pinctrl 70000868.pinmux: invalid group "vi_d0_pt4" for function "rsvd1"
[    0.224192] tegra30-pinctrl 70000868.pinmux: invalid group "pu0" for function "rsvd1"
[    0.224232] tegra30-pinctrl 70000868.pinmux: invalid group "pu3" for function "rsvd1"
[    0.224261] tegra30-pinctrl 70000868.pinmux: invalid group "pu6" for function "rsvd1"
[    0.224300] tegra30-pinctrl 70000868.pinmux: invalid group "pv3" for function "rsvd1"
[    0.224760] tegra30-pinctrl 70000868.pinmux: invalid group "pbb0" for function "rsvd1"
[    0.224867] tegra30-pinctrl 70000868.pinmux: invalid group "pcc1" for function "rsvd1"
[    0.229961] tegra-pcie 3000.pcie-controller: 2x3 configuration
[    0.230106] tegra-pcie 3000.pcie-controller: Failed to get supply 'hvdd-pex': -517
[    0.235712] tegra-apbdma 6000a000.dma: Tegra20 APB DMA driver register 32 channels
[    0.236994] tegra-pmc 7000e400.pmc: i2c-thermtrip node not found, emergency thermal reset disabled.
[    0.270881] Serial: 8250/16550 driver, 4 ports, IRQ sharing disabled
[    0.272908] console [ttyS0] disabled
[    0.272945] 70006000.serial: ttyS0 at MMIO 0x70006000 (irq = 331, base_baud = 25500000) is a Tegra
[    1.283383] console [ttyS0] enabled
[    1.287409] SuperH (H)SCI(F) driver initialized
[    1.292499] msm_serial: driver initialized
[    1.296708] STMicroelectronics ASC driver initialized
[    1.305434] tegra-hdmi 54280000.hdmi: failed to get HDMI regulator
[    1.319845] brd: module loaded
[    1.328758] loop: module loaded
[    1.337299] m25p80 spi32766.1: w25q32 (4096 Kbytes)
[    1.344027] libphy: Fixed MDIO Bus: probed
[    1.348803] CAN device driver interface
[    1.353177] bgmac_bcma: Broadcom 47xx GBit MAC driver loaded
[    1.359673] e1000e: Intel(R) PRO/1000 Network Driver - 3.2.6-k
[    1.365500] e1000e: Copyright(c) 1999 - 2015 Intel Corporation.
[    1.371440] igb: Intel(R) Gigabit Ethernet Network Driver - version 5.4.0-k
[    1.378391] igb: Copyright (c) 2007-2014 Intel Corporation.
[    1.385912] pegasus: v0.9.3 (2013/04/25), Pegasus/Pegasus II USB Ethernet driver
[    1.393342] usbcore: registered new interface driver pegasus
[    1.399033] usbcore: registered new interface driver asix
[    1.404445] usbcore: registered new interface driver ax88179_178a
[    1.410545] usbcore: registered new interface driver cdc_ether
[    1.416399] usbcore: registered new interface driver smsc75xx
[    1.422161] usbcore: registered new interface driver smsc95xx
[    1.427919] usbcore: registered new interface driver net1080
[    1.433580] usbcore: registered new interface driver cdc_subset
[    1.439511] usbcore: registered new interface driver zaurus
[    1.445107] usbcore: registered new interface driver cdc_ncm
[    1.452152] ehci_hcd: USB 2.0 'Enhanced' Host Controller (EHCI) Driver
[    1.458681] ehci-pci: EHCI PCI platform driver
[    1.463135] ehci-platform: EHCI generic platform driver
[    1.468473] ehci-orion: EHCI orion driver
[    1.472558] SPEAr-ehci: EHCI SPEAr driver
[    1.476641] ehci-st: EHCI STMicroelectronics driver
[    1.481586] ehci-exynos: EHCI EXYNOS driver
[    1.485854] ehci-atmel: EHCI Atmel driver
[    1.489925] tegra-ehci: Tegra EHCI driver
[    1.494222] ohci_hcd: USB 1.1 'Open' Host Controller (OHCI) Driver
[    1.500396] ohci-pci: OHCI PCI platform driver
[    1.504864] ohci-platform: OHCI generic platform driver
[    1.510175] ohci-omap3: OHCI OMAP3 driver
[    1.514259] SPEAr-ohci: OHCI SPEAr driver
[    1.518332] ohci-st: OHCI STMicroelectronics driver
[    1.523268] ohci-atmel: OHCI Atmel driver
[    1.527719] usbcore: registered new interface driver usb-storage
[    1.536220] tegra_rtc 7000e000.rtc: rtc core: registered 7000e000.rtc as rtc1
[    1.543372] tegra_rtc 7000e000.rtc: Tegra internal Real Time Clock
[    1.552285] random: fast init done
[    1.565590] tps65910-rtc tps65910-rtc: rtc core: registered tps65910-rtc as rtc0
[    1.573157] i2c /dev entries driver
[    1.584743] sdhci: Secure Digital Host Controller Interface driver
[    1.590909] sdhci: Copyright(c) Pierre Ossman
[    1.596164] Synopsys Designware Multimedia Card Interface Driver
[    1.602885] sdhci-pltfm: SDHCI platform and OF driver helper
[    1.609064] sdhci-tegra 78000000.sdhci: Got CD GPIO
[    1.613952] sdhci-tegra 78000000.sdhci: Got WP GPIO
[    1.627123] mmc0: Invalid maximum block size, assuming 512 bytes
[    1.693735] mmc0: SDHCI controller on 78000000.sdhci [78000000.sdhci] using ADMA
[    1.710100] mmc1: Invalid maximum block size, assuming 512 bytes
[    1.773664] mmc1: SDHCI controller on 78000600.sdhci [78000600.sdhci] using ADMA
[    1.782362] ledtrig-cpu: registered to indicate activity on CPUs
[    1.788719] usbcore: registered new interface driver usbhid
[    1.794300] usbhid: USB HID core driver
[    1.800985] NET: Registered protocol family 10
[    1.806122] Segment Routing with IPv6
[    1.809839] sit: IPv6, IPv4 and MPLS over IPv4 tunneling driver
[    1.816181] NET: Registered protocol family 17
[    1.820617] can: controller area network core (rev 20120528 abi 9)
[    1.826832] NET: Registered protocol family 29
[    1.831264] can: raw protocol (rev 20120528)
[    1.835537] can: broadcast manager protocol (rev 20161123 t)
[    1.841184] can: netlink gateway (rev 20130117) max_hops=1
[    1.846923] Key type dns_resolver registered
[    1.851591] ThumbEE CPU extension supported.
[    1.855870] Registering SWP/SWPB emulation handler
[    1.870103] vdd_ddr: supplied by vdd_5v_in
[    1.875070] vdd_5v_sata: supplied by vdd_5v_in
[    1.879835] usb1_vbus: supplied by vdd_5v_in
[    1.884463] usb3_vbus: supplied by vdd_5v_in
[    1.889957] sys_3v3,vdd_3v3_alw: supplied by vdd_5v_in
[    1.895927] sys_3v3_pexs: supplied by sys_3v3,vdd_3v3_alw
[    1.901478] +VDD_5V_HDMI: supplied by sys_3v3,vdd_3v3_alw
[    1.901751] mmc1: new high speed MMC card at address 0001
[    1.902943] mmcblk1: mmc1:0001 SEM16G 14.8 GiB 
[    1.903459] mmcblk1boot0: mmc1:0001 SEM16G partition 1 1.00 MiB
[    1.904369] mmcblk1boot1: mmc1:0001 SEM16G partition 2 1.00 MiB
[    1.905963] mmcblk1rpmb: mmc1:0001 SEM16G partition 3 128 KiB
[    1.935086] tegra-pcie 3000.pcie-controller: 2x3 configuration
[    1.943458] tegra-pcie 3000.pcie-controller: probing port 0, using 2 lanes
[    1.952662] Primary GPT is invalid, using alternate GPT.
[    1.957988]  mmcblk1: p1 p2 p3 p4 p5
[    1.972786] mmc0: new ultra high speed DDR50 SDHC card at address aaaa
[    1.980429] mmcblk0: mmc0:aaaa SS04G 3.69 GiB 
[    2.008681] tegra-pcie 3000.pcie-controller: probing port 2, using 2 lanes
[    2.021290]  mmcblk0: p1 p2 p3
[    2.419359] tegra-pcie 3000.pcie-controller: link 2 down, retrying
[    2.829336] tegra-pcie 3000.pcie-controller: link 2 down, retrying
[    3.239284] tegra-pcie 3000.pcie-controller: link 2 down, retrying
[    3.247472] tegra-pcie 3000.pcie-controller: link 2 down, ignoring
[    3.253764] tegra-pcie 3000.pcie-controller: PCI host bridge to bus 0000:00
[    3.260712] pci_bus 0000:00: root bus resource [io  0x0000-0xffff]
[    3.266889] pci_bus 0000:00: root bus resource [mem 0x20000000-0x27ffffff]
[    3.273756] pci_bus 0000:00: root bus resource [mem 0x28000000-0x3fffffff pref]
[    3.281048] pci_bus 0000:00: root bus resource [bus 00-ff]
[    3.286552] pci 0000:00:01.0: [10de:0e1c] type 01 class 0x060400
[    3.292568] pci_bus 0000:00: 2-byte config write to 0000:00:01.0 offset 0x88 may corrupt adjacent RW1C bits
[    3.302327] pci_bus 0000:00: 2-byte config write to 0000:00:01.0 offset 0x52 may corrupt adjacent RW1C bits
[    3.312073] pci 0000:00:01.0: PME# supported from D0 D1 D2 D3hot D3cold
[    3.318682] pci_bus 0000:00: 2-byte config write to 0000:00:01.0 offset 0x4c may corrupt adjacent RW1C bits
[    3.328560] pci_bus 0000:00: 2-byte config write to 0000:00:01.0 offset 0x3e may corrupt adjacent RW1C bits
[    3.338292] pci_bus 0000:00: 2-byte config write to 0000:00:01.0 offset 0x4 may corrupt adjacent RW1C bits
[    3.347932] pci_bus 0000:00: 1-byte config write to 0000:00:01.0 offset 0xc may corrupt adjacent RW1C bits
[    3.357569] PCI: bus0: Fast back to back transfers disabled
[    3.363130] pci 0000:00:01.0: bridge configuration invalid ([bus 00-00]), reconfiguring
[    3.371123] pci_bus 0000:00: 2-byte config write to 0000:00:01.0 offset 0x3e may corrupt adjacent RW1C bits
[    3.380849] pci_bus 0000:00: 2-byte config write to 0000:00:01.0 offset 0x3e may corrupt adjacent RW1C bits
[    3.390580] pci_bus 0000:00: 2-byte config write to 0000:00:01.0 offset 0x3e may corrupt adjacent RW1C bits
[    3.400308] pci_bus 0000:00: 2-byte config write to 0000:00:01.0 offset 0x6 may corrupt adjacent RW1C bits
[    3.410052] pci 0000:01:00.0: [10ec:8168] type 00 class 0x020000
[    3.416070] pci 0000:01:00.0: reg 0x10: [io  0x0000-0x00ff]
[    3.421643] pci 0000:01:00.0: reg 0x18: [mem 0x00000000-0x00000fff 64bit pref]
[    3.428867] pci 0000:01:00.0: reg 0x20: [mem 0x00000000-0x00003fff 64bit pref]
[    3.436153] pci 0000:01:00.0: supports D1 D2
[    3.440410] pci 0000:01:00.0: PME# supported from D0 D1 D2 D3hot D3cold
[    3.473672] PCI: bus1: Fast back to back transfers disabled
[    3.479234] pci_bus 0000:01: busn_res: [bus 01-ff] end is updated to 01
[    3.485907] pci 0000:00:01.0: BAR 9: assigned [mem 0x28000000-0x280fffff 64bit pref]
[    3.493644] pci 0000:00:01.0: BAR 7: assigned [io  0x1000-0x1fff]
[    3.499725] pci 0000:01:00.0: BAR 4: assigned [mem 0x28000000-0x28003fff 64bit pref]
[    3.507469] pci 0000:01:00.0: BAR 2: assigned [mem 0x28004000-0x28004fff 64bit pref]
[    3.515211] pci 0000:01:00.0: BAR 0: assigned [io  0x1000-0x10ff]
[    3.521292] pci 0000:00:01.0: PCI bridge to [bus 01]
[    3.526252] pci 0000:00:01.0:   bridge window [io  0x1000-0x1fff]
[    3.532331] pci 0000:00:01.0:   bridge window [mem 0x28000000-0x280fffff 64bit pref]
[    3.540080] pci 0000:00:01.0: nv_msi_ht_cap_quirk didn't locate host bridge
[    3.547093] pcieport 0000:00:01.0: enabling device (0140 -> 0143)
[    3.553369] pcieport 0000:00:01.0: Signaling PME with IRQ 374
[    3.559319] r8169 Gigabit Ethernet driver 2.3LK-NAPI loaded
[    3.564909] r8169 0000:01:00.0: enabling device (0140 -> 0143)
[    3.571669] r8169 0000:01:00.0 eth0: RTL8168evl/8111evl at 0xf0afe000, 02:04:4b:01:60:a6, XID 0c900800 IRQ 375
[    3.581671] r8169 0000:01:00.0 eth0: jumbo features [frames: 9200 bytes, tx checksumming: ko]
[    3.592932] [drm] Supports vblank timestamp caching Rev 2 (21.10.2013).
[    3.599549] [drm] No driver support for vblank timestamp query.
[    3.605495] [drm] Cannot find any crtc or sizes - going 1024x768
[    3.630444] Console: switching to colour frame buffer device 128x48
[    3.642963] drm drm: fb0:  frame buffer device
[    3.647463] [drm] Initialized tegra 0.0.0 20120330 for drm on minor 0
[    3.659372] utmi_phy_clk_enable: timeout waiting for phy to stabilize
[    3.665854] tegra-ehci 7d004000.usb: EHCI Host Controller
[    3.671257] tegra-ehci 7d004000.usb: new USB bus registered, assigned bus number 1
[    3.679078] tegra-ehci 7d004000.usb: irq 343, io mem 0x7d004000
[    3.713661] tegra-ehci 7d004000.usb: USB 2.0 started, EHCI 1.00
[    3.720578] hub 1-0:1.0: USB hub found
[    3.724353] hub 1-0:1.0: 1 port detected
[    3.729462] tegra-ehci 7d008000.usb: EHCI Host Controller
[    3.734879] tegra-ehci 7d008000.usb: new USB bus registered, assigned bus number 2
[    3.742611] tegra-ehci 7d008000.usb: irq 344, io mem 0x7d008000
[    3.773656] tegra-ehci 7d008000.usb: USB 2.0 started, EHCI 1.00
[    3.780451] hub 2-0:1.0: USB hub found
[    3.784228] hub 2-0:1.0: 1 port detected
[    3.792727] tps65910-rtc tps65910-rtc: setting system clock to 2000-01-01 00:00:02 UTC (946684802)
[    3.802231] vdd_sata,avdd_plle: disabling
[    3.806601] usb1_vbus: disabling
[    3.811635] EXT4-fs (mmcblk1p1): mounting ext3 file system using the ext4 subsystem
[    3.826981] EXT4-fs (mmcblk1p1): warning: mounting fs with errors, running e2fsck is recommended
[    3.837202] EXT4-fs (mmcblk1p1): recovery complete
[    3.841990] EXT4-fs (mmcblk1p1): mounted filesystem with ordered data mode. Opts: (null)
[    3.850106] VFS: Mounted root (ext3 filesystem) on device 179:1.
[    3.866529] devtmpfs: mounted
[    3.872022] Freeing unused kernel memory: 2048K
bash: cannot set terminal process group (-1): Inappropriate ioctl for device
bash: no job control in this shell
root@(none):/# [    4.143670] usb 2-1: new high-speed USB device number 2 using tegra-ehci
[    4.803338] asix 2-1:1.0 eth1: register 'asix' at usb-7d008000.usb-1, ASIX AX88772 USB 2.0 Ethernet, 00:50:b6:0f:67:60
mount -t sysfs none /sys
root@(none):/# 
root@(none):/# mount -t debugfs none /sys/kernel/debug
root@(none):/# 
root@(none):/# rtcwake -d rtc1 -m mem -s 3
rtcwake: wakeup from "mem" using /dev/rtc1 at Thu Jan  1 00:00:22 1970
[    7.573730] PM: Syncing filesystems ... done.
[    7.585122] Freezing user space processes ... (elapsed 0.001 seconds) done.
[    7.593214] Freezing remaining freezable tasks ... (elapsed 0.001 seconds) done.
[    7.601826] Suspending console(s) (use no_console_suspend to debug)
[    7.677090] PM: suspend of devices complete after 68.149 msecs
[    7.678629] PM: late suspend of devices complete after 1.531 msecs
[    7.704407] PM: noirq suspend of devices complete after 25.769 msecs
[    7.704411] Disabling non-boot CPUs ...
[    7.704783] IRQ17 no longer affine to CPU1
[    7.885734] Entering suspend state LP1
[    7.885734] Suspended for 2.968 seconds
[    7.885751] Enabling non-boot CPUs ...
[    7.915653] CPU1 is up
[    7.955798] CPU2 is up
[    7.996034] CPU3 is up
[    7.996779] pcieport 0000:00:01.0: nv_msi_ht_cap_quirk didn't locate host bridge
[    8.023704] PM: noirq resume of devices complete after 27.661 msecs
[    8.024847] PM: early resume of devices complete after 0.698 msecs
[    8.581179] PM: resume of devices complete after 556.320 msecs
[    8.652450] Restarting tasks ... done.
root@(none):/# 
root@(none):/# rtcwake -d rtc1 -m mem -s 3
rtcwake: wakeup from "mem" using /dev/rtc1 at Thu Jan  1 00:00:27 1970
[    9.691384] PM: Syncing filesystems ... done.
[    9.703274] Freezing user space processes ... (elapsed 0.001 seconds) done.
[    9.711358] Freezing remaining freezable tasks ... (elapsed 0.001 seconds) done.
[    9.719965] Suspending console(s) (use no_console_suspend to debug)
[    9.764173] pci_generic_config_write32: 63 callbacks suppressed
[    9.764185] pci_bus 0000:00: 2-byte config write to 0000:00:01.0 offset 0x9c may corrupt adjacent RW1C bits
[    9.807344] PM: suspend of devices complete after 80.354 msecs
[    9.810724] PM: late suspend of devices complete after 3.372 msecs
[    9.811320] pci_bus 0000:01: 2-byte config write to 0000:01:00.0 offset 0x44 may corrupt adjacent RW1C bits
[    9.811334] pci_bus 0000:01: 2-byte config write to 0000:01:00.0 offset 0x44 may corrupt adjacent RW1C bits
[    9.834335] PM: noirq suspend of devices complete after 23.604 msecs
[    9.834339] Disabling non-boot CPUs ...
[    9.834701] IRQ17 no longer affine to CPU1
[    9.995607] Entering suspend state LP1
[    9.995607] Suspended for 2.890 seconds
[    9.995629] Enabling non-boot CPUs ...
[   10.026133] CPU1 is up
[   10.066224] CPU2 is up
[   10.106413] CPU3 is up
[   10.107346] pci_bus 0000:00: 2-byte config write to 0000:00:01.0 offset 0x4c may corrupt adjacent RW1C bits
[   10.107364] pci_bus 0000:00: 2-byte config write to 0000:00:01.0 offset 0x88 may corrupt adjacent RW1C bits
[   10.107370] pci_bus 0000:00: 2-byte config write to 0000:00:01.0 offset 0x90 may corrupt adjacent RW1C bits
[   10.107375] pci_bus 0000:00: 2-byte config write to 0000:00:01.0 offset 0x98 may corrupt adjacent RW1C bits
[   10.107382] pci_bus 0000:00: 2-byte config write to 0000:00:01.0 offset 0x9c may corrupt adjacent RW1C bits
[   10.107407] pci_bus 0000:00: 2-byte config write to 0000:00:01.0 offset 0x52 may corrupt adjacent RW1C bits
[   10.107414] pci_bus 0000:00: 2-byte config write to 0000:00:01.0 offset 0x52 may corrupt adjacent RW1C bits
[   10.107445] pcieport 0000:00:01.0: nv_msi_ht_cap_quirk didn't locate host bridge
[   10.133687] PM: noirq resume of devices complete after 27.263 msecs
[   10.135599] PM: early resume of devices complete after 1.403 msecs
[   10.696117] PM: resume of devices complete after 560.506 msecs
[   10.870828] Restarting tasks ... done.
root@(none):/# 
root@(none):/# rtcwake -d rtc1 -m mem -s 3
rtcwake: wakeup from "mem" using /dev/rtc1 at Thu Jan  1 00:00:32 1970
[   11.786890] PM: Syncing filesystems ... done.
[   11.800972] Freezing user space processes ... (elapsed 0.001 seconds) done.
[   11.809120] Freezing remaining freezable tasks ... (elapsed 0.001 seconds) done.
[   11.817781] Suspending console(s) (use no_console_suspend to debug)
[   11.906658] PM: suspend of devices complete after 81.607 msecs
[   11.911028] PM: late suspend of devices complete after 4.359 msecs
[   11.934506] PM: noirq suspend of devices complete after 23.469 msecs
[   11.934512] Disabling non-boot CPUs ...
[   12.007735] IRQ17 no longer affine to CPU2
[   12.116058] Entering suspend state LP1
[   12.116058] Suspended for 2.879 seconds
[   12.116077] Enabling non-boot CPUs ...
[   12.146068] CPU1 is up
[   12.186173] CPU2 is up
[   12.226418] CPU3 is up
[   12.227342] pcieport 0000:00:01.0: nv_msi_ht_cap_quirk didn't locate host bridge
[   12.253649] PM: noirq resume of devices complete after 27.218 msecs
[   12.255462] PM: early resume of devices complete after 1.294 msecs
[   12.815532] PM: resume of devices complete after 560.058 msecs
[   12.887135] Restarting tasks ... done.
root@(none):/# 
root@(none):/# rtcwake -d rtc1 -m mem -s 3
rtcwake: wakeup from "mem" using /dev/rtc1 at Thu Jan  1 00:00:37 1970
[   13.902101] PM: Syncing filesystems ... done.
[   13.916186] Freezing user space processes ... (elapsed 0.001 seconds) done.
[   13.924345] Freezing remaining freezable tasks ... (elapsed 0.001 seconds) done.
[   13.932998] Suspending console(s) (use no_console_suspend to debug)
[   14.018116] PM: suspend of devices complete after 77.841 msecs
[   14.022488] PM: late suspend of devices complete after 4.362 msecs
[   14.044447] PM: noirq suspend of devices complete after 21.949 msecs
[   14.044451] Disabling non-boot CPUs ...
[   14.044910] IRQ17 no longer affine to CPU1
[   14.195988] Entering suspend state LP1
[   14.195988] Suspended for 2.920 seconds
[   14.196007] Enabling non-boot CPUs ...
[   14.225966] CPU1 is up
[   14.266125] CPU2 is up
[   14.306398] CPU3 is up
[   14.307341] pcieport 0000:00:01.0: nv_msi_ht_cap_quirk didn't locate host bridge
[   14.333621] PM: noirq resume of devices complete after 27.210 msecs
[   14.335425] PM: early resume of devices complete after 1.307 msecs
[   14.896620] PM: resume of devices complete after 561.181 msecs
[   14.968223] Restarting tasks ... done.
root@(none):/# 
root@(none):/# rtcwake -d rtc1 -m mem -s 3
rtcwake: wakeup from "mem" using /dev/rtc1 at Thu Jan  1 00:00:42 1970
[   15.982040] PM: Syncing filesystems ... done.
[   15.996138] Freezing user space processes ... (elapsed 0.001 seconds) done.
[   16.004302] Freezing remaining freezable tasks ... (elapsed 0.001 seconds) done.
[   16.012958] Suspending console(s) (use no_console_suspend to debug)
[   16.055234] pci_generic_config_write32: 65 callbacks suppressed
[   16.055250] pci_bus 0000:00: 2-byte config write to 0000:00:01.0 offset 0x9c may corrupt adjacent RW1C bits
[   16.098561] PM: suspend of devices complete after 78.329 msecs
[   16.101941] PM: late suspend of devices complete after 3.368 msecs
[   16.102678] pci_bus 0000:01: 2-byte config write to 0000:01:00.0 offset 0x44 may corrupt adjacent RW1C bits
[   16.102697] pci_bus 0000:01: 2-byte config write to 0000:01:00.0 offset 0x44 may corrupt adjacent RW1C bits
[   16.124417] PM: noirq suspend of devices complete after 22.468 msecs
[   16.124421] Disabling non-boot CPUs ...
[   16.124874] IRQ17 no longer affine to CPU1
[   16.305989] Entering suspend state LP1
[   16.305989] Suspended for 2.889 seconds
[   16.306009] Enabling non-boot CPUs ...
[   16.336068] CPU1 is up
[   16.376122] CPU2 is up
[   16.416389] CPU3 is up
[   16.417291] pci_bus 0000:00: 2-byte config write to 0000:00:01.0 offset 0x4c may corrupt adjacent RW1C bits
[   16.417311] pci_bus 0000:00: 2-byte config write to 0000:00:01.0 offset 0x88 may corrupt adjacent RW1C bits
[   16.417316] pci_bus 0000:00: 2-byte config write to 0000:00:01.0 offset 0x90 may corrupt adjacent RW1C bits
[   16.417323] pci_bus 0000:00: 2-byte config write to 0000:00:01.0 offset 0x98 may corrupt adjacent RW1C bits
[   16.417328] pci_bus 0000:00: 2-byte config write to 0000:00:01.0 offset 0x9c may corrupt adjacent RW1C bits
[   16.417352] pci_bus 0000:00: 2-byte config write to 0000:00:01.0 offset 0x52 may corrupt adjacent RW1C bits
[   16.417358] pci_bus 0000:00: 2-byte config write to 0000:00:01.0 offset 0x52 may corrupt adjacent RW1C bits
[   16.417390] pcieport 0000:00:01.0: nv_msi_ht_cap_quirk didn't locate host bridge
[   16.443582] PM: noirq resume of devices complete after 27.181 msecs
[   16.445997] PM: early resume of devices complete after 1.909 msecs
[   17.004985] PM: resume of devices complete after 558.977 msecs
[   17.179731] Restarting tasks ... done.
root@(none):/# 
root@(none):/# rtcwake -d rtc1 -m mem -s 3
rtcwake: wakeup from "mem" using /dev/rtc1 at Thu Jan  1 00:00:47 1970
[   18.092031] PM: Syncing filesystems ... done.
[   18.106131] Freezing user space processes ... (elapsed 0.001 seconds) done.
[   18.114285] Freezing remaining freezable tasks ... (elapsed 0.001 seconds) done.
[   18.122930] Suspending console(s) (use no_console_suspend to debug)
[   18.207560] PM: suspend of devices complete after 77.338 msecs
[   18.211952] PM: late suspend of devices complete after 4.383 msecs
[   18.234376] PM: noirq suspend of devices complete after 22.412 msecs
[   18.234381] Disabling non-boot CPUs ...
[   18.234842] IRQ17 no longer affine to CPU1
[   18.395937] Entering suspend state LP1
[   18.395937] Suspended for 2.910 seconds
[   18.395959] Enabling non-boot CPUs ...
[   18.425907] CPU1 is up
[   18.466072] CPU2 is up
[   18.506353] CPU3 is up
[   18.507278] pcieport 0000:00:01.0: nv_msi_ht_cap_quirk didn't locate host bridge
[   18.533543] PM: noirq resume of devices complete after 27.174 msecs
[   18.535966] PM: early resume of devices complete after 1.899 msecs
[   19.095886] PM: resume of devices complete after 559.906 msecs
[   19.167527] Restarting tasks ... done.
root@(none):/# 
root@(none):/# rtcwake -d rtc1 -m mem -s 3
rtcwake: wakeup from "mem" using /dev/rtc1 at Thu Jan  1 00:00:52 1970
[   20.192001] PM: Syncing filesystems ... done.
[   20.205088] Freezing user space processes ... (elapsed 0.001 seconds) done.
[   20.213224] Freezing remaining freezable tasks ... (elapsed 0.001 seconds) done.
[   20.221902] Suspending console(s) (use no_console_suspend to debug)
[   20.307470] PM: suspend of devices complete after 78.295 msecs
[   20.308851] PM: late suspend of devices complete after 1.369 msecs
[   20.334361] PM: noirq suspend of devices complete after 25.496 msecs
[   20.334364] Disabling non-boot CPUs ...
[   20.334821] IRQ17 no longer affine to CPU1
[   20.485958] Entering suspend state LP1
[   20.485958] Suspended for 2.909 seconds
[   20.485980] Enabling non-boot CPUs ...
[   20.515920] CPU1 is up
[   20.556063] CPU2 is up
[   20.596350] CPU3 is up
[   20.597291] pcieport 0000:00:01.0: nv_msi_ht_cap_quirk didn't locate host bridge
[   20.633632] PM: noirq resume of devices complete after 37.269 msecs
[   20.636035] PM: early resume of devices complete after 1.906 msecs
[   21.189981] PM: resume of devices complete after 553.933 msecs
[   21.261542] Restarting tasks ... done.
root@(none):/# 
root@(none):/# rtcwake -d rtc1 -m mem -s 3
rtcwake: wakeup from "mem" using /dev/rtc1 at Thu Jan  1 00:00:57 1970
[   22.291433] PM: Syncing filesystems ... done.
[   22.306074] Freezing user space processes ... (elapsed 0.001 seconds) done.
[   22.314220] Freezing remaining freezable tasks ... (elapsed 0.001 seconds) done.
[   22.322879] Suspending console(s) (use no_console_suspend to debug)
[   22.365125] pci_generic_config_write32: 65 callbacks suppressed
[   22.365141] pci_bus 0000:00: 2-byte config write to 0000:00:01.0 offset 0x9c may corrupt adjacent RW1C bits
[   22.407963] PM: suspend of devices complete after 77.816 msecs
[   22.411378] PM: late suspend of devices complete after 3.402 msecs
[   22.412137] pci_bus 0000:01: 2-byte config write to 0000:01:00.0 offset 0x44 may corrupt adjacent RW1C bits
[   22.412155] pci_bus 0000:01: 2-byte config write to 0000:01:00.0 offset 0x44 may corrupt adjacent RW1C bits
[   22.434323] PM: noirq suspend of devices complete after 22.934 msecs
[   22.434328] Disabling non-boot CPUs ...
[   22.434780] IRQ17 no longer affine to CPU1
[   22.575530] Entering suspend state LP1
[   22.575530] Suspended for 2.910 seconds
[   22.575551] Enabling non-boot CPUs ...
[   22.606261] CPU1 is up
[   22.646002] CPU2 is up
[   22.686173] CPU3 is up
[   22.687051] pci_bus 0000:00: 2-byte config write to 0000:00:01.0 offset 0x4c may corrupt adjacent RW1C bits
[   22.687066] pci_bus 0000:00: 2-byte config write to 0000:00:01.0 offset 0x88 may corrupt adjacent RW1C bits
[   22.687072] pci_bus 0000:00: 2-byte config write to 0000:00:01.0 offset 0x90 may corrupt adjacent RW1C bits
[   22.687077] pci_bus 0000:00: 2-byte config write to 0000:00:01.0 offset 0x98 may corrupt adjacent RW1C bits
[   22.687082] pci_bus 0000:00: 2-byte config write to 0000:00:01.0 offset 0x9c may corrupt adjacent RW1C bits
[   22.687105] pci_bus 0000:00: 2-byte config write to 0000:00:01.0 offset 0x52 may corrupt adjacent RW1C bits
[   22.687112] pci_bus 0000:00: 2-byte config write to 0000:00:01.0 offset 0x52 may corrupt adjacent RW1C bits
[   22.687140] pcieport 0000:00:01.0: nv_msi_ht_cap_quirk didn't locate host bridge
[   22.713473] PM: noirq resume of devices complete after 27.287 msecs
[   22.715368] PM: early resume of devices complete after 1.373 msecs
[   23.269509] PM: resume of devices complete after 554.125 msecs
[   23.444241] Restarting tasks ... done.
root@(none):/# 
root@(none):/# rtcwake -d rtc1 -m mem -s 3
rtcwake: wakeup from "mem" using /dev/rtc1 at Thu Jan  1 00:01:02 1970
[   24.371375] PM: Syncing filesystems ... done.
[   24.385998] Freezing user space processes ... (elapsed 0.001 seconds) done.
[   24.394154] Freezing remaining freezable tasks ... (elapsed 0.001 seconds) done.
[   24.402813] Suspending console(s) (use no_console_suspend to debug)
[   24.488432] PM: suspend of devices complete after 78.343 msecs
[   24.491783] PM: late suspend of devices complete after 3.339 msecs
[   24.514268] PM: noirq suspend of devices complete after 22.473 msecs
[   24.514273] Disabling non-boot CPUs ...
[   24.514721] IRQ17 no longer affine to CPU1
[   24.685533] Entering suspend state LP1
[   24.685533] Suspended for 2.889 seconds
[   24.685554] Enabling non-boot CPUs ...
[   24.716248] CPU1 is up
[   24.755969] CPU2 is up
[   24.796229] CPU3 is up
[   24.797161] pcieport 0000:00:01.0: nv_msi_ht_cap_quirk didn't locate host bridge
[   24.823427] PM: noirq resume of devices complete after 27.184 msecs
[   24.825345] PM: early resume of devices complete after 1.404 msecs
[   25.378835] PM: resume of devices complete after 553.476 msecs
[   25.450419] Restarting tasks ... done.
root@(none):/# 
root@(none):/# rtcwake -d rtc1 -m mem -s 3
rtcwake: wakeup from "mem" using /dev/rtc1 at Thu Jan  1 00:01:07 1970
[   26.481393] PM: Syncing filesystems ... done.
[   26.496018] Freezing user space processes ... (elapsed 0.001 seconds) done.
[   26.504174] Freezing remaining freezable tasks ... (elapsed 0.001 seconds) done.
[   26.512836] Suspending console(s) (use no_console_suspend to debug)
[   26.597904] PM: suspend of devices complete after 77.801 msecs
[   26.602280] PM: late suspend of devices complete after 4.362 msecs
[   26.624207] PM: noirq suspend of devices complete after 21.918 msecs
[   26.624211] Disabling non-boot CPUs ...
[   26.624659] IRQ17 no longer affine to CPU1
[   26.765519] Entering suspend state LP1
[   26.765519] Suspended for 2.919 seconds
[   26.765541] Enabling non-boot CPUs ...
[   26.796211] CPU1 is up
[   26.835914] CPU2 is up
[   26.876103] CPU3 is up
[   26.877040] pcieport 0000:00:01.0: nv_msi_ht_cap_quirk didn't locate host bridge
[   26.903403] PM: noirq resume of devices complete after 27.288 msecs
[   26.905811] PM: early resume of devices complete after 1.885 msecs
[   27.458900] PM: resume of devices complete after 553.077 msecs
[   27.530484] Restarting tasks ... done.
root@(none):/# 
root@(none):/# NVTB SYSTEM SUSPEND TEST COMPLETE
