
U-Boot SPL 2014.01-00219-gc4d376f (Feb 18 2014 - 19:57:18)


U-Boot 2014.01-00219-gc4d376f (Feb 18 2014 - 19:57:18)

TEGRA30
Board: NVIDIA Beaver
I2C:   ready
DRAM:  2 GiB
MMC:   Tegra SD/MMC: 0, Tegra SD/MMC: 1
In:    serial
Out:   serial
Err:   serial
Net:   Net Initialization Skipped
No ethernet found.
Hit any key to stop autoboot:  2  0 
Tegra30 (Beaver) # 
Tegra30 (Beaver) # usb reset
(Re)start USB...
USB0:   USB EHCI 1.00
scanning bus 0 for devices... 2 USB Device(s) found
       scanning usb for storage devices... 0 Storage Device(s) found
       scanning usb for ethernet devices... 
Warning: asx0 using MAC address from net device
1 Ethernet Device(s) found
Tegra30 (Beaver) # setenv bootargs 'ignore_loglevel console=ttyS0,115200n8 rw root=/dev/mmcblk0p1 rootwait gpt debug noinitrd earlyprintk init=/bin/bash'
Tegra30 (Beaver) # setenv ipaddr 192.168.100.101; setenv serverip 192.168.100.1; setenv tftpserverip 192.168.100.1
Tegra30 (Beaver) # tftpboot 0x81000000 zImage.multi_v7_defconfig
Using asx0 device
TFTP from server 192.168.100.1; our IP address is 192.168.100.101
Filename 'zImage.multi_v7_defconfig'.
Load address: 0x81000000
Loading: *#################################################################
	 #################################################################
	 #################################################################
	 #################################################################
	 #################################################################
	 #################################################################
	 #########
	 3.5 MiB/s
done
Bytes transferred = 5854224 (595410 hex)
Tegra30 (Beaver) # tftpboot 0x82000000 tegra30-beaver.dtb
Using asx0 device
TFTP from server 192.168.100.1; our IP address is 192.168.100.101
Filename 'tegra30-beaver.dtb'.
Load address: 0x82000000
Loading: *##
	 2.6 MiB/s
done
Bytes transferred = 24641 (6041 hex)
Tegra30 (Beaver) # bootz 0x81000000 - 0x82000000
Kernel image @ 0x81000000 [ 0x000000 - 0x595410 ]
## Flattened Device Tree blob at 82000000
   Booting using the fdt blob at 0x82000000
   Loading Device Tree to 8fff6000, end 8ffff040 ... OK

Starting kernel ...

[    0.000000] Booting Linux on physical CPU 0x0
[    0.000000] Linux version 4.0.0-rc1-next-20150224-01388-g075b7ac (pwalmsley@sellafield) (gcc version 4.7.3 20130328 (prerelease) (crosstool-NG linaro-1.13.1-4.7-2013.04-20130415 - Linaro GCC 2013.04) ) #1 SMP Tue Feb 9 08:55:54 PST 2016
[    0.000000] CPU: ARMv7 Processor [412fc099] revision 9 (ARMv7), cr=10c5387d
[    0.000000] CPU: PIPT / VIPT nonaliasing data cache, VIPT aliasing instruction cache
[    0.000000] Machine model: NVIDIA Tegra30 Beaver evaluation board
[    0.000000] debug: ignoring loglevel setting.
[    0.000000] cma: Reserved 64 MiB at 0xfb800000
[    0.000000] Memory policy: Data cache writealloc
[    0.000000] On node 0 totalpages: 524032
[    0.000000] free_area_init_node: node 0, pgdat c0e3dd40, node_mem_map ee7f8000
[    0.000000]   DMA zone: 1520 pages used for memmap
[    0.000000]   DMA zone: 0 pages reserved
[    0.000000]   DMA zone: 194560 pages, LIFO batch:31
[    0.000000]   HighMem zone: 329472 pages, LIFO batch:31
[    0.000000] PERCPU: Embedded 11 pages/cpu @ee7b1000 s12480 r8192 d24384 u45056
[    0.000000] pcpu-alloc: s12480 r8192 d24384 u45056 alloc=11*4096
[    0.000000] pcpu-alloc: [0] 0 [0] 1 [0] 2 [0] 3 
[    0.000000] Built 1 zonelists in Zone order, mobility grouping on.  Total pages: 522512
[    0.000000] Kernel command line: ignore_loglevel console=ttyS0,115200n8 rw root=/dev/mmcblk0p1 rootwait gpt debug noinitrd earlyprintk init=/bin/bash
[    0.000000] PID hash table entries: 4096 (order: 2, 16384 bytes)
[    0.000000] Dentry cache hash table entries: 131072 (order: 7, 524288 bytes)
[    0.000000] Inode-cache hash table entries: 65536 (order: 6, 262144 bytes)
[    0.000000] Memory: 2000252K/2096128K available (7610K kernel code, 927K rwdata, 3188K rodata, 784K init, 308K bss, 30340K reserved, 65536K cma-reserved, 1252352K highmem)
[    0.000000] Virtual kernel memory layout:
[    0.000000]     vector  : 0xffff0000 - 0xffff1000   (   4 kB)
[    0.000000]     fixmap  : 0xffc00000 - 0xfff00000   (3072 kB)
[    0.000000]     vmalloc : 0xf0000000 - 0xff000000   ( 240 MB)
[    0.000000]     lowmem  : 0xc0000000 - 0xef800000   ( 760 MB)
[    0.000000]     pkmap   : 0xbfe00000 - 0xc0000000   (   2 MB)
[    0.000000]     modules : 0xbf000000 - 0xbfe00000   (  14 MB)
[    0.000000]       .text : 0xc0208000 - 0xc0c93c1c   (10800 kB)
[    0.000000]       .init : 0xc0c94000 - 0xc0d58000   ( 784 kB)
[    0.000000]       .data : 0xc0d58000 - 0xc0e3fca0   ( 928 kB)
[    0.000000]        .bss : 0xc0e3fca0 - 0xc0e8cce8   ( 309 kB)
[    0.000000] SLUB: HWalign=64, Order=0-3, MinObjects=0, CPUs=4, Nodes=1
[    0.000000] Hierarchical RCU implementation.
[    0.000000] 	Additional per-CPU info printed with stalls.
[    0.000000] 	RCU restricting CPUs from NR_CPUS=8 to nr_cpu_ids=4.
[    0.000000] RCU: Adjusting geometry for rcu_fanout_leaf=16, nr_cpu_ids=4
[    0.000000] NR_IRQS:16 nr_irqs:16 16
[    0.000000] L2C: platform modifies aux control register: 0x02080000 -> 0x3e480001
[    0.000000] L2C: DT/platform modifies aux control register: 0x02080000 -> 0x3e480001
[    0.000000] L2C-310 erratum 769419 enabled
[    0.000000] L2C-310 enabling early BRESP for Cortex-A9
[    0.000000] L2C-310: enabling full line of zeros but not enabled in Cortex-A9
[    0.000000] L2C-310 ID prefetch enabled, offset 1 lines
[    0.000000] L2C-310 dynamic clock gating enabled, standby mode enabled
[    0.000000] L2C-310 cache controller enabled, 8 ways, 1024 kB
[    0.000000] L2C-310: CACHE_ID 0x410000c7, AUX_CTRL 0x7e480001
[    0.000013] sched_clock: 32 bits at 1000kHz, resolution 1000ns, wraps every 2147483648000ns
[    0.000031] Switching to timer-based delay loop, resolution 1000ns
[    0.001181] Console: colour dummy device 80x30
[    0.001201] Calibrating delay loop (skipped), value calculated using timer frequency.. 2.00 BogoMIPS (lpj=5000)
[    0.001210] pid_max: default: 32768 minimum: 301
[    0.001297] Mount-cache hash table entries: 2048 (order: 1, 8192 bytes)
[    0.001304] Mountpoint-cache hash table entries: 2048 (order: 1, 8192 bytes)
[    0.001710] CPU: Testing write buffer coherency: ok
[    0.001913] CPU0: thread -1, cpu 0, socket 0, mpidr 80000000
[    0.001975] Setting up static identity map for 0x80931a08 - 0x80931aa0
[    0.003066] Tegra Revision: A03 SKU: 128 CPU Process: 4 Core Process: 0
[    0.004231] CPU1: thread -1, cpu 1, socket 0, mpidr 80000001
[    0.005103] CPU2: thread -1, cpu 2, socket 0, mpidr 80000002
[    0.005969] CPU3: thread -1, cpu 3, socket 0, mpidr 80000003
[    0.006009] Brought up 4 CPUs
[    0.006022] SMP: Total of 4 processors activated (8.00 BogoMIPS).
[    0.006026] CPU: All CPU(s) started in SVC mode.
[    0.006442] devtmpfs: initialized
[    0.007014] VFP support v0.3: implementor 41 architecture 3 part 30 variant 9 rev 4
[    0.010532] pinctrl core: initialized pinctrl subsystem
[    0.014576] NET: Registered protocol family 16
[    0.017378] DMA: preallocated 256 KiB pool for atomic coherent allocations
[    0.029956] cpuidle: using governor ladder
[    0.044950] cpuidle: using governor menu
[    0.052435] No ATAGs?
[    0.052464] hw-breakpoint: found 5 (+1 reserved) breakpoint and 1 watchpoint registers.
[    0.052471] hw-breakpoint: maximum watchpoint size is 4 bytes.
[    0.054146] Serial: AMBA PL011 UART driver
[    0.072145] platform regulators:regulator@1: Driver reg-fixed-voltage requests probe deferral
[    0.072183] platform regulators:regulator@2: Driver reg-fixed-voltage requests probe deferral
[    0.072291] vdd_5v_sata: Failed to request enable GPIO30: -517
[    0.072352] reg-fixed-voltage regulators:regulator@3: Failed to register regulator: -517
[    0.072363] platform regulators:regulator@3: Driver reg-fixed-voltage requests probe deferral
[    0.072453] usb1_vbus: Failed to request enable GPIO238: -517
[    0.072501] reg-fixed-voltage regulators:regulator@4: Failed to register regulator: -517
[    0.072511] platform regulators:regulator@4: Driver reg-fixed-voltage requests probe deferral
[    0.072600] usb3_vbus: Failed to request enable GPIO236: -517
[    0.072647] reg-fixed-voltage regulators:regulator@5: Failed to register regulator: -517
[    0.072658] platform regulators:regulator@5: Driver reg-fixed-voltage requests probe deferral
[    0.072697] platform regulators:regulator@6: Driver reg-fixed-voltage requests probe deferral
[    0.072786] sys_3v3_pexs: Failed to request enable GPIO95: -517
[    0.072834] reg-fixed-voltage regulators:regulator@7: Failed to register regulator: -517
[    0.072844] platform regulators:regulator@7: Driver reg-fixed-voltage requests probe deferral
[    0.072942] reg-fixed-voltage regulators:regulator@8: Failed to find supply vin
[    0.072990] reg-fixed-voltage regulators:regulator@8: Failed to register regulator: -517
[    0.073001] platform regulators:regulator@8: Driver reg-fixed-voltage requests probe deferral
[    0.074507] vgaarb: loaded
[    0.074911] SCSI subsystem initialized
[    0.075089] libata version 3.00 loaded.
[    0.075298] usbcore: registered new interface driver usbfs
[    0.075335] usbcore: registered new interface driver hub
[    0.075373] usbcore: registered new device driver usb
[    0.082553] vrtc: supplied by vdd_5v_in
[    0.089960] vdd_1v8_gen: supplied by vdd_5v_in
[    0.094959] vddio_ddr_1v2: supplied by vdd_5v_in
[    0.099958] vdd_1v5_gen: supplied by vdd_5v_in
[    0.107270] vdd_pexa,vdd_pexb: supplied by vdd_1v5_gen
[    0.109956] vdd_sata,avdd_plle: supplied by vdd_1v5_gen
[    0.112289] ldo3: supplied by vdd_5v_in
[    0.114960] vdd_rtc: supplied by vdd_5v_in
[    0.119958] vddio_sdmmc,avdd_vdac: supplied by vdd_5v_in
[    0.122625] avdd_dsi_csi,pwrdet_mipi: supplied by vdd_1v8_gen
[    0.129954] vdd_pllm,x,u,a_p_c_s: supplied by vdd_1v8_gen
[    0.134955] vdd_ddr_hs: supplied by vdd_1v8_gen
[    0.136716] Linux video capture interface: v2.00
[    0.136748] pps_core: LinuxPPS API ver. 1 registered
[    0.136753] pps_core: Software ver. 5.3.6 - Copyright 2005-2007 Rodolfo Giometti <giometti@linux.it>
[    0.136778] PTP clock support registered
[    0.136951] EDAC MC: Ver: 3.0.0
[    0.137278] Advanced Linux Sound Architecture Driver Initialized.
[    0.138037] Switched to clocksource timer_us
[    0.143829] NET: Registered protocol family 2
[    0.144280] TCP established hash table entries: 8192 (order: 3, 32768 bytes)
[    0.144329] TCP bind hash table entries: 8192 (order: 4, 65536 bytes)
[    0.144412] TCP: Hash tables configured (established 8192 bind 8192)
[    0.144500] UDP hash table entries: 512 (order: 2, 16384 bytes)
[    0.144574] UDP-Lite hash table entries: 512 (order: 2, 16384 bytes)
[    0.144732] NET: Registered protocol family 1
[    0.144970] RPC: Registered named UNIX socket transport module.
[    0.144976] RPC: Registered udp transport module.
[    0.144980] RPC: Registered tcp transport module.
[    0.144984] RPC: Registered tcp NFSv4.1 backchannel transport module.
[    0.144999] PCI: CLS 0 bytes, default 64
[    0.145699] hw perfevents: enabled with armv7_cortex_a9 PMU driver, 7 counters available
[    0.146590] futex hash table entries: 1024 (order: 4, 65536 bytes)
[    0.152834] squashfs: version 4.0 (2009/01/31) Phillip Lougher
[    0.153366] NFS: Registering the id_resolver key type
[    0.153400] Key type id_resolver registered
[    0.153405] Key type id_legacy registered
[    0.153446] ntfs: driver 2.1.31 [Flags: R/O].
[    0.154173] bounce: pool size: 64 pages
[    0.154295] Block layer SCSI generic (bsg) driver version 0.4 loaded (major 249)
[    0.154308] io scheduler noop registered
[    0.154315] io scheduler deadline registered
[    0.154415] io scheduler cfq registered (default)
[    0.160077] tegra-pcie 3000.pcie-controller: 2x3 configuration
[    0.160162] tegra-pcie 3000.pcie-controller: Failed to get supply 'hvdd-pex': -517
[    0.160219] platform 3000.pcie-controller: Driver tegra-pcie requests probe deferral
[    0.162936] tegra-apbdma 6000a000.dma: Tegra20 APB DMA driver register 32 channels
[    0.163413] tegra-pmc 7000e400.pmc: i2c-thermtrip node not found, emergency thermal reset disabled.
[    0.196662] Serial: 8250/16550 driver, 4 ports, IRQ sharing disabled
[    0.198301] msm_serial: driver initialized
[    0.198919] console [ttyS0] disabled
[    0.198957] 70006000.serial: ttyS0 at MMIO 0x70006000 (irq = 331, base_baud = 25500000) is a Tegra
[    1.113958] console [ttyS0] enabled
[    1.117912] STMicroelectronics ASC driver initialized
[    1.124282] [drm] Initialized drm 1.1.0 20060810
[    1.129878] tegra-hdmi 54280000.hdmi: failed to get HDMI regulator
[    1.136073] platform 54280000.hdmi: Driver tegra-hdmi requests probe deferral
[    1.147544] loop: module loaded
[    1.154239] m25p80 spi32766.1: w25q32 (4096 Kbytes)
[    1.160482] CAN device driver interface
[    1.164947] igb: Intel(R) Gigabit Ethernet Network Driver - version 5.2.15-k
[    1.171987] igb: Copyright (c) 2007-2014 Intel Corporation.
[    1.178550] pegasus: v0.9.3 (2013/04/25), Pegasus/Pegasus II USB Ethernet driver
[    1.185983] usbcore: registered new interface driver pegasus
[    1.191671] usbcore: registered new interface driver asix
[    1.197090] usbcore: registered new interface driver ax88179_178a
[    1.203202] usbcore: registered new interface driver cdc_ether
[    1.209071] usbcore: registered new interface driver smsc75xx
[    1.214847] usbcore: registered new interface driver smsc95xx
[    1.220612] usbcore: registered new interface driver net1080
[    1.226289] usbcore: registered new interface driver cdc_subset
[    1.232226] usbcore: registered new interface driver zaurus
[    1.237859] usbcore: registered new interface driver cdc_ncm
[    1.244129] ehci_hcd: USB 2.0 'Enhanced' Host Controller (EHCI) Driver
[    1.250654] ehci-pci: EHCI PCI platform driver
[    1.255125] ehci-platform: EHCI generic platform driver
[    1.260459] ehci-omap: OMAP-EHCI Host Controller driver
[    1.265749] ehci-orion: EHCI orion driver
[    1.269825] SPEAr-ehci: EHCI SPEAr driver
[    1.273911] ehci-st: EHCI STMicroelectronics driver
[    1.278856] ehci-exynos: EHCI EXYNOS driver
[    1.283121] tegra-ehci: Tegra EHCI driver
[    1.287290] platform 7d004000.usb: Driver tegra-ehci requests probe deferral
[    1.294389] platform 7d008000.usb: Driver tegra-ehci requests probe deferral
[    1.301465] ohci_hcd: USB 1.1 'Open' Host Controller (OHCI) Driver
[    1.307651] ohci-pci: OHCI PCI platform driver
[    1.312129] ohci-platform: OHCI generic platform driver
[    1.317447] ohci-omap3: OHCI OMAP3 driver
[    1.321524] SPEAr-ohci: OHCI SPEAr driver
[    1.325603] ohci-st: OHCI STMicroelectronics driver
[    1.330594] usbcore: registered new interface driver usb-storage
[    1.336752] platform 7d004000.usb-phy: Driver tegra-phy requests probe deferral
[    1.344109] platform 7d008000.usb-phy: Driver tegra-phy requests probe deferral
[    1.352370] mousedev: PS/2 mouse device common for all mice
[    1.359750] tegra_rtc 7000e000.rtc: rtc core: registered 7000e000.rtc as rtc1
[    1.366915] tegra_rtc 7000e000.rtc: Tegra internal Real Time Clock
[    1.385668] tps65910-rtc tps65910-rtc: rtc core: registered tps65910-rtc as rtc0
[    1.393170] i2c /dev entries driver
[    1.397928] usbcore: registered new interface driver uvcvideo
[    1.403672] USB Video Class driver (1.1.1)
[    1.407760] gspca_main: v2.14.0 registered
[    1.413911] Driver 'mmcblk' needs updating - please use bus_type methods
[    1.420647] sdhci: Secure Digital Host Controller Interface driver
[    1.426819] sdhci: Copyright(c) Pierre Ossman
[    1.431597] Synopsys Designware Multimedia Card Interface Driver
[    1.438120] sdhci-pltfm: SDHCI platform and OF driver helper
[    1.444188] sdhci-tegra 78000000.sdhci: Got CD GPIO
[    1.449076] sdhci-tegra 78000000.sdhci: Got WP GPIO
[    1.455077] sdhci-tegra 78000000.sdhci: No vmmc regulator found
[    1.460994] sdhci-tegra 78000000.sdhci: No vqmmc regulator found
[    1.466992] mmc0: Invalid maximum block size, assuming 512 bytes
[    1.508120] mmc0: SDHCI controller on 78000000.sdhci [78000000.sdhci] using ADMA
[    1.516675] sdhci-tegra 78000600.sdhci: No vmmc regulator found
[    1.522593] sdhci-tegra 78000600.sdhci: No vqmmc regulator found
[    1.528591] mmc1: Invalid maximum block size, assuming 512 bytes
[    1.568045] mmc1: SDHCI controller on 78000600.sdhci [78000600.sdhci] using ADMA
[    1.580139] ledtrig-cpu: registered to indicate activity on CPUs
[    1.586281] usbcore: registered new interface driver usbhid
[    1.591855] usbhid: USB HID core driver
[    1.597529] usbcore: registered new interface driver snd-usb-audio
[    1.677258] mmc1: new high speed MMC card at address 0001
[    1.682900] mmcblk0: mmc1:0001 SEM16G 14.8 GiB 
[    1.687519] mmcblk0boot0: mmc1:0001 SEM16G partition 1 1.00 MiB
[    1.693515] mmcblk0boot1: mmc1:0001 SEM16G partition 2 1.00 MiB
[    1.699505] mmcblk0rpmb: mmc1:0001 SEM16G partition 3 128 KiB
[    1.707992] Primary GPT is invalid, using alternate GPT.
[    1.713322]  mmcblk0: p1 p2 p3 p4 p5
[    2.019286] tegra30-i2s 70080400.i2s: DMA channels sourced from device 70080000.ahub
[    2.034874] tegra-snd-rt5640 sound: rt5640-aif1 <-> 70080400.i2s mapping ok
[    2.043755] input: NVIDIA Tegra Beaver Headphones as /devices/soc0/sound/sound/card0/input0
[    2.053139] NET: Registered protocol family 17
[    2.057587] can: controller area network core (rev 20120528 abi 9)
[    2.063815] NET: Registered protocol family 29
[    2.068260] can: raw protocol (rev 20120528)
[    2.072520] can: broadcast manager protocol (rev 20120528 t)
[    2.078179] can: netlink gateway (rev 20130117) max_hops=1
[    2.083914] Key type dns_resolver registered
[    2.088570] ThumbEE CPU extension supported.
[    2.092835] Registering SWP/SWPB emulation handler
[    2.102282] vdd_ddr: supplied by vdd_5v_in
[    2.106628] vdd_5v_sata: supplied by vdd_5v_in
[    2.111275] usb1_vbus: supplied by vdd_5v_in
[    2.115762] usb3_vbus: supplied by vdd_5v_in
[    2.121619] sys_3v3,vdd_3v3_alw: supplied by vdd_5v_in
[    2.126970] sys_3v3_pexs: supplied by sys_3v3,vdd_3v3_alw
[    2.132583] +VDD_5V_HDMI: supplied by sys_3v3,vdd_3v3_alw
[    2.138365] tegra-pcie 3000.pcie-controller: 2x3 configuration
[    2.146322] tegra-pcie 3000.pcie-controller: probing port 0, using 2 lanes
[    2.211255] tegra-pcie 3000.pcie-controller: probing port 2, using 2 lanes
[    2.622021] tegra-pcie 3000.pcie-controller: link 2 down, retrying
[    3.032071] tegra-pcie 3000.pcie-controller: link 2 down, retrying
[    3.442120] tegra-pcie 3000.pcie-controller: link 2 down, retrying
[    3.450312] tegra-pcie 3000.pcie-controller: link 2 down, ignoring
[    3.456610] tegra-pcie 3000.pcie-controller: PCI host bridge to bus 0000:00
[    3.463573] pci_bus 0000:00: root bus resource [mem 0x20000000-0x27ffffff]
[    3.470440] pci_bus 0000:00: root bus resource [mem 0x28000000-0x3fffffff pref]
[    3.477744] pci_bus 0000:00: root bus resource [bus 00-ff]
[    3.483229] pci_bus 0000:00: root bus resource [io  0x1000-0xffff]
[    3.489422] pci 0000:00:01.0: [10de:0e1c] type 01 class 0x060400
[    3.495471] pci 0000:00:01.0: PME# supported from D0 D1 D2 D3hot D3cold
[    3.502226] PCI: bus0: Fast back to back transfers disabled
[    3.507803] pci 0000:00:01.0: bridge configuration invalid ([bus 00-00]), reconfiguring
[    3.515906] pci 0000:01:00.0: [10ec:8168] type 00 class 0x020000
[    3.521926] pci 0000:01:00.0: reg 0x10: [io  0x0000-0x00ff]
[    3.527512] pci 0000:01:00.0: reg 0x18: [mem 0x00000000-0x00000fff 64bit pref]
[    3.534740] pci 0000:01:00.0: reg 0x20: [mem 0x00000000-0x00003fff 64bit pref]
[    3.542025] pci 0000:01:00.0: supports D1 D2
[    3.546296] pci 0000:01:00.0: PME# supported from D0 D1 D2 D3hot D3cold
[    3.563065] PCI: bus1: Fast back to back transfers disabled
[    3.568638] pci_bus 0000:01: busn_res: [bus 01-ff] end is updated to 01
[    3.575299] pci 0000:00:01.0: BAR 9: assigned [mem 0x28000000-0x280fffff 64bit pref]
[    3.583038] pci 0000:00:01.0: BAR 7: assigned [io  0x1000-0x1fff]
[    3.589138] pci 0000:01:00.0: BAR 4: assigned [mem 0x28000000-0x28003fff 64bit pref]
[    3.596881] pci 0000:01:00.0: BAR 2: assigned [mem 0x28004000-0x28004fff 64bit pref]
[    3.604622] pci 0000:01:00.0: BAR 0: assigned [io  0x1000-0x10ff]
[    3.610711] pci 0000:00:01.0: PCI bridge to [bus 01]
[    3.615671] pci 0000:00:01.0:   bridge window [io  0x1000-0x1fff]
[    3.621756] pci 0000:00:01.0:   bridge window [mem 0x28000000-0x280fffff 64bit pref]
[    3.629502] pci 0000:00:01.0: nv_msi_ht_cap_quirk didn't locate host bridge
[    3.636514] pcieport 0000:00:01.0: enabling device (0140 -> 0143)
[    3.642727] pcieport 0000:00:01.0: Signaling PME through PCIe PME interrupt
[    3.649684] pci 0000:01:00.0: Signaling PME through PCIe PME interrupt
[    3.656203] pcie_pme 0000:00:01.0:pcie01: service driver pcie_pme loaded
[    3.663061] r8169 Gigabit Ethernet driver 2.3LK-NAPI loaded
[    3.668646] r8169 0000:01:00.0: enabling device (0140 -> 0143)
[    3.675134] r8169 0000:01:00.0 eth0: RTL8168evl/8111evl at 0xf00e8000, 02:04:4b:01:60:a6, XID 0c900800 IRQ 375
[    3.685130] r8169 0000:01:00.0 eth0: jumbo features [frames: 9200 bytes, tx checksumming: ko]
[    3.695988] [drm] Supports vblank timestamp caching Rev 2 (21.10.2013).
[    3.702623] [drm] No driver support for vblank timestamp query.
[    3.708560] drm drm: No connectors reported connected with modes
[    3.714569] [drm] Cannot find any crtc or sizes - going 1024x768
[    3.740711] Console: switching to colour frame buffer device 128x48
[    3.753226] drm drm: fb0:  frame buffer device
[    3.757658] drm drm: registered panic notifier
[    3.773436] [drm] Initialized tegra 0.0.0 20120330 on minor 0
[    3.779925] platform 7d004000.usb: Driver tegra-ehci requests probe deferral
[    3.787637] platform 7d008000.usb: Driver tegra-ehci requests probe deferral
[    3.798449] utmi_phy_clk_enable: timeout waiting for phy to stabilize
[    3.804906] tegra-ehci 7d004000.usb: EHCI Host Controller
[    3.810316] tegra-ehci 7d004000.usb: new USB bus registered, assigned bus number 1
[    3.819373] tegra-ehci 7d004000.usb: irq 343, io mem 0x7d004000
[    3.833052] tegra-ehci 7d004000.usb: USB 2.0 started, EHCI 1.00
[    3.839443] hub 1-0:1.0: USB hub found
[    3.843226] hub 1-0:1.0: 1 port detected
[    3.847838] tegra-ehci 7d008000.usb: EHCI Host Controller
[    3.853252] tegra-ehci 7d008000.usb: new USB bus registered, assigned bus number 2
[    3.860981] tegra-ehci 7d008000.usb: irq 344, io mem 0x7d008000
[    3.873429] tegra-ehci 7d008000.usb: USB 2.0 started, EHCI 1.00
[    3.879737] hub 2-0:1.0: USB hub found
[    3.883508] hub 2-0:1.0: 1 port detected
[    3.892857] tps65910-rtc tps65910-rtc: setting system clock to 2000-01-01 00:00:02 UTC (946684802)
[    3.906310] usb1_vbus: disabling
[    3.909611] vdd_sata,avdd_plle: disabling
[    3.914172] ALSA device list:
[    3.917130]   #0: NVIDIA Tegra Beaver
[    3.922677] EXT4-fs (mmcblk0p1): mounting ext3 file system using the ext4 subsystem
[    3.937695] EXT4-fs (mmcblk0p1): warning: mounting fs with errors, running e2fsck is recommended
[    3.947959] EXT4-fs (mmcblk0p1): recovery complete
[    3.952756] EXT4-fs (mmcblk0p1): mounted filesystem with ordered data mode. Opts: (null)
[    3.960868] VFS: Mounted root (ext3 filesystem) on device 179:1.
[    3.976489] devtmpfs: mounted
[    3.980123] Freeing unused kernel memory: 784K (c0c94000 - c0d58000)
bash: cannot set terminal process group (-1): Inappropriate ioctl for device
bash: no job control in this shell
root@(none):/# [    4.193492] usb 2-1: new high-speed USB device number 2 using tegra-ehci
mount -t sysfs none /sys
root@(none):/# 
root@(none):/# mount -t debugfs none /sys/kernel/debug
root@(none):/# 
root@(none):/# rtcwake -d rtc1 -m mem -s 3
rtcwake: wakeup from "mem" using /dev/rtc1 at Thu Jan  1 00:00:21 1970
[    7.585880] PM: Syncing filesystems ... done.
[    7.597628] Freezing user space processes ... (elapsed 0.001 seconds) done.
[    7.605726] Freezing remaining freezable tasks ... (elapsed 0.001 seconds) done.
[    7.614245] Suspending console(s) (use no_console_suspend to debug)
[    7.661118] PM: suspend of devices complete after 39.783 msecs
[    7.662082] PM: late suspend of devices complete after 0.954 msecs
[    7.673781] PM: noirq suspend of devices complete after 11.691 msecs
[    7.673784] Disabling non-boot CPUs ...
[    7.674472] CPU1: shutdown
[    7.699328] CPU2: shutdown
[    7.713980] CPU3: shutdown
[    7.728474] Entering suspend state LP1
[    7.728486] Enabling non-boot CPUs ...
[    7.743454] CPU1 is up
[    7.758556] CPU2 is up
[    7.773664] CPU3 is up
[    7.774508] pcieport 0000:00:01.0: nv_msi_ht_cap_quirk didn't locate host bridge
[    7.788202] PM: noirq resume of devices complete after 14.528 msecs
[    7.791747] PM: early resume of devices complete after 3.205 msecs
[    7.931370] PM: resume of devices complete after 139.613 msecs
[    8.002333] Restarting tasks ... done.
root@(none):/# 
root@(none):/# rtcwake -d rtc1 -m mem -s 3
rtcwake: wakeup from "mem" using /dev/rtc1 at Thu Jan  1 00:00:25 1970
[    8.276296] PM: Syncing filesystems ... done.
[    8.287365] Freezing user space processes ... (elapsed 0.001 seconds) done.
[    8.295474] Freezing remaining freezable tasks ... (elapsed 0.001 seconds) done.
[    8.303991] Suspending console(s) (use no_console_suspend to debug)
[    8.347637] PM: suspend of devices complete after 36.632 msecs
[    8.348577] PM: late suspend of devices complete after 0.931 msecs
[    8.363745] PM: noirq suspend of devices complete after 15.159 msecs
[    8.363748] Disabling non-boot CPUs ...
[    8.364341] CPU1: shutdown
[    8.394251] CPU2: shutdown
[    8.408929] CPU3: shutdown
[    8.423449] Entering suspend state LP1
[    8.423463] Enabling non-boot CPUs ...
[    8.438445] CPU1 is up
[    8.453542] CPU2 is up
[    8.468656] CPU3 is up
[    8.469654] pcieport 0000:00:01.0: nv_msi_ht_cap_quirk didn't locate host bridge
[    8.483194] PM: noirq resume of devices complete after 14.527 msecs
[    8.483563] tegra-mc 7000f000.memory-controller: fdcwr2: secure read @0xfedffb30: EMEM arbitration error ((null))
[    8.483591] tegra-mc 7000f000.memory-controller: fdcwr2: secure read @0xfedffb30: EMEM arbitration error ((null))
[    8.483611] tegra-mc 7000f000.memory-controller: fdcwr2: secure read @0xfedffb30: EMEM arbitration error ((null))
[    8.483626] tegra-mc 7000f000.memory-controller: fdcwr2: secure read @0xfedffb30: EMEM arbitration error ((null))
[    8.483641] tegra-mc 7000f000.memory-controller: fdcwr2: secure read @0xfedffb30: EMEM arbitration error ((null))
[    8.483657] tegra-mc 7000f000.memory-controller: fdcwr2: secure read @0xfedffb30: EMEM arbitration error ((null))
[    8.483673] tegra-mc 7000f000.memory-controller: fdcwr2: secure read @0xfedffb30: EMEM arbitration error ((null))
[    8.483720] tegra-mc 7000f000.memory-controller: fdcwr2: secure read @0xfedffb30: EMEM arbitration error ((null))
[    8.483747] tegra-mc 7000f000.memory-controller: fdcwr2: secure read @0xfedffb30: EMEM arbitration error ((null))
[    8.483759] tegra-mc 7000f000.memory-controller: fdcwr2: secure read @0xfedffb30: EMEM arbitration error ((null))
[    8.484334] PM: early resume of devices complete after 0.940 msecs
[    8.625421] PM: resume of devices complete after 141.075 msecs
[    8.798955] Restarting tasks ... done.
root@(none):/# 
root@(none):/# rtcwake -d rtc1 -m mem -s 3
rtcwake: wakeup from "mem" using /dev/rtc1 at Thu Jan  1 00:00:30 1970
[    9.971399] PM: Syncing filesystems ... done.
[    9.984089] random: nonblocking pool is initialized
[    9.996830] Freezing user space processes ... (elapsed 0.001 seconds) done.
[   10.005112] Freezing remaining freezable tasks ... (elapsed 0.001 seconds) done.
[   10.013718] Suspending console(s) (use no_console_suspend to debug)
[   10.057094] PM: suspend of devices complete after 35.495 msecs
[   10.058316] PM: late suspend of devices complete after 1.210 msecs
[   10.073916] PM: noirq suspend of devices complete after 15.589 msecs
[   10.073919] Disabling non-boot CPUs ...
[   10.074656] CPU1: shutdown
[   10.099440] CPU2: shutdown
[   10.114008] CPU3: shutdown
[   10.128458] Entering suspend state LP1
[   10.128472] Enabling non-boot CPUs ...
[   10.143432] CPU1 is up
[   10.158522] CPU2 is up
[   10.173635] CPU3 is up
[   10.174632] pcieport 0000:00:01.0: nv_msi_ht_cap_quirk didn't locate host bridge
[   10.188203] PM: noirq resume of devices complete after 14.557 msecs
[   10.189359] PM: early resume of devices complete after 0.963 msecs
[   10.330471] PM: resume of devices complete after 141.098 msecs
[   10.401596] Restarting tasks ... done.
root@(none):/# 
root@(none):/# rtcwake -d rtc1 -m mem -s 3
rtcwake: wakeup from "mem" using /dev/rtc1 at Thu Jan  1 00:00:34 1970
[   10.677415] PM: Syncing filesystems ... done.
[   10.691064] Freezing user space processes ... (elapsed 0.001 seconds) done.
[   10.699209] Freezing remaining freezable tasks ... (elapsed 0.001 seconds) done.
[   10.707751] Suspending console(s) (use no_console_suspend to debug)
[   10.754319] PM: suspend of devices complete after 39.317 msecs
[   10.755480] PM: late suspend of devices complete after 1.150 msecs
[   10.768918] PM: noirq suspend of devices complete after 13.429 msecs
[   10.768923] Disabling non-boot CPUs ...
[   10.769677] CPU1: shutdown
[   10.784469] CPU2: shutdown
[   10.798996] CPU3: shutdown
[   10.813433] Entering suspend state LP1
[   10.813449] Enabling non-boot CPUs ...
[   10.828404] CPU1 is up
[   10.843494] CPU2 is up
[   10.858605] CPU3 is up
[   10.859594] pcieport 0000:00:01.0: nv_msi_ht_cap_quirk didn't locate host bridge
[   10.873180] PM: noirq resume of devices complete after 14.564 msecs
[   10.874310] PM: early resume of devices complete after 0.931 msecs
[   11.015382] PM: resume of devices complete after 141.062 msecs
[   11.086501] Restarting tasks ... done.
root@(none):/# 
root@(none):/# rtcwake -d rtc1 -m mem -s 3
rtcwake: wakeup from "mem" using /dev/rtc1 at Thu Jan  1 00:00:38 1970
[   11.375490] PM: Syncing filesystems ... done.
[   11.395936] Freezing user space processes ... (elapsed 0.001 seconds) done.
[   11.404217] Freezing remaining freezable tasks ... (elapsed 0.001 seconds) done.
[   11.412844] Suspending console(s) (use no_console_suspend to debug)
[   11.457033] PM: suspend of devices complete after 36.274 msecs
[   11.458321] PM: late suspend of devices complete after 1.274 msecs
[   11.473868] PM: noirq suspend of devices complete after 15.533 msecs
[   11.473870] Disabling non-boot CPUs ...
[   11.474612] CPU1: shutdown
[   11.499417] CPU2: shutdown
[   11.513999] CPU3: shutdown
[   11.528419] Entering suspend state LP1
[   11.528434] Enabling non-boot CPUs ...
[   11.543398] CPU1 is up
[   11.558483] CPU2 is up
[   11.573593] CPU3 is up
[   11.574597] pcieport 0000:00:01.0: nv_msi_ht_cap_quirk didn't locate host bridge
[   11.588177] PM: noirq resume of devices complete after 14.575 msecs
[   11.589318] PM: early resume of devices complete after 0.940 msecs
[   11.730462] PM: resume of devices complete after 141.130 msecs
[   11.801599] Restarting tasks ... done.
root@(none):/# 
root@(none):/# NVTB SYSTEM SUSPEND TEST COMPLETE
