

U-Boot 2015.04-00466-gedec83e90172 (Mar 14 2016 - 10:42:01)

TEGRA124
Model: Acer Chromebook 13 CB5-311
DRAM:  4 GiB
:   Tegra SD/MMC: 0, Tegra SD/MMC: 1, Tegra SD/MMC: 2
MMC init failed
Using default environment

In:    serial
Out:   serial
Err:   serial
Net:   Net Initialization Skipped
No ethernet found.
Hit any key to stop autoboot:  2  0 
Tegra124 (Nyan-big) # 
Tegra124 (Nyan-big) # usb start
starting USB...
USB0:   USB EHCI 1.10
scanning bus 0 for devices... 2 USB Device(s) found
USB1:   USB EHCI 1.10
scanning bus 1 for devices... 2 USB Device(s) found
       scanning usb for storage devices... 1 Storage Device(s) found
       scanning usb for ethernet devices... 
Warning: asx0 using MAC address from net device
1 Ethernet Device(s) found
Tegra124 (Nyan-big) # mw 0x7000e4a0 0x00080000
Tegra124 (Nyan-big) # setenv bootargs 'ignore_loglevel console=ttyS0,115200n8 rw root=PARTUUID=4d36e82a-b3c0-4b4b-bfcd-afe5217ac023 rootwait gpt debug noinitrd earlyprintk init=/bin/bash'
Tegra124 (Nyan-big) # setenv ipaddr 192.168.100.102; setenv serverip 192.168.100.1; setenv tftpserverip 192.168.100.1
Tegra124 (Nyan-big) # tftpboot 0x82000000 zImage.multi_v7_defconfig
Using asx0 device
TFTP from server 192.168.100.1; our IP address is 192.168.100.102
Filename 'zImage.multi_v7_defconfig'.
Load address: 0x82000000
Loading: *#################################################################
	 #################################################################
	 #################################################################
	 #################################################################
	 #################################################################
	 #################################################################
	 #################################################################
	 #################################################################
	 ###############
	 2.8 MiB/s
done
Bytes transferred = 7850056 (77c848 hex)
Tegra124 (Nyan-big) # tftpboot 0x83000000 tegra124-nyan-big.dtb
Using asx0 device
TFTP from server 192.168.100.1; our IP address is 192.168.100.102
Filename 'tegra124-nyan-big.dtb'.
Load address: 0x83000000
Loading: *#####
	 2.7 MiB/s
done
Bytes transferred = 68155 (10a3b hex)
Tegra124 (Nyan-big) # bootz 0x82000000 - 0x83000000
Kernel image @ 0x82000000 [ 0x000000 - 0x77c848 ]
## Flattened Device Tree blob at 83000000
   Booting using the fdt blob at 0x83000000
   Using Device Tree in place at 83000000, end 83013a3a

Starting kernel ...

[    0.000000] Booting Linux on physical CPU 0x0
[    0.000000] Linux version 4.11.0-rc2-next-20170320-159700-g4f4f972 (jonathanh@sellafield) (gcc version 4.7.3 20130328 (prerelease) (crosstool-NG linaro-1.13.1-4.7-2013.04-20130415 - Linaro GCC 2013.04) ) #1 SMP Wed Mar 22 14:23:35 PDT 2017
[    0.000000] CPU: ARMv7 Processor [413fc0f3] revision 3 (ARMv7), cr=10c5387d
[    0.000000] CPU: div instructions available: patching division code
[    0.000000] CPU: PIPT / VIPT nonaliasing data cache, PIPT instruction cache
[    0.000000] OF: fdt: Machine model: Acer Chromebook 13 CB5-311
[    0.000000] OF: fdt: Ignoring memory range 0x100000000 - 0x17ffff000
[    0.000000] debug: ignoring loglevel setting.
[    0.000000] efi: Getting EFI parameters from FDT:
[    0.000000] efi: UEFI not found.
[    0.000000] cma: Reserved 64 MiB at 0xfb800000
[    0.000000] Memory policy: Data cache writealloc
[    0.000000] On node 0 totalpages: 524287
[    0.000000] free_area_init_node: node 0, pgdat c157b940, node_mem_map eeff8000
[    0.000000]   DMA zone: 1536 pages used for memmap
[    0.000000]   DMA zone: 0 pages reserved
[    0.000000]   DMA zone: 196608 pages, LIFO batch:31
[    0.000000]   HighMem zone: 327679 pages, LIFO batch:31
[    0.000000] percpu: Embedded 17 pages/cpu @eef81000 s38528 r8192 d22912 u69632
[    0.000000] pcpu-alloc: s38528 r8192 d22912 u69632 alloc=17*4096
[    0.000000] pcpu-alloc: [0] 0 [0] 1 [0] 2 [0] 3 
[    0.000000] Built 1 zonelists in Zone order, mobility grouping on.  Total pages: 522751
[    0.000000] Kernel command line: ignore_loglevel console=ttyS0,115200n8 rw root=PARTUUID=4d36e82a-b3c0-4b4b-bfcd-afe5217ac023 rootwait gpt debug noinitrd earlyprintk init=/bin/bash
[    0.000000] PID hash table entries: 4096 (order: 2, 16384 bytes)
[    0.000000] Dentry cache hash table entries: 131072 (order: 7, 524288 bytes)
[    0.000000] Inode-cache hash table entries: 65536 (order: 6, 262144 bytes)
[    0.000000] Memory: 1994476K/2097148K available (10240K kernel code, 1548K rwdata, 4388K rodata, 2048K init, 417K bss, 37136K reserved, 65536K cma-reserved, 1245180K highmem)
[    0.000000] Virtual kernel memory layout:
[    0.000000]     vector  : 0xffff0000 - 0xffff1000   (   4 kB)
[    0.000000]     fixmap  : 0xffc00000 - 0xfff00000   (3072 kB)
[    0.000000]     vmalloc : 0xf0800000 - 0xff800000   ( 240 MB)
[    0.000000]     lowmem  : 0xc0000000 - 0xf0000000   ( 768 MB)
[    0.000000]     pkmap   : 0xbfe00000 - 0xc0000000   (   2 MB)
[    0.000000]     modules : 0xbf000000 - 0xbfe00000   (  14 MB)
[    0.000000]       .text : 0xc0208000 - 0xc0d00000   (11232 kB)
[    0.000000]       .init : 0xc1200000 - 0xc1400000   (2048 kB)
[    0.000000]       .data : 0xc1400000 - 0xc1583390   (1549 kB)
[    0.000000]        .bss : 0xc1585000 - 0xc15ed5c8   ( 418 kB)
[    0.000000] SLUB: HWalign=64, Order=0-3, MinObjects=0, CPUs=4, Nodes=1
[    0.000000] Hierarchical RCU implementation.
[    0.000000] 	RCU debugfs-based tracing is enabled.
[    0.000000] 	RCU restricting CPUs from NR_CPUS=16 to nr_cpu_ids=4.
[    0.000000] RCU: Adjusting geometry for rcu_fanout_leaf=16, nr_cpu_ids=4
[    0.000000] NR_IRQS:16 nr_irqs:16 16
[    0.000000] /interrupt-controller@60004000: 160 interrupts forwarded to /interrupt-controller@50041000
[    0.000000] Tegra clk 127: register failed with -17
[    0.000003] sched_clock: 32 bits at 1000kHz, resolution 1000ns, wraps every 2147483647500ns
[    0.000011] clocksource: timer_us: mask: 0xffffffff max_cycles: 0xffffffff, max_idle_ns: 1911260446275 ns
[    0.000017] Switching to timer-based delay loop, resolution 1000ns
[    0.001721] arm_arch_timer: Architected cp15 timer(s) running at 12.00MHz (virt).
[    0.001728] clocksource: arch_sys_counter: mask: 0xffffffffffffff max_cycles: 0x2c47f4ee7, max_idle_ns: 440795202497 ns
[    0.001736] sched_clock: 56 bits at 12MHz, resolution 83ns, wraps every 4398046511096ns
[    0.001740] Switching to timer-based delay loop, resolution 83ns
[    0.001952] Console: colour dummy device 80x30
[    0.001967] Calibrating delay loop (skipped), value calculated using timer frequency.. 24.00 BogoMIPS (lpj=120000)
[    0.001974] pid_max: default: 32768 minimum: 301
[    0.002013] Mount-cache hash table entries: 2048 (order: 1, 8192 bytes)
[    0.002018] Mountpoint-cache hash table entries: 2048 (order: 1, 8192 bytes)
[    0.002213] CPU: Testing write buffer coherency: ok
[    0.002333] /cpus/cpu@0 missing clock-frequency property
[    0.002349] /cpus/cpu@1 missing clock-frequency property
[    0.002363] /cpus/cpu@2 missing clock-frequency property
[    0.002378] /cpus/cpu@3 missing clock-frequency property
[    0.002383] CPU0: thread -1, cpu 0, socket 0, mpidr 80000000
[    0.002498] Setting up static identity map for 0x80300000 - 0x80300098
[    0.003815] Tegra Revision: A01 SKU: 131 CPU Process: 1 SoC Process: 1
[    0.004071] EFI services will not be available.
[    0.004162] smp: Bringing up secondary CPUs ...
[    0.004457] CPU1: thread -1, cpu 1, socket 0, mpidr 80000001
[    0.011894] CPU2: thread -1, cpu 2, socket 0, mpidr 80000002
[    0.021900] CPU3: thread -1, cpu 3, socket 0, mpidr 80000003
[    0.031620] smp: Brought up 1 node, 4 CPUs
[    0.031628] SMP: Total of 4 processors activated (96.00 BogoMIPS).
[    0.031631] CPU: All CPU(s) started in SVC mode.
[    0.032176] devtmpfs: initialized
[    0.037814] VFP support v0.3: implementor 41 architecture 4 part 30 variant f rev 0
[    0.038008] clocksource: jiffies: mask: 0xffffffff max_cycles: 0xffffffff, max_idle_ns: 19112604462750000 ns
[    0.038016] futex hash table entries: 1024 (order: 4, 65536 bytes)
[    0.038585] pinctrl core: initialized pinctrl subsystem
[    0.039347] NET: Registered protocol family 16
[    0.040085] DMA: preallocated 256 KiB pool for atomic coherent allocations
[    0.040974] cpuidle: using governor menu
[    0.049813] No ATAGs?
[    0.049868] hw-breakpoint: found 5 (+1 reserved) breakpoint and 4 watchpoint registers.
[    0.049874] hw-breakpoint: maximum watchpoint size is 8 bytes.
[    0.052435] Serial: AMBA PL011 UART driver
[    0.052784] tegra-mc 70019000.memory-controller: no memory timings for RAM code 0 registered
[    0.057945] AT91: Could not find identification node
[    0.058136] +5V_SYS: supplied by +VDD_MUX
[    0.058234] +3.3V_SYS: supplied by +VDD_MUX
[    0.058438] +VDD_LED: Failed to request enable GPIO122: -517
[    0.058444] reg-fixed-voltage regulators:regulator@5: Failed to register regulator: -517
[    0.058476] +5V_VDD_TS_SW: Failed to request enable GPIO81: -517
[    0.058480] reg-fixed-voltage regulators:regulator@6: Failed to register regulator: -517
[    0.058510] +5V_USB_HS: Failed to request enable GPIO108: -517
[    0.058515] reg-fixed-voltage regulators:regulator@7: Failed to register regulator: -517
[    0.058544] +5V_USB_SS: Failed to request enable GPIO109: -517
[    0.058549] reg-fixed-voltage regulators:regulator@8: Failed to register regulator: -517
[    0.058629] +1.05V_RUN_AVDD_HDMI_PLL: Failed to request enable GPIO63: -517
[    0.058633] reg-fixed-voltage regulators:regulator@11: Failed to register regulator: -517
[    0.058662] +5V_HDMI_CON: Failed to request enable GPIO86: -517
[    0.058667] reg-fixed-voltage regulators:regulator@12: Failed to register regulator: -517
[    0.059719] vgaarb: loaded
[    0.059990] SCSI subsystem initialized
[    0.060056] libata version 3.00 loaded.
[    0.060145] usbcore: registered new interface driver usbfs
[    0.060165] usbcore: registered new interface driver hub
[    0.060186] usbcore: registered new device driver usb
[    0.061455] pps_core: LinuxPPS API ver. 1 registered
[    0.061460] pps_core: Software ver. 5.3.6 - Copyright 2005-2007 Rodolfo Giometti <giometti@linux.it>
[    0.061468] PTP clock support registered
[    0.061535] EDAC MC: Ver: 3.0.0
[    0.061948] tegra-emc 7001b000.emc: no memory timings for RAM code 0 found in DT
[    0.061957] tegra-emc: probe of 7001b000.emc failed with error -2
[    0.062382] clocksource: Switched to clocksource arch_sys_counter
[    0.081544] NET: Registered protocol family 2
[    0.081743] TCP established hash table entries: 8192 (order: 3, 32768 bytes)
[    0.081777] TCP bind hash table entries: 8192 (order: 4, 65536 bytes)
[    0.081839] TCP: Hash tables configured (established 8192 bind 8192)
[    0.081876] UDP hash table entries: 512 (order: 2, 16384 bytes)
[    0.081891] UDP-Lite hash table entries: 512 (order: 2, 16384 bytes)
[    0.081954] NET: Registered protocol family 1
[    0.082099] RPC: Registered named UNIX socket transport module.
[    0.082103] RPC: Registered udp transport module.
[    0.082106] RPC: Registered tcp transport module.
[    0.082109] RPC: Registered tcp NFSv4.1 backchannel transport module.
[    0.082115] PCI: CLS 0 bytes, default 64
[    0.082614] hw perfevents: enabled with armv7_cortex_a15 PMU driver, 7 counters available
[    0.083317] workingset: timestamp_bits=30 max_order=19 bucket_order=0
[    0.086082] squashfs: version 4.0 (2009/01/31) Phillip Lougher
[    0.086328] NFS: Registering the id_resolver key type
[    0.086339] Key type id_resolver registered
[    0.086342] Key type id_legacy registered
[    0.086359] ntfs: driver 2.1.32 [Flags: R/O].
[    0.086924] bounce: pool size: 64 pages
[    0.086942] Block layer SCSI generic (bsg) driver version 0.4 loaded (major 248)
[    0.086947] io scheduler noop registered
[    0.086950] io scheduler deadline registered
[    0.087005] io scheduler cfq registered (default)
[    0.087009] io scheduler mq-deadline registered
[    0.088802] tegra-xusb-padctl 7009f000.padctl: failed to setup XUSB ports: -517
[    0.098315] tegra-apbdma 60020000.dma: Tegra20 APB DMA driver register 32 channels
[    0.099167] tegra-pmc 7000e400.pmc: i2c-thermtrip node not found, emergency thermal reset disabled.
[    0.117214] Serial: 8250/16550 driver, 4 ports, IRQ sharing disabled
[    0.118243] console [ttyS0] disabled
[    0.118260] 70006000.serial: ttyS0 at MMIO 0x70006000 (irq = 333, base_baud = 25500000) is a Tegra
[    1.002516] console [ttyS0] enabled
[    1.006278] SuperH (H)SCI(F) driver initialized
[    1.011121] msm_serial: driver initialized
[    1.015273] STMicroelectronics ASC driver initialized
[    1.022459] tegra-hdmi 54280000.hdmi: failed to get HDMI regulator
[    1.028988] tegra-dpaux 545c0000.dpaux: failed to get VDD supply: -517
[    1.036285] panel-simple panel: panel supply power not found, using dummy regulator
[    1.047435] brd: module loaded
[    1.053142] loop: module loaded
[    1.057191] as3722 4-0040: AS3722 with revision 0x1 found
[    1.067156] as3722-sd2: supplied by +5V_SYS
[    1.071568] as3722-sd3: supplied by +5V_SYS
[    1.075905] +1.35V_LP0(sd3): Bringing 0uV into 1350000-1350000uV
[    1.082067] as3722-sd4: supplied by +5V_SYS
[    1.086452] +1.05V_RUN: Bringing 0uV into 1050000-1050000uV
[    1.092187] as3722-sd5: supplied by +5V_SYS
[    1.097766] as3722-ldo0: supplied by +1.35V_LP0(sd2)
[    1.103479] +1.8V_RUN_CAM: Bringing 0uV into 1800000-1800000uV
[    1.109484] as3722-ldo2: supplied by +1.8V_VDDIO
[    1.115114] as3722-ldo3: supplied by +3.3V_SYS
[    1.119559] +1.00V_LP0_VDD_RTC: Bringing 1100000uV into 1000000-1000000uV
[    1.127127] as3722-ldo4: supplied by +3.3V_SYS
[    1.131715] +3.3V_RUN_CAM: Bringing 0uV into 2800000-2800000uV
[    1.137724] as3722-ldo5: supplied by +1.8V_VDDIO
[    1.142489] +1.2V_RUN_CAM_FRONT: Bringing 0uV into 1200000-1200000uV
[    1.149161] +VDDIO_SDMMC3: Bringing 0uV into 1800000-1800000uV
[    1.155181] as3722-ldo7: supplied by +1.8V_VDDIO
[    1.159946] +1.05V_RUN_CAM_REAR: Bringing 0uV into 1050000-1050000uV
[    1.166492] as3722-ldo9: supplied by +5V_SYS
[    1.171050] +2.8V_RUN_TOUCH: Bringing 0uV into 2800000-2800000uV
[    1.177241] as3722-ldo10: supplied by +5V_SYS
[    1.181743] +2.8V_RUN_CAM_AF: Bringing 0uV into 2800000-2800000uV
[    1.188172] +1.8V_RUN_VPP_FUSE: Bringing 0uV into 1800000-1800000uV
[    1.200439] random: fast init done
[    1.206246] m25p80 spi32765.0: w25q32dw (4096 Kbytes)
[    1.212317] libphy: Fixed MDIO Bus: probed
[    1.216795] CAN device driver interface
[    1.220927] bgmac_bcma: Broadcom 47xx GBit MAC driver loaded
[    1.227026] e1000e: Intel(R) PRO/1000 Network Driver - 3.2.6-k
[    1.232848] e1000e: Copyright(c) 1999 - 2015 Intel Corporation.
[    1.238769] igb: Intel(R) Gigabit Ethernet Network Driver - version 5.4.0-k
[    1.245716] igb: Copyright (c) 2007-2014 Intel Corporation.
[    1.252476] pegasus: v0.9.3 (2013/04/25), Pegasus/Pegasus II USB Ethernet driver
[    1.259875] usbcore: registered new interface driver pegasus
[    1.265541] usbcore: registered new interface driver asix
[    1.270936] usbcore: registered new interface driver ax88179_178a
[    1.277030] usbcore: registered new interface driver cdc_ether
[    1.282870] usbcore: registered new interface driver smsc75xx
[    1.288615] usbcore: registered new interface driver smsc95xx
[    1.294362] usbcore: registered new interface driver net1080
[    1.300015] usbcore: registered new interface driver cdc_subset
[    1.305934] usbcore: registered new interface driver zaurus
[    1.311510] usbcore: registered new interface driver cdc_ncm
[    1.317787] ehci_hcd: USB 2.0 'Enhanced' Host Controller (EHCI) Driver
[    1.324304] ehci-pci: EHCI PCI platform driver
[    1.328747] ehci-platform: EHCI generic platform driver
[    1.334033] ehci-orion: EHCI orion driver
[    1.338082] SPEAr-ehci: EHCI SPEAr driver
[    1.342124] ehci-st: EHCI STMicroelectronics driver
[    1.347040] ehci-exynos: EHCI EXYNOS driver
[    1.351262] ehci-atmel: EHCI Atmel driver
[    1.355310] tegra-ehci: Tegra EHCI driver
[    1.359366] ohci_hcd: USB 1.1 'Open' Host Controller (OHCI) Driver
[    1.365540] ohci-pci: OHCI PCI platform driver
[    1.369982] ohci-platform: OHCI generic platform driver
[    1.375253] ohci-omap3: OHCI OMAP3 driver
[    1.379294] SPEAr-ohci: OHCI SPEAr driver
[    1.383345] ohci-st: OHCI STMicroelectronics driver
[    1.388254] ohci-atmel: OHCI Atmel driver
[    1.392510] usbcore: registered new interface driver usb-storage
[    1.399539] elan_i2c 1-0015: 1-0015 supply vcc not found, using dummy regulator
[    1.408101] as3722-rtc as3722-rtc: rtc core: registered as3722-rtc as rtc0
[    1.414970] as3722-rtc as3722-rtc: RTC interrupt 372
[    1.421857] tegra_rtc 7000e000.rtc: rtc core: registered 7000e000.rtc as rtc1
[    1.428995] tegra_rtc 7000e000.rtc: Tegra internal Real Time Clock
[    1.435342] i2c /dev entries driver
[    1.441137] lm90 0-004c: 0-004c supply vcc not found, using dummy regulator
[    1.452451] sdhci: Secure Digital Host Controller Interface driver
[    1.458616] sdhci: Copyright(c) Pierre Ossman
[    1.463491] Synopsys Designware Multimedia Card Interface Driver
[    1.469912] sdhci-pltfm: SDHCI platform and OF driver helper
[    1.475833] sdhci-tegra 700b0000.sdhci: allocated mmc-pwrseq
[    1.489619] sdhci-tegra 700b0400.sdhci: Got CD GPIO
[    1.494501] sdhci-tegra 700b0400.sdhci: Got WP GPIO
[    1.514504] mmc0: Unknown controller version (3). You may experience problems.
[    1.521739] mmc0: Invalid maximum block size, assuming 512 bytes
[    1.568853] elan_i2c 1-0015: Elan Touchpad: Module ID: 0x002a, Firmware: 0x0005, Sample: 0x0007, IAP: 0x0009
[    1.578789] input: Elan Touchpad as /devices/soc0/7000c400.i2c/i2c-1/1-0015/input/input0
[    1.592390] mmc0: SDHCI controller on 700b0600.sdhci [700b0600.sdhci] using ADMA
[    1.600432] ledtrig-cpu: registered to indicate activity on CPUs
[    1.606535] usbcore: registered new interface driver usbhid
[    1.612092] usbhid: USB HID core driver
[    1.617245] NET: Registered protocol family 10
[    1.622003] Segment Routing with IPv6
[    1.625684] sit: IPv6, IPv4 and MPLS over IPv4 tunneling driver
[    1.631798] NET: Registered protocol family 17
[    1.636239] can: controller area network core (rev 20120528 abi 9)
[    1.642425] NET: Registered protocol family 29
[    1.646856] can: raw protocol (rev 20120528)
[    1.651113] can: broadcast manager protocol (rev 20161123 t)
[    1.656765] can: netlink gateway (rev 20130117) max_hops=1
[    1.662361] Key type dns_resolver registered
[    1.666832] ThumbEE CPU extension supported.
[    1.671091] Registering SWP/SWPB emulation handler
[    1.686106] +3.3V_RUN: supplied by +3.3V_SYS
[    1.691322] +VDD_LED: supplied by +VDD_MUX
[    1.695587] +3.3V_AVDD_HDMI_AP_GATED: supplied by +3.3V_RUN
[    1.701227] +1.8V_RUN_CAM: supplied by +3.3V_RUN
[    1.705962] +VDDIO_SDMMC3: supplied by +3.3V_RUN
[    1.710658] +1.8V_RUN_VPP_FUSE: supplied by +3.3V_RUN
[    1.716030] +5V_VDD_TS_SW: supplied by +5V_SYS
[    1.720716] +5V_USB_HS: supplied by +5V_SYS
[    1.725287] +5V_USB_SS: supplied by +5V_SYS
[    1.730496] +3.3V_PANEL: supplied by +3.3V_RUN
[    1.736082] +3.3V_LP0: supplied by +3.3V_SYS
[    1.741388] elan_i2c 1-0015: failed to read report data: -121
[    1.742473] +1.05V_RUN_AVDD_HDMI_PLL: supplied by +1.05V_RUN
[    1.742962] +5V_HDMI_CON: supplied by +5V_SYS
[    1.743823]  usb3-0: usb3-0 supply vbus not found, using dummy regulator
[    1.743880]  usb3-1: usb3-1 supply vbus not found, using dummy regulator
[    1.771280] tegra-sor 54540000.sor: failed to probe output: -517
[    1.778016] panel-simple panel: panel supply power not found, using dummy regulator
[    1.786940] sdhci-tegra 700b0000.sdhci: allocated mmc-pwrseq
[    1.800824] mmc1: Unknown controller version (3). You may experience problems.
[    1.808139] mmc1: Invalid maximum block size, assuming 512 bytes
[    1.814648] mmc1: Switching to 3.3V signalling voltage failed
[    1.825675] mmc0: new high speed MMC card at address 0001
[    1.831691] mmcblk0: mmc0:0001 MMC16G 14.4 GiB 
[    1.836792] mmcblk0boot0: mmc0:0001 MMC16G partition 1 2.00 MiB
[    1.845052] mmcblk0boot1: mmc0:0001 MMC16G partition 2 2.00 MiB
[    1.851321] mmcblk0rpmb: mmc0:0001 MMC16G partition 3 128 KiB
[    1.862437]  mmcblk0: p1 p2 p3 p4 p5 p6 p7 p8 p9 p10 p11 p12
[    1.872427] mmc1: SDHCI controller on 700b0000.sdhci [700b0000.sdhci] using ADMA
[    1.879636] elan_i2c 1-0015: invalid report id data (ff)
[    1.885842] sdhci-tegra 700b0400.sdhci: Got CD GPIO
[    1.890713] sdhci-tegra 700b0400.sdhci: Got WP GPIO
[    1.906048] mmc2: Unknown controller version (3). You may experience problems.
[    1.913381] mmc2: Invalid maximum block size, assuming 512 bytes
[    1.949896] mmc1: new high speed SDIO card at address 0001
[    1.982469] mmc2: SDHCI controller on 700b0400.sdhci [700b0400.sdhci] using ADMA
[    2.087933] [drm] Supports vblank timestamp caching Rev 2 (21.10.2013).
[    2.094553] [drm] No driver support for vblank timestamp query.
[    2.144773] mmc2: new high speed SDHC card at address 0007
[    2.145207] mmcblk2: mmc2:0007 SD08G 7.42 GiB 
[    2.155435] GPT:Primary header alternate_lba != Alt. header my_lba
[    2.155439] GPT:3014591 != 15564799
[    2.155441] GPT:Primary header thinks Alt. header is not at the end of the disk.
[    2.155442] GPT:3014591 != 15564799
[    2.155443] GPT: Use GNU Parted to correct GPT errors.
[    2.155472]  mmcblk2: p1 p2 p3 p4 p5 p6 p7 p8 p9 p10 p11 p12
[    2.183285] Console: switching to colour frame buffer device 170x48
[    2.247378] drm drm: fb0:  frame buffer device
[    2.251860] [drm] Initialized tegra 0.0.0 20120330 for drm on minor 0
[    2.259270] input: gpio-keys as /devices/soc0/gpio-keys/input/input1
[    2.266846] as3722-rtc as3722-rtc: setting system clock to 2000-01-02 11:07:02 UTC (946811222)
[    2.275991] +1.8V_RUN_CAM: disabling
[    2.279725] +3.3V_RUN_CAM: disabling
[    2.283574] +1.2V_RUN_CAM_FRONT: disabling
[    2.287828] +1.05V_RUN_CAM_REAR: disabling
[    2.292077] +2.8V_RUN_TOUCH: disabling
[    2.296070] +2.8V_RUN_CAM_AF: disabling
[    2.300061] +1.8V_RUN_VPP_FUSE: disabling
[    2.304312] +5V_VDD_TS_SW: disabling
[    2.307883] +5V_USB_HS: disabling
[    2.311187] +5V_USB_SS: disabling
[    2.315434] EXT4-fs (mmcblk0p3): couldn't mount as ext3 due to feature incompatibilities
[    2.324083] EXT4-fs (mmcblk0p3): couldn't mount as ext2 due to feature incompatibilities
[    2.764778] EXT4-fs (mmcblk0p3): recovery complete
[    2.770299] EXT4-fs (mmcblk0p3): mounted filesystem with ordered data mode. Opts: (null)
[    2.778432] VFS: Mounted root (ext4 filesystem) on device 179:3.
[    2.785156] devtmpfs: mounted
[    2.788794] Freeing unused kernel memory: 2048K
bash: cannot set terminal process group (-1): Inappropriate ioctl for device
bash: no job control in this shell
root@(none):/# mount -t sysfs none /sys
root@(none):/# 
root@(none):/# mount -t debugfs none /sys/kernel/debug
root@(none):/# 
root@(none):/# rtcwake -d rtc1 -m mem -s 3
rtcwake: assuming RTC uses UTC ...
rtcwake: wakeup from "mem" using /dev/rtc1 at Thu Jan  1 00:00:28 1970
[    5.814870] PM: Syncing filesystems ... done.
[    5.832977] Freezing user space processes ... (elapsed 0.001 seconds) done.
[    5.841112] Freezing remaining freezable tasks ... (elapsed 0.001 seconds) done.
[    5.849648] Suspending console(s) (use no_console_suspend to debug)
[    5.895808] PM: suspend of devices complete after 39.365 msecs
[    5.897157] PM: late suspend of devices complete after 1.340 msecs
[    5.898058] PM: noirq suspend of devices complete after 0.896 msecs
[    5.898060] Disabling non-boot CPUs ...
[    5.898313] IRQ17 no longer affine to CPU1
[    6.084227] Entering suspend state LP1
[    6.084227] Suspended for 2.978 seconds
[    6.084238] Enabling non-boot CPUs ...
[    6.114002] CPU1 is up
[    6.153848] CPU2 is up
[    6.194048] CPU3 is up
[    6.194503] PM: noirq resume of devices complete after 0.450 msecs
[    6.196048] PM: early resume of devices complete after 1.238 msecs
[    6.351279] mmc1: Switching to 3.3V signalling voltage failed
[    6.602431] tegra-sor 54540000.sor: failed to attach SOR: -110
[    6.638803] PM: resume of devices complete after 442.749 msecs
[    6.714187] Restarting tasks ... done.
root@(none):/# 
root@(none):/# rtcwake -d rtc1 -m mem -s 3
rtcwake: assuming RTC uses UTC ...
rtcwake: wakeup from "mem" using /dev/rtc1 at Thu Jan  1 00:00:33 1970
[    7.922210] PM: Syncing filesystems ... done.
[    7.938930] Freezing user space processes ... (elapsed 0.001 seconds) done.
[    7.947006] Freezing remaining freezable tasks ... (elapsed 0.001 seconds) done.
[    7.955634] Suspending console(s) (use no_console_suspend to debug)
[    8.002478] PM: suspend of devices complete after 40.070 msecs
[    8.003914] PM: late suspend of devices complete after 1.427 msecs
[    8.004825] PM: noirq suspend of devices complete after 0.907 msecs
[    8.004827] Disabling non-boot CPUs ...
[    8.064391] IRQ17 no longer affine to CPU2
[    8.173906] Entering suspend state LP1
[    8.173906] Suspended for 2.910 seconds
[    8.173918] Enabling non-boot CPUs ...
[    8.203996] CPU1 is up
[    8.243827] CPU2 is up
[    8.284038] CPU3 is up
[    8.284470] PM: noirq resume of devices complete after 0.427 msecs
[    8.286164] PM: early resume of devices complete after 1.378 msecs
[    8.441433] mmc1: Switching to 3.3V signalling voltage failed
[    8.702425] tegra-sor 54540000.sor: failed to attach SOR: -110
[    8.728944] PM: resume of devices complete after 442.773 msecs
[    8.804331] Restarting tasks ... done.
root@(none):/# 
root@(none):/# rtcwake -d rtc1 -m mem -s 3
rtcwake: assuming RTC uses UTC ...
rtcwake: wakeup from "mem" using /dev/rtc1 at Thu Jan  1 00:00:38 1970
[   10.012410] PM: Syncing filesystems ... done.
[   10.029117] Freezing user space processes ... (elapsed 0.001 seconds) done.
[   10.037210] Freezing remaining freezable tasks ... (elapsed 0.001 seconds) done.
[   10.045851] Suspending console(s) (use no_console_suspend to debug)
[   10.092809] PM: suspend of devices complete after 40.181 msecs
[   10.094079] PM: late suspend of devices complete after 1.261 msecs
[   10.094958] PM: noirq suspend of devices complete after 0.874 msecs
[   10.094960] Disabling non-boot CPUs ...
[   10.095168] IRQ17 no longer affine to CPU1
[   10.243773] Entering suspend state LP1
[   10.243773] Suspended for 2.929 seconds
[   10.243784] Enabling non-boot CPUs ...
[   10.274200] CPU1 is up
[   10.313794] CPU2 is up
[   10.354008] CPU3 is up
[   10.354441] PM: noirq resume of devices complete after 0.429 msecs
[   10.356136] PM: early resume of devices complete after 1.393 msecs
[   10.511737] mmc1: Switching to 3.3V signalling voltage failed
[   10.762336] tegra-sor 54540000.sor: failed to attach SOR: -110
[   10.798969] PM: resume of devices complete after 442.827 msecs
[   10.874368] Restarting tasks ... done.
root@(none):/# 
root@(none):/# rtcwake -d rtc1 -m mem -s 3
rtcwake: assuming RTC uses UTC ...
rtcwake: wakeup from "mem" using /dev/rtc1 at Thu Jan  1 00:00:43 1970
[   12.082183] PM: Syncing filesystems ... done.
[   12.099139] Freezing user space processes ... (elapsed 0.001 seconds) done.
[   12.107319] Freezing remaining freezable tasks ... (elapsed 0.001 seconds) done.
[   12.115952] Suspending console(s) (use no_console_suspend to debug)
[   12.161818] PM: suspend of devices complete after 39.094 msecs
[   12.162962] PM: late suspend of devices complete after 1.136 msecs
[   12.163912] PM: noirq suspend of devices complete after 0.945 msecs
[   12.163914] Disabling non-boot CPUs ...
[   12.284134] IRQ17 no longer affine to CPU3
[   12.334114] Entering suspend state LP1
[   12.334114] Suspended for 2.909 seconds
[   12.334125] Enabling non-boot CPUs ...
[   12.363957] CPU1 is up
[   12.403778] CPU2 is up
[   12.443989] CPU3 is up
[   12.444426] PM: noirq resume of devices complete after 0.432 msecs
[   12.445881] PM: early resume of devices complete after 1.139 msecs
[   12.601404] mmc1: Switching to 3.3V signalling voltage failed
[   12.852379] tegra-sor 54540000.sor: failed to attach SOR: -110
[   12.888920] PM: resume of devices complete after 443.033 msecs
[   12.964306] Restarting tasks ... done.
root@(none):/# 
root@(none):/# rtcwake -d rtc1 -m mem -s 3
rtcwake: assuming RTC uses UTC ...
rtcwake: wakeup from "mem" using /dev/rtc1 at Thu Jan  1 00:00:48 1970
[   14.162109] PM: Syncing filesystems ... done.
[   14.172448] Freezing user space processes ... (elapsed 0.001 seconds) done.
[   14.180517] Freezing remaining freezable tasks ... (elapsed 0.001 seconds) done.
[   14.189137] Suspending console(s) (use no_console_suspend to debug)
[   14.235961] PM: suspend of devices complete after 40.041 msecs
[   14.237229] PM: late suspend of devices complete after 1.259 msecs
[   14.238110] PM: noirq suspend of devices complete after 0.876 msecs
[   14.238112] Disabling non-boot CPUs ...
[   14.404083] Entering suspend state LP1
[   14.404083] Suspended for 2.929 seconds
[   14.404094] Enabling non-boot CPUs ...
[   14.433921] CPU1 is up
[   14.473756] CPU2 is up
[   14.513941] CPU3 is up
[   14.514379] PM: noirq resume of devices complete after 0.433 msecs
[   14.515976] PM: early resume of devices complete after 1.293 msecs
[   14.672334] mmc1: Switching to 3.3V signalling voltage failed
[   14.932358] tegra-sor 54540000.sor: failed to attach SOR: -110
[   14.959894] PM: resume of devices complete after 443.911 msecs
[   15.031220] Restarting tasks ... done.
root@(none):/# 
root@(none):/# rtcwake -d rtc1 -m mem -s 3
rtcwake: assuming RTC uses UTC ...
rtcwake: wakeup from "mem" using /dev/rtc1 at Thu Jan  1 00:00:53 1970
[   16.231941] PM: Syncing filesystems ... done.
[   16.243427] Freezing user space processes ... (elapsed 0.001 seconds) done.
[   16.251496] Freezing remaining freezable tasks ... (elapsed 0.001 seconds) done.
[   16.260102] Suspending console(s) (use no_console_suspend to debug)
[   16.305814] PM: suspend of devices complete after 38.913 msecs
[   16.307124] PM: late suspend of devices complete after 1.301 msecs
[   16.308033] PM: noirq suspend of devices complete after 0.904 msecs
[   16.308035] Disabling non-boot CPUs ...
[   16.474026] Entering suspend state LP1
[   16.474026] Suspended for 2.929 seconds
[   16.474037] Enabling non-boot CPUs ...
[   16.503906] CPU1 is up
[   16.543721] CPU2 is up
[   16.583920] CPU3 is up
[   16.584361] PM: noirq resume of devices complete after 0.436 msecs
[   16.585890] PM: early resume of devices complete after 1.203 msecs
[   16.741322] mmc1: Switching to 3.3V signalling voltage failed
[   16.992316] tegra-sor 54540000.sor: failed to attach SOR: -110
[   17.028853] PM: resume of devices complete after 442.958 msecs
[   17.100163] Restarting tasks ... done.
root@(none):/# 
root@(none):/# rtcwake -d rtc1 -m mem -s 3
rtcwake: assuming RTC uses UTC ...
rtcwake: wakeup from "mem" using /dev/rtc1 at Thu Jan  1 00:00:58 1970
[   18.302067] PM: Syncing filesystems ... done.
[   18.312384] Freezing user space processes ... (elapsed 0.001 seconds) done.
[   18.320537] Freezing remaining freezable tasks ... (elapsed 0.001 seconds) done.
[   18.329147] Suspending console(s) (use no_console_suspend to debug)
[   18.375968] PM: suspend of devices complete after 40.029 msecs
[   18.377366] PM: late suspend of devices complete after 1.388 msecs
[   18.378268] PM: noirq suspend of devices complete after 0.897 msecs
[   18.378270] Disabling non-boot CPUs ...
[   18.553642] Entering suspend state LP1
[   18.553642] Suspended for 2.920 seconds
[   18.553653] Enabling non-boot CPUs ...
[   18.584082] CPU1 is up
[   18.623685] CPU2 is up
[   18.663889] CPU3 is up
[   18.664329] PM: noirq resume of devices complete after 0.436 msecs
[   18.665670] PM: early resume of devices complete after 1.025 msecs
[   18.821306] mmc1: Switching to 3.3V signalling voltage failed
[   19.072259] tegra-sor 54540000.sor: failed to attach SOR: -110
[   19.108817] PM: resume of devices complete after 443.140 msecs
[   19.180152] Restarting tasks ... done.
root@(none):/# 
root@(none):/# rtcwake -d rtc1 -m mem -s 3
rtcwake: assuming RTC uses UTC ...
rtcwake: wakeup from "mem" using /dev/rtc1 at Thu Jan  1 00:01:03 1970
[   20.391868] PM: Syncing filesystems ... done.
[   20.408941] Freezing user space processes ... (elapsed 0.001 seconds) done.
[   20.417109] Freezing remaining freezable tasks ... (elapsed 0.001 seconds) done.
[   20.425748] Suspending console(s) (use no_console_suspend to debug)
[   20.471586] PM: suspend of devices complete after 39.066 msecs
[   20.472941] PM: late suspend of devices complete after 1.346 msecs
[   20.473863] PM: noirq suspend of devices complete after 0.916 msecs
[   20.473865] Disabling non-boot CPUs ...
[   20.474072] IRQ17 no longer affine to CPU1
[   20.643793] Entering suspend state LP1
[   20.643793] Suspended for 2.909 seconds
[   20.643804] Enabling non-boot CPUs ...
[   20.673866] CPU1 is up
[   20.713675] CPU2 is up
[   20.753875] CPU3 is up
[   20.754313] PM: noirq resume of devices complete after 0.433 msecs
[   20.755904] PM: early resume of devices complete after 1.263 msecs
[   20.911365] mmc1: Switching to 3.3V signalling voltage failed
[   21.162209] tegra-sor 54540000.sor: failed to attach SOR: -110
[   21.198726] PM: resume of devices complete after 442.816 msecs
[   21.274143] Restarting tasks ... done.
root@(none):/# 
root@(none):/# rtcwake -d rtc1 -m mem -s 3
rtcwake: assuming RTC uses UTC ...
rtcwake: wakeup from "mem" using /dev/rtc1 at Thu Jan  1 00:01:08 1970
[   22.492054] PM: Syncing filesystems ... done.
[   22.515592] Freezing user space processes ... (elapsed 0.001 seconds) done.
[   22.523768] Freezing remaining freezable tasks ... (elapsed 0.001 seconds) done.
[   22.532406] Suspending console(s) (use no_console_suspend to debug)
[   22.578403] PM: suspend of devices complete after 39.227 msecs
[   22.579670] PM: late suspend of devices complete after 1.258 msecs
[   22.580557] PM: noirq suspend of devices complete after 0.882 msecs
[   22.580559] Disabling non-boot CPUs ...
[   22.773965] Entering suspend state LP1
[   22.773965] Suspended for 2.869 seconds
[   22.773976] Enabling non-boot CPUs ...
[   22.803804] CPU1 is up
[   22.843633] CPU2 is up
[   22.883832] CPU3 is up
[   22.884262] PM: noirq resume of devices complete after 0.425 msecs
[   22.885693] PM: early resume of devices complete after 1.118 msecs
[   23.041208] mmc1: Switching to 3.3V signalling voltage failed
[   23.292194] tegra-sor 54540000.sor: failed to attach SOR: -110
[   23.328724] PM: resume of devices complete after 443.025 msecs
[   23.400081] Restarting tasks ... done.
root@(none):/# 
root@(none):/# rtcwake -d rtc1 -m mem -s 3
rtcwake: assuming RTC uses UTC ...
rtcwake: wakeup from "mem" using /dev/rtc1 at Thu Jan  1 00:01:13 1970
[   24.621942] PM: Syncing filesystems ... done.
[   24.645548] Freezing user space processes ... (elapsed 0.001 seconds) done.
[   24.653736] Freezing remaining freezable tasks ... (elapsed 0.001 seconds) done.
[   24.662424] Suspending console(s) (use no_console_suspend to debug)
[   24.708198] PM: suspend of devices complete after 39.004 msecs
[   24.709561] PM: late suspend of devices complete after 1.354 msecs
[   24.710474] PM: noirq suspend of devices complete after 0.907 msecs
[   24.710476] Disabling non-boot CPUs ...
[   24.893952] Entering suspend state LP1
[   24.893952] Suspended for 2.879 seconds
[   24.893963] Enabling non-boot CPUs ...
[   24.923804] CPU1 is up
[   24.963622] CPU2 is up
[   25.003835] CPU3 is up
[   25.004270] PM: noirq resume of devices complete after 0.430 msecs
[   25.005826] PM: early resume of devices complete after 1.240 msecs
[   25.161275] mmc1: Switching to 3.3V signalling voltage failed
[   25.412175] tegra-sor 54540000.sor: failed to attach SOR: -110
[   25.448814] PM: resume of devices complete after 442.981 msecs
[   25.520118] Restarting tasks ... done.
root@(none):/# 
root@(none):/# NVTB SYSTEM SUSPEND TEST COMPLETE
