
U-Boot SPL 2014.01-00219-gc4d376f (Feb 18 2014 - 19:57:32)


U-Boot 2014.01-00219-gc4d376f (Feb 18 2014 - 19:57:32)

TEGRA114
Board: NVIDIA Dalmore
I2C:   ready
DRAM:  2 GiB
MMC:   Tegra SD/MMC: 0, Tegra SD/MMC: 1
In:    serial
Out:   serial
Err:   serial
Net:   Net Initialization Skipped
No ethernet found.
Hit any key to stop autoboot:  2  0 
Tegra114 (Dalmore) # 
Tegra114 (Dalmore) # usb reset
(Re)start USB...
USB0:   USB EHCI 1.10
scanning bus 0 for devices... 2 USB Device(s) found
       scanning usb for storage devices... 0 Storage Device(s) found
       scanning usb for ethernet devices... 
Warning: asx0 using MAC address from net device
1 Ethernet Device(s) found
Tegra114 (Dalmore) # setenv bootargs 'ignore_loglevel console=ttyS0,115200n8 rw root=/dev/mmcblk0p1 rootwait gpt debug init=/bin/bash'
Tegra114 (Dalmore) # setenv ipaddr 192.168.100.100; setenv serverip 192.168.100.1; setenv tftpserverip 192.168.100.1
Tegra114 (Dalmore) # tftpboot 0x81000000 zImage.multi_v7_defconfig
Using asx0 device
TFTP from server 192.168.100.1; our IP address is 192.168.100.100
Filename 'zImage.multi_v7_defconfig'.
Load address: 0x81000000
Loading: *#################################################################
	 #################################################################
	 #################################################################
	 #################################################################
	 #################################################################
	 #################################################################
	 ########################################
	 3.3 MiB/s
done
Bytes transferred = 6304288 (603220 hex)
Tegra114 (Dalmore) # tftpboot 0x82000000 tegra114-dalmore.dtb
Using asx0 device
TFTP from server 192.168.100.1; our IP address is 192.168.100.100
Filename 'tegra114-dalmore.dtb'.
Load address: 0x82000000
Loading: *###
	 3 MiB/s
done
Bytes transferred = 34894 (884e hex)
Tegra114 (Dalmore) # bootz 0x81000000 - 0x82000000
Kernel image @ 0x81000000 [ 0x000000 - 0x603220 ]
## Flattened Device Tree blob at 82000000
   Booting using the fdt blob at 0x82000000
   Loading Device Tree to 8fff4000, end 8ffff84d ... OK

Starting kernel ...

[    0.000000] Booting Linux on physical CPU 0x0
[    0.000000] Linux version 4.1.0-rc4-next-20150519-18249-g8d5ae2a (pwalmsley@sellafield) (gcc version 4.7.3 20130328 (prerelease) (crosstool-NG linaro-1.13.1-4.7-2013.04-20130415 - Linaro GCC 2013.04) ) #1 SMP Tue May 19 06:13:13 PDT 2015
[    0.000000] CPU: ARMv7 Processor [412fc0f2] revision 2 (ARMv7), cr=10c5387d
[    0.000000] CPU: PIPT / VIPT nonaliasing data cache, PIPT instruction cache
[    0.000000] Machine model: NVIDIA Tegra114 Dalmore evaluation board
[    0.000000] debug: ignoring loglevel setting.
[    0.000000] cma: Reserved 64 MiB at 0xfb800000
[    0.000000] Memory policy: Data cache writealloc
[    0.000000] On node 0 totalpages: 524032
[    0.000000] free_area_init_node: node 0, pgdat c0f55640, node_mem_map ee7f8000
[    0.000000]   DMA zone: 1520 pages used for memmap
[    0.000000]   DMA zone: 0 pages reserved
[    0.000000]   DMA zone: 194560 pages, LIFO batch:31
[    0.000000]   HighMem zone: 329472 pages, LIFO batch:31
[    0.000000] PERCPU: Embedded 12 pages/cpu @ee7a3000 s16896 r8192 d24064 u49152
[    0.000000] pcpu-alloc: s16896 r8192 d24064 u49152 alloc=12*4096
[    0.000000] pcpu-alloc: [0] 0 [0] 1 [0] 2 [0] 3 
[    0.000000] Built 1 zonelists in Zone order, mobility grouping on.  Total pages: 522512
[    0.000000] Kernel command line: ignore_loglevel console=ttyS0,115200n8 rw root=/dev/mmcblk0p1 rootwait gpt debug init=/bin/bash
[    0.000000] PID hash table entries: 4096 (order: 2, 16384 bytes)
[    0.000000] Dentry cache hash table entries: 131072 (order: 7, 524288 bytes)
[    0.000000] Inode-cache hash table entries: 65536 (order: 6, 262144 bytes)
[    0.000000] Memory: 1999052K/2096128K available (8041K kernel code, 1029K rwdata, 3652K rodata, 900K init, 319K bss, 31540K reserved, 65536K cma-reserved, 1252352K highmem)
[    0.000000] Virtual kernel memory layout:
[    0.000000]     vector  : 0xffff0000 - 0xffff1000   (   4 kB)
[    0.000000]     fixmap  : 0xffc00000 - 0xfff00000   (3072 kB)
[    0.000000]     vmalloc : 0xf0000000 - 0xff000000   ( 240 MB)
[    0.000000]     lowmem  : 0xc0000000 - 0xef800000   ( 760 MB)
[    0.000000]     pkmap   : 0xbfe00000 - 0xc0000000   (   2 MB)
[    0.000000]     modules : 0xbf000000 - 0xbfe00000   (  14 MB)
[    0.000000]       .text : 0xc0208000 - 0xc0d7455c   (11698 kB)
[    0.000000]       .init : 0xc0d75000 - 0xc0e56000   ( 900 kB)
[    0.000000]       .data : 0xc0e56000 - 0xc0f57620   (1030 kB)
[    0.000000]        .bss : 0xc0f5a000 - 0xc0fa9ca8   ( 320 kB)
[    0.000000] SLUB: HWalign=64, Order=0-3, MinObjects=0, CPUs=4, Nodes=1
[    0.000000] Hierarchical RCU implementation.
[    0.000000] 	Additional per-CPU info printed with stalls.
[    0.000000] 	Build-time adjustment of leaf fanout to 32.
[    0.000000] 	RCU restricting CPUs from NR_CPUS=16 to nr_cpu_ids=4.
[    0.000000] RCU: Adjusting geometry for rcu_fanout_leaf=32, nr_cpu_ids=4
[    0.000000] NR_IRQS:16 nr_irqs:16 16
[    0.000000] /interrupt-controller@60004000: 160 interrupts forwarded to /interrupt-controller@50041000
[    0.000000] L2C: failed to init: -19
[    0.000008] sched_clock: 32 bits at 1000kHz, resolution 1000ns, wraps every 2147483647500ns
[    0.000028] clocksource timer_us: mask: 0xffffffff max_cycles: 0xffffffff, max_idle_ns: 1911260446275 ns
[    0.000042] Switching to timer-based delay loop, resolution 1000ns
[    0.002735] Architected cp15 timer(s) running at 12.00MHz (virt).
[    0.002753] clocksource arch_sys_counter: mask: 0xffffffffffffff max_cycles: 0x2c47f4ee7, max_idle_ns: 440795202497 ns
[    0.002771] sched_clock: 56 bits at 12MHz, resolution 83ns, wraps every 4398046511096ns
[    0.002784] Switching to timer-based delay loop, resolution 83ns
[    0.003130] Console: colour dummy device 80x30
[    0.003155] Calibrating delay loop (skipped), value calculated using timer frequency.. 24.00 BogoMIPS (lpj=60000)
[    0.003170] pid_max: default: 32768 minimum: 301
[    0.003285] Mount-cache hash table entries: 2048 (order: 1, 8192 bytes)
[    0.003297] Mountpoint-cache hash table entries: 2048 (order: 1, 8192 bytes)
[    0.003917] CPU: Testing write buffer coherency: ok
[    0.004125] /cpus/cpu@0 missing clock-frequency property
[    0.004155] /cpus/cpu@1 missing clock-frequency property
[    0.004185] /cpus/cpu@2 missing clock-frequency property
[    0.004215] /cpus/cpu@3 missing clock-frequency property
[    0.004228] CPU0: thread -1, cpu 0, socket 0, mpidr 80000000
[    0.004275] Setting up static identity map for 0x80209000 - 0x80209098
[    0.006495] Tegra Revision: A01 SKU: 0 CPU Process: 1 SoC Process: 0
[    0.007792] CPU1: thread -1, cpu 1, socket 0, mpidr 80000001
[    0.008420] CPU2: thread -1, cpu 2, socket 0, mpidr 80000002
[    0.009039] CPU3: thread -1, cpu 3, socket 0, mpidr 80000003
[    0.009106] Brought up 4 CPUs
[    0.009128] SMP: Total of 4 processors activated (96.00 BogoMIPS).
[    0.009136] CPU: All CPU(s) started in SVC mode.
[    0.009684] devtmpfs: initialized
[    0.010582] VFP support v0.3: implementor 41 architecture 4 part 30 variant f rev 0
[    0.011041] clocksource jiffies: mask: 0xffffffff max_cycles: 0xffffffff, max_idle_ns: 9556302231375000 ns
[    0.012709] pinctrl core: initialized pinctrl subsystem
[    0.024626] NET: Registered protocol family 16
[    0.026714] DMA: preallocated 256 KiB pool for atomic coherent allocations
[    0.042651] cpuidle: using governor ladder
[    0.057671] cpuidle: using governor menu
[    0.072255] No ATAGs?
[    0.072289] hw-breakpoint: found 5 (+1 reserved) breakpoint and 4 watchpoint registers.
[    0.072300] hw-breakpoint: maximum watchpoint size is 8 bytes.
[    0.075939] Serial: AMBA PL011 UART driver
[    0.076841] tegra-mc 70019000.memory-controller: no memory timings for RAM code 3 registered
[    0.106824] dvdd_ts: Failed to request enable GPIO61: -517
[    0.106952] reg-fixed-voltage regulators:regulator@1: Failed to register regulator: -517
[    0.107172] usb1_vbus: Failed to request enable GPIO108: -517
[    0.107288] reg-fixed-voltage regulators:regulator@3: Failed to register regulator: -517
[    0.107502] usb2_vbus: Failed to request enable GPIO86: -517
[    0.107615] reg-fixed-voltage regulators:regulator@4: Failed to register regulator: -517
[    0.108145] VDD_5V0_HDMI_CON: Failed to request enable GPIO81: -517
[    0.108262] reg-fixed-voltage regulators:regulator@7: Failed to register regulator: -517
[    0.110850] vgaarb: loaded
[    0.111600] SCSI subsystem initialized
[    0.111795] libata version 3.00 loaded.
[    0.112130] usbcore: registered new interface driver usbfs
[    0.112201] usbcore: registered new interface driver hub
[    0.112277] usbcore: registered new device driver usb
[    0.115892] tps65090 2-0048: No cache defaults, reading back from HW
[    0.122002] palmas 2-0058: Irq flag is 0x00000000
[    0.125236] palmas 2-0058: Muxing GPIO ff, PWM 0, LED 0
[    0.134707] sdhci-vdd-sd-slot: ramp_delay not set
[    0.160814] media: Linux media interface: v0.10
[    0.160884] Linux video capture interface: v2.00
[    0.160939] pps_core: LinuxPPS API ver. 1 registered
[    0.160948] pps_core: Software ver. 5.3.6 - Copyright 2005-2007 Rodolfo Giometti <giometti@linux.it>
[    0.160981] PTP clock support registered
[    0.161251] EDAC MC: Ver: 3.0.0
[    0.162692] Advanced Linux Sound Architecture Driver Initialized.
[    0.163858] Switched to clocksource arch_sys_counter
[    0.175260] NET: Registered protocol family 2
[    0.175788] TCP established hash table entries: 8192 (order: 3, 32768 bytes)
[    0.175878] TCP bind hash table entries: 8192 (order: 4, 65536 bytes)
[    0.176065] TCP: Hash tables configured (established 8192 bind 8192)
[    0.176119] UDP hash table entries: 512 (order: 2, 16384 bytes)
[    0.176161] UDP-Lite hash table entries: 512 (order: 2, 16384 bytes)
[    0.176338] NET: Registered protocol family 1
[    0.176586] RPC: Registered named UNIX socket transport module.
[    0.176596] RPC: Registered udp transport module.
[    0.176604] RPC: Registered tcp transport module.
[    0.176612] RPC: Registered tcp NFSv4.1 backchannel transport module.
[    0.176634] PCI: CLS 0 bytes, default 64
[    0.179196] futex hash table entries: 1024 (order: 4, 65536 bytes)
[    0.191561] squashfs: version 4.0 (2009/01/31) Phillip Lougher
[    0.192534] NFS: Registering the id_resolver key type
[    0.192564] Key type id_resolver registered
[    0.192573] Key type id_legacy registered
[    0.192656] ntfs: driver 2.1.32 [Flags: R/O].
[    0.193874] bounce: pool size: 64 pages
[    0.194108] Block layer SCSI generic (bsg) driver version 0.4 loaded (major 248)
[    0.194133] io scheduler noop registered
[    0.194153] io scheduler deadline registered
[    0.194370] io scheduler cfq registered (default)
[    0.212982] vdd-lcd-bl: supplied by vdd_ac_bat
[    0.214658] tegra-ahb 6000c004.ahb: incorrect AHB base address in DT data - enabling workaround
[    0.219809] tegra-apbdma 6000a000.dma: Tegra20 APB DMA driver register 32 channels
[    0.221018] tegra-pmc 7000e400.pmc: i2c-thermtrip node not found, emergency thermal reset disabled.
[    0.288605] Serial: 8250/16550 driver, 4 ports, IRQ sharing disabled
[    0.290981] SuperH (H)SCI(F) driver initialized
[    0.291741] msm_serial: driver initialized
[    0.292683] console [ttyS0] disabled
[    0.292720] 70006300.serial: ttyS0 at MMIO 0x70006300 (irq = 329, base_baud = 25500000) is a Tegra
[    1.124221] console [ttyS0] enabled
[    1.128510] STMicroelectronics ASC driver initialized
[    1.135773] [drm] Initialized drm 1.1.0 20060810
[    1.142227] vdd-ao: supplied by vdd_ac_bat
[    1.146569] vddio-1v8: supplied by vdd-ao
[    1.150976] avdd-dsi-csi: supplied by vddio-1v8
[    1.157555] tegra-hdmi 54280000.hdmi: failed to get HDMI regulator
[    1.165509] vdd-sys-3v3: supplied by vdd_ac_bat
[    1.170268] avdd-lcd: supplied by vdd-sys-3v3
[    1.180789] loop: module loaded
[    1.189794] m25p80 spi32766.0: w25q32dw (4096 Kbytes)
[    1.198277] CAN device driver interface
[    1.203380] igb: Intel(R) Gigabit Ethernet Network Driver - version 5.2.15-k
[    1.210438] igb: Copyright (c) 2007-2014 Intel Corporation.
[    1.218808] pegasus: v0.9.3 (2013/04/25), Pegasus/Pegasus II USB Ethernet driver
[    1.226272] usbcore: registered new interface driver pegasus
[    1.232013] usbcore: registered new interface driver asix
[    1.237474] usbcore: registered new interface driver ax88179_178a
[    1.243625] usbcore: registered new interface driver cdc_ether
[    1.249549] usbcore: registered new interface driver smsc75xx
[    1.255379] usbcore: registered new interface driver smsc95xx
[    1.261190] usbcore: registered new interface driver net1080
[    1.266909] usbcore: registered new interface driver cdc_subset
[    1.272889] usbcore: registered new interface driver zaurus
[    1.278559] usbcore: registered new interface driver cdc_ncm
[    1.285973] ehci_hcd: USB 2.0 'Enhanced' Host Controller (EHCI) Driver
[    1.292517] ehci-pci: EHCI PCI platform driver
[    1.297028] ehci-platform: EHCI generic platform driver
[    1.302463] ehci-omap: OMAP-EHCI Host Controller driver
[    1.307842] ehci-orion: EHCI orion driver
[    1.312003] SPEAr-ehci: EHCI SPEAr driver
[    1.316169] ehci-st: EHCI STMicroelectronics driver
[    1.321207] ehci-exynos: EHCI EXYNOS driver
[    1.325562] tegra-ehci: Tegra EHCI driver
[    1.329930] ohci_hcd: USB 1.1 'Open' Host Controller (OHCI) Driver
[    1.336135] ohci-pci: OHCI PCI platform driver
[    1.340646] ohci-platform: OHCI generic platform driver
[    1.346044] ohci-omap3: OHCI OMAP3 driver
[    1.350207] SPEAr-ohci: OHCI SPEAr driver
[    1.354374] ohci-st: OHCI STMicroelectronics driver
[    1.359485] usbcore: registered new interface driver usb-storage
[    1.367025] mousedev: PS/2 mouse device common for all mice
[    1.377962] palmas-rtc 7000d000.i2c:tps65913@58:rtc: rtc core: registered 7000d000.i2c:tps659 as rtc0
[    1.389002] tegra_rtc 7000e000.rtc: rtc core: registered 7000e000.rtc as rtc1
[    1.396194] tegra_rtc 7000e000.rtc: Tegra internal Real Time Clock
[    1.403095] i2c /dev entries driver
[    1.409170] usbcore: registered new interface driver uvcvideo
[    1.414924] USB Video Class driver (1.1.1)
[    1.419037] gspca_main: v2.14.0 registered
[    1.423809] sbs-battery 0-000b: sbs_probe: Failed to get device status
[    1.430357] sbs-battery: probe of 0-000b failed with error -121
[    1.438691] vdd-sensor-2v85: supplied by vdd-sys-3v3
[    1.450172] sdhci: Secure Digital Host Controller Interface driver
[    1.456360] sdhci: Copyright(c) Pierre Ossman
[    1.462109] Synopsys Designware Multimedia Card Interface Driver
[    1.469233] sdhci-pltfm: SDHCI platform and OF driver helper
[    1.475602] sdhci-tegra 78000400.sdhci: Got CD GPIO
[    1.480509] sdhci-tegra 78000400.sdhci: Got WP GPIO
[    1.486542] sdhci-tegra 78000400.sdhci: No vmmc regulator found
[    1.492475] sdhci-tegra 78000400.sdhci: No vqmmc regulator found
[    1.498493] mmc0: Invalid maximum block size, assuming 512 bytes
[    1.538993] mmc0: SDHCI controller on 78000400.sdhci [78000400.sdhci] using ADMA
[    1.546669] sdhci-tegra 78000600.sdhci: No vmmc regulator found
[    1.552604] sdhci-tegra 78000600.sdhci: No vqmmc regulator found
[    1.558620] mmc1: Invalid maximum block size, assuming 512 bytes
[    1.598875] mmc1: SDHCI controller on 78000600.sdhci [78000600.sdhci] using ADMA
[    1.607417] ledtrig-cpu: registered to indicate activity on CPUs
[    1.613658] usbcore: registered new interface driver usbhid
[    1.619241] usbhid: USB HID core driver
[    1.626565] usbcore: registered new interface driver snd-usb-audio
[    1.692817] mmc1: MAN_BKOPS_EN bit is not set
[    1.700121] mmc1: new high speed MMC card at address 0001
[    1.705914] mmcblk0: mmc1:0001 SEM32G 29.1 GiB 
[    1.710569] mmcblk0boot0: mmc1:0001 SEM32G partition 1 4.00 MiB
[    1.716612] mmcblk0boot1: mmc1:0001 SEM32G partition 2 4.00 MiB
[    1.722645] mmcblk0rpmb: mmc1:0001 SEM32G partition 3 4.00 MiB
[    1.731008]  mmcblk0: p1 p2 p3 p4 p5 p6 p7 p8
[    2.051816] tegra30-i2s 70080400.i2s: DMA channels sourced from device 70080000.ahub
[    2.067958] tegra-snd-rt5640 sound: rt5640-aif1 <-> 70080400.i2s mapping ok
[    2.078472] input: NVIDIA Tegra Dalmore Headphones as /devices/soc0/sound/sound/card0/input0
[    2.088333] NET: Registered protocol family 17
[    2.092812] can: controller area network core (rev 20120528 abi 9)
[    2.099069] NET: Registered protocol family 29
[    2.103515] can: raw protocol (rev 20120528)
[    2.107802] can: broadcast manager protocol (rev 20120528 t)
[    2.113480] can: netlink gateway (rev 20130117) max_hops=1
[    2.119378] Key type dns_resolver registered
[    2.124263] ThumbEE CPU extension supported.
[    2.128539] Registering SWP/SWPB emulation handler
[    2.137838] vdd-sys-5v0: supplied by vdd_ac_bat
[    2.142595] VDD_5V0_HDMI_CON: supplied by vdd-sys-5v0
[    2.148320] vdd_hdmi_5v0: supplied by vdd-sys-5v0
[    2.155915] [drm] Supports vblank timestamp caching Rev 2 (21.10.2013).
[    2.162568] [drm] No driver support for vblank timestamp query.
[    2.226210] Console: switching to colour frame buffer device 240x75
[    2.253976] drm drm: fb0:  frame buffer device
[    2.258450] drm drm: registered panic notifier
[    2.274002] [drm] Initialized tegra 0.0.0 20120330 on minor 0
[    2.280752] usb2_vbus: supplied by vdd-sys-5v0
[    2.287272] tegra-ehci 7d008000.usb: EHCI Host Controller
[    2.292743] tegra-ehci 7d008000.usb: new USB bus registered, assigned bus number 1
[    2.300630] tegra-ehci 7d008000.usb: irq 339, io mem 0x7d008000
[    2.313980] tegra-ehci 7d008000.usb: USB 2.0 started, EHCI 1.10
[    2.320978] hub 1-0:1.0: USB hub found
[    2.324864] hub 1-0:1.0: 1 port detected
[    2.330682] input: gpio-keys as /devices/soc0/gpio-keys/input/input1
[    2.338302] palmas-rtc 7000d000.i2c:tps65913@58:rtc: setting system clock to 2000-10-24 08:38:28 UTC (972376708)
[    2.359909] vdd_cam_1v8_reg: disabling
[    2.363662] usb1_vbus: disabling
[    2.366934] dvdd_ts: disabling
[    2.372369] ALSA device list:
[    2.375389]   #0: NVIDIA Tegra Dalmore
[    2.380626] EXT4-fs (mmcblk0p1): mounting ext3 file system using the ext4 subsystem
[    2.406390] EXT4-fs (mmcblk0p1): recovery complete
[    2.411224] EXT4-fs (mmcblk0p1): mounted filesystem with ordered data mode. Opts: (null)
[    2.419351] VFS: Mounted root (ext3 filesystem) on device 179:1.
[    2.430171] devtmpfs: mounted
[    2.433882] Freeing unused kernel memory: 900K (c0d75000 - c0e56000)
bash: cannot set terminal process group (-1): Inappropriate ioctl for device
bash: no job control in this shell
root@(none):/# [    2.639064] usb 1-1: new high-speed USB device number 2 using tegra-ehci
