
U-Boot SPL 2014.01-00219-gc4d376f (Feb 18 2014 - 19:57:32)


U-Boot 2014.01-00219-gc4d376f (Feb 18 2014 - 19:57:32)

TEGRA114
Board: NVIDIA Dalmore
I2C:   ready
DRAM:  2 GiB
MMC:   Tegra SD/MMC: 0, Tegra SD/MMC: 1
In:    serial
Out:   serial
Err:   serial
Net:   Net Initialization Skipped
No ethernet found.
Hit any key to stop autoboot:  2  0 
Tegra114 (Dalmore) # 
Tegra114 (Dalmore) # usb reset
(Re)start USB...
USB0:   USB EHCI 1.10
scanning bus 0 for devices... 2 USB Device(s) found
       scanning usb for storage devices... 0 Storage Device(s) found
       scanning usb for ethernet devices... 
Warning: asx0 using MAC address from net device
1 Ethernet Device(s) found
Tegra114 (Dalmore) # setenv bootargs 'ignore_loglevel console=ttyS0,115200n8 rw root=PARTUUID=7369c667-ff51-ec4a-29cd-baabf2fbe346 rootwait gpt debug earlyprintk init=/bin/bash'
Tegra114 (Dalmore) # setenv ipaddr 192.168.100.100; setenv serverip 192.168.100.1; setenv tftpserverip 192.168.100.1
Tegra114 (Dalmore) # tftpboot 0x81000000 zImage.multi_v7_defconfig
Using asx0 device
TFTP from server 192.168.100.1; our IP address is 192.168.100.100
Filename 'zImage.multi_v7_defconfig'.
Load address: 0x81000000
Loading: *#################################################################
	 #################################################################
	 #################################################################
	 #################################################################
	 #################################################################
	 #################################################################
	 #################################################################
	 #################################################################
	 #########################
	 3.1 MiB/s
done
Bytes transferred = 7994648 (79fd18 hex)
Tegra114 (Dalmore) # tftpboot 0x82000000 tegra114-dalmore.dtb
Using asx0 device
TFTP from server 192.168.100.1; our IP address is 192.168.100.100
Filename 'tegra114-dalmore.dtb'.
Load address: 0x82000000
Loading: *###
	 2.6 MiB/s
done
Bytes transferred = 35044 (88e4 hex)
Tegra114 (Dalmore) # bootz 0x81000000 - 0x82000000
Kernel image @ 0x81000000 [ 0x000000 - 0x79fd18 ]
## Flattened Device Tree blob at 82000000
   Booting using the fdt blob at 0x82000000
   Loading Device Tree to 8fff4000, end 8ffff8e3 ... OK

Starting kernel ...

[    0.000000] Booting Linux on physical CPU 0x0
[    0.000000] Linux version 4.12.0-rc7-next-20170628-183157-g2ee9835 (jonathanh@sellafield) (gcc version 4.7.3 20130328 (prerelease) (crosstool-NG linaro-1.13.1-4.7-2013.04-20130415 - Linaro GCC 2013.04)) #1 SMP Mon Jul 3 13:38:32 PDT 2017
[    0.000000] CPU: ARMv7 Processor [412fc0f2] revision 2 (ARMv7), cr=10c5387d
[    0.000000] CPU: div instructions available: patching division code
[    0.000000] CPU: PIPT / VIPT nonaliasing data cache, PIPT instruction cache
[    0.000000] OF: fdt: Machine model: NVIDIA Tegra114 Dalmore evaluation board
[    0.000000] debug: ignoring loglevel setting.
[    0.000000] Memory policy: Data cache writealloc
[    0.000000] efi: Getting EFI parameters from FDT:
[    0.000000] efi: UEFI not found.
[    0.000000] cma: Reserved 64 MiB at 0xfb800000
[    0.000000] On node 0 totalpages: 524032
[    0.000000] free_area_init_node: node 0, pgdat c157e540, node_mem_map eeff8000
[    0.000000]   DMA zone: 1536 pages used for memmap
[    0.000000]   DMA zone: 0 pages reserved
[    0.000000]   DMA zone: 196608 pages, LIFO batch:31
[    0.000000]   HighMem zone: 327424 pages, LIFO batch:31
[    0.000000] percpu: Embedded 17 pages/cpu @eef98000 s39488 r8192 d21952 u69632
[    0.000000] pcpu-alloc: s39488 r8192 d21952 u69632 alloc=17*4096
[    0.000000] pcpu-alloc: [0] 0 [0] 1 [0] 2 [0] 3 
[    0.000000] Built 1 zonelists in Zone order, mobility grouping on.  Total pages: 522496
[    0.000000] Kernel command line: ignore_loglevel console=ttyS0,115200n8 rw root=PARTUUID=7369c667-ff51-ec4a-29cd-baabf2fbe346 rootwait gpt debug earlyprintk init=/bin/bash
[    0.000000] PID hash table entries: 4096 (order: 2, 16384 bytes)
[    0.000000] Dentry cache hash table entries: 131072 (order: 7, 524288 bytes)
[    0.000000] Inode-cache hash table entries: 65536 (order: 6, 262144 bytes)
[    0.000000] Memory: 1993552K/2096128K available (10240K kernel code, 1560K rwdata, 4440K rodata, 2048K init, 402K bss, 37040K reserved, 65536K cma-reserved, 1244160K highmem)
[    0.000000] Virtual kernel memory layout:
[    0.000000]     vector  : 0xffff0000 - 0xffff1000   (   4 kB)
[    0.000000]     fixmap  : 0xffc00000 - 0xfff00000   (3072 kB)
[    0.000000]     vmalloc : 0xf0800000 - 0xff800000   ( 240 MB)
[    0.000000]     lowmem  : 0xc0000000 - 0xf0000000   ( 768 MB)
[    0.000000]     pkmap   : 0xbfe00000 - 0xc0000000   (   2 MB)
[    0.000000]     modules : 0xbf000000 - 0xbfe00000   (  14 MB)
[    0.000000]       .text : 0xc0208000 - 0xc0d00000   (11232 kB)
[    0.000000]       .init : 0xc1200000 - 0xc1400000   (2048 kB)
[    0.000000]       .data : 0xc1400000 - 0xc15862f0   (1561 kB)
[    0.000000]        .bss : 0xc158fcd4 - 0xc15f457c   ( 403 kB)
[    0.000000] SLUB: HWalign=64, Order=0-3, MinObjects=0, CPUs=4, Nodes=1
[    0.000000] Hierarchical RCU implementation.
[    0.000000] 	RCU event tracing is enabled.
[    0.000000] 	RCU restricting CPUs from NR_CPUS=16 to nr_cpu_ids=4.
[    0.000000] RCU: Adjusting geometry for rcu_fanout_leaf=16, nr_cpu_ids=4
[    0.000000] NR_IRQS: 16, nr_irqs: 16, preallocated irqs: 16
[    0.000000] /interrupt-controller@60004000: 160 interrupts forwarded to /interrupt-controller@50041000
[    0.000000] Tegra clk 127: register failed with -17
[    0.000009] sched_clock: 32 bits at 1000kHz, resolution 1000ns, wraps every 2147483647500ns
[    0.000029] clocksource: timer_us: mask: 0xffffffff max_cycles: 0xffffffff, max_idle_ns: 1911260446275 ns
[    0.000045] Switching to timer-based delay loop, resolution 1000ns
[    0.003229] arch_timer: cp15 timer(s) running at 12.00MHz (virt).
[    0.003248] clocksource: arch_sys_counter: mask: 0xffffffffffffff max_cycles: 0x2c47f4ee7, max_idle_ns: 440795202497 ns
[    0.003268] sched_clock: 56 bits at 12MHz, resolution 83ns, wraps every 4398046511096ns
[    0.003283] Switching to timer-based delay loop, resolution 83ns
[    0.003701] Console: colour dummy device 80x30
[    0.003732] Calibrating delay loop (skipped), value calculated using timer frequency.. 24.00 BogoMIPS (lpj=120000)
[    0.003750] pid_max: default: 32768 minimum: 301
[    0.003843] Mount-cache hash table entries: 2048 (order: 1, 8192 bytes)
[    0.003858] Mountpoint-cache hash table entries: 2048 (order: 1, 8192 bytes)
[    0.004339] CPU: Testing write buffer coherency: ok
[    0.004580] /cpus/cpu@0 missing clock-frequency property
[    0.004611] /cpus/cpu@1 missing clock-frequency property
[    0.004642] /cpus/cpu@2 missing clock-frequency property
[    0.004673] /cpus/cpu@3 missing clock-frequency property
[    0.004688] CPU0: thread -1, cpu 0, socket 0, mpidr 80000000
[    0.004987] Setting up static identity map for 0x80300000 - 0x803000a0
[    0.006239] Hierarchical SRCU implementation.
[    0.007595] Tegra Revision: A01 SKU: 0 CPU Process: 1 SoC Process: 0
[    0.008242] EFI services will not be available.
[    0.008393] smp: Bringing up secondary CPUs ...
[    0.008982] CPU1: thread -1, cpu 1, socket 0, mpidr 80000001
[    0.009641] CPU2: thread -1, cpu 2, socket 0, mpidr 80000002
[    0.010308] CPU3: thread -1, cpu 3, socket 0, mpidr 80000003
[    0.010392] smp: Brought up 1 node, 4 CPUs
[    0.010415] SMP: Total of 4 processors activated (96.00 BogoMIPS).
[    0.010424] CPU: All CPU(s) started in SVC mode.
[    0.011908] devtmpfs: initialized
[    0.021004] VFP support v0.3: implementor 41 architecture 4 part 30 variant f rev 0
[    0.021346] clocksource: jiffies: mask: 0xffffffff max_cycles: 0xffffffff, max_idle_ns: 19112604462750000 ns
[    0.021367] futex hash table entries: 1024 (order: 4, 65536 bytes)
[    0.022816] pinctrl core: initialized pinctrl subsystem
[    0.024292] DMI not present or invalid.
[    0.024473] random: get_random_u32 called from bucket_table_alloc+0xe8/0x254 with crng_init=0
[    0.024566] NET: Registered protocol family 16
[    0.026773] DMA: preallocated 256 KiB pool for atomic coherent allocations
[    0.028874] cpuidle: using governor menu
[    0.051774] No ATAGs?
[    0.051900] hw-breakpoint: found 5 (+1 reserved) breakpoint and 4 watchpoint registers.
[    0.051917] hw-breakpoint: maximum watchpoint size is 8 bytes.
[    0.057335] Serial: AMBA PL011 UART driver
[    0.058066] tegra-mc 70019000.memory-controller: no memory timings for RAM code 3 registered
[    0.073409] AT91: Could not find identification node
[    0.073902] dvdd_ts: Failed to request enable GPIO61: -517
[    0.073923] reg-fixed-voltage regulators:regulator@1: Failed to register regulator: -517
[    0.074034] usb1_vbus: Failed to request enable GPIO108: -517
[    0.074050] reg-fixed-voltage regulators:regulator@3: Failed to register regulator: -517
[    0.074158] usb2_vbus: Failed to request enable GPIO86: -517
[    0.074173] reg-fixed-voltage regulators:regulator@4: Failed to register regulator: -517
[    0.074610] VDD_5V0_HDMI_CON: Failed to request enable GPIO81: -517
[    0.074625] reg-fixed-voltage regulators:regulator@7: Failed to register regulator: -517
[    0.077075] vgaarb: loaded
[    0.077832] SCSI subsystem initialized
[    0.078001] libata version 3.00 loaded.
[    0.078222] usbcore: registered new interface driver usbfs
[    0.078276] usbcore: registered new interface driver hub
[    0.078346] usbcore: registered new device driver usb
[    0.081576] tps65090 2-0048: No cache defaults, reading back from HW
[    0.083499] TPS65090_RAILSDCDC1: supplied by vdd_ac_bat
[    0.084560] TPS65090_RAILSDCDC2: supplied by vdd_ac_bat
[    0.085624] TPS65090_RAILSDCDC3: supplied by vdd_ac_bat
[    0.086150] TPS65090_RAILSFET1: supplied by vdd_ac_bat
[    0.086523] TPS65090_RAILSFET2: supplied by vdd_ac_bat
[    0.086880] TPS65090_RAILSFET3: supplied by vdd-sys-3v3
[    0.087150] random: fast init done
[    0.087404] TPS65090_RAILSFET4: supplied by vdd-sys-3v3
[    0.087936] TPS65090_RAILSFET5: supplied by vdd-sys-3v3
[    0.088450] TPS65090_RAILSFET6: supplied by vdd-sys-3v3
[    0.089287] TPS65090_RAILSFET7: supplied by vdd-sys-3v3
[    0.089826] TPS65090_RAILSLDO1: supplied by vdd_ac_bat
[    0.090029] TPS65090_RAILSLDO2: supplied by vdd_ac_bat
[    0.090941] palmas 2-0058: Irq flag is 0x00000004
[    0.092894] palmas 2-0058: Muxing GPIO ff, PWM 0, LED 0
[    0.095459] SMPS12: supplied by vdd-ao
[    0.096478] vdd_hdmi_5v0: supplied by vdd-sys-5v0
[    0.097290] SMPS3: supplied by vdd-ao
[    0.099030] SMPS457: supplied by vdd-sys-3v3
[    0.100672] SMPS6: supplied by regulator-dummy
[    0.102087] SMPS8: supplied by vdd-sys-3v3
[    0.103700] SMPS9: supplied by vdd-sys-3v3
[    0.104219] sdhci-vdd-sd-slot: Bringing 2840000uV into 2800000-2800000uV
[    0.105617] SMPS10_OUT2: supplied by regulator-dummy
[    0.106465] SMPS10_OUT1: supplied by regulator-dummy
[    0.107319] LDO1: supplied by vdd-sys-3v3
[    0.108439] LDO2: supplied by vdd-sys-3v3
[    0.109576] LDO3: supplied by vddio-1v8
[    0.110686] LDO4: supplied by vdd-sys-3v3
[    0.111814] LDO5: supplied by vdd_ac_bat
[    0.112508] LDO6: supplied by vdd-sys-3v3
[    0.113021] vdd-sensor-2v85: Bringing 2900000uV into 2850000-2850000uV
[    0.114373] LDO7: supplied by vdd-sys-3v3
[    0.116010] LDO8: supplied by vdd-ao
[    0.116537] vdd-rtc: Bringing 675000uV into 900000-900000uV
[    0.124025] LDO9: supplied by sdhci-vdd-sd-slot
[    0.134337] LDOLN: supplied by vdd-sys-5v0
[    0.135473] LDOUSB: supplied by vdd-sys-5v0
[    0.146649] pps_core: LinuxPPS API ver. 1 registered
[    0.146660] pps_core: Software ver. 5.3.6 - Copyright 2005-2007 Rodolfo Giometti <giometti@linux.it>
[    0.146683] PTP clock support registered
[    0.146872] EDAC MC: Ver: 3.0.0
[    0.147193] dmi: Firmware registration failed.
[    0.149066] clocksource: Switched to clocksource arch_sys_counter
[    0.204193] NET: Registered protocol family 2
[    0.204718] TCP established hash table entries: 8192 (order: 3, 32768 bytes)
[    0.204819] TCP bind hash table entries: 8192 (order: 4, 65536 bytes)
[    0.205007] TCP: Hash tables configured (established 8192 bind 8192)
[    0.205091] UDP hash table entries: 512 (order: 2, 16384 bytes)
[    0.205135] UDP-Lite hash table entries: 512 (order: 2, 16384 bytes)
[    0.205282] NET: Registered protocol family 1
[    0.205649] RPC: Registered named UNIX socket transport module.
[    0.205661] RPC: Registered udp transport module.
[    0.205670] RPC: Registered tcp transport module.
[    0.205679] RPC: Registered tcp NFSv4.1 backchannel transport module.
[    0.205692] PCI: CLS 0 bytes, default 64
[    0.208014] workingset: timestamp_bits=30 max_order=19 bucket_order=0
[    0.216551] squashfs: version 4.0 (2009/01/31) Phillip Lougher
[    0.217291] NFS: Registering the id_resolver key type
[    0.217318] Key type id_resolver registered
[    0.217329] Key type id_legacy registered
[    0.217371] ntfs: driver 2.1.32 [Flags: R/O].
[    0.219039] bounce: pool size: 64 pages
[    0.219122] Block layer SCSI generic (bsg) driver version 0.4 loaded (major 248)
[    0.219134] io scheduler noop registered
[    0.219144] io scheduler deadline registered
[    0.219313] io scheduler cfq registered (default)
[    0.219324] io scheduler mq-deadline registered
[    0.219333] io scheduler kyber registered
[    0.250409] tegra-apbdma 6000a000.dma: Tegra20 APB DMA driver register 32 channels
[    0.252757] tegra-pmc 7000e400.pmc: i2c-thermtrip node not found, emergency thermal reset disabled.
[    0.309117] Serial: 8250/16550 driver, 4 ports, IRQ sharing disabled
[    0.311845] console [ttyS0] disabled
[    0.311887] 70006300.serial: ttyS0 at MMIO 0x70006300 (irq = 329, base_baud = 25500000) is a Tegra
[    1.333342] console [ttyS0] enabled
[    1.337565] SuperH (H)SCI(F) driver initialized
[    1.343073] msm_serial: driver initialized
[    1.347334] STMicroelectronics ASC driver initialized
[    1.357710] tegra-hdmi 54280000.hdmi: failed to get HDMI regulator
[    1.380829] brd: module loaded
[    1.390691] loop: module loaded
[    1.410603] m25p80 spi32766.0: w25q32dw (4096 Kbytes)
[    1.418464] libphy: Fixed MDIO Bus: probed
[    1.423623] CAN device driver interface
[    1.428261] bgmac_bcma: Broadcom 47xx GBit MAC driver loaded
[    1.435198] e1000e: Intel(R) PRO/1000 Network Driver - 3.2.6-k
[    1.441036] e1000e: Copyright(c) 1999 - 2015 Intel Corporation.
[    1.447006] igb: Intel(R) Gigabit Ethernet Network Driver - version 5.4.0-k
[    1.453975] igb: Copyright (c) 2007-2014 Intel Corporation.
[    1.462954] pegasus: v0.9.3 (2013/04/25), Pegasus/Pegasus II USB Ethernet driver
[    1.470409] usbcore: registered new interface driver pegasus
[    1.476104] usbcore: registered new interface driver asix
[    1.481543] usbcore: registered new interface driver ax88179_178a
[    1.487659] usbcore: registered new interface driver cdc_ether
[    1.493552] usbcore: registered new interface driver smsc75xx
[    1.499357] usbcore: registered new interface driver smsc95xx
[    1.505128] usbcore: registered new interface driver net1080
[    1.510831] usbcore: registered new interface driver cdc_subset
[    1.516774] usbcore: registered new interface driver zaurus
[    1.522406] usbcore: registered new interface driver cdc_ncm
[    1.530001] ehci_hcd: USB 2.0 'Enhanced' Host Controller (EHCI) Driver
[    1.536521] ehci-pci: EHCI PCI platform driver
[    1.541011] ehci-platform: EHCI generic platform driver
[    1.546408] ehci-orion: EHCI orion driver
[    1.550575] SPEAr-ehci: EHCI SPEAr driver
[    1.554704] ehci-st: EHCI STMicroelectronics driver
[    1.559721] ehci-exynos: EHCI EXYNOS driver
[    1.564040] ehci-atmel: EHCI Atmel driver
[    1.568164] tegra-ehci: Tegra EHCI driver
[    1.572487] ohci_hcd: USB 1.1 'Open' Host Controller (OHCI) Driver
[    1.578669] ohci-pci: OHCI PCI platform driver
[    1.583162] ohci-platform: OHCI generic platform driver
[    1.588546] SPEAr-ohci: OHCI SPEAr driver
[    1.592697] ohci-st: OHCI STMicroelectronics driver
[    1.597694] ohci-atmel: OHCI Atmel driver
[    1.602388] usbcore: registered new interface driver usb-storage
[    1.614332] palmas-rtc 7000d000.i2c:tps65913@58:rtc: rtc core: registered 7000d000.i2c:tps65913@58:rtc as rtc0
[    1.626115] tegra_rtc 7000e000.rtc: rtc core: registered 7000e000.rtc as rtc1
[    1.633326] tegra_rtc 7000e000.rtc: Tegra internal Real Time Clock
[    1.640025] i2c /dev entries driver
[    1.649891] sbs-battery 0-000b: sbs_probe: Failed to get device status
[    1.656426] sbs-battery: probe of 0-000b failed with error -121
[    1.672625] sdhci: Secure Digital Host Controller Interface driver
[    1.678797] sdhci: Copyright(c) Pierre Ossman
[    1.684587] Synopsys Designware Multimedia Card Interface Driver
[    1.691751] sdhci-pltfm: SDHCI platform and OF driver helper
[    1.698113] sdhci-tegra 78000400.sdhci: Got CD GPIO
[    1.703030] sdhci-tegra 78000400.sdhci: Got WP GPIO
[    1.716153] mmc0: Invalid maximum block size, assuming 512 bytes
[    1.779213] mmc0: SDHCI controller on 78000400.sdhci [78000400.sdhci] using ADMA
[    1.795874] mmc1: Invalid maximum block size, assuming 512 bytes
[    1.859110] mmc1: SDHCI controller on 78000600.sdhci [78000600.sdhci] using ADMA
[    1.868271] ledtrig-cpu: registered to indicate activity on CPUs
[    1.874682] usbcore: registered new interface driver usbhid
[    1.880268] usbhid: USB HID core driver
[    1.887939] NET: Registered protocol family 10
[    1.893310] Segment Routing with IPv6
[    1.897029] sit: IPv6, IPv4 and MPLS over IPv4 tunneling driver
[    1.903582] NET: Registered protocol family 17
[    1.908028] can: controller area network core (rev 20170425 abi 9)
[    1.914276] NET: Registered protocol family 29
[    1.918715] can: raw protocol (rev 20170425)
[    1.923003] can: broadcast manager protocol (rev 20170425 t)
[    1.928659] can: netlink gateway (rev 20170425) max_hops=1
[    1.934478] Key type dns_resolver registered
[    1.939393] ThumbEE CPU extension supported.
[    1.943661] Registering SWP/SWPB emulation handler
[    1.962166] usb1_vbus: supplied by vdd-sys-5v0
[    1.964960] mmc0: new high speed SDHC card at address aaaa
[    1.965417] mmcblk0: mmc0:aaaa SL16G 14.8 GiB 
[    1.977629] usb2_vbus: supplied by vdd-sys-5v0
[    1.985705] VDD_5V0_HDMI_CON: supplied by vdd-sys-5v0
[    1.991459]  mmcblk0: p1 p2 p3
[    2.001883] tegra-ehci 7d008000.usb: EHCI Host Controller
[    2.007329] tegra-ehci 7d008000.usb: new USB bus registered, assigned bus number 1
[    2.015129] tegra-ehci 7d008000.usb: irq 339, io mem 0x7d008000
[    2.016060] mmc1: new high speed MMC card at address 0001
[    2.016559] mmcblk1: mmc1:0001 SEM32G 29.1 GiB 
[    2.016805] mmcblk1boot0: mmc1:0001 SEM32G partition 1 4.00 MiB
[    2.017068] mmcblk1boot1: mmc1:0001 SEM32G partition 2 4.00 MiB
[    2.017502] mmcblk1rpmb: mmc1:0001 SEM32G partition 3 4.00 MiB
[    2.021871]  mmcblk1: p1 p2 p3 p4 p5 p6 p7 p8
[    2.079207] tegra-ehci 7d008000.usb: USB 2.0 started, EHCI 1.10
[    2.086350] hub 1-0:1.0: USB hub found
[    2.090242] hub 1-0:1.0: 1 port detected
[    2.095919] input: gpio-keys as /devices/soc0/gpio-keys/input/input0
[    2.104810] palmas-rtc 7000d000.i2c:tps65913@58:rtc: setting system clock to 2001-04-27 08:17:30 UTC (988359450)
[    2.115586] vdd_hdmi_5v0: disabling
[    2.126137] dvdd_ts: disabling
[    2.129237] usb1_vbus: disabling
[    2.132476] vdd_cam_1v8_reg: disabling
[    2.136225] VDD_5V0_HDMI_CON: disabling
[    2.141791] EXT4-fs (mmcblk1p1): mounting ext3 file system using the ext4 subsystem
[    2.173626] EXT4-fs (mmcblk1p1): recovery complete
[    2.178429] EXT4-fs (mmcblk1p1): mounted filesystem with ordered data mode. Opts: (null)
[    2.186618] VFS: Mounted root (ext3 filesystem) on device 179:17.
[    2.197542] devtmpfs: mounted
[    2.202516] Freeing unused kernel memory: 2048K
bash: cannot set terminal process group (-1): Inappropriate ioctl for device
bash: no job control in this shell
root@(none):/# [    2.459196] usb 1-1: new high-speed USB device number 2 using tegra-ehci
[    3.133991] asix 1-1:1.0 eth0: register 'asix' at usb-7d008000.usb-1, ASIX AX88772 USB 2.0 Ethernet, 00:50:b6:0d:b5:16
mount -t sysfs none /sys
root@(none):/# 
root@(none):/# mount -t debugfs none /sys/kernel/debug
root@(none):/# 
root@(none):/# rtcwake -d rtc1 -m mem -s 3
rtcwake: assuming RTC uses UTC ...
rtcwake: wakeup from "mem" using /dev/rtc1 at Thu Jan  1 00:00:20 1970
[    5.309245] PM: Syncing filesystems ... done.
[    5.315299] Freezing user space processes ... (elapsed 0.001 seconds) done.
[    5.323544] OOM killer disabled.
[    5.326769] Freezing remaining freezable tasks ... (elapsed 0.001 seconds) done.
[    5.335471] Suspending console(s) (use no_console_suspend to debug)
[    5.396605] Disabling non-boot CPUs ...
[    5.429463] IRQ17 no longer affine to CPU1
[    5.673362] Entering suspend state LP1
[    5.673362] Suspended for 7.638 seconds
[    5.673382] Enabling non-boot CPUs ...
[    5.703261] CPU1 is up
[    5.743403] CPU2 is up
[    5.784144] CPU3 is up
[    6.357015] OOM killer enabled.
[    6.360167] Restarting tasks ... done.
root@(none):/# 
root@(none):/# rtcwake -d rtc1 -m mem -s 3
rtcwake: assuming RTC uses UTC ...
rtcwake: wakeup from "mem" using /dev/rtc1 at Thu Jan  1 00:00:30 1970
[    7.686563] PM: Syncing filesystems ... done.
[    7.692196] Freezing user space processes ... (elapsed 0.001 seconds) done.
[    7.700474] OOM killer disabled.
[    7.703701] Freezing remaining freezable tasks ... (elapsed 0.001 seconds) done.
[    7.712484] Suspending console(s) (use no_console_suspend to debug)
[    7.776117] Disabling non-boot CPUs ...
[    7.919508] IRQ17 no longer affine to CPU2
[    8.072704] Entering suspend state LP1
[    8.072704] Suspended for 8.184 seconds
[    8.072724] Enabling non-boot CPUs ...
[    8.103229] CPU1 is up
[    8.143369] CPU2 is up
[    8.184067] CPU3 is up
[    8.755254] OOM killer enabled.
[    8.758389] Restarting tasks ... done.
root@(none):/# 
root@(none):/# rtcwake -d rtc1 -m mem -s 3
rtcwake: assuming RTC uses UTC ...
rtcwake: wakeup from "mem" using /dev/rtc1 at Thu Jan  1 00:00:40 1970
[    9.490085] PM: Syncing filesystems ... done.
[    9.495834] Freezing user space processes ... (elapsed 0.001 seconds) done.
[    9.504109] OOM killer disabled.
[    9.507332] Freezing remaining freezable tasks ... (elapsed 0.001 seconds) done.
[    9.516054] Suspending console(s) (use no_console_suspend to debug)
[    9.576566] Disabling non-boot CPUs ...
[    9.709467] IRQ17 no longer affine to CPU2
[    9.862701] Entering suspend state LP1
[    9.862701] Suspended for 7.626 seconds
[    9.862720] Enabling non-boot CPUs ...
[    9.893142] CPU1 is up
[    9.933304] CPU2 is up
[    9.974024] CPU3 is up
[   10.547027] OOM killer enabled.
[   10.550174] Restarting tasks ... done.
root@(none):/# 
root@(none):/# rtcwake -d rtc1 -m mem -s 3
rtcwake: assuming RTC uses UTC ...
rtcwake: wakeup from "mem" using /dev/rtc1 at Thu Jan  1 00:00:50 1970
[   11.859097] PM: Syncing filesystems ... done.
[   11.864694] Freezing user space processes ... (elapsed 0.001 seconds) done.
[   11.872977] OOM killer disabled.
[   11.876205] Freezing remaining freezable tasks ... (elapsed 0.001 seconds) done.
[   11.884985] Suspending console(s) (use no_console_suspend to debug)
[   11.945899] Disabling non-boot CPUs ...
[   12.189248] IRQ17 no longer affine to CPU3
[   12.242627] Entering suspend state LP1
[   12.242627] Suspended for 8.203 seconds
[   12.242647] Enabling non-boot CPUs ...
[   12.273127] CPU1 is up
[   12.313271] CPU2 is up
[   12.353978] CPU3 is up
[   12.940434] OOM killer enabled.
[   12.943573] Restarting tasks ... done.
root@(none):/# 
root@(none):/# rtcwake -d rtc1 -m mem -s 3
rtcwake: assuming RTC uses UTC ...
rtcwake: wakeup from "mem" using /dev/rtc1 at Thu Jan  1 00:01:00 1970
[   13.660485] PM: Syncing filesystems ... done.
[   13.665993] Freezing user space processes ... (elapsed 0.001 seconds) done.
[   13.674254] OOM killer disabled.
[   13.677478] Freezing remaining freezable tasks ... (elapsed 0.001 seconds) done.
[   13.686204] Suspending console(s) (use no_console_suspend to debug)
[   13.745856] Disabling non-boot CPUs ...
[   13.859376] IRQ17 no longer affine to CPU2
[   14.012588] Entering suspend state LP1
[   14.012588] Suspended for 7.647 seconds
[   14.012608] Enabling non-boot CPUs ...
[   14.043078] CPU1 is up
[   14.083321] CPU2 is up
[   14.123943] CPU3 is up
[   14.696339] OOM killer enabled.
[   14.699488] Restarting tasks ... done.
root@(none):/# 
root@(none):/# rtcwake -d rtc1 -m mem -s 3
rtcwake: assuming RTC uses UTC ...
rtcwake: wakeup from "mem" using /dev/rtc1 at Thu Jan  1 00:01:10 1970
[   16.010679] PM: Syncing filesystems ... done.
[   16.016423] Freezing user space processes ... (elapsed 0.001 seconds) done.
[   16.024699] OOM killer disabled.
[   16.027922] Freezing remaining freezable tasks ... (elapsed 0.001 seconds) done.
[   16.036619] Suspending console(s) (use no_console_suspend to debug)
[   16.095751] Disabling non-boot CPUs ...
[   16.129241] IRQ17 no longer affine to CPU1
[   16.392479] Entering suspend state LP1
[   16.392479] Suspended for 8.203 seconds
[   16.392499] Enabling non-boot CPUs ...
[   16.423030] CPU1 is up
[   16.463202] CPU2 is up
[   16.503892] CPU3 is up
[   17.078724] OOM killer enabled.
[   17.081871] Restarting tasks ... done.
root@(none):/# 
root@(none):/# rtcwake -d rtc1 -m mem -s 3
rtcwake: assuming RTC uses UTC ...
rtcwake: wakeup from "mem" using /dev/rtc1 at Thu Jan  1 00:01:20 1970
[   17.808979] PM: Syncing filesystems ... done.
[   17.814801] Freezing user space processes ... (elapsed 0.001 seconds) done.
[   17.823086] OOM killer disabled.
[   17.826313] Freezing remaining freezable tasks ... (elapsed 0.001 seconds) done.
[   17.835074] Suspending console(s) (use no_console_suspend to debug)
[   17.896483] Disabling non-boot CPUs ...
[   18.162497] Entering suspend state LP1
[   18.162497] Suspended for 7.646 seconds
[   18.162517] Enabling non-boot CPUs ...
[   18.192945] CPU1 is up
[   18.233120] CPU2 is up
[   18.273811] CPU3 is up
[   18.843995] OOM killer enabled.
[   18.847136] Restarting tasks ... done.
root@(none):/# 
root@(none):/# rtcwake -d rtc1 -m mem -s 3
rtcwake: assuming RTC uses UTC ...
rtcwake: wakeup from "mem" using /dev/rtc1 at Thu Jan  1 00:01:30 1970
[   20.162251] PM: Syncing filesystems ... done.
[   20.168009] Freezing user space processes ... (elapsed 0.001 seconds) done.
[   20.176185] OOM killer disabled.
[   20.179436] Freezing remaining freezable tasks ... (elapsed 0.001 seconds) done.
[   20.188103] Suspending console(s) (use no_console_suspend to debug)
[   20.246272] Disabling non-boot CPUs ...
[   20.512492] Entering suspend state LP1
[   20.512492] Suspended for 8.233 seconds
[   20.512511] Enabling non-boot CPUs ...
[   20.542922] CPU1 is up
[   20.583083] CPU2 is up
[   20.623792] CPU3 is up
[   21.191833] OOM killer enabled.
[   21.194973] Restarting tasks ... done.
root@(none):/# 
root@(none):/# rtcwake -d rtc1 -m mem -s 3
rtcwake: assuming RTC uses UTC ...
rtcwake: wakeup from "mem" using /dev/rtc1 at Thu Jan  1 00:01:40 1970
[   21.930611] PM: Syncing filesystems ... done.
[   21.936439] Freezing user space processes ... (elapsed 0.001 seconds) done.
[   21.944723] OOM killer disabled.
[   21.947951] Freezing remaining freezable tasks ... (elapsed 0.001 seconds) done.
[   21.956609] Suspending console(s) (use no_console_suspend to debug)
[   22.016246] Disabling non-boot CPUs ...
[   22.229126] IRQ17 no longer affine to CPU3
[   22.282399] Entering suspend state LP1
[   22.282399] Suspended for 7.647 seconds
[   22.282418] Enabling non-boot CPUs ...
[   22.312875] CPU1 is up
[   22.353023] CPU2 is up
[   22.393735] CPU3 is up
[   22.964346] OOM killer enabled.
[   22.967488] Restarting tasks ... done.
root@(none):/# 
root@(none):/# rtcwake -d rtc1 -m mem -s 3
rtcwake: assuming RTC uses UTC ...
rtcwake: wakeup from "mem" using /dev/rtc1 at Thu Jan  1 00:01:50 1970
[   24.281631] PM: Syncing filesystems ... done.
[   24.287226] Freezing user space processes ... (elapsed 0.001 seconds) done.
[   24.295515] OOM killer disabled.
[   24.298761] Freezing remaining freezable tasks ... (elapsed 0.001 seconds) done.
[   24.307492] Suspending console(s) (use no_console_suspend to debug)
[   24.365447] Disabling non-boot CPUs ...
[   24.579084] IRQ17 no longer affine to CPU3
[   24.632392] Entering suspend state LP1
[   24.632392] Suspended for 8.233 seconds
[   24.632411] Enabling non-boot CPUs ...
[   24.662820] CPU1 is up
[   24.703007] CPU2 is up
[   24.743712] CPU3 is up
[   25.317669] OOM killer enabled.
[   25.320817] Restarting tasks ... done.
root@(none):/# 
root@(none):/# NVTB SYSTEM SUSPEND TEST COMPLETE
