
U-Boot SPL 2014.01-00219-gc4d376f (Feb 18 2014 - 19:57:18)


U-Boot 2014.01-00219-gc4d376f (Feb 18 2014 - 19:57:18)

TEGRA30
Board: NVIDIA Beaver
I2C:   ready
DRAM:  2 GiB
MMC:   Tegra SD/MMC: 0, Tegra SD/MMC: 1
In:    serial
Out:   serial
Err:   serial
Net:   Net Initialization Skipped
No ethernet found.
Hit any key to stop autoboot:  2  0 
Tegra30 (Beaver) # 
Tegra30 (Beaver) # usb reset
(Re)start USB...
USB0:   USB EHCI 1.00
scanning bus 0 for devices... 2 USB Device(s) found
       scanning usb for storage devices... 0 Storage Device(s) found
       scanning usb for ethernet devices... 
Warning: asx0 using MAC address from net device
1 Ethernet Device(s) found
Tegra30 (Beaver) # setenv bootargs 'ignore_loglevel console=ttyS0,115200n8 rw root=PARTUUID=edbe1840-3633-c751-7993-b0ac834f81e0 rootwait gpt debug noinitrd earlyprintk init=/bin/bash'
Tegra30 (Beaver) # setenv ipaddr 192.168.100.101; setenv serverip 192.168.100.1; setenv tftpserverip 192.168.100.1
Tegra30 (Beaver) # tftpboot 0x81000000 zImage.multi_v7_defconfig
Using asx0 device
TFTP from server 192.168.100.1; our IP address is 192.168.100.101
Filename 'zImage.multi_v7_defconfig'.
Load address: 0x81000000
Loading: *#################################################################
	 #################################################################
	 #################################################################
	 #################################################################
	 #################################################################
	 #################################################################
	 #################################################################
	 #################################################################
	 ####################
	 3.3 MiB/s
done
Bytes transferred = 7915464 (78c7c8 hex)
Tegra30 (Beaver) # tftpboot 0x82000000 tegra30-beaver.dtb
Using asx0 device
TFTP from server 192.168.100.1; our IP address is 192.168.100.101
Filename 'tegra30-beaver.dtb'.
Load address: 0x82000000
Loading: *####
	 3.1 MiB/s
done
Bytes transferred = 51804 (ca5c hex)
Tegra30 (Beaver) # bootz 0x81000000 - 0x82000000
Kernel image @ 0x81000000 [ 0x000000 - 0x78c7c8 ]
## Flattened Device Tree blob at 82000000
   Booting using the fdt blob at 0x82000000
   Loading Device Tree to 8fff0000, end 8ffffa5b ... OK

Starting kernel ...

[    0.000000] Booting Linux on physical CPU 0x0
[    0.000000] Linux version 4.12.0-rc1-170893-ge99b6f1 (jonathanh@sellafield) (gcc version 4.7.3 20130328 (prerelease) (crosstool-NG linaro-1.13.1-4.7-2013.04-20130415 - Linaro GCC 2013.04) ) #1 SMP Tue May 30 03:52:36 PDT 2017
[    0.000000] CPU: ARMv7 Processor [412fc099] revision 9 (ARMv7), cr=10c5387d
[    0.000000] CPU: PIPT / VIPT nonaliasing data cache, VIPT aliasing instruction cache
[    0.000000] OF: fdt: Machine model: NVIDIA Tegra30 Beaver evaluation board
[    0.000000] debug: ignoring loglevel setting.
[    0.000000] Memory policy: Data cache writealloc
[    0.000000] efi: Getting EFI parameters from FDT:
[    0.000000] efi: UEFI not found.
[    0.000000] cma: Reserved 64 MiB at 0xfb800000
[    0.000000] On node 0 totalpages: 524032
[    0.000000] free_area_init_node: node 0, pgdat c157fd40, node_mem_map eeff8000
[    0.000000]   DMA zone: 1536 pages used for memmap
[    0.000000]   DMA zone: 0 pages reserved
[    0.000000]   DMA zone: 196608 pages, LIFO batch:31
[    0.000000]   HighMem zone: 327424 pages, LIFO batch:31
[    0.000000] percpu: Embedded 17 pages/cpu @eef88000 s39168 r8192 d22272 u69632
[    0.000000] pcpu-alloc: s39168 r8192 d22272 u69632 alloc=17*4096
[    0.000000] pcpu-alloc: [0] 0 [0] 1 [0] 2 [0] 3 
[    0.000000] Built 1 zonelists in Zone order, mobility grouping on.  Total pages: 522496
[    0.000000] Kernel command line: ignore_loglevel console=ttyS0,115200n8 rw root=PARTUUID=edbe1840-3633-c751-7993-b0ac834f81e0 rootwait gpt debug noinitrd earlyprintk init=/bin/bash
[    0.000000] PID hash table entries: 4096 (order: 2, 16384 bytes)
[    0.000000] Dentry cache hash table entries: 131072 (order: 7, 524288 bytes)
[    0.000000] Inode-cache hash table entries: 65536 (order: 6, 262144 bytes)
[    0.000000] Memory: 1993460K/2096128K available (10240K kernel code, 1566K rwdata, 4388K rodata, 2048K init, 409K bss, 37132K reserved, 65536K cma-reserved, 1244160K highmem)
[    0.000000] Virtual kernel memory layout:
[    0.000000]     vector  : 0xffff0000 - 0xffff1000   (   4 kB)
[    0.000000]     fixmap  : 0xffc00000 - 0xfff00000   (3072 kB)
[    0.000000]     vmalloc : 0xf0800000 - 0xff800000   ( 240 MB)
[    0.000000]     lowmem  : 0xc0000000 - 0xf0000000   ( 768 MB)
[    0.000000]     pkmap   : 0xbfe00000 - 0xc0000000   (   2 MB)
[    0.000000]     modules : 0xbf000000 - 0xbfe00000   (  14 MB)
[    0.000000]       .text : 0xc0208000 - 0xc0d00000   (11232 kB)
[    0.000000]       .init : 0xc1200000 - 0xc1400000   (2048 kB)
[    0.000000]       .data : 0xc1400000 - 0xc15879b0   (1567 kB)
[    0.000000]        .bss : 0xc1590d04 - 0xc15f74d8   ( 410 kB)
[    0.000000] SLUB: HWalign=64, Order=0-3, MinObjects=0, CPUs=4, Nodes=1
[    0.000000] Hierarchical RCU implementation.
[    0.000000] 	RCU debugfs-based tracing is enabled.
[    0.000000] 	RCU restricting CPUs from NR_CPUS=16 to nr_cpu_ids=4.
[    0.000000] RCU: Adjusting geometry for rcu_fanout_leaf=16, nr_cpu_ids=4
[    0.000000] NR_IRQS:16 nr_irqs:16 16
[    0.000000] /interrupt-controller@60004000: 160 interrupts forwarded to /interrupt-controller@50041000
[    0.000000] L2C: platform modifies aux control register: 0x02080000 -> 0x3e480001
[    0.000000] L2C: DT/platform modifies aux control register: 0x02080000 -> 0x3e480001
[    0.000000] L2C-310 erratum 769419 enabled
[    0.000000] L2C-310 enabling early BRESP for Cortex-A9
[    0.000000] L2C-310: enabling full line of zeros but not enabled in Cortex-A9
[    0.000000] L2C-310 dynamic clock gating enabled, standby mode enabled
[    0.000000] L2C-310 cache controller enabled, 8 ways, 1024 kB
[    0.000000] L2C-310: CACHE_ID 0x410000c7, AUX_CTRL 0x4e480001
[    0.000013] sched_clock: 32 bits at 1000kHz, resolution 1000ns, wraps every 2147483647500ns
[    0.000032] clocksource: timer_us: mask: 0xffffffff max_cycles: 0xffffffff, max_idle_ns: 1911260446275 ns
[    0.000041] Switching to timer-based delay loop, resolution 1000ns
[    0.002865] Console: colour dummy device 80x30
[    0.002897] Calibrating delay loop (skipped), value calculated using timer frequency.. 2.00 BogoMIPS (lpj=10000)
[    0.002907] pid_max: default: 32768 minimum: 301
[    0.002977] Mount-cache hash table entries: 2048 (order: 1, 8192 bytes)
[    0.002983] Mountpoint-cache hash table entries: 2048 (order: 1, 8192 bytes)
[    0.003381] CPU: Testing write buffer coherency: ok
[    0.003703] CPU0: thread -1, cpu 0, socket 0, mpidr 80000000
[    0.003919] Setting up static identity map for 0x80300000 - 0x803000a0
[    0.006504] Tegra Revision: A03 SKU: 128 CPU Process: 4 SoC Process: 0
[    0.007061] EFI services will not be available.
[    0.007217] smp: Bringing up secondary CPUs ...
[    0.010383] CPU1: thread -1, cpu 1, socket 0, mpidr 80000001
[    0.020342] CPU2: thread -1, cpu 2, socket 0, mpidr 80000002
[    0.030342] CPU3: thread -1, cpu 3, socket 0, mpidr 80000003
[    0.030388] smp: Brought up 1 node, 4 CPUs
[    0.030401] SMP: Total of 4 processors activated (8.00 BogoMIPS).
[    0.030405] CPU: All CPU(s) started in SVC mode.
[    0.031098] devtmpfs: initialized
[    0.039386] VFP support v0.3: implementor 41 architecture 3 part 30 variant 9 rev 4
[    0.039814] clocksource: jiffies: mask: 0xffffffff max_cycles: 0xffffffff, max_idle_ns: 19112604462750000 ns
[    0.039833] futex hash table entries: 1024 (order: 4, 65536 bytes)
[    0.043241] pinctrl core: initialized pinctrl subsystem
[    0.044942] NET: Registered protocol family 16
[    0.047386] DMA: preallocated 256 KiB pool for atomic coherent allocations
[    0.049039] cpuidle: using governor menu
[    0.063009] No ATAGs?
[    0.063107] hw-breakpoint: found 5 (+1 reserved) breakpoint and 1 watchpoint registers.
[    0.063117] hw-breakpoint: maximum watchpoint size is 4 bytes.
[    0.067437] Serial: AMBA PL011 UART driver
[    0.067910] tegra-mc 7000f000.memory-controller: no memory timings for RAM code 3 registered
[    0.076988] AT91: Could not find identification node
[    0.077460] vdd_5v_sata: Failed to request enable GPIO30: -517
[    0.077475] reg-fixed-voltage regulators:regulator@3: Failed to register regulator: -517
[    0.077523] usb1_vbus: Failed to request enable GPIO238: -517
[    0.077530] reg-fixed-voltage regulators:regulator@4: Failed to register regulator: -517
[    0.077577] usb3_vbus: Failed to request enable GPIO236: -517
[    0.077584] reg-fixed-voltage regulators:regulator@5: Failed to register regulator: -517
[    0.077680] sys_3v3_pexs: Failed to request enable GPIO95: -517
[    0.077688] reg-fixed-voltage regulators:regulator@7: Failed to register regulator: -517
[    0.079442] vgaarb: loaded
[    0.079892] SCSI subsystem initialized
[    0.080039] libata version 3.00 loaded.
[    0.080185] usbcore: registered new interface driver usbfs
[    0.080222] usbcore: registered new interface driver hub
[    0.080253] usbcore: registered new device driver usb
[    0.087268] vrtc: supplied by vdd_5v_in
[    0.090553] vio: supplied by vdd_5v_in
[    0.101833] vdd1: supplied by vdd_5v_in
[    0.103189] vddio_ddr_1v2: Bringing 600000uV into 1200000-1200000uV
[    0.111838] vdd2: supplied by vdd_5v_in
[    0.131825] ldo1: supplied by vdd_1v5_gen
[    0.134212] ldo2: supplied by vdd_1v5_gen
[    0.134682] vdd_sata,avdd_plle: Bringing 1200000uV into 1050000-1050000uV
[    0.136915] ldo3: supplied by vdd_5v_in
[    0.139270] ldo4: supplied by vdd_5v_in
[    0.141832] ldo5: supplied by vdd_5v_in
[    0.151824] ldo6: supplied by vdd_1v8_gen
[    0.152294] avdd_dsi_csi,pwrdet_mipi: Bringing 1000000uV into 1200000-1200000uV
[    0.154549] ldo7: supplied by vdd_1v8_gen
[    0.161825] ldo8: supplied by vdd_1v8_gen
[    0.171918] pps_core: LinuxPPS API ver. 1 registered
[    0.171924] pps_core: Software ver. 5.3.6 - Copyright 2005-2007 Rodolfo Giometti <giometti@linux.it>
[    0.171938] PTP clock support registered
[    0.172067] EDAC MC: Ver: 3.0.0
[    0.173621] clocksource: Switched to clocksource timer_us
[    0.207055] NET: Registered protocol family 2
[    0.207490] TCP established hash table entries: 8192 (order: 3, 32768 bytes)
[    0.207545] TCP bind hash table entries: 8192 (order: 4, 65536 bytes)
[    0.207628] TCP: Hash tables configured (established 8192 bind 8192)
[    0.207762] UDP hash table entries: 512 (order: 2, 16384 bytes)
[    0.207826] UDP-Lite hash table entries: 512 (order: 2, 16384 bytes)
[    0.207988] NET: Registered protocol family 1
[    0.208304] RPC: Registered named UNIX socket transport module.
[    0.208312] RPC: Registered udp transport module.
[    0.208316] RPC: Registered tcp transport module.
[    0.208320] RPC: Registered tcp NFSv4.1 backchannel transport module.
[    0.208331] PCI: CLS 0 bytes, default 64
[    0.209149] hw perfevents: no interrupt-affinity property for /pmu, guessing.
[    0.209355] hw perfevents: enabled with armv7_cortex_a9 PMU driver, 7 counters available
[    0.210576] workingset: timestamp_bits=30 max_order=19 bucket_order=0
[    0.215373] squashfs: version 4.0 (2009/01/31) Phillip Lougher
[    0.215798] NFS: Registering the id_resolver key type
[    0.215829] Key type id_resolver registered
[    0.215834] Key type id_legacy registered
[    0.215862] ntfs: driver 2.1.32 [Flags: R/O].
[    0.216935] bounce: pool size: 64 pages
[    0.216972] Block layer SCSI generic (bsg) driver version 0.4 loaded (major 248)
[    0.216980] io scheduler noop registered
[    0.216985] io scheduler deadline registered
[    0.217006] io scheduler cfq registered (default)
[    0.217012] io scheduler mq-deadline registered
[    0.217016] io scheduler kyber registered
[    0.223162] tegra30-pinctrl 70000868.pinmux: invalid group "sdmmc3_dat6_pd3" for function "rsvd1"
[    0.223176] tegra30-pinctrl 70000868.pinmux: invalid group "sdmmc3_dat7_pd4" for function "rsvd1"
[    0.223190] tegra30-pinctrl 70000868.pinmux: invalid group "vi_vsync_pd6" for function "rsvd1"
[    0.223199] tegra30-pinctrl 70000868.pinmux: invalid group "vi_hsync_pd7" for function "rsvd1"
[    0.223694] tegra30-pinctrl 70000868.pinmux: invalid group "hdmi_int_pn7" for function "rsvd1"
[    0.223739] tegra30-pinctrl 70000868.pinmux: invalid group "ulpi_data3_po4" for function "rsvd1"
[    0.224082] tegra30-pinctrl 70000868.pinmux: invalid group "vi_d10_pt2" for function "rsvd1"
[    0.224096] tegra30-pinctrl 70000868.pinmux: invalid group "vi_d11_pt3" for function "rsvd1"
[    0.224108] tegra30-pinctrl 70000868.pinmux: invalid group "vi_d0_pt4" for function "rsvd1"
[    0.224148] tegra30-pinctrl 70000868.pinmux: invalid group "pu0" for function "rsvd1"
[    0.224179] tegra30-pinctrl 70000868.pinmux: invalid group "pu3" for function "rsvd1"
[    0.224209] tegra30-pinctrl 70000868.pinmux: invalid group "pu6" for function "rsvd1"
[    0.224250] tegra30-pinctrl 70000868.pinmux: invalid group "pv3" for function "rsvd1"
[    0.224738] tegra30-pinctrl 70000868.pinmux: invalid group "pbb0" for function "rsvd1"
[    0.224860] tegra30-pinctrl 70000868.pinmux: invalid group "pcc1" for function "rsvd1"
[    0.229947] tegra-pcie 3000.pcie-controller: 2x3 configuration
[    0.230092] tegra-pcie 3000.pcie-controller: Failed to get supply 'hvdd-pex': -517
[    0.233787] tegra_dma_runtime_resume-1507
[    0.235524] tegra-apbdma 6000a000.dma: Tegra20 APB DMA driver register 32 channels
[    0.237076] tegra-pmc 7000e400.pmc: i2c-thermtrip node not found, emergency thermal reset disabled.
[    0.268836] Serial: 8250/16550 driver, 4 ports, IRQ sharing disabled
[    0.270837] console [ttyS0] disabled
[    0.270876] 70006000.serial: ttyS0 at MMIO 0x70006000 (irq = 331, base_baud = 25500000) is a Tegra
[    1.295206] console [ttyS0] enabled
[    1.299215] SuperH (H)SCI(F) driver initialized
[    1.304299] msm_serial: driver initialized
[    1.308491] STMicroelectronics ASC driver initialized
[    1.316949] tegra-hdmi 54280000.hdmi: failed to get HDMI regulator
[    1.331590] brd: module loaded
[    1.340403] loop: module loaded
[    1.348062] spi-tegra-slink 7000da00.spi: Dma channel is not available: -19
[    1.356217] libphy: Fixed MDIO Bus: probed
[    1.360966] CAN device driver interface
[    1.365414] bgmac_bcma: Broadcom 47xx GBit MAC driver loaded
[    1.371794] e1000e: Intel(R) PRO/1000 Network Driver - 3.2.6-k
[    1.377624] e1000e: Copyright(c) 1999 - 2015 Intel Corporation.
[    1.383565] igb: Intel(R) Gigabit Ethernet Network Driver - version 5.4.0-k
[    1.390518] igb: Copyright (c) 2007-2014 Intel Corporation.
[    1.398063] pegasus: v0.9.3 (2013/04/25), Pegasus/Pegasus II USB Ethernet driver
[    1.405510] usbcore: registered new interface driver pegasus
[    1.411193] usbcore: registered new interface driver asix
[    1.416612] usbcore: registered new interface driver ax88179_178a
[    1.422718] usbcore: registered new interface driver cdc_ether
[    1.428578] usbcore: registered new interface driver smsc75xx
[    1.434350] usbcore: registered new interface driver smsc95xx
[    1.440101] usbcore: registered new interface driver net1080
[    1.445778] usbcore: registered new interface driver cdc_subset
[    1.451702] usbcore: registered new interface driver zaurus
[    1.457308] usbcore: registered new interface driver cdc_ncm
[    1.464391] ehci_hcd: USB 2.0 'Enhanced' Host Controller (EHCI) Driver
[    1.470903] ehci-pci: EHCI PCI platform driver
[    1.475372] ehci-platform: EHCI generic platform driver
[    1.480700] ehci-orion: EHCI orion driver
[    1.484794] SPEAr-ehci: EHCI SPEAr driver
[    1.488863] ehci-st: EHCI STMicroelectronics driver
[    1.493815] ehci-exynos: EHCI EXYNOS driver
[    1.498071] ehci-atmel: EHCI Atmel driver
[    1.502139] tegra-ehci: Tegra EHCI driver
[    1.506447] ohci_hcd: USB 1.1 'Open' Host Controller (OHCI) Driver
[    1.512625] ohci-pci: OHCI PCI platform driver
[    1.517097] ohci-platform: OHCI generic platform driver
[    1.522406] ohci-omap3: OHCI OMAP3 driver
[    1.526488] SPEAr-ohci: OHCI SPEAr driver
[    1.530557] ohci-st: OHCI STMicroelectronics driver
[    1.535512] ohci-atmel: OHCI Atmel driver
[    1.539931] usbcore: registered new interface driver usb-storage
[    1.548393] tegra_rtc 7000e000.rtc: rtc core: registered 7000e000.rtc as rtc1
[    1.555562] tegra_rtc 7000e000.rtc: Tegra internal Real Time Clock
[    1.564781] random: fast init done
[    1.577518] tps65910-rtc tps65910-rtc: rtc core: registered tps65910-rtc as rtc0
[    1.585103] i2c /dev entries driver
[    1.596493] sdhci: Secure Digital Host Controller Interface driver
[    1.602659] sdhci: Copyright(c) Pierre Ossman
[    1.607909] Synopsys Designware Multimedia Card Interface Driver
[    1.614633] sdhci-pltfm: SDHCI platform and OF driver helper
[    1.620786] sdhci-tegra 78000000.sdhci: Got CD GPIO
[    1.625678] sdhci-tegra 78000000.sdhci: Got WP GPIO
[    1.638920] mmc0: Invalid maximum block size, assuming 512 bytes
[    1.703716] mmc0: SDHCI controller on 78000000.sdhci [78000000.sdhci] using ADMA
[    1.720083] mmc1: Invalid maximum block size, assuming 512 bytes
[    1.783641] mmc1: SDHCI controller on 78000600.sdhci [78000600.sdhci] using ADMA
[    1.792360] ledtrig-cpu: registered to indicate activity on CPUs
[    1.798726] usbcore: registered new interface driver usbhid
[    1.804307] usbhid: USB HID core driver
[    1.811012] NET: Registered protocol family 10
[    1.816121] Segment Routing with IPv6
[    1.819830] sit: IPv6, IPv4 and MPLS over IPv4 tunneling driver
[    1.826161] NET: Registered protocol family 17
[    1.830597] can: controller area network core (rev 20170425 abi 9)
[    1.836821] NET: Registered protocol family 29
[    1.841252] can: raw protocol (rev 20170425)
[    1.845530] can: broadcast manager protocol (rev 20170425 t)
[    1.851179] can: netlink gateway (rev 20170425) max_hops=1
[    1.856926] Key type dns_resolver registered
[    1.861569] ThumbEE CPU extension supported.
[    1.865851] Registering SWP/SWPB emulation handler
[    1.880277] vdd_ddr: supplied by vdd_5v_in
[    1.885265] vdd_5v_sata: supplied by vdd_5v_in
[    1.890056] usb1_vbus: supplied by vdd_5v_in
[    1.894664] usb3_vbus: supplied by vdd_5v_in
[    1.900150] sys_3v3,vdd_3v3_alw: supplied by vdd_5v_in
[    1.906109] sys_3v3_pexs: supplied by sys_3v3,vdd_3v3_alw
[    1.906172] mmc1: new high speed MMC card at address 0001
[    1.908565] mmcblk1: mmc1:0001 SEM16G 14.8 GiB 
[    1.910225] mmcblk1boot0: mmc1:0001 SEM16G partition 1 1.00 MiB
[    1.911178] mmcblk1boot1: mmc1:0001 SEM16G partition 2 1.00 MiB
[    1.912145] mmcblk1rpmb: mmc1:0001 SEM16G partition 3 128 KiB
[    1.939195] +VDD_5V_HDMI: supplied by sys_3v3,vdd_3v3_alw
[    1.945289] tegra-pcie 3000.pcie-controller: 2x3 configuration
[    1.953586] tegra-pcie 3000.pcie-controller: probing port 0, using 2 lanes
[    1.962982] Primary GPT is invalid, using alternate GPT.
[    1.968307]  mmcblk1: p1 p2 p3 p4 p5
[    1.984459] mmc0: new ultra high speed DDR50 SDHC card at address aaaa
[    1.991612] mmcblk0: mmc0:aaaa SS04G 3.69 GiB 
[    2.018820] tegra-pcie 3000.pcie-controller: probing port 2, using 2 lanes
[    2.031044]  mmcblk0: p1 p2 p3
[    2.429629] tegra-pcie 3000.pcie-controller: link 2 down, retrying
[    2.839717] tegra-pcie 3000.pcie-controller: link 2 down, retrying
[    3.249781] tegra-pcie 3000.pcie-controller: link 2 down, retrying
[    3.257968] tegra-pcie 3000.pcie-controller: link 2 down, ignoring
[    3.264263] tegra-pcie 3000.pcie-controller: PCI host bridge to bus 0000:00
[    3.271211] pci_bus 0000:00: root bus resource [io  0x0000-0xffff]
[    3.277389] pci_bus 0000:00: root bus resource [mem 0x20000000-0x27ffffff]
[    3.284256] pci_bus 0000:00: root bus resource [mem 0x28000000-0x3fffffff pref]
[    3.291548] pci_bus 0000:00: root bus resource [bus 00-ff]
[    3.297052] pci 0000:00:01.0: [10de:0e1c] type 01 class 0x060400
[    3.303068] pci_bus 0000:00: 2-byte config write to 0000:00:01.0 offset 0x88 may corrupt adjacent RW1C bits
[    3.312814] pci_bus 0000:00: 2-byte config write to 0000:00:01.0 offset 0x52 may corrupt adjacent RW1C bits
[    3.322556] pci 0000:00:01.0: PME# supported from D0 D1 D2 D3hot D3cold
[    3.329166] pci_bus 0000:00: 2-byte config write to 0000:00:01.0 offset 0x4c may corrupt adjacent RW1C bits
[    3.339023] pci_bus 0000:00: 2-byte config write to 0000:00:01.0 offset 0x3e may corrupt adjacent RW1C bits
[    3.348757] pci_bus 0000:00: 2-byte config write to 0000:00:01.0 offset 0x4 may corrupt adjacent RW1C bits
[    3.358399] pci_bus 0000:00: 1-byte config write to 0000:00:01.0 offset 0xc may corrupt adjacent RW1C bits
[    3.368036] PCI: bus0: Fast back to back transfers disabled
[    3.373596] pci 0000:00:01.0: bridge configuration invalid ([bus 00-00]), reconfiguring
[    3.381589] pci_bus 0000:00: 2-byte config write to 0000:00:01.0 offset 0x3e may corrupt adjacent RW1C bits
[    3.391317] pci_bus 0000:00: 2-byte config write to 0000:00:01.0 offset 0x3e may corrupt adjacent RW1C bits
[    3.401044] pci_bus 0000:00: 2-byte config write to 0000:00:01.0 offset 0x3e may corrupt adjacent RW1C bits
[    3.410770] pci_bus 0000:00: 2-byte config write to 0000:00:01.0 offset 0x6 may corrupt adjacent RW1C bits
[    3.420506] pci 0000:01:00.0: [10ec:8168] type 00 class 0x020000
[    3.426528] pci 0000:01:00.0: reg 0x10: [io  0x0000-0x00ff]
[    3.432101] pci 0000:01:00.0: reg 0x18: [mem 0x00000000-0x00000fff 64bit pref]
[    3.439324] pci 0000:01:00.0: reg 0x20: [mem 0x00000000-0x00003fff 64bit pref]
[    3.446608] pci 0000:01:00.0: supports D1 D2
[    3.450865] pci 0000:01:00.0: PME# supported from D0 D1 D2 D3hot D3cold
[    3.483651] PCI: bus1: Fast back to back transfers disabled
[    3.489212] pci_bus 0000:01: busn_res: [bus 01-ff] end is updated to 01
[    3.495886] pci 0000:00:01.0: BAR 9: assigned [mem 0x28000000-0x280fffff 64bit pref]
[    3.503624] pci 0000:00:01.0: BAR 7: assigned [io  0x1000-0x1fff]
[    3.509705] pci 0000:01:00.0: BAR 4: assigned [mem 0x28000000-0x28003fff 64bit pref]
[    3.517449] pci 0000:01:00.0: BAR 2: assigned [mem 0x28004000-0x28004fff 64bit pref]
[    3.525193] pci 0000:01:00.0: BAR 0: assigned [io  0x1000-0x10ff]
[    3.531274] pci 0000:00:01.0: PCI bridge to [bus 01]
[    3.536233] pci 0000:00:01.0:   bridge window [io  0x1000-0x1fff]
[    3.542313] pci 0000:00:01.0:   bridge window [mem 0x28000000-0x280fffff 64bit pref]
[    3.550063] pci 0000:00:01.0: nv_msi_ht_cap_quirk didn't locate host bridge
[    3.557082] pcieport 0000:00:01.0: enabling device (0140 -> 0143)
[    3.563352] pcieport 0000:00:01.0: Signaling PME with IRQ 374
[    3.569300] r8169 Gigabit Ethernet driver 2.3LK-NAPI loaded
[    3.574888] r8169 0000:01:00.0: enabling device (0140 -> 0143)
[    3.581616] r8169 0000:01:00.0 eth0: RTL8168evl/8111evl at 0xf0b12000, 02:04:4b:01:60:a6, XID 0c900800 IRQ 375
[    3.591617] r8169 0000:01:00.0 eth0: jumbo features [frames: 9200 bytes, tx checksumming: ko]
[    3.606914] utmi_phy_clk_enable: timeout waiting for phy to stabilize
[    3.613363] tegra-ehci 7d004000.usb: EHCI Host Controller
[    3.618787] tegra-ehci 7d004000.usb: new USB bus registered, assigned bus number 1
[    3.626540] tegra-ehci 7d004000.usb: irq 343, io mem 0x7d004000
[    3.653644] tegra-ehci 7d004000.usb: USB 2.0 started, EHCI 1.00
[    3.660508] hub 1-0:1.0: USB hub found
[    3.664282] hub 1-0:1.0: 1 port detected
[    3.669337] tegra-ehci 7d008000.usb: EHCI Host Controller
[    3.674752] tegra-ehci 7d008000.usb: new USB bus registered, assigned bus number 2
[    3.682477] tegra-ehci 7d008000.usb: irq 344, io mem 0x7d008000
[    3.713632] tegra-ehci 7d008000.usb: USB 2.0 started, EHCI 1.00
[    3.720382] hub 2-0:1.0: USB hub found
[    3.724149] hub 2-0:1.0: 1 port detected
[    3.732634] tps65910-rtc tps65910-rtc: setting system clock to 2000-01-01 00:00:02 UTC (946684802)
[    3.742141] vdd_sata,avdd_plle: disabling
[    3.746512] usb1_vbus: disabling
[    3.751587] EXT4-fs (mmcblk1p1): mounting ext3 file system using the ext4 subsystem
[    3.806920] EXT4-fs (mmcblk1p1): warning: mounting fs with errors, running e2fsck is recommended
[    3.817152] EXT4-fs (mmcblk1p1): recovery complete
[    3.823123] EXT4-fs (mmcblk1p1): mounted filesystem with ordered data mode. Opts: (null)
[    3.831244] VFS: Mounted root (ext3 filesystem) on device 179:1.
[    3.847737] devtmpfs: mounted
[    3.853278] Freeing unused kernel memory: 2048K
bash: cannot set terminal process group (-1): Inappropriate ioctl for device
bash: no job control in this shell
root@(none):/# [    4.083661] usb 2-1: new high-speed USB device number 2 using tegra-ehci
[    4.743357] asix 2-1:1.0 eth1: register 'asix' at usb-7d008000.usb-1, ASIX AX88772 USB 2.0 Ethernet, 00:50:b6:0f:67:60
