[    0.000000] Booting Linux on physical CPU 0x0
[    0.000000] Linux version 4.11.0-rc1-next-20170309-181929-g2e62da1 (pwalmsley@tamien) (gcc version 4.9.2 20140904 (prerelease) (crosstool-NG linaro-1.13.1-4.9-2014.09 - Linaro GCC 4.9-2014.09) ) #1 SMP PREEMPT Fri Mar 17 10:14:15 PDT 2017
[    0.000000] Boot CPU: AArch64 Processor [411fd070]
[    0.000000] Memory limited to 1024MB
[    0.000000] efi: Getting EFI parameters from FDT:
[    0.000000] efi: UEFI not found.
[    0.000000] cma: Reserved 16 MiB at 0x000000007f000000
[    0.000000] NUMA: No NUMA configuration found
[    0.000000] NUMA: Faking a node at [mem 0x0000000000000000-0x000000007fffffff]
[    0.000000] NUMA: Adding memblock [0x40000000 - 0x7fffffff] on node 0
[    0.000000] NUMA: Initmem setup node 0 [mem 0x40000000-0x7fffffff]
[    0.000000] NUMA: NODE_DATA [mem 0x7efeae80-0x7efec97f]
[    0.000000] Zone ranges:
[    0.000000]   DMA      [mem 0x0000000040000000-0x000000007fffffff]
[    0.000000]   Normal   empty
[    0.000000] Movable zone start for each node
[    0.000000] Early memory node ranges
[    0.000000]   node   0: [mem 0x0000000040000000-0x000000007fffffff]
[    0.000000] Initmem setup node 0 [mem 0x0000000040000000-0x000000007fffffff]
[    0.000000] psci: probing for conduit method from DT.
[    0.000000] psci: PSCIv0.2 detected in firmware.
[    0.000000] psci: Using standard PSCI v0.2 function IDs
[    0.000000] psci: Trusted OS migration not required
[    0.000000] percpu: Embedded 23 pages/cpu @ffff80003efd0000 s56832 r8192 d29184 u94208
[    0.000000] Detected PIPT I-cache on CPU0
[    0.000000] CPU features: enabling workaround for ARM erratum 832075
[    0.000000] CPU features: enabling workaround for ARM erratum 834220
[    0.000000] Built 1 zonelists in Node order, mobility grouping on.  Total pages: 258048
[    0.000000] Policy zone: DMA
[    0.000000] Kernel command line: root=/dev/vda2 rw rootwait mem=1024M console=ttyAMA0,38400n8 init=/bin/bash
[    0.000000] PID hash table entries: 4096 (order: 3, 32768 bytes)
[    0.000000] Memory: 999972K/1048576K available (8764K kernel code, 990K rwdata, 4228K rodata, 1088K init, 395K bss, 32220K reserved, 16384K cma-reserved)
[    0.000000] Virtual kernel memory layout:
[    0.000000]     modules : 0xffff000000000000 - 0xffff000008000000   (   128 MB)
[    0.000000]     vmalloc : 0xffff000008000000 - 0xffff7dffbfff0000   (129022 GB)
[    0.000000]       .text : 0xffff000008080000 - 0xffff000008910000   (  8768 KB)
[    0.000000]     .rodata : 0xffff000008910000 - 0xffff000008d40000   (  4288 KB)
[    0.000000]       .init : 0xffff000008d40000 - 0xffff000008e50000   (  1088 KB)
[    0.000000]       .data : 0xffff000008e50000 - 0xffff000008f47a00   (   991 KB)
[    0.000000]        .bss : 0xffff000008f47a00 - 0xffff000008faa638   (   396 KB)
[    0.000000]     fixed   : 0xffff7dfffe7fd000 - 0xffff7dfffec00000   (  4108 KB)
[    0.000000]     PCI I/O : 0xffff7dfffee00000 - 0xffff7dffffe00000   (    16 MB)
[    0.000000]     vmemmap : 0xffff7e0000000000 - 0xffff800000000000   (  2048 GB maximum)
[    0.000000]               0xffff7e0000000000 - 0xffff7e0001000000   (    16 MB actual)
[    0.000000]     memory  : 0xffff800000000000 - 0xffff800040000000   (  1024 MB)
[    0.000000] SLUB: HWalign=64, Order=0-3, MinObjects=0, CPUs=1, Nodes=1
[    0.000000] Preemptible hierarchical RCU implementation.
[    0.000000] 	RCU restricting CPUs from NR_CPUS=64 to nr_cpu_ids=1.
[    0.000000] RCU: Adjusting geometry for rcu_fanout_leaf=16, nr_cpu_ids=1
[    0.000000] NR_IRQS:64 nr_irqs:64 0
[    0.000000] GICv2m: range[mem 0x08020000-0x08020fff], SPI[80:143]
[    0.000000] arm_arch_timer: WARNING: Invalid trigger for IRQ3, assuming level low
[    0.000000] arm_arch_timer: WARNING: Please fix your firmware
[    0.000000] arm_arch_timer: Architected cp15 timer(s) running at 62.50MHz (virt).
[    0.000000] clocksource: arch_sys_counter: mask: 0xffffffffffffff max_cycles: 0x1cd42e208c, max_idle_ns: 881590405314 ns
[    0.000390] sched_clock: 56 bits at 62MHz, resolution 16ns, wraps every 4398046511096ns
[    0.007879] Console: colour dummy device 80x25
[    0.009638] Calibrating delay loop (skipped), value calculated using timer frequency.. 125.00 BogoMIPS (lpj=250000)
[    0.009823] pid_max: default: 32768 minimum: 301
[    0.011062] Security Framework initialized
[    0.015024] Dentry cache hash table entries: 131072 (order: 8, 1048576 bytes)
[    0.016264] Inode-cache hash table entries: 65536 (order: 7, 524288 bytes)
[    0.016545] Mount-cache hash table entries: 2048 (order: 2, 16384 bytes)
[    0.016643] Mountpoint-cache hash table entries: 2048 (order: 2, 16384 bytes)
[    0.061879] ASID allocator initialised with 65536 entries
[    0.085765] EFI services will not be available.
[    0.095709] smp: Bringing up secondary CPUs ...
[    0.095844] smp: Brought up 1 node, 1 CPU
[    0.095890] SMP: Total of 1 processors activated.
[    0.096001] CPU features: detected feature: 32-bit EL0 Support
[    0.096545] CPU: All CPU(s) started at EL1
[    0.097225] alternatives: patching kernel code
[    0.113231] devtmpfs: initialized
[    0.128768] DMI not present or invalid.
[    0.130742] clocksource: jiffies: mask: 0xffffffff max_cycles: 0xffffffff, max_idle_ns: 7645041785100000 ns
[    0.130960] futex hash table entries: 256 (order: 3, 32768 bytes)
[    0.134763] pinctrl core: initialized pinctrl subsystem
[    0.176912] NET: Registered protocol family 16
[    0.204788] cpuidle: using governor menu
[    0.206418] vdso: 2 pages (1 code @ ffff000008917000, 1 data @ ffff000008e55000)
[    0.206690] hw-breakpoint: found 6 breakpoint and 4 watchpoint registers.
[    0.216585] DMA: preallocated 256 KiB pool for atomic allocations
[    0.221562] Serial: AMBA PL011 UART driver
[    0.294798] 9000000.pl011: ttyAMA0 at MMIO 0x9000000 (irq = 39, base_baud = 0) is a PL011 rev1
[    0.322055] console [ttyAMA0] enabled
[    0.329008] irq: type mismatch, failed to map hwirq-27 for /intc!
[    0.513150] HugeTLB registered 2 MB page size, pre-allocated 0 pages
[    0.533067] ACPI: Interpreter disabled.
[    0.550999] vgaarb: loaded
[    0.554826] SCSI subsystem initialized
[    0.562252] usbcore: registered new interface driver usbfs
[    0.565907] usbcore: registered new interface driver hub
[    0.567094] usbcore: registered new device driver usb
[    0.576199] pps_core: LinuxPPS API ver. 1 registered
[    0.576485] pps_core: Software ver. 5.3.6 - Copyright 2005-2007 Rodolfo Giometti <giometti@linux.it>
[    0.577724] PTP clock support registered
[    0.581110] dmi: Firmware registration failed.
[    0.584740] Advanced Linux Sound Architecture Driver Initialized.
[    0.600061] clocksource: Switched to clocksource arch_sys_counter
[    0.601595] VFS: Disk quotas dquot_6.6.0
[    0.603960] VFS: Dquot-cache hash table entries: 512 (order 0, 4096 bytes)
[    0.607809] pnp: PnP ACPI: disabled
[    0.697401] NET: Registered protocol family 2
[    0.706828] TCP established hash table entries: 8192 (order: 4, 65536 bytes)
[    0.707865] TCP bind hash table entries: 8192 (order: 5, 131072 bytes)
[    0.709149] TCP: Hash tables configured (established 8192 bind 8192)
[    0.711152] UDP hash table entries: 512 (order: 2, 16384 bytes)
[    0.712169] UDP-Lite hash table entries: 512 (order: 2, 16384 bytes)
[    0.714416] NET: Registered protocol family 1
[    0.726700] RPC: Registered named UNIX socket transport module.
[    0.727169] RPC: Registered udp transport module.
[    0.727593] RPC: Registered tcp transport module.
[    0.728540] RPC: Registered tcp NFSv4.1 backchannel transport module.
[    0.736988] kvm [1]: HYP mode not available
[    0.759116] audit: initializing netlink subsys (disabled)
[    0.762288] audit: type=2000 audit(0.720:1): state=initialized audit_enabled=0 res=1
[    0.771352] workingset: timestamp_bits=44 max_order=18 bucket_order=0
[    0.863456] squashfs: version 4.0 (2009/01/31) Phillip Lougher
[    0.878398] NFS: Registering the id_resolver key type
[    0.879489] Key type id_resolver registered
[    0.879721] Key type id_legacy registered
[    0.880014] nfs4filelayout_init: NFSv4 File Layout Driver Registering...
[    0.882921] 9p: Installing v9fs 9p2000 file system support
[    0.900788] Block layer SCSI generic (bsg) driver version 0.4 loaded (major 247)
[    0.901528] io scheduler noop registered
[    0.902999] io scheduler cfq registered (default)
[    0.903298] io scheduler mq-deadline registered
[    0.949698] pl061_gpio 9030000.pl061: PL061 GPIO chip @0x0000000009030000 registered
[    0.964995] OF: PCI: host bridge /pcie@10000000 ranges:
[    0.965890] OF: PCI:    IO 0x3eff0000..0x3effffff -> 0x00000000
[    0.966672] OF: PCI:   MEM 0x10000000..0x3efeffff -> 0x10000000
[    0.967217] OF: PCI:   MEM 0x8000000000..0xffffffffff -> 0x8000000000
[    0.968963] pci-host-generic 3f000000.pcie: ECAM at [mem 0x3f000000-0x3fffffff] for [bus 00-0f]
[    0.971259] pci-host-generic 3f000000.pcie: PCI host bridge to bus 0000:00
[    0.971828] pci_bus 0000:00: root bus resource [bus 00-0f]
[    0.972679] pci_bus 0000:00: root bus resource [io  0x0000-0xffff]
[    0.973005] pci_bus 0000:00: root bus resource [mem 0x10000000-0x3efeffff]
[    0.973355] pci_bus 0000:00: root bus resource [mem 0x8000000000-0xffffffffff]
[    1.053770] xenfs: not registering filesystem on non-xen platform
[    1.103502] Serial: 8250/16550 driver, 4 ports, IRQ sharing enabled
[    1.122638] SuperH (H)SCI(F) driver initialized
[    1.126917] msm_serial: driver initialized
[    1.132299] cacheinfo: Unable to detect cache hierarchy for CPU 0
[    1.229014] loop: module loaded
[    1.274881]  vda: vda1 vda2
[    1.294765] hisi_sas: driver version v1.6
[    1.326537] libphy: Fixed MDIO Bus: probed
[    1.333618] tun: Universal TUN/TAP device driver, 1.6
[    1.333900] tun: (C) 1999-2004 Max Krasnyansky <maxk@qualcomm.com>
[    1.355532] e1000e: Intel(R) PRO/1000 Network Driver - 3.2.6-k
[    1.355853] e1000e: Copyright(c) 1999 - 2015 Intel Corporation.
[    1.357980] igb: Intel(R) Gigabit Ethernet Network Driver - version 5.4.0-k
[    1.358326] igb: Copyright (c) 2007-2014 Intel Corporation.
[    1.359063] igbvf: Intel(R) Gigabit Virtual Function Network Driver - version 2.4.0-k
[    1.359435] igbvf: Copyright (c) 2009 - 2012 Intel Corporation.
[    1.362837] sky2: driver version 1.30
[    1.369758] VFIO - User Level meta-driver version: 0.3
[    1.390469] ehci_hcd: USB 2.0 'Enhanced' Host Controller (EHCI) Driver
[    1.390867] ehci-pci: EHCI PCI platform driver
[    1.392695] ehci-platform: EHCI generic platform driver
[    1.394159] ehci-exynos: EHCI EXYNOS driver
[    1.395180] ehci-msm: Qualcomm On-Chip EHCI Host Controller
[    1.397041] ohci_hcd: USB 1.1 'Open' Host Controller (OHCI) Driver
[    1.397465] ohci-pci: OHCI PCI platform driver
[    1.398577] ohci-platform: OHCI generic platform driver
[    1.400691] ohci-exynos: OHCI EXYNOS driver
[    1.406400] usbcore: registered new interface driver usb-storage
[    1.436496] rtc-pl031 9010000.pl031: rtc core: registered pl031 as rtc0
[    1.443398] i2c /dev entries driver
[    1.477885] sdhci: Secure Digital Host Controller Interface driver
[    1.478207] sdhci: Copyright(c) Pierre Ossman
[    1.482591] Synopsys Designware Multimedia Card Interface Driver
[    1.490881] sdhci-pltfm: SDHCI platform and OF driver helper
[    1.504841] ledtrig-cpu: registered to indicate activity on CPUs
[    1.519744] usbcore: registered new interface driver usbhid
[    1.522348] usbhid: USB HID core driver
[    1.563574] NET: Registered protocol family 17
[    1.567196] 9pnet: Installing 9P2000 support
[    1.569592] Key type dns_resolver registered
[    1.578625] registered taskstats version 1
[    1.611750] input: gpio-keys as /devices/platform/gpio-keys/input/input0
[    1.623322] rtc-pl031 9010000.pl031: setting system clock to 2017-03-17 17:14:57 UTC (1489770897)
[    1.627511] ALSA device list:
[    1.627950]   No soundcards found.
[    1.639467] uart-pl011 9000000.pl011: no DMA platform data
[    1.658208] EXT4-fs (vda2): couldn't mount as ext3 due to feature incompatibilities
[    1.769848] EXT4-fs (vda2): recovery complete
[    1.770880] EXT4-fs (vda2): mounted filesystem with ordered data mode. Opts: (null)
[    1.771832] VFS: Mounted root (ext4 filesystem) on device 254:2.
[    1.775908] devtmpfs: mounted
[    1.824398] Freeing unused kernel memory: 1088K
bash: cannot set terminal process group (-1): Inappropriate ioctl for device
bash: no job control in this shell
bash-4.3# 