ameters from FDT:
[    0.000000] efi: UEFI not found.
[    0.000000] cma: Reserved 16 MiB at 0x00000000f5400000
[    0.000000] earlycon: uart0 at MMIO 0x0000000070006000 (options '115200n8')
[    0.000000] bootconsole [uart0] enabled
[    0.000000] NUMA: No NUMA configuration found
[    0.000000] NUMA: Faking a node at [mem 0x0000000000000000-0x000000013fffffff]
[    0.000000] NUMA: Adding memblock [0x80000000 - 0xf65fffff] on node 0
[    0.000000] NUMA: Adding memblock [0x100000000 - 0x13fffffff] on node 0
[    0.000000] NUMA: Initmem setup node 0 [mem 0x80000000-0x13fffffff]
[    0.000000] NUMA: NODE_DATA [mem 0x13ffa0d00-0x13ffa27ff]
[    0.000000] Zone ranges:
[    0.000000]   DMA      [mem 0x0000000080000000-0x00000000ffffffff]
[    0.000000]   Normal   [mem 0x0000000100000000-0x000000013fffffff]
[    0.000000] Movable zone start for each node
[    0.000000] Early memory node ranges
[    0.000000]   node   0: [mem 0x0000000080000000-0x00000000f65fffff]
[    0.000000]   node   0: [mem 0x0000000100000000-0x000000013fffffff]
[    0.000000] Initmem setup node 0 [mem 0x0000000080000000-0x000000013fffffff]
[    0.000000] psci: probing for conduit method from DT.
[    0.000000] psci: PSCIv1.0 detected in firmware.
[    0.000000] psci: Using standard PSCI v0.2 function IDs
[    0.000000] psci: MIGRATE_INFO_UP_CPU reported invalid physical ID (0x80000000)
[    0.000000] percpu: Embedded 24 pages/cpu @ffff8000bff3d000 s59264 r8192 d30848 u98304
[    0.000000] Detected PIPT I-cache on CPU0
[    0.000000] CPU features: enabling workaround for ARM erratum 832075
[    0.000000] CPU features: enabling workaround for ARM erratum 834220
[    0.000000] Built 1 zonelists in Node order, mobility grouping on.  Total pages: 735336
[    0.000000] Policy zone: Normal
[    0.000000] Kernel command line: cros_secure vpr=0x08000000@0xf6800000 earlycon
[    0.000000] PID hash table entries: 4096 (order: 3, 32768 bytes)
[    0.000000] software IO TLB [mem 0xf1400000-0xf5400000] (64MB) mapped at [ffff800071400000-ffff8000753fffff]
[    0.000000] Memory: 2838892K/2988032K available (8828K kernel code, 1088K rwdata, 3992K rodata, 1088K init, 406K bss, 132756K reserved, 16384K cma-reserved)
[    0.000000] Virtual kernel memory layout:
[    0.000000]     modules : 0xffff000000000000 - 0xffff000008000000   (   128 MB)
[    0.000000]     vmalloc : 0xffff000008000000 - 0xffff7dffbfff0000   (129022 GB)
[    0.000000]       .text : 0xffff000008080000 - 0xffff000008920000   (  8832 KB)
[    0.000000]     .rodata : 0xffff000008920000 - 0xffff000008d10000   (  4032 KB)
[    0.000000]       .init : 0xffff000008d10000 - 0xffff000008e20000   (  1088 KB)
[    0.000000]       .data : 0xffff000008e20000 - 0xffff000008f30200   (  1089 KB)
[    0.000000]        .bss : 0xffff000008f30200 - 0xffff000008f95bc0   (   407 KB)
[    0.000000]     fixed   : 0xffff7dfffe7fd000 - 0xffff7dfffec00000   (  4108 KB)
[    0.000000]     PCI I/O : 0xffff7dfffee00000 - 0xffff7dffffe00000   (    16 MB)
[    0.000000]     vmemmap : 0xffff7e0000000000 - 0xffff800000000000   (  2048 GB maximum)
[    0.000000]               0xffff7e0000000000 - 0xffff7e0003000000   (    48 MB actual)
[    0.000000]     memory  : 0xffff800000000000 - 0xffff8000c0000000   (  3072 MB)
[    0.000000] SLUB: HWalign=64, Order=0-3, MinObjects=0, CPUs=4, Nodes=1
[    0.000000] Preemptible hierarchical RCU implementation.
[    0.000000] 	RCU restricting CPUs from NR_CPUS=64 to nr_cpu_ids=4.
[    0.000000] RCU: Adjusting geometry for rcu_fanout_leaf=16, nr_cpu_ids=4
[    0.000000] NR_IRQS:64 nr_irqs:64 0
[    0.000000] GIC: Using split EOI/Deactivate mode
[    0.000000] /interrupt-controller@60004000: 192 interrupts forwarded to /interrupt-controller@50041000
[    0.000000] boot misc0 0x0: expected 0x80000
[    0.000000]  (comparison mask = 0x400ffffb)
[    0.000000] boot misc2 0x1f720005: expected 0x1f720f05
[    0.000000]  (comparison mask = 0xffffff17)
[    0.000000] PLL_C already enabled. Postponing set full defaults
[    0.000000] PLL_DP already enabled. Postponing set full defaults
[    0.000000] boot misc0 0x0: expected 0x20
[    0.000000]  (comparison mask = 0x7ffffff)
[    0.000000] boot misc1 0x90000000: expected 0xc0000000
[    0.000000]  (comparison mask = 0xf8000000)
[    0.000000] boot misc2 0x0: expected 0xf400f0da
[    0.000000]  (comparison mask = 0xffffffff)
[    0.000000] boot misc3 0x8c4: expected 0x2004f400
[    0.000000]  (comparison mask = 0xffffffff)
[    0.000000] boot misc1 0x0: expected 0x20
[    0.000000]  (comparison mask = 0xffffff)
[    0.000000] PLL_X already enabled. Postponing set full defaults
[    0.000000] arch_timer: cp15 timer(s) running at 19.20MHz (phys).
[    0.000000] clocksource: arch_sys_counter: mask: 0xffffffffffffff max_cycles: 0x46d987e47, max_idle_ns: 440795202767 ns
[    0.000002] sched_clock: 56 bits at 19MHz, resolution 52ns, wraps every 4398046511078ns
[    0.008352] Console: colour dummy device 80x25
[    0.012921] console [tty0] enabled
[    0.016414] bootconsole [uart0] disabled
[    0.000000] Booting Linux on physical CPU 0x0
[    0.000000] Linux version 4.12.0-rc1-289134-ge99b6f1 (jonathanh@tamien) (gcc version 4.9.2 20140904 (prerelease) (crosstool-NG linaro-1.13.1-4.9-2014.09 - Linaro GCC 4.9-2014.09) ) #1 SMP PREEMPT Tue May 30 03:19:50 PDT 2017
[    0.000000] Boot CPU: AArch64 Processor [411fd071]
[    0.000000] Machine model: Google Pixel C
[    0.000000] efi: Getting EFI parameters from FDT:
[    0.000000] efi: UEFI not found.
[    0.000000] cma: Reserved 16 MiB at 0x00000000f5400000
[    0.000000] earlycon: uart0 at MMIO 0x0000000070006000 (options '115200n8')
[    0.000000] bootconsole [uart0] enabled
[    0.000000] NUMA: No NUMA configuration found
[    0.000000] NUMA: Faking a node at [mem 0x0000000000000000-0x000000013fffffff]
[    0.000000] NUMA: Adding memblock [0x80000000 - 0xf65fffff] on node 0
[    0.000000] NUMA: Adding memblock [0x100000000 - 0x13fffffff] on node 0
[    0.000000] NUMA: Initmem setup node 0 [mem 0x80000000-0x13fffffff]
[    0.000000] NUMA: NODE_DATA [mem 0x13ffa0d00-0x13ffa27ff]
[    0.000000] Zone ranges:
[    0.000000]   DMA      [mem 0x0000000080000000-0x00000000ffffffff]
[    0.000000]   Normal   [mem 0x0000000100000000-0x000000013fffffff]
[    0.000000] Movable zone start for each node
[    0.000000] Early memory node ranges
[    0.000000]   node   0: [mem 0x0000000080000000-0x00000000f65fffff]
[    0.000000]   node   0: [mem 0x0000000100000000-0x000000013fffffff]
[    0.000000] Initmem setup node 0 [mem 0x0000000080000000-0x000000013fffffff]
[    0.000000] psci: probing for conduit method from DT.
[    0.000000] psci: PSCIv1.0 detected in firmware.
[    0.000000] psci: Using standard PSCI v0.2 function IDs
[    0.000000] psci: MIGRATE_INFO_UP_CPU reported invalid physical ID (0x80000000)
[    0.000000] percpu: Embedded 24 pages/cpu @ffff8000bff3d000 s59264 r8192 d30848 u98304
[    0.000000] Detected PIPT I-cache on CPU0
[    0.000000] CPU features: enabling workaround for ARM erratum 832075
[    0.000000] CPU features: enabling workaround for ARM erratum 834220
[    0.000000] Built 1 zonelists in Node order, mobility grouping on.  Total pages: 735336
[    0.000000] Policy zone: Normal
[    0.000000] Kernel command line: cros_secure vpr=0x08000000@0xf6800000 earlycon
[    0.000000] PID hash table entries: 4096 (order: 3, 32768 bytes)
[    0.000000] software IO TLB [mem 0xf1400000-0xf5400000] (64MB) mapped at [ffff800071400000-ffff8000753fffff]
[    0.000000] Memory: 2838892K/2988032K available (8828K kernel code, 1088K rwdata, 3992K rodata, 1088K init, 406K bss, 132756K reserved, 16384K cma-reserved)
[    0.000000] Virtual kernel memory layout:
[    0.000000]     modules : 0xffff000000000000 - 0xffff000008000000   (   128 MB)
[    0.000000]     vmalloc : 0xffff000008000000 - 0xffff7dffbfff0000   (129022 GB)
[    0.000000]       .text : 0xffff000008080000 - 0xffff000008920000   (  8832 KB)
[    0.000000]     .rodata : 0xffff000008920000 - 0xffff000008d10000   (  4032 KB)
[    0.000000]       .init : 0xffff000008d10000 - 0xffff000008e20000   (  1088 KB)
[    0.000000]       .data : 0xffff000008e20000 - 0xffff000008f30200   (  1089 KB)
[    0.000000]        .bss : 0xffff000008f30200 - 0xffff000008f95bc0   (   407 KB)
[    0.000000]     fixed   : 0xffff7dfffe7fd000 - 0xffff7dfffec00000   (  4108 KB)
[    0.000000]     PCI I/O : 0xffff7dfffee00000 - 0xffff7dffffe00000   (    16 MB)
[    0.000000]     vmemmap : 0xffff7e0000000000 - 0xffff800000000000   (  2048 GB maximum)
[    0.000000]               0xffff7e0000000000 - 0xffff7e0003000000   (    48 MB actual)
[    0.000000]     memory  : 0xffff800000000000 - 0xffff8000c0000000   (  3072 MB)
[    0.000000] SLUB: HWalign=64, Order=0-3, MinObjects=0, CPUs=4, Nodes=1
[    0.000000] Preemptible hierarchical RCU implementation.
[    0.000000] 	RCU restricting CPUs from NR_CPUS=64 to nr_cpu_ids=4.
[    0.000000] RCU: Adjusting geometry for rcu_fanout_leaf=16, nr_cpu_ids=4
[    0.000000] NR_IRQS:64 nr_irqs:64 0
[    0.000000] GIC: Using split EOI/Deactivate mode
[    0.000000] /interrupt-controller@60004000: 192 interrupts forwarded to /interrupt-controller@50041000
[    0.000000] boot misc0 0x0: expected 0x80000
[    0.000000]  (comparison mask = 0x400ffffb)
[    0.000000] boot misc2 0x1f720005: expected 0x1f720f05
[    0.000000]  (comparison mask = 0xffffff17)
[    0.000000] PLL_C already enabled. Postponing set full defaults
[    0.000000] PLL_DP already enabled. Postponing set full defaults
[    0.000000] boot misc0 0x0: expected 0x20
[    0.000000]  (comparison mask = 0x7ffffff)
[    0.000000] boot misc1 0x90000000: expected 0xc0000000
[    0.000000]  (comparison mask = 0xf8000000)
[    0.000000] boot misc2 0x0: expected 0xf400f0da
[    0.000000]  (comparison mask = 0xffffffff)
[    0.000000] boot misc3 0x8c4: expected 0x2004f400
[    0.000000]  (comparison mask = 0xffffffff)
[    0.000000] boot misc1 0x0: expected 0x20
[    0.000000]  (comparison mask = 0xffffff)
[    0.000000] PLL_X already enabled. Postponing set full defaults
[    0.000000] arch_timer: cp15 timer(s) running at 19.20MHz (phys).
[    0.000000] clocksource: arch_sys_counter: mask: 0xffffffffffffff max_cycles: 0x46d987e47, max_idle_ns: 440795202767 ns
[    0.000002] sched_clock: 56 bits at 19MHz, resolution 52ns, wraps every 4398046511078ns
[    0.008352] Console: colour dummy device 80x25
[    0.012921] console [tty0] enabled
[    0.016414] bootconsole [uart0] disabled
[    0.020475] Calibrating delay loop (skipped), value calculated using timer frequency.. 38.40 BogoMIPS (lpj=76800)
[    0.020489] pid_max: default: 32768 minimum: 301
[    0.020542] Security Framework initialized
[    0.021211] Dentry cache hash table entries: 524288 (order: 10, 4194304 bytes)
[    0.022512] Inode-cache hash table entries: 262144 (order: 9, 2097152 bytes)
[    0.023159] Mount-cache hash table entries: 8192 (order: 4, 65536 bytes)
[    0.023176] Mountpoint-cache hash table entries: 8192 (order: 4, 65536 bytes)
[    0.036496] ASID allocator initialised with 65536 entries
[    0.053224] Speedo Revision 4
[    0.053242] Tegra Revision: A02 SKU: 19 CPU Process: 0 SoC Process: 0
[    0.100639] EFI services will not be available.
[    0.116578] smp: Bringing up secondary CPUs ...
[    0.148709] Detected PIPT I-cache on CPU1
[    0.148736] CPU1: Booted secondary processor [411fd071]
[    0.180734] Detected PIPT I-cache on CPU2
[    0.180754] CPU2: Booted secondary processor [411fd071]
[    0.212774] Detected PIPT I-cache on CPU3
[    0.212791] CPU3: Booted secondary processor [411fd071]
[    0.212827] smp: Brought up 1 node, 4 CPUs
[    0.212859] SMP: Total of 4 processors activated.
[    0.212867] CPU features: detected feature: 32-bit EL0 Support
[    0.212907] CPU: All CPU(s) started at EL2
[    0.212928] alternatives: patching kernel code
[    0.215544] devtmpfs: initialized
[    0.220521] DMI not present or invalid.
[    0.220659] clocksource: jiffies: mask: 0xffffffff max_cycles: 0xffffffff, max_idle_ns: 7645041785100000 ns
[    0.220704] futex hash table entries: 1024 (order: 5, 131072 bytes)
[    0.220989] pinctrl core: initialized pinctrl subsystem
[    0.222282] NET: Registered protocol family 16
[    0.223357] cpuidle: using governor menu
[    0.223833] vdso: 2 pages (1 code @ ffff000008927000, 1 data @ ffff000008e25000)
[    0.223856] hw-breakpoint: found 6 breakpoint and 4 watchpoint registers.
[    0.224396] DMA: preallocated 256 KiB pool for atomic allocations
[    0.225428] Serial: AMBA PL011 UART driver
[    0.238203] HugeTLB registered 2 MB page size, pre-allocated 0 pages
[    0.238781] ACPI: Interpreter disabled.
[    0.239164] PPLCD_VDD: Failed to request enable GPIO172: -517
[    0.239182] reg-fixed-voltage regulators:regulator@1: Failed to register regulator: -517
[    0.239491] PP1800_LCDIO: Failed to request enable GPIO171: -517
[    0.239505] reg-fixed-voltage regulators:regulator@5: Failed to register regulator: -517
[    0.239556] PP1800_CAM: Failed to request enable GPIO83: -517
[    0.239569] reg-fixed-voltage regulators:regulator@6: Failed to register regulator: -517
[    0.239826] vgaarb: loaded
[    0.239967] SCSI subsystem initialized
[    0.240202] usbcore: registered new interface driver usbfs
[    0.240237] usbcore: registered new interface driver hub
[    0.240284] usbcore: registered new device driver usb
[    0.241292] tegra-i2c 7000d100.i2c: could not find pctldev for node /host1x@50000000/dpaux@545c0000/pinmux-i2c, deferring probe
[    0.241387] pps_core: LinuxPPS API ver. 1 registered
[    0.241398] pps_core: Software ver. 5.3.6 - Copyright 2005-2007 Rodolfo Giometti <giometti@linux.it>
[    0.241425] PTP clock support registered
[    0.241502] dmi: Firmware registration failed.
[    0.242018] Advanced Linux Sound Architecture Driver Initialized.
[    0.242407] clocksource: Switched to clocksource arch_sys_counter
[    0.242497] VFS: Disk quotas dquot_6.6.0
[    0.242538] VFS: Dquot-cache hash table entries: 512 (order 0, 4096 bytes)
[    0.242661] pnp: PnP ACPI: disabled
[    0.247053] NET: Registered protocol family 2
[    0.247395] TCP established hash table entries: 32768 (order: 6, 262144 bytes)
[    0.247584] TCP bind hash table entries: 32768 (order: 7, 524288 bytes)
[    0.247782] TCP: Hash tables configured (established 32768 bind 32768)
[    0.247878] UDP hash table entries: 2048 (order: 4, 65536 bytes)
[    0.247924] UDP-Lite hash table entries: 2048 (order: 4, 65536 bytes)
[    0.248026] NET: Registered protocol family 1
[    0.248190] RPC: Registered named UNIX socket transport module.
[    0.248202] RPC: Registered udp transport module.
[    0.248211] RPC: Registered tcp transport module.
[    0.248221] RPC: Registered tcp NFSv4.1 backchannel transport module.
[    0.248344] Unpacking initramfs...
[    0.296903] Freeing initrd memory: 1280K
[    0.297253] kvm [1]: 8-bit VMID
[    0.297267] kvm [1]: IDMAP page: 8090c000
[    0.297277] kvm [1]: HYP VA range: 800000000000:ffffffffffff
[    0.297815] kvm [1]: Hyp mode initialized successfully
[    0.297861] kvm [1]: vgic-v2@50044000
[    0.297927] kvm [1]: vgic interrupt IRQ1
[    0.297944] kvm [1]: virtual timer IRQ4
[    0.299282] audit: initializing netlink subsys (disabled)
[    0.299346] audit: type=2000 audit(0.288:1): state=initialized audit_enabled=0 res=1
[    0.299480] workingset: timestamp_bits=44 max_order=20 bucket_order=0
[    0.303205] squashfs: version 4.0 (2009/01/31) Phillip Lougher
[    0.303578] NFS: Registering the id_resolver key type
[    0.303601] Key type id_resolver registered
[    0.303610] Key type id_legacy registered
[    0.303625] nfs4filelayout_init: NFSv4 File Layout Driver Registering...
[    0.303721] 9p: Installing v9fs 9p2000 file system support
[    0.304978] Block layer SCSI generic (bsg) driver version 0.4 loaded (major 247)
[    0.304997] io scheduler noop registered
[    0.305111] io scheduler cfq registered (default)
[    0.305123] io scheduler mq-deadline registered
[    0.305133] io scheduler kyber registered
[    0.306383]  usb3-0: usb3-0 supply vbus not found, using dummy regulator
[    0.312822] tegra_dma_runtime_resume-1507
[    0.314071] tegra-apbdma 60020000.dma: Tegra20 APB DMA driver register 32 channels
[    0.315037] tegra-pmc 7000e400.pmc: i2c-thermtrip node not found, emergency thermal reset disabled.
[    0.315229] xenfs: not registering filesystem on non-xen platform
[    0.317172] Serial: 8250/16550 driver, 4 ports, IRQ sharing enabled
[    0.318195] 70006000.serial: ttyS0 at MMIO 0x70006000 (irq = 314, base_baud = 25500000) is a Tegra
[    1.338927] console [ttyS0] enabled
[    1.342735] SuperH (H)SCI(F) driver initialized
[    1.347474] msm_serial: driver initialized
[    1.351915] cacheinfo: Unable to detect cache hierarchy for CPU 0
[    1.361669] loop: module loaded
[    1.368676] cros-ec-i2c 0-001e: Chrome EC device registered
[    1.374898] max77620 1-003c: PMIC Version OTP:0x35 and ES:0x8
[    1.383165] max77620-sd0: supplied by regulator-dummy
[    1.389345] max77620-sd1: supplied by regulator-dummy
[    1.395502] max77620-sd2: supplied by regulator-dummy
[    1.401608] max77620-sd3: supplied by regulator-dummy
[    1.407733] max77620-ldo0: supplied by regulator-dummy
[    1.413382] max77620-ldo1: supplied by regulator-dummy
[    1.418540] PP1200_RCAM: Bringing 1050000uV into 1200000-1200000uV
[    1.425132] max77620-ldo2: supplied by regulator-dummy
[    1.430810] max77620-ldo3: supplied by regulator-dummy
[    1.435966] PP2800L_RCAM: Bringing 3100000uV into 2800000-2800000uV
[    1.442645] max77620-ldo4: supplied by regulator-dummy
[    1.447798] PP1100_SOC_RTC: Bringing 1000000uV into 850000-850000uV
[    1.454610] max77620-ldo5: supplied by regulator-dummy
[    1.459765] PP2800L_FCAM: Bringing 3100000uV into 2800000-2800000uV
[    1.466356] random: fast init done
[    1.469810] max77620-ldo6: supplied by regulator-dummy
[    1.474968] PP_LDO6: Bringing 2800000uV into 1800000-1800000uV
[    1.481232] max77620-ldo7: supplied by regulator-dummy
[    1.486972] max77620-ldo8: supplied by regulator-dummy
[    1.494084] hisi_sas: driver version v1.6
[    1.499490] libphy: Fixed MDIO Bus: probed
[    1.503842] tun: Universal TUN/TAP device driver, 1.6
[    1.509452] e1000e: Intel(R) PRO/1000 Network Driver - 3.2.6-k
[    1.515289] e1000e: Copyright(c) 1999 - 2015 Intel Corporation.
[    1.521236] igb: Intel(R) Gigabit Ethernet Network Driver - version 5.4.0-k
[    1.528194] igb: Copyright (c) 2007-2014 Intel Corporation.
[    1.533786] igbvf: Intel(R) Gigabit Virtual Function Network Driver - version 2.4.0-k
[    1.541614] igbvf: Copyright (c) 2009 - 2012 Intel Corporation.
[    1.547715] sky2: driver version 1.30
[    1.551644] VFIO - User Level meta-driver version: 0.3
[    1.557436] ehci_hcd: USB 2.0 'Enhanced' Host Controller (EHCI) Driver
[    1.563975] ehci-pci: EHCI PCI platform driver
[    1.568441] ehci-platform: EHCI generic platform driver
[    1.573740] ehci-orion: EHCI orion driver
[    1.577805] ehci-exynos: EHCI EXYNOS driver
[    1.582059] ehci-msm: Qualcomm On-Chip EHCI Host Controller
[    1.587678] ohci_hcd: USB 1.1 'Open' Host Controller (OHCI) Driver
[    1.593861] ohci-pci: OHCI PCI platform driver
[    1.598324] ohci-platform: OHCI generic platform driver
[    1.603605] ohci-exynos: OHCI EXYNOS driver
[    1.609283] tegra-xusb 70090000.usb: Direct firmware load for nvidia/tegra210/xusb.bin failed with error -2
[    1.619027] tegra-xusb 70090000.usb: failed to request firmware: -2
[    1.625293] tegra-xusb 70090000.usb: failed to load firmware: -2
[    1.632012] tegra-xusb: probe of 70090000.usb failed with error -2
[    1.638271] usbcore: registered new interface driver usb-storage
[    1.763379] max77686-rtc max77620-rtc: rtc core: registered max77620-rtc as rtc0
[    1.771312] tegra_rtc 7000e000.rtc: rtc core: registered 7000e000.rtc as rtc1
[    1.778466] tegra_rtc 7000e000.rtc: Tegra internal Real Time Clock
[    1.784725] i2c /dev entries driver
[    1.789593] (NULL device *): hwmon_device_register() is deprecated. Please convert the driver to use hwmon_device_register_with_info().
[    1.801815] bq27xxx-battery 2-0055: support ver. 1.2.0 enabled
[    1.824081] sdhci: Secure Digital Host Controller Interface driver
[    1.830293] sdhci: Copyright(c) Pierre Ossman
[    1.834852] Synopsys Designware Multimedia Card Interface Driver
[    1.841319] sdhci-pltfm: SDHCI platform and OF driver helper
[    1.855243] mmc0: Unknown controller version (3). You may experience problems.
[    1.906441] mmc0: SDHCI controller on 700b0600.sdhci [700b0600.sdhci] using ADMA 64-bit
[    1.918290] ledtrig-cpu: registered to indicate activity on CPUs
[    1.925139] usbcore: registered new interface driver usbhid
[    1.930797] usbhid: USB HID core driver
[    1.936035] NET: Registered protocol family 17
[    1.940616] 9pnet: Installing 9P2000 support
[    1.945047] Key type dns_resolver registered
[    1.952790] registered taskstats version 1
[    1.962335] tegra-i2c 7000d100.i2c: could not find pctldev for node /host1x@50000000/dpaux@545c0000/pinmux-i2c, deferring probe
[    1.974863] input: gpio-keys as /devices/platform/gpio-keys/input/input0
[    1.981811] tegra-i2c 7000d100.i2c: could not find pctldev for node /host1x@50000000/dpaux@545c0000/pinmux-i2c, deferring probe
[    1.992909] mmc0: new high speed MMC card at address 0001
[    1.993145] mmcblk0: mmc0:0001 BGND3R 29.1 GiB 
[    1.998724] mmcblk0boot0: mmc0:0001 BGND3R partition 1 4.00 MiB
[    1.998823] mmcblk0boot1: mmc0:0001 BGND3R partition 2 4.00 MiB
[    1.998918] mmcblk0rpmb: mmc0:0001 BGND3R partition 3 4.00 MiB
[    2.001302]  mmcblk0: p1 p2 p3 p4 p5 p6 p7 p8 p9 p10 p11
[    2.015064] max77686-rtc max77620-rtc: setting system clock to 2001-03-10 15:45:49 UTC (984239149)
[    2.015543] USBC_VBUS: disabling
[    2.015551] PP1200_AVDD: disabling
[    2.015607] PP1200_RCAM: disabling
[    2.015659] PP2800L_RCAM: disabling
[    2.015709] PP2800L_FCAM: disabling
[    2.015759] PP_LDO6: disabling
[    2.015810] PPLCD_VDD: disabling
[    2.015814] PP1800_LCDIO: disabling
[    2.015817] PP1800_CAM: disabling
[    2.015819] ALSA device list:
[    2.015821]   No soundcards found.
[    2.072085] Freeing unused kernel memory: 1088K
[    2.072098] tegra-i2c 7000d100.i2c: could not find pctldev for node /host1x@50000000/dpaux@545c0000/pinmux-i2c, deferring probe

System initialization...

Mounting /proc :[SUCCESS]
Mounting /sys :[SUCCESS]
Mounting /dev :[SUCCESS]
Mounting /dev/pts :[SUCCESS]
Mounting /sys/kernel/debug :[SUCCESS]
Mounting other filesystems :[SUCCESS]
Enabling hot-plug :[SUCCESS]
Populating /dev :[SUCCESS]
Starting syslogd :[SUCCESS]
Starting telnetd :[SUCCESS]

System initialization complete.

Please press Enter to activate this console. 