[0000.789] [TegraBoot] (version 23.00.2015.14-mobile-1ef66670)
[0000.794] Processing in cold boot mode Bootloader 2
[0000.799] A01Q Bootrom Patch rev = 3
[0000.802] Power-up reason: on button
[0000.806] No Battery Present
[0000.809] Platform has Ddr4 type ram
[0000.812] max77620 disabling SD1 Remote Sense
[0000.816] Setting Ddr voltage to 1125mv
[0000.821] Serial Number of Pmic Max77663: 0x40daf
[0000.828] Entering ramdump check
[0000.831] Get RamDumpCarveOut = 0x0
[0000.835] RamDumpCarveOut=0x0,  RamDumperFlag=0xe59ff3f8
[0000.840] Last reboot was clean, booting normally!
[0000.844] Sdram initialization is successful 
[0000.848] SecureOs Carveout Base=0xff800000 Size=0x00800000
[0000.854] GSC1 Carveout Base=0xff700000 Size=0x00100000
[0000.880] GSC2 Carveout Base=0xff600000 Size=0x00100000
[0000.906] GSC3 Carveout Base=0xff500000 Size=0x00100000
[0000.911] GSC4 Carveout Base=0xff400000 Size=0x00100000
[0000.916] GSC5 Carveout Base=0xff300000 Size=0x00100000
[0000.921] BpmpFw Carveout Base=0xff2c0000 Size=0x00040000
[0000.926] Lp0 Carveout Base=0xff2bf000 Size=0x00001000
[0000.942] RamDump Carveout Base=0xff23f000 Size=0x00080000
[0000.947] Platform-DebugCarveout: 0
[0000.950] Nck Carveout Base=0xff03f000 Size=0x00200000
[0000.999] Using GPT Primary to query partitions 
[0001.005] Loading Tboot-CPU binary
[0001.054] Verifying bootloader in OdmNonSecureSBK mode
[0001.064] Bootloader load address is 0xa0000000,                            entry address is 0xa0000258
[0001.073] Bootloader downloaded successfully.
[0001.077] Downloaded Tboot-CPU binary to 0xa0000258
[0001.082] MAX77620_GPIO1 Configured.
[0001.086] MAX77620_GPIO5 Configured.
[0001.090] CPU power rail is up
[0001.093] CPU clock enabled
[0001.096] Performing RAM repair
[0001.099] Updating A64 Warmreset Address to 0xa00002e9
[0001.120] Bootloader DTB Load Address: 0x83000000
[0001.137] Kernel DTB Load Address: 0x83080000
[0001.142] Loading cboot binary
[0001.237] Verifying bootloader in OdmNonSecureSBK mode
[0001.325] Bootloader load address is 0x8010fda8,                            entry address is 0x80110000
[0001.334] Bootloader downloaded successfully.
[0001.338] GPT: Partition NOT found ! 
[0001.341] Find Partition via GPT Failed
[0001.345] function NvTbootGetBinaryOffsets: 0x845208 error
[0001.350] Error in NvTbootLoadBinary: 0x845208 !
[0001.355] GPT: Partition NOT found ! 
[0001.358] No FB partition
[0001.361] Next binary entry address: 0x80110000 
[0001.365] BoardId: 2595
[0001.370] dram memory type is 3
[0001.376] WB0 init successful
[0001.402] Bpmp FW successfully loaded
[0001.406] Set NvDecSticky Bits
[0001.409] GSC1 address : ff700000
[0001.413] GSC2 address : ff600000
[0001.417] GSC3 address : ff500000
[0001.420] GSC4 address : ff400000
[0001.424] GSC5 address : ff300000
[0001.427] GSC MC Settings done
[0001.432] TOS old plaintext Image length 61440
[0001.439] *** Secure OS image signature not verified ***
[0001.444] Loading and Validation of Secure OS Successful
[0001.449] NvTbootPackSdramParams: start. 
[0001.454] NvTbootPackSdramParams: done. 
[0001.458] Tegraboot started after 782978 us
[0001.462] Basic modules init took 348476 us
[0001.466] Sec Bootdevice Read Time = 204 ms, Read Size = 8459 KB
[0001.471] Next stage binary read took 16082 us
[0001.476] Carveout took 253225 us
[0001.479] CPU initialization took 92301 us
[0001.483] Total time taken by TegraBoot 710084 us

[0001.487] Starting CPU & Halting co-processor 

64b[0001.623] LPDDR4 Training: Number of tables = 10
[0001.627] EMC Training (SRC-freq: 204000; DST-freq: 408000)
[0001.633] EMC Training Successful
[0001.636] EMC Training (SRC-freq: 204000; DST-freq: 665600)
[0001.642] EMC Training Successful
[0001.645] EMC Training (SRC-freq: 204000; DST-freq: 800000)
[0001.656] EMC Training Successful
[0001.660] EMC Training (SRC-freq: 204000; DST-freq: 1065600)
[0001.682] EMC Training Successful
[0001.685] EMC Training (SRC-freq: 204000; DST-freq: 1331200)
[0001.707] EMC Training Successful
[0001.710] EMC Training (SRC-freq: 204000; DST-freq: 1600000)
[0001.729] EMC Training Successful
[0001.733] Switching to 800000 KHz Success
[0001.766] LPDDR4 Training: Number of tables = 10


U-Boot 2015.07-rc2-g2ac3917 (Nov 09 2015 - 13:12:08 -0800)

TEGRA210
Model: NVIDIA P2371-0000
DRAM:  3 GiB
MC:   Tegra SD/MMC: 0, Tegra SD/MMC: 1
*** Warning - bad CRC, using default environment

In:    serial
Out:   serial
Err:   serial
Net:   Net Initialization Skipped
No ethernet found.
Hit any key to stop autoboot:  2  0 
Tegra210 (P2371-0000) # 
Tegra210 (P2371-0000) # ums 0 mmc 0
UMS: disk start sector: 0x0, count: 0x1d5a000
|/-\|/-\/-\|/-\/-\|/-\/-\|/-\/-\|/-\/-\|/-\/-\|/-\/-\|/-\/-\|CTRL+C - Operation aborted
Tegra210 (P2371-0000) # 
Tegra210 (P2371-0000) # env set fdt_copy_node_names /cpus:/psci
Tegra210 (P2371-0000) # setenv rootpart 1
Tegra210 (P2371-0000) # setenv devtype mmc
Tegra210 (P2371-0000) # setenv devnum 0
Tegra210 (P2371-0000) # part uuid ${devtype} ${devnum}:${rootpart} uuid
Tegra210 (P2371-0000) # setenv bootargs ignore_loglevel console=ttyS0,115200n8 earlycon=uart8250,mmio32,0x70006000 rw root=PARTUUID=00000000-0001-0000-788f-a75600000000 rootwait debug earlyprintk init=/bin/bash
Tegra210 (P2371-0000) # load ${devtype} ${devnum}:${rootpart} ${kernel_addr_r} /boot/Image.defconfig
15585792 bytes read in 809 ms (18.4 MiB/s)
Tegra210 (P2371-0000) # load ${devtype} ${devnum}:${rootpart} ${fdt_addr_r} /boot/tegra210-p2371-0000.dtb
45296 bytes read in 459 ms (95.7 KiB/s)
Tegra210 (P2371-0000) # load ${devtype} ${devnum}:${rootpart} ${ramdisk_addr_r} /boot/tegra-ramdisk.img
1627787 bytes read in 494 ms (3.1 MiB/s)
Tegra210 (P2371-0000) # ramdisk_size=${filesize}
Tegra210 (P2371-0000) # booti ${kernel_addr_r} - ${fdt_addr_r}
## Flattened Device Tree blob at 82000000
   Booting using the fdt blob at 0x82000000
   Using Device Tree in place at 0000000082000000, end 000000008200e0ef

Starting kernel ...

[    0.000000] Booting Linux on physical CPU 0x0
[    0.000000] Linux version 4.12.0-rc3-next-20170530-293319-g056c138 (jonathanh@tamien) (gcc version 4.9.2 20140904 (prerelease) (crosstool-NG linaro-1.13.1-4.9-2014.09 - Linaro GCC 4.9-2014.09) ) #1 SMP PREEMPT Tue May 30 07:46:36 PDT 2017
[    0.000000] Boot CPU: AArch64 Processor [411fd071]
[    0.000000] Machine model: NVIDIA Tegra210 P2371 (P2530/P2595) reference design
[    0.000000] debug: ignoring loglevel setting.
[    0.000000] earlycon: uart8250 at MMIO32 0x0000000070006000 (options '')
[    0.000000] bootconsole [uart8250] enabled
[    0.000000] efi: Getting EFI parameters from FDT:
[    0.000000] efi: UEFI not found.
[    0.000000] cma: Reserved 16 MiB at 0x00000000fe000000
[    0.000000] NUMA: No NUMA configuration found
[    0.000000] NUMA: Faking a node at [mem 0x0000000000000000-0x000000013fffffff]
[    0.000000] NUMA: Adding memblock [0x80000000 - 0xff1fffff] on node 0
[    0.000000] NUMA: Adding memblock [0x100000000 - 0x13fffffff] on node 0
[    0.000000] NUMA: Initmem setup node 0 [mem 0x80000000-0x13fffffff]
[    0.000000] NUMA: NODE_DATA [mem 0x13ffacb00-0x13ffae5ff]
[    0.000000] Zone ranges:
[    0.000000]   DMA      [mem 0x0000000080000000-0x00000000ffffffff]
[    0.000000]   Normal   [mem 0x0000000100000000-0x000000013fffffff]
[    0.000000] Movable zone start for each node
[    0.000000] Early memory node ranges
[    0.000000]   node   0: [mem 0x0000000080000000-0x00000000ff1fffff]
[    0.000000]   node   0: [mem 0x0000000100000000-0x000000013fffffff]
[    0.000000] Initmem setup node 0 [mem 0x0000000080000000-0x000000013fffffff]
[    0.000000] On node 0 totalpages: 782848
[    0.000000]   DMA zone: 8192 pages used for memmap
[    0.000000]   DMA zone: 0 pages reserved
[    0.000000]   DMA zone: 520704 pages, LIFO batch:31
[    0.000000]   Normal zone: 4096 pages used for memmap
[    0.000000]   Normal zone: 262144 pages, LIFO batch:31
[    0.000000] psci: probing for conduit method from DT.
[    0.000000] psci: PSCIv0.2 detected in firmware.
[    0.000000] psci: Using standard PSCI v0.2 function IDs
[    0.000000] psci: MIGRATE_INFO_TYPE not supported.
[    0.000000] percpu: Embedded 24 pages/cpu @ffff8000bff49000 s59776 r8192 d30336 u98304
[    0.000000] pcpu-alloc: s59776 r8192 d30336 u98304 alloc=24*4096
[    0.000000] pcpu-alloc: [0] 0 [0] 1 [0] 2 [0] 3 
[    0.000000] Detected PIPT I-cache on CPU0
[    0.000000] CPU features: enabling workaround for ARM erratum 832075
[    0.000000] CPU features: enabling workaround for ARM erratum 834220
[    0.000000] Built 1 zonelists in Node order, mobility grouping on.  Total pages: 770560
[    0.000000] Policy zone: Normal
[    0.000000] Kernel command line: ignore_loglevel console=ttyS0,115200n8 earlycon=uart8250,mmio32,0x70006000 rw root=PARTUUID=00000000-0001-0000-788f-a75600000000 rootwait debug earlyprintk init=/bin/bash
[    0.000000] PID hash table entries: 4096 (order: 3, 32768 bytes)
[    0.000000] software IO TLB [mem 0xfa000000-0xfe000000] (64MB) mapped at [ffff80007a000000-ffff80007dffffff]
[    0.000000] Memory: 2983452K/3131392K available (8828K kernel code, 1076K rwdata, 4260K rodata, 1024K init, 397K bss, 131556K reserved, 16384K cma-reserved)
[    0.000000] Virtual kernel memory layout:
[    0.000000]     modules : 0xffff000000000000 - 0xffff000008000000   (   128 MB)
[    0.000000]     vmalloc : 0xffff000008000000 - 0xffff7dffbfff0000   (129022 GB)
[    0.000000]       .text : 0xffff000008080000 - 0xffff000008920000   (  8832 KB)
[    0.000000]     .rodata : 0xffff000008920000 - 0xffff000008d50000   (  4288 KB)
[    0.000000]       .init : 0xffff000008d50000 - 0xffff000008e50000   (  1024 KB)
[    0.000000]       .data : 0xffff000008e50000 - 0xffff000008f5d200   (  1077 KB)
[    0.000000]        .bss : 0xffff000008f5d200 - 0xffff000008fc06c0   (   398 KB)
[    0.000000]     fixed   : 0xffff7dfffe7fd000 - 0xffff7dfffec00000   (  4108 KB)
[    0.000000]     PCI I/O : 0xffff7dfffee00000 - 0xffff7dffffe00000   (    16 MB)
[    0.000000]     vmemmap : 0xffff7e0000000000 - 0xffff800000000000   (  2048 GB maximum)
[    0.000000]               0xffff7e0000000000 - 0xffff7e0003000000   (    48 MB actual)
[    0.000000]     memory  : 0xffff800000000000 - 0xffff8000c0000000   (  3072 MB)
[    0.000000] SLUB: HWalign=64, Order=0-3, MinObjects=0, CPUs=4, Nodes=1
[    0.000000] Preemptible hierarchical RCU implementation.
[    0.000000] 	RCU restricting CPUs from NR_CPUS=64 to nr_cpu_ids=4.
[    0.000000] 	Tasks RCU enabled.
[    0.000000] RCU: Adjusting geometry for rcu_fanout_leaf=16, nr_cpu_ids=4
[    0.000000] NR_IRQS: 64, nr_irqs: 64, preallocated irqs: 0
[    0.000000] GIC: Using split EOI/Deactivate mode
[    0.000000] /interrupt-controller@60004000: 192 interrupts forwarded to /interrupt-controller@50041000
[    0.000000] boot misc1 0x0: expected 0x20
[    0.000000]  (comparison mask = 0xffffff)
[    0.000000] PLL_X already enabled. Postponing set full defaults
[    0.000000] arch_timer: cp15 timer(s) running at 19.20MHz (phys).
[    0.000000] clocksource: arch_sys_counter: mask: 0xffffffffffffff max_cycles: 0x46d987e47, max_idle_ns: 440795202767 ns
[    0.000005] sched_clock: 56 bits at 19MHz, resolution 52ns, wraps every 4398046511078ns
[    0.008445] Console: colour dummy device 80x25
[    0.013079] Calibrating delay loop (skipped), value calculated using timer frequency.. 38.40 BogoMIPS (lpj=76800)
[    0.023689] pid_max: default: 32768 minimum: 301
[    0.028532] Security Framework initialized
[    0.035296] Dentry cache hash table entries: 524288 (order: 10, 4194304 bytes)
[    0.044037] Inode-cache hash table entries: 262144 (order: 9, 2097152 bytes)
[    0.051383] Mount-cache hash table entries: 8192 (order: 4, 65536 bytes)
[    0.058347] Mountpoint-cache hash table entries: 8192 (order: 4, 65536 bytes)
[    0.081799] ASID allocator initialised with 65536 entries
[    0.087455] Hierarchical SRCU implementation.
[    0.100928] Speedo Revision 4
[    0.104016] Tegra Revision: A01 SKU: 1 CPU Process: -22 SoC Process: -22
[    0.111850] EFI services will not be available.
[    0.132584] smp: Bringing up secondary CPUs ...
[    0.169417] Detected PIPT I-cache on CPU1
[    0.169458] CPU1: Booted secondary processor [411fd071]
[    0.201481] Detected PIPT I-cache on CPU2
[    0.201513] CPU2: Booted secondary processor [411fd071]
[    0.233552] Detected PIPT I-cache on CPU3
[    0.233583] CPU3: Booted secondary processor [411fd071]
[    0.233647] smp: Brought up 1 node, 4 CPUs
[    0.266526] SMP: Total of 4 processors activated.
[    0.271391] CPU features: detected feature: 32-bit EL0 Support
[    0.277582] CPU: All CPU(s) started at EL2
[    0.281836] alternatives: patching kernel code
[    0.290603] devtmpfs: initialized
[    0.301498] DMI not present or invalid.
[    0.305656] clocksource: jiffies: mask: 0xffffffff max_cycles: 0xffffffff, max_idle_ns: 7645041785100000 ns
[    0.315780] futex hash table entries: 1024 (order: 5, 131072 bytes)
[    0.322742] pinctrl core: initialized pinctrl subsystem
[    0.329965] NET: Registered protocol family 16
[    0.338619] cpuidle: using governor menu
[    0.343380] vdso: 2 pages (1 code @ ffff000008927000, 1 data @ ffff000008e55000)
[    0.351087] hw-breakpoint: found 6 breakpoint and 4 watchpoint registers.
[    0.359049] DMA: preallocated 256 KiB pool for atomic allocations
[    0.366767] Serial: AMBA PL011 UART driver
[    0.392061] HugeTLB registered 2 MB page size, pre-allocated 0 pages
[    0.399916] ACPI: Interpreter disabled.
[    0.404401] vgaarb: loaded
[    0.407419] SCSI subsystem initialized
[    0.412192] libata version 3.00 loaded.
[    0.416452] usbcore: registered new interface driver usbfs
[    0.422194] usbcore: registered new interface driver hub
[    0.427754] usbcore: registered new device driver usb
[    0.433923] pps_core: LinuxPPS API ver. 1 registered
[    0.439068] pps_core: Software ver. 5.3.6 - Copyright 2005-2007 Rodolfo Giometti <giometti@linux.it>
[    0.448537] PTP clock support registered
[    0.452777] dmi: Firmware registration failed.
[    0.457544] Advanced Linux Sound Architecture Driver Initialized.
[    0.464466] clocksource: Switched to clocksource arch_sys_counter
[    0.470907] VFS: Disk quotas dquot_6.6.0
[    0.475025] VFS: Dquot-cache hash table entries: 512 (order 0, 4096 bytes)
[    0.482314] pnp: PnP ACPI: disabled
[    0.492722] NET: Registered protocol family 2
[    0.497735] TCP established hash table entries: 32768 (order: 6, 262144 bytes)
[    0.505530] TCP bind hash table entries: 32768 (order: 7, 524288 bytes)
[    0.512660] TCP: Hash tables configured (established 32768 bind 32768)
[    0.519543] UDP hash table entries: 2048 (order: 4, 65536 bytes)
[    0.525825] UDP-Lite hash table entries: 2048 (order: 4, 65536 bytes)
[    0.532643] NET: Registered protocol family 1
[    0.537444] RPC: Registered named UNIX socket transport module.
[    0.543590] RPC: Registered udp transport module.
[    0.548482] RPC: Registered tcp transport module.
[    0.553356] RPC: Registered tcp NFSv4.1 backchannel transport module.
[    0.560028] PCI: CLS 0 bytes, default 128
[    0.564765] kvm [1]: 8-bit VMID
[    0.568012] kvm [1]: IDMAP page: 80915000
[    0.572173] kvm [1]: HYP VA range: 800000000000:ffffffffffff
[    0.578856] kvm [1]: Hyp mode initialized successfully
[    0.584223] kvm [1]: vgic-v2@50044000
[    0.588126] kvm [1]: vgic interrupt IRQ1
[    0.592199] kvm [1]: virtual timer IRQ4
[    0.598369] audit: initializing netlink subsys (disabled)
[    0.604071] audit: type=2000 audit(0.535:1): state=initialized audit_enabled=0 res=1
[    0.604312] workingset: timestamp_bits=44 max_order=20 bucket_order=0
[    0.610962] squashfs: version 4.0 (2009/01/31) Phillip Lougher
[    0.611532] NFS: Registering the id_resolver key type
[    0.611554] Key type id_resolver registered
[    0.611556] Key type id_legacy registered
[    0.611567] nfs4filelayout_init: NFSv4 File Layout Driver Registering...
[    0.611714] 9p: Installing v9fs 9p2000 file system support
[    0.613936] Block layer SCSI generic (bsg) driver version 0.4 loaded (major 247)
[    0.613943] io scheduler noop registered
[    0.614134] io scheduler cfq registered (default)
[    0.614139] io scheduler mq-deadline registered
[    0.614143] io scheduler kyber registered
[    0.631093] tegra-apbdma 60020000.dma: Tegra20 APB DMA driver register 32 channels
[    0.632210] tegra-pmc 7000e400.pmc: i2c-thermtrip node not found, emergency thermal reset disabled.
[    0.632846] xenfs: not registering filesystem on non-xen platform
[    0.636178] Serial: 8250/16550 driver, 4 ports, IRQ sharing enabled
[    0.637769] console [ttyS0] disabled
[    0.710360] 70006000.serial: ttyS0 at MMIO 0x70006000 (irq = 313, base_baud = 25500000) is a Tegra
[    0.719681] console [ttyS0] enabled
[    0.719681] console [ttyS0] enabled
[    0.726769] bootconsole [uart8250] disabled
[    0.726769] bootconsole [uart8250] disabled
[    0.735652] SuperH (H)SCI(F) driver initialized
[    0.740442] msm_serial: driver initialized
[    0.745026] cacheinfo: Unable to detect cache hierarchy for CPU 0
[    0.757215] loop: module loaded
[    0.760974] hisi_sas: driver version v1.6
[    0.766940] libphy: Fixed MDIO Bus: probed
[    0.771536] tun: Universal TUN/TAP device driver, 1.6
[    0.777325] e1000e: Intel(R) PRO/1000 Network Driver - 3.2.6-k
[    0.783206] e1000e: Copyright(c) 1999 - 2015 Intel Corporation.
[    0.789175] igb: Intel(R) Gigabit Ethernet Network Driver - version 5.4.0-k
[    0.796139] igb: Copyright (c) 2007-2014 Intel Corporation.
[    0.801755] igbvf: Intel(R) Gigabit Virtual Function Network Driver - version 2.4.0-k
[    0.809586] igbvf: Copyright (c) 2009 - 2012 Intel Corporation.
[    0.815752] sky2: driver version 1.30
[    0.819806] VFIO - User Level meta-driver version: 0.3
[    0.825896] ehci_hcd: USB 2.0 'Enhanced' Host Controller (EHCI) Driver
[    0.832428] ehci-pci: EHCI PCI platform driver
[    0.836917] ehci-platform: EHCI generic platform driver
[    0.842226] ehci-orion: EHCI orion driver
[    0.846307] ehci-exynos: EHCI EXYNOS driver
[    0.850558] ehci-msm: Qualcomm On-Chip EHCI Host Controller
[    0.856193] ohci_hcd: USB 1.1 'Open' Host Controller (OHCI) Driver
[    0.862380] ohci-pci: OHCI PCI platform driver
[    0.866867] ohci-platform: OHCI generic platform driver
[    0.872160] ohci-exynos: OHCI EXYNOS driver
[    0.876695] usbcore: registered new interface driver usb-storage
[    0.884223] tegra_rtc 7000e000.rtc: rtc core: registered 7000e000.rtc as rtc1
[    0.891400] tegra_rtc 7000e000.rtc: Tegra internal Real Time Clock
[    0.897708] i2c /dev entries driver
[    0.903184] sdhci: Secure Digital Host Controller Interface driver
[    0.909373] sdhci: Copyright(c) Pierre Ossman
[    0.913928] Synopsys Designware Multimedia Card Interface Driver
[    0.920471] sdhci-pltfm: SDHCI platform and OF driver helper
[    0.934467] mmc0: Unknown controller version (3). You may experience problems.
[    0.984523] mmc0: SDHCI controller on 700b0600.sdhci [700b0600.sdhci] using ADMA 64-bit
[    0.996414] ledtrig-cpu: registered to indicate activity on CPUs
[    1.003478] usbcore: registered new interface driver usbhid
[    1.009081] usbhid: USB HID core driver
[    1.014450] NET: Registered protocol family 17
[    1.019051] 9pnet: Installing 9P2000 support
[    1.024507] Key type dns_resolver registered
[    1.031437] registered taskstats version 1
[    1.043878] hctosys: unable to open rtc device (rtc0)
[    1.049481] ALSA device list:
[    1.052444]   No soundcards found.
[    1.056085] Waiting for root device PARTUUID=00000000-0001-0000-788f-a75600000000...
[    1.092943] mmc0: new high speed MMC card at address 0001
[    1.098737] mmcblk0: mmc0:0001 SDW16G 14.7 GiB 
[    1.103470] mmcblk0boot0: mmc0:0001 SDW16G partition 1 4.00 MiB
[    1.113606] mmcblk0boot1: mmc0:0001 SDW16G partition 2 4.00 MiB
[    1.123737] mmcblk0rpmb: mmc0:0001 SDW16G partition 3 4.00 MiB
[    1.132710]  mmcblk0: p1 p2 p3 p4 p5 p6 p7 p8 p9 p10 p11 p12 p13 p14 p15 p16 p17 p18
[    1.158839] EXT4-fs (mmcblk0p1): couldn't mount as ext3 due to feature incompatibilities
[    1.183049] EXT4-fs (mmcblk0p1): mounted filesystem with ordered data mode. Opts: (null)
[    1.191169] VFS: Mounted root (ext4 filesystem) on device 179:1.
[    1.202303] devtmpfs: mounted
[    1.205894] Freeing unused kernel memory: 1024K
bash: cannot set terminal process group (-1): Inappropriate ioctl for device
bash: no job contr[    1.363721] random: fast init done
ol in this shell
root@(none):/# 