
U-Boot SPL 2015.04-rc3-00209-ga74ef40 (Mar 16 2015 - 14:43:39)


U-Boot 2015.04-rc3-00209-ga74ef40 (Mar 16 2015 - 14:43:39)

TEGRA20
Model: Compulab TrimSlice board
DRAM:  1 GiB
MMC:   Tegra SD/MMC: 0, Tegra SD/MMC: 1
SF: Detected W25Q80BL with page size 256 Bytes, erase size 4 KiB, total 1 MiB
tegra-pcie: PCI regions:
tegra-pcie:   I/O: 0x82000000-0x82010000
tegra-pcie:   non-prefetchable memory: 0xa0000000-0xa8000000
tegra-pcie:   prefetchable memory: 0xa8000000-0xc0000000
tegra-pcie: dual-mode configuration
tegra-pcie: probing port 0, using 2 lanes
In:    serial
Out:   serial
Err:   serial
Net:   RTL8169#0
Hit any key to stop autoboot:  2  0 
Tegra20 (TrimSlice) # 
Tegra20 (TrimSlice) # usb reset
resetting USB...
USB0:   USB EHCI 1.00
scanning bus 0 for devices... 3 USB Device(s) found
USB1:   USB EHCI 1.00
scanning bus 1 for devices... 1 USB Device(s) found
USB2:   lowlevel init failed
       scanning usb for storage devices... 0 Storage Device(s) found
       scanning usb for ethernet devices... 
Warning: asx0 using MAC address from net device
1 Ethernet Device(s) found
Tegra20 (TrimSlice) # setenv bootargs 'ignore_loglevel console=ttyS0,115200n8 rw root=/dev/mmcblk0p1 rootwait gpt debug noinitrd earlyprintk init=/bin/bash'
Tegra20 (TrimSlice) # setenv ipaddr 192.168.100.103; setenv serverip 192.168.100.1; setenv tftpserverip 192.168.100.1
Tegra20 (TrimSlice) # tftpboot 0x00408000 zImage.multi_v7_defconfig
Using RTL8169#0 device
TFTP from server 192.168.100.1; our IP address is 192.168.100.103
Filename 'zImage.multi_v7_defconfig'.
Load address: 0x408000
Loading: *#################################################################
	 #################################################################
	 #################################################################
	 #################################################################
	 #################################################################
	 #################################################################
	 ###############################################
	 4 MiB/s
done
Bytes transferred = 6401640 (61ae68 hex)
Tegra20 (TrimSlice) # tftpboot 0x02408000 tegra20-trimslice.dtb
Using RTL8169#0 device
TFTP from server 192.168.100.1; our IP address is 192.168.100.103
Filename 'tegra20-trimslice.dtb'.
Load address: 0x2408000
Loading: *##
	 3.4 MiB/s
done
Bytes transferred = 21202 (52d2 hex)
Tegra20 (TrimSlice) # bootz 0x00408000 - 0x02408000
Kernel image @ 0x408000 [ 0x000000 - 0x61ae68 ]
## Flattened Device Tree blob at 02408000
   Booting using the fdt blob at 0x2408000
   Using Device Tree in place at 02408000, end 024102d1

Starting kernel ...

[    0.000000] Booting Linux on physical CPU 0x0
[    0.000000] Linux version 4.2.0-38352-g4e4adb2 (pwalmsley@sellafield) (gcc version 4.7.3 20130328 (prerelease) (crosstool-NG linaro-1.13.1-4.7-2013.04-20130415 - Linaro GCC 2013.04) ) #1 SMP Tue Sep 8 01:35:02 PDT 2015
[    0.000000] CPU: ARMv7 Processor [411fc090] revision 0 (ARMv7), cr=10c5387d
[    0.000000] CPU: PIPT / VIPT nonaliasing data cache, VIPT aliasing instruction cache
[    0.000000] Machine model: Compulab TrimSlice board
[    0.000000] debug: ignoring loglevel setting.
[    0.000000] cma: Reserved 64 MiB at 0x3c000000
[    0.000000] Memory policy: Data cache writealloc
[    0.000000] On node 0 totalpages: 262144
[    0.000000] free_area_init_node: node 0, pgdat c0f6b200, node_mem_map eeff8000
[    0.000000]   DMA zone: 1520 pages used for memmap
[    0.000000]   DMA zone: 0 pages reserved
[    0.000000]   DMA zone: 194560 pages, LIFO batch:31
[    0.000000]   HighMem zone: 67584 pages, LIFO batch:15
[    0.000000] PERCPU: Embedded 11 pages/cpu @eefcc000 s14976 r8192 d21888 u45056
[    0.000000] pcpu-alloc: s14976 r8192 d21888 u45056 alloc=11*4096
[    0.000000] pcpu-alloc: [0] 0 [0] 1 
[    0.000000] Built 1 zonelists in Zone order, mobility grouping on.  Total pages: 260624
[    0.000000] Kernel command line: ignore_loglevel console=ttyS0,115200n8 rw root=/dev/mmcblk0p1 rootwait gpt debug noinitrd earlyprintk init=/bin/bash
[    0.000000] PID hash table entries: 4096 (order: 2, 16384 bytes)
[    0.000000] Dentry cache hash table entries: 131072 (order: 7, 524288 bytes)
[    0.000000] Inode-cache hash table entries: 65536 (order: 6, 262144 bytes)
[    0.000000] Memory: 959756K/1048576K available (8062K kernel code, 1012K rwdata, 3616K rodata, 1020K init, 340K bss, 23284K reserved, 65536K cma-reserved, 204800K highmem)
[    0.000000] Virtual kernel memory layout:
[    0.000000]     vector  : 0xffff0000 - 0xffff1000   (   4 kB)
[    0.000000]     fixmap  : 0xffc00000 - 0xfff00000   (3072 kB)
[    0.000000]     vmalloc : 0xf0000000 - 0xff000000   ( 240 MB)
[    0.000000]     lowmem  : 0xc0000000 - 0xef800000   ( 760 MB)
[    0.000000]     pkmap   : 0xbfe00000 - 0xc0000000   (   2 MB)
[    0.000000]     modules : 0xbf000000 - 0xbfe00000   (  14 MB)
[    0.000000]       .text : 0xc0208000 - 0xc0d70bb4   (11683 kB)
[    0.000000]       .init : 0xc0d71000 - 0xc0e70000   (1020 kB)
[    0.000000]       .data : 0xc0e70000 - 0xc0f6d1c0   (1013 kB)
[    0.000000]        .bss : 0xc0f70000 - 0xc0fc52e8   ( 341 kB)
[    0.000000] SLUB: HWalign=64, Order=0-3, MinObjects=0, CPUs=2, Nodes=1
[    0.000000] Hierarchical RCU implementation.
[    0.000000] 	Build-time adjustment of leaf fanout to 32.
[    0.000000] 	RCU restricting CPUs from NR_CPUS=16 to nr_cpu_ids=2.
[    0.000000] RCU: Adjusting geometry for rcu_fanout_leaf=32, nr_cpu_ids=2
[    0.000000] NR_IRQS:16 nr_irqs:16 16
[    0.000000] /interrupt-controller@60004000: 128 interrupts forwarded to /interrupt-controller@50041000
[    0.000000] L2C: platform modifies aux control register: 0x02080000 -> 0x3e480001
[    0.000000] L2C: DT/platform modifies aux control register: 0x02080000 -> 0x3e480001
[    0.000000] L2C-310 errata 727915 769419 enabled
[    0.000000] L2C-310 enabling early BRESP for Cortex-A9
[    0.000000] L2C-310: enabling full line of zeros but not enabled in Cortex-A9
[    0.000000] L2C-310 ID prefetch enabled, offset 1 lines
[    0.000000] L2C-310 cache controller enabled, 8 ways, 1024 kB
[    0.000000] L2C-310: CACHE_ID 0x410000c4, AUX_CTRL 0x7e480001
[    0.000010] sched_clock: 32 bits at 1000kHz, resolution 1000ns, wraps every 2147483647500ns
[    0.000027] clocksource: timer_us: mask: 0xffffffff max_cycles: 0xffffffff, max_idle_ns: 1911260446275 ns
[    0.000037] Switching to timer-based delay loop, resolution 1000ns
[    0.001503] Console: colour dummy device 80x30
[    0.001523] Calibrating delay loop (skipped), value calculated using timer frequency.. 2.00 BogoMIPS (lpj=5000)
[    0.001534] pid_max: default: 32768 minimum: 301
[    0.001618] Mount-cache hash table entries: 2048 (order: 1, 8192 bytes)
[    0.001626] Mountpoint-cache hash table entries: 2048 (order: 1, 8192 bytes)
[    0.002085] CPU: Testing write buffer coherency: ok
[    0.002261] CPU0: thread -1, cpu 0, socket 0, mpidr 80000000
[    0.002303] Setting up static identity map for 0x209000 - 0x209098
[    0.003734] Tegra Revision: A03 prime SKU: 8 CPU Process: 1 SoC Process: 2
[    0.004674] CPU1: thread -1, cpu 1, socket 0, mpidr 80000001
[    0.004728] Brought up 2 CPUs
[    0.004740] SMP: Total of 2 processors activated (4.00 BogoMIPS).
[    0.004745] CPU: All CPU(s) started in SVC mode.
[    0.005411] devtmpfs: initialized
[    0.009665] VFP support v0.3: implementor 41 architecture 3 part 30 variant 9 rev 1
[    0.010083] clocksource: jiffies: mask: 0xffffffff max_cycles: 0xffffffff, max_idle_ns: 9556302231375000 ns
[    0.013299] pinctrl core: initialized pinctrl subsystem
[    0.014472] NET: Registered protocol family 16
[    0.016482] DMA: preallocated 256 KiB pool for atomic coherent allocations
[    0.029935] cpuidle: using governor ladder
[    0.044932] cpuidle: using governor menu
[    0.049017] gpiochip_add: GPIOs 0..223 (tegra-gpio) failed to register
[    0.054591] No ATAGs?
[    0.054617] hw-breakpoint: found 5 (+1 reserved) breakpoint and 1 watchpoint registers.
[    0.054624] hw-breakpoint: maximum watchpoint size is 4 bytes.
[    0.057477] Serial: AMBA PL011 UART driver
[    0.086837] vgaarb: loaded
[    0.087436] SCSI subsystem initialized
[    0.087568] libata version 3.00 loaded.
[    0.087796] usbcore: registered new interface driver usbfs
[    0.087844] usbcore: registered new interface driver hub
[    0.087885] usbcore: registered new device driver usb
[    0.089929] pps_core: LinuxPPS API ver. 1 registered
[    0.089937] pps_core: Software ver. 5.3.6 - Copyright 2005-2007 Rodolfo Giometti <giometti@linux.it>
[    0.089960] PTP clock support registered
[    0.090132] EDAC MC: Ver: 3.0.0
[    0.092058] clocksource: Switched to clocksource timer_us
[    0.100229] NET: Registered protocol family 2
[    0.100651] TCP established hash table entries: 8192 (order: 3, 32768 bytes)
[    0.100725] TCP bind hash table entries: 8192 (order: 4, 65536 bytes)
[    0.100830] TCP: Hash tables configured (established 8192 bind 8192)
[    0.100906] UDP hash table entries: 512 (order: 2, 16384 bytes)
[    0.100953] UDP-Lite hash table entries: 512 (order: 2, 16384 bytes)
[    0.101116] NET: Registered protocol family 1
[    0.101348] RPC: Registered named UNIX socket transport module.
[    0.101356] RPC: Registered udp transport module.
[    0.101361] RPC: Registered tcp transport module.
[    0.101366] RPC: Registered tcp NFSv4.1 backchannel transport module.
[    0.101388] PCI: CLS 0 bytes, default 64
[    0.102208] hw perfevents: enabled with armv7_cortex_a9 PMU driver, 7 counters available
[    0.103249] futex hash table entries: 512 (order: 3, 32768 bytes)
[    0.111692] squashfs: version 4.0 (2009/01/31) Phillip Lougher
[    0.112418] NFS: Registering the id_resolver key type
[    0.112448] Key type id_resolver registered
[    0.112454] Key type id_legacy registered
[    0.112510] ntfs: driver 2.1.32 [Flags: R/O].
[    0.113596] bounce: pool size: 64 pages
[    0.113774] Block layer SCSI generic (bsg) driver version 0.4 loaded (major 249)
[    0.113789] io scheduler noop registered
[    0.113800] io scheduler deadline registered
[    0.113831] io scheduler cfq registered (default)
[    0.123015] tegra-pcie 80003000.pcie-controller: dual-mode configuration
[    0.123574] tegra-pcie 80003000.pcie-controller: probing port 0, using 2 lanes
[    0.207510] tegra-pcie 80003000.pcie-controller: PCI host bridge to bus 0000:00
[    0.207523] pci_bus 0000:00: root bus resource [mem 0xa0000000-0xa7ffffff]
[    0.207533] pci_bus 0000:00: root bus resource [mem 0xa8000000-0xbfffffff pref]
[    0.207542] pci_bus 0000:00: root bus resource [bus 00-ff]
[    0.207550] pci_bus 0000:00: root bus resource [io  0x1000-0xffff]
[    0.207576] pci 0000:00:01.0: [10de:0bf0] type 01 class 0x060000
[    0.207610] pci 0000:00:01.0: IOMMU is currently not supported for PCI
[    0.207640] pci 0000:00:01.0: PME# supported from D0 D1 D2 D3hot D3cold
[    0.207829] PCI: bus0: Fast back to back transfers disabled
[    0.207840] pci 0000:00:01.0: bridge configuration invalid ([bus 00-00]), reconfiguring
[    0.207938] pci 0000:00:01.0: PCI bridge to [bus 01-ff]
[    0.207950] pci 0000:00:01.0:   bridge window [io  0x0000-0x0fff]
[    0.207994] pci 0000:01:00.0: [10ec:8168] type 00 class 0x020000
[    0.208030] pci 0000:01:00.0: reg 0x10: [io  0x0000-0x00ff]
[    0.208053] pci 0000:01:00.0: reg 0x18: [mem 0x00000000-0x00000fff 64bit pref]
[    0.208070] pci 0000:01:00.0: reg 0x20: [mem 0x00000000-0x00003fff 64bit pref]
[    0.208083] pci 0000:01:00.0: reg 0x30: [mem 0x00000000-0x0001ffff pref]
[    0.208099] pci 0000:01:00.0: IOMMU is currently not supported for PCI
[    0.208143] pci 0000:01:00.0: supports D1 D2
[    0.208151] pci 0000:01:00.0: PME# supported from D0 D1 D2 D3hot D3cold
[    0.217090] PCI: bus1: Fast back to back transfers disabled
[    0.217103] pci_bus 0000:01: busn_res: [bus 01-ff] end is updated to 01
[    0.217114] Disabling cpuidle LP2 state, since PCIe IRQs are in use
[    0.217168] pci 0000:00:01.0: BAR 8: assigned [mem 0xa0000000-0xa00fffff]
[    0.217180] pci 0000:00:01.0: BAR 9: assigned [mem 0xa8000000-0xa80fffff 64bit pref]
[    0.217190] pci 0000:00:01.0: BAR 7: assigned [io  0x1000-0x1fff]
[    0.217202] pci 0000:01:00.0: BAR 6: assigned [mem 0xa0000000-0xa001ffff pref]
[    0.217212] pci 0000:01:00.0: BAR 4: assigned [mem 0xa8000000-0xa8003fff 64bit pref]
[    0.217229] pci 0000:01:00.0: BAR 2: assigned [mem 0xa8004000-0xa8004fff 64bit pref]
[    0.217245] pci 0000:01:00.0: BAR 0: assigned [io  0x1000-0x10ff]
[    0.217255] pci 0000:00:01.0: PCI bridge to [bus 01]
[    0.217263] pci 0000:00:01.0:   bridge window [io  0x1000-0x1fff]
[    0.217272] pci 0000:00:01.0:   bridge window [mem 0xa0000000-0xa00fffff]
[    0.217280] pci 0000:00:01.0:   bridge window [mem 0xa8000000-0xa80fffff 64bit pref]
[    0.217300] pci 0000:00:01.0: nv_msi_ht_cap_quirk didn't locate host bridge
[    0.217366] pcieport 0000:00:01.0: enabling device (0140 -> 0143)
[    0.217510] pcieport 0000:00:01.0: Signaling PME through PCIe PME interrupt
[    0.217519] pci 0000:01:00.0: Signaling PME through PCIe PME interrupt
[    0.217529] pcie_pme 0000:00:01.0:pcie01: service driver pcie_pme loaded
[    0.221281] tegra-apbdma 6000a000.dma: Tegra20 APB DMA driver register 16 channels
[    0.267402] Serial: 8250/16550 driver, 4 ports, IRQ sharing disabled
[    0.269287] SuperH (H)SCI(F) driver initialized
[    0.270000] msm_serial: driver initialized
[    0.270666] console [ttyS0] disabled
[    0.270699] 70006000.serial: ttyS0 at MMIO 0x70006000 (irq = 55, base_baud = 13500000) is a Tegra
[    1.236686] console [ttyS0] enabled
[    1.240764] STMicroelectronics ASC driver initialized
[    1.247479] [drm] Initialized drm 1.1.0 20060810
[    1.253800] 54280000.hdmi supply hdmi not found, using dummy regulator
[    1.262896] [drm] Supports vblank timestamp caching Rev 2 (21.10.2013).
[    1.269502] [drm] No driver support for vblank timestamp query.
[    1.275434] drm drm: No connectors reported connected with modes
[    1.281438] [drm] Cannot find any crtc or sizes - going 1024x768
[    1.303446] Console: switching to colour frame buffer device 128x48
[    1.318109] drm drm: fb0:  frame buffer device
[    1.337063] [drm] Initialized tegra 0.0.0 20120330 on minor 0
[    1.348039] loop: module loaded
[    1.355881] m25p80 spi32766.0: found s25fl008k, expected w25q80bl
[    1.361987] m25p80 spi32766.0: s25fl008k (1024 Kbytes)
[    1.369525] CAN device driver interface
[    1.374308] igb: Intel(R) Gigabit Ethernet Network Driver - version 5.3.0-k
[    1.381267] igb: Copyright (c) 2007-2014 Intel Corporation.
[    1.387410] r8169 Gigabit Ethernet driver 2.3LK-NAPI loaded
[    1.393006] r8169 0000:01:00.0: enabling device (0140 -> 0143)
[    1.399467] r8169 0000:01:00.0 eth0: RTL8168d/8111d at 0xf005e000, 00:01:c0:13:7d:63, XID 081000c0 IRQ 72
[    1.409036] r8169 0000:01:00.0 eth0: jumbo features [frames: 9200 bytes, tx checksumming: ko]
[    1.419279] pegasus: v0.9.3 (2013/04/25), Pegasus/Pegasus II USB Ethernet driver
[    1.426743] usbcore: registered new interface driver pegasus
[    1.432456] usbcore: registered new interface driver asix
[    1.437893] usbcore: registered new interface driver ax88179_178a
[    1.444024] usbcore: registered new interface driver cdc_ether
[    1.449908] usbcore: registered new interface driver smsc75xx
[    1.455706] usbcore: registered new interface driver smsc95xx
[    1.461488] usbcore: registered new interface driver net1080
[    1.467198] usbcore: registered new interface driver cdc_subset
[    1.473156] usbcore: registered new interface driver zaurus
[    1.478795] usbcore: registered new interface driver cdc_ncm
[    1.484726] tegra-phy c5004000.usb-phy: invalid gpio: -517
[    1.490276] tegra-phy c5008000.usb-phy: no vbus regulator
[    1.498167] ehci_hcd: USB 2.0 'Enhanced' Host Controller (EHCI) Driver
[    1.504700] ehci-pci: EHCI PCI platform driver
[    1.509186] ehci-platform: EHCI generic platform driver
[    1.514569] ehci-omap: OMAP-EHCI Host Controller driver
[    1.519901] ehci-orion: EHCI orion driver
[    1.524027] SPEAr-ehci: EHCI SPEAr driver
[    1.528148] ehci-st: EHCI STMicroelectronics driver
[    1.533134] ehci-exynos: EHCI EXYNOS driver
[    1.537442] ehci-atmel: EHCI Atmel driver
[    1.541544] tegra-ehci: Tegra EHCI driver
[    1.548433] tegra-ehci c5008000.usb: EHCI Host Controller
[    1.553848] tegra-ehci c5008000.usb: new USB bus registered, assigned bus number 1
[    1.561735] tegra-ehci c5008000.usb: irq 66, io mem 0xc5008000
[    1.577073] tegra-ehci c5008000.usb: USB 2.0 started, EHCI 1.00
[    1.583610] hub 1-0:1.0: USB hub found
[    1.587407] hub 1-0:1.0: 1 port detected
[    1.591640] ohci_hcd: USB 1.1 'Open' Host Controller (OHCI) Driver
[    1.597842] ohci-pci: OHCI PCI platform driver
[    1.602341] ohci-platform: OHCI generic platform driver
[    1.607721] ohci-omap3: OHCI OMAP3 driver
[    1.611826] SPEAr-ohci: OHCI SPEAr driver
[    1.615949] ohci-st: OHCI STMicroelectronics driver
[    1.620935] ohci-atmel: OHCI Atmel driver
[    1.625134] usbcore: registered new interface driver usb-storage
[    1.632289] mousedev: PS/2 mouse device common for all mice
[    1.640003] rtc-em3027 2-0056: rtc core: registered rtc-em3027 as rtc0
[    1.647766] tegra_rtc 7000e000.rtc: rtc core: registered 7000e000.rtc as rtc1
[    1.654927] tegra_rtc 7000e000.rtc: Tegra internal Real Time Clock
[    1.661536] i2c /dev entries driver
[    1.671489] sdhci: Secure Digital Host Controller Interface driver
[    1.677673] sdhci: Copyright(c) Pierre Ossman
[    1.683249] Synopsys Designware Multimedia Card Interface Driver
[    1.690115] sdhci-pltfm: SDHCI platform and OF driver helper
[    1.696555] sdhci-tegra c8000000.sdhci: No vmmc regulator found
[    1.702480] sdhci-tegra c8000000.sdhci: No vqmmc regulator found
[    1.708484] mmc0: Invalid maximum block size, assuming 512 bytes
[    1.742072] mmc0: SDHCI controller on c8000000.sdhci [c8000000.sdhci] using ADMA
[    1.750513] ledtrig-cpu: registered to indicate activity on CPUs
[    1.756716] usbcore: registered new interface driver usbhid
[    1.762299] usbhid: USB HID core driver
[    1.769902] NET: Registered protocol family 10
[    1.775034] sit: IPv6 over IPv4 tunneling driver
[    1.780172] NET: Registered protocol family 17
[    1.784632] can: controller area network core (rev 20120528 abi 9)
[    1.790859] NET: Registered protocol family 29
[    1.795314] can: raw protocol (rev 20120528)
[    1.799595] can: broadcast manager protocol (rev 20120528 t)
[    1.805264] can: netlink gateway (rev 20130117) max_hops=1
[    1.811077] Key type dns_resolver registered
[    1.815727] ThumbEE CPU extension supported.
[    1.820011] Registering SWP/SWPB emulation handler
[    1.829039] tegra-phy c5004000.usb-phy: no vbus regulator
[    1.836377] utmi_phy_clk_enable: timeout waiting for phy to stabilize
[    1.842838] tegra-ehci c5000000.usb: EHCI Host Controller
[    1.848275] tegra-ehci c5000000.usb: new USB bus registered, assigned bus number 2
[    1.856124] tegra-ehci c5000000.usb: irq 64, io mem 0xc5000000
[    1.904606] mmc0: host does not support reading read-only switch, assuming write-enable
[    1.914568] mmc0: new high speed SDHC card at address b368
[    1.920390] mmcblk0: mmc0:b368 NCard 3.70 GiB 
[    1.926731]  mmcblk0: p1
[    1.932086] usb 1-1: new high-speed USB device number 2 using tegra-ehci
[    1.942074] tegra-ehci c5000000.usb: USB 2.0 started, EHCI 1.00
[    1.948584] hub 2-0:1.0: USB hub found
[    1.952370] hub 2-0:1.0: 1 port detected
[    1.978264] ulpi_phy_power_on: ulpi write failed
[    1.982887] tegra-ehci c5004000.usb: Failed to power on the phy
[    1.988819] tegra-ehci: probe of c5004000.usb failed with error -110
[    1.996884] sdhci-tegra c8000600.sdhci: Got CD GPIO
[    2.001775] sdhci-tegra c8000600.sdhci: Got WP GPIO
[    2.006799] sdhci-tegra c8000600.sdhci: No vmmc regulator found
[    2.012723] sdhci-tegra c8000600.sdhci: No vqmmc regulator found
[    2.018729] mmc1: Invalid maximum block size, assuming 512 bytes
[    2.052262] mmc1: SDHCI controller on c8000600.sdhci [c8000600.sdhci] using ADMA
[    2.061041] input: gpio-keys as /devices/soc0/gpio-keys/input/input0
[    2.071117] rtc-em3027 2-0056: setting system clock to 2014-12-26 22:06:07 UTC (1419631567)
[    2.086145] hub 1-1:1.0: USB hub found
[    2.090132] hub 1-1:1.0: 4 ports detected
[    2.098596] EXT4-fs (mmcblk0p1): mounting ext3 file system using the ext4 subsystem
[    2.186911] EXT4-fs (mmcblk0p1): recovery complete
[    2.191739] EXT4-fs (mmcblk0p1): mounted filesystem with ordered data mode. Opts: (null)
[    2.192216] mmc1: new high speed SD card at address b368
[    2.205185] VFS: Mounted root (ext3 filesystem) on device 179:1.
[    2.211504] mmcblk1: mmc1:b368 NCard 1.83 GiB (ro)
[    2.219086]  mmcblk1: p1 p2
[    2.223144] devtmpfs: mounted
[    2.227296] Freeing unused kernel memory: 1020K (c0d71000 - c0e70000)
[    2.377114] usb 1-1.2: new high-speed USB device number 3 using tegra-ehci
bash: cannot set terminal process group (-1): Inappropriate ioctl for device
bash: no job control in this shell
root@(none):/# [    3.295487] asix 1-1.2:1.0 eth1: register 'asix' at usb-c5008