
U-Boot SPL 2016.05-rc2 (Apr 21 2016 - 16:23:00)
Trying to boot from RAM


U-Boot 2016.05-rc2 (Apr 21 2016 - 16:23:00 -0700)

TEGRA124
Model: NVIDIA Jetson TK1
Board: NVIDIA Jetson TK1
DRAM:  2 GiB
MMC:   Tegra SD/MMC: 0, Tegra SD/MMC: 1
In:    serial
Out:   serial
Err:   serial
Net:   No ethernet found.
Hit any key to stop autoboot:  2  0 
Tegra124 (Jetson TK1) # 
Tegra124 (Jetson TK1) # pci enum
Tegra124 (Jetson TK1) # setenv bootargs 'ignore_loglevel console=ttyS0,115200n8 rw root=PARTUUID=b1791faa-84e8-4e27-83a1-9fb0a77e8803 rootwait gpt debug noinitrd earlyprintk init=/bin/bash'
Tegra124 (Jetson TK1) # setenv ipaddr 192.168.100.102; setenv serverip 192.168.100.1; setenv tftpserverip 192.168.100.1
Tegra124 (Jetson TK1) # tftpboot 0x82000000 zImage.multi_v7_defconfig

Warning: eth_rtl8169 using MAC address from ROM
Using eth_rtl8169 device
TFTP from server 192.168.100.1; our IP address is 192.168.100.102
Filename 'zImage.multi_v7_defconfig'.
Load address: 0x82000000
Loading: *#################################################################
	 #################################################################
	 #################################################################
	 #################################################################
	 #################################################################
	 #################################################################
	 #################################################################
	 #################################################################
	 ####################################
	 913.1 KiB/s
done
Bytes transferred = 8159752 (7c8208 hex)
Tegra124 (Jetson TK1) # tftpboot 0x83000000 tegra124-jetson-tk1.dtb
Using eth_rtl8169 device
TFTP from server 192.168.100.1; our IP address is 192.168.100.102
Filename 'tegra124-jetson-tk1.dtb'.
Load address: 0x83000000
Loading: *#####
	 910.2 KiB/s
done
Bytes transferred = 67173 (10665 hex)
Tegra124 (Jetson TK1) # bootz 0x82000000 - 0x83000000
Kernel image @ 0x82000000 [ 0x000000 - 0x7c8200 ]
## Flattened Device Tree blob at 83000000
   Booting using the fdt blob at 0x83000000
   Using Device Tree in place at 83000000, end 83013664

Starting kernel ...

[    0.000000] Booting Linux on physical CPU 0x0
[    0.000000] Linux version 4.13.0-next-20170908-199620-gda52d78 (jonathanh@sellafield) (gcc version 4.7.3 20130328 (prerelease) (crosstool-NG linaro-1.13.1-4.7-2013.04-20130415 - Linaro GCC 2013.04)) #1 SMP Tue Sep 12 06:17:15 PDT 2017
[    0.000000] CPU: ARMv7 Processor [413fc0f3] revision 3 (ARMv7), cr=10c5387d
[    0.000000] CPU: div instructions available: patching division code
[    0.000000] CPU: PIPT / VIPT nonaliasing data cache, PIPT instruction cache
[    0.000000] OF: fdt: Machine model: NVIDIA Tegra124 Jetson TK1
[    0.000000] debug: ignoring loglevel setting.
[    0.000000] Memory policy: Data cache writealloc
[    0.000000] efi: Getting EFI parameters from FDT:
[    0.000000] efi: UEFI not found.
[    0.000000] cma: Reserved 64 MiB at 0xfb800000
[    0.000000] On node 0 totalpages: 524032
[    0.000000] free_area_init_node: node 0, pgdat c158e5c0, node_mem_map eeff8000
[    0.000000]   DMA zone: 1536 pages used for memmap
[    0.000000]   DMA zone: 0 pages reserved
[    0.000000]   DMA zone: 196608 pages, LIFO batch:31
[    0.000000]   HighMem zone: 327424 pages, LIFO batch:31
[    0.000000] random: fast init done
[    0.000000] percpu: Embedded 17 pages/cpu @eef82000 s39424 r8192 d22016 u69632
[    0.000000] pcpu-alloc: s39424 r8192 d22016 u69632 alloc=17*4096
[    0.000000] pcpu-alloc: [0] 0 [0] 1 [0] 2 [0] 3 
[    0.000000] Built 1 zonelists, mobility grouping on.  Total pages: 522496
[    0.000000] Kernel command line: ignore_loglevel console=ttyS0,115200n8 rw root=PARTUUID=b1791faa-84e8-4e27-83a1-9fb0a77e8803 rootwait gpt debug noinitrd earlyprintk init=/bin/bash
[    0.000000] PID hash table entries: 4096 (order: 2, 16384 bytes)
[    0.000000] Dentry cache hash table entries: 131072 (order: 7, 524288 bytes)
[    0.000000] Inode-cache hash table entries: 65536 (order: 6, 262144 bytes)
[    0.000000] Memory: 1993360K/2096128K available (10240K kernel code, 1626K rwdata, 4508K rodata, 2048K init, 405K bss, 37232K reserved, 65536K cma-reserved, 1244160K highmem)
[    0.000000] Virtual kernel memory layout:
[    0.000000]     vector  : 0xffff0000 - 0xffff1000   (   4 kB)
[    0.000000]     fixmap  : 0xffc00000 - 0xfff00000   (3072 kB)
[    0.000000]     vmalloc : 0xf0800000 - 0xff800000   ( 240 MB)
[    0.000000]     lowmem  : 0xc0000000 - 0xf0000000   ( 768 MB)
[    0.000000]     pkmap   : 0xbfe00000 - 0xc0000000   (   2 MB)
[    0.000000]     modules : 0xbf000000 - 0xbfe00000   (  14 MB)
[    0.000000]       .text : 0xc0208000 - 0xc0d00000   (11232 kB)
[    0.000000]       .init : 0xc1200000 - 0xc1400000   (2048 kB)
[    0.000000]       .data : 0xc1400000 - 0xc1596910   (1627 kB)
[    0.000000]        .bss : 0xc159fbc0 - 0xc160537c   ( 406 kB)
[    0.000000] SLUB: HWalign=64, Order=0-3, MinObjects=0, CPUs=4, Nodes=1
[    0.000000] Hierarchical RCU implementation.
[    0.000000] 	RCU event tracing is enabled.
[    0.000000] 	RCU restricting CPUs from NR_CPUS=16 to nr_cpu_ids=4.
[    0.000000] RCU: Adjusting geometry for rcu_fanout_leaf=16, nr_cpu_ids=4
[    0.000000] NR_IRQS: 16, nr_irqs: 16, preallocated irqs: 16
[    0.000000] /interrupt-controller@60004000: 160 interrupts forwarded to /interrupt-controller@50041000
[    0.000000] Tegra clk 127: register failed with -17
[    0.000009] sched_clock: 32 bits at 1000kHz, resolution 1000ns, wraps every 2147483647500ns
[    0.000028] clocksource: timer_us: mask: 0xffffffff max_cycles: 0xffffffff, max_idle_ns: 1911260446275 ns
[    0.000043] Switching to timer-based delay loop, resolution 1000ns
[    0.005124] arch_timer: cp15 timer(s) running at 12.00MHz (virt).
[    0.005144] clocksource: arch_sys_counter: mask: 0xffffffffffffff max_cycles: 0x2c47f4ee7, max_idle_ns: 440795202497 ns
[    0.005164] sched_clock: 56 bits at 12MHz, resolution 83ns, wraps every 4398046511096ns
[    0.005178] Switching to timer-based delay loop, resolution 83ns
[    0.005627] Console: colour dummy device 80x30
[    0.005662] Calibrating delay loop (skipped), value calculated using timer frequency.. 24.00 BogoMIPS (lpj=120000)
[    0.005679] pid_max: default: 32768 minimum: 301
[    0.005781] Mount-cache hash table entries: 2048 (order: 1, 8192 bytes)
[    0.005796] Mountpoint-cache hash table entries: 2048 (order: 1, 8192 bytes)
[    0.006290] CPU: Testing write buffer coherency: ok
[    0.006545] /cpus/cpu@0 missing clock-frequency property
[    0.006591] /cpus/cpu@1 missing clock-frequency property
[    0.006635] /cpus/cpu@2 missing clock-frequency property
[    0.006679] /cpus/cpu@3 missing clock-frequency property
[    0.006694] CPU0: thread -1, cpu 0, socket 0, mpidr 80000000
[    0.006992] Setting up static identity map for 0x80300000 - 0x803000a0
[    0.008934] Hierarchical SRCU implementation.
[    0.010795] Tegra Revision: A01 SKU: 129 CPU Process: 1 SoC Process: 1
[    0.011548] EFI services will not be available.
[    0.011696] smp: Bringing up secondary CPUs ...
[    0.012169] CPU1: thread -1, cpu 1, socket 0, mpidr 80000001
[    0.015533] CPU2: thread -1, cpu 2, socket 0, mpidr 80000002
[    0.025574] CPU3: thread -1, cpu 3, socket 0, mpidr 80000003
[    0.035107] smp: Brought up 1 node, 4 CPUs
[    0.035128] SMP: Total of 4 processors activated (96.00 BogoMIPS).
[    0.035137] CPU: All CPU(s) started in SVC mode.
[    0.036654] devtmpfs: initialized
[    0.051287] Built 1 zonelists, mobility grouping on.  Total pages: 514724
[    0.051657] VFP support v0.3: implementor 41 architecture 4 part 30 variant f rev 0
[    0.052091] clocksource: jiffies: mask: 0xffffffff max_cycles: 0xffffffff, max_idle_ns: 19112604462750000 ns
[    0.052111] futex hash table entries: 1024 (order: 4, 65536 bytes)
[    0.052296] pinctrl core: initialized pinctrl subsystem
[    0.053770] DMI not present or invalid.
[    0.054011] NET: Registered protocol family 16
[    0.055990] DMA: preallocated 256 KiB pool for atomic coherent allocations
[    0.058456] cpuidle: using governor menu
[    0.083731] No ATAGs?
[    0.083857] hw-breakpoint: found 5 (+1 reserved) breakpoint and 4 watchpoint registers.
[    0.083873] hw-breakpoint: maximum watchpoint size is 8 bytes.
[    0.091125] Serial: AMBA PL011 UART driver
[    0.092306] iommu: Adding device reg-dummy to group 0
[    0.092342] iommu: Adding device 1003000.pcie to group 1
[    0.092422] iommu: Adding device 50000000.host1x to group 2
[    0.092493] iommu: Adding device 54200000.dc to group 3
[    0.092562] iommu: Adding device 54240000.dc to group 4
[    0.092597] iommu: Adding device 54280000.hdmi to group 5
[    0.092670] iommu: Adding device 57000000.gpu to group 6
[    0.092703] iommu: Adding device 60005000.timer to group 7
[    0.092735] iommu: Adding device 60007000.flow-controller to group 8
[    0.092766] iommu: Adding device 6000c800.actmon to group 9
[    0.092797] iommu: Adding device 6000d000.gpio to group 10
[    0.092829] iommu: Adding device 60020000.dma to group 11
[    0.092864] iommu: Adding device 70000800.apbmisc to group 12
[    0.092899] iommu: Adding device 70000868.pinmux to group 13
[    0.092930] iommu: Adding device 70006000.serial to group 14
[    0.092961] iommu: Adding device 70006040.serial to group 15
[    0.092991] iommu: Adding device 70006300.serial to group 16
[    0.093022] iommu: Adding device 7000c000.i2c to group 17
[    0.093052] iommu: Adding device 7000c400.i2c to group 18
[    0.093083] iommu: Adding device 7000c500.i2c to group 19
[    0.093114] iommu: Adding device 7000c700.i2c to group 20
[    0.093145] iommu: Adding device 7000d000.i2c to group 21
[    0.093185] iommu: Adding device 7000d400.spi to group 22
[    0.093215] iommu: Adding device 7000da00.spi to group 23
[    0.093245] iommu: Adding device 7000e000.rtc to group 24
[    0.093276] iommu: Adding device 7000e400.pmc to group 25
[    0.093307] iommu: Adding device 7000f800.fuse to group 26
[    0.093337] iommu: Adding device 70019000.memory-controller to group 27
[    0.093368] iommu: Adding device 7001b000.emc to group 28
[    0.093399] iommu: Adding device 70027000.sata to group 29
[    0.093434] iommu: Adding device 70030000.hda to group 30
[    0.093466] iommu: Adding device 70090000.usb to group 31
[    0.093497] iommu: Adding device 7009f000.padctl to group 32
[    0.093533] iommu: Adding device 700b0400.sdhci to group 33
[    0.093563] iommu: Adding device 700b0600.sdhci to group 34
[    0.093594] iommu: Adding device 700e2000.thermal-sensor to group 35
[    0.093624] iommu: Adding device 70110000.clock to group 36
[    0.093659] iommu: Adding device 70300000.ahub to group 37
[    0.093690] iommu: Adding device 7d000000.usb to group 38
[    0.093725] iommu: Adding device 7d000000.usb-phy to group 39
[    0.093757] iommu: Adding device 7d004000.usb to group 40
[    0.093789] iommu: Adding device 7d004000.usb-phy to group 41
[    0.093820] iommu: Adding device 7d008000.usb to group 42
[    0.093852] iommu: Adding device 7d008000.usb-phy to group 43
[    0.093886] iommu: Adding device pmu to group 44
[    0.093918] iommu: Adding device timer to group 45
[    0.093950] iommu: Adding device clocks to group 46
[    0.093985] iommu: Adding device gpio-keys to group 47
[    0.094016] iommu: Adding device regulators to group 48
[    0.094047] iommu: Adding device regulators:regulator@0 to group 49
[    0.094077] iommu: Adding device regulators:regulator@1 to group 50
[    0.094108] iommu: Adding device regulators:regulator@2 to group 51
[    0.094139] iommu: Adding device regulators:regulator@3 to group 52
[    0.094169] iommu: Adding device regulators:regulator@4 to group 53
[    0.094205] iommu: Adding device regulators:regulator@7 to group 54
[    0.094239] iommu: Adding device regulators:regulator@8 to group 55
[    0.094271] iommu: Adding device regulators:regulator@10 to group 56
[    0.094302] iommu: Adding device regulators:regulator@11 to group 57
[    0.094334] iommu: Adding device regulators:regulator@12 to group 58
[    0.094365] iommu: Adding device regulators:regulator@13 to group 59
[    0.094395] iommu: Adding device regulators:regulator@14 to group 60
[    0.094426] iommu: Adding device sound to group 61
[    0.109067] AT91: Could not find identification node
[    0.109629] +5V_SYS: supplied by +VDD_MUX
[    0.109908] +3.3V_SYS: supplied by +VDD_MUX
[    0.110524] +USB0_VBUS_SW: Failed to request enable GPIO108: -517
[    0.110540] reg-fixed-voltage regulators:regulator@7: Failed to register regulator: -517
[    0.110639] +5V_USB_HS: Failed to request enable GPIO109: -517
[    0.110654] reg-fixed-voltage regulators:regulator@8: Failed to register regulator: -517
[    0.110838] +1.05V_RUN_AVDD_HDMI_PLL: Failed to request enable GPIO63: -517
[    0.110852] reg-fixed-voltage regulators:regulator@11: Failed to register regulator: -517
[    0.110947] +5V_HDMI_CON: Failed to request enable GPIO86: -517
[    0.110960] reg-fixed-voltage regulators:regulator@12: Failed to register regulator: -517
[    0.111057] +5V_SATA: Failed to request enable GPIO242: -517
[    0.111070] reg-fixed-voltage regulators:regulator@13: Failed to register regulator: -517
[    0.111165] +12V_SATA: Failed to request enable GPIO242: -517
[    0.111178] reg-fixed-voltage regulators:regulator@14: Failed to register regulator: -517
[    0.114132] vgaarb: loaded
[    0.114856] SCSI subsystem initialized
[    0.115019] libata version 3.00 loaded.
[    0.115214] usbcore: registered new interface driver usbfs
[    0.115288] usbcore: registered new interface driver hub
[    0.115349] usbcore: registered new device driver usb
[    0.118782] pps_core: LinuxPPS API ver. 1 registered
[    0.118793] pps_core: Software ver. 5.3.6 - Copyright 2005-2007 Rodolfo Giometti <giometti@linux.it>
[    0.118814] PTP clock support registered
[    0.119002] EDAC MC: Ver: 3.0.0
[    0.119275] dmi: Firmware registration failed.
[    0.121825] clocksource: Switched to clocksource arch_sys_counter
[    0.176383] NET: Registered protocol family 2
[    0.176871] TCP established hash table entries: 8192 (order: 3, 32768 bytes)
[    0.176972] TCP bind hash table entries: 8192 (order: 4, 65536 bytes)
[    0.177160] TCP: Hash tables configured (established 8192 bind 8192)
[    0.177240] UDP hash table entries: 512 (order: 2, 16384 bytes)
[    0.177284] UDP-Lite hash table entries: 512 (order: 2, 16384 bytes)
[    0.177432] NET: Registered protocol family 1
[    0.177746] RPC: Registered named UNIX socket transport module.
[    0.177757] RPC: Registered udp transport module.
[    0.177765] RPC: Registered tcp transport module.
[    0.177773] RPC: Registered tcp NFSv4.1 backchannel transport module.
[    0.177786] PCI: CLS 0 bytes, default 64
[    0.179242] hw perfevents: enabled with armv7_cortex_a15 PMU driver, 7 counters available
[    0.179967] iommu: Adding device alarmtimer to group 62
[    0.180868] workingset: timestamp_bits=30 max_order=19 bucket_order=0
[    0.186589] squashfs: version 4.0 (2009/01/31) Phillip Lougher
[    0.187156] NFS: Registering the id_resolver key type
[    0.187180] Key type id_resolver registered
[    0.187190] Key type id_legacy registered
[    0.187234] ntfs: driver 2.1.32 [Flags: R/O].
[    0.188615] bounce: pool size: 64 pages
[    0.188662] Block layer SCSI generic (bsg) driver version 0.4 loaded (major 248)
[    0.188674] io scheduler noop registered
[    0.188684] io scheduler deadline registered
[    0.188891] io scheduler cfq registered (default)
[    0.188902] io scheduler mq-deadline registered
[    0.188911] io scheduler kyber registered
[    0.192653]  usb2-0: usb2-0 supply vbus not found, using dummy regulator
[    0.192760]  usb2-1: usb2-1 supply vbus not found, using dummy regulator
[    0.193216] tegra-xusb-padctl 7009f000.padctl: failed to setup XUSB ports: -517
[    0.211839] tegra-pcie 1003000.pcie: 2x1, 1x1 configuration
[    0.211894] tegra-pcie 1003000.pcie: Failed to get supply 'avddio-pex': -517
[    0.217966] tegra124-dfll 70110000.clock: couldn't get vdd_cpu regulator
[    0.224845] tegra-apbdma 60020000.dma: Tegra20 APB DMA driver register 32 channels
[    0.227899] tegra-pmc 7000e400.pmc: emergency thermal reset enabled
[    0.278317] Serial: 8250/16550 driver, 4 ports, IRQ sharing disabled
[    0.278412] iommu: Adding device serial8250 to group 63
[    0.280921] console [ttyS0] disabled
[    0.280961] 70006300.serial: ttyS0 at MMIO 0x70006300 (irq = 335, base_baud = 25500000) is a Tegra
[    1.552037] console [ttyS0] enabled
[    1.556395] SuperH (H)SCI(F) driver initialized
[    1.562039] msm_serial: driver initialized
[    1.566318] STMicroelectronics ASC driver initialized
[    1.572264] 70006000.serial: ttyTHS1 at MMIO 0x70006000 (irq = 333, base_baud = 0) is a TEGRA_UART
[    1.581509] 70006040.serial: ttyTHS2 at MMIO 0x70006040 (irq = 334, base_baud = 0) is a TEGRA_UART
[    1.596414] tegra-hdmi 54280000.hdmi: failed to get HDMI regulator
[    1.613100] brd: module loaded
[    1.622039] loop: module loaded
[    1.626349] at24 0-0056: 256 byte 24c02 EEPROM, writable, 8 bytes/write
[    1.634656] as3722 4-0040: AS3722 with revision 0x1 found
[    1.641932] iommu: Adding device as3722-pinctrl to group 64
[    1.648964] iommu: Adding device as3722-regulator to group 65
[    1.657597] as3722-sd2: supplied by +5V_SYS
[    1.662203] as3722-sd3: supplied by +5V_SYS
[    1.666596] +1.35V_LP0(sd3): Bringing 0uV into 1350000-1350000uV
[    1.672950] as3722-sd4: supplied by +5V_SYS
[    1.677536] as3722-sd5: supplied by +5V_SYS
[    1.683481] as3722-ldo0: supplied by +1.35V_LP0(sd2)
[    1.689496] +1.8V_RUN_CAM: Bringing 0uV into 1800000-1800000uV
[    1.695696] as3722-ldo2: supplied by +1.8V_VDDIO
[    1.701561] as3722-ldo3: supplied by +3.3V_SYS
[    1.706060] +1.05V_LP0_VDD_RTC: Bringing 1100000uV into 1000000-1000000uV
[    1.713815] as3722-ldo4: supplied by +3.3V_SYS
[    1.718459] +2.8V_RUN_CAM: Bringing 0uV into 2800000-2800000uV
[    1.724660] as3722-ldo5: supplied by +1.8V_VDDIO
[    1.729499] +1.2V_RUN_CAM_FRONT: Bringing 0uV into 1200000-1200000uV
[    1.736407] +VDDIO_SDMMC3: bypassed regulator has no supply!
[    1.742079] +VDDIO_SDMMC3: failed to get the current voltage(-517)
[    1.748255] as3722-regulator as3722-regulator: regulator 13 register failed -517
[    1.758819] iommu: Adding device as3722-rtc to group 66
[    1.764391] iommu: Adding device as3722-adc to group 67
[    1.769911] iommu: Adding device as3722-power-off to group 68
[    1.775973] iommu: Adding device as3722-wdt to group 69
[    1.783031] tegra-ahci 70027000.sata: couldn't get PHY in node sata: -517
[    1.805325] m25p80 spi1.0: w25q32dw (4096 Kbytes)
[    1.812354] iommu: Adding device Fixed MDIO bus.0 to group 70
[    1.818438] libphy: Fixed MDIO Bus: probed
[    1.823459] CAN device driver interface
[    1.828227] bgmac_bcma: Broadcom 47xx GBit MAC driver loaded
[    1.835295] e1000e: Intel(R) PRO/1000 Network Driver - 3.2.6-k
[    1.841119] e1000e: Copyright(c) 1999 - 2015 Intel Corporation.
[    1.847092] igb: Intel(R) Gigabit Ethernet Network Driver - version 5.4.0-k
[    1.854059] igb: Copyright (c) 2007-2014 Intel Corporation.
[    1.863447] pegasus: v0.9.3 (2013/04/25), Pegasus/Pegasus II USB Ethernet driver
[    1.870868] usbcore: registered new interface driver pegasus
[    1.876576] usbcore: registered new interface driver asix
[    1.882014] usbcore: registered new interface driver ax88179_178a
[    1.888125] usbcore: registered new interface driver cdc_ether
[    1.894012] usbcore: registered new interface driver smsc75xx
[    1.899790] usbcore: registered new interface driver smsc95xx
[    1.905569] usbcore: registered new interface driver net1080
[    1.911247] usbcore: registered new interface driver cdc_subset
[    1.917208] usbcore: registered new interface driver zaurus
[    1.922835] usbcore: registered new interface driver cdc_ncm
[    1.928715] tegra-phy 7d000000.usb-phy: no vbus regulator
[    1.934330] tegra-phy 7d004000.usb-phy: no vbus regulator
[    1.941708] ehci_hcd: USB 2.0 'Enhanced' Host Controller (EHCI) Driver
[    1.948242] ehci-pci: EHCI PCI platform driver
[    1.952728] ehci-platform: EHCI generic platform driver
[    1.958157] ehci-orion: EHCI orion driver
[    1.962339] SPEAr-ehci: EHCI SPEAr driver
[    1.966483] ehci-st: EHCI STMicroelectronics driver
[    1.971493] ehci-exynos: EHCI EXYNOS driver
[    1.975851] ehci-atmel: EHCI Atmel driver
[    1.979991] tegra-ehci: Tegra EHCI driver
[    1.986859] tegra-ehci 7d004000.usb: EHCI Host Controller
[    1.992292] tegra-ehci 7d004000.usb: new USB bus registered, assigned bus number 1
[    2.000078] tegra-ehci 7d004000.usb: irq 355, io mem 0x7d004000
[    2.031847] tegra-ehci 7d004000.usb: USB 2.0 started, EHCI 1.10
[    2.038432] hub 1-0:1.0: USB hub found
[    2.042234] hub 1-0:1.0: 1 port detected
[    2.046720] ohci_hcd: USB 1.1 'Open' Host Controller (OHCI) Driver
[    2.052941] ohci-pci: OHCI PCI platform driver
[    2.057420] ohci-platform: OHCI generic platform driver
[    2.062865] SPEAr-ohci: OHCI SPEAr driver
[    2.067012] ohci-st: OHCI STMicroelectronics driver
[    2.072045] ohci-atmel: OHCI Atmel driver
[    2.076830] usbcore: registered new interface driver usb-storage
[    2.084406] iommu: Adding device ci_hdrc.0 to group 71
[    2.096735] as3722-rtc as3722-rtc: rtc core: registered as3722-rtc as rtc0
[    2.103627] as3722-rtc as3722-rtc: RTC interrupt 378
[    2.112016] tegra_rtc 7000e000.rtc: rtc core: registered 7000e000.rtc as rtc1
[    2.119188] tegra_rtc 7000e000.rtc: Tegra internal Real Time Clock
[    2.125941] i2c /dev entries driver
[    2.133354] IR NEC protocol handler initialized
[    2.137877] IR RC5(x/sz) protocol handler initialized
[    2.142939] IR RC6 protocol handler initialized
[    2.147462] IR JVC protocol handler initialized
[    2.152007] IR Sony protocol handler initialized
[    2.156616] IR SANYO protocol handler initialized
[    2.161311] IR Sharp protocol handler initialized
[    2.166025] IR MCE Keyboard/mouse protocol handler initialized
[    2.171864] IR XMP protocol handler initialized
[    2.179580] lm90 0-004c: 0-004c supply vcc not found, using dummy regulator
[    2.194714] iommu: Adding device cpufreq-tegra124 to group 72
[    2.202818] sdhci: Secure Digital Host Controller Interface driver
[    2.208988] sdhci: Copyright(c) Pierre Ossman
[    2.215034] Synopsys Designware Multimedia Card Interface Driver
[    2.222417] sdhci-pltfm: SDHCI platform and OF driver helper
[    2.228875] sdhci-tegra 700b0400.sdhci: Got CD GPIO
[    2.233788] sdhci-tegra 700b0400.sdhci: Got WP GPIO
[    2.255031] mmc0: Unknown controller version (3). You may experience problems.
[    2.262310] mmc0: Invalid maximum block size, assuming 512 bytes
[    2.331849] mmc0: SDHCI controller on 700b0600.sdhci [700b0600.sdhci] using ADMA
[    2.341406] ledtrig-cpu: registered to indicate activity on CPUs
[    2.347751] usbcore: registered new interface driver usbhid
[    2.353334] usbhid: USB HID core driver
[    2.361213] NET: Registered protocol family 10
[    2.366508] Segment Routing with IPv6
[    2.370312] sit: IPv6, IPv4 and MPLS over IPv4 tunneling driver
[    2.376761] NET: Registered protocol family 17
[    2.381207] can: controller area network core (rev 20170425 abi 9)
[    2.387453] NET: Registered protocol family 29
[    2.391912] can: raw protocol (rev 20170425)
[    2.396176] can: broadcast manager protocol (rev 20170425 t)
[    2.401847] can: netlink gateway (rev 20170425) max_hops=1
[    2.407615] Key type dns_resolver registered
[    2.412402] ThumbEE CPU extension supported.
[    2.416673] Registering SWP/SWPB emulation handler
[    2.435901] +3.3V_RUN: supplied by +3.3V_SYS
[    2.441394] +USB0_VBUS_SW: supplied by +5V_SYS
[    2.446108] +3.3V_AVDD_HDMI_AP_GATED: supplied by +3.3V_RUN
[    2.452083] +5V_USB_HS: supplied by +5V_SYS
[    2.457890] +3.3V_LP0: supplied by +3.3V_SYS
[    2.464667] +5V_HDMI_CON: supplied by +5V_SYS
[    2.469699] +5V_SATA: supplied by +5V_SYS
[    2.474271] +12V_SATA: supplied by +VDD_MUX
[    2.480386]  usb2-0: usb2-0 supply vbus not found, using dummy regulator
[    2.482764] mmc0: new high speed MMC card at address 0001
[    2.483309] mmcblk0: mmc0:0001 SEM16G 14.7 GiB 
[    2.483772] mmcblk0boot0: mmc0:0001 SEM16G partition 1 4.00 MiB
[    2.484232] mmcblk0boot1: mmc0:0001 SEM16G partition 2 4.00 MiB
[    2.484762] mmcblk0rpmb: mmc0:0001 SEM16G partition 3 4.00 MiB
[    2.489287]  mmcblk0: p1
[    2.517451]  usb2-1: usb2-1 supply vbus not found, using dummy regulator
[    2.524505]  usb3-0: usb3-0 supply vbus not found, using dummy regulator
[    2.532530] tegra-pcie 1003000.pcie: 2x1, 1x1 configuration
[    2.538166] tegra-pcie 1003000.pcie: Failed to get supply 'avddio-pex': -517
[    2.547776] tegra124-dfll 70110000.clock: couldn't get vdd_cpu regulator
[    2.558352] tegra-hdmi 54280000.hdmi: failed to get PLL regulator
[    2.569297] as3722-sd2: supplied by +5V_SYS
[    2.573858] as3722-sd3: supplied by +5V_SYS
[    2.578260] as3722-sd4: supplied by +5V_SYS
[    2.582790] as3722-sd5: supplied by +5V_SYS
[    2.588658] as3722-ldo0: supplied by +1.35V_LP0(sd2)
[    2.594463] as3722-ldo1: supplied by +3.3V_RUN
[    2.599228] as3722-ldo2: supplied by +1.8V_VDDIO
[    2.604946] as3722-ldo3: supplied by +3.3V_SYS
[    2.610242] as3722-ldo4: supplied by +3.3V_SYS
[    2.615044] as3722-ldo5: supplied by +1.8V_VDDIO
[    2.619908] as3722-ldo6: supplied by +3.3V_RUN
[    2.624603] as3722-ldo7: supplied by +1.8V_VDDIO
[    2.629987] +1.05V_RUN_CAM_REAR: Bringing 0uV into 1050000-1050000uV
[    2.637110] as3722-ldo9: supplied by +5V_SYS
[    2.642753] +3.3V_RUN_TOUCH: Bringing 0uV into 2800000-2800000uV
[    2.649307] as3722-ldo10: supplied by +5V_SYS
[    2.654272] +2.8V_RUN_CAM_AF: Bringing 0uV into 2800000-2800000uV
[    2.661071] as3722-ldo11: supplied by +3.3V_RUN
[    2.666419] +1.8V_RUN_VPP_FUSE: Bringing 0uV into 1800000-1800000uV
[    2.676411] tegra-ahci 70027000.sata: AHCI 0001.0301 32 slots 2 ports 3 Gbps 0x1 impl platform mode
[    2.685485] tegra-ahci 70027000.sata: flags: 64bit ncq sntf pm led pio slum part sadm sds apst 
[    2.695845] scsi host0: tegra-ahci
[    2.700353] scsi host1: tegra-ahci
[    2.704026] ata1: SATA max UDMA/133 mmio [mem 0x70027000-0x70028fff] port 0x100 irq 345
[    2.712039] ata2: DUMMY
[    2.717899] tegra-ehci 7d008000.usb: EHCI Host Controller
[    2.723351] tegra-ehci 7d008000.usb: new USB bus registered, assigned bus number 2
[    2.731096] tegra-ehci 7d008000.usb: irq 356, io mem 0x7d008000
[    2.761946] tegra-ehci 7d008000.usb: USB 2.0 started, EHCI 1.10
[    2.768890] hub 2-0:1.0: USB hub found
[    2.772742] hub 2-0:1.0: 1 port detected
[    2.779188] sdhci-tegra 700b0400.sdhci: Got CD GPIO
[    2.784142] sdhci-tegra 700b0400.sdhci: Got WP GPIO
[    2.796052] mmc1: Unknown controller version (3). You may experience problems.
[    2.803402] mmc1: Invalid maximum block size, assuming 512 bytes
[    2.872389] mmc1: SDHCI controller on 700b0400.sdhci [700b0400.sdhci] using ADMA
[    2.880525] tegra-pcie 1003000.pcie: 2x1, 1x1 configuration
[    2.889354] tegra-pcie 1003000.pcie: probing port 0, using 2 lanes
[    2.897761] tegra-pcie 1003000.pcie: Slot present pin change, signature: 00000008
[    2.921945] tegra-pcie 1003000.pcie: probing port 1, using 1 lanes
[    2.930288] tegra-pcie 1003000.pcie: Slot present pin change, signature: 00000000
[    2.944096] tegra-pcie 1003000.pcie: PCI host bridge to bus 0000:00
[    2.950374] pci_bus 0000:00: root bus resource [io  0x0000-0xffff]
[    2.956597] pci_bus 0000:00: root bus resource [mem 0x13000000-0x1fffffff]
[    2.963508] pci_bus 0000:00: root bus resource [mem 0x20000000-0x3fffffff pref]
[    2.970822] pci_bus 0000:00: root bus resource [bus 00-ff]
[    2.976387] pci 0000:00:01.0: [10de:0e12] type 01 class 0x060400
[    2.982458] pci_bus 0000:00: 2-byte config write to 0000:00:01.0 offset 0x4 may corrupt adjacent RW1C bits
[    2.992160] pci_bus 0000:00: 2-byte config write to 0000:00:01.0 offset 0x4 may corrupt adjacent RW1C bits
[    3.001893] pci 0000:00:01.0: enabling Extended Tags
[    3.006874] pci_bus 0000:00: 2-byte config write to 0000:00:01.0 offset 0x88 may corrupt adjacent RW1C bits
[    3.016670] pci_bus 0000:00: 2-byte config write to 0000:00:01.0 offset 0x52 may corrupt adjacent RW1C bits
[    3.026494] pci 0000:00:01.0: PME# supported from D0 D1 D2 D3hot D3cold
[    3.033155] pci_bus 0000:00: 2-byte config write to 0000:00:01.0 offset 0x4c may corrupt adjacent RW1C bits
[    3.043182] pci 0000:00:02.0: [10de:0e13] type 01 class 0x060400
[    3.045583] ata1: SATA link down (SStatus 0 SControl 300)
[    3.054631] pci_bus 0000:00: 2-byte config write to 0000:00:02.0 offset 0x4 may corrupt adjacent RW1C bits
[    3.064295] pci_bus 0000:00: 2-byte config write to 0000:00:02.0 offset 0x4 may corrupt adjacent RW1C bits
[    3.074016] pci 0000:00:02.0: enabling Extended Tags
[    3.078982] pci_bus 0000:00: 2-byte config write to 0000:00:02.0 offset 0x88 may corrupt adjacent RW1C bits
[    3.088750] pci_bus 0000:00: 2-byte config write to 0000:00:02.0 offset 0x52 may corrupt adjacent RW1C bits
[    3.098533] pci 0000:00:02.0: PME# supported from D0 D1 D2 D3hot D3cold
[    3.105160] pci_bus 0000:00: 2-byte config write to 0000:00:02.0 offset 0x4c may corrupt adjacent RW1C bits
[    3.115189] PCI: bus0: Fast back to back transfers disabled
[    3.120768] pci 0000:00:01.0: bridge configuration invalid ([bus 00-00]), reconfiguring
[    3.128813] pci 0000:00:02.0: bridge configuration invalid ([bus 00-00]), reconfiguring
[    3.137049] pci 0000:01:00.0: [8086:4232] type 00 class 0x028000
[    3.143162] pci 0000:01:00.0: reg 0x10: [mem 0x00000000-0x00001fff 64bit]
[    3.150147] pci 0000:01:00.0: PME# supported from D0 D3hot D3cold
[    3.171364] mmc1: new high speed SDHC card at address aaaa
[    3.177573] mmcblk1: mmc1:aaaa SD04G 3.69 GiB 
[    3.182364] PCI: bus1: Fast back to back transfers disabled
[    3.187960] pci_bus 0000:01: busn_res: [bus 01-ff] end is updated to 01
[    3.194824] pci 0000:02:00.0: [10ec:8168] type 00 class 0x020000
[    3.200871] pci 0000:02:00.0: reg 0x10: [io  0x0000-0x00ff]
[    3.206501] pci 0000:02:00.0: reg 0x18: [mem 0x00000000-0x00000fff 64bit]
[    3.213318] pci 0000:02:00.0: reg 0x20: [mem 0x00000000-0x00003fff 64bit pref]
[    3.220674] pci 0000:02:00.0: supports D1 D2
[    3.224958] pci 0000:02:00.0: PME# supported from D0 D1 D2 D3hot D3cold
[    3.245529]  mmcblk1: p1 p2 p3
[    3.251942] PCI: bus2: Fast back to back transfers disabled
[    3.257530] pci_bus 0000:02: busn_res: [bus 02-ff] end is updated to 02
[    3.264228] pci 0000:00:01.0: BAR 8: assigned [mem 0x13000000-0x130fffff]
[    3.271012] pci 0000:00:02.0: BAR 8: assigned [mem 0x13100000-0x131fffff]
[    3.277840] pci 0000:00:02.0: BAR 9: assigned [mem 0x20000000-0x200fffff 64bit pref]
[    3.285598] pci 0000:00:02.0: BAR 7: assigned [io  0x1000-0x1fff]
[    3.291692] pci 0000:01:00.0: BAR 0: assigned [mem 0x13000000-0x13001fff 64bit]
[    3.299063] pci 0000:00:01.0: PCI bridge to [bus 01]
[    3.304048] pci 0000:00:01.0:   bridge window [mem 0x13000000-0x130fffff]
[    3.310843] pci 0000:02:00.0: BAR 4: assigned [mem 0x20000000-0x20003fff 64bit pref]
[    3.318642] pci 0000:02:00.0: BAR 2: assigned [mem 0x13100000-0x13100fff 64bit]
[    3.325981] pci 0000:02:00.0: BAR 0: assigned [io  0x1000-0x10ff]
[    3.332093] pci 0000:00:02.0: PCI bridge to [bus 02]
[    3.337061] pci 0000:00:02.0:   bridge window [io  0x1000-0x1fff]
[    3.343189] pci 0000:00:02.0:   bridge window [mem 0x13100000-0x131fffff]
[    3.349973] pci 0000:00:02.0:   bridge window [mem 0x20000000-0x200fffff 64bit pref]
[    3.357780] pci 0000:00:01.0: nv_msi_ht_cap_quirk didn't locate host bridge
[    3.364896] pcieport 0000:00:01.0: enabling device (0140 -> 0142)
[    3.371226] pcieport 0000:00:01.0: Signaling PME with IRQ 394
[    3.377170] pci 0000:00:02.0: nv_msi_ht_cap_quirk didn't locate host bridge
[    3.384270] pcieport 0000:00:02.0: enabling device (0140 -> 0143)
[    3.390599] pcieport 0000:00:02.0: Signaling PME with IRQ 395
[    3.396779] r8169 Gigabit Ethernet driver 2.3LK-NAPI loaded
[    3.402396] r8169 0000:02:00.0: enabling device (0140 -> 0143)
[    3.433448] r8169 0000:02:00.0 eth0: RTL8168g/8111g at 0xf0b81000, 00:04:4b:3a:d9:81, XID 0c000800 IRQ 396
[    3.443138] r8169 0000:02:00.0 eth0: jumbo features [frames: 9200 bytes, tx checksumming: ko]
[    3.455489] +1.05V_RUN_AVDD_HDMI_PLL: supplied by +1.05V_RUN
[    3.463935] [drm] Supports vblank timestamp caching Rev 2 (21.10.2013).
[    3.470549] [drm] No driver support for vblank timestamp query.
[    3.604047] tegra-hdmi 54280000.hdmi: cannot set audio to 48000 Hz at 297000000 Hz pixel clock
[    3.850543] Console: switching to colour frame buffer device 512x135
[    3.949151] drm drm: fb0:  frame buffer device
[    3.953693] [drm] Initialized tegra 0.0.0 20120330 for drm on minor 0
[    3.961316] iommu: Adding device cpufreq-dt.0 to group 73
[    3.967098] cpufreq: cpufreq_online: CPU0: Running at unlisted freq: 696000 KHz
[    3.974428] cpufreq: cpufreq_online: CPU0: Unlisted initial frequency changed to: 714000 KHz
[    3.983651] input: gpio-keys as /devices/soc0/gpio-keys/input/input0
[    3.990930] as3722-rtc as3722-rtc: setting system clock to 2000-01-01 00:00:20 UTC (946684820)
[    3.999908] +USB0_VBUS_SW: disabling
[    4.003531] +1.8V_RUN_CAM: disabling
[    4.007341] +2.8V_RUN_CAM: disabling
[    4.011066] +1.2V_RUN_CAM_FRONT: disabling
[    4.015399] +1.05V_RUN_CAM_REAR: disabling
[    4.019646] +3.3V_RUN_TOUCH: disabling
[    4.023612] +2.8V_RUN_CAM_AF: disabling
[    4.027642] +1.8V_RUN_VPP_FUSE: disabling
[    4.032914] EXT4-fs (mmcblk0p1): mounting ext3 file system using the ext4 subsystem
[    4.080625] EXT4-fs (mmcblk0p1): recovery complete
[    4.086672] EXT4-fs (mmcblk0p1): mounted filesystem with ordered data mode. Opts: (null)
[    4.094855] VFS: Mounted root (ext3 filesystem) on device 179:1.
[    4.105672] devtmpfs: mounted
[    4.110175] Freeing unused kernel memory: 2048K
bash: cannot set terminal process group (-1): Inappropriate ioctl for device
bash: no job control in this shell
root@(none):/# 