
U-Boot SPL 2016.05-rc2 (Apr 21 2016 - 16:23:00)
Trying to boot from RAM


U-Boot 2016.05-rc2 (Apr 21 2016 - 16:23:00 -0700)

TEGRA124
Model: NVIDIA Jetson TK1
Board: NVIDIA Jetson TK1
DRAM:  2 GiB
MC:   Tegra SD/MMC: 0, Tegra SD/MMC: 1
In:    serial
Out:   serial
Err:   serial
Net:   No ethernet found.
Hit any key to stop autoboot:  2  0 
Tegra124 (Jetson TK1) # 
Tegra124 (Jetson TK1) # pci enum
Tegra124 (Jetson TK1) # setenv bootargs 'ignore_loglevel console=ttyS0,115200n8 rw root=PARTUUID=b1791faa-84e8-4e27-83a1-9fb0a77e8803 rootwait gpt debug noinitrd earlyprintk init=/bin/bash'
Tegra124 (Jetson TK1) # setenv ipaddr 192.168.100.102; setenv serverip 192.168.100.1; setenv tftpserverip 192.168.100.1
Tegra124 (Jetson TK1) # tftpboot 0x82000000 zImage.multi_v7_defconfig

Warning: eth_rtl8169 using MAC address from ROM
Using eth_rtl8169 device
TFTP from server 192.168.100.1; our IP address is 192.168.100.102
Filename 'zImage.multi_v7_defconfig'.
Load address: 0x82000000
Loading: *#################################################################
	 #################################################################
	 #################################################################
	 #################################################################
	 #################################################################
	 #################################################################
	 #################################################################
	 #################
	 3.9 MiB/s
done
Bytes transferred = 6919032 (699378 hex)
Tegra124 (Jetson TK1) # tftpboot 0x83000000 tegra124-jetson-tk1.dtb
Using eth_rtl8169 device
TFTP from server 192.168.100.1; our IP address is 192.168.100.102
Filename 'tegra124-jetson-tk1.dtb'.
Load address: 0x83000000
Loading: *#####
	 3.6 MiB/s
done
Bytes transferred = 64138 (fa8a hex)
Tegra124 (Jetson TK1) # bootz 0x82000000 - 0x83000000
Kernel image @ 0x82000000 [ 0x000000 - 0x699378 ]
## Flattened Device Tree blob at 83000000
   Booting using the fdt blob at 0x83000000
   Using Device Tree in place at 83000000, end 83012a89

Starting kernel ...

[    0.000000] Booting Linux on physical CPU 0x0
[    0.000000] Linux version 4.6.0-83646-g2dcd0af (pwalmsley@sellafield) (gcc version 4.7.3 20130328 (prerelease) (crosstool-NG linaro-1.13.1-4.7-2013.04-20130415 - Linaro GCC 2013.04) ) #1 SMP Mon May 16 02:17:45 PDT 2016
[    0.000000] CPU: ARMv7 Processor [413fc0f3] revision 3 (ARMv7), cr=10c5387d
[    0.000000] CPU: div instructions available: patching division code
[    0.000000] CPU: PIPT / VIPT nonaliasing data cache, PIPT instruction cache
[    0.000000] Machine model: NVIDIA Tegra124 Jetson TK1
[    0.000000] debug: ignoring loglevel setting.
[    0.000000] cma: Reserved 64 MiB at 0xfb800000
[    0.000000] Memory policy: Data cache writealloc
[    0.000000] On node 0 totalpages: 524032
[    0.000000] free_area_init_node: node 0, pgdat c141b3c0, node_mem_map eeff8000
[    0.000000]   DMA zone: 1536 pages used for memmap
[    0.000000]   DMA zone: 0 pages reserved
[    0.000000]   DMA zone: 196608 pages, LIFO batch:31
[    0.000000]   HighMem zone: 327424 pages, LIFO batch:31
[    0.000000] percpu: Embedded 12 pages/cpu @eef8f000 s19776 r8192 d21184 u49152
[    0.000000] pcpu-alloc: s19776 r8192 d21184 u49152 alloc=12*4096
[    0.000000] pcpu-alloc: [0] 0 [0] 1 [0] 2 [0] 3 
[    0.000000] Built 1 zonelists in Zone order, mobility grouping on.  Total pages: 522496
[    0.000000] Kernel command line: ignore_loglevel console=ttyS0,115200n8 rw root=PARTUUID=b1791faa-84e8-4e27-83a1-9fb0a77e8803 rootwait gpt debug noinitrd earlyprintk init=/bin/bash
[    0.000000] PID hash table entries: 4096 (order: 2, 16384 bytes)
[    0.000000] Dentry cache hash table entries: 131072 (order: 7, 524288 bytes)
[    0.000000] Inode-cache hash table entries: 65536 (order: 6, 262144 bytes)
[    0.000000] Memory: 1995024K/2096128K available (9522K kernel code, 1141K rwdata, 4108K rodata, 2048K init, 341K bss, 35568K reserved, 65536K cma-reserved, 1244160K highmem)
[    0.000000] Virtual kernel memory layout:
[    0.000000]     vector  : 0xffff0000 - 0xffff1000   (   4 kB)
[    0.000000]     fixmap  : 0xffc00000 - 0xfff00000   (3072 kB)
[    0.000000]     vmalloc : 0xf0800000 - 0xff800000   ( 240 MB)
[    0.000000]     lowmem  : 0xc0000000 - 0xf0000000   ( 768 MB)
[    0.000000]     pkmap   : 0xbfe00000 - 0xc0000000   (   2 MB)
[    0.000000]     modules : 0xbf000000 - 0xbfe00000   (  14 MB)
[    0.000000]       .text : 0xc0208000 - 0xc104fa34   (14623 kB)
[    0.000000]       .init : 0xc1100000 - 0xc1300000   (2048 kB)
[    0.000000]       .data : 0xc1300000 - 0xc141d400   (1141 kB)
[    0.000000]        .bss : 0xc141f000 - 0xc1474518   ( 342 kB)
[    0.000000] SLUB: HWalign=64, Order=0-3, MinObjects=0, CPUs=4, Nodes=1
[    0.000000] Hierarchical RCU implementation.
[    0.000000] 	Build-time adjustment of leaf fanout to 32.
[    0.000000] 	RCU restricting CPUs from NR_CPUS=16 to nr_cpu_ids=4.
[    0.000000] RCU: Adjusting geometry for rcu_fanout_leaf=32, nr_cpu_ids=4
[    0.000000] NR_IRQS:16 nr_irqs:16 16
[    0.000000] /interrupt-controller@60004000: 160 interrupts forwarded to /interrupt-controller@0,50041000
[    0.000000] Tegra clk 127: register failed with -17
[    0.000007] sched_clock: 32 bits at 1000kHz, resolution 1000ns, wraps every 2147483647500ns
[    0.000030] clocksource: timer_us: mask: 0xffffffff max_cycles: 0xffffffff, max_idle_ns: 1911260446275 ns
[    0.000044] Switching to timer-based delay loop, resolution 1000ns
[    0.005033] Architected cp15 timer(s) running at 12.00MHz (virt).
[    0.005051] clocksource: arch_sys_counter: mask: 0xffffffffffffff max_cycles: 0x2c47f4ee7, max_idle_ns: 440795202497 ns
[    0.005069] sched_clock: 56 bits at 12MHz, resolution 83ns, wraps every 4398046511096ns
[    0.005081] Switching to timer-based delay loop, resolution 83ns
[    0.005525] Console: colour dummy device 80x30
[    0.005551] Calibrating delay loop (skipped), value calculated using timer frequency.. 24.00 BogoMIPS (lpj=60000)
[    0.005565] pid_max: default: 32768 minimum: 301
[    0.005661] Mount-cache hash table entries: 2048 (order: 1, 8192 bytes)
[    0.005673] Mountpoint-cache hash table entries: 2048 (order: 1, 8192 bytes)
[    0.006275] CPU: Testing write buffer coherency: ok
[    0.006496] /cpus/cpu@0 missing clock-frequency property
[    0.006535] /cpus/cpu@1 missing clock-frequency property
[    0.006572] /cpus/cpu@2 missing clock-frequency property
[    0.006610] /cpus/cpu@3 missing clock-frequency property
[    0.006622] CPU0: thread -1, cpu 0, socket 0, mpidr 80000000
[    0.006666] Setting up static identity map for 0x80300000 - 0x80300098
[    0.009689] Tegra Revision: A01 SKU: 129 CPU Process: 1 SoC Process: 1
[    0.011161] CPU1: thread -1, cpu 1, socket 0, mpidr 80000001
[    0.011833] CPU2: thread -1, cpu 2, socket 0, mpidr 80000002
[    0.012482] CPU3: thread -1, cpu 3, socket 0, mpidr 80000003
[    0.012566] Brought up 4 CPUs
[    0.012587] SMP: Total of 4 processors activated (96.00 BogoMIPS).
[    0.012595] CPU: All CPU(s) started in SVC mode.
[    0.014060] devtmpfs: initialized
[    0.031916] VFP support v0.3: implementor 41 architecture 4 part 30 variant f rev 0
[    0.032671] clocksource: jiffies: mask: 0xffffffff max_cycles: 0xffffffff, max_idle_ns: 9556302231375000 ns
[    0.034253] pinctrl core: initialized pinctrl subsystem
[    0.036065] NET: Registered protocol family 16
[    0.038142] DMA: preallocated 256 KiB pool for atomic coherent allocations
[    0.054834] cpuidle: using governor menu
[    0.072642] No ATAGs?
[    0.072677] hw-breakpoint: found 5 (+1 reserved) breakpoint and 4 watchpoint registers.
[    0.072687] hw-breakpoint: maximum watchpoint size is 8 bytes.
[    0.078788] Serial: AMBA PL011 UART driver
[    0.110836] +USB0_VBUS_SW: Failed to request enable GPIO108: -517
[    0.110852] reg-fixed-voltage regulators:regulator@7: Failed to register regulator: -517
[    0.110941] +5V_USB_HS: Failed to request enable GPIO109: -517
[    0.110954] reg-fixed-voltage regulators:regulator@8: Failed to register regulator: -517
[    0.111115] +1.05V_RUN_AVDD_HDMI_PLL: Failed to request enable GPIO63: -517
[    0.111128] reg-fixed-voltage regulators:regulator@11: Failed to register regulator: -517
[    0.111211] +5V_HDMI_CON: Failed to request enable GPIO86: -517
[    0.111224] reg-fixed-voltage regulators:regulator@12: Failed to register regulator: -517
[    0.111308] +5V_SATA: Failed to request enable GPIO242: -517
[    0.111320] reg-fixed-voltage regulators:regulator@13: Failed to register regulator: -517
[    0.111404] +12V_SATA: Failed to request enable GPIO242: -517
[    0.111416] reg-fixed-voltage regulators:regulator@14: Failed to register regulator: -517
[    0.114988] vgaarb: loaded
[    0.116003] SCSI subsystem initialized
[    0.116183] libata version 3.00 loaded.
[    0.116484] usbcore: registered new interface driver usbfs
[    0.116551] usbcore: registered new interface driver hub
[    0.116615] usbcore: registered new device driver usb
[    0.120376] pps_core: LinuxPPS API ver. 1 registered
[    0.120385] pps_core: Software ver. 5.3.6 - Copyright 2005-2007 Rodolfo Giometti <giometti@linux.it>
[    0.120414] PTP clock support registered
[    0.120641] EDAC MC: Ver: 3.0.0
[    0.123954] clocksource: Switched to clocksource arch_sys_counter
[    0.135341] NET: Registered protocol family 2
[    0.135866] TCP established hash table entries: 8192 (order: 3, 32768 bytes)
[    0.135964] TCP bind hash table entries: 8192 (order: 4, 65536 bytes)
[    0.136151] TCP: Hash tables configured (established 8192 bind 8192)
[    0.136198] UDP hash table entries: 512 (order: 2, 16384 bytes)
[    0.136239] UDP-Lite hash table entries: 512 (order: 2, 16384 bytes)
[    0.136417] NET: Registered protocol family 1
[    0.136658] RPC: Registered named UNIX socket transport module.
[    0.136667] RPC: Registered udp transport module.
[    0.136674] RPC: Registered tcp transport module.
[    0.136681] RPC: Registered tcp NFSv4.1 backchannel transport module.
[    0.136700] PCI: CLS 0 bytes, default 64
[    0.137697] hw perfevents: enabled with armv7_cortex_a15 PMU driver, 7 counters available
[    0.139349] futex hash table entries: 1024 (order: 4, 65536 bytes)
[    0.140147] workingset: timestamp_bits=28 max_order=19 bucket_order=0
[    0.151953] squashfs: version 4.0 (2009/01/31) Phillip Lougher
[    0.152847] NFS: Registering the id_resolver key type
[    0.152878] Key type id_resolver registered
[    0.152886] Key type id_legacy registered
[    0.152949] ntfs: driver 2.1.32 [Flags: R/O].
[    0.154356] bounce: pool size: 64 pages
[    0.154576] Block layer SCSI generic (bsg) driver version 0.4 loaded (major 248)
[    0.154592] io scheduler noop registered
[    0.154606] io scheduler deadline registered
[    0.154643] io scheduler cfq registered (default)
[    0.175176] tegra-pcie 1003000.pcie-controller: 2x1, 1x1 configuration
[    0.175233] tegra-pcie 1003000.pcie-controller: Failed to get supply 'avddio-pex': -517
[    0.182630] tegra-apbdma 60020000.dma: Tegra20 APB DMA driver register 32 channels
[    0.184664] tegra-pmc 7000e400.pmc: emergency thermal reset enabled
[    0.247507] Serial: 8250/16550 driver, 4 ports, IRQ sharing disabled
[    0.250545] console [ttyS0] disabled
[    0.250580] 70006300.serial: ttyS0 at MMIO 0x70006300 (irq = 333, base_baud = 25500000) is a Tegra
[    1.073710] console [ttyS0] enabled
[    1.078106] SuperH (H)SCI(F) driver initialized
[    1.083698] msm_serial: driver initialized
[    1.088010] STMicroelectronics ASC driver initialized
[    1.095644] [drm] Initialized drm 1.1.0 20060810
[    1.103295] tegra-hdmi 54280000.hdmi: failed to get HDMI regulator
[    1.122634] brd: module loaded
[    1.131683] loop: module loaded
[    1.135398] at24 0-0056: 256 byte 24c02 EEPROM, writable, 8 bytes/write
[    1.143640] as3722 4-0040: AS3722 with revision 0x1 found
[    1.167290] +5V_SYS: supplied by +VDD_MUX
[    1.171357] +1.05V_RUN: supplied by +5V_SYS
[    1.175672] tegra-ahci 70027000.sata: Failed to get supply 'hvdd': -517
[    1.182345] tegra-ahci 70027000.sata: Failed to get regulators
[    1.203270] m25p80 spi32765.0: w25q32dw (4096 Kbytes)
[    1.211811] libphy: Fixed MDIO Bus: probed
[    1.216674] CAN device driver interface
[    1.222711] igb: Intel(R) Gigabit Ethernet Network Driver - version 5.3.0-k
[    1.229679] igb: Copyright (c) 2007-2014 Intel Corporation.
[    1.238834] pegasus: v0.9.3 (2013/04/25), Pegasus/Pegasus II USB Ethernet driver
[    1.246288] usbcore: registered new interface driver pegasus
[    1.252016] usbcore: registered new interface driver asix
[    1.257469] usbcore: registered new interface driver ax88179_178a
[    1.263623] usbcore: registered new interface driver cdc_ether
[    1.269528] usbcore: registered new interface driver smsc75xx
[    1.275346] usbcore: registered new interface driver smsc95xx
[    1.281151] usbcore: registered new interface driver net1080
[    1.286865] usbcore: registered new interface driver cdc_subset
[    1.292836] usbcore: registered new interface driver zaurus
[    1.298496] usbcore: registered new interface driver cdc_ncm
[    1.304422] tegra-phy 7d004000.usb-phy: no vbus regulator
[    1.311743] ehci_hcd: USB 2.0 'Enhanced' Host Controller (EHCI) Driver
[    1.318285] ehci-pci: EHCI PCI platform driver
[    1.322787] ehci-platform: EHCI generic platform driver
[    1.328240] ehci-omap: OMAP-EHCI Host Controller driver
[    1.333623] ehci-orion: EHCI orion driver
[    1.337799] SPEAr-ehci: EHCI SPEAr driver
[    1.341976] ehci-st: EHCI STMicroelectronics driver
[    1.347019] ehci-exynos: EHCI EXYNOS driver
[    1.351384] ehci-atmel: EHCI Atmel driver
[    1.355557] tegra-ehci: Tegra EHCI driver
[    1.359913] tegra-ehci 7d004000.usb: EHCI Host Controller
[    1.365343] tegra-ehci 7d004000.usb: new USB bus registered, assigned bus number 1
[    1.373086] tegra-ehci 7d004000.usb: irq 350, io mem 0x7d004000
[    1.388971] tegra-ehci 7d004000.usb: USB 2.0 started, EHCI 1.10
[    1.395757] hub 1-0:1.0: USB hub found
[    1.399556] hub 1-0:1.0: 1 port detected
[    1.404128] ohci_hcd: USB 1.1 'Open' Host Controller (OHCI) Driver
[    1.410328] ohci-pci: OHCI PCI platform driver
[    1.414838] ohci-platform: OHCI generic platform driver
[    1.420260] ohci-omap3: OHCI OMAP3 driver
[    1.424434] SPEAr-ohci: OHCI SPEAr driver
[    1.428591] ohci-st: OHCI STMicroelectronics driver
[    1.433633] ohci-atmel: OHCI Atmel driver
[    1.438491] usbcore: registered new interface driver usb-storage
[    1.446278] mousedev: PS/2 mouse device common for all mice
[    1.455412] as3722-rtc as3722-rtc: rtc core: registered as3722-rtc as rtc0
[    1.462299] as3722-rtc as3722-rtc: RTC interrupt 373
[    1.470694] tegra_rtc 7000e000.rtc: rtc core: registered 7000e000.rtc as rtc1
[    1.477883] tegra_rtc 7000e000.rtc: Tegra internal Real Time Clock
[    1.484674] i2c /dev entries driver
[    1.494751] 0-004c supply vcc not found, using dummy regulator
[    1.509820] sdhci: Secure Digital Host Controller Interface driver
[    1.516012] sdhci: Copyright(c) Pierre Ossman
[    1.522121] Synopsys Designware Multimedia Card Interface Driver
[    1.529391] sdhci-pltfm: SDHCI platform and OF driver helper
[    1.535872] sdhci-tegra 700b0400.sdhci: Got CD GPIO
[    1.540777] sdhci-tegra 700b0400.sdhci: Got WP GPIO
[    1.545714] mmc0: Unknown controller version (3). You may experience problems.
[    1.553228] mmc0: Unknown controller version (3). You may experience problems.
[    1.560534] mmc0: Invalid maximum block size, assuming 512 bytes
[    1.598970] mmc0: SDHCI controller on 700b0600.sdhci [700b0600.sdhci] using ADMA 64-bit
[    1.608980] ledtrig-cpu: registered to indicate activity on CPUs
[    1.615375] usbcore: registered new interface driver usbhid
[    1.620956] usbhid: USB HID core driver
[    1.633373] NET: Registered protocol family 10
[    1.638548] sit: IPv6 over IPv4 tunneling driver
[    1.643856] NET: Registered protocol family 17
[    1.648329] can: controller area network core (rev 20120528 abi 9)
[    1.654580] NET: Registered protocol family 29
[    1.659042] can: raw protocol (rev 20120528)
[    1.663309] can: broadcast manager protocol (rev 20120528 t)
[    1.668992] can: netlink gateway (rev 20130117) max_hops=1
[    1.674866] Key type dns_resolver registered
[    1.679784] ThumbEE CPU extension supported.
[    1.684081] Registering SWP/SWPB emulation handler
[    1.700352] tegra-pcie 1003000.pcie-controller: 2x1, 1x1 configuration
[    1.707268] +3.3V_SYS: supplied by +VDD_MUX
[    1.711626] +3.3V_LP0: supplied by +3.3V_SYS
[    1.716275] +1.35V_LP0(sd2): supplied by +5V_SYS
[    1.721042] +1.05V_RUN_AVDD: supplied by +1.35V_LP0(sd2)
[    1.728323] tegra-pcie 1003000.pcie-controller: probing port 0, using 2 lanes
[    1.737622] tegra-pcie 1003000.pcie-controller: Slot present pin change, signature: 00000008
[    1.760650] tegra-pcie 1003000.pcie-controller: probing port 1, using 1 lanes
[    1.769924] tegra-pcie 1003000.pcie-controller: Slot present pin change, signature: 00000000
[    1.780878] mmc0: new high speed MMC card at address 0001
[    1.784827] tegra-pcie 1003000.pcie-controller: PCI host bridge to bus 0000:00
[    1.784836] pci_bus 0000:00: root bus resource [io  0x0000-0xffff]
[    1.784843] pci_bus 0000:00: root bus resource [mem 0x13000000-0x1fffffff]
[    1.784850] pci_bus 0000:00: root bus resource [mem 0x20000000-0x3fffffff pref]
[    1.784857] pci_bus 0000:00: root bus resource [bus 00-ff]
[    1.784900] pci 0000:00:01.0: [10de:0e12] type 01 class 0x060400
[    1.785023] pci 0000:00:01.0: PME# supported from D0 D1 D2 D3hot D3cold
[    1.785383] pci 0000:00:02.0: [10de:0e13] type 01 class 0x060400
[    1.785499] pci 0000:00:02.0: PME# supported from D0 D1 D2 D3hot D3cold
[    1.785855] PCI: bus0: Fast back to back transfers disabled
[    1.785864] pci 0000:00:01.0: bridge configuration invalid ([bus 00-00]), reconfiguring
[    1.785879] pci 0000:00:02.0: bridge configuration invalid ([bus 00-00]), reconfiguring
[    1.786128] pci 0000:01:00.0: [8086:4232] type 00 class 0x028000
[    1.786181] pci 0000:01:00.0: reg 0x10: [mem 0x00000000-0x00001fff 64bit]
[    1.786409] pci 0000:01:00.0: PME# supported from D0 D3hot D3cold
[    1.794104] PCI: bus1: Fast back to back transfers disabled
[    1.794117] pci_bus 0000:01: busn_res: [bus 01-ff] end is updated to 01
[    1.794417] pci 0000:02:00.0: [10ec:8168] type 00 class 0x020000
[    1.794453] pci 0000:02:00.0: reg 0x10: [io  0x0000-0x00ff]
[    1.794494] pci 0000:02:00.0: reg 0x18: [mem 0x00000000-0x00000fff 64bit]
[    1.794521] pci 0000:02:00.0: reg 0x20: [mem 0x00000000-0x00003fff 64bit pref]
[    1.794698] pci 0000:02:00.0: supports D1 D2
[    1.794704] pci 0000:02:00.0: PME# supported from D0 D1 D2 D3hot D3cold
[    1.804096] PCI: bus2: Fast back to back transfers disabled
[    1.804110] pci_bus 0000:02: busn_res: [bus 02-ff] end is updated to 02
[    1.804287] pci 0000:00:01.0: BAR 8: assigned [mem 0x13000000-0x130fffff]
[    1.804296] pci 0000:00:02.0: BAR 8: assigned [mem 0x13100000-0x131fffff]
[    1.804306] pci 0000:00:02.0: BAR 9: assigned [mem 0x20000000-0x200fffff 64bit pref]
[    1.804313] pci 0000:00:02.0: BAR 7: assigned [io  0x1000-0x1fff]
[    1.804324] pci 0000:01:00.0: BAR 0: assigned [mem 0x13000000-0x13001fff 64bit]
[    1.804357] pci 0000:00:01.0: PCI bridge to [bus 01]
[    1.804369] pci 0000:00:01.0:   bridge window [mem 0x13000000-0x130fffff]
[    1.804387] pci 0000:02:00.0: BAR 4: assigned [mem 0x20000000-0x20003fff 64bit pref]
[    1.804415] pci 0000:02:00.0: BAR 2: assigned [mem 0x13100000-0x13100fff 64bit]
[    1.804442] pci 0000:02:00.0: BAR 0: assigned [io  0x1000-0x10ff]
[    1.804454] pci 0000:00:02.0: PCI bridge to [bus 02]
[    1.804462] pci 0000:00:02.0:   bridge window [io  0x1000-0x1fff]
[    1.804472] pci 0000:00:02.0:   bridge window [mem 0x13100000-0x131fffff]
[    1.804481] pci 0000:00:02.0:   bridge window [mem 0x20000000-0x200fffff 64bit pref]
[    1.804524] pci 0000:00:01.0: nv_msi_ht_cap_quirk didn't locate host bridge
[    1.804660] pcieport 0000:00:01.0: enabling device (0140 -> 0142)
[    1.804942] pcieport 0000:00:01.0: Signaling PME through PCIe PME interrupt
[    1.804948] pci 0000:01:00.0: Signaling PME through PCIe PME interrupt
[    1.804959] pcie_pme 0000:00:01.0:pcie01: service driver pcie_pme loaded
[    1.805052] pci 0000:00:02.0: nv_msi_ht_cap_quirk didn't locate host bridge
[    1.805141] pcieport 0000:00:02.0: enabling device (0140 -> 0143)
[    1.805377] pcieport 0000:00:02.0: Signaling PME through PCIe PME interrupt
[    1.805382] pci 0000:02:00.0: Signaling PME through PCIe PME interrupt
[    1.805392] pcie_pme 0000:00:02.0:pcie01: service driver pcie_pme loaded
[    1.805715] r8169 Gigabit Ethernet driver 2.3LK-NAPI loaded
[    1.805738] r8169 0000:02:00.0: enabling device (0140 -> 0143)
[    1.815928] r8169 0000:02:00.0 eth0: RTL8168g/8111g at 0xf0a12000, 00:04:4b:3a:d9:81, XID 0c000800 IRQ 391
[    1.815937] r8169 0000:02:00.0 eth0: jumbo features [frames: 9200 bytes, tx checksumming: ko]
[    1.817138] +5V_HDMI_CON: supplied by +5V_SYS
[    1.817297] +1.05V_RUN_AVDD_HDMI_PLL: supplied by +1.05V_RUN
[    1.817470] +3.3V_RUN: supplied by +3.3V_SYS
[    1.817535] +3.3V_AVDD_HDMI_AP_GATED: supplied by +3.3V_RUN
[    1.820354] [drm] Supports vblank timestamp caching Rev 2 (21.10.2013).
[    1.820357] [drm] No driver support for vblank timestamp query.
[    1.820398] drm drm: No connectors reported connected with modes
[    1.820407] [drm] Cannot find any crtc or sizes - going 1024x768
[    2.184260] mmcblk0: mmc0:0001 SEM16G 14.7 GiB 
[    2.185492] mmcblk0boot0: mmc0:0001 SEM16G partition 1 4.00 MiB
[    2.186466] mmcblk0boot1: mmc0:0001 SEM16G partition 2 4.00 MiB
[    2.189122] Console: switching to colour frame buffer device 128x48
[    2.194110] mmcblk0rpmb: mmc0:0001 SEM16G partition 3 4.00 MiB
[    2.196471]  mmcblk0: p1
[    2.227916] drm drm: fb0:  frame buffer device
[    2.244069] [drm] Initialized tegra 0.0.0 20120330 on minor 0
[    2.251241] +5V_SATA: supplied by +5V_SYS
[    2.255493] +12V_SATA: supplied by +VDD_MUX
[    2.260465] tegra-ahci 70027000.sata: AHCI 0001.0301 32 slots 2 ports 3 Gbps 0x1 impl platform mode
[    2.269541] tegra-ahci 70027000.sata: flags: 64bit ncq sntf pm led pio slum part sadm sds apst 
[    2.280403] scsi host0: tegra-ahci
[    2.285067] scsi host1: tegra-ahci
[    2.288816] ata1: SATA max UDMA/133 mmio [mem 0x70027000-0x70028fff] port 0x100 irq 343
[    2.296854] ata2: DUMMY
[    2.300952] +5V_USB_HS: supplied by +5V_SYS
[    2.306697] tegra-ehci 7d008000.usb: EHCI Host Controller
[    2.312163] tegra-ehci 7d008000.usb: new USB bus registered, assigned bus number 2
[    2.319946] tegra-ehci 7d008000.usb: irq 351, io mem 0x7d008000
[    2.334066] tegra-ehci 7d008000.usb: USB 2.0 started, EHCI 1.10
[    2.341217] hub 2-0:1.0: USB hub found
[    2.345089] hub 2-0:1.0: 1 port detected
[    2.350856] cpu: dev_pm_opp_of_cpumask_add_table: couldn't find opp table for cpu:0, -19
[    2.359052] cpufreq: cpufreq_online: CPU0: Running at unlisted freq: 696000 KHz
[    2.366453] cpufreq: cpufreq_online: CPU0: Unlisted initial frequency changed to: 714000 KHz
[    2.376324] sdhci-tegra 700b0400.sdhci: Got CD GPIO
[    2.381250] sdhci-tegra 700b0400.sdhci: Got WP GPIO
[    2.386213] mmc1: Unknown controller version (3). You may experience problems.
[    2.393573] +VDDIO_SDMMC3: supplied by +3.3V_RUN
[    2.398291] mmc1: Invalid maximum block size, assuming 512 bytes
[    2.439222] mmc1: SDHCI controller on 700b0400.sdhci [700b0400.sdhci] using ADMA 64-bit
[    2.447857] input: gpio-keys as /devices/soc0/gpio-keys/input/input0
[    2.454992] as3722-rtc as3722-rtc: setting system clock to 2000-01-01 00:00:45 UTC (946684845)
[    2.467041] +1.8V_RUN_CAM: disabling
[    2.470816] +2.8V_RUN_CAM: disabling
[    2.474561] +1.2V_RUN_CAM_FRONT: disabling
[    2.478895] +1.05V_RUN_CAM_REAR: disabling
[    2.483202] +3.3V_RUN_TOUCH: disabling
[    2.487112] +2.8V_RUN_CAM_AF: disabling
[    2.491106] +1.8V_RUN_VPP_FUSE: disabling
[    2.495277] +USB0_VBUS_SW: disabling
[    2.611401] ata1: SATA link down (SStatus 0 SControl 300)
[    2.617609] EXT4-fs (mmcblk0p1): mounting ext3 file system using the ext4 subsystem
[    2.639518] EXT4-fs (mmcblk0p1): recovery complete
[    2.644334] EXT4-fs (mmcblk0p1): mounted filesystem with ordered data mode. Opts: (null)
[    2.652428] VFS: Mounted root (ext3 filesystem) on device 179:1.
[    2.662577] devtmpfs: mounted
[    2.666192] Freeing unused kernel memory: 2048K (c1100000 - c1300000)
[    2.687926] mmc1: new high speed SDHC card at address aaaa
[    2.694531] mmcblk1: mmc1:aaaa SD04G 3.69 GiB 
[    2.710512]  mmcblk1: p1 p2 p3
bash: cannot set terminal process group (-1): Inappropriate ioctl for device
bash: no job control in this shell
root@(none):/# mount -t sysfs none /sys
root@(none):/# 
root@(none):/# mount -t debugfs none /sys/kernel/debug
root@(none):/# 
root@(none):/# rtcwake -d rtc1 -m mem -s 3
rtcwake: assuming RTC uses UTC ...
rtcwake: wakeup from "mem" using /dev/rtc1 at Thu Jan  1 00:00:18 1970
[    5.487509] PM: Syncing filesystems ... done.
[    5.522945] Freezing user space processes ... (elapsed 0.001 seconds) done.
[    5.531841] Freezing remaining freezable tasks ... (elapsed 0.001 seconds) done.
[    5.541329] Suspending console(s) (use no_console_suspend to debug)
[    5.637524] PM: suspend of devices complete after 86.025 msecs
[    5.647175] PM: late suspend of devices complete after 9.614 msecs
[    5.668501] PM: noirq suspend of devices complete after 21.298 msecs
[    5.668511] Disabling non-boot CPUs ...
[    5.670890] CPU1: shutdown
[    5.701646] CPU2: shutdown
[    5.719677] IRQ16 no longer affine to CPU3
[    5.720768] CPU3: shutdown
[    5.747488] Entering suspend state LP1
[    5.747502] Enabling non-boot CPUs ...
[    5.769765] CPU1 is up
[    5.794833] CPU2 is up
[    5.819976] CPU3 is up
[    5.820825] pcieport 0000:00:02.0: nv_msi_ht_cap_quirk didn't locate host bridge
[    5.820828] pcieport 0000:00:01.0: nv_msi_ht_cap_quirk didn't locate host bridge
[    5.834037] PM: noirq resume of devices complete after 14.056 msecs
[    5.835096] PM: early resume of devices complete after 0.753 msecs
[    5.864407] PM: resume of devices complete after 29.304 msecs
[    5.947037] Restarting tasks ... done.
root@(none):/# 
root@(none):/# [    6.176569] ata1: SATA link down (SStatus 0 SControl 300)
rtcwake -d rtc1 -m mem -s 3
rtcwake: assuming RTC uses UTC ...
rtcwake: wakeup from "mem" using /dev/rtc1 at Thu Jan  1 00:00:22 1970
[    6.337342] PM: Syncing filesystems ... done.
[    6.348096] Freezing user space processes ... (elapsed 0.001 seconds) done.
[    6.356386] Freezing remaining freezable tasks ... (elapsed 0.001 seconds) done.
[    6.365016] Suspending console(s) (use no_console_suspend to debug)
[    6.445640] PM: suspend of devices complete after 73.378 msecs
[    6.447626] PM: late suspend of devices complete after 1.975 msecs
[    6.459956] PM: noirq suspend of devices complete after 12.322 msecs
[    6.459958] Disabling non-boot CPUs ...
[    6.460594] CPU1: shutdown
[    6.475799] CPU2: shutdown
[    6.490503] CPU3: shutdown
[    6.504761] Entering suspend state LP1
[    6.504776] Enabling non-boot CPUs ...
[    6.529743] CPU1 is up
[    6.554816] CPU2 is up
[    6.579950] CPU3 is up
[    6.580775] pcieport 0000:00:02.0: nv_msi_ht_cap_quirk didn't locate host bridge
[    6.580777] pcieport 0000:00:01.0: nv_msi_ht_cap_quirk didn't locate host bridge
[    6.594015] PM: noirq resume of devices complete after 14.059 msecs
[    6.595510] PM: early resume of devices complete after 1.164 msecs
[    6.625436] PM: resume of devices complete after 29.915 msecs
[    6.704063] Restarting tasks ... done.
root@(none):/# 
root@(none):/# [    6.936567] ata1: SATA link down (SStatus 0 SControl 300)
rtcwake -d rtc1 -m mem -s 3
rtcwake: assuming RTC uses UTC ...
rtcwake: wakeup from "mem" using /dev/rtc1 at Thu Jan  1 00:00:26 1970
[    7.097158] PM: Syncing filesystems ... done.
[    7.109118] Freezing user space processes ... (elapsed 0.001 seconds) done.
[    7.117376] Freezing remaining freezable tasks ... (elapsed 0.001 seconds) done.
[    7.126151] Suspending console(s) (use no_console_suspend to debug)
[    7.205501] PM: suspend of devices complete after 72.004 msecs
[    7.207542] PM: late suspend of devices complete after 2.030 msecs
[    7.220068] PM: noirq suspend of devices complete after 12.519 msecs
[    7.220071] Disabling non-boot CPUs ...
[    7.220778] CPU1: shutdown
[    7.235623] IRQ16 no longer affine to CPU2
[    7.235968] CPU2: shutdown
[    7.260730] CPU3: shutdown
[    7.274819] Entering suspend state LP1
[    7.274833] Enabling non-boot CPUs ...
[    7.299720] CPU1 is up
[    7.324792] CPU2 is up
[    7.349934] CPU3 is up
[    7.350779] pcieport 0000:00:02.0: nv_msi_ht_cap_quirk didn't locate host bridge
[    7.350781] pcieport 0000:00:01.0: nv_msi_ht_cap_quirk didn't locate host bridge
[    7.363990] PM: noirq resume of devices complete after 14.051 msecs
[    7.365717] PM: early resume of devices complete after 1.420 msecs
[    7.394870] PM: resume of devices complete after 29.143 msecs
[    7.477571] Restarting tasks ... done.
root@(none):/# 
root@(none):/# [    7.706534] ata1: SATA link down (SStatus 0 SControl 300)
rtcwake -d rtc1 -m mem -s 3
rtcwake: assuming RTC uses UTC ...
rtcwake: wakeup from "mem" using /dev/rtc1 at Thu Jan  1 00:00:30 1970
[    7.864768] PM: Syncing filesystems ... done.
[    7.875013] Freezing user space processes ... (elapsed 0.001 seconds) done.
[    7.883279] Freezing remaining freezable tasks ... (elapsed 0.001 seconds) done.
[    7.891914] Suspending console(s) (use no_console_suspend to debug)
[    7.970315] PM: suspend of devices complete after 71.161 msecs
[    7.971923] PM: late suspend of devices complete after 1.602 msecs
[    7.984861] PM: noirq suspend of devices complete after 12.932 msecs
[    7.984864] Disabling non-boot CPUs ...
[    7.985505] CPU1: shutdown
[    8.000775] CPU2: shutdown
[    8.015514] CPU3: shutdown
[    8.029703] Entering suspend state LP1
[    8.029717] Enabling non-boot CPUs ...
[    8.054701] CPU1 is up
[    8.079777] CPU2 is up
[    8.104916] CPU3 is up
[    8.105699] pcieport 0000:00:02.0: nv_msi_ht_cap_quirk didn't locate host bridge
[    8.105821] pcieport 0000:00:01.0: nv_msi_ht_cap_quirk didn't locate host bridge
[    8.118963] PM: noirq resume of devices complete after 14.042 msecs
[    8.120637] PM: early resume of devices complete after 1.332 msecs
[    8.149487] PM: resume of devices complete after 28.841 msecs
[    8.228107] Restarting tasks ... done.
root@(none):/# 
root@(none):/# [    8.461552] ata1: SATA link down (SStatus 0 SControl 300)
rtcwake -d rtc1 -m mem -s 3
rtcwake: assuming RTC uses UTC ...
rtcwake: wakeup from "mem" using /dev/rtc1 at Thu Jan  1 00:00:34 1970
[    8.625918] PM: Syncing filesystems ... done.
[    8.636916] Freezing user space processes ... (elapsed 0.001 seconds) done.
[    8.645190] Freezing remaining freezable tasks ... (elapsed 0.001 seconds) done.
[    8.653856] Suspending console(s) (use no_console_suspend to debug)
[    8.730871] PM: suspend of devices complete after 69.664 msecs
[    8.733076] PM: late suspend of devices complete after 2.192 msecs
[    8.745019] PM: noirq suspend of devices complete after 11.934 msecs
[    8.745022] Disabling non-boot CPUs ...
[    8.745747] CPU1: shutdown
[    8.760950] CPU2: shutdown
[    8.775603] CPU3: shutdown
[    8.789783] Entering suspend state LP1
[    8.789797] Enabling non-boot CPUs ...
[    8.814670] CPU1 is up
[    8.839738] CPU2 is up
[    8.864881] CPU3 is up
[    8.865675] pcieport 0000:00:02.0: nv_msi_ht_cap_quirk didn't locate host bridge
[    8.865784] pcieport 0000:00:01.0: nv_msi_ht_cap_quirk didn't locate host bridge
[    8.878941] PM: noirq resume of devices complete after 14.053 msecs
[    8.880658] PM: early resume of devices complete after 1.396 msecs
[    8.910321] PM: resume of devices complete after 29.653 msecs
[    8.988966] Restarting tasks ... done.
root@(none):/# 
root@(none):/# [    9.221524] ata1: SATA link down (SStatus 0 SControl 300)
rtcwake -d rtc1 -m mem -s 3
rtcwake: assuming RTC uses UTC ...
rtcwake: wakeup from "mem" using /dev/rtc1 at Thu Jan  1 00:00:38 1970
[    9.380590] PM: Syncing filesystems ... done.
[    9.392052] Freezing user space processes ... (elapsed 0.001 seconds) done.
[    9.400368] Freezing remaining freezable tasks ... (elapsed 0.001 seconds) done.
[    9.409030] Suspending console(s) (use no_console_suspend to debug)
[    9.485546] PM: suspend of devices complete after 69.169 msecs
[    9.487448] PM: late suspend of devices complete after 1.891 msecs
[    9.499948] PM: noirq suspend of devices complete after 12.492 msecs
[    9.499951] Disabling non-boot CPUs ...
[    9.500667] CPU1: shutdown
[    9.515602] IRQ16 no longer affine to CPU2
[    9.515928] CPU2: shutdown
[    9.540580] CPU3: shutdown
[    9.554780] Entering suspend state LP1
[    9.554794] Enabling non-boot CPUs ...
[    9.579659] CPU1 is up
[    9.604740] CPU2 is up
[    9.629879] CPU3 is up
[    9.630695] pcieport 0000:00:02.0: nv_msi_ht_cap_quirk didn't locate host bridge
[    9.630698] pcieport 0000:00:01.0: nv_msi_ht_cap_quirk didn't locate host bridge
[    9.643921] PM: noirq resume of devices complete after 14.037 msecs
[    9.645714] PM: early resume of devices complete after 1.473 msecs
[    9.674528] PM: resume of devices complete after 28.806 msecs
[    9.757180] Restarting tasks ... done.
root@(none):/# 
root@(none):/# [    9.986488] ata1: SATA link down (SStatus 0 SControl 300)
rtcwake -d rtc1 -m mem -s 3
rtcwake: assuming RTC uses UTC ...
rtcwake: wakeup from "mem" using /dev/rtc1 at Thu Jan  1 00:00:42 1970
[   10.146304] PM: Syncing filesystems ... done.
[   10.157386] Freezing user space processes ... (elapsed 0.001 seconds) done.
[   10.165687] Freezing remaining freezable tasks ... (elapsed 0.001 seconds) done.
[   10.174419] Suspending console(s) (use no_console_suspend to debug)
[   10.250575] PM: suspend of devices complete after 68.908 msecs
[   10.253071] PM: late suspend of devices complete after 2.485 msecs
[   10.264839] PM: noirq suspend of devices complete after 11.760 msecs
[   10.264842] Disabling non-boot CPUs ...
[   10.265195] IRQ16 no longer affine to CPU1
[   10.265495] CPU1: shutdown
[   10.280670] CPU2: shutdown
[   10.295450] CPU3: shutdown
[   10.309627] Entering suspend state LP1
[   10.309640] Enabling non-boot CPUs ...
[   10.334634] CPU1 is up
[   10.359700] CPU2 is up
[   10.384856] CPU3 is up
[   10.385655] pcieport 0000:00:02.0: nv_msi_ht_cap_quirk didn't locate host bridge
[   10.385752] pcieport 0000:00:01.0: nv_msi_ht_cap_quirk didn't locate host bridge
[   10.398898] PM: noirq resume of devices complete after 14.037 msecs
[   10.400636] PM: early resume of devices complete after 1.408 msecs
[   10.430089] PM: resume of devices complete after 29.446 msecs
[   10.512761] Restarting tasks ... done.
root@(none):/# 
root@(none):/# [   10.741439] ata1: SATA link down (SStatus 0 SControl 300)
rtcwake -d rtc1 -m mem -s 3
rtcwake: assuming RTC uses UTC ...
rtcwake: wakeup from "mem" using /dev/rtc1 at Thu Jan  1 00:00:46 1970
[   10.901608] PM: Syncing filesystems ... done.
[   10.912710] Freezing user space processes ... (elapsed 0.001 seconds) done.
[   10.921007] Freezing remaining freezable tasks ... (elapsed 0.001 seconds) done.
[   10.929743] Suspending console(s) (use no_console_suspend to debug)
[   11.010235] PM: suspend of devices complete after 73.254 msecs
[   11.011932] PM: late suspend of devices complete after 1.686 msecs
[   11.024815] PM: noirq suspend of devices complete after 12.875 msecs
[   11.024818] Disabling non-boot CPUs ...
[   11.025466] CPU1: shutdown
[   11.040644] CPU2: shutdown
[   11.065139] IRQ16 no longer affine to CPU3
[   11.065460] CPU3: shutdown
[   11.079606] Entering suspend state LP1
[   11.079619] Enabling non-boot CPUs ...
[   11.104602] CPU1 is up
[   11.129678] CPU2 is up
[   11.154821] CPU3 is up
[   11.155595] pcieport 0000:00:02.0: nv_msi_ht_cap_quirk didn't locate host bridge
[   11.155699] pcieport 0000:00:01.0: nv_msi_ht_cap_quirk didn't locate host bridge
[   11.168874] PM: noirq resume of devices complete after 14.047 msecs
[   11.170464] PM: early resume of devices complete after 1.282 msecs
[   11.199844] PM: resume of devices complete after 29.370 msecs
[   11.282590] Restarting tasks ... done.
root@(none):/# 
root@(none):/# [   11.511426] ata1: SATA link down (SStatus 0 SControl 300)
rtcwake -d rtc1 -m mem -s 3
rtcwake: assuming RTC uses UTC ...
rtcwake: wakeup from "mem" using /dev/rtc1 at Thu Jan  1 00:00:50 1970
[   11.669345] PM: Syncing filesystems ... done.
[   11.679589] Freezing user space processes ... (elapsed 0.001 seconds) done.
[   11.687861] Freezing remaining freezable tasks ... (elapsed 0.001 seconds) done.
[   11.696509] Suspending console(s) (use no_console_suspend to debug)
[   11.775703] PM: suspend of devices complete after 71.963 msecs
[   11.777694] PM: late suspend of devices complete after 1.980 msecs
[   11.789797] PM: noirq suspend of devices complete after 12.096 msecs
[   11.789800] Disabling non-boot CPUs ...
[   11.790462] CPU1: shutdown
[   11.805659] CPU2: shutdown
[   11.820342] CPU3: shutdown
[   11.834591] Entering suspend state LP1
[   11.834605] Enabling non-boot CPUs ...
[   11.859580] CPU1 is up
[   11.884650] CPU2 is up
[   11.909796] CPU3 is up
[   11.910581] pcieport 0000:00:02.0: nv_msi_ht_cap_quirk didn't locate host bridge
[   11.910691] pcieport 0000:00:01.0: nv_msi_ht_cap_quirk didn't locate host bridge
[   11.923849] PM: noirq resume of devices complete after 14.048 msecs
[   11.925408] PM: early resume of devices complete after 1.242 msecs
[   11.954819] PM: resume of devices complete after 29.401 msecs
[   12.033435] Restarting tasks ... done.
root@(none):/# 
root@(none):/# [   12.266441] ata1: SATA link down (SStatus 0 SControl 300)
rtcwake -d rtc1 -m mem -s 3
rtcwake: assuming RTC uses UTC ...
rtcwake: wakeup from "mem" using /dev/rtc1 at Thu Jan  1 00:00:54 1970
[   12.427928] PM: Syncing filesystems ... done.
[   12.439569] Freezing user space processes ... (elapsed 0.001 seconds) done.
[   12.447841] Freezing remaining freezable tasks ... (elapsed 0.001 seconds) done.
[   12.456601] Suspending console(s) (use no_console_suspend to debug)
[   12.535508] PM: suspend of devices complete after 71.539 msecs
[   12.537316] PM: late suspend of devices complete after 1.802 msecs
[   12.549875] PM: noirq suspend of devices complete after 12.551 msecs
[   12.549878] Disabling non-boot CPUs ...
[   12.550588] CPU1: shutdown
[   12.565808] CPU2: shutdown
[   12.580556] CPU3: shutdown
[   12.594650] Entering suspend state LP1
[   12.594663] Enabling non-boot CPUs ...
[   12.619556] CPU1 is up
[   12.644630] CPU2 is up
[   12.669771] CPU3 is up
[   12.670560] pcieport 0000:00:02.0: nv_msi_ht_cap_quirk didn't locate host bridge
[   12.670667] pcieport 0000:00:01.0: nv_msi_ht_cap_quirk didn't locate host bridge
[   12.683824] PM: noirq resume of devices complete after 14.047 msecs
[   12.685478] PM: early resume of devices complete after 1.317 msecs
[   12.714286] PM: resume of devices complete after 28.801 msecs
[   12.792666] Restarting tasks ... done.
root@(none):/# 
root@(none):/# NVTB SYSTEM SUSPEND TEST COMPLETE
[   13.026380] ata1: SATA link down (SStatus 0 SControl 300)
