
U-Boot SPL 2014.07-00097-g772e173 (Jul 25 2014 - 20:02:52)


U-Boot 2014.07-00097-g772e173 (Jul 25 2014 - 20:02:52)

TEGRA124
Board: NVIDIA Jetson TK1
I2C:   ready
DRAM:  2 GiB
MMC:   Tegra SD/MMC: 0, Tegra SD/MMC: 1
In:    serial
Out:   serial
Err:   serial
Net:   Net Initialization Skipped
No ethernet found.
Hit any key to stop autoboot:  2  0 
Tegra124 (Jetson TK1) # 
Tegra124 (Jetson TK1) # usb reset
(Re)start USB...
USB0:   USB EHCI 1.10
scanning bus 0 for devices... 1 USB Device(s) found
USB1:   USB EHCI 1.10
scanning bus 1 for devices... 2 USB Device(s) found
       scanning usb for storage devices... 0 Storage Device(s) found
       scanning usb for ethernet devices... 
Warning: asx0 using MAC address from net device
1 Ethernet Device(s) found
Tegra124 (Jetson TK1) # setenv bootargs 'ignore_loglevel console=ttyS0,115200n8 rw root=/dev/mmcblk0p1 rootwait gpt debug init=/bin/bash noinitrd'
Tegra124 (Jetson TK1) # setenv ipaddr 192.168.100.102; setenv serverip 192.168.100.1; setenv tftpserverip 192.168.100.1
Tegra124 (Jetson TK1) # tftpboot 0x81000000 zImage.multi_v7_defconfig
Waiting for Ethernet connection... done.
Using asx0 device
TFTP from server 192.168.100.1; our IP address is 192.168.100.102
Filename 'zImage.multi_v7_defconfig'.
Load address: 0x81000000
Loading: *#################################################################
	 #################################################################
	 #################################################################
	 #################################################################
	 #################################################################
	 #################################################################
	 ##############################
	 3.1 MiB/s
done
Bytes transferred = 6155136 (5deb80 hex)
Tegra124 (Jetson TK1) # tftpboot 0x82000000 tegra124-jetson-tk1.dtb
Using asx0 device
TFTP from server 192.168.100.1; our IP address is 192.168.100.102
Filename 'tegra124-jetson-tk1.dtb'.
Load address: 0x82000000
Loading: *#####
	 2.9 MiB/s
done
Bytes transferred = 62999 (f617 hex)
Tegra124 (Jetson TK1) # bootz 0x81000000 - 0x82000000
Kernel image @ 0x81000000 [ 0x000000 - 0x5deb80 ]
## Flattened Device Tree blob at 82000000
   Booting using the fdt blob at 0x82000000
   Using Device Tree in place at 82000000, end 82012616

Starting kernel ...

[    0.000000] Booting Linux on physical CPU 0x0
[    0.000000] Linux version 4.2.0-rc7-28329-gf4566ed (pwalmsley@sellafield) (gcc version 4.7.3 20130328 (prerelease) (crosstool-NG linaro-1.13.1-4.7-2013.04-20130415 - Linaro GCC 2013.04) ) #1 SMP Wed Aug 19 07:52:38 PDT 2015
[    0.000000] CPU: ARMv7 Processor [413fc0f3] revision 3 (ARMv7), cr=10c5387d
[    0.000000] CPU: PIPT / VIPT nonaliasing data cache, PIPT instruction cache
[    0.000000] Machine model: NVIDIA Tegra124 Jetson TK1
[    0.000000] debug: ignoring loglevel setting.
[    0.000000] cma: Reserved 64 MiB at 0xfb800000
[    0.000000] Memory policy: Data cache writealloc
[    0.000000] On node 0 totalpages: 524032
[    0.000000] free_area_init_node: node 0, pgdat c0efdb00, node_mem_map ee7f8000
[    0.000000]   DMA zone: 1520 pages used for memmap
[    0.000000]   DMA zone: 0 pages reserved
[    0.000000]   DMA zone: 194560 pages, LIFO batch:31
[    0.000000]   HighMem zone: 329472 pages, LIFO batch:31
[    0.000000] PERCPU: Embedded 11 pages/cpu @ee794000 s14784 r8192 d22080 u45056
[    0.000000] pcpu-alloc: s14784 r8192 d22080 u45056 alloc=11*4096
[    0.000000] pcpu-alloc: [0] 0 [0] 1 [0] 2 [0] 3 
[    0.000000] Built 1 zonelists in Zone order, mobility grouping on.  Total pages: 522512
[    0.000000] Kernel command line: ignore_loglevel console=ttyS0,115200n8 rw root=/dev/mmcblk0p1 rootwait gpt debug init=/bin/bash noinitrd
[    0.000000] PID hash table entries: 4096 (order: 2, 16384 bytes)
[    0.000000] Dentry cache hash table entries: 131072 (order: 7, 524288 bytes)
[    0.000000] Inode-cache hash table entries: 65536 (order: 6, 262144 bytes)
[    0.000000] Memory: 1999308K/2096128K available (7782K kernel code, 1038K rwdata, 3508K rodata, 944K init, 327K bss, 31284K reserved, 65536K cma-reserved, 1252352K highmem)
[    0.000000] Virtual kernel memory layout:
[    0.000000]     vector  : 0xffff0000 - 0xffff1000   (   4 kB)
[    0.000000]     fixmap  : 0xffc00000 - 0xfff00000   (3072 kB)
[    0.000000]     vmalloc : 0xf0000000 - 0xff000000   ( 240 MB)
[    0.000000]     lowmem  : 0xc0000000 - 0xef800000   ( 760 MB)
[    0.000000]     pkmap   : 0xbfe00000 - 0xc0000000   (   2 MB)
[    0.000000]     modules : 0xbf000000 - 0xbfe00000   (  14 MB)
[    0.000000]       .text : 0xc0208000 - 0xc0d0faa0   (11295 kB)
[    0.000000]       .init : 0xc0d10000 - 0xc0dfc000   ( 944 kB)
[    0.000000]       .data : 0xc0dfc000 - 0xc0effb00   (1039 kB)
[    0.000000]        .bss : 0xc0f02000 - 0xc0f53c28   ( 328 kB)
[    0.000000] SLUB: HWalign=64, Order=0-3, MinObjects=0, CPUs=4, Nodes=1
[    0.000000] Hierarchical RCU implementation.
[    0.000000] 	Additional per-CPU info printed with stalls.
[    0.000000] 	Build-time adjustment of leaf fanout to 32.
[    0.000000] 	RCU restricting CPUs from NR_CPUS=16 to nr_cpu_ids=4.
[    0.000000] RCU: Adjusting geometry for rcu_fanout_leaf=32, nr_cpu_ids=4
[    0.000000] NR_IRQS:16 nr_irqs:16 16
[    0.000000] /interrupt-controller@60004000: 160 interrupts forwarded to /interrupt-controller@0,50041000
[    0.000000] L2C: failed to init: -19
[    0.000009] sched_clock: 32 bits at 1000kHz, resolution 1000ns, wraps every 2147483647500ns
[    0.000028] clocksource: timer_us: mask: 0xffffffff max_cycles: 0xffffffff, max_idle_ns: 1911260446275 ns
[    0.000041] Switching to timer-based delay loop, resolution 1000ns
[    0.004301] Architected cp15 timer(s) running at 12.00MHz (virt).
[    0.004319] clocksource: arch_sys_counter: mask: 0xffffffffffffff max_cycles: 0x2c47f4ee7, max_idle_ns: 440795202497 ns
[    0.004337] sched_clock: 56 bits at 12MHz, resolution 83ns, wraps every 4398046511096ns
[    0.004349] Switching to timer-based delay loop, resolution 83ns
[    0.004764] Console: colour dummy device 80x30
[    0.004788] Calibrating delay loop (skipped), value calculated using timer frequency.. 24.00 BogoMIPS (lpj=60000)
[    0.004802] pid_max: default: 32768 minimum: 301
[    0.004913] Mount-cache hash table entries: 2048 (order: 1, 8192 bytes)
[    0.004925] Mountpoint-cache hash table entries: 2048 (order: 1, 8192 bytes)
[    0.005513] CPU: Testing write buffer coherency: ok
[    0.005718] /cpus/cpu@0 missing clock-frequency property
[    0.005755] /cpus/cpu@1 missing clock-frequency property
[    0.005791] /cpus/cpu@2 missing clock-frequency property
[    0.005829] /cpus/cpu@3 missing clock-frequency property
[    0.005840] CPU0: thread -1, cpu 0, socket 0, mpidr 80000000
[    0.005887] Setting up static identity map for 0x80209000 - 0x80209098
[    0.008641] Tegra Revision: A01 SKU: 129 CPU Process: 1 Core Process: 1
[    0.009857] CPU1: thread -1, cpu 1, socket 0, mpidr 80000001
[    0.010437] CPU2: thread -1, cpu 2, socket 0, mpidr 80000002
[    0.011007] CPU3: thread -1, cpu 3, socket 0, mpidr 80000003
[    0.011070] Brought up 4 CPUs
[    0.011089] SMP: Total of 4 processors activated (96.00 BogoMIPS).
[    0.011096] CPU: All CPU(s) started in SVC mode.
[    0.011615] devtmpfs: initialized
[    0.030165] VFP support v0.3: implementor 41 architecture 4 part 30 variant f rev 0
[    0.030941] clocksource: jiffies: mask: 0xffffffff max_cycles: 0xffffffff, max_idle_ns: 9556302231375000 ns
[    0.032621] pinctrl core: initialized pinctrl subsystem
[    0.034241] NET: Registered protocol family 16
[    0.036192] DMA: preallocated 256 KiB pool for atomic coherent allocations
[    0.049129] cpuidle: using governor ladder
[    0.064148] cpuidle: using governor menu
[    0.080799] No ATAGs?
[    0.080836] hw-breakpoint: found 5 (+1 reserved) breakpoint and 4 watchpoint registers.
[    0.080846] hw-breakpoint: maximum watchpoint size is 8 bytes.
[    0.085422] Serial: AMBA PL011 UART driver
[    0.114733] +USB0_VBUS_SW: Failed to request enable GPIO108: -517
[    0.114858] reg-fixed-voltage regulators:regulator@7: Failed to register regulator: -517
[    0.115079] +5V_USB_HS: Failed to request enable GPIO109: -517
[    0.115192] reg-fixed-voltage regulators:regulator@8: Failed to register regulator: -517
[    0.115485] +1.05V_RUN_AVDD_HDMI_PLL: Failed to request enable GPIO63: -517
[    0.115598] reg-fixed-voltage regulators:regulator@11: Failed to register regulator: -517
[    0.115812] +5V_HDMI_CON: Failed to request enable GPIO86: -517
[    0.115922] reg-fixed-voltage regulators:regulator@12: Failed to register regulator: -517
[    0.116133] +5V_SATA: Failed to request enable GPIO242: -517
[    0.116243] reg-fixed-voltage regulators:regulator@13: Failed to register regulator: -517
[    0.116455] +12V_SATA: Failed to request enable GPIO242: -517
[    0.116566] reg-fixed-voltage regulators:regulator@14: Failed to register regulator: -517
[    0.119492] vgaarb: loaded
[    0.120287] SCSI subsystem initialized
[    0.120465] libata version 3.00 loaded.
[    0.120785] usbcore: registered new interface driver usbfs
[    0.120849] usbcore: registered new interface driver hub
[    0.120922] usbcore: registered new device driver usb
[    0.124446] pps_core: LinuxPPS API ver. 1 registered
[    0.124456] pps_core: Software ver. 5.3.6 - Copyright 2005-2007 Rodolfo Giometti <giometti@linux.it>
[    0.124484] PTP clock support registered
[    0.124705] EDAC MC: Ver: 3.0.0
[    0.127865] clocksource: Switched to clocksource arch_sys_counter
[    0.138793] NET: Registered protocol family 2
[    0.139309] TCP established hash table entries: 8192 (order: 3, 32768 bytes)
[    0.139408] TCP bind hash table entries: 8192 (order: 4, 65536 bytes)
[    0.139594] TCP: Hash tables configured (established 8192 bind 8192)
[    0.139646] UDP hash table entries: 512 (order: 2, 16384 bytes)
[    0.139687] UDP-Lite hash table entries: 512 (order: 2, 16384 bytes)
[    0.139856] NET: Registered protocol family 1
[    0.140131] RPC: Registered named UNIX socket transport module.
[    0.140141] RPC: Registered udp transport module.
[    0.140148] RPC: Registered tcp transport module.
[    0.140155] RPC: Registered tcp NFSv4.1 backchannel transport module.
[    0.140174] PCI: CLS 0 bytes, default 64
[    0.142425] futex hash table entries: 1024 (order: 4, 65536 bytes)
[    0.154545] squashfs: version 4.0 (2009/01/31) Phillip Lougher
[    0.155516] NFS: Registering the id_resolver key type
[    0.155544] Key type id_resolver registered
[    0.155552] Key type id_legacy registered
[    0.155619] ntfs: driver 2.1.32 [Flags: R/O].
[    0.156672] bounce: pool size: 64 pages
[    0.156888] Block layer SCSI generic (bsg) driver version 0.4 loaded (major 249)
[    0.156905] io scheduler noop registered
[    0.156920] io scheduler deadline registered
[    0.157114] io scheduler cfq registered (default)
[    0.173685] tegra-pcie 1003000.pcie-controller: 2x1, 1x1 configuration
[    0.173735] tegra-pcie 1003000.pcie-controller: Failed to get supply 'avddio-pex': -517
[    0.180597] tegra-apbdma 60020000.dma: Tegra20 APB DMA driver register 32 channels
[    0.181650] tegra-pmc 7000e400.pmc: emergency thermal reset enabled
[    0.240978] Serial: 8250/16550 driver, 4 ports, IRQ sharing disabled
[    0.243256] SuperH (H)SCI(F) driver initialized
[    0.244213] msm_serial: driver initialized
[    0.245042] console [ttyS0] disabled
[    0.245076] 70006300.serial: ttyS0 at MMIO 0x70006300 (irq = 331, base_baud = 25500000) is a Tegra
[    1.060826] console [ttyS0] enabled
[    1.065174] STMicroelectronics ASC driver initialized
[    1.072585] [drm] Initialized drm 1.1.0 20060810
[    1.079293] tegra-hdmi 54280000.hdmi: failed to get HDMI regulator
[    1.092471] loop: module loaded
[    1.095929] at24 0-0056: 256 byte 24c02 EEPROM, writable, 8 bytes/write
[    1.103973] as3722 4-0040: AS3722 with revision 0x1 found
[    1.127169] +5V_SYS: supplied by +VDD_MUX
[    1.131238] +1.05V_RUN: supplied by +5V_SYS
[    1.135533] tegra-ahci 70027000.sata: Failed to get supply 'hvdd': -517
[    1.142204] tegra-ahci 70027000.sata: Failed to get regulators
[    1.152879] m25p80 spi32765.0: w25q32dw (4096 Kbytes)
[    1.161300] CAN device driver interface
[    1.166483] igb: Intel(R) Gigabit Ethernet Network Driver - version 5.2.18-k
[    1.173532] igb: Copyright (c) 2007-2014 Intel Corporation.
[    1.182174] pegasus: v0.9.3 (2013/04/25), Pegasus/Pegasus II USB Ethernet driver
[    1.189624] usbcore: registered new interface driver pegasus
[    1.195370] usbcore: registered new interface driver asix
[    1.200826] usbcore: registered new interface driver ax88179_178a
[    1.206974] usbcore: registered new interface driver cdc_ether
[    1.212895] usbcore: registered new interface driver smsc75xx
[    1.218717] usbcore: registered new interface driver smsc95xx
[    1.224517] usbcore: registered new interface driver net1080
[    1.230231] usbcore: registered new interface driver cdc_subset
[    1.236205] usbcore: registered new interface driver zaurus
[    1.241877] usbcore: registered new interface driver cdc_ncm
[    1.247802] tegra-phy 7d004000.usb-phy: no vbus regulator
[    1.255321] ehci_hcd: USB 2.0 'Enhanced' Host Controller (EHCI) Driver
[    1.261860] ehci-pci: EHCI PCI platform driver
[    1.266363] ehci-platform: EHCI generic platform driver
[    1.271810] ehci-omap: OMAP-EHCI Host Controller driver
[    1.277188] ehci-orion: EHCI orion driver
[    1.281352] SPEAr-ehci: EHCI SPEAr driver
[    1.285520] ehci-st: EHCI STMicroelectronics driver
[    1.290552] ehci-exynos: EHCI EXYNOS driver
[    1.294917] ehci-atmel: EHCI Atmel driver
[    1.299083] tegra-ehci: Tegra EHCI driver
[    1.303418] tegra-ehci 7d004000.usb: EHCI Host Controller
[    1.308845] tegra-ehci 7d004000.usb: new USB bus registered, assigned bus number 1
[    1.316597] tegra-ehci 7d004000.usb: irq 347, io mem 0x7d004000
[    1.327891] tegra-ehci 7d004000.usb: USB 2.0 started, EHCI 1.10
[    1.334659] hub 1-0:1.0: USB hub found
[    1.338470] hub 1-0:1.0: 1 port detected
[    1.343082] ohci_hcd: USB 1.1 'Open' Host Controller (OHCI) Driver
[    1.349294] ohci-pci: OHCI PCI platform driver
[    1.353811] ohci-platform: OHCI generic platform driver
[    1.359235] ohci-omap3: OHCI OMAP3 driver
[    1.363409] SPEAr-ohci: OHCI SPEAr driver
[    1.367566] ohci-st: OHCI STMicroelectronics driver
[    1.372608] ohci-atmel: OHCI Atmel driver
[    1.376882] usbcore: registered new interface driver usb-storage
[    1.384488] mousedev: PS/2 mouse device common for all mice
[    1.393957] as3722-rtc as3722-rtc: rtc core: registered as3722-rtc as rtc0
[    1.400844] as3722-rtc as3722-rtc: RTC interrupt 366
[    1.409179] tegra_rtc 7000e000.rtc: rtc core: registered 7000e000.rtc as rtc1
[    1.416362] tegra_rtc 7000e000.rtc: Tegra internal Real Time Clock
[    1.423133] i2c /dev entries driver
[    1.431498] 0-004c supply vcc not found, using dummy regulator
[    1.442682] sdhci: Secure Digital Host Controller Interface driver
[    1.448874] sdhci: Copyright(c) Pierre Ossman
[    1.454875] Synopsys Designware Multimedia Card Interface Driver
[    1.462034] sdhci-pltfm: SDHCI platform and OF driver helper
[    1.468448] sdhci-tegra 700b0400.sdhci: Got CD GPIO
[    1.473352] sdhci-tegra 700b0400.sdhci: Got WP GPIO
[    1.478285] mmc0: Unknown controller version (3). You may experience problems.
[    1.485604] +VDDIO_SDMMC3: supplied by regulator-dummy
[    1.490845] sdhci-tegra 700b0400.sdhci: No vmmc regulator found
[    1.496799] mmc0: Invalid maximum block size, assuming 512 bytes
[    1.537992] mmc0: SDHCI controller on 700b0400.sdhci [700b0400.sdhci] using ADMA 64-bit
[    1.546129] mmc1: Unknown controller version (3). You may experience problems.
[    1.553426] sdhci-tegra 700b0600.sdhci: No vmmc regulator found
[    1.559355] sdhci-tegra 700b0600.sdhci: No vqmmc regulator found
[    1.565366] mmc1: Invalid maximum block size, assuming 512 bytes
[    1.602883] mmc1: SDHCI controller on 700b0600.sdhci [700b0600.sdhci] using ADMA 64-bit
[    1.612207] ledtrig-cpu: registered to indicate activity on CPUs
[    1.618486] usbcore: registered new interface driver usbhid
[    1.624125] usbhid: USB HID core driver
[    1.632193] NET: Registered protocol family 17
[    1.636677] can: controller area network core (rev 20120528 abi 9)
[    1.642942] NET: Registered protocol family 29
[    1.647404] can: raw protocol (rev 20120528)
[    1.651692] can: broadcast manager protocol (rev 20120528 t)
[    1.657371] can: netlink gateway (rev 20130117) max_hops=1
[    1.663253] Key type dns_resolver registered
[    1.668165] ThumbEE CPU extension supported.
[    1.672470] Registering SWP/SWPB emulation handler
[    1.685881] tegra-pcie 1003000.pcie-controller: 2x1, 1x1 configuration
[    1.690547] mmc1: MAN_BKOPS_EN bit is not set
[    1.694896] mmc1: new high speed MMC card at address 0001
[    1.698344] mmcblk0: mmc1:0001 SEM16G 14.6 GiB 
[    1.698859] mmcblk0boot0: mmc1:0001 SEM16G partition 1 4.00 MiB
[    1.699341] mmcblk0boot1: mmc1:0001 SEM16G partition 2 4.00 MiB
[    1.699775] mmcblk0rpmb: mmc1:0001 SEM16G partition 3 4.00 MiB
[    1.703005] Primary GPT is invalid, using alternate GPT.
[    1.703040]  mmcblk0: p1 p2 p3 p4 p5 p6 p7 p8 p9
[    1.734730] +3.3V_SYS: supplied by +VDD_MUX
[    1.739011] +3.3V_LP0: supplied by +3.3V_SYS
[    1.743603] +1.35V_LP0(sd2): supplied by +5V_SYS
[    1.748311] +1.05V_RUN_AVDD: supplied by +1.35V_LP0(sd2)
[    1.755413] tegra-pcie 1003000.pcie-controller: probing port 0, using 2 lanes
[    1.764929] tegra-pcie 1003000.pcie-controller: Slot present pin change, signature: 00000008
[    2.197889] tegra-pcie 1003000.pcie-controller: link 0 down, retrying
[    2.632153] tegra-pcie 1003000.pcie-controller: link 0 down, retrying
[    3.067416] tegra-pcie 1003000.pcie-controller: link 0 down, retrying
[    3.076048] tegra-pcie 1003000.pcie-controller: link 0 down, ignoring
[    3.082554] tegra-pcie 1003000.pcie-controller: probing port 1, using 1 lanes
[    3.092049] tegra-pcie 1003000.pcie-controller: Slot present pin change, signature: 00000000
[    3.524940] tegra-pcie 1003000.pcie-controller: link 1 down, retrying
[    3.960121] tegra-pcie 1003000.pcie-controller: link 1 down, retrying
[    4.394690] tegra-pcie 1003000.pcie-controller: link 1 down, retrying
[    4.403317] tegra-pcie 1003000.pcie-controller: link 1 down, ignoring
[    4.410046] tegra-pcie 1003000.pcie-controller: PCI host bridge to bus 0000:00
[    4.417282] pci_bus 0000:00: root bus resource [mem 0x13000000-0x1fffffff]
[    4.424164] pci_bus 0000:00: root bus resource [mem 0x20000000-0x3fffffff pref]
[    4.431478] pci_bus 0000:00: root bus resource [bus 00-ff]
[    4.436970] pci_bus 0000:00: root bus resource [io  0x1000-0xffff]
[    4.443183] PCI: bus0: Fast back to back transfers enabled
[    4.449448] +5V_HDMI_CON: supplied by +5V_SYS
[    4.453923] +1.05V_RUN_AVDD_HDMI_PLL: supplied by +1.05V_RUN
[    4.459736] +3.3V_RUN: supplied by +3.3V_SYS
[    4.464053] +3.3V_AVDD_HDMI_AP_GATED: supplied by +3.3V_RUN
[    4.471790] [drm] Supports vblank timestamp caching Rev 2 (21.10.2013).
[    4.478473] [drm] No driver support for vblank timestamp query.
[    4.585343] tegra-hdmi 54280000.hdmi: cannot set audio to 44100 at 297000000 pclk
[    4.696166] Console: switching to colour frame buffer device 512x135
[    4.791106] drm drm: fb0:  frame buffer device
[    4.795556] drm drm: registered panic notifier
[    4.813039] [drm] Initialized tegra 0.0.0 20120330 on minor 0
[    4.819937] +5V_SATA: supplied by +5V_SYS
[    4.824089] +12V_SATA: supplied by +VDD_MUX
[    4.828768] tegra-ahci 70027000.sata: AHCI 0001.0301 32 slots 2 ports 3 Gbps 0x1 impl platform mode
[    4.837837] tegra-ahci 70027000.sata: flags: 64bit ncq sntf pm led pio slum part sadm sds apst 
[    4.849209] scsi host0: tegra-ahci
[    4.853848] scsi host1: tegra-ahci
[    4.857592] ata1: SATA max UDMA/133 mmio [mem 0x70027000-0x70028fff] port 0x100 irq 341
[    4.865636] ata2: DUMMY
[    4.869255] +5V_USB_HS: supplied by +5V_SYS
[    4.874912] tegra-ehci 7d008000.usb: EHCI Host Controller
[    4.880373] tegra-ehci 7d008000.usb: new USB bus registered, assigned bus number 2
[    4.888187] tegra-ehci 7d008000.usb: irq 348, io mem 0x7d008000
[    4.903021] tegra-ehci 7d008000.usb: USB 2.0 started, EHCI 1.10
[    4.909845] hub 2-0:1.0: USB hub found
[    4.913667] hub 2-0:1.0: 1 port detected
[    4.919640] input: gpio-keys as /devices/soc0/gpio-keys/input/input0
[    4.927269] as3722-rtc as3722-rtc: setting system clock to 2000-02-01 00:00:19 UTC (949363219)
[    4.947366] +USB0_VBUS_SW: disabling
[    4.951009] +1.8V_RUN_VPP_FUSE: disabling
[    4.955449] +2.8V_RUN_CAM_AF: disabling
[    4.959661] +3.3V_RUN_TOUCH: disabling
[    4.963796] +1.05V_RUN_CAM_REAR: disabling
[    4.968264] +1.2V_RUN_CAM_FRONT: disabling
[    4.972699] +2.8V_RUN_CAM: disabling
[    4.976432] +1.8V_RUN_CAM: disabling
[    5.198042] ata1: SATA link down (SStatus 0 SControl 300)
[    5.204447] EXT4-fs (mmcblk0p1): couldn't mount as ext3 due to feature incompatibilities
[    5.213303] EXT4-fs (mmcblk0p1): couldn't mount as ext2 due to feature incompatibilities
[    5.222970] usb 2-1: new high-speed USB device number 2 using tegra-ehci
[    5.233906] EXT4-fs (mmcblk0p1): recovery complete
[    5.238787] EXT4-fs (mmcblk0p1): mounted filesystem with ordered data mode. Opts: (null)
[    5.246959] VFS: Mounted root (ext4 filesystem) on device 179:1.
[    5.257602] devtmpfs: mounted
[    5.261352] Freeing unused kernel memory: 944K (c0d10000 - c0dfc000)
bash: cannot set terminal process group (-1): Inappropriate ioctl for device
bash: no job control in this shell
root@(none):/# 