
U-Boot SPL 2014.01-00219-gc4d376f (Feb 18 2014 - 19:57:18)


U-Boot 2014.01-00219-gc4d376f (Feb 18 2014 - 19:57:18)

TEGRA30
Board: NVIDIA Beaver
I2C:   ready
DRAM:  2 GiB
MMC:   Tegra SD/MMC: 0, Tegra SD/MMC: 1
In:    serial
Out:   serial
Err:   serial
Net:   Net Initialization Skipped
No ethernet found.
Hit any key to stop autoboot:  2  0 
Tegra30 (Beaver) # 
Tegra30 (Beaver) # usb reset
(Re)start USB...
USB0:   USB EHCI 1.00
scanning bus 0 for devices... 2 USB Device(s) found
       scanning usb for storage devices... 0 Storage Device(s) found
       scanning usb for ethernet devices... 
Warning: asx0 using MAC address from net device
1 Ethernet Device(s) found
Tegra30 (Beaver) # setenv bootargs 'ignore_loglevel console=ttyS0,115200n8 rw root=PARTUUID=edbe1840-3633-c751-7993-b0ac834f81e0 rootwait gpt debug noinitrd earlyprintk init=/bin/bash'
Tegra30 (Beaver) # setenv ipaddr 192.168.100.101; setenv serverip 192.168.100.1; setenv tftpserverip 192.168.100.1
Tegra30 (Beaver) # tftpboot 0x81000000 zImage.multi_v7_defconfig
Using asx0 device
TFTP from server 192.168.100.1; our IP address is 192.168.100.101
Filename 'zImage.multi_v7_defconfig'.
Load address: 0x81000000
Loading: *#################################################################
	 #################################################################
	 #################################################################
	 #################################################################
	 #################################################################
	 #################################################################
	 #################################################################
	 #################################################################
	 ################
	 3.1 MiB/s
done
Bytes transferred = 7859624 (77eda8 hex)
Tegra30 (Beaver) # tftpboot 0x82000000 tegra30-beaver.dtb
Using asx0 device
TFTP from server 192.168.100.1; our IP address is 192.168.100.101
Filename 'tegra30-beaver.dtb'.
Load address: 0x82000000
Loading: *####
	 3.1 MiB/s
done
Bytes transferred = 51804 (ca5c hex)
Tegra30 (Beaver) # bootz 0x81000000 - 0x82000000
Kernel image @ 0x81000000 [ 0x000000 - 0x77eda8 ]
## Flattened Device Tree blob at 82000000
   Booting using the fdt blob at 0x82000000
   Loading Device Tree to 8fff0000, end 8ffffa5b ... OK

Starting kernel ...

[    0.000000] Booting Linux on physical CPU 0x0
[    0.000000] Linux version 4.11.0-rc4-next-20170327-161561-g93a4a44 (jonathanh@sellafield) (gcc version 4.7.3 20130328 (prerelease) (crosstool-NG linaro-1.13.1-4.7-2013.04-20130415 - Linaro GCC 2013.04) ) #1 SMP Tue Mar 28 01:53:10 PDT 2017
[    0.000000] CPU: ARMv7 Processor [412fc099] revision 9 (ARMv7), cr=10c5387d
[    0.000000] CPU: PIPT / VIPT nonaliasing data cache, VIPT aliasing instruction cache
[    0.000000] OF: fdt: Machine model: NVIDIA Tegra30 Beaver evaluation board
[    0.000000] debug: ignoring loglevel setting.
[    0.000000] efi: Getting EFI parameters from FDT:
[    0.000000] efi: UEFI not found.
[    0.000000] cma: Reserved 64 MiB at 0xfb800000
[    0.000000] Memory policy: Data cache writealloc
[    0.000000] On node 0 totalpages: 524032
[    0.000000] free_area_init_node: node 0, pgdat c157cb40, node_mem_map eeff8000
[    0.000000]   DMA zone: 1536 pages used for memmap
[    0.000000]   DMA zone: 0 pages reserved
[    0.000000]   DMA zone: 196608 pages, LIFO batch:31
[    0.000000]   HighMem zone: 327424 pages, LIFO batch:31
[    0.000000] percpu: Embedded 17 pages/cpu @eef88000 s38528 r8192 d22912 u69632
[    0.000000] pcpu-alloc: s38528 r8192 d22912 u69632 alloc=17*4096
[    0.000000] pcpu-alloc: [0] 0 [0] 1 [0] 2 [0] 3 
[    0.000000] Built 1 zonelists in Zone order, mobility grouping on.  Total pages: 522496
[    0.000000] Kernel command line: ignore_loglevel console=ttyS0,115200n8 rw root=PARTUUID=edbe1840-3633-c751-7993-b0ac834f81e0 rootwait gpt debug noinitrd earlyprintk init=/bin/bash
[    0.000000] PID hash table entries: 4096 (order: 2, 16384 bytes)
[    0.000000] Dentry cache hash table entries: 131072 (order: 7, 524288 bytes)
[    0.000000] Inode-cache hash table entries: 65536 (order: 6, 262144 bytes)
[    0.000000] Memory: 1993496K/2096128K available (10240K kernel code, 1553K rwdata, 4388K rodata, 2048K init, 417K bss, 37096K reserved, 65536K cma-reserved, 1244160K highmem)
[    0.000000] Virtual kernel memory layout:
[    0.000000]     vector  : 0xffff0000 - 0xffff1000   (   4 kB)
[    0.000000]     fixmap  : 0xffc00000 - 0xfff00000   (3072 kB)
[    0.000000]     vmalloc : 0xf0800000 - 0xff800000   ( 240 MB)
[    0.000000]     lowmem  : 0xc0000000 - 0xf0000000   ( 768 MB)
[    0.000000]     pkmap   : 0xbfe00000 - 0xc0000000   (   2 MB)
[    0.000000]     modules : 0xbf000000 - 0xbfe00000   (  14 MB)
[    0.000000]       .text : 0xc0208000 - 0xc0d00000   (11232 kB)
[    0.000000]       .init : 0xc1200000 - 0xc1400000   (2048 kB)
[    0.000000]       .data : 0xc1400000 - 0xc1584590   (1554 kB)
[    0.000000]        .bss : 0xc1586000 - 0xc15ee5c8   ( 418 kB)
[    0.000000] SLUB: HWalign=64, Order=0-3, MinObjects=0, CPUs=4, Nodes=1
[    0.000000] Hierarchical RCU implementation.
[    0.000000] 	RCU debugfs-based tracing is enabled.
[    0.000000] 	RCU restricting CPUs from NR_CPUS=16 to nr_cpu_ids=4.
[    0.000000] RCU: Adjusting geometry for rcu_fanout_leaf=16, nr_cpu_ids=4
[    0.000000] NR_IRQS:16 nr_irqs:16 16
[    0.000000] /interrupt-controller@60004000: 160 interrupts forwarded to /interrupt-controller@50041000
[    0.000000] L2C: platform modifies aux control register: 0x02080000 -> 0x3e480001
[    0.000000] L2C: DT/platform modifies aux control register: 0x02080000 -> 0x3e480001
[    0.000000] L2C-310 erratum 769419 enabled
[    0.000000] L2C-310 enabling early BRESP for Cortex-A9
[    0.000000] L2C-310: enabling full line of zeros but not enabled in Cortex-A9
[    0.000000] L2C-310 dynamic clock gating enabled, standby mode enabled
[    0.000000] L2C-310 cache controller enabled, 8 ways, 1024 kB
[    0.000000] L2C-310: CACHE_ID 0x410000c7, AUX_CTRL 0x4e480001
[    0.000013] sched_clock: 32 bits at 1000kHz, resolution 1000ns, wraps every 2147483647500ns
[    0.000031] clocksource: timer_us: mask: 0xffffffff max_cycles: 0xffffffff, max_idle_ns: 1911260446275 ns
[    0.000040] Switching to timer-based delay loop, resolution 1000ns
[    0.002752] Console: colour dummy device 80x30
[    0.002779] Calibrating delay loop (skipped), value calculated using timer frequency.. 2.00 BogoMIPS (lpj=10000)
[    0.002788] pid_max: default: 32768 minimum: 301
[    0.002863] Mount-cache hash table entries: 2048 (order: 1, 8192 bytes)
[    0.002872] Mountpoint-cache hash table entries: 2048 (order: 1, 8192 bytes)
[    0.003255] CPU: Testing write buffer coherency: ok
[    0.003573] CPU0: thread -1, cpu 0, socket 0, mpidr 80000000
[    0.003787] Setting up static identity map for 0x80300000 - 0x80300098
[    0.006376] Tegra Revision: A03 SKU: 128 CPU Process: 4 SoC Process: 0
[    0.006871] EFI services will not be available.
[    0.007028] smp: Bringing up secondary CPUs ...
[    0.010376] CPU1: thread -1, cpu 1, socket 0, mpidr 80000001
[    0.020334] CPU2: thread -1, cpu 2, socket 0, mpidr 80000002
[    0.030333] CPU3: thread -1, cpu 3, socket 0, mpidr 80000003
[    0.030378] smp: Brought up 1 node, 4 CPUs
[    0.030390] SMP: Total of 4 processors activated (8.00 BogoMIPS).
[    0.030395] CPU: All CPU(s) started in SVC mode.
[    0.031087] devtmpfs: initialized
[    0.039466] VFP support v0.3: implementor 41 architecture 3 part 30 variant 9 rev 4
[    0.039891] clocksource: jiffies: mask: 0xffffffff max_cycles: 0xffffffff, max_idle_ns: 19112604462750000 ns
[    0.039952] futex hash table entries: 1024 (order: 4, 65536 bytes)
[    0.043307] pinctrl core: initialized pinctrl subsystem
[    0.045058] NET: Registered protocol family 16
[    0.047641] DMA: preallocated 256 KiB pool for atomic coherent allocations
[    0.049344] cpuidle: using governor menu
[    0.063848] No ATAGs?
[    0.063952] hw-breakpoint: found 5 (+1 reserved) breakpoint and 1 watchpoint registers.
[    0.063963] hw-breakpoint: maximum watchpoint size is 4 bytes.
[    0.067923] Serial: AMBA PL011 UART driver
[    0.068388] tegra-mc 7000f000.memory-controller: no memory timings for RAM code 3 registered
[    0.077494] AT91: Could not find identification node
[    0.077949] vdd_5v_sata: Failed to request enable GPIO30: -517
[    0.077964] reg-fixed-voltage regulators:regulator@3: Failed to register regulator: -517
[    0.078007] usb1_vbus: Failed to request enable GPIO238: -517
[    0.078014] reg-fixed-voltage regulators:regulator@4: Failed to register regulator: -517
[    0.078055] usb3_vbus: Failed to request enable GPIO236: -517
[    0.078062] reg-fixed-voltage regulators:regulator@5: Failed to register regulator: -517
[    0.078149] sys_3v3_pexs: Failed to request enable GPIO95: -517
[    0.078156] reg-fixed-voltage regulators:regulator@7: Failed to register regulator: -517
[    0.080087] vgaarb: loaded
[    0.080564] SCSI subsystem initialized
[    0.080698] libata version 3.00 loaded.
[    0.080856] usbcore: registered new interface driver usbfs
[    0.080891] usbcore: registered new interface driver hub
[    0.080923] usbcore: registered new device driver usb
[    0.087976] vrtc: supplied by vdd_5v_in
[    0.091290] vio: supplied by vdd_5v_in
[    0.101824] vdd1: supplied by vdd_5v_in
[    0.103182] vddio_ddr_1v2: Bringing 600000uV into 1200000-1200000uV
[    0.111829] vdd2: supplied by vdd_5v_in
[    0.131816] ldo1: supplied by vdd_1v5_gen
[    0.134207] ldo2: supplied by vdd_1v5_gen
[    0.134678] vdd_sata,avdd_plle: Bringing 1200000uV into 1050000-1050000uV
[    0.136912] ldo3: supplied by vdd_5v_in
[    0.139279] ldo4: supplied by vdd_5v_in
[    0.141819] ldo5: supplied by vdd_5v_in
[    0.151816] ldo6: supplied by vdd_1v8_gen
[    0.152290] avdd_dsi_csi,pwrdet_mipi: Bringing 1000000uV into 1200000-1200000uV
[    0.154549] ldo7: supplied by vdd_1v8_gen
[    0.161816] ldo8: supplied by vdd_1v8_gen
[    0.171921] pps_core: LinuxPPS API ver. 1 registered
[    0.171926] pps_core: Software ver. 5.3.6 - Copyright 2005-2007 Rodolfo Giometti <giometti@linux.it>
[    0.171939] PTP clock support registered
[    0.172074] EDAC MC: Ver: 3.0.0
[    0.173611] clocksource: Switched to clocksource timer_us
[    0.207122] NET: Registered protocol family 2
[    0.207550] TCP established hash table entries: 8192 (order: 3, 32768 bytes)
[    0.207604] TCP bind hash table entries: 8192 (order: 4, 65536 bytes)
[    0.207690] TCP: Hash tables configured (established 8192 bind 8192)
[    0.207837] UDP hash table entries: 512 (order: 2, 16384 bytes)
[    0.207904] UDP-Lite hash table entries: 512 (order: 2, 16384 bytes)
[    0.208081] NET: Registered protocol family 1
[    0.208405] RPC: Registered named UNIX socket transport module.
[    0.208413] RPC: Registered udp transport module.
[    0.208417] RPC: Registered tcp transport module.
[    0.208421] RPC: Registered tcp NFSv4.1 backchannel transport module.
[    0.208431] PCI: CLS 0 bytes, default 64
[    0.209264] hw perfevents: enabled with armv7_cortex_a9 PMU driver, 7 counters available
[    0.210510] workingset: timestamp_bits=30 max_order=19 bucket_order=0
[    0.215491] squashfs: version 4.0 (2009/01/31) Phillip Lougher
[    0.215929] NFS: Registering the id_resolver key type
[    0.215956] Key type id_resolver registered
[    0.215961] Key type id_legacy registered
[    0.215990] ntfs: driver 2.1.32 [Flags: R/O].
[    0.217042] bounce: pool size: 64 pages
[    0.217078] Block layer SCSI generic (bsg) driver version 0.4 loaded (major 248)
[    0.217086] io scheduler noop registered
[    0.217091] io scheduler deadline registered
[    0.217195] io scheduler cfq registered (default)
[    0.217201] io scheduler mq-deadline registered
[    0.223209] tegra30-pinctrl 70000868.pinmux: invalid group "sdmmc3_dat6_pd3" for function "rsvd1"
[    0.223226] tegra30-pinctrl 70000868.pinmux: invalid group "sdmmc3_dat7_pd4" for function "rsvd1"
[    0.223240] tegra30-pinctrl 70000868.pinmux: invalid group "vi_vsync_pd6" for function "rsvd1"
[    0.223249] tegra30-pinctrl 70000868.pinmux: invalid group "vi_hsync_pd7" for function "rsvd1"
[    0.223719] tegra30-pinctrl 70000868.pinmux: invalid group "hdmi_int_pn7" for function "rsvd1"
[    0.223762] tegra30-pinctrl 70000868.pinmux: invalid group "ulpi_data3_po4" for function "rsvd1"
[    0.224077] tegra30-pinctrl 70000868.pinmux: invalid group "vi_d10_pt2" for function "rsvd1"
[    0.224089] tegra30-pinctrl 70000868.pinmux: invalid group "vi_d11_pt3" for function "rsvd1"
[    0.224100] tegra30-pinctrl 70000868.pinmux: invalid group "vi_d0_pt4" for function "rsvd1"
[    0.224139] tegra30-pinctrl 70000868.pinmux: invalid group "pu0" for function "rsvd1"
[    0.224167] tegra30-pinctrl 70000868.pinmux: invalid group "pu3" for function "rsvd1"
[    0.224209] tegra30-pinctrl 70000868.pinmux: invalid group "pu6" for function "rsvd1"
[    0.224248] tegra30-pinctrl 70000868.pinmux: invalid group "pv3" for function "rsvd1"
[    0.224708] tegra30-pinctrl 70000868.pinmux: invalid group "pbb0" for function "rsvd1"
[    0.224816] tegra30-pinctrl 70000868.pinmux: invalid group "pcc1" for function "rsvd1"
[    0.229918] tegra-pcie 3000.pcie-controller: 2x3 configuration
[    0.230067] tegra-pcie 3000.pcie-controller: Failed to get supply 'hvdd-pex': -517
[    0.235595] tegra-apbdma 6000a000.dma: Tegra20 APB DMA driver register 32 channels
[    0.236882] tegra-pmc 7000e400.pmc: i2c-thermtrip node not found, emergency thermal reset disabled.
[    0.269535] Serial: 8250/16550 driver, 4 ports, IRQ sharing disabled
[    0.271517] console [ttyS0] disabled
[    0.271553] 70006000.serial: ttyS0 at MMIO 0x70006000 (irq = 331, base_baud = 25500000) is a Tegra
[    1.281944] console [ttyS0] enabled
[    1.285979] SuperH (H)SCI(F) driver initialized
[    1.291064] msm_serial: driver initialized
[    1.295274] STMicroelectronics ASC driver initialized
[    1.303981] tegra-hdmi 54280000.hdmi: failed to get HDMI regulator
[    1.318332] brd: module loaded
[    1.327220] loop: module loaded
[    1.335743] m25p80 spi32766.1: w25q32 (4096 Kbytes)
[    1.342433] libphy: Fixed MDIO Bus: probed
[    1.347252] CAN device driver interface
[    1.351627] bgmac_bcma: Broadcom 47xx GBit MAC driver loaded
[    1.358085] e1000e: Intel(R) PRO/1000 Network Driver - 3.2.6-k
[    1.363912] e1000e: Copyright(c) 1999 - 2015 Intel Corporation.
[    1.369857] igb: Intel(R) Gigabit Ethernet Network Driver - version 5.4.0-k
[    1.376808] igb: Copyright (c) 2007-2014 Intel Corporation.
[    1.384356] pegasus: v0.9.3 (2013/04/25), Pegasus/Pegasus II USB Ethernet driver
[    1.391786] usbcore: registered new interface driver pegasus
[    1.397470] usbcore: registered new interface driver asix
[    1.402874] usbcore: registered new interface driver ax88179_178a
[    1.408984] usbcore: registered new interface driver cdc_ether
[    1.414838] usbcore: registered new interface driver smsc75xx
[    1.420594] usbcore: registered new interface driver smsc95xx
[    1.426357] usbcore: registered new interface driver net1080
[    1.432022] usbcore: registered new interface driver cdc_subset
[    1.437955] usbcore: registered new interface driver zaurus
[    1.443546] usbcore: registered new interface driver cdc_ncm
[    1.450573] ehci_hcd: USB 2.0 'Enhanced' Host Controller (EHCI) Driver
[    1.457101] ehci-pci: EHCI PCI platform driver
[    1.461558] ehci-platform: EHCI generic platform driver
[    1.466900] ehci-orion: EHCI orion driver
[    1.470985] SPEAr-ehci: EHCI SPEAr driver
[    1.475070] ehci-st: EHCI STMicroelectronics driver
[    1.480007] ehci-exynos: EHCI EXYNOS driver
[    1.484273] ehci-atmel: EHCI Atmel driver
[    1.488350] tegra-ehci: Tegra EHCI driver
[    1.492632] ohci_hcd: USB 1.1 'Open' Host Controller (OHCI) Driver
[    1.498819] ohci-pci: OHCI PCI platform driver
[    1.503277] ohci-platform: OHCI generic platform driver
[    1.508600] ohci-omap3: OHCI OMAP3 driver
[    1.512670] SPEAr-ohci: OHCI SPEAr driver
[    1.516755] ohci-st: OHCI STMicroelectronics driver
[    1.521691] ohci-atmel: OHCI Atmel driver
[    1.526128] usbcore: registered new interface driver usb-storage
[    1.534634] tegra_rtc 7000e000.rtc: rtc core: registered 7000e000.rtc as rtc1
[    1.541781] tegra_rtc 7000e000.rtc: Tegra internal Real Time Clock
[    1.550661] random: fast init done
[    1.563965] tps65910-rtc tps65910-rtc: rtc core: registered tps65910-rtc as rtc0
[    1.571552] i2c /dev entries driver
[    1.583083] sdhci: Secure Digital Host Controller Interface driver
[    1.589276] sdhci: Copyright(c) Pierre Ossman
[    1.594542] Synopsys Designware Multimedia Card Interface Driver
[    1.601264] sdhci-pltfm: SDHCI platform and OF driver helper
[    1.607436] sdhci-tegra 78000000.sdhci: Got CD GPIO
[    1.612310] sdhci-tegra 78000000.sdhci: Got WP GPIO
[    1.625470] mmc0: Invalid maximum block size, assuming 512 bytes
[    1.693699] mmc0: SDHCI controller on 78000000.sdhci [78000000.sdhci] using ADMA
[    1.710070] mmc1: Invalid maximum block size, assuming 512 bytes
[    1.773630] mmc1: SDHCI controller on 78000600.sdhci [78000600.sdhci] using ADMA
[    1.782336] ledtrig-cpu: registered to indicate activity on CPUs
[    1.788703] usbcore: registered new interface driver usbhid
[    1.794284] usbhid: USB HID core driver
[    1.800958] NET: Registered protocol family 10
[    1.806066] Segment Routing with IPv6
[    1.809784] sit: IPv6, IPv4 and MPLS over IPv4 tunneling driver
[    1.816124] NET: Registered protocol family 17
[    1.820560] can: controller area network core (rev 20120528 abi 9)
[    1.826786] NET: Registered protocol family 29
[    1.831218] can: raw protocol (rev 20120528)
[    1.835491] can: broadcast manager protocol (rev 20161123 t)
[    1.841138] can: netlink gateway (rev 20130117) max_hops=1
[    1.846877] Key type dns_resolver registered
[    1.851541] ThumbEE CPU extension supported.
[    1.855821] Registering SWP/SWPB emulation handler
[    1.870107] vdd_ddr: supplied by vdd_5v_in
[    1.875077] vdd_5v_sata: supplied by vdd_5v_in
[    1.879864] usb1_vbus: supplied by vdd_5v_in
[    1.884459] usb3_vbus: supplied by vdd_5v_in
[    1.889970] sys_3v3,vdd_3v3_alw: supplied by vdd_5v_in
[    1.895924] sys_3v3_pexs: supplied by sys_3v3,vdd_3v3_alw
[    1.901468] +VDD_5V_HDMI: supplied by sys_3v3,vdd_3v3_alw
[    1.901745] mmc1: new high speed MMC card at address 0001
[    1.903386] mmcblk1: mmc1:0001 SEM16G 14.8 GiB 
[    1.905128] mmcblk1boot0: mmc1:0001 SEM16G partition 1 1.00 MiB
[    1.906809] mmcblk1boot1: mmc1:0001 SEM16G partition 2 1.00 MiB
[    1.908591] mmcblk1rpmb: mmc1:0001 SEM16G partition 3 128 KiB
[    1.935092] tegra-pcie 3000.pcie-controller: 2x3 configuration
[    1.943431] tegra-pcie 3000.pcie-controller: probing port 0, using 2 lanes
[    1.952110] Primary GPT is invalid, using alternate GPT.
[    1.957436]  mmcblk1: p1 p2 p3 p4 p5
[    1.974008] mmc0: new ultra high speed DDR50 SDHC card at address aaaa
[    1.980855] mmcblk0: mmc0:aaaa SS04G 3.69 GiB 
[    2.008637] tegra-pcie 3000.pcie-controller: probing port 2, using 2 lanes
[    2.008639]  mmcblk0: p1 p2 p3
[    2.422339] tegra-pcie 3000.pcie-controller: link 2 down, retrying
[    2.832319] tegra-pcie 3000.pcie-controller: link 2 down, retrying
[    3.242130] tegra-pcie 3000.pcie-controller: link 2 down, retrying
[    3.250316] tegra-pcie 3000.pcie-controller: link 2 down, ignoring
[    3.256609] tegra-pcie 3000.pcie-controller: PCI host bridge to bus 0000:00
[    3.263557] pci_bus 0000:00: root bus resource [io  0x0000-0xffff]
[    3.269734] pci_bus 0000:00: root bus resource [mem 0x20000000-0x27ffffff]
[    3.276601] pci_bus 0000:00: root bus resource [mem 0x28000000-0x3fffffff pref]
[    3.283901] pci_bus 0000:00: root bus resource [bus 00-ff]
[    3.289395] pci 0000:00:01.0: [10de:0e1c] type 01 class 0x060400
[    3.295418] pci_bus 0000:00: 2-byte config write to 0000:00:01.0 offset 0x88 may corrupt adjacent RW1C bits
[    3.305178] pci_bus 0000:00: 2-byte config write to 0000:00:01.0 offset 0x52 may corrupt adjacent RW1C bits
[    3.314919] pci 0000:00:01.0: PME# supported from D0 D1 D2 D3hot D3cold
[    3.321520] pci_bus 0000:00: 2-byte config write to 0000:00:01.0 offset 0x4c may corrupt adjacent RW1C bits
[    3.331398] pci_bus 0000:00: 2-byte config write to 0000:00:01.0 offset 0x3e may corrupt adjacent RW1C bits
[    3.341130] pci_bus 0000:00: 2-byte config write to 0000:00:01.0 offset 0x4 may corrupt adjacent RW1C bits
[    3.350772] pci_bus 0000:00: 1-byte config write to 0000:00:01.0 offset 0xc may corrupt adjacent RW1C bits
[    3.360409] PCI: bus0: Fast back to back transfers disabled
[    3.365975] pci 0000:00:01.0: bridge configuration invalid ([bus 00-00]), reconfiguring
[    3.373968] pci_bus 0000:00: 2-byte config write to 0000:00:01.0 offset 0x3e may corrupt adjacent RW1C bits
[    3.383700] pci_bus 0000:00: 2-byte config write to 0000:00:01.0 offset 0x3e may corrupt adjacent RW1C bits
[    3.393420] pci_bus 0000:00: 2-byte config write to 0000:00:01.0 offset 0x3e may corrupt adjacent RW1C bits
[    3.403147] pci_bus 0000:00: 2-byte config write to 0000:00:01.0 offset 0x6 may corrupt adjacent RW1C bits
[    3.412882] pci 0000:01:00.0: [10ec:8168] type 00 class 0x020000
[    3.418899] pci 0000:01:00.0: reg 0x10: [io  0x0000-0x00ff]
[    3.424482] pci 0000:01:00.0: reg 0x18: [mem 0x00000000-0x00000fff 64bit pref]
[    3.431695] pci 0000:01:00.0: reg 0x20: [mem 0x00000000-0x00003fff 64bit pref]
[    3.438982] pci 0000:01:00.0: supports D1 D2
[    3.443240] pci 0000:01:00.0: PME# supported from D0 D1 D2 D3hot D3cold
[    3.473639] PCI: bus1: Fast back to back transfers disabled
[    3.479202] pci_bus 0000:01: busn_res: [bus 01-ff] end is updated to 01
[    3.485874] pci 0000:00:01.0: BAR 9: assigned [mem 0x28000000-0x280fffff 64bit pref]
[    3.493610] pci 0000:00:01.0: BAR 7: assigned [io  0x1000-0x1fff]
[    3.499691] pci 0000:01:00.0: BAR 4: assigned [mem 0x28000000-0x28003fff 64bit pref]
[    3.507435] pci 0000:01:00.0: BAR 2: assigned [mem 0x28004000-0x28004fff 64bit pref]
[    3.515177] pci 0000:01:00.0: BAR 0: assigned [io  0x1000-0x10ff]
[    3.521258] pci 0000:00:01.0: PCI bridge to [bus 01]
[    3.526217] pci 0000:00:01.0:   bridge window [io  0x1000-0x1fff]
[    3.532296] pci 0000:00:01.0:   bridge window [mem 0x28000000-0x280fffff 64bit pref]
[    3.540044] pci 0000:00:01.0: nv_msi_ht_cap_quirk didn't locate host bridge
[    3.547057] pcieport 0000:00:01.0: enabling device (0140 -> 0143)
[    3.553336] pcieport 0000:00:01.0: Signaling PME with IRQ 374
[    3.559295] r8169 Gigabit Ethernet driver 2.3LK-NAPI loaded
[    3.564883] r8169 0000:01:00.0: enabling device (0140 -> 0143)
[    3.571653] r8169 0000:01:00.0 eth0: RTL8168evl/8111evl at 0xf0afe000, 02:04:4b:01:60:a6, XID 0c900800 IRQ 375
[    3.581655] r8169 0000:01:00.0 eth0: jumbo features [frames: 9200 bytes, tx checksumming: ko]
[    3.592927] [drm] Supports vblank timestamp caching Rev 2 (21.10.2013).
[    3.599544] [drm] No driver support for vblank timestamp query.
[    3.605491] [drm] Cannot find any crtc or sizes - going 1024x768
[    3.630394] Console: switching to colour frame buffer device 128x48
[    3.642892] drm drm: fb0:  frame buffer device
[    3.647392] [drm] Initialized tegra 0.0.0 20120330 for drm on minor 0
[    3.659343] utmi_phy_clk_enable: timeout waiting for phy to stabilize
[    3.665826] tegra-ehci 7d004000.usb: EHCI Host Controller
[    3.671231] tegra-ehci 7d004000.usb: new USB bus registered, assigned bus number 1
[    3.679044] tegra-ehci 7d004000.usb: irq 343, io mem 0x7d004000
[    3.713629] tegra-ehci 7d004000.usb: USB 2.0 started, EHCI 1.00
[    3.720560] hub 1-0:1.0: USB hub found
[    3.724335] hub 1-0:1.0: 1 port detected
[    3.729456] tegra-ehci 7d008000.usb: EHCI Host Controller
[    3.734874] tegra-ehci 7d008000.usb: new USB bus registered, assigned bus number 2
[    3.742608] tegra-ehci 7d008000.usb: irq 344, io mem 0x7d008000
[    3.773623] tegra-ehci 7d008000.usb: USB 2.0 started, EHCI 1.00
[    3.780412] hub 2-0:1.0: USB hub found
[    3.784182] hub 2-0:1.0: 1 port detected
[    3.792677] tps65910-rtc tps65910-rtc: setting system clock to 2000-01-01 00:00:02 UTC (946684802)
[    3.802187] vdd_sata,avdd_plle: disabling
[    3.806559] usb1_vbus: disabling
[    3.811272] EXT4-fs (mmcblk1p1): mounting ext3 file system using the ext4 subsystem
[    3.867734] EXT4-fs (mmcblk1p1): warning: mounting fs with errors, running e2fsck is recommended
[    3.877957] EXT4-fs (mmcblk1p1): recovery complete
[    3.883934] EXT4-fs (mmcblk1p1): mounted filesystem with ordered data mode. Opts: (null)
[    3.892041] VFS: Mounted root (ext3 filesystem) on device 179:1.
[    3.908541] devtmpfs: mounted
[    3.914067] Freeing unused kernel memory: 2048K
bash: cannot set terminal process group (-1): Inappropriate ioctl for device
bash: no job control in this shell
root@(none):/# [    4.143639] usb 2-1: new high-speed USB device number 2 using tegra-ehci
[    4.803336] asix 2-1:1.0 eth1: register 'asix' at usb-7d008000.usb-1, ASIX AX88772 USB 2.0 Ethernet, 00:50:b6:0f:67:60
