
U-Boot SPL 2014.07-00097-g772e173 (Jul 25 2014 - 20:02:52)


U-Boot 2014.07-00097-g772e173 (Jul 25 2014 - 20:02:52)

TEGRA124
Board: NVIDIA Jetson TK1
I2C:   ready
DRAM:  2 GiB
MMC:   Tegra SD/MMC: 0, Tegra SD/MMC: 1
In:    serial
Out:   serial
Err:   serial
Net:   Net Initialization Skipped
No ethernet found.
Hit any key to stop autoboot:  2  0 
Tegra124 (Jetson TK1) # 
Tegra124 (Jetson TK1) # usb reset
(Re)start USB...
USB0:   USB EHCI 1.10
scanning bus 0 for devices... 1 USB Device(s) found
USB1:   USB EHCI 1.10
scanning bus 1 for devices... 2 USB Device(s) found
       scanning usb for storage devices... 0 Storage Device(s) found
       scanning usb for ethernet devices... 
Warning: asx0 using MAC address from net device
1 Ethernet Device(s) found
Tegra124 (Jetson TK1) # setenv bootargs 'ignore_loglevel console=ttyS0,115200n8 rw root=/dev/mmcblk0p1 rootwait gpt debug init=/bin/bash noinitrd'
Tegra124 (Jetson TK1) # setenv ipaddr 192.168.100.102; setenv serverip 192.168.100.1; setenv tftpserverip 192.168.100.1
Tegra124 (Jetson TK1) # tftpboot 0x81000000 zImage.multi_v7_defconfig
Using asx0 device
TFTP from server 192.168.100.1; our IP address is 192.168.100.102
Filename 'zImage.multi_v7_defconfig'.
Load address: 0x81000000
Loading: *#################################################################
	 #################################################################
	 #################################################################
	 #################################################################
	 #################################################################
	 #################################################################
	 ########################
	 3.3 MiB/s
done
Bytes transferred = 6076648 (5cb8e8 hex)
Tegra124 (Jetson TK1) # tftpboot 0x82000000 tegra124-jetson-tk1.dtb
Using asx0 device
TFTP from server 192.168.100.1; our IP address is 192.168.100.102
Filename 'tegra124-jetson-tk1.dtb'.
Load address: 0x82000000
Loading: *####
	 3.1 MiB/s
done
Bytes transferred = 49059 (bfa3 hex)
Tegra124 (Jetson TK1) # bootz 0x81000000 - 0x82000000
Kernel image @ 0x81000000 [ 0x000000 - 0x5cb8e8 ]
## Flattened Device Tree blob at 82000000
   Booting using the fdt blob at 0x82000000
   Using Device Tree in place at 82000000, end 8200efa2

Starting kernel ...

[    0.000000] Booting Linux on physical CPU 0x0
[    0.000000] Linux version 4.0.0-rc2 (pwalmsley@sellafield) (gcc version 4.7.3 20130328 (prerelease) (crosstool-NG linaro-1.13.1-4.7-2013.04-20130415 - Linaro GCC 2013.04) ) #1 SMP Wed Mar 25 07:30:48 PDT 2015
[    0.000000] CPU: ARMv7 Processor [413fc0f3] revision 3 (ARMv7), cr=10c5387d
[    0.000000] CPU: PIPT / VIPT nonaliasing data cache, PIPT instruction cache
[    0.000000] Machine model: NVIDIA Tegra124 Jetson TK1
[    0.000000] debug: ignoring loglevel setting.
[    0.000000] cma: Reserved 64 MiB at 0xfb800000
[    0.000000] Memory policy: Data cache writealloc
[    0.000000] On node 0 totalpages: 524032
[    0.000000] free_area_init_node: node 0, pgdat c0ec7f00, node_mem_map ee7f8000
[    0.000000]   DMA zone: 1520 pages used for memmap
[    0.000000]   DMA zone: 0 pages reserved
[    0.000000]   DMA zone: 194560 pages, LIFO batch:31
[    0.000000]   HighMem zone: 329472 pages, LIFO batch:31
[    0.000000] PERCPU: Embedded 11 pages/cpu @ee79a000 s12480 r8192 d24384 u45056
[    0.000000] pcpu-alloc: s12480 r8192 d24384 u45056 alloc=11*4096
[    0.000000] pcpu-alloc: [0] 0 [0] 1 [0] 2 [0] 3 
[    0.000000] Built 1 zonelists in Zone order, mobility grouping on.  Total pages: 522512
[    0.000000] Kernel command line: ignore_loglevel console=ttyS0,115200n8 rw root=/dev/mmcblk0p1 rootwait gpt debug init=/bin/bash noinitrd
[    0.000000] PID hash table entries: 4096 (order: 2, 16384 bytes)
[    0.000000] Dentry cache hash table entries: 131072 (order: 7, 524288 bytes)
[    0.000000] Inode-cache hash table entries: 65536 (order: 6, 262144 bytes)
[    0.000000] Memory: 1999580K/2096128K available (7826K kernel code, 1015K rwdata, 3412K rodata, 804K init, 314K bss, 31012K reserved, 65536K cma-reserved, 1252352K highmem)
[    0.000000] Virtual kernel memory layout:
[    0.000000]     vector  : 0xffff0000 - 0xffff1000   (   4 kB)
[    0.000000]     fixmap  : 0xffc00000 - 0xfff00000   (3072 kB)
[    0.000000]     vmalloc : 0xf0000000 - 0xff000000   ( 240 MB)
[    0.000000]     lowmem  : 0xc0000000 - 0xef800000   ( 760 MB)
[    0.000000]     pkmap   : 0xbfe00000 - 0xc0000000   (   2 MB)
[    0.000000]     modules : 0xbf000000 - 0xbfe00000   (  14 MB)
[    0.000000]       .text : 0xc0208000 - 0xc0d02a80   (11243 kB)
[    0.000000]       .init : 0xc0d03000 - 0xc0dcc000   ( 804 kB)
[    0.000000]       .data : 0xc0dcc000 - 0xc0ec9e60   (1016 kB)
[    0.000000]        .bss : 0xc0ec9e60 - 0xc0f18968   ( 315 kB)
[    0.000000] SLUB: HWalign=64, Order=0-3, MinObjects=0, CPUs=4, Nodes=1
[    0.000000] Hierarchical RCU implementation.
[    0.000000] 	Additional per-CPU info printed with stalls.
[    0.000000] 	RCU restricting CPUs from NR_CPUS=8 to nr_cpu_ids=4.
[    0.000000] RCU: Adjusting geometry for rcu_fanout_leaf=16, nr_cpu_ids=4
[    0.000000] NR_IRQS:16 nr_irqs:16 16
[    0.000000] L2C: failed to init: -19
[    0.000009] sched_clock: 32 bits at 1000kHz, resolution 1000ns, wraps every 2147483648000ns
[    0.000029] Switching to timer-based delay loop, resolution 1000ns
[    0.003910] Architected cp15 timer(s) running at 12.00MHz (virt).
[    0.003934] sched_clock: 56 bits at 12MHz, resolution 83ns, wraps every 2863311536128ns
[    0.003946] Switching to timer-based delay loop, resolution 83ns
[    0.004332] Console: colour dummy device 80x30
[    0.004354] Calibrating delay loop (skipped), value calculated using timer frequency.. 24.00 BogoMIPS (lpj=60000)
[    0.004368] pid_max: default: 32768 minimum: 301
[    0.004477] Mount-cache hash table entries: 2048 (order: 1, 8192 bytes)
[    0.004488] Mountpoint-cache hash table entries: 2048 (order: 1, 8192 bytes)
[    0.005070] CPU: Testing write buffer coherency: ok
[    0.005271] /cpus/cpu@0 missing clock-frequency property
[    0.005304] /cpus/cpu@1 missing clock-frequency property
[    0.005337] /cpus/cpu@2 missing clock-frequency property
[    0.005372] /cpus/cpu@3 missing clock-frequency property
[    0.005384] CPU0: thread -1, cpu 0, socket 0, mpidr 80000000
[    0.005427] Setting up static identity map for 0x809668f8 - 0x80966990
[    0.008046] Tegra Revision: A01 SKU: 129 CPU Process: 1 Core Process: 1
[    0.009202] CPU1: thread -1, cpu 1, socket 0, mpidr 80000001
[    0.009711] CPU2: thread -1, cpu 2, socket 0, mpidr 80000002
[    0.010211] CPU3: thread -1, cpu 3, socket 0, mpidr 80000003
[    0.010275] Brought up 4 CPUs
[    0.010295] SMP: Total of 4 processors activated (96.00 BogoMIPS).
[    0.010302] CPU: All CPU(s) started in SVC mode.
[    0.010813] devtmpfs: initialized
[    0.011694] VFP support v0.3: implementor 41 architecture 4 part 30 variant f rev 0
[    0.013826] pinctrl core: initialized pinctrl subsystem
[    0.030894] NET: Registered protocol family 16
[    0.032981] DMA: preallocated 256 KiB pool for atomic coherent allocations
[    0.048741] cpuidle: using governor ladder
[    0.063739] cpuidle: using governor menu
[    0.078892] No ATAGs?
[    0.078928] hw-breakpoint: found 5 (+1 reserved) breakpoint and 4 watchpoint registers.
[    0.078939] hw-breakpoint: maximum watchpoint size is 8 bytes.
[    0.082537] Serial: AMBA PL011 UART driver
[    0.112786] +5V_SYS: supplied by +VDD_MUX
[    0.113062] +3.3V_SYS: supplied by +VDD_MUX
[    0.113208] platform regulators:regulator@3: Driver reg-fixed-voltage requests probe deferral
[    0.113401] reg-fixed-voltage regulators:regulator@4: Failed to find supply vin
[    0.113515] reg-fixed-voltage regulators:regulator@4: Failed to register regulator: -517
[    0.113537] platform regulators:regulator@4: Driver reg-fixed-voltage requests probe deferral
[    0.113717] +USB0_VBUS_SW: Failed to request enable GPIO108: -517
[    0.113842] reg-fixed-voltage regulators:regulator@7: Failed to register regulator: -517
[    0.113864] platform regulators:regulator@7: Driver reg-fixed-voltage requests probe deferral
[    0.114044] +5V_USB_HS: Failed to request enable GPIO109: -517
[    0.114148] reg-fixed-voltage regulators:regulator@8: Failed to register regulator: -517
[    0.114169] platform regulators:regulator@8: Driver reg-fixed-voltage requests probe deferral
[    0.114250] platform regulators:regulator@10: Driver reg-fixed-voltage requests probe deferral
[    0.114424] +1.05V_RUN_AVDD_HDMI_PLL: Failed to request enable GPIO63: -517
[    0.114526] reg-fixed-voltage regulators:regulator@11: Failed to register regulator: -517
[    0.114547] platform regulators:regulator@11: Driver reg-fixed-voltage requests probe deferral
[    0.114721] +5V_HDMI_CON: Failed to request enable GPIO86: -517
[    0.114822] reg-fixed-voltage regulators:regulator@12: Failed to register regulator: -517
[    0.114843] platform regulators:regulator@12: Driver reg-fixed-voltage requests probe deferral
[    0.115017] +5V_SATA: Failed to request enable GPIO242: -517
[    0.115118] reg-fixed-voltage regulators:regulator@13: Failed to register regulator: -517
[    0.115138] platform regulators:regulator@13: Driver reg-fixed-voltage requests probe deferral
[    0.115314] +12V_SATA: Failed to request enable GPIO242: -517
[    0.115415] reg-fixed-voltage regulators:regulator@14: Failed to register regulator: -517
[    0.115435] platform regulators:regulator@14: Driver reg-fixed-voltage requests probe deferral
[    0.118155] vgaarb: loaded
[    0.118884] SCSI subsystem initialized
[    0.119062] libata version 3.00 loaded.
[    0.119387] usbcore: registered new interface driver usbfs
[    0.119455] usbcore: registered new interface driver hub
[    0.119529] usbcore: registered new device driver usb
[    0.122918] media: Linux media interface: v0.10
[    0.122987] Linux video capture interface: v2.00
[    0.123044] pps_core: LinuxPPS API ver. 1 registered
[    0.123052] pps_core: Software ver. 5.3.6 - Copyright 2005-2007 Rodolfo Giometti <giometti@linux.it>
[    0.123087] PTP clock support registered
[    0.123343] EDAC MC: Ver: 3.0.0
[    0.124508] Advanced Linux Sound Architecture Driver Initialized.
[    0.125599] Switched to clocksource arch_sys_counter
[    0.136892] NET: Registered protocol family 2
[    0.137478] TCP established hash table entries: 8192 (order: 3, 32768 bytes)
[    0.137567] TCP bind hash table entries: 8192 (order: 4, 65536 bytes)
[    0.137753] TCP: Hash tables configured (established 8192 bind 8192)
[    0.137798] TCP: reno registered
[    0.137811] UDP hash table entries: 512 (order: 2, 16384 bytes)
[    0.137852] UDP-Lite hash table entries: 512 (order: 2, 16384 bytes)
[    0.138028] NET: Registered protocol family 1
[    0.138267] RPC: Registered named UNIX socket transport module.
[    0.138276] RPC: Registered udp transport module.
[    0.138283] RPC: Registered tcp transport module.
[    0.138291] RPC: Registered tcp NFSv4.1 backchannel transport module.
[    0.138309] PCI: CLS 0 bytes, default 64
[    0.140561] futex hash table entries: 1024 (order: 4, 65536 bytes)
[    0.152595] squashfs: version 4.0 (2009/01/31) Phillip Lougher
[    0.153528] NFS: Registering the id_resolver key type
[    0.153563] Key type id_resolver registered
[    0.153572] Key type id_legacy registered
[    0.153639] ntfs: driver 2.1.31 [Flags: R/O].
[    0.154757] bounce: pool size: 64 pages
[    0.154980] Block layer SCSI generic (bsg) driver version 0.4 loaded (major 248)
[    0.154997] io scheduler noop registered
[    0.155011] io scheduler deadline registered
[    0.155215] io scheduler cfq registered (default)
[    0.170889] tegra-pcie 1003000.pcie-controller: 2x1, 1x1 configuration
[    0.170937] tegra-pcie 1003000.pcie-controller: Failed to get supply 'avddio-pex': -517
[    0.170972] platform 1003000.pcie-controller: Driver tegra-pcie requests probe deferral
[    0.177318] tegra-apbdma 60020000.dma: Tegra20 APB DMA driver register 32 channels
[    0.178012] tegra-pmc 7000e400.pmc: emergency thermal reset enabled
[    0.235851] Serial: 8250/16550 driver, 4 ports, IRQ sharing disabled
[    0.238071] SuperH (H)SCI(F) driver initialized
[    0.238798] msm_serial: driver initialized
[    0.239632] console [ttyS0] disabled
[    0.239666] 70006300.serial: ttyS0 at MMIO 0x70006300 (irq = 330, base_baud = 25500000) is a Tegra
[    1.134925] console [ttyS0] enabled
[    1.139225] STMicroelectronics ASC driver initialized
[    1.146440] [drm] Initialized drm 1.1.0 20060810
[    1.152825] tegra-hdmi 54280000.hdmi: failed to get HDMI regulator
[    1.159030] platform 54280000.hdmi: Driver tegra-hdmi requests probe deferral
[    1.173023] loop: module loaded
[    1.176514] at24 0-0056: 256 byte 24c02 EEPROM, writable, 8 bytes/write
[    1.184492] as3722 4-0040: AS3722 with revision 0x1 found
[    1.195449] +1.35V_LP0(sd2): supplied by +5V_SYS
[    1.200624] +1.35V_LP0(sd3): supplied by +5V_SYS
[    1.205768] +1.05V_RUN: supplied by +5V_SYS
[    1.210340] +1.8V_VDDIO: supplied by +5V_SYS
[    1.216360] +1.05V_RUN_AVDD: supplied by +1.35V_LP0(sd2)
[    1.222674] as3722-regulator as3722-regulator: Failed to find supply vin-ldo1-6
[    1.230097] as3722-regulator as3722-regulator: regulator 8 register failed -517
[    1.238629] platform as3722-regulator: Driver as3722-regulator requests probe deferral
[    1.248800] tegra-ahci 70027000.sata: Failed to get supply 'avdd': -517
[    1.255427] tegra-ahci 70027000.sata: Failed to get regulators
[    1.261295] platform 70027000.sata: Driver tegra-ahci requests probe deferral
[    1.272632] m25p80 spi32765.0: w25q32dw (4096 Kbytes)
[    1.281069] CAN device driver interface
[    1.286095] igb: Intel(R) Gigabit Ethernet Network Driver - version 5.2.15-k
[    1.293147] igb: Copyright (c) 2007-2014 Intel Corporation.
[    1.300857] pegasus: v0.9.3 (2013/04/25), Pegasus/Pegasus II USB Ethernet driver
[    1.308315] usbcore: registered new interface driver pegasus
[    1.314052] usbcore: registered new interface driver asix
[    1.319512] usbcore: registered new interface driver ax88179_178a
[    1.325669] usbcore: registered new interface driver cdc_ether
[    1.331584] usbcore: registered new interface driver smsc75xx
[    1.337415] usbcore: registered new interface driver smsc95xx
[    1.343221] usbcore: registered new interface driver net1080
[    1.348945] usbcore: registered new interface driver cdc_subset
[    1.354923] usbcore: registered new interface driver zaurus
[    1.360610] usbcore: registered new interface driver cdc_ncm
[    1.367407] ehci_hcd: USB 2.0 'Enhanced' Host Controller (EHCI) Driver
[    1.373947] ehci-pci: EHCI PCI platform driver
[    1.378455] ehci-platform: EHCI generic platform driver
[    1.383895] ehci-omap: OMAP-EHCI Host Controller driver
[    1.389269] ehci-orion: EHCI orion driver
[    1.393428] SPEAr-ehci: EHCI SPEAr driver
[    1.397590] ehci-st: EHCI STMicroelectronics driver
[    1.402620] ehci-exynos: EHCI EXYNOS driver
[    1.406973] tegra-ehci: Tegra EHCI driver
[    1.411257] platform 7d004000.usb: Driver tegra-ehci requests probe deferral
[    1.418459] platform 7d008000.usb: Driver tegra-ehci requests probe deferral
[    1.425609] ohci_hcd: USB 1.1 'Open' Host Controller (OHCI) Driver
[    1.431810] ohci-pci: OHCI PCI platform driver
[    1.436319] ohci-platform: OHCI generic platform driver
[    1.441720] ohci-omap3: OHCI OMAP3 driver
[    1.445879] SPEAr-ohci: OHCI SPEAr driver
[    1.450031] ohci-st: OHCI STMicroelectronics driver
[    1.455144] usbcore: registered new interface driver usb-storage
[    1.461380] tegra-phy 7d004000.usb-phy: no vbus regulator
[    1.467076] platform 7d008000.usb-phy: Driver tegra-phy requests probe deferral
[    1.476188] mousedev: PS/2 mouse device common for all mice
[    1.485397] as3722-rtc as3722-rtc: rtc core: registered as3722-rtc as rtc0
[    1.492288] as3722-rtc as3722-rtc: RTC interrupt 364
[    1.500486] tegra_rtc 7000e000.rtc: rtc core: registered 7000e000.rtc as rtc1
[    1.507669] tegra_rtc 7000e000.rtc: Tegra internal Real Time Clock
[    1.514427] i2c /dev entries driver
[    1.520809] usbcore: registered new interface driver uvcvideo
[    1.526558] USB Video Class driver (1.1.1)
[    1.530666] gspca_main: v2.14.0 registered
[    1.536166] 0-004c supply vcc not found, using dummy regulator
[    1.546795] Driver 'mmcblk' needs updating - please use bus_type methods
[    1.553580] sdhci: Secure Digital Host Controller Interface driver
[    1.559761] sdhci: Copyright(c) Pierre Ossman
[    1.565350] Synopsys Designware Multimedia Card Interface Driver
[    1.572433] sdhci-pltfm: SDHCI platform and OF driver helper
[    1.578763] sdhci-tegra 700b0400.sdhci: Got CD GPIO
[    1.583665] sdhci-tegra 700b0400.sdhci: Got WP GPIO
[    1.588588] mmc0: Unknown controller version (3). You may experience problems.
[    1.595893] sdhci-tegra 700b0400.sdhci: No vmmc regulator found
[    1.601857] platform 700b0400.sdhci: Driver sdhci-tegra requests probe deferral
[    1.609283] mmc0: Unknown controller version (3). You may experience problems.
[    1.616555] sdhci-tegra 700b0600.sdhci: No vmmc regulator found
[    1.622491] sdhci-tegra 700b0600.sdhci: No vqmmc regulator found
[    1.628503] mmc0: Invalid maximum block size, assuming 512 bytes
[    1.665621] mmc0: SDHCI controller on 700b0600.sdhci [700b0600.sdhci] using ADMA 64-bit
[    1.674718] ledtrig-cpu: registered to indicate activity on CPUs
[    1.680978] usbcore: registered new interface driver usbhid
[    1.686616] usbhid: USB HID core driver
[    1.694513] usbcore: registered new interface driver snd-usb-audio
[    1.729585] mmc0: MAN_BKOPS_EN bit is not set
[    1.737182] mmc0: new high speed MMC card at address 0001
[    1.742962] mmcblk0: mmc0:0001 SEM16G 14.6 GiB 
[    1.747616] mmcblk0boot0: mmc0:0001 SEM16G partition 1 4.00 MiB
[    1.753651] mmcblk0boot1: mmc0:0001 SEM16G partition 2 4.00 MiB
[    1.759687] mmcblk0rpmb: mmc0:0001 SEM16G partition 3 4.00 MiB
[    1.767494] Primary GPT is invalid, using alternate GPT.
[    1.772845]  mmcblk0: p1 p2 p3 p4 p5 p6 p7 p8 p9
[    2.118600] tegra30-i2s 70301100.i2s: DMA channels sourced from device 70300000.ahub
[    2.135144] tegra-snd-rt5640 sound: rt5640-aif1 <-> 70301100.i2s mapping ok
[    2.144984] input: NVIDIA Tegra Jetson TK1 Headphones as /devices/soc0/sound/sound/card0/input0
[    2.155067] TCP: cubic registered
[    2.158411] NET: Registered protocol family 17
[    2.162880] can: controller area network core (rev 20120528 abi 9)
[    2.169134] NET: Registered protocol family 29
[    2.173595] can: raw protocol (rev 20120528)
[    2.177879] can: broadcast manager protocol (rev 20120528 t)
[    2.183555] can: netlink gateway (rev 20130117) max_hops=1
[    2.189432] Key type dns_resolver registered
[    2.194319] ThumbEE CPU extension supported.
[    2.198615] Registering SWP/SWPB emulation handler
[    2.207082] +3.3V_RUN: supplied by +3.3V_SYS
[    2.211933] +3.3V_AVDD_HDMI_AP_GATED: supplied by +3.3V_RUN
[    2.218201] +USB0_VBUS_SW: supplied by +5V_SYS
[    2.223319] +5V_USB_HS: supplied by +5V_SYS
[    2.230246] +3.3V_LP0: supplied by +3.3V_SYS
[    2.235094] reg-fixed-voltage regulators:regulator@11: Failed to find supply vin
[    2.242723] reg-fixed-voltage regulators:regulator@11: Failed to register regulator: -517
[    2.250968] platform regulators:regulator@11: Driver reg-fixed-voltage requests probe deferral
[    2.260893] +5V_HDMI_CON: supplied by +5V_SYS
[    2.265883] +5V_SATA: supplied by +5V_SYS
[    2.270438] +12V_SATA: supplied by +VDD_MUX
[    2.275239] tegra-pcie 1003000.pcie-controller: 2x1, 1x1 configuration
[    2.281878] tegra-pcie 1003000.pcie-controller: Failed to get supply 'avddio-pex': -517
[    2.289988] platform 1003000.pcie-controller: Driver tegra-pcie requests probe deferral
[    2.299376] tegra-hdmi 54280000.hdmi: failed to get PLL regulator
[    2.305622] platform 54280000.hdmi: Driver tegra-hdmi requests probe deferral
[    2.315864] +1.35V_LP0(sd2): supplied by +5V_SYS
[    2.320871] +1.35V_LP0(sd3): supplied by +5V_SYS
[    2.325868] +1.05V_RUN: supplied by +5V_SYS
[    2.330370] +1.8V_VDDIO: supplied by +5V_SYS
[    2.336103] +1.05V_RUN_AVDD: supplied by +1.35V_LP0(sd2)
[    2.342022] +1.8V_RUN_CAM: supplied by +3.3V_RUN
[    2.347853] +1.2V_GEN_AVDD: supplied by +1.8V_VDDIO
[    2.354676] +1.05V_LP0_VDD_RTC: supplied by +3.3V_SYS
[    2.361091] +2.8V_RUN_CAM: supplied by +3.3V_SYS
[    2.366807] +1.2V_RUN_CAM_FRONT: supplied by +1.8V_VDDIO
[    2.373107] +VDDIO_SDMMC3: supplied by +3.3V_RUN
[    2.379040] +1.05V_RUN_CAM_REAR: supplied by +1.8V_VDDIO
[    2.386115] +3.3V_RUN_TOUCH: supplied by +5V_SYS
[    2.392082] +2.8V_RUN_CAM_AF: supplied by +5V_SYS
[    2.397404] +1.8V_RUN_VPP_FUSE: supplied by +3.3V_RUN
[    2.404708] tegra-ahci 70027000.sata: AHCI 0001.0301 32 slots 2 ports 3 Gbps 0x1 impl platform mode
[    2.413781] tegra-ahci 70027000.sata: flags: 64bit ncq sntf pm led pio slum part sadm sds apst 
[    2.424566] scsi host0: tegra-ahci
[    2.429246] scsi host1: tegra-ahci
[    2.433116] ata1: SATA max UDMA/133 mmio [mem 0x70027000-0x70028fff] port 0x100 irq 340
[    2.441149] ata2: DUMMY
[    2.447483] tegra-ehci 7d004000.usb: EHCI Host Controller
[    2.452939] tegra-ehci 7d004000.usb: new USB bus registered, assigned bus number 1
[    2.460746] tegra-ehci 7d004000.usb: irq 345, io mem 0x7d004000
[    2.475718] tegra-ehci 7d004000.usb: USB 2.0 started, EHCI 1.10
[    2.482708] hub 1-0:1.0: USB hub found
[    2.486536] hub 1-0:1.0: 1 port detected
[    2.491860] platform 7d008000.usb: Driver tegra-ehci requests probe deferral
[    2.501119] sdhci-tegra 700b0400.sdhci: Got CD GPIO
[    2.506022] sdhci-tegra 700b0400.sdhci: Got WP GPIO
[    2.510953] mmc1: Unknown controller version (3). You may experience problems.
[    2.518342] sdhci-tegra 700b0400.sdhci: No vmmc regulator found
[    2.524299] mmc1: Invalid maximum block size, assuming 512 bytes
[    2.566166] mmc1: SDHCI controller on 700b0400.sdhci [700b0400.sdhci] using ADMA 64-bit
[    2.574679] +1.05V_RUN_AVDD_HDMI_PLL: supplied by +1.05V_RUN
[    2.580925] tegra-pcie 1003000.pcie-controller: 2x1, 1x1 configuration
[    2.588742] tegra-pcie 1003000.pcie-controller: probing port 0, using 2 lanes
[    2.598001] tegra-pcie 1003000.pcie-controller: Slot present pin change, signature: 00000008
[    2.765942] ata1: SATA link down (SStatus 0 SControl 300)
[    3.025787] tegra-pcie 1003000.pcie-controller: link 0 down, retrying
[    3.454163] tegra-pcie 1003000.pcie-controller: link 0 down, retrying
[    3.882221] tegra-pcie 1003000.pcie-controller: link 0 down, retrying
[    3.890806] tegra-pcie 1003000.pcie-controller: link 0 down, ignoring
[    3.897290] tegra-pcie 1003000.pcie-controller: probing port 1, using 1 lanes
[    3.906547] tegra-pcie 1003000.pcie-controller: Slot present pin change, signature: 00000000
[    4.333832] tegra-pcie 1003000.pcie-controller: link 1 down, retrying
[    4.761858] tegra-pcie 1003000.pcie-controller: link 1 down, retrying
[    5.190057] tegra-pcie 1003000.pcie-controller: link 1 down, retrying
[    5.198639] tegra-pcie 1003000.pcie-controller: link 1 down, ignoring
[    5.205349] tegra-pcie 1003000.pcie-controller: PCI host bridge to bus 0000:00
[    5.212588] pci_bus 0000:00: root bus resource [mem 0x13000000-0x1fffffff]
[    5.219469] pci_bus 0000:00: root bus resource [mem 0x20000000-0x3fffffff pref]
[    5.226782] pci_bus 0000:00: root bus resource [bus 00-ff]
[    5.232272] pci_bus 0000:00: root bus resource [io  0x1000-0xffff]
[    5.238482] PCI: bus0: Fast back to back transfers enabled
[    5.246567] [drm] Supports vblank timestamp caching Rev 2 (21.10.2013).
[    5.253212] [drm] No driver support for vblank timestamp query.
[    5.259160] drm drm: No connectors reported connected with modes
[    5.265207] [drm] Cannot find any crtc or sizes - going 1024x768
[    5.286164] Console: switching to colour frame buffer device 128x48
[    5.299621] drm drm: fb0:  frame buffer device
[    5.304073] drm drm: registered panic notifier
[    5.320770] [drm] Initialized tegra 0.0.0 20120330 on minor 0
[    5.327678] tegra-ehci 7d008000.usb: EHCI Host Controller
[    5.333112] tegra-ehci 7d008000.usb: new USB bus registered, assigned bus number 2
[    5.341370] tegra-ehci 7d008000.usb: irq 346, io mem 0x7d008000
[    5.355756] tegra-ehci 7d008000.usb: USB 2.0 started, EHCI 1.10
[    5.362571] hub 2-0:1.0: USB hub found
[    5.366387] hub 2-0:1.0: 1 port detected
[    5.372163] input: gpio-keys as /devices/soc0/gpio-keys/input/input1
[    5.379804] as3722-rtc as3722-rtc: setting system clock to 2000-02-01 00:00:17 UTC (949363217)
[    5.399121] +1.8V_RUN_VPP_FUSE: disabling
[    5.403544] +2.8V_RUN_CAM_AF: disabling
[    5.407746] +3.3V_RUN_TOUCH: disabling
[    5.411860] +1.05V_RUN_CAM_REAR: disabling
[    5.416321] +1.2V_RUN_CAM_FRONT: disabling
[    5.420763] +2.8V_RUN_CAM: disabling
[    5.424463] +1.8V_RUN_CAM: disabling
[    5.428181] +USB0_VBUS_SW: disabling
[    5.432091] ALSA device list:
[    5.435054]   #0: NVIDIA Tegra Jetson TK1
[    5.440323] EXT4-fs (mmcblk0p1): couldn't mount as ext3 due to feature incompatibilities
[    5.449137] EXT4-fs (mmcblk0p1): couldn't mount as ext2 due to feature incompatibilities
[    5.463296] EXT4-fs (mmcblk0p1): recovery complete
[    5.468149] EXT4-fs (mmcblk0p1): mounted filesystem with ordered data mode. Opts: (null)
[    5.476331] VFS: Mounted root (ext4 filesystem) on device 179:1.
[    5.484947] devtmpfs: mounted
[    5.488643] Freeing unused kernel memory: 804K (c0d03000 - c0dcc000)
bash: cannot set terminal process group (-1): Inappropriate ioctl for device
bash: no job control in this shell
root@(none):/# [    5.675822] usb 2-1: new high-speed USB device number 2 using tegra-ehci
