
U-Boot SPL 2015.04-rc3-00209-ga74ef40 (Mar 16 2015 - 14:43:39)


U-Boot 2015.04-rc3-00209-ga74ef40 (Mar 16 2015 - 14:43:39)

TEGRA20
Model: Compulab TrimSlice board
DRAM:  1 GiB
MMC:   Tegra SD/MMC: 0, Tegra SD/MMC: 1
SF: Detected W25Q80BL with page size 256 Bytes, erase size 4 KiB, total 1 MiB
tegra-pcie: PCI regions:
tegra-pcie:   I/O: 0x82000000-0x82010000
tegra-pcie:   non-prefetchable memory: 0xa0000000-0xa8000000
tegra-pcie:   prefetchable memory: 0xa8000000-0xc0000000
tegra-pcie: dual-mode configuration
tegra-pcie: probing port 0, using 2 lanes
In:    serial
Out:   serial
Err:   serial
Net:   RTL8169#0
Hit any key to stop autoboot:  2  0 
Tegra20 (TrimSlice) # 
Tegra20 (TrimSlice) # usb reset
resetting USB...
USB0:   USB EHCI 1.00
scanning bus 0 for devices... 3 USB Device(s) found
USB1:   USB EHCI 1.00
scanning bus 1 for devices... 1 USB Device(s) found
USB2:   lowlevel init failed
       scanning usb for storage devices... 0 Storage Device(s) found
       scanning usb for ethernet devices... 
Warning: asx0 using MAC address from net device
1 Ethernet Device(s) found
Tegra20 (TrimSlice) # setenv bootargs 'ignore_loglevel console=ttyS0,115200n8 rw root=PARTUUID=11eb23c1-01 rootwait gpt debug noinitrd earlyprintk init=/bin/bash'
Tegra20 (TrimSlice) # setenv ipaddr 192.168.100.103; setenv serverip 192.168.100.1; setenv tftpserverip 192.168.100.1
Tegra20 (TrimSlice) # tftpboot 0x00408000 zImage.multi_v7_defconfig
Using RTL8169#0 device
TFTP from server 192.168.100.1; our IP address is 192.168.100.103
Filename 'zImage.multi_v7_defconfig'.
Load address: 0x408000
Loading: *#################################################################
	 #################################################################
	 #################################################################
	 #################################################################
	 #################################################################
	 #################################################################
	 ####################################################
	 4.1 MiB/s
done
Bytes transferred = 6477160 (62d568 hex)
Tegra20 (TrimSlice) # tftpboot 0x02408000 tegra20-trimslice.dtb
Using RTL8169#0 device
TFTP from server 192.168.100.1; our IP address is 192.168.100.103
Filename 'tegra20-trimslice.dtb'.
Load address: 0x2408000
Loading: *##
	 4 MiB/s
done
Bytes transferred = 21130 (528a hex)
Tegra20 (TrimSlice) # bootz 0x00408000 - 0x02408000
Kernel image @ 0x408000 [ 0x000000 - 0x62d568 ]
## Flattened Device Tree blob at 02408000
   Booting using the fdt blob at 0x2408000
   Using Device Tree in place at 02408000, end 02410289

Starting kernel ...

[    0.000000] Booting Linux on physical CPU 0x0
[    0.000000] Linux version 4.3.0-75599-gbd4f203 (pwalmsley@tamien) (gcc version 4.7.3 20130328 (prerelease) (crosstool-NG linaro-1.13.1-4.7-2013.04-20130415 - Linaro GCC 2013.04) ) #1 SMP Thu Apr 28 02:05:35 PDT 2016
[    0.000000] CPU: ARMv7 Processor [411fc090] revision 0 (ARMv7), cr=10c5387d
[    0.000000] CPU: PIPT / VIPT nonaliasing data cache, VIPT aliasing instruction cache
[    0.000000] Machine model: Compulab TrimSlice board
[    0.000000] debug: ignoring loglevel setting.
[    0.000000] cma: Reserved 64 MiB at 0x3c000000
[    0.000000] Memory policy: Data cache writealloc
[    0.000000] On node 0 totalpages: 262144
[    0.000000] free_area_init_node: node 0, pgdat c0f982c0, node_mem_map ef7f8000
[    0.000000]   DMA zone: 1536 pages used for memmap
[    0.000000]   DMA zone: 0 pages reserved
[    0.000000]   DMA zone: 196608 pages, LIFO batch:31
[    0.000000]   HighMem zone: 65536 pages, LIFO batch:15
[    0.000000] PERCPU: Embedded 12 pages/cpu @ef7cb000 s19136 r8192 d21824 u49152
[    0.000000] pcpu-alloc: s19136 r8192 d21824 u49152 alloc=12*4096
[    0.000000] pcpu-alloc: [0] 0 [0] 1 
[    0.000000] Built 1 zonelists in Zone order, mobility grouping on.  Total pages: 260608
[    0.000000] Kernel command line: ignore_loglevel console=ttyS0,115200n8 rw root=PARTUUID=11eb23c1-01 rootwait gpt debug noinitrd earlyprintk init=/bin/bash
[    0.000000] PID hash table entries: 4096 (order: 2, 16384 bytes)
[    0.000000] Dentry cache hash table entries: 131072 (order: 7, 524288 bytes)
[    0.000000] Inode-cache hash table entries: 65536 (order: 6, 262144 bytes)
[    0.000000] Memory: 959568K/1048576K available (8156K kernel code, 1032K rwdata, 3660K rodata, 1040K init, 340K bss, 23472K reserved, 65536K cma-reserved, 196608K highmem)
[    0.000000] Virtual kernel memory layout:
[    0.000000]     vector  : 0xffff0000 - 0xffff1000   (   4 kB)
[    0.000000]     fixmap  : 0xffc00000 - 0xfff00000   (3072 kB)
[    0.000000]     vmalloc : 0xf0800000 - 0xff800000   ( 240 MB)
[    0.000000]     lowmem  : 0xc0000000 - 0xf0000000   ( 768 MB)
[    0.000000]     pkmap   : 0xbfe00000 - 0xc0000000   (   2 MB)
[    0.000000]     modules : 0xbf000000 - 0xbfe00000   (  14 MB)
[    0.000000]       .text : 0xc0208000 - 0xc0d932ac   (11821 kB)
[    0.000000]       .init : 0xc0d94000 - 0xc0e98000   (1040 kB)
[    0.000000]       .data : 0xc0e98000 - 0xc0f9a220   (1033 kB)
[    0.000000]        .bss : 0xc0f9d000 - 0xc0ff23a8   ( 341 kB)
[    0.000000] SLUB: HWalign=64, Order=0-3, MinObjects=0, CPUs=2, Nodes=1
[    0.000000] Hierarchical RCU implementation.
[    0.000000] 	Build-time adjustment of leaf fanout to 32.
[    0.000000] 	RCU restricting CPUs from NR_CPUS=16 to nr_cpu_ids=2.
[    0.000000] RCU: Adjusting geometry for rcu_fanout_leaf=32, nr_cpu_ids=2
[    0.000000] NR_IRQS:16 nr_irqs:16 16
[    0.000000] /interrupt-controller@60004000: 128 interrupts forwarded to /interrupt-controller@50041000
[    0.000000] L2C: platform modifies aux control register: 0x02080000 -> 0x3e480001
[    0.000000] L2C: DT/platform modifies aux control register: 0x02080000 -> 0x3e480001
[    0.000000] L2C-310 errata 727915 769419 enabled
[    0.000000] L2C-310 enabling early BRESP for Cortex-A9
[    0.000000] L2C-310: enabling full line of zeros but not enabled in Cortex-A9
[    0.000000] L2C-310 ID prefetch enabled, offset 1 lines
[    0.000000] L2C-310 cache controller enabled, 8 ways, 1024 kB
[    0.000000] L2C-310: CACHE_ID 0x410000c4, AUX_CTRL 0x7e480001
[    0.000010] sched_clock: 32 bits at 1000kHz, resolution 1000ns, wraps every 2147483647500ns
[    0.000027] clocksource: timer_us: mask: 0xffffffff max_cycles: 0xffffffff, max_idle_ns: 1911260446275 ns
[    0.000037] Switching to timer-based delay loop, resolution 1000ns
[    0.001479] Console: colour dummy device 80x30
[    0.001500] Calibrating delay loop (skipped), value calculated using timer frequency.. 2.00 BogoMIPS (lpj=5000)
[    0.001511] pid_max: default: 32768 minimum: 301
[    0.001596] Mount-cache hash table entries: 2048 (order: 1, 8192 bytes)
[    0.001605] Mountpoint-cache hash table entries: 2048 (order: 1, 8192 bytes)
[    0.002074] CPU: Testing write buffer coherency: ok
[    0.002252] CPU0: thread -1, cpu 0, socket 0, mpidr 80000000
[    0.002293] Setting up static identity map for 0x209000 - 0x209098
[    0.003661] Tegra Revision: A03 prime SKU: 8 CPU Process: 1 SoC Process: 2
[    0.004588] CPU1: thread -1, cpu 1, socket 0, mpidr 80000001
[    0.004647] Brought up 2 CPUs
[    0.004659] SMP: Total of 2 processors activated (4.00 BogoMIPS).
[    0.004664] CPU: All CPU(s) started in SVC mode.
[    0.005261] devtmpfs: initialized
[    0.009263] VFP support v0.3: implementor 41 architecture 3 part 30 variant 9 rev 1
[    0.009648] clocksource: jiffies: mask: 0xffffffff max_cycles: 0xffffffff, max_idle_ns: 9556302231375000 ns
[    0.012794] pinctrl core: initialized pinctrl subsystem
[    0.013961] NET: Registered protocol family 16
[    0.016017] DMA: preallocated 256 KiB pool for atomic coherent allocations
[    0.029928] cpuidle: using governor ladder
[    0.044926] cpuidle: using governor menu
[    0.055149] No ATAGs?
[    0.055178] hw-breakpoint: found 5 (+1 reserved) breakpoint and 1 watchpoint registers.
[    0.055185] hw-breakpoint: maximum watchpoint size is 4 bytes.
[    0.058025] Serial: AMBA PL011 UART driver
[    0.083280] usb1_vbus: Failed to request enable GPIO170: -517
[    0.083362] reg-fixed-voltage regulators:regulator@2: Failed to register regulator: -517
[    0.086854] vgaarb: loaded
[    0.087415] SCSI subsystem initialized
[    0.087541] libata version 3.00 loaded.
[    0.087750] usbcore: registered new interface driver usbfs
[    0.087805] usbcore: registered new interface driver hub
[    0.087845] usbcore: registered new device driver usb
[    0.089830] pps_core: LinuxPPS API ver. 1 registered
[    0.089838] pps_core: Software ver. 5.3.6 - Copyright 2005-2007 Rodolfo Giometti <giometti@linux.it>
[    0.089858] PTP clock support registered
[    0.090045] EDAC MC: Ver: 3.0.0
[    0.091841] clocksource: Switched to clocksource timer_us
[    0.099785] NET: Registered protocol family 2
[    0.100213] TCP established hash table entries: 8192 (order: 3, 32768 bytes)
[    0.100287] TCP bind hash table entries: 8192 (order: 4, 65536 bytes)
[    0.100392] TCP: Hash tables configured (established 8192 bind 8192)
[    0.100470] UDP hash table entries: 512 (order: 2, 16384 bytes)
[    0.100517] UDP-Lite hash table entries: 512 (order: 2, 16384 bytes)
[    0.100679] NET: Registered protocol family 1
[    0.100919] RPC: Registered named UNIX socket transport module.
[    0.100928] RPC: Registered udp transport module.
[    0.100933] RPC: Registered tcp transport module.
[    0.100938] RPC: Registered tcp NFSv4.1 backchannel transport module.
[    0.100957] PCI: CLS 0 bytes, default 64
[    0.101734] hw perfevents: enabled with armv7_cortex_a9 PMU driver, 7 counters available
[    0.102776] futex hash table entries: 512 (order: 3, 32768 bytes)
[    0.110892] squashfs: version 4.0 (2009/01/31) Phillip Lougher
[    0.111571] NFS: Registering the id_resolver key type
[    0.111598] Key type id_resolver registered
[    0.111605] Key type id_legacy registered
[    0.111657] ntfs: driver 2.1.32 [Flags: R/O].
[    0.112712] bounce: pool size: 64 pages
[    0.112888] Block layer SCSI generic (bsg) driver version 0.4 loaded (major 249)
[    0.112903] io scheduler noop registered
[    0.112914] io scheduler deadline registered
[    0.112943] io scheduler cfq registered (default)
[    0.122278] tegra-pcie 80003000.pcie-controller: dual-mode configuration
[    0.122858] tegra-pcie 80003000.pcie-controller: probing port 0, using 2 lanes
[    0.205285] tegra-pcie 80003000.pcie-controller: PCI host bridge to bus 0000:00
[    0.205297] pci_bus 0000:00: root bus resource [mem 0xa0000000-0xa7ffffff]
[    0.205307] pci_bus 0000:00: root bus resource [mem 0xa8000000-0xbfffffff pref]
[    0.205316] pci_bus 0000:00: root bus resource [bus 00-ff]
[    0.205324] pci_bus 0000:00: root bus resource [io  0x1000-0xffff]
[    0.205351] pci 0000:00:01.0: [10de:0bf0] type 01 class 0x060000
[    0.205409] pci 0000:00:01.0: PME# supported from D0 D1 D2 D3hot D3cold
[    0.205596] PCI: bus0: Fast back to back transfers disabled
[    0.205607] pci 0000:00:01.0: bridge configuration invalid ([bus 00-00]), reconfiguring
[    0.205745] pci 0000:01:00.0: [10ec:8168] type 00 class 0x020000
[    0.205784] pci 0000:01:00.0: reg 0x10: [io  0x0000-0x00ff]
[    0.205806] pci 0000:01:00.0: reg 0x18: [mem 0x00000000-0x00000fff 64bit pref]
[    0.205823] pci 0000:01:00.0: reg 0x20: [mem 0x00000000-0x00003fff 64bit pref]
[    0.205835] pci 0000:01:00.0: reg 0x30: [mem 0x00000000-0x0001ffff pref]
[    0.205896] pci 0000:01:00.0: supports D1 D2
[    0.205904] pci 0000:01:00.0: PME# supported from D0 D1 D2 D3hot D3cold
[    0.211884] PCI: bus1: Fast back to back transfers disabled
[    0.211897] pci_bus 0000:01: busn_res: [bus 01-ff] end is updated to 01
[    0.211909] Disabling cpuidle LP2 state, since PCIe IRQs are in use
[    0.211964] pci 0000:00:01.0: BAR 8: assigned [mem 0xa0000000-0xa00fffff]
[    0.211976] pci 0000:00:01.0: BAR 9: assigned [mem 0xa8000000-0xa80fffff 64bit pref]
[    0.211986] pci 0000:00:01.0: BAR 7: assigned [io  0x1000-0x1fff]
[    0.211998] pci 0000:01:00.0: BAR 6: assigned [mem 0xa0000000-0xa001ffff pref]
[    0.212008] pci 0000:01:00.0: BAR 4: assigned [mem 0xa8000000-0xa8003fff 64bit pref]
[    0.212025] pci 0000:01:00.0: BAR 2: assigned [mem 0xa8004000-0xa8004fff 64bit pref]
[    0.212042] pci 0000:01:00.0: BAR 0: assigned [io  0x1000-0x10ff]
[    0.212053] pci 0000:00:01.0: PCI bridge to [bus 01]
[    0.212061] pci 0000:00:01.0:   bridge window [io  0x1000-0x1fff]
[    0.212070] pci 0000:00:01.0:   bridge window [mem 0xa0000000-0xa00fffff]
[    0.212079] pci 0000:00:01.0:   bridge window [mem 0xa8000000-0xa80fffff 64bit pref]
[    0.212098] pci 0000:00:01.0: nv_msi_ht_cap_quirk didn't locate host bridge
[    0.212162] pcieport 0000:00:01.0: enabling device (0140 -> 0143)
[    0.212313] pcieport 0000:00:01.0: Signaling PME through PCIe PME interrupt
[    0.212322] pci 0000:01:00.0: Signaling PME through PCIe PME interrupt
[    0.212332] pcie_pme 0000:00:01.0:pcie01: service driver pcie_pme loaded
[    0.215965] tegra-apbdma 6000a000.dma: Tegra20 APB DMA driver register 16 channels
[    0.264760] Serial: 8250/16550 driver, 4 ports, IRQ sharing disabled
[    0.266564] SuperH (H)SCI(F) driver initialized
[    0.267272] msm_serial: driver initialized
[    0.267944] console [ttyS0] disabled
[    0.267978] 70006000.serial: ttyS0 at MMIO 0x70006000 (irq = 279, base_baud = 13500000) is a Tegra
[    1.216995] console [ttyS0] enabled
[    1.221033] STMicroelectronics ASC driver initialized
[    1.227704] [drm] Initialized drm 1.1.0 20060810
[    1.234003] 54280000.hdmi supply hdmi not found, using dummy regulator
[    1.243197] [drm] Supports vblank timestamp caching Rev 2 (21.10.2013).
[    1.249810] [drm] No driver support for vblank timestamp query.
[    1.255743] drm drm: No connectors reported connected with modes
[    1.261746] [drm] Cannot find any crtc or sizes - going 1024x768
[    1.283812] Console: switching to colour frame buffer device 128x48
[    1.298477] drm drm: fb0:  frame buffer device
[    1.316848] [drm] Initialized tegra 0.0.0 20120330 on minor 0
[    1.327785] loop: module loaded
[    1.335532] m25p80 spi32766.0: found s25fl008k, expected w25q80bl
[    1.341678] m25p80 spi32766.0: s25fl008k (1024 Kbytes)
[    1.346820] spi32766.0: 'partitions' subnode not found on /spi@7000c380/spi-flash@0. Trying to parse direct subnodes as partitions.
[    1.360929] CAN device driver interface
[    1.365734] igb: Intel(R) Gigabit Ethernet Network Driver - version 5.3.0-k
[    1.372694] igb: Copyright (c) 2007-2014 Intel Corporation.
[    1.378800] r8169 Gigabit Ethernet driver 2.3LK-NAPI loaded
[    1.384397] r8169 0000:01:00.0: enabling device (0140 -> 0143)
[    1.390986] r8169 0000:01:00.0 eth0: RTL8168d/8111d at 0xf085e000, 00:01:c0:13:7d:63, XID 081000c0 IRQ 296
[    1.400644] r8169 0000:01:00.0 eth0: jumbo features [frames: 9200 bytes, tx checksumming: ko]
[    1.411028] pegasus: v0.9.3 (2013/04/25), Pegasus/Pegasus II USB Ethernet driver
[    1.418484] usbcore: registered new interface driver pegasus
[    1.424205] usbcore: registered new interface driver asix
[    1.429647] usbcore: registered new interface driver ax88179_178a
[    1.435781] usbcore: registered new interface driver cdc_ether
[    1.441673] usbcore: registered new interface driver smsc75xx
[    1.447480] usbcore: registered new interface driver smsc95xx
[    1.453266] usbcore: registered new interface driver net1080
[    1.458964] usbcore: registered new interface driver cdc_subset
[    1.464922] usbcore: registered new interface driver zaurus
[    1.470573] usbcore: registered new interface driver cdc_ncm
[    1.476527] tegra-phy c5004000.usb-phy: no vbus regulator
[    1.483027] tegra-phy c5008000.usb-phy: no vbus regulator
[    1.489564] ehci_hcd: USB 2.0 'Enhanced' Host Controller (EHCI) Driver
[    1.496097] ehci-pci: EHCI PCI platform driver
[    1.500578] ehci-platform: EHCI generic platform driver
[    1.505956] ehci-omap: OMAP-EHCI Host Controller driver
[    1.511283] ehci-orion: EHCI orion driver
[    1.515396] SPEAr-ehci: EHCI SPEAr driver
[    1.519510] ehci-st: EHCI STMicroelectronics driver
[    1.524491] ehci-exynos: EHCI EXYNOS driver
[    1.528792] ehci-atmel: EHCI Atmel driver
[    1.532913] tegra-ehci: Tegra EHCI driver
[    1.558047] ulpi_phy_power_on: ulpi write failed
[    1.562667] tegra-ehci c5004000.usb: Failed to power on the phy
[    1.568595] tegra-ehci: probe of c5004000.usb failed with error -110
[    1.577581] tegra-ehci c5008000.usb: EHCI Host Controller
[    1.582999] tegra-ehci c5008000.usb: new USB bus registered, assigned bus number 1
[    1.590807] tegra-ehci c5008000.usb: irq 290, io mem 0xc5008000
[    1.601857] tegra-ehci c5008000.usb: USB 2.0 started, EHCI 1.00
[    1.608368] hub 1-0:1.0: USB hub found
[    1.612147] hub 1-0:1.0: 1 port detected
[    1.616374] ohci_hcd: USB 1.1 'Open' Host Controller (OHCI) Driver
[    1.622567] ohci-pci: OHCI PCI platform driver
[    1.627057] ohci-platform: OHCI generic platform driver
[    1.632430] ohci-omap3: OHCI OMAP3 driver
[    1.636531] SPEAr-ohci: OHCI SPEAr driver
[    1.640642] ohci-st: OHCI STMicroelectronics driver
[    1.645619] ohci-atmel: OHCI Atmel driver
[    1.650040] usbcore: registered new interface driver usb-storage
[    1.657186] mousedev: PS/2 mouse device common for all mice
[    1.664790] rtc-em3027 2-0056: rtc core: registered rtc-em3027 as rtc0
[    1.672486] tegra_rtc 7000e000.rtc: rtc core: registered 7000e000.rtc as rtc1
[    1.679649] tegra_rtc 7000e000.rtc: Tegra internal Real Time Clock
[    1.686256] i2c /dev entries driver
[    1.696213] sdhci: Secure Digital Host Controller Interface driver
[    1.702398] sdhci: Copyright(c) Pierre Ossman
[    1.707929] Synopsys Designware Multimedia Card Interface Driver
[    1.714772] sdhci-pltfm: SDHCI platform and OF driver helper
[    1.721284] sdhci-tegra c8000000.sdhci: No vmmc regulator found
[    1.727212] sdhci-tegra c8000000.sdhci: No vqmmc regulator found
[    1.733220] mmc0: Invalid maximum block size, assuming 512 bytes
[    1.766860] mmc0: SDHCI controller on c8000000.sdhci [c8000000.sdhci] using ADMA
[    1.774349] sdhci-tegra c8000600.sdhci: Got CD GPIO
[    1.779249] sdhci-tegra c8000600.sdhci: Got WP GPIO
[    1.784262] sdhci-tegra c8000600.sdhci: No vmmc regulator found
[    1.790195] sdhci-tegra c8000600.sdhci: No vqmmc regulator found
[    1.796207] mmc1: Invalid maximum block size, assuming 512 bytes
[    1.831934] mmc1: SDHCI controller on c8000600.sdhci [c8000600.sdhci] using ADMA
[    1.840315] ledtrig-cpu: registered to indicate activity on CPUs
[    1.846506] usbcore: registered new interface driver usbhid
[    1.852084] usbhid: USB HID core driver
[    1.859485] NET: Registered protocol family 10
[    1.864623] sit: IPv6 over IPv4 tunneling driver
[    1.869728] NET: Registered protocol family 17
[    1.874206] can: controller area network core (rev 20120528 abi 9)
[    1.880447] NET: Registered protocol family 29
[    1.884909] can: raw protocol (rev 20120528)
[    1.889190] can: broadcast manager protocol (rev 20120528 t)
[    1.894858] can: netlink gateway (rev 20130117) max_hops=1
[    1.900670] Key type dns_resolver registered
[    1.905307] ThumbEE CPU extension supported.
[    1.909600] Registering SWP/SWPB emulation handler
[    1.918955] utmi_phy_clk_enable: timeout waiting for phy to stabilize
[    1.925426] tegra-ehci c5000000.usb: EHCI Host Controller
[    1.930847] tegra-ehci c5000000.usb: new USB bus registered, assigned bus number 2
[    1.938740] tegra-ehci c5000000.usb: irq 288, io mem 0xc5000000
[    1.951867] mmc0: host does not support reading read-only switch, assuming write-enable
[    1.961824] mmc0: new high speed SDHC card at address b368
[    1.966864] usb 1-1: new high-speed USB device number 2 using tegra-ehci
[    1.974345] mmcblk0: mmc0:b368 NCard 3.70 GiB 
[    1.980648]  mmcblk0: p1
[    1.981862] tegra-ehci c5000000.usb: USB 2.0 started, EHCI 1.00
[    1.989424] hub 2-0:1.0: USB hub found
[    1.993221] hub 2-0:1.0: 1 port detected
[    1.998068] input: gpio-keys as /devices/soc0/gpio-keys/input/input0
[    2.004982] rtc-em3027 2-0056: setting system clock to 2014-12-29 16:56:32 UTC (1419872192)
[    2.018837] EXT4-fs (mmcblk0p1): mounting ext3 file system using the ext4 subsystem
[    2.054800] EXT4-fs (mmcblk0p1): recovery complete
[    2.065734] EXT4-fs (mmcblk0p1): mounted filesystem with ordered data mode. Opts: (null)
[    2.073862] VFS: Mounted root (ext3 filesystem) on device 179:1.
[    2.088094] devtmpfs: mounted
[    2.092036] Freeing unused kernel memory: 1040K (c0d94000 - c0e98000)
[    2.108276] mmc1: new high speed SD card at address b368
[    2.114071] mmcblk1: mmc1:b368 NCard 1.83 GiB (ro)
[    2.118016] hub 1-1:1.0: USB hub found
[    2.119037] hub 1-1:1.0: 4 ports detected
[    2.129216]  mmcblk1: p1 p2
bash: cannot set terminal process group (-1): Inappropriate ioctl for device
bash: no job control in this shell
root@(none):/# [    2.401906] usb 1-1.2: new high-speed USB device number 3 using tegra-ehci
mount -t sysfs none /sys
root@(none):/# 
root@(none):/# mount -t debugfs none /sys/kernel/debug
root@(none):/# 
root@(none):/# rtcwake -d rtc1 -m mem -s 3
rtcwake: assuming RTC uses UTC ...
rtcwake: wakeup from "mem" using /dev/rtc1 at Thu Jan  1 00:00:22 1970
[    5.827317] PM: Syncing filesystems ... done.
[    5.873606] Freezing user space processes ... (elapsed 0.001 seconds) done.
[    5.882059] Freezing remaining freezable tasks ... (elapsed 0.001 seconds) done.
[    5.890940] Suspending console(s) (use no_console_suspend to debug)
[    5.919986] PM: suspend of devices complete after 19.914 msecs
[    5.924627] PM: late suspend of devices complete after 4.609 msecs
[    5.942520] PM: noirq suspend of devices complete after 17.863 msecs
[    5.942531] Disabling non-boot CPUs ...
[    5.944157] CPU1: shutdown
[    5.964879] Entering suspend state LP1
[    5.964929] Enabling non-boot CPUs ...
[    5.991009] CPU1 is up
[    5.992201] pcieport 0000:00:01.0: nv_msi_ht_cap_quirk didn't locate host bridge
[    6.007470] PM: noirq resume of devices complete after 16.428 msecs
[    6.011642] PM: early resume of devices complete after 3.442 msecs
[    6.126272] PM: resume of devices complete after 114.597 msecs
[    6.187753] Restarting tasks ... done.
root@(none):/# 
root@(none):/# rtcwake -d rtc1 -m mem -s 3
rtcwake: assuming RTC uses UTC ...
rtcwake: wakeup from "mem" using /dev/rtc1 at Thu Jan  1 00:00:26 1970
[    6.821759] PM: Syncing filesystems ... done.
[    6.867096] Freezing user space processes ... (elapsed 0.001 seconds) done.
[    6.875512] Freezing remaining freezable tasks ... (elapsed 0.001 seconds) done.
[    6.884539] Suspending console(s) (use no_console_suspend to debug)
[    6.918685] PM: suspend of devices complete after 25.023 msecs
[    6.923500] PM: late suspend of devices complete after 4.783 msecs
[    6.942450] PM: noirq suspend of devices complete after 18.920 msecs
[    6.942461] Disabling non-boot CPUs ...
[    6.944175] CPU1: shutdown
[    6.969828] Entering suspend state LP1
[    6.969878] Enabling non-boot CPUs ...
[    6.995890] CPU1 is up
[    6.997121] pcieport 0000:00:01.0: nv_msi_ht_cap_quirk didn't locate host bridge
[    7.012388] PM: noirq resume of devices complete after 16.466 msecs
[    7.016596] PM: early resume of devices complete after 3.472 msecs
[    7.131266] PM: resume of devices complete after 114.637 msecs
[    7.192724] Restarting tasks ... done.
root@(none):/# 
root@(none):/# rtcwake -d rtc1 -m mem -s 3
rtcwake: assuming RTC uses UTC ...
rtcwake: wakeup from "mem" using /dev/rtc1 at Thu Jan  1 00:00:30 1970
[    7.826606] PM: Syncing filesystems ... done.
[    7.871839] Freezing user space processes ... (elapsed 0.001 seconds) done.
[    7.880261] Freezing remaining freezable tasks ... (elapsed 0.001 seconds) done.
[    7.889310] Suspending console(s) (use no_console_suspend to debug)
[    7.923902] PM: suspend of devices complete after 25.498 msecs
[    7.928550] PM: late suspend of devices complete after 4.617 msecs
[    7.947410] PM: noirq suspend of devices complete after 18.830 msecs
[    7.947421] Disabling non-boot CPUs ...
[    7.949200] CPU1: shutdown
[    7.964771] Entering suspend state LP1
[    7.964820] Enabling non-boot CPUs ...
[    7.990883] CPU1 is up
[    7.992358] pcieport 0000:00:01.0: nv_msi_ht_cap_quirk didn't locate host bridge
[    8.007327] PM: noirq resume of devices complete after 16.410 msecs
[    8.011506] PM: early resume of devices complete after 3.446 msecs
[    8.126148] PM: resume of devices complete after 114.611 msecs
[    8.187607] Restarting tasks ... done.
root@(none):/# 
root@(none):/# rtcwake -d rtc1 -m mem -s 3
rtcwake: assuming RTC uses UTC ...
rtcwake: wakeup from "mem" using /dev/rtc1 at Thu Jan  1 00:00:34 1970
[    8.821349] PM: Syncing filesystems ... done.
[    8.866610] Freezing user space processes ... (elapsed 0.001 seconds) done.
[    8.875090] Freezing remaining freezable tasks ... (elapsed 0.001 seconds) done.
[    8.884133] Suspending console(s) (use no_console_suspend to debug)
[    8.918190] PM: suspend of devices complete after 24.940 msecs
[    8.922813] PM: late suspend of devices complete after 4.592 msecs
[    8.937325] PM: noirq suspend of devices complete after 14.481 msecs
[    8.937336] Disabling non-boot CPUs ...
[    8.939051] CPU1: shutdown
[    8.964711] Entering suspend state LP1
[    8.964761] Enabling non-boot CPUs ...
[    8.990807] CPU1 is up
[    8.991673] pcieport 0000:00:01.0: nv_msi_ht_cap_quirk didn't locate host bridge
[    9.007300] PM: noirq resume of devices complete after 16.458 msecs
[    9.011935] PM: early resume of devices complete after 3.899 msecs
[    9.126089] PM: resume of devices complete after 114.122 msecs
[    9.187549] Restarting tasks ... done.
root@(none):/# 
root@(none):/# rtcwake -d rtc1 -m mem -s 3
rtcwake: assuming RTC uses UTC ...
rtcwake: wakeup from "mem" using /dev/rtc1 at Thu Jan  1 00:00:38 1970
[    9.821195] PM: Syncing filesystems ... done.
[    9.866367] Freezing user space processes ... (elapsed 0.001 seconds) done.
[    9.874857] Freezing remaining freezable tasks ... (elapsed 0.001 seconds) done.
[    9.883911] Suspending console(s) (use no_console_suspend to debug)
[    9.918364] PM: suspend of devices complete after 25.334 msecs
[    9.923019] PM: late suspend of devices complete after 4.624 msecs
[    9.942261] PM: noirq suspend of devices complete after 19.212 msecs
[    9.942272] Disabling non-boot CPUs ...
[    9.943989] CPU1: shutdown
[    9.969626] Entering suspend state LP1
[    9.969677] Enabling non-boot CPUs ...
[    9.995748] CPU1 is up
[    9.996512] pcieport 0000:00:01.0: nv_msi_ht_cap_quirk didn't locate host bridge
[   10.012233] PM: noirq resume of devices complete after 16.451 msecs
[   10.016436] PM: early resume of devices complete after 3.485 msecs
[   10.131083] PM: resume of devices complete after 114.615 msecs
[   10.192538] Restarting tasks ... done.
root@(none):/# 
root@(none):/# rtcwake -d rtc1 -m mem -s 3
rtcwake: assuming RTC uses UTC ...
rtcwake: wakeup from "mem" using /dev/rtc1 at Thu Jan  1 00:00:42 1970
[   10.831130] PM: Syncing filesystems ... done.
[   10.876270] Freezing user space processes ... (elapsed 0.001 seconds) done.
[   10.884506] Freezing remaining freezable tasks ... (elapsed 0.001 seconds) done.
[   10.893557] Suspending console(s) (use no_console_suspend to debug)
[   10.928515] PM: suspend of devices complete after 25.861 msecs
[   10.933143] PM: late suspend of devices complete after 4.599 msecs
[   10.952217] PM: noirq suspend of devices complete after 19.044 msecs
[   10.952229] Disabling non-boot CPUs ...
[   10.954002] CPU1: shutdown
[   10.969588] Entering suspend state LP1
[   10.969638] Enabling non-boot CPUs ...
[   10.995672] CPU1 is up
[   10.997143] pcieport 0000:00:01.0: nv_msi_ht_cap_quirk didn't locate host bridge
[   11.012135] PM: noirq resume of devices complete after 16.430 msecs
[   11.016273] PM: early resume of devices complete after 3.423 msecs
[   11.130954] PM: resume of devices complete after 114.650 msecs
[   11.192413] Restarting tasks ... done.
root@(none):/# 
root@(none):/# rtcwake -d rtc1 -m mem -s 3
rtcwake: assuming RTC uses UTC ...
rtcwake: wakeup from "mem" using /dev/rtc1 at Thu Jan  1 00:00:46 1970
[   11.831431] PM: Syncing filesystems ... done.
[   11.876758] Freezing user space processes ... (elapsed 0.001 seconds) done.
[   11.885165] Freezing remaining freezable tasks ... (elapsed 0.001 seconds) done.
[   11.894195] Suspending console(s) (use no_console_suspend to debug)
[   11.928841] PM: suspend of devices complete after 25.550 msecs
[   11.933465] PM: late suspend of devices complete after 4.592 msecs
[   11.952149] PM: noirq suspend of devices complete after 18.653 msecs
[   11.952159] Disabling non-boot CPUs ...
[   11.953869] CPU1: shutdown
[   11.979514] Entering suspend state LP1
[   11.979563] Enabling non-boot CPUs ...
[   12.005668] CPU1 is up
[   12.006911] pcieport 0000:00:01.0: nv_msi_ht_cap_quirk didn't locate host bridge
[   12.022072] PM: noirq resume of devices complete after 16.370 msecs
[   12.026372] PM: early resume of devices complete after 3.568 msecs
[   12.140898] PM: resume of devices complete after 114.493 msecs
[   12.202348] Restarting tasks ... done.
root@(none):/# 
root@(none):/# rtcwake -d rtc1 -m mem -s 3
rtcwake: assuming RTC uses UTC ...
rtcwake: wakeup from "mem" using /dev/rtc1 at Thu Jan  1 00:00:50 1970
[   12.841367] PM: Syncing filesystems ... done.
[   12.886712] Freezing user space processes ... (elapsed 0.001 seconds) done.
[   12.895141] Freezing remaining freezable tasks ... (elapsed 0.001 seconds) done.
[   12.904168] Suspending console(s) (use no_console_suspend to debug)
[   12.938000] PM: suspend of devices complete after 24.739 msecs
[   12.942615] PM: late suspend of devices complete after 4.583 msecs
[   12.962083] PM: noirq suspend of devices complete after 19.437 msecs
[   12.962094] Disabling non-boot CPUs ...
[   12.963811] CPU1: shutdown
[   12.989445] Entering suspend state LP1
[   12.989495] Enabling non-boot CPUs ...
[   13.015560] CPU1 is up
[   13.016945] pcieport 0000:00:01.0: nv_msi_ht_cap_quirk didn't locate host bridge
[   13.032015] PM: noirq resume of devices complete after 16.420 msecs
[   13.036160] PM: early resume of devices complete after 3.422 msecs
[   13.150832] PM: resume of devices complete after 114.639 msecs
[   13.212290] Restarting tasks ... done.
root@(none):/# 
root@(none):/# rtcwake -d rtc1 -m mem -s 3
rtcwake: assuming RTC uses UTC ...
rtcwake: wakeup from "mem" using /dev/rtc1 at Thu Jan  1 00:00:54 1970
[   13.851619] PM: Syncing filesystems ... done.
[   13.896829] Freezing user space processes ... (elapsed 0.001 seconds) done.
[   13.905235] Freezing remaining freezable tasks ... (elapsed 0.001 seconds) done.
[   13.914252] Suspending console(s) (use no_console_suspend to debug)
[   13.948286] PM: suspend of devices complete after 24.932 msecs
[   13.952910] PM: late suspend of devices complete after 4.593 msecs
[   13.972013] PM: noirq suspend of devices complete after 19.072 msecs
[   13.972023] Disabling non-boot CPUs ...
[   13.973746] CPU1: shutdown
[   13.999399] Entering suspend state LP1
[   13.999448] Enabling non-boot CPUs ...
[   14.025488] CPU1 is up
[   14.026729] pcieport 0000:00:01.0: nv_msi_ht_cap_quirk didn't locate host bridge
[   14.041947] PM: noirq resume of devices complete after 16.425 msecs
[   14.046154] PM: early resume of devices complete after 3.490 msecs
[   14.160747] PM: resume of devices complete after 114.560 msecs
[   14.222200] Restarting tasks ... done.
root@(none):/# 
root@(none):/# rtcwake -d rtc1 -m mem -s 3
rtcwake: assuming RTC uses UTC ...
rtcwake: wakeup from "mem" using /dev/rtc1 at Thu Jan  1 00:00:58 1970
[   14.861493] PM: Syncing filesystems ... done.
[   14.906703] Freezing user space processes ... (elapsed 0.001 seconds) done.
[   14.915109] Freezing remaining freezable tasks ... (elapsed 0.001 seconds) done.
[   14.923996] Suspending console(s) (use no_console_suspend to debug)
[   14.958487] PM: suspend of devices complete after 26.765 msecs
[   14.963096] PM: late suspend of devices complete after 4.577 msecs
[   14.981958] PM: noirq suspend of devices complete after 18.831 msecs
[   14.981968] Disabling non-boot CPUs ...
[   14.983689] CPU1: shutdown
[   15.009344] Entering suspend state LP1
[   15.009392] Enabling non-boot CPUs ...
[   15.035417] CPU1 is up
[   15.036635] pcieport 0000:00:01.0: nv_msi_ht_cap_quirk didn't locate host bridge
[   15.051886] PM: noirq resume of devices complete after 16.436 msecs
[   15.056167] PM: early resume of devices complete after 3.563 msecs
[   15.170704] PM: resume of devices complete after 114.503 msecs
[   15.232171] Restarting tasks ... done.
root@(none):/# 
root@(none):/# NVTB SYSTEM SUSPEND TEST COMPLETE
