
U-Boot SPL 2014.01-00219-gc4d376f (Feb 18 2014 - 19:57:18)


U-Boot 2014.01-00219-gc4d376f (Feb 18 2014 - 19:57:18)

TEGRA30
Board: NVIDIA Beaver
I2C:   ready
DRAM:  2 GiB
MMC:   Tegra SD/MMC: 0, Tegra SD/MMC: 1
In:    serial
Out:   serial
Err:   serial
Net:   Net Initialization Skipped
No ethernet found.
Hit any key to stop autoboot:  2  0 
Tegra30 (Beaver) # 
Tegra30 (Beaver) # usb reset
(Re)start USB...
USB0:   USB EHCI 1.00
scanning bus 0 for devices... 2 USB Device(s) found
       scanning usb for storage devices... 0 Storage Device(s) found
       scanning usb for ethernet devices... 
Warning: asx0 using MAC address from net device
1 Ethernet Device(s) found
Tegra30 (Beaver) # setenv bootargs 'ignore_loglevel console=ttyS0,115200n8 rw root=PARTUUID=edbe1840-3633-c751-7993-b0ac834f81e0 rootwait gpt debug noinitrd earlyprintk init=/bin/bash'
Tegra30 (Beaver) # setenv ipaddr 192.168.100.101; setenv serverip 192.168.100.1; setenv tftpserverip 192.168.100.1
Tegra30 (Beaver) # tftpboot 0x81000000 zImage.multi_v7_defconfig
Using asx0 device
TFTP from server 192.168.100.1; our IP address is 192.168.100.101
Filename 'zImage.multi_v7_defconfig'.
Load address: 0x81000000
Loading: *#################################################################
	 #################################################################
	 #################################################################
	 #################################################################
	 #################################################################
	 #################################################################
	 #################################################################
	 #########################################################
	 3.1 MiB/s
done
Bytes transferred = 7509488 (7295f0 hex)
Tegra30 (Beaver) # tftpboot 0x82000000 tegra30-beaver.dtb
Using asx0 device
TFTP from server 192.168.100.1; our IP address is 192.168.100.101
Filename 'tegra30-beaver.dtb'.
Load address: 0x82000000
Loading: *####
	 3.1 MiB/s
done
Bytes transferred = 51804 (ca5c hex)
Tegra30 (Beaver) # bootz 0x81000000 - 0x82000000
Kernel image @ 0x81000000 [ 0x000000 - 0x7295f0 ]
## Flattened Device Tree blob at 82000000
   Booting using the fdt blob at 0x82000000
   Loading Device Tree to 8fff0000, end 8ffffa5b ... OK

Starting kernel ...

[    0.000000] Booting Linux on physical CPU 0x0
[    0.000000] Linux version 4.11.0-rc1-next-20170309-157496-g2e62da1 (pwalmsley@sellafield) (gcc version 4.7.3 20130328 (prerelease) (crosstool-NG linaro-1.13.1-4.7-2013.04-20130415 - Linaro GCC 2013.04) ) #1 SMP Fri Mar 17 08:39:49 PDT 2017
[    0.000000] CPU: ARMv7 Processor [412fc099] revision 9 (ARMv7), cr=10c5387d
[    0.000000] CPU: PIPT / VIPT nonaliasing data cache, VIPT aliasing instruction cache
[    0.000000] OF: fdt: Machine model: NVIDIA Tegra30 Beaver evaluation board
[    0.000000] debug: ignoring loglevel setting.
[    0.000000] efi: Getting EFI parameters from FDT:
[    0.000000] efi: UEFI not found.
[    0.000000] cma: Reserved 64 MiB at 0xfb800000
[    0.000000] Memory policy: Data cache writealloc
[    0.000000] On node 0 totalpages: 524032
[    0.000000] free_area_init_node: node 0, pgdat c15397c0, node_mem_map eeff8000
[    0.000000]   DMA zone: 1536 pages used for memmap
[    0.000000]   DMA zone: 0 pages reserved
[    0.000000]   DMA zone: 196608 pages, LIFO batch:31
[    0.000000]   HighMem zone: 327424 pages, LIFO batch:31
[    0.000000] percpu: Embedded 16 pages/cpu @eef8c000 s34368 r8192 d22976 u65536
[    0.000000] pcpu-alloc: s34368 r8192 d22976 u65536 alloc=16*4096
[    0.000000] pcpu-alloc: [0] 0 [0] 1 [0] 2 [0] 3 
[    0.000000] Built 1 zonelists in Zone order, mobility grouping on.  Total pages: 522496
[    0.000000] Kernel command line: ignore_loglevel console=ttyS0,115200n8 rw root=PARTUUID=edbe1840-3633-c751-7993-b0ac834f81e0 rootwait gpt debug noinitrd earlyprintk init=/bin/bash
[    0.000000] PID hash table entries: 4096 (order: 2, 16384 bytes)
[    0.000000] Dentry cache hash table entries: 131072 (order: 7, 524288 bytes)
[    0.000000] Inode-cache hash table entries: 65536 (order: 6, 262144 bytes)
[    0.000000] Memory: 1993816K/2096128K available (10240K kernel code, 1260K rwdata, 4228K rodata, 2048K init, 407K bss, 36776K reserved, 65536K cma-reserved, 1244160K highmem)
[    0.000000] Virtual kernel memory layout:
[    0.000000]     vector  : 0xffff0000 - 0xffff1000   (   4 kB)
[    0.000000]     fixmap  : 0xffc00000 - 0xfff00000   (3072 kB)
[    0.000000]     vmalloc : 0xf0800000 - 0xff800000   ( 240 MB)
[    0.000000]     lowmem  : 0xc0000000 - 0xf0000000   ( 768 MB)
[    0.000000]     pkmap   : 0xbfe00000 - 0xc0000000   (   2 MB)
[    0.000000]     modules : 0xbf000000 - 0xbfe00000   (  14 MB)
[    0.000000]       .text : 0xc0208000 - 0xc0d00000   (11232 kB)
[    0.000000]       .init : 0xc1200000 - 0xc1400000   (2048 kB)
[    0.000000]       .data : 0xc1400000 - 0xc153b120   (1261 kB)
[    0.000000]        .bss : 0xc153d000 - 0xc15a2cb8   ( 408 kB)
[    0.000000] SLUB: HWalign=64, Order=0-3, MinObjects=0, CPUs=4, Nodes=1
[    0.000000] Hierarchical RCU implementation.
[    0.000000] 	RCU debugfs-based tracing is enabled.
[    0.000000] 	RCU restricting CPUs from NR_CPUS=16 to nr_cpu_ids=4.
[    0.000000] RCU: Adjusting geometry for rcu_fanout_leaf=16, nr_cpu_ids=4
[    0.000000] NR_IRQS:16 nr_irqs:16 16
[    0.000000] /interrupt-controller@60004000: 160 interrupts forwarded to /interrupt-controller@50041000
[    0.000000] L2C: platform modifies aux control register: 0x02080000 -> 0x3e480001
[    0.000000] L2C: DT/platform modifies aux control register: 0x02080000 -> 0x3e480001
[    0.000000] L2C-310 erratum 769419 enabled
[    0.000000] L2C-310 enabling early BRESP for Cortex-A9
[    0.000000] L2C-310: enabling full line of zeros but not enabled in Cortex-A9
[    0.000000] L2C-310 dynamic clock gating enabled, standby mode enabled
[    0.000000] L2C-310 cache controller enabled, 8 ways, 1024 kB
[    0.000000] L2C-310: CACHE_ID 0x410000c7, AUX_CTRL 0x4e480001
[    0.000013] sched_clock: 32 bits at 1000kHz, resolution 1000ns, wraps every 2147483647500ns
[    0.000030] clocksource: timer_us: mask: 0xffffffff max_cycles: 0xffffffff, max_idle_ns: 1911260446275 ns
[    0.000039] Switching to timer-based delay loop, resolution 1000ns
[    0.002790] Console: colour dummy device 80x30
[    0.002818] Calibrating delay loop (skipped), value calculated using timer frequency.. 2.00 BogoMIPS (lpj=10000)
[    0.002827] pid_max: default: 32768 minimum: 301
[    0.002904] Mount-cache hash table entries: 2048 (order: 1, 8192 bytes)
[    0.002913] Mountpoint-cache hash table entries: 2048 (order: 1, 8192 bytes)
[    0.003289] CPU: Testing write buffer coherency: ok
[    0.003605] CPU0: thread -1, cpu 0, socket 0, mpidr 80000000
[    0.003765] Setting up static identity map for 0x80300000 - 0x80300098
[    0.006367] Tegra Revision: A03 SKU: 128 CPU Process: 4 SoC Process: 0
[    0.006859] EFI services will not be available.
[    0.007015] smp: Bringing up secondary CPUs ...
[    0.010371] CPU1: thread -1, cpu 1, socket 0, mpidr 80000001
[    0.020330] CPU2: thread -1, cpu 2, socket 0, mpidr 80000002
[    0.030328] CPU3: thread -1, cpu 3, socket 0, mpidr 80000003
[    0.030372] smp: Brought up 1 node, 4 CPUs
[    0.030386] SMP: Total of 4 processors activated (8.00 BogoMIPS).
[    0.030391] CPU: All CPU(s) started in SVC mode.
[    0.031094] devtmpfs: initialized
[    0.039578] VFP support v0.3: implementor 41 architecture 3 part 30 variant 9 rev 4
[    0.040027] clocksource: jiffies: mask: 0xffffffff max_cycles: 0xffffffff, max_idle_ns: 19112604462750000 ns
[    0.040047] futex hash table entries: 1024 (order: 4, 65536 bytes)
[    0.043398] pinctrl core: initialized pinctrl subsystem
[    0.045143] NET: Registered protocol family 16
[    0.047482] DMA: preallocated 256 KiB pool for atomic coherent allocations
[    0.049166] cpuidle: using governor menu
[    0.063613] No ATAGs?
[    0.063716] hw-breakpoint: found 5 (+1 reserved) breakpoint and 1 watchpoint registers.
[    0.063727] hw-breakpoint: maximum watchpoint size is 4 bytes.
[    0.067641] Serial: AMBA PL011 UART driver
[    0.068103] tegra-mc 7000f000.memory-controller: no memory timings for RAM code 3 registered
[    0.077137] AT91: Could not find identification node
[    0.077593] vdd_5v_sata: Failed to request enable GPIO30: -517
[    0.077608] reg-fixed-voltage regulators:regulator@3: Failed to register regulator: -517
[    0.077652] usb1_vbus: Failed to request enable GPIO238: -517
[    0.077659] reg-fixed-voltage regulators:regulator@4: Failed to register regulator: -517
[    0.077703] usb3_vbus: Failed to request enable GPIO236: -517
[    0.077711] reg-fixed-voltage regulators:regulator@5: Failed to register regulator: -517
[    0.077799] sys_3v3_pexs: Failed to request enable GPIO95: -517
[    0.077806] reg-fixed-voltage regulators:regulator@7: Failed to register regulator: -517
[    0.079683] vgaarb: loaded
[    0.080172] SCSI subsystem initialized
[    0.080307] libata version 3.00 loaded.
[    0.080455] usbcore: registered new interface driver usbfs
[    0.080488] usbcore: registered new interface driver hub
[    0.080521] usbcore: registered new device driver usb
[    0.087566] vrtc: supplied by vdd_5v_in
[    0.090869] vio: supplied by vdd_5v_in
[    0.101815] vdd1: supplied by vdd_5v_in
[    0.103171] vddio_ddr_1v2: Bringing 600000uV into 1200000-1200000uV
[    0.111822] vdd2: supplied by vdd_5v_in
[    0.131808] ldo1: supplied by vdd_1v5_gen
[    0.134195] ldo2: supplied by vdd_1v5_gen
[    0.134664] vdd_sata,avdd_plle: Bringing 1200000uV into 1050000-1050000uV
[    0.136894] ldo3: supplied by vdd_5v_in
[    0.139257] ldo4: supplied by vdd_5v_in
[    0.141813] ldo5: supplied by vdd_5v_in
[    0.151818] ldo6: supplied by vdd_1v8_gen
[    0.152287] avdd_dsi_csi,pwrdet_mipi: Bringing 1000000uV into 1200000-1200000uV
[    0.154546] ldo7: supplied by vdd_1v8_gen
[    0.161811] ldo8: supplied by vdd_1v8_gen
[    0.171917] pps_core: LinuxPPS API ver. 1 registered
[    0.171923] pps_core: Software ver. 5.3.6 - Copyright 2005-2007 Rodolfo Giometti <giometti@linux.it>
[    0.171937] PTP clock support registered
[    0.172075] EDAC MC: Ver: 3.0.0
[    0.173582] clocksource: Switched to clocksource timer_us
[    0.178814] NET: Registered protocol family 2
[    0.179198] TCP established hash table entries: 8192 (order: 3, 32768 bytes)
[    0.179251] TCP bind hash table entries: 8192 (order: 4, 65536 bytes)
[    0.179334] TCP: Hash tables configured (established 8192 bind 8192)
[    0.179455] UDP hash table entries: 512 (order: 2, 16384 bytes)
[    0.179518] UDP-Lite hash table entries: 512 (order: 2, 16384 bytes)
[    0.179685] NET: Registered protocol family 1
[    0.179977] RPC: Registered named UNIX socket transport module.
[    0.179986] RPC: Registered udp transport module.
[    0.179990] RPC: Registered tcp transport module.
[    0.179994] RPC: Registered tcp NFSv4.1 backchannel transport module.
[    0.180003] PCI: CLS 0 bytes, default 64
[    0.180780] hw perfevents: enabled with armv7_cortex_a9 PMU driver, 7 counters available
[    0.182021] workingset: timestamp_bits=30 max_order=19 bucket_order=0
[    0.186784] squashfs: version 4.0 (2009/01/31) Phillip Lougher
[    0.187199] NFS: Registering the id_resolver key type
[    0.187225] Key type id_resolver registered
[    0.187230] Key type id_legacy registered
[    0.187258] ntfs: driver 2.1.32 [Flags: R/O].
[    0.188295] bounce: pool size: 64 pages
[    0.188332] Block layer SCSI generic (bsg) driver version 0.4 loaded (major 248)
[    0.188340] io scheduler noop registered
[    0.188345] io scheduler deadline registered
[    0.188450] io scheduler cfq registered (default)
[    0.188455] io scheduler mq-deadline registered
[    0.194516] tegra30-pinctrl 70000868.pinmux: invalid group "sdmmc3_dat6_pd3" for function "rsvd1"
[    0.194532] tegra30-pinctrl 70000868.pinmux: invalid group "sdmmc3_dat7_pd4" for function "rsvd1"
[    0.194546] tegra30-pinctrl 70000868.pinmux: invalid group "vi_vsync_pd6" for function "rsvd1"
[    0.194555] tegra30-pinctrl 70000868.pinmux: invalid group "vi_hsync_pd7" for function "rsvd1"
[    0.194988] tegra30-pinctrl 70000868.pinmux: invalid group "hdmi_int_pn7" for function "rsvd1"
[    0.195031] tegra30-pinctrl 70000868.pinmux: invalid group "ulpi_data3_po4" for function "rsvd1"
[    0.195357] tegra30-pinctrl 70000868.pinmux: invalid group "vi_d10_pt2" for function "rsvd1"
[    0.195370] tegra30-pinctrl 70000868.pinmux: invalid group "vi_d11_pt3" for function "rsvd1"
[    0.195381] tegra30-pinctrl 70000868.pinmux: invalid group "vi_d0_pt4" for function "rsvd1"
[    0.195421] tegra30-pinctrl 70000868.pinmux: invalid group "pu0" for function "rsvd1"
[    0.195450] tegra30-pinctrl 70000868.pinmux: invalid group "pu3" for function "rsvd1"
[    0.195479] tegra30-pinctrl 70000868.pinmux: invalid group "pu6" for function "rsvd1"
[    0.195519] tegra30-pinctrl 70000868.pinmux: invalid group "pv3" for function "rsvd1"
[    0.195999] tegra30-pinctrl 70000868.pinmux: invalid group "pbb0" for function "rsvd1"
[    0.196119] tegra30-pinctrl 70000868.pinmux: invalid group "pcc1" for function "rsvd1"
[    0.201244] tegra-pcie 3000.pcie-controller: 2x3 configuration
[    0.201383] tegra-pcie 3000.pcie-controller: Failed to get supply 'hvdd-pex': -517
[    0.206803] tegra-apbdma 6000a000.dma: Tegra20 APB DMA driver register 32 channels
[    0.207943] tegra-pmc 7000e400.pmc: i2c-thermtrip node not found, emergency thermal reset disabled.
[    0.239622] Serial: 8250/16550 driver, 4 ports, IRQ sharing disabled
[    0.241688] console [ttyS0] disabled
[    0.241729] 70006000.serial: ttyS0 at MMIO 0x70006000 (irq = 331, base_baud = 25500000) is a Tegra
[    1.252110] console [ttyS0] enabled
[    1.256130] SuperH (H)SCI(F) driver initialized
[    1.261213] msm_serial: driver initialized
[    1.265423] STMicroelectronics ASC driver initialized
[    1.274608] tegra-hdmi 54280000.hdmi: failed to get HDMI regulator
[    1.288947] brd: module loaded
[    1.297763] loop: module loaded
[    1.306218] m25p80 spi32766.1: w25q32 (4096 Kbytes)
[    1.312928] libphy: Fixed MDIO Bus: probed
[    1.317733] CAN device driver interface
[    1.322091] bgmac_bcma: Broadcom 47xx GBit MAC driver loaded
[    1.328557] e1000e: Intel(R) PRO/1000 Network Driver - 3.2.6-k
[    1.334383] e1000e: Copyright(c) 1999 - 2015 Intel Corporation.
[    1.340321] igb: Intel(R) Gigabit Ethernet Network Driver - version 5.4.0-k
[    1.347272] igb: Copyright (c) 2007-2014 Intel Corporation.
[    1.354755] pegasus: v0.9.3 (2013/04/25), Pegasus/Pegasus II USB Ethernet driver
[    1.362182] usbcore: registered new interface driver pegasus
[    1.367865] usbcore: registered new interface driver asix
[    1.373268] usbcore: registered new interface driver ax88179_178a
[    1.379371] usbcore: registered new interface driver cdc_ether
[    1.385226] usbcore: registered new interface driver smsc75xx
[    1.390987] usbcore: registered new interface driver smsc95xx
[    1.396745] usbcore: registered new interface driver net1080
[    1.402412] usbcore: registered new interface driver cdc_subset
[    1.408343] usbcore: registered new interface driver zaurus
[    1.413942] usbcore: registered new interface driver cdc_ncm
[    1.420940] ehci_hcd: USB 2.0 'Enhanced' Host Controller (EHCI) Driver
[    1.427469] ehci-pci: EHCI PCI platform driver
[    1.431923] ehci-platform: EHCI generic platform driver
[    1.437263] ehci-orion: EHCI orion driver
[    1.441333] SPEAr-ehci: EHCI SPEAr driver
[    1.445423] ehci-st: EHCI STMicroelectronics driver
[    1.450361] ehci-exynos: EHCI EXYNOS driver
[    1.454627] ehci-atmel: EHCI Atmel driver
[    1.458696] tegra-ehci: Tegra EHCI driver
[    1.462981] ohci_hcd: USB 1.1 'Open' Host Controller (OHCI) Driver
[    1.469169] ohci-pci: OHCI PCI platform driver
[    1.473636] ohci-platform: OHCI generic platform driver
[    1.478944] ohci-omap3: OHCI OMAP3 driver
[    1.483014] SPEAr-ohci: OHCI SPEAr driver
[    1.487097] ohci-st: OHCI STMicroelectronics driver
[    1.492034] ohci-atmel: OHCI Atmel driver
[    1.496475] usbcore: registered new interface driver usb-storage
[    1.504935] tegra_rtc 7000e000.rtc: rtc core: registered 7000e000.rtc as rtc1
[    1.512099] tegra_rtc 7000e000.rtc: Tegra internal Real Time Clock
[    1.520973] random: fast init done
[    1.534277] tps65910-rtc tps65910-rtc: rtc core: registered tps65910-rtc as rtc0
[    1.541845] i2c /dev entries driver
[    1.553315] sdhci: Secure Digital Host Controller Interface driver
[    1.559509] sdhci: Copyright(c) Pierre Ossman
[    1.564761] Synopsys Designware Multimedia Card Interface Driver
[    1.571396] sdhci-pltfm: SDHCI platform and OF driver helper
[    1.577556] sdhci-tegra 78000000.sdhci: Got CD GPIO
[    1.582429] sdhci-tegra 78000000.sdhci: Got WP GPIO
[    1.588567] mmc0: Invalid maximum block size, assuming 512 bytes
[    1.653681] mmc0: SDHCI controller on 78000000.sdhci [78000000.sdhci] using ADMA
[    1.662271] mmc1: Invalid maximum block size, assuming 512 bytes
[    1.723587] mmc1: SDHCI controller on 78000600.sdhci [78000600.sdhci] using ADMA
[    1.732276] ledtrig-cpu: registered to indicate activity on CPUs
[    1.740529] usbcore: registered new interface driver usbhid
[    1.746101] usbhid: USB HID core driver
[    1.752253] NET: Registered protocol family 10
[    1.759379] Segment Routing with IPv6
[    1.763070] sit: IPv6, IPv4 and MPLS over IPv4 tunneling driver
[    1.769401] NET: Registered protocol family 17
[    1.773856] can: controller area network core (rev 20120528 abi 9)
[    1.780146] NET: Registered protocol family 29
[    1.784589] can: raw protocol (rev 20120528)
[    1.788846] can: broadcast manager protocol (rev 20161123 t)
[    1.794500] can: netlink gateway (rev 20130117) max_hops=1
[    1.800236] Key type dns_resolver registered
[    1.804916] ThumbEE CPU extension supported.
[    1.809178] Registering SWP/SWPB emulation handler
[    1.838686] vdd_ddr: supplied by vdd_5v_in
[    1.843633] vdd_5v_sata: supplied by vdd_5v_in
[    1.848396] usb1_vbus: supplied by vdd_5v_in
[    1.852962] usb3_vbus: supplied by vdd_5v_in
[    1.859652] sys_3v3,vdd_3v3_alw: supplied by vdd_5v_in
[    1.866368] sys_3v3_pexs: supplied by sys_3v3,vdd_3v3_alw
[    1.871904] +VDD_5V_HDMI: supplied by sys_3v3,vdd_3v3_alw
[    1.873445] mmc1: new high speed MMC card at address 0001
[    1.878657] mmcblk1: mmc1:0001 SEM16G 14.8 GiB 
[    1.880028] mmcblk1boot0: mmc1:0001 SEM16G partition 1 1.00 MiB
[    1.880975] mmcblk1boot1: mmc1:0001 SEM16G partition 2 1.00 MiB
[    1.882327] mmcblk1rpmb: mmc1:0001 SEM16G partition 3 128 KiB
[    1.893691] Primary GPT is invalid, using alternate GPT.
[    1.893721]  mmcblk1: p1 p2 p3 p4 p5
[    1.897606] mmc0: new ultra high speed DDR50 SDHC card at address aaaa
[    1.899129] mmcblk0: mmc0:aaaa SS04G 3.69 GiB 
[    1.924350]  mmcblk0: p1 p2 p3
[    1.928395] tegra-pcie 3000.pcie-controller: 2x3 configuration
[    1.937818] tegra-pcie 3000.pcie-controller: probing port 0, using 2 lanes
[    2.002954] tegra-pcie 3000.pcie-controller: probing port 2, using 2 lanes
[    2.413360] tegra-pcie 3000.pcie-controller: link 2 down, retrying
[    2.823325] tegra-pcie 3000.pcie-controller: link 2 down, retrying
[    3.233290] tegra-pcie 3000.pcie-controller: link 2 down, retrying
[    3.241481] tegra-pcie 3000.pcie-controller: link 2 down, ignoring
[    3.247774] tegra-pcie 3000.pcie-controller: PCI host bridge to bus 0000:00
[    3.254734] pci_bus 0000:00: root bus resource [io  0x0000-0xffff]
[    3.260899] pci_bus 0000:00: root bus resource [mem 0x20000000-0x27ffffff]
[    3.267766] pci_bus 0000:00: root bus resource [mem 0x28000000-0x3fffffff pref]
[    3.275065] pci_bus 0000:00: root bus resource [bus 00-ff]
[    3.280557] pci 0000:00:01.0: [10de:0e1c] type 01 class 0x060400
[    3.286579] pci_bus 0000:00: 2-byte config write to 0000:00:01.0 offset 0x88 may corrupt adjacent RW1C bits
[    3.296336] pci_bus 0000:00: 2-byte config write to 0000:00:01.0 offset 0x52 may corrupt adjacent RW1C bits
[    3.306078] pci 0000:00:01.0: PME# supported from D0 D1 D2 D3hot D3cold
[    3.312677] pci_bus 0000:00: 2-byte config write to 0000:00:01.0 offset 0x4c may corrupt adjacent RW1C bits
[    3.322546] pci_bus 0000:00: 2-byte config write to 0000:00:01.0 offset 0x3e may corrupt adjacent RW1C bits
[    3.332277] pci_bus 0000:00: 2-byte config write to 0000:00:01.0 offset 0x4 may corrupt adjacent RW1C bits
[    3.341918] pci_bus 0000:00: 1-byte config write to 0000:00:01.0 offset 0xc may corrupt adjacent RW1C bits
[    3.351556] PCI: bus0: Fast back to back transfers disabled
[    3.357122] pci 0000:00:01.0: bridge configuration invalid ([bus 00-00]), reconfiguring
[    3.365115] pci_bus 0000:00: 2-byte config write to 0000:00:01.0 offset 0x3e may corrupt adjacent RW1C bits
[    3.374841] pci_bus 0000:00: 2-byte config write to 0000:00:01.0 offset 0x3e may corrupt adjacent RW1C bits
[    3.384567] pci_bus 0000:00: 2-byte config write to 0000:00:01.0 offset 0x3e may corrupt adjacent RW1C bits
[    3.394294] pci_bus 0000:00: 2-byte config write to 0000:00:01.0 offset 0x6 may corrupt adjacent RW1C bits
[    3.404034] pci 0000:01:00.0: [10ec:8168] type 00 class 0x020000
[    3.410042] pci 0000:01:00.0: reg 0x10: [io  0x0000-0x00ff]
[    3.415626] pci 0000:01:00.0: reg 0x18: [mem 0x00000000-0x00000fff 64bit pref]
[    3.422840] pci 0000:01:00.0: reg 0x20: [mem 0x00000000-0x00003fff 64bit pref]
[    3.430127] pci 0000:01:00.0: supports D1 D2
[    3.434394] pci 0000:01:00.0: PME# supported from D0 D1 D2 D3hot D3cold
[    3.463612] PCI: bus1: Fast back to back transfers disabled
[    3.469173] pci_bus 0000:01: busn_res: [bus 01-ff] end is updated to 01
[    3.475841] pci 0000:00:01.0: BAR 9: assigned [mem 0x28000000-0x280fffff 64bit pref]
[    3.483578] pci 0000:00:01.0: BAR 7: assigned [io  0x1000-0x1fff]
[    3.489659] pci 0000:01:00.0: BAR 4: assigned [mem 0x28000000-0x28003fff 64bit pref]
[    3.497404] pci 0000:01:00.0: BAR 2: assigned [mem 0x28004000-0x28004fff 64bit pref]
[    3.505147] pci 0000:01:00.0: BAR 0: assigned [io  0x1000-0x10ff]
[    3.511228] pci 0000:00:01.0: PCI bridge to [bus 01]
[    3.516188] pci 0000:00:01.0:   bridge window [io  0x1000-0x1fff]
[    3.522266] pci 0000:00:01.0:   bridge window [mem 0x28000000-0x280fffff 64bit pref]
[    3.530016] pci 0000:00:01.0: nv_msi_ht_cap_quirk didn't locate host bridge
[    3.537027] pcieport 0000:00:01.0: enabling device (0140 -> 0143)
[    3.543307] pcieport 0000:00:01.0: Signaling PME with IRQ 374
[    3.549262] r8169 Gigabit Ethernet driver 2.3LK-NAPI loaded
[    3.554853] r8169 0000:01:00.0: enabling device (0140 -> 0143)
[    3.561607] r8169 0000:01:00.0 eth0: RTL8168evl/8111evl at 0xf0b01000, 02:04:4b:01:60:a6, XID 0c900800 IRQ 375
[    3.571608] r8169 0000:01:00.0 eth0: jumbo features [frames: 9200 bytes, tx checksumming: ko]
[    3.582994] [drm] Supports vblank timestamp caching Rev 2 (21.10.2013).
[    3.589611] [drm] No driver support for vblank timestamp query.
[    3.595555] [drm] Cannot find any crtc or sizes - going 1024x768
[    3.621253] Console: switching to colour frame buffer device 128x48
[    3.633792] drm drm: fb0:  frame buffer device
[    3.638282] [drm] Initialized tegra 0.0.0 20120330 for drm on minor 0
[    3.650190] utmi_phy_clk_enable: timeout waiting for phy to stabilize
[    3.656681] tegra-ehci 7d004000.usb: EHCI Host Controller
[    3.662085] tegra-ehci 7d004000.usb: new USB bus registered, assigned bus number 1
[    3.669899] tegra-ehci 7d004000.usb: irq 343, io mem 0x7d004000
[    3.703985] tegra-ehci 7d004000.usb: USB 2.0 started, EHCI 1.00
[    3.710897] hub 1-0:1.0: USB hub found
[    3.714671] hub 1-0:1.0: 1 port detected
[    3.719798] tegra-ehci 7d008000.usb: EHCI Host Controller
[    3.725213] tegra-ehci 7d008000.usb: new USB bus registered, assigned bus number 2
[    3.732952] tegra-ehci 7d008000.usb: irq 344, io mem 0x7d008000
[    3.763976] tegra-ehci 7d008000.usb: USB 2.0 started, EHCI 1.00
[    3.770737] hub 2-0:1.0: USB hub found
[    3.774508] hub 2-0:1.0: 1 port detected
[    3.784433] tps65910-rtc tps65910-rtc: setting system clock to 2000-01-01 00:00:02 UTC (946684802)
[    3.794059] vdd_sata,avdd_plle: disabling
[    3.798799] usb1_vbus: disabling
[    3.803829] EXT4-fs (mmcblk1p1): mounting ext3 file system using the ext4 subsystem
[    3.818799] EXT4-fs (mmcblk1p1): warning: mounting fs with errors, running e2fsck is recommended
[    3.829024] EXT4-fs (mmcblk1p1): recovery complete
[    3.833822] EXT4-fs (mmcblk1p1): mounted filesystem with ordered data mode. Opts: (null)
[    3.841919] VFS: Mounted root (ext3 filesystem) on device 179:1.
[    3.851296] devtmpfs: mounted
[    3.856704] Freeing unused kernel memory: 2048K
bash: cannot set terminal process group (-1): Inappropriate ioctl for device
bash: no job control in this shell
root@(none):/# [    4.133993] usb 2-1: new high-speed USB device number 2 using tegra-ehci
[    4.810926] asix 2-1:1.0 eth1: register 'asix' at usb-7d008000.usb-1, ASIX AX88772 USB 2.0 Ethernet, 00:50:b6:0f:67:60
mount -t sysfs none /sys
root@(none):/# 
root@(none):/# mount -t debugfs none /sys/kernel/debug
root@(none):/# 
root@(none):/# rtcwake -d rtc1 -m mem -s 3
rtcwake: wakeup from "mem" using /dev/rtc1 at Thu Jan  1 00:00:22 1970
[    7.513147] PM: Syncing filesystems ... done.
[    7.526597] Freezing user space processes ... (elapsed 0.001 seconds) done.
[    7.534704] Freezing remaining freezable tasks ... (elapsed 0.001 seconds) done.
[    7.543311] Suspending console(s) (use no_console_suspend to debug)
[    7.626771] PM: suspend of devices complete after 76.356 msecs
[    7.628148] PM: late suspend of devices complete after 1.368 msecs
[    7.654297] PM: noirq suspend of devices complete after 26.142 msecs
[    7.654300] Disabling non-boot CPUs ...
[    7.726839] IRQ17 no longer affine to CPU2
[    7.835515] Entering suspend state LP1
[    7.835515] Suspended for 3.044 seconds
[    7.835529] Enabling non-boot CPUs ...
[    7.865464] CPU1 is up
[    7.905613] CPU2 is up
[    7.945872] CPU3 is up
[    7.946657] pcieport 0000:00:01.0: nv_msi_ht_cap_quirk didn't locate host bridge
[    7.973651] PM: noirq resume of devices complete after 27.768 msecs
[    7.975278] PM: early resume of devices complete after 1.190 msecs
[    8.530859] PM: resume of devices complete after 555.571 msecs
[    8.602084] Restarting tasks ... done.
root@(none):/# 
root@(none):/# rtcwake -d rtc1 -m mem -s 3
rtcwake: wakeup from "mem" using /dev/rtc1 at Thu Jan  1 00:00:27 1970
[    9.616693] PM: Syncing filesystems ... done.
[    9.628983] Freezing user space processes ... (elapsed 0.001 seconds) done.
[    9.637087] Freezing remaining freezable tasks ... (elapsed 0.001 seconds) done.
[    9.645693] Suspending console(s) (use no_console_suspend to debug)
[    9.684861] pci_generic_config_write32: 63 callbacks suppressed
[    9.684875] pci_bus 0000:00: 2-byte config write to 0000:00:01.0 offset 0x9c may corrupt adjacent RW1C bits
[    9.727535] PM: suspend of devices complete after 74.822 msecs
[    9.730828] PM: late suspend of devices complete after 3.285 msecs
[    9.731412] pci_bus 0000:01: 2-byte config write to 0000:01:00.0 offset 0x44 may corrupt adjacent RW1C bits
[    9.731426] pci_bus 0000:01: 2-byte config write to 0000:01:00.0 offset 0x44 may corrupt adjacent RW1C bits
[    9.754256] PM: noirq suspend of devices complete after 23.423 msecs
[    9.754261] Disabling non-boot CPUs ...
[    9.754631] IRQ17 no longer affine to CPU1
[    9.915479] Entering suspend state LP1
[    9.915479] Suspended for 2.920 seconds
[    9.915498] Enabling non-boot CPUs ...
[    9.946013] CPU1 is up
[    9.986097] CPU2 is up
[   10.026372] CPU3 is up
[   10.027287] pci_bus 0000:00: 2-byte config write to 0000:00:01.0 offset 0x4c may corrupt adjacent RW1C bits
[   10.027306] pci_bus 0000:00: 2-byte config write to 0000:00:01.0 offset 0x88 may corrupt adjacent RW1C bits
[   10.027314] pci_bus 0000:00: 2-byte config write to 0000:00:01.0 offset 0x90 may corrupt adjacent RW1C bits
[   10.027319] pci_bus 0000:00: 2-byte config write to 0000:00:01.0 offset 0x98 may corrupt adjacent RW1C bits
[   10.027326] pci_bus 0000:00: 2-byte config write to 0000:00:01.0 offset 0x9c may corrupt adjacent RW1C bits
[   10.027350] pci_bus 0000:00: 2-byte config write to 0000:00:01.0 offset 0x52 may corrupt adjacent RW1C bits
[   10.027359] pci_bus 0000:00: 2-byte config write to 0000:00:01.0 offset 0x52 may corrupt adjacent RW1C bits
[   10.027387] pcieport 0000:00:01.0: nv_msi_ht_cap_quirk didn't locate host bridge
[   10.053616] PM: noirq resume of devices complete after 27.233 msecs
[   10.055660] PM: early resume of devices complete after 1.526 msecs
[   10.615359] PM: resume of devices complete after 559.682 msecs
[   10.790036] Restarting tasks ... done.
root@(none):/# 
root@(none):/# rtcwake -d rtc1 -m mem -s 3
rtcwake: wakeup from "mem" using /dev/rtc1 at Thu Jan  1 00:00:32 1970
[   11.629471] PM: Syncing filesystems ... done.
[   11.644083] Freezing user space processes ... (elapsed 0.001 seconds) done.
[   11.652211] Freezing remaining freezable tasks ... (elapsed 0.001 seconds) done.
[   11.660893] Suspending console(s) (use no_console_suspend to debug)
[   11.749553] PM: suspend of devices complete after 81.385 msecs
[   11.751761] PM: late suspend of devices complete after 2.197 msecs
[   11.774420] PM: noirq suspend of devices complete after 22.652 msecs
[   11.774426] Disabling non-boot CPUs ...
[   11.774887] IRQ17 no longer affine to CPU1
[   11.925893] Entering suspend state LP1
[   11.925893] Suspended for 2.989 seconds
[   11.925911] Enabling non-boot CPUs ...
[   11.955887] CPU1 is up
[   11.995997] CPU2 is up
[   12.036252] CPU3 is up
[   12.037222] pcieport 0000:00:01.0: nv_msi_ht_cap_quirk didn't locate host bridge
[   12.073615] PM: noirq resume of devices complete after 37.352 msecs
[   12.075900] PM: early resume of devices complete after 1.938 msecs
[   12.636476] PM: resume of devices complete after 560.565 msecs
[   12.707987] Restarting tasks ... done.
root@(none):/# 
root@(none):/# rtcwake -d rtc1 -m mem -s 3
rtcwake: wakeup from "mem" using /dev/rtc1 at Thu Jan  1 00:00:37 1970
[   13.655693] PM: Syncing filesystems ... done.
[   13.670802] Freezing user space processes ... (elapsed 0.001 seconds) done.
[   13.678962] Freezing remaining freezable tasks ... (elapsed 0.001 seconds) done.
[   13.687637] Suspending console(s) (use no_console_suspend to debug)
[   13.778100] PM: suspend of devices complete after 83.201 msecs
[   13.779344] PM: late suspend of devices complete after 1.235 msecs
[   13.804388] PM: noirq suspend of devices complete after 25.032 msecs
[   13.804394] Disabling non-boot CPUs ...
[   13.804873] IRQ17 no longer affine to CPU1
[   13.985917] Entering suspend state LP1
[   13.985917] Suspended for 2.939 seconds
[   13.985936] Enabling non-boot CPUs ...
[   14.015963] CPU1 is up
[   14.056042] CPU2 is up
[   14.096244] CPU3 is up
[   14.097240] pcieport 0000:00:01.0: nv_msi_ht_cap_quirk didn't locate host bridge
[   14.123562] PM: noirq resume of devices complete after 27.303 msecs
[   14.126022] PM: early resume of devices complete after 1.942 msecs
[   14.684953] PM: resume of devices complete after 558.917 msecs
[   14.756529] Restarting tasks ... done.
root@(none):/# 
root@(none):/# rtcwake -d rtc1 -m mem -s 3
rtcwake: wakeup from "mem" using /dev/rtc1 at Thu Jan  1 00:00:42 1970
[   15.701518] PM: Syncing filesystems ... done.
[   15.716132] Freezing user space processes ... (elapsed 0.001 seconds) done.
[   15.724293] Freezing remaining freezable tasks ... (elapsed 0.001 seconds) done.
[   15.732953] Suspending console(s) (use no_console_suspend to debug)
[   15.774655] pci_generic_config_write32: 65 callbacks suppressed
[   15.774671] pci_bus 0000:00: 2-byte config write to 0000:00:01.0 offset 0x9c may corrupt adjacent RW1C bits
[   15.818525] PM: suspend of devices complete after 78.306 msecs
[   15.820730] PM: late suspend of devices complete after 2.193 msecs
[   15.821266] pci_bus 0000:01: 2-byte config write to 0000:01:00.0 offset 0x44 may corrupt adjacent RW1C bits
[   15.821285] pci_bus 0000:01: 2-byte config write to 0000:01:00.0 offset 0x44 may corrupt adjacent RW1C bits
[   15.844337] PM: noirq suspend of devices complete after 23.597 msecs
[   15.844343] Disabling non-boot CPUs ...
[   15.844797] IRQ17 no longer affine to CPU1
[   15.995813] Entering suspend state LP1
[   15.995813] Suspended for 2.990 seconds
[   15.995831] Enabling non-boot CPUs ...
[   16.025886] CPU1 is up
[   16.065956] CPU2 is up
[   16.106180] CPU3 is up
[   16.107121] pci_bus 0000:00: 2-byte config write to 0000:00:01.0 offset 0x4c may corrupt adjacent RW1C bits
[   16.107134] pci_bus 0000:00: 2-byte config write to 0000:00:01.0 offset 0x88 may corrupt adjacent RW1C bits
[   16.107141] pci_bus 0000:00: 2-byte config write to 0000:00:01.0 offset 0x90 may corrupt adjacent RW1C bits
[   16.107146] pci_bus 0000:00: 2-byte config write to 0000:00:01.0 offset 0x98 may corrupt adjacent RW1C bits
[   16.107152] pci_bus 0000:00: 2-byte config write to 0000:00:01.0 offset 0x9c may corrupt adjacent RW1C bits
[   16.107176] pci_bus 0000:00: 2-byte config write to 0000:00:01.0 offset 0x52 may corrupt adjacent RW1C bits
[   16.107184] pci_bus 0000:00: 2-byte config write to 0000:00:01.0 offset 0x52 may corrupt adjacent RW1C bits
[   16.107212] pcieport 0000:00:01.0: nv_msi_ht_cap_quirk didn't locate host bridge
[   16.133515] PM: noirq resume of devices complete after 27.324 msecs
[   16.136520] PM: early resume of devices complete after 2.484 msecs
[   16.690700] PM: resume of devices complete after 554.168 msecs
[   16.865381] Restarting tasks ... done.
root@(none):/# 
root@(none):/# rtcwake -d rtc1 -m mem -s 3
rtcwake: wakeup from "mem" using /dev/rtc1 at Thu Jan  1 00:00:47 1970
[   17.711646] PM: Syncing filesystems ... done.
[   17.726275] Freezing user space processes ... (elapsed 0.001 seconds) done.
[   17.734429] Freezing remaining freezable tasks ... (elapsed 0.001 seconds) done.
[   17.743096] Suspending console(s) (use no_console_suspend to debug)
[   17.828938] PM: suspend of devices complete after 78.572 msecs
[   17.832184] PM: late suspend of devices complete after 3.236 msecs
[   17.854292] PM: noirq suspend of devices complete after 22.098 msecs
[   17.854298] Disabling non-boot CPUs ...
[   17.854749] IRQ17 no longer affine to CPU1
[   17.985430] Entering suspend state LP1
[   17.985430] Suspended for 3.010 seconds
[   17.985452] Enabling non-boot CPUs ...
[   18.016173] CPU1 is up
[   18.055903] CPU2 is up
[   18.096134] CPU3 is up
[   18.097071] pcieport 0000:00:01.0: nv_msi_ht_cap_quirk didn't locate host bridge
[   18.123482] PM: noirq resume of devices complete after 27.335 msecs
[   18.126061] PM: early resume of devices complete after 2.046 msecs
[   18.684984] PM: resume of devices complete after 558.912 msecs
[   18.756545] Restarting tasks ... done.
root@(none):/# 
root@(none):/# rtcwake -d rtc1 -m mem -s 3
rtcwake: wakeup from "mem" using /dev/rtc1 at Thu Jan  1 00:00:52 1970
[   19.702464] PM: Syncing filesystems ... done.
[   19.717077] Freezing user space processes ... (elapsed 0.001 seconds) done.
[   19.725227] Freezing remaining freezable tasks ... (elapsed 0.001 seconds) done.
[   19.733903] Suspending console(s) (use no_console_suspend to debug)
[   19.818373] PM: suspend of devices complete after 77.211 msecs
[   19.819606] PM: late suspend of devices complete after 1.226 msecs
[   19.844280] PM: noirq suspend of devices complete after 24.663 msecs
[   19.844286] Disabling non-boot CPUs ...
[   19.844750] IRQ17 no longer affine to CPU1
[   19.995773] Entering suspend state LP1
[   19.995773] Suspended for 2.989 seconds
[   19.995795] Enabling non-boot CPUs ...
[   20.025799] CPU1 is up
[   20.065793] CPU2 is up
[   20.106087] CPU3 is up
[   20.107062] pcieport 0000:00:01.0: nv_msi_ht_cap_quirk didn't locate host bridge
[   20.133447] PM: noirq resume of devices complete after 27.345 msecs
[   20.135422] PM: early resume of devices complete after 1.453 msecs
[   20.696440] PM: resume of devices complete after 561.005 msecs
[   20.767993] Restarting tasks ... done.
root@(none):/# 
root@(none):/# rtcwake -d rtc1 -m mem -s 3
rtcwake: wakeup from "mem" using /dev/rtc1 at Thu Jan  1 00:00:57 1970
[   21.711532] PM: Syncing filesystems ... done.
[   21.726146] Freezing user space processes ... (elapsed 0.001 seconds) done.
[   21.734297] Freezing remaining freezable tasks ... (elapsed 0.001 seconds) done.
[   21.742950] Suspending console(s) (use no_console_suspend to debug)
[   21.785053] pci_generic_config_write32: 65 callbacks suppressed
[   21.785069] pci_bus 0000:00: 2-byte config write to 0000:00:01.0 offset 0x9c may corrupt adjacent RW1C bits
[   21.828387] PM: suspend of devices complete after 78.170 msecs
[   21.831618] PM: late suspend of devices complete after 3.219 msecs
[   21.832166] pci_bus 0000:01: 2-byte config write to 0000:01:00.0 offset 0x44 may corrupt adjacent RW1C bits
[   21.832182] pci_bus 0000:01: 2-byte config write to 0000:01:00.0 offset 0x44 may corrupt adjacent RW1C bits
[   21.854224] PM: noirq suspend of devices complete after 22.599 msecs
[   21.854229] Disabling non-boot CPUs ...
[   21.854700] IRQ17 no longer affine to CPU1
[   22.005742] Entering suspend state LP1
[   22.005742] Suspended for 2.989 seconds
[   22.005762] Enabling non-boot CPUs ...
[   22.035818] CPU1 is up
[   22.075829] CPU2 is up
[   22.116090] CPU3 is up
[   22.117020] pci_bus 0000:00: 2-byte config write to 0000:00:01.0 offset 0x4c may corrupt adjacent RW1C bits
[   22.117033] pci_bus 0000:00: 2-byte config write to 0000:00:01.0 offset 0x88 may corrupt adjacent RW1C bits
[   22.117040] pci_bus 0000:00: 2-byte config write to 0000:00:01.0 offset 0x90 may corrupt adjacent RW1C bits
[   22.117045] pci_bus 0000:00: 2-byte config write to 0000:00:01.0 offset 0x98 may corrupt adjacent RW1C bits
[   22.117050] pci_bus 0000:00: 2-byte config write to 0000:00:01.0 offset 0x9c may corrupt adjacent RW1C bits
[   22.117076] pci_bus 0000:00: 2-byte config write to 0000:00:01.0 offset 0x52 may corrupt adjacent RW1C bits
[   22.117084] pci_bus 0000:00: 2-byte config write to 0000:00:01.0 offset 0x52 may corrupt adjacent RW1C bits
[   22.117111] pcieport 0000:00:01.0: nv_msi_ht_cap_quirk didn't locate host bridge
[   22.143409] PM: noirq resume of devices complete after 27.309 msecs
[   22.146375] PM: early resume of devices complete after 2.444 msecs
[   22.700580] PM: resume of devices complete after 554.190 msecs
[   22.875259] Restarting tasks ... done.
root@(none):/# 
root@(none):/# rtcwake -d rtc1 -m mem -s 3
rtcwake: wakeup from "mem" using /dev/rtc1 at Thu Jan  1 00:01:02 1970
[   23.722292] PM: Syncing filesystems ... done.
[   23.736894] Freezing user space processes ... (elapsed 0.001 seconds) done.
[   23.745048] Freezing remaining freezable tasks ... (elapsed 0.001 seconds) done.
[   23.753722] Suspending console(s) (use no_console_suspend to debug)
[   23.839336] PM: suspend of devices complete after 78.352 msecs
[   23.841566] PM: late suspend of devices complete after 2.220 msecs
[   23.864188] PM: noirq suspend of devices complete after 22.611 msecs
[   23.864192] Disabling non-boot CPUs ...
[   23.864654] IRQ17 no longer affine to CPU1
[   24.025328] Entering suspend state LP1
[   24.025328] Suspended for 2.980 seconds
[   24.025349] Enabling non-boot CPUs ...
[   24.056044] CPU1 is up
[   24.095857] CPU2 is up
[   24.136062] CPU3 is up
[   24.137032] pcieport 0000:00:01.0: nv_msi_ht_cap_quirk didn't locate host bridge
[   24.163385] PM: noirq resume of devices complete after 27.310 msecs
[   24.165840] PM: early resume of devices complete after 1.930 msecs
[   24.719389] PM: resume of devices complete after 553.539 msecs
[   24.790920] Restarting tasks ... done.
root@(none):/# 
root@(none):/# rtcwake -d rtc1 -m mem -s 3
rtcwake: wakeup from "mem" using /dev/rtc1 at Thu Jan  1 00:01:07 1970
[   25.742492] PM: Syncing filesystems ... done.
[   25.757091] Freezing user space processes ... (elapsed 0.001 seconds) done.
[   25.765239] Freezing remaining freezable tasks ... (elapsed 0.001 seconds) done.
[   25.773914] Suspending console(s) (use no_console_suspend to debug)
[   25.858845] PM: suspend of devices complete after 77.663 msecs
[   25.861035] PM: late suspend of devices complete after 2.179 msecs
[   25.884160] PM: noirq suspend of devices complete after 23.117 msecs
[   25.884164] Disabling non-boot CPUs ...
[   25.884628] IRQ17 no longer affine to CPU1
[   26.065630] Entering suspend state LP1
[   26.065630] Suspended for 2.959 seconds
[   26.065649] Enabling non-boot CPUs ...
[   26.095717] CPU1 is up
[   26.135784] CPU2 is up
[   26.176051] CPU3 is up
[   26.177027] pcieport 0000:00:01.0: nv_msi_ht_cap_quirk didn't locate host bridge
[   26.203350] PM: noirq resume of devices complete after 27.288 msecs
[   26.205805] PM: early resume of devices complete after 1.950 msecs
[   26.758904] PM: resume of devices complete after 553.087 msecs
[   26.830469] Restarting tasks ... done.
root@(none):/# 
root@(none):/# NVTB SYSTEM SUSPEND TEST COMPLETE
