
U-Boot SPL 2016.05-rc2 (Apr 21 2016 - 16:23:00)
Trying to boot from RAM


U-Boot 2016.05-rc2 (Apr 21 2016 - 16:23:00 -0700)

TEGRA124
Model: NVIDIA Jetson TK1
Board: NVIDIA Jetson TK1
DRAM:  2 GiB
MC:   Tegra SD/MMC: 0, Tegra SD/MMC: 1
In:    serial
Out:   serial
Err:   serial
Net:   No ethernet found.
Hit any key to stop autoboot:  2  0 
Tegra124 (Jetson TK1) # 
Tegra124 (Jetson TK1) # pci enum
Tegra124 (Jetson TK1) # setenv bootargs 'ignore_loglevel console=ttyS0,115200n8 rw root=PARTUUID=b1791faa-84e8-4e27-83a1-9fb0a77e8803 rootwait gpt debug noinitrd earlyprintk init=/bin/bash'
Tegra124 (Jetson TK1) # setenv ipaddr 192.168.100.102; setenv serverip 192.168.100.1; setenv tftpserverip 192.168.100.1
Tegra124 (Jetson TK1) # tftpboot 0x82000000 zImage.multi_v7_defconfig

Warning: eth_rtl8169 using MAC address from ROM
Using eth_rtl8169 device
TFTP from server 192.168.100.1; our IP address is 192.168.100.102
Filename 'zImage.multi_v7_defconfig'.
Load address: 0x82000000
Loading: *#################################################################
	 #################################################################
	 #################################################################
	 #################################################################
	 #################################################################
	 #################################################################
	 #################################################################
	 #################################################################
	 ###################
	 3.9 MiB/s
done
Bytes transferred = 7906728 (78a5a8 hex)
Tegra124 (Jetson TK1) # tftpboot 0x83000000 tegra124-jetson-tk1.dtb
Using eth_rtl8169 device
TFTP from server 192.168.100.1; our IP address is 192.168.100.102
Filename 'tegra124-jetson-tk1.dtb'.
Load address: 0x83000000
Loading: *#####
	 3.8 MiB/s
done
Bytes transferred = 67133 (1063d hex)
Tegra124 (Jetson TK1) # bootz 0x82000000 - 0x83000000
Kernel image @ 0x82000000 [ 0x000000 - 0x78a5a8 ]
## Flattened Device Tree blob at 83000000
   Booting using the fdt blob at 0x83000000
   Using Device Tree in place at 83000000, end 8301363c

Starting kernel ...

[    0.000000] Booting Linux on physical CPU 0x0
[    0.000000] Linux version 4.12.0-rc3-next-20170530-175078-g056c138 (jonathanh@sellafield) (gcc version 4.7.3 20130328 (prerelease) (crosstool-NG linaro-1.13.1-4.7-2013.04-20130415 - Linaro GCC 2013.04) ) #1 SMP Tue May 30 07:42:30 PDT 2017
[    0.000000] CPU: ARMv7 Processor [413fc0f3] revision 3 (ARMv7), cr=10c5387d
[    0.000000] CPU: div instructions available: patching division code
[    0.000000] CPU: PIPT / VIPT nonaliasing data cache, PIPT instruction cache
[    0.000000] OF: fdt: Machine model: NVIDIA Tegra124 Jetson TK1
[    0.000000] debug: ignoring loglevel setting.
[    0.000000] Memory policy: Data cache writealloc
[    0.000000] efi: Getting EFI parameters from FDT:
[    0.000000] efi: UEFI not found.
[    0.000000] cma: Reserved 64 MiB at 0xfb800000
[    0.000000] On node 0 totalpages: 524032
[    0.000000] free_area_init_node: node 0, pgdat c157ef80, node_mem_map eeff8000
[    0.000000]   DMA zone: 1536 pages used for memmap
[    0.000000]   DMA zone: 0 pages reserved
[    0.000000]   DMA zone: 196608 pages, LIFO batch:31
[    0.000000]   HighMem zone: 327424 pages, LIFO batch:31
[    0.000000] percpu: Embedded 17 pages/cpu @eef82000 s39232 r8192 d22208 u69632
[    0.000000] pcpu-alloc: s39232 r8192 d22208 u69632 alloc=17*4096
[    0.000000] pcpu-alloc: [0] 0 [0] 1 [0] 2 [0] 3 
[    0.000000] Built 1 zonelists in Zone order, mobility grouping on.  Total pages: 522496
[    0.000000] Kernel command line: ignore_loglevel console=ttyS0,115200n8 rw root=PARTUUID=b1791faa-84e8-4e27-83a1-9fb0a77e8803 rootwait gpt debug noinitrd earlyprintk init=/bin/bash
[    0.000000] PID hash table entries: 4096 (order: 2, 16384 bytes)
[    0.000000] Dentry cache hash table entries: 131072 (order: 7, 524288 bytes)
[    0.000000] Inode-cache hash table entries: 65536 (order: 6, 262144 bytes)
[    0.000000] Memory: 1993432K/2096128K available (10240K kernel code, 1562K rwdata, 4380K rodata, 2048K init, 401K bss, 37160K reserved, 65536K cma-reserved, 1244160K highmem)
[    0.000000] Virtual kernel memory layout:
[    0.000000]     vector  : 0xffff0000 - 0xffff1000   (   4 kB)
[    0.000000]     fixmap  : 0xffc00000 - 0xfff00000   (3072 kB)
[    0.000000]     vmalloc : 0xf0800000 - 0xff800000   ( 240 MB)
[    0.000000]     lowmem  : 0xc0000000 - 0xf0000000   ( 768 MB)
[    0.000000]     pkmap   : 0xbfe00000 - 0xc0000000   (   2 MB)
[    0.000000]     modules : 0xbf000000 - 0xbfe00000   (  14 MB)
[    0.000000]       .text : 0xc0208000 - 0xc0d00000   (11232 kB)
[    0.000000]       .init : 0xc1200000 - 0xc1400000   (2048 kB)
[    0.000000]       .data : 0xc1400000 - 0xc1586bf0   (1563 kB)
[    0.000000]        .bss : 0xc158fcb0 - 0xc15f4158   ( 402 kB)
[    0.000000] SLUB: HWalign=64, Order=0-3, MinObjects=0, CPUs=4, Nodes=1
[    0.000000] Hierarchical RCU implementation.
[    0.000000] 	RCU event tracing is enabled.
[    0.000000] 	RCU restricting CPUs from NR_CPUS=16 to nr_cpu_ids=4.
[    0.000000] RCU: Adjusting geometry for rcu_fanout_leaf=16, nr_cpu_ids=4
[    0.000000] NR_IRQS: 16, nr_irqs: 16, preallocated irqs: 16
[    0.000000] /interrupt-controller@60004000: 160 interrupts forwarded to /interrupt-controller@50041000
[    0.000000] Tegra clk 127: register failed with -17
[    0.000009] sched_clock: 32 bits at 1000kHz, resolution 1000ns, wraps every 2147483647500ns
[    0.000029] clocksource: timer_us: mask: 0xffffffff max_cycles: 0xffffffff, max_idle_ns: 1911260446275 ns
[    0.000045] Switching to timer-based delay loop, resolution 1000ns
[    0.005341] arch_timer: cp15 timer(s) running at 12.00MHz (virt).
[    0.005360] clocksource: arch_sys_counter: mask: 0xffffffffffffff max_cycles: 0x2c47f4ee7, max_idle_ns: 440795202497 ns
[    0.005380] sched_clock: 56 bits at 12MHz, resolution 83ns, wraps every 4398046511096ns
[    0.005394] Switching to timer-based delay loop, resolution 83ns
[    0.005863] Console: colour dummy device 80x30
[    0.005893] Calibrating delay loop (skipped), value calculated using timer frequency.. 24.00 BogoMIPS (lpj=120000)
[    0.005912] pid_max: default: 32768 minimum: 301
[    0.006000] Mount-cache hash table entries: 2048 (order: 1, 8192 bytes)
[    0.006016] Mountpoint-cache hash table entries: 2048 (order: 1, 8192 bytes)
[    0.006497] CPU: Testing write buffer coherency: ok
[    0.006741] /cpus/cpu@0 missing clock-frequency property
[    0.006784] /cpus/cpu@1 missing clock-frequency property
[    0.006825] /cpus/cpu@2 missing clock-frequency property
[    0.006868] /cpus/cpu@3 missing clock-frequency property
[    0.006882] CPU0: thread -1, cpu 0, socket 0, mpidr 80000000
[    0.007167] Setting up static identity map for 0x80300000 - 0x803000a0
[    0.009125] Hierarchical SRCU implementation.
[    0.011009] Tegra Revision: A01 SKU: 129 CPU Process: 1 SoC Process: 1
[    0.011770] EFI services will not be available.
[    0.011998] smp: Bringing up secondary CPUs ...
[    0.012599] CPU1: thread -1, cpu 1, socket 0, mpidr 80000001
[    0.015813] CPU2: thread -1, cpu 2, socket 0, mpidr 80000002
[    0.025853] CPU3: thread -1, cpu 3, socket 0, mpidr 80000003
[    0.035263] smp: Brought up 1 node, 4 CPUs
[    0.035285] SMP: Total of 4 processors activated (96.00 BogoMIPS).
[    0.035294] CPU: All CPU(s) started in SVC mode.
[    0.036793] devtmpfs: initialized
[    0.053234] VFP support v0.3: implementor 41 architecture 4 part 30 variant f rev 0
[    0.053626] clocksource: jiffies: mask: 0xffffffff max_cycles: 0xffffffff, max_idle_ns: 19112604462750000 ns
[    0.053644] futex hash table entries: 1024 (order: 4, 65536 bytes)
[    0.055068] pinctrl core: initialized pinctrl subsystem
[    0.057009] NET: Registered protocol family 16
[    0.059084] DMA: preallocated 256 KiB pool for atomic coherent allocations
[    0.061554] cpuidle: using governor menu
[    0.087943] No ATAGs?
[    0.088070] hw-breakpoint: found 5 (+1 reserved) breakpoint and 4 watchpoint registers.
[    0.088086] hw-breakpoint: maximum watchpoint size is 8 bytes.
[    0.095261] Serial: AMBA PL011 UART driver
[    0.112013] AT91: Could not find identification node
[    0.112581] +5V_SYS: supplied by +VDD_MUX
[    0.112870] +3.3V_SYS: supplied by +VDD_MUX
[    0.113499] +USB0_VBUS_SW: Failed to request enable GPIO108: -517
[    0.113516] reg-fixed-voltage regulators:regulator@7: Failed to register regulator: -517
[    0.113617] +5V_USB_HS: Failed to request enable GPIO109: -517
[    0.113632] reg-fixed-voltage regulators:regulator@8: Failed to register regulator: -517
[    0.113820] +1.05V_RUN_AVDD_HDMI_PLL: Failed to request enable GPIO63: -517
[    0.113834] reg-fixed-voltage regulators:regulator@11: Failed to register regulator: -517
[    0.113933] +5V_HDMI_CON: Failed to request enable GPIO86: -517
[    0.113946] reg-fixed-voltage regulators:regulator@12: Failed to register regulator: -517
[    0.114044] +5V_SATA: Failed to request enable GPIO242: -517
[    0.114058] reg-fixed-voltage regulators:regulator@13: Failed to register regulator: -517
[    0.114155] +12V_SATA: Failed to request enable GPIO242: -517
[    0.114168] reg-fixed-voltage regulators:regulator@14: Failed to register regulator: -517
[    0.117130] vgaarb: loaded
[    0.117905] SCSI subsystem initialized
[    0.118068] libata version 3.00 loaded.
[    0.118315] usbcore: registered new interface driver usbfs
[    0.118376] usbcore: registered new interface driver hub
[    0.118437] usbcore: registered new device driver usb
[    0.121884] pps_core: LinuxPPS API ver. 1 registered
[    0.121895] pps_core: Software ver. 5.3.6 - Copyright 2005-2007 Rodolfo Giometti <giometti@linux.it>
[    0.121919] PTP clock support registered
[    0.122109] EDAC MC: Ver: 3.0.0
[    0.124998] clocksource: Switched to clocksource arch_sys_counter
[    0.179720] NET: Registered protocol family 2
[    0.180226] TCP established hash table entries: 8192 (order: 3, 32768 bytes)
[    0.180327] TCP bind hash table entries: 8192 (order: 4, 65536 bytes)
[    0.180515] TCP: Hash tables configured (established 8192 bind 8192)
[    0.180599] UDP hash table entries: 512 (order: 2, 16384 bytes)
[    0.180645] UDP-Lite hash table entries: 512 (order: 2, 16384 bytes)
[    0.180794] NET: Registered protocol family 1
[    0.181110] RPC: Registered named UNIX socket transport module.
[    0.181122] RPC: Registered udp transport module.
[    0.181131] RPC: Registered tcp transport module.
[    0.181139] RPC: Registered tcp NFSv4.1 backchannel transport module.
[    0.181151] PCI: CLS 0 bytes, default 64
[    0.182546] hw perfevents: enabled with armv7_cortex_a15 PMU driver, 7 counters available
[    0.184274] workingset: timestamp_bits=30 max_order=19 bucket_order=0
[    0.192810] squashfs: version 4.0 (2009/01/31) Phillip Lougher
[    0.193515] NFS: Registering the id_resolver key type
[    0.193542] Key type id_resolver registered
[    0.193552] Key type id_legacy registered
[    0.193593] ntfs: driver 2.1.32 [Flags: R/O].
[    0.195353] bounce: pool size: 64 pages
[    0.195395] Block layer SCSI generic (bsg) driver version 0.4 loaded (major 248)
[    0.195407] io scheduler noop registered
[    0.195417] io scheduler deadline registered
[    0.195446] io scheduler cfq registered (default)
[    0.195456] io scheduler mq-deadline registered
[    0.195465] io scheduler kyber registered
[    0.198834]  usb2-0: usb2-0 supply vbus not found, using dummy regulator
[    0.198945]  usb2-1: usb2-1 supply vbus not found, using dummy regulator
[    0.199396] tegra-xusb-padctl 7009f000.padctl: failed to setup XUSB ports: -517
[    0.217638] tegra-pcie 1003000.pcie-controller: 2x1, 1x1 configuration
[    0.217693] tegra-pcie 1003000.pcie-controller: Failed to get supply 'avddio-pex': -517
[    0.224002] tegra124-dfll 70110000.clock: couldn't get vdd_cpu regulator
[    0.231851] tegra-apbdma 60020000.dma: Tegra20 APB DMA driver register 32 channels
[    0.234348] tegra-pmc 7000e400.pmc: emergency thermal reset enabled
[    0.287390] Serial: 8250/16550 driver, 4 ports, IRQ sharing disabled
[    0.289958] console [ttyS0] disabled
[    0.289999] 70006300.serial: ttyS0 at MMIO 0x70006300 (irq = 335, base_baud = 25500000) is a Tegra
[    1.187484] console [ttyS0] enabled
[    1.191820] SuperH (H)SCI(F) driver initialized
[    1.197344] msm_serial: driver initialized
[    1.201619] STMicroelectronics ASC driver initialized
[    1.207532] 70006000.serial: ttyTHS1 at MMIO 0x70006000 (irq = 333, base_baud = 0) is a TEGRA_UART
[    1.216816] 70006040.serial: ttyTHS2 at MMIO 0x70006040 (irq = 334, base_baud = 0) is a TEGRA_UART
[    1.230878] tegra-hdmi 54280000.hdmi: failed to get HDMI regulator
[    1.250170] brd: module loaded
[    1.260364] loop: module loaded
[    1.264700] at24 0-0056: 256 byte 24c02 EEPROM, writable, 8 bytes/write
[    1.273050] as3722 4-0040: AS3722 with revision 0x1 found
[    1.284963] as3722-sd2: supplied by +5V_SYS
[    1.289603] as3722-sd3: supplied by +5V_SYS
[    1.293991] +1.35V_LP0(sd3): Bringing 0uV into 1350000-1350000uV
[    1.300425] as3722-sd4: supplied by +5V_SYS
[    1.305078] as3722-sd5: supplied by +5V_SYS
[    1.311090] as3722-ldo0: supplied by +1.35V_LP0(sd2)
[    1.317181] +1.8V_RUN_CAM: Bringing 0uV into 1800000-1800000uV
[    1.323384] as3722-ldo2: supplied by +1.8V_VDDIO
[    1.329286] as3722-ldo3: supplied by +3.3V_SYS
[    1.333771] +1.05V_LP0_VDD_RTC: Bringing 1100000uV into 1000000-1000000uV
[    1.341541] as3722-ldo4: supplied by +3.3V_SYS
[    1.346217] +2.8V_RUN_CAM: Bringing 0uV into 2800000-2800000uV
[    1.352410] as3722-ldo5: supplied by +1.8V_VDDIO
[    1.357259] +1.2V_RUN_CAM_FRONT: Bringing 0uV into 1200000-1200000uV
[    1.364168] +VDDIO_SDMMC3: bypassed regulator has no supply!
[    1.369841] +VDDIO_SDMMC3: failed to get the current voltage(-517)
[    1.376035] as3722-regulator as3722-regulator: regulator 13 register failed -517
[    1.389109] tegra-ahci 70027000.sata: couldn't get PHY in node sata: -517
[    1.408947] random: fast init done
[    1.412545] m25p80 spi32765.0: w25q32dw (4096 Kbytes)
[    1.420339] libphy: Fixed MDIO Bus: probed
[    1.425547] CAN device driver interface
[    1.430287] bgmac_bcma: Broadcom 47xx GBit MAC driver loaded
[    1.437408] e1000e: Intel(R) PRO/1000 Network Driver - 3.2.6-k
[    1.443231] e1000e: Copyright(c) 1999 - 2015 Intel Corporation.
[    1.449216] igb: Intel(R) Gigabit Ethernet Network Driver - version 5.4.0-k
[    1.456184] igb: Copyright (c) 2007-2014 Intel Corporation.
[    1.465371] pegasus: v0.9.3 (2013/04/25), Pegasus/Pegasus II USB Ethernet driver
[    1.472802] usbcore: registered new interface driver pegasus
[    1.478527] usbcore: registered new interface driver asix
[    1.483954] usbcore: registered new interface driver ax88179_178a
[    1.490090] usbcore: registered new interface driver cdc_ether
[    1.495983] usbcore: registered new interface driver smsc75xx
[    1.501775] usbcore: registered new interface driver smsc95xx
[    1.507564] usbcore: registered new interface driver net1080
[    1.513250] usbcore: registered new interface driver cdc_subset
[    1.519215] usbcore: registered new interface driver zaurus
[    1.524837] usbcore: registered new interface driver cdc_ncm
[    1.530725] tegra-phy 7d004000.usb-phy: no vbus regulator
[    1.538148] ehci_hcd: USB 2.0 'Enhanced' Host Controller (EHCI) Driver
[    1.544665] ehci-pci: EHCI PCI platform driver
[    1.549158] ehci-platform: EHCI generic platform driver
[    1.554583] ehci-orion: EHCI orion driver
[    1.558771] SPEAr-ehci: EHCI SPEAr driver
[    1.562915] ehci-st: EHCI STMicroelectronics driver
[    1.567940] ehci-exynos: EHCI EXYNOS driver
[    1.572275] ehci-atmel: EHCI Atmel driver
[    1.576436] tegra-ehci: Tegra EHCI driver
[    1.583271] tegra-ehci 7d004000.usb: EHCI Host Controller
[    1.588702] tegra-ehci 7d004000.usb: new USB bus registered, assigned bus number 1
[    1.596478] tegra-ehci 7d004000.usb: irq 354, io mem 0x7d004000
[    1.625025] tegra-ehci 7d004000.usb: USB 2.0 started, EHCI 1.10
[    1.631724] hub 1-0:1.0: USB hub found
[    1.635528] hub 1-0:1.0: 1 port detected
[    1.640015] ohci_hcd: USB 1.1 'Open' Host Controller (OHCI) Driver
[    1.646216] ohci-pci: OHCI PCI platform driver
[    1.650700] ohci-platform: OHCI generic platform driver
[    1.656104] ohci-omap3: OHCI OMAP3 driver
[    1.660241] SPEAr-ohci: OHCI SPEAr driver
[    1.664382] ohci-st: OHCI STMicroelectronics driver
[    1.669404] ohci-atmel: OHCI Atmel driver
[    1.674170] usbcore: registered new interface driver usb-storage
[    1.684500] as3722-rtc as3722-rtc: rtc core: registered as3722-rtc as rtc0
[    1.691400] as3722-rtc as3722-rtc: RTC interrupt 377
[    1.699564] tegra_rtc 7000e000.rtc: rtc core: registered 7000e000.rtc as rtc1
[    1.706750] tegra_rtc 7000e000.rtc: Tegra internal Real Time Clock
[    1.713438] i2c /dev entries driver
[    1.723636] lm90 0-004c: 0-004c supply vcc not found, using dummy regulator
[    1.741062] sdhci: Secure Digital Host Controller Interface driver
[    1.747262] sdhci: Copyright(c) Pierre Ossman
[    1.753199] Synopsys Designware Multimedia Card Interface Driver
[    1.760521] sdhci-pltfm: SDHCI platform and OF driver helper
[    1.766968] sdhci-tegra 700b0400.sdhci: Got CD GPIO
[    1.771858] sdhci-tegra 700b0400.sdhci: Got WP GPIO
[    1.793138] mmc0: Unknown controller version (3). You may experience problems.
[    1.800413] mmc0: Invalid maximum block size, assuming 512 bytes
[    1.865020] mmc0: SDHCI controller on 700b0600.sdhci [700b0600.sdhci] using ADMA
[    1.874339] ledtrig-cpu: registered to indicate activity on CPUs
[    1.880741] usbcore: registered new interface driver usbhid
[    1.886326] usbhid: USB HID core driver
[    1.894218] NET: Registered protocol family 10
[    1.899555] Segment Routing with IPv6
[    1.903266] sit: IPv6, IPv4 and MPLS over IPv4 tunneling driver
[    1.909753] NET: Registered protocol family 17
[    1.914199] can: controller area network core (rev 20170425 abi 9)
[    1.920442] NET: Registered protocol family 29
[    1.924881] can: raw protocol (rev 20170425)
[    1.929164] can: broadcast manager protocol (rev 20170425 t)
[    1.934820] can: netlink gateway (rev 20170425) max_hops=1
[    1.940608] Key type dns_resolver registered
[    1.945446] ThumbEE CPU extension supported.
[    1.949716] Registering SWP/SWPB emulation handler
[    1.968417] +3.3V_RUN: supplied by +3.3V_SYS
[    1.973917] +USB0_VBUS_SW: supplied by +5V_SYS
[    1.978651] +3.3V_AVDD_HDMI_AP_GATED: supplied by +3.3V_RUN
[    1.984561] +5V_USB_HS: supplied by +5V_SYS
[    1.990408] +3.3V_LP0: supplied by +3.3V_SYS
[    1.996422] +5V_HDMI_CON: supplied by +5V_SYS
[    2.001445] +5V_SATA: supplied by +5V_SYS
[    2.006007] +12V_SATA: supplied by +VDD_MUX
[    2.011992]  usb2-0: usb2-0 supply vbus not found, using dummy regulator
[    2.012548] mmc0: new high speed MMC card at address 0001
[    2.019801] mmcblk0: mmc0:0001 SEM16G 14.7 GiB 
[    2.020918] mmcblk0boot0: mmc0:0001 SEM16G partition 1 4.00 MiB
[    2.021882] mmcblk0boot1: mmc0:0001 SEM16G partition 2 4.00 MiB
[    2.022957] mmcblk0rpmb: mmc0:0001 SEM16G partition 3 4.00 MiB
[    2.043287]  mmcblk0: p1
[    2.049066]  usb2-1: usb2-1 supply vbus not found, using dummy regulator
[    2.056135]  usb3-0: usb3-0 supply vbus not found, using dummy regulator
[    2.063996] tegra-pcie 1003000.pcie-controller: 2x1, 1x1 configuration
[    2.070655] tegra-pcie 1003000.pcie-controller: Failed to get supply 'avddio-pex': -517
[    2.081808] tegra124-dfll 70110000.clock: couldn't get vdd_cpu regulator
[    2.093156] tegra-hdmi 54280000.hdmi: failed to get PLL regulator
[    2.104068] as3722-sd2: supplied by +5V_SYS
[    2.108630] as3722-sd3: supplied by +5V_SYS
[    2.113048] as3722-sd4: supplied by +5V_SYS
[    2.117592] as3722-sd5: supplied by +5V_SYS
[    2.123475] as3722-ldo0: supplied by +1.35V_LP0(sd2)
[    2.129302] as3722-ldo1: supplied by +3.3V_RUN
[    2.134066] as3722-ldo2: supplied by +1.8V_VDDIO
[    2.139797] as3722-ldo3: supplied by +3.3V_SYS
[    2.145145] as3722-ldo4: supplied by +3.3V_SYS
[    2.149917] as3722-ldo5: supplied by +1.8V_VDDIO
[    2.154795] as3722-ldo6: supplied by +3.3V_RUN
[    2.159544] as3722-ldo7: supplied by +1.8V_VDDIO
[    2.164873] +1.05V_RUN_CAM_REAR: Bringing 0uV into 1050000-1050000uV
[    2.172063] as3722-ldo9: supplied by +5V_SYS
[    2.177653] +3.3V_RUN_TOUCH: Bringing 0uV into 2800000-2800000uV
[    2.184385] as3722-ldo10: supplied by +5V_SYS
[    2.189564] +2.8V_RUN_CAM_AF: Bringing 0uV into 2800000-2800000uV
[    2.196409] as3722-ldo11: supplied by +3.3V_RUN
[    2.201711] +1.8V_RUN_VPP_FUSE: Bringing 0uV into 1800000-1800000uV
[    2.211426] tegra-ahci 70027000.sata: AHCI 0001.0301 32 slots 2 ports 3 Gbps 0x1 impl platform mode
[    2.220503] tegra-ahci 70027000.sata: flags: 64bit ncq sntf pm led pio slum part sadm sds apst 
[    2.230446] scsi host0: tegra-ahci
[    2.234392] scsi host1: tegra-ahci
[    2.238158] ata1: SATA max UDMA/133 mmio [mem 0x70027000-0x70028fff] port 0x100 irq 345
[    2.246202] ata2: DUMMY
[    2.252039] tegra-ehci 7d008000.usb: EHCI Host Controller
[    2.257496] tegra-ehci 7d008000.usb: new USB bus registered, assigned bus number 2
[    2.265240] tegra-ehci 7d008000.usb: irq 355, io mem 0x7d008000
[    2.295031] tegra-ehci 7d008000.usb: USB 2.0 started, EHCI 1.10
[    2.302094] hub 2-0:1.0: USB hub found
[    2.305949] hub 2-0:1.0: 1 port detected
[    2.312313] sdhci-tegra 700b0400.sdhci: Got CD GPIO
[    2.317267] sdhci-tegra 700b0400.sdhci: Got WP GPIO
[    2.329231] mmc1: Unknown controller version (3). You may experience problems.
[    2.336575] mmc1: Invalid maximum block size, assuming 512 bytes
[    2.405541] mmc1: SDHCI controller on 700b0400.sdhci [700b0400.sdhci] using ADMA
[    2.413636] tegra-pcie 1003000.pcie-controller: 2x1, 1x1 configuration
[    2.422199] tegra-pcie 1003000.pcie-controller: probing port 0, using 2 lanes
[    2.432886] tegra-pcie 1003000.pcie-controller: Slot present pin change, signature: 00000008
[    2.455755] tegra-pcie 1003000.pcie-controller: probing port 1, using 1 lanes
[    2.465089] tegra-pcie 1003000.pcie-controller: Slot present pin change, signature: 00000000
[    2.479434] tegra-pcie 1003000.pcie-controller: PCI host bridge to bus 0000:00
[    2.486705] pci_bus 0000:00: root bus resource [io  0x0000-0xffff]
[    2.492892] pci_bus 0000:00: root bus resource [mem 0x13000000-0x1fffffff]
[    2.499800] pci_bus 0000:00: root bus resource [mem 0x20000000-0x3fffffff pref]
[    2.507152] pci_bus 0000:00: root bus resource [bus 00-ff]
[    2.512678] pci 0000:00:01.0: [10de:0e12] type 01 class 0x060400
[    2.518776] pci_bus 0000:00: 2-byte config write to 0000:00:01.0 offset 0x88 may corrupt adjacent RW1C bits
[    2.528582] pci_bus 0000:00: 2-byte config write to 0000:00:01.0 offset 0x52 may corrupt adjacent RW1C bits
[    2.538405] pci 0000:00:01.0: PME# supported from D0 D1 D2 D3hot D3cold
[    2.545074] pci_bus 0000:00: 2-byte config write to 0000:00:01.0 offset 0x4c may corrupt adjacent RW1C bits
[    2.555123] pci 0000:00:02.0: [10de:0e13] type 01 class 0x060400
[    2.561177] pci_bus 0000:00: 2-byte config write to 0000:00:02.0 offset 0x88 may corrupt adjacent RW1C bits
[    2.570975] pci_bus 0000:00: 2-byte config write to 0000:00:02.0 offset 0x52 may corrupt adjacent RW1C bits
[    2.578802] ata1: SATA link down (SStatus 0 SControl 300)
[    2.586192] pci 0000:00:02.0: PME# supported from D0 D1 D2 D3hot D3cold
[    2.592816] pci_bus 0000:00: 2-byte config write to 0000:00:02.0 offset 0x4c may corrupt adjacent RW1C bits
[    2.602831] pci_bus 0000:00: 2-byte config write to 0000:00:01.0 offset 0x3e may corrupt adjacent RW1C bits
[    2.612584] pci_bus 0000:00: 2-byte config write to 0000:00:02.0 offset 0x3e may corrupt adjacent RW1C bits
[    2.622332] pci_bus 0000:00: 2-byte config write to 0000:00:01.0 offset 0x4 may corrupt adjacent RW1C bits
[    2.632028] pci_bus 0000:00: 1-byte config write to 0000:00:01.0 offset 0xc may corrupt adjacent RW1C bits
[    2.641720] PCI: bus0: Fast back to back transfers disabled
[    2.647307] pci 0000:00:01.0: bridge configuration invalid ([bus 00-00]), reconfiguring
[    2.655335] pci 0000:00:02.0: bridge configuration invalid ([bus 00-00]), reconfiguring
[    2.663558] pci 0000:01:00.0: [8086:4232] type 00 class 0x028000
[    2.669648] pci 0000:01:00.0: reg 0x10: [mem 0x00000000-0x00001fff 64bit]
[    2.676639] pci 0000:01:00.0: PME# supported from D0 D3hot D3cold
[    2.697795] mmc1: new high speed SDHC card at address aaaa
[    2.704070] mmcblk1: mmc1:aaaa SD04G 3.69 GiB 
[    2.708881] PCI: bus1: Fast back to back transfers disabled
[    2.714482] pci_bus 0000:01: busn_res: [bus 01-ff] end is updated to 01
[    2.721348] pci 0000:02:00.0: [10ec:8168] type 00 class 0x020000
[    2.727403] pci 0000:02:00.0: reg 0x10: [io  0x0000-0x00ff]
[    2.733002] pci 0000:02:00.0: reg 0x18: [mem 0x00000000-0x00000fff 64bit]
[    2.739830] pci 0000:02:00.0: reg 0x20: [mem 0x00000000-0x00003fff 64bit pref]
[    2.747219] pci 0000:02:00.0: supports D1 D2
[    2.751492] pci 0000:02:00.0: PME# supported from D0 D1 D2 D3hot D3cold
[    2.770992]  mmcblk1: p1 p2 p3
[    2.785158] PCI: bus2: Fast back to back transfers disabled
[    2.790736] pci_bus 0000:02: busn_res: [bus 02-ff] end is updated to 02
[    2.797528] pci 0000:00:01.0: BAR 8: assigned [mem 0x13000000-0x130fffff]
[    2.804310] pci 0000:00:02.0: BAR 8: assigned [mem 0x13100000-0x131fffff]
[    2.811115] pci 0000:00:02.0: BAR 9: assigned [mem 0x20000000-0x200fffff 64bit pref]
[    2.818904] pci 0000:00:02.0: BAR 7: assigned [io  0x1000-0x1fff]
[    2.825049] pci 0000:01:00.0: BAR 0: assigned [mem 0x13000000-0x13001fff 64bit]
[    2.832380] pci 0000:00:01.0: PCI bridge to [bus 01]
[    2.837392] pci 0000:00:01.0:   bridge window [mem 0x13000000-0x130fffff]
[    2.844191] pci 0000:02:00.0: BAR 4: assigned [mem 0x20000000-0x20003fff 64bit pref]
[    2.851965] pci 0000:02:00.0: BAR 2: assigned [mem 0x13100000-0x13100fff 64bit]
[    2.859329] pci 0000:02:00.0: BAR 0: assigned [io  0x1000-0x10ff]
[    2.865443] pci 0000:00:02.0: PCI bridge to [bus 02]
[    2.870404] pci 0000:00:02.0:   bridge window [io  0x1000-0x1fff]
[    2.876535] pci 0000:00:02.0:   bridge window [mem 0x13100000-0x131fffff]
[    2.883318] pci 0000:00:02.0:   bridge window [mem 0x20000000-0x200fffff 64bit pref]
[    2.891103] pci 0000:00:01.0: nv_msi_ht_cap_quirk didn't locate host bridge
[    2.898206] pcieport 0000:00:01.0: enabling device (0140 -> 0142)
[    2.904547] pcieport 0000:00:01.0: Signaling PME with IRQ 393
[    2.910411] pci 0000:00:02.0: nv_msi_ht_cap_quirk didn't locate host bridge
[    2.917511] pcieport 0000:00:02.0: enabling device (0140 -> 0143)
[    2.923847] pcieport 0000:00:02.0: Signaling PME with IRQ 394
[    2.929891] r8169 Gigabit Ethernet driver 2.3LK-NAPI loaded
[    2.935527] r8169 0000:02:00.0: enabling device (0140 -> 0143)
[    2.966701] r8169 0000:02:00.0 eth0: RTL8168g/8111g at 0xf0b72000, 00:04:4b:3a:d9:81, XID 0c000800 IRQ 395
[    2.976375] r8169 0000:02:00.0 eth0: jumbo features [frames: 9200 bytes, tx checksumming: ko]
[    2.989185] +1.05V_RUN_AVDD_HDMI_PLL: supplied by +1.05V_RUN
[    2.997119] of: dev_pm_opp_of_cpumask_add_table: couldn't find opp table for cpu:0, -19
[    3.005216] cpufreq: cpufreq_online: CPU0: Running at unlisted freq: 696000 KHz
[    3.012532] cpufreq: cpufreq_online: CPU0: Unlisted initial frequency changed to: 714000 KHz
[    3.021687] input: gpio-keys as /devices/soc0/gpio-keys/input/input0
[    3.028979] as3722-rtc as3722-rtc: setting system clock to 2000-01-01 00:01:36 UTC (946684896)
[    3.037979] +3.3V_AVDD_HDMI_AP_GATED: disabling
[    3.042502] +USB0_VBUS_SW: disabling
[    3.046103] +1.05V_RUN_AVDD_HDMI_PLL: disabling
[    3.050630] +5V_HDMI_CON: disabling
[    3.054118] +1.8V_RUN_CAM: disabling
[    3.057988] +2.8V_RUN_CAM: disabling
[    3.061802] +1.2V_RUN_CAM_FRONT: disabling
[    3.066185] +1.05V_RUN_CAM_REAR: disabling
[    3.070441] +3.3V_RUN_TOUCH: disabling
[    3.074352] +2.8V_RUN_CAM_AF: disabling
[    3.078444] +1.8V_RUN_VPP_FUSE: disabling
[    3.083581] EXT4-fs (mmcblk0p1): mounting ext3 file system using the ext4 subsystem
[    3.126314] EXT4-fs (mmcblk0p1): recovery complete
[    3.131994] EXT4-fs (mmcblk0p1): mounted filesystem with ordered data mode. Opts: (null)
[    3.140139] VFS: Mounted root (ext3 filesystem) on device 179:1.
[    3.150363] devtmpfs: mounted
[    3.154216] Freeing unused kernel memory: 2048K
bash: cannot set terminal process group (-1): Inappropriate ioctl for device
bash: no job control in this shell
root@(none):/# 