
U-Boot SPL 2014.01-00219-gc4d376f (Feb 18 2014 - 19:57:18)


U-Boot 2014.01-00219-gc4d376f (Feb 18 2014 - 19:57:18)

TEGRA30
Board: NVIDIA Beaver
I2C:   ready
DRAM:  2 GiB
MMC:   Tegra SD/MMC: 0, Tegra SD/MMC: 1
In:    serial
Out:   serial
Err:   serial
Net:   Net Initialization Skipped
No ethernet found.
Hit any key to stop autoboot:  2  0 
Tegra30 (Beaver) # 
Tegra30 (Beaver) # usb reset
(Re)start USB...
USB0:   USB EHCI 1.00
scanning bus 0 for devices... 2 USB Device(s) found
       scanning usb for storage devices... 0 Storage Device(s) found
       scanning usb for ethernet devices... 
Warning: asx0 using MAC address from net device
1 Ethernet Device(s) found
Tegra30 (Beaver) # setenv bootargs 'ignore_loglevel console=ttyS0,115200n8 rw root=/dev/mmcblk0p1 rootwait gpt debug init=/bin/bash noinitrd'
Tegra30 (Beaver) # setenv ipaddr 192.168.100.101; setenv serverip 192.168.100.1; setenv tftpserverip 192.168.100.1
Tegra30 (Beaver) # tftpboot 0x81000000 zImage.multi_v7_defconfig
Using asx0 device
TFTP from server 192.168.100.1; our IP address is 192.168.100.101
Filename 'zImage.multi_v7_defconfig'.
Load address: 0x81000000
Loading: *#################################################################
	 #################################################################
	 #################################################################
	 #################################################################
	 #################################################################
	 #################################################################
	 #########################
	 3.3 MiB/s
done
Bytes transferred = 6081528 (5ccbf8 hex)
Tegra30 (Beaver) # tftpboot 0x82000000 tegra30-beaver.dtb
Using asx0 device
TFTP from server 192.168.100.1; our IP address is 192.168.100.101
Filename 'tegra30-beaver.dtb'.
Load address: 0x82000000
Loading: *##
	 2.9 MiB/s
done
Bytes transferred = 24641 (6041 hex)
Tegra30 (Beaver) # bootz 0x81000000 - 0x82000000
Kernel image @ 0x81000000 [ 0x000000 - 0x5ccbf8 ]
## Flattened Device Tree blob at 82000000
   Booting using the fdt blob at 0x82000000
   Loading Device Tree to 8fff6000, end 8ffff040 ... OK

Starting kernel ...

[    0.000000] Booting Linux on physical CPU 0x0
[    0.000000] Linux version 4.0.0-rc4 (pwalmsley@sellafield) (gcc version 4.7.3 20130328 (prerelease) (crosstool-NG linaro-1.13.1-4.7-2013.04-20130415 - Linaro GCC 2013.04) ) #1 SMP Wed Mar 25 10:47:42 PDT 2015
[    0.000000] CPU: ARMv7 Processor [412fc099] revision 9 (ARMv7), cr=10c5387d
[    0.000000] CPU: PIPT / VIPT nonaliasing data cache, VIPT aliasing instruction cache
[    0.000000] Machine model: NVIDIA Tegra30 Beaver evaluation board
[    0.000000] debug: ignoring loglevel setting.
[    0.000000] cma: Reserved 64 MiB at 0xfb800000
[    0.000000] Memory policy: Data cache writealloc
[    0.000000] On node 0 totalpages: 524032
[    0.000000] free_area_init_node: node 0, pgdat c0ec7e40, node_mem_map ee7f8000
[    0.000000]   DMA zone: 1520 pages used for memmap
[    0.000000]   DMA zone: 0 pages reserved
[    0.000000]   DMA zone: 194560 pages, LIFO batch:31
[    0.000000]   HighMem zone: 329472 pages, LIFO batch:31
[    0.000000] PERCPU: Embedded 11 pages/cpu @ee7b1000 s12480 r8192 d24384 u45056
[    0.000000] pcpu-alloc: s12480 r8192 d24384 u45056 alloc=11*4096
[    0.000000] pcpu-alloc: [0] 0 [0] 1 [0] 2 [0] 3 
[    0.000000] Built 1 zonelists in Zone order, mobility grouping on.  Total pages: 522512
[    0.000000] Kernel command line: ignore_loglevel console=ttyS0,115200n8 rw root=/dev/mmcblk0p1 rootwait gpt debug init=/bin/bash noinitrd
[    0.000000] PID hash table entries: 4096 (order: 2, 16384 bytes)
[    0.000000] Dentry cache hash table entries: 131072 (order: 7, 524288 bytes)
[    0.000000] Inode-cache hash table entries: 65536 (order: 6, 262144 bytes)
[    0.000000] Memory: 1999696K/2096128K available (7830K kernel code, 1015K rwdata, 3412K rodata, 800K init, 316K bss, 30896K reserved, 65536K cma-reserved, 1252352K highmem)
[    0.000000] Virtual kernel memory layout:
[    0.000000]     vector  : 0xffff0000 - 0xffff1000   (   4 kB)
[    0.000000]     fixmap  : 0xffc00000 - 0xfff00000   (3072 kB)
[    0.000000]     vmalloc : 0xf0000000 - 0xff000000   ( 240 MB)
[    0.000000]     lowmem  : 0xc0000000 - 0xef800000   ( 760 MB)
[    0.000000]     pkmap   : 0xbfe00000 - 0xc0000000   (   2 MB)
[    0.000000]     modules : 0xbf000000 - 0xbfe00000   (  14 MB)
[    0.000000]       .text : 0xc0208000 - 0xc0d03b54   (11247 kB)
[    0.000000]       .init : 0xc0d04000 - 0xc0dcc000   ( 800 kB)
[    0.000000]       .data : 0xc0dcc000 - 0xc0ec9d60   (1016 kB)
[    0.000000]        .bss : 0xc0ec9d60 - 0xc0f18e68   ( 317 kB)
[    0.000000] SLUB: HWalign=64, Order=0-3, MinObjects=0, CPUs=4, Nodes=1
[    0.000000] Hierarchical RCU implementation.
[    0.000000] 	Additional per-CPU info printed with stalls.
[    0.000000] 	RCU restricting CPUs from NR_CPUS=16 to nr_cpu_ids=4.
[    0.000000] RCU: Adjusting geometry for rcu_fanout_leaf=16, nr_cpu_ids=4
[    0.000000] NR_IRQS:16 nr_irqs:16 16
[    0.000000] L2C: platform modifies aux control register: 0x02080000 -> 0x3e480001
[    0.000000] L2C: DT/platform modifies aux control register: 0x02080000 -> 0x3e480001
[    0.000000] L2C-310 erratum 769419 enabled
[    0.000000] L2C-310 enabling early BRESP for Cortex-A9
[    0.000000] L2C-310: enabling full line of zeros but not enabled in Cortex-A9
[    0.000000] L2C-310 ID prefetch enabled, offset 1 lines
[    0.000000] L2C-310 dynamic clock gating enabled, standby mode enabled
[    0.000000] L2C-310 cache controller enabled, 8 ways, 1024 kB
[    0.000000] L2C-310: CACHE_ID 0x410000c7, AUX_CTRL 0x7e480001
[    0.000012] sched_clock: 32 bits at 1000kHz, resolution 1000ns, wraps every 2147483648000ns
[    0.000031] Switching to timer-based delay loop, resolution 1000ns
[    0.001170] Console: colour dummy device 80x30
[    0.001192] Calibrating delay loop (skipped), value calculated using timer frequency.. 2.00 BogoMIPS (lpj=5000)
[    0.001200] pid_max: default: 32768 minimum: 301
[    0.001288] Mount-cache hash table entries: 2048 (order: 1, 8192 bytes)
[    0.001294] Mountpoint-cache hash table entries: 2048 (order: 1, 8192 bytes)
[    0.001702] CPU: Testing write buffer coherency: ok
[    0.001905] CPU0: thread -1, cpu 0, socket 0, mpidr 80000000
[    0.001975] Setting up static identity map for 0x80967a60 - 0x80967af8
[    0.003070] Tegra Revision: A03 SKU: 128 CPU Process: 4 Core Process: 0
[    0.004247] CPU1: thread -1, cpu 1, socket 0, mpidr 80000001
[    0.005115] CPU2: thread -1, cpu 2, socket 0, mpidr 80000002
[    0.005982] CPU3: thread -1, cpu 3, socket 0, mpidr 80000003
[    0.006024] Brought up 4 CPUs
[    0.006035] SMP: Total of 4 processors activated (8.00 BogoMIPS).
[    0.006040] CPU: All CPU(s) started in SVC mode.
[    0.006455] devtmpfs: initialized
[    0.006983] VFP support v0.3: implementor 41 architecture 3 part 30 variant 9 rev 4
[    0.010623] pinctrl core: initialized pinctrl subsystem
[    0.014525] NET: Registered protocol family 16
[    0.017004] DMA: preallocated 256 KiB pool for atomic coherent allocations
[    0.029958] cpuidle: using governor ladder
[    0.044953] cpuidle: using governor menu
[    0.052600] No ATAGs?
[    0.052630] hw-breakpoint: found 5 (+1 reserved) breakpoint and 1 watchpoint registers.
[    0.052636] hw-breakpoint: maximum watchpoint size is 4 bytes.
[    0.054387] Serial: AMBA PL011 UART driver
[    0.077219] platform regulators:regulator@1: Driver reg-fixed-voltage requests probe deferral
[    0.077260] platform regulators:regulator@2: Driver reg-fixed-voltage requests probe deferral
[    0.077376] vdd_5v_sata: Failed to request enable GPIO30: -517
[    0.077437] reg-fixed-voltage regulators:regulator@3: Failed to register regulator: -517
[    0.077447] platform regulators:regulator@3: Driver reg-fixed-voltage requests probe deferral
[    0.077546] usb1_vbus: Failed to request enable GPIO238: -517
[    0.077596] reg-fixed-voltage regulators:regulator@4: Failed to register regulator: -517
[    0.077607] platform regulators:regulator@4: Driver reg-fixed-voltage requests probe deferral
[    0.077703] usb3_vbus: Failed to request enable GPIO236: -517
[    0.077753] reg-fixed-voltage regulators:regulator@5: Failed to register regulator: -517
[    0.077764] platform regulators:regulator@5: Driver reg-fixed-voltage requests probe deferral
[    0.077802] platform regulators:regulator@6: Driver reg-fixed-voltage requests probe deferral
[    0.077898] sys_3v3_pexs: Failed to request enable GPIO95: -517
[    0.077948] reg-fixed-voltage regulators:regulator@7: Failed to register regulator: -517
[    0.077958] platform regulators:regulator@7: Driver reg-fixed-voltage requests probe deferral
[    0.078062] reg-fixed-voltage regulators:regulator@8: Failed to find supply vin
[    0.078115] reg-fixed-voltage regulators:regulator@8: Failed to register regulator: -517
[    0.078125] platform regulators:regulator@8: Driver reg-fixed-voltage requests probe deferral
[    0.079732] vgaarb: loaded
[    0.080188] SCSI subsystem initialized
[    0.080349] libata version 3.00 loaded.
[    0.080558] usbcore: registered new interface driver usbfs
[    0.080593] usbcore: registered new interface driver hub
[    0.080634] usbcore: registered new device driver usb
[    0.088000] vrtc: supplied by vdd_5v_in
[    0.094964] vdd_1v8_gen: supplied by vdd_5v_in
[    0.099961] vddio_ddr_1v2: supplied by vdd_5v_in
[    0.104961] vdd_1v5_gen: supplied by vdd_5v_in
[    0.112264] vdd_pexa,vdd_pexb: supplied by vdd_1v5_gen
[    0.114973] vdd_sata,avdd_plle: supplied by vdd_1v5_gen
[    0.117314] ldo3: supplied by vdd_5v_in
[    0.119960] vdd_rtc: supplied by vdd_5v_in
[    0.124963] vddio_sdmmc,avdd_vdac: supplied by vdd_5v_in
[    0.127640] avdd_dsi_csi,pwrdet_mipi: supplied by vdd_1v8_gen
[    0.134957] vdd_pllm,x,u,a_p_c_s: supplied by vdd_1v8_gen
[    0.139960] vdd_ddr_hs: supplied by vdd_1v8_gen
[    0.141764] media: Linux media interface: v0.10
[    0.141800] Linux video capture interface: v2.00
[    0.141839] pps_core: LinuxPPS API ver. 1 registered
[    0.141844] pps_core: Software ver. 5.3.6 - Copyright 2005-2007 Rodolfo Giometti <giometti@linux.it>
[    0.141859] PTP clock support registered
[    0.142016] EDAC MC: Ver: 3.0.0
[    0.142651] Advanced Linux Sound Architecture Driver Initialized.
[    0.143412] Switched to clocksource timer_us
[    0.149526] NET: Registered protocol family 2
[    0.149975] TCP established hash table entries: 8192 (order: 3, 32768 bytes)
[    0.150024] TCP bind hash table entries: 8192 (order: 4, 65536 bytes)
[    0.150100] TCP: Hash tables configured (established 8192 bind 8192)
[    0.150178] TCP: reno registered
[    0.150189] UDP hash table entries: 512 (order: 2, 16384 bytes)
[    0.150243] UDP-Lite hash table entries: 512 (order: 2, 16384 bytes)
[    0.150408] NET: Registered protocol family 1
[    0.150693] RPC: Registered named UNIX socket transport module.
[    0.150699] RPC: Registered udp transport module.
[    0.150703] RPC: Registered tcp transport module.
[    0.150707] RPC: Registered tcp NFSv4.1 backchannel transport module.
[    0.150723] PCI: CLS 0 bytes, default 64
[    0.151420] hw perfevents: enabled with armv7_cortex_a9 PMU driver, 7 counters available
[    0.152316] futex hash table entries: 1024 (order: 4, 65536 bytes)
[    0.158507] squashfs: version 4.0 (2009/01/31) Phillip Lougher
[    0.158986] NFS: Registering the id_resolver key type
[    0.159022] Key type id_resolver registered
[    0.159027] Key type id_legacy registered
[    0.159068] ntfs: driver 2.1.31 [Flags: R/O].
[    0.159747] bounce: pool size: 64 pages
[    0.159868] Block layer SCSI generic (bsg) driver version 0.4 loaded (major 248)
[    0.159881] io scheduler noop registered
[    0.159888] io scheduler deadline registered
[    0.159979] io scheduler cfq registered (default)
[    0.165950] tegra-pcie 3000.pcie-controller: 2x3 configuration
[    0.166051] tegra-pcie 3000.pcie-controller: Failed to get supply 'hvdd-pex': -517
[    0.166109] platform 3000.pcie-controller: Driver tegra-pcie requests probe deferral
[    0.169390] tegra-apbdma 6000a000.dma: Tegra20 APB DMA driver register 32 channels
[    0.169828] tegra-pmc 7000e400.pmc: i2c-thermtrip node not found, emergency thermal reset disabled.
[    0.203065] Serial: 8250/16550 driver, 4 ports, IRQ sharing disabled
[    0.204560] SuperH (H)SCI(F) driver initialized
[    0.205037] msm_serial: driver initialized
[    0.205659] console [ttyS0] disabled
[    0.205695] 70006000.serial: ttyS0 at MMIO 0x70006000 (irq = 331, base_baud = 25500000) is a Tegra
[    1.129619] console [ttyS0] enabled
[    1.133595] STMicroelectronics ASC driver initialized
[    1.140030] [drm] Initialized drm 1.1.0 20060810
[    1.145627] tegra-hdmi 54280000.hdmi: failed to get HDMI regulator
[    1.151820] platform 54280000.hdmi: Driver tegra-hdmi requests probe deferral
[    1.163252] loop: module loaded
[    1.170376] m25p80 spi32766.1: w25q32 (4096 Kbytes)
[    1.176941] CAN device driver interface
[    1.181425] igb: Intel(R) Gigabit Ethernet Network Driver - version 5.2.15-k
[    1.188465] igb: Copyright (c) 2007-2014 Intel Corporation.
[    1.195213] pegasus: v0.9.3 (2013/04/25), Pegasus/Pegasus II USB Ethernet driver
[    1.202648] usbcore: registered new interface driver pegasus
[    1.208343] usbcore: registered new interface driver asix
[    1.213762] usbcore: registered new interface driver ax88179_178a
[    1.219871] usbcore: registered new interface driver cdc_ether
[    1.225728] usbcore: registered new interface driver smsc75xx
[    1.231500] usbcore: registered new interface driver smsc95xx
[    1.237262] usbcore: registered new interface driver net1080
[    1.242938] usbcore: registered new interface driver cdc_subset
[    1.248887] usbcore: registered new interface driver zaurus
[    1.254521] usbcore: registered new interface driver cdc_ncm
[    1.260791] ehci_hcd: USB 2.0 'Enhanced' Host Controller (EHCI) Driver
[    1.267316] ehci-pci: EHCI PCI platform driver
[    1.271792] ehci-platform: EHCI generic platform driver
[    1.277131] ehci-omap: OMAP-EHCI Host Controller driver
[    1.282424] ehci-orion: EHCI orion driver
[    1.286500] SPEAr-ehci: EHCI SPEAr driver
[    1.290578] ehci-st: EHCI STMicroelectronics driver
[    1.295522] ehci-exynos: EHCI EXYNOS driver
[    1.299788] tegra-ehci: Tegra EHCI driver
[    1.303962] platform 7d004000.usb: Driver tegra-ehci requests probe deferral
[    1.311058] platform 7d008000.usb: Driver tegra-ehci requests probe deferral
[    1.318135] ohci_hcd: USB 1.1 'Open' Host Controller (OHCI) Driver
[    1.324323] ohci-pci: OHCI PCI platform driver
[    1.328796] ohci-platform: OHCI generic platform driver
[    1.334113] ohci-omap3: OHCI OMAP3 driver
[    1.338183] SPEAr-ohci: OHCI SPEAr driver
[    1.342263] ohci-st: OHCI STMicroelectronics driver
[    1.347255] usbcore: registered new interface driver usb-storage
[    1.353423] platform 7d004000.usb-phy: Driver tegra-phy requests probe deferral
[    1.360774] platform 7d008000.usb-phy: Driver tegra-phy requests probe deferral
[    1.369071] mousedev: PS/2 mouse device common for all mice
[    1.376500] tegra_rtc 7000e000.rtc: rtc core: registered 7000e000.rtc as rtc1
[    1.383661] tegra_rtc 7000e000.rtc: Tegra internal Real Time Clock
[    1.402431] tps65910-rtc tps65910-rtc: rtc core: registered tps65910-rtc as rtc0
[    1.409951] i2c /dev entries driver
[    1.415017] usbcore: registered new interface driver uvcvideo
[    1.420761] USB Video Class driver (1.1.1)
[    1.424855] gspca_main: v2.14.0 registered
[    1.431176] Driver 'mmcblk' needs updating - please use bus_type methods
[    1.437917] sdhci: Secure Digital Host Controller Interface driver
[    1.444088] sdhci: Copyright(c) Pierre Ossman
[    1.449116] Synopsys Designware Multimedia Card Interface Driver
[    1.455727] sdhci-pltfm: SDHCI platform and OF driver helper
[    1.461808] sdhci-tegra 78000000.sdhci: Got CD GPIO
[    1.466694] sdhci-tegra 78000000.sdhci: Got WP GPIO
[    1.472690] sdhci-tegra 78000000.sdhci: No vmmc regulator found
[    1.478607] sdhci-tegra 78000000.sdhci: No vqmmc regulator found
[    1.484605] mmc0: Invalid maximum block size, assuming 512 bytes
[    1.523490] mmc0: SDHCI controller on 78000000.sdhci [78000000.sdhci] using ADMA
[    1.532037] sdhci-tegra 78000600.sdhci: No vmmc regulator found
[    1.537955] sdhci-tegra 78000600.sdhci: No vqmmc regulator found
[    1.543952] mmc1: Invalid maximum block size, assuming 512 bytes
[    1.583417] mmc1: SDHCI controller on 78000600.sdhci [78000600.sdhci] using ADMA
[    1.595530] ledtrig-cpu: registered to indicate activity on CPUs
[    1.601688] usbcore: registered new interface driver usbhid
[    1.607261] usbhid: USB HID core driver
[    1.612984] usbcore: registered new interface driver snd-usb-audio
[    1.694611] mmc1: new high speed MMC card at address 0001
[    1.700236] mmcblk0: mmc1:0001 SEM16G 14.8 GiB 
[    1.704853] mmcblk0boot0: mmc1:0001 SEM16G partition 1 1.00 MiB
[    1.710844] mmcblk0boot1: mmc1:0001 SEM16G partition 2 1.00 MiB
[    1.716838] mmcblk0rpmb: mmc1:0001 SEM16G partition 3 128 KiB
[    1.725284] Primary GPT is invalid, using alternate GPT.
[    1.730609]  mmcblk0: p1 p2 p3 p4 p5
[    2.034752] tegra30-i2s 70080400.i2s: DMA channels sourced from device 70080000.ahub
[    2.050316] tegra-snd-rt5640 sound: rt5640-aif1 <-> 70080400.i2s mapping ok
[    2.059236] input: NVIDIA Tegra Beaver Headphones as /devices/soc0/sound/sound/card0/input0
[    2.068636] TCP: cubic registered
[    2.071949] NET: Registered protocol family 17
[    2.076407] can: controller area network core (rev 20120528 abi 9)
[    2.082629] NET: Registered protocol family 29
[    2.087076] can: raw protocol (rev 20120528)
[    2.091344] can: broadcast manager protocol (rev 20120528 t)
[    2.097001] can: netlink gateway (rev 20130117) max_hops=1
[    2.102738] Key type dns_resolver registered
[    2.107392] ThumbEE CPU extension supported.
[    2.111672] Registering SWP/SWPB emulation handler
[    2.121168] vdd_ddr: supplied by vdd_5v_in
[    2.125514] vdd_5v_sata: supplied by vdd_5v_in
[    2.130182] usb1_vbus: supplied by vdd_5v_in
[    2.134679] usb3_vbus: supplied by vdd_5v_in
[    2.140535] sys_3v3,vdd_3v3_alw: supplied by vdd_5v_in
[    2.145907] sys_3v3_pexs: supplied by sys_3v3,vdd_3v3_alw
[    2.151525] +VDD_5V_HDMI: supplied by sys_3v3,vdd_3v3_alw
[    2.157327] tegra-pcie 3000.pcie-controller: 2x3 configuration
[    2.165795] tegra-pcie 3000.pcie-controller: probing port 0, using 2 lanes
[    2.230946] tegra-pcie 3000.pcie-controller: probing port 2, using 2 lanes
[    2.641612] tegra-pcie 3000.pcie-controller: link 2 down, retrying
[    3.051580] tegra-pcie 3000.pcie-controller: link 2 down, retrying
[    3.461541] tegra-pcie 3000.pcie-controller: link 2 down, retrying
[    3.469734] tegra-pcie 3000.pcie-controller: link 2 down, ignoring
[    3.476046] tegra-pcie 3000.pcie-controller: PCI host bridge to bus 0000:00
[    3.483007] pci_bus 0000:00: root bus resource [mem 0x20000000-0x27ffffff]
[    3.489878] pci_bus 0000:00: root bus resource [mem 0x28000000-0x3fffffff pref]
[    3.497178] pci_bus 0000:00: root bus resource [bus 00-ff]
[    3.502655] pci_bus 0000:00: root bus resource [io  0x1000-0xffff]
[    3.508852] pci 0000:00:01.0: [10de:0e1c] type 01 class 0x060400
[    3.514906] pci 0000:00:01.0: PME# supported from D0 D1 D2 D3hot D3cold
[    3.521646] PCI: bus0: Fast back to back transfers disabled
[    3.527218] pci 0000:00:01.0: bridge configuration invalid ([bus 00-00]), reconfiguring
[    3.535326] pci 0000:01:00.0: [10ec:8168] type 00 class 0x020000
[    3.541343] pci 0000:01:00.0: reg 0x10: [io  0x0000-0x00ff]
[    3.546925] pci 0000:01:00.0: reg 0x18: [mem 0x00000000-0x00000fff 64bit pref]
[    3.554146] pci 0000:01:00.0: reg 0x20: [mem 0x00000000-0x00003fff 64bit pref]
[    3.561427] pci 0000:01:00.0: supports D1 D2
[    3.565693] pci 0000:01:00.0: PME# supported from D0 D1 D2 D3hot D3cold
[    3.578434] PCI: bus1: Fast back to back transfers disabled
[    3.584005] pci_bus 0000:01: busn_res: [bus 01-ff] end is updated to 01
[    3.590665] pci 0000:00:01.0: BAR 9: assigned [mem 0x28000000-0x280fffff 64bit pref]
[    3.598406] pci 0000:00:01.0: BAR 7: assigned [io  0x1000-0x1fff]
[    3.604494] pci 0000:01:00.0: BAR 4: assigned [mem 0x28000000-0x28003fff 64bit pref]
[    3.612234] pci 0000:01:00.0: BAR 2: assigned [mem 0x28004000-0x28004fff 64bit pref]
[    3.619974] pci 0000:01:00.0: BAR 0: assigned [io  0x1000-0x10ff]
[    3.626061] pci 0000:00:01.0: PCI bridge to [bus 01]
[    3.631018] pci 0000:00:01.0:   bridge window [io  0x1000-0x1fff]
[    3.637103] pci 0000:00:01.0:   bridge window [mem 0x28000000-0x280fffff 64bit pref]
[    3.644847] pci 0000:00:01.0: nv_msi_ht_cap_quirk didn't locate host bridge
[    3.651858] pcieport 0000:00:01.0: enabling device (0140 -> 0143)
[    3.658074] pcieport 0000:00:01.0: Signaling PME through PCIe PME interrupt
[    3.665032] pci 0000:01:00.0: Signaling PME through PCIe PME interrupt
[    3.671551] pcie_pme 0000:00:01.0:pcie01: service driver pcie_pme loaded
[    3.678395] r8169 Gigabit Ethernet driver 2.3LK-NAPI loaded
[    3.683987] r8169 0000:01:00.0: enabling device (0140 -> 0143)
[    3.690481] r8169 0000:01:00.0 eth0: RTL8168evl/8111evl at 0xf00e8000, 02:04:4b:01:60:a6, XID 0c900800 IRQ 375
[    3.700476] r8169 0000:01:00.0 eth0: jumbo features [frames: 9200 bytes, tx checksumming: ko]
[    3.710752] [drm] Supports vblank timestamp caching Rev 2 (21.10.2013).
[    3.717382] [drm] No driver support for vblank timestamp query.
[    3.723316] drm drm: No connectors reported connected with modes
[    3.729336] [drm] Cannot find any crtc or sizes - going 1024x768
[    3.754834] Console: switching to colour frame buffer device 128x48
[    3.767132] drm drm: fb0:  frame buffer device
[    3.771569] drm drm: registered panic notifier
[    3.788819] [drm] Initialized tegra 0.0.0 20120330 on minor 0
[    3.795367] platform 7d004000.usb: Driver tegra-ehci requests probe deferral
[    3.803136] platform 7d008000.usb: Driver tegra-ehci requests probe deferral
[    3.814009] utmi_phy_clk_enable: timeout waiting for phy to stabilize
[    3.820464] tegra-ehci 7d004000.usb: EHCI Host Controller
[    3.825879] tegra-ehci 7d004000.usb: new USB bus registered, assigned bus number 1
[    3.833717] tegra-ehci 7d004000.usb: irq 343, io mem 0x7d004000
[    3.848423] tegra-ehci 7d004000.usb: USB 2.0 started, EHCI 1.00
[    3.854839] hub 1-0:1.0: USB hub found
[    3.858631] hub 1-0:1.0: 1 port detected
[    3.863284] tegra-ehci 7d008000.usb: EHCI Host Controller
[    3.868714] tegra-ehci 7d008000.usb: new USB bus registered, assigned bus number 2
[    3.876501] tegra-ehci 7d008000.usb: irq 344, io mem 0x7d008000
[    3.888423] tegra-ehci 7d008000.usb: USB 2.0 started, EHCI 1.00
[    3.894742] hub 2-0:1.0: USB hub found
[    3.898531] hub 2-0:1.0: 1 port detected
[    3.907521] tps65910-rtc tps65910-rtc: setting system clock to 2000-01-01 00:00:02 UTC (946684802)
[    3.920966] usb1_vbus: disabling
[    3.924268] vdd_sata,avdd_plle: disabling
[    3.928813] ALSA device list:
[    3.931771]   #0: NVIDIA Tegra Beaver
[    3.937271] EXT4-fs (mmcblk0p1): mounting ext3 file system using the ext4 subsystem
[    3.951364] EXT4-fs (mmcblk0p1): warning: mounting fs with errors, running e2fsck is recommended
[    3.961649] EXT4-fs (mmcblk0p1): recovery complete
[    3.966454] EXT4-fs (mmcblk0p1): mounted filesystem with ordered data mode. Opts: (null)
[    3.974560] VFS: Mounted root (ext3 filesystem) on device 179:1.
[    3.990027] devtmpfs: mounted
[    3.993661] Freeing unused kernel memory: 800K (c0d04000 - c0dcc000)
bash: cannot set terminal process group (-1): Inappropriate ioctl for device
bash: no job control in this shell
root@(none):/# [    4.208468] usb 2-1: new high-speed USB device number 2 using tegra-ehci
