
U-Boot SPL 2014.01-00219-gc4d376f (Feb 18 2014 - 19:57:18)


U-Boot 2014.01-00219-gc4d376f (Feb 18 2014 - 19:57:18)

TEGRA30
Board: NVIDIA Beaver
I2C:   ready
DRAM:  2 GiB
MMC:   Tegra SD/MMC: 0, Tegra SD/MMC: 1
In:    serial
Out:   serial
Err:   serial
Net:   Net Initialization Skipped
No ethernet found.
Hit any key to stop autoboot:  2  0 
Tegra30 (Beaver) # 
Tegra30 (Beaver) # usb reset
(Re)start USB...
USB0:   USB EHCI 1.00
scanning bus 0 for devices... 2 USB Device(s) found
       scanning usb for storage devices... 0 Storage Device(s) found
       scanning usb for ethernet devices... 
Warning: asx0 using MAC address from net device
1 Ethernet Device(s) found
Tegra30 (Beaver) # setenv bootargs 'ignore_loglevel console=ttyS0,115200n8 rw root=PARTUUID=edbe1840-3633-c751-7993-b0ac834f81e0 rootwait gpt debug noinitrd earlyprintk init=/bin/bash'
Tegra30 (Beaver) # setenv ipaddr 192.168.100.101; setenv serverip 192.168.100.1; setenv tftpserverip 192.168.100.1
Tegra30 (Beaver) # tftpboot 0x81000000 zImage.multi_v7_defconfig
Using asx0 device
TFTP from server 192.168.100.1; our IP address is 192.168.100.101
Filename 'zImage.multi_v7_defconfig'.
Load address: 0x81000000
Loading: *#################################################################
	 #################################################################
	 #################################################################
	 #################################################################
	 #################################################################
	 #################################################################
	 #################################################################
	 #################################################################
	 ####################################
	 2.8 MiB/s
done
Bytes transferred = 8159752 (7c8208 hex)
Tegra30 (Beaver) # tftpboot 0x82000000 tegra30-beaver.dtb
Using asx0 device
TFTP from server 192.168.100.1; our IP address is 192.168.100.101
Filename 'tegra30-beaver.dtb'.
Load address: 0x82000000
Loading: *####
	 2.9 MiB/s
done
Bytes transferred = 51860 (ca94 hex)
Tegra30 (Beaver) # bootz 0x81000000 - 0x82000000
Kernel image @ 0x81000000 [ 0x000000 - 0x7c8200 ]
## Flattened Device Tree blob at 82000000
   Booting using the fdt blob at 0x82000000
   Loading Device Tree to 8fff0000, end 8ffffa93 ... OK

Starting kernel ...

[    0.000000] Booting Linux on physical CPU 0x0
[    0.000000] Linux version 4.13.0-next-20170908-199620-gda52d78 (jonathanh@sellafield) (gcc version 4.7.3 20130328 (prerelease) (crosstool-NG linaro-1.13.1-4.7-2013.04-20130415 - Linaro GCC 2013.04)) #1 SMP Mon Sep 11 15:05:03 PDT 2017
[    0.000000] CPU: ARMv7 Processor [412fc099] revision 9 (ARMv7), cr=10c5387d
[    0.000000] CPU: PIPT / VIPT nonaliasing data cache, VIPT aliasing instruction cache
[    0.000000] OF: fdt: Machine model: NVIDIA Tegra30 Beaver evaluation board
[    0.000000] debug: ignoring loglevel setting.
[    0.000000] Memory policy: Data cache writealloc
[    0.000000] efi: Getting EFI parameters from FDT:
[    0.000000] efi: UEFI not found.
[    0.000000] cma: Reserved 64 MiB at 0xfb800000
[    0.000000] On node 0 totalpages: 524032
[    0.000000] free_area_init_node: node 0, pgdat c158e5c0, node_mem_map eeff8000
[    0.000000]   DMA zone: 1536 pages used for memmap
[    0.000000]   DMA zone: 0 pages reserved
[    0.000000]   DMA zone: 196608 pages, LIFO batch:31
[    0.000000]   HighMem zone: 327424 pages, LIFO batch:31
[    0.000000] random: fast init done
[    0.000000] percpu: Embedded 17 pages/cpu @eef88000 s39424 r8192 d22016 u69632
[    0.000000] pcpu-alloc: s39424 r8192 d22016 u69632 alloc=17*4096
[    0.000000] pcpu-alloc: [0] 0 [0] 1 [0] 2 [0] 3 
[    0.000000] Built 1 zonelists, mobility grouping on.  Total pages: 522496
[    0.000000] Kernel command line: ignore_loglevel console=ttyS0,115200n8 rw root=PARTUUID=edbe1840-3633-c751-7993-b0ac834f81e0 rootwait gpt debug noinitrd earlyprintk init=/bin/bash
[    0.000000] PID hash table entries: 4096 (order: 2, 16384 bytes)
[    0.000000] Dentry cache hash table entries: 131072 (order: 7, 524288 bytes)
[    0.000000] Inode-cache hash table entries: 65536 (order: 6, 262144 bytes)
[    0.000000] Memory: 1993400K/2096128K available (10240K kernel code, 1626K rwdata, 4508K rodata, 2048K init, 405K bss, 37192K reserved, 65536K cma-reserved, 1244160K highmem)
[    0.000000] Virtual kernel memory layout:
[    0.000000]     vector  : 0xffff0000 - 0xffff1000   (   4 kB)
[    0.000000]     fixmap  : 0xffc00000 - 0xfff00000   (3072 kB)
[    0.000000]     vmalloc : 0xf0800000 - 0xff800000   ( 240 MB)
[    0.000000]     lowmem  : 0xc0000000 - 0xf0000000   ( 768 MB)
[    0.000000]     pkmap   : 0xbfe00000 - 0xc0000000   (   2 MB)
[    0.000000]     modules : 0xbf000000 - 0xbfe00000   (  14 MB)
[    0.000000]       .text : 0xc0208000 - 0xc0d00000   (11232 kB)
[    0.000000]       .init : 0xc1200000 - 0xc1400000   (2048 kB)
[    0.000000]       .data : 0xc1400000 - 0xc1596910   (1627 kB)
[    0.000000]        .bss : 0xc159fbc0 - 0xc160537c   ( 406 kB)
[    0.000000] SLUB: HWalign=64, Order=0-3, MinObjects=0, CPUs=4, Nodes=1
[    0.000000] Hierarchical RCU implementation.
[    0.000000] 	RCU event tracing is enabled.
[    0.000000] 	RCU restricting CPUs from NR_CPUS=16 to nr_cpu_ids=4.
[    0.000000] RCU: Adjusting geometry for rcu_fanout_leaf=16, nr_cpu_ids=4
[    0.000000] NR_IRQS: 16, nr_irqs: 16, preallocated irqs: 16
[    0.000000] /interrupt-controller@60004000: 160 interrupts forwarded to /interrupt-controller@50041000
[    0.000000] L2C: platform modifies aux control register: 0x02080000 -> 0x3e480001
[    0.000000] L2C: DT/platform modifies aux control register: 0x02080000 -> 0x3e480001
[    0.000000] L2C-310 erratum 769419 enabled
[    0.000000] L2C-310 enabling early BRESP for Cortex-A9
[    0.000000] L2C-310: enabling full line of zeros but not enabled in Cortex-A9
[    0.000000] L2C-310 dynamic clock gating enabled, standby mode enabled
[    0.000000] L2C-310 cache controller enabled, 8 ways, 1024 kB
[    0.000000] L2C-310: CACHE_ID 0x410000c7, AUX_CTRL 0x4e480001
[    0.000013] sched_clock: 32 bits at 1000kHz, resolution 1000ns, wraps every 2147483647500ns
[    0.000031] clocksource: timer_us: mask: 0xffffffff max_cycles: 0xffffffff, max_idle_ns: 1911260446275 ns
[    0.000040] Switching to timer-based delay loop, resolution 1000ns
[    0.002862] Console: colour dummy device 80x30
[    0.002893] Calibrating delay loop (skipped), value calculated using timer frequency.. 2.00 BogoMIPS (lpj=10000)
[    0.002903] pid_max: default: 32768 minimum: 301
[    0.002985] Mount-cache hash table entries: 2048 (order: 1, 8192 bytes)
[    0.002994] Mountpoint-cache hash table entries: 2048 (order: 1, 8192 bytes)
[    0.003397] CPU: Testing write buffer coherency: ok
[    0.003704] CPU0: thread -1, cpu 0, socket 0, mpidr 80000000
[    0.003932] Setting up static identity map for 0x80300000 - 0x803000a0
[    0.005256] Hierarchical SRCU implementation.
[    0.006576] Tegra Revision: A03 SKU: 128 CPU Process: 4 SoC Process: 0
[    0.007132] EFI services will not be available.
[    0.007233] smp: Bringing up secondary CPUs ...
[    0.010376] CPU1: thread -1, cpu 1, socket 0, mpidr 80000001
[    0.020354] CPU2: thread -1, cpu 2, socket 0, mpidr 80000002
[    0.030334] CPU3: thread -1, cpu 3, socket 0, mpidr 80000003
[    0.030388] smp: Brought up 1 node, 4 CPUs
[    0.030401] SMP: Total of 4 processors activated (8.00 BogoMIPS).
[    0.030406] CPU: All CPU(s) started in SVC mode.
[    0.031116] devtmpfs: initialized
[    0.041500] Built 1 zonelists, mobility grouping on.  Total pages: 514734
[    0.041896] VFP support v0.3: implementor 41 architecture 3 part 30 variant 9 rev 4
[    0.042543] clocksource: jiffies: mask: 0xffffffff max_cycles: 0xffffffff, max_idle_ns: 19112604462750000 ns
[    0.042567] futex hash table entries: 1024 (order: 4, 65536 bytes)
[    0.042791] pinctrl core: initialized pinctrl subsystem
[    0.043952] DMI not present or invalid.
[    0.044185] NET: Registered protocol family 16
[    0.046851] DMA: preallocated 256 KiB pool for atomic coherent allocations
[    0.048651] cpuidle: using governor menu
[    0.062157] No ATAGs?
[    0.062258] hw-breakpoint: found 5 (+1 reserved) breakpoint and 1 watchpoint registers.
[    0.062269] hw-breakpoint: maximum watchpoint size is 4 bytes.
[    0.066510] Serial: AMBA PL011 UART driver
[    0.066990] tegra-mc 7000f000.memory-controller: no memory timings for RAM code 3 registered
[    0.067096] iommu: Adding device reg-dummy to group 0
[    0.067131] iommu: Adding device 3000.pcie to group 1
[    0.067151] iommu: Adding device 50000000.host1x to group 2
[    0.067170] iommu: Adding device 54040000.mpe to group 3
[    0.067189] iommu: Adding device 54080000.vi to group 4
[    0.067208] iommu: Adding device 540c0000.epp to group 5
[    0.067227] iommu: Adding device 54100000.isp to group 6
[    0.067244] iommu: Adding device 54140000.gr2d to group 7
[    0.067262] iommu: Adding device 54180000.gr3d to group 8
[    0.067333] iommu: Adding device 54200000.dc to group 9
[    0.067383] iommu: Adding device 54240000.dc to group 10
[    0.067403] iommu: Adding device 54280000.hdmi to group 11
[    0.067422] iommu: Adding device 50040600.timer to group 12
[    0.067440] iommu: Adding device 50043000.cache-controller to group 13
[    0.067458] iommu: Adding device 60005000.timer to group 14
[    0.067476] iommu: Adding device 60007000.flow-controller to group 15
[    0.067493] iommu: Adding device 6000a000.dma to group 16
[    0.067515] iommu: Adding device 6000c000.ahb to group 17
[    0.067535] iommu: Adding device 6000d000.gpio to group 18
[    0.067551] iommu: Adding device 70000800.apbmisc to group 19
[    0.067576] iommu: Adding device 70000868.pinmux to group 20
[    0.067594] iommu: Adding device 70006000.serial to group 21
[    0.067611] iommu: Adding device 7000e000.rtc to group 22
[    0.067631] iommu: Adding device 7000c000.i2c to group 23
[    0.067648] iommu: Adding device 7000c400.i2c to group 24
[    0.067670] iommu: Adding device 7000c500.i2c to group 25
[    0.067690] iommu: Adding device 7000c700.i2c to group 26
[    0.067709] iommu: Adding device 7000d000.i2c to group 27
[    0.067727] iommu: Adding device 7000da00.spi to group 28
[    0.067745] iommu: Adding device 7000e400.pmc to group 29
[    0.067764] iommu: Adding device 7000f000.memory-controller to group 30
[    0.067789] iommu: Adding device 7000f800.fuse to group 31
[    0.067813] iommu: Adding device 70080000.ahub to group 32
[    0.067831] iommu: Adding device 78000000.sdhci to group 33
[    0.067855] iommu: Adding device 78000600.sdhci to group 34
[    0.067873] iommu: Adding device 7d000000.usb to group 35
[    0.067892] iommu: Adding device 7d000000.usb-phy to group 36
[    0.067909] iommu: Adding device 7d004000.usb to group 37
[    0.067930] iommu: Adding device 7d004000.usb-phy to group 38
[    0.067947] iommu: Adding device 7d008000.usb to group 39
[    0.067966] iommu: Adding device 7d008000.usb-phy to group 40
[    0.067982] iommu: Adding device pmu to group 41
[    0.068010] iommu: Adding device clocks to group 42
[    0.068028] iommu: Adding device gpio-leds to group 43
[    0.068045] iommu: Adding device regulators to group 44
[    0.068063] iommu: Adding device regulators:regulator@0 to group 45
[    0.068081] iommu: Adding device regulators:regulator@1 to group 46
[    0.068099] iommu: Adding device regulators:regulator@2 to group 47
[    0.068117] iommu: Adding device regulators:regulator@3 to group 48
[    0.068134] iommu: Adding device regulators:regulator@4 to group 49
[    0.068151] iommu: Adding device regulators:regulator@5 to group 50
[    0.068174] iommu: Adding device regulators:regulator@6 to group 51
[    0.068199] iommu: Adding device regulators:regulator@7 to group 52
[    0.068218] iommu: Adding device regulators:regulator@8 to group 53
[    0.068236] iommu: Adding device sound to group 54
[    0.076677] AT91: Could not find identification node
[    0.077188] vdd_5v_sata: Failed to request enable GPIO30: -517
[    0.077203] reg-fixed-voltage regulators:regulator@3: Failed to register regulator: -517
[    0.077255] usb1_vbus: Failed to request enable GPIO238: -517
[    0.077262] reg-fixed-voltage regulators:regulator@4: Failed to register regulator: -517
[    0.077311] usb3_vbus: Failed to request enable GPIO236: -517
[    0.077319] reg-fixed-voltage regulators:regulator@5: Failed to register regulator: -517
[    0.077420] sys_3v3_pexs: Failed to request enable GPIO95: -517
[    0.077427] reg-fixed-voltage regulators:regulator@7: Failed to register regulator: -517
[    0.079230] vgaarb: loaded
[    0.079695] SCSI subsystem initialized
[    0.079834] libata version 3.00 loaded.
[    0.080011] usbcore: registered new interface driver usbfs
[    0.080049] usbcore: registered new interface driver hub
[    0.080086] usbcore: registered new device driver usb
[    0.084418] iommu: Adding device tps65910-gpio to group 55
[    0.084699] iommu: Adding device tps65910-pmic to group 56
[    0.087175] vrtc: supplied by vdd_5v_in
[    0.090457] vio: supplied by vdd_5v_in
[    0.101809] vdd1: supplied by vdd_5v_in
[    0.103167] vddio_ddr_1v2: Bringing 600000uV into 1200000-1200000uV
[    0.111862] vdd2: supplied by vdd_5v_in
[    0.131805] ldo1: supplied by vdd_1v5_gen
[    0.134178] ldo2: supplied by vdd_1v5_gen
[    0.134649] vdd_sata,avdd_plle: Bringing 1200000uV into 1050000-1050000uV
[    0.136867] ldo3: supplied by vdd_5v_in
[    0.139207] ldo4: supplied by vdd_5v_in
[    0.141800] ldo5: supplied by vdd_5v_in
[    0.151807] ldo6: supplied by vdd_1v8_gen
[    0.152277] avdd_dsi_csi,pwrdet_mipi: Bringing 1000000uV into 1200000-1200000uV
[    0.154508] ldo7: supplied by vdd_1v8_gen
[    0.161808] ldo8: supplied by vdd_1v8_gen
[    0.170079] iommu: Adding device tps65910-rtc to group 57
[    0.170190] iommu: Adding device tps65910-power to group 58
[    0.171967] pps_core: LinuxPPS API ver. 1 registered
[    0.171974] pps_core: Software ver. 5.3.6 - Copyright 2005-2007 Rodolfo Giometti <giometti@linux.it>
[    0.171990] PTP clock support registered
[    0.172126] EDAC MC: Ver: 3.0.0
[    0.172319] dmi: Firmware registration failed.
[    0.173642] clocksource: Switched to clocksource timer_us
[    0.205672] NET: Registered protocol family 2
[    0.206083] TCP established hash table entries: 8192 (order: 3, 32768 bytes)
[    0.206139] TCP bind hash table entries: 8192 (order: 4, 65536 bytes)
[    0.206223] TCP: Hash tables configured (established 8192 bind 8192)
[    0.206366] UDP hash table entries: 512 (order: 2, 16384 bytes)
[    0.206434] UDP-Lite hash table entries: 512 (order: 2, 16384 bytes)
[    0.206602] NET: Registered protocol family 1
[    0.206937] RPC: Registered named UNIX socket transport module.
[    0.206945] RPC: Registered udp transport module.
[    0.206949] RPC: Registered tcp transport module.
[    0.206953] RPC: Registered tcp NFSv4.1 backchannel transport module.
[    0.206962] PCI: CLS 0 bytes, default 64
[    0.207809] hw perfevents: no interrupt-affinity property for /pmu, guessing.
[    0.208035] hw perfevents: enabled with armv7_cortex_a9 PMU driver, 7 counters available
[    0.208525] iommu: Adding device alarmtimer to group 59
[    0.209218] workingset: timestamp_bits=30 max_order=19 bucket_order=0
[    0.212577] squashfs: version 4.0 (2009/01/31) Phillip Lougher
[    0.212972] NFS: Registering the id_resolver key type
[    0.213003] Key type id_resolver registered
[    0.213008] Key type id_legacy registered
[    0.213039] ntfs: driver 2.1.32 [Flags: R/O].
[    0.214027] bounce: pool size: 64 pages
[    0.214074] Block layer SCSI generic (bsg) driver version 0.4 loaded (major 248)
[    0.214082] io scheduler noop registered
[    0.214087] io scheduler deadline registered
[    0.214243] io scheduler cfq registered (default)
[    0.214249] io scheduler mq-deadline registered
[    0.214254] io scheduler kyber registered
[    0.220554] tegra30-pinctrl 70000868.pinmux: invalid group "sdmmc3_dat6_pd3" for function "rsvd1"
[    0.220570] tegra30-pinctrl 70000868.pinmux: invalid group "sdmmc3_dat7_pd4" for function "rsvd1"
[    0.220584] tegra30-pinctrl 70000868.pinmux: invalid group "vi_vsync_pd6" for function "rsvd1"
[    0.220593] tegra30-pinctrl 70000868.pinmux: invalid group "vi_hsync_pd7" for function "rsvd1"
[    0.221026] tegra30-pinctrl 70000868.pinmux: invalid group "hdmi_int_pn7" for function "rsvd1"
[    0.221069] tegra30-pinctrl 70000868.pinmux: invalid group "ulpi_data3_po4" for function "rsvd1"
[    0.221391] tegra30-pinctrl 70000868.pinmux: invalid group "vi_d10_pt2" for function "rsvd1"
[    0.221403] tegra30-pinctrl 70000868.pinmux: invalid group "vi_d11_pt3" for function "rsvd1"
[    0.221415] tegra30-pinctrl 70000868.pinmux: invalid group "vi_d0_pt4" for function "rsvd1"
[    0.221455] tegra30-pinctrl 70000868.pinmux: invalid group "pu0" for function "rsvd1"
[    0.221484] tegra30-pinctrl 70000868.pinmux: invalid group "pu3" for function "rsvd1"
[    0.221513] tegra30-pinctrl 70000868.pinmux: invalid group "pu6" for function "rsvd1"
[    0.221552] tegra30-pinctrl 70000868.pinmux: invalid group "pv3" for function "rsvd1"
[    0.222019] tegra30-pinctrl 70000868.pinmux: invalid group "pbb0" for function "rsvd1"
[    0.222129] tegra30-pinctrl 70000868.pinmux: invalid group "pcc1" for function "rsvd1"
[    0.227434] tegra-pcie 3000.pcie: 2x3 configuration
[    0.227605] tegra-pcie 3000.pcie: Failed to get supply 'hvdd-pex': -517
[    0.233287] tegra-apbdma 6000a000.dma: Tegra20 APB DMA driver register 32 channels
[    0.235324] tegra-pmc 7000e400.pmc: i2c-thermtrip node not found, emergency thermal reset disabled.
[    0.264056] Serial: 8250/16550 driver, 4 ports, IRQ sharing disabled
[    0.264144] iommu: Adding device serial8250 to group 60
[    0.266170] console [ttyS0] disabled
[    0.266208] 70006000.serial: ttyS0 at MMIO 0x70006000 (irq = 331, base_baud = 25500000) is a Tegra
[    1.646979] console [ttyS0] enabled
[    1.651002] SuperH (H)SCI(F) driver initialized
[    1.656146] msm_serial: driver initialized
[    1.660342] STMicroelectronics ASC driver initialized
[    1.669358] tegra-hdmi 54280000.hdmi: failed to get HDMI regulator
[    1.682278] brd: module loaded
[    1.690669] loop: module loaded
[    1.699598] m25p80 spi0.1: w25q32 (4096 Kbytes)
[    1.705403] iommu: Adding device Fixed MDIO bus.0 to group 61
[    1.711553] libphy: Fixed MDIO Bus: probed
[    1.716291] CAN device driver interface
[    1.720673] bgmac_bcma: Broadcom 47xx GBit MAC driver loaded
[    1.727081] e1000e: Intel(R) PRO/1000 Network Driver - 3.2.6-k
[    1.732897] e1000e: Copyright(c) 1999 - 2015 Intel Corporation.
[    1.738845] igb: Intel(R) Gigabit Ethernet Network Driver - version 5.4.0-k
[    1.745796] igb: Copyright (c) 2007-2014 Intel Corporation.
[    1.753417] pegasus: v0.9.3 (2013/04/25), Pegasus/Pegasus II USB Ethernet driver
[    1.760859] usbcore: registered new interface driver pegasus
[    1.766535] usbcore: registered new interface driver asix
[    1.771936] usbcore: registered new interface driver ax88179_178a
[    1.778041] usbcore: registered new interface driver cdc_ether
[    1.783897] usbcore: registered new interface driver smsc75xx
[    1.789652] usbcore: registered new interface driver smsc95xx
[    1.795410] usbcore: registered new interface driver net1080
[    1.801070] usbcore: registered new interface driver cdc_subset
[    1.807002] usbcore: registered new interface driver zaurus
[    1.812589] usbcore: registered new interface driver cdc_ncm
[    1.818438] tegra-phy 7d000000.usb-phy: no vbus regulator
[    1.826196] ehci_hcd: USB 2.0 'Enhanced' Host Controller (EHCI) Driver
[    1.832707] ehci-pci: EHCI PCI platform driver
[    1.837177] ehci-platform: EHCI generic platform driver
[    1.842508] ehci-orion: EHCI orion driver
[    1.846607] SPEAr-ehci: EHCI SPEAr driver
[    1.850681] ehci-st: EHCI STMicroelectronics driver
[    1.855633] ehci-exynos: EHCI EXYNOS driver
[    1.859890] ehci-atmel: EHCI Atmel driver
[    1.863971] tegra-ehci: Tegra EHCI driver
[    1.868275] ohci_hcd: USB 1.1 'Open' Host Controller (OHCI) Driver
[    1.874463] ohci-pci: OHCI PCI platform driver
[    1.878922] ohci-platform: OHCI generic platform driver
[    1.884259] SPEAr-ohci: OHCI SPEAr driver
[    1.888334] ohci-st: OHCI STMicroelectronics driver
[    1.893272] ohci-atmel: OHCI Atmel driver
[    1.897713] usbcore: registered new interface driver usb-storage
[    1.905983] utmi_phy_clk_enable: timeout waiting for phy to stabilize
[    1.912481] iommu: Adding device ci_hdrc.0 to group 62
[    1.923129] tegra_rtc 7000e000.rtc: rtc core: registered 7000e000.rtc as rtc1
[    1.930295] tegra_rtc 7000e000.rtc: Tegra internal Real Time Clock
[    1.949039] tps65910-rtc tps65910-rtc: rtc core: registered tps65910-rtc as rtc0
[    1.956631] i2c /dev entries driver
[    1.962309] IR NEC protocol handler initialized
[    1.966842] IR RC5(x/sz) protocol handler initialized
[    1.971878] IR RC6 protocol handler initialized
[    1.976402] IR JVC protocol handler initialized
[    1.980918] IR Sony protocol handler initialized
[    1.985527] IR SANYO protocol handler initialized
[    1.990216] IR Sharp protocol handler initialized
[    1.994911] IR MCE Keyboard/mouse protocol handler initialized
[    2.000726] IR XMP protocol handler initialized
[    2.011316] sdhci: Secure Digital Host Controller Interface driver
[    2.017502] sdhci: Copyright(c) Pierre Ossman
[    2.022770] Synopsys Designware Multimedia Card Interface Driver
[    2.029528] sdhci-pltfm: SDHCI platform and OF driver helper
[    2.035711] sdhci-tegra 78000000.sdhci: Got CD GPIO
[    2.040584] sdhci-tegra 78000000.sdhci: Got WP GPIO
[    2.053760] mmc0: Invalid maximum block size, assuming 512 bytes
[    2.123738] mmc0: SDHCI controller on 78000000.sdhci [78000000.sdhci] using ADMA
[    2.140137] mmc1: Invalid maximum block size, assuming 512 bytes
[    2.203662] mmc1: SDHCI controller on 78000600.sdhci [78000600.sdhci] using ADMA
[    2.212548] ledtrig-cpu: registered to indicate activity on CPUs
[    2.218827] usbcore: registered new interface driver usbhid
[    2.224398] usbhid: USB HID core driver
[    2.230732] NET: Registered protocol family 10
[    2.235890] Segment Routing with IPv6
[    2.239587] sit: IPv6, IPv4 and MPLS over IPv4 tunneling driver
[    2.245895] NET: Registered protocol family 17
[    2.250333] can: controller area network core (rev 20170425 abi 9)
[    2.256557] NET: Registered protocol family 29
[    2.260987] can: raw protocol (rev 20170425)
[    2.265260] can: broadcast manager protocol (rev 20170425 t)
[    2.270908] can: netlink gateway (rev 20170425) max_hops=1
[    2.276673] Key type dns_resolver registered
[    2.281319] ThumbEE CPU extension supported.
[    2.285603] Registering SWP/SWPB emulation handler
[    2.300987] vdd_ddr: supplied by vdd_5v_in
[    2.305930] vdd_5v_sata: supplied by vdd_5v_in
[    2.310710] usb1_vbus: supplied by vdd_5v_in
[    2.315300] usb3_vbus: supplied by vdd_5v_in
[    2.320803] sys_3v3,vdd_3v3_alw: supplied by vdd_5v_in
[    2.326741] sys_3v3_pexs: supplied by sys_3v3,vdd_3v3_alw
[    2.332243] +VDD_5V_HDMI: supplied by sys_3v3,vdd_3v3_alw
[    2.337332] mmc1: new high speed MMC card at address 0001
[    2.338117] mmcblk1: mmc1:0001 SEM16G 14.8 GiB 
[    2.339017] mmcblk1boot0: mmc1:0001 SEM16G partition 1 1.00 MiB
[    2.339579] mmcblk1boot1: mmc1:0001 SEM16G partition 2 1.00 MiB
[    2.340477] mmcblk1rpmb: mmc1:0001 SEM16G partition 3 128 KiB
[    2.341285] mmc0: new ultra high speed DDR50 SDHC card at address aaaa
[    2.341907] mmcblk0: mmc0:aaaa SS04G 3.69 GiB 
[    2.353181] Primary GPT is invalid, using alternate GPT.
[    2.353197]  mmcblk1: p1 p2 p3 p4 p5
[    2.369305]  mmcblk0: p1 p2 p3
[    2.388806] tegra-pcie 3000.pcie: 2x3 configuration
[    2.397319] tegra-pcie 3000.pcie: probing port 0, using 2 lanes
[    2.461504] tegra-pcie 3000.pcie: probing port 2, using 2 lanes
[    2.871256] tegra-pcie 3000.pcie: link 2 down, retrying
[    3.280289] tegra-pcie 3000.pcie: link 2 down, retrying
[