
U-Boot SPL 2015.04-rc3-00209-ga74ef40 (Mar 16 2015 - 14:43:39)


U-Boot 2015.04-rc3-00209-ga74ef40 (Mar 16 2015 - 14:43:39)

TEGRA20
Model: Compulab TrimSlice board
DRAM:  1 GiB
MMC:   Tegra SD/MMC: 0, Tegra SD/MMC: 1
SF: Detected W25Q80BL with page size 256 Bytes, erase size 4 KiB, total 1 MiB
tegra-pcie: PCI regions:
tegra-pcie:   I/O: 0x82000000-0x82010000
tegra-pcie:   non-prefetchable memory: 0xa0000000-0xa8000000
tegra-pcie:   prefetchable memory: 0xa8000000-0xc0000000
tegra-pcie: dual-mode configuration
tegra-pcie: probing port 0, using 2 lanes
In:    serial
Out:   serial
Err:   serial
Net:   RTL8169#0
Hit any key to stop autoboot:  2  1  0 
Tegra20 (TrimSlice) # 
Tegra20 (TrimSlice) # usb reset
resetting USB...
USB0:   USB EHCI 1.00
scanning bus 0 for devices... 3 USB Device(s) found
USB1:   USB EHCI 1.00
scanning bus 1 for devices... 1 USB Device(s) found
USB2:   lowlevel init failed
       scanning usb for storage devices... 0 Storage Device(s) found
       scanning usb for ethernet devices... 
Warning: asx0 using MAC address from net device
1 Ethernet Device(s) found
Tegra20 (TrimSlice) # setenv bootargs 'ignore_loglevel console=ttyS0,115200n8 rw root=PARTUUID=11eb23c1-01 rootwait gpt debug noinitrd earlyprintk init=/bin/bash'
Tegra20 (TrimSlice) # setenv ipaddr 192.168.100.103; setenv serverip 192.168.100.1; setenv tftpserverip 192.168.100.1
Tegra20 (TrimSlice) # tftpboot 0x00408000 zImage.multi_v7_defconfig
Using RTL8169#0 device
TFTP from server 192.168.100.1; our IP address is 192.168.100.103
Filename 'zImage.multi_v7_defconfig'.
Load address: 0x408000
Loading: *#################################################################
	 #################################################################
	 #################################################################
	 #################################################################
	 #################################################################
	 #################################################################
	 #################################################################
	 #################
	 4.1 MiB/s
done
Bytes transferred = 6919032 (699378 hex)
Tegra20 (TrimSlice) # tftpboot 0x02408000 tegra20-trimslice.dtb
Using RTL8169#0 device
TFTP from server 192.168.100.1; our IP address is 192.168.100.103
Filename 'tegra20-trimslice.dtb'.
Load address: 0x2408000
Loading: *##
	 3.4 MiB/s
done
Bytes transferred = 21130 (528a hex)
Tegra20 (TrimSlice) # bootz 0x00408000 - 0x02408000
Kernel image @ 0x408000 [ 0x000000 - 0x699378 ]
## Flattened Device Tree blob at 02408000
   Booting using the fdt blob at 0x2408000
   Using Device Tree in place at 02408000, end 02410289

Starting kernel ...

[    0.000000] Booting Linux on physical CPU 0x0
[    0.000000] Linux version 4.6.0-83646-g2dcd0af (pwalmsley@sellafield) (gcc version 4.7.3 20130328 (prerelease) (crosstool-NG linaro-1.13.1-4.7-2013.04-20130415 - Linaro GCC 2013.04) ) #1 SMP Mon May 16 02:38:24 PDT 2016
[    0.000000] CPU: ARMv7 Processor [411fc090] revision 0 (ARMv7), cr=10c5387d
[    0.000000] CPU: PIPT / VIPT nonaliasing data cache, VIPT aliasing instruction cache
[    0.000000] Machine model: Compulab TrimSlice board
[    0.000000] debug: ignoring loglevel setting.
[    0.000000] cma: Reserved 64 MiB at 0x3c000000
[    0.000000] Memory policy: Data cache writealloc
[    0.000000] On node 0 totalpages: 262144
[    0.000000] free_area_init_node: node 0, pgdat c141b3c0, node_mem_map ef7f8000
[    0.000000]   DMA zone: 1536 pages used for memmap
[    0.000000]   DMA zone: 0 pages reserved
[    0.000000]   DMA zone: 196608 pages, LIFO batch:31
[    0.000000]   HighMem zone: 65536 pages, LIFO batch:15
[    0.000000] percpu: Embedded 12 pages/cpu @ef7cb000 s19776 r8192 d21184 u49152
[    0.000000] pcpu-alloc: s19776 r8192 d21184 u49152 alloc=12*4096
[    0.000000] pcpu-alloc: [0] 0 [0] 1 
[    0.000000] Built 1 zonelists in Zone order, mobility grouping on.  Total pages: 260608
[    0.000000] Kernel command line: ignore_loglevel console=ttyS0,115200n8 rw root=PARTUUID=11eb23c1-01 rootwait gpt debug noinitrd earlyprintk init=/bin/bash
[    0.000000] PID hash table entries: 4096 (order: 2, 16384 bytes)
[    0.000000] Dentry cache hash table entries: 131072 (order: 7, 524288 bytes)
[    0.000000] Inode-cache hash table entries: 65536 (order: 6, 262144 bytes)
[    0.000000] Memory: 955940K/1048576K available (9522K kernel code, 1141K rwdata, 4108K rodata, 2048K init, 341K bss, 27100K reserved, 65536K cma-reserved, 196608K highmem)
[    0.000000] Virtual kernel memory layout:
[    0.000000]     vector  : 0xffff0000 - 0xffff1000   (   4 kB)
[    0.000000]     fixmap  : 0xffc00000 - 0xfff00000   (3072 kB)
[    0.000000]     vmalloc : 0xf0800000 - 0xff800000   ( 240 MB)
[    0.000000]     lowmem  : 0xc0000000 - 0xf0000000   ( 768 MB)
[    0.000000]     pkmap   : 0xbfe00000 - 0xc0000000   (   2 MB)
[    0.000000]     modules : 0xbf000000 - 0xbfe00000   (  14 MB)
[    0.000000]       .text : 0xc0208000 - 0xc104fa34   (14623 kB)
[    0.000000]       .init : 0xc1100000 - 0xc1300000   (2048 kB)
[    0.000000]       .data : 0xc1300000 - 0xc141d400   (1141 kB)
[    0.000000]        .bss : 0xc141f000 - 0xc1474518   ( 342 kB)
[    0.000000] SLUB: HWalign=64, Order=0-3, MinObjects=0, CPUs=2, Nodes=1
[    0.000000] Hierarchical RCU implementation.
[    0.000000] 	Build-time adjustment of leaf fanout to 32.
[    0.000000] 	RCU restricting CPUs from NR_CPUS=16 to nr_cpu_ids=2.
[    0.000000] RCU: Adjusting geometry for rcu_fanout_leaf=32, nr_cpu_ids=2
[    0.000000] NR_IRQS:16 nr_irqs:16 16
[    0.000000] /interrupt-controller@60004000: 128 interrupts forwarded to /interrupt-controller@50041000
[    0.000000] L2C: platform modifies aux control register: 0x02080000 -> 0x3e480001
[    0.000000] L2C: DT/platform modifies aux control register: 0x02080000 -> 0x3e480001
[    0.000000] L2C-310 errata 727915 769419 enabled
[    0.000000] L2C-310 enabling early BRESP for Cortex-A9
[    0.000000] L2C-310: enabling full line of zeros but not enabled in Cortex-A9
[    0.000000] L2C-310 ID prefetch enabled, offset 1 lines
[    0.000000] L2C-310 cache controller enabled, 8 ways, 1024 kB
[    0.000000] L2C-310: CACHE_ID 0x410000c4, AUX_CTRL 0x7e480001
[    0.000009] sched_clock: 32 bits at 1000kHz, resolution 1000ns, wraps every 2147483647500ns
[    0.000026] clocksource: timer_us: mask: 0xffffffff max_cycles: 0xffffffff, max_idle_ns: 1911260446275 ns
[    0.000036] Switching to timer-based delay loop, resolution 1000ns
[    0.001583] Console: colour dummy device 80x30
[    0.001604] Calibrating delay loop (skipped), value calculated using timer frequency.. 2.00 BogoMIPS (lpj=5000)
[    0.001614] pid_max: default: 32768 minimum: 301
[    0.001687] Mount-cache hash table entries: 2048 (order: 1, 8192 bytes)
[    0.001696] Mountpoint-cache hash table entries: 2048 (order: 1, 8192 bytes)
[    0.002173] CPU: Testing write buffer coherency: ok
[    0.002353] CPU0: thread -1, cpu 0, socket 0, mpidr 80000000
[    0.002398] Setting up static identity map for 0x300000 - 0x300098
[    0.003784] Tegra Revision: A03 prime SKU: 8 CPU Process: 1 SoC Process: 2
[    0.004826] CPU1: thread -1, cpu 1, socket 0, mpidr 80000001
[    0.004890] Brought up 2 CPUs
[    0.004928] SMP: Total of 2 processors activated (4.00 BogoMIPS).
[    0.004934] CPU: All CPU(s) started in SVC mode.
[    0.005581] devtmpfs: initialized
[    0.009585] VFP support v0.3: implementor 41 architecture 3 part 30 variant 9 rev 1
[    0.009977] clocksource: jiffies: mask: 0xffffffff max_cycles: 0xffffffff, max_idle_ns: 9556302231375000 ns
[    0.013044] pinctrl core: initialized pinctrl subsystem
[    0.014339] NET: Registered protocol family 16
[    0.016461] DMA: preallocated 256 KiB pool for atomic coherent allocations
[    0.029921] cpuidle: using governor menu
[    0.040858] No ATAGs?
[    0.040884] hw-breakpoint: found 5 (+1 reserved) breakpoint and 1 watchpoint registers.
[    0.040892] hw-breakpoint: maximum watchpoint size is 4 bytes.
[    0.044459] Serial: AMBA PL011 UART driver
[    0.068496] usb1_vbus: Failed to request enable GPIO170: -517
[    0.068510] reg-fixed-voltage regulators:regulator@2: Failed to register regulator: -517
[    0.072354] vgaarb: loaded
[    0.073087] SCSI subsystem initialized
[    0.073212] libata version 3.00 loaded.
[    0.073423] usbcore: registered new interface driver usbfs
[    0.073469] usbcore: registered new interface driver hub
[    0.073508] usbcore: registered new device driver usb
[    0.075638] pps_core: LinuxPPS API ver. 1 registered
[    0.075646] pps_core: Software ver. 5.3.6 - Copyright 2005-2007 Rodolfo Giometti <giometti@linux.it>
[    0.075666] PTP clock support registered
[    0.075833] EDAC MC: Ver: 3.0.0
[    0.077717] clocksource: Switched to clocksource timer_us
[    0.085537] NET: Registered protocol family 2
[    0.085964] TCP established hash table entries: 8192 (order: 3, 32768 bytes)
[    0.086033] TCP bind hash table entries: 8192 (order: 4, 65536 bytes)
[    0.086147] TCP: Hash tables configured (established 8192 bind 8192)
[    0.086212] UDP hash table entries: 512 (order: 2, 16384 bytes)
[    0.086260] UDP-Lite hash table entries: 512 (order: 2, 16384 bytes)
[    0.086424] NET: Registered protocol family 1
[    0.086660] RPC: Registered named UNIX socket transport module.
[    0.086668] RPC: Registered udp transport module.
[    0.086673] RPC: Registered tcp transport module.
[    0.086678] RPC: Registered tcp NFSv4.1 backchannel transport module.
[    0.086696] PCI: CLS 0 bytes, default 64
[    0.087494] hw perfevents: enabled with armv7_cortex_a9 PMU driver, 7 counters available
[    0.088572] futex hash table entries: 512 (order: 3, 32768 bytes)
[    0.089183] workingset: timestamp_bits=28 max_order=18 bucket_order=0
[    0.096699] squashfs: version 4.0 (2009/01/31) Phillip Lougher
[    0.097290] NFS: Registering the id_resolver key type
[    0.097319] Key type id_resolver registered
[    0.097325] Key type id_legacy registered
[    0.097373] ntfs: driver 2.1.32 [Flags: R/O].
[    0.098378] bounce: pool size: 64 pages
[    0.098533] Block layer SCSI generic (bsg) driver version 0.4 loaded (major 248)
[    0.098546] io scheduler noop registered
[    0.098556] io scheduler deadline registered
[    0.098585] io scheduler cfq registered (default)
[    0.109735] tegra-pcie 80003000.pcie-controller: dual-mode configuration
[    0.110313] tegra-pcie 80003000.pcie-controller: probing port 0, using 2 lanes
[    0.193922] tegra-pcie 80003000.pcie-controller: PCI host bridge to bus 0000:00
[    0.193935] pci_bus 0000:00: root bus resource [io  0x0000-0xffff]
[    0.193944] pci_bus 0000:00: root bus resource [mem 0xa0000000-0xa7ffffff]
[    0.193952] pci_bus 0000:00: root bus resource [mem 0xa8000000-0xbfffffff pref]
[    0.193960] pci_bus 0000:00: root bus resource [bus 00-ff]
[    0.193992] pci 0000:00:01.0: [10de:0bf0] type 01 class 0x060000
[    0.194050] pci 0000:00:01.0: PME# supported from D0 D1 D2 D3hot D3cold
[    0.194239] PCI: bus0: Fast back to back transfers disabled
[    0.194249] pci 0000:00:01.0: bridge configuration invalid ([bus 00-00]), reconfiguring
[    0.194374] pci 0000:01:00.0: [10ec:8168] type 00 class 0x020000
[    0.194397] pci 0000:01:00.0: reg 0x10: [io  0x0000-0x00ff]
[    0.194419] pci 0000:01:00.0: reg 0x18: [mem 0x00000000-0x00000fff 64bit pref]
[    0.194435] pci 0000:01:00.0: reg 0x20: [mem 0x00000000-0x00003fff 64bit pref]
[    0.194448] pci 0000:01:00.0: reg 0x30: [mem 0x00000000-0x0001ffff pref]
[    0.194523] pci 0000:01:00.0: supports D1 D2
[    0.194531] pci 0000:01:00.0: PME# supported from D0 D1 D2 D3hot D3cold
[    0.202749] PCI: bus1: Fast back to back transfers disabled
[    0.202762] pci_bus 0000:01: busn_res: [bus 01-ff] end is updated to 01
[    0.202774] Disabling cpuidle LP2 state, since PCIe IRQs are in use
[    0.202827] pci 0000:00:01.0: BAR 8: assigned [mem 0xa0000000-0xa00fffff]
[    0.202839] pci 0000:00:01.0: BAR 9: assigned [mem 0xa8000000-0xa80fffff 64bit pref]
[    0.202848] pci 0000:00:01.0: BAR 7: assigned [io  0x1000-0x1fff]
[    0.202860] pci 0000:01:00.0: BAR 6: assigned [mem 0xa0000000-0xa001ffff pref]
[    0.202870] pci 0000:01:00.0: BAR 4: assigned [mem 0xa8000000-0xa8003fff 64bit pref]
[    0.202887] pci 0000:01:00.0: BAR 2: assigned [mem 0xa8004000-0xa8004fff 64bit pref]
[    0.202903] pci 0000:01:00.0: BAR 0: assigned [io  0x1000-0x10ff]
[    0.202914] pci 0000:00:01.0: PCI bridge to [bus 01]
[    0.202922] pci 0000:00:01.0:   bridge window [io  0x1000-0x1fff]
[    0.202930] pci 0000:00:01.0:   bridge window [mem 0xa0000000-0xa00fffff]
[    0.202939] pci 0000:00:01.0:   bridge window [mem 0xa8000000-0xa80fffff 64bit pref]
[    0.202959] pci 0000:00:01.0: nv_msi_ht_cap_quirk didn't locate host bridge
[    0.203025] pcieport 0000:00:01.0: enabling device (0140 -> 0143)
[    0.203173] pcieport 0000:00:01.0: Signaling PME through PCIe PME interrupt
[    0.203182] pci 0000:01:00.0: Signaling PME through PCIe PME interrupt
[    0.203191] pcie_pme 0000:00:01.0:pcie01: service driver pcie_pme loaded
[    0.206990] tegra-apbdma 6000a000.dma: Tegra20 APB DMA driver register 16 channels
[    0.252176] Serial: 8250/16550 driver, 4 ports, IRQ sharing disabled
[    0.254530] console [ttyS0] disabled
[    0.254563] 70006000.serial: ttyS0 at MMIO 0x70006000 (irq = 279, base_baud = 13500000) is a Tegra
[    1.197823] console [ttyS0] enabled
[    1.201902] SuperH (H)SCI(F) driver initialized
[    1.207192] msm_serial: driver initialized
[    1.211443] STMicroelectronics ASC driver initialized
[    1.218261] [drm] Initialized drm 1.1.0 20060810
[    1.224972] 54280000.hdmi supply hdmi not found, using dummy regulator
[    1.234552] [drm] Supports vblank timestamp caching Rev 2 (21.10.2013).
[    1.241177] [drm] No driver support for vblank timestamp query.
[    1.247116] drm drm: No connectors reported connected with modes
[    1.253124] [drm] Cannot find any crtc or sizes - going 1024x768
[    1.275071] Console: switching to colour frame buffer device 128x48
[    1.289764] drm drm: fb0:  frame buffer device
[    1.307726] [drm] Initialized tegra 0.0.0 20120330 on minor 0
[    1.321954] brd: module loaded
[    1.329070] loop: module loaded
[    1.337702] m25p80 spi32766.0: found s25fl008k, expected w25q80bl
[    1.343863] m25p80 spi32766.0: s25fl008k (1024 Kbytes)
[    1.351326] libphy: Fixed MDIO Bus: probed
[    1.355952] CAN device driver interface
[    1.361303] igb: Intel(R) Gigabit Ethernet Network Driver - version 5.3.0-k
[    1.368263] igb: Copyright (c) 2007-2014 Intel Corporation.
[    1.374395] r8169 Gigabit Ethernet driver 2.3LK-NAPI loaded
[    1.379993] r8169 0000:01:00.0: enabling device (0140 -> 0143)
[    1.386577] r8169 0000:01:00.0 eth0: RTL8168d/8111d at 0xf0878000, 00:01:c0:13:7d:63, XID 081000c0 IRQ 296
[    1.396233] r8169 0000:01:00.0 eth0: jumbo features [frames: 9200 bytes, tx checksumming: ko]
[    1.406752] pegasus: v0.9.3 (2013/04/25), Pegasus/Pegasus II USB Ethernet driver
[    1.414210] usbcore: registered new interface driver pegasus
[    1.419915] usbcore: registered new interface driver asix
[    1.425349] usbcore: registered new interface driver ax88179_178a
[    1.431476] usbcore: registered new interface driver cdc_ether
[    1.437355] usbcore: registered new interface driver smsc75xx
[    1.443151] usbcore: registered new interface driver smsc95xx
[    1.448929] usbcore: registered new interface driver net1080
[    1.454634] usbcore: registered new interface driver cdc_subset
[    1.460588] usbcore: registered new interface driver zaurus
[    1.466227] usbcore: registered new interface driver cdc_ncm
[    1.472172] tegra-phy c5004000.usb-phy: no vbus regulator
[    1.478676] tegra-phy c5008000.usb-phy: no vbus regulator
[    1.485294] ehci_hcd: USB 2.0 'Enhanced' Host Controller (EHCI) Driver
[    1.491827] ehci-pci: EHCI PCI platform driver
[    1.496312] ehci-platform: EHCI generic platform driver
[    1.501700] ehci-omap: OMAP-EHCI Host Controller driver
[    1.507034] ehci-orion: EHCI orion driver
[    1.511153] SPEAr-ehci: EHCI SPEAr driver
[    1.515273] ehci-st: EHCI STMicroelectronics driver
[    1.520269] ehci-exynos: EHCI EXYNOS driver
[    1.524579] ehci-atmel: EHCI Atmel driver
[    1.528699] tegra-ehci: Tegra EHCI driver
[    1.553921] ulpi_phy_power_on: ulpi write failed
[    1.558543] tegra-ehci c5004000.usb: Failed to power on the phy
[    1.564472] tegra-ehci: probe of c5004000.usb failed with error -110
[    1.573459] tegra-ehci c5008000.usb: EHCI Host Controller
[    1.578873] tegra-ehci c5008000.usb: new USB bus registered, assigned bus number 1
[    1.586676] tegra-ehci c5008000.usb: irq 290, io mem 0xc5008000
[    1.597733] tegra-ehci c5008000.usb: USB 2.0 started, EHCI 1.00
[    1.604256] hub 1-0:1.0: USB hub found
[    1.608050] hub 1-0:1.0: 1 port detected
[    1.612280] ohci_hcd: USB 1.1 'Open' Host Controller (OHCI) Driver
[    1.618480] ohci-pci: OHCI PCI platform driver
[    1.622976] ohci-platform: OHCI generic platform driver
[    1.628363] ohci-omap3: OHCI OMAP3 driver
[    1.632470] SPEAr-ohci: OHCI SPEAr driver
[    1.636604] ohci-st: OHCI STMicroelectronics driver
[    1.641595] ohci-atmel: OHCI Atmel driver
[    1.646215] usbcore: registered new interface driver usb-storage
[    1.653533] mousedev: PS/2 mouse device common for all mice
[    1.661013] rtc-em3027 2-0056: rtc core: registered rtc-em3027 as rtc0
[    1.668750] tegra_rtc 7000e000.rtc: rtc core: registered 7000e000.rtc as rtc1
[    1.675916] tegra_rtc 7000e000.rtc: Tegra internal Real Time Clock
[    1.682532] i2c /dev entries driver
[    1.694351] sdhci: Secure Digital Host Controller Interface driver
[    1.700542] sdhci: Copyright(c) Pierre Ossman
[    1.706134] Synopsys Designware Multimedia Card Interface Driver
[    1.713037] sdhci-pltfm: SDHCI platform and OF driver helper
[    1.719545] mmc0: Invalid maximum block size, assuming 512 bytes
[    1.752735] mmc0: SDHCI controller on c8000000.sdhci [c8000000.sdhci] using ADMA
[    1.760230] sdhci-tegra c8000600.sdhci: Got CD GPIO
[    1.765121] sdhci-tegra c8000600.sdhci: Got WP GPIO
[    1.770156] mmc1: Invalid maximum block size, assuming 512 bytes
[    1.802803] mmc1: SDHCI controller on c8000600.sdhci [c8000600.sdhci] using ADMA
[    1.811574] ledtrig-cpu: registered to indicate activity on CPUs
[    1.817898] usbcore: registered new interface driver usbhid
[    1.823472] usbhid: USB HID core driver
[    1.831706] NET: Registered protocol family 10
[    1.836977] sit: IPv6 over IPv4 tunneling driver
[    1.842069] NET: Registered protocol family 17
[    1.846529] can: controller area network core (rev 20120528 abi 9)
[    1.852765] NET: Registered protocol family 29
[    1.857201] can: raw protocol (rev 20120528)
[    1.861479] can: broadcast manager protocol (rev 20120528 t)
[    1.867141] can: netlink gateway (rev 20130117) max_hops=1
[    1.872972] Key type dns_resolver registered
[    1.877594] ThumbEE CPU extension supported.
[    1.881885] Registering SWP/SWPB emulation handler
[    1.892020] utmi_phy_clk_enable: timeout waiting for phy to stabilize
[    1.898500] tegra-ehci c5000000.usb: EHCI Host Controller
[    1.903924] tegra-ehci c5000000.usb: new USB bus registered, assigned bus number 2
[    1.912976] tegra-ehci c5000000.usb: irq 288, io mem 0xc5000000
[    1.927738] usb 1-1: new high-speed USB device number 2 using tegra-ehci
[    1.937750] tegra-ehci c5000000.usb: USB 2.0 started, EHCI 1.00
[    1.944410] hub 2-0:1.0: USB hub found
[    1.948210] hub 2-0:1.0: 1 port detected
[    1.953079] input: gpio-keys as /devices/soc0/gpio-keys/input/input0
[    1.958038] mmc0: host does not support reading read-only switch, assuming write-enable
[    1.959847] mmc0: new high speed SDHC card at address b368
[    1.967584] mmcblk0: mmc0:b368 NCard 3.70 GiB 
[    1.977915] rtc-em3027 2-0056: hctosys: unable to read the hardware clock
[    1.979181]  mmcblk0: p1
[    1.991853] EXT4-fs (mmcblk0p1): mounting ext3 file system using the ext4 subsystem
[    2.001630] mmc1: new high speed SD card at address b368
[    2.007462] mmcblk1: mmc1:b368 NCard 1.83 GiB (ro)
[    2.015087]  mmcblk1: p1 p2
[    2.073859] hub 1-1:1.0: USB hub found
[    2.077695] hub 1-1:1.0: 4 ports detected
[    2.088369] EXT4-fs (mmcblk0p1): recovery complete
[    2.093182] EXT4-fs (mmcblk0p1): mounted filesystem with ordered data mode. Opts: (null)
[    2.101293] VFS: Mounted root (ext3 filesystem) on device 179:1.
[    2.110735] devtmpfs: mounted
[    2.115766] Freeing unused kernel memory: 2048K (c1100000 - c1300000)
bash: cannot set terminal process group (-1): Inappropriate ioctl for device
bash: no job control in this shell
[    2.367817] usb 1-1.2: new high-speed USB device number 3 using tegra-ehci
root@(none):/# mount -t sysfs none /sys
root@(none):/# 
root@(none):/# mount -t debugfs none /sys/kernel/debug
root@(none):/# 
root@(none):/# rtcwake -d rtc1 -m mem -s 3
rtcwake: assuming RTC uses UTC ...
rtcwake: wakeup from "mem" using /dev/rtc1 at Thu Jan  1 00:00:23 1970
[    7.945128] PM: Syncing filesystems ... done.
[    7.991707] Freezing user space processes ... (elapsed 0.001 seconds) done.
[    8.000166] Freezing remaining freezable tasks ... (elapsed 0.001 seconds) done.
[    8.009051] Suspending console(s) (use no_console_suspend to debug)
[    8.045213] PM: suspend of devices complete after 28.032 msecs
[    8.048824] PM: late suspend of devices complete after 3.580 msecs
[    8.063435] PM: noirq suspend of devices complete after 14.580 msecs
[    8.063446] Disabling non-boot CPUs ...
[    8.065357] CPU1: shutdown
[    8.090795] Entering suspend state LP1
[    8.090844] Enabling non-boot CPUs ...
[    8.116874] CPU1 is up
[    8.117754] pcieport 0000:00:01.0: nv_msi_ht_cap_quirk didn't locate host bridge
[    8.133010] PM: noirq resume of devices complete after 16.105 msecs
[    8.136444] PM: early resume of devices complete after 2.853 msecs
[    8.201285] PM: resume of devices complete after 64.810 msecs
[    8.265316] Restarting tasks ... done.
root@(none):/# 
root@(none):/# rtcwake -d rtc1 -m mem -s 3
rtcwake: assuming RTC uses UTC ...
rtcwake: wakeup from "mem" using /dev/rtc1 at Thu Jan  1 00:00:27 1970
[    8.893103] PM: Syncing filesystems ... done.
[    8.938511] Freezing user space processes ... (elapsed 0.001 seconds) done.
[    8.947038] Freezing remaining freezable tasks ... (elapsed 0.001 seconds) done.
[    8.956119] Suspending console(s) (use no_console_suspend to debug)
[    8.989459] PM: suspend of devices complete after 24.436 msecs
[    8.993205] PM: late suspend of devices complete after 3.715 msecs
[    9.008288] PM: noirq suspend of devices complete after 15.053 msecs
[    9.008299] Disabling non-boot CPUs ...
[    9.010248] CPU1: shutdown
[    9.035708] Entering suspend state LP1
[    9.035757] Enabling non-boot CPUs ...
[    9.061794] CPU1 is up
[    9.063019] pcieport 0000:00:01.0: nv_msi_ht_cap_quirk didn't locate host bridge
[    9.077967] PM: noirq resume of devices complete after 16.141 msecs
[    9.081668] PM: early resume of devices complete after 2.945 msecs
[    9.146182] PM: resume of devices complete after 64.483 msecs
[    9.210236] Restarting tasks ... done.
root@(none):/# 
root@(none):/# rtcwake -d rtc1 -m mem -s 3
rtcwake: assuming RTC uses UTC ...
rtcwake: wakeup from "mem" using /dev/rtc1 at Thu Jan  1 00:00:31 1970
[    9.837560] PM: Syncing filesystems ... done.
[    9.883155] Freezing user space processes ... (elapsed 0.001 seconds) done.
[    9.891689] Freezing remaining freezable tasks ... (elapsed 0.001 seconds) done.
[    9.900767] Suspending console(s) (use no_console_suspend to debug)
[    9.935355] PM: suspend of devices complete after 25.683 msecs
[    9.938900] PM: late suspend of devices complete after 3.513 msecs
[    9.953220] PM: noirq suspend of devices complete after 14.289 msecs
[    9.953230] Disabling non-boot CPUs ...
[    9.955031] CPU1: shutdown
[    9.980703] Entering suspend state LP1
[    9.980753] Enabling non-boot CPUs ...
[   10.006801] CPU1 is up
[   10.008148] pcieport 0000:00:01.0: nv_msi_ht_cap_quirk didn't locate host bridge
[   10.022879] PM: noirq resume of devices complete after 16.044 msecs
[   10.026623] PM: early resume of devices complete after 2.965 msecs
[   10.091018] PM: resume of devices complete after 64.363 msecs
[   10.155059] Restarting tasks ... done.
root@(none):/# 
root@(none):/# rtcwake -d rtc1 -m mem -s 3
rtcwake: assuming RTC uses UTC ...
rtcwake: wakeup from "mem" using /dev/rtc1 at Thu Jan  1 00:00:35 1970
[   10.780532] PM: Syncing filesystems ... done.
[   10.826002] Freezing user space processes ... (elapsed 0.001 seconds) done.
[   10.834609] Freezing remaining freezable tasks ... (elapsed 0.001 seconds) done.
[   10.843736] Suspending console(s) (use no_console_suspend to debug)
[   10.878974] PM: suspend of devices complete after 26.340 msecs
[   10.882835] PM: late suspend of devices complete after 3.829 msecs
[   10.898169] PM: noirq suspend of devices complete after 15.303 msecs
[   10.898180] Disabling non-boot CPUs ...
[   10.899976] CPU1: shutdown
[   10.925639] Entering suspend state LP1
[   10.925688] Enabling non-boot CPUs ...
[   10.951712] CPU1 is up
[   10.952449] pcieport 0000:00:01.0: nv_msi_ht_cap_quirk didn't locate host bridge
[   10.967798] PM: noirq resume of devices complete after 16.055 msecs
[   10.971485] PM: early resume of devices complete after 2.921 msecs
[   11.035947] PM: resume of devices complete after 64.430 msecs
[   11.100022] Restarting tasks ... done.
root@(none):/# 
root@(none):/# rtcwake -d rtc1 -m mem -s 3
rtcwake: assuming RTC uses UTC ...
rtcwake: wakeup from "mem" using /dev/rtc1 at Thu Jan  1 00:00:39 1970
[   11.722889] PM: Syncing filesystems ... done.
[   11.755659] Freezing user space processes ... (elapsed 0.001 seconds) done.
[   11.764100] Freezing remaining freezable tasks ... (elapsed 0.001 seconds) done.
[   11.773018] Suspending console(s) (use no_console_suspend to debug)
[   11.804365] PM: suspend of devices complete after 23.240 msecs
[   11.808144] PM: late suspend of devices complete after 3.748 msecs
[   11.823093] PM: noirq suspend of devices complete after 14.918 msecs
[   11.823105] Disabling non-boot CPUs ...
[   11.824906] CPU1: shutdown
[   11.850578] Entering suspend state LP1
[   11.850627] Enabling non-boot CPUs ...
[   11.876635] CPU1 is up
[   11.877994] pcieport 0000:00:01.0: nv_msi_ht_cap_quirk didn't locate host bridge
[   11.892756] PM: noirq resume of devices complete after 16.086 msecs
[   11.896447] PM: early resume of devices complete after 2.939 msecs
[   11.961041] PM: resume of devices complete after 64.562 msecs
[   12.025118] Restarting tasks ... done.
root@(none):/# 
root@(none):/# rtcwake -d rtc1 -m mem -s 3
rtcwake: assuming RTC uses UTC ...
rtcwake: wakeup from "mem" using /dev/rtc1 at Thu Jan  1 00:00:43 1970
[   12.647991] PM: Syncing filesystems ... done.
[   12.680783] Freezing user space processes ... (elapsed 0.001 seconds) done.
[   12.689194] Freezing remaining freezable tasks ... (elapsed 0.001 seconds) done.
[   12.698094] Suspending console(s) (use no_console_suspend to debug)
[   12.725510] PM: suspend of devices complete after 19.308 msecs
[   12.729117] PM: late suspend of devices complete after 3.575 msecs
[   12.748030] PM: noirq suspend of devices complete after 18.882 msecs
[   12.748041] Disabling non-boot CPUs ...
[   12.749846] CPU1: shutdown
[   12.765489] Entering suspend state LP1
[   12.765538] Enabling non-boot CPUs ...
[   12.791571] CPU1 is up
[   12.792315] pcieport 0000:00:01.0: nv_msi_ht_cap_quirk didn't locate host bridge
[   12.807650] PM: noirq resume of devices complete after 16.047 msecs
[   12.811080] PM: early resume of devices complete after 2.853 msecs
[   12.870998] PM: resume of devices complete after 59.885 msecs
[   12.935005] Restarting tasks ... done.
root@(none):/# 
root@(none):/# rtcwake -d rtc1 -m mem -s 3
rtcwake: assuming RTC uses UTC ...
rtcwake: wakeup from "mem" using /dev/rtc1 at Thu Jan  1 00:00:47 1970
[   13.563070] PM: Syncing filesystems ... done.
[   13.608499] Freezing user space processes ... (elapsed 0.001 seconds) done.
[   13.617025] Freezing remaining freezable tasks ... (elapsed 0.001 seconds) done.
[   13.626106] Suspending console(s) (use no_console_suspend to debug)
[   13.654904] PM: suspend of devices complete after 19.929 msecs
[   13.658450] PM: late suspend of devices complete after 3.516 msecs
[   13.672983] PM: noirq suspend of devices complete after 14.502 msecs
[   13.672993] Disabling non-boot CPUs ...
[   13.674800] CPU1: shutdown
[   13.690427] Entering suspend state LP1
[   13.690478] Enabling non-boot CPUs ...
[   13.716524] CPU1 is up
[   13.717766] pcieport 0000:00:01.0: nv_msi_ht_cap_quirk didn't locate host bridge
[   13.732652] PM: noirq resume of devices complete after 16.096 msecs
[   13.736343] PM: early resume of devices complete after 2.928 msecs
[   13.800768] PM: resume of devices complete after 64.393 msecs
[   13.864851] Restarting tasks ... done.
root@(none):/# 
root@(none):/# rtcwake -d rtc1 -m mem -s 3
rtcwake: assuming RTC uses UTC ...
rtcwake: wakeup from "mem" using /dev/rtc1 at Thu Jan  1 00:00:51 1970
[   14.488005] PM: Syncing filesystems ... done.
[   14.520798] Freezing user space processes ... (elapsed 0.001 seconds) done.
[   14.529213] Freezing remaining freezable tasks ... (elapsed 0.001 seconds) done.
[   14.538115] Suspending console(s) (use no_console_suspend to debug)
[   14.564630] PM: suspend of devices complete after 18.414 msecs
[   14.568212] PM: late suspend of devices complete after 3.551 msecs
[   14.582913] PM: noirq suspend of devices complete after 14.668 msecs
[   14.582924] Disabling non-boot CPUs ...
[   14.584727] CPU1: shutdown
[   14.610383] Entering suspend state LP1
[   14.610434] Enabling non-boot CPUs ...
[   14.636457] CPU1 is up
[   14.637794] pcieport 0000:00:01.0: nv_msi_ht_cap_quirk didn't locate host bridge
[   14.652565] PM: noirq resume of devices complete after 16.075 msecs
[   14.656283] PM: early resume of devices complete after 2.941 msecs
[   14.720780] PM: resume of devices complete after 64.463 msecs
[   14.784816] Restarting tasks ... done.
root@(none):/# 
root@(none):/# rtcwake -d rtc1 -m mem -s 3
rtcwake: assuming RTC uses UTC ...
rtcwake: wakeup from "mem" using /dev/rtc1 at Thu Jan  1 00:00:55 1970
[   15.412472] PM: Syncing filesystems ... done.
[   15.457953] Freezing user space processes ... (elapsed 0.001 seconds) done.
[   15.466491] Freezing remaining freezable tasks ... (elapsed 0.001 seconds) done.
[   15.475576] Suspending console(s) (use no_console_suspend to debug)
[   15.504261] PM: suspend of devices complete after 19.778 msecs
[   15.507869] PM: late suspend of devices complete after 3.577 msecs
[   15.522856] PM: noirq suspend of devices complete after 14.956 msecs
[   15.522868] Disabling non-boot CPUs ...
[   15.524639] CPU1: shutdown
[   15.550315] Entering suspend state LP1
[   15.550365] Enabling non-boot CPUs ...
[   15.576381] CPU1 is up
[   15.577116] pcieport 0000:00:01.0: nv_msi_ht_cap_quirk didn't locate host bridge
[   15.592468] PM: noirq resume of devices complete after 16.055 msecs
[   15.595897] PM: early resume of devices complete after 2.851 msecs
[   15.655635] PM: resume of devices complete after 59.706 msecs
[   15.719639] Restarting tasks ... done.
root@(none):/# 
root@(none):/# rtcwake -d rtc1 -m mem -s 3
rtcwake: assuming RTC uses UTC ...
rtcwake: wakeup from "mem" using /dev/rtc1 at Thu Jan  1 00:00:59 1970
[   16.352050] PM: Syncing filesystems ... done.
[   16.397558] Freezing user space processes ... (elapsed 0.001 seconds) done.
[   16.406032] Freezing remaining freezable tasks ... (elapsed 0.001 seconds) done.
[   16.415113] Suspending console(s) (use no_console_suspend to debug)
[   16.444549] PM: suspend of devices complete after 20.529 msecs
[   16.448094] PM: late suspend of devices complete after 3.513 msecs
[   16.462808] PM: noirq suspend of devices complete after 14.683 msecs
[   16.462818] Disabling non-boot CPUs ...
[   16.464812] CPU1: shutdown
[   16.480250] Entering suspend state LP1
[   16.480301] Enabling non-boot CPUs ...
[   16.506323] CPU1 is up
[   16.507306] pcieport 0000:00:01.0: nv_msi_ht_cap_quirk didn't locate host bridge
[   16.522465] PM: noirq resume of devices complete after 16.110 msecs
[   16.526175] PM: early resume of devices complete after 2.936 msecs
[   16.590711] PM: resume of devices complete after 64.504 msecs
[   16.654762] Restarting tasks ... done.
root@(none):/# 
root@(none):/# NVTB SYSTEM SUSPEND TEST COMPLETE
