

U-Boot 2015.04-00466-gedec83e90172 (Mar 14 2016 - 10:42:01)

TEGRA124
Model: Acer Chromebook 13 CB5-311
DRAM:  4 GiB
:   Tegra SD/MMC: 0, Tegra SD/MMC: 1, Tegra SD/MMC: 2
MMC init failed
Using default environment

In:    serial
Out:   serial
Err:   serial
Net:   Net Initialization Skipped
No ethernet found.
Hit any key to stop autoboot:  2  0 
Tegra124 (Nyan-big) # 
Tegra124 (Nyan-big) # usb start
starting USB...
USB0:   USB EHCI 1.10
scanning bus 0 for devices... 2 USB Device(s) found
USB1:   USB EHCI 1.10
scanning bus 1 for devices... 2 USB Device(s) found
       scanning usb for storage devices... 1 Storage Device(s) found
       scanning usb for ethernet devices... 
Warning: asx0 using MAC address from net device
1 Ethernet Device(s) found
Tegra124 (Nyan-big) # mw 0x7000e4a0 0x00080000
Tegra124 (Nyan-big) # setenv bootargs 'ignore_loglevel console=ttyS0,115200n8 rw root=PARTUUID=4d36e82a-b3c0-4b4b-bfcd-afe5217ac023 rootwait gpt debug noinitrd earlyprintk init=/bin/bash'
Tegra124 (Nyan-big) # setenv ipaddr 192.168.100.102; setenv serverip 192.168.100.1; setenv tftpserverip 192.168.100.1
Tegra124 (Nyan-big) # tftpboot 0x82000000 zImage.multi_v7_defconfig
Using asx0 device
TFTP from server 192.168.100.1; our IP address is 192.168.100.102
Filename 'zImage.multi_v7_defconfig'.
Load address: 0x82000000
Loading: *#################################################################
	 #################################################################
	 #################################################################
	 #################################################################
	 #################################################################
	 #################################################################
	 #################################################################
	 #################################################################
	 ####################################
	 2.8 MiB/s
done
Bytes transferred = 8159752 (7c8208 hex)
Tegra124 (Nyan-big) # tftpboot 0x83000000 tegra124-nyan-big.dtb
Using asx0 device
TFTP from server 192.168.100.1; our IP address is 192.168.100.102
Filename 'tegra124-nyan-big.dtb'.
Load address: 0x83000000
Loading: *#####
	 2.6 MiB/s
done
Bytes transferred = 68203 (10a6b hex)
Tegra124 (Nyan-big) # bootz 0x82000000 - 0x83000000
Kernel image @ 0x82000000 [ 0x000000 - 0x7c8200 ]
## Flattened Device Tree blob at 83000000
   Booting using the fdt blob at 0x83000000
   Using Device Tree in place at 83000000, end 83013a6a

Starting kernel ...

[    0.000000] Booting Linux on physical CPU 0x0
[    0.000000] Linux version 4.13.0-next-20170908-199620-gda52d78 (jonathanh@sellafield) (gcc version 4.7.3 20130328 (prerelease) (crosstool-NG linaro-1.13.1-4.7-2013.04-20130415 - Linaro GCC 2013.04)) #1 SMP Mon Sep 11 15:05:03 PDT 2017
[    0.000000] CPU: ARMv7 Processor [413fc0f3] revision 3 (ARMv7), cr=10c5387d
[    0.000000] CPU: div instructions available: patching division code
[    0.000000] CPU: PIPT / VIPT nonaliasing data cache, PIPT instruction cache
[    0.000000] OF: fdt: Machine model: Acer Chromebook 13 CB5-311
[    0.000000] OF: fdt: Ignoring memory range 0x100000000 - 0x17ffff000
[    0.000000] debug: ignoring loglevel setting.
[    0.000000] Memory policy: Data cache writealloc
[    0.000000] efi: Getting EFI parameters from FDT:
[    0.000000] efi: UEFI not found.
[    0.000000] cma: Reserved 64 MiB at 0xfb800000
[    0.000000] On node 0 totalpages: 524287
[    0.000000] free_area_init_node: node 0, pgdat c158e5c0, node_mem_map eeff8000
[    0.000000]   DMA zone: 1536 pages used for memmap
[    0.000000]   DMA zone: 0 pages reserved
[    0.000000]   DMA zone: 196608 pages, LIFO batch:31
[    0.000000]   HighMem zone: 327679 pages, LIFO batch:31
[    0.000000] random: fast init done
[    0.000000] percpu: Embedded 17 pages/cpu @eef81000 s39424 r8192 d22016 u69632
[    0.000000] pcpu-alloc: s39424 r8192 d22016 u69632 alloc=17*4096
[    0.000000] pcpu-alloc: [0] 0 [0] 1 [0] 2 [0] 3 
[    0.000000] Built 1 zonelists, mobility grouping on.  Total pages: 522751
[    0.000000] Kernel command line: ignore_loglevel console=ttyS0,115200n8 rw root=PARTUUID=4d36e82a-b3c0-4b4b-bfcd-afe5217ac023 rootwait gpt debug noinitrd earlyprintk init=/bin/bash
[    0.000000] PID hash table entries: 4096 (order: 2, 16384 bytes)
[    0.000000] Dentry cache hash table entries: 131072 (order: 7, 524288 bytes)
[    0.000000] Inode-cache hash table entries: 65536 (order: 6, 262144 bytes)
[    0.000000] Memory: 1994376K/2097148K available (10240K kernel code, 1626K rwdata, 4508K rodata, 2048K init, 405K bss, 37236K reserved, 65536K cma-reserved, 1245180K highmem)
[    0.000000] Virtual kernel memory layout:
[    0.000000]     vector  : 0xffff0000 - 0xffff1000   (   4 kB)
[    0.000000]     fixmap  : 0xffc00000 - 0xfff00000   (3072 kB)
[    0.000000]     vmalloc : 0xf0800000 - 0xff800000   ( 240 MB)
[    0.000000]     lowmem  : 0xc0000000 - 0xf0000000   ( 768 MB)
[    0.000000]     pkmap   : 0xbfe00000 - 0xc0000000   (   2 MB)
[    0.000000]     modules : 0xbf000000 - 0xbfe00000   (  14 MB)
[    0.000000]       .text : 0xc0208000 - 0xc0d00000   (11232 kB)
[    0.000000]       .init : 0xc1200000 - 0xc1400000   (2048 kB)
[    0.000000]       .data : 0xc1400000 - 0xc1596910   (1627 kB)
[    0.000000]        .bss : 0xc159fbc0 - 0xc160537c   ( 406 kB)
[    0.000000] SLUB: HWalign=64, Order=0-3, MinObjects=0, CPUs=4, Nodes=1
[    0.000000] Hierarchical RCU implementation.
[    0.000000] 	RCU event tracing is enabled.
[    0.000000] 	RCU restricting CPUs from NR_CPUS=16 to nr_cpu_ids=4.
[    0.000000] RCU: Adjusting geometry for rcu_fanout_leaf=16, nr_cpu_ids=4
[    0.000000] NR_IRQS: 16, nr_irqs: 16, preallocated irqs: 16
[    0.000000] /interrupt-controller@60004000: 160 interrupts forwarded to /interrupt-controller@50041000
[    0.000000] Tegra clk 127: register failed with -17
[    0.000004] sched_clock: 32 bits at 1000kHz, resolution 1000ns, wraps every 2147483647500ns
[    0.000012] clocksource: timer_us: mask: 0xffffffff max_cycles: 0xffffffff, max_idle_ns: 1911260446275 ns
[    0.000018] Switching to timer-based delay loop, resolution 1000ns
[    0.001747] arch_timer: cp15 timer(s) running at 12.00MHz (virt).
[    0.001754] clocksource: arch_sys_counter: mask: 0xffffffffffffff max_cycles: 0x2c47f4ee7, max_idle_ns: 440795202497 ns
[    0.001761] sched_clock: 56 bits at 12MHz, resolution 83ns, wraps every 4398046511096ns
[    0.001766] Switching to timer-based delay loop, resolution 83ns
[    0.001977] Console: colour dummy device 80x30
[    0.001993] Calibrating delay loop (skipped), value calculated using timer frequency.. 24.00 BogoMIPS (lpj=120000)
[    0.002000] pid_max: default: 32768 minimum: 301
[    0.002039] Mount-cache hash table entries: 2048 (order: 1, 8192 bytes)
[    0.002045] Mountpoint-cache hash table entries: 2048 (order: 1, 8192 bytes)
[    0.002249] CPU: Testing write buffer coherency: ok
[    0.002374] /cpus/cpu@0 missing clock-frequency property
[    0.002390] /cpus/cpu@1 missing clock-frequency property
[    0.002404] /cpus/cpu@2 missing clock-frequency property
[    0.002419] /cpus/cpu@3 missing clock-frequency property
[    0.002425] CPU0: thread -1, cpu 0, socket 0, mpidr 80000000
[    0.002545] Setting up static identity map for 0x80300000 - 0x803000a0
[    0.003246] Hierarchical SRCU implementation.
[    0.003921] Tegra Revision: A01 SKU: 131 CPU Process: 1 SoC Process: 1
[    0.004187] EFI services will not be available.
[    0.004247] smp: Bringing up secondary CPUs ...
[    0.004475] CPU1: thread -1, cpu 1, socket 0, mpidr 80000001
[    0.011957] CPU2: thread -1, cpu 2, socket 0, mpidr 80000002
[    0.021970] CPU3: thread -1, cpu 3, socket 0, mpidr 80000003
[    0.031745] smp: Brought up 1 node, 4 CPUs
[    0.031752] SMP: Total of 4 processors activated (96.00 BogoMIPS).
[    0.031756] CPU: All CPU(s) started in SVC mode.
[    0.032310] devtmpfs: initialized
[    0.037585] Built 1 zonelists, mobility grouping on.  Total pages: 514978
[    0.037747] VFP support v0.3: implementor 41 architecture 4 part 30 variant f rev 0
[    0.037975] clocksource: jiffies: mask: 0xffffffff max_cycles: 0xffffffff, max_idle_ns: 19112604462750000 ns
[    0.037984] futex hash table entries: 1024 (order: 4, 65536 bytes)
[    0.038078] pinctrl core: initialized pinctrl subsystem
[    0.038648] DMI not present or invalid.
[    0.038750] NET: Registered protocol family 16
[    0.039421] DMA: preallocated 256 KiB pool for atomic coherent allocations
[    0.040336] cpuidle: using governor menu
[    0.048711] No ATAGs?
[    0.048766] hw-breakpoint: found 5 (+1 reserved) breakpoint and 4 watchpoint registers.
[    0.048772] hw-breakpoint: maximum watchpoint size is 8 bytes.
[    0.051535] Serial: AMBA PL011 UART driver
[    0.051900] tegra-mc 70019000.memory-controller: no memory timings for RAM code 0 registered
[    0.052011] iommu: Adding device reg-dummy to group 0
[    0.052039] iommu: Adding device 50000000.host1x to group 1
[    0.052064] iommu: Adding device 54200000.dc to group 2
[    0.052087] iommu: Adding device 54240000.dc to group 3
[    0.052101] iommu: Adding device 54280000.hdmi to group 4
[    0.052113] iommu: Adding device 54540000.sor to group 5
[    0.052126] iommu: Adding device 545c0000.dpaux to group 6
[    0.052150] iommu: Adding device 57000000.gpu to group 7
[    0.052161] iommu: Adding device 60005000.timer to group 8
[    0.052171] iommu: Adding device 60007000.flow-controller to group 9
[    0.052182] iommu: Adding device 6000c800.actmon to group 10
[    0.052193] iommu: Adding device 6000d000.gpio to group 11
[    0.052206] iommu: Adding device 60020000.dma to group 12
[    0.052216] iommu: Adding device 70000800.apbmisc to group 13
[    0.052227] iommu: Adding device 70000868.pinmux to group 14
[    0.052238] iommu: Adding device 70006000.serial to group 15
[    0.052251] iommu: Adding device 7000a000.pwm to group 16
[    0.052262] iommu: Adding device 7000c000.i2c to group 17
[    0.052272] iommu: Adding device 7000c400.i2c to group 18
[    0.052283] iommu: Adding device 7000c500.i2c to group 19
[    0.052296] iommu: Adding device 7000c700.i2c to group 20
[    0.052306] iommu: Adding device 7000d000.i2c to group 21
[    0.052319] iommu: Adding device 7000d400.spi to group 22
[    0.052329] iommu: Adding device 7000da00.spi to group 23
[    0.052339] iommu: Adding device 7000e000.rtc to group 24
[    0.052350] iommu: Adding device 7000e400.pmc to group 25
[    0.052360] iommu: Adding device 7000f800.fuse to group 26
[    0.052373] iommu: Adding device 70019000.memory-controller to group 27
[    0.052384] iommu: Adding device 7001b000.emc to group 28
[    0.052396] iommu: Adding device 70030000.hda to group 29
[    0.052407] iommu: Adding device 70090000.usb to group 30
[    0.052417] iommu: Adding device 7009f000.padctl to group 31
[    0.052428] iommu: Adding device 700b0000.sdhci to group 32
[    0.052438] iommu: Adding device 700b0400.sdhci to group 33
[    0.052449] iommu: Adding device 700b0600.sdhci to group 34
[    0.052460] iommu: Adding device 700e2000.thermal-sensor to group 35
[    0.052471] iommu: Adding device 70300000.ahub to group 36
[    0.052483] iommu: Adding device pmu to group 37
[    0.052496] iommu: Adding device timer to group 38
[    0.052507] iommu: Adding device sdhci0_pwrseq to group 39
[    0.052518] iommu: Adding device backlight to group 40
[    0.052528] iommu: Adding device clocks to group 41
[    0.052539] iommu: Adding device gpio-keys to group 42
[    0.052549] iommu: Adding device regulators to group 43
[    0.052560] iommu: Adding device regulators:regulator@0 to group 44
[    0.052571] iommu: Adding device regulators:regulator@1 to group 45
[    0.052583] iommu: Adding device regulators:regulator@2 to group 46
[    0.052594] iommu: Adding device regulators:regulator@3 to group 47
[    0.052607] iommu: Adding device regulators:regulator@4 to group 48
[    0.052618] iommu: Adding device regulators:regulator@5 to group 49
[    0.052629] iommu: Adding device regulators:regulator@6 to group 50
[    0.052639] iommu: Adding device regulators:regulator@7 to group 51
[    0.052650] iommu: Adding device regulators:regulator@8 to group 52
[    0.052662] iommu: Adding device regulators:regulator@9 to group 53
[    0.052675] iommu: Adding device regulators:regulator@10 to group 54
[    0.052686] iommu: Adding device regulators:regulator@11 to group 55
[    0.052696] iommu: Adding device regulators:regulator@12 to group 56
[    0.052707] iommu: Adding device sound to group 57
[    0.052717] iommu: Adding device gpio-restart to group 58
[    0.052730] iommu: Adding device panel to group 59
[    0.057739] AT91: Could not find identification node
[    0.057946] +5V_SYS: supplied by +VDD_MUX
[    0.058043] +3.3V_SYS: supplied by +VDD_MUX
[    0.058255] +VDD_LED: Failed to request enable GPIO122: -517
[    0.058260] reg-fixed-voltage regulators:regulator@5: Failed to register regulator: -517
[    0.058294] +5V_VDD_TS_SW: Failed to request enable GPIO81: -517
[    0.058299] reg-fixed-voltage regulators:regulator@6: Failed to register regulator: -517
[    0.058331] +5V_USB_HS: Failed to request enable GPIO108: -517
[    0.058336] reg-fixed-voltage regulators:regulator@7: Failed to register regulator: -517
[    0.058368] +5V_USB_SS: Failed to request enable GPIO109: -517
[    0.058372] reg-fixed-voltage regulators:regulator@8: Failed to register regulator: -517
[    0.058462] +1.05V_RUN_AVDD_HDMI_PLL: Failed to request enable GPIO63: -517
[    0.058467] reg-fixed-voltage regulators:regulator@11: Failed to register regulator: -517
[    0.058499] +5V_HDMI_CON: Failed to request enable GPIO86: -517
[    0.058503] reg-fixed-voltage regulators:regulator@12: Failed to register regulator: -517
[    0.059476] vgaarb: loaded
[    0.059729] SCSI subsystem initialized
[    0.059794] libata version 3.00 loaded.
[    0.059869] usbcore: registered new interface driver usbfs
[    0.059886] usbcore: registered new interface driver hub
[    0.059906] usbcore: registered new device driver usb
[    0.061176] pps_core: LinuxPPS API ver. 1 registered
[    0.061180] pps_core: Software ver. 5.3.6 - Copyright 2005-2007 Rodolfo Giometti <giometti@linux.it>
[    0.061188] PTP clock support registered
[    0.061251] EDAC MC: Ver: 3.0.0
[    0.061356] dmi: Firmware registration failed.
[    0.061652] tegra-emc 7001b000.emc: no memory timings for RAM code 0 found in DT
[    0.061662] tegra-emc: probe of 7001b000.emc failed with error -2
[    0.062098] clocksource: Switched to clocksource arch_sys_counter
[    0.081619] NET: Registered protocol family 2
[    0.081810] TCP established hash table entries: 8192 (order: 3, 32768 bytes)
[    0.081844] TCP bind hash table entries: 8192 (order: 4, 65536 bytes)
[    0.081907] TCP: Hash tables configured (established 8192 bind 8192)
[    0.081940] UDP hash table entries: 512 (order: 2, 16384 bytes)
[    0.081955] UDP-Lite hash table entries: 512 (order: 2, 16384 bytes)
[    0.082012] NET: Registered protocol family 1
[    0.082178] RPC: Registered named UNIX socket transport module.
[    0.082182] RPC: Registered udp transport module.
[    0.082185] RPC: Registered tcp transport module.
[    0.082188] RPC: Registered tcp NFSv4.1 backchannel transport module.
[    0.082194] PCI: CLS 0 bytes, default 64
[    0.082761] hw perfevents: enabled with armv7_cortex_a15 PMU driver, 7 counters available
[    0.083036] iommu: Adding device alarmtimer to group 60
[    0.083397] workingset: timestamp_bits=30 max_order=19 bucket_order=0
[    0.085382] squashfs: version 4.0 (2009/01/31) Phillip Lougher
[    0.085595] NFS: Registering the id_resolver key type
[    0.085607] Key type id_resolver registered
[    0.085610] Key type id_legacy registered
[    0.085627] ntfs: driver 2.1.32 [Flags: R/O].
[    0.086164] bounce: pool size: 64 pages
[    0.086182] Block layer SCSI generic (bsg) driver version 0.4 loaded (major 248)
[    0.086187] io scheduler noop registered
[    0.086190] io scheduler deadline registered
[    0.086263] io scheduler cfq registered (default)
[    0.086267] io scheduler mq-deadline registered
[    0.086270] io scheduler kyber registered
[    0.087529] tegra-xusb-padctl 7009f000.padctl: failed to setup XUSB ports: -517
[    0.097913] tegra-apbdma 60020000.dma: Tegra20 APB DMA driver register 32 channels
[    0.098968] tegra-pmc 7000e400.pmc: i2c-thermtrip node not found, emergency thermal reset disabled.
[    0.115832] Serial: 8250/16550 driver, 4 ports, IRQ sharing disabled
[    0.115875] iommu: Adding device serial8250 to group 61
[    0.116888] console [ttyS0] disabled
[    0.116907] 70006000.serial: ttyS0 at MMIO 0x70006000 (irq = 333, base_baud = 25500000) is a Tegra
[    1.372105] console [ttyS0] enabled
[    1.375881] SuperH (H)SCI(F) driver initialized
[    1.380755] msm_serial: driver initialized
[    1.384909] STMicroelectronics ASC driver initialized
[    1.392274] tegra-hdmi 54280000.hdmi: failed to get HDMI regulator
[    1.398810] tegra-dpaux 545c0000.dpaux: failed to get VDD supply: -517
[    1.406188] panel-simple panel: panel supply power not found, using dummy regulator
[    1.416473] brd: module loaded
[    1.421733] loop: module loaded
[    1.425785] as3722 4-0040: AS3722 with revision 0x1 found
[    1.432308] iommu: Adding device as3722-pinctrl to group 62
[    1.439193] iommu: Adding device as3722-regulator to group 63
[    1.447047] as3722-sd2: supplied by +5V_SYS
[    1.451440] as3722-sd3: supplied by +5V_SYS
[    1.455827] +1.35V_LP0(sd3): Bringing 0uV into 1350000-1350000uV
[    1.461992] as3722-sd4: supplied by +5V_SYS
[    1.466332] +1.05V_RUN: Bringing 0uV into 1050000-1050000uV
[    1.472054] as3722-sd5: supplied by +5V_SYS
[    1.477613] as3722-ldo0: supplied by +1.35V_LP0(sd2)
[    1.483333] +1.8V_RUN_CAM: Bringing 0uV into 1800000-1800000uV
[    1.489330] as3722-ldo2: supplied by +1.8V_VDDIO
[    1.494937] as3722-ldo3: supplied by +3.3V_SYS
[    1.499382] +1.00V_LP0_VDD_RTC: Bringing 1100000uV into 1000000-1000000uV
[    1.506946] as3722-ldo4: supplied by +3.3V_SYS
[    1.511534] +3.3V_RUN_CAM: Bringing 0uV into 2800000-2800000uV
[    1.517537] as3722-ldo5: supplied by +1.8V_VDDIO
[    1.522315] +1.2V_RUN_CAM_FRONT: Bringing 0uV into 1200000-1200000uV
[    1.528984] +VDDIO_SDMMC3: Bringing 0uV into 1800000-1800000uV
[    1.535001] as3722-ldo7: supplied by +1.8V_VDDIO
[    1.539764] +1.05V_RUN_CAM_REAR: Bringing 0uV into 1050000-1050000uV
[    1.546298] as3722-ldo9: supplied by +5V_SYS
[    1.550861] +2.8V_RUN_TOUCH: Bringing 0uV into 2800000-2800000uV
[    1.557054] as3722-ldo10: supplied by +5V_SYS
[    1.561557] +2.8V_RUN_CAM_AF: Bringing 0uV into 2800000-2800000uV
[    1.567984] +1.8V_RUN_VPP_FUSE: Bringing 0uV into 1800000-1800000uV
[    1.574474] iommu: Adding device as3722-rtc to group 64
[    1.579827] iommu: Adding device as3722-adc to group 65
[    1.585151] iommu: Adding device as3722-power-off to group 66
[    1.590985] iommu: Adding device as3722-wdt to group 67
[    1.607919] m25p80 spi1.0: w25q32dw (4096 Kbytes)
[    1.613427] iommu: Adding device Fixed MDIO bus.0 to group 68
[    1.619299] libphy: Fixed MDIO Bus: probed
[    1.623712] CAN device driver interface
[    1.627844] bgmac_bcma: Broadcom 47xx GBit MAC driver loaded
[    1.633947] e1000e: Intel(R) PRO/1000 Network Driver - 3.2.6-k
[    1.639763] e1000e: Copyright(c) 1999 - 2015 Intel Corporation.
[    1.645691] igb: Intel(R) Gigabit Ethernet Network Driver - version 5.4.0-k
[    1.652640] igb: Copyright (c) 2007-2014 Intel Corporation.
[    1.659445] pegasus: v0.9.3 (2013/04/25), Pegasus/Pegasus II USB Ethernet driver
[    1.666849] usbcore: registered new interface driver pegasus
[    1.672511] usbcore: registered new interface driver asix
[    1.677906] usbcore: registered new interface driver ax88179_178a
[    1.683997] usbcore: registered new interface driver cdc_ether
[    1.689828] usbcore: registered new interface driver smsc75xx
[    1.695577] usbcore: registered new interface driver smsc95xx
[    1.701316] usbcore: registered new interface driver net1080
[    1.706975] usbcore: registered new interface driver cdc_subset
[    1.712894] usbcore: registered new interface driver zaurus
[    1.718467] usbcore: registered new interface driver cdc_ncm
[    1.724774] ehci_hcd: USB 2.0 'Enhanced' Host Controller (EHCI) Driver
[    1.731285] ehci-pci: EHCI PCI platform driver
[    1.735734] ehci-platform: EHCI generic platform driver
[    1.741013] ehci-orion: EHCI orion driver
[    1.745068] SPEAr-ehci: EHCI SPEAr driver
[    1.749110] ehci-st: EHCI STMicroelectronics driver
[    1.754027] ehci-exynos: EHCI EXYNOS driver
[    1.758250] ehci-atmel: EHCI Atmel driver
[    1.762299] tegra-ehci: Tegra EHCI driver
[    1.766359] ohci_hcd: USB 1.1 'Open' Host Controller (OHCI) Driver
[    1.772532] ohci-pci: OHCI PCI platform driver
[    1.776973] ohci-platform: OHCI generic platform driver
[    1.782250] SPEAr-ohci: OHCI SPEAr driver
[    1.786293] ohci-st: OHCI STMicroelectronics driver
[    1.791202] ohci-atmel: OHCI Atmel driver
[    1.795452] usbcore: registered new interface driver usb-storage
[    1.802715] elan_i2c 1-0015: 1-0015 supply vcc not found, using dummy regulator
[    1.811374] as3722-rtc as3722-rtc: rtc core: registered as3722-rtc as rtc0
[    1.818243] as3722-rtc as3722-rtc: RTC interrupt 372
[    1.825175] tegra_rtc 7000e000.rtc: rtc core: registered 7000e000.rtc as rtc1
[    1.832317] tegra_rtc 7000e000.rtc: Tegra internal Real Time Clock
[    1.838666] i2c /dev entries driver
[    1.843459] IR NEC protocol handler initialized
[    1.847976] IR RC5(x/sz) protocol handler initialized
[    1.853021] IR RC6 protocol handler initialized
[    1.857538] IR JVC protocol handler initialized
[    1.862055] IR Sony protocol handler initialized
[    1.866663] IR SANYO protocol handler initialized
[    1.871353] IR Sharp protocol handler initialized
[    1.876047] IR MCE Keyboard/mouse protocol handler initialized
[    1.881863] IR XMP protocol handler initialized
[    1.887485] lm90 0-004c: 0-004c supply vcc not found, using dummy regulator
[    1.897763] iommu: Adding device cpufreq-tegra124 to group 69
[    1.904569] sdhci: Secure Digital Host Controller Interface driver
[    1.910732] sdhci: Copyright(c) Pierre Ossman
[    1.915636] Synopsys Designware Multimedia Card Interface Driver
[    1.922065] sdhci-pltfm: SDHCI platform and OF driver helper
[    1.928003] sdhci-tegra 700b0000.sdhci: allocated mmc-pwrseq
[    1.941817] sdhci-tegra 700b0400.sdhci: Got CD GPIO
[    1.946705] sdhci-tegra 700b0400.sdhci: Got WP GPIO
[    1.966124] mmc0: Unknown controller version (3). You may experience problems.
[    1.973379] mmc0: Invalid maximum block size, assuming 512 bytes
[    1.997388] elan_i2c 1-0015: Elan Touchpad: Module ID: 0x002a, Firmware: 0x0005, Sample: 0x0007, IAP: 0x0009
[    2.007325] input: Elan Touchpad as /devices/soc0/7000c400.i2c/i2c-1/1-0015/input/input0
[    2.042105] mmc0: SDHCI controller on 700b0600.sdhci [700b0600.sdhci] using ADMA
[    2.050222] ledtrig-cpu: registered to indicate activity on CPUs
[    2.056396] usbcore: registered new interface driver usbhid
[    2.061953] usbhid: USB HID core driver
[    2.067177] NET: Registered protocol family 10
[    2.071931] Segment Routing with IPv6
[    2.075628] sit: IPv6, IPv4 and MPLS over IPv4 tunneling driver
[    2.081721] NET: Registered protocol family 17
[    2.086164] can: controller area network core (rev 20170425 abi 9)
[    2.092355] NET: Registered protocol family 29
[    2.096787] can: raw protocol (rev 20170425)
[    2.101044] can: broadcast manager protocol (rev 20170425 t)
[    2.106695] can: netlink gateway (rev 20170425) max_hops=1
[    2.112286] Key type dns_resolver registered
[    2.116740] ThumbEE CPU extension supported.
[    2.120999] Registering SWP/SWPB emulation handler
[    2.131636] +3.3V_RUN: supplied by +3.3V_SYS
[    2.136725] +VDD_LED: supplied by +VDD_MUX
[    2.140972] +3.3V_AVDD_HDMI_AP_GATED: supplied by +3.3V_RUN
[    2.146599] +1.8V_RUN_CAM: supplied by +3.3V_RUN
[    2.151231] +VDDIO_SDMMC3: supplied by +3.3V_RUN
[    2.155876] +1.8V_RUN_VPP_FUSE: supplied by +3.3V_RUN
[    2.161128] +5V_VDD_TS_SW: supplied by +5V_SYS
[    2.165928] +5V_USB_HS: supplied by +5V_SYS
[    2.170272] +5V_USB_SS: supplied by +5V_SYS
[    2.175411] +3.3V_PANEL: supplied by +3.3V_RUN
[    2.180583] +3.3V_LP0: supplied by +3.3V_SYS
[    2.183105] mmc0: new high speed MMC card at address 0001
[    2.185147] mmcblk0: mmc0:0001 MMC16G 14.4 GiB 
[    2.185441] mmcblk0boot0: mmc0:0001 MMC16G partition 1 2.00 MiB
[    2.185674] mmcblk0boot1: mmc0:0001 MMC16G partition 2 2.00 MiB
[    2.185914] mmcblk0rpmb: mmc0:0001 MMC16G partition 3 128 KiB
[    2.200500]  mmcblk0: p1 p2 p3 p4 p5 p6 p7 p8 p9 p10 p11 p12
[    2.218567] +1.05V_RUN_AVDD_HDMI_PLL: supplied by +1.05V_RUN
[    2.218841] elan_i2c 1-0015: failed to read report data: -121
[    2.219170] elan_i2c 1-0015: failed to read report data: -121
[    2.236058] +5V_HDMI_CON: supplied by +5V_SYS
[    2.240989]  usb3-0: usb3-0 supply vbus not found, using dummy regulator
[    2.247791]  usb3-1: usb3-1 supply vbus not found, using dummy regulator
[    2.258158] tegra-sor 54540000.sor: failed to probe output: -517
[    2.264929] panel-simple panel: panel supply power not found, using dummy regulator
[    2.273659] sdhci-tegra 700b0000.sdhci: allocated mmc-pwrseq
[    2.286313] mmc1: Unknown controller version (3). You may experience problems.
[    2.293576] mmc1: Invalid maximum block size, assuming 512 bytes
[    2.299946] mmc1: Switching to 3.3V signalling voltage failed
[    2.362184] mmc1: SDHCI controller on 700b0000.sdhci [700b0000.sdhci] using ADMA
[    2.370320] sdhci-tegra 700b0400.sdhci: Got CD GPIO
[    2.375235] sdhci-tegra 700b0400.sdhci: Got WP GPIO
[    2.376835] elan_i2c 1-0015: invalid report id data (ff)
[    2.393975] mmc2: Unknown controller version (3). You may experience problems.
[    2.401274] mmc2: Invalid maximum block size, assuming 512 bytes
[    2.433958] mmc1: new high speed SDIO card at address 0001
[    2.472214] mmc2: SDHCI controller on 700b0400.sdhci [700b0400.sdhci] using ADMA
[    2.576575] [drm] Supports vblank timestamp caching Rev 2 (21.10.2013).
[    2.583197] [drm] No driver support for vblank timestamp query.
[    2.632733] mmc2: new high speed SDHC card at address 0007
[    2.632945] mmcblk2: mmc2:0007 SD08G 7.42 GiB 
[    2.642935] GPT:Primary header alternate_lba != Alt. header my_lba
[    2.642939] GPT:3014591 != 15564799
[    2.642940] GPT:Primary header thinks Alt. header is not at the end of the disk.
[    2.642941] GPT:3014591 != 15564799
[    2.642942] GPT: Use GNU Parted to correct GPT errors.
[    2.642970]  mmcblk2: p1 p2 p3 p4 p5 p6 p7 p8 p9 p10 p11 p12
[    2.671943] Console: switching to colour frame buffer device 170x48
[    2.736105] drm drm: fb0:  frame buffer device
[    2.740590] [drm] Initialized tegra 0.0.0 20120330 for drm on minor 0
[    2.748046] input: gpio-keys as /devices/soc0/gpio-keys/input/input1
[    2.755666] as3722-rtc as3722-rtc: setting system clock to 2000-01-01 00:00:23 UTC (946684823)
[    2.764662] +1.8V_RUN_CAM: disabling
[    2.768441] +3.3V_RUN_CAM: disabling
[    2.772167] +1.2V_RUN_CAM_FRONT: disabling
[    2.776420] +1.05V_RUN_CAM_REAR: disabling
[    2.780668] +2.8V_RUN_TOUCH: disabling
[    2.784652] +2.8V_RUN_CAM_AF: disabling
[    2.788642] +1.8V_RUN_VPP_FUSE: disabling
[    2.792920] +5V_VDD_TS_SW: disabling
[    2.796493] +5V_USB_HS: disabling
[    2.799798] +5V_USB_SS: disabling
[    2.804112] EXT4-fs (mmcblk0p3): couldn't mount as ext3 due to feature incompatibilities
[    2.812836] EXT4-fs (mmcblk0p3): couldn't mount as ext2 due to feature incompatibilities
[    3.329241] EXT4-fs (mmcblk0p3): recovery complete
[    3.334968] EXT4-fs (mmcblk0p3): mounted filesystem with ordered data mode. Opts: (null)
[    3.343100] VFS: Mounted root (ext4 filesystem) on device 179:3.
[    3.349831] devtmpfs: mounted
[    3.353523] Freeing unused kernel memory: 2048K
bash: cannot set terminal process group (-1): Inappropriate ioctl for device
bash: no job control in this shell
root@(none):/# mount -t sysfs none /sys
root@(none):/# 
root@(none):/# mount -t debugfs none /sys/kernel/debug
root@(none):/# 
root@(none):/# rtcwake -d rtc1 -m mem -s 3
rtcwake: assuming RTC uses UTC ...
rtcwake: wakeup from "mem" using /dev/rtc1 at Thu Jan  1 00:00:28 1970
[    5.779504] PM: suspend entry (deep)
[    5.783104] PM: Syncing filesystems ... done.
[    5.805103] Freezing user space processes ... (elapsed 0.001 seconds) done.
[    5.813238] OOM killer disabled.
[    5.816457] Freezing remaining freezable tasks ... (elapsed 0.001 seconds) done.
[    5.825069] Suspending console(s) (use no_console_suspend to debug)
[    5.871228] Disabling non-boot CPUs ...
[    6.072284] IRQ17 no longer affine to CPU3
[    6.072829] Entering suspend state LP1
[    6.072843] Enabling non-boot CPUs ...
[    6.073175] CPU1 is up
[    6.073413] CPU2 is up
[    6.073657] CPU3 is up
[    6.233402] mmc1: Switching to 3.3V signalling voltage failed
[    6.492125] tegra-sor 54540000.sor: failed to attach SOR: -110
[    6.556338] OOM killer enabled.
[    6.559467] Restarting tasks ... done.
[    6.571164] PM: suspend exit
root@(none):/# 
root@(none):/# rtcwake -d rtc1 -m mem -s 3
rtcwake: assuming RTC uses UTC ...
rtcwake: wakeup from "mem" using /dev/rtc1 at Thu Jan  1 00:00:32 1970
[    6.922486] PM: suspend entry (deep)
[    6.926054] PM: Syncing filesystems ... done.
[    6.938040] Freezing user space processes ... (elapsed 0.001 seconds) done.
[    6.946108] OOM killer disabled.
[    6.949323] Freezing remaining freezable tasks ... (elapsed 0.001 seconds) done.
[    6.957881] Suspending console(s) (use no_console_suspend to debug)
[    7.003931] Disabling non-boot CPUs ...
[    7.102246] IRQ17 no longer affine to CPU2
[    7.162699] Entering suspend state LP1
[    7.162712] Enabling non-boot CPUs ...
[    7.163039] CPU1 is up
[    7.163280] CPU2 is up
[    7.163526] CPU3 is up
[    7.324027] mmc1: Switching to 3.3V signalling voltage failed
[    7.582154] tegra-sor 54540000.sor: failed to attach SOR: -110
[    7.646847] OOM killer enabled.
[    7.649977] Restarting tasks ... done.
[    7.661732] PM: suspend exit
root@(none):/# 
root@(none):/# rtcwake -d rtc1 -m mem -s 3
rtcwake: assuming RTC uses UTC ...
rtcwake: wakeup from "mem" using /dev/rtc1 at Thu Jan  1 00:00:36 1970
[    8.012369] PM: suspend entry (deep)
[    8.015936] PM: Syncing filesystems ... done.
[    8.028647] Freezing user space processes ... (elapsed 0.001 seconds) done.
[    8.036781] OOM killer disabled.
[    8.039996] Freezing remaining freezable tasks ... (elapsed 0.001 seconds) done.
[    8.048573] Suspending console(s) (use no_console_suspend to debug)
[    8.094852] Disabling non-boot CPUs ...
[    8.252639] Entering suspend state LP1
[    8.252652] Enabling non-boot CPUs ...
[    8.252954] CPU1 is up
[    8.253195] CPU2 is up
[    8.253448] CPU3 is up
[    8.413623] mmc1: Switching to 3.3V signalling voltage failed
[    8.672097] tegra-sor 54540000.sor: failed to attach SOR: -110
[    8.732286] OOM killer enabled.
[    8.735415] Restarting tasks ... done.
[    8.751205] PM: suspend exit
root@(none):/# 
root@(none):/# rtcwake -d rtc1 -m mem -s 3
rtcwake: assuming RTC uses UTC ...
rtcwake: wakeup from "mem" using /dev/rtc1 at Thu Jan  1 00:00:40 1970
[    9.102125] PM: suspend entry (deep)
[    9.105698] PM: Syncing filesystems ... done.
[    9.118132] Freezing user space processes ... (elapsed 0.001 seconds) done.
[    9.126261] OOM killer disabled.
[    9.129477] Freezing remaining freezable tasks ... (elapsed 0.001 seconds) done.
[    9.138049] Suspending console(s) (use no_console_suspend to debug)
[    9.184666] Disabling non-boot CPUs ...
[    9.342667] Entering suspend state LP1
[    9.342681] Enabling non-boot CPUs ...
[    9.342984] CPU1 is up
[    9.343228] CPU2 is up
[    9.343480] CPU3 is up
[    9.503533] mmc1: Switching to 3.3V signalling voltage failed
[    9.762040] tegra-sor 54540000.sor: failed to attach SOR: -110
[    9.822307] OOM killer enabled.
[    9.825436] Restarting tasks ... done.
[    9.841234] PM: suspend exit
root@(none):/# 
root@(none):/# rtcwake -d rtc1 -m mem -s 3
rtcwake: assuming RTC uses UTC ...
rtcwake: wakeup from "mem" using /dev/rtc1 at Thu Jan  1 00:00:44 1970
[   10.192254] PM: suspend entry (deep)
[   10.195823] PM: Syncing filesystems ... done.
[   10.208160] Freezing user space processes ... (elapsed 0.001 seconds) done.
[   10.216292] OOM killer disabled.
[   10.219508] Freezing remaining freezable tasks ... (elapsed 0.001 seconds) done.
[   10.228081] Suspending console(s) (use no_console_suspend to debug)
[   10.274716] Disabling non-boot CPUs ...
[   10.442648] Entering suspend state LP1
[   10.442661] Enabling non-boot CPUs ...
[   10.442964] CPU1 is up
[   10.443204] CPU2 is up
[   10.443451] CPU3 is up
[   10.603532] mmc1: Switching to 3.3V signalling voltage failed
[   10.862027] tegra-sor 54540000.sor: failed to attach SOR: -110
[   10.922407] OOM killer enabled.
[   10.925537] Restarting tasks ... done.
[   10.941178] PM: suspend exit
root@(none):/# 
root@(none):/# rtcwake -d rtc1 -m mem -s 3
rtcwake: assuming RTC uses UTC ...
rtcwake: wakeup from "mem" using /dev/rtc1 at Thu Jan  1 00:00:48 1970
[   11.292236] PM: suspend entry (deep)
[   11.295803] PM: Syncing filesystems ... done.
[   11.308076] Freezing user space processes ... (elapsed 0.001 seconds) done.
[   11.316211] OOM killer disabled.
[   11.319427] Freezing remaining freezable tasks ... (elapsed 0.001 seconds) done.
[   11.327995] Suspending console(s) (use no_console_suspend to debug)
[   11.373893] Disabling non-boot CPUs ...
[   11.552578] Entering suspend state LP1
[   11.552591] Enabling non-boot CPUs ...
[   11.552893] CPU1 is up
[   11.553137] CPU2 is up
[   11.553382] CPU3 is up
[   11.713510] mmc1: Switching to 3.3V signalling voltage failed
[   11.972034] tegra-sor 54540000.sor: failed to attach SOR: -110
[   12.032386] OOM killer enabled.
[   12.035516] Restarting tasks ... done.
[   12.051157] PM: suspend exit
root@(none):/# 
root@(none):/# rtcwake -d rtc1 -m mem -s 3
rtcwake: assuming RTC uses UTC ...
rtcwake: wakeup from "mem" using /dev/rtc1 at Thu Jan  1 00:00:52 1970
[   12.401969] PM: suspend entry (deep)
[   12.405565] PM: Syncing filesystems ... done.
[   12.418083] Freezing user space processes ... (elapsed 0.001 seconds) done.
[   12.426219] OOM killer disabled.
[   12.429435] Freezing remaining freezable tasks ... (elapsed 0.001 seconds) done.
[   12.438005] Suspending console(s) (use no_console_suspend to debug)
[   12.483882] Disabling non-boot CPUs ...
[   12.682559] Entering suspend state LP1
[   12.682572] Enabling non-boot CPUs ...
[   12.682874] CPU1 is up
[   12.683117] CPU2 is up
[   12.683367] CPU3 is up
[   12.843486] mmc1: Switching to 3.3V signalling voltage failed
[   13.102032] tegra-sor 54540000.sor: failed to attach SOR: -110
[   13.162358] OOM killer enabled.
[   13.165487] Restarting tasks ... done.
[   13.181133] PM: suspend exit
root@(none):/# 
root@(none):/# rtcwake -d rtc1 -m mem -s 3
rtcwake: assuming RTC uses UTC ...
rtcwake: wakeup from "mem" using /dev/rtc1 at Thu Jan  1 00:00:56 1970
[   13.531446] PM: suspend entry (deep)
[   13.535030] PM: Syncing filesystems ... done.
[   13.548036] Freezing user space processes ... (elapsed 0.001 seconds) done.
[   13.556171] OOM killer disabled.
[   13.559387] Freezing remaining freezable tasks ... (elapsed 0.001 seconds) done.
[   13.567957] Suspending console(s) (use no_console_suspend to debug)
[   13.613858] Disabling non-boot CPUs ...
[   13.782535] Entering suspend state LP1
[   13.782548] Enabling non-boot CPUs ...
[   13.782853] CPU1 is up
[   13.783095] CPU2 is up
[   13.783347] CPU3 is up
[   13.943479] mmc1: Switching to 3.3V signalling voltage failed
[   14.202032] tegra-sor 54540000.sor: failed to attach SOR: -110
[   14.262331] OOM killer enabled.
[   14.265460] Restarting tasks ... done.
[   14.281167] PM: suspend exit
root@(none):/# 
root@(none):/# rtcwake -d rtc1 -m mem -s 3
rtcwake: assuming RTC uses UTC ...
rtcwake: wakeup from "mem" using /dev/rtc1 at Thu Jan  1 00:01:00 1970
[   14.631553] PM: suspend entry (deep)
[   14.635138] PM: Syncing filesystems ... done.
[   14.648092] Freezing user space processes ... (elapsed 0.001 seconds) done.
[   14.656225] OOM killer disabled.
[   14.659441] Freezing remaining freezable tasks ... (elapsed 0.001 seconds) done.
[   14.668010] Suspending console(s) (use no_console_suspend to debug)
[   14.713838] Disabling non-boot CPUs ...
[   14.882521] Entering suspend state LP1
[   14.882535] Enabling non-boot CPUs ...
[   14.882836] CPU1 is up
[   14.883080] CPU2 is up
[   14.883329] CPU3 is up
[   15.043426] mmc1: Switching to 3.3V signalling voltage failed
[   15.302040] tegra-sor 54540000.sor: failed to attach SOR: -110
[   15.362270] OOM killer enabled.
[   15.365399] Restarting tasks ... done.
[   15.381107] PM: suspend exit
root@(none):/# 
root@(none):/# rtcwake -d rtc1 -m mem -s 3
rtcwake: assuming RTC uses UTC ...
rtcwake: wakeup from "mem" using /dev/rtc1 at Thu Jan  1 00:01:04 1970
[   15.731189] PM: suspend entry (deep)
[   15.734774] PM: Syncing filesystems ... done.
[   15.748038] Freezing user space processes ... (elapsed 0.001 seconds) done.
[   15.756171] OOM killer disabled.
[   15.759387] Freezing remaining freezable tasks ... (elapsed 0.001 seconds) done.
[   15.767959] Suspending console(s) (use no_console_suspend to debug)
[   15.813829] Disabling non-boot CPUs ...
[   15.992495] Entering suspend state LP1
[   15.992508] Enabling non-boot CPUs ...
[   15.992810] CPU1 is up
[   15.993052] CPU2 is up
[   15.993301] CPU3 is up
[   16.153870] mmc1: Switching to 3.3V signalling voltage failed
[   16.411984] tegra-sor 54540000.sor: failed to attach SOR: -110
[   16.472510] OOM killer enabled.
[   16.475640] Restarting tasks ... done.
[   16.491529] PM: suspend exit
root@(none):/# 
NVTB SYSTEM SUSPEND TEST COMPLETE
root@(none):/# 