
U-Boot SPL 2016.05-rc2 (Apr 21 2016 - 16:23:00)
Trying to boot from RAM


U-Boot 2016.05-rc2 (Apr 21 2016 - 16:23:00 -0700)

TEGRA124
Model: NVIDIA Jetson TK1
Board: NVIDIA Jetson TK1
DRAM:  2 GiB
MC:   Tegra SD/MMC: 0, Tegra SD/MMC: 1
In:    serial
Out:   serial
Err:   serial
Net:   No ethernet found.
Hit any key to stop autoboot:  2  0 
Tegra124 (Jetson TK1) # 
Tegra124 (Jetson TK1) # pci enum
Tegra124 (Jetson TK1) # setenv bootargs 'ignore_loglevel console=ttyS0,115200n8 rw root=PARTUUID=b1791faa-84e8-4e27-83a1-9fb0a77e8803 rootwait gpt debug noinitrd earlyprintk init=/bin/bash'
Tegra124 (Jetson TK1) # setenv ipaddr 192.168.100.102; setenv serverip 192.168.100.1; setenv tftpserverip 192.168.100.1
Tegra124 (Jetson TK1) # tftpboot 0x82000000 zImage.multi_v7_defconfig

Warning: eth_rtl8169 using MAC address from ROM
Using eth_rtl8169 device
TFTP from server 192.168.100.1; our IP address is 192.168.100.102
Filename 'zImage.multi_v7_defconfig'.
Load address: 0x82000000
Loading: *#################################################################
	 #################################################################
	 #################################################################
	 #################################################################
	 #################################################################
	 #################################################################
	 #################################################################
	 #################################################################
	 ###############
	 4 MiB/s
done
Bytes transferred = 7850056 (77c848 hex)
Tegra124 (Jetson TK1) # tftpboot 0x83000000 tegra124-jetson-tk1.dtb
Using eth_rtl8169 device
TFTP from server 192.168.100.1; our IP address is 192.168.100.102
Filename 'tegra124-jetson-tk1.dtb'.
Load address: 0x83000000
Loading: *#####
	 3.8 MiB/s
done
Bytes transferred = 67133 (1063d hex)
Tegra124 (Jetson TK1) # bootz 0x82000000 - 0x83000000
Kernel image @ 0x82000000 [ 0x000000 - 0x77c848 ]
## Flattened Device Tree blob at 83000000
   Booting using the fdt blob at 0x83000000
   Using Device Tree in place at 83000000, end 8301363c

Starting kernel ...

[    0.000000] Booting Linux on physical CPU 0x0
[    0.000000] Linux version 4.11.0-rc2-next-20170320-159700-g4f4f972 (jonathanh@sellafield) (gcc version 4.7.3 20130328 (prerelease) (crosstool-NG linaro-1.13.1-4.7-2013.04-20130415 - Linaro GCC 2013.04) ) #1 SMP Wed Mar 22 14:23:35 PDT 2017
[    0.000000] CPU: ARMv7 Processor [413fc0f3] revision 3 (ARMv7), cr=10c5387d
[    0.000000] CPU: div instructions available: patching division code
[    0.000000] CPU: PIPT / VIPT nonaliasing data cache, PIPT instruction cache
[    0.000000] OF: fdt: Machine model: NVIDIA Tegra124 Jetson TK1
[    0.000000] debug: ignoring loglevel setting.
[    0.000000] efi: Getting EFI parameters from FDT:
[    0.000000] efi: UEFI not found.
[    0.000000] cma: Reserved 64 MiB at 0xfb800000
[    0.000000] Memory policy: Data cache writealloc
[    0.000000] On node 0 totalpages: 524032
[    0.000000] free_area_init_node: node 0, pgdat c157b940, node_mem_map eeff8000
[    0.000000]   DMA zone: 1536 pages used for memmap
[    0.000000]   DMA zone: 0 pages reserved
[    0.000000]   DMA zone: 196608 pages, LIFO batch:31
[    0.000000]   HighMem zone: 327424 pages, LIFO batch:31
[    0.000000] percpu: Embedded 17 pages/cpu @eef82000 s38528 r8192 d22912 u69632
[    0.000000] pcpu-alloc: s38528 r8192 d22912 u69632 alloc=17*4096
[    0.000000] pcpu-alloc: [0] 0 [0] 1 [0] 2 [0] 3 
[    0.000000] Built 1 zonelists in Zone order, mobility grouping on.  Total pages: 522496
[    0.000000] Kernel command line: ignore_loglevel console=ttyS0,115200n8 rw root=PARTUUID=b1791faa-84e8-4e27-83a1-9fb0a77e8803 rootwait gpt debug noinitrd earlyprintk init=/bin/bash
[    0.000000] PID hash table entries: 4096 (order: 2, 16384 bytes)
[    0.000000] Dentry cache hash table entries: 131072 (order: 7, 524288 bytes)
[    0.000000] Inode-cache hash table entries: 65536 (order: 6, 262144 bytes)
[    0.000000] Memory: 1993460K/2096128K available (10240K kernel code, 1548K rwdata, 4388K rodata, 2048K init, 417K bss, 37132K reserved, 65536K cma-reserved, 1244160K highmem)
[    0.000000] Virtual kernel memory layout:
[    0.000000]     vector  : 0xffff0000 - 0xffff1000   (   4 kB)
[    0.000000]     fixmap  : 0xffc00000 - 0xfff00000   (3072 kB)
[    0.000000]     vmalloc : 0xf0800000 - 0xff800000   ( 240 MB)
[    0.000000]     lowmem  : 0xc0000000 - 0xf0000000   ( 768 MB)
[    0.000000]     pkmap   : 0xbfe00000 - 0xc0000000   (   2 MB)
[    0.000000]     modules : 0xbf000000 - 0xbfe00000   (  14 MB)
[    0.000000]       .text : 0xc0208000 - 0xc0d00000   (11232 kB)
[    0.000000]       .init : 0xc1200000 - 0xc1400000   (2048 kB)
[    0.000000]       .data : 0xc1400000 - 0xc1583390   (1549 kB)
[    0.000000]        .bss : 0xc1585000 - 0xc15ed5c8   ( 418 kB)
[    0.000000] SLUB: HWalign=64, Order=0-3, MinObjects=0, CPUs=4, Nodes=1
[    0.000000] Hierarchical RCU implementation.
[    0.000000] 	RCU debugfs-based tracing is enabled.
[    0.000000] 	RCU restricting CPUs from NR_CPUS=16 to nr_cpu_ids=4.
[    0.000000] RCU: Adjusting geometry for rcu_fanout_leaf=16, nr_cpu_ids=4
[    0.000000] NR_IRQS:16 nr_irqs:16 16
[    0.000000] /interrupt-controller@60004000: 160 interrupts forwarded to /interrupt-controller@50041000
[    0.000000] Tegra clk 127: register failed with -17
[    0.000007] sched_clock: 32 bits at 1000kHz, resolution 1000ns, wraps every 2147483647500ns
[    0.000026] clocksource: timer_us: mask: 0xffffffff max_cycles: 0xffffffff, max_idle_ns: 1911260446275 ns
[    0.000042] Switching to timer-based delay loop, resolution 1000ns
[    0.005064] arm_arch_timer: Architected cp15 timer(s) running at 12.00MHz (virt).
[    0.005084] clocksource: arch_sys_counter: mask: 0xffffffffffffff max_cycles: 0x2c47f4ee7, max_idle_ns: 440795202497 ns
[    0.005104] sched_clock: 56 bits at 12MHz, resolution 83ns, wraps every 4398046511096ns
[    0.005118] Switching to timer-based delay loop, resolution 83ns
[    0.005555] Console: colour dummy device 80x30
[    0.005585] Calibrating delay loop (skipped), value calculated using timer frequency.. 24.00 BogoMIPS (lpj=120000)
[    0.005604] pid_max: default: 32768 minimum: 301
[    0.005698] Mount-cache hash table entries: 2048 (order: 1, 8192 bytes)
[    0.005713] Mountpoint-cache hash table entries: 2048 (order: 1, 8192 bytes)
[    0.006191] CPU: Testing write buffer coherency: ok
[    0.006439] /cpus/cpu@0 missing clock-frequency property
[    0.006482] /cpus/cpu@1 missing clock-frequency property
[    0.006525] /cpus/cpu@2 missing clock-frequency property
[    0.006569] /cpus/cpu@3 missing clock-frequency property
[    0.006582] CPU0: thread -1, cpu 0, socket 0, mpidr 80000000
[    0.006871] Setting up static identity map for 0x80300000 - 0x80300098
[    0.010528] Tegra Revision: A01 SKU: 129 CPU Process: 1 SoC Process: 1
[    0.011247] EFI services will not be available.
[    0.011475] smp: Bringing up secondary CPUs ...
[    0.012067] CPU1: thread -1, cpu 1, socket 0, mpidr 80000001
[    0.015305] CPU2: thread -1, cpu 2, socket 0, mpidr 80000002
[    0.025313] CPU3: thread -1, cpu 3, socket 0, mpidr 80000003
[    0.034752] smp: Brought up 1 node, 4 CPUs
[    0.034773] SMP: Total of 4 processors activated (96.00 BogoMIPS).
[    0.034782] CPU: All CPU(s) started in SVC mode.
[    0.036269] devtmpfs: initialized
[    0.052248] VFP support v0.3: implementor 41 architecture 4 part 30 variant f rev 0
[    0.052650] clocksource: jiffies: mask: 0xffffffff max_cycles: 0xffffffff, max_idle_ns: 19112604462750000 ns
[    0.052669] futex hash table entries: 1024 (order: 4, 65536 bytes)
[    0.054087] pinctrl core: initialized pinctrl subsystem
[    0.056005] NET: Registered protocol family 16
[    0.058061] DMA: preallocated 256 KiB pool for atomic coherent allocations
[    0.060511] cpuidle: using governor menu
[    0.087073] No ATAGs?
[    0.087199] hw-breakpoint: found 5 (+1 reserved) breakpoint and 4 watchpoint registers.
[    0.087215] hw-breakpoint: maximum watchpoint size is 8 bytes.
[    0.093751] Serial: AMBA PL011 UART driver
[    0.109723] AT91: Could not find identification node
[    0.110265] +5V_SYS: supplied by +VDD_MUX
[    0.110537] +3.3V_SYS: supplied by +VDD_MUX
[    0.111125] +USB0_VBUS_SW: Failed to request enable GPIO108: -517
[    0.111141] reg-fixed-voltage regulators:regulator@7: Failed to register regulator: -517
[    0.111232] +5V_USB_HS: Failed to request enable GPIO109: -517
[    0.111246] reg-fixed-voltage regulators:regulator@8: Failed to register regulator: -517
[    0.111413] +1.05V_RUN_AVDD_HDMI_PLL: Failed to request enable GPIO63: -517
[    0.111426] reg-fixed-voltage regulators:regulator@11: Failed to register regulator: -517
[    0.111514] +5V_HDMI_CON: Failed to request enable GPIO86: -517
[    0.111527] reg-fixed-voltage regulators:regulator@12: Failed to register regulator: -517
[    0.111615] +5V_SATA: Failed to request enable GPIO242: -517
[    0.111628] reg-fixed-voltage regulators:regulator@13: Failed to register regulator: -517
[    0.111715] +12V_SATA: Failed to request enable GPIO242: -517
[    0.111728] reg-fixed-voltage regulators:regulator@14: Failed to register regulator: -517
[    0.114842] vgaarb: loaded
[    0.115625] SCSI subsystem initialized
[    0.115788] libata version 3.00 loaded.
[    0.116030] usbcore: registered new interface driver usbfs
[    0.116087] usbcore: registered new interface driver hub
[    0.116147] usbcore: registered new device driver usb
[    0.119560] pps_core: LinuxPPS API ver. 1 registered
[    0.119571] pps_core: Software ver. 5.3.6 - Copyright 2005-2007 Rodolfo Giometti <giometti@linux.it>
[    0.119596] PTP clock support registered
[    0.119783] EDAC MC: Ver: 3.0.0
[    0.122620] clocksource: Switched to clocksource arch_sys_counter
[    0.176015] NET: Registered protocol family 2
[    0.176534] TCP established hash table entries: 8192 (order: 3, 32768 bytes)
[    0.176634] TCP bind hash table entries: 8192 (order: 4, 65536 bytes)
[    0.176821] TCP: Hash tables configured (established 8192 bind 8192)
[    0.176904] UDP hash table entries: 512 (order: 2, 16384 bytes)
[    0.176948] UDP-Lite hash table entries: 512 (order: 2, 16384 bytes)
[    0.177100] NET: Registered protocol family 1
[    0.177415] RPC: Registered named UNIX socket transport module.
[    0.177426] RPC: Registered udp transport module.
[    0.177435] RPC: Registered tcp transport module.
[    0.177443] RPC: Registered tcp NFSv4.1 backchannel transport module.
[    0.177455] PCI: CLS 0 bytes, default 64
[    0.178685] hw perfevents: enabled with armv7_cortex_a15 PMU driver, 7 counters available
[    0.180495] workingset: timestamp_bits=30 max_order=19 bucket_order=0
[    0.188715] squashfs: version 4.0 (2009/01/31) Phillip Lougher
[    0.189402] NFS: Registering the id_resolver key type
[    0.189424] Key type id_resolver registered
[    0.189433] Key type id_legacy registered
[    0.189475] ntfs: driver 2.1.32 [Flags: R/O].
[    0.190996] bounce: pool size: 64 pages
[    0.191037] Block layer SCSI generic (bsg) driver version 0.4 loaded (major 248)
[    0.191049] io scheduler noop registered
[    0.191058] io scheduler deadline registered
[    0.191220] io scheduler cfq registered (default)
[    0.191231] io scheduler mq-deadline registered
[    0.196527]  usb2-0: usb2-0 supply vbus not found, using dummy regulator
[    0.196657]  usb2-1: usb2-1 supply vbus not found, using dummy regulator
[    0.197096] tegra-xusb-padctl 7009f000.padctl: failed to setup XUSB ports: -517
[    0.213186] tegra-pcie 1003000.pcie-controller: 2x1, 1x1 configuration
[    0.213241] tegra-pcie 1003000.pcie-controller: Failed to get supply 'avddio-pex': -517
[    0.219449] tegra124-dfll 70110000.clock: couldn't get vdd_cpu regulator
[    0.227032] tegra-apbdma 60020000.dma: Tegra20 APB DMA driver register 32 channels
[    0.229544] tegra-pmc 7000e400.pmc: emergency thermal reset enabled
[    0.283374] Serial: 8250/16550 driver, 4 ports, IRQ sharing disabled
[    0.285911] console [ttyS0] disabled
[    0.285949] 70006300.serial: ttyS0 at MMIO 0x70006300 (irq = 335, base_baud = 25500000) is a Tegra
[    1.175208] console [ttyS0] enabled
[    1.179515] SuperH (H)SCI(F) driver initialized
[    1.185043] msm_serial: driver initialized
[    1.189316] STMicroelectronics ASC driver initialized
[    1.195226] 70006000.serial: ttyTHS1 at MMIO 0x70006000 (irq = 333, base_baud = 0) is a TEGRA_UART
[    1.204490] 70006040.serial: ttyTHS2 at MMIO 0x70006040 (irq = 334, base_baud = 0) is a TEGRA_UART
[    1.218857] tegra-hdmi 54280000.hdmi: failed to get HDMI regulator
[    1.237643] brd: module loaded
[    1.247618] loop: module loaded
[    1.251926] at24 0-0056: 256 byte 24c02 EEPROM, writable, 8 bytes/write
[    1.260265] as3722 4-0040: AS3722 with revision 0x1 found
[    1.272017] as3722-sd2: supplied by +5V_SYS
[    1.276660] as3722-sd3: supplied by +5V_SYS
[    1.281043] +1.35V_LP0(sd3): Bringing 0uV into 1350000-1350000uV
[    1.287471] as3722-sd4: supplied by +5V_SYS
[    1.292074] as3722-sd5: supplied by +5V_SYS
[    1.298116] as3722-ldo0: supplied by +1.35V_LP0(sd2)
[    1.304180] +1.8V_RUN_CAM: Bringing 0uV into 1800000-1800000uV
[    1.310368] as3722-ldo2: supplied by +1.8V_VDDIO
[    1.316255] as3722-ldo3: supplied by +3.3V_SYS
[    1.320734] +1.05V_LP0_VDD_RTC: Bringing 1100000uV into 1000000-1000000uV
[    1.328501] as3722-ldo4: supplied by +3.3V_SYS
[    1.333184] +2.8V_RUN_CAM: Bringing 0uV into 2800000-2800000uV
[    1.339366] as3722-ldo5: supplied by +1.8V_VDDIO
[    1.344205] +1.2V_RUN_CAM_FRONT: Bringing 0uV into 1200000-1200000uV
[    1.351103] +VDDIO_SDMMC3: bypassed regulator has no supply!
[    1.356776] +VDDIO_SDMMC3: failed to get the current voltage(-517)
[    1.362968] as3722-regulator as3722-regulator: regulator 13 register failed -517
[    1.375836] tegra-ahci 70027000.sata: couldn't get PHY in node sata: -517
[    1.395241] random: fast init done
[    1.398768] m25p80 spi32765.0: w25q32dw (4096 Kbytes)
[    1.406559] libphy: Fixed MDIO Bus: probed
[    1.411729] CAN device driver interface
[    1.416502] bgmac_bcma: Broadcom 47xx GBit MAC driver loaded
[    1.423542] e1000e: Intel(R) PRO/1000 Network Driver - 3.2.6-k
[    1.429366] e1000e: Copyright(c) 1999 - 2015 Intel Corporation.
[    1.435428] igb: Intel(R) Gigabit Ethernet Network Driver - version 5.4.0-k
[    1.442378] igb: Copyright (c) 2007-2014 Intel Corporation.
[    1.451564] pegasus: v0.9.3 (2013/04/25), Pegasus/Pegasus II USB Ethernet driver
[    1.459017] usbcore: registered new interface driver pegasus
[    1.464734] usbcore: registered new interface driver asix
[    1.470159] usbcore: registered new interface driver ax88179_178a
[    1.476298] usbcore: registered new interface driver cdc_ether
[    1.482171] usbcore: registered new interface driver smsc75xx
[    1.487977] usbcore: registered new interface driver smsc95xx
[    1.493768] usbcore: registered new interface driver net1080
[    1.499454] usbcore: registered new interface driver cdc_subset
[    1.505414] usbcore: registered new interface driver zaurus
[    1.511032] usbcore: registered new interface driver cdc_ncm
[    1.516924] tegra-phy 7d004000.usb-phy: no vbus regulator
[    1.524289] ehci_hcd: USB 2.0 'Enhanced' Host Controller (EHCI) Driver
[    1.530807] ehci-pci: EHCI PCI platform driver
[    1.535302] ehci-platform: EHCI generic platform driver
[    1.540727] ehci-orion: EHCI orion driver
[    1.544905] SPEAr-ehci: EHCI SPEAr driver
[    1.549053] ehci-st: EHCI STMicroelectronics driver
[    1.554086] ehci-exynos: EHCI EXYNOS driver
[    1.558425] ehci-atmel: EHCI Atmel driver
[    1.562566] tegra-ehci: Tegra EHCI driver
[    1.569413] tegra-ehci 7d004000.usb: EHCI Host Controller
[    1.574848] tegra-ehci 7d004000.usb: new USB bus registered, assigned bus number 1
[    1.582639] tegra-ehci 7d004000.usb: irq 354, io mem 0x7d004000
[    1.612648] tegra-ehci 7d004000.usb: USB 2.0 started, EHCI 1.10
[    1.619346] hub 1-0:1.0: USB hub found
[    1.623147] hub 1-0:1.0: 1 port detected
[    1.627584] ohci_hcd: USB 1.1 'Open' Host Controller (OHCI) Driver
[    1.633803] ohci-pci: OHCI PCI platform driver
[    1.638283] ohci-platform: OHCI generic platform driver
[    1.643688] ohci-omap3: OHCI OMAP3 driver
[    1.647826] SPEAr-ohci: OHCI SPEAr driver
[    1.651969] ohci-st: OHCI STMicroelectronics driver
[    1.656993] ohci-atmel: OHCI Atmel driver
[    1.661760] usbcore: registered new interface driver usb-storage
[    1.672099] as3722-rtc as3722-rtc: rtc core: registered as3722-rtc as rtc0
[    1.678998] as3722-rtc as3722-rtc: RTC interrupt 377
[    1.687208] tegra_rtc 7000e000.rtc: rtc core: registered 7000e000.rtc as rtc1
[    1.694390] tegra_rtc 7000e000.rtc: Tegra internal Real Time Clock
[    1.701081] i2c /dev entries driver
[    1.711281] lm90 0-004c: 0-004c supply vcc not found, using dummy regulator
[    1.728476] sdhci: Secure Digital Host Controller Interface driver
[    1.734676] sdhci: Copyright(c) Pierre Ossman
[    1.740619] Synopsys Designware Multimedia Card Interface Driver
[    1.747949] sdhci-pltfm: SDHCI platform and OF driver helper
[    1.754382] sdhci-tegra 700b0400.sdhci: Got CD GPIO
[    1.759271] sdhci-tegra 700b0400.sdhci: Got WP GPIO
[    1.780512] mmc0: Unknown controller version (3). You may experience problems.
[    1.787786] mmc0: Invalid maximum block size, assuming 512 bytes
[    1.852645] mmc0: SDHCI controller on 700b0600.sdhci [700b0600.sdhci] using ADMA
[    1.861964] ledtrig-cpu: registered to indicate activity on CPUs
[    1.868374] usbcore: registered new interface driver usbhid
[    1.874031] usbhid: USB HID core driver
[    1.881940] NET: Registered protocol family 10
[    1.887358] Segment Routing with IPv6
[    1.891148] sit: IPv6, IPv4 and MPLS over IPv4 tunneling driver
[    1.897659] NET: Registered protocol family 17
[    1.902105] can: controller area network core (rev 20120528 abi 9)
[    1.908340] NET: Registered protocol family 29
[    1.912794] can: raw protocol (rev 20120528)
[    1.917058] can: broadcast manager protocol (rev 20161123 t)
[    1.922726] can: netlink gateway (rev 20130117) max_hops=1
[    1.928493] Key type dns_resolver registered
[    1.933318] ThumbEE CPU extension supported.
[    1.937587] Registering SWP/SWPB emulation handler
[    1.954811] +3.3V_RUN: supplied by +3.3V_SYS
[    1.959957] +USB0_VBUS_SW: supplied by +5V_SYS
[    1.964627] +3.3V_AVDD_HDMI_AP_GATED: supplied by +3.3V_RUN
[    1.970538] +5V_USB_HS: supplied by +5V_SYS
[    1.975973] +3.3V_LP0: supplied by +3.3V_SYS
[    1.981864] +5V_HDMI_CON: supplied by +5V_SYS
[    1.986936] +5V_SATA: supplied by +5V_SYS
[    1.991495] +12V_SATA: supplied by +VDD_MUX
[    1.997746]  usb2-0: usb2-0 supply vbus not found, using dummy regulator
[    2.004740]  usb2-1: usb2-1 supply vbus not found, using dummy regulator
[    2.011876]  usb3-0: usb3-0 supply vbus not found, using dummy regulator
[    2.020059] tegra-pcie 1003000.pcie-controller: 2x1, 1x1 configuration
[    2.026748] tegra-pcie 1003000.pcie-controller: Failed to get supply 'avddio-pex': -517
[    2.027109] mmc0: new high speed MMC card at address 0001
[    2.028151] mmcblk0: mmc0:0001 SEM16G 14.7 GiB 
[    2.028489] mmcblk0boot0: mmc0:0001 SEM16G partition 1 4.00 MiB
[    2.029151] mmcblk0boot1: mmc0:0001 SEM16G partition 2 4.00 MiB
[    2.029937] mmcblk0rpmb: mmc0:0001 SEM16G partition 3 4.00 MiB
[    2.065678] tegra124-dfll 70110000.clock: couldn't get vdd_cpu regulator
[    2.074047]  mmcblk0: p1
[    2.078584] tegra-hdmi 54280000.hdmi: failed to get PLL regulator
[    2.088859] as3722-sd2: supplied by +5V_SYS
[    2.093499] as3722-sd3: supplied by +5V_SYS
[    2.097996] as3722-sd4: supplied by +5V_SYS
[    2.102405] as3722-sd5: supplied by +5V_SYS
[    2.108069] as3722-ldo0: supplied by +1.35V_LP0(sd2)
[    2.113713] as3722-ldo1: supplied by +3.3V_RUN
[    2.118451] as3722-ldo2: supplied by +1.8V_VDDIO
[    2.124207] as3722-ldo3: supplied by +3.3V_SYS
[    2.129516] as3722-ldo4: supplied by +3.3V_SYS
[    2.134339] as3722-ldo5: supplied by +1.8V_VDDIO
[    2.139214] as3722-ldo6: supplied by +3.3V_RUN
[    2.143937] as3722-ldo7: supplied by +1.8V_VDDIO
[    2.149276] +1.05V_RUN_CAM_REAR: Bringing 0uV into 1050000-1050000uV
[    2.156348] as3722-ldo9: supplied by +5V_SYS
[    2.161770] +3.3V_RUN_TOUCH: Bringing 0uV into 2800000-2800000uV
[    2.168495] as3722-ldo10: supplied by +5V_SYS
[    2.173605] +2.8V_RUN_CAM_AF: Bringing 0uV into 2800000-2800000uV
[    2.180383] as3722-ldo11: supplied by +3.3V_RUN
[    2.185661] +1.8V_RUN_VPP_FUSE: Bringing 0uV into 1800000-1800000uV
[    2.195252] tegra-ahci 70027000.sata: AHCI 0001.0301 32 slots 2 ports 3 Gbps 0x1 impl platform mode
[    2.204329] tegra-ahci 70027000.sata: flags: 64bit ncq sntf pm led pio slum part sadm sds apst 
[    2.214882] scsi host0: tegra-ahci
[    2.219417] scsi host1: tegra-ahci
[    2.223187] ata1: SATA max UDMA/133 mmio [mem 0x70027000-0x70028fff] port 0x100 irq 345
[    2.231192] ata2: DUMMY
[    2.236939] tegra-ehci 7d008000.usb: EHCI Host Controller
[    2.242358] tegra-ehci 7d008000.usb: new USB bus registered, assigned bus number 2
[    2.250129] tegra-ehci 7d008000.usb: irq 355, io mem 0x7d008000
[    2.282744] tegra-ehci 7d008000.usb: USB 2.0 started, EHCI 1.10
[    2.289783] hub 2-0:1.0: USB hub found
[    2.293648] hub 2-0:1.0: 1 port detected
[    2.299950] sdhci-tegra 700b0400.sdhci: Got CD GPIO
[    2.304907] sdhci-tegra 700b0400.sdhci: Got WP GPIO
[    2.316858] mmc1: Unknown controller version (3). You may experience problems.
[    2.324201] mmc1: Invalid maximum block size, assuming 512 bytes
[    2.393167] mmc1: SDHCI controller on 700b0400.sdhci [700b0400.sdhci] using ADMA
[    2.401266] tegra-pcie 1003000.pcie-controller: 2x1, 1x1 configuration
[    2.409869] tegra-pcie 1003000.pcie-controller: probing port 0, using 2 lanes
[    2.419162] tegra-pcie 1003000.pcie-controller: Slot present pin change, signature: 00000008
[    2.442795] tegra-pcie 1003000.pcie-controller: probing port 1, using 1 lanes
[    2.451957] tegra-pcie 1003000.pcie-controller: Slot present pin change, signature: 00000000
[    2.466676] tegra-pcie 1003000.pcie-controller: PCI host bridge to bus 0000:00
[    2.473948] pci_bus 0000:00: root bus resource [io  0x0000-0xffff]
[    2.480140] pci_bus 0000:00: root bus resource [mem 0x13000000-0x1fffffff]
[    2.487058] pci_bus 0000:00: root bus resource [mem 0x20000000-0x3fffffff pref]
[    2.494418] pci_bus 0000:00: root bus resource [bus 00-ff]
[    2.499952] pci 0000:00:01.0: [10de:0e12] type 01 class 0x060400
[    2.506057] pci_bus 0000:00: 2-byte config write to 0000:00:01.0 offset 0x88 may corrupt adjacent RW1C bits
[    2.515877] pci_bus 0000:00: 2-byte config write to 0000:00:01.0 offset 0x52 may corrupt adjacent RW1C bits
[    2.525709] pci 0000:00:01.0: PME# supported from D0 D1 D2 D3hot D3cold
[    2.532340] pci_bus 0000:00: 2-byte config write to 0000:00:01.0 offset 0x4c may corrupt adjacent RW1C bits
[    2.542365] pci 0000:00:02.0: [10de:0e13] type 01 class 0x060400
[    2.548457] pci_bus 0000:00: 2-byte config write to 0000:00:02.0 offset 0x88 may corrupt adjacent RW1C bits
[    2.558279] pci_bus 0000:00: 2-byte config write to 0000:00:02.0 offset 0x52 may corrupt adjacent RW1C bits
[    2.566382] ata1: SATA link down (SStatus 0 SControl 300)
[    2.573505] pci 0000:00:02.0: PME# supported from D0 D1 D2 D3hot D3cold
[    2.580133] pci_bus 0000:00: 2-byte config write to 0000:00:02.0 offset 0x4c may corrupt adjacent RW1C bits
[    2.590160] pci_bus 0000:00: 2-byte config write to 0000:00:01.0 offset 0x3e may corrupt adjacent RW1C bits
[    2.599913] pci_bus 0000:00: 2-byte config write to 0000:00:02.0 offset 0x3e may corrupt adjacent RW1C bits
[    2.609659] pci_bus 0000:00: 2-byte config write to 0000:00:01.0 offset 0x4 may corrupt adjacent RW1C bits
[    2.619317] pci_bus 0000:00: 1-byte config write to 0000:00:01.0 offset 0xc may corrupt adjacent RW1C bits
[    2.628975] PCI: bus0: Fast back to back transfers disabled
[    2.634562] pci 0000:00:01.0: bridge configuration invalid ([bus 00-00]), reconfiguring
[    2.642583] pci 0000:00:02.0: bridge configuration invalid ([bus 00-00]), reconfiguring
[    2.650865] pci 0000:01:00.0: [8086:4232] type 00 class 0x028000
[    2.656962] pci 0000:01:00.0: reg 0x10: [mem 0x00000000-0x00001fff 64bit]
[    2.663973] pci 0000:01:00.0: PME# supported from D0 D3hot D3cold
[    2.684857] mmc1: new high speed SDHC card at address aaaa
[    2.691291] mmcblk1: mmc1:aaaa SD04G 3.69 GiB 
[    2.696115] PCI: bus1: Fast back to back transfers disabled
[    2.701716] pci_bus 0000:01: busn_res: [bus 01-ff] end is updated to 01
[    2.708592] pci 0000:02:00.0: [10ec:8168] type 00 class 0x020000
[    2.714638] pci 0000:02:00.0: reg 0x10: [io  0x0000-0x00ff]
[    2.720235] pci 0000:02:00.0: reg 0x18: [mem 0x00000000-0x00000fff 64bit]
[    2.727062] pci 0000:02:00.0: reg 0x20: [mem 0x00000000-0x00003fff 64bit pref]
[    2.734444] pci 0000:02:00.0: supports D1 D2
[    2.738711] pci 0000:02:00.0: PME# supported from D0 D1 D2 D3hot D3cold
[    2.758884]  mmcblk1: p1 p2 p3
[    2.772781] PCI: bus2: Fast back to back transfers disabled
[    2.778361] pci_bus 0000:02: busn_res: [bus 02-ff] end is updated to 02
[    2.785210] pci 0000:00:01.0: BAR 8: assigned [mem 0x13000000-0x130fffff]
[    2.792004] pci 0000:00:02.0: BAR 8: assigned [mem 0x13100000-0x131fffff]
[    2.798841] pci 0000:00:02.0: BAR 9: assigned [mem 0x20000000-0x200fffff 64bit pref]
[    2.806629] pci 0000:00:02.0: BAR 7: assigned [io  0x1000-0x1fff]
[    2.812748] pci 0000:01:00.0: BAR 0: assigned [mem 0x13000000-0x13001fff 64bit]
[    2.820077] pci 0000:00:01.0: PCI bridge to [bus 01]
[    2.825090] pci 0000:00:01.0:   bridge window [mem 0x13000000-0x130fffff]
[    2.831891] pci 0000:02:00.0: BAR 4: assigned [mem 0x20000000-0x20003fff 64bit pref]
[    2.839666] pci 0000:02:00.0: BAR 2: assigned [mem 0x13100000-0x13100fff 64bit]
[    2.847039] pci 0000:02:00.0: BAR 0: assigned [io  0x1000-0x10ff]
[    2.853157] pci 0000:00:02.0: PCI bridge to [bus 02]
[    2.858119] pci 0000:00:02.0:   bridge window [io  0x1000-0x1fff]
[    2.864258] pci 0000:00:02.0:   bridge window [mem 0x13100000-0x131fffff]
[    2.871044] pci 0000:00:02.0:   bridge window [mem 0x20000000-0x200fffff 64bit pref]
[    2.878831] pci 0000:00:01.0: nv_msi_ht_cap_quirk didn't locate host bridge
[    2.885937] pcieport 0000:00:01.0: enabling device (0140 -> 0142)
[    2.892266] pcieport 0000:00:01.0: Signaling PME with IRQ 393
[    2.898128] pci 0000:00:02.0: nv_msi_ht_cap_quirk didn't locate host bridge
[    2.905225] pcieport 0000:00:02.0: enabling device (0140 -> 0143)
[    2.911566] pcieport 0000:00:02.0: Signaling PME with IRQ 394
[    2.917606] r8169 Gigabit Ethernet driver 2.3LK-NAPI loaded
[    2.923247] r8169 0000:02:00.0: enabling device (0140 -> 0143)
[    2.954339] r8169 0000:02:00.0 eth0: RTL8168g/8111g at 0xf0b56000, 00:04:4b:3a:d9:81, XID 0c000800 IRQ 395
[    2.964031] r8169 0000:02:00.0 eth0: jumbo features [frames: 9200 bytes, tx checksumming: ko]
[    2.976833] +1.05V_RUN_AVDD_HDMI_PLL: supplied by +1.05V_RUN
[    2.984611] [drm] Supports vblank timestamp caching Rev 2 (21.10.2013).
[    2.991239] [drm] No driver support for vblank timestamp query.
[    3.117750] tegra-hdmi 54280000.hdmi: cannot set audio to 48000 Hz at 297000000 Hz pixel clock
[    3.364739] Console: switching to colour frame buffer device 512x135
[    3.463353] drm drm: fb0:  frame buffer device
[    3.467869] [drm] Initialized tegra 0.0.0 20120330 for drm on minor 0
[    3.475787] of: dev_pm_opp_of_cpumask_add_table: couldn't find opp table for cpu:0, -19
[    3.483854] cpufreq: cpufreq_online: CPU0: Running at unlisted freq: 696000 KHz
[    3.491167] cpufreq: cpufreq_online: CPU0: Unlisted initial frequency changed to: 714000 KHz
[    3.500158] input: gpio-keys as /devices/soc0/gpio-keys/input/input0
[    3.507356] as3722-rtc as3722-rtc: setting system clock to 2000-01-01 00:00:45 UTC (946684845)
[    3.516430] +USB0_VBUS_SW: disabling
[    3.520006] +1.8V_RUN_CAM: disabling
[    3.523797] +2.8V_RUN_CAM: disabling
[    3.527538] +1.2V_RUN_CAM_FRONT: disabling
[    3.531729] +1.05V_RUN_CAM_REAR: disabling
[    3.536021] +3.3V_RUN_TOUCH: disabling
[    3.539864] +2.8V_RUN_CAM_AF: disabling
[    3.543870] +1.8V_RUN_VPP_FUSE: disabling
[    3.548798] EXT4-fs (mmcblk0p1): mounting ext3 file system using the ext4 subsystem
[    3.570594] EXT4-fs (mmcblk0p1): recovery complete
[    3.575413] EXT4-fs (mmcblk0p1): mounted filesystem with ordered data mode. Opts: (null)
[    3.583556] VFS: Mounted root (ext3 filesystem) on device 179:1.
[    3.592829] devtmpfs: mounted
[    3.596406] Freeing unused kernel memory: 2048K
bash: cannot set terminal process group (-1): Inappropriate ioctl for device
bash: no job control in this shell
root@(none):/# mount -t sysfs none /sys
root@(none):/# 
root@(none):/# mount -t debugfs none /sys/kernel/debug
root@(none):/# 
root@(none):/# rtcwake -d rtc1 -m mem -s 3
rtcwake: assuming RTC uses UTC ...
rtcwake: wakeup from "mem" using /dev/rtc1 at Thu Jan  1 00:00:20 1970
[    6.524332] PM: Syncing filesystems ... done.
[    6.713709] Freezing user space processes ... (elapsed 0.001 seconds) done.
[    6.722024] Freezing remaining freezable tasks ... (elapsed 0.001 seconds) done.
[    6.730634] Suspending console(s) (use no_console_suspend to debug)
[    6.864169] PM: suspend of devices complete after 126.692 msecs
[    6.866383] PM: late suspend of devices complete after 2.203 msecs
[    6.893898] PM: noirq suspend of devices complete after 27.507 msecs
[    6.893901] Disabling non-boot CPUs ...
[    7.005666] IRQ17 no longer affine to CPU3
[    7.055166] Entering suspend state LP1
[    7.055166] Suspended for 2.869 seconds
[    7.055178] Enabling non-boot CPUs ...
[    7.084613] CPU1 is up
[    7.124533] CPU2 is up
[    7.164818] CPU3 is up
[    7.165505] pcieport 0000:00:01.0: nv_msi_ht_cap_quirk didn't locate host bridge
[    7.165507] pcieport 0000:00:02.0: nv_msi_ht_cap_quirk didn't locate host bridge
[    7.192708] PM: noirq resume of devices complete after 27.883 msecs
[    7.194188] PM: early resume of devices complete after 1.148 msecs
[    7.198009] tegra-hdmi 54280000.hdmi: cannot set audio to 48000 Hz at 297000000 Hz pixel clock
[    7.319612] PM: resume of devices complete after 125.412 msecs
[    7.406710] Restarting tasks ... done.
root@(none):/# 
root@(none):/# [    7.525277] ata1: SATA link down (SStatus 0 SControl 300)
rtcwake -d rtc1 -m mem -s 3
rtcwake: assuming RTC uses UTC ...
rtcwake: wakeup from "mem" using /dev/rtc1 at Thu Jan  1 00:00:25 1970
[    8.684312] PM: Syncing filesystems ... done.
[    8.872806] Freezing user space processes ... (elapsed 0.001 seconds) done.
[    8.881111] Freezing remaining freezable tasks ... (elapsed 0.001 seconds) done.
[    8.889728] Suspending console(s) (use no_console_suspend to debug)
[    8.913226] pci_generic_config_write32: 118 callbacks suppressed
[    8.913234] pci_bus 0000:00: 2-byte config write to 0000:00:02.0 offset 0x9c may corrupt adjacent RW1C bits
[    8.913260] pci_bus 0000:00: 2-byte config write to 0000:00:01.0 offset 0x9c may corrupt adjacent RW1C bits
[    9.024238] PM: suspend of devices complete after 127.752 msecs
[    9.025849] PM: late suspend of devices complete after 1.600 msecs
[    9.026284] pci_bus 0000:02: 2-byte config write to 0000:02:00.0 offset 0x44 may corrupt adjacent RW1C bits
[    9.026302] pci_bus 0000:02: 2-byte config write to 0000:02:00.0 offset 0x44 may corrupt adjacent RW1C bits
[    9.053693] PM: noirq suspend of devices complete after 27.837 msecs
[    9.053696] Disabling non-boot CPUs ...
[    9.145225] IRQ17 no longer affine to CPU2
[    9.254595] Entering suspend state LP1
[    9.254595] Suspended for 2.800 seconds
[    9.254607] Enabling non-boot CPUs ...
[    9.284597] CPU1 is up
[    9.324500] CPU2 is up
[    9.364793] CPU3 is up
[    9.365367] pci_bus 0000:00: 2-byte config write to 0000:00:01.0 offset 0x4c may corrupt adjacent RW1C bits
[    9.365375] pci_bus 0000:00: 2-byte config write to 0000:00:02.0 offset 0x4c may corrupt adjacent RW1C bits
[    9.365387] pci_bus 0000:00: 2-byte config write to 0000:00:01.0 offset 0x88 may corrupt adjacent RW1C bits
[    9.365394] pci_bus 0000:00: 2-byte config write to 0000:00:02.0 offset 0x88 may corrupt adjacent RW1C bits
[    9.365400] pci_bus 0000:00: 2-byte config write to 0000:00:01.0 offset 0x90 may corrupt adjacent RW1C bits
[    9.365405] pci_bus 0000:00: 2-byte config write to 0000:00:02.0 offset 0x90 may corrupt adjacent RW1C bits
[    9.365511] pcieport 0000:00:01.0: nv_msi_ht_cap_quirk didn't locate host bridge
[    9.365513] pcieport 0000:00:02.0: nv_msi_ht_cap_quirk didn't locate host bridge
[    9.392687] PM: noirq resume of devices complete after 27.888 msecs
[    9.393762] PM: early resume of devices complete after 0.747 msecs
[    9.397000] tegra-hdmi 54280000.hdmi: cannot set audio to 48000 Hz at 297000000 Hz pixel clock
[    9.518622] PM: resume of devices complete after 124.851 msecs
[    9.709166] Restarting tasks ... done.
[    9.725324] ata1: SATA link down (SStatus 0 SControl 300)
root@(none):/# 
root@(none):/# rtcwake -d rtc1 -m mem -s 3
rtcwake: assuming RTC uses UTC ...
rtcwake: wakeup from "mem" using /dev/rtc1 at Thu Jan  1 00:00:30 1970
[   10.883929] PM: Syncing filesystems ... done.
[   11.071814] Freezing user space processes ... (elapsed 0.001 seconds) done.
[   11.080128] Freezing remaining freezable tasks ... (elapsed 0.001 seconds) done.
[   11.088748] Suspending console(s) (use no_console_suspend to debug)
[   11.224084] PM: suspend of devices complete after 128.544 msecs
[   11.226167] PM: late suspend of devices complete after 2.072 msecs
[   11.253759] PM: noirq suspend of devices complete after 27.586 msecs
[   11.253762] Disabling non-boot CPUs ...
[   11.424708] Entering suspend state LP1
[   11.424708] Suspended for 2.829 seconds
[   11.424720] Enabling non-boot CPUs ...
[   11.454572] CPU1 is up
[   11.494480] CPU2 is up
[   11.534757] CPU3 is up
[   11.535440] pcieport 0000:00:01.0: nv_msi_ht_cap_quirk didn't locate host bridge
[   11.535442] pcieport 0000:00:02.0: nv_msi_ht_cap_quirk didn't locate host bridge
[   11.572669] PM: noirq resume of devices complete after 37.906 msecs
[   11.573917] PM: early resume of devices complete after 1.083 msecs
[   11.576992] tegra-hdmi 54280000.hdmi: cannot set audio to 48000 Hz at 297000000 Hz pixel clock
[   11.698637] PM: resume of devices complete after 124.711 msecs
[   11.781707] Restarting tasks ... done.
root@(none):/# 
root@(none):/# [   11.905290] ata1: SATA link down (SStatus 0 SControl 300)
rtcwake -d rtc1 -m mem -s 3
rtcwake: assuming RTC uses UTC ...
rtcwake: wakeup from "mem" using /dev/rtc1 at Thu Jan  1 00:00:35 1970
[   13.054446] PM: Syncing filesystems ... done.
[   13.252069] Freezing user space processes ... (elapsed 0.001 seconds) done.
[   13.260416] Freezing remaining freezable tasks ... (elapsed 0.001 seconds) done.
[   13.269045] Suspending console(s) (use no_console_suspend to debug)
[   13.404257] PM: suspend of devices complete after 128.388 msecs
[   13.406770] PM: late suspend of devices complete after 2.502 msecs
[   13.433777] PM: noirq suspend of devices complete after 26.999 msecs
[   13.433780] Disabling non-boot CPUs ...
[   13.594695] Entering suspend state LP1
[   13.594695] Suspended for 2.829 seconds
[   13.594707] Enabling non-boot CPUs ...
[   13.624788] CPU1 is up
[   13.664425] CPU2 is up
[   13.704705] CPU3 is up
[   13.705343] pcieport 0000:00:01.0: nv_msi_ht_cap_quirk didn't locate host bridge
[   13.705509] pcieport 0000:00:02.0: nv_msi_ht_cap_quirk didn't locate host bridge
[   13.732629] PM: noirq resume of devices complete after 27.918 msecs
[   13.734582] PM: early resume of devices complete after 1.616 msecs
[   13.737107] tegra-hdmi 54280000.hdmi: cannot set audio to 48000 Hz at 297000000 Hz pixel clock
[   13.858765] PM: resume of devices complete after 124.173 msecs
[   13.941816] Restarting tasks ... done.
root@(none):/# 
root@(none):/# [   14.065069] ata1: SATA link down (SStatus 0 SControl 300)
rtcwake -d rtc1 -m mem -s 3
rtcwake: assuming RTC uses UTC ...
rtcwake: wakeup from "mem" using /dev/rtc1 at Thu Jan  1 00:00:40 1970
[   15.230569] PM: Syncing filesystems ... done.
[   15.411868] Freezing user space processes ... (elapsed 0.001 seconds) done.
[   15.420187] Freezing remaining freezable tasks ... (elapsed 0.001 seconds) done.
[   15.428803] Suspending console(s) (use no_console_suspend to debug)
[   15.452268] pci_generic_config_write32: 116 callbacks suppressed
[   15.452275] pci_bus 0000:00: 2-byte config write to 0000:00:02.0 offset 0x9c may corrupt adjacent RW1C bits
[   15.452289] pci_bus 0000:00: 2-byte config write to 0000:00:01.0 offset 0x9c may corrupt adjacent RW1C bits
[   15.564165] PM: suspend of devices complete after 128.604 msecs
[   15.566522] PM: late suspend of devices complete after 2.346 msecs
[   15.566954] pci_bus 0000:02: 2-byte config write to 0000:02:00.0 offset 0x44 may corrupt adjacent RW1C bits
[   15.566970] pci_bus 0000:02: 2-byte config write to 0000:02:00.0 offset 0x44 may corrupt adjacent RW1C bits
[   15.593584] PM: noirq suspend of devices complete after 27.055 msecs
[   15.593587] Disabling non-boot CPUs ...
[   15.593856] IRQ17 no longer affine to CPU1
[   15.754507] Entering suspend state LP1
[   15.754507] Suspended for 2.840 seconds
[   15.754519] Enabling non-boot CPUs ...
[   15.784504] CPU1 is up
[   15.824427] CPU2 is up
[   15.864697] CPU3 is up
[   15.865280] pci_bus 0000:00: 2-byte config write to 0000:00:01.0 offset 0x4c may corrupt adjacent RW1C bits
[   15.865291] pci_bus 0000:00: 2-byte config write to 0000:00:01.0 offset 0x88 may corrupt adjacent RW1C bits
[   15.865297] pci_bus 0000:00: 2-byte config write to 0000:00:01.0 offset 0x90 may corrupt adjacent RW1C bits
[   15.865302] pci_bus 0000:00: 2-byte config write to 0000:00:01.0 offset 0x98 may corrupt adjacent RW1C bits
[   15.865307] pci_bus 0000:00: 2-byte config write to 0000:00:01.0 offset 0x9c may corrupt adjacent RW1C bits
[   15.865313] pci_bus 0000:00: 2-byte config write to 0000:00:01.0 offset 0xa8 may corrupt adjacent RW1C bits
[   15.865367] pcieport 0000:00:01.0: nv_msi_ht_cap_quirk didn't locate host bridge
[   15.865433] pcieport 0000:00:02.0: nv_msi_ht_cap_quirk didn't locate host bridge
[   15.892599] PM: noirq resume of devices complete after 27.896 msecs
[   15.893696] PM: early resume of devices complete after 0.764 msecs
[   15.896748] tegra-hdmi 54280000.hdmi: cannot set audio to 48000 Hz at 297000000 Hz pixel clock
[   16.018361] PM: resume of devices complete after 124.654 msecs
[   16.208913] Restarting tasks ... done.
[   16.225262] ata1: SATA link down (SStatus 0 SControl 300)
root@(none):/# 
root@(none):/# rtcwake -d rtc1 -m mem -s 3
rtcwake: assuming RTC uses UTC ...
rtcwake: wakeup from "mem" using /dev/rtc1 at Thu Jan  1 00:00:45 1970
[   17.383810] PM: Syncing filesystems ... done.
[   17.571595] Freezing user space processes ... (elapsed 0.001 seconds) done.
[   17.579927] Freezing remaining freezable tasks ... (elapsed 0.001 seconds) done.
[   17.588561] Suspending console(s) (use no_console_suspend to debug)
[   17.724216] PM: suspend of devices complete after 128.834 msecs
[   17.726829] PM: late suspend of devices complete after 2.602 msecs
[   17.753747] PM: noirq suspend of devices complete after 26.910 msecs
[   17.753750] Disabling non-boot CPUs ...
[   17.754041] IRQ17 no longer affine to CPU1
[   17.924798] Entering suspend state LP1
[   17.924798] Suspended for 2.829 seconds
[   17.924809] Enabling non-boot CPUs ...
[   17.954490] CPU1 is up
[   17.994396] CPU2 is up
[   18.034715] CPU3 is up
[   18.035347] pcieport 0000:00:02.0: nv_msi_ht_cap_quirk didn't locate host bridge
[   18.035455] pcieport 0000:00:01.0: nv_msi_ht_cap_quirk didn't locate host bridge
[   18.062572] PM: noirq resume of devices complete after 27.851 msecs
[   18.064098] PM: early resume of devices complete after 1.181 msecs
[   18.066842] tegra-hdmi 54280000.hdmi: cannot set audio to 48000 Hz at 297000000 Hz pixel clock
[   18.188449] PM: resume of devices complete after 124.341 msecs
[   18.275576] Restarting tasks ... done.
root@(none):/# 
root@(none):/# [   18.395097] ata1: SATA link down (SStatus 0 SControl 300)
rtcwake -d rtc1 -m mem -s 3
rtcwake: assuming RTC uses UTC ...
rtcwake: wakeup from "mem" using /dev/rtc1 at Thu Jan  1 00:00:50 1970
[   19.553911] PM: Syncing filesystems ... done.
[   19.741741] Freezing user space processes ... (elapsed 0.001 seconds) done.
[   19.750067] Freezing remaining freezable tasks ... (elapsed 0.001 seconds) done.
[   19.758684] Suspending console(s) (use no_console_suspend to debug)
[   19.894134] PM: suspend of devices complete after 128.692 msecs
[   19.896435] PM: late suspend of devices complete after 2.290 msecs
[   19.923546] PM: noirq suspend of devices complete after 27.105 msecs
[   19.923549] Disabling non-boot CPUs ...
[   19.923807] IRQ17 no longer affine to CPU1
[   20.094482] Entering suspend state LP1
[   20.094482] Suspended for 2.830 seconds
[   20.094494] Enabling non-boot CPUs ...
[   20.124459] CPU1 is up
[   20.164361] CPU2 is up
[   20.204650] CPU3 is up
[   20.205341] pcieport 0000:00:01.0: nv_msi_ht_cap_quirk didn't locate host bridge
[   20.205343] pcieport 0000:00:02.0: nv_msi_ht_cap_quirk didn't locate host bridge
[   20.232551] PM: noirq resume of devices complete after 27.895 msecs
[   20.234221] PM: early resume of devices complete after 1.341 msecs
[   20.236796] tegra-hdmi 54280000.hdmi: cannot set audio to 48000 Hz at 297000000 Hz pixel clock
[   20.358394] PM: resume of devices complete after 124.163 msecs
[   20.445527] Restarting tasks ... done.
root@(none):/# 
root@(none):/# [   20.565093] ata1: SATA link down (SStatus 0 SControl 300)
rtcwake -d rtc1 -m mem -s 3
rtcwake: assuming RTC uses UTC ...
rtcwake: wakeup from "mem" using /dev/rtc1 at Thu Jan  1 00:00:55 1970
[   21.724714] PM: Syncing filesystems ... done.
[   21.911653] Freezing user space processes ... (elapsed 0.001 seconds) done.
[   21.919979] Freezing remaining freezable tasks ... (elapsed 0.001 seconds) done.
[   21.928599] Suspending console(s) (use no_console_suspend to debug)
[   21.952108] pci_generic_config_write32: 116 callbacks suppressed
[   21.952116] pci_bus 0000:00: 2-byte config write to 0000:00:02.0 offset 0x9c may corrupt adjacent RW1C bits
[   21.952130] pci_bus 0000:00: 2-byte config write to 0000:00:01.0 offset 0x9c may corrupt adjacent RW1C bits
[   22.064119] PM: suspend of devices complete after 128.762 msecs
[   22.066455] PM: late suspend of devices complete after 2.326 msecs
[   22.066883] pci_bus 0000:02: 2-byte config write to 0000:02:00.0 offset 0x44 may corrupt adjacent RW1C bits
[   22.066903] pci_bus 0000:02: 2-byte config write to 0000:02:00.0 offset 0x44 may corrupt adjacent RW1C bits
[   22.093502] PM: noirq suspend of devices complete after 27.041 msecs
[   22.093505] Disabling non-boot CPUs ...
[   22.254421] Entering suspend state LP1
[   22.254421] Suspended for 2.839 seconds
[   22.254433] Enabling non-boot CPUs ...
[   22.284435] CPU1 is up
[   22.324341] CPU2 is up
[   22.364624] CPU3 is up
[   22.365205] pci_bus 0000:00: 2-byte config write to 0000:00:02.0 offset 0x4c may corrupt adjacent RW1C bits
[   22.365216] pci_bus 0000:00: 2-byte config write to 0000:00:02.0 offset 0x88 may corrupt adjacent RW1C bits
[   22.365221] pci_bus 0000:00: 2-byte config write to 0000:00:02.0 offset 0x90 may corrupt adjacent RW1C bits
[   22.365227] pci_bus 0000:00: 2-byte config write to 0000:00:02.0 offset 0x98 may corrupt adjacent RW1C bits
[   22.365232] pci_bus 0000:00: 2-byte config write to 0000:00:02.0 offset 0x9c may corrupt adjacent RW1C bits
[   22.365237] pci_bus 0000:00: 2-byte config write to 0000:00:02.0 offset 0xa8 may corrupt adjacent RW1C bits
[   22.365293] pcieport 0000:00:02.0: nv_msi_ht_cap_quirk didn't locate host bridge
[   22.365422] pcieport 0000:00:01.0: nv_msi_ht_cap_quirk didn't locate host bridge
[   22.392515] PM: noirq resume of devices complete after 27.885 msecs
[   22.394311] PM: early resume of devices complete after 1.461 msecs
[   22.397154] tegra-hdmi 54280000.hdmi: cannot set audio to 48000 Hz at 297000000 Hz pixel clock
[   22.518752] PM: resume of devices complete after 124.431 msecs
[   22.705222] Restarting tasks ... done.
[   22.725199] ata1: SATA link down (SStatus 0 SControl 300)
root@(none):/# 
root@(none):/# rtcwake -d rtc1 -m mem -s 3
rtcwake: assuming RTC uses UTC ...
rtcwake: wakeup from "mem" using /dev/rtc1 at Thu Jan  1 00:01:00 1970
[   23.877185] PM: Syncing filesystems ... done.
[   24.072303] Freezing user space processes ... (elapsed 0.001 seconds) done.
[   24.080967] Freezing remaining freezable tasks ... (elapsed 0.001 seconds) done.
[   24.090085] Suspending console(s) (use no_console_suspend to debug)
[   24.226688] PM: suspend of devices complete after 127.838 msecs
[   24.235309] PM: late suspend of devices complete after 8.583 msecs
[   24.268960] PM: noirq suspend of devices complete after 33.621 msecs
[   24.268975] Disabling non-boot CPUs ...
[   24.473037] Entering suspend state LP1
[   24.473037] Suspended for 2.781 seconds
[   24.473049] Enabling non-boot CPUs ...
[   24.494655] CPU1 is up
[   24.534279] CPU2 is up
[   24.574570] CPU3 is up
[   24.575270] pcieport 0000:00:01.0: nv_msi_ht_cap_quirk didn't locate host bridge
[   24.575272] pcieport 0000:00:02.0: nv_msi_ht_cap_quirk didn't locate host bridge
[   24.602485] PM: noirq resume of devices complete after 27.909 msecs
[   24.603552] PM: early resume of devices complete after 0.732 msecs
[   24.606951] tegra-hdmi 54280000.hdmi: cannot set audio to 48000 Hz at 297000000 Hz pixel clock
[   24.728598] PM: resume of devices complete after 125.036 msecs
[   24.811660] Restarting tasks ... done.
root@(none):/# 
root@(none):/# [   24.935209] ata1: SATA link down (SStatus 0 SControl 300)
rtcwake -d rtc1 -m mem -s 3
rtcwake: assuming RTC uses UTC ...
rtcwake: wakeup from "mem" using /dev/rtc1 at Thu Jan  1 00:01:05 1970
[   26.095496] PM: Syncing filesystems ... done.
[   26.282113] Freezing user space processes ... (elapsed 0.001 seconds) done.
[   26.290520] Freezing remaining freezable tasks ... (elapsed 0.001 seconds) done.
[   26.299136] Suspending console(s) (use no_console_suspend to debug)
[   26.433854] PM: suspend of devices complete after 127.962 msecs
[   26.435836] PM: late suspend of devices complete after 1.972 msecs
[   26.463439] PM: noirq suspend of devices complete after 27.596 msecs
[   26.463441] Disabling non-boot CPUs ...
[   26.634674] Entering suspend state LP1
[   26.634674] Suspended for 2.838 seconds
[   26.634686] Enabling non-boot CPUs ...
[   26.664368] CPU1 is up
[   26.704263] CPU2 is up
[   26.744543] CPU3 is up
[   26.745263] pcieport 0000:00:02.0: nv_msi_ht_cap_quirk didn't locate host bridge
[   26.745265] pcieport 0000:00:01.0: nv_msi_ht_cap_quirk didn't locate host bridge
[   26.772456] PM: noirq resume of devices complete after 27.907 msecs
[   26.773535] PM: early resume of devices complete after 0.746 msecs
[   26.776498] tegra-hdmi 54280000.hdmi: cannot set audio to 48000 Hz at 297000000 Hz pixel clock
[   26.898151] PM: resume of devices complete after 124.607 msecs
[   26.981205] Restarting tasks ... done.
root@(none):/# 
root@(none):/# [   27.105029] ata1: SATA link down (SStatus 0 SControl 300)
NVTB SYSTEM SUSPEND TEST COMPLETE
