
U-Boot SPL 2016.05-rc2 (Apr 21 2016 - 16:23:00)
Trying to boot from RAM


U-Boot 2016.05-rc2 (Apr 21 2016 - 16:23:00 -0700)

TEGRA124
Model: NVIDIA Jetson TK1
Board: NVIDIA Jetson TK1
DRAM:  2 GiB
MC:   Tegra SD/MMC: 0, Tegra SD/MMC: 1
In:    serial
Out:   serial
Err:   serial
Net:   No ethernet found.
Hit any key to stop autoboot:  2  0 
Tegra124 (Jetson TK1) # 
Tegra124 (Jetson TK1) # pci enum
Tegra124 (Jetson TK1) # setenv bootargs 'ignore_loglevel console=ttyS0,115200n8 rw root=PARTUUID=b1791faa-84e8-4e27-83a1-9fb0a77e8803 rootwait gpt debug noinitrd earlyprintk init=/bin/bash'
Tegra124 (Jetson TK1) # setenv ipaddr 192.168.100.102; setenv serverip 192.168.100.1; setenv tftpserverip 192.168.100.1
Tegra124 (Jetson TK1) # tftpboot 0x82000000 zImage.multi_v7_defconfig

Warning: eth_rtl8169 using MAC address from ROM
Using eth_rtl8169 device
TFTP from server 192.168.100.1; our IP address is 192.168.100.102
Filename 'zImage.multi_v7_defconfig'.
Load address: 0x82000000
Loading: *#################################################################
	 #################################################################
	 #################################################################
	 #################################################################
	 #################################################################
	 #################################################################
	 #################################################################
	 #################################################################
	 ########################################
	 3.9 MiB/s
done
Bytes transferred = 8217088 (7d6200 hex)
Tegra124 (Jetson TK1) # tftpboot 0x83000000 tegra124-jetson-tk1.dtb
Using eth_rtl8169 device
TFTP from server 192.168.100.1; our IP address is 192.168.100.102
Filename 'tegra124-jetson-tk1.dtb'.
Load address: 0x83000000
Loading: *#####
	 3.7 MiB/s
done
Bytes transferred = 66544 (103f0 hex)
Tegra124 (Jetson TK1) # bootz 0x82000000 - 0x83000000
Kernel image @ 0x82000000 [ 0x000000 - 0x7d6200 ]
## Flattened Device Tree blob at 83000000
   Booting using the fdt blob at 0x83000000
   Using Device Tree in place at 83000000, end 830133ef

Starting kernel ...

[    0.000000] Booting Linux on physical CPU 0x0
[    0.000000] Linux version 4.14.0-rc8-next-20171109-214194-g5515cf1 (jonathanh@sellafield) (gcc version 4.7.3 20130328 (prerelease) (crosstool-NG linaro-1.13.1-4.7-2013.04-20130415 - Linaro GCC 2013.04)) #1 SMP Thu Nov 9 03:00:22 PST 2017
[    0.000000] CPU: ARMv7 Processor [413fc0f3] revision 3 (ARMv7), cr=10c5387d
[    0.000000] CPU: div instructions available: patching division code
[    0.000000] CPU: PIPT / VIPT nonaliasing data cache, PIPT instruction cache
[    0.000000] OF: fdt: Machine model: NVIDIA Tegra124 Jetson TK1
[    0.000000] debug: ignoring loglevel setting.
[    0.000000] Memory policy: Data cache writealloc
[    0.000000] efi: Getting EFI parameters from FDT:
[    0.000000] efi: UEFI not found.
[    0.000000] cma: Reserved 64 MiB at 0xfb800000
[    0.000000] On node 0 totalpages: 524032
[    0.000000] free_area_init_node: node 0, pgdat c1680280, node_mem_map eeff8000
[    0.000000]   DMA zone: 1536 pages used for memmap
[    0.000000]   DMA zone: 0 pages reserved
[    0.000000]   DMA zone: 196608 pages, LIFO batch:31
[    0.000000]   HighMem zone: 327424 pages, LIFO batch:31
[    0.000000] random: fast init done
[    0.000000] percpu: Embedded 17 pages/cpu @eef87000 s39424 r8192 d22016 u69632
[    0.000000] pcpu-alloc: s39424 r8192 d22016 u69632 alloc=17*4096
[    0.000000] pcpu-alloc: [0] 0 [0] 1 [0] 2 [0] 3 
[    0.000000] Built 1 zonelists, mobility grouping on.  Total pages: 522496
[    0.000000] Kernel command line: ignore_loglevel console=ttyS0,115200n8 rw root=PARTUUID=b1791faa-84e8-4e27-83a1-9fb0a77e8803 rootwait gpt debug noinitrd earlyprintk init=/bin/bash
[    0.000000] Dentry cache hash table entries: 131072 (order: 7, 524288 bytes)
[    0.000000] Inode-cache hash table entries: 65536 (order: 6, 262144 bytes)
[    0.000000] Memory: 1992440K/2096128K available (11264K kernel code, 1600K rwdata, 4556K rodata, 2048K init, 404K bss, 38152K reserved, 65536K cma-reserved, 1244160K highmem)
[    0.000000] Virtual kernel memory layout:
[    0.000000]     vector  : 0xffff0000 - 0xffff1000   (   4 kB)
[    0.000000]     fixmap  : 0xffc00000 - 0xfff00000   (3072 kB)
[    0.000000]     vmalloc : 0xf0800000 - 0xff800000   ( 240 MB)
[    0.000000]     lowmem  : 0xc0000000 - 0xf0000000   ( 768 MB)
[    0.000000]     pkmap   : 0xbfe00000 - 0xc0000000   (   2 MB)
[    0.000000]     modules : 0xbf000000 - 0xbfe00000   (  14 MB)
[    0.000000]       .text : 0xc0208000 - 0xc0e00000   (12256 kB)
[    0.000000]       .init : 0xc1300000 - 0xc1500000   (2048 kB)
[    0.000000]       .data : 0xc1500000 - 0xc1690280   (1601 kB)
[    0.000000]        .bss : 0xc1690280 - 0xc16f5634   ( 405 kB)
[    0.000000] SLUB: HWalign=64, Order=0-3, MinObjects=0, CPUs=4, Nodes=1
[    0.000000] Hierarchical RCU implementation.
[    0.000000] 	RCU event tracing is enabled.
[    0.000000] 	RCU restricting CPUs from NR_CPUS=16 to nr_cpu_ids=4.
[    0.000000] RCU: Adjusting geometry for rcu_fanout_leaf=16, nr_cpu_ids=4
[    0.000000] NR_IRQS: 16, nr_irqs: 16, preallocated irqs: 16
[    0.000000] /interrupt-controller@60004000: 160 interrupts forwarded to /interrupt-controller@50041000
[    0.000000] Tegra clk 127: register failed with -17
[    0.000009] sched_clock: 32 bits at 1000kHz, resolution 1000ns, wraps every 2147483647500ns
[    0.000029] clocksource: timer_us: mask: 0xffffffff max_cycles: 0xffffffff, max_idle_ns: 1911260446275 ns
[    0.000044] Switching to timer-based delay loop, resolution 1000ns
[    0.005525] arch_timer: cp15 timer(s) running at 12.00MHz (virt).
[    0.005545] clocksource: arch_sys_counter: mask: 0xffffffffffffff max_cycles: 0x2c47f4ee7, max_idle_ns: 440795202497 ns
[    0.005564] sched_clock: 56 bits at 12MHz, resolution 83ns, wraps every 4398046511096ns
[    0.005579] Switching to timer-based delay loop, resolution 83ns
[    0.006062] Console: colour dummy device 80x30
[    0.006096] Calibrating delay loop (skipped), value calculated using timer frequency.. 24.00 BogoMIPS (lpj=120000)
[    0.006115] pid_max: default: 32768 minimum: 301
[    0.006234] Mount-cache hash table entries: 2048 (order: 1, 8192 bytes)
[    0.006249] Mountpoint-cache hash table entries: 2048 (order: 1, 8192 bytes)
[    0.006749] CPU: Testing write buffer coherency: ok
[    0.007013] /cpus/cpu@0 missing clock-frequency property
[    0.007058] /cpus/cpu@1 missing clock-frequency property
[    0.007101] /cpus/cpu@2 missing clock-frequency property
[    0.007146] /cpus/cpu@3 missing clock-frequency property
[    0.007160] CPU0: thread -1, cpu 0, socket 0, mpidr 80000000
[    0.007460] Setting up static identity map for 0x80300000 - 0x803000a0
[    0.009450] Hierarchical SRCU implementation.
[    0.011386] Tegra Revision: A01 SKU: 129 CPU Process: 1 SoC Process: 1
[    0.012177] EFI services will not be available.
[    0.012333] smp: Bringing up secondary CPUs ...
[    0.012820] CPU1: thread -1, cpu 1, socket 0, mpidr 80000001
[    0.015967] CPU2: thread -1, cpu 2, socket 0, mpidr 80000002
[    0.025981] CPU3: thread -1, cpu 3, socket 0, mpidr 80000003
[    0.035522] smp: Brought up 1 node, 4 CPUs
[    0.035544] SMP: Total of 4 processors activated (96.00 BogoMIPS).
[    0.035553] CPU: All CPU(s) started in SVC mode.
[    0.037084] devtmpfs: initialized
[    0.050538] VFP support v0.3: implementor 41 architecture 4 part 30 variant f rev 0
[    0.050920] clocksource: jiffies: mask: 0xffffffff max_cycles: 0xffffffff, max_idle_ns: 19112604462750000 ns
[    0.050938] futex hash table entries: 1024 (order: 4, 65536 bytes)
[    0.052404] pinctrl core: initialized pinctrl subsystem
[    0.053946] DMI not present or invalid.
[    0.054184] NET: Registered protocol family 16
[    0.056427] DMA: preallocated 256 KiB pool for atomic coherent allocations
[    0.058814] cpuidle: using governor menu
[    0.084305] No ATAGs?
[    0.084432] hw-breakpoint: found 5 (+1 reserved) breakpoint and 4 watchpoint registers.
[    0.084448] hw-breakpoint: maximum watchpoint size is 8 bytes.
[    0.091993] Serial: AMBA PL011 UART driver
[    0.093398] iommu: Adding device reg-dummy to group 0
[    0.093438] iommu: Adding device 1003000.pcie to group 1
[    0.093513] iommu: Adding device 50000000.host1x to group 2
[    0.093582] iommu: Adding device 54200000.dc to group 3
[    0.093650] iommu: Adding device 54240000.dc to group 4
[    0.093681] iommu: Adding device 54280000.hdmi to group 5
[    0.093748] iommu: Adding device 57000000.gpu to group 6
[    0.093782] iommu: Adding device 60005000.timer to group 7
[    0.093812] iommu: Adding device 60007000.flow-controller to group 8
[    0.093847] iommu: Adding device 6000c800.actmon to group 9
[    0.093878] iommu: Adding device 6000d000.gpio to group 10
[    0.093908] iommu: Adding device 60020000.dma to group 11
[    0.093938] iommu: Adding device 70000800.apbmisc to group 12
[    0.093967] iommu: Adding device 70000868.pinmux to group 13
[    0.093997] iommu: Adding device 70006000.serial to group 14
[    0.094027] iommu: Adding device 70006040.serial to group 15
[    0.094060] iommu: Adding device 70006300.serial to group 16
[    0.094090] iommu: Adding device 7000c000.i2c to group 17
[    0.094120] iommu: Adding device 7000c400.i2c to group 18
[    0.094153] iommu: Adding device 7000c500.i2c to group 19
[    0.094184] iommu: Adding device 7000c700.i2c to group 20
[    0.094214] iommu: Adding device 7000d000.i2c to group 21
[    0.094244] iommu: Adding device 7000d400.spi to group 22
[    0.094274] iommu: Adding device 7000da00.spi to group 23
[    0.094306] iommu: Adding device 7000e000.rtc to group 24
[    0.094336] iommu: Adding device 7000e400.pmc to group 25
[    0.094365] iommu: Adding device 7000f800.fuse to group 26
[    0.094396] iommu: Adding device 70019000.memory-controller to group 27
[    0.094425] iommu: Adding device 7001b000.emc to group 28
[    0.094454] iommu: Adding device 70027000.sata to group 29
[    0.094489] iommu: Adding device 70030000.hda to group 30
[    0.094523] iommu: Adding device 70090000.usb to group 31
[    0.094553] iommu: Adding device 7009f000.padctl to group 32
[    0.094587] iommu: Adding device 700b0400.sdhci to group 33
[    0.094617] iommu: Adding device 700b0600.sdhci to group 34
[    0.094648] iommu: Adding device 70015000.cec to group 35
[    0.094678] iommu: Adding device 700e2000.thermal-sensor to group 36
[    0.094708] iommu: Adding device 70110000.clock to group 37
[    0.094740] iommu: Adding device 70300000.ahub to group 38
[    0.094770] iommu: Adding device 7d000000.usb to group 39
[    0.094800] iommu: Adding device 7d000000.usb-phy to group 40
[    0.094837] iommu: Adding device 7d004000.usb to group 41
[    0.094868] iommu: Adding device 7d004000.usb-phy to group 42
[    0.094898] iommu: Adding device 7d008000.usb to group 43
[    0.094928] iommu: Adding device 7d008000.usb-phy to group 44
[    0.094958] iommu: Adding device pmu to group 45
[    0.094987] iommu: Adding device timer to group 46
[    0.095017] iommu: Adding device clocks to group 47
[    0.095047] iommu: Adding device gpio-keys to group 48
[    0.095081] iommu: Adding device regulators to group 49
[    0.095112] iommu: Adding device regulators:regulator@0 to group 50
[    0.095146] iommu: Adding device regulators:regulator@1 to group 51
[    0.095177] iommu: Adding device regulators:regulator@2 to group 52
[    0.095207] iommu: Adding device regulators:regulator@3 to group 53
[    0.095237] iommu: Adding device regulators:regulator@4 to group 54
[    0.095268] iommu: Adding device regulators:regulator@7 to group 55
[    0.095297] iommu: Adding device regulators:regulator@8 to group 56
[    0.095328] iommu: Adding device regulators:regulator@10 to group 57
[    0.095361] iommu: Adding device regulators:regulator@11 to group 58
[    0.095391] iommu: Adding device regulators:regulator@12 to group 59
[    0.095421] iommu: Adding device regulators:regulator@13 to group 60
[    0.095452] iommu: Adding device regulators:regulator@14 to group 61
[    0.095488] iommu: Adding device sound to group 62
[    0.110465] AT91: Could not find identification node
[    0.111027] +5V_SYS: supplied by +VDD_MUX
[    0.111313] +3.3V_SYS: supplied by +VDD_MUX
[    0.111921] +USB0_VBUS_SW: Failed to request enable GPIO108: -517
[    0.111937] reg-fixed-voltage regulators:regulator@7: Failed to register regulator: -517
[    0.112036] +5V_USB_HS: Failed to request enable GPIO109: -517
[    0.112050] reg-fixed-voltage regulators:regulator@8: Failed to register regulator: -517
[    0.112234] +1.05V_RUN_AVDD_HDMI_PLL: Failed to request enable GPIO63: -517
[    0.112248] reg-fixed-voltage regulators:regulator@11: Failed to register regulator: -517
[    0.112344] +5V_HDMI_CON: Failed to request enable GPIO86: -517
[    0.112358] reg-fixed-voltage regulators:regulator@12: Failed to register regulator: -517
[    0.112454] +5V_SATA: Failed to request enable GPIO242: -517
[    0.112467] reg-fixed-voltage regulators:regulator@13: Failed to register regulator: -517
[    0.112562] +12V_SATA: Failed to request enable GPIO242: -517
[    0.112576] reg-fixed-voltage regulators:regulator@14: Failed to register regulator: -517
[    0.115591] vgaarb: loaded
[    0.116317] SCSI subsystem initialized
[    0.116491] libata version 3.00 loaded.
[    0.116684] usbcore: registered new interface driver usbfs
[    0.116731] usbcore: registered new interface driver hub
[    0.116793] usbcore: registered new device driver usb
[    0.120237] pps_core: LinuxPPS API ver. 1 registered
[    0.120248] pps_core: Software ver. 5.3.6 - Copyright 2005-2007 Rodolfo Giometti <giometti@linux.it>
[    0.120272] PTP clock support registered
[    0.120462] EDAC MC: Ver: 3.0.0
[    0.123316] clocksource: Switched to clocksource arch_sys_counter
[    0.172511] NET: Registered protocol family 2
[    0.173008] TCP established hash table entries: 8192 (order: 3, 32768 bytes)
[    0.173109] TCP bind hash table entries: 8192 (order: 4, 65536 bytes)
[    0.173320] TCP: Hash tables configured (established 8192 bind 8192)
[    0.173412] UDP hash table entries: 512 (order: 2, 16384 bytes)
[    0.173458] UDP-Lite hash table entries: 512 (order: 2, 16384 bytes)
[    0.173607] NET: Registered protocol family 1
[    0.173940] RPC: Registered named UNIX socket transport module.
[    0.173952] RPC: Registered udp transport module.
[    0.173960] RPC: Registered tcp transport module.
[    0.173969] RPC: Registered tcp NFSv4.1 backchannel transport module.
[    0.173982] PCI: CLS 0 bytes, default 64
[    0.175456] hw perfevents: enabled with armv7_cortex_a15 PMU driver, 7 counters available
[    0.176200] iommu: Adding device alarmtimer to group 63
[    0.176987] Initialise system trusted keyrings
[    0.177136] workingset: timestamp_bits=30 max_order=19 bucket_order=0
[    0.183613] squashfs: version 4.0 (2009/01/31) Phillip Lougher
[    0.184187] NFS: Registering the id_resolver key type
[    0.184209] Key type id_resolver registered
[    0.184219] Key type id_legacy registered
[    0.184259] ntfs: driver 2.1.32 [Flags: R/O].
[    0.185741] Key type asymmetric registered
[    0.185754] Asymmetric key parser 'x509' registered
[    0.185806] bounce: pool size: 64 pages
[    0.185854] Block layer SCSI generic (bsg) driver version 0.4 loaded (major 247)
[    0.185866] io scheduler noop registered
[    0.185876] io scheduler deadline registered
[    0.186097] io scheduler cfq registered (default)
[    0.186108] io scheduler mq-deadline registered
[    0.186117] io scheduler kyber registered
[    0.190130]  usb2-0: usb2-0 supply vbus not found, using dummy regulator
[    0.190241]  usb2-1: usb2-1 supply vbus not found, using dummy regulator
[    0.190628] tegra-xusb-padctl 7009f000.padctl: failed to setup XUSB ports: -517
[    0.210085] tegra-pcie 1003000.pcie: 2x1, 1x1 configuration
[    0.210146] tegra-pcie 1003000.pcie: Failed to get supply 'avddio-pex': -517
[    0.216572] tegra124-dfll 70110000.clock: couldn't get vdd_cpu regulator
[    0.223023] tegra-apbdma 60020000.dma: Tegra20 APB DMA driver register 32 channels
[    0.226405] tegra-pmc 7000e400.pmc: emergency thermal reset enabled
[    0.277502] Serial: 8250/16550 driver, 4 ports, IRQ sharing disabled
[    0.277603] iommu: Adding device serial8250 to group 64
[    0.280123] console [ttyS0] disabled
[    0.280163] 70006300.serial: ttyS0 at MMIO 0x70006300 (irq = 335, base_baud = 25500000) is a Tegra
[    1.553147] console [ttyS0] enabled
[    1.557539] SuperH (H)SCI(F) driver initialized
[    1.563174] msm_serial: driver initialized
[    1.567481] STMicroelectronics ASC driver initialized
[    1.573213] 70006000.serial: ttyTHS1 at MMIO 0x70006000 (irq = 333, base_baud = 0) is a TEGRA_UART
[    1.582488] 70006040.serial: ttyTHS2 at MMIO 0x70006040 (irq = 334, base_baud = 0) is a TEGRA_UART
[    1.613676] tegra-hdmi 54280000.hdmi: failed to get HDMI regulator
[    1.630556] brd: module loaded
[    1.639873] loop: module loaded
[    1.644274] at24 0-0056: 256 byte 24c02 EEPROM, writable, 8 bytes/write
[    1.652571] as3722 4-0040: AS3722 with revision 0x1 found
[    1.659860] iommu: Adding device as3722-pinctrl to group 65
[    1.667041] iommu: Adding device as3722-regulator to group 66
[    1.675642] as3722-sd2: supplied by +5V_SYS
[    1.680219] as3722-sd3: supplied by +5V_SYS
[    1.684643] +1.35V_LP0(sd3): Bringing 0uV into 1350000-1350000uV
[    1.690950] as3722-sd4: supplied by +5V_SYS
[    1.695549] as3722-sd5: supplied by +5V_SYS
[    1.701474] as3722-ldo0: supplied by +1.35V_LP0(sd2)
[    1.707483] +1.8V_RUN_CAM: Bringing 0uV into 1800000-1800000uV
[    1.713669] as3722-ldo2: supplied by +1.8V_VDDIO
[    1.719532] as3722-ldo3: supplied by +3.3V_SYS
[    1.724028] +1.05V_LP0_VDD_RTC: Bringing 1100000uV into 1000000-1000000uV
[    1.731770] as3722-ldo4: supplied by +3.3V_SYS
[    1.736437] +2.8V_RUN_CAM: Bringing 0uV into 2800000-2800000uV
[    1.742612] as3722-ldo5: supplied by +1.8V_VDDIO
[    1.747463] +1.2V_RUN_CAM_FRONT: Bringing 0uV into 1200000-1200000uV
[    1.754366] +VDDIO_SDMMC3: bypassed regulator has no supply!
[    1.760018] +VDDIO_SDMMC3: failed to get the current voltage(-517)
[    1.766215] as3722-regulator as3722-regulator: regulator 13 register failed -517
[    1.776101] iommu: Adding device as3722-rtc to group 67
[    1.781642] iommu: Adding device as3722-adc to group 68
[    1.787199] iommu: Adding device as3722-power-off to group 69
[    1.793235] iommu: Adding device as3722-wdt to group 70
[    1.800318] tegra-ahci 70027000.sata: couldn't get PHY in node sata: -517
[    1.822867] m25p80 spi1.0: w25q32dw (4096 Kbytes)
[    1.829962] iommu: Adding device Fixed MDIO bus.0 to group 71
[    1.836083] libphy: Fixed MDIO Bus: probed
[    1.841116] CAN device driver interface
[    1.845909] bgmac_bcma: Broadcom 47xx GBit MAC driver loaded
[    1.852979] e1000e: Intel(R) PRO/1000 Network Driver - 3.2.6-k
[    1.858818] e1000e: Copyright(c) 1999 - 2015 Intel Corporation.
[    1.864797] igb: Intel(R) Gigabit Ethernet Network Driver - version 5.4.0-k
[    1.871747] igb: Copyright (c) 2007-2014 Intel Corporation.
[    1.881377] pegasus: v0.9.3 (2013/04/25), Pegasus/Pegasus II USB Ethernet driver
[    1.888827] usbcore: registered new interface driver pegasus
[    1.894533] usbcore: registered new interface driver asix
[    1.899952] usbcore: registered new interface driver ax88179_178a
[    1.906084] usbcore: registered new interface driver cdc_ether
[    1.911946] usbcore: registered new interface driver smsc75xx
[    1.917738] usbcore: registered new interface driver smsc95xx
[    1.923529] usbcore: registered new interface driver net1080
[    1.929208] usbcore: registered new interface driver cdc_subset
[    1.935171] usbcore: registered new interface driver zaurus
[    1.940777] usbcore: registered new interface driver cdc_ncm
[    1.946685] tegra-phy 7d000000.usb-phy: no vbus regulator
[    1.952280] tegra-phy 7d004000.usb-phy: no vbus regulator
[    1.959762] ehci_hcd: USB 2.0 'Enhanced' Host Controller (EHCI) Driver
[    1.966303] ehci-pci: EHCI PCI platform driver
[    1.970778] ehci-platform: EHCI generic platform driver
[    1.976227] ehci-orion: EHCI orion driver
[    1.980393] SPEAr-ehci: EHCI SPEAr driver
[    1.984560] ehci-st: EHCI STMicroelectronics driver
[    1.989573] ehci-exynos: EHCI EXYNOS driver
[    1.993932] ehci-atmel: EHCI Atmel driver
[    1.998075] tegra-ehci: Tegra EHCI driver
[    2.004930] tegra-ehci 7d004000.usb: EHCI Host Controller
[    2.010343] tegra-ehci 7d004000.usb: new USB bus registered, assigned bus number 1
[    2.018140] tegra-ehci 7d004000.usb: irq 356, io mem 0x7d004000
[    2.053339] tegra-ehci 7d004000.usb: USB 2.0 started, EHCI 1.10
[    2.059906] hub 1-0:1.0: USB hub found
[    2.063720] hub 1-0:1.0: 1 port detected
[    2.067668] hub 1-0:1.0: config failed, can't get hub status (err 2)
[    2.074465] ohci_hcd: USB 1.1 'Open' Host Controller (OHCI) Driver
[    2.080647] ohci-pci: OHCI PCI platform driver
[    2.085139] ohci-platform: OHCI generic platform driver
[    2.090560] SPEAr-ohci: OHCI SPEAr driver
[    2.094730] ohci-st: OHCI STMicroelectronics driver
[    2.099743] ohci-atmel: OHCI Atmel driver
[    2.104564] usbcore: registered new interface driver usb-storage
[    2.112356] iommu: Adding device ci_hdrc.0 to group 72
[    2.124602] as3722-rtc as3722-rtc: rtc core: registered as3722-rtc as rtc0
[    2.131472] as3722-rtc as3722-rtc: RTC interrupt 379
[    2.139890] tegra_rtc 7000e000.rtc: rtc core: registered 7000e000.rtc as rtc1
[    2.147088] tegra_rtc 7000e000.rtc: Tegra internal Real Time Clock
[    2.153846] i2c /dev entries driver
[    2.164417] lm90 0-004c: 0-004c supply vcc not found, using dummy regulator
[    2.179648] iommu: Adding device cpufreq-tegra124 to group 73
[    2.187853] sdhci: Secure Digital Host Controller Interface driver
[    2.194047] sdhci: Copyright(c) Pierre Ossman
[    2.200186] Synopsys Designware Multimedia Card Interface Driver
[    2.207756] sdhci-pltfm: SDHCI platform and OF driver helper
[    2.214245] sdhci-tegra 700b0400.sdhci: Got CD GPIO
[    2.219133] sdhci-tegra 700b0400.sdhci: Got WP GPIO
[    2.240396] mmc0: Unknown controller version (3). You may experience problems.
[    2.247673] mmc0: Invalid maximum block size, assuming 512 bytes
[    2.313338] mmc0: SDHCI controller on 700b0600.sdhci [700b0600.sdhci] using ADMA
[    2.322914] ledtrig-cpu: registered to indicate activity on CPUs
[    2.329220] usbcore: registered new interface driver usbhid
[    2.334806] usbhid: USB HID core driver
[    2.342892] NET: Registered protocol family 10
[    2.348201] Segment Routing with IPv6
[    2.351927] sit: IPv6, IPv4 and MPLS over IPv4 tunneling driver
[    2.358366] NET: Registered protocol family 17
[    2.362810] can: controller area network core (rev 20170425 abi 9)
[    2.369056] NET: Registered protocol family 29
[    2.373515] can: raw protocol (rev 20170425)
[    2.377780] can: broadcast manager protocol (rev 20170425 t)
[    2.383453] can: netlink gateway (rev 20170425) max_hops=1
[    2.389220] Key type dns_resolver registered
[    2.394020] ThumbEE CPU extension supported.
[    2.398291] Registering SWP/SWPB emulation handler
[    2.406700] Loading compiled-in X.509 certificates
[    2.424466] +3.3V_RUN: supplied by +3.3V_SYS
[    2.430243] +USB0_VBUS_SW: supplied by +5V_SYS
[    2.435031] +3.3V_AVDD_HDMI_AP_GATED: supplied by +3.3V_RUN
[    2.441130] +5V_USB_HS: supplied by +5V_SYS
[    2.447157] +3.3V_LP0: supplied by +3.3V_SYS
[    2.453571] +5V_HDMI_CON: supplied by +5V_SYS
[    2.458610] +5V_SATA: supplied by +5V_SYS
[    2.463129] +12V_SATA: supplied by +VDD_MUX
[    2.468809]  usb2-0: usb2-0 supply vbus not found, using dummy regulator
[    2.475646]  usb2-1: usb2-1 supply vbus not found, using dummy regulator
[    2.482598]  usb3-0: usb3-0 supply vbus not found, using dummy regulator
[    2.493730] tegra-pcie 1003000.pcie: 2x1, 1x1 configuration
[    2.499374] tegra-pcie 1003000.pcie: Failed to get supply 'avddio-pex': -517
[    2.509241] tegra124-dfll 70110000.clock: couldn't get vdd_cpu regulator
[    2.519031] tegra-hdmi 54280000.hdmi: failed to get PLL regulator
[    2.530370] as3722-sd2: supplied by +5V_SYS
[    2.534946] as3722-sd3: supplied by +5V_SYS
[    2.539341] as3722-sd4: supplied by +5V_SYS
[    2.543858] as3722-sd5: supplied by +5V_SYS
[    2.549809] as3722-ldo0: supplied by +1.35V_LP0(sd2)
[    2.555806] as3722-ldo1: supplied by +3.3V_RUN
[    2.560587] as3722-ldo2: supplied by +1.8V_VDDIO
[    2.566309] as3722-ldo3: supplied by +3.3V_SYS
[    2.571709] as3722-ldo4: supplied by +3.3V_SYS
[    2.576510] as3722-ldo5: supplied by +1.8V_VDDIO
[    2.581472] as3722-ldo6: supplied by +3.3V_RUN
[    2.586222] as3722-ldo7: supplied by +1.8V_VDDIO
[    2.591710] +1.05V_RUN_CAM_REAR: Bringing 0uV into 1050000-1050000uV
[    2.598960] as3722-ldo9: supplied by +5V_SYS
[    2.604688] +3.3V_RUN_TOUCH: Bringing 0uV into 2800000-2800000uV
[    2.611268] as3722-ldo10: supplied by +5V_SYS
[    2.616655] +2.8V_RUN_CAM_AF: Bringing 0uV into 2800000-2800000uV
[    2.623547] as3722-ldo11: supplied by +3.3V_RUN
[    2.628970] +1.8V_RUN_VPP_FUSE: Bringing 0uV into 1800000-1800000uV
[    2.635350] mmc0: new high speed MMC card at address 0001
[    2.642957] mmcblk0: mmc0:0001 SEM16G 14.7 GiB 
[    2.647860] mmcblk0boot0: mmc0:0001 SEM16G partition 1 4.00 MiB
[    2.654387] mmcblk0boot1: mmc0:0001 SEM16G partition 2 4.00 MiB
[    2.660566] mmcblk0rpmb: mmc0:0001 SEM16G partition 3 4.00 MiB, chardev (237:0)
[    2.668312] tegra-ahci 70027000.sata: AHCI 0001.0301 32 slots 2 ports 3 Gbps 0x1 impl platform mode
[    2.677402] tegra-ahci 70027000.sata: flags: 64bit ncq sntf pm led pio slum part sadm sds apst 
[    2.688491] scsi host0: tegra-ahci
[    2.692309]  mmcblk0: p1
[    2.695761] scsi host1: tegra-ahci
[    2.699399] ata1: SATA max UDMA/133 mmio [mem 0x70027000-0x70028fff] port 0x100 irq 345
[    2.707443] ata2: DUMMY
[    2.713576] tegra-ehci 7d008000.usb: EHCI Host Controller
[    2.719004] tegra-ehci 7d008000.usb: new USB bus registered, assigned bus number 2
[    2.727630] tegra-ehci 7d008000.usb: irq 357, io mem 0x7d008000
[    2.763440] tegra-ehci 7d008000.usb: USB 2.0 started, EHCI 1.10
[    2.770384] hub 2-0:1.0: USB hub found
[    2.774240] hub 2-0:1.0: 1 port detected
[    2.778191] hub 2-0:1.0: config failed, can't get hub status (err 2)
[    2.787014] sdhci-tegra 700b0400.sdhci: Got CD GPIO
[    2.791902] sdhci-tegra 700b0400.sdhci: Got WP GPIO
[    2.803502] mmc1: Unknown controller version (3). You may experience problems.
[    2.810812] mmc1: Invalid maximum block size, assuming 512 bytes
[    2.883895] mmc1: SDHCI controller on 700b0400.sdhci [700b0400.sdhci] using ADMA
[    2.892075] tegra-pcie 1003000.pcie: 2x1, 1x1 configuration
[    2.899583] tegra-pcie 1003000.pcie: probing port 0, using 2 lanes
[    2.909320] tegra-pcie 1003000.pcie: Slot present pin change, signature: 00000008
[    2.933527] tegra-pcie 1003000.pcie: probing port 1, using 1 lanes
[    2.941874] tegra-pcie 1003000.pcie: Slot present pin change, signature: 00000000
[    2.956617] tegra-pcie 1003000.pcie: PCI host bridge to bus 0000:00
[    2.962896] pci_bus 0000:00: root bus resource [io  0x0000-0xffff]
[    2.969121] pci_bus 0000:00: root bus resource [mem 0x13000000-0x1fffffff]
[    2.976032] pci_bus 0000:00: root bus resource [mem 0x20000000-0x3fffffff pref]
[    2.983390] pci_bus 0000:00: root bus resource [bus 00-ff]
[    2.988920] pci 0000:00:01.0: [10de:0e12] type 01 class 0x060400
[    2.994990] pci_bus 0000:00: 2-byte config write to 0000:00:01.0 offset 0x4 may corrupt adjacent RW1C bits
[    3.004691] pci_bus 0000:00: 2-byte config write to 0000:00:01.0 offset 0x4 may corrupt adjacent RW1C bits
[    3.014425] pci 0000:00:01.0: enabling Extended Tags
[    3.019404] pci_bus 0000:00: 2-byte config write to 0000:00:01.0 offset 0x88 may corrupt adjacent RW1C bits
[    3.029212] pci_bus 0000:00: 2-byte config write to 0000:00:01.0 offset 0x52 may corrupt adjacent RW1C bits
[    3.036952] ata1: SATA link down (SStatus 0 SControl 300)
[    3.044432] pci 0000:00:01.0: PME# supported from D0 D1 D2 D3hot D3cold
[    3.051057] pci_bus 0000:00: 2-byte config write to 0000:00:01.0 offset 0x4c may corrupt adjacent RW1C bits
[    3.061076] pci 0000:00:02.0: [10de:0e13] type 01 class 0x060400
[    3.067115] pci_bus 0000:00: 2-byte config write to 0000:00:02.0 offset 0x4 may corrupt adjacent RW1C bits
[    3.076808] pci_bus 0000:00: 2-byte config write to 0000:00:02.0 offset 0x4 may corrupt adjacent RW1C bits
[    3.086508] pci 0000:00:02.0: enabling Extended Tags
[    3.091486] pci_bus 0000:00: 2-byte config write to 0000:00:02.0 offset 0x88 may corrupt adjacent RW1C bits
[    3.101279] pci_bus 0000:00: 2-byte config write to 0000:00:02.0 offset 0x52 may corrupt adjacent RW1C bits
[    3.111062] pci 0000:00:02.0: PME# supported from D0 D1 D2 D3hot D3cold
[    3.117693] pci_bus 0000:00: 2-byte config write to 0000:00:02.0 offset 0x4c may corrupt adjacent RW1C bits
[    3.127723] PCI: bus0: Fast back to back transfers disabled
[    3.133316] pci 0000:00:01.0: bridge configuration invalid ([bus 00-00]), reconfiguring
[    3.141319] pci 0000:00:02.0: bridge configuration invalid ([bus 00-00]), reconfiguring
[    3.149486] pci 0000:01:00.0: [8086:4232] type 00 class 0x028000
[    3.155563] pci 0000:01:00.0: reg 0x10: [mem 0x00000000-0x00001fff 64bit]
[    3.162633] PCI: bus1: Fast back to back transfers disabled
[    3.168245] pci_bus 0000:01: busn_res: [bus 01-ff] end is updated to 01
[    3.175032] pci 0000:02:00.0: [10ec:8168] type 00 class 0x020000
[    3.181064] pci 0000:02:00.0: reg 0x10: [io  0x0000-0x00ff]
[    3.186681] pci 0000:02:00.0: reg 0x18: [mem 0x00000000-0x00000fff 64bit]
[    3.193498] pci 0000:02:00.0: reg 0x20: [mem 0x00000000-0x00003fff 64bit pref]
[    3.200877] PCI: bus2: Fast back to back transfers disabled
[    3.206464] pci_bus 0000:02: busn_res: [bus 02-ff] end is updated to 02
[    3.213109] pci 0000:00:01.0: BAR 8: assigned [mem 0x13000000-0x130fffff]
[    3.219921] pci 0000:00:02.0: BAR 8: assigned [mem 0x13100000-0x131fffff]
[    3.226722] pci 0000:00:02.0: BAR 9: assigned [mem 0x20000000-0x200fffff 64bit pref]
[    3.234473] pci 0000:00:02.0: BAR 7: assigned [io  0x1000-0x1fff]
[    3.240566] pci 0000:01:00.0: BAR 0: assigned [mem 0x13000000-0x13001fff 64bit]
[    3.247911] pci 0000:00:01.0: PCI bridge to [bus 01]
[    3.252891] pci 0000:00:01.0:   bridge window [mem 0x13000000-0x130fffff]
[    3.259730] pci 0000:02:00.0: BAR 4: assigned [mem 0x20000000-0x20003fff 64bit pref]
[    3.267500] pci 0000:02:00.0: BAR 2: assigned [mem 0x13100000-0x13100fff 64bit]
[    3.274833] pci 0000:02:00.0: BAR 0: assigned [io  0x1000-0x10ff]
[    3.280928] pci 0000:00:02.0: PCI bridge to [bus 02]
[    3.285907] pci 0000:00:02.0:   bridge window [io  0x1000-0x1fff]
[    3.292013] pci 0000:00:02.0:   bridge window [mem 0x13100000-0x131fffff]
[    3.298835] pci 0000:00:02.0:   bridge window [mem 0x20000000-0x200fffff 64bit pref]
[    3.306619] pci 0000:00:01.0: nv_msi_ht_cap_quirk didn't locate host bridge
[    3.313730] pcieport 0000:00:01.0: enabling device (0140 -> 0142)
[    3.320058] pcieport 0000:00:01.0: Signaling PME with IRQ 395
[    3.325987] pci 0000:00:02.0: nv_msi_ht_cap_quirk didn't locate host bridge
[    3.333037] pcieport 0000:00:02.0: enabling device (0140 -> 0143)
[    3.339355] pcieport 0000:00:02.0: Signaling PME with IRQ 396
[    3.345435] r8169 Gigabit Ethernet driver 2.3LK-NAPI loaded
[    3.351019] r8169 0000:02:00.0: enabling device (0140 -> 0143)
[    3.356904] r8169 0000:02:00.0 (unnamed net_device) (uninitialized): not PCI Express
[    3.380060] mmc1: new high speed SDHC card at address aaaa
[    3.386265] mmcblk1: mmc1:aaaa SD04G 3.69 GiB 
[    3.395067] r8169 0000:02:00.0 eth0: RTL8168g/8111g at 0xf0a77000, 00:04:4b:3a:d9:81, XID 0c000800 IRQ 22
[    3.404697] r8169 0000:02:00.0 eth0: jumbo features [frames: 9200 bytes, tx checksumming: ko]
[    3.417412] +1.05V_RUN_AVDD_HDMI_PLL: supplied by +1.05V_RUN
[    3.426359] [drm] Supports vblank timestamp caching Rev 2 (21.10.2013).
[    3.432976] [drm] No driver support for vblank timestamp query.
[    3.445241]  mmcblk1: p1 p2 p3
[    3.563346] tegra-hdmi 54280000.hdmi: cannot set audio to 48000 Hz at 297000000 Hz pixel clock
[    3.811458] Console: switching to colour frame buffer device 512x135
[    3.910050] drm drm: fb0:  frame buffer device
[    3.914591] [drm] Initialized tegra 0.0.0 20120330 for drm on minor 0
[    3.922280] iommu: Adding device cpufreq-dt.0 to group 74
[    3.928159] cpufreq: cpufreq_online: CPU0: Running at unlisted freq: 696000 KHz
[    3.935500] cpufreq: cpufreq_online: CPU0: Unlisted initial frequency changed to: 714000 KHz
[    3.944802] input: gpio-keys as /devices/soc0/gpio-keys/input/input0
[    3.952038] as3722-rtc as3722-rtc: setting system clock to 2000-01-01 00:00:50 UTC (946684850)
[    3.961007] +USB0_VBUS_SW: disabling
[    3.964628] +1.8V_RUN_CAM: disabling
[    3.968415] +2.8V_RUN_CAM: disabling
[    3.972141] +1.2V_RUN_CAM_FRONT: disabling
[    3.976517] +1.05V_RUN_CAM_REAR: disabling
[    3.980765] +3.3V_RUN_TOUCH: disabling
[    3.984733] +2.8V_RUN_CAM_AF: disabling
[    3.988760] +1.8V_RUN_VPP_FUSE: disabling
[    3.994071] EXT4-fs (mmcblk0p1): mounting ext3 file system using the ext4 subsystem
[    4.028583] EXT4-fs (mmcblk0p1): recovery complete
[    4.034639] EXT4-fs (mmcblk0p1): mounted filesystem with ordered data mode. Opts: (null)
[    4.042770] VFS: Mounted root (ext3 filesystem) on device 179:1.
[    4.053709] devtmpfs: mounted
[    4.058611] Freeing unused kernel memory: 2048K
bash: cannot set terminal process group (-1): Inappropriate ioctl for device
bash: no job control in this shell
root@(none):/# mount -t sysfs none /sys
root@(none):/# 
root@(none):/# mount -t debugfs none /sys/kernel/debug
root@(none):/# 
root@(none):/# rtcwake -d rtc1 -m mem -s 3
rtcwake: assuming RTC uses UTC ...
rtcwake: wakeup from "mem" using /dev/rtc1 at Thu Jan  1 00:00:21 1970
[    7.696955] PM: suspend entry (deep)
[    7.700541] PM: Syncing filesystems ... done.
[    7.774977] Freezing user space processes ... (elapsed 0.001 seconds) done.
[    7.783086] OOM killer disabled.
[    7.786338] Freezing remaining freezable tasks ... (elapsed 0.001 seconds) done.
[    7.795109] Suspending console(s) (use no_console_suspend to debug)
[    7.828721] hub 2-0:1.0: activate --> -22
[    7.854631] hub 1-0:1.0: activate --> -22
[    7.937269] Disabling non-boot CPUs ...
[    8.094001] Entering suspend state LP1
[    8.094014] Enabling non-boot CPUs ...
[    8.094347] CPU1 is up
[    8.094636] CPU2 is up
[    8.094968] CPU3 is up
[    8.095857] pci_generic_config_write32: 52 callbacks suppressed
[    8.095864] pci_bus 0000:00: 2-byte config write to 0000:00:01.0 offset 0x4c may corrupt adjacent RW1C bits
[    8.095873] pci_bus 0000:00: 2-byte config write to 0000:00:01.0 offset 0x88 may corrupt adjacent RW1C bits
[    8.095879] pci_bus 0000:00: 2-byte config write to 0000:00:01.0 offset 0x90 may corrupt adjacent RW1C bits
[    8.095884] pci_bus 0000:00: 2-byte config write to 0000:00:01.0 offset 0x98 may corrupt adjacent RW1C bits
[    8.095890] pci_bus 0000:00: 2-byte config write to 0000:00:01.0 offset 0x9c may corrupt adjacent RW1C bits
[    8.095895] pci_bus 0000:00: 2-byte config write to 0000:00:01.0 offset 0xa8 may corrupt adjacent RW1C bits
[    8.095900] pci_bus 0000:00: 2-byte config write to 0000:00:01.0 offset 0xb0 may corrupt adjacent RW1C bits
[    8.095928] pci_bus 0000:00: 2-byte config write to 0000:00:01.0 offset 0x52 may corrupt adjacent RW1C bits
[    8.095934] pci_bus 0000:00: 2-byte config write to 0000:00:01.0 offset 0x52 may corrupt adjacent RW1C bits
[    8.095940] pci_bus 0000:00: 2-byte config write to 0000:00:01.0 offset 0x5c may corrupt adjacent RW1C bits
[    8.095965] pcieport 0000:00:01.0: nv_msi_ht_cap_quirk didn't locate host bridge
[    8.096039] pcieport 0000:00:02.0: nv_msi_ht_cap_quirk didn't locate host bridge
[    8.098953] hub 1-0:1.0: activate --> -22
[    8.112408] hub 2-0:1.0: activate --> -22
[    8.143741] tegra-hdmi 54280000.hdmi: cannot set audio to 48000 Hz at 297000000 Hz pixel clock
[    8.426943] OOM killer enabled.
[    8.430076] Restarting tasks ... done.
[    8.446325] ata1: SATA link down (SStatus 0 SControl 300)
[    8.473559] PM: suspend exit
root@(none):/# 
root@(none):/# rtcwake -d rtc1 -m mem -s 3
rtcwake: assuming RTC uses UTC ...
rtcwake: wakeup from "mem" using /dev/rtc1 at Thu Jan  1 00:00:25 1970
[    9.009368] PM: suspend entry (deep)
[    9.012956] PM: Syncing filesystems ... done.
[    9.070537] Freezing user space processes ... (elapsed 0.001 seconds) done.
[    9.078731] OOM killer disabled.
[    9.081959] Freezing remaining freezable tasks ... (elapsed 0.001 seconds) done.
[    9.090720] Suspending console(s) (use no_console_suspend to debug)
[    9.107093] hub 2-0:1.0: activate --> -22
[    9.134047] hub 1-0:1.0: activate --> -22
[    9.216739] Disabling non-boot CPUs ...
[    9.363848] Entering suspend state LP1
[    9.363861] Enabling non-boot CPUs ...
[    9.364209] CPU1 is up
[    9.364502] CPU2 is up
[    9.364841] CPU3 is up
[    9.365751] pcieport 0000:00:02.0: nv_msi_ht_cap_quirk didn't locate host bridge
[    9.365855] pcieport 0000:00:01.0: nv_msi_ht_cap_quirk didn't locate host bridge
[    9.369006] hub 1-0:1.0: activate --> -22
[    9.382539] hub 2-0:1.0: activate --> -22
[    9.413742] tegra-hdmi 54280000.hdmi: cannot set audio to 48000 Hz at 297000000 Hz pixel clock
[    9.593612] OOM killer enabled.
[    9.596742] Restarting tasks ... done.
[    9.660461] PM: suspend exit
root@(none):/# 
root@(none):/# [    9.717736] ata1: SATA link down (SStatus 0 SControl 300)
rtcwake -d rtc1 -m mem -s 3
rtcwake: assuming RTC uses UTC ...
rtcwake: wakeup from "mem" using /dev/rtc1 at Thu Jan  1 00:00:29 1970
[   10.277942] PM: suspend entry (deep)
[   10.281523] PM: Syncing filesystems ... done.
[   10.328360] Freezing user space processes ... (elapsed 0.001 seconds) done.
[   10.336539] OOM killer disabled.
[   10.339763] Freezing remaining freezable tasks ... (elapsed 0.001 seconds) done.
[   10.348600] Suspending console(s) (use no_console_suspend to debug)
[   10.377935] hub 2-0:1.0: activate --> -22
[   10.404018] hub 1-0:1.0: activate --> -22
[   10.487167] Disabling non-boot CPUs ...
[   10.623827] Entering suspend state LP1
[   10.623840] Enabling non-boot CPUs ...
[   10.624190] CPU1 is up
[   10.624482] CPU2 is up
[   10.624812] CPU3 is up
[   10.625792] pcieport 0000:00:01.0: nv_msi_ht_cap_quirk didn't locate host bridge
[   10.625794] pcieport 0000:00:02.0: nv_msi_ht_cap_quirk didn't locate host bridge
[   10.628775] hub 1-0:1.0: activate --> -22
[   10.642256] hub 2-0:1.0: activate --> -22
[   10.683681] tegra-hdmi 54280000.hdmi: cannot set audio to 48000 Hz at 297000000 Hz pixel clock
[   10.863513] OOM killer enabled.
[   10.866646] Restarting tasks ... done.
[   10.930624] PM: suspend exit
root@(none):/# 
root@(none):/# [   10.977759] ata1: SATA link down (SStatus 0 SControl 300)
rtcwake -d rtc1 -m mem -s 3
rtcwake: assuming RTC uses UTC ...
rtcwake: wakeup from "mem" using /dev/rtc1 at Thu Jan  1 00:00:33 1970
[   11.540365] PM: suspend entry (deep)
[   11.544012] PM: Syncing filesystems ... done.
[   11.610418] Freezing user space processes ... (elapsed 0.001 seconds) done.
[   11.618613] OOM killer disabled.
[   11.621843] Freezing remaining freezable tasks ... (elapsed 0.001 seconds) done.
[   11.630626] Suspending console(s) (use no_console_suspend to debug)
[   11.646839] hub 2-0:1.0: activate --> -22
[   11.674202] hub 1-0:1.0: activate --> -22
[   11.757609] Disabling non-boot CPUs ...
[   11.893810] Entering suspend state LP1
[   11.893822] Enabling non-boot CPUs ...
[   11.894103] CPU1 is up
[   11.894324] CPU2 is up
[   11.894572] CPU3 is up
[   11.895273] pcieport 0000:00:01.0: nv_msi_ht_cap_quirk didn't locate host bridge
[   11.895382] pcieport 0000:00:02.0: nv_msi_ht_cap_quirk didn't locate host bridge
[   11.897894] hub 1-0:1.0: activate --> -22
[   11.910711] hub 2-0:1.0: activate --> -22
[   11.933678] tegra-hdmi 54280000.hdmi: cannot set audio to 48000 Hz at 297000000 Hz pixel clock
[   12.105243] OOM killer enabled.
[   12.108375] Restarting tasks ... done.
[   12.180714] PM: suspend exit
root@(none):/# 
root@(none):/# [   12.238107] ata1: SATA link down (SStatus 0 SControl 300)
rtcwake -d rtc1 -m mem -s 3
rtcwake: assuming RTC uses UTC ...
rtcwake: wakeup from "mem" using /dev/rtc1 at Thu Jan  1 00:00:37 1970
[   12.813427] PM: suspend entry (deep)
[   12.817017] PM: Syncing filesystems ... done.
[   12.898439] Freezing user space processes ... (elapsed 0.001 seconds) done.
[   12.906576] OOM killer disabled.
[   12.909792] Freezing remaining freezable tasks ... (elapsed 0.001 seconds) done.
[   12.918353] Suspending console(s) (use no_console_suspend to debug)
[   12.939333] hub 2-0:1.0: activate --> -22
[   12.964002] hub 1-0:1.0: activate --> -22
[   13.047201] Disabling non-boot CPUs ...
[   13.183783] Entering suspend state LP1
[   13.183794] Enabling non-boot CPUs ...
[   13.184112] CPU1 is up
[   13.184337] CPU2 is up
[   13.184588] CPU3 is up
[   13.185249] pci_generic_config_write32: 102 callbacks suppressed
[   13.185254] pci_bus 0000:00: 2-byte config write to 0000:00:02.0 offset 0x4c may corrupt adjacent RW1C bits
[   13.185262] pci_bus 0000:00: 2-byte config write to 0000:00:02.0 offset 0x88 may corrupt adjacent RW1C bits
[   13.185267] pci_bus 0000:00: 2-byte config write to 0000:00:02.0 offset 0x90 may corrupt adjacent RW1C bits
[   13.185271] pci_bus 0000:00: 2-byte config write to 0000:00:02.0 offset 0x98 may corrupt adjacent RW1C bits
[   13.185275] pci_bus 0000:00: 2-byte config write to 0000:00:02.0 offset 0x9c may corrupt adjacent RW1C bits
[   13.185279] pci_bus 0000:00: 2-byte config write to 0000:00:02.0 offset 0xa8 may corrupt adjacent RW1C bits
[   13.185283] pci_bus 0000:00: 2-byte config write to 0000:00:02.0 offset 0xb0 may corrupt adjacent RW1C bits
[   13.185308] pci_bus 0000:00: 2-byte config write to 0000:00:02.0 offset 0x52 may corrupt adjacent RW1C bits
[   13.185313] pci_bus 0000:00: 2-byte config write to 0000:00:02.0 offset 0x52 may corrupt adjacent RW1C bits
[   13.185318] pci_bus 0000:00: 2-byte config write to 0000:00:02.0 offset 0x5c may corrupt adjacent RW1C bits
[   13.185340] pcieport 0000:00:02.0: nv_msi_ht_cap_quirk didn't locate host bridge
[   13.185436] pcieport 0000:00:01.0: nv_msi_ht_cap_quirk didn't locate host bridge
[   13.187403] hub 1-0:1.0: activate --> -22
[   13.200738] hub 2-0:1.0: activate --> -22
[   13.223641] tegra-hdmi 54280000.hdmi: cannot set audio to 48000 Hz at 297000000 Hz pixel clock
[   13.498929] OOM killer enabled.
[   13.502065] Restarting tasks ... done.
[   13.526563] ata1: SATA link down (SStatus 0 SControl 300)
[   13.560908] PM: suspend exit
root@(none):/# 
root@(none):/# rtcwake -d rtc1 -m mem -s 3
rtcwake: assuming RTC uses UTC ...
rtcwake: wakeup from "mem" using /dev/rtc1 at Thu Jan  1 00:00:41 1970
[   14.101304] PM: suspend entry (deep)
[   14.104958] PM: Syncing filesystems ... done.
[   14.202507] Freezing user space processes ... (elapsed 0.001 seconds) done.
[   14.210711] OOM killer disabled.
[   14.213958] Freezing remaining freezable tasks ... (elapsed 0.001 seconds) done.
[   14.222665] Suspending console(s) (use no_console_suspend to debug)
[   14.272088] hub 2-0:1.0: activate --> -22
[   14.293921] hub 1-0:1.0: activate --> -22
[   14.376666] Disabling non-boot CPUs ...
[   14.513777] Entering suspend state LP1
[   14.513789] Enabling non-boot CPUs ...
[   14.514069] CPU1 is up
[   14.514288] CPU2 is up
[   14.514536] CPU3 is up
[   14.515286] pcieport 0000:00:02.0: nv_msi_ht_cap_quirk didn't locate host bridge
[   14.515288] pcieport 0000:00:01.0: nv_msi_ht_cap_quirk didn't locate host bridge
[   14.518035] hub 1-0:1.0: activate --> -22
[   14.531207] hub 2-0:1.0: activate --> -22
[   14.553631] tegra-hdmi 54280000.hdmi: cannot set audio to 48000 Hz at 297000000 Hz pixel clock
[   14.725076] OOM killer enabled.
[   14.728204] Restarting tasks ... done.
[   14.800681] PM: suspend exit
root@(none):/# 
root@(none):/# [   14.858079] ata1: SATA link down (SStatus 0 SControl 300)
rtcwake -d rtc1 -m mem -s 3
rtcwake: assuming RTC uses UTC ...
rtcwake: wakeup from "mem" using /dev/rtc1 at Thu Jan  1 00:00:45 1970
[   15.428502] PM: suspend entry (deep)
[   15.432085] PM: Syncing filesystems ... done.
[   15.512068] Freezing user space processes ... (elapsed 0.001 seconds) done.
[   15.520221] OOM killer disabled.
[   15.523475] Freezing remaining freezable tasks ... (elapsed 0.001 seconds) done.
[   15.532235] Suspending console(s) (use no_console_suspend to debug)
[   15.559513] hub 2-0:1.0: activate --> -22
[   15.583951] hub 1-0:1.0: activate --> -22
[   15.666904] Disabling non-boot CPUs ...
[   15.823744] Entering suspend state LP1
[   15.823755] Enabling non-boot CPUs ...
[   15.824037] CPU1 is up
[   15.824257] CPU2 is up
[   15.824503] CPU3 is up
[   15.825241] pcieport 0000:00:01.0: nv_msi_ht_cap_quirk didn't locate host bridge
[   15.825260] pcieport 0000:00:02.0: nv_msi_ht_cap_quirk didn't locate host bridge
[   15.827666] hub 1-0:1.0: activate --> -22
[   15.840703] hub 2-0:1.0: activate --> -22
[   15.863596] tegra-hdmi 54280000.hdmi: cannot set audio to 48000 Hz at 297000000 Hz pixel clock
[   16.035027] OOM killer enabled.
[   16.038155] Restarting tasks ... done.
[   16.110693] PM: suspend exit
root@(none):/# 
root@(none):/# [   16.168100] ata1: SATA link down (SStatus 0 SControl 300)
rtcwake -d rtc1 -m mem -s 3
rtcwake: assuming RTC uses UTC ...
rtcwake: wakeup from "mem" using /dev/rtc1 at Thu Jan  1 00:00:49 1970
[   16.741114] PM: suspend entry (deep)
[   16.744783] PM: Syncing filesystems ... done.
[   16.832194] Freezing user space processes ... (elapsed 0.001 seconds) done.
[   16.840344] OOM killer disabled.
[   16.843574] Freezing remaining freezable tasks ... (elapsed 0.001 seconds) done.
[   16.852283] Suspending console(s) (use no_console_suspend to debug)
[   16.869322] hub 2-0:1.0: activate --> -22
[   16.894090] hub 1-0:1.0: activate --> -22
[   16.977096] Disabling non-boot CPUs ...
[   17.113722] Entering suspend state LP1
[   17.113733] Enabling non-boot CPUs ...
[   17.114014] CPU1 is up
[   17.114235] CPU2 is up
[   17.114480] CPU3 is up
[   17.115237] pcieport 0000:00:01.0: nv_msi_ht_cap_quirk didn't locate host bridge
[   17.115239] pcieport 0000:00:02.0: nv_msi_ht_cap_quirk didn't locate host bridge
[   17.117607] hub 1-0:1.0: activate --> -22
[   17.130480] hub 2-0:1.0: activate --> -22
[   17.163575] tegra-hdmi 54280000.hdmi: cannot set audio to 48000 Hz at 297000000 Hz pixel clock
[   17.335008] OOM killer enabled.
[   17.338136] Restarting tasks ... done.
[   17.410324] PM: suspend exit
root@(none):/# 
root@(none):/# [   17.457918] ata1: SATA link down (SStatus 0 SControl 300)
rtcwake -d rtc1 -m mem -s 3
rtcwake: assuming RTC uses UTC ...
rtcwake: wakeup from "mem" using /dev/rtc1 at Thu Jan  1 00:00:53 1970
[   18.031147] PM: suspend entry (deep)
[   18.034798] PM: Syncing filesystems ... done.
[   18.090349] Freezing user space processes ... (elapsed 0.001 seconds) done.
[   18.098556] OOM killer disabled.
[   18.101781] Freezing remaining freezable tasks ... (elapsed 0.001 seconds) done.
[   18.110441] Suspending console(s) (use no_console_suspend to debug)
[   18.127326] hub 2-0:1.0: activate --> -22
[   18.154040] hub 1-0:1.0: activate --> -22
[   18.237166] Disabling non-boot CPUs ...
[   18.373717] Entering suspend state LP1
[   18.373729] Enabling non-boot CPUs ...
[   18.374016] CPU1 is up
[   18.374242] CPU2 is up
[   18.374500] CPU3 is up
[   18.375162] pci_generic_config_write32: 102 callbacks suppressed
[   18.375167] pci_bus 0000:00: 2-byte config write to 0000:00:02.0 offset 0x4c may corrupt adjacent RW1C bits
[   18.375175] pci_bus 0000:00: 2-byte config write to 0000:00:02.0 offset 0x88 may corrupt adjacent RW1C bits
[   18.375179] pci_bus 0000:00: 2-byte config write to 0000:00:02.0 offset 0x90 may corrupt adjacent RW1C bits
[   18.375183] pci_bus 0000:00: 2-byte config write to 0000:00:02.0 offset 0x98 may corrupt adjacent RW1C bits
[   18.375187] pci_bus 0000:00: 2-byte config write to 0000:00:02.0 offset 0x9c may corrupt adjacent RW1C bits
[   18.375191] pci_bus 0000:00: 2-byte config write to 0000:00:02.0 offset 0xa8 may corrupt adjacent RW1C bits
[   18.375195] pci_bus 0000:00: 2-byte config write to 0000:00:02.0 offset 0xb0 may corrupt adjacent RW1C bits
[   18.375220] pci_bus 0000:00: 2-byte config write to 0000:00:02.0 offset 0x52 may corrupt adjacent RW1C bits
[   18.375225] pci_bus 0000:00: 2-byte config write to 0000:00:02.0 offset 0x52 may corrupt adjacent RW1C bits
[   18.375230] pci_bus 0000:00: 2-byte config write to 0000:00:02.0 offset 0x5c may corrupt adjacent RW1C bits
[   18.375252] pcieport 0000:00:02.0: nv_msi_ht_cap_quirk didn't locate host bridge
[   18.375343] pcieport 0000:00:01.0: nv_msi_ht_cap_quirk didn't locate host bridge
[   18.378094] hub 1-0:1.0: activate --> -22
[   18.391294] hub 2-0:1.0: activate --> -22
[   18.413558] tegra-hdmi 54280000.hdmi: cannot set audio to 48000 Hz at 297000000 Hz pixel clock
[   18.688818] OOM killer enabled.
[   18.691955] Restarting tasks ... done.
[   18.716445] ata1: SATA link down (SStatus 0 SControl 300)
[   18.750823] PM: suspend exit
root@(none):/# 
root@(none):/# rtcwake -d rtc1 -m mem -s 3
rtcwake: assuming RTC uses UTC ...
rtcwake: wakeup from "mem" using /dev/rtc1 at Thu Jan  1 00:00:57 1970
[   19.288727] PM: suspend entry (deep)
[   19.292308] PM: Syncing filesystems ... done.
[   19.592426] Freezing user space processes ... (elapsed 0.001 seconds) done.
[   19.600769] OOM killer disabled.
[   19.603999] Freezing remaining freezable tasks ... (elapsed 0.001 seconds) done.
[   19.612717] Suspending console(s) (use no_console_suspend to debug)
[   19.627929] hub 2-0:1.0: activate --> -22
[   19.654097] hub 1-0:1.0: activate --> -22
[   19.737398] Disabling non-boot CPUs ...
[   19.813275] IRQ17 no longer affine to CPU2
[   19.873733] Entering suspend state LP1
[   19.873746] Enabling non-boot CPUs ...
[   19.874100] CPU1 is up
[   19.874395] CPU2 is up
[   19.874732] CPU3 is up
[   19.875661] pcieport 0000:00:02.0: nv_msi_ht_cap_quirk didn't locate host bridge
[   19.875734] pcieport 0000:00:01.0: nv_msi_ht_cap_quirk didn't locate host bridge
[   19.878849] hub 1-0:1.0: activate --> -22
[   19.892228] hub 2-0:1.0: activate --> -22
[   19.933572] tegra-hdmi 54280000.hdmi: cannot set audio to 48000 Hz at 297000000 Hz pixel clock
[   20.117594] OOM killer enabled.
[   20.120732] Restarting tasks ... done.
[   20.180377] PM: suspend exit
root@(none):/# 
root@(none):/# [   20.227153] ata1: SATA link down (SStatus 0 SControl 300)
NVTB SYSTEM SUSPEND TEST COMPLETE
