
U-Boot SPL 2014.07-00097-g772e173 (Jul 25 2014 - 20:02:52)


U-Boot 2014.07-00097-g772e173 (Jul 25 2014 - 20:02:52)

TEGRA124
Board: NVIDIA Jetson TK1
I2C:   ready
DRAM:  2 GiB
MMC:   Tegra SD/MMC: 0, Tegra SD/MMC: 1
In:    serial
Out:   serial
Err:   serial
Net:   Net Initialization Skipped
No ethernet found.
Hit any key to stop autoboot:  2  0 
Tegra124 (Jetson TK1) # 
Tegra124 (Jetson TK1) # usb reset
(Re)start USB...
USB0:   USB EHCI 1.10
scanning bus 0 for devices... 1 USB Device(s) found
USB1:   USB EHCI 1.10
scanning bus 1 for devices... 2 USB Device(s) found
       scanning usb for storage devices... 0 Storage Device(s) found
       scanning usb for ethernet devices... 
Warning: asx0 using MAC address from net device
1 Ethernet Device(s) found
Tegra124 (Jetson TK1) # setenv bootargs 'ignore_loglevel console=ttyS0,115200n8 rw root=/dev/mmcblk0p1 rootwait gpt debug init=/bin/bash noinitrd'
Tegra124 (Jetson TK1) # setenv ipaddr 192.168.100.102; setenv serverip 192.168.100.1; setenv tftpserverip 192.168.100.1
Tegra124 (Jetson TK1) # tftpboot 0x81000000 zImage.multi_v7_defconfig
Using asx0 device
TFTP from server 192.168.100.1; our IP address is 192.168.100.102
Filename 'zImage.multi_v7_defconfig'.
Load address: 0x81000000
Loading: *#################################################################
	 #################################################################
	 #################################################################
	 #################################################################
	 #################################################################
	 #################################################################
	 #########
	 3.2 MiB/s
done
Bytes transferred = 5843072 (592880 hex)
Tegra124 (Jetson TK1) # tftpboot 0x82000000 tegra124-jetson-tk1.dtb
Using asx0 device
TFTP from server 192.168.100.1; our IP address is 192.168.100.102
Filename 'tegra124-jetson-tk1.dtb'.
Load address: 0x82000000
Loading: *####
	 3.1 MiB/s
done
Bytes transferred = 49059 (bfa3 hex)
Tegra124 (Jetson TK1) # bootz 0x81000000 - 0x82000000
Kernel image @ 0x81000000 [ 0x000000 - 0x592880 ]
## Flattened Device Tree blob at 82000000
   Booting using the fdt blob at 0x82000000
   Using Device Tree in place at 82000000, end 8200efa2

Starting kernel ...

[    0.000000] Booting Linux on physical CPU 0x0
[    0.000000] Linux version 4.0.0-rc1-00019-g6af714b (pwalmsley@sellafield) (gcc version 4.7.3 20130328 (prerelease) (crosstool-NG linaro-1.13.1-4.7-2013.04-20130415 - Linaro GCC 2013.04) ) #1 SMP Wed Mar 25 11:01:03 PDT 2015
[    0.000000] CPU: ARMv7 Processor [413fc0f3] revision 3 (ARMv7), cr=10c5387d
[    0.000000] CPU: PIPT / VIPT nonaliasing data cache, PIPT instruction cache
[    0.000000] Machine model: NVIDIA Tegra124 Jetson TK1
[    0.000000] debug: ignoring loglevel setting.
[    0.000000] cma: Reserved 64 MiB at 0xfb800000
[    0.000000] Memory policy: Data cache writealloc
[    0.000000] On node 0 totalpages: 524032
[    0.000000] free_area_init_node: node 0, pgdat c0e34ac0, node_mem_map ee7f8000
[    0.000000]   DMA zone: 1520 pages used for memmap
[    0.000000]   DMA zone: 0 pages reserved
[    0.000000]   DMA zone: 194560 pages, LIFO batch:31
[    0.000000]   HighMem zone: 329472 pages, LIFO batch:31
[    0.000000] PERCPU: Embedded 11 pages/cpu @ee79a000 s12480 r8192 d24384 u45056
[    0.000000] pcpu-alloc: s12480 r8192 d24384 u45056 alloc=11*4096
[    0.000000] pcpu-alloc: [0] 0 [0] 1 [0] 2 [0] 3 
[    0.000000] Built 1 zonelists in Zone order, mobility grouping on.  Total pages: 522512
[    0.000000] Kernel command line: ignore_loglevel console=ttyS0,115200n8 rw root=/dev/mmcblk0p1 rootwait gpt debug init=/bin/bash noinitrd
[    0.000000] PID hash table entries: 4096 (order: 2, 16384 bytes)
[    0.000000] Dentry cache hash table entries: 131072 (order: 7, 524288 bytes)
[    0.000000] Inode-cache hash table entries: 65536 (order: 6, 262144 bytes)
[    0.000000] Memory: 2000172K/2096128K available (7602K kernel code, 922K rwdata, 3168K rodata, 780K init, 307K bss, 30420K reserved, 65536K cma-reserved, 1252352K highmem)
[    0.000000] Virtual kernel memory layout:
[    0.000000]     vector  : 0xffff0000 - 0xffff1000   (   4 kB)
[    0.000000]     fixmap  : 0xffc00000 - 0xfff00000   (3072 kB)
[    0.000000]     vmalloc : 0xf0000000 - 0xff000000   ( 240 MB)
[    0.000000]     lowmem  : 0xc0000000 - 0xef800000   ( 760 MB)
[    0.000000]     pkmap   : 0xbfe00000 - 0xc0000000   (   2 MB)
[    0.000000]     modules : 0xbf000000 - 0xbfe00000   (  14 MB)
[    0.000000]       .text : 0xc0208000 - 0xc0c8cb18   (10771 kB)
[    0.000000]       .init : 0xc0c8d000 - 0xc0d50000   ( 780 kB)
[    0.000000]       .data : 0xc0d50000 - 0xc0e36a20   ( 923 kB)
[    0.000000]        .bss : 0xc0e36a20 - 0xc0e838e8   ( 308 kB)
[    0.000000] SLUB: HWalign=64, Order=0-3, MinObjects=0, CPUs=4, Nodes=1
[    0.000000] Hierarchical RCU implementation.
[    0.000000] 	Additional per-CPU info printed with stalls.
[    0.000000] 	RCU restricting CPUs from NR_CPUS=8 to nr_cpu_ids=4.
[    0.000000] RCU: Adjusting geometry for rcu_fanout_leaf=16, nr_cpu_ids=4
[    0.000000] NR_IRQS:16 nr_irqs:16 16
[    0.000000] L2C: failed to init: -19
[    0.000009] sched_clock: 32 bits at 1000kHz, resolution 1000ns, wraps every 2147483648000ns
[    0.000029] Switching to timer-based delay loop, resolution 1000ns
[    0.003927] Architected cp15 timer(s) running at 12.00MHz (virt).
[    0.003950] sched_clock: 56 bits at 12MHz, resolution 83ns, wraps every 2863311536128ns
[    0.003963] Switching to timer-based delay loop, resolution 83ns
[    0.004350] Console: colour dummy device 80x30
[    0.004372] Calibrating delay loop (skipped), value calculated using timer frequency.. 24.00 BogoMIPS (lpj=60000)
[    0.004386] pid_max: default: 32768 minimum: 301
[    0.004495] Mount-cache hash table entries: 2048 (order: 1, 8192 bytes)
[    0.004508] Mountpoint-cache hash table entries: 2048 (order: 1, 8192 bytes)
[    0.005091] CPU: Testing write buffer coherency: ok
[    0.005291] /cpus/cpu@0 missing clock-frequency property
[    0.005324] /cpus/cpu@1 missing clock-frequency property
[    0.005357] /cpus/cpu@2 missing clock-frequency property
[    0.005391] /cpus/cpu@3 missing clock-frequency property
[    0.005402] CPU0: thread -1, cpu 0, socket 0, mpidr 80000000
[    0.005443] Setting up static identity map for 0x8092fc90 - 0x8092fd28
[    0.008065] Tegra Revision: A01 SKU: 129 CPU Process: 1 Core Process: 1
[    0.009218] CPU1: thread -1, cpu 1, socket 0, mpidr 80000001
[    0.009727] CPU2: thread -1, cpu 2, socket 0, mpidr 80000002
[    0.010231] CPU3: thread -1, cpu 3, socket 0, mpidr 80000003
[    0.010295] Brought up 4 CPUs
[    0.010314] SMP: Total of 4 processors activated (96.00 BogoMIPS).
[    0.010322] CPU: All CPU(s) started in SVC mode.
[    0.010833] devtmpfs: initialized
[    0.011701] VFP support v0.3: implementor 41 architecture 4 part 30 variant f rev 0
[    0.013641] pinctrl core: initialized pinctrl subsystem
[    0.030761] NET: Registered protocol family 16
[    0.032825] DMA: preallocated 256 KiB pool for atomic coherent allocations
[    0.048759] cpuidle: using governor ladder
[    0.063760] cpuidle: using governor menu
[    0.078329] No ATAGs?
[    0.078360] hw-breakpoint: found 5 (+1 reserved) breakpoint and 4 watchpoint registers.
[    0.078370] hw-breakpoint: maximum watchpoint size is 8 bytes.
[    0.081947] Serial: AMBA PL011 UART driver
[    0.107933] +5V_SYS: supplied by +VDD_MUX
[    0.108213] +3.3V_SYS: supplied by +VDD_MUX
[    0.108358] platform regulators:regulator@3: Driver reg-fixed-voltage requests probe deferral
[    0.108557] reg-fixed-voltage regulators:regulator@4: Failed to find supply vin
[    0.108670] reg-fixed-voltage regulators:regulator@4: Failed to register regulator: -517
[    0.108692] platform regulators:regulator@4: Driver reg-fixed-voltage requests probe deferral
[    0.108873] +USB0_VBUS_SW: Failed to request enable GPIO108: -517
[    0.108976] reg-fixed-voltage regulators:regulator@7: Failed to register regulator: -517
[    0.108997] platform regulators:regulator@7: Driver reg-fixed-voltage requests probe deferral
[    0.109194] +5V_USB_HS: Failed to request enable GPIO109: -517
[    0.109296] reg-fixed-voltage regulators:regulator@8: Failed to register regulator: -517
[    0.109317] platform regulators:regulator@8: Driver reg-fixed-voltage requests probe deferral
[    0.109398] platform regulators:regulator@10: Driver reg-fixed-voltage requests probe deferral
[    0.109574] +1.05V_RUN_AVDD_HDMI_PLL: Failed to request enable GPIO63: -517
[    0.109675] reg-fixed-voltage regulators:regulator@11: Failed to register regulator: -517
[    0.109695] platform regulators:regulator@11: Driver reg-fixed-voltage requests probe deferral
[    0.109868] +5V_HDMI_CON: Failed to request enable GPIO86: -517
[    0.109969] reg-fixed-voltage regulators:regulator@12: Failed to register regulator: -517
[    0.109989] platform regulators:regulator@12: Driver reg-fixed-voltage requests probe deferral
[    0.110161] +5V_SATA: Failed to request enable GPIO242: -517
[    0.110260] reg-fixed-voltage regulators:regulator@13: Failed to register regulator: -517
[    0.110280] platform regulators:regulator@13: Driver reg-fixed-voltage requests probe deferral
[    0.110454] +12V_SATA: Failed to request enable GPIO242: -517
[    0.110552] reg-fixed-voltage regulators:regulator@14: Failed to register regulator: -517
[    0.110572] platform regulators:regulator@14: Driver reg-fixed-voltage requests probe deferral
[    0.113165] vgaarb: loaded
[    0.113836] SCSI subsystem initialized
[    0.114009] libata version 3.00 loaded.
[    0.114355] usbcore: registered new interface driver usbfs
[    0.114423] usbcore: registered new interface driver hub
[    0.114497] usbcore: registered new device driver usb
[    0.117527] Linux video capture interface: v2.00
[    0.117579] pps_core: LinuxPPS API ver. 1 registered
[    0.117588] pps_core: Software ver. 5.3.6 - Copyright 2005-2007 Rodolfo Giometti <giometti@linux.it>
[    0.117622] PTP clock support registered
[    0.117874] EDAC MC: Ver: 3.0.0
[    0.118435] Advanced Linux Sound Architecture Driver Initialized.
[    0.119537] Switched to clocksource arch_sys_counter
[    0.130794] NET: Registered protocol family 2
[    0.131386] TCP established hash table entries: 8192 (order: 3, 32768 bytes)
[    0.131476] TCP bind hash table entries: 8192 (order: 4, 65536 bytes)
[    0.131663] TCP: Hash tables configured (established 8192 bind 8192)
[    0.131707] TCP: reno registered
[    0.131721] UDP hash table entries: 512 (order: 2, 16384 bytes)
[    0.131762] UDP-Lite hash table entries: 512 (order: 2, 16384 bytes)
[    0.131938] NET: Registered protocol family 1
[    0.132170] RPC: Registered named UNIX socket transport module.
[    0.132179] RPC: Registered udp transport module.
[    0.132186] RPC: Registered tcp transport module.
[    0.132193] RPC: Registered tcp NFSv4.1 backchannel transport module.
[    0.132211] PCI: CLS 0 bytes, default 64
[    0.134446] futex hash table entries: 1024 (order: 4, 65536 bytes)
[    0.146346] squashfs: version 4.0 (2009/01/31) Phillip Lougher
[    0.147271] NFS: Registering the id_resolver key type
[    0.147302] Key type id_resolver registered
[    0.147310] Key type id_legacy registered
[    0.147381] ntfs: driver 2.1.31 [Flags: R/O].
[    0.148528] bounce: pool size: 64 pages
[    0.148755] Block layer SCSI generic (bsg) driver version 0.4 loaded (major 249)
[    0.148773] io scheduler noop registered
[    0.148789] io scheduler deadline registered
[    0.148993] io scheduler cfq registered (default)
[    0.164093] tegra-pcie 1003000.pcie-controller: 2x1, 1x1 configuration
[    0.164140] tegra-pcie 1003000.pcie-controller: Failed to get supply 'avddio-pex': -517
[    0.164176] platform 1003000.pcie-controller: Driver tegra-pcie requests probe deferral
[    0.169568] tegra-apbdma 60020000.dma: Tegra20 APB DMA driver register 32 channels
[    0.170274] tegra-pmc 7000e400.pmc: emergency thermal reset enabled
[    0.227822] Serial: 8250/16550 driver, 4 ports, IRQ sharing disabled
[    0.230369] msm_serial: driver initialized
[    0.231202] console [ttyS0] disabled
[    0.231239] 70006300.serial: ttyS0 at MMIO 0x70006300 (irq = 330, base_baud = 25500000) is a Tegra
[    1.118740] console [ttyS0] enabled
[    1.123091] STMicroelectronics ASC driver initialized
[    1.130268] [drm] Initialized drm 1.1.0 20060810
[    1.136599] tegra-hdmi 54280000.hdmi: failed to get HDMI regulator
[    1.142804] platform 54280000.hdmi: Driver tegra-hdmi requests probe deferral
[    1.156640] loop: module loaded
[    1.160084] at24 0-0056: 256 byte 24c02 EEPROM, writable, 8 bytes/write
[    1.168021] as3722 4-0040: AS3722 with revision 0x1 found
[    1.178947] +1.35V_LP0(sd2): supplied by +5V_SYS
[    1.184094] +1.35V_LP0(sd3): supplied by +5V_SYS
[    1.189241] +1.05V_RUN: supplied by +5V_SYS
[    1.193830] +1.8V_VDDIO: supplied by +5V_SYS
[    1.199866] +1.05V_RUN_AVDD: supplied by +1.35V_LP0(sd2)
[    1.206158] as3722-regulator as3722-regulator: Failed to find supply vin-ldo1-6
[    1.213578] as3722-regulator as3722-regulator: regulator 8 register failed -517
[    1.222086] platform as3722-regulator: Driver as3722-regulator requests probe deferral
[    1.232193] tegra-ahci 70027000.sata: Failed to get supply 'avdd': -517
[    1.238821] tegra-ahci 70027000.sata: Failed to get regulators
[    1.244694] platform 70027000.sata: Driver tegra-ahci requests probe deferral
[    1.255421] m25p80 spi32765.0: w25q32dw (4096 Kbytes)
[    1.263146] CAN device driver interface
[    1.268146] igb: Intel(R) Gigabit Ethernet Network Driver - version 5.2.15-k
[    1.275196] igb: Copyright (c) 2007-2014 Intel Corporation.
[    1.282552] pegasus: v0.9.3 (2013/04/25), Pegasus/Pegasus II USB Ethernet driver
[    1.290000] usbcore: registered new interface driver pegasus
[    1.295735] usbcore: registered new interface driver asix
[    1.301188] usbcore: registered new interface driver ax88179_178a
[    1.307333] usbcore: registered new interface driver cdc_ether
[    1.313238] usbcore: registered new interface driver smsc75xx
[    1.319062] usbcore: registered new interface driver smsc95xx
[    1.324862] usbcore: registered new interface driver net1080
[    1.330574] usbcore: registered new interface driver cdc_subset
[    1.336545] usbcore: registered new interface driver zaurus
[    1.342212] usbcore: registered new interface driver cdc_ncm
[    1.348991] ehci_hcd: USB 2.0 'Enhanced' Host Controller (EHCI) Driver
[    1.355525] ehci-pci: EHCI PCI platform driver
[    1.360025] ehci-platform: EHCI generic platform driver
[    1.365457] ehci-omap: OMAP-EHCI Host Controller driver
[    1.370825] ehci-orion: EHCI orion driver
[    1.374976] SPEAr-ehci: EHCI SPEAr driver
[    1.379119] ehci-st: EHCI STMicroelectronics driver
[    1.384140] ehci-exynos: EHCI EXYNOS driver
[    1.388484] tegra-ehci: Tegra EHCI driver
[    1.392764] platform 7d004000.usb: Driver tegra-ehci requests probe deferral
[    1.399961] platform 7d008000.usb: Driver tegra-ehci requests probe deferral
[    1.407092] ohci_hcd: USB 1.1 'Open' Host Controller (OHCI) Driver
[    1.413289] ohci-pci: OHCI PCI platform driver
[    1.417791] ohci-platform: OHCI generic platform driver
[    1.423183] ohci-omap3: OHCI OMAP3 driver
[    1.427337] SPEAr-ohci: OHCI SPEAr driver
[    1.431494] ohci-st: OHCI STMicroelectronics driver
[    1.436594] usbcore: registered new interface driver usb-storage
[    1.442823] tegra-phy 7d004000.usb-phy: no vbus regulator
[    1.448520] platform 7d008000.usb-phy: Driver tegra-phy requests probe deferral
[    1.457564] mousedev: PS/2 mouse device common for all mice
[    1.466747] as3722-rtc as3722-rtc: rtc core: registered as3722-rtc as rtc0
[    1.473636] as3722-rtc as3722-rtc: RTC interrupt 364
[    1.481831] tegra_rtc 7000e000.rtc: rtc core: registered 7000e000.rtc as rtc1
[    1.489012] tegra_rtc 7000e000.rtc: Tegra internal Real Time Clock
[    1.495778] i2c /dev entries driver
[    1.501711] usbcore: registered new interface driver uvcvideo
[    1.507464] USB Video Class driver (1.1.1)
[    1.511572] gspca_main: v2.14.0 registered
[    1.516856] 0-004c supply vcc not found, using dummy regulator
[    1.527207] Driver 'mmcblk' needs updating - please use bus_type methods
[    1.533988] sdhci: Secure Digital Host Controller Interface driver
[    1.540173] sdhci: Copyright(c) Pierre Ossman
[    1.545380] Synopsys Designware Multimedia Card Interface Driver
[    1.552309] sdhci-pltfm: SDHCI platform and OF driver helper
[    1.558640] sdhci-tegra 700b0400.sdhci: Got CD GPIO
[    1.563545] sdhci-tegra 700b0400.sdhci: Got WP GPIO
[    1.568469] mmc0: Unknown controller version (3). You may experience problems.
[    1.575775] sdhci-tegra 700b0400.sdhci: No vmmc regulator found
[    1.581736] platform 700b0400.sdhci: Driver sdhci-tegra requests probe deferral
[    1.589161] mmc0: Unknown controller version (3). You may experience problems.
[    1.596438] sdhci-tegra 700b0600.sdhci: No vmmc regulator found
[    1.602374] sdhci-tegra 700b0600.sdhci: No vqmmc regulator found
[    1.608385] mmc0: Invalid maximum block size, assuming 512 bytes
[    1.649559] mmc0: SDHCI controller on 700b0600.sdhci [700b0600.sdhci] using ADMA 64-bit
[    1.658638] ledtrig-cpu: registered to indicate activity on CPUs
[    1.664889] usbcore: registered new interface driver usbhid
[    1.670527] usbhid: USB HID core driver
[    1.678411] usbcore: registered new interface driver snd-usb-audio
[    1.713515] mmc0: MAN_BKOPS_EN bit is not set
[    1.721103] mmc0: new high speed MMC card at address 0001
[    1.726858] mmcblk0: mmc0:0001 SEM16G 14.6 GiB 
[    1.731511] mmcblk0boot0: mmc0:0001 SEM16G partition 1 4.00 MiB
[    1.737539] mmcblk0boot1: mmc0:0001 SEM16G partition 2 4.00 MiB
[    1.743569] mmcblk0rpmb: mmc0:0001 SEM16G partition 3 4.00 MiB
[    1.751377] Primary GPT is invalid, using alternate GPT.
[    1.756727]  mmcblk0: p1 p2 p3 p4 p5 p6 p7 p8 p9
[    2.102425] tegra30-i2s 70301100.i2s: DMA channels sourced from device 70300000.ahub
[    2.118983] tegra-snd-rt5640 sound: rt5640-aif1 <-> 70301100.i2s mapping ok
[    2.128866] input: NVIDIA Tegra Jetson TK1 Headphones as /devices/soc0/sound/sound/card0/input0
[    2.139001] TCP: cubic registered
[    2.142347] NET: Registered protocol family 17
[    2.146817] can: controller area network core (rev 20120528 abi 9)
[    2.153070] NET: Registered protocol family 29
[    2.157532] can: raw protocol (rev 20120528)
[    2.161818] can: broadcast manager protocol (rev 20120528 t)
[    2.167496] can: netlink gateway (rev 20130117) max_hops=1
[    2.173385] Key type dns_resolver registered
[    2.178287] ThumbEE CPU extension supported.
[    2.182579] Registering SWP/SWPB emulation handler
[    2.189802] +3.3V_RUN: supplied by +3.3V_SYS
[    2.194468] +3.3V_AVDD_HDMI_AP_GATED: supplied by +3.3V_RUN
[    2.200617] +USB0_VBUS_SW: supplied by +5V_SYS
[    2.205634] +5V_USB_HS: supplied by +5V_SYS
[    2.211159] +3.3V_LP0: supplied by +3.3V_SYS
[    2.216070] reg-fixed-voltage regulators:regulator@11: Failed to find supply vin
[    2.223660] reg-fixed-voltage regulators:regulator@11: Failed to register regulator: -517
[    2.231904] platform regulators:regulator@11: Driver reg-fixed-voltage requests probe deferral
[    2.241735] +5V_HDMI_CON: supplied by +5V_SYS
[    2.246697] +5V_SATA: supplied by +5V_SYS
[    2.251361] +12V_SATA: supplied by +VDD_MUX
[    2.256266] tegra-pcie 1003000.pcie-controller: 2x1, 1x1 configuration
[    2.262894] tegra-pcie 1003000.pcie-controller: Failed to get supply 'avddio-pex': -517
[    2.270981] platform 1003000.pcie-controller: Driver tegra-pcie requests probe deferral
[    2.280310] tegra-hdmi 54280000.hdmi: failed to get PLL regulator
[    2.286538] platform 54280000.hdmi: Driver tegra-hdmi requests probe deferral
[    2.297764] +1.35V_LP0(sd2): supplied by +5V_SYS
[    2.302724] +1.35V_LP0(sd3): supplied by +5V_SYS
[    2.307643] +1.05V_RUN: supplied by +5V_SYS
[    2.312143] +1.8V_VDDIO: supplied by +5V_SYS
[    2.318343] +1.05V_RUN_AVDD: supplied by +1.35V_LP0(sd2)
[    2.324687] +1.8V_RUN_CAM: supplied by +3.3V_RUN
[    2.330951] +1.2V_GEN_AVDD: supplied by +1.8V_VDDIO
[    2.337652] +1.05V_LP0_VDD_RTC: supplied by +3.3V_SYS
[    2.344110] +2.8V_RUN_CAM: supplied by +3.3V_SYS
[    2.349967] +1.2V_RUN_CAM_FRONT: supplied by +1.8V_VDDIO
[    2.356317] +VDDIO_SDMMC3: supplied by +3.3V_RUN
[    2.362316] +1.05V_RUN_CAM_REAR: supplied by +1.8V_VDDIO
[    2.369515] +3.3V_RUN_TOUCH: supplied by +5V_SYS
[    2.375550] +2.8V_RUN_CAM_AF: supplied by +5V_SYS
[    2.381263] +1.8V_RUN_VPP_FUSE: supplied by +3.3V_RUN
[    2.388500] tegra-ahci 70027000.sata: AHCI 0001.0301 32 slots 2 ports 3 Gbps 0x1 impl platform mode
[    2.397560] tegra-ahci 70027000.sata: flags: 64bit ncq sntf pm led pio slum part sadm sds apst 
[    2.408339] scsi host0: tegra-ahci
[    2.412970] scsi host1: tegra-ahci
[    2.416743] ata1: SATA max UDMA/133 mmio [mem 0x70027000-0x70028fff] port 0x100 irq 340
[    2.424753] ata2: DUMMY
[    2.430745] tegra-ehci 7d004000.usb: EHCI Host Controller
[    2.436172] tegra-ehci 7d004000.usb: new USB bus registered, assigned bus number 1
[    2.444033] tegra-ehci 7d004000.usb: irq 345, io mem 0x7d004000
[    2.459568] tegra-ehci 7d004000.usb: USB 2.0 started, EHCI 1.10
[    2.466313] hub 1-0:1.0: USB hub found
[    2.470127] hub 1-0:1.0: 1 port detected
[    2.475568] platform 7d008000.usb: Driver tegra-ehci requests probe deferral
[    2.484721] sdhci-tegra 700b0400.sdhci: Got CD GPIO
[    2.489667] sdhci-tegra 700b0400.sdhci: Got WP GPIO
[    2.494654] mmc1: Unknown controller version (3). You may experience problems.
[    2.502065] sdhci-tegra 700b0400.sdhci: No vmmc regulator found
[    2.508056] mmc1: Invalid maximum block size, assuming 512 bytes
[    2.550120] mmc1: SDHCI controller on 700b0400.sdhci [700b0400.sdhci] using ADMA 64-bit
[    2.558692] +1.05V_RUN_AVDD_HDMI_PLL: supplied by +1.05V_RUN
[    2.564998] tegra-pcie 1003000.pcie-controller: 2x1, 1x1 configuration
[    2.572833] tegra-pcie 1003000.pcie-controller: probing port 0, using 2 lanes
[    2.582022] tegra-pcie 1003000.pcie-controller: Slot present pin change, signature: 00000008
[    2.764713] ata1: SATA link down (SStatus 0 SControl 300)
[    3.009802] tegra-pcie 1003000.pcie-controller: link 0 down, retrying
[    3.438350] tegra-pcie 1003000.pcie-controller: link 0 down, retrying
[    3.866145] tegra-pcie 1003000.pcie-controller: link 0 down, retrying
[    3.874731] tegra-pcie 1003000.pcie-controller: link 0 down, ignoring
[    3.881217] tegra-pcie 1003000.pcie-controller: probing port 1, using 1 lanes
[    3.890477] tegra-pcie 1003000.pcie-controller: Slot present pin change, signature: 00000000
[    4.318347] tegra-pcie 1003000.pcie-controller: link 1 down, retrying
[    4.746348] tegra-pcie 1003000.pcie-controller: link 1 down, retrying
[    5.174695] tegra-pcie 1003000.pcie-controller: link 1 down, retrying
[    5.183277] tegra-pcie 1003000.pcie-controller: link 1 down, ignoring
[    5.189978] tegra-pcie 1003000.pcie-controller: PCI host bridge to bus 0000:00
[    5.197211] pci_bus 0000:00: root bus resource [mem 0x13000000-0x1fffffff]
[    5.204091] pci_bus 0000:00: root bus resource [mem 0x20000000-0x3fffffff pref]
[    5.211405] pci_bus 0000:00: root bus resource [bus 00-ff]
[    5.216895] pci_bus 0000:00: root bus resource [io  0x1000-0xffff]
[    5.223106] PCI: bus0: Fast back to back transfers enabled
[    5.231182] [drm] Supports vblank timestamp caching Rev 2 (21.10.2013).
[    5.237832] [drm] No driver support for vblank timestamp query.
[    5.243808] drm drm: No connectors reported connected with modes
[    5.249841] [drm] Cannot find any crtc or sizes - going 1024x768
[    5.271064] Console: switching to colour frame buffer device 128x48
[    5.284673] drm drm: fb0:  frame buffer device
[    5.289125] drm drm: registered panic notifier
[    5.304693] [drm] Initialized tegra 0.0.0 20120330 on minor 0
[    5.311521] tegra-ehci 7d008000.usb: EHCI Host Controller
[    5.316990] tegra-ehci 7d008000.usb: new USB bus registered, assigned bus number 2
[    5.324875] tegra-ehci 7d008000.usb: irq 346, io mem 0x7d008000
[    5.339690] tegra-ehci 7d008000.usb: USB 2.0 started, EHCI 1.10
[    5.346493] hub 2-0:1.0: USB hub found
[    5.350319] hub 2-0:1.0: 1 port detected
[    5.355864] input: gpio-keys as /devices/soc0/gpio-keys/input/input1
[    5.363219] as3722-rtc as3722-rtc: setting system clock to 2000-02-01 00:00:17 UTC (949363217)
[    5.383017] +1.8V_RUN_VPP_FUSE: disabling
[    5.387472] +2.8V_RUN_CAM_AF: disabling
[    5.391688] +3.3V_RUN_TOUCH: disabling
[    5.395806] +1.05V_RUN_CAM_REAR: disabling
[    5.400273] +1.2V_RUN_CAM_FRONT: disabling
[    5.404495] +2.8V_RUN_CAM: disabling
[    5.408213] +1.8V_RUN_CAM: disabling
[    5.411924] +USB0_VBUS_SW: disabling
[    5.415840] ALSA device list:
[    5.418803]   #0: NVIDIA Tegra Jetson TK1
[    5.424054] EXT4-fs (mmcblk0p1): couldn't mount as ext3 due to feature incompatibilities
[    5.432837] EXT4-fs (mmcblk0p1): couldn't mount as ext2 due to feature incompatibilities
[    5.447355] EXT4-fs (mmcblk0p1): recovery complete
[    5.452206] EXT4-fs (mmcblk0p1): mounted filesystem with ordered data mode. Opts: (null)
[    5.460387] VFS: Mounted root (ext4 filesystem) on device 179:1.
[    5.470973] devtmpfs: mounted
[    5.474591] Freeing unused kernel memory: 780K (c0c8d000 - c0d50000)
bash: cannot set terminal process group (-1): Inappropriate ioctl for device
bash: no job control in this shell
root@(none):/# [    5.659736] usb 2-1: new high-speed USB device number 2 using tegra-ehci
