

U-Boot 2015.04-00466-gedec83e90172 (Mar 14 2016 - 10:42:01)

TEGRA124
Model: Acer Chromebook 13 CB5-311
DRAM:  4 GiB
:   Tegra SD/MMC: 0, Tegra SD/MMC: 1, Tegra SD/MMC: 2
MMC init failed
Using default environment

In:    serial
Out:   serial
Err:   serial
Net:   Net Initialization Skipped
No ethernet found.
Hit any key to stop autoboot:  2  0 
Tegra124 (Nyan-big) # 
Tegra124 (Nyan-big) # usb start
starting USB...
USB0:   USB EHCI 1.10
scanning bus 0 for devices... 2 USB Device(s) found
USB1:   USB EHCI 1.10
scanning bus 1 for devices... 2 USB Device(s) found
       scanning usb for storage devices... 1 Storage Device(s) found
       scanning usb for ethernet devices... 
Warning: asx0 using MAC address from net device
1 Ethernet Device(s) found
Tegra124 (Nyan-big) # mw 0x7000e4a0 0x00080000
Tegra124 (Nyan-big) # setenv bootargs 'ignore_loglevel console=ttyS0,115200n8 rw root=PARTUUID=4d36e82a-b3c0-4b4b-bfcd-afe5217ac023 rootwait gpt debug noinitrd earlyprintk init=/bin/bash'
Tegra124 (Nyan-big) # setenv ipaddr 192.168.100.104; setenv serverip 192.168.100.1; setenv tftpserverip 192.168.100.1
Tegra124 (Nyan-big) # tftpboot 0x82000000 zImage.tegra_defconfig%tegra-fw
Using asx0 device
TFTP from server 192.168.100.1; our IP address is 192.168.100.104
Filename 'zImage.tegra_defconfig%tegra-fw'.
Load address: 0x82000000
Loading: *#################################################################
	 #################################################################
	 #################################################################
	 #################################################################
	 #################################################################
	 #################################################################
	 #############################################
	 3.5 MiB/s
done
Bytes transferred = 6384136 (616a08 hex)
Tegra124 (Nyan-big) # tftpboot 0x83000000 tegra124-nyan-big.dtb
Using asx0 device
TFTP from server 192.168.100.1; our IP address is 192.168.100.104
Filename 'tegra124-nyan-big.dtb'.
Load address: 0x83000000
Loading: *#####
	 3.2 MiB/s
done
Bytes transferred = 67482 (1079a hex)
Tegra124 (Nyan-big) # bootz 0x82000000 - 0x83000000
Kernel image @ 0x82000000 [ 0x000000 - 0x616a08 ]
## Flattened Device Tree blob at 83000000
   Booting using the fdt blob at 0x83000000
   Using Device Tree in place at 83000000, end 83013799

Starting kernel ...

[    0.000000] Booting Linux on physical CPU 0x0
[    0.000000] Linux version 4.15.0-next-20180131-230384-gd957d62 (jonathanh@sellafield) (gcc version 4.7.3 20130328 (prerelease) (crosstool-NG linaro-1.13.1-4.7-2013.04-20130415 - Linaro GCC 2013.04)) #1 SMP PREEMPT Wed Jan 31 02:17:09 PST 2018
[    0.000000] CPU: ARMv7 Processor [413fc0f3] revision 3 (ARMv7), cr=10c5387d
[    0.000000] CPU: div instructions available: patching division code
[    0.000000] CPU: PIPT / VIPT nonaliasing data cache, PIPT instruction cache
[    0.000000] OF: fdt: Machine model: Acer Chromebook 13 CB5-311
[    0.000000] OF: fdt: Ignoring memory range 0x100000000 - 0x17ffff000
[    0.000000] debug: ignoring loglevel setting.
[    0.000000] bootconsole [earlycon0] enabled
[    0.000000] Memory policy: Data cache writealloc
[    0.000000] cma: Reserved 64 MiB at 0xfbc00000
[    0.000000] On node 0 totalpages: 524287
[    0.000000]   Normal zone: 1536 pages used for memmap
[    0.000000]   Normal zone: 0 pages reserved
[    0.000000]   Normal zone: 196608 pages, LIFO batch:31
[    0.000000]   HighMem zone: 327679 pages, LIFO batch:31
[    0.000000] random: fast init done
[    0.000000] percpu: Embedded 17 pages/cpu @(ptrval) s39296 r8192 d22144 u69632
[    0.000000] pcpu-alloc: s39296 r8192 d22144 u69632 alloc=17*4096
[    0.000000] pcpu-alloc: [0] 0 [0] 1 [0] 2 [0] 3 
[    0.000000] Built 1 zonelists, mobility grouping on.  Total pages: 522751
[    0.000000] Kernel command line: ignore_loglevel console=ttyS0,115200n8 rw root=PARTUUID=4d36e82a-b3c0-4b4b-bfcd-afe5217ac023 rootwait gpt debug noinitrd earlyprintk init=/bin/bash
[    0.000000] Dentry cache hash table entries: 131072 (order: 7, 524288 bytes)
[    0.000000] Inode-cache hash table entries: 65536 (order: 6, 262144 bytes)
[    0.000000] Memory: 1998468K/2097148K available (9216K kernel code, 797K rwdata, 2844K rodata, 1024K init, 298K bss, 33144K reserved, 65536K cma-reserved, 1245180K highmem)
[    0.000000] Virtual kernel memory layout:
[    0.000000]     vector  : 0xffff0000 - 0xffff1000   (   4 kB)
[    0.000000]     fixmap  : 0xffc00000 - 0xfff00000   (3072 kB)
[    0.000000]     vmalloc : 0xf0800000 - 0xff800000   ( 240 MB)
[    0.000000]     lowmem  : 0xc0000000 - 0xf0000000   ( 768 MB)
[    0.000000]     pkmap   : 0xbfe00000 - 0xc0000000   (   2 MB)
[    0.000000]     modules : 0xbf000000 - 0xbfe00000   (  14 MB)
[    0.000000]       .text : 0x(ptrval) - 0x(ptrval)   (10208 kB)
[    0.000000]       .init : 0x(ptrval) - 0x(ptrval)   (1024 kB)
[    0.000000]       .data : 0x(ptrval) - 0x(ptrval)   ( 798 kB)
[    0.000000]        .bss : 0x(ptrval) - 0x(ptrval)   ( 299 kB)
[    0.000000] Preemptible hierarchical RCU implementation.
[    0.000000] 	Tasks RCU enabled.
[    0.000000] NR_IRQS: 16, nr_irqs: 16, preallocated irqs: 16
[    0.000000] /interrupt-controller@60004000: 160 interrupts forwarded to /interrupt-controller@50041000
[    0.000000] Tegra clk 127: register failed with -17
[    0.000004] sched_clock: 32 bits at 1000kHz, resolution 1000ns, wraps every 2147483647500ns
[    0.008017] clocksource: timer_us: mask: 0xffffffff max_cycles: 0xffffffff, max_idle_ns: 1911260446275 ns
[    0.017549] Switching to timer-based delay loop, resolution 1000ns
[    0.024091] arch_timer: cp15 timer(s) running at 12.00MHz (virt).
[    0.029770] clocksource: arch_sys_counter: mask: 0xffffffffffffff max_cycles: 0x2c47f4ee7, max_idle_ns: 440795202497 ns
[    0.040517] sched_clock: 56 bits at 12MHz, resolution 83ns, wraps every 4398046511096ns
[    0.048488] Switching to timer-based delay loop, resolution 83ns
[    0.054666] Console: colour dummy device 80x30
[    0.058897] Calibrating delay loop (skipped), value calculated using timer frequency.. 24.00 BogoMIPS (lpj=120000)
[    0.069206] pid_max: default: 32768 minimum: 301
[    0.073970] Mount-cache hash table entries: 2048 (order: 1, 8192 bytes)
[    0.080388] Mountpoint-cache hash table entries: 2048 (order: 1, 8192 bytes)
[    0.087724] CPU: Testing write buffer coherency: ok
[    0.092401] /cpus/cpu@0 missing clock-frequency property
[    0.097551] /cpus/cpu@1 missing clock-frequency property
[    0.102847] /cpus/cpu@2 missing clock-frequency property
[    0.108125] /cpus/cpu@3 missing clock-frequency property
[    0.113408] CPU0: thread -1, cpu 0, socket 0, mpidr 80000000
[    0.153451] Setting up static identity map for 0x80100000 - 0x801000a0
[    0.158107] Hierarchical SRCU implementation.
[    0.173669] Tegra Revision: A01 SKU: 131 CPU Process: 1 SoC Process: 1
[    0.193455] smp: Bringing up secondary CPUs ...
[    0.243704] CPU1: thread -1, cpu 1, socket 0, mpidr 80000001
[    0.323729] CPU2: thread -1, cpu 2, socket 0, mpidr 80000002
[    0.403771] CPU3: thread -1, cpu 3, socket 0, mpidr 80000003
[    0.413600] smp: Brought up 1 node, 4 CPUs
[    0.432683] SMP: Total of 4 processors activated (96.00 BogoMIPS).
[    0.438836] CPU: All CPU(s) started in SVC mode.
[    0.444125] devtmpfs: initialized
[    0.453633] Built 1 zonelists, mobility grouping on.  Total pages: 516001
[    0.458680] VFP support v0.3: implementor 41 architecture 4 part 30 variant f rev 0
[    0.466305] clocksource: jiffies: mask: 0xffffffff max_cycles: 0xffffffff, max_idle_ns: 19112604462750000 ns
[    0.475924] futex hash table entries: 1024 (order: 4, 65536 bytes)
[    0.482213] pinctrl core: initialized pinctrl subsystem
[    0.487734] NET: Registered protocol family 16
[    0.492142] DMA: preallocated 256 KiB pool for atomic coherent allocations
[    0.499056] cpuidle: using governor menu
[    0.509942] No ATAGs?
[    0.510002] hw-breakpoint: found 5 (+1 reserved) breakpoint and 4 watchpoint registers.
[    0.518343] hw-breakpoint: maximum watchpoint size is 8 bytes.
[    0.525027] tegra-mc 70019000.memory-controller: no memory timings for RAM code 0 registered
[    0.532707] iommu: Adding device 50000000.host1x to group 0
[    0.538119] iommu: Adding device 54200000.dc to group 1
[    0.543320] iommu: Adding device 54240000.dc to group 1
[    0.548519] iommu: Adding device 57000000.gpu to group 2
[    0.559577] +5V_SYS: supplied by +VDD_MUX
[    0.561805] +3.3V_SYS: supplied by +VDD_MUX
[    0.566131] +VDD_LED: Failed to request enable GPIO122: -517
[    0.571462] reg-fixed-voltage regulators:regulator@5: Failed to register regulator: -517
[    0.579567] +5V_VDD_TS_SW: Failed to request enable GPIO81: -517
[    0.585502] reg-fixed-voltage regulators:regulator@6: Failed to register regulator: -517
[    0.593617] +5V_USB_HS: Failed to request enable GPIO108: -517
[    0.599369] reg-fixed-voltage regulators:regulator@7: Failed to register regulator: -517
[    0.607487] +5V_USB_SS: Failed to request enable GPIO109: -517
[    0.613236] reg-fixed-voltage regulators:regulator@8: Failed to register regulator: -517
[    0.621409] +1.05V_RUN_AVDD_HDMI_PLL: Failed to request enable GPIO63: -517
[    0.628229] reg-fixed-voltage regulators:regulator@11: Failed to register regulator: -517
[    0.636418] +5V_HDMI_CON: Failed to request enable GPIO86: -517
[    0.642269] reg-fixed-voltage regulators:regulator@12: Failed to register regulator: -517
[    0.650872] vgaarb: loaded
[    0.653365] SCSI subsystem initialized
[    0.656922] libata version 3.00 loaded.
[    0.660768] usbcore: registered new interface driver usbfs
[    0.666126] usbcore: registered new interface driver hub
[    0.671433] usbcore: registered new device driver usb
[    0.677651] Linux video capture interface: v2.00
[    0.681036] pps_core: LinuxPPS API ver. 1 registered
[    0.685956] pps_core: Software ver. 5.3.6 - Copyright 2005-2007 Rodolfo Giometti <giometti@linux.it>
[    0.695061] PTP clock support registered
[    0.699097] tegra-emc 7001b000.emc: no memory timings for RAM code 0 found in DT
[    0.706320] tegra-emc: probe of 7001b000.emc failed with error -2
[    0.712491] Advanced Linux Sound Architecture Driver Initialized.
[    0.718703] Bluetooth: Core ver 2.22
[    0.722020] NET: Registered protocol family 31
[    0.726433] Bluetooth: HCI device and connection manager initialized
[    0.732750] Bluetooth: HCI socket layer initialized
[    0.737609] Bluetooth: L2CAP socket layer initialized
[    0.742644] Bluetooth: SCO socket layer initialized
[    0.747736] clocksource: Switched to clocksource arch_sys_counter
[    0.785696] NET: Registered protocol family 2
[    0.788525] tcp_listen_portaddr_hash hash table entries: 512 (order: 0, 6144 bytes)
[    0.795783] TCP established hash table entries: 8192 (order: 3, 32768 bytes)
[    0.802829] TCP bind hash table entries: 8192 (order: 4, 65536 bytes)
[    0.809263] TCP: Hash tables configured (established 8192 bind 8192)
[    0.815701] UDP hash table entries: 512 (order: 2, 16384 bytes)
[    0.821439] UDP-Lite hash table entries: 512 (order: 2, 16384 bytes)
[    0.827867] NET: Registered protocol family 1
[    0.832358] RPC: Registered named UNIX socket transport module.
[    0.837980] RPC: Registered udp transport module.
[    0.842650] RPC: Registered tcp transport module.
[    0.847329] RPC: Registered tcp NFSv4.1 backchannel transport module.
[    0.863995] PCI: CLS 0 bytes, default 64
[    0.866693] hw perfevents: enabled with armv7_cortex_a15 PMU driver, 7 counters available
[    0.874809] Initialise system trusted keyrings
[    0.878646] workingset: timestamp_bits=30 max_order=19 bucket_order=0
[    0.885465] squashfs: version 4.0 (2009/01/31) Phillip Lougher
[    0.891103] NFS: Registering the id_resolver key type
[    0.895818] Key type id_resolver registered
[    0.899983] Key type id_legacy registered
[    0.905677] Key type asymmetric registered
[    0.908041] Asymmetric key parser 'x509' registered
[    0.912935] bounce: pool size: 64 pages
[    0.916726] io scheduler noop registered (default)
[    0.921473] io scheduler mq-deadline registered
[    0.925973] io scheduler kyber registered
[    0.930607] tegra-xusb-padctl 7009f000.padctl: failed to setup XUSB ports: -517
[    0.943062] tegra-apbdma 60020000.dma: Tegra20 APB DMA driver register 32 channels
[    0.949157] tegra-pmc 7000e400.pmc: i2c-thermtrip node not found, emergency thermal reset disabled.
[    0.957953] Serial: 8250/16550 driver, 4 ports, IRQ sharing disabled
[    0.964712] console [ttyS0] disabled
[    0.967619] 70006000.serial: ttyS0 at MMIO 0x70006000 (irq = 333, base_baud = 25500000) is a Tegra
[    0.976555] console [ttyS0] enabled
[    0.976555] console [ttyS0] enabled
[    0.982778] bootconsole [earlycon0] disabled
[    0.982778] bootconsole [earlycon0] disabled
[    1.008909] tegra-hdmi 54280000.hdmi: failed to get HDMI regulator
[    1.015385] tegra-dpaux 545c0000.dpaux: failed to get VDD supply: -517
[    1.022898] panel-simple panel: panel supply power not found, using dummy regulator
[    1.034306] loop: module loaded
[    1.038010] as3722 4-0040: AS3722 with revision 0x1 found
[    1.048077] as3722-sd2: supplied by +5V_SYS
[    1.052501] as3722-sd3: supplied by +5V_SYS
[    1.056838] +1.35V_LP0(sd3): Bringing 0uV into 1350000-1350000uV
[    1.063025] as3722-sd4: supplied by +5V_SYS
[    1.067359] +1.05V_RUN: Bringing 0uV into 1050000-1050000uV
[    1.073121] as3722-sd5: supplied by +5V_SYS
[    1.078724] as3722-ldo0: supplied by +1.35V_LP0(sd2)
[    1.084467] +1.8V_RUN_CAM: Bringing 0uV into 1800000-1800000uV
[    1.090494] as3722-ldo2: supplied by +1.8V_VDDIO
[    1.096119] as3722-ldo3: supplied by +3.3V_SYS
[    1.100583] +1.00V_LP0_VDD_RTC: Bringing 1100000uV into 1000000-1000000uV
[    1.108160] as3722-ldo4: supplied by +3.3V_SYS
[    1.112754] +3.3V_RUN_CAM: Bringing 0uV into 2800000-2800000uV
[    1.118786] as3722-ldo5: supplied by +1.8V_VDDIO
[    1.123556] +1.2V_RUN_CAM_FRONT: Bringing 0uV into 1200000-1200000uV
[    1.130255] +VDDIO_SDMMC3: Bringing 0uV into 1800000-1800000uV
[    1.136287] as3722-ldo7: supplied by +1.8V_VDDIO
[    1.141068] +1.05V_RUN_CAM_REAR: Bringing 0uV into 1050000-1050000uV
[    1.147621] as3722-ldo9: supplied by +5V_SYS
[    1.152199] +2.8V_RUN_TOUCH: Bringing 0uV into 2800000-2800000uV
[    1.158411] as3722-ldo10: supplied by +5V_SYS
[    1.162923] +2.8V_RUN_CAM_AF: Bringing 0uV into 2800000-2800000uV
[    1.169374] +1.8V_RUN_VPP_FUSE: Bringing 0uV into 1800000-1800000uV
[    1.191901] cros-ec-spi spi0.0: Chrome EC device registered
[    1.206809] m25p80 spi1.0: w25q32dw (4096 Kbytes)
[    1.222348] libphy: Fixed MDIO Bus: probed
[    1.226434] CAN device driver interface
[    1.230286] igb: Intel(R) Gigabit Ethernet Network Driver - version 5.4.0-k
[    1.237229] igb: Copyright (c) 2007-2014 Intel Corporation.
[    1.242865] pegasus: v0.9.3 (2013/04/25), Pegasus/Pegasus II USB Ethernet driver
[    1.250278] usbcore: registered new interface driver pegasus
[    1.255943] usbcore: registered new interface driver asix
[    1.261351] usbcore: registered new interface driver ax88179_178a
[    1.267448] usbcore: registered new interface driver cdc_ether
[    1.273300] usbcore: registered new interface driver smsc75xx
[    1.279062] usbcore: registered new interface driver smsc95xx
[    1.284809] usbcore: registered new interface driver net1080
[    1.290479] usbcore: registered new interface driver cdc_subset
[    1.296402] usbcore: registered new interface driver zaurus
[    1.301991] usbcore: registered new interface driver cdc_ncm
[    1.307722] ehci_hcd: USB 2.0 'Enhanced' Host Controller (EHCI) Driver
[    1.314239] ehci-pci: EHCI PCI platform driver
[    1.318698] tegra-ehci: Tegra EHCI driver
[    1.322966] usbcore: registered new interface driver cdc_acm
[    1.328616] cdc_acm: USB Abstract Control Model driver for USB modems and ISDN adapters
[    1.336618] usbcore: registered new interface driver cdc_wdm
[    1.342293] usbcore: registered new interface driver usb-storage
[    1.348960] input: cros_ec as /devices/soc0/7000d400.spi/spi_master/spi0/spi0.0/7000d400.spi:cros-ec@0:keyboard-controller/input/input0
[    1.368636] as3722-rtc as3722-rtc: rtc core: registered as3722-rtc as rtc0
[    1.375495] as3722-rtc as3722-rtc: RTC interrupt 372
[    1.382258] tegra_rtc 7000e000.rtc: rtc core: registered 7000e000.rtc as rtc1
[    1.389404] tegra_rtc 7000e000.rtc: Tegra internal Real Time Clock
[    1.395684] i2c /dev entries driver
[    1.399596] usbcore: registered new interface driver uvcvideo
[    1.405326] USB Video Class driver (1.1.1)
[    1.409419] gspca_main: v2.14.0 registered
[    1.413739] lm90 0-004c: 0-004c supply vcc not found, using dummy regulator
[    1.422403] tegra-wdt 60005000.timer: initialized (heartbeat = 120 sec, nowayout = 0)
[    1.430739] sdhci: Secure Digital Host Controller Interface driver
[    1.436904] sdhci: Copyright(c) Pierre Ossman
[    1.441258] sdhci-pltfm: SDHCI platform and OF driver helper
[    1.447031] sdhci-tegra 700b0000.sdhci: allocated mmc-pwrseq
[    1.460837] sdhci-tegra 700b0400.sdhci: Got CD GPIO
[    1.465709] sdhci-tegra 700b0400.sdhci: Got WP GPIO
[    1.485875] mmc0: Unknown controller version (3). You may experience problems.
[    1.493115] mmc0: Invalid maximum block size, assuming 512 bytes
[    1.529897] mmc0: SDHCI controller on 700b0600.sdhci [700b0600.sdhci] using ADMA
[    1.537613] usbcore: registered new interface driver usbhid
[    1.543292] usbhid: USB HID core driver
[    1.549414] tegra30-i2s 70301100.i2s: DMA channels sourced from device 70300000.ahub
[    1.597639] mmc0: new high speed MMC card at address 0001
[    1.603559] max98090 0-0010: MAX98090 REVID=0x43
[    1.604979] mmcblk0: mmc0:0001 MMC16G 14.4 GiB 
[    1.614336] max98090 0-0010: use default 2.8v micbias
[    1.614552] mmcblk0boot0: mmc0:0001 MMC16G partition 1 2.00 MiB
[    1.627158] mmcblk0boot1: mmc0:0001 MMC16G partition 2 2.00 MiB
[    1.633196] mmcblk0rpmb: mmc0:0001 MMC16G partition 3 128 KiB, chardev (247:0)
[    1.633374] tegra-snd-max98090 sound: HiFi <-> 70301100.i2s mapping ok
[    1.648434] input: GoogleNyanBig Headphones as /devices/soc0/sound/sound/card1/input1
[    1.649979]  mmcblk0: p1 p2 p3 p4 p5 p6 p7 p8 p9 p10 p11 p12
[    1.656411] input: GoogleNyanBig Mic Jack as /devices/soc0/sound/sound/card1/input2
[    1.670400] NET: Registered protocol family 10
[    1.675423] Segment Routing with IPv6
[    1.679153] mip6: Mobile IPv6
[    1.682112] sit: IPv6, IPv4 and MPLS over IPv4 tunneling driver
[    1.688564] NET: Registered protocol family 17
[    1.693002] NET: Registered protocol family 15
[    1.697431] can: controller area network core (rev 20170425 abi 9)
[    1.703682] NET: Registered protocol family 29
[    1.708121] can: raw protocol (rev 20170425)
[    1.712378] can: broadcast manager protocol (rev 20170425 t)
[    1.718032] can: netlink gateway (rev 20170425) max_hops=1
[    1.723580] Bluetooth: RFCOMM socket layer initialized
[    1.728721] Bluetooth: RFCOMM ver 1.11
[    1.732463] Bluetooth: BNEP (Ethernet Emulation) ver 1.3
[    1.737767] Bluetooth: BNEP socket layer initialized
[    1.742717] Bluetooth: HIDP (Human Interface Emulation) ver 1.2
[    1.748640] Bluetooth: HIDP socket layer initialized
[    1.753682] Key type dns_resolver registered
[    1.758147] Registering SWP/SWPB emulation handler
[    1.763179] Loading compiled-in X.509 certificates
[    1.775364] +3.3V_RUN: supplied by +3.3V_SYS
[    1.780460] +VDD_LED: supplied by +VDD_MUX
[    1.784656] +3.3V_AVDD_HDMI_AP_GATED: supplied by +3.3V_RUN
[    1.790367] +1.8V_RUN_CAM: supplied by +3.3V_RUN
[    1.795067] +VDDIO_SDMMC3: supplied by +3.3V_RUN
[    1.799801] +1.8V_RUN_VPP_FUSE: supplied by +3.3V_RUN
[    1.804981] +5V_VDD_TS_SW: supplied by +5V_SYS
[    1.809711] +5V_USB_HS: supplied by +5V_SYS
[    1.814032] +5V_USB_SS: supplied by +5V_SYS
[    1.819558] +3.3V_PANEL: supplied by +3.3V_RUN
[    1.824814] +3.3V_LP0: supplied by +3.3V_SYS
[    1.829814] +1.05V_RUN_AVDD_HDMI_PLL: supplied by +1.05V_RUN
[    1.835625] +5V_HDMI_CON: supplied by +5V_SYS
[    1.840608]  usb3-0: usb3-0 supply vbus not found, using dummy regulator
[    1.847342]  usb3-1: usb3-1 supply vbus not found, using dummy regulator
[    1.860135] tegra-sor 54540000.sor: failed to probe output: -517
[    1.866348] panel-simple panel: panel supply power not found, using dummy regulator
[    1.938470] tegra-xusb 70090000.usb: Firmware timestamp: 2014-09-16 02:10:07 UTC
[    1.945868] tegra-xusb 70090000.usb: xHCI Host Controller
[    1.951314] tegra-xusb 70090000.usb: new USB bus registered, assigned bus number 1
[    1.960838] tegra-xusb 70090000.usb: hcc params 0x0184f525 hci version 0x100 quirks 0x00010010
[    1.969466] tegra-xusb 70090000.usb: irq 344, io mem 0x70090000
[    1.975839] hub 1-0:1.0: USB hub found
[    1.979665] hub 1-0:1.0: 6 ports detected
[    1.984034] tegra-xusb 70090000.usb: xHCI Host Controller
[    1.989437] tegra-xusb 70090000.usb: new USB bus registered, assigned bus number 2
[    1.997101] usb usb2: We don't know the algorithms for LPM for this host, disabling LPM.
[    2.005597] hub 2-0:1.0: USB hub found
[    2.009410] hub 2-0:1.0: 2 ports detected
[    2.014443] sdhci-tegra 700b0000.sdhci: allocated mmc-pwrseq
[    2.027959] mmc1: Unknown controller version (3). You may experience problems.
[    2.035203] mmc1: Invalid maximum block size, assuming 512 bytes
[    2.041692] mmc1: Switching to 3.3V signalling voltage failed
[    2.070483] mmc1: SDHCI controller on 700b0000.sdhci [700b0000.sdhci] using ADMA
[    2.078128] sdhci-tegra 700b0400.sdhci: Got CD GPIO
[    2.082999] sdhci-tegra 700b0400.sdhci: Got WP GPIO
[    2.093236] mmc2: Unknown controller version (3). You may experience problems.
[    2.100578] mmc2: Invalid maximum block size, assuming 512 bytes
[    2.135610] mmc1: new high speed SDIO card at address 0001
[    2.141397] mmc2: SDHCI controller on 700b0400.sdhci [700b0400.sdhci] using ADMA
[    2.148950] tegra-sor 54540000.sor: failed to probe output: -517
[    2.155107] panel-simple panel: panel supply power not found, using dummy regulator
[    2.163188] input: gpio-keys as /devices/soc0/gpio-keys/input/input3
[    2.169827] tegra-sor 54540000.sor: failed to probe output: -517
[    2.176052] panel-simple panel: panel supply power not found, using dummy regulator
[    2.183963] as3722-rtc as3722-rtc: setting system clock to 2000-01-01 00:00:22 UTC (946684822)
[    2.192764] cfg80211: Loading compiled-in X.509 certificates for regulatory database
[    2.203775] cfg80211: Loaded X.509 cert 'sforshee: 00b28ddf47aef9cea7'
[    2.210551] platform regulatory.0: Direct firmware load for regulatory.db failed with error -2
[    2.218443] +3.3V_AVDD_HDMI_AP_GATED: disabling
[    2.219208] cfg80211: failed to load regulatory.db
[    2.223696] +1.8V_RUN_CAM: disabling
[    2.228735] +1.2V_RUN_CAM_FRONT: disabling
[    2.236484] +1.05V_RUN_CAM_REAR: disabling
[    2.240851] +2.8V_RUN_TOUCH: disabling
[    2.244823] +2.8V_RUN_CAM_AF: disabling
[    2.248929] +1.8V_RUN_VPP_FUSE: disabling
[    2.253215] +VDD_LED: disabling
[    2.256356] +5V_VDD_TS_SW: disabling
[    2.259969] +3.3V_PANEL: disabling
[    2.263362] +1.05V_RUN_AVDD_HDMI_PLL: disabling
[    2.267922] +5V_HDMI_CON: disabling
[    2.271411] ALSA device list:
[    2.274372]   #1: GoogleNyanBig
[    2.318373] tegra-sor 54540000.sor: failed to probe output: -517
[    2.324578] input: tegra-hda HDMI/DP,pcm=3 as /devices/soc0/70030000.hda/sound/card0/input4
[    2.333046] EXT4-fs (mmcblk0p3): couldn't mount as ext3 due to feature incompatibilities
[    2.333570] panel-simple panel: panel supply power not found, using dummy regulator
[    2.347869] usb 1-2: new high-speed USB device number 2 using tegra-xusb
[    2.366727] mmc2: new high speed SDHC card at address 0007
[    2.374098] mmcblk2: mmc2:0007 SD08G 7.42 GiB 
[    2.397839] GPT:Primary header alternate_lba != Alt. header my_lba
[    2.404014] GPT:3014591 != 15564799
[    2.407492] GPT:Primary header thinks Alt. header is not at the end of the disk.
[    2.414905] GPT:3014591 != 15564799
[    2.418417] GPT: Use GNU Parted to correct GPT errors.
[    2.423579]  mmcblk2: p1 p2 p3 p4 p5 p6 p7 p8 p9 p10 p11 p12
[    2.426201] EXT4-fs (mmcblk0p3): recovery complete
[    2.434053] EXT4-fs (mmcblk0p3): mounted filesystem with ordered data mode. Opts: (null)
[    2.434788] tegra-sor 54540000.sor: failed to probe output: -517
[    2.442208] VFS: Mounted root (ext4 filesystem) on device 179:3.
[    2.448504] panel-simple panel: panel supply power not found, using dummy regulator
[    2.455285] devtmpfs: mounted
[    2.465257] Freeing unused kernel memory: 1024K
bash: cannot set terminal process group (-1): Inappropriate ioctl for device
bash: no job control in this shell
root@(none):/# [    2.596657] alloc_contig_range: [fbc77, fbc78) PFNs busy
[    2.602017] alloc_contig_range: [fbc78, fbc79) PFNs busy
[    2.607321] alloc_contig_range: [fbc79, fbc7a) PFNs busy
[    2.612646] alloc_contig_range: [fbc7a, fbc7b) PFNs busy
[    2.617996] alloc_contig_range: [fbc7b, fbc7c) PFNs busy
[    2.623301] alloc_contig_range: [fbc7c, fbc7d) PFNs busy
[    2.628615] alloc_contig_range: [fbc7d, fbc7e) PFNs busy
[    2.633917] alloc_contig_range: [fbc7e, fbc7f) PFNs busy
[    2.639227] alloc_contig_range: [fbc7f, fbc80) PFNs busy
[    2.644531] alloc_contig_range: [fbca1, fbca2) PFNs busy
[    2.723888] uvcvideo: Found UVC 1.00 device HD WebCam (1bcf:2c67)
[    2.738709] input: HD WebCam: HD WebCam as /devices/soc0/70090000.usb/usb1/1-2/1-2:1.0/input/input5
[    2.748198] tegra-sor 54540000.sor: failed to probe output: -517
[    2.754356] panel-simple panel: panel supply power not found, using dummy regulator
[    3.097829] usb 1-3: new high-speed USB device number 3 using tegra-xusb
mount -t sysfs none /sys
root@(none):/# 
[    3.768127] asix 1-3:1.0 eth0: register 'asix' at usb-70090000.usb-3, ASIX AX88772 USB 2.0 Ethernet, c8:d7:19:90:fa:65
[    3.779216] tegra-sor 54540000.sor: failed to probe output: -517
[    3.785379] panel-simple panel: panel supply power not found, using dummy regulator
root@(none):/# [    4.127831] usb 1-1: new high-speed USB device number 4 using tegra-xusb
[    4.316099] usb-storage 1-1:1.0: USB Mass Storage device detected
[    4.323078] scsi host0: usb-storage 1-1:1.0
[    4.327692] tegra-sor 54540000.sor: failed to probe output: -517
[    4.333888] panel-simple panel: panel supply power not found, using dummy regulator
mount -t debugfs none /sys/kernel/debug
root@(none):/# 
root@(none):/# [    5.399580] scsi 0:0:0:0: Direct-Access     SanDisk  SDDR-113         9412 PQ: 0 ANSI: 0
[    5.408368] tegra-sor 54540000.sor: failed to probe output: -517
[    5.414593] panel-simple panel: panel supply power not found, using dummy regulator
[    5.605991] sd 0:0:0:0: [sda] 15523840 512-byte logical blocks: (7.95 GB/7.40 GiB)
[    5.614736] sd 0:0:0:0: [sda] Write Protect is off
[    5.619560] sd 0:0:0:0: [sda] Mode Sense: 03 00 00 00
[    5.625890] sd 0:0:0:0: [sda] No Caching mode page found
[    5.631232] sd 0:0:0:0: [sda] Assuming drive cache: write through
[    5.657585]  sda: sda1 sda2 sda3 sda4 sda5 sda6 sda7 sda8 sda9 sda10 sda11 sda12 sda13
[    5.670290] sd 0:0:0:0: [sda] Attached SCSI removable disk
rtcwake -d rtc1 -m mem -s 3
rtcwake: assuming RTC uses UTC ...
rtcwake: wakeup from "mem" using /dev/rtc1 at Thu Jan  1 00:00:27 1970
[    5.728845] PM: suspend entry (deep)
[    5.732417] PM: Syncing filesystems ... done.
[    5.738654] Freezing user space processes ... (elapsed 0.001 seconds) done.
[    5.746695] OOM killer disabled.
[    5.749949] Freezing remaining freezable tasks ... (elapsed 0.001 seconds) done.
[    5.758568] Suspending console(s) (use no_console_suspend to debug)
[    5.951610] Disabling non-boot CPUs ...
[    6.007938] IRQ17 no longer affine to CPU1
[    6.128574] Entering suspend state LP1
[    6.128599] Enabling non-boot CPUs ...
[    6.129300] CPU1 is up
[    6.129882] CPU2 is up
[    6.130533] CPU3 is up
[    6.171484] cros-ec-spi spi0.0: spi transfer failed: -121
[    6.183539] mmc1: Switching to 3.3V signalling voltage failed
[    6.398366] usb 1-1: reset high-speed USB device number 4 using tegra-xusb
[    6.728052] tegra-sor 54540000.sor: failed to probe output: -517
[    6.728285] panel-simple panel: panel supply power not found, using dummy regulator
[    6.767296] OOM killer enabled.
[    6.770477] Restarting tasks ... done.
[    6.775145] PM: suspend exit
root@(none):/# 
root@(none):/# rtcwake -d rtc1 -m mem -s 3
rtcwake: assuming RTC uses UTC ...
rtcwake: wakeup from "mem" using /dev/rtc1 at Thu Jan  1 00:00:32 1970
[    8.045524] PM: suspend entry (deep)
[    8.049107] PM: Syncing filesystems ... done.
[    8.054570] Freezing user space processes ... (elapsed 0.001 seconds) done.
[    8.062654] OOM killer disabled.
[    8.065870] Freezing remaining freezable tasks ... (elapsed 0.001 seconds) done.
[    8.074473] Suspending console(s) (use no_console_suspend to debug)
[    8.261279] Disabling non-boot CPUs ...
[    8.297915] IRQ17 no longer affine to CPU1
[    8.418425] Entering suspend state LP1
[    8.418450] Enabling non-boot CPUs ...
[    8.419190] CPU1 is up
[    8.419801] CPU2 is up
[    8.420460] CPU3 is up
[    8.461813] cros-ec-spi spi0.0: spi transfer failed: -121
[    8.474326] mmc1: Switching to 3.3V signalling voltage failed
[    8.688216] usb 1-1: reset high-speed USB device number 4 using tegra-xusb
[    9.001208] tegra-sor 54540000.sor: failed to probe output: -517
[    9.001380] panel-simple panel: panel supply power not found, using dummy regulator
[    9.055811] OOM killer enabled.
[    9.058974] Restarting tasks ... done.
[    9.063194] PM: suspend exit
root@(none):/# 
root@(none):/# rtcwake -d rtc1 -m mem -s 3
rtcwake: assuming RTC uses UTC ...
rtcwake: wakeup from "mem" using /dev/rtc1 at Thu Jan  1 00:00:37 1970
[   10.335606] PM: suspend entry (deep)
[   10.339190] PM: Syncing filesystems ... done.
[   10.344657] Freezing user space processes ... (elapsed 0.001 seconds) done.
[   10.352839] OOM killer disabled.
[   10.356055] Freezing remaining freezable tasks ... (elapsed 0.001 seconds) done.
[   10.364667] Suspending console(s) (use no_console_suspend to debug)
[   10.551758] Disabling non-boot CPUs ...
[   10.718385] Entering suspend state LP1
[   10.718410] Enabling non-boot CPUs ...
[   10.719153] CPU1 is up
[   10.719759] CPU2 is up
[   10.720422] CPU3 is up
[   10.771628] cros-ec-spi spi0.0: spi transfer failed: -121
[   10.784066] mmc1: Switching to 3.3V signalling voltage failed
[   10.998183] usb 1-1: reset high-speed USB device number 4 using tegra-xusb
[   11.312201] tegra-sor 54540000.sor: failed to probe output: -517
[   11.312372] panel-simple panel: panel supply power not found, using dummy regulator
[   11.362686] OOM killer enabled.
[   11.365823] Restarting tasks ... done.
[   11.370086] PM: suspend exit
root@(none):/# 
root@(none):/# rtcwake -d rtc1 -m mem -s 3
rtcwake: assuming RTC uses UTC ...
rtcwake: wakeup from "mem" using /dev/rtc1 at Thu Jan  1 00:00:42 1970
[   12.635583] PM: suspend entry (deep)
[   12.639159] PM: Syncing filesystems ... done.
[   12.644616] Freezing user space processes ... (elapsed 0.001 seconds) done.
[   12.652702] OOM killer disabled.
[   12.655918] Freezing remaining freezable tasks ... (elapsed 0.001 seconds) done.
[   12.664525] Suspending console(s) (use no_console_suspend to debug)
[   12.851565] Disabling non-boot CPUs ...
[   12.998338] Entering suspend state LP1
[   12.998363] Enabling non-boot CPUs ...
[   12.999103] CPU1 is up
[   12.999702] CPU2 is up
[   13.000368] CPU3 is up
[   13.051678] cros-ec-spi spi0.0: spi transfer failed: -121
[   13.063940] mmc1: Switching to 3.3V signalling voltage failed
[   13.278162] usb 1-1: reset high-speed USB device number 4 using tegra-xusb
[   13.593078] tegra-sor 54540000.sor: failed to probe output: -517
[   13.593251] panel-simple panel: panel supply power not found, using dummy regulator
[   13.643596] OOM killer enabled.
[   13.646736] Restarting tasks ... done.
[   13.651028] PM: suspend exit
root@(none):/# 
root@(none):/# rtcwake -d rtc1 -m mem -s 3
rtcwake: assuming RTC uses UTC ...
rtcwake: wakeup from "mem" using /dev/rtc1 at Thu Jan  1 00:00:47 1970
[   14.916487] PM: suspend entry (deep)
[   14.920074] PM: Syncing filesystems ... done.
[   14.925621] Freezing user space processes ... (elapsed 0.001 seconds) done.
[   14.933801] OOM killer disabled.
[   14.937017] Freezing remaining freezable tasks ... (elapsed 0.001 seconds) done.
[   14.945608] Suspending console(s) (use no_console_suspend to debug)
[   15.131371] Disabling non-boot CPUs ...
[   15.298311] Entering suspend state LP1
[   15.298336] Enabling non-boot CPUs ...
[   15.299080] CPU1 is up
[   15.299686] CPU2 is up
[   15.300345] CPU3 is up
[   15.341721] cros-ec-spi spi0.0: spi transfer failed: -121
[   15.353881] mmc1: Switching to 3.3V signalling voltage failed
[   15.887184] tegra-sor 54540000.sor: failed to probe output: -517
[   15.887353] panel-simple panel: panel supply power not found, using dummy regulator
[   15.930745] OOM killer enabled.
[   15.933875] Restarting tasks ... done.
[   15.938153] PM: suspend exit
root@(none):/# 
root@(none):/# rtcwake -d rtc1 -m mem -s 3
rtcwake: assuming RTC uses UTC ...
rtcwake: wakeup from "mem" using /dev/rtc1 at Thu Jan  1 00:00:52 1970
[   17.215532] PM: suspend entry (deep)
[   17.219114] PM: Syncing filesystems ... done.
[   17.224488] Freezing user space processes ... (elapsed 0.001 seconds) done.
[   17.232675] OOM killer disabled.
[   17.235891] Freezing remaining freezable tasks ... (elapsed 0.001 seconds) done.
[   17.244570] Suspending console(s) (use no_console_suspend to debug)
[   17.431803] Disabling non-boot CPUs ...
[   17.547792] IRQ17 no longer affine to CPU2
[   17.618299] Entering suspend state LP1
[   17.618324] Enabling non-boot CPUs ...
[   17.619067] CPU1 is up
[   17.619664] CPU2 is up
[   17.620330] CPU3 is up
[   17.671629] cros-ec-spi spi0.0: spi transfer failed: -121
[   17.683993] mmc1: Switching to 3.3V signalling voltage failed
[   18.211978] tegra-sor 54540000.sor: failed to probe output: -517
[   18.212148] panel-simple panel: panel supply power not found, using dummy regulator
[   18.259613] OOM killer enabled.
[   18.262743] Restarting tasks ... done.
[   18.267006] PM: suspend exit
root@(none):/# 
root@(none):/# rtcwake -d rtc1 -m mem -s 3
rtcwake: assuming RTC uses UTC ...
rtcwake: wakeup from "mem" using /dev/rtc1 at Thu Jan  1 00:00:57 1970
[   19.535509] PM: suspend entry (deep)
[   19.539093] PM: Syncing filesystems ... done.
[   19.544560] Freezing user space processes ... (elapsed 0.001 seconds) done.
[   19.552740] OOM killer disabled.
[   19.555956] Freezing remaining freezable tasks ... (elapsed 0.001 seconds) done.
[   19.564569] Suspending console(s) (use no_console_suspend to debug)
[   19.751598] Disabling non-boot CPUs ...
[   19.918267] Entering suspend state LP1
[   19.918292] Enabling non-boot CPUs ...
[   19.919040] CPU1 is up
[   19.919647] CPU2 is up
[   19.920312] CPU3 is up
[   19.971529] cros-ec-spi spi0.0: spi transfer failed: -121
[   19.984076] mmc1: Switching to 3.3V signalling voltage failed
[   20.513090] tegra-sor 54540000.sor: failed to probe output: -517
[   20.513261] panel-simple panel: panel supply power not found, using dummy regulator
[   20.556627] OOM killer enabled.
[   20.559769] Restarting tasks ... done.
[   20.563969] PM: suspend exit
root@(none):/# 
root@(none):/# rtcwake -d rtc1 -m mem -s 3
rtcwake: assuming RTC uses UTC ...
rtcwake: wakeup from "mem" using /dev/rtc1 at Thu Jan  1 00:01:02 1970
[   21.835501] PM: suspend entry (deep)
[   21.839076] PM: Syncing filesystems ... done.
[   21.844529] Freezing user space processes ... (elapsed 0.001 seconds) done.
[   21.852615] OOM killer disabled.
[   21.855831] Freezing remaining freezable tasks ... (elapsed 0.001 seconds) done.
[   21.864438] Suspending console(s) (use no_console_suspend to debug)
[   22.051577] Disabling non-boot CPUs ...
[   22.198263] Entering suspend state LP1
[   22.198287] Enabling non-boot CPUs ...
[   22.199042] CPU1 is up
[   22.199653] CPU2 is up
[   22.200330] CPU3 is up
[   22.251586] cros-ec-spi spi0.0: spi transfer failed: -121
[   22.263938] mmc1: Switching to 3.3V signalling voltage failed
[   22.790846] tegra-sor 54540000.sor: failed to probe output: -517
[   22.791018] panel-simple panel: panel supply power not found, using dummy regulator
[   22.834441] OOM killer enabled.
[   22.837580] Restarting tasks ... done.
[   22.842388] PM: suspend exit
root@(none):/# 
root@(none):/# rtcwake -d rtc1 -m mem -s 3
rtcwake: assuming RTC uses UTC ...
rtcwake: wakeup from "mem" using /dev/rtc1 at Thu Jan  1 00:01:07 1970
[   24.115448] PM: suspend entry (deep)
[   24.119047] PM: Syncing filesystems ... done.
[   24.124534] Freezing user space processes ... (elapsed 0.001 seconds) done.
[   24.132715] OOM killer disabled.
[   24.135931] Freezing remaining freezable tasks ... (elapsed 0.001 seconds) done.
[   24.144547] Suspending console(s) (use no_console_suspend to debug)
[   24.331538] Disabling non-boot CPUs ...
[   24.508211] Entering suspend state LP1
[   24.508236] Enabling non-boot CPUs ...
[   24.508981] CPU1 is up
[   24.509600] CPU2 is up
[   24.510268] CPU3 is up
[   24.561422] cros-ec-spi spi0.0: spi transfer failed: -121
[   24.573766] mmc1: Switching to 3.3V signalling voltage failed
[   24.788030] usb 1-1: reset high-speed USB device number 4 using tegra-xusb
[   25.102606] tegra-sor 54540000.sor: failed to probe output: -517
[   25.102778] panel-simple panel: panel supply power not found, using dummy regulator
[   25.153122] OOM killer enabled.
[   25.156276] Restarting tasks ... done.
[   25.160546] PM: suspend exit
root@(none):/# 
root@(none):/# rtcwake -d rtc1 -m mem -s 3
rtcwake: assuming RTC uses UTC ...
rtcwake: wakeup from "mem" using /dev/rtc1 at Thu Jan  1 00:01:12 1970
[   26.425452] PM: suspend entry (deep)
[   26.429026] PM: Syncing filesystems ... done.
[   26.434496] Freezing user space processes ... (elapsed 0.001 seconds) done.
[   26.442679] OOM killer disabled.
[   26.445895] Freezing remaining freezable tasks ... (elapsed 0.001 seconds) done.
[   26.454508] Suspending console(s) (use no_console_suspend to debug)
[   26.642051] Disabling non-boot CPUs ...
[   26.747692] IRQ17 no longer affine to CPU2
[   26.808190] Entering suspend state LP1
[   26.808215] Enabling non-boot CPUs ...
[   26.808964] CPU1 is up
[   26.809582] CPU2 is up
[   26.810243] CPU3 is up
[   26.851545] cros-ec-spi spi0.0: spi transfer failed: -121
[   26.863929] mmc1: Switching to 3.3V signalling voltage failed
[   27.391698] tegra-sor 54540000.sor: failed to probe output: -517
[   27.391869] panel-simple panel: panel supply power not found, using dummy regulator
[   27.439439] OOM killer enabled.
[   27.442581] Restarting tasks ... done.
[   27.446841] PM: suspend exit
root@(none):/# 
root@(none):/# NVTB SYSTEM SUSPEND TEST COMPLETE
