

U-Boot 2015.04-00466-gedec83e90172 (Mar 14 2016 - 10:42:01)

TEGRA124
Model: Acer Chromebook 13 CB5-311
DRAM:  4 GiB
:   Tegra SD/MMC: 0, Tegra SD/MMC: 1, Tegra SD/MMC: 2
MMC init failed
Using default environment

In:    serial
Out:   serial
Err:   serial
Net:   Net Initialization Skipped
No ethernet found.
Hit any key to stop autoboot:  2  0 
Tegra124 (Nyan-big) # 
Tegra124 (Nyan-big) # usb start
starting USB...
USB0:   USB EHCI 1.10
scanning bus 0 for devices... 2 USB Device(s) found
USB1:   USB EHCI 1.10
scanning bus 1 for devices... 2 USB Device(s) found
       scanning usb for storage devices... 1 Storage Device(s) found
       scanning usb for ethernet devices... 
Warning: asx0 using MAC address from net device
1 Ethernet Device(s) found
Tegra124 (Nyan-big) # mw 0x7000e4a0 0x00080000
Tegra124 (Nyan-big) # setenv bootargs 'ignore_loglevel console=ttyS0,115200n8 rw root=PARTUUID=4d36e82a-b3c0-4b4b-bfcd-afe5217ac023 rootwait gpt debug noinitrd earlyprintk init=/bin/bash'
Tegra124 (Nyan-big) # setenv ipaddr 192.168.100.104; setenv serverip 192.168.100.1; setenv tftpserverip 192.168.100.1
Tegra124 (Nyan-big) # tftpboot 0x82000000 zImage.tegra_defconfig
Using asx0 device
TFTP from server 192.168.100.1; our IP address is 192.168.100.104
Filename 'zImage.tegra_defconfig'.
Load address: 0x82000000
Loading: *#################################################################
	 #################################################################
	 #################################################################
	 #################################################################
	 #################################################################
	 #################################################################
	 ##################################
	 3 MiB/s
done
Bytes transferred = 6222056 (5ef0e8 hex)
Tegra124 (Nyan-big) # tftpboot 0x83000000 tegra124-nyan-big.dtb
Using asx0 device
TFTP from server 192.168.100.1; our IP address is 192.168.100.104
Filename 'tegra124-nyan-big.dtb'.
Load address: 0x83000000
Loading: *#####
	 3.6 MiB/s
done
Bytes transferred = 67482 (1079a hex)
Tegra124 (Nyan-big) # bootz 0x82000000 - 0x83000000
Kernel image @ 0x82000000 [ 0x000000 - 0x5ef0e8 ]
## Flattened Device Tree blob at 83000000
   Booting using the fdt blob at 0x83000000
   Using Device Tree in place at 83000000, end 83013799

Starting kernel ...

[    0.000000] Booting Linux on physical CPU 0x0
[    0.000000] Linux version 4.15.0-next-20180131-28676-gd957d62 (jonathanh@kaivo) (gcc version 4.7.3 20130328 (prerelease) (crosstool-NG linaro-1.13.1-4.7-2013.04-20130415 - Linaro GCC 2013.04)) #1 SMP PREEMPT Wed Jan 31 02:16:45 PST 2018
[    0.000000] CPU: ARMv7 Processor [413fc0f3] revision 3 (ARMv7), cr=10c5387d
[    0.000000] CPU: div instructions available: patching division code
[    0.000000] CPU: PIPT / VIPT nonaliasing data cache, PIPT instruction cache
[    0.000000] OF: fdt: Machine model: Acer Chromebook 13 CB5-311
[    0.000000] OF: fdt: Ignoring memory range 0x100000000 - 0x17ffff000
[    0.000000] debug: ignoring loglevel setting.
[    0.000000] bootconsole [earlycon0] enabled
[    0.000000] Memory policy: Data cache writealloc
[    0.000000] cma: Reserved 64 MiB at 0xfbc00000
[    0.000000] On node 0 totalpages: 524287
[    0.000000]   Normal zone: 1536 pages used for memmap
[    0.000000]   Normal zone: 0 pages reserved
[    0.000000]   Normal zone: 196608 pages, LIFO batch:31
[    0.000000]   HighMem zone: 327679 pages, LIFO batch:31
[    0.000000] random: fast init done
[    0.000000] percpu: Embedded 17 pages/cpu @(ptrval) s39296 r8192 d22144 u69632
[    0.000000] pcpu-alloc: s39296 r8192 d22144 u69632 alloc=17*4096
[    0.000000] pcpu-alloc: [0] 0 [0] 1 [0] 2 [0] 3 
[    0.000000] Built 1 zonelists, mobility grouping on.  Total pages: 522751
[    0.000000] Kernel command line: ignore_loglevel console=ttyS0,115200n8 rw root=PARTUUID=4d36e82a-b3c0-4b4b-bfcd-afe5217ac023 rootwait gpt debug noinitrd earlyprintk init=/bin/bash
[    0.000000] Dentry cache hash table entries: 131072 (order: 7, 524288 bytes)
[    0.000000] Inode-cache hash table entries: 65536 (order: 6, 262144 bytes)
[    0.000000] Memory: 1999492K/2097148K available (9216K kernel code, 797K rwdata, 2584K rodata, 1024K init, 298K bss, 32120K reserved, 65536K cma-reserved, 1245180K highmem)
[    0.000000] Virtual kernel memory layout:
[    0.000000]     vector  : 0xffff0000 - 0xffff1000   (   4 kB)
[    0.000000]     fixmap  : 0xffc00000 - 0xfff00000   (3072 kB)
[    0.000000]     vmalloc : 0xf0800000 - 0xff800000   ( 240 MB)
[    0.000000]     lowmem  : 0xc0000000 - 0xf0000000   ( 768 MB)
[    0.000000]     pkmap   : 0xbfe00000 - 0xc0000000   (   2 MB)
[    0.000000]     modules : 0xbf000000 - 0xbfe00000   (  14 MB)
[    0.000000]       .text : 0x(ptrval) - 0x(ptrval)   (10208 kB)
[    0.000000]       .init : 0x(ptrval) - 0x(ptrval)   (1024 kB)
[    0.000000]       .data : 0x(ptrval) - 0x(ptrval)   ( 798 kB)
[    0.000000]        .bss : 0x(ptrval) - 0x(ptrval)   ( 299 kB)
[    0.000000] Preemptible hierarchical RCU implementation.
[    0.000000] 	Tasks RCU enabled.
[    0.000000] NR_IRQS: 16, nr_irqs: 16, preallocated irqs: 16
[    0.000000] /interrupt-controller@60004000: 160 interrupts forwarded to /interrupt-controller@50041000
[    0.000000] Tegra clk 127: register failed with -17
[    0.000004] sched_clock: 32 bits at 1000kHz, resolution 1000ns, wraps every 2147483647500ns
[    0.008020] clocksource: timer_us: mask: 0xffffffff max_cycles: 0xffffffff, max_idle_ns: 1911260446275 ns
[    0.017552] Switching to timer-based delay loop, resolution 1000ns
[    0.024090] arch_timer: cp15 timer(s) running at 12.00MHz (virt).
[    0.029772] clocksource: arch_sys_counter: mask: 0xffffffffffffff max_cycles: 0x2c47f4ee7, max_idle_ns: 440795202497 ns
[    0.040519] sched_clock: 56 bits at 12MHz, resolution 83ns, wraps every 4398046511096ns
[    0.048490] Switching to timer-based delay loop, resolution 83ns
[    0.054668] Console: colour dummy device 80x30
[    0.058898] Calibrating delay loop (skipped), value calculated using timer frequency.. 24.00 BogoMIPS (lpj=120000)
[    0.069209] pid_max: default: 32768 minimum: 301
[    0.073973] Mount-cache hash table entries: 2048 (order: 1, 8192 bytes)
[    0.080390] Mountpoint-cache hash table entries: 2048 (order: 1, 8192 bytes)
[    0.087727] CPU: Testing write buffer coherency: ok
[    0.092400] /cpus/cpu@0 missing clock-frequency property
[    0.097553] /cpus/cpu@1 missing clock-frequency property
[    0.102848] /cpus/cpu@2 missing clock-frequency property
[    0.108127] /cpus/cpu@3 missing clock-frequency property
[    0.113410] CPU0: thread -1, cpu 0, socket 0, mpidr 80000000
[    0.153452] Setting up static identity map for 0x80100000 - 0x801000a0
[    0.158107] Hierarchical SRCU implementation.
[    0.173670] Tegra Revision: A01 SKU: 131 CPU Process: 1 SoC Process: 1
[    0.193456] smp: Bringing up secondary CPUs ...
[    0.243704] CPU1: thread -1, cpu 1, socket 0, mpidr 80000001
[    0.323730] CPU2: thread -1, cpu 2, socket 0, mpidr 80000002
[    0.403770] CPU3: thread -1, cpu 3, socket 0, mpidr 80000003
[    0.413600] smp: Brought up 1 node, 4 CPUs
[    0.432683] SMP: Total of 4 processors activated (96.00 BogoMIPS).
[    0.438836] CPU: All CPU(s) started in SVC mode.
[    0.444131] devtmpfs: initialized
[    0.453626] Built 1 zonelists, mobility grouping on.  Total pages: 516257
[    0.458675] VFP support v0.3: implementor 41 architecture 4 part 30 variant f rev 0
[    0.466294] clocksource: jiffies: mask: 0xffffffff max_cycles: 0xffffffff, max_idle_ns: 19112604462750000 ns
[    0.475916] futex hash table entries: 1024 (order: 4, 65536 bytes)
[    0.482204] pinctrl core: initialized pinctrl subsystem
[    0.487731] NET: Registered protocol family 16
[    0.492138] DMA: preallocated 256 KiB pool for atomic coherent allocations
[    0.499046] cpuidle: using governor menu
[    0.509944] No ATAGs?
[    0.510004] hw-breakpoint: found 5 (+1 reserved) breakpoint and 4 watchpoint registers.
[    0.518347] hw-breakpoint: maximum watchpoint size is 8 bytes.
[    0.525030] tegra-mc 70019000.memory-controller: no memory timings for RAM code 0 registered
[    0.532708] iommu: Adding device 50000000.host1x to group 0
[    0.538121] iommu: Adding device 54200000.dc to group 1
[    0.543321] iommu: Adding device 54240000.dc to group 1
[    0.548520] iommu: Adding device 57000000.gpu to group 2
[    0.559573] +5V_SYS: supplied by +VDD_MUX
[    0.561798] +3.3V_SYS: supplied by +VDD_MUX
[    0.566124] +VDD_LED: Failed to request enable GPIO122: -517
[    0.571459] reg-fixed-voltage regulators:regulator@5: Failed to register regulator: -517
[    0.579563] +5V_VDD_TS_SW: Failed to request enable GPIO81: -517
[    0.585499] reg-fixed-voltage regulators:regulator@6: Failed to register regulator: -517
[    0.593612] +5V_USB_HS: Failed to request enable GPIO108: -517
[    0.599365] reg-fixed-voltage regulators:regulator@7: Failed to register regulator: -517
[    0.607493] +5V_USB_SS: Failed to request enable GPIO109: -517
[    0.613232] reg-fixed-voltage regulators:regulator@8: Failed to register regulator: -517
[    0.621404] +1.05V_RUN_AVDD_HDMI_PLL: Failed to request enable GPIO63: -517
[    0.628225] reg-fixed-voltage regulators:regulator@11: Failed to register regulator: -517
[    0.636422] +5V_HDMI_CON: Failed to request enable GPIO86: -517
[    0.642265] reg-fixed-voltage regulators:regulator@12: Failed to register regulator: -517
[    0.650861] vgaarb: loaded
[    0.653365] SCSI subsystem initialized
[    0.656920] libata version 3.00 loaded.
[    0.660773] usbcore: registered new interface driver usbfs
[    0.666123] usbcore: registered new interface driver hub
[    0.671430] usbcore: registered new device driver usb
[    0.677643] Linux video capture interface: v2.00
[    0.681032] pps_core: LinuxPPS API ver. 1 registered
[    0.685953] pps_core: Software ver. 5.3.6 - Copyright 2005-2007 Rodolfo Giometti <giometti@linux.it>
[    0.695057] PTP clock support registered
[    0.699095] tegra-emc 7001b000.emc: no memory timings for RAM code 0 found in DT
[    0.706317] tegra-emc: probe of 7001b000.emc failed with error -2
[    0.712486] Advanced Linux Sound Architecture Driver Initialized.
[    0.718698] Bluetooth: Core ver 2.22
[    0.722017] NET: Registered protocol family 31
[    0.726424] Bluetooth: HCI device and connection manager initialized
[    0.732747] Bluetooth: HCI socket layer initialized
[    0.737604] Bluetooth: L2CAP socket layer initialized
[    0.742639] Bluetooth: SCO socket layer initialized
[    0.747720] clocksource: Switched to clocksource arch_sys_counter
[    0.785644] NET: Registered protocol family 2
[    0.788467] tcp_listen_portaddr_hash hash table entries: 512 (order: 0, 6144 bytes)
[    0.795732] TCP established hash table entries: 8192 (order: 3, 32768 bytes)
[    0.802777] TCP bind hash table entries: 8192 (order: 4, 65536 bytes)
[    0.809211] TCP: Hash tables configured (established 8192 bind 8192)
[    0.815650] UDP hash table entries: 512 (order: 2, 16384 bytes)
[    0.821386] UDP-Lite hash table entries: 512 (order: 2, 16384 bytes)
[    0.827818] NET: Registered protocol family 1
[    0.832309] RPC: Registered named UNIX socket transport module.
[    0.837927] RPC: Registered udp transport module.
[    0.842597] RPC: Registered tcp transport module.
[    0.847277] RPC: Registered tcp NFSv4.1 backchannel transport module.
[    0.863942] PCI: CLS 0 bytes, default 64
[    0.866638] hw perfevents: enabled with armv7_cortex_a15 PMU driver, 7 counters available
[    0.874756] Initialise system trusted keyrings
[    0.878592] workingset: timestamp_bits=30 max_order=19 bucket_order=0
[    0.885406] squashfs: version 4.0 (2009/01/31) Phillip Lougher
[    0.891029] NFS: Registering the id_resolver key type
[    0.895765] Key type id_resolver registered
[    0.899930] Key type id_legacy registered
[    0.905626] Key type asymmetric registered
[    0.907988] Asymmetric key parser 'x509' registered
[    0.912882] bounce: pool size: 64 pages
[    0.916667] io scheduler noop registered (default)
[    0.921420] io scheduler mq-deadline registered
[    0.925919] io scheduler kyber registered
[    0.930555] tegra-xusb-padctl 7009f000.padctl: failed to setup XUSB ports: -517
[    0.942976] tegra-apbdma 60020000.dma: Tegra20 APB DMA driver register 32 channels
[    0.949070] tegra-pmc 7000e400.pmc: i2c-thermtrip node not found, emergency thermal reset disabled.
[    0.957868] Serial: 8250/16550 driver, 4 ports, IRQ sharing disabled
[    0.964636] console [ttyS0] disabled
[    0.967533] 70006000.serial: ttyS0 at MMIO 0x70006000 (irq = 333, base_baud = 25500000) is a Tegra
[    0.976471] console [ttyS0] enabled
[    0.976471] console [ttyS0] enabled
[    0.982692] bootconsole [earlycon0] disabled
[    0.982692] bootconsole [earlycon0] disabled
[    1.008832] tegra-hdmi 54280000.hdmi: failed to get HDMI regulator
[    1.015309] tegra-dpaux 545c0000.dpaux: failed to get VDD supply: -517
[    1.022827] panel-simple panel: panel supply power not found, using dummy regulator
[    1.034213] loop: module loaded
[    1.037916] as3722 4-0040: AS3722 with revision 0x1 found
[    1.047987] as3722-sd2: supplied by +5V_SYS
[    1.052410] as3722-sd3: supplied by +5V_SYS
[    1.056746] +1.35V_LP0(sd3): Bringing 0uV into 1350000-1350000uV
[    1.062944] as3722-sd4: supplied by +5V_SYS
[    1.067277] +1.05V_RUN: Bringing 0uV into 1050000-1050000uV
[    1.073032] as3722-sd5: supplied by +5V_SYS
[    1.078633] as3722-ldo0: supplied by +1.35V_LP0(sd2)
[    1.084377] +1.8V_RUN_CAM: Bringing 0uV into 1800000-1800000uV
[    1.090402] as3722-ldo2: supplied by +1.8V_VDDIO
[    1.096030] as3722-ldo3: supplied by +3.3V_SYS
[    1.100495] +1.00V_LP0_VDD_RTC: Bringing 1100000uV into 1000000-1000000uV
[    1.108074] as3722-ldo4: supplied by +3.3V_SYS
[    1.112669] +3.3V_RUN_CAM: Bringing 0uV into 2800000-2800000uV
[    1.118699] as3722-ldo5: supplied by +1.8V_VDDIO
[    1.123469] +1.2V_RUN_CAM_FRONT: Bringing 0uV into 1200000-1200000uV
[    1.130165] +VDDIO_SDMMC3: Bringing 0uV into 1800000-1800000uV
[    1.136198] as3722-ldo7: supplied by +1.8V_VDDIO
[    1.140979] +1.05V_RUN_CAM_REAR: Bringing 0uV into 1050000-1050000uV
[    1.147534] as3722-ldo9: supplied by +5V_SYS
[    1.152109] +2.8V_RUN_TOUCH: Bringing 0uV into 2800000-2800000uV
[    1.158320] as3722-ldo10: supplied by +5V_SYS
[    1.162833] +2.8V_RUN_CAM_AF: Bringing 0uV into 2800000-2800000uV
[    1.169285] +1.8V_RUN_VPP_FUSE: Bringing 0uV into 1800000-1800000uV
[    1.191901] cros-ec-spi spi0.0: Chrome EC device registered
[    1.206855] m25p80 spi1.0: w25q32dw (4096 Kbytes)
[    1.222398] libphy: Fixed MDIO Bus: probed
[    1.226483] CAN device driver interface
[    1.230336] igb: Intel(R) Gigabit Ethernet Network Driver - version 5.4.0-k
[    1.237279] igb: Copyright (c) 2007-2014 Intel Corporation.
[    1.242921] pegasus: v0.9.3 (2013/04/25), Pegasus/Pegasus II USB Ethernet driver
[    1.250333] usbcore: registered new interface driver pegasus
[    1.255999] usbcore: registered new interface driver asix
[    1.261408] usbcore: registered new interface driver ax88179_178a
[    1.267504] usbcore: registered new interface driver cdc_ether
[    1.273356] usbcore: registered new interface driver smsc75xx
[    1.279118] usbcore: registered new interface driver smsc95xx
[    1.284866] usbcore: registered new interface driver net1080
[    1.290539] usbcore: registered new interface driver cdc_subset
[    1.296461] usbcore: registered new interface driver zaurus
[    1.302050] usbcore: registered new interface driver cdc_ncm
[    1.307790] ehci_hcd: USB 2.0 'Enhanced' Host Controller (EHCI) Driver
[    1.314301] ehci-pci: EHCI PCI platform driver
[    1.318759] tegra-ehci: Tegra EHCI driver
[    1.323025] usbcore: registered new interface driver cdc_acm
[    1.328678] cdc_acm: USB Abstract Control Model driver for USB modems and ISDN adapters
[    1.336681] usbcore: registered new interface driver cdc_wdm
[    1.342358] usbcore: registered new interface driver usb-storage
[    1.349026] input: cros_ec as /devices/soc0/7000d400.spi/spi_master/spi0/spi0.0/7000d400.spi:cros-ec@0:keyboard-controller/input/input0
[    1.368704] as3722-rtc as3722-rtc: rtc core: registered as3722-rtc as rtc0
[    1.375564] as3722-rtc as3722-rtc: RTC interrupt 372
[    1.382328] tegra_rtc 7000e000.rtc: rtc core: registered 7000e000.rtc as rtc1
[    1.389476] tegra_rtc 7000e000.rtc: Tegra internal Real Time Clock
[    1.395755] i2c /dev entries driver
[    1.399665] usbcore: registered new interface driver uvcvideo
[    1.405395] USB Video Class driver (1.1.1)
[    1.409487] gspca_main: v2.14.0 registered
[    1.413803] lm90 0-004c: 0-004c supply vcc not found, using dummy regulator
[    1.422466] tegra-wdt 60005000.timer: initialized (heartbeat = 120 sec, nowayout = 0)
[    1.430805] sdhci: Secure Digital Host Controller Interface driver
[    1.436971] sdhci: Copyright(c) Pierre Ossman
[    1.441324] sdhci-pltfm: SDHCI platform and OF driver helper
[    1.447099] sdhci-tegra 700b0000.sdhci: allocated mmc-pwrseq
[    1.460903] sdhci-tegra 700b0400.sdhci: Got CD GPIO
[    1.465774] sdhci-tegra 700b0400.sdhci: Got WP GPIO
[    1.485855] mmc0: Unknown controller version (3). You may experience problems.
[    1.493095] mmc0: Invalid maximum block size, assuming 512 bytes
[    1.529874] mmc0: SDHCI controller on 700b0600.sdhci [700b0600.sdhci] using ADMA
[    1.537592] usbcore: registered new interface driver usbhid
[    1.543271] usbhid: USB HID core driver
[    1.549385] tegra30-i2s 70301100.i2s: DMA channels sourced from device 70300000.ahub
[    1.597638] mmc0: new high speed MMC card at address 0001
[    1.603561] max98090 0-0010: MAX98090 REVID=0x43
[    1.604974] mmcblk0: mmc0:0001 MMC16G 14.4 GiB 
[    1.614343] max98090 0-0010: use default 2.8v micbias
[    1.614555] mmcblk0boot0: mmc0:0001 MMC16G partition 1 2.00 MiB
[    1.627169] mmcblk0boot1: mmc0:0001 MMC16G partition 2 2.00 MiB
[    1.633211] mmcblk0rpmb: mmc0:0001 MMC16G partition 3 128 KiB, chardev (247:0)
[    1.633386] tegra-snd-max98090 sound: HiFi <-> 70301100.i2s mapping ok
[    1.648155] input: GoogleNyanBig Headphones as /devices/soc0/sound/sound/card1/input1
[    1.650004]  mmcblk0: p1 p2 p3 p4 p5 p6 p7 p8 p9 p10 p11 p12
[    1.656133] input: GoogleNyanBig Mic Jack as /devices/soc0/sound/sound/card1/input2
[    1.670124] NET: Registered protocol family 10
[    1.675143] Segment Routing with IPv6
[    1.678875] mip6: Mobile IPv6
[    1.681835] sit: IPv6, IPv4 and MPLS over IPv4 tunneling driver
[    1.688290] NET: Registered protocol family 17
[    1.692727] NET: Registered protocol family 15
[    1.697159] can: controller area network core (rev 20170425 abi 9)
[    1.703409] NET: Registered protocol family 29
[    1.707847] can: raw protocol (rev 20170425)
[    1.712104] can: broadcast manager protocol (rev 20170425 t)
[    1.717757] can: netlink gateway (rev 20170425) max_hops=1
[    1.723296] Bluetooth: RFCOMM socket layer initialized
[    1.728438] Bluetooth: RFCOMM ver 1.11
[    1.732180] Bluetooth: BNEP (Ethernet Emulation) ver 1.3
[    1.737481] Bluetooth: BNEP socket layer initialized
[    1.742437] Bluetooth: HIDP (Human Interface Emulation) ver 1.2
[    1.748346] Bluetooth: HIDP socket layer initialized
[    1.753395] Key type dns_resolver registered
[    1.757860] Registering SWP/SWPB emulation handler
[    1.762897] Loading compiled-in X.509 certificates
[    1.774750] +3.3V_RUN: supplied by +3.3V_SYS
[    1.779688] +VDD_LED: supplied by +VDD_MUX
[    1.783883] +3.3V_AVDD_HDMI_AP_GATED: supplied by +3.3V_RUN
[    1.789615] +1.8V_RUN_CAM: supplied by +3.3V_RUN
[    1.794318] +VDDIO_SDMMC3: supplied by +3.3V_RUN
[    1.799056] +1.8V_RUN_VPP_FUSE: supplied by +3.3V_RUN
[    1.804239] +5V_VDD_TS_SW: supplied by +5V_SYS
[    1.808971] +5V_USB_HS: supplied by +5V_SYS
[    1.813289] +5V_USB_SS: supplied by +5V_SYS
[    1.818436] +3.3V_PANEL: supplied by +3.3V_RUN
[    1.823868] +3.3V_LP0: supplied by +3.3V_SYS
[    1.828947] +1.05V_RUN_AVDD_HDMI_PLL: supplied by +1.05V_RUN
[    1.834845] +5V_HDMI_CON: supplied by +5V_SYS
[    1.839947]  usb3-0: usb3-0 supply vbus not found, using dummy regulator
[    1.846685]  usb3-1: usb3-1 supply vbus not found, using dummy regulator
[    1.859828] tegra-sor 54540000.sor: failed to probe output: -517
[    1.866042] panel-simple panel: panel supply power not found, using dummy regulator
[    1.875694] tegra-xusb 70090000.usb: Direct firmware load for nvidia/tegra124/xusb.bin failed with error -2
[    1.885429] tegra-xusb 70090000.usb: failed to request firmware: -2
[    1.891717] tegra-xusb 70090000.usb: failed to load firmware: -2
[    1.898935] tegra-xusb: probe of 70090000.usb failed with error -2
[    1.905514] sdhci-tegra 700b0000.sdhci: allocated mmc-pwrseq
[    1.917970] mmc1: Unknown controller version (3). You may experience problems.
[    1.925219] mmc1: Invalid maximum block size, assuming 512 bytes
[    1.931682] mmc1: Switching to 3.3V signalling voltage failed
[    1.960507] mmc1: SDHCI controller on 700b0000.sdhci [700b0000.sdhci] using ADMA
[    1.968198] sdhci-tegra 700b0400.sdhci: Got CD GPIO
[    1.973072] sdhci-tegra 700b0400.sdhci: Got WP GPIO
[    1.983334] mmc2: Unknown controller version (3). You may experience problems.
[    1.990673] mmc2: Invalid maximum block size, assuming 512 bytes
[    2.027097] mmc1: new high speed SDIO card at address 0001
[    2.032875] mmc2: SDHCI controller on 700b0400.sdhci [700b0400.sdhci] using ADMA
[    2.040486] tegra-sor 54540000.sor: failed to probe output: -517
[    2.046646] panel-simple panel: panel supply power not found, using dummy regulator
[    2.054764] input: gpio-keys as /devices/soc0/gpio-keys/input/input3
[    2.061609] tegra-sor 54540000.sor: failed to probe output: -517
[    2.067881] panel-simple panel: panel supply power not found, using dummy regulator
[    2.076072] as3722-rtc as3722-rtc: setting system clock to 2000-01-01 00:00:23 UTC (946684823)
[    2.084850] cfg80211: Loading compiled-in X.509 certificates for regulatory database
[    2.094313] cfg80211: Loaded X.509 cert 'sforshee: 00b28ddf47aef9cea7'
[    2.101026] platform regulatory.0: Direct firmware load for regulatory.db failed with error -2
[    2.108138] +3.3V_AVDD_HDMI_AP_GATED: disabling
[    2.109728] cfg80211: failed to load regulatory.db
[    2.114164] +1.8V_RUN_CAM: disabling
[    2.114451] +1.2V_RUN_CAM_FRONT: disabling
[    2.126853] +1.05V_RUN_CAM_REAR: disabling
[    2.131216] +2.8V_RUN_TOUCH: disabling
[    2.135189] +2.8V_RUN_CAM_AF: disabling
[    2.139230] +1.8V_RUN_VPP_FUSE: disabling
[    2.143417] +VDD_LED: disabling
[    2.146556] +5V_VDD_TS_SW: disabling
[    2.150159] +5V_USB_HS: disabling
[    2.153465] +5V_USB_SS: disabling
[    2.156775] +3.3V_PANEL: disabling
[    2.160204] +1.05V_RUN_AVDD_HDMI_PLL: disabling
[    2.164736] +5V_HDMI_CON: disabling
[    2.168257] ALSA device list:
[    2.171225]   #1: GoogleNyanBig
[    2.260108] mmc2: new high speed SDHC card at address 0007
[    2.267427] mmcblk2: mmc2:0007 SD08G 7.42 GiB 
[    2.281335] GPT:Primary header alternate_lba != Alt. header my_lba
[    2.287509] GPT:3014591 != 15564799
[    2.291019] GPT:Primary header thinks Alt. header is not at the end of the disk.
[    2.298403] GPT:3014591 != 15564799
[    2.301879] GPT: Use GNU Parted to correct GPT errors.
[    2.307026]  mmcblk2: p1 p2 p3 p4 p5 p6 p7 p8 p9 p10 p11 p12
[    2.314065] tegra-sor 54540000.sor: failed to probe output: -517
[    2.320384] panel-simple panel: panel supply power not found, using dummy regulator
[    2.338301] tegra-sor 54540000.sor: failed to probe output: -517
[    2.344413] EXT4-fs (mmcblk0p3): couldn't mount as ext3 due to feature incompatibilities
[    2.344677] input: tegra-hda HDMI/DP,pcm=3 as /devices/soc0/70030000.hda/sound/card0/input4
[    2.361229] panel-simple panel: panel supply power not found, using dummy regulator
[    2.419135] EXT4-fs (mmcblk0p3): recovery complete
[    2.423923] EXT4-fs (mmcblk0p3): mounted filesystem with ordered data mode. Opts: (null)
[    2.432062] VFS: Mounted root (ext4 filesystem) on device 179:3.
[    2.439080] devtmpfs: mounted
[    2.442483] Freeing unused kernel memory: 1024K
bash: cannot set terminal process group (-1): Inappropriate ioctl for device
bash: no job control in this shell
root@(none):/# mount -t sysfs none /sys
root@(none):/# 
root@(none):/# mount -t debugfs none /sys/kernel/debug
root@(none):/# 
root@(none):/# rtcwake -d rtc1 -m mem -s 3
rtcwake: assuming RTC uses UTC ...
rtcwake: wakeup from "mem" using /dev/rtc1 at Thu Jan  1 00:00:28 1970
[    5.659111] PM: suspend entry (deep)
[    5.662679] PM: Syncing filesystems ... done.
[    5.668649] Freezing user space processes ... (elapsed 0.001 seconds) done.
[    5.676760] OOM killer disabled.
[    5.679999] Freezing remaining freezable tasks ... (elapsed 0.001 seconds) done.
[    5.688572] Suspending console(s) (use no_console_suspend to debug)
[    5.870718] Disabling non-boot CPUs ...
[    5.927924] IRQ17 no longer affine to CPU1
[    6.048388] Entering suspend state LP1
[    6.048412] Enabling non-boot CPUs ...
[    6.049114] CPU1 is up
[    6.049715] CPU2 is up
[    6.050355] CPU3 is up
[    6.091552] cros-ec-spi spi0.0: spi transfer failed: -121
[    6.102866] mmc1: Switching to 3.3V signalling voltage failed
[    6.158939] tegra-sor 54540000.sor: failed to probe output: -517
[    6.159110] panel-simple panel: panel supply power not found, using dummy regulator
[    6.206668] OOM killer enabled.
[    6.209854] Restarting tasks ... done.
[    6.214061] PM: suspend exit
root@(none):/# 
root@(none):/# rtcwake -d rtc1 -m mem -s 3
rtcwake: assuming RTC uses UTC ...
rtcwake: wakeup from "mem" using /dev/rtc1 at Thu Jan  1 00:00:32 1970
[    6.797381] PM: suspend entry (deep)
[    6.800971] PM: Syncing filesystems ... done.
[    6.806499] Freezing user space processes ... (elapsed 0.001 seconds) done.
[    6.814567] OOM killer disabled.
[    6.817788] Freezing remaining freezable tasks ... (elapsed 0.001 seconds) done.
[    6.826319] Suspending console(s) (use no_console_suspend to debug)
[    7.010958] Disabling non-boot CPUs ...
[    7.158323] Entering suspend state LP1
[    7.158348] Enabling non-boot CPUs ...
[    7.159057] CPU1 is up
[    7.159654] CPU2 is up
[    7.160296] CPU3 is up
[    7.201630] cros-ec-spi spi0.0: spi transfer failed: -121
[    7.212774] mmc1: Switching to 3.3V signalling voltage failed
[    7.268926] tegra-sor 54540000.sor: failed to probe output: -517
[    7.269093] panel-simple panel: panel supply power not found, using dummy regulator
[    7.312551] OOM killer enabled.
[    7.315681] Restarting tasks ... done.
[    7.319889] PM: suspend exit
root@(none):/# 
root@(none):/# rtcwake -d rtc1 -m mem -s 3
rtcwake: assuming RTC uses UTC ...
rtcwake: wakeup from "mem" using /dev/rtc1 at Thu Jan  1 00:00:36 1970
[    7.916758] PM: suspend entry (deep)
[    7.920344] PM: Syncing filesystems ... done.
[    7.925960] Freezing user space processes ... (elapsed 0.001 seconds) done.
[    7.934090] OOM killer disabled.
[    7.937306] Freezing remaining freezable tasks ... (elapsed 0.001 seconds) done.
[    7.945852] Suspending console(s) (use no_console_suspend to debug)
[    8.131313] Disabling non-boot CPUs ...
[    8.278306] Entering suspend state LP1
[    8.278331] Enabling non-boot CPUs ...
[    8.279044] CPU1 is up
[    8.279646] CPU2 is up
[    8.280292] CPU3 is up
[    8.321820] cros-ec-spi spi0.0: spi transfer failed: -121
[    8.333153] mmc1: Switching to 3.3V signalling voltage failed
[    8.387545] tegra-sor 54540000.sor: failed to probe output: -517
[    8.387741] panel-simple panel: panel supply power not found, using dummy regulator
[    8.431193] OOM killer enabled.
[    8.434325] Restarting tasks ... done.
[    8.438743] PM: suspend exit
root@(none):/# 
root@(none):/# rtcwake -d rtc1 -m mem -s 3
rtcwake: assuming RTC uses UTC ...
rtcwake: wakeup from "mem" using /dev/rtc1 at Thu Jan  1 00:00:40 1970
[    9.037472] PM: suspend entry (deep)
[    9.041061] PM: Syncing filesystems ... done.
[    9.046749] Freezing user space processes ... (elapsed 0.001 seconds) done.
[    9.054804] OOM killer disabled.
[    9.058035] Freezing remaining freezable tasks ... (elapsed 0.001 seconds) done.
[    9.066565] Suspending console(s) (use no_console_suspend to debug)
[    9.251199] Disabling non-boot CPUs ...
[    9.407805] IRQ17 no longer affine to CPU3
[    9.408380] Entering suspend state LP1
[    9.408405] Enabling non-boot CPUs ...
[    9.409119] CPU1 is up
[    9.409722] CPU2 is up
[    9.410367] CPU3 is up
[    9.451791] cros-ec-spi spi0.0: spi transfer failed: -121
[    9.462990] mmc1: Switching to 3.3V signalling voltage failed
[    9.520830] tegra-sor 54540000.sor: failed to probe output: -517
[    9.521001] panel-simple panel: panel supply power not found, using dummy regulator
[    9.568599] OOM killer enabled.
[    9.571729] Restarting tasks ... done.
[    9.575894] PM: suspend exit
root@(none):/# 
root@(none):/# rtcwake -d rtc1 -m mem -s 3
rtcwake: assuming RTC uses UTC ...
rtcwake: wakeup from "mem" using /dev/rtc1 at Thu Jan  1 00:00:44 1970
[   10.166558] PM: suspend entry (deep)
[   10.170145] PM: Syncing filesystems ... done.
[   10.175391] Freezing user space processes ... (elapsed 0.001 seconds) done.
[   10.183517] OOM killer disabled.
[   10.186733] Freezing remaining freezable tasks ... (elapsed 0.001 seconds) done.
[   10.195274] Suspending console(s) (use no_console_suspend to debug)
[   10.380604] Disabling non-boot CPUs ...
[   10.467801] IRQ17 no longer affine to CPU2
[   10.528254] Entering suspend state LP1
[   10.528278] Enabling non-boot CPUs ...
[   10.528993] CPU1 is up
[   10.529590] CPU2 is up
[   10.530234] CPU3 is up
[   10.571617] cros-ec-spi spi0.0: spi transfer failed: -121
[   10.582950] mmc1: Switching to 3.3V signalling voltage failed
[   10.638705] tegra-sor 54540000.sor: failed to probe output: -517
[   10.638875] panel-simple panel: panel supply power not found, using dummy regulator
[   10.686389] OOM killer enabled.
[   10.689554] Restarting tasks ... done.
[   10.693721] PM: suspend exit
root@(none):/# 
root@(none):/# rtcwake -d rtc1 -m mem -s 3
rtcwake: assuming RTC uses UTC ...
rtcwake: wakeup from "mem" using /dev/rtc1 at Thu Jan  1 00:00:48 1970
[   11.287465] PM: suspend entry (deep)
[   11.291064] PM: Syncing filesystems ... done.
[   11.296794] Freezing user space processes ... (elapsed 0.001 seconds) done.
[   11.304911] OOM killer disabled.
[   11.308148] Freezing remaining freezable tasks ... (elapsed 0.001 seconds) done.
[   11.316685] Suspending console(s) (use no_console_suspend to debug)
[   11.501151] Disabling non-boot CPUs ...
[   11.657749] IRQ17 no longer affine to CPU3
[   11.658306] Entering suspend state LP1
[   11.658331] Enabling non-boot CPUs ...
[   11.659049] CPU1 is up
[   11.659644] CPU2 is up
[   11.660291] CPU3 is up
[   11.701440] cros-ec-spi spi0.0: spi transfer failed: -121
[   11.712907] mmc1: Switching to 3.3V signalling voltage failed
[   11.768008] tegra-sor 54540000.sor: failed to probe output: -517
[   11.768179] panel-simple panel: panel supply power not found, using dummy regulator
[   11.815696] OOM killer enabled.
[   11.818875] Restarting tasks ... done.
[   11.823032] PM: suspend exit
root@(none):/# 
root@(none):/# rtcwake -d rtc1 -m mem -s 3
rtcwake: assuming RTC uses UTC ...
rtcwake: wakeup from "mem" using /dev/rtc1 at Thu Jan  1 00:00:52 1970
[   12.416428] PM: suspend entry (deep)
[   12.420015] PM: Syncing filesystems ... done.
[   12.425534] Freezing user space processes ... (elapsed 0.001 seconds) done.
[   12.433592] OOM killer disabled.
[   12.436808] Freezing remaining freezable tasks ... (elapsed 0.001 seconds) done.
[   12.445342] Suspending console(s) (use no_console_suspend to debug)
[   12.630556] Disabling non-boot CPUs ...
[   12.667772] IRQ17 no longer affine to CPU1
[   12.778192] Entering suspend state LP1
[   12.778217] Enabling non-boot CPUs ...
[   12.778933] CPU1 is up
[   12.779538] CPU2 is up
[   12.780182] CPU3 is up
[   12.821576] cros-ec-spi spi0.0: spi transfer failed: -121
[   12.832904] mmc1: Switching to 3.3V signalling voltage failed
[   12.890069] tegra-sor 54540000.sor: failed to probe output: -517
[   12.890238] panel-simple panel: panel supply power not found, using dummy regulator
[   12.937695] OOM killer enabled.
[   12.940824] Restarting tasks ... done.
[   12.944980] PM: suspend exit
root@(none):/# 
root@(none):/# rtcwake -d rtc1 -m mem -s 3
rtcwake: assuming RTC uses UTC ...
rtcwake: wakeup from "mem" using /dev/rtc1 at Thu Jan  1 00:00:56 1970
[   13.536892] PM: suspend entry (deep)
[   13.540480] PM: Syncing filesystems ... done.
[   13.546091] Freezing user space processes ... (elapsed 0.001 seconds) done.
[   13.554160] OOM killer disabled.
[   13.557376] Freezing remaining freezable tasks ... (elapsed 0.001 seconds) done.
[   13.565911] Suspending console(s) (use no_console_suspend to debug)
[   13.751096] Disabling non-boot CPUs ...
[   13.908235] Entering suspend state LP1
[   13.908260] Enabling non-boot CPUs ...
[   13.908976] CPU1 is up
[   13.909575] CPU2 is up
[   13.910221] CPU3 is up
[   13.951549] cros-ec-spi spi0.0: spi transfer failed: -121
[   13.963029] mmc1: Switching to 3.3V signalling voltage failed
[   14.018215] tegra-sor 54540000.sor: failed to probe output: -517
[   14.018388] panel-simple panel: panel supply power not found, using dummy regulator
[   14.061836] OOM killer enabled.
[   14.064966] Restarting tasks ... done.
[   14.069138] PM: suspend exit
root@(none):/# 
root@(none):/# rtcwake -d rtc1 -m mem -s 3
rtcwake: assuming RTC uses UTC ...
rtcwake: wakeup from "mem" using /dev/rtc1 at Thu Jan  1 00:01:00 1970
[   14.666686] PM: suspend entry (deep)
[   14.670272] PM: Syncing filesystems ... done.
[   14.675880] Freezing user space processes ... (elapsed 0.001 seconds) done.
[   14.684024] OOM killer disabled.
[   14.687240] Freezing remaining freezable tasks ... (elapsed 0.001 seconds) done.
[   14.695784] Suspending console(s) (use no_console_suspend to debug)
[   14.881066] Disabling non-boot CPUs ...
[   15.018206] Entering suspend state LP1
[   15.018231] Enabling non-boot CPUs ...
[   15.018948] CPU1 is up
[   15.019546] CPU2 is up
[   15.020194] CPU3 is up
[   15.061438] cros-ec-spi spi0.0: spi transfer failed: -121
[   15.072758] mmc1: Switching to 3.3V signalling voltage failed
[   15.129043] tegra-sor 54540000.sor: failed to probe output: -517
[   15.129215] panel-simple panel: panel supply power not found, using dummy regulator
[   15.172581] OOM killer enabled.
[   15.175711] Restarting tasks ... done.
[   15.179909] PM: suspend exit
root@(none):/# 
root@(none):/# rtcwake -d rtc1 -m mem -s 3
rtcwake: assuming RTC uses UTC ...
rtcwake: wakeup from "mem" using /dev/rtc1 at Thu Jan  1 00:01:04 1970
[   15.777345] PM: suspend entry (deep)
[   15.780943] PM: Syncing filesystems ... done.
[   15.786608] Freezing user space processes ... (elapsed 0.001 seconds) done.
[   15.794732] OOM killer disabled.
[   15.797967] Freezing remaining freezable tasks ... (elapsed 0.001 seconds) done.
[   15.806503] Suspending console(s) (use no_console_suspend to debug)
[   15.990488] Disabling non-boot CPUs ...
[   16.158129] Entering suspend state LP1
[   16.158153] Enabling non-boot CPUs ...
[   16.158872] CPU1 is up
[   16.159468] CPU2 is up
[   16.160112] CPU3 is up
[   16.201606] cros-ec-spi spi0.0: spi transfer failed: -121
[   16.212773] mmc1: Switching to 3.3V signalling voltage failed
[   16.269051] tegra-sor 54540000.sor: failed to probe output: -517
[   16.269222] panel-simple panel: panel supply power not found, using dummy regulator
[   16.312667] OOM killer enabled.
[   16.315797] Restarting tasks ... done.
[   16.319988] PM: suspend exit
root@(none):/# 
root@(none):/# NVTB SYSTEM SUSPEND TEST COMPLETE
