
U-Boot SPL 2014.01-00219-gc4d376f (Feb 18 2014 - 19:57:18)


U-Boot 2014.01-00219-gc4d376f (Feb 18 2014 - 19:57:18)

TEGRA30
Board: NVIDIA Beaver
I2C:   ready
DRAM:  2 GiB
MMC:   Tegra SD/MMC: 0, Tegra SD/MMC: 1
In:    serial
Out:   serial
Err:   serial
Net:   Net Initialization Skipped
No ethernet found.
Hit any key to stop autoboot:  2  0 
Tegra30 (Beaver) # 
Tegra30 (Beaver) # usb reset
(Re)start USB...
USB0:   USB EHCI 1.00
scanning bus 0 for devices... 2 USB Device(s) found
       scanning usb for storage devices... 0 Storage Device(s) found
       scanning usb for ethernet devices... 
Warning: asx0 using MAC address from net device
1 Ethernet Device(s) found
Tegra30 (Beaver) # setenv bootargs 'ignore_loglevel console=ttyS0,115200n8 rw root=/dev/mmcblk0p1 rootwait gpt debug noinitrd earlyprintk init=/bin/bash'
Tegra30 (Beaver) # setenv ipaddr 192.168.100.101; setenv serverip 192.168.100.1; setenv tftpserverip 192.168.100.1
Tegra30 (Beaver) # tftpboot 0x81000000 zImage.multi_v7_defconfig
Using asx0 device
TFTP from server 192.168.100.1; our IP address is 192.168.100.101
Filename 'zImage.multi_v7_defconfig'.
Load address: 0x81000000
Loading: *#################################################################
	 #################################################################
	 #################################################################
	 #################################################################
	 #################################################################
	 #################################################################
	 ####################################################
	 3.4 MiB/s
done
Bytes transferred = 6477184 (62d580 hex)
Tegra30 (Beaver) # tftpboot 0x82000000 tegra30-beaver.dtb
Using asx0 device
TFTP from server 192.168.100.1; our IP address is 192.168.100.101
Filename 'tegra30-beaver.dtb'.
Load address: 0x82000000
Loading: *####
	 2.9 MiB/s
done
Bytes transferred = 51467 (c90b hex)
Tegra30 (Beaver) # bootz 0x81000000 - 0x82000000
Kernel image @ 0x81000000 [ 0x000000 - 0x62d580 ]
## Flattened Device Tree blob at 82000000
   Booting using the fdt blob at 0x82000000
   Loading Device Tree to 8fff0000, end 8ffff90a ... OK

Starting kernel ...

[    0.000000] Booting Linux on physical CPU 0x0
[    0.000000] Linux version 4.3.0-51166-gbd4f203 (pwalmsley@sellafield) (gcc version 4.7.3 20130328 (prerelease) (crosstool-NG linaro-1.13.1-4.7-2013.04-20130415 - Linaro GCC 2013.04) ) #1 SMP Thu Jan 14 11:05:39 PST 2016
[    0.000000] CPU: ARMv7 Processor [412fc099] revision 9 (ARMv7), cr=10c5387d
[    0.000000] CPU: PIPT / VIPT nonaliasing data cache, VIPT aliasing instruction cache
[    0.000000] Machine model: NVIDIA Tegra30 Beaver evaluation board
[    0.000000] debug: ignoring loglevel setting.
[    0.000000] cma: Reserved 64 MiB at 0xfb800000
[    0.000000] Memory policy: Data cache writealloc
[    0.000000] On node 0 totalpages: 524032
[    0.000000] free_area_init_node: node 0, pgdat c0f982c0, node_mem_map eeff8000
[    0.000000]   DMA zone: 1536 pages used for memmap
[    0.000000]   DMA zone: 0 pages reserved
[    0.000000]   DMA zone: 196608 pages, LIFO batch:31
[    0.000000]   HighMem zone: 327424 pages, LIFO batch:31
[    0.000000] PERCPU: Embedded 12 pages/cpu @eef93000 s19136 r8192 d21824 u49152
[    0.000000] pcpu-alloc: s19136 r8192 d21824 u49152 alloc=12*4096
[    0.000000] pcpu-alloc: [0] 0 [0] 1 [0] 2 [0] 3 
[    0.000000] Built 1 zonelists in Zone order, mobility grouping on.  Total pages: 522496
[    0.000000] Kernel command line: ignore_loglevel console=ttyS0,115200n8 rw root=/dev/mmcblk0p1 rootwait gpt debug noinitrd earlyprintk init=/bin/bash
[    0.000000] PID hash table entries: 4096 (order: 2, 16384 bytes)
[    0.000000] Dentry cache hash table entries: 131072 (order: 7, 524288 bytes)
[    0.000000] Inode-cache hash table entries: 65536 (order: 6, 262144 bytes)
[    0.000000] Memory: 1998680K/2096128K available (8156K kernel code, 1032K rwdata, 3660K rodata, 1040K init, 340K bss, 31912K reserved, 65536K cma-reserved, 1244160K highmem)
[    0.000000] Virtual kernel memory layout:
[    0.000000]     vector  : 0xffff0000 - 0xffff1000   (   4 kB)
[    0.000000]     fixmap  : 0xffc00000 - 0xfff00000   (3072 kB)
[    0.000000]     vmalloc : 0xf0800000 - 0xff800000   ( 240 MB)
[    0.000000]     lowmem  : 0xc0000000 - 0xf0000000   ( 768 MB)
[    0.000000]     pkmap   : 0xbfe00000 - 0xc0000000   (   2 MB)
[    0.000000]     modules : 0xbf000000 - 0xbfe00000   (  14 MB)
[    0.000000]       .text : 0xc0208000 - 0xc0d932ac   (11821 kB)
[    0.000000]       .init : 0xc0d94000 - 0xc0e98000   (1040 kB)
[    0.000000]       .data : 0xc0e98000 - 0xc0f9a220   (1033 kB)
[    0.000000]        .bss : 0xc0f9d000 - 0xc0ff23a8   ( 341 kB)
[    0.000000] SLUB: HWalign=64, Order=0-3, MinObjects=0, CPUs=4, Nodes=1
[    0.000000] Hierarchical RCU implementation.
[    0.000000] 	Build-time adjustment of leaf fanout to 32.
[    0.000000] 	RCU restricting CPUs from NR_CPUS=16 to nr_cpu_ids=4.
[    0.000000] RCU: Adjusting geometry for rcu_fanout_leaf=32, nr_cpu_ids=4
[    0.000000] NR_IRQS:16 nr_irqs:16 16
[    0.000000] /interrupt-controller@60004000: 160 interrupts forwarded to /interrupt-controller@50041000
[    0.000000] L2C: platform modifies aux control register: 0x02080000 -> 0x3e480001
[    0.000000] L2C: DT/platform modifies aux control register: 0x02080000 -> 0x3e480001
[    0.000000] L2C-310 erratum 769419 enabled
[    0.000000] L2C-310 enabling early BRESP for Cortex-A9
[    0.000000] L2C-310: enabling full line of zeros but not enabled in Cortex-A9
[    0.000000] L2C-310 dynamic clock gating enabled, standby mode enabled
[    0.000000] L2C-310 cache controller enabled, 8 ways, 1024 kB
[    0.000000] L2C-310: CACHE_ID 0x410000c7, AUX_CTRL 0x4e480001
[    0.000013] sched_clock: 32 bits at 1000kHz, resolution 1000ns, wraps every 2147483647500ns
[    0.000031] clocksource: timer_us: mask: 0xffffffff max_cycles: 0xffffffff, max_idle_ns: 1911260446275 ns
[    0.000039] Switching to timer-based delay loop, resolution 1000ns
[    0.002496] Console: colour dummy device 80x30
[    0.002520] Calibrating delay loop (skipped), value calculated using timer frequency.. 2.00 BogoMIPS (lpj=5000)
[    0.002530] pid_max: default: 32768 minimum: 301
[    0.002615] Mount-cache hash table entries: 2048 (order: 1, 8192 bytes)
[    0.002623] Mountpoint-cache hash table entries: 2048 (order: 1, 8192 bytes)
[    0.003043] CPU: Testing write buffer coherency: ok
[    0.003327] CPU0: thread -1, cpu 0, socket 0, mpidr 80000000
[    0.003393] Setting up static identity map for 0x80209000 - 0x80209098
[    0.005654] Tegra Revision: A03 SKU: 128 CPU Process: 4 SoC Process: 0
[    0.006853] CPU1: thread -1, cpu 1, socket 0, mpidr 80000001
[    0.007494] CPU2: thread -1, cpu 2, socket 0, mpidr 80000002
[    0.008133] CPU3: thread -1, cpu 3, socket 0, mpidr 80000003
[    0.008171] Brought up 4 CPUs
[    0.008184] SMP: Total of 4 processors activated (8.00 BogoMIPS).
[    0.008189] CPU: All CPU(s) started in SVC mode.
[    0.008767] devtmpfs: initialized
[    0.016972] VFP support v0.3: implementor 41 architecture 3 part 30 variant 9 rev 4
[    0.017667] clocksource: jiffies: mask: 0xffffffff max_cycles: 0xffffffff, max_idle_ns: 9556302231375000 ns
[    0.021161] pinctrl core: initialized pinctrl subsystem
[    0.022637] NET: Registered protocol family 16
[    0.025214] DMA: preallocated 256 KiB pool for atomic coherent allocations
[    0.039935] cpuidle: using governor ladder
[    0.054927] cpuidle: using governor menu
[    0.062915] No ATAGs?
[    0.062946] hw-breakpoint: found 5 (+1 reserved) breakpoint and 1 watchpoint registers.
[    0.062953] hw-breakpoint: maximum watchpoint size is 4 bytes.
[    0.065637] Serial: AMBA PL011 UART driver
[    0.066619] tegra-mc 7000f000.memory-controller: no memory timings for RAM code 3 registered
[    0.087826] vdd_5v_sata: Failed to request enable GPIO30: -517
[    0.087894] reg-fixed-voltage regulators:regulator@3: Failed to register regulator: -517
[    0.088002] usb1_vbus: Failed to request enable GPIO238: -517
[    0.088051] reg-fixed-voltage regulators:regulator@4: Failed to register regulator: -517
[    0.088155] usb3_vbus: Failed to request enable GPIO236: -517
[    0.088205] reg-fixed-voltage regulators:regulator@5: Failed to register regulator: -517
[    0.088353] sys_3v3_pexs: Failed to request enable GPIO95: -517
[    0.088403] reg-fixed-voltage regulators:regulator@7: Failed to register regulator: -517
[    0.090093] vgaarb: loaded
[    0.090547] SCSI subsystem initialized
[    0.090669] libata version 3.00 loaded.
[    0.090863] usbcore: registered new interface driver usbfs
[    0.090901] usbcore: registered new interface driver hub
[    0.090936] usbcore: registered new device driver usb
[    0.146713] pps_core: LinuxPPS API ver. 1 registered
[    0.146721] pps_core: Software ver. 5.3.6 - Copyright 2005-2007 Rodolfo Giometti <giometti@linux.it>
[    0.146737] PTP clock support registered
[    0.146884] EDAC MC: Ver: 3.0.0
[    0.148390] clocksource: Switched to clocksource timer_us
[    0.154417] NET: Registered protocol family 2
[    0.154810] TCP established hash table entries: 8192 (order: 3, 32768 bytes)
[    0.154865] TCP bind hash table entries: 8192 (order: 4, 65536 bytes)
[    0.154941] TCP: Hash tables configured (established 8192 bind 8192)
[    0.155034] UDP hash table entries: 512 (order: 2, 16384 bytes)
[    0.155098] UDP-Lite hash table entries: 512 (order: 2, 16384 bytes)
[    0.155271] NET: Registered protocol family 1
[    0.155544] RPC: Registered named UNIX socket transport module.
[    0.155551] RPC: Registered udp transport module.
[    0.155555] RPC: Registered tcp transport module.
[    0.155559] RPC: Registered tcp NFSv4.1 backchannel transport module.
[    0.155578] PCI: CLS 0 bytes, default 64
[    0.156321] hw perfevents: enabled with armv7_cortex_a9 PMU driver, 7 counters available
[    0.157246] futex hash table entries: 1024 (order: 4, 65536 bytes)
[    0.163146] squashfs: version 4.0 (2009/01/31) Phillip Lougher
[    0.163687] NFS: Registering the id_resolver key type
[    0.163723] Key type id_resolver registered
[    0.163728] Key type id_legacy registered
[    0.163771] ntfs: driver 2.1.32 [Flags: R/O].
[    0.164574] bounce: pool size: 64 pages
[    0.164689] Block layer SCSI generic (bsg) driver version 0.4 loaded (major 249)
[    0.164703] io scheduler noop registered
[    0.164711] io scheduler deadline registered
[    0.164732] io scheduler cfq registered (default)
[    0.169645] tegra30-pinctrl 70000868.pinmux: invalid group "sdmmc3_dat6_pd3" for function "rsvd1"
[    0.169659] tegra30-pinctrl 70000868.pinmux: invalid group "sdmmc3_dat7_pd4" for function "rsvd1"
[    0.169675] tegra30-pinctrl 70000868.pinmux: invalid group "vi_vsync_pd6" for function "rsvd1"
[    0.169686] tegra30-pinctrl 70000868.pinmux: invalid group "vi_hsync_pd7" for function "rsvd1"
[    0.170346] tegra30-pinctrl 70000868.pinmux: invalid group "hdmi_int_pn7" for function "rsvd1"
[    0.170410] tegra30-pinctrl 70000868.pinmux: invalid group "ulpi_data3_po4" for function "rsvd1"
[    0.170942] tegra30-pinctrl 70000868.pinmux: invalid group "vi_d10_pt2" for function "rsvd1"
[    0.170958] tegra30-pinctrl 70000868.pinmux: invalid group "vi_d11_pt3" for function "rsvd1"
[    0.170974] tegra30-pinctrl 70000868.pinmux: invalid group "vi_d0_pt4" for function "rsvd1"
[    0.171036] tegra30-pinctrl 70000868.pinmux: invalid group "pu0" for function "rsvd1"
[    0.171090] tegra30-pinctrl 70000868.pinmux: invalid group "pu3" for function "rsvd1"
[    0.171137] tegra30-pinctrl 70000868.pinmux: invalid group "pu6" for function "rsvd1"
[    0.171202] tegra30-pinctrl 70000868.pinmux: invalid group "pv3" for function "rsvd1"
[    0.171991] tegra30-pinctrl 70000868.pinmux: invalid group "pbb0" for function "rsvd1"
[    0.172177] tegra30-pinctrl 70000868.pinmux: invalid group "pcc1" for function "rsvd1"
[    0.176470] tegra-pcie 3000.pcie-controller: 2x3 configuration
[    0.176583] vdd_1v5_gen: supplied by vdd_5v_in
[    0.176627] vdd_pexa,vdd_pexb: supplied by vdd_1v5_gen
[    0.176730] tegra-pcie 3000.pcie-controller: Failed to get supply 'hvdd-pex': -517
[    0.180548] tegra-apbdma 6000a000.dma: Tegra20 APB DMA driver register 32 channels
[    0.181404] tegra-pmc 7000e400.pmc: i2c-thermtrip node not found, emergency thermal reset disabled.
[    0.213807] Serial: 8250/16550 driver, 4 ports, IRQ sharing disabled
[    0.215406] SuperH (H)SCI(F) driver initialized
[    0.215926] msm_serial: driver initialized
[    0.216549] console [ttyS0] disabled
[    0.216583] 70006000.serial: ttyS0 at MMIO 0x70006000 (irq = 331, base_baud = 25500000) is a Tegra
[    1.143381] console [ttyS0] enabled
[    1.147308] STMicroelectronics ASC driver initialized
[    1.153858] [drm] Initialized drm 1.1.0 20060810
[    1.159927] tegra-hdmi 54280000.hdmi: failed to get HDMI regulator
[    1.171391] loop: module loaded
[    1.179088] m25p80 spi32766.1: w25q32 (4096 Kbytes)
[    1.183979] spi32766.1: 'partitions' subnode not found on /spi@7000da00/spi-flash@1. Trying to parse direct subnodes as partitions.
[    1.197556] CAN device driver interface
[    1.202138] igb: Intel(R) Gigabit Ethernet Network Driver - version 5.3.0-k
[    1.209093] igb: Copyright (c) 2007-2014 Intel Corporation.
[    1.216377] pegasus: v0.9.3 (2013/04/25), Pegasus/Pegasus II USB Ethernet driver
[    1.223812] usbcore: registered new interface driver pegasus
[    1.229499] usbcore: registered new interface driver asix
[    1.234919] usbcore: registered new interface driver ax88179_178a
[    1.241029] usbcore: registered new interface driver cdc_ether
[    1.246891] usbcore: registered new interface driver smsc75xx
[    1.252673] usbcore: registered new interface driver smsc95xx
[    1.258439] usbcore: registered new interface driver net1080
[    1.264117] usbcore: registered new interface driver cdc_subset
[    1.270054] usbcore: registered new interface driver zaurus
[    1.275679] usbcore: registered new interface driver cdc_ncm
[    1.282601] ehci_hcd: USB 2.0 'Enhanced' Host Controller (EHCI) Driver
[    1.289130] ehci-pci: EHCI PCI platform driver
[    1.293596] ehci-platform: EHCI generic platform driver
[    1.298934] ehci-omap: OMAP-EHCI Host Controller driver
[    1.304232] ehci-orion: EHCI orion driver
[    1.308301] SPEAr-ehci: EHCI SPEAr driver
[    1.312383] ehci-st: EHCI STMicroelectronics driver
[    1.317329] ehci-exynos: EHCI EXYNOS driver
[    1.321596] ehci-atmel: EHCI Atmel driver
[    1.325678] tegra-ehci: Tegra EHCI driver
[    1.329998] ohci_hcd: USB 1.1 'Open' Host Controller (OHCI) Driver
[    1.336185] ohci-pci: OHCI PCI platform driver
[    1.340655] ohci-platform: OHCI generic platform driver
[    1.345976] ohci-omap3: OHCI OMAP3 driver
[    1.350058] SPEAr-ohci: OHCI SPEAr driver
[    1.354138] ohci-st: OHCI STMicroelectronics driver
[    1.359085] ohci-atmel: OHCI Atmel driver
[    1.363374] usbcore: registered new interface driver usb-storage
[    1.370278] mousedev: PS/2 mouse device common for all mice
[    1.377918] tegra_rtc 7000e000.rtc: rtc core: registered 7000e000.rtc as rtc1
[    1.385086] tegra_rtc 7000e000.rtc: Tegra internal Real Time Clock
[    1.403815] tps65910-rtc tps65910-rtc: rtc core: registered tps65910-rtc as rtc0
[    1.411401] i2c /dev entries driver
[    1.419746] sdhci: Secure Digital Host Controller Interface driver
[    1.425925] sdhci: Copyright(c) Pierre Ossman
[    1.431152] Synopsys Designware Multimedia Card Interface Driver
[    1.437795] sdhci-pltfm: SDHCI platform and OF driver helper
[    1.443954] sdhci-tegra 78000000.sdhci: Got CD GPIO
[    1.448841] sdhci-tegra 78000000.sdhci: Got WP GPIO
[    1.454849] sdhci-tegra 78000000.sdhci: No vmmc regulator found
[    1.460766] sdhci-tegra 78000000.sdhci: No vqmmc regulator found
[    1.466765] mmc0: Invalid maximum block size, assuming 512 bytes
[    1.508477] mmc0: SDHCI controller on 78000000.sdhci [78000000.sdhci] using ADMA
[    1.519063] sdhci-tegra 78000600.sdhci: No vmmc regulator found
[    1.524984] sdhci-tegra 78000600.sdhci: No vqmmc regulator found
[    1.530982] mmc1: Invalid maximum block size, assuming 512 bytes
[    1.573396] mmc1: SDHCI controller on 78000600.sdhci [78000600.sdhci] using ADMA
[    1.581751] ledtrig-cpu: registered to indicate activity on CPUs
[    1.587889] usbcore: registered new interface driver usbhid
[    1.593456] usbhid: USB HID core driver
[    1.599946] NET: Registered protocol family 10
[    1.604958] sit: IPv6 over IPv4 tunneling driver
[    1.609992] NET: Registered protocol family 17
[    1.614449] can: controller area network core (rev 20120528 abi 9)
[    1.620664] NET: Registered protocol family 29
[    1.625109] can: raw protocol (rev 20120528)
[    1.629379] can: broadcast manager protocol (rev 20120528 t)
[    1.635037] can: netlink gateway (rev 20130117) max_hops=1
[    1.640805] Key type dns_resolver registered
[    1.645489] ThumbEE CPU extension supported.
[    1.649772] Registering SWP/SWPB emulation handler
[    1.657634] mmc1: new high speed MMC card at address 0001
[    1.664638] mmcblk0: mmc1:0001 SEM16G 14.8 GiB 
[    1.670081] mmcblk0boot0: mmc1:0001 SEM16G partition 1 1.00 MiB
[    1.676949] mmcblk0boot1: mmc1:0001 SEM16G partition 2 1.00 MiB
[    1.683853] mmcblk0rpmb: mmc1:0001 SEM16G partition 3 128 KiB
[    1.693984] tegra-pcie 3000.pcie-controller: 2x3 configuration
[    1.696093] Primary GPT is invalid, using alternate GPT.
[    1.696109]  mmcblk0: p1 p2 p3 p4 p5
[    1.708856] sys_3v3,vdd_3v3_alw: supplied by vdd_5v_in
[    1.714012] sys_3v3_pexs: supplied by sys_3v3,vdd_3v3_alw
[    1.721924] tegra-pcie 3000.pcie-controller: probing port 0, using 2 lanes
[    1.787052] tegra-pcie 3000.pcie-controller: probing port 2, using 2 lanes
[    2.197695] tegra-pcie 3000.pcie-controller: link 2 down, retrying
[    2.607651] tegra-pcie 3000.pcie-controller: link 2 down, retrying
[    3.017581] tegra-pcie 3000.pcie-controller: link 2 down, retrying
[    3.025768] tegra-pcie 3000.pcie-controller: link 2 down, ignoring
[    3.032063] tegra-pcie 3000.pcie-controller: PCI host bridge to bus 0000:00
[    3.039023] pci_bus 0000:00: root bus resource [mem 0x20000000-0x27ffffff]
[    3.045889] pci_bus 0000:00: root bus resource [mem 0x28000000-0x3fffffff pref]
[    3.053188] pci_bus 0000:00: root bus resource [bus 00-ff]
[    3.058666] pci_bus 0000:00: root bus resource [io  0x1000-0xffff]
[    3.064858] pci 0000:00:01.0: [10de:0e1c] type 01 class 0x060400
[    3.070915] pci 0000:00:01.0: PME# supported from D0 D1 D2 D3hot D3cold
[    3.077673] PCI: bus0: Fast back to back transfers disabled
[    3.083244] pci 0000:00:01.0: bridge configuration invalid ([bus 00-00]), reconfiguring
[    3.091334] pci 0000:01:00.0: [10ec:8168] type 00 class 0x020000
[    3.097364] pci 0000:01:00.0: reg 0x10: [io  0x0000-0x00ff]
[    3.102943] pci 0000:01:00.0: reg 0x18: [mem 0x00000000-0x00000fff 64bit pref]
[    3.110163] pci 0000:01:00.0: reg 0x20: [mem 0x00000000-0x00003fff 64bit pref]
[    3.117436] pci 0000:01:00.0: supports D1 D2
[    3.121703] pci 0000:01:00.0: PME# supported from D0 D1 D2 D3hot D3cold
[    3.138415] PCI: bus1: Fast back to back transfers disabled
[    3.143984] pci_bus 0000:01: busn_res: [bus 01-ff] end is updated to 01
[    3.150647] pci 0000:00:01.0: BAR 9: assigned [mem 0x28000000-0x280fffff 64bit pref]
[    3.158387] pci 0000:00:01.0: BAR 7: assigned [io  0x1000-0x1fff]
[    3.164476] pci 0000:01:00.0: BAR 4: assigned [mem 0x28000000-0x28003fff 64bit pref]
[    3.172217] pci 0000:01:00.0: BAR 2: assigned [mem 0x28004000-0x28004fff 64bit pref]
[    3.179957] pci 0000:01:00.0: BAR 0: assigned [io  0x1000-0x10ff]
[    3.186044] pci 0000:00:01.0: PCI bridge to [bus 01]
[    3.191002] pci 0000:00:01.0:   bridge window [io  0x1000-0x1fff]
[    3.197087] pci 0000:00:01.0:   bridge window [mem 0x28000000-0x280fffff 64bit pref]
[    3.204833] pci 0000:00:01.0: nv_msi_ht_cap_quirk didn't locate host bridge
[    3.211883] pcieport 0000:00:01.0: enabling device (0140 -> 0143)
[    3.218117] pcieport 0000:00:01.0: Signaling PME through PCIe PME interrupt
[    3.225072] pci 0000:01:00.0: Signaling PME through PCIe PME interrupt
[    3.231591] pcie_pme 0000:00:01.0:pcie01: service driver pcie_pme loaded
[    3.238459] r8169 Gigabit Ethernet driver 2.3LK-NAPI loaded
[    3.244040] r8169 0000:01:00.0: enabling device (0140 -> 0143)
[    3.250764] r8169 0000:01:00.0 eth0: RTL8168evl/8111evl at 0xf08d6000, 02:04:4b:01:60:a6, XID 0c900800 IRQ 375
[    3.260763] r8169 0000:01:00.0 eth0: jumbo features [frames: 9200 bytes, tx checksumming: ko]
[    3.270032] +VDD_5V_HDMI: supplied by sys_3v3,vdd_3v3_alw
[    3.275536] vdd_1v8_gen: supplied by vdd_5v_in
[    3.283712] [drm] Supports vblank timestamp caching Rev 2 (21.10.2013).
[    3.290320] [drm] No driver support for vblank timestamp query.
[    3.296257] drm drm: No connectors reported connected with modes
[    3.302262] [drm] Cannot find any crtc or sizes - going 1024x768
[    3.329831] Console: switching to colour frame buffer device 128x48
[    3.342137] drm drm: fb0:  frame buffer device
[    3.358401] [drm] Initialized tegra 0.0.0 20120330 on minor 0
[    3.366861] usb3_vbus: supplied by vdd_5v_in
[    3.373220] utmi_phy_clk_enable: timeout waiting for phy to stabilize
[    3.379686] tegra-ehci 7d004000.usb: EHCI Host Controller
[    3.385096] tegra-ehci 7d004000.usb: new USB bus registered, assigned bus number 1
[    3.393779] tegra-ehci 7d004000.usb: irq 343, io mem 0x7d004000
[    3.408405] tegra-ehci 7d004000.usb: USB 2.0 started, EHCI 1.00
[    3.415272] hub 1-0:1.0: USB hub found
[    3.419054] hub 1-0:1.0: 1 port detected
[    3.423906] tegra-ehci 7d008000.usb: EHCI Host Controller
[    3.429324] tegra-ehci 7d008000.usb: new USB bus registered, assigned bus number 2
[    3.437101] tegra-ehci 7d008000.usb: irq 344, io mem 0x7d008000
[    3.448404] tegra-ehci 7d008000.usb: USB 2.0 started, EHCI 1.00
[    3.455180] hub 2-0:1.0: USB hub found
[    3.458954] hub 2-0:1.0: 1 port detected
[    3.469925] tps65910-rtc tps65910-rtc: setting system clock to 2000-01-01 00:00:02 UTC (946684802)
[    3.483902] vdd_sata,avdd_plle: disabling
[    3.488694] usb1_vbus: disabling
[    3.494673] EXT4-fs (mmcblk0p1): mounting ext3 file system using the ext4 subsystem
[    3.513273] EXT4-fs (mmcblk0p1): warning: mounting fs with errors, running e2fsck is recommended
[    3.524706] EXT4-fs (mmcblk0p1): recovery complete
[    3.529510] EXT4-fs (mmcblk0p1): mounted filesystem with ordered data mode. Opts: (null)
[    3.537623] VFS: Mounted root (ext3 filesystem) on device 179:1.
[    3.555397] devtmpfs: mounted
[    3.559407] Freeing unused kernel memory: 1040K (c0d94000 - c0e98000)
bash: cannot set terminal process group (-1): Inappropriate ioctl for device
bash: no job control in this shell
root@(none):/# [    3.768415] usb 2-1: new high-speed USB device number 2 using tegra-ehci
mount -t sysfs none /sys
root@(none):/# 
root@(none):/# [    4.706978] asix 2-1:1.0 eth1: register 'asix' at usb-7d008000.usb-1, ASIX AX88772 USB 2.0 Ethernet, 00:50:b6:0f:67:60
mount -t debugfs none /sys/kernel/debug
root@(none):/# 
root@(none):/# rtcwake -d rtc1 -m mem -s 3
rtcwake: wakeup from "mem" using /dev/rtc1 at Thu Jan  1 00:00:21 1970
[    6.570776] PM: Syncing filesystems ... done.
[    6.584116] Freezing user space processes ... (elapsed 0.001 seconds) done.
[    6.592196] Freezing remaining freezable tasks ... (elapsed 0.001 seconds) done.
[    6.600765] Suspending console(s) (use no_console_suspend to debug)
[    6.647807] PM: suspend of devices complete after 39.677 msecs
[    6.648801] PM: late suspend of devices complete after 0.985 msecs
[    6.664095] PM: noirq suspend of devices complete after 15.286 msecs
[    6.664098] Disabling non-boot CPUs ...
[    6.664804] CPU1: shutdown
[    6.689679] CPU2: shutdown
[    6.704331] CPU3: shutdown
[    6.718872] Entering suspend state LP1
[    6.718883] Enabling non-boot CPUs ...
[    6.744386] CPU1 is up
[    6.769507] CPU2 is up
[    6.794635] CPU3 is up
[    6.795430] pcieport 0000:00:01.0: nv_msi_ht_cap_quirk didn't locate host bridge
[    6.808523] PM: noirq resume of devices complete after 13.881 msecs
[    6.812010] PM: early resume of devices complete after 3.258 msecs
[    6.966730] PM: resume of devices complete after 154.713 msecs
[    7.037717] Restarting tasks ... done.
root@(none):/# 
root@(none):/# 