
U-Boot SPL 2014.01-00219-gc4d376f (Feb 18 2014 - 19:57:18)


U-Boot 2014.01-00219-gc4d376f (Feb 18 2014 - 19:57:18)

TEGRA30
Board: NVIDIA Beaver
I2C:   ready
DRAM:  2 GiB
MMC:   Tegra SD/MMC: 0, Tegra SD/MMC: 1
In:    serial
Out:   serial
Err:   serial
Net:   Net Initialization Skipped
No ethernet found.
Hit any key to stop autoboot:  2  0 
Tegra30 (Beaver) # 
Tegra30 (Beaver) # usb reset
(Re)start USB...
USB0:   USB EHCI 1.00
scanning bus 0 for devices... 2 USB Device(s) found
       scanning usb for storage devices... 0 Storage Device(s) found
       scanning usb for ethernet devices... 
Warning: asx0 using MAC address from net device
1 Ethernet Device(s) found
Tegra30 (Beaver) # setenv bootargs 'ignore_loglevel console=ttyS0,115200n8 rw root=/dev/mmcblk0p1 rootwait gpt debug init=/bin/bash noinitrd'
Tegra30 (Beaver) # setenv ipaddr 192.168.100.101; setenv serverip 192.168.100.1; setenv tftpserverip 192.168.100.1
Tegra30 (Beaver) # tftpboot 0x81000000 zImage.multi_v7_defconfig
Using asx0 device
TFTP from server 192.168.100.1; our IP address is 192.168.100.101
Filename 'zImage.multi_v7_defconfig'.
Load address: 0x81000000
Loading: *#################################################################
	 #################################################################
	 #################################################################
	 #################################################################
	 #################################################################
	 #################################################################
	 #################################################
	 3.4 MiB/s
done
Bytes transferred = 6437056 (6238c0 hex)
Tegra30 (Beaver) # tftpboot 0x82000000 tegra30-beaver.dtb
Using asx0 device
TFTP from server 192.168.100.1; our IP address is 192.168.100.101
Filename 'tegra30-beaver.dtb'.
Load address: 0x82000000
Loading: *####
	 3.1 MiB/s
done
Bytes transferred = 51539 (c953 hex)
Tegra30 (Beaver) # bootz 0x81000000 - 0x82000000
Kernel image @ 0x81000000 [ 0x000000 - 0x6238c0 ]
## Flattened Device Tree blob at 82000000
   Booting using the fdt blob at 0x82000000
   Loading Device Tree to 8fff0000, end 8ffff952 ... OK

Starting kernel ...

[    0.000000] Booting Linux on physical CPU 0x0
[    0.000000] Linux version 4.2.0-next-20150901-40358-g80b0ee7 (pwalmsley@sellafield) (gcc version 4.7.3 20130328 (prerelease) (crosstool-NG linaro-1.13.1-4.7-2013.04-20130415 - Linaro GCC 2013.04) ) #1 SMP Mon Sep 7 12:56:26 PDT 2015
[    0.000000] CPU: ARMv7 Processor [412fc099] revision 9 (ARMv7), cr=10c5387d
[    0.000000] CPU: PIPT / VIPT nonaliasing data cache, VIPT aliasing instruction cache
[    0.000000] Machine model: NVIDIA Tegra30 Beaver evaluation board
[    0.000000] debug: ignoring loglevel setting.
[    0.000000] cma: Reserved 64 MiB at 0xfb800000
[    0.000000] Memory policy: Data cache writealloc
[    0.000000] On node 0 totalpages: 524032
[    0.000000] free_area_init_node: node 0, pgdat c0f7f3c0, node_mem_map ee7f8000
[    0.000000]   DMA zone: 1520 pages used for memmap
[    0.000000]   DMA zone: 0 pages reserved
[    0.000000]   DMA zone: 194560 pages, LIFO batch:31
[    0.000000]   HighMem zone: 329472 pages, LIFO batch:31
[    0.000000] PERCPU: Embedded 12 pages/cpu @ee793000 s19200 r8192 d21760 u49152
[    0.000000] pcpu-alloc: s19200 r8192 d21760 u49152 alloc=12*4096
[    0.000000] pcpu-alloc: [0] 0 [0] 1 [0] 2 [0] 3 
[    0.000000] Built 1 zonelists in Zone order, mobility grouping on.  Total pages: 522512
[    0.000000] Kernel command line: ignore_loglevel console=ttyS0,115200n8 rw root=/dev/mmcblk0p1 rootwait gpt debug init=/bin/bash noinitrd
[    0.000000] PID hash table entries: 4096 (order: 2, 16384 bytes)
[    0.000000] Dentry cache hash table entries: 131072 (order: 7, 524288 bytes)
[    0.000000] Inode-cache hash table entries: 65536 (order: 6, 262144 bytes)
[    0.000000] Memory: 1998780K/2096128K available (8123K kernel code, 1012K rwdata, 3628K rodata, 1028K init, 340K bss, 31812K reserved, 65536K cma-reserved, 1252352K highmem)
[    0.000000] Virtual kernel memory layout:
[    0.000000]     vector  : 0xffff0000 - 0xffff1000   (   4 kB)
[    0.000000]     fixmap  : 0xffc00000 - 0xfff00000   (3072 kB)
[    0.000000]     vmalloc : 0xf0000000 - 0xff000000   ( 240 MB)
[    0.000000]     lowmem  : 0xc0000000 - 0xef800000   ( 760 MB)
[    0.000000]     pkmap   : 0xbfe00000 - 0xc0000000   (   2 MB)
[    0.000000]     modules : 0xbf000000 - 0xbfe00000   (  14 MB)
[    0.000000]       .text : 0xc0208000 - 0xc0d82f38   (11756 kB)
[    0.000000]       .init : 0xc0d83000 - 0xc0e84000   (1028 kB)
[    0.000000]       .data : 0xc0e84000 - 0xc0f813a0   (1013 kB)
[    0.000000]        .bss : 0xc0f84000 - 0xc0fd92e8   ( 341 kB)
[    0.000000] SLUB: HWalign=64, Order=0-3, MinObjects=0, CPUs=4, Nodes=1
[    0.000000] Hierarchical RCU implementation.
[    0.000000] 	Build-time adjustment of leaf fanout to 32.
[    0.000000] 	RCU restricting CPUs from NR_CPUS=16 to nr_cpu_ids=4.
[    0.000000] RCU: Adjusting geometry for rcu_fanout_leaf=32, nr_cpu_ids=4
[    0.000000] NR_IRQS:16 nr_irqs:16 16
[    0.000000] /interrupt-controller@60004000: 160 interrupts forwarded to /interrupt-controller@50041000
[    0.000000] L2C: platform modifies aux control register: 0x02080000 -> 0x3e480001
[    0.000000] L2C: DT/platform modifies aux control register: 0x02080000 -> 0x3e480001
[    0.000000] L2C-310 erratum 769419 enabled
[    0.000000] L2C-310 enabling early BRESP for Cortex-A9
[    0.000000] L2C-310: enabling full line of zeros but not enabled in Cortex-A9
[    0.000000] L2C-310 dynamic clock gating enabled, standby mode enabled
[    0.000000] L2C-310 cache controller enabled, 8 ways, 1024 kB
[    0.000000] L2C-310: CACHE_ID 0x410000c7, AUX_CTRL 0x4e480001
[    0.000013] sched_clock: 32 bits at 1000kHz, resolution 1000ns, wraps every 2147483647500ns
[    0.000031] clocksource: timer_us: mask: 0xffffffff max_cycles: 0xffffffff, max_idle_ns: 1911260446275 ns
[    0.000040] Switching to timer-based delay loop, resolution 1000ns
[    0.002479] Console: colour dummy device 80x30
[    0.002503] Calibrating delay loop (skipped), value calculated using timer frequency.. 2.00 BogoMIPS (lpj=5000)
[    0.002512] pid_max: default: 32768 minimum: 301
[    0.002597] Mount-cache hash table entries: 2048 (order: 1, 8192 bytes)
[    0.002604] Mountpoint-cache hash table entries: 2048 (order: 1, 8192 bytes)
[    0.003017] CPU: Testing write buffer coherency: ok
[    0.003309] CPU0: thread -1, cpu 0, socket 0, mpidr 80000000
[    0.003375] Setting up static identity map for 0x80209000 - 0x80209098
[    0.005689] Tegra Revision: A03 SKU: 128 CPU Process: 4 SoC Process: 0
[    0.006883] CPU1: thread -1, cpu 1, socket 0, mpidr 80000001
[    0.007522] CPU2: thread -1, cpu 2, socket 0, mpidr 80000002
[    0.008151] CPU3: thread -1, cpu 3, socket 0, mpidr 80000003
[    0.008188] Brought up 4 CPUs
[    0.008202] SMP: Total of 4 processors activated (8.00 BogoMIPS).
[    0.008207] CPU: All CPU(s) started in SVC mode.
[    0.008785] devtmpfs: initialized
[    0.017005] VFP support v0.3: implementor 41 architecture 3 part 30 variant 9 rev 4
[    0.017714] clocksource: jiffies: mask: 0xffffffff max_cycles: 0xffffffff, max_idle_ns: 9556302231375000 ns
[    0.021270] pinctrl core: initialized pinctrl subsystem
[    0.022781] NET: Registered protocol family 16
[    0.024958] DMA: preallocated 256 KiB pool for atomic coherent allocations
[    0.039940] cpuidle: using governor ladder
[    0.054932] cpuidle: using governor menu
[    0.058309] gpiochip_add: GPIOs 0..255 (tegra-gpio) failed to register
[    0.062256] No ATAGs?
[    0.062289] hw-breakpoint: found 5 (+1 reserved) breakpoint and 1 watchpoint registers.
[    0.062296] hw-breakpoint: maximum watchpoint size is 4 bytes.
[    0.064906] Serial: AMBA PL011 UART driver
[    0.065915] tegra-mc 7000f000.memory-controller: no memory timings for RAM code 3 registered
[    0.089622] vgaarb: loaded
[    0.090121] SCSI subsystem initialized
[    0.090239] libata version 3.00 loaded.
[    0.090449] usbcore: registered new interface driver usbfs
[    0.090487] usbcore: registered new interface driver hub
[    0.090522] usbcore: registered new device driver usb
[    0.146711] pps_core: LinuxPPS API ver. 1 registered
[    0.146719] pps_core: Software ver. 5.3.6 - Copyright 2005-2007 Rodolfo Giometti <giometti@linux.it>
[    0.146735] PTP clock support registered
[    0.146894] EDAC MC: Ver: 3.0.0
[    0.148498] clocksource: Switched to clocksource timer_us
[    0.154482] NET: Registered protocol family 2
[    0.154886] TCP established hash table entries: 8192 (order: 3, 32768 bytes)
[    0.154943] TCP bind hash table entries: 8192 (order: 4, 65536 bytes)
[    0.155026] TCP: Hash tables configured (established 8192 bind 8192)
[    0.155103] UDP hash table entries: 512 (order: 2, 16384 bytes)
[    0.155160] UDP-Lite hash table entries: 512 (order: 2, 16384 bytes)
[    0.155333] NET: Registered protocol family 1
[    0.155623] RPC: Registered named UNIX socket transport module.
[    0.155631] RPC: Registered udp transport module.
[    0.155635] RPC: Registered tcp transport module.
[    0.155639] RPC: Registered tcp NFSv4.1 backchannel transport module.
[    0.155657] PCI: CLS 0 bytes, default 64
[    0.156405] hw perfevents: enabled with armv7_cortex_a9 PMU driver, 7 counters available
[    0.157331] futex hash table entries: 1024 (order: 4, 65536 bytes)
[    0.163212] squashfs: version 4.0 (2009/01/31) Phillip Lougher
[    0.163743] NFS: Registering the id_resolver key type
[    0.163783] Key type id_resolver registered
[    0.163788] Key type id_legacy registered
[    0.163833] ntfs: driver 2.1.32 [Flags: R/O].
[    0.164644] bounce: pool size: 64 pages
[    0.164767] Block layer SCSI generic (bsg) driver version 0.4 loaded (major 249)
[    0.164781] io scheduler noop registered
[    0.164789] io scheduler deadline registered
[    0.164811] io scheduler cfq registered (default)
[    0.169753] tegra30-pinctrl 70000868.pinmux: invalid group "sdmmc3_dat6_pd3" for function "rsvd1"
[    0.169767] tegra30-pinctrl 70000868.pinmux: invalid group "sdmmc3_dat7_pd4" for function "rsvd1"
[    0.169782] tegra30-pinctrl 70000868.pinmux: invalid group "vi_vsync_pd6" for function "rsvd1"
[    0.169792] tegra30-pinctrl 70000868.pinmux: invalid group "vi_hsync_pd7" for function "rsvd1"
[    0.170242] tegra30-pinctrl 70000868.pinmux: invalid group "hdmi_int_pn7" for function "rsvd1"
[    0.170285] tegra30-pinctrl 70000868.pinmux: invalid group "ulpi_data3_po4" for function "rsvd1"
[    0.170612] tegra30-pinctrl 70000868.pinmux: invalid group "vi_d10_pt2" for function "rsvd1"
[    0.170625] tegra30-pinctrl 70000868.pinmux: invalid group "vi_d11_pt3" for function "rsvd1"
[    0.170637] tegra30-pinctrl 70000868.pinmux: invalid group "vi_d0_pt4" for function "rsvd1"
[    0.170677] tegra30-pinctrl 70000868.pinmux: invalid group "pu0" for function "rsvd1"
[    0.170707] tegra30-pinctrl 70000868.pinmux: invalid group "pu3" for function "rsvd1"
[    0.170737] tegra30-pinctrl 70000868.pinmux: invalid group "pu6" for function "rsvd1"
[    0.170776] tegra30-pinctrl 70000868.pinmux: invalid group "pv3" for function "rsvd1"
[    0.171248] tegra30-pinctrl 70000868.pinmux: invalid group "pbb0" for function "rsvd1"
[    0.171366] tegra30-pinctrl 70000868.pinmux: invalid group "pcc1" for function "rsvd1"
[    0.175530] tegra-pcie 3000.pcie-controller: 2x3 configuration
[    0.175637] vdd_1v5_gen: supplied by vdd_5v_in
[    0.175679] vdd_pexa,vdd_pexb: supplied by vdd_1v5_gen
[    0.175772] tegra-pcie 3000.pcie-controller: Failed to get supply 'hvdd-pex': -517
[    0.179577] tegra-apbdma 6000a000.dma: Tegra20 APB DMA driver register 32 channels
[    0.180462] tegra-pmc 7000e400.pmc: i2c-thermtrip node not found, emergency thermal reset disabled.
[    0.212592] Serial: 8250/16550 driver, 4 ports, IRQ sharing disabled
[    0.214249] SuperH (H)SCI(F) driver initialized
[    0.214784] msm_serial: driver initialized
[    0.215417] console [ttyS0] disabled
[    0.215453] 70006000.serial: ttyS0 at MMIO 0x70006000 (irq = 75, base_baud = 25500000) is a Tegra
[    1.093460] console [ttyS0] enabled
[    1.097404] STMicroelectronics ASC driver initialized
[    1.103986] [drm] Initialized drm 1.1.0 20060810
[    1.110096] +VDD_5V_HDMI: supplied by regulator-dummy
[    1.115230] vdd_1v8_gen: supplied by vdd_5v_in
[    1.119749] tegra-hdmi 54280000.hdmi: failed to get VDD regulator
[    1.131055] loop: module loaded
[    1.138533] m25p80 spi32766.1: w25q32 (4096 Kbytes)
[    1.145226] CAN device driver interface
[    1.149816] igb: Intel(R) Gigabit Ethernet Network Driver - version 5.3.0-k
[    1.156771] igb: Copyright (c) 2007-2014 Intel Corporation.
[    1.163992] pegasus: v0.9.3 (2013/04/25), Pegasus/Pegasus II USB Ethernet driver
[    1.171427] usbcore: registered new interface driver pegasus
[    1.177122] usbcore: registered new interface driver asix
[    1.182542] usbcore: registered new interface driver ax88179_178a
[    1.188655] usbcore: registered new interface driver cdc_ether
[    1.194516] usbcore: registered new interface driver smsc75xx
[    1.200290] usbcore: registered new interface driver smsc95xx
[    1.206054] usbcore: registered new interface driver net1080
[    1.211733] usbcore: registered new interface driver cdc_subset
[    1.217676] usbcore: registered new interface driver zaurus
[    1.223309] usbcore: registered new interface driver cdc_ncm
[    1.230463] ehci_hcd: USB 2.0 'Enhanced' Host Controller (EHCI) Driver
[    1.236996] ehci-pci: EHCI PCI platform driver
[    1.241467] ehci-platform: EHCI generic platform driver
[    1.246811] ehci-omap: OMAP-EHCI Host Controller driver
[    1.252111] ehci-orion: EHCI orion driver
[    1.256196] SPEAr-ehci: EHCI SPEAr driver
[    1.260288] ehci-st: EHCI STMicroelectronics driver
[    1.265240] ehci-exynos: EHCI EXYNOS driver
[    1.269509] ehci-atmel: EHCI Atmel driver
[    1.273590] tegra-ehci: Tegra EHCI driver
[    1.277902] ohci_hcd: USB 1.1 'Open' Host Controller (OHCI) Driver
[    1.284088] ohci-pci: OHCI PCI platform driver
[    1.288559] ohci-platform: OHCI generic platform driver
[    1.293877] ohci-omap3: OHCI OMAP3 driver
[    1.297950] SPEAr-ohci: OHCI SPEAr driver
[    1.302034] ohci-st: OHCI STMicroelectronics driver
[    1.306984] ohci-atmel: OHCI Atmel driver
[    1.311115] usbcore: registered new interface driver usb-storage
[    1.317985] mousedev: PS/2 mouse device common for all mice
[    1.325697] tegra_rtc 7000e000.rtc: rtc core: registered 7000e000.rtc as rtc1
[    1.332858] tegra_rtc 7000e000.rtc: Tegra internal Real Time Clock
[    1.351570] tps65910-rtc tps65910-rtc: rtc core: registered tps65910-rtc as rtc0
[    1.359162] i2c /dev entries driver
[    1.367649] sdhci: Secure Digital Host Controller Interface driver
[    1.373830] sdhci: Copyright(c) Pierre Ossman
[    1.379106] Synopsys Designware Multimedia Card Interface Driver
[    1.385746] sdhci-pltfm: SDHCI platform and OF driver helper
[    1.393095] sdhci-tegra 78000600.sdhci: No vmmc regulator found
[    1.399022] sdhci-tegra 78000600.sdhci: No vqmmc regulator found
[    1.405023] mmc0: Invalid maximum block size, assuming 512 bytes
[    1.443509] mmc0: SDHCI controller on 78000600.sdhci [78000600.sdhci] using ADMA
[    1.451746] ledtrig-cpu: registered to indicate activity on CPUs
[    1.457970] usbcore: registered new interface driver usbhid
[    1.463537] usbhid: USB HID core driver
[    1.472062] NET: Registered protocol family 10
[    1.479121] sit: IPv6 over IPv4 tunneling driver
[    1.484198] NET: Registered protocol family 17
[    1.488661] can: controller area network core (rev 20120528 abi 9)
[    1.496883] NET: Registered protocol family 29
[    1.501334] can: raw protocol (rev 20120528)
[    1.507608] can: broadcast manager protocol (rev 20120528 t)
[    1.513275] can: netlink gateway (rev 20130117) max_hops=1
[    1.521046] Key type dns_resolver registered
[    1.525716] ThumbEE CPU extension supported.
[    1.532003] Registering SWP/SWPB emulation handler
[    1.555119] tegra-pcie 3000.pcie-controller: 2x3 configuration
[    1.561084] sys_3v3,vdd_3v3_alw: supplied by vdd_5v_in
[    1.566260] sys_3v3_pexs: supplied by sys_3v3,vdd_3v3_alw
[    1.574891] tegra-pcie 3000.pcie-controller: probing port 0, using 2 lanes
[    1.613867] mmc0: new high speed MMC card at address 0001
[    1.620486] mmcblk0: mmc0:0001 SEM16G 14.8 GiB 
[    1.626329] mmcblk0boot0: mmc0:0001 SEM16G partition 1 1.00 MiB
[    1.633206] mmcblk0boot1: mmc0:0001 SEM16G partition 2 1.00 MiB
[    1.639655] mmcblk0rpmb: mmc0:0001 SEM16G partition 3 128 KiB
[    1.640088] tegra-pcie 3000.pcie-controller: probing port 2, using 2 lanes
[    1.657328] Primary GPT is invalid, using alternate GPT.
[    1.662651]  mmcblk0: p1 p2 p3 p4 p5
[    2.044015] tegra-pcie 3000.pcie-controller: link 2 down, retrying
[    2.454072] tegra-pcie 3000.pcie-controller: link 2 down, retrying
[    2.864126] tegra-pcie 3000.pcie-controller: link 2 down, retrying
[    2.872315] tegra-pcie 3000.pcie-controller: link 2 down, ignoring
[    2.878628] tegra-pcie 3000.pcie-controller: PCI host bridge to bus 0000:00
[    2.885589] pci_bus 0000:00: root bus resource [mem 0x20000000-0x27ffffff]
[    2.892455] pci_bus 0000:00: root bus resource [mem 0x28000000-0x3fffffff pref]
[    2.899754] pci_bus 0000:00: root bus resource [bus 00-ff]
[    2.905231] pci_bus 0000:00: root bus resource [io  0x1000-0xffff]
[    2.911425] pci 0000:00:01.0: [10de:0e1c] type 01 class 0x060400
[    2.917482] pci 0000:00:01.0: PME# supported from D0 D1 D2 D3hot D3cold
[    2.924244] PCI: bus0: Fast back to back transfers disabled
[    2.929815] pci 0000:00:01.0: bridge configuration invalid ([bus 00-00]), reconfiguring
[    2.937874] pci 0000:00:01.0: PCI bridge to [bus 01-ff]
[    2.943097] pci 0000:00:01.0:   bridge window [io  0x0000-0x0fff]
[    2.949214] pci 0000:01:00.0: [10ec:8168] type 00 class 0x020000
[    2.955241] pci 0000:01:00.0: reg 0x10: [io  0x0000-0x00ff]
[    2.960820] pci 0000:01:00.0: reg 0x18: [mem 0x00000000-0x00000fff 64bit pref]
[    2.968039] pci 0000:01:00.0: reg 0x20: [mem 0x00000000-0x00003fff 64bit pref]
[    2.975300] pci 0000:01:00.0: supports D1 D2
[    2.979565] pci 0000:01:00.0: PME# supported from D0 D1 D2 D3hot D3cold
[    2.993524] PCI: bus1: Fast back to back transfers disabled
[    2.999093] pci_bus 0000:01: busn_res: [bus 01-ff] end is updated to 01
[    3.005763] pci 0000:00:01.0: BAR 9: assigned [mem 0x28000000-0x280fffff 64bit pref]
[    3.013501] pci 0000:00:01.0: BAR 7: assigned [io  0x1000-0x1fff]
[    3.019590] pci 0000:01:00.0: BAR 4: assigned [mem 0x28000000-0x28003fff 64bit pref]
[    3.027333] pci 0000:01:00.0: BAR 2: assigned [mem 0x28004000-0x28004fff 64bit pref]
[    3.035073] pci 0000:01:00.0: BAR 0: assigned [io  0x1000-0x10ff]
[    3.041162] pci 0000:00:01.0: PCI bridge to [bus 01]
[    3.046120] pci 0000:00:01.0:   bridge window [io  0x1000-0x1fff]
[    3.052205] pci 0000:00:01.0:   bridge window [mem 0x28000000-0x280fffff 64bit pref]
[    3.059951] pci 0000:00:01.0: nv_msi_ht_cap_quirk didn't locate host bridge
[    3.066996] pcieport 0000:00:01.0: enabling device (0140 -> 0143)
[    3.073221] pcieport 0000:00:01.0: Signaling PME through PCIe PME interrupt
[    3.080178] pci 0000:01:00.0: Signaling PME through PCIe PME interrupt
[    3.086698] pcie_pme 0000:00:01.0:pcie01: service driver pcie_pme loaded
[    3.093571] r8169 Gigabit Ethernet driver 2.3LK-NAPI loaded
[    3.099153] r8169 0000:01:00.0: enabling device (0140 -> 0143)
[    3.105781] r8169 0000:01:00.0 eth0: RTL8168evl/8111evl at 0xf007e000, 02:04:4b:01:60:a6, XID 0c900800 IRQ 375
[    3.115776] r8169 0000:01:00.0 eth0: jumbo features [frames: 9200 bytes, tx checksumming: ko]
[    3.127284] [drm] Supports vblank timestamp caching Rev 2 (21.10.2013).
[    3.133900] [drm] No driver support for vblank timestamp query.
[    3.139845] drm drm: No connectors reported connected with modes
[    3.145858] [drm] Cannot find any crtc or sizes - going 1024x768
[    3.173175] Console: switching to colour frame buffer device 128x48
[    3.185888] drm drm: fb0:  frame buffer device
[    3.203889] [drm] Initialized tegra 0.0.0 20120330 on minor 0
[    3.212309] usb3_vbus: supplied by vdd_5v_in
[    3.218692] utmi_phy_clk_enable: timeout waiting for phy to stabilize
[    3.225149] tegra-ehci 7d004000.usb: EHCI Host Controller
[    3.230557] tegra-ehci 7d004000.usb: new USB bus registered, assigned bus number 1
[    3.238777] tegra-ehci 7d004000.usb: irq 87, io mem 0x7d004000
[    3.253899] tegra-ehci 7d004000.usb: USB 2.0 started, EHCI 1.00
[    3.261119] hub 1-0:1.0: USB hub found
[    3.264888] hub 1-0:1.0: 1 port detected
[    3.269699] tegra-ehci 7d008000.usb: EHCI Host Controller
[    3.275109] tegra-ehci 7d008000.usb: new USB bus registered, assigned bus number 2
[    3.282846] tegra-ehci 7d008000.usb: irq 88, io mem 0x7d008000
[    3.293892] tegra-ehci 7d008000.usb: USB 2.0 started, EHCI 1.00
[    3.301030] hub 2-0:1.0: USB hub found
[    3.304796] hub 2-0:1.0: 1 port detected
[    3.309821] sdhci-tegra 78000000.sdhci: Got CD GPIO
[    3.314710] sdhci-tegra 78000000.sdhci: Got WP GPIO
[    3.320688] sdhci-tegra 78000000.sdhci: No vmmc regulator found
[    3.326602] sdhci-tegra 78000000.sdhci: No vqmmc regulator found
[    3.332601] mmc1: Invalid maximum block size, assuming 512 bytes
[    3.374744] mmc1: SDHCI controller on 78000000.sdhci [78000000.sdhci] using ADMA
[    3.389324] tps65910-rtc tps65910-rtc: setting system clock to 2000-01-01 00:00:02 UTC (946684802)
[    3.403234] vdd_sata,avdd_plle: disabling
[    3.407674] usb1_vbus: disabling
[    3.412945] EXT4-fs (mmcblk0p1): mounting ext3 file system using the ext4 subsystem
[    3.427510] EXT4-fs (mmcblk0p1): warning: mounting fs with errors, running e2fsck is recommended
[    3.437737] EXT4-fs (mmcblk0p1): recovery complete
[    3.442541] EXT4-fs (mmcblk0p1): mounted filesystem with ordered data mode. Opts: (null)
[    3.450648] VFS: Mounted root (ext3 filesystem) on device 179:1.
[    3.459765] devtmpfs: mounted
[    3.463727] Freeing unused kernel memory: 1028K (c0d83000 - c0e84000)
bash: cannot set terminal process group [    3.618533] usb 2-1: new high-speed USB device number 2 using tegra-ehci
(-1): Inappropriate ioctl for device
bash: no job control in this shell
root@(none):/# 