
U-Boot SPL 2014.01-00219-gc4d376f (Feb 18 2014 - 19:57:18)


U-Boot 2014.01-00219-gc4d376f (Feb 18 2014 - 19:57:18)

TEGRA30
Board: NVIDIA Beaver
I2C:   ready
DRAM:  2 GiB
MMC:   Tegra SD/MMC: 0, Tegra SD/MMC: 1
In:    serial
Out:   serial
Err:   serial
Net:   Net Initialization Skipped
No ethernet found.
Hit any key to stop autoboot:  2  0 
Tegra30 (Beaver) # 
Tegra30 (Beaver) # usb reset
(Re)start USB...
USB0:   USB EHCI 1.00
scanning bus 0 for devices... 2 USB Device(s) found
       scanning usb for storage devices... 0 Storage Device(s) found
       scanning usb for ethernet devices... 
Warning: asx0 using MAC address from net device
1 Ethernet Device(s) found
Tegra30 (Beaver) # setenv bootargs 'ignore_loglevel console=ttyS0,115200n8 rw root=PARTUUID=edbe1840-3633-c751-7993-b0ac834f81e0 rootwait gpt debug noinitrd earlyprintk init=/bin/bash'
Tegra30 (Beaver) # setenv ipaddr 192.168.100.101; setenv serverip 192.168.100.1; setenv tftpserverip 192.168.100.1
Tegra30 (Beaver) # tftpboot 0x81000000 zImage.multi_v7_defconfig
Using asx0 device
TFTP from server 192.168.100.1; our IP address is 192.168.100.101
Filename 'zImage.multi_v7_defconfig'.
Load address: 0x81000000
Loading: *#################################################################
	 #################################################################
	 #################################################################
	 #################################################################
	 #################################################################
	 #################################################################
	 #################################################################
	 #################################################################
	 #########################
	 2.8 MiB/s
done
Bytes transferred = 7994648 (79fd18 hex)
Tegra30 (Beaver) # tftpboot 0x82000000 tegra30-beaver.dtb
Using asx0 device
TFTP from server 192.168.100.1; our IP address is 192.168.100.101
Filename 'tegra30-beaver.dtb'.
Load address: 0x82000000
Loading: *####
	 2.7 MiB/s
done
Bytes transferred = 51848 (ca88 hex)
Tegra30 (Beaver) # bootz 0x81000000 - 0x82000000
Kernel image @ 0x81000000 [ 0x000000 - 0x79fd18 ]
## Flattened Device Tree blob at 82000000
   Booting using the fdt blob at 0x82000000
   Loading Device Tree to 8fff0000, end 8ffffa87 ... OK

Starting kernel ...

[    0.000000] Booting Linux on physical CPU 0x0
[    0.000000] Linux version 4.12.0-rc7-next-20170628-183157-g2ee9835 (jonathanh@sellafield) (gcc version 4.7.3 20130328 (prerelease) (crosstool-NG linaro-1.13.1-4.7-2013.04-20130415 - Linaro GCC 2013.04)) #1 SMP Mon Jul 3 13:38:32 PDT 2017
[    0.000000] CPU: ARMv7 Processor [412fc099] revision 9 (ARMv7), cr=10c5387d
[    0.000000] CPU: PIPT / VIPT nonaliasing data cache, VIPT aliasing instruction cache
[    0.000000] OF: fdt: Machine model: NVIDIA Tegra30 Beaver evaluation board
[    0.000000] debug: ignoring loglevel setting.
[    0.000000] Memory policy: Data cache writealloc
[    0.000000] efi: Getting EFI parameters from FDT:
[    0.000000] efi: UEFI not found.
[    0.000000] cma: Reserved 64 MiB at 0xfb800000
[    0.000000] On node 0 totalpages: 524032
[    0.000000] free_area_init_node: node 0, pgdat c157e540, node_mem_map eeff8000
[    0.000000]   DMA zone: 1536 pages used for memmap
[    0.000000]   DMA zone: 0 pages reserved
[    0.000000]   DMA zone: 196608 pages, LIFO batch:31
[    0.000000]   HighMem zone: 327424 pages, LIFO batch:31
[    0.000000] percpu: Embedded 17 pages/cpu @eef87000 s39488 r8192 d21952 u69632
[    0.000000] pcpu-alloc: s39488 r8192 d21952 u69632 alloc=17*4096
[    0.000000] pcpu-alloc: [0] 0 [0] 1 [0] 2 [0] 3 
[    0.000000] Built 1 zonelists in Zone order, mobility grouping on.  Total pages: 522496
[    0.000000] Kernel command line: ignore_loglevel console=ttyS0,115200n8 rw root=PARTUUID=edbe1840-3633-c751-7993-b0ac834f81e0 rootwait gpt debug noinitrd earlyprintk init=/bin/bash
[    0.000000] PID hash table entries: 4096 (order: 2, 16384 bytes)
[    0.000000] Dentry cache hash table entries: 131072 (order: 7, 524288 bytes)
[    0.000000] Inode-cache hash table entries: 65536 (order: 6, 262144 bytes)
[    0.000000] Memory: 1993468K/2096128K available (10240K kernel code, 1560K rwdata, 4440K rodata, 2048K init, 402K bss, 37124K reserved, 65536K cma-reserved, 1244160K highmem)
[    0.000000] Virtual kernel memory layout:
[    0.000000]     vector  : 0xffff0000 - 0xffff1000   (   4 kB)
[    0.000000]     fixmap  : 0xffc00000 - 0xfff00000   (3072 kB)
[    0.000000]     vmalloc : 0xf0800000 - 0xff800000   ( 240 MB)
[    0.000000]     lowmem  : 0xc0000000 - 0xf0000000   ( 768 MB)
[    0.000000]     pkmap   : 0xbfe00000 - 0xc0000000   (   2 MB)
[    0.000000]     modules : 0xbf000000 - 0xbfe00000   (  14 MB)
[    0.000000]       .text : 0xc0208000 - 0xc0d00000   (11232 kB)
[    0.000000]       .init : 0xc1200000 - 0xc1400000   (2048 kB)
[    0.000000]       .data : 0xc1400000 - 0xc15862f0   (1561 kB)
[    0.000000]        .bss : 0xc158fcd4 - 0xc15f457c   ( 403 kB)
[    0.000000] SLUB: HWalign=64, Order=0-3, MinObjects=0, CPUs=4, Nodes=1
[    0.000000] Hierarchical RCU implementation.
[    0.000000] 	RCU event tracing is enabled.
[    0.000000] 	RCU restricting CPUs from NR_CPUS=16 to nr_cpu_ids=4.
[    0.000000] RCU: Adjusting geometry for rcu_fanout_leaf=16, nr_cpu_ids=4
[    0.000000] NR_IRQS: 16, nr_irqs: 16, preallocated irqs: 16
[    0.000000] /interrupt-controller@60004000: 160 interrupts forwarded to /interrupt-controller@50041000
[    0.000000] L2C: platform modifies aux control register: 0x02080000 -> 0x3e480001
[    0.000000] L2C: DT/platform modifies aux control register: 0x02080000 -> 0x3e480001
[    0.000000] L2C-310 erratum 769419 enabled
[    0.000000] L2C-310 enabling early BRESP for Cortex-A9
[    0.000000] L2C-310: enabling full line of zeros but not enabled in Cortex-A9
[    0.000000] L2C-310 dynamic clock gating enabled, standby mode enabled
[    0.000000] L2C-310 cache controller enabled, 8 ways, 1024 kB
[    0.000000] L2C-310: CACHE_ID 0x410000c7, AUX_CTRL 0x4e480001
[    0.000013] sched_clock: 32 bits at 1000kHz, resolution 1000ns, wraps every 2147483647500ns
[    0.000030] clocksource: timer_us: mask: 0xffffffff max_cycles: 0xffffffff, max_idle_ns: 1911260446275 ns
[    0.000038] Switching to timer-based delay loop, resolution 1000ns
[    0.002987] Console: colour dummy device 80x30
[    0.003017] Calibrating delay loop (skipped), value calculated using timer frequency.. 2.00 BogoMIPS (lpj=10000)
[    0.003027] pid_max: default: 32768 minimum: 301
[    0.003098] Mount-cache hash table entries: 2048 (order: 1, 8192 bytes)
[    0.003107] Mountpoint-cache hash table entries: 2048 (order: 1, 8192 bytes)
[    0.003470] CPU: Testing write buffer coherency: ok
[    0.003781] CPU0: thread -1, cpu 0, socket 0, mpidr 80000000
[    0.004001] Setting up static identity map for 0x80300000 - 0x803000a0
[    0.005325] Hierarchical SRCU implementation.
[    0.006649] Tegra Revision: A03 SKU: 128 CPU Process: 4 SoC Process: 0
[    0.007221] EFI services will not be available.
[    0.007321] smp: Bringing up secondary CPUs ...
[    0.010377] CPU1: thread -1, cpu 1, socket 0, mpidr 80000001
[    0.020356] CPU2: thread -1, cpu 2, socket 0, mpidr 80000002
[    0.030341] CPU3: thread -1, cpu 3, socket 0, mpidr 80000003
[    0.030388] smp: Brought up 1 node, 4 CPUs
[    0.030400] SMP: Total of 4 processors activated (8.00 BogoMIPS).
[    0.030405] CPU: All CPU(s) started in SVC mode.
[    0.031106] devtmpfs: initialized
[    0.039612] VFP support v0.3: implementor 41 architecture 3 part 30 variant 9 rev 4
[    0.040084] clocksource: jiffies: mask: 0xffffffff max_cycles: 0xffffffff, max_idle_ns: 19112604462750000 ns
[    0.040103] futex hash table entries: 1024 (order: 4, 65536 bytes)
[    0.043477] pinctrl core: initialized pinctrl subsystem
[    0.044958] DMI not present or invalid.
[    0.045175] random: get_random_u32 called from bucket_table_alloc+0xe8/0x254 with crng_init=0
[    0.045232] NET: Registered protocol family 16
[    0.047761] DMA: preallocated 256 KiB pool for atomic coherent allocations
[    0.049401] cpuidle: using governor menu
[    0.063706] No ATAGs?
[    0.063805] hw-breakpoint: found 5 (+1 reserved) breakpoint and 1 watchpoint registers.
[    0.063814] hw-breakpoint: maximum watchpoint size is 4 bytes.
[    0.068100] Serial: AMBA PL011 UART driver
[    0.068575] tegra-mc 7000f000.memory-controller: no memory timings for RAM code 3 registered
[    0.078106] AT91: Could not find identification node
[    0.078605] vdd_5v_sata: Failed to request enable GPIO30: -517
[    0.078619] reg-fixed-voltage regulators:regulator@3: Failed to register regulator: -517
[    0.078670] usb1_vbus: Failed to request enable GPIO238: -517
[    0.078678] reg-fixed-voltage regulators:regulator@4: Failed to register regulator: -517
[    0.078727] usb3_vbus: Failed to request enable GPIO236: -517
[    0.078734] reg-fixed-voltage regulators:regulator@5: Failed to register regulator: -517
[    0.078843] sys_3v3_pexs: Failed to request enable GPIO95: -517
[    0.078850] reg-fixed-voltage regulators:regulator@7: Failed to register regulator: -517
[    0.080678] vgaarb: loaded
[    0.081149] SCSI subsystem initialized
[    0.081262] libata version 3.00 loaded.
[    0.081410] usbcore: registered new interface driver usbfs
[    0.081442] usbcore: registered new interface driver hub
[    0.081475] usbcore: registered new device driver usb
[    0.088598] vrtc: supplied by vdd_5v_in
[    0.091893] vio: supplied by vdd_5v_in
[    0.101833] vdd1: supplied by vdd_5v_in
[    0.102284] random: fast init done
[    0.103191] vddio_ddr_1v2: Bringing 600000uV into 1200000-1200000uV
[    0.111843] vdd2: supplied by vdd_5v_in
[    0.131826] ldo1: supplied by vdd_1v5_gen
[    0.134218] ldo2: supplied by vdd_1v5_gen
[    0.134689] vdd_sata,avdd_plle: Bringing 1200000uV into 1050000-1050000uV
[    0.136924] ldo3: supplied by vdd_5v_in
[    0.139291] ldo4: supplied by vdd_5v_in
[    0.141834] ldo5: supplied by vdd_5v_in
[    0.151834] ldo6: supplied by vdd_1v8_gen
[    0.152304] avdd_dsi_csi,pwrdet_mipi: Bringing 1000000uV into 1200000-1200000uV
[    0.154559] ldo7: supplied by vdd_1v8_gen
[    0.161830] ldo8: supplied by vdd_1v8_gen
[    0.171946] pps_core: LinuxPPS API ver. 1 registered
[    0.171953] pps_core: Software ver. 5.3.6 - Copyright 2005-2007 Rodolfo Giometti <giometti@linux.it>
[    0.171967] PTP clock support registered
[    0.172104] EDAC MC: Ver: 3.0.0
[    0.172350] dmi: Firmware registration failed.
[    0.173691] clocksource: Switched to clocksource timer_us
[    0.206162] NET: Registered protocol family 2
[    0.206583] TCP established hash table entries: 8192 (order: 3, 32768 bytes)
[    0.206637] TCP bind hash table entries: 8192 (order: 4, 65536 bytes)
[    0.206723] TCP: Hash tables configured (established 8192 bind 8192)
[    0.206867] UDP hash table entries: 512 (order: 2, 16384 bytes)
[    0.206930] UDP-Lite hash table entries: 512 (order: 2, 16384 bytes)
[    0.207090] NET: Registered protocol family 1
[    0.207438] RPC: Registered named UNIX socket transport module.
[    0.207445] RPC: Registered udp transport module.
[    0.207450] RPC: Registered tcp transport module.
[    0.207454] RPC: Registered tcp NFSv4.1 backchannel transport module.
[    0.207465] PCI: CLS 0 bytes, default 64
[    0.208268] hw perfevents: no interrupt-affinity property for /pmu, guessing.
[    0.208470] hw perfevents: enabled with armv7_cortex_a9 PMU driver, 7 counters available
[    0.209651] workingset: timestamp_bits=30 max_order=19 bucket_order=0
[    0.214529] squashfs: version 4.0 (2009/01/31) Phillip Lougher
[    0.215014] NFS: Registering the id_resolver key type
[    0.215042] Key type id_resolver registered
[    0.215047] Key type id_legacy registered
[    0.215075] ntfs: driver 2.1.32 [Flags: R/O].
[    0.216176] bounce: pool size: 64 pages
[    0.216215] Block layer SCSI generic (bsg) driver version 0.4 loaded (major 248)
[    0.216223] io scheduler noop registered
[    0.216228] io scheduler deadline registered
[    0.216326] io scheduler cfq registered (default)
[    0.216333] io scheduler mq-deadline registered
[    0.216337] io scheduler kyber registered
[    0.223096] tegra30-pinctrl 70000868.pinmux: invalid group "sdmmc3_dat6_pd3" for function "rsvd1"
[    0.223113] tegra30-pinctrl 70000868.pinmux: invalid group "sdmmc3_dat7_pd4" for function "rsvd1"
[    0.223127] tegra30-pinctrl 70000868.pinmux: invalid group "vi_vsync_pd6" for function "rsvd1"
[    0.223136] tegra30-pinctrl 70000868.pinmux: invalid group "vi_hsync_pd7" for function "rsvd1"
[    0.223580] tegra30-pinctrl 70000868.pinmux: invalid group "hdmi_int_pn7" for function "rsvd1"
[    0.223622] tegra30-pinctrl 70000868.pinmux: invalid group "ulpi_data3_po4" for function "rsvd1"
[    0.223992] tegra30-pinctrl 70000868.pinmux: invalid group "vi_d10_pt2" for function "rsvd1"
[    0.224006] tegra30-pinctrl 70000868.pinmux: invalid group "vi_d11_pt3" for function "rsvd1"
[    0.224019] tegra30-pinctrl 70000868.pinmux: invalid group "vi_d0_pt4" for function "rsvd1"
[    0.224059] tegra30-pinctrl 70000868.pinmux: invalid group "pu0" for function "rsvd1"
[    0.224089] tegra30-pinctrl 70000868.pinmux: invalid group "pu3" for function "rsvd1"
[    0.224118] tegra30-pinctrl 70000868.pinmux: invalid group "pu6" for function "rsvd1"
[    0.224158] tegra30-pinctrl 70000868.pinmux: invalid group "pv3" for function "rsvd1"
[    0.224642] tegra30-pinctrl 70000868.pinmux: invalid group "pbb0" for function "rsvd1"
[    0.224753] tegra30-pinctrl 70000868.pinmux: invalid group "pcc1" for function "rsvd1"
[    0.229844] tegra-pcie 3000.pcie: 2x3 configuration
[    0.230000] tegra-pcie 3000.pcie: Failed to get supply 'hvdd-pex': -517
[    0.235693] tegra-apbdma 6000a000.dma: Tegra20 APB DMA driver register 32 channels
[    0.237149] tegra-pmc 7000e400.pmc: i2c-thermtrip node not found, emergency thermal reset disabled.
[    0.270725] Serial: 8250/16550 driver, 4 ports, IRQ sharing disabled
[    0.272826] console [ttyS0] disabled
[    0.272867] 70006000.serial: ttyS0 at MMIO 0x70006000 (irq = 331, base_baud = 25500000) is a Tegra
[    1.318197] console [ttyS0] enabled
[    1.322220] SuperH (H)SCI(F) driver initialized
[    1.327353] msm_serial: driver initialized
[    1.331539] STMicroelectronics ASC driver initialized
[    1.339995] tegra-hdmi 54280000.hdmi: failed to get HDMI regulator
[    1.353767] brd: module loaded
[    1.362037] loop: module loaded
[    1.370735] m25p80 spi32766.1: w25q32 (4096 Kbytes)
[    1.377401] libphy: Fixed MDIO Bus: probed
[    1.382202] CAN device driver interface
[    1.386586] bgmac_bcma: Broadcom 47xx GBit MAC driver loaded
[    1.392950] e1000e: Intel(R) PRO/1000 Network Driver - 3.2.6-k
[    1.398787] e1000e: Copyright(c) 1999 - 2015 Intel Corporation.
[    1.404752] igb: Intel(R) Gigabit Ethernet Network Driver - version 5.4.0-k
[    1.411695] igb: Copyright (c) 2007-2014 Intel Corporation.
[    1.419332] pegasus: v0.9.3 (2013/04/25), Pegasus/Pegasus II USB Ethernet driver
[    1.426774] usbcore: registered new interface driver pegasus
[    1.432443] usbcore: registered new interface driver asix
[    1.437860] usbcore: registered new interface driver ax88179_178a
[    1.443965] usbcore: registered new interface driver cdc_ether
[    1.449815] usbcore: registered new interface driver smsc75xx
[    1.455586] usbcore: registered new interface driver smsc95xx
[    1.461335] usbcore: registered new interface driver net1080
[    1.467006] usbcore: registered new interface driver cdc_subset
[    1.472927] usbcore: registered new interface driver zaurus
[    1.478528] usbcore: registered new interface driver cdc_ncm
[    1.485598] ehci_hcd: USB 2.0 'Enhanced' Host Controller (EHCI) Driver
[    1.492109] ehci-pci: EHCI PCI platform driver
[    1.496585] ehci-platform: EHCI generic platform driver
[    1.501916] ehci-orion: EHCI orion driver
[    1.506012] SPEAr-ehci: EHCI SPEAr driver
[    1.510081] ehci-st: EHCI STMicroelectronics driver
[    1.515029] ehci-exynos: EHCI EXYNOS driver
[    1.519285] ehci-atmel: EHCI Atmel driver
[    1.523352] tegra-ehci: Tegra EHCI driver
[    1.527668] ohci_hcd: USB 1.1 'Open' Host Controller (OHCI) Driver
[    1.533856] ohci-pci: OHCI PCI platform driver
[    1.538315] ohci-platform: OHCI generic platform driver
[    1.543635] SPEAr-ohci: OHCI SPEAr driver
[    1.547718] ohci-st: OHCI STMicroelectronics driver
[    1.552654] ohci-atmel: OHCI Atmel driver
[    1.557095] usbcore: registered new interface driver usb-storage
[    1.565814] tegra_rtc 7000e000.rtc: rtc core: registered 7000e000.rtc as rtc1
[    1.572967] tegra_rtc 7000e000.rtc: Tegra internal Real Time Clock
[    1.591778] tps65910-rtc tps65910-rtc: rtc core: registered tps65910-rtc as rtc0
[    1.599363] i2c /dev entries driver
[    1.610969] sdhci: Secure Digital Host Controller Interface driver
[    1.617158] sdhci: Copyright(c) Pierre Ossman
[    1.622399] Synopsys Designware Multimedia Card Interface Driver
[    1.629133] sdhci-pltfm: SDHCI platform and OF driver helper
[    1.635327] sdhci-tegra 78000000.sdhci: Got CD GPIO
[    1.640201] sdhci-tegra 78000000.sdhci: Got WP GPIO
[    1.653376] mmc0: Invalid maximum block size, assuming 512 bytes
[    1.723776] mmc0: SDHCI controller on 78000000.sdhci [78000000.sdhci] using ADMA
[    1.740125] mmc1: Invalid maximum block size, assuming 512 bytes
[    1.803709] mmc1: SDHCI controller on 78000600.sdhci [78000600.sdhci] using ADMA
[    1.812370] ledtrig-cpu: registered to indicate activity on CPUs
[    1.818735] usbcore: registered new interface driver usbhid
[    1.824317] usbhid: USB HID core driver
[    1.831111] NET: Registered protocol family 10
[    1.836210] Segment Routing with IPv6
[    1.839920] sit: IPv6, IPv4 and MPLS over IPv4 tunneling driver
[    1.846273] NET: Registered protocol family 17
[    1.850710] can: controller area network core (rev 20170425 abi 9)
[    1.856932] NET: Registered protocol family 29
[    1.861362] can: raw protocol (rev 20170425)
[    1.865636] can: broadcast manager protocol (rev 20170425 t)
[    1.871282] can: netlink gateway (rev 20170425) max_hops=1
[    1.877035] Key type dns_resolver registered
[    1.881738] ThumbEE CPU extension supported.
[    1.886017] Registering SWP/SWPB emulation handler
[    1.900502] vdd_ddr: supplied by vdd_5v_in
[    1.905496] vdd_5v_sata: supplied by vdd_5v_in
[    1.910276] usb1_vbus: supplied by vdd_5v_in
[    1.914877] usb3_vbus: supplied by vdd_5v_in
[    1.920381] sys_3v3,vdd_3v3_alw: supplied by vdd_5v_in
[    1.926355] sys_3v3_pexs: supplied by sys_3v3,vdd_3v3_alw
[    1.931882] +VDD_5V_HDMI: supplied by sys_3v3,vdd_3v3_alw
[    1.937959] tegra-pcie 3000.pcie: 2x3 configuration
[    1.943723] mmc1: new high speed MMC card at address 0001
[    1.949897] mmcblk1: mmc1:0001 SEM16G 14.8 GiB 
[    1.955272] mmcblk1boot0: mmc1:0001 SEM16G partition 1 1.00 MiB
[    1.956339] tegra-pcie 3000.pcie: probing port 0, using 2 lanes
[    1.967994] mmcblk1boot1: mmc1:0001 SEM16G partition 2 1.00 MiB
[    1.974508] mmcblk1rpmb: mmc1:0001 SEM16G partition 3 128 KiB
[    1.984705] Primary GPT is invalid, using alternate GPT.
[    1.990020]  mmcblk1: p1 p2 p3 p4 p5
[    2.000716] mmc0: new ultra high speed DDR50 SDHC card at address aaaa
[    2.007940] mmcblk0: mmc0:aaaa SS04G 3.69 GiB 
[    2.014669] tegra-pcie 3000.pcie: probing port 2, using 2 lanes
[    2.033885]  mmcblk0: p1 p2 p3
[    2.424483] tegra-pcie 3000.pcie: link 2 down, retrying
[    2.833548] tegra-pcie 3000.pcie: link 2 down, retrying
[    3.242242] tegra-pcie 3000.pcie: link 2 down, retrying
[    3.249476] tegra-pcie 3000.pcie: link 2 down, ignoring
[    3.254816] tegra-pcie 3000.pcie: PCI host bridge to bus 0000:00
[    3.260811] pci_bus 0000:00: root bus resource [io  0x0000-0xffff]
[    3.266989] pci_bus 0000:00: root bus resource [mem 0x20000000-0x27ffffff]
[    3.273856] pci_bus 0000:00: root bus resource [mem 0x28000000-0x3fffffff pref]
[    3.281148] pci_bus 0000:00: root bus resource [bus 00-ff]
[    3.286652] pci 0000:00:01.0: [10de:0e1c] type 01 class 0x060400
[    3.292656] pci_bus 0000:00: 2-byte config write to 0000:00:01.0 offset 0x4 may corrupt adjacent RW1C bits
[    3.302299] pci_bus 0000:00: 2-byte config write to 0000:00:01.0 offset 0x4 may corrupt adjacent RW1C bits
[    3.311954] pci_bus 0000:00: 2-byte config write to 0000:00:01.0 offset 0x88 may corrupt adjacent RW1C bits
[    3.321700] pci_bus 0000:00: 2-byte config write to 0000:00:01.0 offset 0x52 may corrupt adjacent RW1C bits
[    3.331444] pci 0000:00:01.0: PME# supported from D0 D1 D2 D3hot D3cold
[    3.338053] pci_bus 0000:00: 2-byte config write to 0000:00:01.0 offset 0x4c may corrupt adjacent RW1C bits
[    3.347945] pci_bus 0000:00: 2-byte config write to 0000:00:01.0 offset 0x3e may corrupt adjacent RW1C bits
[    3.357677] pci_bus 0000:00: 2-byte config write to 0000:00:01.0 offset 0x4 may corrupt adjacent RW1C bits
[    3.367319] pci_bus 0000:00: 1-byte config write to 0000:00:01.0 offset 0xc may corrupt adjacent RW1C bits
[    3.376957] PCI: bus0: Fast back to back transfers disabled
[    3.382517] pci 0000:00:01.0: bridge configuration invalid ([bus 00-00]), reconfiguring
[    3.390515] pci_bus 0000:00: 2-byte config write to 0000:00:01.0 offset 0x3e may corrupt adjacent RW1C bits
[    3.400244] pci_bus 0000:00: 2-byte config write to 0000:00:01.0 offset 0x3e may corrupt adjacent RW1C bits
[    3.410074] pci 0000:01:00.0: [10ec:8168] type 00 class 0x020000
[    3.416102] pci 0000:01:00.0: reg 0x10: [io  0x0000-0x00ff]
[    3.421674] pci 0000:01:00.0: reg 0x18: [mem 0x00000000-0x00000fff 64bit pref]
[    3.428898] pci 0000:01:00.0: reg 0x20: [mem 0x00000000-0x00003fff 64bit pref]
[    3.436181] pci 0000:01:00.0: supports D1 D2
[    3.440438] pci 0000:01:00.0: PME# supported from D0 D1 D2 D3hot D3cold
[    3.473718] PCI: bus1: Fast back to back transfers disabled
[    3.479280] pci_bus 0000:01: busn_res: [bus 01-ff] end is updated to 01
[    3.485914] pci 0000:00:01.0: BAR 9: assigned [mem 0x28000000-0x280fffff 64bit pref]
[    3.493640] pci 0000:00:01.0: BAR 7: assigned [io  0x1000-0x1fff]
[    3.499731] pci 0000:01:00.0: BAR 4: assigned [mem 0x28000000-0x28003fff 64bit pref]
[    3.507476] pci 0000:01:00.0: BAR 2: assigned [mem 0x28004000-0x28004fff 64bit pref]
[    3.515219] pci 0000:01:00.0: BAR 0: assigned [io  0x1000-0x10ff]
[    3.521300] pci 0000:00:01.0: PCI bridge to [bus 01]
[    3.526259] pci 0000:00:01.0:   bridge window [io  0x1000-0x1fff]
[    3.532339] pci 0000:00:01.0:   bridge window [mem 0x28000000-0x280fffff 64bit pref]
[    3.540091] pci 0000:00:01.0: nv_msi_ht_cap_quirk didn't locate host bridge
[    3.547149] pcieport 0000:00:01.0: enabling device (0140 -> 0143)
[    3.553436] pcieport 0000:00:01.0: Signaling PME with IRQ 374
[    3.559416] r8169 Gigabit Ethernet driver 2.3LK-NAPI loaded
[    3.565005] r8169 0000:01:00.0: enabling device (0140 -> 0143)
[    3.571782] r8169 0000:01:00.0 eth0: RTL8168evl/8111evl at 0xf0b1c000, 02:04:4b:01:60:a6, XID 0c900800 IRQ 375
[    3.581785] r8169 0000:01:00.0 eth0: jumbo features [frames: 9200 bytes, tx checksumming: ko]
[    3.597250] utmi_phy_clk_enable: timeout waiting for phy to stabilize
[    3.603725] tegra-ehci 7d004000.usb: EHCI Host Controller
[    3.609129] tegra-ehci 7d004000.usb: new USB bus registered, assigned bus number 1
[    3.616889] tegra-ehci 7d004000.usb: irq 343, io mem 0x7d004000
[    3.643709] tegra-ehci 7d004000.usb: USB 2.0 started, EHCI 1.00
[    3.650605] hub 1-0:1.0: USB hub found
[    3.654392] hub 1-0:1.0: 1 port detected
[    3.659477] tegra-ehci 7d008000.usb: EHCI Host Controller
[    3.664894] tegra-ehci 7d008000.usb: new USB bus registered, assigned bus number 2
[    3.672622] tegra-ehci 7d008000.usb: irq 344, io mem 0x7d008000
[    3.703701] tegra-ehci 7d008000.usb: USB 2.0 started, EHCI 1.00
[    3.710489] hub 2-0:1.0: USB hub found
[    3.714264] hub 2-0:1.0: 1 port detected
[    3.722789] tps65910-rtc tps65910-rtc: setting system clock to 2000-01-01 00:00:02 UTC (946684802)
[    3.732292] vdd_sata,avdd_plle: disabling
[    3.736662] usb1_vbus: disabling
[    3.741477] EXT4-fs (mmcblk1p1): mounting ext3 file system using the ext4 subsystem
[    3.756452] EXT4-fs (mmcblk1p1): warning: mounting fs with errors, running e2fsck is recommended
[    3.766671] EXT4-fs (mmcblk1p1): recovery complete
[    3.771458] EXT4-fs (mmcblk1p1): mounted filesystem with ordered data mode. Opts: (null)
[    3.779580] VFS: Mounted root (ext3 filesystem) on device 179:1.
[    3.795792] devtmpfs: mounted
[    3.801385] Freeing unused kernel memory: 2048K
bash: cannot set terminal process group (-1): Inappropriate ioctl for device
bash: no job control in this shell
root@(none):/# [    4.073712] usb 2-1: new high-speed USB device number 2 using tegra-ehci
[    4.733350] asix 2-1:1.0 eth1: register 'asix' at usb-7d008000.usb-1, ASIX AX88772 USB 2.0 Ethernet, 00:50:b6:0f:67:60
mount -t sysfs none /sys
root@(none):/# 
root@(none):/# mount -t debugfs none /sys/kernel/debug
root@(none):/# 
root@(none):/# rtcwake -d rtc1 -m mem -s 3
rtcwake: wakeup from "mem" using /dev/rtc1 at Thu Jan  1 00:00:22 1970
[    7.421512] PM: Syncing filesystems ... done.
[    7.427138] Freezing user space processes ... (elapsed 0.001 seconds) done.
[    7.435197] OOM killer disabled.
[    7.438413] Freezing remaining freezable tasks ... (elapsed 0.001 seconds) done.
[    7.446929] Suspending console(s) (use no_console_suspend to debug)
[    7.554321] Disabling non-boot CPUs ...
[    7.603986] IRQ17 no longer affine to CPU1
[    7.604147] IRQ346 no longer affine to CPU1
[    7.714220] IRQ347 no longer affine to CPU2
[    7.803995] IRQ348 no longer affine to CPU3
[    7.855234] Entering suspend state LP1
[    7.855234] Suspended for 2.802 seconds
[    7.855249] Enabling non-boot CPUs ...
[    7.885668] CPU1 is up
[    7.925777] CPU2 is up
[    7.966098] CPU3 is up
[    7.966796] pcieport 0000:00:01.0: nv_msi_ht_cap_quirk didn't locate host bridge
[    8.588332] OOM killer enabled.
[    8.591461] Restarting tasks ... done.
root@(none):/# 
root@(none):/# rtcwake -d rtc1 -m mem -s 3
rtcwake: wakeup from "mem" using /dev/rtc1 at Thu Jan  1 00:00:27 1970
[    9.697911] PM: Syncing filesystems ... done.
[    9.703686] Freezing user space processes ... (elapsed 0.001 seconds) done.
[    9.711735] OOM killer disabled.
[    9.714963] Freezing remaining freezable tasks ... (elapsed 0.001 seconds) done.
[    9.723454] Suspending console(s) (use no_console_suspend to debug)
[    9.764551] pci_generic_config_write32: 68 callbacks suppressed
[    9.764564] pci_bus 0000:00: 2-byte config write to 0000:00:01.0 offset 0x9c may corrupt adjacent RW1C bits
[    9.808581] pci_bus 0000:01: 2-byte config write to 0000:01:00.0 offset 0x44 may corrupt adjacent RW1C bits
[    9.808596] pci_bus 0000:01: 2-byte config write to 0000:01:00.0 offset 0x44 may corrupt adjacent RW1C bits
[    9.834281] Disabling non-boot CPUs ...
[    9.893944] IRQ17 no longer affine to CPU1
[    9.894102] IRQ346 no longer affine to CPU1
[    9.974046] IRQ347 no longer affine to CPU2
[   10.073943] IRQ348 no longer affine to CPU3
[   10.125112] Entering suspend state LP1
[   10.125112] Suspended for 2.730 seconds
[   10.125129] Enabling non-boot CPUs ...
[   10.156089] CPU1 is up
[   10.196246] CPU2 is up
[   10.236512] CPU3 is up
[   10.237381] pci_bus 0000:00: 2-byte config write to 0000:00:01.0 offset 0x4c may corrupt adjacent RW1C bits
[   10.237397] pci_bus 0000:00: 2-byte config write to 0000:00:01.0 offset 0x88 may corrupt adjacent RW1C bits
[   10.237404] pci_bus 0000:00: 2-byte config write to 0000:00:01.0 offset 0x90 may corrupt adjacent RW1C bits
[   10.237409] pci_bus 0000:00: 2-byte config write to 0000:00:01.0 offset 0x98 may corrupt adjacent RW1C bits
[   10.237414] pci_bus 0000:00: 2-byte config write to 0000:00:01.0 offset 0x9c may corrupt adjacent RW1C bits
[   10.237435] pci_bus 0000:00: 2-byte config write to 0000:00:01.0 offset 0x52 may corrupt adjacent RW1C bits
[   10.237442] pci_bus 0000:00: 2-byte config write to 0000:00:01.0 offset 0x52 may corrupt adjacent RW1C bits
[   10.237470] pcieport 0000:00:01.0: nv_msi_ht_cap_quirk didn't locate host bridge
[   10.975546] OOM killer enabled.
[   10.978675] Restarting tasks ... done.
root@(none):/# 
root@(none):/# rtcwake -d rtc1 -m mem -s 3
rtcwake: wakeup from "mem" using /dev/rtc1 at Thu Jan  1 00:00:32 1970
[   11.984292] PM: Syncing filesystems ... done.
[   11.990979] Freezing user space processes ... (elapsed 0.001 seconds) done.
[   11.999076] OOM killer disabled.
[   12.002292] Freezing remaining freezable tasks ... (elapsed 0.001 seconds) done.
[   12.010835] Suspending console(s) (use no_console_suspend to debug)
[   12.124378] Disabling non-boot CPUs ...
[   12.174223] IRQ346 no longer affine to CPU1
[   12.264315] IRQ347 no longer affine to CPU2
[   12.405428] Entering suspend state LP1
[   12.405428] Suspended for 2.719 seconds
[   12.405445] Enabling non-boot CPUs ...
[   12.436109] CPU1 is up
[   12.476194] CPU2 is up
[   12.516512] CPU3 is up
[   12.517442] pcieport 0000:00:01.0: nv_msi_ht_cap_quirk didn't locate host bridge
[   13.145400] OOM killer enabled.
[   13.148532] Restarting tasks ... done.
root@(none):/# 
root@(none):/# rtcwake -d rtc1 -m mem -s 3
rtcwake: wakeup from "mem" using /dev/rtc1 at Thu Jan  1 00:00:37 1970
[   14.244489] PM: Syncing filesystems ... done.
[   14.251179] Freezing user space processes ... (elapsed 0.001 seconds) done.
[   14.259283] OOM killer disabled.
[   14.262499] Freezing remaining freezable tasks ... (elapsed 0.001 seconds) done.
[   14.271021] Suspending console(s) (use no_console_suspend to debug)
[   14.384340] Disabling non-boot CPUs ...
[   14.433965] migrate_irqs: 2 callbacks suppressed
[   14.433968] IRQ17 no longer affine to CPU1
[   14.434168] IRQ346 no longer affine to CPU1
[   14.544282] IRQ347 no longer affine to CPU2
[   14.634000] IRQ348 no longer affine to CPU3
[   14.685526] Entering suspend state LP1
[   14.685526] Suspended for 2.719 seconds
[   14.685546] Enabling non-boot CPUs ...
[   14.716122] CPU1 is up
[   14.756144] CPU2 is up
[   14.796457] CPU3 is up
[   14.797280] pci_generic_config_write32: 43 callbacks suppressed
[   14.797299] pci_bus 0000:00: 2-byte config write to 0000:00:01.0 offset 0x4c may corrupt adjacent RW1C bits
[   14.797314] pci_bus 0000:00: 2-byte config write to 0000:00:01.0 offset 0x88 may corrupt adjacent RW1C bits
[   14.797321] pci_bus 0000:00: 2-byte config write to 0000:00:01.0 offset 0x90 may corrupt adjacent RW1C bits
[   14.797326] pci_bus 0000:00: 2-byte config write to 0000:00:01.0 offset 0x98 may corrupt adjacent RW1C bits
[   14.797330] pci_bus 0000:00: 2-byte config write to 0000:00:01.0 offset 0x9c may corrupt adjacent RW1C bits
[   14.797361] pci_bus 0000:00: 2-byte config write to 0000:00:01.0 offset 0x52 may corrupt adjacent RW1C bits
[   14.797372] pci_bus 0000:00: 2-byte config write to 0000:00:01.0 offset 0x52 may corrupt adjacent RW1C bits
[   14.797380] pci_bus 0000:00: 2-byte config write to 0000:00:01.0 offset 0x5c may corrupt adjacent RW1C bits
[   14.797388] pci_bus 0000:00: 2-byte config write to 0000:00:01.0 offset 0x52 may corrupt adjacent RW1C bits
[   14.797412] pcieport 0000:00:01.0: nv_msi_ht_cap_quirk didn't locate host bridge
[   14.797452] pci_bus 0000:01: 2-byte config write to 0000:01:00.0 offset 0x44 may corrupt adjacent RW1C bits
[   15.524436] OOM killer enabled.
[   15.527566] Restarting tasks ... done.
root@(none):/# 
root@(none):/# rtcwake -d rtc1 -m mem -s 3
rtcwake: wakeup from "mem" using /dev/rtc1 at Thu Jan  1 00:00:42 1970
[   16.524402] PM: Syncing filesystems ... done.
[   16.531089] Freezing user space processes ... (elapsed 0.001 seconds) done.
[   16.539200] OOM killer disabled.
[   16.542417] Freezing remaining freezable tasks ... (elapsed 0.001 seconds) done.
[   16.550947] Suspending console(s) (use no_console_suspend to debug)
[   16.664324] Disabling non-boot CPUs ...
[   16.713940] IRQ17 no longer affine to CPU1
[   16.714141] IRQ346 no longer affine to CPU1
[   16.824260] IRQ347 no longer affine to CPU2
[   16.913943] IRQ348 no longer affine to CPU3
[   16.965380] Entering suspend state LP1
[   16.965380] Suspended for 2.720 seconds
[   16.965396] Enabling non-boot CPUs ...
[   16.996024] CPU1 is up
[   17.046090] CPU2 is up
[   17.096387] CPU3 is up
[   17.097311] pcieport 0000:00:01.0: nv_msi_ht_cap_quirk didn't locate host bridge
[   17.724440] OOM killer enabled.
[   17.727573] Restarting tasks ... done.
root@(none):/# 
root@(none):/# rtcwake -d rtc1 -m mem -s 3
rtcwake: wakeup from "mem" using /dev/rtc1 at Thu Jan  1 00:00:47 1970
[   18.805912] PM: Syncing filesystems ... done.
[   18.812072] Freezing user space processes ... (elapsed 0.001 seconds) done.
[   18.820177] OOM killer disabled.
[   18.823395] Freezing remaining freezable tasks ... (elapsed 0.001 seconds) done.
[   18.831922] Suspending console(s) (use no_console_suspend to debug)
[   18.944298] Disabling non-boot CPUs ...
[   18.994111] IRQ346 no longer affine to CPU1
[   19.084232] IRQ347 no longer affine to CPU2
[   19.235368] Entering suspend state LP1
[   19.235368] Suspended for 2.729 seconds
[   19.235386] Enabling non-boot CPUs ...
[   19.265982] CPU1 is up
[   19.306043] CPU2 is up
[   19.346362] CPU3 is up
[   19.347271] pcieport 0000:00:01.0: nv_msi_ht_cap_quirk didn't locate host bridge
[   19.956281] OOM killer enabled.
[   19.959410] Restarting tasks ... done.
root@(none):/# 
root@(none):/# rtcwake -d rtc1 -m mem -s 3
rtcwake: wakeup from "mem" using /dev/rtc1 at Thu Jan  1 00:00:52 1970
[   21.143889] PM: Syncing filesystems ... done.
[   21.151070] Freezing user space processes ... (elapsed 0.001 seconds) done.
[   21.159166] OOM killer disabled.
[   21.162386] Freezing remaining freezable tasks ... (elapsed 0.001 seconds) done.
[   21.170916] Suspending console(s) (use no_console_suspend to debug)
[   21.215140] pci_generic_config_write32: 62 callbacks suppressed
[   21.215156] pci_bus 0000:00: 2-byte config write to 0000:00:01.0 offset 0x9c may corrupt adjacent RW1C bits
[   21.261997] pci_bus 0000:01: 2-byte config write to 0000:01:00.0 offset 0x44 may corrupt adjacent RW1C bits
[   21.262013] pci_bus 0000:01: 2-byte config write to 0000:01:00.0 offset 0x44 may corrupt adjacent RW1C bits
[   21.284266] Disabling non-boot CPUs ...
[   21.334064] migrate_irqs: 2 callbacks suppressed
[   21.334067] IRQ346 no longer affine to CPU1
[   21.413792] IRQ17 no longer affine to CPU2
[   21.414007] IRQ347 no longer affine to CPU2
[   21.523976] IRQ348 no longer affine to CPU3
[   21.565574] Entering suspend state LP1
[   21.565574] Suspended for 2.669 seconds
[   21.565593] Enabling non-boot CPUs ...
[   21.595938] CPU1 is up
[   21.646092] CPU2 is up
[   21.686330] CPU3 is up
[   21.687188] pci_bus 0000:00: 2-byte config write to 0000:00:01.0 offset 0x4c may corrupt adjacent RW1C bits
[   21.687201] pci_bus 0000:00: 2-byte config write to 0000:00:01.0 offset 0x88 may corrupt adjacent RW1C bits
[   21.687207] pci_bus 0000:00: 2-byte config write to 0000:00:01.0 offset 0x90 may corrupt adjacent RW1C bits
[   21.687212] pci_bus 0000:00: 2-byte config write to 0000:00:01.0 offset 0x98 may corrupt adjacent RW1C bits
[   21.687216] pci_bus 0000:00: 2-byte config write to 0000:00:01.0 offset 0x9c may corrupt adjacent RW1C bits
[   21.687240] pci_bus 0000:00: 2-byte config write to 0000:00:01.0 offset 0x52 may corrupt adjacent RW1C bits
[   21.687248] pci_bus 0000:00: 2-byte config write to 0000:00:01.0 offset 0x52 may corrupt adjacent RW1C bits
[   21.687275] pcieport 0000:00:01.0: nv_msi_ht_cap_quirk didn't locate host bridge
[   22.413897] OOM killer enabled.
[   22.417031] Restarting tasks ... done.
root@(none):/# 
root@(none):/# rtcwake -d rtc1 -m mem -s 3
rtcwake: wakeup from "mem" using /dev/rtc1 at Thu Jan  1 00:00:57 1970
[   23.404278] PM: Syncing filesystems ... done.
[   23.410443] Freezing user space processes ... (elapsed 0.001 seconds) done.
[   23.418538] OOM killer disabled.
[   23.421754] Freezing remaining freezable tasks ... (elapsed 0.001 seconds) done.
[   23.430289] Suspending console(s) (use no_console_suspend to debug)
[   23.544246] Disabling non-boot CPUs ...
[   23.593835] IRQ17 no longer affine to CPU1
[   23.594036] IRQ346 no longer affine to CPU1
[   23.704144] IRQ347 no longer affine to CPU2
[   23.793857] IRQ348 no longer affine to CPU3
[   23.845242] Entering suspend state LP1
[   23.845242] Suspended for 2.720 seconds
[   23.845260] Enabling non-boot CPUs ...
[   23.875813] CPU1 is up
[   23.915999] CPU2 is up
[   23.956312] CPU3 is up
[   23.957217] pcieport 0000:00:01.0: nv_msi_ht_cap_quirk didn't locate host bridge
[   24.580553] OOM killer enabled.
[   24.583691] Restarting tasks ... done.
root@(none):/# 
root@(none):/# rtcwake -d rtc1 -m mem -s 3
rtcwake: wakeup from "mem" using /dev/rtc1 at Thu Jan  1 00:01:02 1970
[   25.693673] PM: Syncing filesystems ... done.
[   25.700355] Freezing user space processes ... (elapsed 0.001 seconds) done.
[   25.708466] OOM killer disabled.
[   25.711682] Freezing remaining freezable tasks ... (elapsed 0.001 seconds) done.
[   25.720217] Suspending console(s) (use no_console_suspend to debug)
[   25.834192] Disabling non-boot CPUs ...
[   25.883797] IRQ17 no longer affine to CPU1
[   25.883997] IRQ346 no longer affine to CPU1
[   26.155500] Entering suspend state LP1
[   26.155500] Suspended for 2.689 seconds
[   26.155518] Enabling non-boot CPUs ...
[   26.185898] CPU1 is up
[   26.226010] CPU2 is up
[   26.266206] CPU3 is up
[   26.267048] pci_generic_config_write32: 43 callbacks suppressed
[   26.267068] pci_bus 0000:00: 2-byte config write to 0000:00:01.0 offset 0x4c may corrupt adjacent RW1C bits
[   26.267085] pci_bus 0000:00: 2-byte config write to 0000:00:01.0 offset 0x88 may corrupt adjacent RW1C bits
[   26.267091] pci_bus 0000:00: 2-byte config write to 0000:00:01.0 offset 0x90 may corrupt adjacent RW1C bits
[   26.267095] pci_bus 0000:00: 2-byte config write to 0000:00:01.0 offset 0x98 may corrupt adjacent RW1C bits
[   26.267100] pci_bus 0000:00: 2-byte config write to 0000:00:01.0 offset 0x9c may corrupt adjacent RW1C bits
[   26.267123] pci_bus 0000:00: 2-byte config write to 0000:00:01.0 offset 0x52 may corrupt adjacent RW1C bits
[   26.267131] pci_bus 0000:00: 2-byte config write to 0000:00:01.0 offset 0x52 may corrupt adjacent RW1C bits
[   26.267137] pci_bus 0000:00: 2-byte config write to 0000:00:01.0 offset 0x5c may corrupt adjacent RW1C bits
[   26.267145] pci_bus 0000:00: 2-byte config write to 0000:00:01.0 offset 0x52 may corrupt adjacent RW1C bits
[   26.267170] pcieport 0000:00:01.0: nv_msi_ht_cap_quirk didn't locate host bridge
[   26.267213] pci_bus 0000:01: 2-byte config write to 0000:01:00.0 offset 0x44 may corrupt adjacent RW1C bits
[   26.980555] OOM killer enabled.
[   26.983694] Restarting tasks ... done.
root@(none):/# 
root@(none):/# rtcwake -d rtc1 -m mem -s 3
rtcwake: wakeup from "mem" using /dev/rtc1 at Thu Jan  1 00:01:07 1970
[   27.994206] PM: Syncing filesystems ... done.
[   28.000362] Freezing user space processes ... (elapsed 0.001 seconds) done.
[   28.008467] OOM killer disabled.
[   28.011683] Freezing remaining freezable tasks ... (elapsed 0.001 seconds) done.
[   28.020219] Suspending console(s) (use no_console_suspend to debug)
[   28.134154] Disabling non-boot CPUs ...
[   28.183770] migrate_irqs: 2 callbacks suppressed
[   28.183773] IRQ17 no longer affine to CPU1
[   28.183978] IRQ346 no longer affine to CPU1
[   28.294080] IRQ347 no longer affine to CPU2
[   28.383780] IRQ348 no longer affine to CPU3
[   28.435245] Entering suspend state LP1
[   28.435245] Suspended for 2.720 seconds
[   28.435264] Enabling non-boot CPUs ...
[   28.465752] CPU1 is up
[   28.506057] CPU2 is up
[   28.546237] CPU3 is up
[   28.547153] pcieport 0000:00:01.0: nv_msi_ht_cap_quirk didn't locate host bridge
[   29.177417] OOM killer enabled.
[   29.180550] Restarting tasks ... done.
root@(none):/# 
root@(none):/# NVTB SYSTEM SUSPEND TEST COMPLETE
