
U-Boot SPL 2014.07-00097-g772e173 (Jul 25 2014 - 20:02:52)


U-Boot 2014.07-00097-g772e173 (Jul 25 2014 - 20:02:52)

TEGRA124
Board: NVIDIA Jetson TK1
I2C:   ready
DRAM:  2 GiB
MMC:   Tegra SD/MMC: 0, Tegra SD/MMC: 1
In:    serial
Out:   serial
Err:   serial
Net:   Net Initialization Skipped
No ethernet found.
Hit any key to stop autoboot:  2  0 
Tegra124 (Jetson TK1) # 
Tegra124 (Jetson TK1) # usb reset
(Re)start USB...
USB0:   USB EHCI 1.10
scanning bus 0 for devices... 1 USB Device(s) found
USB1:   USB EHCI 1.10
scanning bus 1 for devices... 2 USB Device(s) found
       scanning usb for storage devices... 0 Storage Device(s) found
       scanning usb for ethernet devices... 
Warning: asx0 using MAC address from net device
1 Ethernet Device(s) found
Tegra124 (Jetson TK1) # setenv bootargs 'ignore_loglevel console=ttyS0,115200n8 rw root=/dev/mmcblk0p1 rootwait gpt debug noinitrd earlyprintk init=/bin/bash'
Tegra124 (Jetson TK1) # setenv ipaddr 192.168.100.102; setenv serverip 192.168.100.1; setenv tftpserverip 192.168.100.1
Tegra124 (Jetson TK1) # tftpboot 0x82000000 zImage.multi_v7_defconfig
Using asx0 device
TFTP from server 192.168.100.1; our IP address is 192.168.100.102
Filename 'zImage.multi_v7_defconfig'.
Load address: 0x82000000
Loading: *#################################################################
	 #################################################################
	 #################################################################
	 #################################################################
	 #################################################################
	 #################################################################
	 ####################################################
	 3 MiB/s
done
Bytes transferred = 6477176 (62d578 hex)
Tegra124 (Jetson TK1) # tftpboot 0x83000000 tegra124-jetson-tk1.dtb
Using asx0 device
TFTP from server 192.168.100.1; our IP address is 192.168.100.102
Filename 'tegra124-jetson-tk1.dtb'.
Load address: 0x83000000
Loading: *#####
	 2.8 MiB/s
done
Bytes transferred = 64138 (fa8a hex)
Tegra124 (Jetson TK1) # bootz 0x82000000 - 0x83000000
Kernel image @ 0x82000000 [ 0x000000 - 0x62d578 ]
## Flattened Device Tree blob at 83000000
   Booting using the fdt blob at 0x83000000
   Using Device Tree in place at 83000000, end 83012a89

Starting kernel ...

[    0.000000] Booting Linux on physical CPU 0x0
[    0.000000] Linux version 4.3.0-51166-gbd4f203 (pwalmsley@sellafield) (gcc version 4.7.3 20130328 (prerelease) (crosstool-NG linaro-1.13.1-4.7-2013.04-20130415 - Linaro GCC 2013.04) ) #1 SMP Thu Nov 26 04:15:24 PST 2015
[    0.000000] CPU: ARMv7 Processor [413fc0f3] revision 3 (ARMv7), cr=10c5387d
[    0.000000] CPU: PIPT / VIPT nonaliasing data cache, PIPT instruction cache
[    0.000000] Machine model: NVIDIA Tegra124 Jetson TK1
[    0.000000] debug: ignoring loglevel setting.
[    0.000000] cma: Reserved 64 MiB at 0xfb800000
[    0.000000] Memory policy: Data cache writealloc
[    0.000000] On node 0 totalpages: 524032
[    0.000000] free_area_init_node: node 0, pgdat c0f982c0, node_mem_map eeff8000
[    0.000000]   DMA zone: 1536 pages used for memmap
[    0.000000]   DMA zone: 0 pages reserved
[    0.000000]   DMA zone: 196608 pages, LIFO batch:31
[    0.000000]   HighMem zone: 327424 pages, LIFO batch:31
[    0.000000] PERCPU: Embedded 12 pages/cpu @eef8f000 s19136 r8192 d21824 u49152
[    0.000000] pcpu-alloc: s19136 r8192 d21824 u49152 alloc=12*4096
[    0.000000] pcpu-alloc: [0] 0 [0] 1 [0] 2 [0] 3 
[    0.000000] Built 1 zonelists in Zone order, mobility grouping on.  Total pages: 522496
[    0.000000] Kernel command line: ignore_loglevel console=ttyS0,115200n8 rw root=/dev/mmcblk0p1 rootwait gpt debug noinitrd earlyprintk init=/bin/bash
[    0.000000] PID hash table entries: 4096 (order: 2, 16384 bytes)
[    0.000000] Dentry cache hash table entries: 131072 (order: 7, 524288 bytes)
[    0.000000] Inode-cache hash table entries: 65536 (order: 6, 262144 bytes)
[    0.000000] Memory: 1998652K/2096128K available (8156K kernel code, 1032K rwdata, 3660K rodata, 1040K init, 340K bss, 31940K reserved, 65536K cma-reserved, 1244160K highmem)
[    0.000000] Virtual kernel memory layout:
[    0.000000]     vector  : 0xffff0000 - 0xffff1000   (   4 kB)
[    0.000000]     fixmap  : 0xffc00000 - 0xfff00000   (3072 kB)
[    0.000000]     vmalloc : 0xf0800000 - 0xff800000   ( 240 MB)
[    0.000000]     lowmem  : 0xc0000000 - 0xf0000000   ( 768 MB)
[    0.000000]     pkmap   : 0xbfe00000 - 0xc0000000   (   2 MB)
[    0.000000]     modules : 0xbf000000 - 0xbfe00000   (  14 MB)
[    0.000000]       .text : 0xc0208000 - 0xc0d932ac   (11821 kB)
[    0.000000]       .init : 0xc0d94000 - 0xc0e98000   (1040 kB)
[    0.000000]       .data : 0xc0e98000 - 0xc0f9a220   (1033 kB)
[    0.000000]        .bss : 0xc0f9d000 - 0xc0ff23a8   ( 341 kB)
[    0.000000] SLUB: HWalign=64, Order=0-3, MinObjects=0, CPUs=4, Nodes=1
[    0.000000] Hierarchical RCU implementation.
[    0.000000] 	Build-time adjustment of leaf fanout to 32.
[    0.000000] 	RCU restricting CPUs from NR_CPUS=16 to nr_cpu_ids=4.
[    0.000000] RCU: Adjusting geometry for rcu_fanout_leaf=32, nr_cpu_ids=4
[    0.000000] NR_IRQS:16 nr_irqs:16 16
[    0.000000] /interrupt-controller@60004000: 160 interrupts forwarded to /interrupt-controller@0,50041000
[    0.000000] L2C: failed to init: -19
[    0.000010] sched_clock: 32 bits at 1000kHz, resolution 1000ns, wraps every 2147483647500ns
[    0.000028] clocksource: timer_us: mask: 0xffffffff max_cycles: 0xffffffff, max_idle_ns: 1911260446275 ns
[    0.000043] Switching to timer-based delay loop, resolution 1000ns
[    0.004365] Architected cp15 timer(s) running at 12.00MHz (virt).
[    0.004383] clocksource: arch_sys_counter: mask: 0xffffffffffffff max_cycles: 0x2c47f4ee7, max_idle_ns: 440795202497 ns
[    0.004402] sched_clock: 56 bits at 12MHz, resolution 83ns, wraps every 4398046511096ns
[    0.004414] Switching to timer-based delay loop, resolution 83ns
[    0.004833] Console: colour dummy device 80x30
[    0.004857] Calibrating delay loop (skipped), value calculated using timer frequency.. 24.00 BogoMIPS (lpj=60000)
[    0.004872] pid_max: default: 32768 minimum: 301
[    0.004980] Mount-cache hash table entries: 2048 (order: 1, 8192 bytes)
[    0.004991] Mountpoint-cache hash table entries: 2048 (order: 1, 8192 bytes)
[    0.005578] CPU: Testing write buffer coherency: ok
[    0.005792] /cpus/cpu@0 missing clock-frequency property
[    0.005830] /cpus/cpu@1 missing clock-frequency property
[    0.005867] /cpus/cpu@2 missing clock-frequency property
[    0.005905] /cpus/cpu@3 missing clock-frequency property
[    0.005917] CPU0: thread -1, cpu 0, socket 0, mpidr 80000000
[    0.005959] Setting up static identity map for 0x80209000 - 0x80209098
[    0.008912] Tegra Revision: A01 SKU: 129 CPU Process: 1 SoC Process: 1
[    0.010193] CPU1: thread -1, cpu 1, socket 0, mpidr 80000001
[    0.010716] CPU2: thread -1, cpu 2, socket 0, mpidr 80000002
[    0.011233] CPU3: thread -1, cpu 3, socket 0, mpidr 80000003
[    0.011300] Brought up 4 CPUs
[    0.011320] SMP: Total of 4 processors activated (96.00 BogoMIPS).
[    0.011327] CPU: All CPU(s) started in SVC mode.
[    0.012759] devtmpfs: initialized
[    0.031050] VFP support v0.3: implementor 41 architecture 4 part 30 variant f rev 0
[    0.031822] clocksource: jiffies: mask: 0xffffffff max_cycles: 0xffffffff, max_idle_ns: 9556302231375000 ns
[    0.033459] pinctrl core: initialized pinctrl subsystem
[    0.035118] NET: Registered protocol family 16
[    0.037141] DMA: preallocated 256 KiB pool for atomic coherent allocations
[    0.049651] cpuidle: using governor ladder
[    0.064670] cpuidle: using governor menu
[    0.081164] No ATAGs?
[    0.081201] hw-breakpoint: found 5 (+1 reserved) breakpoint and 4 watchpoint registers.
[    0.081211] hw-breakpoint: maximum watchpoint size is 8 bytes.
[    0.085943] Serial: AMBA PL011 UART driver
[    0.115333] +USB0_VBUS_SW: Failed to request enable GPIO108: -517
[    0.115447] reg-fixed-voltage regulators:regulator@7: Failed to register regulator: -517
[    0.115666] +5V_USB_HS: Failed to request enable GPIO109: -517
[    0.115770] reg-fixed-voltage regulators:regulator@8: Failed to register regulator: -517
[    0.116066] +1.05V_RUN_AVDD_HDMI_PLL: Failed to request enable GPIO63: -517
[    0.116169] reg-fixed-voltage regulators:regulator@11: Failed to register regulator: -517
[    0.116387] +5V_HDMI_CON: Failed to request enable GPIO86: -517
[    0.116488] reg-fixed-voltage regulators:regulator@12: Failed to register regulator: -517
[    0.116702] +5V_SATA: Failed to request enable GPIO242: -517
[    0.116803] reg-fixed-voltage regulators:regulator@13: Failed to register regulator: -517
[    0.117017] +12V_SATA: Failed to request enable GPIO242: -517
[    0.117117] reg-fixed-voltage regulators:regulator@14: Failed to register regulator: -517
[    0.120034] vgaarb: loaded
[    0.120776] SCSI subsystem initialized
[    0.120956] libata version 3.00 loaded.
[    0.121252] usbcore: registered new interface driver usbfs
[    0.121317] usbcore: registered new interface driver hub
[    0.121391] usbcore: registered new device driver usb
[    0.124962] pps_core: LinuxPPS API ver. 1 registered
[    0.124972] pps_core: Software ver. 5.3.6 - Copyright 2005-2007 Rodolfo Giometti <giometti@linux.it>
[    0.125000] PTP clock support registered
[    0.125224] EDAC MC: Ver: 3.0.0
[    0.128335] clocksource: Switched to clocksource arch_sys_counter
[    0.139952] NET: Registered protocol family 2
[    0.140477] TCP established hash table entries: 8192 (order: 3, 32768 bytes)
[    0.140576] TCP bind hash table entries: 8192 (order: 4, 65536 bytes)
[    0.140762] TCP: Hash tables configured (established 8192 bind 8192)
[    0.140815] UDP hash table entries: 512 (order: 2, 16384 bytes)
[    0.140857] UDP-Lite hash table entries: 512 (order: 2, 16384 bytes)
[    0.141025] NET: Registered protocol family 1
[    0.141279] RPC: Registered named UNIX socket transport module.
[    0.141289] RPC: Registered udp transport module.
[    0.141297] RPC: Registered tcp transport module.
[    0.141304] RPC: Registered tcp NFSv4.1 backchannel transport module.
[    0.141324] PCI: CLS 0 bytes, default 64
[    0.142310] hw perfevents: enabled with armv7_cortex_a15 PMU driver, 7 counters available
[    0.143868] futex hash table entries: 1024 (order: 4, 65536 bytes)
[    0.155900] squashfs: version 4.0 (2009/01/31) Phillip Lougher
[    0.156826] NFS: Registering the id_resolver key type
[    0.156861] Key type id_resolver registered
[    0.156870] Key type id_legacy registered
[    0.156942] ntfs: driver 2.1.32 [Flags: R/O].
[    0.158407] bounce: pool size: 64 pages
[    0.158621] Block layer SCSI generic (bsg) driver version 0.4 loaded (major 249)
[    0.158640] io scheduler noop registered
[    0.158657] io scheduler deadline registered
[    0.158695] io scheduler cfq registered (default)
[    0.175434] tegra-pcie 1003000.pcie-controller: 2x1, 1x1 configuration
[    0.175486] tegra-pcie 1003000.pcie-controller: Failed to get supply 'avddio-pex': -517
[    0.182669] tegra-apbdma 60020000.dma: Tegra20 APB DMA driver register 32 channels
[    0.184050] tegra-pmc 7000e400.pmc: emergency thermal reset enabled
[    0.248981] Serial: 8250/16550 driver, 4 ports, IRQ sharing disabled
[    0.251363] SuperH (H)SCI(F) driver initialized
[    0.252299] msm_serial: driver initialized
[    0.253117] console [ttyS0] disabled
[    0.253151] 70006300.serial: ttyS0 at MMIO 0x70006300 (irq = 331, base_baud = 25500000) is a Tegra
[    1.071798] console [ttyS0] enabled
[    1.076117] STMicroelectronics ASC driver initialized
[    1.083579] [drm] Initialized drm 1.1.0 20060810
[    1.090553] tegra-hdmi 54280000.hdmi: failed to get HDMI regulator
[    1.104763] loop: module loaded
[    1.108200] at24 0-0056: 256 byte 24c02 EEPROM, writable, 8 bytes/write
[    1.116093] as3722 4-0040: AS3722 with revision 0x1 found
[    1.139392] +5V_SYS: supplied by +VDD_MUX
[    1.143466] +1.05V_RUN: supplied by +5V_SYS
[    1.147760] tegra-ahci 70027000.sata: Failed to get supply 'hvdd': -517
[    1.154434] tegra-ahci 70027000.sata: Failed to get regulators
[    1.165681] m25p80 spi32765.0: w25q32dw (4096 Kbytes)
[    1.170762] spi32765.0: 'partitions' subnode not found on /spi@0,7000da00/spi-flash@0. Trying to parse direct subnodes as partitions.
[    1.186162] CAN device driver interface
[    1.191374] igb: Intel(R) Gigabit Ethernet Network Driver - version 5.3.0-k
[    1.198349] igb: Copyright (c) 2007-2014 Intel Corporation.
[    1.207271] pegasus: v0.9.3 (2013/04/25), Pegasus/Pegasus II USB Ethernet driver
[    1.214726] usbcore: registered new interface driver pegasus
[    1.220466] usbcore: registered new interface driver asix
[    1.225926] usbcore: registered new interface driver ax88179_178a
[    1.232076] usbcore: registered new interface driver cdc_ether
[    1.237988] usbcore: registered new interface driver smsc75xx
[    1.243814] usbcore: registered new interface driver smsc95xx
[    1.249620] usbcore: registered new interface driver net1080
[    1.255340] usbcore: registered new interface driver cdc_subset
[    1.261320] usbcore: registered new interface driver zaurus
[    1.266995] usbcore: registered new interface driver cdc_ncm
[    1.272915] tegra-phy 7d004000.usb-phy: no vbus regulator
[    1.280254] ehci_hcd: USB 2.0 'Enhanced' Host Controller (EHCI) Driver
[    1.286795] ehci-pci: EHCI PCI platform driver
[    1.291296] ehci-platform: EHCI generic platform driver
[    1.296745] ehci-omap: OMAP-EHCI Host Controller driver
[    1.302123] ehci-orion: EHCI orion driver
[    1.306287] SPEAr-ehci: EHCI SPEAr driver
[    1.310456] ehci-st: EHCI STMicroelectronics driver
[    1.315495] ehci-exynos: EHCI EXYNOS driver
[    1.319859] ehci-atmel: EHCI Atmel driver
[    1.324031] tegra-ehci: Tegra EHCI driver
[    1.328375] tegra-ehci 7d004000.usb: EHCI Host Controller
[    1.333802] tegra-ehci 7d004000.usb: new USB bus registered, assigned bus number 1
[    1.341537] tegra-ehci 7d004000.usb: irq 348, io mem 0x7d004000
[    1.353354] tegra-ehci 7d004000.usb: USB 2.0 started, EHCI 1.10
[    1.360125] hub 1-0:1.0: USB hub found
[    1.363923] hub 1-0:1.0: 1 port detected
[    1.368435] ohci_hcd: USB 1.1 'Open' Host Controller (OHCI) Driver
[    1.374635] ohci-pci: OHCI PCI platform driver
[    1.379141] ohci-platform: OHCI generic platform driver
[    1.384552] ohci-omap3: OHCI OMAP3 driver
[    1.388718] SPEAr-ohci: OHCI SPEAr driver
[    1.392871] ohci-st: OHCI STMicroelectronics driver
[    1.397912] ohci-atmel: OHCI Atmel driver
[    1.402479] usbcore: registered new interface driver usb-storage
[    1.410074] mousedev: PS/2 mouse device common for all mice
[    1.419529] as3722-rtc as3722-rtc: rtc core: registered as3722-rtc as rtc0
[    1.426415] as3722-rtc as3722-rtc: RTC interrupt 371
[    1.434764] tegra_rtc 7000e000.rtc: rtc core: registered 7000e000.rtc as rtc1
[    1.441951] tegra_rtc 7000e000.rtc: Tegra internal Real Time Clock
[    1.448739] i2c /dev entries driver
[    1.457336] 0-004c supply vcc not found, using dummy regulator
[    1.469830] sdhci: Secure Digital Host Controller Interface driver
[    1.476028] sdhci: Copyright(c) Pierre Ossman
[    1.482066] Synopsys Designware Multimedia Card Interface Driver
[    1.489282] sdhci-pltfm: SDHCI platform and OF driver helper
[    1.495709] sdhci-tegra 700b0400.sdhci: Got CD GPIO
[    1.500622] sdhci-tegra 700b0400.sdhci: Got WP GPIO
[    1.505559] mmc0: Unknown controller version (3). You may experience problems.
[    1.512972] sdhci-tegra 700b0400.sdhci: No vmmc regulator found
[    1.519093] mmc0: Unknown controller version (3). You may experience problems.
[    1.526442] sdhci-tegra 700b0600.sdhci: No vmmc regulator found
[    1.532373] sdhci-tegra 700b0600.sdhci: No vqmmc regulator found
[    1.538384] mmc0: Invalid maximum block size, assuming 512 bytes
[    1.578353] mmc0: SDHCI controller on 700b0600.sdhci [700b0600.sdhci] using ADMA 64-bit
[    1.587911] ledtrig-cpu: registered to indicate activity on CPUs
[    1.594150] usbcore: registered new interface driver usbhid
[    1.599730] usbhid: USB HID core driver
[    1.610351] NET: Registered protocol family 10
[    1.615497] sit: IPv6 over IPv4 tunneling driver
[    1.620768] NET: Registered protocol family 17
[    1.622357] mmc0: MAN_BKOPS_EN bit is not set
[    1.625738] mmc0: new high speed MMC card at address 0001
[    1.626269] mmcblk0: mmc0:0001 SEM16G 14.6 GiB 
[    1.626509] mmcblk0boot0: mmc0:0001 SEM16G partition 1 4.00 MiB
[    1.626750] mmcblk0boot1: mmc0:0001 SEM16G partition 2 4.00 MiB
[    1.626996] mmcblk0rpmb: mmc0:0001 SEM16G partition 3 4.00 MiB
[    1.636836] Primary GPT is invalid, using alternate GPT.
[    1.636865]  mmcblk0: p1 p2 p3 p4 p5 p6 p7 p8 p9
[    1.667134] can: controller area network core (rev 20120528 abi 9)
[    1.673390] NET: Registered protocol family 29
[    1.677838] can: raw protocol (rev 20120528)
[    1.682130] can: broadcast manager protocol (rev 20120528 t)
[    1.687813] can: netlink gateway (rev 20130117) max_hops=1
[    1.693725] Key type dns_resolver registered
[    1.698672] ThumbEE CPU extension supported.
[    1.702955] Registering SWP/SWPB emulation handler
[    1.716227] tegra-pcie 1003000.pcie-controller: 2x1, 1x1 configuration
[    1.723103] +3.3V_SYS: supplied by +VDD_MUX
[    1.727386] +3.3V_LP0: supplied by +3.3V_SYS
[    1.732053] +1.35V_LP0(sd2): supplied by +5V_SYS
[    1.736782] +1.05V_RUN_AVDD: supplied by +1.35V_LP0(sd2)
[    1.743777] tegra-pcie 1003000.pcie-controller: probing port 0, using 2 lanes
[    1.753011] tegra-pcie 1003000.pcie-controller: Slot present pin change, signature: 00000008
[    2.181477] tegra-pcie 1003000.pcie-controller: link 0 down, retrying
[    2.610028] tegra-pcie 1003000.pcie-controller: link 0 down, retrying
[    3.038706] tegra-pcie 1003000.pcie-controller: link 0 down, retrying
[    3.047287] tegra-pcie 1003000.pcie-controller: link 0 down, ignoring
[    3.053781] tegra-pcie 1003000.pcie-controller: probing port 1, using 1 lanes
[    3.063033] tegra-pcie 1003000.pcie-controller: Slot present pin change, signature: 00000000
[    3.491592] tegra-pcie 1003000.pcie-controller: link 1 down, retrying
[    3.920097] tegra-pcie 1003000.pcie-controller: link 1 down, retrying
[    4.348793] tegra-pcie 1003000.pcie-controller: link 1 down, retrying
[    4.357366] tegra-pcie 1003000.pcie-controller: link 1 down, ignoring
[    4.364072] tegra-pcie 1003000.pcie-controller: PCI host bridge to bus 0000:00
[    4.371306] pci_bus 0000:00: root bus resource [mem 0x13000000-0x1fffffff]
[    4.378187] pci_bus 0000:00: root bus resource [mem 0x20000000-0x3fffffff pref]
[    4.385501] pci_bus 0000:00: root bus resource [bus 00-ff]
[    4.390993] pci_bus 0000:00: root bus resource [io  0x1000-0xffff]
[    4.397202] PCI: bus0: Fast back to back transfers enabled
[    4.403524] +5V_HDMI_CON: supplied by +5V_SYS
[    4.408009] +1.05V_RUN_AVDD_HDMI_PLL: supplied by +1.05V_RUN
[    4.413830] +3.3V_RUN: supplied by +3.3V_SYS
[    4.418128] +3.3V_AVDD_HDMI_AP_GATED: supplied by +3.3V_RUN
[    4.426364] [drm] Supports vblank timestamp caching Rev 2 (21.10.2013).
[    4.433037] [drm] No driver support for vblank timestamp query.
[    4.539481] tegra-hdmi 54280000.hdmi: cannot set audio to 44100 at 297000000 pclk
[    4.650277] Console: switching to colour frame buffer device 512x135
[    4.744728] drm drm: fb0:  frame buffer device
[    4.763488] [drm] Initialized tegra 0.0.0 20120330 on minor 0
[    4.770524] +5V_SATA: supplied by +5V_SYS
[    4.774769] +12V_SATA: supplied by +VDD_MUX
[    4.779380] tegra-ahci 70027000.sata: AHCI 0001.0301 32 slots 2 ports 3 Gbps 0x1 impl platform mode
[    4.788467] tegra-ahci 70027000.sata: flags: 64bit ncq sntf pm led pio slum part sadm sds apst 
[    4.799712] scsi host0: tegra-ahci
[    4.804358] scsi host1: tegra-ahci
[    4.808094] ata1: SATA max UDMA/133 mmio [mem 0x70027000-0x70028fff] port 0x100 irq 341
[    4.816139] ata2: DUMMY
[    4.819995] +5V_USB_HS: supplied by +5V_SYS
[    4.825531] tegra-ehci 7d008000.usb: EHCI Host Controller
[    4.830997] tegra-ehci 7d008000.usb: new USB bus registered, assigned bus number 2
[    4.838797] tegra-ehci 7d008000.usb: irq 349, io mem 0x7d008000
[    4.853492] tegra-ehci 7d008000.usb: USB 2.0 started, EHCI 1.10
[    4.860345] hub 2-0:1.0: USB hub found
[    4.864171] hub 2-0:1.0: 1 port detected
[    4.869726] dev_pm_opp_of_cpumask_add_table: couldn't find opp table for cpu:0, -19
[    4.877523] cpufreq: cpufreq_online: CPU0: Running at unlisted freq: 696000 KHz
[    4.884899] cpufreq: cpufreq_online: CPU0: Unlisted initial frequency changed to: 714000 KHz
[    4.894149] sdhci-tegra 700b0400.sdhci: Got CD GPIO
[    4.899056] sdhci-tegra 700b0400.sdhci: Got WP GPIO
[    4.903982] mmc1: Unknown controller version (3). You may experience problems.
[    4.911314] +VDDIO_SDMMC3: supplied by +3.3V_RUN
[    4.915983] sdhci-tegra 700b0400.sdhci: No vmmc regulator found
[    4.921922] mmc1: Invalid maximum block size, assuming 512 bytes
[    4.963635] mmc1: SDHCI controller on 700b0400.sdhci [700b0400.sdhci] using ADMA 64-bit
[    4.972335] input: gpio-keys as /devices/soc0/gpio-keys/input/input0
[    4.979636] as3722-rtc as3722-rtc: setting system clock to 2000-01-01 00:00:18 UTC (946684818)
[    4.992244] +1.8V_RUN_CAM: disabling
[    4.996032] +2.8V_RUN_CAM: disabling
[    4.999813] +1.2V_RUN_CAM_FRONT: disabling
[    5.004119] +1.05V_RUN_CAM_REAR: disabling
[    5.008383] +3.3V_RUN_TOUCH: disabling
[    5.012345] +2.8V_RUN_CAM_AF: disabling
[    5.016347] +1.8V_RUN_VPP_FUSE: disabling
[    5.020520] +USB0_VBUS_SW: disabling
[    5.143479] ata1: SATA link down (SStatus 0 SControl 300)
[    5.149787] EXT4-fs (mmcblk0p1): couldn't mount as ext3 due to feature incompatibilities
[    5.158671] EXT4-fs (mmcblk0p1): couldn't mount as ext2 due to feature incompatibilities
[    5.178451] usb 2-1: new high-speed USB device number 2 using tegra-ehci
[    5.178903] EXT4-fs (mmcblk0p1): recovery complete
[    5.178917] EXT4-fs (mmcblk0p1): mounted filesystem with ordered data mode. Opts: (null)
[    5.178954] VFS: Mounted root (ext4 filesystem) on device 179:1.
[    5.183540] devtmpfs: mounted
[    5.184291] Freeing unused kernel memory: 1040K (c0d94000 - c0e98000)
bash: cannot set terminal process group (-1): Inappropriate ioctl for device
bash: no job control in this shell
root@(none):/# 