
U-Boot SPL 2014.01-00219-gc4d376f (Feb 18 2014 - 19:57:18)


U-Boot 2014.01-00219-gc4d376f (Feb 18 2014 - 19:57:18)

TEGRA30
Board: NVIDIA Beaver
I2C:   ready
DRAM:  2 GiB
MMC:   Tegra SD/MMC: 0, Tegra SD/MMC: 1
In:    serial
Out:   serial
Err:   serial
Net:   Net Initialization Skipped
No ethernet found.
Hit any key to stop autoboot:  2  0 
Tegra30 (Beaver) # 
Tegra30 (Beaver) # usb reset
(Re)start USB...
USB0:   USB EHCI 1.00
scanning bus 0 for devices... 2 USB Device(s) found
       scanning usb for storage devices... 0 Storage Device(s) found
       scanning usb for ethernet devices... 
Warning: asx0 using MAC address from net device
1 Ethernet Device(s) found
Tegra30 (Beaver) # setenv bootargs 'ignore_loglevel console=ttyS0,115200n8 rw root=PARTUUID=edbe1840-3633-c751-7993-b0ac834f81e0 rootwait gpt debug noinitrd earlyprintk init=/bin/bash'
Tegra30 (Beaver) # setenv ipaddr 192.168.100.101; setenv serverip 192.168.100.1; setenv tftpserverip 192.168.100.1
Tegra30 (Beaver) # tftpboot 0x81000000 zImage.multi_v7_defconfig
Using asx0 device
TFTP from server 192.168.100.1; our IP address is 192.168.100.101
Filename 'zImage.multi_v7_defconfig'.
Load address: 0x81000000
Loading: *#################################################################
	 #################################################################
	 #################################################################
	 #################################################################
	 #################################################################
	 #################################################################
	 #################################################################
	 #########################
	 3.2 MiB/s
done
Bytes transferred = 7043696 (6b7a70 hex)
Tegra30 (Beaver) # tftpboot 0x82000000 tegra30-beaver.dtb
Using asx0 device
TFTP from server 192.168.100.1; our IP address is 192.168.100.101
Filename 'tegra30-beaver.dtb'.
Load address: 0x82000000
Loading: *####
	 3.3 MiB/s
done
Bytes transferred = 51627 (c9ab hex)
Tegra30 (Beaver) # bootz 0x81000000 - 0x82000000
Kernel image @ 0x81000000 [ 0x000000 - 0x6b7a70 ]
## Flattened Device Tree blob at 82000000
   Booting using the fdt blob at 0x82000000
   Loading Device Tree to 8fff0000, end 8ffff9aa ... OK

Starting kernel ...

[    0.000000] Booting Linux on physical CPU 0x0
[    0.000000] Linux version 4.6.0-rc5-next-20160428-114809-gef413b9 (pwalmsley@tamien) (gcc version 4.7.3 20130328 (prerelease) (crosstool-NG linaro-1.13.1-4.7-2013.04-20130415 - Linaro GCC 2013.04) ) #1 SMP Thu Apr 28 04:23:30 PDT 2016
[    0.000000] CPU: ARMv7 Processor [412fc099] revision 9 (ARMv7), cr=10c5387d
[    0.000000] CPU: PIPT / VIPT nonaliasing data cache, VIPT aliasing instruction cache
[    0.000000] Machine model: NVIDIA Tegra30 Beaver evaluation board
[    0.000000] debug: ignoring loglevel setting.
[    0.000000] cma: Reserved 64 MiB at 0xfb800000
[    0.000000] Memory policy: Data cache writealloc
[    0.000000] On node 0 totalpages: 524032
[    0.000000] free_area_init_node: node 0, pgdat c1418040, node_mem_map eeff8000
[    0.000000]   DMA zone: 1536 pages used for memmap
[    0.000000]   DMA zone: 0 pages reserved
[    0.000000]   DMA zone: 196608 pages, LIFO batch:31
[    0.000000]   HighMem zone: 327424 pages, LIFO batch:31
[    0.000000] percpu: Embedded 13 pages/cpu @eef8f000 s23744 r8192 d21312 u53248
[    0.000000] pcpu-alloc: s23744 r8192 d21312 u53248 alloc=13*4096
[    0.000000] pcpu-alloc: [0] 0 [0] 1 [0] 2 [0] 3 
[    0.000000] Built 1 zonelists in Zone order, mobility grouping on.  Total pages: 522496
[    0.000000] Kernel command line: ignore_loglevel console=ttyS0,115200n8 rw root=PARTUUID=edbe1840-3633-c751-7993-b0ac834f81e0 rootwait gpt debug noinitrd earlyprintk init=/bin/bash
[    0.000000] PID hash table entries: 4096 (order: 2, 16384 bytes)
[    0.000000] Dentry cache hash table entries: 131072 (order: 7, 524288 bytes)
[    0.000000] Inode-cache hash table entries: 65536 (order: 6, 262144 bytes)
[    0.000000] Memory: 1995052K/2096128K available (9527K kernel code, 1128K rwdata, 4184K rodata, 2048K init, 338K bss, 35540K reserved, 65536K cma-reserved, 1244160K highmem)
[    0.000000] Virtual kernel memory layout:
[    0.000000]     vector  : 0xffff0000 - 0xffff1000   (   4 kB)
[    0.000000]     fixmap  : 0xffc00000 - 0xfff00000   (3072 kB)
[    0.000000]     vmalloc : 0xf0800000 - 0xff800000   ( 240 MB)
[    0.000000]     lowmem  : 0xc0000000 - 0xf0000000   ( 768 MB)
[    0.000000]     pkmap   : 0xbfe00000 - 0xc0000000   (   2 MB)
[    0.000000]     modules : 0xbf000000 - 0xbfe00000   (  14 MB)
[    0.000000]       .text : 0xc0208000 - 0xc1063fe4   (14704 kB)
[    0.000000]       .init : 0xc1100000 - 0xc1300000   (2048 kB)
[    0.000000]       .data : 0xc1300000 - 0xc141a080   (1129 kB)
[    0.000000]        .bss : 0xc141c000 - 0xc1470a98   ( 339 kB)
[    0.000000] SLUB: HWalign=64, Order=0-3, MinObjects=0, CPUs=4, Nodes=1
[    0.000000] Hierarchical RCU implementation.
[    0.000000] 	Build-time adjustment of leaf fanout to 32.
[    0.000000] 	RCU restricting CPUs from NR_CPUS=16 to nr_cpu_ids=4.
[    0.000000] RCU: Adjusting geometry for rcu_fanout_leaf=32, nr_cpu_ids=4
[    0.000000] NR_IRQS:16 nr_irqs:16 16
[    0.000000] /interrupt-controller@60004000: 160 interrupts forwarded to /interrupt-controller@50041000
[    0.000000] L2C: platform modifies aux control register: 0x02080000 -> 0x3e480001
[    0.000000] L2C: DT/platform modifies aux control register: 0x02080000 -> 0x3e480001
[    0.000000] L2C-310 erratum 769419 enabled
[    0.000000] L2C-310 enabling early BRESP for Cortex-A9
[    0.000000] L2C-310: enabling full line of zeros but not enabled in Cortex-A9
[    0.000000] L2C-310 dynamic clock gating enabled, standby mode enabled
[    0.000000] L2C-310 cache controller enabled, 8 ways, 1024 kB
[    0.000000] L2C-310: CACHE_ID 0x410000c7, AUX_CTRL 0x4e480001
[    0.000014] sched_clock: 32 bits at 1000kHz, resolution 1000ns, wraps every 2147483647500ns
[    0.000031] clocksource: timer_us: mask: 0xffffffff max_cycles: 0xffffffff, max_idle_ns: 1911260446275 ns
[    0.000040] Switching to timer-based delay loop, resolution 1000ns
[    0.002856] Console: colour dummy device 80x30
[    0.002881] Calibrating delay loop (skipped), value calculated using timer frequency.. 2.00 BogoMIPS (lpj=5000)
[    0.002890] pid_max: default: 32768 minimum: 301
[    0.002976] Mount-cache hash table entries: 2048 (order: 1, 8192 bytes)
[    0.002984] Mountpoint-cache hash table entries: 2048 (order: 1, 8192 bytes)
[    0.003417] CPU: Testing write buffer coherency: ok
[    0.003702] CPU0: thread -1, cpu 0, socket 0, mpidr 80000000
[    0.003746] Setting up static identity map for 0x80300000 - 0x80300098
[    0.006248] Tegra Revision: A03 SKU: 128 CPU Process: 4 SoC Process: 0
[    0.010343] CPU1: thread -1, cpu 1, socket 0, mpidr 80000001
[    0.015327] CPU2: thread -1, cpu 2, socket 0, mpidr 80000002
[    0.020325] CPU3: thread -1, cpu 3, socket 0, mpidr 80000003
[    0.020371] Brought up 4 CPUs
[    0.020385] SMP: Total of 4 processors activated (8.00 BogoMIPS).
[    0.020390] CPU: All CPU(s) started in SVC mode.
[    0.021079] devtmpfs: initialized
[    0.028995] VFP support v0.3: implementor 41 architecture 3 part 30 variant 9 rev 4
[    0.029619] clocksource: jiffies: mask: 0xffffffff max_cycles: 0xffffffff, max_idle_ns: 9556302231375000 ns
[    0.032899] pinctrl core: initialized pinctrl subsystem
[    0.034359] NET: Registered protocol family 16
[    0.036534] DMA: preallocated 256 KiB pool for atomic coherent allocations
[    0.049923] cpuidle: using governor menu
[    0.058780] No ATAGs?
[    0.058808] hw-breakpoint: found 5 (+1 reserved) breakpoint and 1 watchpoint registers.
[    0.058814] hw-breakpoint: maximum watchpoint size is 4 bytes.
[    0.062034] Serial: AMBA PL011 UART driver
[    0.063373] tegra-mc 7000f000.memory-controller: no memory timings for RAM code 3 registered
[    0.082857] vdd_5v_sata: Failed to request enable GPIO30: -517
[    0.082870] reg-fixed-voltage regulators:regulator@3: Failed to register regulator: -517
[    0.082914] usb1_vbus: Failed to request enable GPIO238: -517
[    0.082922] reg-fixed-voltage regulators:regulator@4: Failed to register regulator: -517
[    0.082966] usb3_vbus: Failed to request enable GPIO236: -517
[    0.082973] reg-fixed-voltage regulators:regulator@5: Failed to register regulator: -517
[    0.083060] sys_3v3_pexs: Failed to request enable GPIO95: -517
[    0.083067] reg-fixed-voltage regulators:regulator@7: Failed to register regulator: -517
[    0.085154] vgaarb: loaded
[    0.085633] SCSI subsystem initialized
[    0.085761] libata version 3.00 loaded.
[    0.085924] usbcore: registered new interface driver usbfs
[    0.085960] usbcore: registered new interface driver hub
[    0.086004] usbcore: registered new device driver usb
[    0.092725] vrtc: supplied by vdd_5v_in
[    0.096029] vio: supplied by vdd_5v_in
[    0.101812] vdd1: supplied by vdd_5v_in
[    0.103172] vddio_ddr_1v2: Bringing 600000uV into 1200000-1200000uV
[    0.106815] vdd2: supplied by vdd_5v_in
[    0.116810] ldo1: supplied by vdd_1v5_gen
[    0.119183] ldo2: supplied by vdd_1v5_gen
[    0.119676] vdd_sata,avdd_plle: Bringing 1200000uV into 1050000-1050000uV
[    0.121918] ldo3: supplied by vdd_5v_in
[    0.124287] ldo4: supplied by vdd_5v_in
[    0.126831] ldo5: supplied by vdd_5v_in
[    0.131819] ldo6: supplied by vdd_1v8_gen
[    0.132292] avdd_dsi_csi,pwrdet_mipi: Bringing 1000000uV into 1200000-1200000uV
[    0.134533] ldo7: supplied by vdd_1v8_gen
[    0.141834] ldo8: supplied by vdd_1v8_gen
[    0.146852] pps_core: LinuxPPS API ver. 1 registered
[    0.146858] pps_core: Software ver. 5.3.6 - Copyright 2005-2007 Rodolfo Giometti <giometti@linux.it>
[    0.146883] PTP clock support registered
[    0.147022] EDAC MC: Ver: 3.0.0
[    0.148509] clocksource: Switched to clocksource timer_us
[    0.154289] NET: Registered protocol family 2
[    0.154694] TCP established hash table entries: 8192 (order: 3, 32768 bytes)
[    0.154747] TCP bind hash table entries: 8192 (order: 4, 65536 bytes)
[    0.154830] TCP: Hash tables configured (established 8192 bind 8192)
[    0.154920] UDP hash table entries: 512 (order: 2, 16384 bytes)
[    0.154982] UDP-Lite hash table entries: 512 (order: 2, 16384 bytes)
[    0.155148] NET: Registered protocol family 1
[    0.155385] RPC: Registered named UNIX socket transport module.
[    0.155393] RPC: Registered udp transport module.
[    0.155397] RPC: Registered tcp transport module.
[    0.155401] RPC: Registered tcp NFSv4.1 backchannel transport module.
[    0.155410] PCI: CLS 0 bytes, default 64
[    0.156165] hw perfevents: enabled with armv7_cortex_a9 PMU driver, 7 counters available
[    0.157065] futex hash table entries: 1024 (order: 4, 65536 bytes)
[    0.157554] workingset: timestamp_bits=28 max_order=19 bucket_order=0
[    0.162758] squashfs: version 4.0 (2009/01/31) Phillip Lougher
[    0.163214] NFS: Registering the id_resolver key type
[    0.163251] Key type id_resolver registered
[    0.163255] Key type id_legacy registered
[    0.163285] ntfs: driver 2.1.32 [Flags: R/O].
[    0.164131] bounce: pool size: 64 pages
[    0.164249] Block layer SCSI generic (bsg) driver version 0.4 loaded (major 248)
[    0.164258] io scheduler noop registered
[    0.164263] io scheduler deadline registered
[    0.164282] io scheduler cfq registered (default)
[    0.176778] tegra-pcie 3000.pcie-controller: 2x3 configuration
[    0.176923] tegra-pcie 3000.pcie-controller: Failed to get supply 'hvdd-pex': -517
[    0.180707] tegra-apbdma 6000a000.dma: Tegra20 APB DMA driver register 32 channels
[    0.181858] tegra-pmc 7000e400.pmc: i2c-thermtrip node not found, emergency thermal reset disabled.
[    0.213912] Serial: 8250/16550 driver, 4 ports, IRQ sharing disabled
[    0.216034] console [ttyS0] disabled
[    0.216074] 70006000.serial: ttyS0 at MMIO 0x70006000 (irq = 331, base_baud = 25500000) is a Tegra
[    1.073721] console [ttyS0] enabled
[    1.077715] SuperH (H)SCI(F) driver initialized
[    1.082843] msm_serial: driver initialized
[    1.087055] STMicroelectronics ASC driver initialized
[    1.094377] [drm] Initialized drm 1.1.0 20060810
[    1.100976] tegra-hdmi 54280000.hdmi: failed to get HDMI regulator
[    1.115161] brd: module loaded
[    1.122076] loop: module loaded
[    1.130328] m25p80 spi32766.1: w25q32 (4096 Kbytes)
[    1.137645] CAN device driver interface
[    1.142657] igb: Intel(R) Gigabit Ethernet Network Driver - version 5.3.0-k
[    1.149614] igb: Copyright (c) 2007-2014 Intel Corporation.
[    1.156995] pegasus: v0.9.3 (2013/04/25), Pegasus/Pegasus II USB Ethernet driver
[    1.164438] usbcore: registered new interface driver pegasus
[    1.170124] usbcore: registered new interface driver asix
[    1.175540] usbcore: registered new interface driver ax88179_178a
[    1.181647] usbcore: registered new interface driver cdc_ether
[    1.187505] usbcore: registered new interface driver smsc75xx
[    1.193284] usbcore: registered new interface driver smsc95xx
[    1.199048] usbcore: registered new interface driver net1080
[    1.204723] usbcore: registered new interface driver cdc_subset
[    1.210657] usbcore: registered new interface driver zaurus
[    1.216277] usbcore: registered new interface driver cdc_ncm
[    1.223412] ehci_hcd: USB 2.0 'Enhanced' Host Controller (EHCI) Driver
[    1.229938] ehci-pci: EHCI PCI platform driver
[    1.234405] ehci-platform: EHCI generic platform driver
[    1.239754] ehci-omap: OMAP-EHCI Host Controller driver
[    1.245058] ehci-orion: EHCI orion driver
[    1.249141] SPEAr-ehci: EHCI SPEAr driver
[    1.253213] ehci-st: EHCI STMicroelectronics driver
[    1.258163] ehci-exynos: EHCI EXYNOS driver
[    1.262434] ehci-atmel: EHCI Atmel driver
[    1.266515] tegra-ehci: Tegra EHCI driver
[    1.270707] ------------[ cut here ]------------
[    1.275350] WARNING: CPU: 0 PID: 1 at drivers/reset/core.c:187 __of_reset_control_get+0x1bc/0x228
[    1.284208] Modules linked in:
[    1.287262] CPU: 0 PID: 1 Comm: swapper/0 Not tainted 4.6.0-rc5-next-20160428-114809-gef413b9 #1
[    1.296024] Hardware name: NVIDIA Tegra SoC (Flattened Device Tree)
[    1.302311] [<c030f9a0>] (unwind_backtrace) from [<c030b088>] (show_stack+0x10/0x14)
[    1.310043] [<c030b088>] (show_stack) from [<c0584f08>] (dump_stack+0x84/0xa4)
[    1.317259] [<c0584f08>] (dump_stack) from [<c0341b64>] (__warn+0xd4/0x100)
[    1.324206] [<c0341b64>] (__warn) from [<c0341bb0>] (warn_slowpath_null+0x20/0x28)
[    1.331760] [<c0341bb0>] (warn_slowpath_null) from [<c069b5ec>] (__of_reset_control_get+0x1bc/0x228)
[    1.340880] [<c069b5ec>] (__of_reset_control_get) from [<c090bf54>] (tegra_ehci_probe+0x2d0/0x51c)
[    1.349830] [<c090bf54>] (tegra_ehci_probe) from [<c0774044>] (platform_drv_probe+0x50/0xb0)
[    1.358252] [<c0774044>] (platform_drv_probe) from [<c07729a8>] (driver_probe_device+0x1f4/0x2b0)
[    1.367104] [<c07729a8>] (driver_probe_device) from [<c0772b10>] (__driver_attach+0xac/0xb0)
[    1.375523] [<c0772b10>] (__driver_attach) from [<c0770fbc>] (bus_for_each_dev+0x54/0x88)
[    1.383681] [<c0770fbc>] (bus_for_each_dev) from [<c0771f9c>] (bus_add_driver+0xe8/0x1f4)
[    1.391840] [<c0771f9c>] (bus_add_driver) from [<c077332c>] (driver_register+0x78/0xf4)
[    1.399826] [<c077332c>] (driver_register) from [<c0301e5c>] (do_one_initcall+0x3c/0x16c)
[    1.407990] [<c0301e5c>] (do_one_initcall) from [<c1100d80>] (kernel_init_freeable+0x120/0x1ec)
[    1.416677] [<c1100d80>] (kernel_init_freeable) from [<c0b5253c>] (kernel_init+0x8/0x118)
[    1.424838] [<c0b5253c>] (kernel_init) from [<c0307f78>] (ret_from_fork+0x14/0x3c)
[    1.432406] ---[ end trace af5aa5cc83dde09a ]---
[    1.437021] tegra-ehci 7d004000.usb: can't get utmi-pads reset from the PHY
[    1.443973] tegra-ehci 7d004000.usb: continuing, but please update your DT
[    1.451006] ohci_hcd: USB 1.1 'Open' Host Controller (OHCI) Driver
[    1.457192] ohci-pci: OHCI PCI platform driver
[    1.461662] ohci-platform: OHCI generic platform driver
[    1.466992] ohci-omap3: OHCI OMAP3 driver
[    1.471076] SPEAr-ohci: OHCI SPEAr driver
[    1.475159] ohci-st: OHCI STMicroelectronics driver
[    1.480108] ohci-atmel: OHCI Atmel driver
[    1.484566] usbcore: registered new interface driver usb-storage
[    1.491559] mousedev: PS/2 mouse device common for all mice
[    1.499093] tegra_rtc 7000e000.rtc: rtc core: registered 7000e000.rtc as rtc1
[    1.506258] tegra_rtc 7000e000.rtc: Tegra internal Real Time Clock
[    1.524942] tps65910-rtc tps65910-rtc: rtc core: registered tps65910-rtc as rtc0
[    1.532524] i2c /dev entries driver
[    1.543385] sdhci: Secure Digital Host Controller Interface driver
[    1.549574] sdhci: Copyright(c) Pierre Ossman
[    1.554834] Synopsys Designware Multimedia Card Interface Driver
[    1.561477] sdhci-pltfm: SDHCI platform and OF driver helper
[    1.567683] sdhci-tegra 78000000.sdhci: Got CD GPIO
[    1.572573] sdhci-tegra 78000000.sdhci: Got WP GPIO
[    1.578610] mmc0: Invalid maximum block size, assuming 512 bytes
[    1.618583] mmc0: SDHCI controller on 78000000.sdhci [78000000.sdhci] using ADMA
[    1.629223] mmc1: Invalid maximum block size, assuming 512 bytes
[    1.668511] mmc1: SDHCI controller on 78000600.sdhci [78000600.sdhci] using ADMA
[    1.677019] ledtrig-cpu: registered to indicate activity on CPUs
[    1.683311] usbcore: registered new interface driver usbhid
[    1.688879] usbhid: USB HID core driver
[    1.695914] NET: Registered protocol family 10
[    1.700925] sit: IPv6 over IPv4 tunneling driver
[    1.708012] NET: Registered protocol family 17
[    1.712465] can: controller area network core (rev 20120528 abi 9)
[    1.718678] NET: Registered protocol family 29
[    1.723109] can: raw protocol (rev 20120528)
[    1.727375] can: broadcast manager protocol (rev 20120528 t)
[    1.733031] can: netlink gateway (rev 20130117) max_hops=1
[    1.738798] Key type dns_resolver registered
[    1.743447] ThumbEE CPU extension supported.
[    1.747726] Registering SWP/SWPB emulation handler
[    1.777515] vdd_ddr: supplied by vdd_5v_in
[    1.782803] vdd_5v_sata: supplied by vdd_5v_in
[    1.787556] usb1_vbus: supplied by vdd_5v_in
[    1.792149] usb3_vbus: supplied by vdd_5v_in
[    1.799207] sys_3v3,vdd_3v3_alw: supplied by vdd_5v_in
[    1.804947] +VDD_5V_HDMI: supplied by sys_3v3,vdd_3v3_alw
[    1.810561] sys_3v3_pexs: supplied by sys_3v3,vdd_3v3_alw
[    1.816630] tegra-pcie 3000.pcie-controller: 2x3 configuration
[    1.826164] tegra-pcie 3000.pcie-controller: probing port 0, using 2 lanes
[    1.833999] mmc1: new high speed MMC card at address 0001
[    1.839747] mmcblk1: mmc1:0001 SEM16G 14.8 GiB 
[    1.845181] mmcblk1boot0: mmc1:0001 SEM16G partition 1 1.00 MiB
[    1.851590] mmcblk1boot1: mmc1:0001 SEM16G partition 2 1.00 MiB
[    1.857937] mmcblk1rpmb: mmc1:0001 SEM16G partition 3 128 KiB
[    1.866780] Primary GPT is invalid, using alternate GPT.
[    1.872105]  mmcblk1: p1 p2 p3 p4 p5
[    1.891348] tegra-pcie 3000.pcie-controller: probing port 2, using 2 lanes
[    2.302019] tegra-pcie 3000.pcie-controller: link 2 down, retrying
[    2.711997] tegra-pcie 3000.pcie-controller: link 2 down, retrying
[    3.121979] tegra-pcie 3000.pcie-controller: link 2 down, retrying
[    3.130172] tegra-pcie 3000.pcie-controller: link 2 down, ignoring
[    3.136472] tegra-pcie 3000.pcie-controller: PCI host bridge to bus 0000:00
[    3.143431] pci_bus 0000:00: root bus resource [io  0x0000-0xffff]
[    3.149605] pci_bus 0000:00: root bus resource [mem 0x20000000-0x27ffffff]
[    3.156470] pci_bus 0000:00: root bus resource [mem 0x28000000-0x3fffffff pref]
[    3.163768] pci_bus 0000:00: root bus resource [bus 00-ff]
[    3.169268] pci 0000:00:01.0: [10de:0e1c] type 01 class 0x060400
[    3.175329] pci 0000:00:01.0: PME# supported from D0 D1 D2 D3hot D3cold
[    3.182093] PCI: bus0: Fast back to back transfers disabled
[    3.187666] pci 0000:00:01.0: bridge configuration invalid ([bus 00-00]), reconfiguring
[    3.195752] pci 0000:01:00.0: [10ec:8168] type 00 class 0x020000
[    3.201767] pci 0000:01:00.0: reg 0x10: [io  0x0000-0x00ff]
[    3.207346] pci 0000:01:00.0: reg 0x18: [mem 0x00000000-0x00000fff 64bit pref]
[    3.214567] pci 0000:01:00.0: reg 0x20: [mem 0x00000000-0x00003fff 64bit pref]
[    3.221848] pci 0000:01:00.0: supports D1 D2
[    3.226114] pci 0000:01:00.0: PME# supported from D0 D1 D2 D3hot D3cold
[    3.238530] PCI: bus1: Fast back to back transfers disabled
[    3.244102] pci_bus 0000:01: busn_res: [bus 01-ff] end is updated to 01
[    3.250774] pci 0000:00:01.0: BAR 9: assigned [mem 0x28000000-0x280fffff 64bit pref]
[    3.258511] pci 0000:00:01.0: BAR 7: assigned [io  0x1000-0x1fff]
[    3.264601] pci 0000:01:00.0: BAR 4: assigned [mem 0x28000000-0x28003fff 64bit pref]
[    3.272342] pci 0000:01:00.0: BAR 2: assigned [mem 0x28004000-0x28004fff 64bit pref]
[    3.280082] pci 0000:01:00.0: BAR 0: assigned [io  0x1000-0x10ff]
[    3.286171] pci 0000:00:01.0: PCI bridge to [bus 01]
[    3.291130] pci 0000:00:01.0:   bridge window [io  0x1000-0x1fff]
[    3.297216] pci 0000:00:01.0:   bridge window [mem 0x28000000-0x280fffff 64bit pref]
[    3.304962] pci 0000:00:01.0: nv_msi_ht_cap_quirk didn't locate host bridge
[    3.312016] pcieport 0000:00:01.0: enabling device (0140 -> 0143)
[    3.318254] pcieport 0000:00:01.0: Signaling PME through PCIe PME interrupt
[    3.325211] pci 0000:01:00.0: Signaling PME through PCIe PME interrupt
[    3.331731] pcie_pme 0000:00:01.0:pcie01: service driver pcie_pme loaded
[    3.338604] r8169 Gigabit Ethernet driver 2.3LK-NAPI loaded
[    3.344188] r8169 0000:01:00.0: enabling device (0140 -> 0143)
[    3.351300] r8169 0000:01:00.0 eth0: RTL8168evl/8111evl at 0xf09f2000, 02:04:4b:01:60:a6, XID 0c900800 IRQ 375
[    3.361300] r8169 0000:01:00.0 eth0: jumbo features [frames: 9200 bytes, tx checksumming: ko]
[    3.373438] [drm] Supports vblank timestamp caching Rev 2 (21.10.2013).
[    3.380055] [drm] No driver support for vblank timestamp query.
[    3.385996] drm drm: No connectors reported connected with modes
[    3.392002] [drm] Cannot find any crtc or sizes - going 1024x768
[    3.419374] Console: switching to colour frame buffer device 128x48
[    3.431898] drm drm: fb0:  frame buffer device
[    3.448511] [drm] Initialized tegra 0.0.0 20120330 on minor 0
[    3.459552] utmi_phy_clk_enable: timeout waiting for phy to stabilize
[    3.466020] tegra-ehci 7d004000.usb: EHCI Host Controller
[    3.471430] tegra-ehci 7d004000.usb: new USB bus registered, assigned bus number 1
[    3.480488] tegra-ehci 7d004000.usb: irq 343, io mem 0x7d004000
[    3.493518] tegra-ehci 7d004000.usb: USB 2.0 started, EHCI 1.00
[    3.499974] hub 1-0:1.0: USB hub found
[    3.503756] hub 1-0:1.0: 1 port detected
[    3.508790] tegra-ehci 7d008000.usb: EHCI Host Controller
[    3.514208] tegra-ehci 7d008000.usb: new USB bus registered, assigned bus number 2
[    3.521949] tegra-ehci 7d008000.usb: irq 344, io mem 0x7d008000
[    3.533508] tegra-ehci 7d008000.usb: USB 2.0 started, EHCI 1.00
[    3.539884] hub 2-0:1.0: USB hub found
[    3.543665] hub 2-0:1.0: 1 port detected
[    3.551643] tps65910-rtc tps65910-rtc: setting system clock to 2000-01-01 00:00:02 UTC (946684802)
[    3.565379] vdd_sata,avdd_plle: disabling
[    3.570180] usb1_vbus: disabling
[    3.576101] EXT4-fs (mmcblk1p1): mounting ext3 file system using the ext4 subsystem
[    3.593373] EXT4-fs (mmcblk1p1): warning: mounting fs with errors, running e2fsck is recommended
[    3.604811] EXT4-fs (mmcblk1p1): recovery complete
[    3.609620] EXT4-fs (mmcblk1p1): mounted filesystem with ordered data mode. Opts: (null)
[    3.617732] VFS: Mounted root (ext3 filesystem) on device 179:1.
[    3.635441] devtmpfs: mounted
[    3.641034] Freeing unused kernel memory: 2048K (c1100000 - c1300000)
bash: cannot set terminal process group (-1): Inappropriate ioctl for device
bash: no job control in this shell
root@(none):/# [    3.853531] usb 2-1: new high-speed USB device number 2 using tegra-ehci
mount -t sysfs none /sys
root@(none):/# 
root@(none):/# [    4.795978] asix 2-1:1.0 eth1: register 'asix' at usb-7d008000.usb-1, ASIX AX88772 USB 2.0 Ethernet, 00:50:b6:0f:67:60
mount -t debugfs none /sys/kernel/debug
root@(none):/# 
root@(none):/# rtcwake -d rtc1 -m mem -s 3
rtcwake: wakeup from "mem" using /dev/rtc1 at Thu Jan  1 00:00:21 1970
[    6.477315] PM: Syncing filesystems ... done.
[    6.489289] Freezing user space processes ... (elapsed 0.001 seconds) done.
[    6.497403] Freezing remaining freezable tasks ... (elapsed 0.001 seconds) done.
[    6.506047] Suspending console(s) (use no_console_suspend to debug)
[    6.552065] PM: suspend of devices complete after 38.738 msecs
[    6.552727] PM: late suspend of devices complete after 0.655 msecs
[    6.563973] PM: noirq suspend of devices complete after 11.239 msecs
[    6.563977] Disabling non-boot CPUs ...
[    6.564314] IRQ17 no longer affine to CPU1
[    6.564636] CPU1: shutdown
[    6.580010] CPU2: shutdown
[    6.594491] CPU3: shutdown
[    6.608993] Entering suspend state LP1
[    6.609004] Enabling non-boot CPUs ...
[    6.634506] CPU1 is up
[    6.659608] CPU2 is up
[    6.684740] CPU3 is up
[    6.685350] pcieport 0000:00:01.0: nv_msi_ht_cap_quirk didn't locate host bridge
[    6.698569] PM: noirq resume of devices complete after 13.822 msecs
[    6.699544] PM: early resume of devices complete after 0.608 msecs
[    6.765961] PM: resume of devices complete after 66.406 msecs
[    6.841178] Restarting tasks ... done.
root@(none):/# 
root@(none):/# rtcwake -d rtc1 -m mem -s 3
rtcwake: wakeup from "mem" using /dev/rtc1 at Thu Jan  1 00:00:26 1970
[    7.935529] PM: Syncing filesystems ... done.
[    7.947954] Freezing user space processes ... (elapsed 0.001 seconds) done.
[    7.956076] Freezing remaining freezable tasks ... (elapsed 0.001 seconds) done.
[    7.964701] Suspending console(s) (use no_console_suspend to debug)
[    8.002855] PM: suspend of devices complete after 30.967 msecs
[    8.004265] PM: late suspend of devices complete after 1.403 msecs
[    8.018955] PM: noirq suspend of devices complete after 14.682 msecs
[    8.018958] Disabling non-boot CPUs ...
[    8.019288] IRQ17 no longer affine to CPU1
[    8.019609] CPU1: shutdown
[    8.034879] CPU2: shutdown
[    8.049458] CPU3: shutdown
[    8.063953] Entering suspend state LP1
[    8.063968] Enabling non-boot CPUs ...
[    8.089649] CPU1 is up
[    8.114734] CPU2 is up
[    8.139877] CPU3 is up
[    8.140616] pcieport 0000:00:01.0: nv_msi_ht_cap_quirk didn't locate host bridge
[    8.153545] PM: noirq resume of devices complete after 13.656 msecs
[    8.155882] PM: early resume of devices complete after 1.909 msecs
[    8.226861] PM: resume of devices complete after 70.966 msecs
[    8.302317] Restarting tasks ... done.
root@(none):/# 
root@(none):/# rtcwake -d rtc1 -m mem -s 3
rtcwake: wakeup from "mem" using /dev/rtc1 at Thu Jan  1 00:00:31 1970
[    9.383591] PM: Syncing filesystems ... done.
[    9.398340] Freezing user space processes ... (elapsed 0.001 seconds) done.
[    9.406493] Freezing remaining freezable tasks ... (elapsed 0.001 seconds) done.
[    9.415177] Suspending console(s) (use no_console_suspend to debug)
[    9.458520] PM: suspend of devices complete after 35.872 msecs
[    9.460870] PM: late suspend of devices complete after 2.339 msecs
[    9.474006] PM: noirq suspend of devices complete after 13.125 msecs
[    9.474010] Disabling non-boot CPUs ...
[    9.474817] CPU1: shutdown
[    9.505103] CPU2: shutdown
[    9.519350] IRQ17 no longer affine to CPU3
[    9.519550] CPU3: shutdown
[    9.533970] Entering suspend state LP1
[    9.533985] Enabling non-boot CPUs ...
[    9.559653] CPU1 is up
[    9.584727] CPU2 is up
[    9.609862] CPU3 is up
[    9.610600] pcieport 0000:00:01.0: nv_msi_ht_cap_quirk didn't locate host bridge
[    9.623540] PM: noirq resume of devices complete after 13.670 msecs
[    9.625515] PM: early resume of devices complete after 1.717 msecs
[    9.691846] PM: resume of devices complete after 66.318 msecs
[    9.767255] Restarting tasks ... done.
root@(none):/# 
root@(none):/# rtcwake -d rtc1 -m mem -s 3
rtcwake: wakeup from "mem" using /dev/rtc1 at Thu Jan  1 00:00:36 1970
[   10.852009] PM: Syncing filesystems ... done.
[   10.866766] Freezing user space processes ... (elapsed 0.001 seconds) done.
[   10.874942] Freezing remaining freezable tasks ... (elapsed 0.001 seconds) done.
[   10.883620] Suspending console(s) (use no_console_suspend to debug)
[   10.923983] PM: suspend of devices complete after 32.906 msecs
[   10.924751] PM: late suspend of devices complete after 0.758 msecs
[   10.939008] PM: noirq suspend of devices complete after 14.249 msecs
[   10.939012] Disabling non-boot CPUs ...
[   10.939452] IRQ17 no longer affine to CPU1
[   10.939837] CPU1: shutdown
[   10.965046] CPU2: shutdown
[   10.984500] CPU3: shutdown
[   10.998965] Entering suspend state LP1
[   10.998981] Enabling non-boot CPUs ...
[   11.024626] CPU1 is up
[   11.049729] CPU2 is up
[   11.074850] CPU3 is up
[   11.075597] pcieport 0000:00:01.0: nv_msi_ht_cap_quirk didn't locate host bridge
[   11.088518] PM: noirq resume of devices complete after 13.659 msecs
[   11.091210] PM: early resume of devices complete after 2.252 msecs
[   11.161399] PM: resume of devices complete after 70.172 msecs
[   11.236856] Restarting tasks ... done.
root@(none):/# 
root@(none):/# rtcwake -d rtc1 -m mem -s 3
rtcwake: wakeup from "mem" using /dev/rtc1 at Thu Jan  1 00:00:41 1970
[   12.319909] PM: Syncing filesystems ... done.
[   12.334674] Freezing user space processes ... (elapsed 0.001 seconds) done.
[   12.342827] Freezing remaining freezable tasks ... (elapsed 0.001 seconds) done.
[   12.351504] Suspending console(s) (use no_console_suspend to debug)
[   12.393503] PM: suspend of devices complete after 34.508 msecs
[   12.394297] PM: late suspend of devices complete after 0.785 msecs
[   12.408975] PM: noirq suspend of devices complete after 14.670 msecs
[   12.408980] Disabling non-boot CPUs ...
[   12.409400] IRQ17 no longer affine to CPU1
[   12.409794] CPU1: shutdown
[   12.440074] CPU2: shutdown
[   12.454525] CPU3: shutdown
[   12.468933] Entering suspend state LP1
[   12.468947] Enabling non-boot CPUs ...
[   12.494587] CPU1 is up
[   12.519692] CPU2 is up
[   12.544803] CPU3 is up
[   12.545549] pcieport 0000:00:01.0: nv_msi_ht_cap_quirk didn't locate host bridge
[   12.558500] PM: noirq resume of devices complete after 13.688 msecs
[   12.560162] PM: early resume of devices complete after 1.412 msecs
[   12.632308] PM: resume of devices complete after 72.129 msecs
[   12.707699] Restarting tasks ... done.
root@(none):/# 
root@(none):/# rtcwake -d rtc1 -m mem -s 3
rtcwake: wakeup from "mem" using /dev/rtc1 at Thu Jan  1 00:00:46 1970
[   13.786962] PM: Syncing filesystems ... done.
[   13.801743] Freezing user space processes ... (elapsed 0.001 seconds) done.
[   13.809911] Freezing remaining freezable tasks ... (elapsed 0.001 seconds) done.
[   13.818585] Suspending console(s) (use no_console_suspend to debug)
[   13.857961] PM: suspend of devices complete after 31.900 msecs
[   13.861385] PM: late suspend of devices complete after 3.414 msecs
[   13.873956] PM: noirq suspend of devices complete after 12.558 msecs
[   13.873960] Disabling non-boot CPUs ...
[   13.874367] IRQ17 no longer affine to CPU1
[   13.874766] CPU1: shutdown
[   13.905067] CPU2: shutdown
[   13.919521] CPU3: shutdown
[   13.933918] Entering suspend state LP1
[   13.933933] Enabling non-boot CPUs ...
[   13.959564] CPU1 is up
[   13.984676] CPU2 is up
[   14.009782] CPU3 is up
[   14.010527] pcieport 0000:00:01.0: nv_msi_ht_cap_quirk didn't locate host bridge
[   14.023464] PM: noirq resume of devices complete after 13.673 msecs
[   14.025227] PM: early resume of devices complete after 1.322 msecs
[   14.096855] PM: resume of devices complete after 71.614 msecs
[   14.172291] Restarting tasks ... done.
root@(none):/# 
root@(none):/# rtcwake -d rtc1 -m mem -s 3
rtcwake: wakeup from "mem" using /dev/rtc1 at Thu Jan  1 00:00:51 1970
[   15.256010] PM: Syncing filesystems ... done.
[   15.270760] Freezing user space processes ... (elapsed 0.001 seconds) done.
[   15.278924] Freezing remaining freezable tasks ... (elapsed 0.001 seconds) done.
[   15.287591] Suspending console(s) (use no_console_suspend to debug)
[   15.328925] PM: suspend of devices complete after 33.862 msecs
[   15.330870] PM: late suspend of devices complete after 1.936 msecs
[   15.343903] PM: noirq suspend of devices complete after 13.025 msecs
[   15.343908] Disabling non-boot CPUs ...
[   15.344317] IRQ17 no longer affine to CPU1
[   15.344719] CPU1: shutdown
[   15.375004] CPU2: shutdown
[   15.389468] CPU3: shutdown
[   15.403882] Entering suspend state LP1
[   15.403899] Enabling non-boot CPUs ...
[   15.429531] CPU1 is up
[   15.454611] CPU2 is up
[   15.479749] CPU3 is up
[   15.480494] pcieport 0000:00:01.0: nv_msi_ht_cap_quirk didn't locate host bridge
[   15.493434] PM: noirq resume of devices complete after 13.675 msecs
[   15.495584] PM: early resume of devices complete after 1.735 msecs
[   15.567317] PM: resume of devices complete after 71.720 msecs
[   15.642713] Restarting tasks ... done.
root@(none):/# 
root@(none):/# rtcwake -d rtc1 -m mem -s 3
rtcwake: wakeup from "mem" using /dev/rtc1 at Thu Jan  1 00:00:56 1970
[   16.720875] PM: Syncing filesystems ... done.
[   16.735632] Freezing user space processes ... (elapsed 0.001 seconds) done.
[   16.743807] Freezing remaining freezable tasks ... (elapsed 0.001 seconds) done.
[   16.752469] Suspending console(s) (use no_console_suspend to debug)
[   16.793921] PM: suspend of devices complete after 33.965 msecs
[   16.797283] PM: late suspend of devices complete after 3.352 msecs
[   16.808892] PM: noirq suspend of devices complete after 11.599 msecs
[   16.808898] Disabling non-boot CPUs ...
[   16.809313] IRQ17 no longer affine to CPU1
[   16.809709] CPU1: shutdown
[   16.835004] CPU2: shutdown
[   16.849445] CPU3: shutdown
[   16.863852] Entering suspend state LP1
[   16.863865] Enabling non-boot CPUs ...
[   16.889539] CPU1 is up
[   16.914607] CPU2 is up
[   16.939746] CPU3 is up
[   16.940471] pcieport 0000:00:01.0: nv_msi_ht_cap_quirk didn't locate host bridge
[   16.953417] PM: noirq resume of devices complete after 13.662 msecs
[   16.955606] PM: early resume of devices complete after 1.756 msecs
[   17.026820] PM: resume of devices complete after 71.199 msecs
[   17.102256] Restarting tasks ... done.
root@(none):/# 
root@(none):/# rtcwake -d rtc1 -m mem -s 3
rtcwake: wakeup from "mem" using /dev/rtc1 at Thu Jan  1 00:01:01 1970
[   18.184835] PM: Syncing filesystems ... done.
[   18.198622] Freezing user space processes ... (elapsed 0.001 seconds) done.
[   18.206758] Freezing remaining freezable tasks ... (elapsed 0.001 seconds) done.
[   18.215443] Suspending console(s) (use no_console_suspend to debug)
[   18.248411] PM: suspend of devices complete after 25.493 msecs
[   18.249819] PM: late suspend of devices complete after 1.398 msecs
[   18.263886] PM: noirq suspend of devices complete after 14.059 msecs
[   18.263890] Disabling non-boot CPUs ...
[   18.264300] IRQ17 no longer affine to CPU1
[   18.264697] CPU1: shutdown
[   18.289955] CPU2: shutdown
[   18.304410] CPU3: shutdown
[   18.318827] Entering suspend state LP1
[   18.318842] Enabling non-boot CPUs ...
[   18.344482] CPU1 is up
[   18.369564] CPU2 is up
[   18.394700] CPU3 is up
[   18.395438] pcieport 0000:00:01.0: nv_msi_ht_cap_quirk didn't locate host bridge
[   18.408388] PM: noirq resume of devices complete after 13.676 msecs
[   18.409586] PM: early resume of devices complete after 0.765 msecs
[   18.476787] PM: resume of devices complete after 67.182 msecs
[   18.552259] Restarting tasks ... done.
root@(none):/# 
root@(none):/# rtcwake -d rtc1 -m mem -s 3
rtcwake: wakeup from "mem" using /dev/rtc1 at Thu Jan  1 00:01:06 1970
[   19.655017] PM: Syncing filesystems ... done.
[   19.669782] Freezing user space processes ... (elapsed 0.001 seconds) done.
[   19.677943] Freezing remaining freezable tasks ... (elapsed 0.001 seconds) done.
[   19.686614] Suspending console(s) (use no_console_suspend to debug)
[   19.728849] PM: suspend of devices complete after 34.738 msecs
[   19.729685] PM: late suspend of devices complete after 0.827 msecs
[   19.743849] PM: noirq suspend of devices complete after 14.155 msecs
[   19.743855] Disabling non-boot CPUs ...
[   19.744271] IRQ17 no longer affine to CPU1
[   19.744675] CPU1: shutdown
[   19.774932] CPU2: shutdown
[   19.789398] CPU3: shutdown
[   19.803812] Entering suspend state LP1
[   19.803827] Enabling non-boot CPUs ...
[   19.829482] CPU1 is up
[   19.854556] CPU2 is up
[   19.879688] CPU3 is up
[   19.880434] pcieport 0000:00:01.0: nv_msi_ht_cap_quirk didn't locate host bridge
[   19.893367] PM: noirq resume of devices complete after 13.669 msecs
[   19.895550] PM: early resume of devices complete after 1.744 msecs
[   19.965670] PM: resume of devices complete after 70.105 msecs
[   20.041075] Restarting tasks ... done.
root@(none):/# 
root@(none):/# NVTB SYSTEM SUSPEND TEST COMPLETE
