
U-Boot SPL 2016.05-rc2 (Apr 21 2016 - 16:23:00)
Trying to boot from RAM


U-Boot 2016.05-rc2 (Apr 21 2016 - 16:23:00 -0700)

TEGRA124
Model: NVIDIA Jetson TK1
Board: NVIDIA Jetson TK1
DRAM:  2 GiB
MC:   Tegra SD/MMC: 0, Tegra SD/MMC: 1
In:    serial
Out:   serial
Err:   serial
Net:   No ethernet found.
Hit any key to stop autoboot:  2  0 
Tegra124 (Jetson TK1) # 
Tegra124 (Jetson TK1) # pci enum
Tegra124 (Jetson TK1) # setenv bootargs 'ignore_loglevel console=ttyS0,115200n8 rw root=PARTUUID=b1791faa-84e8-4e27-83a1-9fb0a77e8803 rootwait gpt debug noinitrd earlyprintk init=/bin/bash'
Tegra124 (Jetson TK1) # setenv ipaddr 192.168.100.102; setenv serverip 192.168.100.1; setenv tftpserverip 192.168.100.1
Tegra124 (Jetson TK1) # tftpboot 0x82000000 zImage.multi_v7_defconfig

Warning: eth_rtl8169 using MAC address from ROM
Using eth_rtl8169 device
TFTP from server 192.168.100.1; our IP address is 192.168.100.102
Filename 'zImage.multi_v7_defconfig'.
Load address: 0x82000000
Loading: *#################################################################
	 #################################################################
	 #################################################################
	 #################################################################
	 #################################################################
	 #################################################################
	 #################################################################
	 ######################################################
	 4 MiB/s
done
Bytes transferred = 7468384 (71f560 hex)
Tegra124 (Jetson TK1) # tftpboot 0x83000000 tegra124-jetson-tk1.dtb
Using eth_rtl8169 device
TFTP from server 192.168.100.1; our IP address is 192.168.100.102
Filename 'tegra124-jetson-tk1.dtb'.
Load address: 0x83000000
Loading: *#####
	 3.8 MiB/s
done
Bytes transferred = 67133 (1063d hex)
Tegra124 (Jetson TK1) # bootz 0x82000000 - 0x83000000
Kernel image @ 0x82000000 [ 0x000000 - 0x71f560 ]
## Flattened Device Tree blob at 83000000
   Booting using the fdt blob at 0x83000000
   Using Device Tree in place at 83000000, end 8301363c

Starting kernel ...

[    0.000000] Booting Linux on physical CPU 0x0
[    0.000000] Linux version 4.10.0-rc5-next-20170125-148138-gf37208bc (pwalmsley@sellafield) (gcc version 4.7.3 20130328 (prerelease) (crosstool-NG linaro-1.13.1-4.7-2013.04-20130415 - Linaro GCC 2013.04) ) #1 SMP Thu Jan 26 06:25:24 PST 2017
[    0.000000] CPU: ARMv7 Processor [413fc0f3] revision 3 (ARMv7), cr=10c5387d
[    0.000000] CPU: div instructions available: patching division code
[    0.000000] CPU: PIPT / VIPT nonaliasing data cache, PIPT instruction cache
[    0.000000] OF: fdt:Machine model: NVIDIA Tegra124 Jetson TK1
[    0.000000] debug: ignoring loglevel setting.
[    0.000000] efi: Getting EFI parameters from FDT:
[    0.000000] efi: UEFI not found.
[    0.000000] cma: Reserved 64 MiB at 0xfb800000
[    0.000000] Memory policy: Data cache writealloc
[    0.000000] On node 0 totalpages: 524032
[    0.000000] free_area_init_node: node 0, pgdat c1436d40, node_mem_map eeff8000
[    0.000000]   DMA zone: 1536 pages used for memmap
[    0.000000]   DMA zone: 0 pages reserved
[    0.000000]   DMA zone: 196608 pages, LIFO batch:31
[    0.000000]   HighMem zone: 327424 pages, LIFO batch:31
[    0.000000] percpu: Embedded 16 pages/cpu @eef86000 s34304 r8192 d23040 u65536
[    0.000000] pcpu-alloc: s34304 r8192 d23040 u65536 alloc=16*4096
[    0.000000] pcpu-alloc: [0] 0 [0] 1 [0] 2 [0] 3 
[    0.000000] Built 1 zonelists in Zone order, mobility grouping on.  Total pages: 522496
[    0.000000] Kernel command line: ignore_loglevel console=ttyS0,115200n8 rw root=PARTUUID=b1791faa-84e8-4e27-83a1-9fb0a77e8803 rootwait gpt debug noinitrd earlyprintk init=/bin/bash
[    0.000000] PID hash table entries: 4096 (order: 2, 16384 bytes)
[    0.000000] Dentry cache hash table entries: 131072 (order: 7, 524288 bytes)
[    0.000000] Inode-cache hash table entries: 65536 (order: 6, 262144 bytes)
[    0.000000] Memory: 1994684K/2096128K available (9216K kernel code, 1250K rwdata, 4180K rodata, 2048K init, 534K bss, 35908K reserved, 65536K cma-reserved, 1244160K highmem)
[    0.000000] Virtual kernel memory layout:
[    0.000000]     vector  : 0xffff0000 - 0xffff1000   (   4 kB)
[    0.000000]     fixmap  : 0xffc00000 - 0xfff00000   (3072 kB)
[    0.000000]     vmalloc : 0xf0800000 - 0xff800000   ( 240 MB)
[    0.000000]     lowmem  : 0xc0000000 - 0xf0000000   ( 768 MB)
[    0.000000]     pkmap   : 0xbfe00000 - 0xc0000000   (   2 MB)
[    0.000000]     modules : 0xbf000000 - 0xbfe00000   (  14 MB)
[    0.000000]       .text : 0xc0208000 - 0xc0c00000   (10208 kB)
[    0.000000]       .init : 0xc1100000 - 0xc1300000   (2048 kB)
[    0.000000]       .data : 0xc1300000 - 0xc1438840   (1251 kB)
[    0.000000]        .bss : 0xc143a000 - 0xc14bfa30   ( 535 kB)
[    0.000000] SLUB: HWalign=64, Order=0-3, MinObjects=0, CPUs=4, Nodes=1
[    0.000000] Hierarchical RCU implementation.
[    0.000000] 	RCU debugfs-based tracing is enabled.
[    0.000000] 	Build-time adjustment of leaf fanout to 32.
[    0.000000] 	RCU restricting CPUs from NR_CPUS=16 to nr_cpu_ids=4.
[    0.000000] RCU: Adjusting geometry for rcu_fanout_leaf=32, nr_cpu_ids=4
[    0.000000] NR_IRQS:16 nr_irqs:16 16
[    0.000000] /interrupt-controller@60004000: 160 interrupts forwarded to /interrupt-controller@50041000
[    0.000000] Tegra clk 127: register failed with -17
[    0.000008] sched_clock: 32 bits at 1000kHz, resolution 1000ns, wraps every 2147483647500ns
[    0.000032] clocksource: timer_us: mask: 0xffffffff max_cycles: 0xffffffff, max_idle_ns: 1911260446275 ns
[    0.000048] Switching to timer-based delay loop, resolution 1000ns
[    0.005589] arm_arch_timer: Architected cp15 timer(s) running at 12.00MHz (virt).
[    0.005610] clocksource: arch_sys_counter: mask: 0xffffffffffffff max_cycles: 0x2c47f4ee7, max_idle_ns: 440795202497 ns
[    0.005629] sched_clock: 56 bits at 12MHz, resolution 83ns, wraps every 4398046511096ns
[    0.005644] Switching to timer-based delay loop, resolution 83ns
[    0.006094] Console: colour dummy device 80x30
[    0.006127] Calibrating delay loop (skipped), value calculated using timer frequency.. 24.00 BogoMIPS (lpj=120000)
[    0.006145] pid_max: default: 32768 minimum: 301
[    0.006246] Mount-cache hash table entries: 2048 (order: 1, 8192 bytes)
[    0.006259] Mountpoint-cache hash table entries: 2048 (order: 1, 8192 bytes)
[    0.006736] CPU: Testing write buffer coherency: ok
[    0.006986] /cpus/cpu@0 missing clock-frequency property
[    0.007029] /cpus/cpu@1 missing clock-frequency property
[    0.007072] /cpus/cpu@2 missing clock-frequency property
[    0.007116] /cpus/cpu@3 missing clock-frequency property
[    0.007130] CPU0: thread -1, cpu 0, socket 0, mpidr 80000000
[    0.007327] Setting up static identity map for 0x80300000 - 0x80300098
[    0.011214] Tegra Revision: A01 SKU: 129 CPU Process: 1 SoC Process: 1
[    0.011891] EFI services will not be available.
[    0.012126] smp: Bringing up secondary CPUs ...
[    0.012621] CPU1: thread -1, cpu 1, socket 0, mpidr 80000001
[    0.015707] CPU2: thread -1, cpu 2, socket 0, mpidr 80000002
[    0.025711] CPU3: thread -1, cpu 3, socket 0, mpidr 80000003
[    0.035253] smp: Brought up 1 node, 4 CPUs
[    0.035275] SMP: Total of 4 processors activated (96.00 BogoMIPS).
[    0.035283] CPU: All CPU(s) started in SVC mode.
[    0.036764] devtmpfs: initialized
[    0.052477] VFP support v0.3: implementor 41 architecture 4 part 30 variant f rev 0
[    0.052873] clocksource: jiffies: mask: 0xffffffff max_cycles: 0xffffffff, max_idle_ns: 19112604462750000 ns
[    0.054269] pinctrl core: initialized pinctrl subsystem
[    0.055980] NET: Registered protocol family 16
[    0.058035] DMA: preallocated 256 KiB pool for atomic coherent allocations
[    0.060494] cpuidle: using governor menu
[    0.087144] No ATAGs?
[    0.087273] hw-breakpoint: found 5 (+1 reserved) breakpoint and 4 watchpoint registers.
[    0.087290] hw-breakpoint: maximum watchpoint size is 8 bytes.
[    0.093919] Serial: AMBA PL011 UART driver
[    0.109862] +5V_SYS: supplied by +VDD_MUX
[    0.110133] +3.3V_SYS: supplied by +VDD_MUX
[    0.110711] +USB0_VBUS_SW: Failed to request enable GPIO108: -517
[    0.110729] reg-fixed-voltage regulators:regulator@7: Failed to register regulator: -517
[    0.110819] +5V_USB_HS: Failed to request enable GPIO109: -517
[    0.110834] reg-fixed-voltage regulators:regulator@8: Failed to register regulator: -517
[    0.110998] +1.05V_RUN_AVDD_HDMI_PLL: Failed to request enable GPIO63: -517
[    0.111013] reg-fixed-voltage regulators:regulator@11: Failed to register regulator: -517
[    0.111100] +5V_HDMI_CON: Failed to request enable GPIO86: -517
[    0.111114] reg-fixed-voltage regulators:regulator@12: Failed to register regulator: -517
[    0.111202] +5V_SATA: Failed to request enable GPIO242: -517
[    0.111216] reg-fixed-voltage regulators:regulator@13: Failed to register regulator: -517
[    0.111303] +12V_SATA: Failed to request enable GPIO242: -517
[    0.111317] reg-fixed-voltage regulators:regulator@14: Failed to register regulator: -517
[    0.114530] vgaarb: loaded
[    0.115301] SCSI subsystem initialized
[    0.115465] libata version 3.00 loaded.
[    0.115705] usbcore: registered new interface driver usbfs
[    0.115762] usbcore: registered new interface driver hub
[    0.115825] usbcore: registered new device driver usb
[    0.119287] pps_core: LinuxPPS API ver. 1 registered
[    0.119298] pps_core: Software ver. 5.3.6 - Copyright 2005-2007 Rodolfo Giometti <giometti@linux.it>
[    0.119325] PTP clock support registered
[    0.119519] EDAC MC: Ver: 3.0.0
[    0.122398] clocksource: Switched to clocksource arch_sys_counter
[    0.131996] NET: Registered protocol family 2
[    0.132502] TCP established hash table entries: 8192 (order: 3, 32768 bytes)
[    0.132603] TCP bind hash table entries: 8192 (order: 4, 65536 bytes)
[    0.132790] TCP: Hash tables configured (established 8192 bind 8192)
[    0.132870] UDP hash table entries: 512 (order: 2, 16384 bytes)
[    0.132914] UDP-Lite hash table entries: 512 (order: 2, 16384 bytes)
[    0.133055] NET: Registered protocol family 1
[    0.133346] RPC: Registered named UNIX socket transport module.
[    0.133357] RPC: Registered udp transport module.
[    0.133366] RPC: Registered tcp transport module.
[    0.133374] RPC: Registered tcp NFSv4.1 backchannel transport module.
[    0.133387] PCI: CLS 0 bytes, default 64
[    0.134587] hw perfevents: enabled with armv7_cortex_a15 PMU driver, 7 counters available
[    0.135896] futex hash table entries: 1024 (order: 4, 65536 bytes)
[    0.136496] workingset: timestamp_bits=30 max_order=19 bucket_order=0
[    0.144566] squashfs: version 4.0 (2009/01/31) Phillip Lougher
[    0.145252] NFS: Registering the id_resolver key type
[    0.145275] Key type id_resolver registered
[    0.145284] Key type id_legacy registered
[    0.145327] ntfs: driver 2.1.32 [Flags: R/O].
[    0.146804] bounce: pool size: 64 pages
[    0.146979] Block layer SCSI generic (bsg) driver version 0.4 loaded (major 248)
[    0.146990] io scheduler noop registered
[    0.147000] io scheduler deadline registered
[    0.147155] io scheduler cfq registered (default)
[    0.147165] io scheduler mq-deadline registered
[    0.152234] usb2-0 supply vbus not found, using dummy regulator
[    0.152354] usb2-1 supply vbus not found, using dummy regulator
[    0.152768] tegra-xusb-padctl 7009f000.padctl: failed to setup XUSB ports: -517
[    0.169133] tegra-pcie 1003000.pcie-controller: 2x1, 1x1 configuration
[    0.169187] tegra-pcie 1003000.pcie-controller: Failed to get supply 'avddio-pex': -517
[    0.175223] tegra124-dfll 70110000.clock: couldn't get vdd_cpu regulator
[    0.182761] tegra-apbdma 60020000.dma: Tegra20 APB DMA driver register 32 channels
[    0.184817] tegra-pmc 7000e400.pmc: emergency thermal reset enabled
[    0.238930] Serial: 8250/16550 driver, 4 ports, IRQ sharing disabled
[    0.241618] console [ttyS0] disabled
[    0.241654] 70006300.serial: ttyS0 at MMIO 0x70006300 (irq = 335, base_baud = 25500000) is a Tegra
[    1.129560] console [ttyS0] enabled
[    1.133902] SuperH (H)SCI(F) driver initialized
[    1.139444] msm_serial: driver initialized
[    1.143750] STMicroelectronics ASC driver initialized
[    1.149662] 70006000.serial: ttyTHS1 at MMIO 0x70006000 (irq = 333, base_baud = 0) is a TEGRA_UART
[    1.158922] 70006040.serial: ttyTHS2 at MMIO 0x70006040 (irq = 334, base_baud = 0) is a TEGRA_UART
[    1.174346] tegra-hdmi 54280000.hdmi: failed to get HDMI regulator
[    1.192947] brd: module loaded
[    1.201193] loop: module loaded
[    1.205547] at24 0-0056: 256 byte 24c02 EEPROM, writable, 8 bytes/write
[    1.213818] as3722 4-0040: AS3722 with revision 0x1 found
[    1.225545] as3722-sd2: supplied by +5V_SYS
[    1.230153] as3722-sd3: supplied by +5V_SYS
[    1.234639] +1.35V_LP0(sd3): Bringing 0uV into 1350000-1350000uV
[    1.240973] as3722-sd4: supplied by +5V_SYS
[    1.245597] as3722-sd5: supplied by +5V_SYS
[    1.251567] as3722-ldo0: supplied by +1.35V_LP0(sd2)
[    1.257605] +1.8V_RUN_CAM: Bringing 0uV into 1800000-1800000uV
[    1.263810] as3722-ldo2: supplied by +1.8V_VDDIO
[    1.269680] as3722-ldo3: supplied by +3.3V_SYS
[    1.274175] +1.05V_LP0_VDD_RTC: Bringing 1100000uV into 1000000-1000000uV
[    1.281922] as3722-ldo4: supplied by +3.3V_SYS
[    1.286590] +2.8V_RUN_CAM: Bringing 0uV into 2800000-2800000uV
[    1.292799] as3722-ldo5: supplied by +1.8V_VDDIO
[    1.297620] +1.2V_RUN_CAM_FRONT: Bringing 0uV into 1200000-1200000uV
[    1.304539] +VDDIO_SDMMC3: bypassed regulator has no supply!
[    1.310191] +VDDIO_SDMMC3: failed to get the current voltage(-517)
[    1.316387] as3722-regulator as3722-regulator: regulator 13 register failed -517
[    1.329029] tegra-ahci 70027000.sata: couldn't get PHY in node sata: -517
[    1.348832] random: fast init done
[    1.352417] m25p80 spi32765.0: w25q32dw (4096 Kbytes)
[    1.360231] libphy: Fixed MDIO Bus: probed
[    1.365396] CAN device driver interface
[    1.370176] bgmac_bcma: Broadcom 47xx GBit MAC driver loaded
[    1.377259] e1000e: Intel(R) PRO/1000 Network Driver - 3.2.6-k
[    1.383101] e1000e: Copyright(c) 1999 - 2015 Intel Corporation.
[    1.389066] igb: Intel(R) Gigabit Ethernet Network Driver - version 5.4.0-k
[    1.396026] igb: Copyright (c) 2007-2014 Intel Corporation.
[    1.405313] pegasus: v0.9.3 (2013/04/25), Pegasus/Pegasus II USB Ethernet driver
[    1.412756] usbcore: registered new interface driver pegasus
[    1.418453] usbcore: registered new interface driver asix
[    1.423895] usbcore: registered new interface driver ax88179_178a
[    1.430012] usbcore: registered new interface driver cdc_ether
[    1.435898] usbcore: registered new interface driver smsc75xx
[    1.441689] usbcore: registered new interface driver smsc95xx
[    1.447476] usbcore: registered new interface driver net1080
[    1.453175] usbcore: registered new interface driver cdc_subset
[    1.459117] usbcore: registered new interface driver zaurus
[    1.464751] usbcore: registered new interface driver cdc_ncm
[    1.470627] tegra-phy 7d004000.usb-phy: no vbus regulator
[    1.478049] ehci_hcd: USB 2.0 'Enhanced' Host Controller (EHCI) Driver
[    1.484587] ehci-pci: EHCI PCI platform driver
[    1.489064] ehci-platform: EHCI generic platform driver
[    1.494510] ehci-orion: EHCI orion driver
[    1.498657] SPEAr-ehci: EHCI SPEAr driver
[    1.502825] ehci-st: EHCI STMicroelectronics driver
[    1.507848] ehci-exynos: EHCI EXYNOS driver
[    1.512193] ehci-atmel: EHCI Atmel driver
[    1.516357] tegra-ehci: Tegra EHCI driver
[    1.523192] tegra-ehci 7d004000.usb: EHCI Host Controller
[    1.528606] tegra-ehci 7d004000.usb: new USB bus registered, assigned bus number 1
[    1.536399] tegra-ehci 7d004000.usb: irq 354, io mem 0x7d004000
[    1.562428] tegra-ehci 7d004000.usb: USB 2.0 started, EHCI 1.10
[    1.569126] hub 1-0:1.0: USB hub found
[    1.572929] hub 1-0:1.0: 1 port detected
[    1.577365] ohci_hcd: USB 1.1 'Open' Host Controller (OHCI) Driver
[    1.583583] ohci-pci: OHCI PCI platform driver
[    1.588060] ohci-platform: OHCI generic platform driver
[    1.593471] ohci-omap3: OHCI OMAP3 driver
[    1.597616] SPEAr-ohci: OHCI SPEAr driver
[    1.601764] ohci-st: OHCI STMicroelectronics driver
[    1.606795] ohci-atmel: OHCI Atmel driver
[    1.611590] usbcore: registered new interface driver usb-storage
[    1.619173] mousedev: PS/2 mouse device common for all mice
[    1.627736] as3722-rtc as3722-rtc: rtc core: registered as3722-rtc as rtc0
[    1.634625] as3722-rtc as3722-rtc: RTC interrupt 377
[    1.642891] tegra_rtc 7000e000.rtc: rtc core: registered 7000e000.rtc as rtc1
[    1.650049] tegra_rtc 7000e000.rtc: Tegra internal Real Time Clock
[    1.656793] i2c /dev entries driver
[    1.667190] 0-004c supply vcc not found, using dummy regulator
[    1.683043] sdhci: Secure Digital Host Controller Interface driver
[    1.689213] sdhci: Copyright(c) Pierre Ossman
[    1.695232] Synopsys Designware Multimedia Card Interface Driver
[    1.702442] sdhci-pltfm: SDHCI platform and OF driver helper
[    1.708850] sdhci-tegra 700b0400.sdhci: Got CD GPIO
[    1.713760] sdhci-tegra 700b0400.sdhci: Got WP GPIO
[    1.718876] mmc0: Unknown controller version (3). You may experience problems.
[    1.726196] mmc0: Invalid maximum block size, assuming 512 bytes
[    1.792423] mmc0: SDHCI controller on 700b0600.sdhci [700b0600.sdhci] using ADMA
[    1.801826] ledtrig-cpu: registered to indicate activity on CPUs
[    1.808241] usbcore: registered new interface driver usbhid
[    1.813827] usbhid: USB HID core driver
[    1.821571] NET: Registered protocol family 10
[    1.826881] Segment Routing with IPv6
[    1.830590] sit: IPv6, IPv4 and MPLS over IPv4 tunneling driver
[    1.837065] NET: Registered protocol family 17
[    1.841510] can: controller area network core (rev 20120528 abi 9)
[    1.847754] NET: Registered protocol family 29
[    1.852192] can: raw protocol (rev 20120528)
[    1.856473] can: broadcast manager protocol (rev 20161123 t)
[    1.862128] can: netlink gateway (rev 20130117) max_hops=1
[    1.867920] Key type dns_resolver registered
[    1.872727] ThumbEE CPU extension supported.
[    1.876997] Registering SWP/SWPB emulation handler
[    1.895972] +3.3V_RUN: supplied by +3.3V_SYS
[    1.901443] +USB0_VBUS_SW: supplied by +5V_SYS
[    1.906154] +3.3V_AVDD_HDMI_AP_GATED: supplied by +3.3V_RUN
[    1.912063] +5V_USB_HS: supplied by +5V_SYS
[    1.918042] +3.3V_LP0: supplied by +3.3V_SYS
[    1.924307] +5V_HDMI_CON: supplied by +5V_SYS
[    1.929354] +5V_SATA: supplied by +5V_SYS
[    1.934068] +12V_SATA: supplied by +VDD_MUX
[    1.940070] usb2-0 supply vbus not found, using dummy regulator
[    1.941938] mmc0: new high speed MMC card at address 0001
[    1.947138] mmcblk0: mmc0:0001 SEM16G 14.7 GiB 
[    1.947910] mmcblk0boot0: mmc0:0001 SEM16G partition 1 4.00 MiB
[    1.948317] mmcblk0boot1: mmc0:0001 SEM16G partition 2 4.00 MiB
[    1.949108] mmcblk0rpmb: mmc0:0001 SEM16G partition 3 4.00 MiB
[    1.952146]  mmcblk0: p1
[    1.976373] usb2-1 supply vbus not found, using dummy regulator
[    1.982619] usb3-0 supply vbus not found, using dummy regulator
[    1.989790] tegra-pcie 1003000.pcie-controller: 2x1, 1x1 configuration
[    1.996451] tegra-pcie 1003000.pcie-controller: Failed to get supply 'avddio-pex': -517
[    2.007651] tegra124-dfll 70110000.clock: couldn't get vdd_cpu regulator
[    2.018553] tegra-hdmi 54280000.hdmi: failed to get PLL regulator
[    2.029519] as3722-sd2: supplied by +5V_SYS
[    2.034083] as3722-sd3: supplied by +5V_SYS
[    2.038495] as3722-sd4: supplied by +5V_SYS
[    2.043041] as3722-sd5: supplied by +5V_SYS
[    2.048901] as3722-ldo0: supplied by +1.35V_LP0(sd2)
[    2.054779] as3722-ldo1: supplied by +3.3V_RUN
[    2.059548] as3722-ldo2: supplied by +1.8V_VDDIO
[    2.065186] as3722-ldo3: supplied by +3.3V_SYS
[    2.070493] as3722-ldo4: supplied by +3.3V_SYS
[    2.075375] as3722-ldo5: supplied by +1.8V_VDDIO
[    2.080327] as3722-ldo6: supplied by +3.3V_RUN
[    2.085163] as3722-ldo7: supplied by +1.8V_VDDIO
[    2.090437] +1.05V_RUN_CAM_REAR: Bringing 0uV into 1050000-1050000uV
[    2.097543] as3722-ldo9: supplied by +5V_SYS
[    2.103300] +3.3V_RUN_TOUCH: Bringing 0uV into 2800000-2800000uV
[    2.109843] as3722-ldo10: supplied by +5V_SYS
[    2.114824] +2.8V_RUN_CAM_AF: Bringing 0uV into 2800000-2800000uV
[    2.121642] as3722-ldo11: supplied by +3.3V_RUN
[    2.126979] +1.8V_RUN_VPP_FUSE: Bringing 0uV into 1800000-1800000uV
[    2.137038] tegra-ahci 70027000.sata: AHCI 0001.0301 32 slots 2 ports 3 Gbps 0x1 impl platform mode
[    2.146112] tegra-ahci 70027000.sata: flags: 64bit ncq sntf pm led pio slum part sadm sds apst 
[    2.156707] scsi host0: tegra-ahci
[    2.161245] scsi host1: tegra-ahci
[    2.165010] ata1: SATA max UDMA/133 mmio [mem 0x70027000-0x70028fff] port 0x100 irq 345
[    2.173052] ata2: DUMMY
[    2.178873] tegra-ehci 7d008000.usb: EHCI Host Controller
[    2.184327] tegra-ehci 7d008000.usb: new USB bus registered, assigned bus number 2
[    2.192054] tegra-ehci 7d008000.usb: irq 355, io mem 0x7d008000
[    2.222519] tegra-ehci 7d008000.usb: USB 2.0 started, EHCI 1.10
[    2.229550] hub 2-0:1.0: USB hub found
[    2.233402] hub 2-0:1.0: 1 port detected
[    2.239885] sdhci-tegra 700b0400.sdhci: Got CD GPIO
[    2.244833] sdhci-tegra 700b0400.sdhci: Got WP GPIO
[    2.249909] mmc1: Unknown controller version (3). You may experience problems.
[    2.257240] mmc1: Invalid maximum block size, assuming 512 bytes
[    2.322953] mmc1: SDHCI controller on 700b0400.sdhci [700b0400.sdhci] using ADMA
[    2.331100] tegra-pcie 1003000.pcie-controller: 2x1, 1x1 configuration
[    2.339401] tegra-pcie 1003000.pcie-controller: probing port 0, using 2 lanes
[    2.348777] tegra-pcie 1003000.pcie-controller: Slot present pin change, signature: 00000008
[    2.373191] tegra-pcie 1003000.pcie-controller: probing port 1, using 1 lanes
[    2.382406] tegra-pcie 1003000.pcie-controller: Slot present pin change, signature: 00000000
[    2.396884] tegra-pcie 1003000.pcie-controller: PCI host bridge to bus 0000:00
[    2.404153] pci_bus 0000:00: root bus resource [io  0x0000-0xffff]
[    2.410340] pci_bus 0000:00: root bus resource [mem 0x13000000-0x1fffffff]
[    2.417246] pci_bus 0000:00: root bus resource [mem 0x20000000-0x3fffffff pref]
[    2.424595] pci_bus 0000:00: root bus resource [bus 00-ff]
[    2.430124] pci 0000:00:01.0: [10de:0e12] type 01 class 0x060400
[    2.436255] pci_bus 0000:00: 2-byte config write to 0000:00:01.0 offset 0x52 may corrupt adjacent RW1C bits
[    2.446079] pci 0000:00:01.0: PME# supported from D0 D1 D2 D3hot D3cold
[    2.452744] pci_bus 0000:00: 2-byte config write to 0000:00:01.0 offset 0x4c may corrupt adjacent RW1C bits
[    2.462763] pci 0000:00:02.0: [10de:0e13] type 01 class 0x060400
[    2.468847] pci_bus 0000:00: 2-byte config write to 0000:00:02.0 offset 0x52 may corrupt adjacent RW1C bits
[    2.478668] pci 0000:00:02.0: PME# supported from D0 D1 D2 D3hot D3cold
[    2.485327] pci_bus 0000:00: 2-byte config write to 0000:00:02.0 offset 0x4c may corrupt adjacent RW1C bits
[    2.495349] pci_bus 0000:00: 2-byte config write to 0000:00:01.0 offset 0x3e may corrupt adjacent RW1C bits
[    2.505129] pci_bus 0000:00: 2-byte config write to 0000:00:02.0 offset 0x3e may corrupt adjacent RW1C bits
[    2.506131] ata1: SATA link down (SStatus 0 SControl 300)
[    2.520298] pci_bus 0000:00: 2-byte config write to 0000:00:01.0 offset 0x4 may corrupt adjacent RW1C bits
[    2.529987] pci_bus 0000:00: 1-byte config write to 0000:00:01.0 offset 0xc may corrupt adjacent RW1C bits
[    2.539648] pci_bus 0000:00: 2-byte config write to 0000:00:02.0 offset 0x4 may corrupt adjacent RW1C bits
[    2.549305] pci_bus 0000:00: 1-byte config write to 0000:00:02.0 offset 0xc may corrupt adjacent RW1C bits
[    2.558958] PCI: bus0: Fast back to back transfers disabled
[    2.564547] pci 0000:00:01.0: bridge configuration invalid ([bus 00-00]), reconfiguring
[    2.572598] pci 0000:00:02.0: bridge configuration invalid ([bus 00-00]), reconfiguring
[    2.580805] pci 0000:01:00.0: [8086:4232] type 00 class 0x028000
[    2.586876] pci 0000:01:00.0: reg 0x10: [mem 0x00000000-0x00001fff 64bit]
[    2.593911] pci 0000:01:00.0: PME# supported from D0 D3hot D3cold
[    2.616077] mmc1: new high speed SDHC card at address aaaa
[    2.622335] mmcblk1: mmc1:aaaa SD04G 3.69 GiB 
[    2.627128] PCI: bus1: Fast back to back transfers disabled
[    2.632758] pci_bus 0000:01: busn_res: [bus 01-ff] end is updated to 01
[    2.639576] pci 0000:02:00.0: [10ec:8168] type 00 class 0x020000
[    2.645622] pci 0000:02:00.0: reg 0x10: [io  0x0000-0x00ff]
[    2.651220] pci 0000:02:00.0: reg 0x18: [mem 0x00000000-0x00000fff 64bit]
[    2.658047] pci 0000:02:00.0: reg 0x20: [mem 0x00000000-0x00003fff 64bit pref]
[    2.665424] pci 0000:02:00.0: supports D1 D2
[    2.669691] pci 0000:02:00.0: PME# supported from D0 D1 D2 D3hot D3cold
[    2.689285]  mmcblk1: p1 p2 p3
[    2.702548] PCI: bus2: Fast back to back transfers disabled
[    2.708128] pci_bus 0000:02: busn_res: [bus 02-ff] end is updated to 02
[    2.714971] pci 0000:00:01.0: BAR 8: assigned [mem 0x13000000-0x130fffff]
[    2.721765] pci 0000:00:02.0: BAR 8: assigned [mem 0x13100000-0x131fffff]
[    2.728596] pci 0000:00:02.0: BAR 9: assigned [mem 0x20000000-0x200fffff 64bit pref]
[    2.736374] pci 0000:00:02.0: BAR 7: assigned [io  0x1000-0x1fff]
[    2.742490] pci 0000:01:00.0: BAR 0: assigned [mem 0x13000000-0x13001fff 64bit]
[    2.749819] pci 0000:00:01.0: PCI bridge to [bus 01]
[    2.754823] pci 0000:00:01.0:   bridge window [mem 0x13000000-0x130fffff]
[    2.761624] pci 0000:02:00.0: BAR 4: assigned [mem 0x20000000-0x20003fff 64bit pref]
[    2.769397] pci 0000:02:00.0: BAR 2: assigned [mem 0x13100000-0x13100fff 64bit]
[    2.776762] pci 0000:02:00.0: BAR 0: assigned [io  0x1000-0x10ff]
[    2.782876] pci 0000:00:02.0: PCI bridge to [bus 02]
[    2.787838] pci 0000:00:02.0:   bridge window [io  0x1000-0x1fff]
[    2.793967] pci 0000:00:02.0:   bridge window [mem 0x13100000-0x131fffff]
[    2.800751] pci 0000:00:02.0:   bridge window [mem 0x20000000-0x200fffff 64bit pref]
[    2.808538] pci 0000:00:01.0: nv_msi_ht_cap_quirk didn't locate host bridge
[    2.815623] pcieport 0000:00:01.0: enabling device (0140 -> 0142)
[    2.821948] pcieport 0000:00:01.0: Signaling PME with IRQ 393
[    2.827792] pci 0000:00:02.0: nv_msi_ht_cap_quirk didn't locate host bridge
[    2.834880] pcieport 0000:00:02.0: enabling device (0140 -> 0143)
[    2.841203] pcieport 0000:00:02.0: Signaling PME with IRQ 394
[    2.847217] r8169 Gigabit Ethernet driver 2.3LK-NAPI loaded
[    2.852848] r8169 0000:02:00.0: enabling device (0140 -> 0143)
[    2.884107] r8169 0000:02:00.0 eth0: RTL8168g/8111g at 0xf0b54000, 00:04:4b:3a:d9:81, XID 0c000800 IRQ 395
[    2.893798] r8169 0000:02:00.0 eth0: jumbo features [frames: 9200 bytes, tx checksumming: ko]
[    2.906644] +1.05V_RUN_AVDD_HDMI_PLL: supplied by +1.05V_RUN
[    2.914384] [drm] Supports vblank timestamp caching Rev 2 (21.10.2013).
[    2.920999] [drm] No driver support for vblank timestamp query.
[    3.049543] tegra-hdmi 54280000.hdmi: cannot set audio to 48000 Hz at 297000000 Hz pixel clock
[    3.296746] Console: switching to colour frame buffer device 512x135
[    3.395344] drm drm: fb0:  frame buffer device
[    3.399890] [drm] Initialized tegra 0.0.0 20120330 for drm on minor 0
[    3.407933] of: dev_pm_opp_of_cpumask_add_table: couldn't find opp table for cpu:0, -19
[    3.415970] cpufreq: cpufreq_online: CPU0: Running at unlisted freq: 696000 KHz
[    3.423292] cpufreq: cpufreq_online: CPU0: Unlisted initial frequency changed to: 714000 KHz
[    3.432521] input: gpio-keys as /devices/soc0/gpio-keys/input/input0
[    3.439873] as3722-rtc as3722-rtc: setting system clock to 2000-01-01 00:03:04 UTC (946684984)
[    3.448944] +USB0_VBUS_SW: disabling
[    3.452558] +1.8V_RUN_CAM: disabling
[    3.456325] +2.8V_RUN_CAM: disabling
[    3.460092] +1.2V_RUN_CAM_FRONT: disabling
[    3.464443] +1.05V_RUN_CAM_REAR: disabling
[    3.468692] +3.3V_RUN_TOUCH: disabling
[    3.472661] +2.8V_RUN_CAM_AF: disabling
[    3.476649] +1.8V_RUN_VPP_FUSE: disabling
[    3.481718] EXT4-fs (mmcblk0p1): mounting ext3 file system using the ext4 subsystem
[    3.503251] EXT4-fs (mmcblk0p1): recovery complete
[    3.508036] EXT4-fs (mmcblk0p1): mounted filesystem with ordered data mode. Opts: (null)
[    3.516167] VFS: Mounted root (ext3 filesystem) on device 179:1.
[    3.526412] devtmpfs: mounted
[    3.529990] Freeing unused kernel memory: 2048K
bash: cannot set terminal process group (-1): Inappropriate ioctl for device
bash: no job control in this shell
root@(none):/# mount -t sysfs none /sys
root@(none):/# 
root@(none):/# mount -t debugfs none /sys/kernel/debug
root@(none):/# 
root@(none):/# rtcwake -d rtc1 -m mem -s 3
rtcwake: assuming RTC uses UTC ...
rtcwake: wakeup from "mem" using /dev/rtc1 at Thu Jan  1 00:00:20 1970
[    7.089608] PM: Syncing filesystems ... done.
[    7.198778] Freezing user space processes ... (elapsed 0.001 seconds) done.
[    7.207081] Freezing remaining freezable tasks ... (elapsed 0.001 seconds) done.
[    7.215887] Suspending console(s) (use no_console_suspend to debug)
[    7.334849] PM: suspend of devices complete after 111.262 msecs
[    7.341039] PM: late suspend of devices complete after 6.168 msecs
[    7.365984] PM: noirq suspend of devices complete after 24.928 msecs
[    7.365992] Disabling non-boot CPUs ...
[    7.366705] IRQ17 no longer affine to CPU1
[    7.367232] CPU1: shutdown
[    7.436330] CPU2: shutdown
[    7.496492] CPU3: shutdown
[    7.544666] Entering suspend state LP1
[    7.544666] Suspended for 3.409 seconds
[    7.544676] Enabling non-boot CPUs ...
[    7.573118] CPU1 is up
[    7.613140] CPU2 is up
[    7.653252] CPU3 is up
[    7.653903] pci_generic_config_write32: 77 callbacks suppressed
[    7.653910] pci_bus 0000:00: 2-byte config write to 0000:00:01.0 offset 0x4c may corrupt adjacent RW1C bits
[    7.653921] pci_bus 0000:00: 2-byte config write to 0000:00:02.0 offset 0x4c may corrupt adjacent RW1C bits
[    7.653931] pci_bus 0000:00: 2-byte config write to 0000:00:01.0 offset 0x88 may corrupt adjacent RW1C bits
[    7.653938] pci_bus 0000:00: 2-byte config write to 0000:00:01.0 offset 0x90 may corrupt adjacent RW1C bits
[    7.653944] pci_bus 0000:00: 2-byte config write to 0000:00:02.0 offset 0x88 may corrupt adjacent RW1C bits
[    7.653950] pci_bus 0000:00: 2-byte config write to 0000:00:01.0 offset 0x98 may corrupt adjacent RW1C bits
[    7.653956] pci_bus 0000:00: 2-byte config write to 0000:00:02.0 offset 0x90 may corrupt adjacent RW1C bits
[    7.653961] pci_bus 0000:00: 2-byte config write to 0000:00:01.0 offset 0x9c may corrupt adjacent RW1C bits
[    7.653967] pci_bus 0000:00: 2-byte config write to 0000:00:02.0 offset 0x98 may corrupt adjacent RW1C bits
[    7.653972] pci_bus 0000:00: 2-byte config write to 0000:00:01.0 offset 0xa8 may corrupt adjacent RW1C bits
[    7.654073] pcieport 0000:00:01.0: nv_msi_ht_cap_quirk didn't locate host bridge
[    7.654074] pcieport 0000:00:02.0: nv_msi_ht_cap_quirk didn't locate host bridge
[    7.682487] PM: noirq resume of devices complete after 29.229 msecs
[    7.684154] PM: early resume of devices complete after 1.341 msecs
[    7.687381] tegra-hdmi 54280000.hdmi: cannot set audio to 48000 Hz at 297000000 Hz pixel clock
[    7.809374] PM: resume of devices complete after 125.211 msecs
[    8.008007] Restarting tasks ... done.
[    8.015179] ata1: SATA link down (SStatus 0 SControl 300)
root@(none):/# 
root@(none):/# rtcwake -d rtc1 -m mem -s 3
rtcwake: assuming RTC uses UTC ...
rtcwake: wakeup from "mem" using /dev/rtc1 at Thu Jan  1 00:00:25 1970
[    8.724135] PM: Syncing filesystems ... done.
[    8.902749] Freezing user space processes ... (elapsed 0.001 seconds) done.
[    8.911064] Freezing remaining freezable tasks ... (elapsed 0.001 seconds) done.
[    8.919705] Suspending console(s) (use no_console_suspend to debug)
[    9.054108] PM: suspend of devices complete after 127.524 msecs
[    9.056639] PM: late suspend of devices complete after 2.519 msecs
[    9.083723] PM: noirq suspend of devices complete after 27.078 msecs
[    9.083726] Disabling non-boot CPUs ...
[    9.084248] CPU1: shutdown
[    9.163914] CPU2: shutdown
[    9.223740] CPU3: shutdown
[    9.253194] Entering suspend state LP1
[    9.253194] Suspended for 3.291 seconds
[    9.253204] Enabling non-boot CPUs ...
[    9.283123] CPU1 is up
[    9.323120] CPU2 is up
[    9.363230] CPU3 is up
[    9.363991] pcieport 0000:00:02.0: nv_msi_ht_cap_quirk didn't locate host bridge
[    9.363993] pcieport 0000:00:01.0: nv_msi_ht_cap_quirk didn't locate host bridge
[    9.392454] PM: noirq resume of devices complete after 29.217 msecs
[    9.394136] PM: early resume of devices complete after 1.362 msecs
[    9.397435] tegra-hdmi 54280000.hdmi: cannot set audio to 48000 Hz at 297000000 Hz pixel clock
[    9.519404] PM: resume of devices complete after 125.260 msecs
[    9.610555] Restarting tasks ... done.
root@(none):/# 
root@(none):/# [    9.735026] ata1: SATA link down (SStatus 0 SControl 300)
rtcwake -d rtc1 -m mem -s 3
rtcwake: assuming RTC uses UTC ...
rtcwake: wakeup from "mem" using /dev/rtc1 at Thu Jan  1 00:00:30 1970
[   10.434140] PM: Syncing filesystems ... done.
[   10.612863] Freezing user space processes ... (elapsed 0.001 seconds) done.
[   10.621191] Freezing remaining freezable tasks ... (elapsed 0.001 seconds) done.
[   10.629798] Suspending console(s) (use no_console_suspend to debug)
[   10.763951] PM: suspend of devices complete after 127.351 msecs
[   10.766412] PM: late suspend of devices complete after 2.450 msecs
[   10.793451] PM: noirq suspend of devices complete after 27.032 msecs
[   10.793453] Disabling non-boot CPUs ...
[   10.793704] IRQ17 no longer affine to CPU1
[   10.793918] CPU1: shutdown
[   10.843677] CPU2: shutdown
[   10.903593] CPU3: shutdown
[   10.952993] Entering suspend state LP1
[   10.952993] Suspended for 3.300 seconds
[   10.953004] Enabling non-boot CPUs ...
[   10.983070] CPU1 is up
[   11.023093] CPU2 is up
[   11.063199] CPU3 is up
[   11.063937] pcieport 0000:00:02.0: nv_msi_ht_cap_quirk didn't locate host bridge
[   11.063939] pcieport 0000:00:01.0: nv_msi_ht_cap_quirk didn't locate host bridge
[   11.092424] PM: noirq resume of devices complete after 29.219 msecs
[   11.094198] PM: early resume of devices complete after 1.441 msecs
[   11.097539] tegra-hdmi 54280000.hdmi: cannot set audio to 48000 Hz at 297000000 Hz pixel clock
[   11.219529] PM: resume of devices complete after 125.322 msecs
[   11.314788] Restarting tasks ... done.
root@(none):/# 
root@(none):/# [   11.425024] ata1: SATA link down (SStatus 0 SControl 300)
rtcwake -d rtc1 -m mem -s 3
rtcwake: assuming RTC uses UTC ...
rtcwake: wakeup from "mem" using /dev/rtc1 at Thu Jan  1 00:00:35 1970
[   12.133643] PM: Syncing filesystems ... done.
[   12.313064] Freezing user space processes ... (elapsed 0.001 seconds) done.
[   12.321389] Freezing remaining freezable tasks ... (elapsed 0.001 seconds) done.
[   12.329992] Suspending console(s) (use no_console_suspend to debug)
[   12.463960] PM: suspend of devices complete after 127.169 msecs
[   12.465648] PM: late suspend of devices complete after 1.678 msecs
[   12.493431] PM: noirq suspend of devices complete after 27.776 msecs
[   12.493434] Disabling non-boot CPUs ...
[   12.493689] IRQ17 no longer affine to CPU1
[   12.493904] CPU1: shutdown
[   12.543645] CPU2: shutdown
[   12.603562] CPU3: shutdown
[   12.652961] Entering suspend state LP1
[   12.652961] Suspended for 3.299 seconds
[   12.652971] Enabling non-boot CPUs ...
[   12.683048] CPU1 is up
[   12.723060] CPU2 is up
[   12.763176] CPU3 is up
[   12.763801] pci_generic_config_write32: 117 callbacks suppressed
[   12.763809] pci_bus 0000:00: 2-byte config write to 0000:00:01.0 offset 0x4c may corrupt adjacent RW1C bits
[   12.763817] pci_bus 0000:00: 2-byte config write to 0000:00:02.0 offset 0x4c may corrupt adjacent RW1C bits
[   12.763829] pci_bus 0000:00: 2-byte config write to 0000:00:01.0 offset 0x88 may corrupt adjacent RW1C bits
[   12.763835] pci_bus 0000:00: 2-byte config write to 0000:00:02.0 offset 0x88 may corrupt adjacent RW1C bits
[   12.763841] pci_bus 0000:00: 2-byte config write to 0000:00:01.0 offset 0x90 may corrupt adjacent RW1C bits
[   12.763847] pci_bus 0000:00: 2-byte config write to 0000:00:02.0 offset 0x90 may corrupt adjacent RW1C bits
[   12.763852] pci_bus 0000:00: 2-byte config write to 0000:00:01.0 offset 0x98 may corrupt adjacent RW1C bits
[   12.763858] pci_bus 0000:00: 2-byte config write to 0000:00:02.0 offset 0x98 may corrupt adjacent RW1C bits
[   12.763863] pci_bus 0000:00: 2-byte config write to 0000:00:01.0 offset 0x9c may corrupt adjacent RW1C bits
[   12.763869] pci_bus 0000:00: 2-byte config write to 0000:00:02.0 offset 0x9c may corrupt adjacent RW1C bits
[   12.763971] pcieport 0000:00:01.0: nv_msi_ht_cap_quirk didn't locate host bridge
[   12.763972] pcieport 0000:00:02.0: nv_msi_ht_cap_quirk didn't locate host bridge
[   12.792393] PM: noirq resume of devices complete after 29.211 msecs
[   12.794150] PM: early resume of devices complete after 1.425 msecs
[   12.797352] tegra-hdmi 54280000.hdmi: cannot set audio to 48000 Hz at 297000000 Hz pixel clock
[   12.919294] PM: resume of devices complete after 125.134 msecs
[   13.117950] Restarting tasks ... done.
[   13.125084] ata1: SATA link down (SStatus 0 SControl 300)
root@(none):/# 
root@(none):/# rtcwake -d rtc1 -m mem -s 3
rtcwake: assuming RTC uses UTC ...
rtcwake: wakeup from "mem" using /dev/rtc1 at Thu Jan  1 00:00:40 1970
[   13.840063] PM: Syncing filesystems ... done.
[   13.999049] Freezing user space processes ... (elapsed 0.001 seconds) done.
[   14.007476] Freezing remaining freezable tasks ... (elapsed 0.001 seconds) done.
[   14.016476] Suspending console(s) (use no_console_suspend to debug)
[   14.165246] PM: suspend of devices complete after 140.660 msecs
[   14.173392] PM: late suspend of devices complete after 8.118 msecs
[   14.207026] PM: noirq suspend of devices complete after 33.612 msecs
[   14.207036] Disabling non-boot CPUs ...
[   14.207948] IRQ17 no longer affine to CPU1
[   14.208615] CPU1: shutdown
[   14.257295] CPU2: shutdown
[   14.316703] CPU3: shutdown
[   14.364779] Entering suspend state LP1
[   14.364779] Suspended for 3.288 seconds
[   14.364790] Enabling non-boot CPUs ...
[   14.393012] CPU1 is up
[   14.433024] CPU2 is up
[   14.473133] CPU3 is up
[   14.473869] pcieport 0000:00:02.0: nv_msi_ht_cap_quirk didn't locate host bridge
[   14.473871] pcieport 0000:00:01.0: nv_msi_ht_cap_quirk didn't locate host bridge
[   14.502357] PM: noirq resume of devices complete after 29.219 msecs
[   14.503929] PM: early resume of devices complete after 1.247 msecs
[   14.507365] tegra-hdmi 54280000.hdmi: cannot set audio to 48000 Hz at 297000000 Hz pixel clock
[   14.629286] PM: resume of devices complete after 125.347 msecs
[   14.724512] Restarting tasks ... done.
root@(none):/# 
root@(none):/# [   14.834984] ata1: SATA link down (SStatus 0 SControl 300)
rtcwake -d rtc1 -m mem -s 3
rtcwake: assuming RTC uses UTC ...
rtcwake: wakeup from "mem" using /dev/rtc1 at Thu Jan  1 00:00:45 1970
[   15.543480] PM: Syncing filesystems ... done.
[   15.722834] Freezing user space processes ... (elapsed 0.001 seconds) done.
[   15.731178] Freezing remaining freezable tasks ... (elapsed 0.001 seconds) done.
[   15.739784] Suspending console(s) (use no_console_suspend to debug)
[   15.873896] PM: suspend of devices complete after 127.311 msecs
[   15.876224] PM: late suspend of devices complete after 2.319 msecs
[   15.903398] PM: noirq suspend of devices complete after 27.168 msecs
[   15.903401] Disabling non-boot CPUs ...
[   15.903655] IRQ17 no longer affine to CPU1
[   15.903868] CPU1: shutdown
[   15.953573] CPU2: shutdown
[   16.013521] CPU3: shutdown
[   16.062896] Entering suspend state LP1
[   16.062896] Suspended for 3.301 seconds
[   16.062907] Enabling non-boot CPUs ...
[   16.092987] CPU1 is up
[   16.133000] CPU2 is up
[   16.173114] CPU3 is up
[   16.173851] pcieport 0000:00:01.0: nv_msi_ht_cap_quirk didn't locate host bridge
[   16.173856] pcieport 0000:00:02.0: nv_msi_ht_cap_quirk didn't locate host bridge
[   16.202333] PM: noirq resume of devices complete after 29.213 msecs
[   16.204257] PM: early resume of devices complete after 1.598 msecs
[   16.207399] tegra-hdmi 54280000.hdmi: cannot set audio to 48000 Hz at 297000000 Hz pixel clock
[   16.329383] PM: resume of devices complete after 125.118 msecs
[   16.424621] Restarting tasks ... done.
root@(none):/# 
root@(none):/# [   16.534979] ata1: SATA link down (SStatus 0 SControl 300)
rtcwake -d rtc1 -m mem -s 3
rtcwake: assuming RTC uses UTC ...
rtcwake: wakeup from "mem" using /dev/rtc1 at Thu Jan  1 00:00:50 1970
[   17.244243] PM: Syncing filesystems ... done.
[   17.422826] Freezing user space processes ... (elapsed 0.001 seconds) done.
[   17.431169] Freezing remaining freezable tasks ... (elapsed 0.001 seconds) done.
[   17.439773] Suspending console(s) (use no_console_suspend to debug)
[   17.573845] PM: suspend of devices complete after 127.272 msecs
[   17.576125] PM: late suspend of devices complete after 2.270 msecs
[   17.603317] PM: noirq suspend of devices complete after 27.186 msecs
[   17.603320] Disabling non-boot CPUs ...
[   17.603570] IRQ17 no longer affine to CPU1
[   17.603783] CPU1: shutdown
[   17.663548] CPU2: shutdown
[   17.723467] CPU3: shutdown
[   17.772861] Entering suspend state LP1
[   17.772861] Suspended for 3.289 seconds
[   17.772872] Enabling non-boot CPUs ...
[   17.802944] CPU1 is up
[   17.842964] CPU2 is up
[   17.883078] CPU3 is up
[   17.883699] pci_generic_config_write32: 116 callbacks suppressed
[   17.883707] pci_bus 0000:00: 2-byte config write to 0000:00:01.0 offset 0x4c may corrupt adjacent RW1C bits
[   17.883717] pci_bus 0000:00: 2-byte config write to 0000:00:02.0 offset 0x4c may corrupt adjacent RW1C bits
[   17.883727] pci_bus 0000:00: 2-byte config write to 0000:00:01.0 offset 0x88 may corrupt adjacent RW1C bits
[   17.883734] pci_bus 0000:00: 2-byte config write to 0000:00:01.0 offset 0x90 may corrupt adjacent RW1C bits
[   17.883740] pci_bus 0000:00: 2-byte config write to 0000:00:02.0 offset 0x88 may corrupt adjacent RW1C bits
[   17.883745] pci_bus 0000:00: 2-byte config write to 0000:00:01.0 offset 0x98 may corrupt adjacent RW1C bits
[   17.883751] pci_bus 0000:00: 2-byte config write to 0000:00:02.0 offset 0x90 may corrupt adjacent RW1C bits
[   17.883757] pci_bus 0000:00: 2-byte config write to 0000:00:01.0 offset 0x9c may corrupt adjacent RW1C bits
[   17.883762] pci_bus 0000:00: 2-byte config write to 0000:00:02.0 offset 0x98 may corrupt adjacent RW1C bits
[   17.883768] pci_bus 0000:00: 2-byte config write to 0000:00:01.0 offset 0xa8 may corrupt adjacent RW1C bits
[   17.883868] pcieport 0000:00:01.0: nv_msi_ht_cap_quirk didn't locate host bridge
[   17.883870] pcieport 0000:00:02.0: nv_msi_ht_cap_quirk didn't locate host bridge
[   17.912297] PM: noirq resume of devices complete after 29.214 msecs
[   17.913895] PM: early resume of devices complete after 1.269 msecs
[   17.917501] tegra-hdmi 54280000.hdmi: cannot set audio to 48000 Hz at 297000000 Hz pixel clock
[   18.039461] PM: resume of devices complete after 125.557 msecs
[   18.238200] Restarting tasks ... done.
[   18.244949] ata1: SATA link down (SStatus 0 SControl 300)
root@(none):/# 
root@(none):/# rtcwake -d rtc1 -m mem -s 3
rtcwake: assuming RTC uses UTC ...
rtcwake: wakeup from "mem" using /dev/rtc1 at Thu Jan  1 00:00:55 1970
[   18.951699] PM: Syncing filesystems ... done.
[   19.077485] Freezing user space processes ... (elapsed 0.001 seconds) done.
[   19.085910] Freezing remaining freezable tasks ... (elapsed 0.001 seconds) done.
[   19.094877] Suspending console(s) (use no_console_suspend to debug)
[   19.245047] PM: suspend of devices complete after 142.052 msecs
[   19.251038] PM: late suspend of devices complete after 5.963 msecs
[   19.276792] PM: noirq suspend of devices complete after 25.734 msecs
[   19.276802] Disabling non-boot CPUs ...
[   19.277726] IRQ17 no longer affine to CPU1
[   19.278453] CPU1: shutdown
[   19.347150] CPU2: shutdown
[   19.406538] CPU3: shutdown
[   19.434950] Entering suspend state LP1
[   19.434950] Suspended for 3.337 seconds
[   19.434960] Enabling non-boot CPUs ...
[   19.462926] CPU1 is up
[   19.502930] CPU2 is up
[   19.543034] CPU3 is up
[   19.543800] pcieport 0000:00:01.0: nv_msi_ht_cap_quirk didn't locate host bridge
[   19.543802] pcieport 0000:00:02.0: nv_msi_ht_cap_quirk didn't locate host bridge
[   19.572268] PM: noirq resume of devices complete after 29.228 msecs
[   19.573938] PM: early resume of devices complete after 1.328 msecs
[   19.577492] tegra-hdmi 54280000.hdmi: cannot set audio to 48000 Hz at 297000000 Hz pixel clock
[   19.699398] PM: resume of devices complete after 125.449 msecs
[   19.794634] Restarting tasks ... done.
root@(none):/# 
root@(none):/# [   19.904926] ata1: SATA link down (SStatus 0 SControl 300)
rtcwake -d rtc1 -m mem -s 3
rtcwake: assuming RTC uses UTC ...
rtcwake: wakeup from "mem" using /dev/rtc1 at Thu Jan  1 00:01:00 1970
[   20.630489] PM: Syncing filesystems ... done.
[   20.779286] Freezing user space processes ... (elapsed 0.001 seconds) done.
[   20.787718] Freezing remaining freezable tasks ... (elapsed 0.001 seconds) done.
[   20.796671] Suspending console(s) (use no_console_suspend to debug)
[   20.944866] PM: suspend of devices complete after 140.076 msecs
[   20.951952] PM: late suspend of devices complete after 7.058 msecs
[   20.986760] PM: noirq suspend of devices complete after 34.787 msecs
[   20.986770] Disabling non-boot CPUs ...
[   20.987688] IRQ17 no longer affine to CPU1
[   20.988400] CPU1: shutdown
[   21.047320] CPU2: shutdown
[   21.106766] CPU3: shutdown
[   21.134547] Entering suspend state LP1
[   21.134547] Suspended for 3.300 seconds
[   21.134558] Enabling non-boot CPUs ...
[   21.162897] CPU1 is up
[   21.202898] CPU2 is up
[   21.243010] CPU3 is up
[   21.243747] pcieport 0000:00:01.0: nv_msi_ht_cap_quirk didn't locate host bridge
[   21.243750] pcieport 0000:00:02.0: nv_msi_ht_cap_quirk didn't locate host bridge
[   21.272240] PM: noirq resume of devices complete after 29.223 msecs
[   21.274121] PM: early resume of devices complete after 1.544 msecs
[   21.277631] tegra-hdmi 54280000.hdmi: cannot set audio to 48000 Hz at 297000000 Hz pixel clock
[   21.399582] PM: resume of devices complete after 125.452 msecs
[   21.494823] Restarting tasks ... done.
root@(none):/# 
root@(none):/# [   21.604891] ata1: SATA link down (SStatus 0 SControl 300)
rtcwake -d rtc1 -m mem -s 3
rtcwake: assuming RTC uses UTC ...
rtcwake: wakeup from "mem" using /dev/rtc1 at Thu Jan  1 00:01:05 1970
[   22.322376] PM: Syncing filesystems ... done.
[   22.534779] Freezing user space processes ... (elapsed 0.001 seconds) done.
[   22.543138] Freezing remaining freezable tasks ... (elapsed 0.001 seconds) done.
[   22.551760] Suspending console(s) (use no_console_suspend to debug)
[   22.683876] PM: suspend of devices complete after 125.192 msecs
[   22.685943] PM: late suspend of devices complete after 2.055 msecs
[   22.713550] PM: noirq suspend of devices complete after 27.600 msecs
[   22.713553] Disabling non-boot CPUs ...
[   22.713869] IRQ17 no longer affine to CPU1
[   22.714126] CPU1: shutdown
[   22.753800] CPU2: shutdown
[   22.813666] CPU3: shutdown
[   22.862875] Entering suspend state LP1
[   22.862875] Suspended for 3.271 seconds
[   22.862886] Enabling non-boot CPUs ...
[   22.892854] CPU1 is up
[   22.932869] CPU2 is up
[   22.972983] CPU3 is up
[   22.973604] pci_generic_config_write32: 116 callbacks suppressed
[   22.973612] pci_bus 0000:00: 2-byte config write to 0000:00:02.0 offset 0x4c may corrupt adjacent RW1C bits
[   22.973622] pci_bus 0000:00: 2-byte config write to 0000:00:01.0 offset 0x4c may corrupt adjacent RW1C bits
[   22.973632] pci_bus 0000:00: 2-byte config write to 0000:00:02.0 offset 0x88 may corrupt adjacent RW1C bits
[   22.973639] pci_bus 0000:00: 2-byte config write to 0000:00:02.0 offset 0x90 may corrupt adjacent RW1C bits
[   22.973645] pci_bus 0000:00: 2-byte config write to 0000:00:01.0 offset 0x88 may corrupt adjacent RW1C bits
[   22.973651] pci_bus 0000:00: 2-byte config write to 0000:00:02.0 offset 0x98 may corrupt adjacent RW1C bits
[   22.973656] pci_bus 0000:00: 2-byte config write to 0000:00:01.0 offset 0x90 may corrupt adjacent RW1C bits
[   22.973662] pci_bus 0000:00: 2-byte config write to 0000:00:02.0 offset 0x9c may corrupt adjacent RW1C bits
[   22.973668] pci_bus 0000:00: 2-byte config write to 0000:00:01.0 offset 0x98 may corrupt adjacent RW1C bits
[   22.973673] pci_bus 0000:00: 2-byte config write to 0000:00:02.0 offset 0xa8 may corrupt adjacent RW1C bits
[   22.973773] pcieport 0000:00:02.0: nv_msi_ht_cap_quirk didn't locate host bridge
[   22.973775] pcieport 0000:00:01.0: nv_msi_ht_cap_quirk didn't locate host bridge
[   23.002211] PM: noirq resume of devices complete after 29.223 msecs
[   23.004107] PM: early resume of devices complete after 1.559 msecs
[   23.007351] tegra-hdmi 54280000.hdmi: cannot set audio to 48000 Hz at 297000000 Hz pixel clock
[   23.129312] PM: resume of devices complete after 125.195 msecs
[   23.328009] Restarting tasks ... done.
[   23.334855] ata1: SATA link down (SStatus 0 SControl 300)
root@(none):/# 
root@(none):/# NVTB SYSTEM SUSPEND TEST COMPLETE
