

U-Boot 2015.04-00466-gedec83e90172 (Mar 14 2016 - 10:42:01)

TEGRA124
Model: Acer Chromebook 13 CB5-311
DRAM:  4 GiB
:   Tegra SD/MMC: 0, Tegra SD/MMC: 1, Tegra SD/MMC: 2
MMC init failed
Using default environment

In:    serial
Out:   serial
Err:   serial
Net:   Net Initialization Skipped
No ethernet found.
Hit any key to stop autoboot:  2  0 
Tegra124 (Nyan-big) # 
Tegra124 (Nyan-big) # usb start
starting USB...
USB0:   USB EHCI 1.10
scanning bus 0 for devices... 2 USB Device(s) found
USB1:   USB EHCI 1.10
scanning bus 1 for devices... 2 USB Device(s) found
       scanning usb for storage devices... 1 Storage Device(s) found
       scanning usb for ethernet devices... 
Warning: asx0 using MAC address from net device
1 Ethernet Device(s) found
Tegra124 (Nyan-big) # mw 0x7000e4a0 0x00080000
Tegra124 (Nyan-big) # setenv bootargs 'ignore_loglevel console=ttyS0,115200n8 rw root=PARTUUID=4d36e82a-b3c0-4b4b-bfcd-afe5217ac023 rootwait gpt debug noinitrd earlyprintk init=/bin/bash'
Tegra124 (Nyan-big) # setenv ipaddr 192.168.100.102; setenv serverip 192.168.100.1; setenv tftpserverip 192.168.100.1
Tegra124 (Nyan-big) # tftpboot 0x82000000 zImage.multi_v7_defconfig
Using asx0 device
TFTP from server 192.168.100.1; our IP address is 192.168.100.102
Filename 'zImage.multi_v7_defconfig'.
Load address: 0x82000000
Loading: *#################################################################
	 #################################################################
	 #################################################################
	 #################################################################
	 #################################################################
	 #################################################################
	 #################################################################
	 #################################################################
	 ###############
	 2.8 MiB/s
done
Bytes transferred = 7850056 (77c848 hex)
Tegra124 (Nyan-big) # tftpboot 0x83000000 tegra124-nyan-big.dtb
Using asx0 device
TFTP from server 192.168.100.1; our IP address is 192.168.100.102
Filename 'tegra124-nyan-big.dtb'.
Load address: 0x83000000
Loading: *#####
	 2.7 MiB/s
done
Bytes transferred = 68155 (10a3b hex)
Tegra124 (Nyan-big) # bootz 0x82000000 - 0x83000000
Kernel image @ 0x82000000 [ 0x000000 - 0x77c848 ]
## Flattened Device Tree blob at 83000000
   Booting using the fdt blob at 0x83000000
   Using Device Tree in place at 83000000, end 83013a3a

Starting kernel ...

[    0.000000] Booting Linux on physical CPU 0x0
[    0.000000] Linux version 4.11.0-rc2-next-20170320-159700-g4f4f972 (jonathanh@sellafield) (gcc version 4.7.3 20130328 (prerelease) (crosstool-NG linaro-1.13.1-4.7-2013.04-20130415 - Linaro GCC 2013.04) ) #1 SMP Wed Mar 22 15:12:25 PDT 2017
[    0.000000] CPU: ARMv7 Processor [413fc0f3] revision 3 (ARMv7), cr=10c5387d
[    0.000000] CPU: div instructions available: patching division code
[    0.000000] CPU: PIPT / VIPT nonaliasing data cache, PIPT instruction cache
[    0.000000] OF: fdt: Machine model: Acer Chromebook 13 CB5-311
[    0.000000] OF: fdt: Ignoring memory range 0x100000000 - 0x17ffff000
[    0.000000] debug: ignoring loglevel setting.
[    0.000000] efi: Getting EFI parameters from FDT:
[    0.000000] efi: UEFI not found.
[    0.000000] cma: Reserved 64 MiB at 0xfb800000
[    0.000000] Memory policy: Data cache writealloc
[    0.000000] On node 0 totalpages: 524287
[    0.000000] free_area_init_node: node 0, pgdat c157b940, node_mem_map eeff8000
[    0.000000]   DMA zone: 1536 pages used for memmap
[    0.000000]   DMA zone: 0 pages reserved
[    0.000000]   DMA zone: 196608 pages, LIFO batch:31
[    0.000000]   HighMem zone: 327679 pages, LIFO batch:31
[    0.000000] percpu: Embedded 17 pages/cpu @eef81000 s38528 r8192 d22912 u69632
[    0.000000] pcpu-alloc: s38528 r8192 d22912 u69632 alloc=17*4096
[    0.000000] pcpu-alloc: [0] 0 [0] 1 [0] 2 [0] 3 
[    0.000000] Built 1 zonelists in Zone order, mobility grouping on.  Total pages: 522751
[    0.000000] Kernel command line: ignore_loglevel console=ttyS0,115200n8 rw root=PARTUUID=4d36e82a-b3c0-4b4b-bfcd-afe5217ac023 rootwait gpt debug noinitrd earlyprintk init=/bin/bash
[    0.000000] PID hash table entries: 4096 (order: 2, 16384 bytes)
[    0.000000] Dentry cache hash table entries: 131072 (order: 7, 524288 bytes)
[    0.000000] Inode-cache hash table entries: 65536 (order: 6, 262144 bytes)
[    0.000000] Memory: 1994476K/2097148K available (10240K kernel code, 1548K rwdata, 4388K rodata, 2048K init, 417K bss, 37136K reserved, 65536K cma-reserved, 1245180K highmem)
[    0.000000] Virtual kernel memory layout:
[    0.000000]     vector  : 0xffff0000 - 0xffff1000   (   4 kB)
[    0.000000]     fixmap  : 0xffc00000 - 0xfff00000   (3072 kB)
[    0.000000]     vmalloc : 0xf0800000 - 0xff800000   ( 240 MB)
[    0.000000]     lowmem  : 0xc0000000 - 0xf0000000   ( 768 MB)
[    0.000000]     pkmap   : 0xbfe00000 - 0xc0000000   (   2 MB)
[    0.000000]     modules : 0xbf000000 - 0xbfe00000   (  14 MB)
[    0.000000]       .text : 0xc0208000 - 0xc0d00000   (11232 kB)
[    0.000000]       .init : 0xc1200000 - 0xc1400000   (2048 kB)
[    0.000000]       .data : 0xc1400000 - 0xc1583390   (1549 kB)
[    0.000000]        .bss : 0xc1585000 - 0xc15ed5c8   ( 418 kB)
[    0.000000] SLUB: HWalign=64, Order=0-3, MinObjects=0, CPUs=4, Nodes=1
[    0.000000] Hierarchical RCU implementation.
[    0.000000] 	RCU debugfs-based tracing is enabled.
[    0.000000] 	RCU restricting CPUs from NR_CPUS=16 to nr_cpu_ids=4.
[    0.000000] RCU: Adjusting geometry for rcu_fanout_leaf=16, nr_cpu_ids=4
[    0.000000] NR_IRQS:16 nr_irqs:16 16
[    0.000000] /interrupt-controller@60004000: 160 interrupts forwarded to /interrupt-controller@50041000
[    0.000000] Tegra clk 127: register failed with -17
[    0.000003] sched_clock: 32 bits at 1000kHz, resolution 1000ns, wraps every 2147483647500ns
[    0.000010] clocksource: timer_us: mask: 0xffffffff max_cycles: 0xffffffff, max_idle_ns: 1911260446275 ns
[    0.000016] Switching to timer-based delay loop, resolution 1000ns
[    0.001723] arm_arch_timer: Architected cp15 timer(s) running at 12.00MHz (virt).
[    0.001731] clocksource: arch_sys_counter: mask: 0xffffffffffffff max_cycles: 0x2c47f4ee7, max_idle_ns: 440795202497 ns
[    0.001738] sched_clock: 56 bits at 12MHz, resolution 83ns, wraps every 4398046511096ns
[    0.001742] Switching to timer-based delay loop, resolution 83ns
[    0.001941] Console: colour dummy device 80x30
[    0.001956] Calibrating delay loop (skipped), value calculated using timer frequency.. 24.00 BogoMIPS (lpj=120000)
[    0.001962] pid_max: default: 32768 minimum: 301
[    0.002002] Mount-cache hash table entries: 2048 (order: 1, 8192 bytes)
[    0.002008] Mountpoint-cache hash table entries: 2048 (order: 1, 8192 bytes)
[    0.002207] CPU: Testing write buffer coherency: ok
[    0.002327] /cpus/cpu@0 missing clock-frequency property
[    0.002343] /cpus/cpu@1 missing clock-frequency property
[    0.002357] /cpus/cpu@2 missing clock-frequency property
[    0.002372] /cpus/cpu@3 missing clock-frequency property
[    0.002377] CPU0: thread -1, cpu 0, socket 0, mpidr 80000000
[    0.002492] Setting up static identity map for 0x80300000 - 0x80300098
[    0.003811] Tegra Revision: A01 SKU: 131 CPU Process: 1 SoC Process: 1
[    0.004067] EFI services will not be available.
[    0.004158] smp: Bringing up secondary CPUs ...
[    0.004454] CPU1: thread -1, cpu 1, socket 0, mpidr 80000001
[    0.011899] CPU2: thread -1, cpu 2, socket 0, mpidr 80000002
[    0.021899] CPU3: thread -1, cpu 3, socket 0, mpidr 80000003
[    0.031621] smp: Brought up 1 node, 4 CPUs
[    0.031628] SMP: Total of 4 processors activated (96.00 BogoMIPS).
[    0.031632] CPU: All CPU(s) started in SVC mode.
[    0.032180] devtmpfs: initialized
[    0.037829] VFP support v0.3: implementor 41 architecture 4 part 30 variant f rev 0
[    0.038024] clocksource: jiffies: mask: 0xffffffff max_cycles: 0xffffffff, max_idle_ns: 19112604462750000 ns
[    0.038032] futex hash table entries: 1024 (order: 4, 65536 bytes)
[    0.038602] pinctrl core: initialized pinctrl subsystem
[    0.039368] NET: Registered protocol family 16
[    0.040108] DMA: preallocated 256 KiB pool for atomic coherent allocations
[    0.040999] cpuidle: using governor menu
[    0.049850] No ATAGs?
[    0.049904] hw-breakpoint: found 5 (+1 reserved) breakpoint and 4 watchpoint registers.
[    0.049910] hw-breakpoint: maximum watchpoint size is 8 bytes.
[    0.052480] Serial: AMBA PL011 UART driver
[    0.052830] tegra-mc 70019000.memory-controller: no memory timings for RAM code 0 registered
[    0.057989] AT91: Could not find identification node
[    0.058185] +5V_SYS: supplied by +VDD_MUX
[    0.058286] +3.3V_SYS: supplied by +VDD_MUX
[    0.058489] +VDD_LED: Failed to request enable GPIO122: -517
[    0.058495] reg-fixed-voltage regulators:regulator@5: Failed to register regulator: -517
[    0.058527] +5V_VDD_TS_SW: Failed to request enable GPIO81: -517
[    0.058532] reg-fixed-voltage regulators:regulator@6: Failed to register regulator: -517
[    0.058562] +5V_USB_HS: Failed to request enable GPIO108: -517
[    0.058566] reg-fixed-voltage regulators:regulator@7: Failed to register regulator: -517
[    0.058596] +5V_USB_SS: Failed to request enable GPIO109: -517
[    0.058600] reg-fixed-voltage regulators:regulator@8: Failed to register regulator: -517
[    0.058679] +1.05V_RUN_AVDD_HDMI_PLL: Failed to request enable GPIO63: -517
[    0.058683] reg-fixed-voltage regulators:regulator@11: Failed to register regulator: -517
[    0.058713] +5V_HDMI_CON: Failed to request enable GPIO86: -517
[    0.058717] reg-fixed-voltage regulators:regulator@12: Failed to register regulator: -517
[    0.059765] vgaarb: loaded
[    0.060041] SCSI subsystem initialized
[    0.060108] libata version 3.00 loaded.
[    0.060194] usbcore: registered new interface driver usbfs
[    0.060214] usbcore: registered new interface driver hub
[    0.060235] usbcore: registered new device driver usb
[    0.061508] pps_core: LinuxPPS API ver. 1 registered
[    0.061512] pps_core: Software ver. 5.3.6 - Copyright 2005-2007 Rodolfo Giometti <giometti@linux.it>
[    0.061521] PTP clock support registered
[    0.061589] EDAC MC: Ver: 3.0.0
[    0.062001] tegra-emc 7001b000.emc: no memory timings for RAM code 0 found in DT
[    0.062011] tegra-emc: probe of 7001b000.emc failed with error -2
[    0.062439] clocksource: Switched to clocksource arch_sys_counter
[    0.081616] NET: Registered protocol family 2
[    0.081812] TCP established hash table entries: 8192 (order: 3, 32768 bytes)
[    0.081846] TCP bind hash table entries: 8192 (order: 4, 65536 bytes)
[    0.081908] TCP: Hash tables configured (established 8192 bind 8192)
[    0.081944] UDP hash table entries: 512 (order: 2, 16384 bytes)
[    0.081959] UDP-Lite hash table entries: 512 (order: 2, 16384 bytes)
[    0.082021] NET: Registered protocol family 1
[    0.082167] RPC: Registered named UNIX socket transport module.
[    0.082171] RPC: Registered udp transport module.
[    0.082174] RPC: Registered tcp transport module.
[    0.082176] RPC: Registered tcp NFSv4.1 backchannel transport module.
[    0.082182] PCI: CLS 0 bytes, default 64
[    0.082683] hw perfevents: enabled with armv7_cortex_a15 PMU driver, 7 counters available
[    0.083387] workingset: timestamp_bits=30 max_order=19 bucket_order=0
[    0.086171] squashfs: version 4.0 (2009/01/31) Phillip Lougher
[    0.086416] NFS: Registering the id_resolver key type
[    0.086427] Key type id_resolver registered
[    0.086430] Key type id_legacy registered
[    0.086447] ntfs: driver 2.1.32 [Flags: R/O].
[    0.087002] bounce: pool size: 64 pages
[    0.087020] Block layer SCSI generic (bsg) driver version 0.4 loaded (major 248)
[    0.087025] io scheduler noop registered
[    0.087028] io scheduler deadline registered
[    0.087084] io scheduler cfq registered (default)
[    0.087087] io scheduler mq-deadline registered
[    0.088882] tegra-xusb-padctl 7009f000.padctl: failed to setup XUSB ports: -517
[    0.098404] tegra-apbdma 60020000.dma: Tegra20 APB DMA driver register 32 channels
[    0.099256] tegra-pmc 7000e400.pmc: i2c-thermtrip node not found, emergency thermal reset disabled.
[    0.117282] Serial: 8250/16550 driver, 4 ports, IRQ sharing disabled
[    0.118310] console [ttyS0] disabled
[    0.118327] 70006000.serial: ttyS0 at MMIO 0x70006000 (irq = 333, base_baud = 25500000) is a Tegra
[    1.002572] console [ttyS0] enabled
[    1.006335] SuperH (H)SCI(F) driver initialized
[    1.011180] msm_serial: driver initialized
[    1.015332] STMicroelectronics ASC driver initialized
[    1.022518] tegra-hdmi 54280000.hdmi: failed to get HDMI regulator
[    1.029044] tegra-dpaux 545c0000.dpaux: failed to get VDD supply: -517
[    1.036337] panel-simple panel: panel supply power not found, using dummy regulator
[    1.047484] brd: module loaded
[    1.053185] loop: module loaded
[    1.057236] as3722 4-0040: AS3722 with revision 0x1 found
[    1.067199] as3722-sd2: supplied by +5V_SYS
[    1.071610] as3722-sd3: supplied by +5V_SYS
[    1.075946] +1.35V_LP0(sd3): Bringing 0uV into 1350000-1350000uV
[    1.082111] as3722-sd4: supplied by +5V_SYS
[    1.086495] +1.05V_RUN: Bringing 0uV into 1050000-1050000uV
[    1.092229] as3722-sd5: supplied by +5V_SYS
[    1.097810] as3722-ldo0: supplied by +1.35V_LP0(sd2)
[    1.103524] +1.8V_RUN_CAM: Bringing 0uV into 1800000-1800000uV
[    1.109529] as3722-ldo2: supplied by +1.8V_VDDIO
[    1.115157] as3722-ldo3: supplied by +3.3V_SYS
[    1.119602] +1.00V_LP0_VDD_RTC: Bringing 1100000uV into 1000000-1000000uV
[    1.127169] as3722-ldo4: supplied by +3.3V_SYS
[    1.131757] +3.3V_RUN_CAM: Bringing 0uV into 2800000-2800000uV
[    1.137766] as3722-ldo5: supplied by +1.8V_VDDIO
[    1.142530] +1.2V_RUN_CAM_FRONT: Bringing 0uV into 1200000-1200000uV
[    1.149202] +VDDIO_SDMMC3: Bringing 0uV into 1800000-1800000uV
[    1.155222] as3722-ldo7: supplied by +1.8V_VDDIO
[    1.159985] +1.05V_RUN_CAM_REAR: Bringing 0uV into 1050000-1050000uV
[    1.166531] as3722-ldo9: supplied by +5V_SYS
[    1.171088] +2.8V_RUN_TOUCH: Bringing 0uV into 2800000-2800000uV
[    1.177281] as3722-ldo10: supplied by +5V_SYS
[    1.181782] +2.8V_RUN_CAM_AF: Bringing 0uV into 2800000-2800000uV
[    1.188213] +1.8V_RUN_VPP_FUSE: Bringing 0uV into 1800000-1800000uV
[    1.200471] random: fast init done
[    1.206276] m25p80 spi32765.0: w25q32dw (4096 Kbytes)
[    1.212351] libphy: Fixed MDIO Bus: probed
[    1.216827] CAN device driver interface
[    1.220957] bgmac_bcma: Broadcom 47xx GBit MAC driver loaded
[    1.227059] e1000e: Intel(R) PRO/1000 Network Driver - 3.2.6-k
[    1.232880] e1000e: Copyright(c) 1999 - 2015 Intel Corporation.
[    1.238801] igb: Intel(R) Gigabit Ethernet Network Driver - version 5.4.0-k
[    1.245749] igb: Copyright (c) 2007-2014 Intel Corporation.
[    1.252506] pegasus: v0.9.3 (2013/04/25), Pegasus/Pegasus II USB Ethernet driver
[    1.259904] usbcore: registered new interface driver pegasus
[    1.265570] usbcore: registered new interface driver asix
[    1.270964] usbcore: registered new interface driver ax88179_178a
[    1.277057] usbcore: registered new interface driver cdc_ether
[    1.282896] usbcore: registered new interface driver smsc75xx
[    1.288641] usbcore: registered new interface driver smsc95xx
[    1.294388] usbcore: registered new interface driver net1080
[    1.300042] usbcore: registered new interface driver cdc_subset
[    1.305961] usbcore: registered new interface driver zaurus
[    1.311538] usbcore: registered new interface driver cdc_ncm
[    1.317817] ehci_hcd: USB 2.0 'Enhanced' Host Controller (EHCI) Driver
[    1.324337] ehci-pci: EHCI PCI platform driver
[    1.328781] ehci-platform: EHCI generic platform driver
[    1.334069] ehci-orion: EHCI orion driver
[    1.338119] SPEAr-ehci: EHCI SPEAr driver
[    1.342161] ehci-st: EHCI STMicroelectronics driver
[    1.347076] ehci-exynos: EHCI EXYNOS driver
[    1.351298] ehci-atmel: EHCI Atmel driver
[    1.355346] tegra-ehci: Tegra EHCI driver
[    1.359403] ohci_hcd: USB 1.1 'Open' Host Controller (OHCI) Driver
[    1.365576] ohci-pci: OHCI PCI platform driver
[    1.370018] ohci-platform: OHCI generic platform driver
[    1.375288] ohci-omap3: OHCI OMAP3 driver
[    1.379330] SPEAr-ohci: OHCI SPEAr driver
[    1.383381] ohci-st: OHCI STMicroelectronics driver
[    1.388290] ohci-atmel: OHCI Atmel driver
[    1.392546] usbcore: registered new interface driver usb-storage
[    1.399307] elan_i2c 1-0015: 1-0015 supply vcc not found, using dummy regulator
[    1.406676] as3722-rtc as3722-rtc: rtc core: registered as3722-rtc as rtc0
[    1.413549] as3722-rtc as3722-rtc: RTC interrupt 372
[    1.420423] tegra_rtc 7000e000.rtc: rtc core: registered 7000e000.rtc as rtc1
[    1.427560] tegra_rtc 7000e000.rtc: Tegra internal Real Time Clock
[    1.433906] i2c /dev entries driver
[    1.439697] lm90 0-004c: 0-004c supply vcc not found, using dummy regulator
[    1.450963] sdhci: Secure Digital Host Controller Interface driver
[    1.457144] sdhci: Copyright(c) Pierre Ossman
[    1.462014] Synopsys Designware Multimedia Card Interface Driver
[    1.468446] sdhci-pltfm: SDHCI platform and OF driver helper
[    1.474366] sdhci-tegra 700b0000.sdhci: allocated mmc-pwrseq
[    1.486568] sdhci-tegra 700b0400.sdhci: Got CD GPIO
[    1.491438] sdhci-tegra 700b0400.sdhci: Got WP GPIO
[    1.510552] mmc0: Unknown controller version (3). You may experience problems.
[    1.517794] mmc0: Invalid maximum block size, assuming 512 bytes
[    1.578898] elan_i2c 1-0015: Elan Touchpad: Module ID: 0x002a, Firmware: 0x0005, Sample: 0x0007, IAP: 0x0009
[    1.582450] mmc0: SDHCI controller on 700b0600.sdhci [700b0600.sdhci] using ADMA
[    1.596224] input: Elan Touchpad as /devices/soc0/7000c400.i2c/i2c-1/1-0015/input/input0
[    1.597478] ledtrig-cpu: registered to indicate activity on CPUs
[    1.597643] usbcore: registered new interface driver usbhid
[    1.597646] usbhid: USB HID core driver
[    1.599401] NET: Registered protocol family 10
[    1.624305] Segment Routing with IPv6
[    1.627976] sit: IPv6, IPv4 and MPLS over IPv4 tunneling driver
[    1.634104] NET: Registered protocol family 17
[    1.638538] can: controller area network core (rev 20120528 abi 9)
[    1.644724] NET: Registered protocol family 29
[    1.649154] can: raw protocol (rev 20120528)
[    1.653416] can: broadcast manager protocol (rev 20161123 t)
[    1.659061] can: netlink gateway (rev 20130117) max_hops=1
[    1.664661] Key type dns_resolver registered
[    1.669127] ThumbEE CPU extension supported.
[    1.673392] Registering SWP/SWPB emulation handler
[    1.683571] +3.3V_RUN: supplied by +3.3V_SYS
[    1.688631] +VDD_LED: supplied by +VDD_MUX
[    1.692823] +3.3V_AVDD_HDMI_AP_GATED: supplied by +3.3V_RUN
[    1.698470] +1.8V_RUN_CAM: supplied by +3.3V_RUN
[    1.699640] mmc0: new high speed MMC card at address 0001
[    1.703727] mmcblk0: mmc0:0001 MMC16G 14.4 GiB 
[    1.704169] mmcblk0boot0: mmc0:0001 MMC16G partition 1 2.00 MiB
[    1.704631] mmcblk0boot1: mmc0:0001 MMC16G partition 2 2.00 MiB
[    1.704914] mmcblk0rpmb: mmc0:0001 MMC16G partition 3 128 KiB
[    1.728167]  mmcblk0: p1 p2 p3 p4 p5 p6 p7 p8 p9 p10 p11 p12
[    1.736375] +VDDIO_SDMMC3: supplied by +3.3V_RUN
[    1.741011] +1.8V_RUN_VPP_FUSE: supplied by +3.3V_RUN
[    1.746378] +5V_VDD_TS_SW: supplied by +5V_SYS
[    1.751048] +5V_USB_HS: supplied by +5V_SYS
[    1.755576] +5V_USB_SS: supplied by +5V_SYS
[    1.760524] +3.3V_PANEL: supplied by +3.3V_RUN
[    1.766009] +3.3V_LP0: supplied by +3.3V_SYS
[    1.770879] +1.05V_RUN_AVDD_HDMI_PLL: supplied by +1.05V_RUN
[    1.771194] elan_i2c 1-0015: failed to read report data: -121
[    1.782688] +5V_HDMI_CON: supplied by +5V_SYS
[    1.787820]  usb3-0: usb3-0 supply vbus not found, using dummy regulator
[    1.794635]  usb3-1: usb3-1 supply vbus not found, using dummy regulator
[    1.804956] tegra-sor 54540000.sor: failed to probe output: -517
[    1.811467] panel-simple panel: panel supply power not found, using dummy regulator
[    1.819817] sdhci-tegra 700b0000.sdhci: allocated mmc-pwrseq
[    1.832584] mmc1: Unknown controller version (3). You may experience problems.
[    1.839823] mmc1: Invalid maximum block size, assuming 512 bytes
[    1.846232] mmc1: Switching to 3.3V signalling voltage failed
[    1.902524] mmc1: SDHCI controller on 700b0000.sdhci [700b0000.sdhci] using ADMA
[    1.908971] elan_i2c 1-0015: invalid report id data (ff)
[    1.915944] sdhci-tegra 700b0400.sdhci: Got CD GPIO
[    1.920815] sdhci-tegra 700b0400.sdhci: Got WP GPIO
[    1.936166] mmc2: Unknown controller version (3). You may experience problems.
[    1.943499] mmc2: Invalid maximum block size, assuming 512 bytes
[    1.976690] mmc1: new high speed SDIO card at address 0001
[    2.012527] mmc2: SDHCI controller on 700b0400.sdhci [700b0400.sdhci] using ADMA
[    2.117991] [drm] Supports vblank timestamp caching Rev 2 (21.10.2013).
[    2.124611] [drm] No driver support for vblank timestamp query.
[    2.174209] mmc2: new high speed SDHC card at address 0007
[    2.174584] mmcblk2: mmc2:0007 SD08G 7.42 GiB 
[    2.183308] GPT:Primary header alternate_lba != Alt. header my_lba
[    2.183312] GPT:3014591 != 15564799
[    2.183314] GPT:Primary header thinks Alt. header is not at the end of the disk.
[    2.183315] GPT:3014591 != 15564799
[    2.183316] GPT: Use GNU Parted to correct GPT errors.
[    2.183342]  mmcblk2: p1 p2 p3 p4 p5 p6 p7 p8 p9 p10 p11 p12
[    2.213309] Console: switching to colour frame buffer device 170x48
[    2.277424] drm drm: fb0:  frame buffer device
[    2.281908] [drm] Initialized tegra 0.0.0 20120330 for drm on minor 0
[    2.289336] input: gpio-keys as /devices/soc0/gpio-keys/input/input1
[    2.296991] as3722-rtc as3722-rtc: setting system clock to 2000-01-02 11:56:00 UTC (946814160)
[    2.306133] +1.8V_RUN_CAM: disabling
[    2.309868] +3.3V_RUN_CAM: disabling
[    2.313716] +1.2V_RUN_CAM_FRONT: disabling
[    2.317970] +1.05V_RUN_CAM_REAR: disabling
[    2.322219] +2.8V_RUN_TOUCH: disabling
[    2.326212] +2.8V_RUN_CAM_AF: disabling
[    2.330202] +1.8V_RUN_VPP_FUSE: disabling
[    2.334454] +5V_VDD_TS_SW: disabling
[    2.338025] +5V_USB_HS: disabling
[    2.341328] +5V_USB_SS: disabling
[    2.345561] EXT4-fs (mmcblk0p3): couldn't mount as ext3 due to feature incompatibilities
[    2.354217] EXT4-fs (mmcblk0p3): couldn't mount as ext2 due to feature incompatibilities
[    2.822365] EXT4-fs (mmcblk0p3): recovery complete
[    2.827893] EXT4-fs (mmcblk0p3): mounted filesystem with ordered data mode. Opts: (null)
[    2.836026] VFS: Mounted root (ext4 filesystem) on device 179:3.
[    2.843232] devtmpfs: mounted
[    2.846868] Freeing unused kernel memory: 2048K
bash: cannot set terminal process group (-1): Inappropriate ioctl for device
bash: no job control in this shell
root@(none):/# mount -t sysfs none /sys
root@(none):/# 
root@(none):/# mount -t debugfs none /sys/kernel/debug
root@(none):/# 
root@(none):/# rtcwake -d rtc1 -m mem -s 3
rtcwake: assuming RTC uses UTC ...
rtcwake: wakeup from "mem" using /dev/rtc1 at Thu Jan  1 00:00:28 1970
[    5.812354] PM: Syncing filesystems ... done.
[    5.829581] Freezing user space processes ... (elapsed 0.001 seconds) done.
[    5.837758] Freezing remaining freezable tasks ... (elapsed 0.001 seconds) done.
[    5.846441] Suspending console(s) (use no_console_suspend to debug)
[    5.893459] PM: suspend of devices complete after 40.211 msecs
[    5.894905] PM: late suspend of devices complete after 1.435 msecs
[    5.895817] PM: noirq suspend of devices complete after 0.908 msecs
[    5.895819] Disabling non-boot CPUs ...
[    6.044447] IRQ17 no longer affine to CPU3
[    6.074210] Entering suspend state LP1
[    6.074210] Suspended for 2.873 seconds
[    6.074221] Enabling non-boot CPUs ...
[    6.104072] CPU1 is up
[    6.143891] CPU2 is up
[    6.184099] CPU3 is up
[    6.184572] PM: noirq resume of devices complete after 0.468 msecs
[    6.186053] PM: early resume of devices complete after 1.164 msecs
[    6.342485] mmc1: Switching to 3.3V signalling voltage failed
[    6.602516] tegra-sor 54540000.sor: failed to attach SOR: -110
[    6.630093] PM: resume of devices complete after 444.031 msecs
[    6.705678] Restarting tasks ... done.
root@(none):/# 
root@(none):/# rtcwake -d rtc1 -m mem -s 3
rtcwake: assuming RTC uses UTC ...
rtcwake: wakeup from "mem" using /dev/rtc1 at Thu Jan  1 00:00:33 1970
[    8.031590] PM: Syncing filesystems ... done.
[    8.046761] Freezing user space processes ... (elapsed 0.001 seconds) done.
[    8.054840] Freezing remaining freezable tasks ... (elapsed 0.001 seconds) done.
[    8.063463] Suspending console(s) (use no_console_suspend to debug)
[    8.110491] PM: suspend of devices complete after 40.257 msecs
[    8.111854] PM: late suspend of devices complete after 1.354 msecs
[    8.112779] PM: noirq suspend of devices complete after 0.919 msecs
[    8.112781] Disabling non-boot CPUs ...
[    8.174430] IRQ17 no longer affine to CPU2
[    8.283946] Entering suspend state LP1
[    8.283946] Suspended for 2.790 seconds
[    8.283957] Enabling non-boot CPUs ...
[    8.314049] CPU1 is up
[    8.353893] CPU2 is up
[    8.394081] CPU3 is up
[    8.394526] PM: noirq resume of devices complete after 0.440 msecs
[    8.396129] PM: early resume of devices complete after 1.297 msecs
[    8.551431] mmc1: Switching to 3.3V signalling voltage failed
[    8.802396] tegra-sor 54540000.sor: failed to attach SOR: -110
[    8.839133] PM: resume of devices complete after 442.998 msecs
[    8.914529] Restarting tasks ... done.
root@(none):/# 
root@(none):/# rtcwake -d rtc1 -m mem -s 3
rtcwake: assuming RTC uses UTC ...
rtcwake: wakeup from "mem" using /dev/rtc1 at Thu Jan  1 00:00:38 1970
[   10.272327] PM: Syncing filesystems ... done.
[   10.289227] Freezing user space processes ... (elapsed 0.001 seconds) done.
[   10.297396] Freezing remaining freezable tasks ... (elapsed 0.001 seconds) done.
[   10.306033] Suspending console(s) (use no_console_suspend to debug)
[   10.352865] PM: suspend of devices complete after 40.060 msecs
[   10.354293] PM: late suspend of devices complete after 1.419 msecs
[   10.355198] PM: noirq suspend of devices complete after 0.900 msecs
[   10.355200] Disabling non-boot CPUs ...
[   10.355404] IRQ17 no longer affine to CPU1
[   10.523942] Entering suspend state LP1
[   10.523942] Suspended for 2.759 seconds
[   10.523953] Enabling non-boot CPUs ...
[   10.554042] CPU1 is up
[   10.593865] CPU2 is up
[   10.634060] CPU3 is up
[   10.634504] PM: noirq resume of devices complete after 0.440 msecs
[   10.635972] PM: early resume of devices complete after 1.151 msecs
[   10.792415] mmc1: Switching to 3.3V signalling voltage failed
[   11.052456] tegra-sor 54540000.sor: failed to attach SOR: -110
[   11.080042] PM: resume of devices complete after 444.061 msecs
[   11.155565] Restarting tasks ... done.
root@(none):/# 
root@(none):/# rtcwake -d rtc1 -m mem -s 3
rtcwake: assuming RTC uses UTC ...
rtcwake: wakeup from "mem" using /dev/rtc1 at Thu Jan  1 00:00:43 1970
[   12.471896] PM: Syncing filesystems ... done.
[   12.496768] Freezing user space processes ... (elapsed 0.001 seconds) done.
[   12.504960] Freezing remaining freezable tasks ... (elapsed 0.001 seconds) done.
[   12.513593] Suspending console(s) (use no_console_suspend to debug)
[   12.560672] PM: suspend of devices complete after 40.309 msecs
[   12.561890] PM: late suspend of devices complete after 1.209 msecs
[   12.562814] PM: noirq suspend of devices complete after 0.919 msecs
[   12.562817] Disabling non-boot CPUs ...
[   12.733764] Entering suspend state LP1
[   12.733764] Suspended for 2.789 seconds
[   12.733775] Enabling non-boot CPUs ...
[   12.764211] CPU1 is up
[   12.803824] CPU2 is up
[   12.844029] CPU3 is up
[   12.844471] PM: noirq resume of devices complete after 0.437 msecs
[   12.845972] PM: early resume of devices complete after 1.175 msecs
[   13.002420] mmc1: Switching to 3.3V signalling voltage failed
[   13.262364] tegra-sor 54540000.sor: failed to attach SOR: -110
[   13.290025] PM: resume of devices complete after 444.042 msecs
[   13.361430] Restarting tasks ... done.
root@(none):/# 
root@(none):/# rtcwake -d rtc1 -m mem -s 3
rtcwake: assuming RTC uses UTC ...
rtcwake: wakeup from "mem" using /dev/rtc1 at Thu Jan  1 00:00:48 1970
[   14.681304] PM: Syncing filesystems ... done.
[   14.706701] Freezing user space processes ... (elapsed 0.001 seconds) done.
[   14.714780] Freezing remaining freezable tasks ... (elapsed 0.001 seconds) done.
[   14.723404] Suspending console(s) (use no_console_suspend to debug)
[   14.770429] PM: suspend of devices complete after 40.258 msecs
[   14.771607] PM: late suspend of devices complete after 1.168 msecs
[   14.772539] PM: noirq suspend of devices complete after 0.927 msecs
[   14.772541] Disabling non-boot CPUs ...
[   14.943867] Entering suspend state LP1
[   14.943867] Suspended for 2.789 seconds
[   14.943878] Enabling non-boot CPUs ...
[   14.973987] CPU1 is up
[   15.013808] CPU2 is up
[   15.054013] CPU3 is up
[   15.054452] PM: noirq resume of devices complete after 0.435 msecs
[   15.055784] PM: early resume of devices complete after 1.014 msecs
[   15.212648] mmc1: Switching to 3.3V signalling voltage failed
[   15.472371] tegra-sor 54540000.sor: failed to attach SOR: -110
[   15.500378] PM: resume of devices complete after 444.584 msecs
[   15.571739] Restarting tasks ... done.
root@(none):/# 
root@(none):/# rtcwake -d rtc1 -m mem -s 3
rtcwake: assuming RTC uses UTC ...
rtcwake: wakeup from "mem" using /dev/rtc1 at Thu Jan  1 00:00:53 1970
[   16.901397] PM: Syncing filesystems ... done.
[   16.917049] Freezing user space processes ... (elapsed 0.001 seconds) done.
[   16.925128] Freezing remaining freezable tasks ... (elapsed 0.001 seconds) done.
[   16.933753] Suspending console(s) (use no_console_suspend to debug)
[   16.980921] PM: suspend of devices complete after 40.399 msecs
[   16.982060] PM: late suspend of devices complete after 1.130 msecs
[   16.982985] PM: noirq suspend of devices complete after 0.920 msecs
[   16.982987] Disabling non-boot CPUs ...
[   17.153831] Entering suspend state LP1
[   17.153831] Suspended for 2.789 seconds
[   17.153842] Enabling non-boot CPUs ...
[   17.183958] CPU1 is up
[   17.223774] CPU2 is up
[   17.263990] CPU3 is up
[   17.264433] PM: noirq resume of devices complete after 0.438 msecs
[   17.265918] PM: early resume of devices complete after 1.178 msecs
[   17.422384] mmc1: Switching to 3.3V signalling voltage failed
[   17.682297] tegra-sor 54540000.sor: failed to attach SOR: -110
[   17.710035] PM: resume of devices complete after 444.108 msecs
[   17.781429] Restarting tasks ... done.
root@(none):/# 
root@(none):/# rtcwake -d rtc1 -m mem -s 3
rtcwake: assuming RTC uses UTC ...
rtcwake: wakeup from "mem" using /dev/rtc1 at Thu Jan  1 00:00:58 1970
[   19.102022] PM: Syncing filesystems ... done.
[   19.126762] Freezing user space processes ... (elapsed 0.001 seconds) done.
[   19.134946] Freezing remaining freezable tasks ... (elapsed 0.001 seconds) done.
[   19.143576] Suspending console(s) (use no_console_suspend to debug)
[   19.190404] PM: suspend of devices complete after 40.053 msecs
[   19.191567] PM: late suspend of devices complete after 1.154 msecs
[   19.192501] PM: noirq suspend of devices complete after 0.929 msecs
[   19.192503] Disabling non-boot CPUs ...
[   19.363705] Entering suspend state LP1
[   19.363705] Suspended for 2.789 seconds
[   19.363716] Enabling non-boot CPUs ...
[   19.394163] CPU1 is up
[   19.433746] CPU2 is up
[   19.473960] CPU3 is up
[   19.474403] PM: noirq resume of devices complete after 0.438 msecs
[   19.475695] PM: early resume of devices complete after 0.965 msecs
[   19.632538] mmc1: Switching to 3.3V signalling voltage failed
[   19.892349] tegra-sor 54540000.sor: failed to attach SOR: -110
[   19.920335] PM: resume of devices complete after 444.630 msecs
[   19.991703] Restarting tasks ... done.
root@(none):/# 
root@(none):/# rtcwake -d rtc1 -m mem -s 3
rtcwake: assuming RTC uses UTC ...
rtcwake: wakeup from "mem" using /dev/rtc1 at Thu Jan  1 00:01:03 1970
[   21.313048] PM: Syncing filesystems ... done.
[   21.337061] Freezing user space processes ... (elapsed 0.001 seconds) done.
[   21.345244] Freezing remaining freezable tasks ... (elapsed 0.001 seconds) done.
[   21.353859] Suspending console(s) (use no_console_suspend to debug)
[   21.400839] PM: suspend of devices complete after 40.208 msecs
[   21.402052] PM: late suspend of devices complete after 1.204 msecs
[   21.402970] PM: noirq suspend of devices complete after 0.913 msecs
[   21.402972] Disabling non-boot CPUs ...
[   21.474274] IRQ17 no longer affine to CPU2
[   21.584102] Entering suspend state LP1
[   21.584102] Suspended for 2.779 seconds
[   21.584114] Enabling non-boot CPUs ...
[   21.613911] CPU1 is up
[   21.653741] CPU2 is up
[   21.693937] CPU3 is up
[   21.694380] PM: noirq resume of devices complete after 0.438 msecs
[   21.695816] PM: early resume of devices complete after 1.132 msecs
[   21.852305] mmc1: Switching to 3.3V signalling voltage failed
[   22.112317] tegra-sor 54540000.sor: failed to attach SOR: -110
[   22.140020] PM: resume of devices complete after 444.195 msecs
[   22.215528] Restarting tasks ... done.
root@(none):/# 
root@(none):/# rtcwake -d rtc1 -m mem -s 3
rtcwake: assuming RTC uses UTC ...
rtcwake: wakeup from "mem" using /dev/rtc1 at Thu Jan  1 00:01:08 1970
[   23.532714] PM: Syncing filesystems ... done.
[   23.556740] Freezing user space processes ... (elapsed 0.001 seconds) done.
[   23.564924] Freezing remaining freezable tasks ... (elapsed 0.001 seconds) done.
[   23.573534] Suspending console(s) (use no_console_suspend to debug)
[   23.620567] PM: suspend of devices complete after 40.260 msecs
[   23.621606] PM: late suspend of devices complete after 1.034 msecs
[   23.622431] PM: noirq suspend of devices complete after 0.821 msecs
[   23.622433] Disabling non-boot CPUs ...
[   23.694301] IRQ17 no longer affine to CPU2
[   23.804047] Entering suspend state LP1
[   23.804047] Suspended for 2.779 seconds
[   23.804058] Enabling non-boot CPUs ...
[   23.833883] CPU1 is up
[   23.873699] CPU2 is up
[   23.913903] CPU3 is up
[   23.914345] PM: noirq resume of devices complete after 0.437 msecs
[   23.915823] PM: early resume of devices complete after 1.176 msecs
[   24.072405] mmc1: Switching to 3.3V signalling voltage failed
[   24.332266] tegra-sor 54540000.sor: failed to attach SOR: -110
[   24.360150] PM: resume of devices complete after 444.318 msecs
[   24.435626] Restarting tasks ... done.
root@(none):/# 
root@(none):/# rtcwake -d rtc1 -m mem -s 3
rtcwake: assuming RTC uses UTC ...
rtcwake: wakeup from "mem" using /dev/rtc1 at Thu Jan  1 00:01:13 1970
[   25.752078] PM: Syncing filesystems ... done.
[   25.776846] Freezing user space processes ... (elapsed 0.001 seconds) done.
[   25.785028] Freezing remaining freezable tasks ... (elapsed 0.001 seconds) done.
[   25.793641] Suspending console(s) (use no_console_suspend to debug)
[   25.840870] PM: suspend of devices complete after 40.455 msecs
[   25.842334] PM: late suspend of devices complete after 1.454 msecs
[   25.843414] PM: noirq suspend of devices complete after 1.073 msecs
[   25.843417] Disabling non-boot CPUs ...
[   25.843627] IRQ17 no longer affine to CPU1
[   26.014051] Entering suspend state LP1
[   26.014051] Suspended for 2.789 seconds
[   26.014063] Enabling non-boot CPUs ...
[   26.043865] CPU1 is up
[   26.083681] CPU2 is up
[   26.123881] CPU3 is up
[   26.124326] PM: noirq resume of devices complete after 0.441 msecs
[   26.125575] PM: early resume of devices complete after 0.948 msecs
[   26.282268] mmc1: Switching to 3.3V signalling voltage failed
[   26.542276] tegra-sor 54540000.sor: failed to attach SOR: -110
[   26.569789] PM: resume of devices complete after 444.208 msecs
[   26.645195] Restarting tasks ... done.
root@(none):/# 
root@(none):/# NVTB SYSTEM SUSPEND TEST COMPLETE
