
U-Boot SPL 2015.04-rc3-00209-ga74ef40 (Mar 16 2015 - 14:43:39)


U-Boot 2015.04-rc3-00209-ga74ef40 (Mar 16 2015 - 14:43:39)

TEGRA20
Model: Compulab TrimSlice board
DRAM:  1 GiB
MMC:   Tegra SD/MMC: 0, Tegra SD/MMC: 1
SF: Detected W25Q80BL with page size 256 Bytes, erase size 4 KiB, total 1 MiB
tegra-pcie: PCI regions:
tegra-pcie:   I/O: 0x82000000-0x82010000
tegra-pcie:   non-prefetchable memory: 0xa0000000-0xa8000000
tegra-pcie:   prefetchable memory: 0xa8000000-0xc0000000
tegra-pcie: dual-mode configuration
tegra-pcie: probing port 0, using 2 lanes
In:    serial
Out:   serial
Err:   serial
Net:   RTL8169#0
Hit any key to stop autoboot:  2  0 
Tegra20 (TrimSlice) # 
Tegra20 (TrimSlice) # usb reset
resetting USB...
USB0:   USB EHCI 1.00
scanning bus 0 for devices... 3 USB Device(s) found
USB1:   USB EHCI 1.00
scanning bus 1 for devices... 1 USB Device(s) found
USB2:   lowlevel init failed
       scanning usb for storage devices... 0 Storage Device(s) found
       scanning usb for ethernet devices... 
Warning: asx0 using MAC address from net device
1 Ethernet Device(s) found
Tegra20 (TrimSlice) # setenv bootargs 'ignore_loglevel console=ttyS0,115200n8 rw root=PARTUUID=11eb23c1-01 rootwait gpt debug noinitrd earlyprintk init=/bin/bash'
Tegra20 (TrimSlice) # setenv ipaddr 192.168.100.103; setenv serverip 192.168.100.1; setenv tftpserverip 192.168.100.1
Tegra20 (TrimSlice) # tftpboot 0x00408000 zImage.multi_v7_defconfig
Using RTL8169#0 device
TFTP from server 192.168.100.1; our IP address is 192.168.100.103
Filename 'zImage.multi_v7_defconfig'.
Load address: 0x408000
Loading: *#################################################################
	 #################################################################
	 #################################################################
	 #################################################################
	 #################################################################
	 #################################################################
	 #################################################################
	 #################################################################
	 ####################
	 4 MiB/s
done
Bytes transferred = 7914992 (78c5f0 hex)
Tegra20 (TrimSlice) # tftpboot 0x02408000 tegra20-trimslice.dtb
Using RTL8169#0 device
TFTP from server 192.168.100.1; our IP address is 192.168.100.103
Filename 'tegra20-trimslice.dtb'.
Load address: 0x2408000
Loading: *##
	 3.4 MiB/s
done
Bytes transferred = 21426 (53b2 hex)
Tegra20 (TrimSlice) # bootz 0x00408000 - 0x02408000
Kernel image @ 0x408000 [ 0x000000 - 0x78c5f0 ]
## Flattened Device Tree blob at 02408000
   Booting using the fdt blob at 0x2408000
   Using Device Tree in place at 02408000, end 024103b1

Starting kernel ...

[    0.000000] Booting Linux on physical CPU 0x0
[    0.000000] Linux version 4.12.0-rc1-170893-ge99b6f1 (jonathanh@sellafield) (gcc version 4.7.3 20130328 (prerelease) (crosstool-NG linaro-1.13.1-4.7-2013.04-20130415 - Linaro GCC 2013.04) ) #1 SMP Mon May 15 02:32:32 PDT 2017
[    0.000000] CPU: ARMv7 Processor [411fc090] revision 0 (ARMv7), cr=10c5387d
[    0.000000] CPU: PIPT / VIPT nonaliasing data cache, VIPT aliasing instruction cache
[    0.000000] OF: fdt: Machine model: Compulab TrimSlice board
[    0.000000] debug: ignoring loglevel setting.
[    0.000000] Memory policy: Data cache writealloc
[    0.000000] efi: Getting EFI parameters from FDT:
[    0.000000] efi: UEFI not found.
[    0.000000] cma: Reserved 64 MiB at 0x3c000000
[    0.000000] On node 0 totalpages: 262144
[    0.000000] free_area_init_node: node 0, pgdat c157fd40, node_mem_map ef7f8000
[    0.000000]   DMA zone: 1536 pages used for memmap
[    0.000000]   DMA zone: 0 pages reserved
[    0.000000]   DMA zone: 196608 pages, LIFO batch:31
[    0.000000]   HighMem zone: 65536 pages, LIFO batch:15
[    0.000000] percpu: Embedded 17 pages/cpu @ef7c4000 s39168 r8192 d22272 u69632
[    0.000000] pcpu-alloc: s39168 r8192 d22272 u69632 alloc=17*4096
[    0.000000] pcpu-alloc: [0] 0 [0] 1 
[    0.000000] Built 1 zonelists in Zone order, mobility grouping on.  Total pages: 260608
[    0.000000] Kernel command line: ignore_loglevel console=ttyS0,115200n8 rw root=PARTUUID=11eb23c1-01 rootwait gpt debug noinitrd earlyprintk init=/bin/bash
[    0.000000] PID hash table entries: 4096 (order: 2, 16384 bytes)
[    0.000000] Dentry cache hash table entries: 131072 (order: 7, 524288 bytes)
[    0.000000] Inode-cache hash table entries: 65536 (order: 6, 262144 bytes)
[    0.000000] Memory: 954368K/1048576K available (10240K kernel code, 1566K rwdata, 4388K rodata, 2048K init, 409K bss, 28672K reserved, 65536K cma-reserved, 196608K highmem)
[    0.000000] Virtual kernel memory layout:
[    0.000000]     vector  : 0xffff0000 - 0xffff1000   (   4 kB)
[    0.000000]     fixmap  : 0xffc00000 - 0xfff00000   (3072 kB)
[    0.000000]     vmalloc : 0xf0800000 - 0xff800000   ( 240 MB)
[    0.000000]     lowmem  : 0xc0000000 - 0xf0000000   ( 768 MB)
[    0.000000]     pkmap   : 0xbfe00000 - 0xc0000000   (   2 MB)
[    0.000000]     modules : 0xbf000000 - 0xbfe00000   (  14 MB)
[    0.000000]       .text : 0xc0208000 - 0xc0d00000   (11232 kB)
[    0.000000]       .init : 0xc1200000 - 0xc1400000   (2048 kB)
[    0.000000]       .data : 0xc1400000 - 0xc15879b0   (1567 kB)
[    0.000000]        .bss : 0xc1590d04 - 0xc15f74d8   ( 410 kB)
[    0.000000] SLUB: HWalign=64, Order=0-3, MinObjects=0, CPUs=2, Nodes=1
[    0.000000] Hierarchical RCU implementation.
[    0.000000] 	RCU debugfs-based tracing is enabled.
[    0.000000] 	RCU restricting CPUs from NR_CPUS=16 to nr_cpu_ids=2.
[    0.000000] RCU: Adjusting geometry for rcu_fanout_leaf=16, nr_cpu_ids=2
[    0.000000] NR_IRQS:16 nr_irqs:16 16
[    0.000000] /interrupt-controller@60004000: 128 interrupts forwarded to /interrupt-controller@50041000
[    0.000000] L2C: platform modifies aux control register: 0x02080000 -> 0x3e480001
[    0.000000] L2C: DT/platform modifies aux control register: 0x02080000 -> 0x3e480001
[    0.000000] L2C-310 errata 727915 769419 enabled
[    0.000000] L2C-310 enabling early BRESP for Cortex-A9
[    0.000000] L2C-310: enabling full line of zeros but not enabled in Cortex-A9
[    0.000000] L2C-310 ID prefetch enabled, offset 1 lines
[    0.000000] L2C-310 cache controller enabled, 8 ways, 1024 kB
[    0.000000] L2C-310: CACHE_ID 0x410000c4, AUX_CTRL 0x7e480001
[    0.000009] sched_clock: 32 bits at 1000kHz, resolution 1000ns, wraps every 2147483647500ns
[    0.000025] clocksource: timer_us: mask: 0xffffffff max_cycles: 0xffffffff, max_idle_ns: 1911260446275 ns
[    0.000036] Switching to timer-based delay loop, resolution 1000ns
[    0.001603] Console: colour dummy device 80x30
[    0.001630] Calibrating delay loop (skipped), value calculated using timer frequency.. 2.00 BogoMIPS (lpj=10000)
[    0.001641] pid_max: default: 32768 minimum: 301
[    0.001712] Mount-cache hash table entries: 2048 (order: 1, 8192 bytes)
[    0.001721] Mountpoint-cache hash table entries: 2048 (order: 1, 8192 bytes)
[    0.002160] CPU: Testing write buffer coherency: ok
[    0.002365] CPU0: thread -1, cpu 0, socket 0, mpidr 80000000
[    0.002590] Setting up static identity map for 0x300000 - 0x3000a0
[    0.004019] Tegra Revision: A03 prime SKU: 8 CPU Process: 1 SoC Process: 2
[    0.004462] EFI services will not be available.
[    0.004630] smp: Bringing up secondary CPUs ...
[    0.005179] CPU1: thread -1, cpu 1, socket 0, mpidr 80000001
[    0.005244] smp: Brought up 1 node, 2 CPUs
[    0.005256] SMP: Total of 2 processors activated (4.00 BogoMIPS).
[    0.005262] CPU: All CPU(s) started in SVC mode.
[    0.005923] devtmpfs: initialized
[    0.009601] VFP support v0.3: implementor 41 architecture 3 part 30 variant 9 rev 1
[    0.009814] clocksource: jiffies: mask: 0xffffffff max_cycles: 0xffffffff, max_idle_ns: 19112604462750000 ns
[    0.009830] futex hash table entries: 512 (order: 3, 32768 bytes)
[    0.012843] pinctrl core: initialized pinctrl subsystem
[    0.014063] NET: Registered protocol family 16
[    0.016351] DMA: preallocated 256 KiB pool for atomic coherent allocations
[    0.017796] cpuidle: using governor menu
[    0.034920] No ATAGs?
[    0.034987] hw-breakpoint: found 5 (+1 reserved) breakpoint and 1 watchpoint registers.
[    0.034998] hw-breakpoint: maximum watchpoint size is 4 bytes.
[    0.040501] Serial: AMBA PL011 UART driver
[    0.051701] AT91: Could not find identification node
[    0.052247] usb1_vbus: Failed to request enable GPIO170: -517
[    0.052265] reg-fixed-voltage regulators:regulator@2: Failed to register regulator: -517
[    0.055666] vgaarb: loaded
[    0.056233] SCSI subsystem initialized
[    0.056353] libata version 3.00 loaded.
[    0.056536] usbcore: registered new interface driver usbfs
[    0.056578] usbcore: registered new interface driver hub
[    0.056617] usbcore: registered new device driver usb
[    0.058568] pps_core: LinuxPPS API ver. 1 registered
[    0.058576] pps_core: Software ver. 5.3.6 - Copyright 2005-2007 Rodolfo Giometti <giometti@linux.it>
[    0.058593] PTP clock support registered
[    0.058734] EDAC MC: Ver: 3.0.0
[    0.060495] clocksource: Switched to clocksource timer_us
[    0.100630] NET: Registered protocol family 2
[    0.101062] TCP established hash table entries: 8192 (order: 3, 32768 bytes)
[    0.101134] TCP bind hash table entries: 8192 (order: 4, 65536 bytes)
[    0.101247] TCP: Hash tables configured (established 8192 bind 8192)
[    0.101360] UDP hash table entries: 512 (order: 2, 16384 bytes)
[    0.101412] UDP-Lite hash table entries: 512 (order: 2, 16384 bytes)
[    0.101568] NET: Registered protocol family 1
[    0.101863] RPC: Registered named UNIX socket transport module.
[    0.101871] RPC: Registered udp transport module.
[    0.101876] RPC: Registered tcp transport module.
[    0.101881] RPC: Registered tcp NFSv4.1 backchannel transport module.
[    0.101891] PCI: CLS 0 bytes, default 64
[    0.102701] hw perfevents: no interrupt-affinity property for /pmu, guessing.
[    0.102850] hw perfevents: enabled with armv7_cortex_a9 PMU driver, 7 counters available
[    0.104194] workingset: timestamp_bits=30 max_order=18 bucket_order=0
[    0.110812] squashfs: version 4.0 (2009/01/31) Phillip Lougher
[    0.111412] NFS: Registering the id_resolver key type
[    0.111436] Key type id_resolver registered
[    0.111442] Key type id_legacy registered
[    0.111473] ntfs: driver 2.1.32 [Flags: R/O].
[    0.112714] bounce: pool size: 64 pages
[    0.112754] Block layer SCSI generic (bsg) driver version 0.4 loaded (major 248)
[    0.112762] io scheduler noop registered
[    0.112768] io scheduler deadline registered
[    0.112794] io scheduler cfq registered (default)
[    0.112801] io scheduler mq-deadline registered
[    0.112806] io scheduler kyber registered
[    0.123947] tegra-pcie 80003000.pcie-controller: dual-mode configuration
[    0.124655] tegra-pcie 80003000.pcie-controller: probing port 0, using 2 lanes
[    0.208665] tegra-pcie 80003000.pcie-controller: PCI host bridge to bus 0000:00
[    0.208677] pci_bus 0000:00: root bus resource [io  0x0000-0xffff]
[    0.208686] pci_bus 0000:00: root bus resource [mem 0xa0000000-0xa7ffffff]
[    0.208695] pci_bus 0000:00: root bus resource [mem 0xa8000000-0xbfffffff pref]
[    0.208703] pci_bus 0000:00: root bus resource [bus 00-ff]
[    0.208732] pci 0000:00:01.0: [10de:0bf0] type 01 class 0x060000
[    0.208760] pci_bus 0000:00: 2-byte config write to 0000:00:01.0 offset 0x88 may corrupt adjacent RW1C bits
[    0.208786] pci_bus 0000:00: 2-byte config write to 0000:00:01.0 offset 0x52 may corrupt adjacent RW1C bits
[    0.208809] pci 0000:00:01.0: PME# supported from D0 D1 D2 D3hot D3cold
[    0.208820] pci_bus 0000:00: 2-byte config write to 0000:00:01.0 offset 0x4c may corrupt adjacent RW1C bits
[    0.208996] pci_bus 0000:00: 2-byte config write to 0000:00:01.0 offset 0x3e may corrupt adjacent RW1C bits
[    0.209008] pci_bus 0000:00: 2-byte config write to 0000:00:01.0 offset 0x4 may corrupt adjacent RW1C bits
[    0.209019] pci_bus 0000:00: 1-byte config write to 0000:00:01.0 offset 0xc may corrupt adjacent RW1C bits
[    0.209025] PCI: bus0: Fast back to back transfers disabled
[    0.209034] pci 0000:00:01.0: bridge configuration invalid ([bus 00-00]), reconfiguring
[    0.209044] pci_bus 0000:00: 2-byte config write to 0000:00:01.0 offset 0x3e may corrupt adjacent RW1C bits
[    0.209055] pci_bus 0000:00: 2-byte config write to 0000:00:01.0 offset 0x3e may corrupt adjacent RW1C bits
[    0.209065] pci_bus 0000:00: 2-byte config write to 0000:00:01.0 offset 0x3e may corrupt adjacent RW1C bits
[    0.209075] pci_bus 0000:00: 2-byte config write to 0000:00:01.0 offset 0x6 may corrupt adjacent RW1C bits
[    0.209200] pci 0000:01:00.0: [10ec:8168] type 00 class 0x020000
[    0.209228] pci 0000:01:00.0: reg 0x10: [io  0x0000-0x00ff]
[    0.209252] pci 0000:01:00.0: reg 0x18: [mem 0x00000000-0x00000fff 64bit pref]
[    0.209270] pci 0000:01:00.0: reg 0x20: [mem 0x00000000-0x00003fff 64bit pref]
[    0.209283] pci 0000:01:00.0: reg 0x30: [mem 0x00000000-0x0001ffff pref]
[    0.209357] pci 0000:01:00.0: supports D1 D2
[    0.209365] pci 0000:01:00.0: PME# supported from D0 D1 D2 D3hot D3cold
[    0.230522] PCI: bus1: Fast back to back transfers disabled
[    0.230535] pci_bus 0000:01: busn_res: [bus 01-ff] end is updated to 01
[    0.230548] Disabling cpuidle LP2 state, since PCIe IRQs are in use
[    0.230609] pci 0000:00:01.0: BAR 8: assigned [mem 0xa0000000-0xa00fffff]
[    0.230620] pci 0000:00:01.0: BAR 9: assigned [mem 0xa8000000-0xa80fffff 64bit pref]
[    0.230629] pci 0000:00:01.0: BAR 7: assigned [io  0x1000-0x1fff]
[    0.230642] pci 0000:01:00.0: BAR 6: assigned [mem 0xa0000000-0xa001ffff pref]
[    0.230651] pci 0000:01:00.0: BAR 4: assigned [mem 0xa8000000-0xa8003fff 64bit pref]
[    0.230671] pci 0000:01:00.0: BAR 2: assigned [mem 0xa8004000-0xa8004fff 64bit pref]
[    0.230689] pci 0000:01:00.0: BAR 0: assigned [io  0x1000-0x10ff]
[    0.230700] pci 0000:00:01.0: PCI bridge to [bus 01]
[    0.230708] pci 0000:00:01.0:   bridge window [io  0x1000-0x1fff]
[    0.230717] pci 0000:00:01.0:   bridge window [mem 0xa0000000-0xa00fffff]
[    0.230725] pci 0000:00:01.0:   bridge window [mem 0xa8000000-0xa80fffff 64bit pref]
[    0.230748] pci 0000:00:01.0: nv_msi_ht_cap_quirk didn't locate host bridge
[    0.230806] pcieport 0000:00:01.0: enabling device (0140 -> 0143)
[    0.230993] pcieport 0000:00:01.0: Signaling PME with IRQ 295
[    0.235656] tegra_dma_runtime_resume-1507
[    0.236909] tegra-apbdma 6000a000.dma: Tegra20 APB DMA driver register 16 channels
[    0.285903] Serial: 8250/16550 driver, 4 ports, IRQ sharing disabled
[    0.288136] console [ttyS0] disabled
[    0.288174] 70006000.serial: ttyS0 at MMIO 0x70006000 (irq = 279, base_baud = 13500000) is a Tegra
[    1.357287] console [ttyS0] enabled
[    1.361356] SuperH (H)SCI(F) driver initialized
[    1.366589] msm_serial: driver initialized
[    1.370840] STMicroelectronics ASC driver initialized
[    1.380125] tegra-hdmi 54280000.hdmi: 54280000.hdmi supply hdmi not found, using dummy regulator
[    1.390908] [drm] Supports vblank timestamp caching Rev 2 (21.10.2013).
[    1.397508] [drm] No driver support for vblank timestamp query.
[    1.403462] [drm] Cannot find any crtc or sizes - going 1024x768
[    1.425540] Console: switching to colour frame buffer device 128x48
[    1.440218] drm drm: fb0:  frame buffer device
[    1.444711] [drm] Initialized tegra 0.0.0 20120330 for drm on minor 0
[    1.460365] brd: module loaded
[    1.468989] loop: module loaded
[    1.478063] m25p80 spi32766.0: found s25fl008k, expected w25q80bl
[    1.484174] m25p80 spi32766.0: s25fl008k (1024 Kbytes)
[    1.491619] libphy: Fixed MDIO Bus: probed
[    1.496500] CAN device driver interface
[    1.501020] bgmac_bcma: Broadcom 47xx GBit MAC driver loaded
[    1.507584] e1000e: Intel(R) PRO/1000 Network Driver - 3.2.6-k
[    1.513417] e1000e: Copyright(c) 1999 - 2015 Intel Corporation.
[    1.519382] igb: Intel(R) Gigabit Ethernet Network Driver - version 5.4.0-k
[    1.526336] igb: Copyright (c) 2007-2014 Intel Corporation.
[    1.532430] r8169 Gigabit Ethernet driver 2.3LK-NAPI loaded
[    1.538016] r8169 0000:01:00.0: enabling device (0140 -> 0143)
[    1.544662] r8169 0000:01:00.0 eth0: RTL8168d/8111d at 0xf08fc000, 00:01:c0:13:7d:63, XID 081000c0 IRQ 296
[    1.554330] r8169 0000:01:00.0 eth0: jumbo features [frames: 9200 bytes, tx checksumming: ko]
[    1.564959] pegasus: v0.9.3 (2013/04/25), Pegasus/Pegasus II USB Ethernet driver
[    1.572414] usbcore: registered new interface driver pegasus
[    1.578105] usbcore: registered new interface driver asix
[    1.583538] usbcore: registered new interface driver ax88179_178a
[    1.589643] usbcore: registered new interface driver cdc_ether
[    1.595517] usbcore: registered new interface driver smsc75xx
[    1.601307] usbcore: registered new interface driver smsc95xx
[    1.607065] usbcore: registered new interface driver net1080
[    1.612754] usbcore: registered new interface driver cdc_subset
[    1.618690] usbcore: registered new interface driver zaurus
[    1.624313] usbcore: registered new interface driver cdc_ncm
[    1.630230] tegra-phy c5004000.usb-phy: no vbus regulator
[    1.636726] tegra-phy c5008000.usb-phy: no vbus regulator
[    1.643437] ehci_hcd: USB 2.0 'Enhanced' Host Controller (EHCI) Driver
[    1.649949] ehci-pci: EHCI PCI platform driver
[    1.654433] ehci-platform: EHCI generic platform driver
[    1.659795] ehci-orion: EHCI orion driver
[    1.663933] SPEAr-ehci: EHCI SPEAr driver
[    1.668030] ehci-st: EHCI STMicroelectronics driver
[    1.673014] ehci-exynos: EHCI EXYNOS driver
[    1.677299] ehci-atmel: EHCI Atmel driver
[    1.681419] tegra-ehci: Tegra EHCI driver
[    1.741697] ulpi_phy_power_on: ulpi write failed
[    1.746305] tegra-ehci c5004000.usb: Failed to power on the phy
[    1.752241] tegra-ehci: probe of c5004000.usb failed with error -110
[    1.761217] tegra-ehci c5008000.usb: EHCI Host Controller
[    1.766623] tegra-ehci c5008000.usb: new USB bus registered, assigned bus number 1
[    1.774431] tegra-ehci c5008000.usb: irq 290, io mem 0xc5008000
[    1.800512] tegra-ehci c5008000.usb: USB 2.0 started, EHCI 1.00
[    1.807027] hub 1-0:1.0: USB hub found
[    1.810807] hub 1-0:1.0: 1 port detected
[    1.815027] ohci_hcd: USB 1.1 'Open' Host Controller (OHCI) Driver
[    1.821219] ohci-pci: OHCI PCI platform driver
[    1.825698] ohci-platform: OHCI generic platform driver
[    1.831084] ohci-omap3: OHCI OMAP3 driver
[    1.835184] SPEAr-ohci: OHCI SPEAr driver
[    1.839288] ohci-st: OHCI STMicroelectronics driver
[    1.844273] ohci-atmel: OHCI Atmel driver
[    1.848862] usbcore: registered new interface driver usb-storage
[    1.857472] rtc-em3027 2-0056: rtc core: registered rtc-em3027 as rtc0
[    1.865160] tegra_rtc 7000e000.rtc: rtc core: registered 7000e000.rtc as rtc1
[    1.872325] tegra_rtc 7000e000.rtc: Tegra internal Real Time Clock
[    1.878884] i2c /dev entries driver
[    1.891613] sdhci: Secure Digital Host Controller Interface driver
[    1.897778] sdhci: Copyright(c) Pierre Ossman
[    1.903292] Synopsys Designware Multimedia Card Interface Driver
[    1.910206] sdhci-pltfm: SDHCI platform and OF driver helper
[    1.924726] mmc0: Invalid maximum block size, assuming 512 bytes
[    1.990512] mmc0: SDHCI controller on c8000000.sdhci [c8000000.sdhci] using ADMA
[    1.997992] sdhci-tegra c8000600.sdhci: Got CD GPIO
[    2.002890] sdhci-tegra c8000600.sdhci: Got WP GPIO
[    2.015925] mmc1: Invalid maximum block size, assuming 512 bytes
[    2.080610] mmc1: SDHCI controller on c8000600.sdhci [c8000600.sdhci] using ADMA
[    2.089427] ledtrig-cpu: registered to indicate activity on CPUs
[    2.095717] usbcore: registered new interface driver usbhid
[    2.101293] usbhid: USB HID core driver
[    2.108248] NET: Registered protocol family 10
[    2.113678] Segment Routing with IPv6
[    2.117374] sit: IPv6, IPv4 and MPLS over IPv4 tunneling driver
[    2.123798] NET: Registered protocol family 17
[    2.128235] can: controller area network core (rev 20170425 abi 9)
[    2.134463] NET: Registered protocol family 29
[    2.138895] can: raw protocol (rev 20170425)
[    2.143167] can: broadcast manager protocol (rev 20170425 t)
[    2.148815] can: netlink gateway (rev 20170425) max_hops=1
[    2.154623] Key type dns_resolver registered
[    2.159269] ThumbEE CPU extension supported.
[    2.163553] Registering SWP/SWPB emulation handler
[    2.176531] utmi_phy_clk_enable: timeout waiting for phy to stabilize
[    2.180529] usb 1-1: new high-speed USB device number 2 using tegra-ehci
[    2.189693] tegra-ehci c5000000.usb: EHCI Host Controller
[    2.195108] tegra-ehci c5000000.usb: new USB bus registered, assigned bus number 2
[    2.202971] tegra-ehci c5000000.usb: irq 288, io mem 0xc5000000
[    2.299500] mmc1: new high speed SD card at address b368
[    2.305351] mmcblk1: mmc1:b368 NCard 1.83 GiB (ro)
[    2.312875]  mmcblk1: p1 p2
[    2.350535] tegra-ehci c5000000.usb: USB 2.0 started, EHCI 1.00
[    2.357285] hub 2-0:1.0: USB hub found
[    2.361112] hub 2-0:1.0: 1 port detected
[    2.366296] input: gpio-keys as /devices/soc0/gpio-keys/input/input0
[    2.373308] hub 1-1:1.0: USB hub found
[    2.377088] rtc-em3027 2-0056: hctosys: unable to read the hardware clock
[    2.377209] hub 1-1:1.0: 4 ports detected
[    2.388805] Waiting for root device PARTUUID=11eb23c1-01...
[    2.690577] usb 1-1.2: new high-speed USB device number 3 using tegra-ehci
[    3.258418] mmc0: host does not support reading read-only switch, assuming write-enable
[    3.268543] mmc0: new high speed SDHC card at address b368
[    3.275504] mmcblk0: mmc0:b368 NCard 3.70 GiB 
[    3.283448]  mmcblk0: p1
[    3.315547] asix 1-1.2:1.0 eth1: register 'asix' at usb-c5008000.usb-1.2, ASIX AX88772 USB 2.0 Ethernet, 00:60:6e:60:6c:68
[    3.351974] EXT4-fs (mmcblk0p1): mounting ext3 file system using the ext4 subsystem
[    3.383283] random: fast init done
[    3.599047] EXT4-fs (mmcblk0p1): recovery complete
[    3.674049] EXT4-fs (mmcblk0p1): mounted filesystem with ordered data mode. Opts: (null)
[    3.682251] VFS: Mounted root (ext3 filesystem) on device 179:17.
[    3.692509] devtmpfs: mounted
[    3.701235] Freeing unused kernel memory: 2048K
bash: cannot set terminal process group (-1): Inappropriate ioctl for device
bash: no job control in this shell
root@(none):/#  
root@(none):/# mount -t sysfs none /sys
root@(none):/# 
root@(none):/# mount -t debugfs none /sys/kernel/debug
root@(none):/# 
root@(none):/# rtcwake -d rtc1 -m mem -s 3
rtcwake: assuming RTC uses UTC ...
rtcwake: wakeup from "mem" using /dev/rtc1 at Thu Jan  1 00:00:32 1970
[   15.796811] PM: Syncing filesystems ... done.
[   15.843048] Freezing user space processes ... (elapsed 0.001 seconds) done.
[   15.851510] OOM killer disabled.
[   15.854753] Freezing remaining freezable tasks ... (elapsed 0.001 seconds) done.
[   15.863755] Suspending console(s) (use no_console_suspend to debug)
[   15.907487] pci_generic_config_write32: 38 callbacks suppressed
[   15.907532] pci_bus 0000:00: 2-byte config write to 0000:00:01.0 offset 0x9c may corrupt adjacent RW1C bits
[   15.918733] tegra_dma_pm_suspend-1523
[   15.918755] tegra_dma_pm_suspend-1551
[   15.919061] PM: suspend of devices complete after 46.568 msecs
[   15.923857] PM: late suspend of devices complete after 4.763 msecs
[   15.927663] pci_bus 0000:01: 2-byte config write to 0000:01:00.0 offset 0x44 may corrupt adjacent RW1C bits
[   15.927720] pci_bus 0000:01: 2-byte config write to 0000:01:00.0 offset 0x44 may corrupt adjacent RW1C bits
[   15.951130] PM: noirq suspend of devices complete after 27.242 msecs
[   15.951143] Disabling non-boot CPUs ...
[   15.952537] IRQ294 no longer affine to CPU1
[   16.020203] Entering suspend state LP1
[   16.020203] Suspended for 1.074 seconds
[   16.020252] Enabling non-boot CPUs ...
[   16.050018] CPU1 is up
[   16.052493] pci_bus 0000:00: 2-byte config write to 0000:00:01.0 offset 0x4c may corrupt adjacent RW1C bits
[   16.052541] pci_bus 0000:00: 2-byte config write to 0000:00:01.0 offset 0x88 may corrupt adjacent RW1C bits
[   16.052573] pci_bus 0000:00: 2-byte config write to 0000:00:01.0 offset 0x90 may corrupt adjacent RW1C bits
[   16.052604] pci_bus 0000:00: 2-byte config write to 0000:00:01.0 offset 0x98 may corrupt adjacent RW1C bits
[   16.052634] pci_bus 0000:00: 2-byte config write to 0000:00:01.0 offset 0x9c may corrupt adjacent RW1C bits
[   16.052715] pci_bus 0000:00: 2-byte config write to 0000:00:01.0 offset 0x52 may corrupt adjacent RW1C bits
[   16.052749] pci_bus 0000:00: 2-byte config write to 0000:00:01.0 offset 0x52 may corrupt adjacent RW1C bits
[   16.052825] pcieport 0000:00:01.0: nv_msi_ht_cap_quirk didn't locate host bridge
[   16.081372] PM: noirq resume of devices complete after 31.319 msecs
[   16.085370] PM: early resume of devices complete after 3.234 msecs
[   16.629707] PM: resume of devices complete after 544.305 msecs
[   16.809643] OOM killer enabled.
[   16.812781] Restarting tasks ... done.
root@(none):/# 
root@(none):/# rtcwake -d rtc1 -m mem -s 3
rtcwake: assuming RTC uses UTC ...
rtcwake: wakeup from "mem" using /dev/rtc1 at Thu Jan  1 00:00:37 1970
[   17.655552] PM: Syncing filesystems ... done.
[   17.700824] Freezing user space processes ... (elapsed 0.001 seconds) done.
[   17.709154] OOM killer disabled.
[   17.712448] Freezing remaining freezable tasks ... (elapsed 0.001 seconds) done.
[   17.721281] Suspending console(s) (use no_console_suspend to debug)
[   17.754563] tegra_dma_pm_suspend-1523
[   17.754585] tegra_dma_pm_suspend-1551
[   17.754887] PM: suspend of devices complete after 25.665 msecs
[   17.759360] PM: late suspend of devices complete after 4.441 msecs
[   17.791089] PM: noirq suspend of devices complete after 31.696 msecs
[   17.791103] Disabling non-boot CPUs ...
[   17.792505] IRQ294 no longer affine to CPU1
[   17.828904] Entering suspend state LP1
[   17.828904] Suspended for 3.191 seconds
[   17.828952] Enabling non-boot CPUs ...
[   17.859923] CPU1 is up
[   17.861392] pcieport 0000:00:01.0: nv_msi_ht_cap_quirk didn't locate host bridge
[   17.890818] PM: noirq resume of devices complete after 30.861 msecs
[   17.894403] PM: early resume of devices complete after 3.007 msecs
[   18.439632] PM: resume of devices complete after 545.196 msecs
[   18.516419] OOM killer enabled.
[   18.519547] Restarting tasks ... done.
root@(none):/# 
root@(none):/# rtcwake -d rtc1 -m mem -s 3
rtcwake: assuming RTC uses UTC ...
rtcwake: wakeup from "mem" using /dev/rtc1 at Thu Jan  1 00:00:42 1970
[   19.465379] PM: Syncing filesystems ... done.
[   19.510563] Freezing user space processes ... (elapsed 0.001 seconds) done.
[   19.518991] OOM killer disabled.
[   19.522315] Freezing remaining freezable tasks ... (elapsed 0.001 seconds) done.
[   19.531384] Suspending console(s) (use no_console_suspend to debug)
[   19.587770] tegra_dma_pm_suspend-1523
[   19.587793] tegra_dma_pm_suspend-1551
[   19.588093] PM: suspend of devices complete after 48.088 msecs
[   19.592779] PM: late suspend of devices complete after 4.654 msecs
[   19.620984] PM: noirq suspend of devices complete after 28.172 msecs
[   19.620998] Disabling non-boot CPUs ...
[   19.622398] IRQ294 no longer affine to CPU1
[   19.658826] Entering suspend state LP1
[   19.658826] Suspended for 3.170 seconds
[   19.658874] Enabling non-boot CPUs ...
[   19.689952] CPU1 is up
[   19.691388] pcieport 0000:00:01.0: nv_msi_ht_cap_quirk didn't locate host bridge
[   19.720727] PM: noirq resume of devices complete after 30.741 msecs
[   19.724393] PM: early resume of devices complete after 3.091 msecs
[   20.269440] PM: resume of devices complete after 545.013 msecs
[   20.346168] OOM killer enabled.
[   20.349296] Restarting tasks ... done.
root@(none):/# 
root@(none):/# rtcwake -d rtc1 -m mem -s 3
rtcwake: assuming RTC uses UTC ...
rtcwake: wakeup from "mem" using /dev/rtc1 at Thu Jan  1 00:00:47 1970
[   21.295079] PM: Syncing filesystems ... done.
[   21.340176] Freezing user space processes ... (elapsed 0.001 seconds) done.
[   21.348691] OOM killer disabled.
[   21.352015] Freezing remaining freezable tasks ... (elapsed 0.001 seconds) done.
[   21.361108] Suspending console(s) (use no_console_suspend to debug)
[   21.405660] pci_generic_config_write32: 65 callbacks suppressed
[   21.405704] pci_bus 0000:00: 2-byte config write to 0000:00:01.0 offset 0x9c may corrupt adjacent RW1C bits
[   21.417741] tegra_dma_pm_suspend-1523
[   21.417764] tegra_dma_pm_suspend-1551
[   21.418063] PM: suspend of devices complete after 48.344 msecs
[   21.422523] PM: late suspend of devices complete after 4.429 msecs
[   21.426312] pci_bus 0000:01: 2-byte config write to 0000:01:00.0 offset 0x44 may corrupt adjacent RW1C bits
[   21.426368] pci_bus 0000:01: 2-byte config write to 0000:01:00.0 offset 0x44 may corrupt adjacent RW1C bits
[   21.450892] PM: noirq suspend of devices complete after 28.337 msecs
[   21.450906] Disabling non-boot CPUs ...
[   21.452315] IRQ294 no longer affine to CPU1
[   21.488742] Entering suspend state LP1
[   21.488742] Suspended for 3.168 seconds
[   21.488791] Enabling non-boot CPUs ...
[   21.519812] CPU1 is up
[   21.521082] pci_bus 0000:00: 2-byte config write to 0000:00:01.0 offset 0x4c may corrupt adjacent RW1C bits
[   21.521132] pci_bus 0000:00: 2-byte config write to 0000:00:01.0 offset 0x88 may corrupt adjacent RW1C bits
[   21.521163] pci_bus 0000:00: 2-byte config write to 0000:00:01.0 offset 0x90 may corrupt adjacent RW1C bits
[   21.521193] pci_bus 0000:00: 2-byte config write to 0000:00:01.0 offset 0x98 may corrupt adjacent RW1C bits
[   21.521220] pci_bus 0000:00: 2-byte config write to 0000:00:01.0 offset 0x9c may corrupt adjacent RW1C bits
[   21.521301] pci_bus 0000:00: 2-byte config write to 0000:00:01.0 offset 0x52 may corrupt adjacent RW1C bits
[   21.521336] pci_bus 0000:00: 2-byte config write to 0000:00:01.0 offset 0x52 may corrupt adjacent RW1C bits
[   21.521413] pcieport 0000:00:01.0: nv_msi_ht_cap_quirk didn't locate host bridge
[   21.550629] PM: noirq resume of devices complete after 30.782 msecs
[   21.554203] PM: early resume of devices complete after 2.996 msecs
[   22.099242] PM: resume of devices complete after 545.006 msecs
[   22.279046] OOM killer enabled.
[   22.282184] Restarting tasks ... done.
root@(none):/# 
root@(none):/# rtcwake -d rtc1 -m mem -s 3
rtcwake: assuming RTC uses UTC ...
rtcwake: wakeup from "mem" using /dev/rtc1 at Thu Jan  1 00:00:52 1970
[   23.125360] PM: Syncing filesystems ... done.
[   23.170562] Freezing user space processes ... (elapsed 0.001 seconds) done.
[   23.178992] OOM killer disabled.
[   23.182317] Freezing remaining freezable tasks ... (elapsed 0.001 seconds) done.
[   23.191387] Suspending console(s) (use no_console_suspend to debug)
[   23.247485] tegra_dma_pm_suspend-1523
[   23.247507] tegra_dma_pm_suspend-1551
[   23.247808] PM: suspend of devices complete after 47.812 msecs
[   23.252592] PM: late suspend of devices complete after 4.751 msecs
[   23.280778] PM: noirq suspend of devices complete after 28.154 msecs
[   23.280791] Disabling non-boot CPUs ...
[   23.282276] IRQ294 no longer affine to CPU1
[   23.338682] Entering suspend state LP1
[   23.338682] Suspended for 3.149 seconds
[   23.338731] Enabling non-boot CPUs ...
[   23.369727] CPU1 is up
[   23.372310] pcieport 0000:00:01.0: nv_msi_ht_cap_quirk didn't locate host bridge
[   23.401002] PM: noirq resume of devices complete after 31.240 msecs
[   23.404927] PM: early resume of devices complete after 3.184 msecs
[   23.949008] PM: resume of devices complete after 544.049 msecs
[   24.025694] OOM killer enabled.
[   24.028823] Restarting tasks ... done.
root@(none):/# 
root@(none):/# rtcwake -d rtc1 -m mem -s 3
rtcwake: assuming RTC uses UTC ...
rtcwake: wakeup from "mem" using /dev/rtc1 at Thu Jan  1 00:00:57 1970
[   24.974970] PM: Syncing filesystems ... done.
[   25.020209] Freezing user space processes ... (elapsed 0.001 seconds) done.
[   25.028562] OOM killer disabled.
[   25.031855] Freezing remaining freezable tasks ... (elapsed 0.001 seconds) done.
[   25.040706] Suspending console(s) (use no_console_suspend to debug)
[   25.097462] tegra_dma_pm_suspend-1523
[   25.097484] tegra_dma_pm_suspend-1551
[   25.097786] PM: suspend of devices complete after 49.141 msecs
[   25.102227] PM: late suspend of devices complete after 4.408 msecs
[   25.130705] PM: noirq suspend of devices complete after 28.446 msecs
[   25.130718] Disabling non-boot CPUs ...
[   25.132094] IRQ294 no longer affine to CPU1
[   25.168560] Entering suspend state LP1
[   25.168560] Suspended for 3.170 seconds
[   25.168608] Enabling non-boot CPUs ...
[   25.199651] CPU1 is up
[   25.200617] pcieport 0000:00:01.0: nv_msi_ht_cap_quirk didn't locate host bridge
[   25.230462] PM: noirq resume of devices complete after 30.775 msecs
[   25.234084] PM: early resume of devices complete after 3.049 msecs
[   25.779215] PM: resume of devices complete after 545.097 msecs
[   25.855922] OOM killer enabled.
[   25.859050] Restarting tasks ... done.
root@(none):/# 
root@(none):/# rtcwake -d rtc1 -m mem -s 3
rtcwake: assuming RTC uses UTC ...
rtcwake: wakeup from "mem" using /dev/rtc1 at Thu Jan  1 00:01:02 1970
[   26.804949] PM: Syncing filesystems ... done.
[   26.850128] Freezing user space processes ... (elapsed 0.001 seconds) done.
[   26.858559] OOM killer disabled.
[   26.861887] Freezing remaining freezable tasks ... (elapsed 0.001 seconds) done.
[   26.870975] Suspending console(s) (use no_console_suspend to debug)
[   26.914657] pci_generic_config_write32: 65 callbacks suppressed
[   26.914702] pci_bus 0000:00: 2-byte config write to 0000:00:01.0 offset 0x9c may corrupt adjacent RW1C bits
[   26.926788] tegra_dma_pm_suspend-1523
[   26.926809] tegra_dma_pm_suspend-1551
[   26.927110] PM: suspend of devices complete after 47.458 msecs
[   26.931590] PM: late suspend of devices complete after 4.447 msecs
[   26.935372] pci_bus 0000:01: 2-byte config write to 0000:01:00.0 offset 0x44 may corrupt adjacent RW1C bits
[   26.935431] pci_bus 0000:01: 2-byte config write to 0000:01:00.0 offset 0x44 may corrupt adjacent RW1C bits
[   26.960594] PM: noirq suspend of devices complete after 28.973 msecs
[   26.960607] Disabling non-boot CPUs ...
[   26.962161] IRQ294 no longer affine to CPU1
[   27.028558] Entering suspend state LP1
[   27.028558] Suspended for 3.139 seconds
[   27.028608] Enabling non-boot CPUs ...
[   27.059566] CPU1 is up
[   27.060834] pci_bus 0000:00: 2-byte config write to 0000:00:01.0 offset 0x4c may corrupt adjacent RW1C bits
[   27.060884] pci_bus 0000:00: 2-byte config write to 0000:00:01.0 offset 0x88 may corrupt adjacent RW1C bits
[   27.060916] pci_bus 0000:00: 2-byte config write to 0000:00:01.0 offset 0x90 may corrupt adjacent RW1C bits
[   27.060947] pci_bus 0000:00: 2-byte config write to 0000:00:01.0 offset 0x98 may corrupt adjacent RW1C bits
[   27.060975] pci_bus 0000:00: 2-byte config write to 0000:00:01.0 offset 0x9c may corrupt adjacent RW1C bits
[   27.061055] pci_bus 0000:00: 2-byte config write to 0000:00:01.0 offset 0x52 may corrupt adjacent RW1C bits
[   27.061087] pci_bus 0000:00: 2-byte config write to 0000:00:01.0 offset 0x52 may corrupt adjacent RW1C bits
[   27.061164] pcieport 0000:00:01.0: nv_msi_ht_cap_quirk didn't locate host bridge
[   27.090366] PM: noirq resume of devices complete after 30.766 msecs
[   27.093966] PM: early resume of devices complete after 3.025 msecs
[   27.638970] PM: resume of devices complete after 544.971 msecs
[   27.818767] OOM killer enabled.
[   27.821905] Restarting tasks ... done.
root@(none):/# 
root@(none):/# rtcwake -d rtc1 -m mem -s 3
rtcwake: assuming RTC uses UTC ...
rtcwake: wakeup from "mem" using /dev/rtc1 at Thu Jan  1 00:01:07 1970
[   28.664863] PM: Syncing filesystems ... done.
[   28.710158] Freezing user space processes ... (elapsed 0.001 seconds) done.
[   28.718591] OOM killer disabled.
[   28.721919] Freezing remaining freezable tasks ... (elapsed 0.001 seconds) done.
[   28.730973] Suspending console(s) (use no_console_suspend to debug)
[   28.787234] tegra_dma_pm_suspend-1523
[   28.787256] tegra_dma_pm_suspend-1551
[   28.787556] PM: suspend of devices complete after 47.971 msecs
[   28.792053] PM: late suspend of devices complete after 4.465 msecs
[   28.820554] PM: noirq suspend of devices complete after 28.467 msecs
[   28.820567] Disabling non-boot CPUs ...
[   28.821951] IRQ294 no longer affine to CPU1
[   28.858444] Entering suspend state LP1
[   28.858444] Suspended for 3.170 seconds
[   28.858493] Enabling non-boot CPUs ...
[   28.889453] CPU1 is up
[   28.892125] pcieport 0000:00:01.0: nv_msi_ht_cap_quirk didn't locate host bridge
[   28.920764] PM: noirq resume of devices complete after 31.276 msecs
[   28.924728] PM: early resume of devices complete after 3.222 msecs
[   29.468743] PM: resume of devices complete after 543.981 msecs
[   29.545462] OOM killer enabled.
[   29.548591] Restarting tasks ... done.
root@(none):/# 
root@(none):/# rtcwake -d rtc1 -m mem -s 3
rtcwake: assuming RTC uses UTC ...
rtcwake: wakeup from "mem" using /dev/rtc1 at Thu Jan  1 00:01:12 1970
[   30.495310] PM: Syncing filesystems ... done.
[   30.540609] Freezing user space processes ... (elapsed 0.001 seconds) done.
[   30.549045] OOM killer disabled.
[   30.552391] Freezing remaining freezable tasks ... (elapsed 0.001 seconds) done.
[   30.561474] Suspending console(s) (use no_console_suspend to debug)
[   30.617167] tegra_dma_pm_suspend-1523
[   30.617190] tegra_dma_pm_suspend-1551
[   30.617492] PM: suspend of devices complete after 47.349 msecs
[   30.622465] PM: late suspend of devices complete after 4.941 msecs
[   30.650457] PM: noirq suspend of devices complete after 27.961 msecs
[   30.650471] Disabling non-boot CPUs ...
[   30.652000] IRQ294 no longer affine to CPU1
[   30.718340] Entering suspend state LP1
[   30.718340] Suspended for 3.140 seconds
[   30.718389] Enabling non-boot CPUs ...
[   30.749376] CPU1 is up
[   30.750755] pcieport 0000:00:01.0: nv_msi_ht_cap_quirk didn't locate host bridge
[   30.780189] PM: noirq resume of devices complete after 30.778 msecs
[   30.783828] PM: early resume of devices complete after 3.065 msecs
[   31.329027] PM: resume of devices complete after 545.165 msecs
[   31.405773] OOM killer enabled.
[   31.408901] Restarting tasks ... done.
root@(none):/# 
root@(none):/# rtcwake -d rtc1 -m mem -s 3
rtcwake: assuming RTC uses UTC ...
rtcwake: wakeup from "mem" using /dev/rtc1 at Thu Jan  1 00:01:17 1970
[   32.355273] PM: Syncing filesystems ... done.
[   32.400456] Freezing user space processes ... (elapsed 0.001 seconds) done.
[   32.408897] OOM killer disabled.
[   32.412223] Freezing remaining freezable tasks ... (elapsed 0.001 seconds) done.
[   32.421310] Suspending console(s) (use no_console_suspend to debug)
[   32.465827] pci_generic_config_write32: 65 callbacks suppressed
[   32.465871] pci_bus 0000:00: 2-byte config write to 0000:00:01.0 offset 0x9c may corrupt adjacent RW1C bits
[   32.477323] tegra_dma_pm_suspend-1523
[   32.477346] tegra_dma_pm_suspend-1551
[   32.477648] PM: suspend of devices complete after 47.595 msecs
[   32.482279] PM: late suspend of devices complete after 4.600 msecs
[   32.486062] pci_bus 0000:01: 2-byte config write to 0000:01:00.0 offset 0x44 may corrupt adjacent RW1C bits
[   32.486120] pci_bus 0000:01: 2-byte config write to 0000:01:00.0 offset 0x44 may corrupt adjacent RW1C bits
[   32.510329] PM: noirq suspend of devices complete after 28.018 msecs
[   32.510342] Disabling non-boot CPUs ...
[   32.511872] IRQ294 no longer affine to CPU1
[   32.548242] Entering suspend state LP1
[   32.548242] Suspended for 3.170 seconds
[   32.548291] Enabling non-boot CPUs ...
[   32.579310] CPU1 is up
[   32.580695] pci_bus 0000:00: 2-byte config write to 0000:00:01.0 offset 0x4c may corrupt adjacent RW1C bits
[   32.580745] pci_bus 0000:00: 2-byte config write to 0000:00:01.0 offset 0x88 may corrupt adjacent RW1C bits
[   32.580777] pci_bus 0000:00: 2-byte config write to 0000:00:01.0 offset 0x90 may corrupt adjacent RW1C bits
[   32.580805] pci_bus 0000:00: 2-byte config write to 0000:00:01.0 offset 0x98 may corrupt adjacent RW1C bits
[   32.580832] pci_bus 0000:00: 2-byte config write to 0000:00:01.0 offset 0x9c may corrupt adjacent RW1C bits
[   32.580914] pci_bus 0000:00: 2-byte config write to 0000:00:01.0 offset 0x52 may corrupt adjacent RW1C bits
[   32.580949] pci_bus 0000:00: 2-byte config write to 0000:00:01.0 offset 0x52 may corrupt adjacent RW1C bits
[   32.581026] pcieport 0000:00:01.0: nv_msi_ht_cap_quirk didn't locate host bridge
[   32.610101] PM: noirq resume of devices complete after 30.757 msecs
[   32.613745] PM: early resume of devices complete after 3.061 msecs
[   33.158932] PM: resume of devices complete after 545.153 msecs
[   33.338719] OOM killer enabled.
[   33.341857] Restarting tasks ... done.
root@(none):/# 
root@(none):/# NVTB SYSTEM SUSPEND TEST COMPLETE
