[0000.750] [TegraBoot] (version 23.00.2015.14-mobile-1ef66670)
[0000.756] Processing in cold boot mode Bootloader 2
[0000.760] A01Q Bootrom Patch rev = 3
[0000.764] Power-up reason: pmu watchdog
[0000.767] No Battery Present
[0000.770] Platform has Ddr4 type ram
[0000.773] max77620 disabling SD1 Remote Sense
[0000.778] Setting Ddr voltage to 1125mv
[0000.782] Serial Number of Pmic Max77663: 0x40daf
[0000.790] Entering ramdump check
[0000.793] Get RamDumpCarveOut = 0x0
[0000.796] RamDumpCarveOut=0x0,  RamDumperFlag=0xe59ff3f8
[0000.801] Last reboot was clean, booting normally!
[0000.806] Sdram initialization is successful 
[0000.810] SecureOs Carveout Base=0xff800000 Size=0x00800000
[0000.815] GSC1 Carveout Base=0xff700000 Size=0x00100000
[0000.842] GSC2 Carveout Base=0xff600000 Size=0x00100000
[0000.868] GSC3 Carveout Base=0xff500000 Size=0x00100000
[0000.873] GSC4 Carveout Base=0xff400000 Size=0x00100000
[0000.878] GSC5 Carveout Base=0xff300000 Size=0x00100000
[0000.884] BpmpFw Carveout Base=0xff2c0000 Size=0x00040000
[0000.889] Lp0 Carveout Base=0xff2bf000 Size=0x00001000
[0000.905] RamDump Carveout Base=0xff23f000 Size=0x00080000
[0000.910] Platform-DebugCarveout: 0
[0000.913] Nck Carveout Base=0xff03f000 Size=0x00200000
[0000.963] Using GPT Primary to query partitions 
[0000.968] Loading Tboot-CPU binary
[0001.017] Verifying bootloader in OdmNonSecureSBK mode
[0001.027] Bootloader load address is 0xa0000000,                            entry address is 0xa0000258
[0001.036] Bootloader downloaded successfully.
[0001.040] Downloaded Tboot-CPU binary to 0xa0000258
[0001.046] MAX77620_GPIO1 Configured.
[0001.050] MAX77620_GPIO5 Configured.
[0001.053] CPU power rail is up
[0001.056] CPU clock enabled
[0001.060] Performing RAM repair
[0001.063] Updating A64 Warmreset Address to 0xa00002e9
[0001.082] Bootloader DTB Load Address: 0x83000000
[0001.099] Kernel DTB Load Address: 0x83080000
[0001.104] Loading cboot binary
[0001.199] Verifying bootloader in OdmNonSecureSBK mode
[0001.286] Bootloader load address is 0x8010fda8,                            entry address is 0x80110000
[0001.296] Bootloader downloaded successfully.
[0001.300] GPT: Partition NOT found ! 
[0001.303] Find Partition via GPT Failed
[0001.307] function NvTbootGetBinaryOffsets: 0x845208 error
[0001.312] Error in NvTbootLoadBinary: 0x845208 !
[0001.317] GPT: Partition NOT found ! 
[0001.320] No FB partition
[0001.323] Next binary entry address: 0x80110000 
[0001.327] BoardId: 2595
[0001.332] dram memory type is 3
[0001.338] WB0 init successful
[0001.364] Bpmp FW successfully loaded
[0001.368] Set NvDecSticky Bits
[0001.371] GSC1 address : ff700000
[0001.375] GSC2 address : ff600000
[0001.378] GSC3 address : ff500000
[0001.382] GSC4 address : ff400000
[0001.386] GSC5 address : ff300000
[0001.389] GSC MC Settings done
[0001.394] TOS old plaintext Image length 61440
[0001.401] *** Secure OS image signature not verified ***
[0001.406] Loading and Validation of Secure OS Successful
[0001.411] NvTbootPackSdramParams: start. 
[0001.416] NvTbootPackSdramParams: done. 
[0001.419] Tegraboot started after 743206 us
[0001.423] Basic modules init took 350512 us
[0001.427] Sec Bootdevice Read Time = 203 ms, Read Size = 8459 KB
[0001.433] Next stage binary read took 14385 us
[0001.438] Carveout took 253608 us
[0001.441] CPU initialization took 92309 us
[0001.445] Total time taken by TegraBoot 710814 us

[0001.449] Starting CPU & Halting co-processor 

64b[0001.585] LPDDR4 Training: Number of tables = 10
[0001.589] EMC Training (SRC-freq: 204000; DST-freq: 408000)
[0001.595] EMC Training Successful
[0001.598] EMC Training (SRC-freq: 204000; DST-freq: 665600)
[0001.604] EMC Training Successful
[0001.607] EMC Training (SRC-freq: 204000; DST-freq: 800000)
[0001.618] EMC Training Successful
[0001.621] EMC Training (SRC-freq: 204000; DST-freq: 1065600)
[0001.644] EMC Training Successful
[0001.647] EMC Training (SRC-freq: 204000; DST-freq: 1331200)
[0001.669] EMC Training Successful
[0001.672] EMC Training (SRC-freq: 204000; DST-freq: 1600000)
[0001.691] EMC Training Successful
[0001.695] Switching to 800000 KHz Success
[0001.728] LPDDR4 Training: Number of tables = 10


U-Boot 2015.07-rc2-g2ac3917 (Nov 09 2015 - 13:12:08 -0800)

TEGRA210
Model: NVIDIA P2371-0000
DRAM:  3 GiB
MC:   Tegra SD/MMC: 0, Tegra SD/MMC: 1
*** Warning - bad CRC, using default environment

In:    serial
Out:   serial
Err:   serial
Net:   Net Initialization Skipped
No ethernet found.
Hit any key to stop autoboot:  2  0 
Tegra210 (P2371-0000) # 
Tegra210 (P2371-0000) # ums 0 mmc 0
UMS: disk start sector: 0x0, count: 0x1d5a000
|/-\|/-\/-\|/-\/-\|/-\/-\|/-\/-\|/-\/-\|/-\/-\|/-\/-\|/-\/-\CTRL+C - Operation aborted
Tegra210 (P2371-0000) # 
Tegra210 (P2371-0000) # env set fdt_copy_node_names /cpus:/psci
Tegra210 (P2371-0000) # setenv rootpart 1
Tegra210 (P2371-0000) # setenv devtype mmc
Tegra210 (P2371-0000) # setenv devnum 0
Tegra210 (P2371-0000) # part uuid ${devtype} ${devnum}:${rootpart} uuid
Tegra210 (P2371-0000) # setenv bootargs ignore_loglevel console=ttyS0,115200n8 earlycon=uart8250,mmio32,0x70006000 rw root=PARTUUID=00000000-0001-0000-788f-a75600000000 rootwait debug earlyprintk init=/bin/bash
Tegra210 (P2371-0000) # load ${devtype} ${devnum}:${rootpart} ${kernel_addr_r} /boot/Image.defconfig
15497728 bytes read in 808 ms (18.3 MiB/s)
Tegra210 (P2371-0000) # load ${devtype} ${devnum}:${rootpart} ${fdt_addr_r} /boot/tegra210-p2371-0000.dtb
44882 bytes read in 460 ms (94.7 KiB/s)
Tegra210 (P2371-0000) # load ${devtype} ${devnum}:${rootpart} ${ramdisk_addr_r} /boot/tegra-ramdisk.img
1627787 bytes read in 495 ms (3.1 MiB/s)
Tegra210 (P2371-0000) # ramdisk_size=${filesize}
Tegra210 (P2371-0000) # booti ${kernel_addr_r} - ${fdt_addr_r}
## Flattened Device Tree blob at 82000000
   Booting using the fdt blob at 0x82000000
   Using Device Tree in place at 0000000082000000, end 000000008200df51

Starting kernel ...

[    0.000000] Booting Linux on physical CPU 0x0
[    0.000000] Linux version 4.11.0-rc1-next-20170309-181929-g2e62da1 (pwalmsley@tamien) (gcc version 4.9.2 20140904 (prerelease) (crosstool-NG linaro-1.13.1-4.9-2014.09 - Linaro GCC 4.9-2014.09) ) #1 SMP PREEMPT Fri Mar 17 09:03:21 PDT 2017
[    0.000000] Boot CPU: AArch64 Processor [411fd071]
[    0.000000] debug: ignoring loglevel setting.
[    0.000000] earlycon: uart8250 at MMIO32 0x0000000070006000 (options '')
[    0.000000] bootconsole [uart8250] enabled
[    0.000000] efi: Getting EFI parameters from FDT:
[    0.000000] efi: UEFI not found.
[    0.000000] cma: Reserved 16 MiB at 0x00000000fe000000
[    0.000000] NUMA: No NUMA configuration found
[    0.000000] NUMA: Faking a node at [mem 0x0000000000000000-0x000000013fffffff]
[    0.000000] NUMA: Adding memblock [0x80000000 - 0xff1fffff] on node 0
[    0.000000] NUMA: Adding memblock [0x100000000 - 0x13fffffff] on node 0
[    0.000000] NUMA: Initmem setup node 0 [mem 0x80000000-0x13fffffff]
[    0.000000] NUMA: NODE_DATA [mem 0x13ffad200-0x13ffaecff]
[    0.000000] Zone ranges:
[    0.000000]   DMA      [mem 0x0000000080000000-0x00000000ffffffff]
[    0.000000]   Normal   [mem 0x0000000100000000-0x000000013fffffff]
[    0.000000] Movable zone start for each node
[    0.000000] Early memory node ranges
[    0.000000]   node   0: [mem 0x0000000080000000-0x00000000ff1fffff]
[    0.000000]   node   0: [mem 0x0000000100000000-0x000000013fffffff]
[    0.000000] Initmem setup node 0 [mem 0x0000000080000000-0x000000013fffffff]
[    0.000000] On node 0 totalpages: 782848
[    0.000000]   DMA zone: 8192 pages used for memmap
[    0.000000]   DMA zone: 0 pages reserved
[    0.000000]   DMA zone: 520704 pages, LIFO batch:31
[    0.000000]   Normal zone: 4096 pages used for memmap
[    0.000000]   Normal zone: 262144 pages, LIFO batch:31
[    0.000000] psci: probing for conduit method from DT.
[    0.000000] psci: PSCIv0.2 detected in firmware.
[    0.000000] psci: Using standard PSCI v0.2 function IDs
[    0.000000] psci: MIGRATE_INFO_TYPE not supported.
[    0.000000] percpu: Embedded 23 pages/cpu @ffff8000bff4e000 s56832 r8192 d29184 u94208
[    0.000000] pcpu-alloc: s56832 r8192 d29184 u94208 alloc=23*4096
[    0.000000] pcpu-alloc: [0] 0 [0] 1 [0] 2 [0] 3 
[    0.000000] Detected PIPT I-cache on CPU0
[    0.000000] CPU features: enabling workaround for ARM erratum 832075
[    0.000000] CPU features: enabling workaround for ARM erratum 834220
[    0.000000] Built 1 zonelists in Node order, mobility grouping on.  Total pages: 770560
[    0.000000] Policy zone: Normal
[    0.000000] Kernel command line: ignore_loglevel console=ttyS0,115200n8 earlycon=uart8250,mmio32,0x70006000 rw root=PARTUUID=00000000-0001-0000-788f-a75600000000 rootwait debug earlyprintk init=/bin/bash
[    0.000000] PID hash table entries: 4096 (order: 3, 32768 bytes)
[    0.000000] software IO TLB [mem 0xfa000000-0xfe000000] (64MB) mapped at [ffff80007a000000-ffff80007dffffff]
[    0.000000] Memory: 2983560K/3131392K available (8764K kernel code, 990K rwdata, 4228K rodata, 1088K init, 395K bss, 131448K reserved, 16384K cma-reserved)
[    0.000000] Virtual kernel memory layout:
[    0.000000]     modules : 0xffff000000000000 - 0xffff000008000000   (   128 MB)
[    0.000000]     vmalloc : 0xffff000008000000 - 0xffff7dffbfff0000   (129022 GB)
[    0.000000]       .text : 0xffff000008080000 - 0xffff000008910000   (  8768 KB)
[    0.000000]     .rodata : 0xffff000008910000 - 0xffff000008d40000   (  4288 KB)
[    0.000000]       .init : 0xffff000008d40000 - 0xffff000008e50000   (  1088 KB)
[    0.000000]       .data : 0xffff000008e50000 - 0xffff000008f47a00   (   991 KB)
[    0.000000]        .bss : 0xffff000008f47a00 - 0xffff000008faa638   (   396 KB)
[    0.000000]     fixed   : 0xffff7dfffe7fd000 - 0xffff7dfffec00000   (  4108 KB)
[    0.000000]     PCI I/O : 0xffff7dfffee00000 - 0xffff7dffffe00000   (    16 MB)
[    0.000000]     vmemmap : 0xffff7e0000000000 - 0xffff800000000000   (  2048 GB maximum)
[    0.000000]               0xffff7e0000000000 - 0xffff7e0003000000   (    48 MB actual)
[    0.000000]     memory  : 0xffff800000000000 - 0xffff8000c0000000   (  3072 MB)
[    0.000000] SLUB: HWalign=64, Order=0-3, MinObjects=0, CPUs=4, Nodes=1
[    0.000000] Preemptible hierarchical RCU implementation.
[    0.000000] 	RCU restricting CPUs from NR_CPUS=64 to nr_cpu_ids=4.
[    0.000000] RCU: Adjusting geometry for rcu_fanout_leaf=16, nr_cpu_ids=4
[    0.000000] NR_IRQS:64 nr_irqs:64 0
[    0.000000] GIC: Using split EOI/Deactivate mode
[    0.000000] /interrupt-controller@60004000: 192 interrupts forwarded to /interrupt-controller@50041000
[    0.000000] PLL_MB already enabled. Postponing set full defaults
[    0.000000] PLL_U already enabled. Postponing set full defaults
[    0.000000] PLL_P already enabled. Postponing set full defaults
[    0.000000] PLL_X already enabled. Postponing set full defaults
[    0.000000] boot misc1 0x0: expected 0x20
[    0.000000]  (comparison mask = 0xffffff)
[    0.000000] arm_arch_timer: Architected cp15 timer(s) running at 19.20MHz (phys).
[    0.000000] clocksource: arch_sys_counter: mask: 0xffffffffffffff max_cycles: 0x46d987e47, max_idle_ns: 440795202767 ns
[    0.000005] sched_clock: 56 bits at 19MHz, resolution 52ns, wraps every 4398046511078ns
[    0.008434] Console: colour dummy device 80x25
[    0.013075] Calibrating delay loop (skipped), value calculated using timer frequency.. 38.40 BogoMIPS (lpj=76800)
[    0.023695] pid_max: default: 32768 minimum: 301
[    0.028546] Security Framework initialized
[    0.035183] Dentry cache hash table entries: 524288 (order: 10, 4194304 bytes)
[    0.043853] Inode-cache hash table entries: 262144 (order: 9, 2097152 bytes)
[    0.051194] Mount-cache hash table entries: 8192 (order: 4, 65536 bytes)
[    0.058160] Mountpoint-cache hash table entries: 8192 (order: 4, 65536 bytes)
[    0.077595] ASID allocator initialised with 65536 entries
[    0.104164] Speedo Revision 4
[    0.107267] Tegra Revision: A01 SKU: 1 CPU Process: -22 SoC Process: -22
[    0.115028] EFI services will not be available.
[    0.135763] smp: Bringing up secondary CPUs ...
[    0.172597] Detected PIPT I-cache on CPU1
[    0.172642] CPU1: Booted secondary processor [411fd071]
[    0.204660] Detected PIPT I-cache on CPU2
[    0.204694] CPU2: Booted secondary processor [411fd071]
[    0.236736] Detected PIPT I-cache on CPU3
[    0.236768] CPU3: Booted secondary processor [411fd071]
[    0.236832] smp: Brought up 1 node, 4 CPUs
[    0.269666] SMP: Total of 4 processors activated.
[    0.274532] CPU features: detected feature: 32-bit EL0 Support
[    0.280613] CPU: All CPU(s) started at EL2
[    0.284866] alternatives: patching kernel code
[    0.293328] devtmpfs: initialized
[    0.304382] DMI not present or invalid.
[    0.308546] clocksource: jiffies: mask: 0xffffffff max_cycles: 0xffffffff, max_idle_ns: 7645041785100000 ns
[    0.318677] futex hash table entries: 1024 (order: 5, 131072 bytes)
[    0.325605] pinctrl core: initialized pinctrl subsystem
[    0.332362] NET: Registered protocol family 16
[    0.338656] cpuidle: using governor menu
[    0.343403] vdso: 2 pages (1 code @ ffff000008917000, 1 data @ ffff000008e55000)
[    0.351091] hw-breakpoint: found 6 breakpoint and 4 watchpoint registers.
[    0.359116] DMA: preallocated 256 KiB pool for atomic allocations
[    0.366885] Serial: AMBA PL011 UART driver
[    0.392473] HugeTLB registered 2 MB page size, pre-allocated 0 pages
[    0.399935] ACPI: Interpreter disabled.
[    0.404640] vgaarb: loaded
[    0.407664] SCSI subsystem initialized
[    0.412486] libata version 3.00 loaded.
[    0.416752] usbcore: registered new interface driver usbfs
[    0.422498] usbcore: registered new interface driver hub
[    0.428068] usbcore: registered new device driver usb
[    0.434238] pps_core: LinuxPPS API ver. 1 registered
[    0.439386] pps_core: Software ver. 5.3.6 - Copyright 2005-2007 Rodolfo Giometti <giometti@linux.it>
[    0.448857] PTP clock support registered
[    0.453117] dmi: Firmware registration failed.
[    0.457876] Advanced Linux Sound Architecture Driver Initialized.
[    0.464816] clocksource: Switched to clocksource arch_sys_counter
[    0.471250] VFS: Disk quotas dquot_6.6.0
[    0.475368] VFS: Dquot-cache hash table entries: 512 (order 0, 4096 bytes)
[    0.482666] pnp: PnP ACPI: disabled
[    0.493195] NET: Registered protocol family 2
[    0.498199] TCP established hash table entries: 32768 (order: 6, 262144 bytes)
[    0.505973] TCP bind hash table entries: 32768 (order: 7, 524288 bytes)
[    0.513082] TCP: Hash tables configured (established 32768 bind 32768)
[    0.519971] UDP hash table entries: 2048 (order: 4, 65536 bytes)
[    0.526254] UDP-Lite hash table entries: 2048 (order: 4, 65536 bytes)
[    0.533070] NET: Registered protocol family 1
[    0.537914] RPC: Registered named UNIX socket transport module.
[    0.544080] RPC: Registered udp transport module.
[    0.548961] RPC: Registered tcp transport module.
[    0.553838] RPC: Registered tcp NFSv4.1 backchannel transport module.
[    0.560515] PCI: CLS 0 bytes, default 128
[    0.565310] kvm [1]: 8-bit VMID
[    0.568555] kvm [1]: IDMAP page: 808f9000
[    0.572715] kvm [1]: HYP VA range: 800000000000:ffffffffffff
[    0.579388] kvm [1]: Hyp mode initialized successfully
[    0.584759] kvm [1]: vgic-v2@50044000
[    0.588669] kvm [1]: vgic interrupt IRQ1
[    0.592746] kvm [1]: virtual timer IRQ4
[    0.598961] audit: initializing netlink subsys (disabled)
[    0.604688] audit: type=2000 audit(0.531:1): state=initialized audit_enabled=0 res=1
[    0.605044] workingset: timestamp_bits=44 max_order=20 bucket_order=0
[    0.611861] squashfs: version 4.0 (2009/01/31) Phillip Lougher
[    0.612442] NFS: Registering the id_resolver key type
[    0.612458] Key type id_resolver registered
[    0.612461] Key type id_legacy registered
[    0.612471] nfs4filelayout_init: NFSv4 File Layout Driver Registering...
[    0.612600] 9p: Installing v9fs 9p2000 file system support
[    0.614872] Block layer SCSI generic (bsg) driver version 0.4 loaded (major 247)
[    0.614877] io scheduler noop registered
[    0.615060] io scheduler cfq registered (default)
[    0.615065] io scheduler mq-deadline registered
[    0.631178] tegra-apbdma 60020000.dma: Tegra20 APB DMA driver register 32 channels
[    0.632158] tegra-pmc 7000e400.pmc: i2c-thermtrip node not found, emergency thermal reset disabled.
[    0.632409] xenfs: not registering filesystem on non-xen platform
[    0.635680] Serial: 8250/16550 driver, 4 ports, IRQ sharing enabled
[    0.637237] console [ttyS0] disabled
[    0.706827] 70006000.serial: ttyS0 at MMIO 0x70006000 (irq = 312, base_baud = 25500000) is a Tegra
[    0.716144] console [ttyS0] enabled
[    0.716144] console [ttyS0] enabled
[    0.723243] bootconsole [uart8250] disabled
[    0.723243] bootconsole [uart8250] disabled
[    0.732114] SuperH (H)SCI(F) driver initialized
[    0.736926] msm_serial: driver initialized
[    0.741361] cacheinfo: Unable to detect cache hierarchy for CPU 0
[    0.753546] loop: module loaded
[    0.757269] hisi_sas: driver version v1.6
[    0.763063] libphy: Fixed MDIO Bus: probed
[    0.767539] tun: Universal TUN/TAP device driver, 1.6
[    0.772600] tun: (C) 1999-2004 Max Krasnyansky <maxk@qualcomm.com>
[    0.779510] e1000e: Intel(R) PRO/1000 Network Driver - 3.2.6-k
[    0.785357] e1000e: Copyright(c) 1999 - 2015 Intel Corporation.
[    0.791333] igb: Intel(R) Gigabit Ethernet Network Driver - version 5.4.0-k
[    0.798299] igb: Copyright (c) 2007-2014 Intel Corporation.
[    0.803924] igbvf: Intel(R) Gigabit Virtual Function Network Driver - version 2.4.0-k
[    0.811756] igbvf: Copyright (c) 2009 - 2012 Intel Corporation.
[    0.817841] sky2: driver version 1.30
[    0.821884] VFIO - User Level meta-driver version: 0.3
[    0.827883] ehci_hcd: USB 2.0 'Enhanced' Host Controller (EHCI) Driver
[    0.834420] ehci-pci: EHCI PCI platform driver
[    0.838900] ehci-platform: EHCI generic platform driver
[    0.844205] ehci-exynos: EHCI EXYNOS driver
[    0.848453] ehci-msm: Qualcomm On-Chip EHCI Host Controller
[    0.854086] ohci_hcd: USB 1.1 'Open' Host Controller (OHCI) Driver
[    0.860272] ohci-pci: OHCI PCI platform driver
[    0.864755] ohci-platform: OHCI generic platform driver
[    0.870046] ohci-exynos: OHCI EXYNOS driver
[    0.874551] usbcore: registered new interface driver usb-storage
[    0.882043] tegra_rtc 7000e000.rtc: rtc core: registered 7000e000.rtc as rtc1
[    0.889224] tegra_rtc 7000e000.rtc: Tegra internal Real Time Clock
[    0.895511] i2c /dev entries driver
[    0.900875] sdhci: Secure Digital Host Controller Interface driver
[    0.907057] sdhci: Copyright(c) Pierre Ossman
[    0.911606] Synopsys Designware Multimedia Card Interface Driver
[    0.918047] sdhci-pltfm: SDHCI platform and OF driver helper
[    0.923987] mmc0: Unknown controller version (3). You may experience problems.
[    0.976876] mmc0: SDHCI controller on 700b0600.sdhci [700b0600.sdhci] using ADMA 64-bit
[    0.989627] ledtrig-cpu: registered to indicate activity on CPUs
[    0.996800] usbcore: registered new interface driver usbhid
[    1.002469] usbhid: USB HID core driver
[    1.008082] NET: Registered protocol family 17
[    1.012633] 9pnet: Installing 9P2000 support
[    1.016985] Key type dns_resolver registered
[    1.021872] registered taskstats version 1
[    1.033321] hctosys: unable to open rtc device (rtc0)
[    1.038900] ALSA device list:
[    1.041909]   No soundcards found.
[    1.045577] Waiting for root device PARTUUID=00000000-0001-0000-788f-a75600000000...
[    1.078630] mmc0: new high speed MMC card at address 0001
[    1.084459] mmcblk0: mmc0:0001 SDW16G 14.7 GiB 
[    1.093214] mmcblk0boot0: mmc0:0001 SDW16G partition 1 4.00 MiB
[    1.103340] mmcblk0boot1: mmc0:0001 SDW16G partition 2 4.00 MiB
[    1.109445] mmcblk0rpmb: mmc0:0001 SDW16G partition 3 4.00 MiB
[    1.117048]  mmcblk0: p1 p2 p3 p4 p5 p6 p7 p8 p9 p10 p11 p12 p13 p14 p15 p16 p17 p18
[    1.135049] EXT4-fs (mmcblk0p1): couldn't mount as ext3 due to feature incompatibilities
[    1.159854] EXT4-fs (mmcblk0p1): mounted filesystem with ordered data mode. Opts: (null)
[    1.167980] VFS: Mounted root (ext4 filesystem) on device 179:1.
[    1.179207] devtmpfs: mounted
[    1.182782] Freeing unused kernel memory: 1088K
bash: cannot set terminal process group (-1): Inappropriate ioctl for device
bash: no job control in th[    1.345881] random: fast init done
is shell
root@(none):/# 