
U-Boot SPL 2014.01-00219-gc4d376f (Feb 18 2014 - 19:57:32)


U-Boot 2014.01-00219-gc4d376f (Feb 18 2014 - 19:57:32)

TEGRA114
Board: NVIDIA Dalmore
I2C:   ready
DRAM:  2 GiB
MMC:   Tegra SD/MMC: 0, Tegra SD/MMC: 1
In:    serial
Out:   serial
Err:   serial
Net:   Net Initialization Skipped
No ethernet found.
Hit any key to stop autoboot:  2  0 
Tegra114 (Dalmore) # 
Tegra114 (Dalmore) # usb reset
(Re)start USB...
USB0:   USB EHCI 1.10
scanning bus 0 for devices... 2 USB Device(s) found
       scanning usb for storage devices... 0 Storage Device(s) found
       scanning usb for ethernet devices... 
Warning: asx0 using MAC address from net device
1 Ethernet Device(s) found
Tegra114 (Dalmore) # setenv bootargs 'ignore_loglevel console=ttyS0,115200n8 rw root=PARTUUID=7369c667-ff51-ec4a-29cd-baabf2fbe346 rootwait gpt debug earlyprintk init=/bin/bash'
Tegra114 (Dalmore) # setenv ipaddr 192.168.100.100; setenv serverip 192.168.100.1; setenv tftpserverip 192.168.100.1
Tegra114 (Dalmore) # tftpboot 0x81000000 zImage.multi_v7_defconfig
Using asx0 device
TFTP from server 192.168.100.1; our IP address is 192.168.100.100
Filename 'zImage.multi_v7_defconfig'.
Load address: 0x81000000
Loading: *#################################################################
	 #################################################################
	 #################################################################
	 #################################################################
	 #################################################################
	 #################################################################
	 #################################################################
	 #################
	 3.2 MiB/s
done
Bytes transferred = 6919032 (699378 hex)
Tegra114 (Dalmore) # tftpboot 0x82000000 tegra114-dalmore.dtb
Using asx0 device
TFTP from server 192.168.100.1; our IP address is 192.168.100.100
Filename 'tegra114-dalmore.dtb'.
Load address: 0x82000000
Loading: *###
	 2.8 MiB/s
done
Bytes transferred = 34894 (884e hex)
Tegra114 (Dalmore) # bootz 0x81000000 - 0x82000000
Kernel image @ 0x81000000 [ 0x000000 - 0x699378 ]
## Flattened Device Tree blob at 82000000
   Booting using the fdt blob at 0x82000000
   Loading Device Tree to 8fff4000, end 8ffff84d ... OK

Starting kernel ...

[    0.000000] Booting Linux on physical CPU 0x0
[    0.000000] Linux version 4.6.0-83646-g2dcd0af (pwalmsley@sellafield) (gcc version 4.7.3 20130328 (prerelease) (crosstool-NG linaro-1.13.1-4.7-2013.04-20130415 - Linaro GCC 2013.04) ) #1 SMP Mon May 16 02:28:31 PDT 2016
[    0.000000] CPU: ARMv7 Processor [412fc0f2] revision 2 (ARMv7), cr=10c5387d
[    0.000000] CPU: div instructions available: patching division code
[    0.000000] CPU: PIPT / VIPT nonaliasing data cache, PIPT instruction cache
[    0.000000] Machine model: NVIDIA Tegra114 Dalmore evaluation board
[    0.000000] debug: ignoring loglevel setting.
[    0.000000] cma: Reserved 64 MiB at 0xfb800000
[    0.000000] Memory policy: Data cache writealloc
[    0.000000] On node 0 totalpages: 524032
[    0.000000] free_area_init_node: node 0, pgdat c141b3c0, node_mem_map eeff8000
[    0.000000]   DMA zone: 1536 pages used for memmap
[    0.000000]   DMA zone: 0 pages reserved
[    0.000000]   DMA zone: 196608 pages, LIFO batch:31
[    0.000000]   HighMem zone: 327424 pages, LIFO batch:31
[    0.000000] percpu: Embedded 12 pages/cpu @eefa3000 s19776 r8192 d21184 u49152
[    0.000000] pcpu-alloc: s19776 r8192 d21184 u49152 alloc=12*4096
[    0.000000] pcpu-alloc: [0] 0 [0] 1 [0] 2 [0] 3 
[    0.000000] Built 1 zonelists in Zone order, mobility grouping on.  Total pages: 522496
[    0.000000] Kernel command line: ignore_loglevel console=ttyS0,115200n8 rw root=PARTUUID=7369c667-ff51-ec4a-29cd-baabf2fbe346 rootwait gpt debug earlyprintk init=/bin/bash
[    0.000000] PID hash table entries: 4096 (order: 2, 16384 bytes)
[    0.000000] Dentry cache hash table entries: 131072 (order: 7, 524288 bytes)
[    0.000000] Inode-cache hash table entries: 65536 (order: 6, 262144 bytes)
[    0.000000] Memory: 1995132K/2096128K available (9522K kernel code, 1141K rwdata, 4108K rodata, 2048K init, 341K bss, 35460K reserved, 65536K cma-reserved, 1244160K highmem)
[    0.000000] Virtual kernel memory layout:
[    0.000000]     vector  : 0xffff0000 - 0xffff1000   (   4 kB)
[    0.000000]     fixmap  : 0xffc00000 - 0xfff00000   (3072 kB)
[    0.000000]     vmalloc : 0xf0800000 - 0xff800000   ( 240 MB)
[    0.000000]     lowmem  : 0xc0000000 - 0xf0000000   ( 768 MB)
[    0.000000]     pkmap   : 0xbfe00000 - 0xc0000000   (   2 MB)
[    0.000000]     modules : 0xbf000000 - 0xbfe00000   (  14 MB)
[    0.000000]       .text : 0xc0208000 - 0xc104fa34   (14623 kB)
[    0.000000]       .init : 0xc1100000 - 0xc1300000   (2048 kB)
[    0.000000]       .data : 0xc1300000 - 0xc141d400   (1141 kB)
[    0.000000]        .bss : 0xc141f000 - 0xc1474518   ( 342 kB)
[    0.000000] SLUB: HWalign=64, Order=0-3, MinObjects=0, CPUs=4, Nodes=1
[    0.000000] Hierarchical RCU implementation.
[    0.000000] 	Build-time adjustment of leaf fanout to 32.
[    0.000000] 	RCU restricting CPUs from NR_CPUS=16 to nr_cpu_ids=4.
[    0.000000] RCU: Adjusting geometry for rcu_fanout_leaf=32, nr_cpu_ids=4
[    0.000000] NR_IRQS:16 nr_irqs:16 16
[    0.000000] /interrupt-controller@60004000: 160 interrupts forwarded to /interrupt-controller@50041000
[    0.000000] Tegra clk 127: register failed with -17
[    0.000009] sched_clock: 32 bits at 1000kHz, resolution 1000ns, wraps every 2147483647500ns
[    0.000028] clocksource: timer_us: mask: 0xffffffff max_cycles: 0xffffffff, max_idle_ns: 1911260446275 ns
[    0.000042] Switching to timer-based delay loop, resolution 1000ns
[    0.003183] Architected cp15 timer(s) running at 12.00MHz (virt).
[    0.003201] clocksource: arch_sys_counter: mask: 0xffffffffffffff max_cycles: 0x2c47f4ee7, max_idle_ns: 440795202497 ns
[    0.003219] sched_clock: 56 bits at 12MHz, resolution 83ns, wraps every 4398046511096ns
[    0.003232] Switching to timer-based delay loop, resolution 83ns
[    0.003610] Console: colour dummy device 80x30
[    0.003638] Calibrating delay loop (skipped), value calculated using timer frequency.. 24.00 BogoMIPS (lpj=60000)
[    0.003653] pid_max: default: 32768 minimum: 301
[    0.003753] Mount-cache hash table entries: 2048 (order: 1, 8192 bytes)
[    0.003764] Mountpoint-cache hash table entries: 2048 (order: 1, 8192 bytes)
[    0.004396] CPU: Testing write buffer coherency: ok
[    0.004613] /cpus/cpu@0 missing clock-frequency property
[    0.004643] /cpus/cpu@1 missing clock-frequency property
[    0.004671] /cpus/cpu@2 missing clock-frequency property
[    0.004700] /cpus/cpu@3 missing clock-frequency property
[    0.004712] CPU0: thread -1, cpu 0, socket 0, mpidr 80000000
[    0.004763] Setting up static identity map for 0x80300000 - 0x80300098
[    0.007028] Tegra Revision: A01 SKU: 0 CPU Process: 1 SoC Process: 0
[    0.008462] CPU1: thread -1, cpu 1, socket 0, mpidr 80000001
[    0.009174] CPU2: thread -1, cpu 2, socket 0, mpidr 80000002
[    0.009862] CPU3: thread -1, cpu 3, socket 0, mpidr 80000003
[    0.009949] Brought up 4 CPUs
[    0.009970] SMP: Total of 4 processors activated (96.00 BogoMIPS).
[    0.009978] CPU: All CPU(s) started in SVC mode.
[    0.011447] devtmpfs: initialized
[    0.022153] VFP support v0.3: implementor 41 architecture 4 part 30 variant f rev 0
[    0.022775] clocksource: jiffies: mask: 0xffffffff max_cycles: 0xffffffff, max_idle_ns: 9556302231375000 ns
[    0.024402] pinctrl core: initialized pinctrl subsystem
[    0.026160] NET: Registered protocol family 16
[    0.028364] DMA: preallocated 256 KiB pool for atomic coherent allocations
[    0.043113] cpuidle: using governor menu
[    0.058146] No ATAGs?
[    0.058182] hw-breakpoint: found 5 (+1 reserved) breakpoint and 4 watchpoint registers.
[    0.058193] hw-breakpoint: maximum watchpoint size is 8 bytes.
[    0.063417] Serial: AMBA PL011 UART driver
[    0.064826] tegra-mc 70019000.memory-controller: no memory timings for RAM code 3 registered
[    0.092872] dvdd_ts: Failed to request enable GPIO61: -517
[    0.092889] reg-fixed-voltage regulators:regulator@1: Failed to register regulator: -517
[    0.092983] usb1_vbus: Failed to request enable GPIO108: -517
[    0.092997] reg-fixed-voltage regulators:regulator@3: Failed to register regulator: -517
[    0.093086] usb2_vbus: Failed to request enable GPIO86: -517
[    0.093100] reg-fixed-voltage regulators:regulator@4: Failed to register regulator: -517
[    0.093533] VDD_5V0_HDMI_CON: Failed to request enable GPIO81: -517
[    0.093548] reg-fixed-voltage regulators:regulator@7: Failed to register regulator: -517
[    0.096616] vgaarb: loaded
[    0.097654] SCSI subsystem initialized
[    0.097832] libata version 3.00 loaded.
[    0.098149] usbcore: registered new interface driver usbfs
[    0.098218] usbcore: registered new interface driver hub
[    0.098319] usbcore: registered new device driver usb
[    0.101999] tps65090 2-0048: No cache defaults, reading back from HW
[    0.108203] genirq: Setting trigger mode 8 for irq 341 failed (irq_chip_set_type_parent+0x0/0x28)
[    0.108226] palmas 2-0058: Irq flag is 0x00000000
[    0.111430] palmas 2-0058: Muxing GPIO ff, PWM 0, LED 0
[    0.121325] sdhci-vdd-sd-slot: ramp_delay not set
[    0.146360] pps_core: LinuxPPS API ver. 1 registered
[    0.146371] pps_core: Software ver. 5.3.6 - Copyright 2005-2007 Rodolfo Giometti <giometti@linux.it>
[    0.146401] PTP clock support registered
[    0.146630] EDAC MC: Ver: 3.0.0
[    0.149227] clocksource: Switched to clocksource arch_sys_counter
[    0.160189] NET: Registered protocol family 2
[    0.160723] TCP established hash table entries: 8192 (order: 3, 32768 bytes)
[    0.160823] TCP bind hash table entries: 8192 (order: 4, 65536 bytes)
[    0.161009] TCP: Hash tables configured (established 8192 bind 8192)
[    0.161063] UDP hash table entries: 512 (order: 2, 16384 bytes)
[    0.161104] UDP-Lite hash table entries: 512 (order: 2, 16384 bytes)
[    0.161286] NET: Registered protocol family 1
[    0.161540] RPC: Registered named UNIX socket transport module.
[    0.161551] RPC: Registered udp transport module.
[    0.161558] RPC: Registered tcp transport module.
[    0.161566] RPC: Registered tcp NFSv4.1 backchannel transport module.
[    0.161585] PCI: CLS 0 bytes, default 64
[    0.163913] futex hash table entries: 1024 (order: 4, 65536 bytes)
[    0.164523] workingset: timestamp_bits=28 max_order=19 bucket_order=0
[    0.176766] squashfs: version 4.0 (2009/01/31) Phillip Lougher
[    0.177690] NFS: Registering the id_resolver key type
[    0.177720] Key type id_resolver registered
[    0.177729] Key type id_legacy registered
[    0.177795] ntfs: driver 2.1.32 [Flags: R/O].
[    0.179263] bounce: pool size: 64 pages
[    0.179493] Block layer SCSI generic (bsg) driver version 0.4 loaded (major 248)
[    0.179510] io scheduler noop registered
[    0.179525] io scheduler deadline registered
[    0.179562] io scheduler cfq registered (default)
[    0.201564] vdd-lcd-bl: supplied by vdd_ac_bat
[    0.208221] tegra-apbdma 6000a000.dma: Tegra20 APB DMA driver register 32 channels
[    0.210153] tegra-pmc 7000e400.pmc: i2c-thermtrip node not found, emergency thermal reset disabled.
[    0.276589] Serial: 8250/16550 driver, 4 ports, IRQ sharing disabled
[    0.279655] console [ttyS0] disabled
[    0.279693] 70006300.serial: ttyS0 at MMIO 0x70006300 (irq = 329, base_baud = 25500000) is a Tegra
[    1.096126] console [ttyS0] enabled
[    1.100427] SuperH (H)SCI(F) driver initialized
[    1.105950] msm_serial: driver initialized
[    1.110264] STMicroelectronics ASC driver initialized
[    1.117644] [drm] Initialized drm 1.1.0 20060810
[    1.125280] tegra-hdmi 54280000.hdmi: failed to get HDMI regulator
[    1.132033] vdd-ao: supplied by vdd_ac_bat
[    1.136364] vddio-1v8: supplied by vdd-ao
[    1.140761] avdd-dsi-csi: supplied by vddio-1v8
[    1.149174] vdd-sys-3v3: supplied by vdd_ac_bat
[    1.153949] avdd-lcd: supplied by vdd-sys-3v3
[    1.170040] brd: module loaded
[    1.179365] loop: module loaded
[    1.198946] m25p80 spi32766.0: w25q32dw (4096 Kbytes)
[    1.207660] libphy: Fixed MDIO Bus: probed
[    1.212503] CAN device driver interface
[    1.218309] igb: Intel(R) Gigabit Ethernet Network Driver - version 5.3.0-k
[    1.225276] igb: Copyright (c) 2007-2014 Intel Corporation.
[    1.234122] pegasus: v0.9.3 (2013/04/25), Pegasus/Pegasus II USB Ethernet driver
[    1.241578] usbcore: registered new interface driver pegasus
[    1.247315] usbcore: registered new interface driver asix
[    1.252770] usbcore: registered new interface driver ax88179_178a
[    1.258916] usbcore: registered new interface driver cdc_ether
[    1.264822] usbcore: registered new interface driver smsc75xx
[    1.270641] usbcore: registered new interface driver smsc95xx
[    1.276440] usbcore: registered new interface driver net1080
[    1.282155] usbcore: registered new interface driver cdc_subset
[    1.288135] usbcore: registered new interface driver zaurus
[    1.293797] usbcore: registered new interface driver cdc_ncm
[    1.301360] ehci_hcd: USB 2.0 'Enhanced' Host Controller (EHCI) Driver
[    1.307902] ehci-pci: EHCI PCI platform driver
[    1.312406] ehci-platform: EHCI generic platform driver
[    1.317840] ehci-omap: OMAP-EHCI Host Controller driver
[    1.323213] ehci-orion: EHCI orion driver
[    1.327381] SPEAr-ehci: EHCI SPEAr driver
[    1.331547] ehci-st: EHCI STMicroelectronics driver
[    1.336576] ehci-exynos: EHCI EXYNOS driver
[    1.340930] ehci-atmel: EHCI Atmel driver
[    1.345097] tegra-ehci: Tegra EHCI driver
[    1.349429] ohci_hcd: USB 1.1 'Open' Host Controller (OHCI) Driver
[    1.355633] ohci-pci: OHCI PCI platform driver
[    1.360139] ohci-platform: OHCI generic platform driver
[    1.365532] ohci-omap3: OHCI OMAP3 driver
[    1.369692] SPEAr-ohci: OHCI SPEAr driver
[    1.373837] ohci-st: OHCI STMicroelectronics driver
[    1.378868] ohci-atmel: OHCI Atmel driver
[    1.383629] usbcore: registered new interface driver usb-storage
[    1.391325] mousedev: PS/2 mouse device common for all mice
[    1.401959] palmas-rtc 7000d000.i2c:tps65913@58:rtc: rtc core: registered 7000d000.i2c:tps659 as rtc0
[    1.413099] tegra_rtc 7000e000.rtc: rtc core: registered 7000e000.rtc as rtc1
[    1.420297] tegra_rtc 7000e000.rtc: Tegra internal Real Time Clock
[    1.427057] i2c /dev entries driver
[    1.434715] sbs-battery 0-000b: sbs_probe: Failed to get device status
[    1.441269] sbs-battery: probe of 0-000b failed with error -121
[    1.450600] vdd-sensor-2v85: supplied by vdd-sys-3v3
[    1.463991] sdhci: Secure Digital Host Controller Interface driver
[    1.470184] sdhci: Copyright(c) Pierre Ossman
[    1.476134] Synopsys Designware Multimedia Card Interface Driver
[    1.483273] sdhci-pltfm: SDHCI platform and OF driver helper
[    1.489703] sdhci-tegra 78000400.sdhci: Got CD GPIO
[    1.494608] sdhci-tegra 78000400.sdhci: Got WP GPIO
[    1.500669] mmc0: Invalid maximum block size, assuming 512 bytes
[    1.539377] mmc0: SDHCI controller on 78000400.sdhci [78000400.sdhci] using ADMA
[    1.547075] mmc1: Invalid maximum block size, assuming 512 bytes
[    1.589247] mmc1: SDHCI controller on 78000600.sdhci [78000600.sdhci] using ADMA
[    1.598481] ledtrig-cpu: registered to indicate activity on CPUs
[    1.604871] usbcore: registered new interface driver usbhid
[    1.610455] usbhid: USB HID core driver
[    1.620070] NET: Registered protocol family 10
[    1.625273] sit: IPv6 over IPv4 tunneling driver
[    1.630636] NET: Registered protocol family 17
[    1.635113] can: controller area network core (rev 20120528 abi 9)
[    1.641373] NET: Registered protocol family 29
[    1.645835] can: raw protocol (rev 20120528)
[    1.650124] can: broadcast manager protocol (rev 20120528 t)
[    1.655803] can: netlink gateway (rev 20130117) max_hops=1
[    1.661701] Key type dns_resolver registered
[    1.666630] ThumbEE CPU extension supported.
[    1.670929] Registering SWP/SWPB emulation handler
[    1.683488] vdd-sys-5v0: supplied by vdd_ac_bat
[    1.689155] VDD_5V0_HDMI_CON: supplied by vdd-sys-5v0
[    1.699373] vdd_hdmi_5v0: supplied by vdd-sys-5v0
[    1.708873] [drm] Supports vblank timestamp caching Rev 2 (21.10.2013).
[    1.715542] [drm] No driver support for vblank timestamp query.
[    1.720214] mmc0: new high speed SDHC card at address aaaa
[    1.720808] mmcblk0: mmc0:aaaa SL16G 14.8 GiB 
[    1.742534]  mmcblk0: p1 p2 p3
[    1.748330] mmc1: new high speed MMC card at address 0001
[    1.754503] mmcblk1: mmc1:0001 SEM32G 29.1 GiB 
[    1.759437] mmcblk1boot0: mmc1:0001 SEM32G partition 1 4.00 MiB
[    1.760303] mmcblk1boot1: mmc1:0001 SEM32G partition 2 4.00 MiB
[    1.760933] mmcblk1rpmb: mmc1:0001 SEM32G partition 3 4.00 MiB
[    1.765575]  mmcblk1: p1 p2 p3 p4 p5 p6 p7 p8
[    1.798340] Console: switching to colour frame buffer device 240x75
[    1.848141] drm drm: fb0:  frame buffer device
[    1.864346] [drm] Initialized tegra 0.0.0 20120330 on minor 0
[    1.871445] usb2_vbus: supplied by vdd-sys-5v0
[    1.878330] tegra-ehci 7d008000.usb: EHCI Host Controller
[    1.883802] tegra-ehci 7d008000.usb: new USB bus registered, assigned bus number 1
[    1.891731] tegra-ehci 7d008000.usb: irq 339, io mem 0x7d008000
[    1.904349] tegra-ehci 7d008000.usb: USB 2.0 started, EHCI 1.10
[    1.911613] hub 1-0:1.0: USB hub found
[    1.915477] hub 1-0:1.0: 1 port detected
[    1.921440] input: gpio-keys as /devices/soc0/gpio-keys/input/input0
[    1.930264] palmas-rtc 7000d000.i2c:tps65913@58:rtc: setting system clock to 2000-03-09 20:48:34 UTC (952634914)
[    1.954737] dvdd_ts: disabling
[    1.957800] usb1_vbus: disabling
[    1.961105] vdd_cam_1v8_reg: disabling
[    1.966884] EXT4-fs (mmcblk1p1): mounting ext3 file system using the ext4 subsystem
[    1.989462] EXT4-fs (mmcblk1p1): recovery complete
[    1.994309] EXT4-fs (mmcblk1p1): mounted filesystem with ordered data mode. Opts: (null)
[    2.002477] VFS: Mounted root (ext3 filesystem) on device 179:17.
[    2.013210] devtmpfs: mounted
[    2.018107] Freeing unused kernel memory: 2048K (c1100000 - c1300000)
bash: cannot set terminal process group (-1): Inappropriate ioctl for device
bash: no job control in this shell
root@(none):/# [    2.234353] usb 1-1: new high-speed USB device number 2 using tegra-ehci
[    3.182756] asix 1-1:1.0 eth0: register 'asix' at usb-7d008000.usb-1, ASIX AX88772 USB 2.0 Ethernet, 00:50:b6:0d:b5:16
mount -t sysfs none /sys
root@(none):/# 
root@(none):/# mount -t debugfs none /sys/kernel/debug
root@(none):/# 
root@(none):/# rtcwake -d rtc1 -m mem -s 3
rtcwake: assuming RTC uses UTC ...
rtcwake: wakeup from "mem" using /dev/rtc1 at Thu Jan  1 00:00:20 1970
[    5.353530] PM: Syncing filesystems ... done.
[    5.381603] Freezing user space processes ... (elapsed 0.001 seconds) done.
[    5.389967] Freezing remaining freezable tasks ... (elapsed 0.001 seconds) done.
[    5.398866] Suspending console(s) (use no_console_suspend to debug)
[    5.450147] PM: suspend of devices complete after 43.606 msecs
[    5.452592] PM: late suspend of devices complete after 2.429 msecs
[    5.454628] PM: noirq suspend of devices complete after 2.028 msecs
[    5.454632] Disabling non-boot CPUs ...
[    5.455129] IRQ16 no longer affine to CPU1
[    5.455505] CPU1: shutdown
[    5.471895] CPU2: shutdown
[    5.496605] CPU3: shutdown
[    5.510444] Entering suspend state LP1
[    5.510467] Enabling non-boot CPUs ...
[    5.535938] CPU1 is up
[    5.561193] CPU2 is up
[    5.586503] CPU3 is up
[    5.587967] PM: noirq resume of devices complete after 1.453 msecs
[    5.590702] PM: early resume of devices complete after 2.276 msecs
[    5.691351] PM: resume of devices complete after 100.632 msecs
[    5.760235] Restarting tasks ... done.
root@(none):/# 
root@(none):/# rtcwake -d rtc1 -m mem -s 3
rtcwake: assuming RTC uses UTC ...
rtcwake: wakeup from "mem" using /dev/rtc1 at Thu Jan  1 00:00:29 1970
[    6.349219] PM: Syncing filesystems ... done.
[    6.376073] Freezing user space processes ... (elapsed 0.001 seconds) done.
[    6.384485] Freezing remaining freezable tasks ... (elapsed 0.001 seconds) done.
[    6.393329] Suspending console(s) (use no_console_suspend to debug)
[    6.438089] PM: suspend of devices complete after 37.090 msecs
[    6.440948] PM: late suspend of devices complete after 2.844 msecs
[    6.442950] PM: noirq suspend of devices complete after 1.992 msecs
[    6.442954] Disabling non-boot CPUs ...
[    6.443822] CPU1: shutdown
[    6.466845] CPU2: shutdown
[    6.491160] IRQ16 no longer affine to CPU3
[    6.491546] CPU3: shutdown
[    6.505403] Entering suspend state LP1
[    6.505426] Enabling non-boot CPUs ...
[    6.530895] CPU1 is up
[    6.556126] CPU2 is up
[    6.581453] CPU3 is up
[    6.582928] PM: noirq resume of devices complete after 1.463 msecs
[    6.585827] PM: early resume of devices complete after 2.620 msecs
[    6.686023] PM: resume of devices complete after 100.178 msecs
[    6.754868] Restarting tasks ... done.
root@(none):/# 
root@(none):/# rtcwake -d rtc1 -m mem -s 3
rtcwake: assuming RTC uses UTC ...
rtcwake: wakeup from "mem" using /dev/rtc1 at Thu Jan  1 00:00:38 1970
[    7.330051] PM: Syncing filesystems ... done.
[    7.356853] Freezing user space processes ... (elapsed 0.001 seconds) done.
[    7.365276] Freezing remaining freezable tasks ... (elapsed 0.001 seconds) done.
[    7.374108] Suspending console(s) (use no_console_suspend to debug)
[    7.421102] PM: suspend of devices complete after 39.309 msecs
[    7.423496] PM: late suspend of devices complete after 2.379 msecs
[    7.425437] PM: noirq suspend of devices complete after 1.932 msecs
[    7.425442] Disabling non-boot CPUs ...
[    7.425936] IRQ16 no longer affine to CPU1
[    7.426331] CPU1: shutdown
[    7.456843] CPU2: shutdown
[    7.481421] CPU3: shutdown
[    7.495391] Entering suspend state LP1
[    7.495415] Enabling non-boot CPUs ...
[    7.520866] CPU1 is up
[    7.546091] CPU2 is up
[    7.571408] CPU3 is up
[    7.572862] PM: noirq resume of devices complete after 1.443 msecs
[    7.575660] PM: early resume of devices complete after 2.532 msecs
[    7.676171] PM: resume of devices complete after 100.494 msecs
[    7.744989] Restarting tasks ... done.
root@(none):/# 
root@(none):/# rtcwake -d rtc1 -m mem -s 3
rtcwake: assuming RTC uses UTC ...
rtcwake: wakeup from "mem" using /dev/rtc1 at Thu Jan  1 00:00:47 1970
[    8.318821] PM: Syncing filesystems ... done.
[    8.346005] Freezing user space processes ... (elapsed 0.001 seconds) done.
[    8.354441] Freezing remaining freezable tasks ... (elapsed 0.001 seconds) done.
[    8.363306] Suspending console(s) (use no_console_suspend to debug)
[    8.406053] PM: suspend of devices complete after 35.063 msecs
[    8.408446] PM: late suspend of devices complete after 2.378 msecs
[    8.410412] PM: noirq suspend of devices complete after 1.957 msecs
[    8.410416] Disabling non-boot CPUs ...
[    8.411300] CPU1: shutdown
[    8.436791] CPU2: shutdown
[    8.461094] IRQ16 no longer affine to CPU3
[    8.461469] CPU3: shutdown
[    8.475321] Entering suspend state LP1
[    8.475345] Enabling non-boot CPUs ...
[    8.500819] CPU1 is up
[    8.526071] CPU2 is up
[    8.551396] CPU3 is up
[    8.552861] PM: noirq resume of devices complete after 1.455 msecs
[    8.555788] PM: early resume of devices complete after 2.460 msecs
[    8.651110] PM: resume of devices complete after 95.306 msecs
[    8.719834] Restarting tasks ... done.
root@(none):/# 
root@(none):/# rtcwake -d rtc1 -m mem -s 3
rtcwake: assuming RTC uses UTC ...
rtcwake: wakeup from "mem" using /dev/rtc1 at Thu Jan  1 00:00:56 1970
[    9.302501] PM: Syncing filesystems ... done.
[    9.329772] Freezing user space processes ... (elapsed 0.001 seconds) done.
[    9.338147] Freezing remaining freezable tasks ... (elapsed 0.001 seconds) done.
[    9.347077] Suspending console(s) (use no_console_suspend to debug)
[    9.391110] PM: suspend of devices complete after 36.360 msecs
[    9.393510] PM: late suspend of devices complete after 2.385 msecs
[    9.395461] PM: noirq suspend of devices complete after 1.941 msecs
[    9.395465] Disabling non-boot CPUs ...
[    9.396334] CPU1: shutdown
[    9.421730] CPU2: shutdown
[    9.446045] IRQ16 no longer affine to CPU3
[    9.446431] CPU3: shutdown
[    9.460286] Entering suspend state LP1
[    9.460309] Enabling non-boot CPUs ...
[    9.485768] CPU1 is up
[    9.510993] CPU2 is up
[    9.536327] CPU3 is up
[    9.537776] PM: noirq resume of devices complete after 1.438 msecs
[    9.540562] PM: early resume of devices complete after 2.509 msecs
[    9.641116] PM: resume of devices complete after 100.538 msecs
[    9.709949] Restarting tasks ... done.
root@(none):/# 
root@(none):/# rtcwake -d rtc1 -m mem -s 3
rtcwake: assuming RTC uses UTC ...
rtcwake: wakeup from "mem" using /dev/rtc1 at Thu Jan  1 00:01:05 1970
[   10.286373] PM: Syncing filesystems ... done.
[   10.313551] Freezing user space processes ... (elapsed 0.001 seconds) done.
[   10.321936] Freezing remaining freezable tasks ... (elapsed 0.001 seconds) done.
[   10.330845] Suspending console(s) (use no_console_suspend to debug)
[   10.376070] PM: suspend of devices complete after 37.571 msecs
[   10.378650] PM: late suspend of devices complete after 2.564 msecs
[   10.380533] PM: noirq suspend of devices complete after 1.873 msecs
[   10.380538] Disabling non-boot CPUs ...
[   10.381415] CPU1: shutdown
[   10.411672] CPU2: shutdown
[   10.436009] IRQ16 no longer affine to CPU3
[   10.436387] CPU3: shutdown
[   10.450246] Entering suspend state LP1
[   10.450270] Enabling non-boot CPUs ...
[   10.475742] CPU1 is up
[   10.500965] CPU2 is up
[   10.526303] CPU3 is up
[   10.527756] PM: noirq resume of devices complete after 1.443 msecs
[   10.530304] PM: early resume of devices complete after 2.112 msecs
[   10.626068] PM: resume of devices complete after 95.746 msecs
[   10.694790] Restarting tasks ... done.
root@(none):/# 
root@(none):/# rtcwake -d rtc1 -m mem -s 3
rtcwake: assuming RTC uses UTC ...
rtcwake: wakeup from "mem" using /dev/rtc1 at Thu Jan  1 00:01:14 1970
[   11.271294] PM: Syncing filesystems ... done.
[   11.298219] Freezing user space processes ... (elapsed 0.001 seconds) done.
[   11.306642] Freezing remaining freezable tasks ... (elapsed 0.001 seconds) done.
[   11.315512] Suspending console(s) (use no_console_suspend to debug)
[   11.360941] PM: suspend of devices complete after 37.752 msecs
[   11.363365] PM: late suspend of devices complete after 2.409 msecs
[   11.365346] PM: noirq suspend of devices complete after 1.970 msecs
[   11.365350] Disabling non-boot CPUs ...
[   11.366208] CPU1: shutdown
[   11.396679] CPU2: shutdown
[   11.421258] CPU3: shutdown
[   11.435233] Entering suspend state LP1
[   11.435257] Enabling non-boot CPUs ...
[   11.460701] CPU1 is up
[   11.485928] CPU2 is up
[   11.511260] CPU3 is up
[   11.512706] PM: noirq resume of devices complete after 1.435 msecs
[   11.515272] PM: early resume of devices complete after 2.123 msecs
[   11.610998] PM: resume of devices complete after 95.708 msecs
[   11.675628] Restarting tasks ... done.
root@(none):/# 
root@(none):/# rtcwake -d rtc1 -m mem -s 3
rtcwake: assuming RTC uses UTC ...
rtcwake: wakeup from "mem" using /dev/rtc1 at Thu Jan  1 00:01:23 1970
[   12.257667] PM: Syncing filesystems ... done.
[   12.284829] Freezing user space processes ... (elapsed 0.001 seconds) done.
[   12.293216] Freezing remaining freezable tasks ... (elapsed 0.001 seconds) done.
[   12.302085] Suspending console(s) (use no_console_suspend to debug)
[   12.345903] PM: suspend of devices complete after 36.127 msecs
[   12.348297] PM: late suspend of devices complete after 2.380 msecs
[   12.350237] PM: noirq suspend of devices complete after 1.930 msecs
[   12.350241] Disabling non-boot CPUs ...
[   12.351113] CPU1: shutdown
[   12.376661] CPU2: shutdown
[   12.400936] IRQ16 no longer affine to CPU3
[   12.401311] CPU3: shutdown
[   12.415167] Entering suspend state LP1
[   12.415191] Enabling non-boot CPUs ...
[   12.440644] CPU1 is up
[   12.465881] CPU2 is up
[   12.491198] CPU3 is up
[   12.492619] PM: noirq resume of devices complete after 1.411 msecs
[   12.495552] PM: early resume of devices complete after 2.478 msecs
[   12.590999] PM: resume of devices complete after 95.430 msecs
[   12.659723] Restarting tasks ... done.
root@(none):/# 
root@(none):/# rtcwake -d rtc1 -m mem -s 3
rtcwake: assuming RTC uses UTC ...
rtcwake: wakeup from "mem" using /dev/rtc1 at Thu Jan  1 00:01:32 1970
[   13.241374] PM: Syncing filesystems ... done.
[   13.268012] Freezing user space processes ... (elapsed 0.001 seconds) done.
[   13.276430] Freezing remaining freezable tasks ... (elapsed 0.001 seconds) done.
[   13.285312] Suspending console(s) (use no_console_suspend to debug)
[   13.330601] PM: suspend of devices complete after 37.638 msecs
[   13.333087] PM: late suspend of devices complete after 2.470 msecs
[   13.335271] PM: noirq suspend of devices complete after 2.171 msecs
[   13.335275] Disabling non-boot CPUs ...
[   13.335784] IRQ16 no longer affine to CPU1
[   13.336176] CPU1: shutdown
[   13.366588] CPU2: shutdown
[   13.391281] CPU3: shutdown
[   13.405133] Entering suspend state LP1
[   13.405156] Enabling non-boot CPUs ...
[   13.430620] CPU1 is up
[   13.455864] CPU2 is up
[   13.481193] CPU3 is up
[   13.482623] PM: noirq resume of devices complete after 1.419 msecs
[   13.485290] PM: early resume of devices complete after 2.221 msecs
[   13.581020] PM: resume of devices complete after 95.713 msecs
[   13.649748] Restarting tasks ... done.
root@(none):/# 
root@(none):/# rtcwake -d rtc1 -m mem -s 3
rtcwake: assuming RTC uses UTC ...
rtcwake: wakeup from "mem" using /dev/rtc1 at Thu Jan  1 00:01:41 1970
[   14.225753] PM: Syncing filesystems ... done.
[   14.252688] Freezing user space processes ... (elapsed 0.001 seconds) done.
[   14.261114] Freezing remaining freezable tasks ... (elapsed 0.001 seconds) done.
[   14.269985] Suspending console(s) (use no_console_suspend to debug)
[   14.315631] PM: suspend of devices complete after 37.974 msecs
[   14.318045] PM: late suspend of devices complete after 2.398 msecs
[   14.320037] PM: noirq suspend of devices complete after 1.983 msecs
[   14.320041] Disabling non-boot CPUs ...
[   14.320547] IRQ16 no longer affine to CPU1
[   14.320942] CPU1: shutdown
[   14.351559] CPU2: shutdown
[   14.376268] CPU3: shutdown
[   14.390088] Entering suspend state LP1
[   14.390111] Enabling non-boot CPUs ...
[   14.415583] CPU1 is up
[   14.440810] CPU2 is up
[   14.466133] CPU3 is up
[   14.467563] PM: noirq resume of devices complete after 1.420 msecs
[   14.470144] PM: early resume of devices complete after 2.141 msecs
[   14.565889] PM: resume of devices complete after 95.728 msecs
[   14.634660] Restarting tasks ... done.
root@(none):/# 
root@(none):/# NVTB SYSTEM SUSPEND TEST COMPLETE
