
U-Boot SPL 2015.04-rc3-00209-ga74ef40 (Mar 16 2015 - 14:43:39)


U-Boot 2015.04-rc3-00209-ga74ef40 (Mar 16 2015 - 14:43:39)

TEGRA20
Model: Compulab TrimSlice board
DRAM:  1 GiB
MMC:   Tegra SD/MMC: 0, Tegra SD/MMC: 1
SF: Detected W25Q80BL with page size 256 Bytes, erase size 4 KiB, total 1 MiB
tegra-pcie: PCI regions:
tegra-pcie:   I/O: 0x82000000-0x82010000
tegra-pcie:   non-prefetchable memory: 0xa0000000-0xa8000000
tegra-pcie:   prefetchable memory: 0xa8000000-0xc0000000
tegra-pcie: dual-mode configuration
tegra-pcie: probing port 0, using 2 lanes
In:    serial
Out:   serial
Err:   serial
Net:   RTL8169#0
Hit any key to stop autoboot:  2  0 
Tegra20 (TrimSlice) # 
Tegra20 (TrimSlice) # usb reset
resetting USB...
USB0:   USB EHCI 1.00
scanning bus 0 for devices... 2 USB Device(s) found
USB1:   USB EHCI 1.00
scanning bus 1 for devices... 1 USB Device(s) found
USB2:   lowlevel init failed
       scanning usb for storage devices... 0 Storage Device(s) found
       scanning usb for ethernet devices... 0 Ethernet Device(s) found
Tegra20 (TrimSlice) # setenv bootargs 'ignore_loglevel console=ttyS0,115200n8 rw root=/dev/mmcblk0p1 rootwait gpt debug noinitrd earlyprintk init=/bin/bash'
Tegra20 (TrimSlice) # setenv ipaddr 192.168.100.103; setenv serverip 192.168.100.1; setenv tftpserverip 192.168.100.1
Tegra20 (TrimSlice) # tftpboot 0x00408000 zImage.multi_v7_defconfig
Using RTL8169#0 device
TFTP from server 192.168.100.1; our IP address is 192.168.100.103
Filename 'zImage.multi_v7_defconfig'.
Load address: 0x408000
Loading: *#################################################################
	 #################################################################
	 #################################################################
	 #################################################################
	 #################################################################
	 #################################################################
	 #########
	 4 MiB/s
done
Bytes transferred = 5843016 (592848 hex)
Tegra20 (TrimSlice) # tftpboot 0x01408000 tegra20-trimslice.dtb
Using RTL8169#0 device
TFTP from server 192.168.100.1; our IP address is 192.168.100.103
Filename 'tegra20-trimslice.dtb'.
Load address: 0x1408000
Loading: *##
	 3.3 MiB/s
done
Bytes transferred = 20902 (51a6 hex)
Tegra20 (TrimSlice) # bootz 0x00408000 - 0x01408000
Kernel image @ 0x408000 [ 0x000000 - 0x592848 ]
## Flattened Device Tree blob at 01408000
   Booting using the fdt blob at 0x1408000
   Using Device Tree in place at 01408000, end 014101a5

Starting kernel ...

[    0.000000] Booting Linux on physical CPU 0x0
[    0.000000] Linux version 4.0.0-rc1 (pwalmsley@sellafield) (gcc version 4.7.3 20130328 (prerelease) (crosstool-NG linaro-1.13.1-4.7-2013.04-20130415 - Linaro GCC 2013.04) ) #1 SMP Tue Mar 24 18:22:01 PDT 2015
[    0.000000] CPU: ARMv7 Processor [411fc090] revision 0 (ARMv7), cr=10c5387d
[    0.000000] CPU: PIPT / VIPT nonaliasing data cache, VIPT aliasing instruction cache
[    0.000000] Machine model: Compulab TrimSlice board
[    0.000000] debug: ignoring loglevel setting.
[    0.000000] cma: Reserved 64 MiB at 0x3c000000
[    0.000000] Memory policy: Data cache writealloc
[    0.000000] On node 0 totalpages: 262144
[    0.000000] free_area_init_node: node 0, pgdat c0e34ac0, node_mem_map eeff8000
[    0.000000]   DMA zone: 1520 pages used for memmap
[    0.000000]   DMA zone: 0 pages reserved
[    0.000000]   DMA zone: 194560 pages, LIFO batch:31
[    0.000000]   HighMem zone: 67584 pages, LIFO batch:15
[    0.000000] PERCPU: Embedded 11 pages/cpu @eefcc000 s12480 r8192 d24384 u45056
[    0.000000] pcpu-alloc: s12480 r8192 d24384 u45056 alloc=11*4096
[    0.000000] pcpu-alloc: [0] 0 [0] 1 
[    0.000000] Built 1 zonelists in Zone order, mobility grouping on.  Total pages: 260624
[    0.000000] Kernel command line: ignore_loglevel console=ttyS0,115200n8 rw root=/dev/mmcblk0p1 rootwait gpt debug noinitrd earlyprintk init=/bin/bash
[    0.000000] PID hash table entries: 4096 (order: 2, 16384 bytes)
[    0.000000] Dentry cache hash table entries: 131072 (order: 7, 524288 bytes)
[    0.000000] Inode-cache hash table entries: 65536 (order: 6, 262144 bytes)
[    0.000000] Memory: 961040K/1048576K available (7602K kernel code, 922K rwdata, 3168K rodata, 780K init, 307K bss, 22000K reserved, 65536K cma-reserved, 204800K highmem)
[    0.000000] Virtual kernel memory layout:
[    0.000000]     vector  : 0xffff0000 - 0xffff1000   (   4 kB)
[    0.000000]     fixmap  : 0xffc00000 - 0xfff00000   (3072 kB)
[    0.000000]     vmalloc : 0xf0000000 - 0xff000000   ( 240 MB)
[    0.000000]     lowmem  : 0xc0000000 - 0xef800000   ( 760 MB)
[    0.000000]     pkmap   : 0xbfe00000 - 0xc0000000   (   2 MB)
[    0.000000]     modules : 0xbf000000 - 0xbfe00000   (  14 MB)
[    0.000000]       .text : 0xc0208000 - 0xc0c8cb18   (10771 kB)
[    0.000000]       .init : 0xc0c8d000 - 0xc0d50000   ( 780 kB)
[    0.000000]       .data : 0xc0d50000 - 0xc0e36a20   ( 923 kB)
[    0.000000]        .bss : 0xc0e36a20 - 0xc0e838e8   ( 308 kB)
[    0.000000] SLUB: HWalign=64, Order=0-3, MinObjects=0, CPUs=2, Nodes=1
[    0.000000] Hierarchical RCU implementation.
[    0.000000] 	Additional per-CPU info printed with stalls.
[    0.000000] 	RCU restricting CPUs from NR_CPUS=8 to nr_cpu_ids=2.
[    0.000000] RCU: Adjusting geometry for rcu_fanout_leaf=16, nr_cpu_ids=2
[    0.000000] NR_IRQS:16 nr_irqs:16 16
[    0.000000] L2C: platform modifies aux control register: 0x02080000 -> 0x3e480001
[    0.000000] L2C: DT/platform modifies aux control register: 0x02080000 -> 0x3e480001
[    0.000000] L2C-310 errata 727915 769419 enabled
[    0.000000] L2C-310 enabling early BRESP for Cortex-A9
[    0.000000] L2C-310: enabling full line of zeros but not enabled in Cortex-A9
[    0.000000] L2C-310 ID prefetch enabled, offset 1 lines
[    0.000000] L2C-310 cache controller enabled, 8 ways, 1024 kB
[    0.000000] L2C-310: CACHE_ID 0x410000c4, AUX_CTRL 0x7e480001
[    0.000010] sched_clock: 32 bits at 1000kHz, resolution 1000ns, wraps every 2147483648000ns
[    0.000027] Switching to timer-based delay loop, resolution 1000ns
[    0.001365] Console: colour dummy device 80x30
[    0.001383] Calibrating delay loop (skipped), value calculated using timer frequency.. 2.00 BogoMIPS (lpj=5000)
[    0.001393] pid_max: default: 32768 minimum: 301
[    0.001482] Mount-cache hash table entries: 2048 (order: 1, 8192 bytes)
[    0.001491] Mountpoint-cache hash table entries: 2048 (order: 1, 8192 bytes)
[    0.001937] CPU: Testing write buffer coherency: ok
[    0.002104] CPU0: thread -1, cpu 0, socket 0, mpidr 80000000
[    0.002145] Setting up static identity map for 0x92fc90 - 0x92fd28
[    0.003297] Tegra Revision: A03 prime SKU: 8 CPU Process: 1 Core Process: 2
[    0.004285] CPU1: thread -1, cpu 1, socket 0, mpidr 80000001
[    0.004340] Brought up 2 CPUs
[    0.004351] SMP: Total of 2 processors activated (4.00 BogoMIPS).
[    0.004357] CPU: All CPU(s) started in SVC mode.
[    0.004715] devtmpfs: initialized
[    0.005416] VFP support v0.3: implementor 41 architecture 3 part 30 variant 9 rev 1
[    0.008623] pinctrl core: initialized pinctrl subsystem
[    0.013376] NET: Registered protocol family 16
[    0.015710] DMA: preallocated 256 KiB pool for atomic coherent allocations
[    0.029973] cpuidle: using governor ladder
[    0.044961] cpuidle: using governor menu
[    0.051715] platform 7000f800.fuse: Driver tegra20_fuse requests probe deferral
[    0.054599] No ATAGs?
[    0.054625] hw-breakpoint: found 5 (+1 reserved) breakpoint and 1 watchpoint registers.
[    0.054632] hw-breakpoint: maximum watchpoint size is 4 bytes.
[    0.056800] Serial: AMBA PL011 UART driver
[    0.082790] usb1_vbus: Failed to request enable GPIO170: -517
[    0.082867] reg-fixed-voltage regulators:regulator@2: Failed to register regulator: -517
[    0.082881] platform regulators:regulator@2: Driver reg-fixed-voltage requests probe deferral
[    0.086222] vgaarb: loaded
[    0.086724] SCSI subsystem initialized
[    0.086855] libata version 3.00 loaded.
[    0.087104] usbcore: registered new interface driver usbfs
[    0.087153] usbcore: registered new interface driver hub
[    0.087194] usbcore: registered new device driver usb
[    0.088860] Linux video capture interface: v2.00
[    0.088899] pps_core: LinuxPPS API ver. 1 registered
[    0.088905] pps_core: Software ver. 5.3.6 - Copyright 2005-2007 Rodolfo Giometti <giometti@linux.it>
[    0.088927] PTP clock support registered
[    0.089111] EDAC MC: Ver: 3.0.0
[    0.089515] Advanced Linux Sound Architecture Driver Initialized.
[    0.090360] Switched to clocksource timer_us
[    0.097763] NET: Registered protocol family 2
[    0.098232] TCP established hash table entries: 8192 (order: 3, 32768 bytes)
[    0.098295] TCP bind hash table entries: 8192 (order: 4, 65536 bytes)
[    0.098408] TCP: Hash tables configured (established 8192 bind 8192)
[    0.098483] TCP: reno registered
[    0.098494] UDP hash table entries: 512 (order: 2, 16384 bytes)
[    0.098545] UDP-Lite hash table entries: 512 (order: 2, 16384 bytes)
[    0.098718] NET: Registered protocol family 1
[    0.098933] RPC: Registered named UNIX socket transport module.
[    0.098941] RPC: Registered udp transport module.
[    0.098946] RPC: Registered tcp transport module.
[    0.098951] RPC: Registered tcp NFSv4.1 backchannel transport module.
[    0.098968] PCI: CLS 0 bytes, default 64
[    0.099725] hw perfevents: enabled with armv7_cortex_a9 PMU driver, 7 counters available
[    0.100737] futex hash table entries: 512 (order: 3, 32768 bytes)
[    0.109023] squashfs: version 4.0 (2009/01/31) Phillip Lougher
[    0.109673] NFS: Registering the id_resolver key type
[    0.109701] Key type id_resolver registered
[    0.109706] Key type id_legacy registered
[    0.109758] ntfs: driver 2.1.31 [Flags: R/O].
[    0.110598] bounce: pool size: 64 pages
[    0.110761] Block layer SCSI generic (bsg) driver version 0.4 loaded (major 249)
[    0.110775] io scheduler noop registered
[    0.110785] io scheduler deadline registered
[    0.110930] io scheduler cfq registered (default)
[    0.118643] tegra-pcie 80003000.pcie-controller: dual-mode configuration
[    0.119195] tegra-pcie 80003000.pcie-controller: probing port 0, using 2 lanes
[    0.200528] tegra-pcie 80003000.pcie-controller: PCI host bridge to bus 0000:00
[    0.200540] pci_bus 0000:00: root bus resource [mem 0xa0000000-0xa7ffffff]
[    0.200550] pci_bus 0000:00: root bus resource [mem 0xa8000000-0xbfffffff pref]
[    0.200559] pci_bus 0000:00: root bus resource [bus 00-ff]
[    0.200568] pci_bus 0000:00: root bus resource [io  0x1000-0xffff]
[    0.200596] pci 0000:00:01.0: [10de:0bf0] type 01 class 0x060000
[    0.200649] pci 0000:00:01.0: PME# supported from D0 D1 D2 D3hot D3cold
[    0.200843] PCI: bus0: Fast back to back transfers disabled
[    0.200854] pci 0000:00:01.0: bridge configuration invalid ([bus 00-00]), reconfiguring
[    0.200987] pci 0000:01:00.0: [10ec:8168] type 00 class 0x020000
[    0.201009] pci 0000:01:00.0: reg 0x10: [io  0x0000-0x00ff]
[    0.201032] pci 0000:01:00.0: reg 0x18: [mem 0x00000000-0x00000fff 64bit pref]
[    0.201050] pci 0000:01:00.0: reg 0x20: [mem 0x00000000-0x00003fff 64bit pref]
[    0.201063] pci 0000:01:00.0: reg 0x30: [mem 0x00000000-0x0001ffff pref]
[    0.201135] pci 0000:01:00.0: supports D1 D2
[    0.201143] pci 0000:01:00.0: PME# supported from D0 D1 D2 D3hot D3cold
[    0.210393] PCI: bus1: Fast back to back transfers disabled
[    0.210406] pci_bus 0000:01: busn_res: [bus 01-ff] end is updated to 01
[    0.210417] Disabling cpuidle LP2 state, since PCIe IRQs are in use
[    0.210470] pci 0000:00:01.0: BAR 8: assigned [mem 0xa0000000-0xa00fffff]
[    0.210482] pci 0000:00:01.0: BAR 9: assigned [mem 0xa8000000-0xa80fffff 64bit pref]
[    0.210492] pci 0000:00:01.0: BAR 7: assigned [io  0x1000-0x1fff]
[    0.210504] pci 0000:01:00.0: BAR 6: assigned [mem 0xa0000000-0xa001ffff pref]
[    0.210515] pci 0000:01:00.0: BAR 4: assigned [mem 0xa8000000-0xa8003fff 64bit pref]
[    0.210533] pci 0000:01:00.0: BAR 2: assigned [mem 0xa8004000-0xa8004fff 64bit pref]
[    0.210549] pci 0000:01:00.0: BAR 0: assigned [io  0x1000-0x10ff]
[    0.210560] pci 0000:00:01.0: PCI bridge to [bus 01]
[    0.210569] pci 0000:00:01.0:   bridge window [io  0x1000-0x1fff]
[    0.210578] pci 0000:00:01.0:   bridge window [mem 0xa0000000-0xa00fffff]
[    0.210587] pci 0000:00:01.0:   bridge window [mem 0xa8000000-0xa80fffff 64bit pref]
[    0.210606] pci 0000:00:01.0: nv_msi_ht_cap_quirk didn't locate host bridge
[    0.210668] pcieport 0000:00:01.0: enabling device (0140 -> 0143)
[    0.210807] pcieport 0000:00:01.0: Signaling PME through PCIe PME interrupt
[    0.210816] pci 0000:01:00.0: Signaling PME through PCIe PME interrupt
[    0.210825] pcie_pme 0000:00:01.0:pcie01: service driver pcie_pme loaded
[    0.213181] tegra-apbdma 6000a000.dma: Tegra20 APB DMA driver register 16 channels
[    0.255766] Serial: 8250/16550 driver, 4 ports, IRQ sharing disabled
[    0.257747] msm_serial: driver initialized
[    0.258395] console [ttyS0] disabled
[    0.258429] 70006000.serial: ttyS0 at MMIO 0x70006000 (irq = 279, base_baud = 13500000) is a Tegra
[    1.201882] console [ttyS0] enabled
[    1.205958] STMicroelectronics ASC driver initialized
[    1.212420] [drm] Initialized drm 1.1.0 20060810
[    1.218247] 54280000.hdmi supply hdmi not found, using dummy regulator
[    1.227351] [drm] Supports vblank timestamp caching Rev 2 (21.10.2013).
[    1.233974] [drm] No driver support for vblank timestamp query.
[    1.239910] drm drm: No connectors reported connected with modes
[    1.245916] [drm] Cannot find any crtc or sizes - going 1024x768
[    1.267788] Console: switching to colour frame buffer device 128x48
[    1.282458] drm drm: fb0:  frame buffer device
[    1.286899] drm drm: registered panic notifier
[    1.305372] [drm] Initialized tegra 0.0.0 20120330 on minor 0
[    1.315221] loop: module loaded
[    1.321924] m25p80 spi32766.0: found s25fl008k, expected w25q80bl
[    1.328023] m25p80 spi32766.0: s25fl008k (1024 Kbytes)
[    1.334902] CAN device driver interface
[    1.339551] igb: Intel(R) Gigabit Ethernet Network Driver - version 5.2.15-k
[    1.346594] igb: Copyright (c) 2007-2014 Intel Corporation.
[    1.352643] r8169 Gigabit Ethernet driver 2.3LK-NAPI loaded
[    1.358234] r8169 0000:01:00.0: enabling device (0140 -> 0143)
[    1.364639] r8169 0000:01:00.0 eth0: RTL8168d/8111d at 0xf005c000, 00:01:c0:13:7d:63, XID 081000c0 IRQ 296
[    1.374291] r8169 0000:01:00.0 eth0: jumbo features [frames: 9200 bytes, tx checksumming: ko]
[    1.383663] pegasus: v0.9.3 (2013/04/25), Pegasus/Pegasus II USB Ethernet driver
[    1.391104] usbcore: registered new interface driver pegasus
[    1.396806] usbcore: registered new interface driver asix
[    1.402248] usbcore: registered new interface driver ax88179_178a
[    1.408373] usbcore: registered new interface driver cdc_ether
[    1.414251] usbcore: registered new interface driver smsc75xx
[    1.420041] usbcore: registered new interface driver smsc95xx
[    1.425825] usbcore: registered new interface driver net1080
[    1.431518] usbcore: registered new interface driver cdc_subset
[    1.437469] usbcore: registered new interface driver zaurus
[    1.443113] usbcore: registered new interface driver cdc_ncm
[    1.449567] ehci_hcd: USB 2.0 'Enhanced' Host Controller (EHCI) Driver
[    1.456100] ehci-pci: EHCI PCI platform driver
[    1.460584] ehci-platform: EHCI generic platform driver
[    1.465957] ehci-omap: OMAP-EHCI Host Controller driver
[    1.471285] ehci-orion: EHCI orion driver
[    1.475394] SPEAr-ehci: EHCI SPEAr driver
[    1.479491] ehci-st: EHCI STMicroelectronics driver
[    1.484465] ehci-exynos: EHCI EXYNOS driver
[    1.488762] tegra-ehci: Tegra EHCI driver
[    1.492958] platform c5000000.usb: Driver tegra-ehci requests probe deferral
[    1.500079] platform c5004000.usb: Driver tegra-ehci requests probe deferral
[    1.507196] platform c5008000.usb: Driver tegra-ehci requests probe deferral
[    1.514289] ohci_hcd: USB 1.1 'Open' Host Controller (OHCI) Driver
[    1.520481] ohci-pci: OHCI PCI platform driver
[    1.524959] ohci-platform: OHCI generic platform driver
[    1.530306] ohci-omap3: OHCI OMAP3 driver
[    1.534415] SPEAr-ohci: OHCI SPEAr driver
[    1.538524] ohci-st: OHCI STMicroelectronics driver
[    1.543558] usbcore: registered new interface driver usb-storage
[    1.549756] platform c5000000.usb-phy: Driver tegra-phy requests probe deferral
[    1.557111] tegra-phy c5004000.usb-phy: no vbus regulator
[    1.563586] tegra-phy c5008000.usb-phy: no vbus regulator
[    1.570283] mousedev: PS/2 mouse device common for all mice
[    1.577721] rtc-em3027 2-0056: rtc core: registered rtc-em3027 as rtc0
[    1.585294] tegra_rtc 7000e000.rtc: rtc core: registered 7000e000.rtc as rtc1
[    1.592458] tegra_rtc 7000e000.rtc: Tegra internal Real Time Clock
[    1.599039] i2c /dev entries driver
[    1.604019] usbcore: registered new interface driver uvcvideo
[    1.609763] USB Video Class driver (1.1.1)
[    1.613861] gspca_main: v2.14.0 registered
[    1.620923] Driver 'mmcblk' needs updating - please use bus_type methods
[    1.627675] sdhci: Secure Digital Host Controller Interface driver
[    1.633846] sdhci: Copyright(c) Pierre Ossman
[    1.638790] Synopsys Designware Multimedia Card Interface Driver
[    1.645469] sdhci-pltfm: SDHCI platform and OF driver helper
[    1.651813] sdhci-tegra c8000000.sdhci: No vmmc regulator found
[    1.657741] sdhci-tegra c8000000.sdhci: No vqmmc regulator found
[    1.663741] mmc0: Invalid maximum block size, assuming 512 bytes
[    1.695379] mmc0: SDHCI controller on c8000000.sdhci [c8000000.sdhci] using ADMA
[    1.702865] sdhci-tegra c8000600.sdhci: Got CD GPIO
[    1.707765] sdhci-tegra c8000600.sdhci: Got WP GPIO
[    1.712765] sdhci-tegra c8000600.sdhci: No vmmc regulator found
[    1.718698] sdhci-tegra c8000600.sdhci: No vqmmc regulator found
[    1.724706] mmc1: Invalid maximum block size, assuming 512 bytes
[    1.760451] mmc1: SDHCI controller on c8000600.sdhci [c8000600.sdhci] using ADMA
[    1.768525] ledtrig-cpu: registered to indicate activity on CPUs
[    1.774693] usbcore: registered new interface driver usbhid
[    1.780262] usbhid: USB HID core driver
[    1.786688] usbcore: registered new interface driver snd-usb-audio
[    1.796396] tlv320aic23-codec 2-001a: Control not supported for path LLINEIN -> [NULL] -> Line Input
[    1.805537] tlv320aic23-codec 2-001a: ASoC: no dapm match for LLINEIN --> NULL --> Line Input
[    1.814060] tlv320aic23-codec 2-001a: ASoC: Failed to add route LLINEIN -> NULL -> Line Input
[    1.822576] tlv320aic23-codec 2-001a: Control not supported for path RLINEIN -> [NULL] -> Line Input
[    1.831704] tlv320aic23-codec 2-001a: ASoC: no dapm match for RLINEIN --> NULL --> Line Input
[    1.840225] tlv320aic23-codec 2-001a: ASoC: Failed to add route RLINEIN -> NULL -> Line Input
[    1.848740] tlv320aic23-codec 2-001a: Control not supported for path MICIN -> [NULL] -> Mic Input
[    1.857612] tlv320aic23-codec 2-001a: ASoC: no dapm match for MICIN --> NULL --> Mic Input
[    1.865872] tlv320aic23-codec 2-001a: ASoC: Failed to add route MICIN -> NULL -> Mic Input
[    1.874660] tegra-snd-trimslice sound: tlv320aic23-hifi <-> 70002800.i2s mapping ok
[    1.883968] TCP: cubic registered
[    1.887310] NET: Registered protocol family 17
[    1.891768] can: controller area network core (rev 20120528 abi 9)
[    1.898005] NET: Registered protocol family 29
[    1.902455] can: raw protocol (rev 20120528)
[    1.906727] can: broadcast manager protocol (rev 20120528 t)
[    1.912388] can: netlink gateway (rev 20130117) max_hops=1
[    1.918172] Key type dns_resolver registered
[    1.922804] ThumbEE CPU extension supported.
[    1.927087] Registering SWP/SWPB emulation handler
[    1.934361] platform c5000000.usb: Driver tegra-ehci requests probe deferral
[    1.947321] mmc0: host does not support reading read-only switch, assuming write-enable
[    1.957285] mmc0: new high speed SDHC card at address b368
[    1.961570] ulpi_phy_power_on: ulpi write failed
[    1.961577] tegra-ehci c5004000.usb: Failed to power on the phy
[    1.961598] tegra-ehci: probe of c5004000.usb failed with error -110
[    1.964889] tegra-ehci c5008000.usb: EHCI Host Controller
[    1.964911] tegra-ehci c5008000.usb: new USB bus registered, assigned bus number 1
[    1.965196] tegra-ehci c5008000.usb: irq 290, io mem 0xc5008000
[    1.975379] tegra-ehci c5008000.usb: USB 2.0 started, EHCI 1.00
[    1.980663] hub 1-0:1.0: USB hub found
[    1.980692] hub 1-0:1.0: 1 port detected
[    1.983273] utmi_phy_clk_enable: timeout waiting for phy to stabilize
[    1.983291] tegra-ehci c5000000.usb: EHCI Host Controller
[    1.983310] tegra-ehci c5000000.usb: new USB bus registered, assigned bus number 2
[    1.983614] tegra-ehci c5000000.usb: irq 288, io mem 0xc5000000
[    1.990384] tegra-ehci c5000000.usb: USB 2.0 started, EHCI 1.00
[    1.990922] hub 2-0:1.0: USB hub found
[    1.990947] hub 2-0:1.0: 1 port detected
[    1.996073] input: gpio-keys as /devices/soc0/gpio-keys/input/input0
[    1.999669] rtc-em3027 2-0056: setting system clock to 2014-12-25 19:10:43 UTC (1419534643)
[    2.003105] ALSA device list:
[    2.003109]   #0: tegra-trimslice
[   2.079507] mmcblk0: mmc0:b368 NCard 3.70 GiB 
[    2.086069]  mmcblk0: p1
[    2.089956] EXT4-fs (mmcblk0p1): mounting ext3 file system using the ext4 subsystem
[    2.179431] EXT4-fs (mmcblk0p1): recovery complete
[    2.184267] EXT4-fs (mmcblk0p1): mounted filesystem with ordered data mode. Opts: (null)
[    2.192387] VFS: Mounted root (ext3 filesystem) on device 179:1.
[    2.206820] devtmpfs: mounted
[    2.210679] Freeing unused kernel memory: 780K (c0c8d000 - c0d50000)
[    2.305441] usb 1-1: new high-speed USB device number 2 using tegra-ehci
[    2.441867] hub 1-1:1.0: USB hub found
[    2.445859] hub 1-1:1.0: 4 ports detected
bash: cannot set terminal process group (-1): Inappropriate ioctl for device
bash: no job control in this shell
root@(none):/# 