
U-Boot SPL 2014.01-00219-gc4d376f (Feb 18 2014 - 19:57:32)


U-Boot 2014.01-00219-gc4d376f (Feb 18 2014 - 19:57:32)

TEGRA114
Board: NVIDIA Dalmore
I2C:   ready
DRAM:  2 GiB
MMC:   Tegra SD/MMC: 0, Tegra SD/MMC: 1
In:    serial
Out:   serial
Err:   serial
Net:   Net Initialization Skipped
No ethernet found.
Hit any key to stop autoboot:  2  0 
Tegra114 (Dalmore) # 
Tegra114 (Dalmore) # usb reset
(Re)start USB...
USB0:   USB EHCI 1.10
scanning bus 0 for devices... 2 USB Device(s) found
       scanning usb for storage devices... 0 Storage Device(s) found
       scanning usb for ethernet devices... 
Warning: asx0 using MAC address from net device
1 Ethernet Device(s) found
Tegra114 (Dalmore) # setenv bootargs 'ignore_loglevel console=ttyS0,115200n8 rw root=PARTUUID=7369c667-ff51-ec4a-29cd-baabf2fbe346 rootwait gpt debug earlyprintk init=/bin/bash'
Tegra114 (Dalmore) # setenv ipaddr 192.168.100.100; setenv serverip 192.168.100.1; setenv tftpserverip 192.168.100.1
Tegra114 (Dalmore) # tftpboot 0x81000000 zImage.multi_v7_defconfig
Using asx0 device
TFTP from server 192.168.100.1; our IP address is 192.168.100.100
Filename 'zImage.multi_v7_defconfig'.
Load address: 0x81000000
Loading: *#################################################################
	 #################################################################
	 #################################################################
	 #################################################################
	 #################################################################
	 #################################################################
	 #################################################################
	 #################
	 3 MiB/s
done
Bytes transferred = 6919032 (699378 hex)
Tegra114 (Dalmore) # tftpboot 0x82000000 tegra114-dalmore.dtb
Using asx0 device
TFTP from server 192.168.100.1; our IP address is 192.168.100.100
Filename 'tegra114-dalmore.dtb'.
Load address: 0x82000000
Loading: *###
	 2.8 MiB/s
done
Bytes transferred = 34894 (884e hex)
Tegra114 (Dalmore) # bootz 0x81000000 - 0x82000000
Kernel image @ 0x81000000 [ 0x000000 - 0x699378 ]
## Flattened Device Tree blob at 82000000
   Booting using the fdt blob at 0x82000000
   Loading Device Tree to 8fff4000, end 8ffff84d ... OK

Starting kernel ...

[    0.000000] Booting Linux on physical CPU 0x0
[    0.000000] Linux version 4.6.0-83646-g2dcd0af (pwalmsley@sellafield) (gcc version 4.7.3 20130328 (prerelease) (crosstool-NG linaro-1.13.1-4.7-2013.04-20130415 - Linaro GCC 2013.04) ) #1 SMP Mon May 16 02:17:45 PDT 2016
[    0.000000] CPU: ARMv7 Processor [412fc0f2] revision 2 (ARMv7), cr=10c5387d
[    0.000000] CPU: div instructions available: patching division code
[    0.000000] CPU: PIPT / VIPT nonaliasing data cache, PIPT instruction cache
[    0.000000] Machine model: NVIDIA Tegra114 Dalmore evaluation board
[    0.000000] debug: ignoring loglevel setting.
[    0.000000] cma: Reserved 64 MiB at 0xfb800000
[    0.000000] Memory policy: Data cache writealloc
[    0.000000] On node 0 totalpages: 524032
[    0.000000] free_area_init_node: node 0, pgdat c141b3c0, node_mem_map eeff8000
[    0.000000]   DMA zone: 1536 pages used for memmap
[    0.000000]   DMA zone: 0 pages reserved
[    0.000000]   DMA zone: 196608 pages, LIFO batch:31
[    0.000000]   HighMem zone: 327424 pages, LIFO batch:31
[    0.000000] percpu: Embedded 12 pages/cpu @eefa3000 s19776 r8192 d21184 u49152
[    0.000000] pcpu-alloc: s19776 r8192 d21184 u49152 alloc=12*4096
[    0.000000] pcpu-alloc: [0] 0 [0] 1 [0] 2 [0] 3 
[    0.000000] Built 1 zonelists in Zone order, mobility grouping on.  Total pages: 522496
[    0.000000] Kernel command line: ignore_loglevel console=ttyS0,115200n8 rw root=PARTUUID=7369c667-ff51-ec4a-29cd-baabf2fbe346 rootwait gpt debug earlyprintk init=/bin/bash
[    0.000000] PID hash table entries: 4096 (order: 2, 16384 bytes)
[    0.000000] Dentry cache hash table entries: 131072 (order: 7, 524288 bytes)
[    0.000000] Inode-cache hash table entries: 65536 (order: 6, 262144 bytes)
[    0.000000] Memory: 1995132K/2096128K available (9522K kernel code, 1141K rwdata, 4108K rodata, 2048K init, 341K bss, 35460K reserved, 65536K cma-reserved, 1244160K highmem)
[    0.000000] Virtual kernel memory layout:
[    0.000000]     vector  : 0xffff0000 - 0xffff1000   (   4 kB)
[    0.000000]     fixmap  : 0xffc00000 - 0xfff00000   (3072 kB)
[    0.000000]     vmalloc : 0xf0800000 - 0xff800000   ( 240 MB)
[    0.000000]     lowmem  : 0xc0000000 - 0xf0000000   ( 768 MB)
[    0.000000]     pkmap   : 0xbfe00000 - 0xc0000000   (   2 MB)
[    0.000000]     modules : 0xbf000000 - 0xbfe00000   (  14 MB)
[    0.000000]       .text : 0xc0208000 - 0xc104fa34   (14623 kB)
[    0.000000]       .init : 0xc1100000 - 0xc1300000   (2048 kB)
[    0.000000]       .data : 0xc1300000 - 0xc141d400   (1141 kB)
[    0.000000]        .bss : 0xc141f000 - 0xc1474518   ( 342 kB)
[    0.000000] SLUB: HWalign=64, Order=0-3, MinObjects=0, CPUs=4, Nodes=1
[    0.000000] Hierarchical RCU implementation.
[    0.000000] 	Build-time adjustment of leaf fanout to 32.
[    0.000000] 	RCU restricting CPUs from NR_CPUS=16 to nr_cpu_ids=4.
[    0.000000] RCU: Adjusting geometry for rcu_fanout_leaf=32, nr_cpu_ids=4
[    0.000000] NR_IRQS:16 nr_irqs:16 16
[    0.000000] /interrupt-controller@60004000: 160 interrupts forwarded to /interrupt-controller@50041000
[    0.000000] Tegra clk 127: register failed with -17
[    0.000008] sched_clock: 32 bits at 1000kHz, resolution 1000ns, wraps every 2147483647500ns
[    0.000026] clocksource: timer_us: mask: 0xffffffff max_cycles: 0xffffffff, max_idle_ns: 1911260446275 ns
[    0.000040] Switching to timer-based delay loop, resolution 1000ns
[    0.003100] Architected cp15 timer(s) running at 12.00MHz (virt).
[    0.003118] clocksource: arch_sys_counter: mask: 0xffffffffffffff max_cycles: 0x2c47f4ee7, max_idle_ns: 440795202497 ns
[    0.003136] sched_clock: 56 bits at 12MHz, resolution 83ns, wraps every 4398046511096ns
[    0.003150] Switching to timer-based delay loop, resolution 83ns
[    0.003528] Console: colour dummy device 80x30
[    0.003555] Calibrating delay loop (skipped), value calculated using timer frequency.. 24.00 BogoMIPS (lpj=60000)
[    0.003570] pid_max: default: 32768 minimum: 301
[    0.003670] Mount-cache hash table entries: 2048 (order: 1, 8192 bytes)
[    0.003681] Mountpoint-cache hash table entries: 2048 (order: 1, 8192 bytes)
[    0.004307] CPU: Testing write buffer coherency: ok
[    0.004519] /cpus/cpu@0 missing clock-frequency property
[    0.004549] /cpus/cpu@1 missing clock-frequency property
[    0.004577] /cpus/cpu@2 missing clock-frequency property
[    0.004607] /cpus/cpu@3 missing clock-frequency property
[    0.004620] CPU0: thread -1, cpu 0, socket 0, mpidr 80000000
[    0.004669] Setting up static identity map for 0x80300000 - 0x80300098
[    0.006937] Tegra Revision: A01 SKU: 0 CPU Process: 1 SoC Process: 0
[    0.008371] CPU1: thread -1, cpu 1, socket 0, mpidr 80000001
[    0.009090] CPU2: thread -1, cpu 2, socket 0, mpidr 80000002
[    0.009775] CPU3: thread -1, cpu 3, socket 0, mpidr 80000003
[    0.009862] Brought up 4 CPUs
[    0.009883] SMP: Total of 4 processors activated (96.00 BogoMIPS).
[    0.009891] CPU: All CPU(s) started in SVC mode.
[    0.011355] devtmpfs: initialized
[    0.022095] VFP support v0.3: implementor 41 architecture 4 part 30 variant f rev 0
[    0.022721] clocksource: jiffies: mask: 0xffffffff max_cycles: 0xffffffff, max_idle_ns: 9556302231375000 ns
[    0.024339] pinctrl core: initialized pinctrl subsystem
[    0.026095] NET: Registered protocol family 16
[    0.028288] DMA: preallocated 256 KiB pool for atomic coherent allocations
[    0.043027] cpuidle: using governor menu
[    0.058073] No ATAGs?
[    0.058109] hw-breakpoint: found 5 (+1 reserved) breakpoint and 4 watchpoint registers.
[    0.058120] hw-breakpoint: maximum watchpoint size is 8 bytes.
[    0.063335] Serial: AMBA PL011 UART driver
[    0.064750] tegra-mc 70019000.memory-controller: no memory timings for RAM code 3 registered
[    0.092796] dvdd_ts: Failed to request enable GPIO61: -517
[    0.092813] reg-fixed-voltage regulators:regulator@1: Failed to register regulator: -517
[    0.092909] usb1_vbus: Failed to request enable GPIO108: -517
[    0.092922] reg-fixed-voltage regulators:regulator@3: Failed to register regulator: -517
[    0.093015] usb2_vbus: Failed to request enable GPIO86: -517
[    0.093029] reg-fixed-voltage regulators:regulator@4: Failed to register regulator: -517
[    0.093465] VDD_5V0_HDMI_CON: Failed to request enable GPIO81: -517
[    0.093480] reg-fixed-voltage regulators:regulator@7: Failed to register regulator: -517
[    0.096549] vgaarb: loaded
[    0.097589] SCSI subsystem initialized
[    0.097770] libata version 3.00 loaded.
[    0.098088] usbcore: registered new interface driver usbfs
[    0.098182] usbcore: registered new interface driver hub
[    0.098263] usbcore: registered new device driver usb
[    0.101937] tps65090 2-0048: No cache defaults, reading back from HW
[    0.108136] genirq: Setting trigger mode 8 for irq 341 failed (irq_chip_set_type_parent+0x0/0x28)
[    0.108158] palmas 2-0058: Irq flag is 0x00000000
[    0.111377] palmas 2-0058: Muxing GPIO ff, PWM 0, LED 0
[    0.121223] sdhci-vdd-sd-slot: ramp_delay not set
[    0.146267] pps_core: LinuxPPS API ver. 1 registered
[    0.146277] pps_core: Software ver. 5.3.6 - Copyright 2005-2007 Rodolfo Giometti <giometti@linux.it>
[    0.146306] PTP clock support registered
[    0.146538] EDAC MC: Ver: 3.0.0
[    0.149129] clocksource: Switched to clocksource arch_sys_counter
[    0.160054] NET: Registered protocol family 2
[    0.160587] TCP established hash table entries: 8192 (order: 3, 32768 bytes)
[    0.160686] TCP bind hash table entries: 8192 (order: 4, 65536 bytes)
[    0.160874] TCP: Hash tables configured (established 8192 bind 8192)
[    0.160928] UDP hash table entries: 512 (order: 2, 16384 bytes)
[    0.160969] UDP-Lite hash table entries: 512 (order: 2, 16384 bytes)
[    0.161151] NET: Registered protocol family 1
[    0.161451] RPC: Registered named UNIX socket transport module.
[    0.161461] RPC: Registered udp transport module.
[    0.161469] RPC: Registered tcp transport module.
[    0.161476] RPC: Registered tcp NFSv4.1 backchannel transport module.
[    0.161496] PCI: CLS 0 bytes, default 64
[    0.163821] futex hash table entries: 1024 (order: 4, 65536 bytes)
[    0.164438] workingset: timestamp_bits=28 max_order=19 bucket_order=0
[    0.176687] squashfs: version 4.0 (2009/01/31) Phillip Lougher
[    0.177608] NFS: Registering the id_resolver key type
[    0.177636] Key type id_resolver registered
[    0.177645] Key type id_legacy registered
[    0.177712] ntfs: driver 2.1.32 [Flags: R/O].
[    0.179155] bounce: pool size: 64 pages
[    0.179384] Block layer SCSI generic (bsg) driver version 0.4 loaded (major 248)
[    0.179402] io scheduler noop registered
[    0.179417] io scheduler deadline registered
[    0.179455] io scheduler cfq registered (default)
[    0.201538] vdd-lcd-bl: supplied by vdd_ac_bat
[    0.208217] tegra-apbdma 6000a000.dma: Tegra20 APB DMA driver register 32 channels
[    0.210147] tegra-pmc 7000e400.pmc: i2c-thermtrip node not found, emergency thermal reset disabled.
[    0.276391] Serial: 8250/16550 driver, 4 ports, IRQ sharing disabled
[    0.279465] console [ttyS0] disabled
[    0.279502] 70006300.serial: ttyS0 at MMIO 0x70006300 (irq = 329, base_baud = 25500000) is a Tegra
[    1.095926] console [ttyS0] enabled
[    1.100225] SuperH (H)SCI(F) driver initialized
[    1.105762] msm_serial: driver initialized
[    1.110068] STMicroelectronics ASC driver initialized
[    1.117452] [drm] Initialized drm 1.1.0 20060810
[    1.125093] tegra-hdmi 54280000.hdmi: failed to get HDMI regulator
[    1.131843] vdd-ao: supplied by vdd_ac_bat
[    1.136173] vddio-1v8: supplied by vdd-ao
[    1.140569] avdd-dsi-csi: supplied by vddio-1v8
[    1.148988] vdd-sys-3v3: supplied by vdd_ac_bat
[    1.153763] avdd-lcd: supplied by vdd-sys-3v3
[    1.169799] brd: module loaded
[    1.179089] loop: module loaded
[    1.198765] m25p80 spi32766.0: w25q32dw (4096 Kbytes)
[    1.207431] libphy: Fixed MDIO Bus: probed
[    1.212282] CAN device driver interface
[    1.218090] igb: Intel(R) Gigabit Ethernet Network Driver - version 5.3.0-k
[    1.225059] igb: Copyright (c) 2007-2014 Intel Corporation.
[    1.233906] pegasus: v0.9.3 (2013/04/25), Pegasus/Pegasus II USB Ethernet driver
[    1.241364] usbcore: registered new interface driver pegasus
[    1.247102] usbcore: registered new interface driver asix
[    1.252559] usbcore: registered new interface driver ax88179_178a
[    1.258704] usbcore: registered new interface driver cdc_ether
[    1.264610] usbcore: registered new interface driver smsc75xx
[    1.270428] usbcore: registered new interface driver smsc95xx
[    1.276227] usbcore: registered new interface driver net1080
[    1.281941] usbcore: registered new interface driver cdc_subset
[    1.287919] usbcore: registered new interface driver zaurus
[    1.293580] usbcore: registered new interface driver cdc_ncm
[    1.301140] ehci_hcd: USB 2.0 'Enhanced' Host Controller (EHCI) Driver
[    1.307685] ehci-pci: EHCI PCI platform driver
[    1.312187] ehci-platform: EHCI generic platform driver
[    1.317620] ehci-omap: OMAP-EHCI Host Controller driver
[    1.322994] ehci-orion: EHCI orion driver
[    1.327151] SPEAr-ehci: EHCI SPEAr driver
[    1.331319] ehci-st: EHCI STMicroelectronics driver
[    1.336352] ehci-exynos: EHCI EXYNOS driver
[    1.340702] ehci-atmel: EHCI Atmel driver
[    1.344870] tegra-ehci: Tegra EHCI driver
[    1.349197] ohci_hcd: USB 1.1 'Open' Host Controller (OHCI) Driver
[    1.355398] ohci-pci: OHCI PCI platform driver
[    1.359904] ohci-platform: OHCI generic platform driver
[    1.365301] ohci-omap3: OHCI OMAP3 driver
[    1.369462] SPEAr-ohci: OHCI SPEAr driver
[    1.373608] ohci-st: OHCI STMicroelectronics driver
[    1.378638] ohci-atmel: OHCI Atmel driver
[    1.383399] usbcore: registered new interface driver usb-storage
[    1.391100] mousedev: PS/2 mouse device common for all mice
[    1.401762] palmas-rtc 7000d000.i2c:tps65913@58:rtc: rtc core: registered 7000d000.i2c:tps659 as rtc0
[    1.412908] tegra_rtc 7000e000.rtc: rtc core: registered 7000e000.rtc as rtc1
[    1.420102] tegra_rtc 7000e000.rtc: Tegra internal Real Time Clock
[    1.426864] i2c /dev entries driver
[    1.434529] sbs-battery 0-000b: sbs_probe: Failed to get device status
[    1.441079] sbs-battery: probe of 0-000b failed with error -121
[    1.450430] vdd-sensor-2v85: supplied by vdd-sys-3v3
[    1.463822] sdhci: Secure Digital Host Controller Interface driver
[    1.470017] sdhci: Copyright(c) Pierre Ossman
[    1.475954] Synopsys Designware Multimedia Card Interface Driver
[    1.483091] sdhci-pltfm: SDHCI platform and OF driver helper
[    1.489529] sdhci-tegra 78000400.sdhci: Got CD GPIO
[    1.494435] sdhci-tegra 78000400.sdhci: Got WP GPIO
[    1.500495] mmc0: Invalid maximum block size, assuming 512 bytes
[    1.539264] mmc0: SDHCI controller on 78000400.sdhci [78000400.sdhci] using ADMA
[    1.546966] mmc1: Invalid maximum block size, assuming 512 bytes
[    1.589150] mmc1: SDHCI controller on 78000600.sdhci [78000600.sdhci] using ADMA
[    1.598381] ledtrig-cpu: registered to indicate activity on CPUs
[    1.604780] usbcore: registered new interface driver usbhid
[    1.610361] usbhid: USB HID core driver
[    1.619978] NET: Registered protocol family 10
[    1.625234] sit: IPv6 over IPv4 tunneling driver
[    1.630575] NET: Registered protocol family 17
[    1.635054] can: controller area network core (rev 20120528 abi 9)
[    1.641309] NET: Registered protocol family 29
[    1.645773] can: raw protocol (rev 20120528)
[    1.650062] can: broadcast manager protocol (rev 20120528 t)
[    1.655740] can: netlink gateway (rev 20130117) max_hops=1
[    1.661637] Key type dns_resolver registered
[    1.666572] ThumbEE CPU extension supported.
[    1.670877] Registering SWP/SWPB emulation handler
[    1.683395] vdd-sys-5v0: supplied by vdd_ac_bat
[    1.689067] VDD_5V0_HDMI_CON: supplied by vdd-sys-5v0
[    1.699284] vdd_hdmi_5v0: supplied by vdd-sys-5v0
[    1.708855] [drm] Supports vblank timestamp caching Rev 2 (21.10.2013).
[    1.715524] [drm] No driver support for vblank timestamp query.
[    1.720176] mmc0: new high speed SDHC card at address aaaa
[    1.720763] mmcblk0: mmc0:aaaa SL16G 14.8 GiB 
[    1.742878]  mmcblk0: p1 p2 p3
[    1.748714] mmc1: new high speed MMC card at address 0001
[    1.756100] mmcblk1: mmc1:0001 SEM32G 29.1 GiB 
[    1.756785] mmcblk1boot0: mmc1:0001 SEM32G partition 1 4.00 MiB
[    1.757521] mmcblk1boot1: mmc1:0001 SEM32G partition 2 4.00 MiB
[    1.758210] mmcblk1rpmb: mmc1:0001 SEM32G partition 3 4.00 MiB
[    1.762804]  mmcblk1: p1 p2 p3 p4 p5 p6 p7 p8
[    1.794174] Console: switching to colour frame buffer device 240x75
[    1.848517] drm drm: fb0:  frame buffer device
[    1.864250] [drm] Initialized tegra 0.0.0 20120330 on minor 0
[    1.871352] usb2_vbus: supplied by vdd-sys-5v0
[    1.878174] tegra-ehci 7d008000.usb: EHCI Host Controller
[    1.883642] tegra-ehci 7d008000.usb: new USB bus registered, assigned bus number 1
[    1.891608] tegra-ehci 7d008000.usb: irq 339, io mem 0x7d008000
[    1.904254] tegra-ehci 7d008000.usb: USB 2.0 started, EHCI 1.10
[    1.911502] hub 1-0:1.0: USB hub found
[    1.915366] hub 1-0:1.0: 1 port detected
[    1.921341] input: gpio-keys as /devices/soc0/gpio-keys/input/input0
[    1.930180] palmas-rtc 7000d000.i2c:tps65913@58:rtc: setting system clock to 2000-03-09 20:37:41 UTC (952634261)
[    1.953868] dvdd_ts: disabling
[    1.956982] usb1_vbus: disabling
[    1.960228] vdd_cam_1v8_reg: disabling
[    1.965999] EXT4-fs (mmcblk1p1): mounting ext3 file system using the ext4 subsystem
[    1.992545] EXT4-fs (mmcblk1p1): recovery complete
[    1.997404] EXT4-fs (mmcblk1p1): mounted filesystem with ordered data mode. Opts: (null)
[    2.005553] VFS: Mounted root (ext3 filesystem) on device 179:17.
[    2.016091] devtmpfs: mounted
[    2.021006] Freeing unused kernel memory: 2048K (c1100000 - c1300000)
bash: cannot set terminal process group (-1): Inappropriate ioctl for device
bash: no job control in this shell
root@(none):/# [    2.229256] usb 1-1: new high-speed USB device number 2 using tegra-ehci
[    3.177621] asix 1-1:1.0 eth0: register 'asix' at usb-7d008000.usb-1, ASIX AX88772 USB 2.0 Ethernet, 00:50:b6:0d:b5:16
mount -t sysfs none /sys
root@(none):/# 
root@(none):/# mount -t debugfs none /sys/kernel/debug
root@(none):/# 
root@(none):/# rtcwake -d rtc1 -m mem -s 3
rtcwake: assuming RTC uses UTC ...
rtcwake: wakeup from "mem" using /dev/rtc1 at Thu Jan  1 00:00:20 1970
[    5.317664] PM: Syncing filesystems ... done.
[    5.345802] Freezing user space processes ... (elapsed 0.001 seconds) done.
[    5.354188] Freezing remaining freezable tasks ... (elapsed 0.001 seconds) done.
[    5.363101] Suspending console(s) (use no_console_suspend to debug)
[    5.412680] PM: suspend of devices complete after 41.829 msecs
[    5.415479] PM: late suspend of devices complete after 2.784 msecs
[    5.417400] PM: noirq suspend of devices complete after 1.912 msecs
[    5.417404] Disabling non-boot CPUs ...
[    5.418257] CPU1: shutdown
[    5.446437] IRQ16 no longer affine to CPU2
[    5.446822] CPU2: shutdown
[    5.471395] CPU3: shutdown
[    5.485394] Entering suspend state LP1
[    5.485417] Enabling non-boot CPUs ...
[    5.510867] CPU1 is up
[    5.536111] CPU2 is up
[    5.561461] CPU3 is up
[    5.562921] PM: noirq resume of devices complete after 1.449 msecs
[    5.565591] PM: early resume of devices complete after 2.214 msecs
[    5.660974] PM: resume of devices complete after 95.365 msecs
[    5.729644] Restarting tasks ... done.
root@(none):/# 
root@(none):/# rtcwake -d rtc1 -m mem -s 3
rtcwake: assuming RTC uses UTC ...
rtcwake: wakeup from "mem" using /dev/rtc1 at Thu Jan  1 00:00:29 1970
[    6.488298] PM: Syncing filesystems ... done.
[    6.515189] Freezing user space processes ... (elapsed 0.001 seconds) done.
[    6.523578] Freezing remaining freezable tasks ... (elapsed 0.001 seconds) done.
[    6.532518] Suspending console(s) (use no_console_suspend to debug)
[    6.576511] PM: suspend of devices complete after 36.298 msecs
[    6.579253] PM: late suspend of devices complete after 2.726 msecs
[    6.581410] PM: noirq suspend of devices complete after 2.144 msecs
[    6.581415] Disabling non-boot CPUs ...
[    6.581910] IRQ16 no longer affine to CPU1
[    6.582322] CPU1: shutdown
[    6.606793] CPU2: shutdown
[    6.631364] CPU3: shutdown
[    6.645355] Entering suspend state LP1
[    6.645379] Enabling non-boot CPUs ...
[    6.670837] CPU1 is up
[    6.696080] CPU2 is up
[    6.721427] CPU3 is up
[    6.722882] PM: noirq resume of devices complete after 1.445 msecs
[    6.725580] PM: early resume of devices complete after 2.242 msecs
[    6.821227] PM: resume of devices complete after 95.630 msecs
[    6.889990] Restarting tasks ... done.
root@(none):/# 
root@(none):/# rtcwake -d rtc1 -m mem -s 3
rtcwake: assuming RTC uses UTC ...
rtcwake: wakeup from "mem" using /dev/rtc1 at Thu Jan  1 00:00:38 1970
[    7.638118] PM: Syncing filesystems ... done.
[    7.665100] Freezing user space processes ... (elapsed 0.001 seconds) done.
[    7.673463] Freezing remaining freezable tasks ... (elapsed 0.001 seconds) done.
[    7.682332] Suspending console(s) (use no_console_suspend to debug)
[    7.726408] PM: suspend of devices complete after 36.390 msecs
[    7.729313] PM: late suspend of devices complete after 2.890 msecs
[    7.731480] PM: noirq suspend of devices complete after 2.153 msecs
[    7.731485] Disabling non-boot CPUs ...
[    7.731957] IRQ16 no longer affine to CPU1
[    7.732381] CPU1: shutdown
[    7.761748] CPU2: shutdown
[    7.781325] CPU3: shutdown
[    7.795326] Entering suspend state LP1
[    7.795350] Enabling non-boot CPUs ...
[    7.820790] CPU1 is up
[    7.846028] CPU2 is up
[    7.871392] CPU3 is up
[    7.872824] PM: noirq resume of devices complete after 1.421 msecs
[    7.876028] PM: early resume of devices complete after 2.753 msecs
[    7.971077] PM: resume of devices complete after 95.032 msecs
[    8.039916] Restarting tasks ... done.
root@(none):/# 
root@(none):/# rtcwake -d rtc1 -m mem -s 3
rtcwake: assuming RTC uses UTC ...
rtcwake: wakeup from "mem" using /dev/rtc1 at Thu Jan  1 00:00:47 1970
[    8.783914] PM: Syncing filesystems ... done.
[    8.810897] Freezing user space processes ... (elapsed 0.001 seconds) done.
[    8.819327] Freezing remaining freezable tasks ... (elapsed 0.001 seconds) done.
[    8.828172] Suspending console(s) (use no_console_suspend to debug)
[    8.870752] PM: suspend of devices complete after 34.898 msecs
[    8.873208] PM: late suspend of devices complete after 2.440 msecs
[    8.875426] PM: noirq suspend of devices complete after 2.207 msecs
[    8.875431] Disabling non-boot CPUs ...
[    8.875918] IRQ16 no longer affine to CPU1
[    8.876307] CPU1: shutdown
[    8.906735] CPU2: shutdown
[    8.936279] CPU3: shutdown
[    8.950278] Entering suspend state LP1
[    8.950301] Enabling non-boot CPUs ...
[    8.975761] CPU1 is up
[    9.000989] CPU2 is up
[    9.026347] CPU3 is up
[    9.027795] PM: noirq resume of devices complete after 1.438 msecs
[    9.030322] PM: early resume of devices complete after 2.094 msecs
[    9.125903] PM: resume of devices complete after 95.563 msecs
[    9.194690] Restarting tasks ... done.
root@(none):/# 
root@(none):/# rtcwake -d rtc1 -m mem -s 3
rtcwake: assuming RTC uses UTC ...
rtcwake: wakeup from "mem" using /dev/rtc1 at Thu Jan  1 00:00:56 1970
[    9.941216] PM: Syncing filesystems ... done.
[    9.967789] Freezing user space processes ... (elapsed 0.001 seconds) done.
[    9.976223] Freezing remaining freezable tasks ... (elapsed 0.001 seconds) done.
[    9.985115] Suspending console(s) (use no_console_suspend to debug)
[   10.031019] PM: suspend of devices complete after 38.254 msecs
[   10.033460] PM: late suspend of devices complete after 2.426 msecs
[   10.035413] PM: noirq suspend of devices complete after 1.944 msecs
[   10.035418] Disabling non-boot CPUs ...
[   10.035899] IRQ16 no longer affine to CPU1
[   10.036287] CPU1: shutdown
[   10.066699] CPU2: shutdown
[   10.096246] CPU3: shutdown
[   10.110238] Entering suspend state LP1
[   10.110261] Enabling non-boot CPUs ...
[   10.135722] CPU1 is up
[   10.160973] CPU2 is up
[   10.186321] CPU3 is up
[   10.187766] PM: noirq resume of devices complete after 1.435 msecs
[   10.190663] PM: early resume of devices complete after 2.448 msecs
[   10.285798] PM: resume of devices complete after 95.119 msecs
[   10.354572] Restarting tasks ... done.
root@(none):/# 
root@(none):/# rtcwake -d rtc1 -m mem -s 3
rtcwake: assuming RTC uses UTC ...
rtcwake: wakeup from "mem" using /dev/rtc1 at Thu Jan  1 00:01:05 1970
[   11.101605] PM: Syncing filesystems ... done.
[   11.128507] Freezing user space processes ... (elapsed 0.001 seconds) done.
[   11.136881] Freezing remaining freezable tasks ... (elapsed 0.001 seconds) done.
[   11.145798] Suspending console(s) (use no_console_suspend to debug)
[   11.191297] PM: suspend of devices complete after 37.853 msecs
[   11.193682] PM: late suspend of devices complete after 2.370 msecs
[   11.195615] PM: noirq suspend of devices complete after 1.923 msecs
[   11.195619] Disabling non-boot CPUs ...
[   11.196115] IRQ16 no longer affine to CPU1
[   11.196493] CPU1: shutdown
[   11.221708] CPU2: shutdown
[   11.246354] CPU3: shutdown
[   11.260175] Entering suspend state LP1
[   11.260198] Enabling non-boot CPUs ...
[   11.285666] CPU1 is up
[   11.310917] CPU2 is up
[   11.336265] CPU3 is up
[   11.337671] PM: noirq resume of devices complete after 1.396 msecs
[   11.340248] PM: early resume of devices complete after 2.124 msecs
[   11.436058] PM: resume of devices complete after 95.793 msecs
[   11.504809] Restarting tasks ... done.
root@(none):/# 
root@(none):/# rtcwake -d rtc1 -m mem -s 3
rtcwake: assuming RTC uses UTC ...
rtcwake: wakeup from "mem" using /dev/rtc1 at Thu Jan  1 00:01:14 1970
[   12.250672] PM: Syncing filesystems ... done.
[   12.277549] Freezing user space processes ... (elapsed 0.001 seconds) done.
[   12.285986] Freezing remaining freezable tasks ... (elapsed 0.001 seconds) done.
[   12.294865] Suspending console(s) (use no_console_suspend to debug)
[   12.341022] PM: suspend of devices complete after 38.501 msecs
[   12.343756] PM: late suspend of devices complete after 2.718 msecs
[   12.345723] PM: noirq suspend of devices complete after 1.957 msecs
[   12.345727] Disabling non-boot CPUs ...
[   12.346605] CPU1: shutdown
[   12.371600] CPU2: shutdown
[   12.395771] IRQ16 no longer affine to CPU3
[   12.396181] CPU3: shutdown
[   12.410165] Entering suspend state LP1
[   12.410189] Enabling non-boot CPUs ...
[   12.435648] CPU1 is up
[   12.460892] CPU2 is up
[   12.486250] CPU3 is up
[   12.487697] PM: noirq resume of devices complete after 1.436 msecs
[   12.490759] PM: early resume of devices complete after 2.625 msecs
[   12.590992] PM: resume of devices complete after 100.217 msecs
[   12.659809] Restarting tasks ... done.
root@(none):/# 
root@(none):/# rtcwake -d rtc1 -m mem -s 3
rtcwake: assuming RTC uses UTC ...
rtcwake: wakeup from "mem" using /dev/rtc1 at Thu Jan  1 00:01:23 1970
[   13.398291] PM: Syncing filesystems ... done.
[   13.425123] Freezing user space processes ... (elapsed 0.001 seconds) done.
[   13.433514] Freezing remaining freezable tasks ... (elapsed 0.001 seconds) done.
[   13.442368] Suspending console(s) (use no_console_suspend to debug)
[   13.486204] PM: suspend of devices complete after 36.154 msecs
[   13.488907] PM: late suspend of devices complete after 2.688 msecs
[   13.491030] PM: noirq suspend of devices complete after 2.108 msecs
[   13.491035] Disabling non-boot CPUs ...
[   13.491940] CPU1: shutdown
[   13.516189] IRQ16 no longer affine to CPU2
[   13.516589] CPU2: shutdown
[   13.541156] CPU3: shutdown
[   13.555139] Entering suspend state LP1
[   13.555162] Enabling non-boot CPUs ...
[   13.580639] CPU1 is up
[   13.605877] CPU2 is up
[   13.631234] CPU3 is up
[   13.632683] PM: noirq resume of devices complete after 1.438 msecs
[   13.635370] PM: early resume of devices complete after 2.411 msecs
[   13.735729] PM: resume of devices complete after 100.342 msecs
[   13.804582] Restarting tasks ... done.
root@(none):/# 
root@(none):/# rtcwake -d rtc1 -m mem -s 3
rtcwake: assuming RTC uses UTC ...
rtcwake: wakeup from "mem" using /dev/rtc1 at Thu Jan  1 00:01:32 1970
[   14.544904] PM: Syncing filesystems ... done.
[   14.571669] Freezing user space processes ... (elapsed 0.001 seconds) done.
[   14.580097] Freezing remaining freezable tasks ... (elapsed 0.001 seconds) done.
[   14.588966] Suspending console(s) (use no_console_suspend to debug)
[   14.632506] PM: suspend of devices complete after 35.863 msecs
[   14.634875] PM: late suspend of devices complete after 2.354 msecs
[   14.636844] PM: noirq suspend of devices complete after 1.961 msecs
[   14.636848] Disabling non-boot CPUs ...
[   14.637722] CPU1: shutdown
[   14.666158] IRQ16 no longer affine to CPU2
[   14.666550] CPU2: shutdown
[   14.691123] CPU3: shutdown
[   14.705098] Entering suspend state LP1
[   14.705122] Enabling non-boot CPUs ...
[   14.730600] CPU1 is up
[   14.755833] CPU2 is up
[   14.781185] CPU3 is up
[   14.782611] PM: noirq resume of devices complete after 1.416 msecs
[   14.784973] PM: early resume of devices complete after 1.911 msecs
[   14.880601] PM: resume of devices complete after 95.611 msecs
[   14.949281] Restarting tasks ... done.
root@(none):/# 
root@(none):/# rtcwake -d rtc1 -m mem -s 3
rtcwake: assuming RTC uses UTC ...
rtcwake: wakeup from "mem" using /dev/rtc1 at Thu Jan  1 00:01:41 1970
[   15.699331] PM: Syncing filesystems ... done.
[   15.726115] Freezing user space processes ... (elapsed 0.001 seconds) done.
[   15.734518] Freezing remaining freezable tasks ... (elapsed 0.001 seconds) done.
[   15.743445] Suspending console(s) (use no_console_suspend to debug)
[   15.790853] PM: suspend of devices complete after 39.736 msecs
[   15.793471] PM: late suspend of devices complete after 2.602 msecs
[   15.795544] PM: noirq suspend of devices complete after 2.063 msecs
[   15.795548] Disabling non-boot CPUs ...
[   15.796390] CPU1: shutdown
[   15.821503] CPU2: shutdown
[   15.845648] IRQ16 no longer affine to CPU3
[   15.846059] CPU3: shutdown
[   15.860065] Entering suspend state LP1
[   15.860088] Enabling non-boot CPUs ...
[   15.885531] CPU1 is up
[   15.910773] CPU2 is up
[   15.936137] CPU3 is up
[   15.937576] PM: noirq resume of devices complete after 1.428 msecs
[   15.939919] PM: early resume of devices complete after 1.907 msecs
[   16.035578] PM: resume of devices complete after 95.641 msecs
[   16.104334] Restarting tasks ... done.
root@(none):/# 
root@(none):/# NVTB SYSTEM SUSPEND TEST COMPLETE
