

U-Boot 2015.04-00466-gedec83e90172 (Mar 14 2016 - 10:42:01)

TEGRA124
Model: Acer Chromebook 13 CB5-311
DRAM:  4 GiB
C:   Tegra SD/MMC: 0, Tegra SD/MMC: 1, Tegra SD/MMC: 2
MMC init failed
Using default environment

In:    serial
Out:   serial
Err:   serial
Net:   Net Initialization Skipped
No ethernet found.
Hit any key to stop autoboot:  2  0 
Tegra124 (Nyan-big) # 
Tegra124 (Nyan-big) # usb start
starting USB...
USB0:   USB EHCI 1.10
scanning bus 0 for devices... 2 USB Device(s) found
USB1:   USB EHCI 1.10
scanning bus 1 for devices... 2 USB Device(s) found
       scanning usb for storage devices... 1 Storage Device(s) found
       scanning usb for ethernet devices... 
Warning: asx0 using MAC address from net device
1 Ethernet Device(s) found
Tegra124 (Nyan-big) # mw 0x7000e4a0 0x00080000
Tegra124 (Nyan-big) # setenv bootargs 'ignore_loglevel console=ttyS0,115200n8 rw root=PARTUUID=4d36e82a-b3c0-4b4b-bfcd-afe5217ac023 rootwait gpt debug noinitrd earlyprintk init=/bin/bash'
Tegra124 (Nyan-big) # setenv ipaddr 192.168.100.102; setenv serverip 192.168.100.1; setenv tftpserverip 192.168.100.1
Tegra124 (Nyan-big) # tftpboot 0x82000000 zImage.multi_v7_defconfig
Using asx0 device
TFTP from server 192.168.100.1; our IP address is 192.168.100.102
Filename 'zImage.multi_v7_defconfig'.
Load address: 0x82000000
Loading: *#################################################################
	 #################################################################
	 #################################################################
	 #################################################################
	 #################################################################
	 #################################################################
	 #################################################################
	 #################################################################
	 ####################
	 3.5 MiB/s
done
Bytes transferred = 7915264 (78c700 hex)
Tegra124 (Nyan-big) # tftpboot 0x83000000 tegra124-nyan-big.dtb
Using asx0 device
TFTP from server 192.168.100.1; our IP address is 192.168.100.102
Filename 'tegra124-nyan-big.dtb'.
Load address: 0x83000000
Loading: *#####
	 3.2 MiB/s
done
Bytes transferred = 68155 (10a3b hex)
Tegra124 (Nyan-big) # bootz 0x82000000 - 0x83000000
Kernel image @ 0x82000000 [ 0x000000 - 0x78c700 ]
## Flattened Device Tree blob at 83000000
   Booting using the fdt blob at 0x83000000
   Using Device Tree in place at 83000000, end 83013a3a

Starting kernel ...

[    0.000000] Booting Linux on physical CPU 0x0
[    0.000000] Linux version 4.12.0-rc1-170893-ge99b6f1 (jonathanh@sellafield) (gcc version 4.7.3 20130328 (prerelease) (crosstool-NG linaro-1.13.1-4.7-2013.04-20130415 - Linaro GCC 2013.04) ) #1 SMP Tue May 30 04:10:12 PDT 2017
[    0.000000] CPU: ARMv7 Processor [413fc0f3] revision 3 (ARMv7), cr=10c5387d
[    0.000000] CPU: div instructions available: patching division code
[    0.000000] CPU: PIPT / VIPT nonaliasing data cache, PIPT instruction cache
[    0.000000] OF: fdt: Machine model: Acer Chromebook 13 CB5-311
[    0.000000] OF: fdt: Ignoring memory range 0x100000000 - 0x17ffff000
[    0.000000] debug: ignoring loglevel setting.
[    0.000000] Memory policy: Data cache writealloc
[    0.000000] efi: Getting EFI parameters from FDT:
[    0.000000] efi: UEFI not found.
[    0.000000] cma: Reserved 64 MiB at 0xfb800000
[    0.000000] On node 0 totalpages: 524287
[    0.000000] free_area_init_node: node 0, pgdat c157fd40, node_mem_map eeff8000
[    0.000000]   DMA zone: 1536 pages used for memmap
[    0.000000]   DMA zone: 0 pages reserved
[    0.000000]   DMA zone: 196608 pages, LIFO batch:31
[    0.000000]   HighMem zone: 327679 pages, LIFO batch:31
[    0.000000] percpu: Embedded 17 pages/cpu @eef81000 s39168 r8192 d22272 u69632
[    0.000000] pcpu-alloc: s39168 r8192 d22272 u69632 alloc=17*4096
[    0.000000] pcpu-alloc: [0] 0 [0] 1 [0] 2 [0] 3 
[    0.000000] Built 1 zonelists in Zone order, mobility grouping on.  Total pages: 522751
[    0.000000] Kernel command line: ignore_loglevel console=ttyS0,115200n8 rw root=PARTUUID=4d36e82a-b3c0-4b4b-bfcd-afe5217ac023 rootwait gpt debug noinitrd earlyprintk init=/bin/bash
[    0.000000] PID hash table entries: 4096 (order: 2, 16384 bytes)
[    0.000000] Dentry cache hash table entries: 131072 (order: 7, 524288 bytes)
[    0.000000] Inode-cache hash table entries: 65536 (order: 6, 262144 bytes)
[    0.000000] Memory: 1994436K/2097148K available (10240K kernel code, 1566K rwdata, 4388K rodata, 2048K init, 409K bss, 37176K reserved, 65536K cma-reserved, 1245180K highmem)
[    0.000000] Virtual kernel memory layout:
[    0.000000]     vector  : 0xffff0000 - 0xffff1000   (   4 kB)
[    0.000000]     fixmap  : 0xffc00000 - 0xfff00000   (3072 kB)
[    0.000000]     vmalloc : 0xf0800000 - 0xff800000   ( 240 MB)
[    0.000000]     lowmem  : 0xc0000000 - 0xf0000000   ( 768 MB)
[    0.000000]     pkmap   : 0xbfe00000 - 0xc0000000   (   2 MB)
[    0.000000]     modules : 0xbf000000 - 0xbfe00000   (  14 MB)
[    0.000000]       .text : 0xc0208000 - 0xc0d00000   (11232 kB)
[    0.000000]       .init : 0xc1200000 - 0xc1400000   (2048 kB)
[    0.000000]       .data : 0xc1400000 - 0xc15879b0   (1567 kB)
[    0.000000]        .bss : 0xc1590d04 - 0xc15f74d8   ( 410 kB)
[    0.000000] SLUB: HWalign=64, Order=0-3, MinObjects=0, CPUs=4, Nodes=1
[    0.000000] Hierarchical RCU implementation.
[    0.000000] 	RCU debugfs-based tracing is enabled.
[    0.000000] 	RCU restricting CPUs from NR_CPUS=16 to nr_cpu_ids=4.
[    0.000000] RCU: Adjusting geometry for rcu_fanout_leaf=16, nr_cpu_ids=4
[    0.000000] NR_IRQS:16 nr_irqs:16 16
[    0.000000] /interrupt-controller@60004000: 160 interrupts forwarded to /interrupt-controller@50041000
[    0.000000] Tegra clk 127: register failed with -17
[    0.000004] sched_clock: 32 bits at 1000kHz, resolution 1000ns, wraps every 2147483647500ns
[    0.000011] clocksource: timer_us: mask: 0xffffffff max_cycles: 0xffffffff, max_idle_ns: 1911260446275 ns
[    0.000017] Switching to timer-based delay loop, resolution 1000ns
[    0.001664] arch_timer: cp15 timer(s) running at 12.00MHz (virt).
[    0.001671] clocksource: arch_sys_counter: mask: 0xffffffffffffff max_cycles: 0x2c47f4ee7, max_idle_ns: 440795202497 ns
[    0.001678] sched_clock: 56 bits at 12MHz, resolution 83ns, wraps every 4398046511096ns
[    0.001682] Switching to timer-based delay loop, resolution 83ns
[    0.001898] Console: colour dummy device 80x30
[    0.001911] Calibrating delay loop (skipped), value calculated using timer frequency.. 24.00 BogoMIPS (lpj=120000)
[    0.001917] pid_max: default: 32768 minimum: 301
[    0.001953] Mount-cache hash table entries: 2048 (order: 1, 8192 bytes)
[    0.001958] Mountpoint-cache hash table entries: 2048 (order: 1, 8192 bytes)
[    0.002164] CPU: Testing write buffer coherency: ok
[    0.002282] /cpus/cpu@0 missing clock-frequency property
[    0.002297] /cpus/cpu@1 missing clock-frequency property
[    0.002311] /cpus/cpu@2 missing clock-frequency property
[    0.002326] /cpus/cpu@3 missing clock-frequency property
[    0.002331] CPU0: thread -1, cpu 0, socket 0, mpidr 80000000
[    0.002444] Setting up static identity map for 0x80300000 - 0x803000a0
[    0.003782] Tegra Revision: A01 SKU: 131 CPU Process: 1 SoC Process: 1
[    0.004041] EFI services will not be available.
[    0.004131] smp: Bringing up secondary CPUs ...
[    0.004422] CPU1: thread -1, cpu 1, socket 0, mpidr 80000001
[    0.011910] CPU2: thread -1, cpu 2, socket 0, mpidr 80000002
[    0.021916] CPU3: thread -1, cpu 3, socket 0, mpidr 80000003
[    0.031638] smp: Brought up 1 node, 4 CPUs
[    0.031646] SMP: Total of 4 processors activated (96.00 BogoMIPS).
[    0.031649] CPU: All CPU(s) started in SVC mode.
[    0.032195] devtmpfs: initialized
[    0.037981] VFP support v0.3: implementor 41 architecture 4 part 30 variant f rev 0
[    0.038173] clocksource: jiffies: mask: 0xffffffff max_cycles: 0xffffffff, max_idle_ns: 19112604462750000 ns
[    0.038182] futex hash table entries: 1024 (order: 4, 65536 bytes)
[    0.038755] pinctrl core: initialized pinctrl subsystem
[    0.039515] NET: Registered protocol family 16
[    0.040270] DMA: preallocated 256 KiB pool for atomic coherent allocations
[    0.041149] cpuidle: using governor menu
[    0.049978] No ATAGs?
[    0.050033] hw-breakpoint: found 5 (+1 reserved) breakpoint and 4 watchpoint registers.
[    0.050038] hw-breakpoint: maximum watchpoint size is 8 bytes.
[    0.052899] Serial: AMBA PL011 UART driver
[    0.053255] tegra-mc 70019000.memory-controller: no memory timings for RAM code 0 registered
[    0.058547] AT91: Could not find identification node
[    0.058750] +5V_SYS: supplied by +VDD_MUX
[    0.058849] +3.3V_SYS: supplied by +VDD_MUX
[    0.059064] +VDD_LED: Failed to request enable GPIO122: -517
[    0.059070] reg-fixed-voltage regulators:regulator@5: Failed to register regulator: -517
[    0.059104] +5V_VDD_TS_SW: Failed to request enable GPIO81: -517
[    0.059109] reg-fixed-voltage regulators:regulator@6: Failed to register regulator: -517
[    0.059141] +5V_USB_HS: Failed to request enable GPIO108: -517
[    0.059146] reg-fixed-voltage regulators:regulator@7: Failed to register regulator: -517
[    0.059178] +5V_USB_SS: Failed to request enable GPIO109: -517
[    0.059183] reg-fixed-voltage regulators:regulator@8: Failed to register regulator: -517
[    0.059271] +1.05V_RUN_AVDD_HDMI_PLL: Failed to request enable GPIO63: -517
[    0.059276] reg-fixed-voltage regulators:regulator@11: Failed to register regulator: -517
[    0.059308] +5V_HDMI_CON: Failed to request enable GPIO86: -517
[    0.059312] reg-fixed-voltage regulators:regulator@12: Failed to register regulator: -517
[    0.060310] vgaarb: loaded
[    0.060584] SCSI subsystem initialized
[    0.060648] libata version 3.00 loaded.
[    0.060736] usbcore: registered new interface driver usbfs
[    0.060757] usbcore: registered new interface driver hub
[    0.060784] usbcore: registered new device driver usb
[    0.062096] pps_core: LinuxPPS API ver. 1 registered
[    0.062100] pps_core: Software ver. 5.3.6 - Copyright 2005-2007 Rodolfo Giometti <giometti@linux.it>
[    0.062108] PTP clock support registered
[    0.062173] EDAC MC: Ver: 3.0.0
[    0.062572] tegra-emc 7001b000.emc: no memory timings for RAM code 0 found in DT
[    0.062581] tegra-emc: probe of 7001b000.emc failed with error -2
[    0.063017] clocksource: Switched to clocksource arch_sys_counter
[    0.082753] NET: Registered protocol family 2
[    0.082954] TCP established hash table entries: 8192 (order: 3, 32768 bytes)
[    0.082988] TCP bind hash table entries: 8192 (order: 4, 65536 bytes)
[    0.083067] TCP: Hash tables configured (established 8192 bind 8192)
[    0.083105] UDP hash table entries: 512 (order: 2, 16384 bytes)
[    0.083120] UDP-Lite hash table entries: 512 (order: 2, 16384 bytes)
[    0.083181] NET: Registered protocol family 1
[    0.083324] RPC: Registered named UNIX socket transport module.
[    0.083327] RPC: Registered udp transport module.
[    0.083330] RPC: Registered tcp transport module.
[    0.083333] RPC: Registered tcp NFSv4.1 backchannel transport module.
[    0.083339] PCI: CLS 0 bytes, default 64
[    0.083900] hw perfevents: enabled with armv7_cortex_a15 PMU driver, 7 counters available
[    0.084598] workingset: timestamp_bits=30 max_order=19 bucket_order=0
[    0.087456] squashfs: version 4.0 (2009/01/31) Phillip Lougher
[    0.087703] NFS: Registering the id_resolver key type
[    0.087715] Key type id_resolver registered
[    0.087718] Key type id_legacy registered
[    0.087734] ntfs: driver 2.1.32 [Flags: R/O].
[    0.088351] bounce: pool size: 64 pages
[    0.088368] Block layer SCSI generic (bsg) driver version 0.4 loaded (major 248)
[    0.088372] io scheduler noop registered
[    0.088376] io scheduler deadline registered
[    0.088386] io scheduler cfq registered (default)
[    0.088390] io scheduler mq-deadline registered
[    0.088393] io scheduler kyber registered
[    0.090256] tegra-xusb-padctl 7009f000.padctl: failed to setup XUSB ports: -517
[    0.098774] tegra_dma_runtime_resume-1507
[    0.099827] tegra-apbdma 60020000.dma: Tegra20 APB DMA driver register 32 channels
[    0.100762] tegra-pmc 7000e400.pmc: i2c-thermtrip node not found, emergency thermal reset disabled.
[    0.119343] Serial: 8250/16550 driver, 4 ports, IRQ sharing disabled
[    0.120384] console [ttyS0] disabled
[    0.120402] 70006000.serial: ttyS0 at MMIO 0x70006000 (irq = 333, base_baud = 25500000) is a Tegra
[    1.010031] console [ttyS0] enabled
[    1.013802] SuperH (H)SCI(F) driver initialized
[    1.018660] msm_serial: driver initialized
[    1.022805] STMicroelectronics ASC driver initialized
[    1.029849] tegra-hdmi 54280000.hdmi: failed to get HDMI regulator
[    1.036383] tegra-dpaux 545c0000.dpaux: failed to get VDD supply: -517
[    1.043775] panel-simple panel: panel supply power not found, using dummy regulator
[    1.055072] brd: module loaded
[    1.060775] loop: module loaded
[    1.064851] as3722 4-0040: AS3722 with revision 0x1 found
[    1.074821] as3722-sd2: supplied by +5V_SYS
[    1.079221] as3722-sd3: supplied by +5V_SYS
[    1.083575] +1.35V_LP0(sd3): Bringing 0uV into 1350000-1350000uV
[    1.089744] as3722-sd4: supplied by +5V_SYS
[    1.094080] +1.05V_RUN: Bringing 0uV into 1050000-1050000uV
[    1.099809] as3722-sd5: supplied by +5V_SYS
[    1.105411] as3722-ldo0: supplied by +1.35V_LP0(sd2)
[    1.111121] +1.8V_RUN_CAM: Bringing 0uV into 1800000-1800000uV
[    1.117140] as3722-ldo2: supplied by +1.8V_VDDIO
[    1.122755] as3722-ldo3: supplied by +3.3V_SYS
[    1.127208] +1.00V_LP0_VDD_RTC: Bringing 1100000uV into 1000000-1000000uV
[    1.134778] as3722-ldo4: supplied by +3.3V_SYS
[    1.139366] +3.3V_RUN_CAM: Bringing 0uV into 2800000-2800000uV
[    1.145374] as3722-ldo5: supplied by +1.8V_VDDIO
[    1.150141] +1.2V_RUN_CAM_FRONT: Bringing 0uV into 1200000-1200000uV
[    1.156818] +VDDIO_SDMMC3: Bringing 0uV into 1800000-1800000uV
[    1.162826] as3722-ldo7: supplied by +1.8V_VDDIO
[    1.167596] +1.05V_RUN_CAM_REAR: Bringing 0uV into 1050000-1050000uV
[    1.174135] as3722-ldo9: supplied by +5V_SYS
[    1.178698] +2.8V_RUN_TOUCH: Bringing 0uV into 2800000-2800000uV
[    1.184888] as3722-ldo10: supplied by +5V_SYS
[    1.189390] +2.8V_RUN_CAM_AF: Bringing 0uV into 2800000-2800000uV
[    1.195820] +1.8V_RUN_VPP_FUSE: Bringing 0uV into 1800000-1800000uV
[    1.204789] spi-tegra114 7000d400.spi: Dma channel is not available: -19
[    1.211575] spi-tegra114 7000da00.spi: Dma channel is not available: -19
[    1.218936] libphy: Fixed MDIO Bus: probed
[    1.223415] CAN device driver interface
[    1.227549] bgmac_bcma: Broadcom 47xx GBit MAC driver loaded
[    1.233659] e1000e: Intel(R) PRO/1000 Network Driver - 3.2.6-k
[    1.239475] e1000e: Copyright(c) 1999 - 2015 Intel Corporation.
[    1.245403] igb: Intel(R) Gigabit Ethernet Network Driver - version 5.4.0-k
[    1.252347] igb: Copyright (c) 2007-2014 Intel Corporation.
[    1.259133] pegasus: v0.9.3 (2013/04/25), Pegasus/Pegasus II USB Ethernet driver
[    1.266540] usbcore: registered new interface driver pegasus
[    1.272200] usbcore: registered new interface driver asix
[    1.277603] usbcore: registered new interface driver ax88179_178a
[    1.283696] usbcore: registered new interface driver cdc_ether
[    1.289530] usbcore: registered new interface driver smsc75xx
[    1.295282] usbcore: registered new interface driver smsc95xx
[    1.301024] usbcore: registered new interface driver net1080
[    1.306684] usbcore: registered new interface driver cdc_subset
[    1.312598] usbcore: registered new interface driver zaurus
[    1.318181] usbcore: registered new interface driver cdc_ncm
[    1.324488] ehci_hcd: USB 2.0 'Enhanced' Host Controller (EHCI) Driver
[    1.330999] ehci-pci: EHCI PCI platform driver
[    1.335450] ehci-platform: EHCI generic platform driver
[    1.340729] ehci-orion: EHCI orion driver
[    1.344786] SPEAr-ehci: EHCI SPEAr driver
[    1.348831] ehci-st: EHCI STMicroelectronics driver
[    1.353747] ehci-exynos: EHCI EXYNOS driver
[    1.357971] ehci-atmel: EHCI Atmel driver
[    1.362014] tegra-ehci: Tegra EHCI driver
[    1.366078] ohci_hcd: USB 1.1 'Open' Host Controller (OHCI) Driver
[    1.372247] ohci-pci: OHCI PCI platform driver
[    1.376696] ohci-platform: OHCI generic platform driver
[    1.381959] ohci-omap3: OHCI OMAP3 driver
[    1.386008] SPEAr-ohci: OHCI SPEAr driver
[    1.390051] ohci-st: OHCI STMicroelectronics driver
[    1.394966] ohci-atmel: OHCI Atmel driver
[    1.399214] usbcore: registered new interface driver usb-storage
[    1.405985] elan_i2c 1-0015: 1-0015 supply vcc not found, using dummy regulator
[    1.413357] as3722-rtc as3722-rtc: rtc core: registered as3722-rtc as rtc0
[    1.420222] as3722-rtc as3722-rtc: RTC interrupt 372
[    1.427102] tegra_rtc 7000e000.rtc: rtc core: registered 7000e000.rtc as rtc1
[    1.434241] tegra_rtc 7000e000.rtc: Tegra internal Real Time Clock
[    1.440582] i2c /dev entries driver
[    1.446389] lm90 0-004c: 0-004c supply vcc not found, using dummy regulator
[    1.457682] sdhci: Secure Digital Host Controller Interface driver
[    1.463856] sdhci: Copyright(c) Pierre Ossman
[    1.468737] Synopsys Designware Multimedia Card Interface Driver
[    1.475175] sdhci-pltfm: SDHCI platform and OF driver helper
[    1.481096] sdhci-tegra 700b0000.sdhci: allocated mmc-pwrseq
[    1.493136] sdhci-tegra 700b0400.sdhci: Got CD GPIO
[    1.498005] sdhci-tegra 700b0400.sdhci: Got WP GPIO
[    1.517043] mmc0: Unknown controller version (3). You may experience problems.
[    1.524317] mmc0: Invalid maximum block size, assuming 512 bytes
[    1.568725] random: fast init done
[    1.582857] elan_i2c 1-0015: Elan Touchpad: Module ID: 0x002a, Firmware: 0x0005, Sample: 0x0007, IAP: 0x0009
[    1.592804] input: Elan Touchpad as /devices/soc0/7000c400.i2c/i2c-1/1-0015/input/input0
[    1.593032] mmc0: SDHCI controller on 700b0600.sdhci [700b0600.sdhci] using ADMA
[    1.608339] ledtrig-cpu: registered to indicate activity on CPUs
[    1.614449] usbcore: registered new interface driver usbhid
[    1.620005] usbhid: USB HID core driver
[    1.625194] NET: Registered protocol family 10
[    1.629938] Segment Routing with IPv6
[    1.633621] sit: IPv6, IPv4 and MPLS over IPv4 tunneling driver
[    1.639726] NET: Registered protocol family 17
[    1.644170] can: controller area network core (rev 20170425 abi 9)
[    1.650355] NET: Registered protocol family 29
[    1.654791] can: raw protocol (rev 20170425)
[    1.659048] can: broadcast manager protocol (rev 20170425 t)
[    1.664699] can: netlink gateway (rev 20170425) max_hops=1
[    1.670286] Key type dns_resolver registered
[    1.674758] ThumbEE CPU extension supported.
[    1.679017] Registering SWP/SWPB emulation handler
[    1.688518] +3.3V_RUN: supplied by +3.3V_SYS
[    1.693263] +VDD_LED: supplied by +VDD_MUX
[    1.697419] +3.3V_AVDD_HDMI_AP_GATED: supplied by +3.3V_RUN
[    1.703002] +1.8V_RUN_CAM: supplied by +3.3V_RUN
[    1.707648] +VDDIO_SDMMC3: supplied by +3.3V_RUN
[    1.712279] +1.8V_RUN_VPP_FUSE: supplied by +3.3V_RUN
[    1.717703] +5V_VDD_TS_SW: supplied by +5V_SYS
[    1.722371] +5V_USB_HS: supplied by +5V_SYS
[    1.726901] +5V_USB_SS: supplied by +5V_SYS
[    1.731684] +3.3V_PANEL: supplied by +3.3V_RUN
[    1.736719] +3.3V_LP0: supplied by +3.3V_SYS
[    1.741427] +1.05V_RUN_AVDD_HDMI_PLL: supplied by +1.05V_RUN
[    1.747136] elan_i2c 1-0015: failed to read report data: -121
[    1.747333] +5V_HDMI_CON: supplied by +5V_SYS
[    1.748184]  usb3-0: usb3-0 supply vbus not found, using dummy regulator
[    1.748241]  usb3-1: usb3-1 supply vbus not found, using dummy regulator
[    1.752471] tegra-sor 54540000.sor: failed to probe output: -517
[    1.753361] panel-simple panel: panel supply power not found, using dummy regulator
[    1.754825] sdhci-tegra 700b0000.sdhci: allocated mmc-pwrseq
[    1.757765] mmc0: new high speed MMC card at address 0001
[    1.758354] mmcblk0: mmc0:0001 MMC16G 14.4 GiB 
[    1.763147] mmc1: Unknown controller version (3). You may experience problems.
[    1.763190] mmc1: Invalid maximum block size, assuming 512 bytes
[    1.763748] mmc1: Switching to 3.3V signalling voltage failed
[    1.763784] mmcblk0boot0: mmc0:0001 MMC16G partition 1 2.00 MiB
[    1.764394] mmcblk0boot1: mmc0:0001 MMC16G partition 2 2.00 MiB
[    1.765006] mmcblk0rpmb: mmc0:0001 MMC16G partition 3 128 KiB
[    1.769337]  mmcblk0: p1 p2 p3 p4 p5 p6 p7 p8 p9 p10 p11 p12
[    1.823105] mmc1: SDHCI controller on 700b0000.sdhci [700b0000.sdhci] using ADMA
[    1.824054] sdhci-tegra 700b0400.sdhci: Got CD GPIO
[    1.824064] sdhci-tegra 700b0400.sdhci: Got WP GPIO
[    1.832535] mmc2: Unknown controller version (3). You may experience problems.
[    1.832588] mmc2: Invalid maximum block size, assuming 512 bytes
[    1.859309] mmc1: new high speed SDIO card at address 0001
[    1.883816] elan_i2c 1-0015: invalid report id data (ff)
[    1.893367] mmc2: SDHCI controller on 700b0400.sdhci [700b0400.sdhci] using ADMA
[    1.906560] input: gpio-keys as /devices/soc0/gpio-keys/input/input1
[    1.914062] as3722-rtc as3722-rtc: setting system clock to 2000-01-01 01:16:41 UTC (946689401)
[    1.923140] +3.3V_AVDD_HDMI_AP_GATED: disabling
[    1.927669] +1.05V_RUN: disabling
[    1.931098] +1.8V_RUN_CAM: disabling
[    1.934817] +3.3V_RUN_CAM: disabling
[    1.938498] +1.2V_RUN_CAM_FRONT: disabling
[    1.943718] +1.05V_RUN_CAM_REAR: disabling
[    1.949911] +2.8V_RUN_TOUCH: disabling
[    1.953912] +2.8V_RUN_CAM_AF: disabling
[    1.957968] +1.8V_RUN_VPP_FUSE: disabling
[    1.962180] +VDD_LED: disabling
[    1.965357] +5V_VDD_TS_SW: disabling
[    1.968934] +5V_USB_HS: disabling
[    1.972240] +5V_USB_SS: disabling
[    1.975572] +3.3V_PANEL: disabling
[    1.978974] +1.05V_RUN_AVDD_HDMI_PLL: disabling
[    1.983530] +5V_HDMI_CON: disabling
[    1.987814] EXT4-fs (mmcblk0p3): couldn't mount as ext3 due to feature incompatibilities
[    1.996599] EXT4-fs (mmcblk0p3): couldn't mount as ext2 due to feature incompatibilities
[    2.094161] mmc2: new high speed SDHC card at address 0007
[    2.100286] mmcblk2: mmc2:0007 SD08G 7.42 GiB 
[    2.110986] EXT4-fs (mmcblk0p3): recovery complete
[    2.113871] GPT:Primary header alternate_lba != Alt. header my_lba
[    2.113876] GPT:3014591 != 15564799
[    2.113878] GPT:Primary header thinks Alt. header is not at the end of the disk.
[    2.113879] GPT:3014591 != 15564799
[    2.113881] GPT: Use GNU Parted to correct GPT errors.
[    2.113907]  mmcblk2: p1 p2 p3 p4 p5 p6 p7 p8 p9 p10 p11 p12
[    2.147887] EXT4-fs (mmcblk0p3): mounted filesystem with ordered data mode. Opts: (null)
[    2.156028] VFS: Mounted root (ext4 filesystem) on device 179:3.
[    2.163085] devtmpfs: mounted
[    2.166733] Freeing unused kernel memory: 2048K
bash: cannot set terminal process group (-1): Inappropriate ioctl for device
bash: no job control in this shell
root@(none):/# 