
U-Boot SPL 2015.04-rc3-00209-ga74ef40 (Mar 16 2015 - 14:43:39)


U-Boot 2015.04-rc3-00209-ga74ef40 (Mar 16 2015 - 14:43:39)

TEGRA20
Model: Compulab TrimSlice board
DRAM:  1 GiB
MMC:   Tegra SD/MMC: 0, Tegra SD/MMC: 1
SF: Detected W25Q80BL with page size 256 Bytes, erase size 4 KiB, total 1 MiB
tegra-pcie: PCI regions:
tegra-pcie:   I/O: 0x82000000-0x82010000
tegra-pcie:   non-prefetchable memory: 0xa0000000-0xa8000000
tegra-pcie:   prefetchable memory: 0xa8000000-0xc0000000
tegra-pcie: dual-mode configuration
tegra-pcie: probing port 0, using 2 lanes
In:    serial
Out:   serial
Err:   serial
Net:   RTL8169#0
Hit any key to stop autoboot:  2  0 
Tegra20 (TrimSlice) # 
Tegra20 (TrimSlice) # usb reset
resetting USB...
USB0:   USB EHCI 1.00
scanning bus 0 for devices... 3 USB Device(s) found
USB1:   USB EHCI 1.00
scanning bus 1 for devices... 1 USB Device(s) found
USB2:   lowlevel init failed
       scanning usb for storage devices... 0 Storage Device(s) found
       scanning usb for ethernet devices... 
Warning: asx0 using MAC address from net device
1 Ethernet Device(s) found
Tegra20 (TrimSlice) # setenv bootargs 'ignore_loglevel console=ttyS0,115200n8 rw root=PARTUUID=11eb23c1-01 rootwait gpt debug noinitrd earlyprintk init=/bin/bash'
Tegra20 (TrimSlice) # setenv ipaddr 192.168.100.103; setenv serverip 192.168.100.1; setenv tftpserverip 192.168.100.1
Tegra20 (TrimSlice) # tftpboot 0x00408000 zImage.multi_v7_defconfig
Using RTL8169#0 device
TFTP from server 192.168.100.1; our IP address is 192.168.100.103
Filename 'zImage.multi_v7_defconfig'.
Load address: 0x408000
Loading: *#################################################################
	 #################################################################
	 #################################################################
	 #################################################################
	 #################################################################
	 #################################################################
	 ####################################################
	 4.1 MiB/s
done
Bytes transferred = 6477152 (62d560 hex)
Tegra20 (TrimSlice) # tftpboot 0x02408000 tegra20-trimslice.dtb
Using RTL8169#0 device
TFTP from server 192.168.100.1; our IP address is 192.168.100.103
Filename 'tegra20-trimslice.dtb'.
Load address: 0x2408000
Loading: *##
	 3.4 MiB/s
done
Bytes transferred = 21130 (528a hex)
Tegra20 (TrimSlice) # bootz 0x00408000 - 0x02408000
Kernel image @ 0x408000 [ 0x000000 - 0x62d560 ]
## Flattened Device Tree blob at 02408000
   Booting using the fdt blob at 0x2408000
   Using Device Tree in place at 02408000, end 02410289

Starting kernel ...

[    0.000000] Booting Linux on physical CPU 0x0
[    0.000000] Linux version 4.3.0-75599-gbd4f203 (pwalmsley@tamien) (gcc version 4.7.3 20130328 (prerelease) (crosstool-NG linaro-1.13.1-4.7-2013.04-20130415 - Linaro GCC 2013.04) ) #1 SMP Thu Apr 28 03:02:22 PDT 2016
[    0.000000] CPU: ARMv7 Processor [411fc090] revision 0 (ARMv7), cr=10c5387d
[    0.000000] CPU: PIPT / VIPT nonaliasing data cache, VIPT aliasing instruction cache
[    0.000000] Machine model: Compulab TrimSlice board
[    0.000000] debug: ignoring loglevel setting.
[    0.000000] cma: Reserved 64 MiB at 0x3c000000
[    0.000000] Memory policy: Data cache writealloc
[    0.000000] On node 0 totalpages: 262144
[    0.000000] free_area_init_node: node 0, pgdat c0f982c0, node_mem_map ef7f8000
[    0.000000]   DMA zone: 1536 pages used for memmap
[    0.000000]   DMA zone: 0 pages reserved
[    0.000000]   DMA zone: 196608 pages, LIFO batch:31
[    0.000000]   HighMem zone: 65536 pages, LIFO batch:15
[    0.000000] PERCPU: Embedded 12 pages/cpu @ef7cb000 s19136 r8192 d21824 u49152
[    0.000000] pcpu-alloc: s19136 r8192 d21824 u49152 alloc=12*4096
[    0.000000] pcpu-alloc: [0] 0 [0] 1 
[    0.000000] Built 1 zonelists in Zone order, mobility grouping on.  Total pages: 260608
[    0.000000] Kernel command line: ignore_loglevel console=ttyS0,115200n8 rw root=PARTUUID=11eb23c1-01 rootwait gpt debug noinitrd earlyprintk init=/bin/bash
[    0.000000] PID hash table entries: 4096 (order: 2, 16384 bytes)
[    0.000000] Dentry cache hash table entries: 131072 (order: 7, 524288 bytes)
[    0.000000] Inode-cache hash table entries: 65536 (order: 6, 262144 bytes)
[    0.000000] Memory: 959568K/1048576K available (8156K kernel code, 1032K rwdata, 3660K rodata, 1040K init, 340K bss, 23472K reserved, 65536K cma-reserved, 196608K highmem)
[    0.000000] Virtual kernel memory layout:
[    0.000000]     vector  : 0xffff0000 - 0xffff1000   (   4 kB)
[    0.000000]     fixmap  : 0xffc00000 - 0xfff00000   (3072 kB)
[    0.000000]     vmalloc : 0xf0800000 - 0xff800000   ( 240 MB)
[    0.000000]     lowmem  : 0xc0000000 - 0xf0000000   ( 768 MB)
[    0.000000]     pkmap   : 0xbfe00000 - 0xc0000000   (   2 MB)
[    0.000000]     modules : 0xbf000000 - 0xbfe00000   (  14 MB)
[    0.000000]       .text : 0xc0208000 - 0xc0d932ac   (11821 kB)
[    0.000000]       .init : 0xc0d94000 - 0xc0e98000   (1040 kB)
[    0.000000]       .data : 0xc0e98000 - 0xc0f9a220   (1033 kB)
[    0.000000]        .bss : 0xc0f9d000 - 0xc0ff23a8   ( 341 kB)
[    0.000000] SLUB: HWalign=64, Order=0-3, MinObjects=0, CPUs=2, Nodes=1
[    0.000000] Hierarchical RCU implementation.
[    0.000000] 	Build-time adjustment of leaf fanout to 32.
[    0.000000] 	RCU restricting CPUs from NR_CPUS=16 to nr_cpu_ids=2.
[    0.000000] RCU: Adjusting geometry for rcu_fanout_leaf=32, nr_cpu_ids=2
[    0.000000] NR_IRQS:16 nr_irqs:16 16
[    0.000000] /interrupt-controller@60004000: 128 interrupts forwarded to /interrupt-controller@50041000
[    0.000000] L2C: platform modifies aux control register: 0x02080000 -> 0x3e480001
[    0.000000] L2C: DT/platform modifies aux control register: 0x02080000 -> 0x3e480001
[    0.000000] L2C-310 errata 727915 769419 enabled
[    0.000000] L2C-310 enabling early BRESP for Cortex-A9
[    0.000000] L2C-310: enabling full line of zeros but not enabled in Cortex-A9
[    0.000000] L2C-310 ID prefetch enabled, offset 1 lines
[    0.000000] L2C-310 cache controller enabled, 8 ways, 1024 kB
[    0.000000] L2C-310: CACHE_ID 0x410000c4, AUX_CTRL 0x7e480001
[    0.000010] sched_clock: 32 bits at 1000kHz, resolution 1000ns, wraps every 2147483647500ns
[    0.000026] clocksource: timer_us: mask: 0xffffffff max_cycles: 0xffffffff, max_idle_ns: 1911260446275 ns
[    0.000036] Switching to timer-based delay loop, resolution 1000ns
[    0.001475] Console: colour dummy device 80x30
[    0.001495] Calibrating delay loop (skipped), value calculated using timer frequency.. 2.00 BogoMIPS (lpj=5000)
[    0.001505] pid_max: default: 32768 minimum: 301
[    0.001591] Mount-cache hash table entries: 2048 (order: 1, 8192 bytes)
[    0.001600] Mountpoint-cache hash table entries: 2048 (order: 1, 8192 bytes)
[    0.002063] CPU: Testing write buffer coherency: ok
[    0.002243] CPU0: thread -1, cpu 0, socket 0, mpidr 80000000
[    0.002283] Setting up static identity map for 0x209000 - 0x209098
[    0.003653] Tegra Revision: A03 prime SKU: 8 CPU Process: 1 SoC Process: 2
[    0.004583] CPU1: thread -1, cpu 1, socket 0, mpidr 80000001
[    0.004640] Brought up 2 CPUs
[    0.004652] SMP: Total of 2 processors activated (4.00 BogoMIPS).
[    0.004657] CPU: All CPU(s) started in SVC mode.
[    0.005255] devtmpfs: initialized
[    0.009252] VFP support v0.3: implementor 41 architecture 3 part 30 variant 9 rev 1
[    0.009639] clocksource: jiffies: mask: 0xffffffff max_cycles: 0xffffffff, max_idle_ns: 9556302231375000 ns
[    0.012797] pinctrl core: initialized pinctrl subsystem
[    0.013971] NET: Registered protocol family 16
[    0.016031] DMA: preallocated 256 KiB pool for atomic coherent allocations
[    0.029926] cpuidle: using governor ladder
[    0.044925] cpuidle: using governor menu
[    0.055139] No ATAGs?
[    0.055167] hw-breakpoint: found 5 (+1 reserved) breakpoint and 1 watchpoint registers.
[    0.055175] hw-breakpoint: maximum watchpoint size is 4 bytes.
[    0.058031] Serial: AMBA PL011 UART driver
[    0.083284] usb1_vbus: Failed to request enable GPIO170: -517
[    0.083365] reg-fixed-voltage regulators:regulator@2: Failed to register regulator: -517
[    0.086881] vgaarb: loaded
[    0.087440] SCSI subsystem initialized
[    0.087567] libata version 3.00 loaded.
[    0.087777] usbcore: registered new interface driver usbfs
[    0.087832] usbcore: registered new interface driver hub
[    0.087872] usbcore: registered new device driver usb
[    0.089850] pps_core: LinuxPPS API ver. 1 registered
[    0.089859] pps_core: Software ver. 5.3.6 - Copyright 2005-2007 Rodolfo Giometti <giometti@linux.it>
[    0.089878] PTP clock support registered
[    0.090067] EDAC MC: Ver: 3.0.0
[    0.091863] clocksource: Switched to clocksource timer_us
[    0.099792] NET: Registered protocol family 2
[    0.100220] TCP established hash table entries: 8192 (order: 3, 32768 bytes)
[    0.100290] TCP bind hash table entries: 8192 (order: 4, 65536 bytes)
[    0.100396] TCP: Hash tables configured (established 8192 bind 8192)
[    0.100471] UDP hash table entries: 512 (order: 2, 16384 bytes)
[    0.100517] UDP-Lite hash table entries: 512 (order: 2, 16384 bytes)
[    0.100682] NET: Registered protocol family 1
[    0.100921] RPC: Registered named UNIX socket transport module.
[    0.100929] RPC: Registered udp transport module.
[    0.100934] RPC: Registered tcp transport module.
[    0.100940] RPC: Registered tcp NFSv4.1 backchannel transport module.
[    0.100959] PCI: CLS 0 bytes, default 64
[    0.101740] hw perfevents: enabled with armv7_cortex_a9 PMU driver, 7 counters available
[    0.102780] futex hash table entries: 512 (order: 3, 32768 bytes)
[    0.110895] squashfs: version 4.0 (2009/01/31) Phillip Lougher
[    0.111565] NFS: Registering the id_resolver key type
[    0.111598] Key type id_resolver registered
[    0.111604] Key type id_legacy registered
[    0.111656] ntfs: driver 2.1.32 [Flags: R/O].
[    0.112713] bounce: pool size: 64 pages
[    0.112885] Block layer SCSI generic (bsg) driver version 0.4 loaded (major 249)
[    0.112900] io scheduler noop registered
[    0.112911] io scheduler deadline registered
[    0.112940] io scheduler cfq registered (default)
[    0.122268] tegra-pcie 80003000.pcie-controller: dual-mode configuration
[    0.122850] tegra-pcie 80003000.pcie-controller: probing port 0, using 2 lanes
[    0.205306] tegra-pcie 80003000.pcie-controller: PCI host bridge to bus 0000:00
[    0.205319] pci_bus 0000:00: root bus resource [mem 0xa0000000-0xa7ffffff]
[    0.205328] pci_bus 0000:00: root bus resource [mem 0xa8000000-0xbfffffff pref]
[    0.205337] pci_bus 0000:00: root bus resource [bus 00-ff]
[    0.205346] pci_bus 0000:00: root bus resource [io  0x1000-0xffff]
[    0.205373] pci 0000:00:01.0: [10de:0bf0] type 01 class 0x060000
[    0.205430] pci 0000:00:01.0: PME# supported from D0 D1 D2 D3hot D3cold
[    0.205618] PCI: bus0: Fast back to back transfers disabled
[    0.205629] pci 0000:00:01.0: bridge configuration invalid ([bus 00-00]), reconfiguring
[    0.205766] pci 0000:01:00.0: [10ec:8168] type 00 class 0x020000
[    0.205804] pci 0000:01:00.0: reg 0x10: [io  0x0000-0x00ff]
[    0.205827] pci 0000:01:00.0: reg 0x18: [mem 0x00000000-0x00000fff 64bit pref]
[    0.205844] pci 0000:01:00.0: reg 0x20: [mem 0x00000000-0x00003fff 64bit pref]
[    0.205857] pci 0000:01:00.0: reg 0x30: [mem 0x00000000-0x0001ffff pref]
[    0.205917] pci 0000:01:00.0: supports D1 D2
[    0.205925] pci 0000:01:00.0: PME# supported from D0 D1 D2 D3hot D3cold
[    0.211905] PCI: bus1: Fast back to back transfers disabled
[    0.211918] pci_bus 0000:01: busn_res: [bus 01-ff] end is updated to 01
[    0.211930] Disabling cpuidle LP2 state, since PCIe IRQs are in use
[    0.211984] pci 0000:00:01.0: BAR 8: assigned [mem 0xa0000000-0xa00fffff]
[    0.211997] pci 0000:00:01.0: BAR 9: assigned [mem 0xa8000000-0xa80fffff 64bit pref]
[    0.212006] pci 0000:00:01.0: BAR 7: assigned [io  0x1000-0x1fff]
[    0.212018] pci 0000:01:00.0: BAR 6: assigned [mem 0xa0000000-0xa001ffff pref]
[    0.212029] pci 0000:01:00.0: BAR 4: assigned [mem 0xa8000000-0xa8003fff 64bit pref]
[    0.212046] pci 0000:01:00.0: BAR 2: assigned [mem 0xa8004000-0xa8004fff 64bit pref]
[    0.212062] pci 0000:01:00.0: BAR 0: assigned [io  0x1000-0x10ff]
[    0.212073] pci 0000:00:01.0: PCI bridge to [bus 01]
[    0.212082] pci 0000:00:01.0:   bridge window [io  0x1000-0x1fff]
[    0.212091] pci 0000:00:01.0:   bridge window [mem 0xa0000000-0xa00fffff]
[    0.212100] pci 0000:00:01.0:   bridge window [mem 0xa8000000-0xa80fffff 64bit pref]
[    0.212119] pci 0000:00:01.0: nv_msi_ht_cap_quirk didn't locate host bridge
[    0.212184] pcieport 0000:00:01.0: enabling device (0140 -> 0143)
[    0.212336] pcieport 0000:00:01.0: Signaling PME through PCIe PME interrupt
[    0.212344] pci 0000:01:00.0: Signaling PME through PCIe PME interrupt
[    0.212354] pcie_pme 0000:00:01.0:pcie01: service driver pcie_pme loaded
[    0.215978] tegra-apbdma 6000a000.dma: Tegra20 APB DMA driver register 16 channels
[    0.264766] Serial: 8250/16550 driver, 4 ports, IRQ sharing disabled
[    0.266575] SuperH (H)SCI(F) driver initialized
[    0.267285] msm_serial: driver initialized
[    0.267953] console [ttyS0] disabled
[    0.267987] 70006000.serial: ttyS0 at MMIO 0x70006000 (irq = 279, base_baud = 13500000) is a Tegra
[    1.217011] console [ttyS0] enabled
[    1.221048] STMicroelectronics ASC driver initialized
[    1.227723] [drm] Initialized drm 1.1.0 20060810
[    1.234011] 54280000.hdmi supply hdmi not found, using dummy regulator
[    1.243214] [drm] Supports vblank timestamp caching Rev 2 (21.10.2013).
[    1.249828] [drm] No driver support for vblank timestamp query.
[    1.255761] drm drm: No connectors reported connected with modes
[    1.261764] [drm] Cannot find any crtc or sizes - going 1024x768
[    1.283808] Console: switching to colour frame buffer device 128x48
[    1.298474] drm drm: fb0:  frame buffer device
[    1.316869] [drm] Initialized tegra 0.0.0 20120330 on minor 0
[    1.327789] loop: module loaded
[    1.335541] m25p80 spi32766.0: found s25fl008k, expected w25q80bl
[    1.341677] m25p80 spi32766.0: s25fl008k (1024 Kbytes)
[    1.346818] spi32766.0: 'partitions' subnode not found on /spi@7000c380/spi-flash@0. Trying to parse direct subnodes as partitions.
[    1.360931] CAN device driver interface
[    1.365734] igb: Intel(R) Gigabit Ethernet Network Driver - version 5.3.0-k
[    1.372695] igb: Copyright (c) 2007-2014 Intel Corporation.
[    1.378799] r8169 Gigabit Ethernet driver 2.3LK-NAPI loaded
[    1.384396] r8169 0000:01:00.0: enabling device (0140 -> 0143)
[    1.390987] r8169 0000:01:00.0 eth0: RTL8168d/8111d at 0xf085e000, 00:01:c0:13:7d:63, XID 081000c0 IRQ 296
[    1.400644] r8169 0000:01:00.0 eth0: jumbo features [frames: 9200 bytes, tx checksumming: ko]
[    1.411023] pegasus: v0.9.3 (2013/04/25), Pegasus/Pegasus II USB Ethernet driver
[    1.418479] usbcore: registered new interface driver pegasus
[    1.424199] usbcore: registered new interface driver asix
[    1.429642] usbcore: registered new interface driver ax88179_178a
[    1.435776] usbcore: registered new interface driver cdc_ether
[    1.441666] usbcore: registered new interface driver smsc75xx
[    1.447470] usbcore: registered new interface driver smsc95xx
[    1.453256] usbcore: registered new interface driver net1080
[    1.458954] usbcore: registered new interface driver cdc_subset
[    1.464912] usbcore: registered new interface driver zaurus
[    1.470562] usbcore: registered new interface driver cdc_ncm
[    1.476516] tegra-phy c5004000.usb-phy: no vbus regulator
[    1.483019] tegra-phy c5008000.usb-phy: no vbus regulator
[    1.489559] ehci_hcd: USB 2.0 'Enhanced' Host Controller (EHCI) Driver
[    1.496092] ehci-pci: EHCI PCI platform driver
[    1.500573] ehci-platform: EHCI generic platform driver
[    1.505951] ehci-omap: OMAP-EHCI Host Controller driver
[    1.511280] ehci-orion: EHCI orion driver
[    1.515391] SPEAr-ehci: EHCI SPEAr driver
[    1.519508] ehci-st: EHCI STMicroelectronics driver
[    1.524488] ehci-exynos: EHCI EXYNOS driver
[    1.528788] ehci-atmel: EHCI Atmel driver
[    1.532909] tegra-ehci: Tegra EHCI driver
[    1.558067] ulpi_phy_power_on: ulpi write failed
[    1.562687] tegra-ehci c5004000.usb: Failed to power on the phy
[    1.568615] tegra-ehci: probe of c5004000.usb failed with error -110
[    1.577600] tegra-ehci c5008000.usb: EHCI Host Controller
[    1.583018] tegra-ehci c5008000.usb: new USB bus registered, assigned bus number 1
[    1.590825] tegra-ehci c5008000.usb: irq 290, io mem 0xc5008000
[    1.601878] tegra-ehci c5008000.usb: USB 2.0 started, EHCI 1.00
[    1.608388] hub 1-0:1.0: USB hub found
[    1.612167] hub 1-0:1.0: 1 port detected
[    1.616393] ohci_hcd: USB 1.1 'Open' Host Controller (OHCI) Driver
[    1.622587] ohci-pci: OHCI PCI platform driver
[    1.627076] ohci-platform: OHCI generic platform driver
[    1.632449] ohci-omap3: OHCI OMAP3 driver
[    1.636551] SPEAr-ohci: OHCI SPEAr driver
[    1.640665] ohci-st: OHCI STMicroelectronics driver
[    1.645642] ohci-atmel: OHCI Atmel driver
[    1.650063] usbcore: registered new interface driver usb-storage
[    1.657218] mousedev: PS/2 mouse device common for all mice
[    1.664856] rtc-em3027 2-0056: rtc core: registered rtc-em3027 as rtc0
[    1.672552] tegra_rtc 7000e000.rtc: rtc core: registered 7000e000.rtc as rtc1
[    1.679714] tegra_rtc 7000e000.rtc: Tegra internal Real Time Clock
[    1.686318] i2c /dev entries driver
[    1.696280] sdhci: Secure Digital Host Controller Interface driver
[    1.702464] sdhci: Copyright(c) Pierre Ossman
[    1.707997] Synopsys Designware Multimedia Card Interface Driver
[    1.714843] sdhci-pltfm: SDHCI platform and OF driver helper
[    1.721356] sdhci-tegra c8000000.sdhci: No vmmc regulator found
[    1.727286] sdhci-tegra c8000000.sdhci: No vqmmc regulator found
[    1.733293] mmc0: Invalid maximum block size, assuming 512 bytes
[    1.766881] mmc0: SDHCI controller on c8000000.sdhci [c8000000.sdhci] using ADMA
[    1.774372] sdhci-tegra c8000600.sdhci: Got CD GPIO
[    1.779273] sdhci-tegra c8000600.sdhci: Got WP GPIO
[    1.784286] sdhci-tegra c8000600.sdhci: No vmmc regulator found
[    1.790219] sdhci-tegra c8000600.sdhci: No vqmmc regulator found
[    1.796230] mmc1: Invalid maximum block size, assuming 512 bytes
[    1.831952] mmc1: SDHCI controller on c8000600.sdhci [c8000600.sdhci] using ADMA
[    1.840332] ledtrig-cpu: registered to indicate activity on CPUs
[    1.846515] usbcore: registered new interface driver usbhid
[    1.852088] usbhid: USB HID core driver
[    1.859514] NET: Registered protocol family 10
[    1.864650] sit: IPv6 over IPv4 tunneling driver
[    1.869758] NET: Registered protocol family 17
[    1.874235] can: controller area network core (rev 20120528 abi 9)
[    1.880475] NET: Registered protocol family 29
[    1.884937] can: raw protocol (rev 20120528)
[    1.889218] can: broadcast manager protocol (rev 20120528 t)
[    1.894886] can: netlink gateway (rev 20130117) max_hops=1
[    1.900689] Key type dns_resolver registered
[    1.905324] ThumbEE CPU extension supported.
[    1.909617] Registering SWP/SWPB emulation handler
[    1.918949] utmi_phy_clk_enable: timeout waiting for phy to stabilize
[    1.925418] tegra-ehci c5000000.usb: EHCI Host Controller
[    1.930840] tegra-ehci c5000000.usb: new USB bus registered, assigned bus number 2
[    1.938730] tegra-ehci c5000000.usb: irq 288, io mem 0xc5000000
[    1.951865] mmc0: host does not support reading read-only switch, assuming write-enable
[    1.961818] mmc0: new high speed SDHC card at address b368
[    1.966887] usb 1-1: new high-speed USB device number 2 using tegra-ehci
[    1.974338] mmcblk0: mmc0:b368 NCard 3.70 GiB 
[    1.980634]  mmcblk0: p1
[    1.981883] tegra-ehci c5000000.usb: USB 2.0 started, EHCI 1.00
[    1.989407] hub 2-0:1.0: USB hub found
[    1.993204] hub 2-0:1.0: 1 port detected
[    1.998049] input: gpio-keys as /devices/soc0/gpio-keys/input/input0
[    2.004960] rtc-em3027 2-0056: setting system clock to 2014-12-29 16:59:25 UTC (1419872365)
[    2.018823] EXT4-fs (mmcblk0p1): mounting ext3 file system using the ext4 subsystem
[    2.111455] mmc1: new high speed SD card at address b368
[    2.113024] hub 1-1:1.0: USB hub found
[    2.113219] hub 1-1:1.0: 4 ports detected
[    2.124949] mmcblk1: mmc1:b368 NCard 1.83 GiB (ro)
[    2.132134]  mmcblk1: p1 p2
[    2.253742] EXT4-fs (mmcblk0p1): recovery complete
[    2.329947] EXT4-fs (mmcblk0p1): mounted filesystem with ordered data mode. Opts: (null)
[    2.338167] VFS: Mounted root (ext3 filesystem) on device 179:1.
[    2.354020] devtmpfs: mounted
[    2.359297] Freeing unused kernel memory: 1040K (c0d94000 - c0e98000)
[    2.396950] usb 1-1.2: new high-speed USB device number 3 using tegra-ehci
bash: cannot set terminal process group (-1): Inappropriate ioctl for device
bash: no job control in this shell
root@(none):/# mount -t sysfs none /sys
root@(none):/# 
root@(none):/# mount -t debugfs none /sys/kernel/debug
root@(none):/# 
root@(none):/# rtcwake -d rtc1 -m mem -s 3
rtcwake: assuming RTC uses UTC ...
rtcwake: wakeup from "mem" using /dev/rtc1 at Thu Jan  1 00:00:22 1970
[    6.959659] PM: Syncing filesystems ... done.
[    7.005946] Freezing user space processes ... (elapsed 0.001 seconds) done.
[    7.014396] Freezing remaining freezable tasks ... (elapsed 0.001 seconds) done.
[    7.023330] Suspending console(s) (use no_console_suspend to debug)
[    7.059204] PM: suspend of devices complete after 26.718 msecs
[    7.063914] PM: late suspend of devices complete after 4.679 msecs
[    7.082510] PM: noirq suspend of devices complete after 18.564 msecs
[    7.082520] Disabling non-boot CPUs ...
[    7.084280] CPU1: shutdown
[    7.099902] Entering suspend state LP1
[    7.099951] Enabling non-boot CPUs ...
[    7.126007] CPU1 is up
[    7.126910] pcieport 0000:00:01.0: nv_msi_ht_cap_quirk didn't locate host bridge
[    7.142427] PM: noirq resume of devices complete after 16.385 msecs
[    7.146988] PM: early resume of devices complete after 3.822 msecs
[    7.261353] PM: resume of devices complete after 114.333 msecs
[    7.322861] Restarting tasks ... done.
root@(none):/# 
root@(none):/# rtcwake -d rtc1 -m mem -s 3
rtcwake: assuming RTC uses UTC ...
rtcwake: wakeup from "mem" using /dev/rtc1 at Thu Jan  1 00:00:26 1970
[    7.926658] PM: Syncing filesystems ... done.
[    7.971975] Freezing user space processes ... (elapsed 0.001 seconds) done.
[    7.980390] Freezing remaining freezable tasks ... (elapsed 0.001 seconds) done.
[    7.989398] Suspending console(s) (use no_console_suspend to debug)
[    8.023672] PM: suspend of devices complete after 25.178 msecs
[    8.028318] PM: late suspend of devices complete after 4.615 msecs
[    8.047460] PM: noirq suspend of devices complete after 19.111 msecs
[    8.047470] Disabling non-boot CPUs ...
[    8.049123] CPU1: shutdown
[    8.074888] Entering suspend state LP1
[    8.074938] Enabling non-boot CPUs ...
[    8.100987] CPU1 is up
[    8.102140] pcieport 0000:00:01.0: nv_msi_ht_cap_quirk didn't locate host bridge
[    8.117374] PM: noirq resume of devices complete after 16.353 msecs
[    8.121873] PM: early resume of devices complete after 3.782 msecs
[    8.236235] PM: resume of devices complete after 114.330 msecs
[    8.297711] Restarting tasks ... done.
root@(none):/# 
root@(none):/# rtcwake -d rtc1 -m mem -s 3
rtcwake: assuming RTC uses UTC ...
rtcwake: wakeup from "mem" using /dev/rtc1 at Thu Jan  1 00:00:30 1970
[    8.901588] PM: Syncing filesystems ... done.
[    8.946913] Freezing user space processes ... (elapsed 0.001 seconds) done.
[    8.955186] Freezing remaining freezable tasks ... (elapsed 0.001 seconds) done.
[    8.963870] Suspending console(s) (use no_console_suspend to debug)
[    8.998545] PM: suspend of devices complete after 26.973 msecs
[    9.003429] PM: late suspend of devices complete after 4.851 msecs
[    9.022405] PM: noirq suspend of devices complete after 18.944 msecs
[    9.022415] Disabling non-boot CPUs ...
[    9.024081] CPU1: shutdown
[    9.049786] Entering suspend state LP1
[    9.049836] Enabling non-boot CPUs ...
[    9.075865] CPU1 is up
[    9.077028] pcieport 0000:00:01.0: nv_msi_ht_cap_quirk didn't locate host bridge
[    9.092299] PM: noirq resume of devices complete after 16.401 msecs
[    9.096636] PM: early resume of devices complete after 3.612 msecs
[    9.211230] PM: resume of devices complete after 114.563 msecs
[    9.272696] Restarting tasks ... done.
root@(none):/# 
root@(none):/# rtcwake -d rtc1 -m mem -s 3
rtcwake: assuming RTC uses UTC ...
rtcwake: wakeup from "mem" using /dev/rtc1 at Thu Jan  1 00:00:34 1970
[    9.876478] PM: Syncing filesystems ... done.
[    9.921737] Freezing user space processes ... (elapsed 0.001 seconds) done.
[    9.930155] Freezing remaining freezable tasks ... (elapsed 0.001 seconds) done.
[    9.939156] Suspending console(s) (use no_console_suspend to debug)
[    9.973793] PM: suspend of devices complete after 25.544 msecs
[    9.978412] PM: late suspend of devices complete after 4.588 msecs
[    9.997361] PM: noirq suspend of devices complete after 18.920 msecs
[    9.997372] Disabling non-boot CPUs ...
[    9.999144] CPU1: shutdown
[   10.014729] Entering suspend state LP1
[   10.014779] Enabling non-boot CPUs ...
[   10.040844] CPU1 is up
[   10.042357] pcieport 0000:00:01.0: nv_msi_ht_cap_quirk didn't locate host bridge
[   10.057288] PM: noirq resume of devices complete after 16.411 msecs
[   10.061467] PM: early resume of devices complete after 3.445 msecs
[   10.176098] PM: resume of devices complete after 114.600 msecs
[   10.237555] Restarting tasks ... done.
root@(none):/# 
root@(none):/# rtcwake -d rtc1 -m mem -s 3
rtcwake: assuming RTC uses UTC ...
rtcwake: wakeup from "mem" using /dev/rtc1 at Thu Jan  1 00:00:38 1970
[   10.841558] PM: Syncing filesystems ... done.
[   10.886888] Freezing user space processes ... (elapsed 0.001 seconds) done.
[   10.895314] Freezing remaining freezable tasks ... (elapsed 0.001 seconds) done.
[   10.904323] Suspending console(s) (use no_console_suspend to debug)
[   10.938130] PM: suspend of devices complete after 24.709 msecs
[   10.942730] PM: late suspend of devices complete after 4.567 msecs
[   10.957281] PM: noirq suspend of devices complete after 14.521 msecs
[   10.957292] Disabling non-boot CPUs ...
[   10.959013] CPU1: shutdown
[   10.984675] Entering suspend state LP1
[   10.984724] Enabling non-boot CPUs ...
[   11.010788] CPU1 is up
[   11.012027] pcieport 0000:00:01.0: nv_msi_ht_cap_quirk didn't locate host bridge
[   11.027221] PM: noirq resume of devices complete after 16.400 msecs
[   11.031446] PM: early resume of devices complete after 3.508 msecs
[   11.146094] PM: resume of devices complete after 114.617 msecs
[   11.207545] Restarting tasks ... done.
root@(none):/# 
root@(none):/# rtcwake -d rtc1 -m mem -s 3
rtcwake: assuming RTC uses UTC ...
rtcwake: wakeup from "mem" using /dev/rtc1 at Thu Jan  1 00:00:42 1970
[   11.811456] PM: Syncing filesystems ... done.
[   11.856694] Freezing user space processes ... (elapsed 0.001 seconds) done.
[   11.865121] Freezing remaining freezable tasks ... (elapsed 0.001 seconds) done.
[   11.874131] Suspending console(s) (use no_console_suspend to debug)
[   11.908829] PM: suspend of devices complete after 25.573 msecs
[   11.913453] PM: late suspend of devices complete after 4.592 msecs
[   11.932241] PM: noirq suspend of devices complete after 18.756 msecs
[   11.932252] Disabling non-boot CPUs ...
[   11.933979] CPU1: shutdown
[   11.959607] Entering suspend state LP1
[   11.959658] Enabling non-boot CPUs ...
[   11.985709] CPU1 is up
[   11.987267] pcieport 0000:00:01.0: nv_msi_ht_cap_quirk didn't locate host bridge
[   12.002160] PM: noirq resume of devices complete after 16.415 msecs
[   12.006307] PM: early resume of devices complete after 3.408 msecs
[   12.120972] PM: resume of devices complete after 114.634 msecs
[   12.182427] Restarting tasks ... done.
root@(none):/# 
root@(none):/# rtcwake -d rtc1 -m mem -s 3
rtcwake: assuming RTC uses UTC ...
rtcwake: wakeup from "mem" using /dev/rtc1 at Thu Jan  1 00:00:46 1970
[   12.786348] PM: Syncing filesystems ... done.
[   12.831672] Freezing user space processes ... (elapsed 0.001 seconds) done.
[   12.840005] Freezing remaining freezable tasks ... (elapsed 0.001 seconds) done.
[   12.848827] Suspending console(s) (use no_console_suspend to debug)
[   12.883477] PM: suspend of devices complete after 26.345 msecs
[   12.888149] PM: late suspend of devices complete after 4.642 msecs
[   12.907171] PM: noirq suspend of devices complete after 18.992 msecs
[   12.907182] Disabling non-boot CPUs ...
[   12.908907] CPU1: shutdown
[   12.934539] Entering suspend state LP1
[   12.934589] Enabling non-boot CPUs ...
[   12.960653] CPU1 is up
[   12.962141] pcieport 0000:00:01.0: nv_msi_ht_cap_quirk didn't locate host bridge
[   12.977160] PM: noirq resume of devices complete after 16.474 msecs
[   12.981661] PM: early resume of devices complete after 3.764 msecs
[   13.095905] PM: resume of devices complete after 114.212 msecs
[   13.157378] Restarting tasks ... done.
root@(none):/# 
root@(none):/# rtcwake -d rtc1 -m mem -s 3
rtcwake: assuming RTC uses UTC ...
rtcwake: wakeup from "mem" using /dev/rtc1 at Thu Jan  1 00:00:50 1970
[   13.761212] PM: Syncing filesystems ... done.
[   13.806554] Freezing user space processes ... (elapsed 0.001 seconds) done.
[   13.814973] Freezing remaining freezable tasks ... (elapsed 0.001 seconds) done.
[   13.823983] Suspending console(s) (use no_console_suspend to debug)
[   13.858741] PM: suspend of devices complete after 25.665 msecs
[   13.863386] PM: late suspend of devices complete after 4.614 msecs
[   13.882084] PM: noirq suspend of devices complete after 18.667 msecs
[   13.882094] Disabling non-boot CPUs ...
[   13.883823] CPU1: shutdown
[   13.899471] Entering suspend state LP1
[   13.899520] Enabling non-boot CPUs ...
[   13.925600] CPU1 is up
[   13.926321] pcieport 0000:00:01.0: nv_msi_ht_cap_quirk didn't locate host bridge
[   13.942016] PM: noirq resume of devices complete after 16.383 msecs
[   13.946271] PM: early resume of devices complete after 3.536 msecs
[   14.060863] PM: resume of devices complete after 114.559 msecs
[   14.122332] Restarting tasks ... done.
root@(none):/# 
root@(none):/# rtcwake -d rtc1 -m mem -s 3
rtcwake: assuming RTC uses UTC ...
rtcwake: wakeup from "mem" using /dev/rtc1 at Thu Jan  1 00:00:54 1970
[   14.726022] PM: Syncing filesystems ... done.
[   14.771195] Freezing user space processes ... (elapsed 0.001 seconds) done.
[   14.779680] Freezing remaining freezable tasks ... (elapsed 0.001 seconds) done.
[   14.788695] Suspending console(s) (use no_console_suspend to debug)
[   14.822899] PM: suspend of devices complete after 25.114 msecs
[   14.827535] PM: late suspend of devices complete after 4.604 msecs
[   14.841987] PM: noirq suspend of devices complete after 14.422 msecs
[   14.841998] Disabling non-boot CPUs ...
[   14.843767] CPU1: shutdown
[   14.859434] Entering suspend state LP1
[   14.859484] Enabling non-boot CPUs ...
[   14.885536] CPU1 is up
[   14.886387] pcieport 0000:00:01.0: nv_msi_ht_cap_quirk didn't locate host bridge
[   14.902008] PM: noirq resume of devices complete after 16.438 msecs
[   14.906292] PM: early resume of devices complete after 3.566 msecs
[   15.020789] PM: resume of devices complete after 114.394 msecs
[   15.082252] Restarting tasks ... done.
root@(none):/# 
root@(none):/# rtcwake -d rtc1 -m mem -s 3
rtcwake: assuming RTC uses UTC ...
rtcwake: wakeup from "mem" using /dev/rtc1 at Thu Jan  1 00:00:58 1970
[   15.686157] PM: Syncing filesystems ... done.
[   15.731393] Freezing user space processes ... (elapsed 0.001 seconds) done.
[   15.739817] Freezing remaining freezable tasks ... (elapsed 0.001 seconds) done.
[   15.748828] Suspending console(s) (use no_console_suspend to debug)
[   15.783651] PM: suspend of devices complete after 25.724 msecs
[   15.788227] PM: late suspend of devices complete after 4.545 msecs
[   15.806973] PM: noirq suspend of devices complete after 18.716 msecs
[   15.806984] Disabling non-boot CPUs ...
[   15.808722] CPU1: shutdown
[   15.834362] Entering suspend state LP1
[   15.834413] Enabling non-boot CPUs ...
[   15.860431] CPU1 is up
[   15.861176] pcieport 0000:00:01.0: nv_msi_ht_cap_quirk didn't locate host bridge
[   15.876933] PM: noirq resume of devices complete after 16.467 msecs
[   15.881409] PM: early resume of devices complete after 3.754 msecs
[   15.995793] PM: resume of devices complete after 114.352 msecs
[   16.057245] Restarting tasks ... done.
root@(none):/# 
root@(none):/# NVTB SYSTEM SUSPEND TEST COMPLETE
