
U-Boot SPL 2014.01-00219-gc4d376f (Feb 18 2014 - 19:57:32)


U-Boot 2014.01-00219-gc4d376f (Feb 18 2014 - 19:57:32)

TEGRA114
Board: NVIDIA Dalmore
I2C:   ready
DRAM:  2 GiB
MMC:   Tegra SD/MMC: 0, Tegra SD/MMC: 1
In:    serial
Out:   serial
Err:   serial
Net:   Net Initialization Skipped
No ethernet found.
Hit any key to stop autoboot:  2  0 
Tegra114 (Dalmore) # 
Tegra114 (Dalmore) # usb reset
(Re)start USB...
USB0:   USB EHCI 1.10
scanning bus 0 for devices... 2 USB Device(s) found
       scanning usb for storage devices... 0 Storage Device(s) found
       scanning usb for ethernet devices... 
Warning: asx0 using MAC address from net device
1 Ethernet Device(s) found
Tegra114 (Dalmore) # setenv bootargs 'ignore_loglevel console=ttyS0,115200n8 rw root=PARTUUID=7369c667-ff51-ec4a-29cd-baabf2fbe346 rootwait gpt debug earlyprintk init=/bin/bash'
Tegra114 (Dalmore) # setenv ipaddr 192.168.100.100; setenv serverip 192.168.100.1; setenv tftpserverip 192.168.100.1
Tegra114 (Dalmore) # tftpboot 0x81000000 zImage.multi_v7_defconfig
Using asx0 device
TFTP from server 192.168.100.1; our IP address is 192.168.100.100
Filename 'zImage.multi_v7_defconfig'.
Load address: 0x81000000
Loading: *#################################################################
	 #################################################################
	 #################################################################
	 #################################################################
	 #################################################################
	 #################################################################
	 #################################################################
	 #########################
	 2.9 MiB/s
done
Bytes transferred = 7043696 (6b7a70 hex)
Tegra114 (Dalmore) # tftpboot 0x82000000 tegra114-dalmore.dtb
Using asx0 device
TFTP from server 192.168.100.1; our IP address is 192.168.100.100
Filename 'tegra114-dalmore.dtb'.
Load address: 0x82000000
Loading: *###
	 3 MiB/s
done
Bytes transferred = 34956 (888c hex)
Tegra114 (Dalmore) # bootz 0x81000000 - 0x82000000
Kernel image @ 0x81000000 [ 0x000000 - 0x6b7a70 ]
## Flattened Device Tree blob at 82000000
   Booting using the fdt blob at 0x82000000
   Loading Device Tree to 8fff4000, end 8ffff88b ... OK

Starting kernel ...

[    0.000000] Booting Linux on physical CPU 0x0
[    0.000000] Linux version 4.6.0-rc5-next-20160428-114809-gef413b9 (pwalmsley@tamien) (gcc version 4.7.3 20130328 (prerelease) (crosstool-NG linaro-1.13.1-4.7-2013.04-20130415 - Linaro GCC 2013.04) ) #1 SMP Thu Apr 28 04:23:30 PDT 2016
[    0.000000] CPU: ARMv7 Processor [412fc0f2] revision 2 (ARMv7), cr=10c5387d
[    0.000000] CPU: div instructions available: patching division code
[    0.000000] CPU: PIPT / VIPT nonaliasing data cache, PIPT instruction cache
[    0.000000] Machine model: NVIDIA Tegra114 Dalmore evaluation board
[    0.000000] debug: ignoring loglevel setting.
[    0.000000] cma: Reserved 64 MiB at 0xfb800000
[    0.000000] Memory policy: Data cache writealloc
[    0.000000] On node 0 totalpages: 524032
[    0.000000] free_area_init_node: node 0, pgdat c1418040, node_mem_map eeff8000
[    0.000000]   DMA zone: 1536 pages used for memmap
[    0.000000]   DMA zone: 0 pages reserved
[    0.000000]   DMA zone: 196608 pages, LIFO batch:31
[    0.000000]   HighMem zone: 327424 pages, LIFO batch:31
[    0.000000] percpu: Embedded 13 pages/cpu @eef9f000 s23744 r8192 d21312 u53248
[    0.000000] pcpu-alloc: s23744 r8192 d21312 u53248 alloc=13*4096
[    0.000000] pcpu-alloc: [0] 0 [0] 1 [0] 2 [0] 3 
[    0.000000] Built 1 zonelists in Zone order, mobility grouping on.  Total pages: 522496
[    0.000000] Kernel command line: ignore_loglevel console=ttyS0,115200n8 rw root=PARTUUID=7369c667-ff51-ec4a-29cd-baabf2fbe346 rootwait gpt debug earlyprintk init=/bin/bash
[    0.000000] PID hash table entries: 4096 (order: 2, 16384 bytes)
[    0.000000] Dentry cache hash table entries: 131072 (order: 7, 524288 bytes)
[    0.000000] Inode-cache hash table entries: 65536 (order: 6, 262144 bytes)
[    0.000000] Memory: 1995132K/2096128K available (9527K kernel code, 1128K rwdata, 4184K rodata, 2048K init, 338K bss, 35460K reserved, 65536K cma-reserved, 1244160K highmem)
[    0.000000] Virtual kernel memory layout:
[    0.000000]     vector  : 0xffff0000 - 0xffff1000   (   4 kB)
[    0.000000]     fixmap  : 0xffc00000 - 0xfff00000   (3072 kB)
[    0.000000]     vmalloc : 0xf0800000 - 0xff800000   ( 240 MB)
[    0.000000]     lowmem  : 0xc0000000 - 0xf0000000   ( 768 MB)
[    0.000000]     pkmap   : 0xbfe00000 - 0xc0000000   (   2 MB)
[    0.000000]     modules : 0xbf000000 - 0xbfe00000   (  14 MB)
[    0.000000]       .text : 0xc0208000 - 0xc1063fe4   (14704 kB)
[    0.000000]       .init : 0xc1100000 - 0xc1300000   (2048 kB)
[    0.000000]       .data : 0xc1300000 - 0xc141a080   (1129 kB)
[    0.000000]        .bss : 0xc141c000 - 0xc1470a98   ( 339 kB)
[    0.000000] SLUB: HWalign=64, Order=0-3, MinObjects=0, CPUs=4, Nodes=1
[    0.000000] Hierarchical RCU implementation.
[    0.000000] 	Build-time adjustment of leaf fanout to 32.
[    0.000000] 	RCU restricting CPUs from NR_CPUS=16 to nr_cpu_ids=4.
[    0.000000] RCU: Adjusting geometry for rcu_fanout_leaf=32, nr_cpu_ids=4
[    0.000000] NR_IRQS:16 nr_irqs:16 16
[    0.000000] /interrupt-controller@60004000: 160 interrupts forwarded to /interrupt-controller@50041000
[    0.000000] Tegra clk 127: register failed with -17
[    0.000008] sched_clock: 32 bits at 1000kHz, resolution 1000ns, wraps every 2147483647500ns
[    0.000026] clocksource: timer_us: mask: 0xffffffff max_cycles: 0xffffffff, max_idle_ns: 1911260446275 ns
[    0.000041] Switching to timer-based delay loop, resolution 1000ns
[    0.003213] Architected cp15 timer(s) running at 12.00MHz (virt).
[    0.003231] clocksource: arch_sys_counter: mask: 0xffffffffffffff max_cycles: 0x2c47f4ee7, max_idle_ns: 440795202497 ns
[    0.003249] sched_clock: 56 bits at 12MHz, resolution 83ns, wraps every 4398046511096ns
[    0.003262] Switching to timer-based delay loop, resolution 83ns
[    0.003649] Console: colour dummy device 80x30
[    0.003677] Calibrating delay loop (skipped), value calculated using timer frequency.. 24.00 BogoMIPS (lpj=60000)
[    0.003692] pid_max: default: 32768 minimum: 301
[    0.003788] Mount-cache hash table entries: 2048 (order: 1, 8192 bytes)
[    0.003800] Mountpoint-cache hash table entries: 2048 (order: 1, 8192 bytes)
[    0.004418] CPU: Testing write buffer coherency: ok
[    0.004636] /cpus/cpu@0 missing clock-frequency property
[    0.004666] /cpus/cpu@1 missing clock-frequency property
[    0.004695] /cpus/cpu@2 missing clock-frequency property
[    0.004725] /cpus/cpu@3 missing clock-frequency property
[    0.004737] CPU0: thread -1, cpu 0, socket 0, mpidr 80000000
[    0.004758] Setting up static identity map for 0x80300000 - 0x80300098
[    0.007224] Tegra Revision: A01 SKU: 0 CPU Process: 1 SoC Process: 0
[    0.008647] CPU1: thread -1, cpu 1, socket 0, mpidr 80000001
[    0.009360] CPU2: thread -1, cpu 2, socket 0, mpidr 80000002
[    0.010050] CPU3: thread -1, cpu 3, socket 0, mpidr 80000003
[    0.010139] Brought up 4 CPUs
[    0.010160] SMP: Total of 4 processors activated (96.00 BogoMIPS).
[    0.010169] CPU: All CPU(s) started in SVC mode.
[    0.011646] devtmpfs: initialized
[    0.022574] VFP support v0.3: implementor 41 architecture 4 part 30 variant f rev 0
[    0.023120] clocksource: jiffies: mask: 0xffffffff max_cycles: 0xffffffff, max_idle_ns: 9556302231375000 ns
[    0.024506] pinctrl core: initialized pinctrl subsystem
[    0.026056] NET: Registered protocol family 16
[    0.028085] DMA: preallocated 256 KiB pool for atomic coherent allocations
[    0.043142] cpuidle: using governor menu
[    0.058641] No ATAGs?
[    0.058670] hw-breakpoint: found 5 (+1 reserved) breakpoint and 4 watchpoint registers.
[    0.058681] hw-breakpoint: maximum watchpoint size is 8 bytes.
[    0.063661] Serial: AMBA PL011 UART driver
[    0.065043] tegra-mc 70019000.memory-controller: no memory timings for RAM code 3 registered
[    0.092612] dvdd_ts: Failed to request enable GPIO61: -517
[    0.092629] reg-fixed-voltage regulators:regulator@1: Failed to register regulator: -517
[    0.092726] usb1_vbus: Failed to request enable GPIO108: -517
[    0.092741] reg-fixed-voltage regulators:regulator@3: Failed to register regulator: -517
[    0.092835] usb2_vbus: Failed to request enable GPIO86: -517
[    0.092849] reg-fixed-voltage regulators:regulator@4: Failed to register regulator: -517
[    0.093291] VDD_5V0_HDMI_CON: Failed to request enable GPIO81: -517
[    0.093305] reg-fixed-voltage regulators:regulator@7: Failed to register regulator: -517
[    0.096057] vgaarb: loaded
[    0.096861] SCSI subsystem initialized
[    0.097029] libata version 3.00 loaded.
[    0.097335] usbcore: registered new interface driver usbfs
[    0.097405] usbcore: registered new interface driver hub
[    0.097485] usbcore: registered new device driver usb
[    0.101143] tps65090 2-0048: No cache defaults, reading back from HW
[    0.103051] TPS65090_RAILSDCDC1: supplied by vdd_ac_bat
[    0.103593] vdd_hdmi_5v0: supplied by vdd-sys-5v0
[    0.104363] TPS65090_RAILSDCDC2: supplied by vdd_ac_bat
[    0.105446] TPS65090_RAILSDCDC3: supplied by vdd_ac_bat
[    0.105984] TPS65090_RAILSFET1: supplied by vdd_ac_bat
[    0.106373] TPS65090_RAILSFET2: supplied by vdd_ac_bat
[    0.106752] TPS65090_RAILSFET3: supplied by vdd-sys-3v3
[    0.107284] TPS65090_RAILSFET4: supplied by vdd-sys-3v3
[    0.107825] TPS65090_RAILSFET5: supplied by vdd-sys-3v3
[    0.108382] TPS65090_RAILSFET6: supplied by vdd-sys-3v3
[    0.109223] TPS65090_RAILSFET7: supplied by vdd-sys-3v3
[    0.109772] TPS65090_RAILSLDO1: supplied by vdd_ac_bat
[    0.109996] TPS65090_RAILSLDO2: supplied by vdd_ac_bat
[    0.110847] genirq: Setting trigger mode 8 for irq 341 failed (irq_chip_set_type_parent+0x0/0x28)
[    0.110871] palmas 2-0058: Irq flag is 0x00000000
[    0.114072] palmas 2-0058: Muxing GPIO ff, PWM 0, LED 0
[    0.116632] SMPS12: supplied by vdd-ao
[    0.118276] SMPS3: supplied by vdd-ao
[    0.120045] SMPS457: supplied by vdd-sys-3v3
[    0.122980] SMPS8: supplied by vdd-sys-3v3
[    0.124624] SMPS9: supplied by vdd-sys-3v3
[    0.125136] sdhci-vdd-sd-slot: Bringing 2840000uV into 2800000-2800000uV
[    0.125874] sdhci-vdd-sd-slot: ramp_delay not set
[    0.127890] LDO1: supplied by vdd-sys-3v3
[    0.129099] LDO2: supplied by vdd-sys-3v3
[    0.130321] LDO3: supplied by vddio-1v8
[    0.131546] LDO4: supplied by vdd-sys-3v3
[    0.132760] LDO5: supplied by vdd_ac_bat
[    0.133551] LDO6: supplied by vdd-sys-3v3
[    0.134076] vdd-sensor-2v85: Bringing 2900000uV into 2850000-2850000uV
[    0.135371] LDO7: supplied by vdd-sys-3v3
[    0.137112] LDO8: supplied by vdd-ao
[    0.137624] vdd-rtc: Bringing 675000uV into 900000-900000uV
[    0.139151] LDO9: supplied by sdhci-vdd-sd-slot
[    0.144468] LDOLN: supplied by vdd-sys-5v0
[    0.145696] LDOUSB: supplied by vdd-sys-5v0
[    0.152375] pps_core: LinuxPPS API ver. 1 registered
[    0.152385] pps_core: Software ver. 5.3.6 - Copyright 2005-2007 Rodolfo Giometti <giometti@linux.it>
[    0.152409] PTP clock support registered
[    0.152610] EDAC MC: Ver: 3.0.0
[    0.155043] clocksource: Switched to clocksource arch_sys_counter
[    0.165900] NET: Registered protocol family 2
[    0.166426] TCP established hash table entries: 8192 (order: 3, 32768 bytes)
[    0.166524] TCP bind hash table entries: 8192 (order: 4, 65536 bytes)
[    0.166712] TCP: Hash tables configured (established 8192 bind 8192)
[    0.166764] UDP hash table entries: 512 (order: 2, 16384 bytes)
[    0.166805] UDP-Lite hash table entries: 512 (order: 2, 16384 bytes)
[    0.166962] NET: Registered protocol family 1
[    0.167206] RPC: Registered named UNIX socket transport module.
[    0.167216] RPC: Registered udp transport module.
[    0.167223] RPC: Registered tcp transport module.
[    0.167231] RPC: Registered tcp NFSv4.1 backchannel transport module.
[    0.167242] PCI: CLS 0 bytes, default 64
[    0.169382] futex hash table entries: 1024 (order: 4, 65536 bytes)
[    0.169894] workingset: timestamp_bits=28 max_order=19 bucket_order=0
[    0.181682] squashfs: version 4.0 (2009/01/31) Phillip Lougher
[    0.182569] NFS: Registering the id_resolver key type
[    0.182603] Key type id_resolver registered
[    0.182611] Key type id_legacy registered
[    0.182656] ntfs: driver 2.1.32 [Flags: R/O].
[    0.184023] bounce: pool size: 64 pages
[    0.184244] Block layer SCSI generic (bsg) driver version 0.4 loaded (major 248)
[    0.184254] io scheduler noop registered
[    0.184262] io scheduler deadline registered
[    0.184295] io scheduler cfq registered (default)
[    0.212493] tegra-apbdma 6000a000.dma: Tegra20 APB DMA driver register 32 channels
[    0.214326] tegra-pmc 7000e400.pmc: i2c-thermtrip node not found, emergency thermal reset disabled.
[    0.281454] Serial: 8250/16550 driver, 4 ports, IRQ sharing disabled
[    0.284488] console [ttyS0] disabled
[    0.284524] 70006300.serial: ttyS0 at MMIO 0x70006300 (irq = 329, base_baud = 25500000) is a Tegra
[    1.247726] console [ttyS0] enabled
[    1.252030] SuperH (H)SCI(F) driver initialized
[    1.257546] msm_serial: driver initialized
[    1.261842] STMicroelectronics ASC driver initialized
[    1.270560] [drm] Initialized drm 1.1.0 20060810
[    1.278554] tegra-hdmi 54280000.hdmi: failed to get HDMI regulator
[    1.300430] brd: module loaded
[    1.309773] loop: module loaded
[    1.329337] m25p80 spi32766.0: w25q32dw (4096 Kbytes)
[    1.338769] CAN device driver interface
[    1.344483] igb: Intel(R) Gigabit Ethernet Network Driver - version 5.3.0-k
[    1.351452] igb: Copyright (c) 2007-2014 Intel Corporation.
[    1.360134] pegasus: v0.9.3 (2013/04/25), Pegasus/Pegasus II USB Ethernet driver
[    1.367592] usbcore: registered new interface driver pegasus
[    1.373321] usbcore: registered new interface driver asix
[    1.378771] usbcore: registered new interface driver ax88179_178a
[    1.384915] usbcore: registered new interface driver cdc_ether
[    1.390824] usbcore: registered new interface driver smsc75xx
[    1.396641] usbcore: registered new interface driver smsc95xx
[    1.402438] usbcore: registered new interface driver net1080
[    1.408149] usbcore: registered new interface driver cdc_subset
[    1.414123] usbcore: registered new interface driver zaurus
[    1.419777] usbcore: registered new interface driver cdc_ncm
[    1.427513] ehci_hcd: USB 2.0 'Enhanced' Host Controller (EHCI) Driver
[    1.434052] ehci-pci: EHCI PCI platform driver
[    1.438556] ehci-platform: EHCI generic platform driver
[    1.443985] ehci-omap: OMAP-EHCI Host Controller driver
[    1.449353] ehci-orion: EHCI orion driver
[    1.453509] SPEAr-ehci: EHCI SPEAr driver
[    1.457670] ehci-st: EHCI STMicroelectronics driver
[    1.462698] ehci-exynos: EHCI EXYNOS driver
[    1.467046] ehci-atmel: EHCI Atmel driver
[    1.471202] tegra-ehci: Tegra EHCI driver
[    1.475423] ------------[ cut here ]------------
[    1.480073] WARNING: CPU: 0 PID: 1 at drivers/reset/core.c:187 __of_reset_control_get+0x1bc/0x228
[    1.488944] Modules linked in:
[    1.492025] CPU: 0 PID: 1 Comm: swapper/0 Not tainted 4.6.0-rc5-next-20160428-114809-gef413b9 #1
[    1.500797] Hardware name: NVIDIA Tegra SoC (Flattened Device Tree)
[    1.507075] [<c030f9a0>] (unwind_backtrace) from [<c030b088>] (show_stack+0x10/0x14)
[    1.514817] [<c030b088>] (show_stack) from [<c0584f08>] (dump_stack+0x84/0xa4)
[    1.522038] [<c0584f08>] (dump_stack) from [<c0341b64>] (__warn+0xd4/0x100)
[    1.528998] [<c0341b64>] (__warn) from [<c0341bb0>] (warn_slowpath_null+0x20/0x28)
[    1.536563] [<c0341bb0>] (warn_slowpath_null) from [<c069b5ec>] (__of_reset_control_get+0x1bc/0x228)
[    1.545691] [<c069b5ec>] (__of_reset_control_get) from [<c090bf54>] (tegra_ehci_probe+0x2d0/0x51c)
[    1.554645] [<c090bf54>] (tegra_ehci_probe) from [<c0774044>] (platform_drv_probe+0x50/0xb0)
[    1.563079] [<c0774044>] (platform_drv_probe) from [<c07729a8>] (driver_probe_device+0x1f4/0x2b0)
[    1.571943] [<c07729a8>] (driver_probe_device) from [<c0772b10>] (__driver_attach+0xac/0xb0)
[    1.580372] [<c0772b10>] (__driver_attach) from [<c0770fbc>] (bus_for_each_dev+0x54/0x88)
[    1.588541] [<c0770fbc>] (bus_for_each_dev) from [<c0771f9c>] (bus_add_driver+0xe8/0x1f4)
[    1.596709] [<c0771f9c>] (bus_add_driver) from [<c077332c>] (driver_register+0x78/0xf4)
[    1.604705] [<c077332c>] (driver_register) from [<c0301e5c>] (do_one_initcall+0x3c/0x16c)
[    1.612877] [<c0301e5c>] (do_one_initcall) from [<c1100d80>] (kernel_init_freeable+0x120/0x1ec)
[    1.621570] [<c1100d80>] (kernel_init_freeable) from [<c0b5253c>] (kernel_init+0x8/0x118)
[    1.629742] [<c0b5253c>] (kernel_init) from [<c0307f78>] (ret_from_fork+0x14/0x3c)
[    1.637345] ---[ end trace c28cc96e97147799 ]---
[    1.641980] tegra-ehci 7d008000.usb: can't get utmi-pads reset from the PHY
[    1.648949] tegra-ehci 7d008000.usb: continuing, but please update your DT
[    1.655944] ohci_hcd: USB 1.1 'Open' Host Controller (OHCI) Driver
[    1.662144] ohci-pci: OHCI PCI platform driver
[    1.666647] ohci-platform: OHCI generic platform driver
[    1.672045] ohci-omap3: OHCI OMAP3 driver
[    1.676205] SPEAr-ohci: OHCI SPEAr driver
[    1.680375] ohci-st: OHCI STMicroelectronics driver
[    1.685406] ohci-atmel: OHCI Atmel driver
[    1.690155] usbcore: registered new interface driver usb-storage
[    1.697871] mousedev: PS/2 mouse device common for all mice
[    1.708398] palmas-rtc 7000d000.i2c:tps65913@58:rtc: rtc core: registered 7000d000.i2c:tps659 as rtc0
[    1.719510] tegra_rtc 7000e000.rtc: rtc core: registered 7000e000.rtc as rtc1
[    1.726703] tegra_rtc 7000e000.rtc: Tegra internal Real Time Clock
[    1.733439] i2c /dev entries driver
[    1.741170] sbs-battery 0-000b: sbs_probe: Failed to get device status
[    1.747722] sbs-battery: probe of 0-000b failed with error -121
[    1.765369] sdhci: Secure Digital Host Controller Interface driver
[    1.771560] sdhci: Copyright(c) Pierre Ossman
[    1.777409] Synopsys Designware Multimedia Card Interface Driver
[    1.784483] sdhci-pltfm: SDHCI platform and OF driver helper
[    1.790895] sdhci-tegra 78000400.sdhci: Got CD GPIO
[    1.795805] sdhci-tegra 78000400.sdhci: Got WP GPIO
[    1.801911] mmc0: Invalid maximum block size, assuming 512 bytes
[    1.840175] mmc0: SDHCI controller on 78000400.sdhci [78000400.sdhci] using ADMA
[    1.847894] mmc1: Invalid maximum block size, assuming 512 bytes
[    1.890067] mmc1: SDHCI controller on 78000600.sdhci [78000600.sdhci] using ADMA
[    1.899012] ledtrig-cpu: registered to indicate activity on CPUs
[    1.905511] usbcore: registered new interface driver usbhid
[    1.911094] usbhid: USB HID core driver
[    1.920693] NET: Registered protocol family 10
[    1.925854] sit: IPv6 over IPv4 tunneling driver
[    1.931177] NET: Registered protocol family 17
[    1.935649] can: controller area network core (rev 20120528 abi 9)
[    1.941902] NET: Registered protocol family 29
[    1.946359] can: raw protocol (rev 20120528)
[    1.950639] can: broadcast manager protocol (rev 20120528 t)
[    1.956312] can: netlink gateway (rev 20130117) max_hops=1
[    1.962205] Key type dns_resolver registered
[    1.967136] ThumbEE CPU extension supported.
[    1.971430] Registering SWP/SWPB emulation handler
[    1.980340] usb1_vbus: supplied by vdd-sys-5v0
[    1.989215] usb2_vbus: supplied by vdd-sys-5v0
[    2.014128] VDD_5V0_HDMI_CON: supplied by vdd-sys-5v0
[    2.026095] [drm] Supports vblank timestamp caching Rev 2 (21.10.2013).
[    2.032791] [drm] No driver support for vblank timestamp query.
[    2.038935] mmc0: new high speed SDHC card at address aaaa
[    2.045126] mmcblk0: mmc0:aaaa SL16G 14.8 GiB 
[    2.067628] mmc1: new high speed MMC card at address 0001
[    2.069201] mmcblk1: mmc1:0001 SEM32G 29.1 GiB 
[    2.069569] mmcblk1boot0: mmc1:0001 SEM32G partition 1 4.00 MiB
[    2.070903] mmcblk1boot1: mmc1:0001 SEM32G partition 2 4.00 MiB
[    2.071715] mmcblk1rpmb: mmc1:0001 SEM32G partition 3 4.00 MiB
[    2.072295]  mmcblk0: p1 p2 p3
[    2.080221]  mmcblk1: p1 p2 p3 p4 p5 p6 p7 p8
[    2.098730] Console: switching to colour frame buffer device 240x75
[    2.161854] drm drm: fb0:  frame buffer device
[    2.180157] [drm] Initialized tegra 0.0.0 20120330 on minor 0
[    2.188674] tegra-ehci 7d008000.usb: EHCI Host Controller
[    2.194181] tegra-ehci 7d008000.usb: new USB bus registered, assigned bus number 1
[    2.202145] tegra-ehci 7d008000.usb: irq 339, io mem 0x7d008000
[    2.215175] tegra-ehci 7d008000.usb: USB 2.0 started, EHCI 1.10
[    2.222176] hub 1-0:1.0: USB hub found
[    2.226042] hub 1-0:1.0: 1 port detected
[    2.231658] input: gpio-keys as /devices/soc0/gpio-keys/input/input0
[    2.240153] palmas-rtc 7000d000.i2c:tps65913@58:rtc: setting system clock to 2000-02-20 22:42:20 UTC (951086540)
[    2.265084] dvdd_ts: disabling
[    2.268150] usb1_vbus: disabling
[    2.271428] vdd_cam_1v8_reg: disabling
[    2.277030] EXT4-fs (mmcblk1p1): mounting ext3 file system using the ext4 subsystem
[    2.352592] EXT4-fs (mmcblk1p1): recovery complete
[    2.359005] EXT4-fs (mmcblk1p1): mounted filesystem with ordered data mode. Opts: (null)
[    2.367186] VFS: Mounted root (ext3 filesystem) on device 179:17.
[    2.377510] devtmpfs: mounted
[    2.382379] Freeing unused kernel memory: 2048K (c1100000 - c1300000)
bash: cannot set terminal process group (-1): Inappropriate ioctl for device
bash: no job control in this shell
root@(none):/# [    2.540163] usb 1-1: new high-speed USB device number 2 using tegra-ehci
