
U-Boot SPL 2016.05-rc2 (Apr 21 2016 - 16:23:00)
Trying to boot from RAM


U-Boot 2016.05-rc2 (Apr 21 2016 - 16:23:00 -0700)

TEGRA124
Model: NVIDIA Jetson TK1
Board: NVIDIA Jetson TK1
DRAM:  2 GiB
MC:   Tegra SD/MMC: 0, Tegra SD/MMC: 1
In:    serial
Out:   serial
Err:   serial
Net:   No ethernet found.
Hit any key to stop autoboot:  2  0 
Tegra124 (Jetson TK1) # 
Tegra124 (Jetson TK1) # pci enum
Tegra124 (Jetson TK1) # setenv bootargs 'ignore_loglevel console=ttyS0,115200n8 rw root=PARTUUID=b1791faa-84e8-4e27-83a1-9fb0a77e8803 rootwait gpt debug noinitrd earlyprintk init=/bin/bash'
Tegra124 (Jetson TK1) # setenv ipaddr 192.168.100.102; setenv serverip 192.168.100.1; setenv tftpserverip 192.168.100.1
Tegra124 (Jetson TK1) # tftpboot 0x82000000 zImage.multi_v7_defconfig

Warning: eth_rtl8169 using MAC address from ROM
Using eth_rtl8169 device
TFTP from server 192.168.100.1; our IP address is 192.168.100.102
Filename 'zImage.multi_v7_defconfig'.
Load address: 0x82000000
Loading: *#################################################################
	 #################################################################
	 #################################################################
	 #################################################################
	 #################################################################
	 #################################################################
	 #################################################################
	 #################################################################
	 ####################################
	 3.5 MiB/s
done
Bytes transferred = 8159752 (7c8208 hex)
Tegra124 (Jetson TK1) # tftpboot 0x83000000 tegra124-jetson-tk1.dtb
Using eth_rtl8169 device
TFTP from server 192.168.100.1; our IP address is 192.168.100.102
Filename 'tegra124-jetson-tk1.dtb'.
Load address: 0x83000000
Loading: *#####
	 3.4 MiB/s
done
Bytes transferred = 67173 (10665 hex)
Tegra124 (Jetson TK1) # bootz 0x82000000 - 0x83000000
Kernel image @ 0x82000000 [ 0x000000 - 0x7c8200 ]
## Flattened Device Tree blob at 83000000
   Booting using the fdt blob at 0x83000000
   Using Device Tree in place at 83000000, end 83013664

Starting kernel ...

[    0.000000] Booting Linux on physical CPU 0x0
[    0.000000] Linux version 4.13.0-next-20170908-199620-gda52d78 (jonathanh@sellafield) (gcc version 4.7.3 20130328 (prerelease) (crosstool-NG linaro-1.13.1-4.7-2013.04-20130415 - Linaro GCC 2013.04)) #1 SMP Mon Sep 11 15:05:03 PDT 2017
[    0.000000] CPU: ARMv7 Processor [413fc0f3] revision 3 (ARMv7), cr=10c5387d
[    0.000000] CPU: div instructions available: patching division code
[    0.000000] CPU: PIPT / VIPT nonaliasing data cache, PIPT instruction cache
[    0.000000] OF: fdt: Machine model: NVIDIA Tegra124 Jetson TK1
[    0.000000] debug: ignoring loglevel setting.
[    0.000000] Memory policy: Data cache writealloc
[    0.000000] efi: Getting EFI parameters from FDT:
[    0.000000] efi: UEFI not found.
[    0.000000] cma: Reserved 64 MiB at 0xfb800000
[    0.000000] On node 0 totalpages: 524032
[    0.000000] free_area_init_node: node 0, pgdat c158e5c0, node_mem_map eeff8000
[    0.000000]   DMA zone: 1536 pages used for memmap
[    0.000000]   DMA zone: 0 pages reserved
[    0.000000]   DMA zone: 196608 pages, LIFO batch:31
[    0.000000]   HighMem zone: 327424 pages, LIFO batch:31
[    0.000000] random: fast init done
[    0.000000] percpu: Embedded 17 pages/cpu @eef82000 s39424 r8192 d22016 u69632
[    0.000000] pcpu-alloc: s39424 r8192 d22016 u69632 alloc=17*4096
[    0.000000] pcpu-alloc: [0] 0 [0] 1 [0] 2 [0] 3 
[    0.000000] Built 1 zonelists, mobility grouping on.  Total pages: 522496
[    0.000000] Kernel command line: ignore_loglevel console=ttyS0,115200n8 rw root=PARTUUID=b1791faa-84e8-4e27-83a1-9fb0a77e8803 rootwait gpt debug noinitrd earlyprintk init=/bin/bash
[    0.000000] PID hash table entries: 4096 (order: 2, 16384 bytes)
[    0.000000] Dentry cache hash table entries: 131072 (order: 7, 524288 bytes)
[    0.000000] Inode-cache hash table entries: 65536 (order: 6, 262144 bytes)
[    0.000000] Memory: 1993360K/2096128K available (10240K kernel code, 1626K rwdata, 4508K rodata, 2048K init, 405K bss, 37232K reserved, 65536K cma-reserved, 1244160K highmem)
[    0.000000] Virtual kernel memory layout:
[    0.000000]     vector  : 0xffff0000 - 0xffff1000   (   4 kB)
[    0.000000]     fixmap  : 0xffc00000 - 0xfff00000   (3072 kB)
[    0.000000]     vmalloc : 0xf0800000 - 0xff800000   ( 240 MB)
[    0.000000]     lowmem  : 0xc0000000 - 0xf0000000   ( 768 MB)
[    0.000000]     pkmap   : 0xbfe00000 - 0xc0000000   (   2 MB)
[    0.000000]     modules : 0xbf000000 - 0xbfe00000   (  14 MB)
[    0.000000]       .text : 0xc0208000 - 0xc0d00000   (11232 kB)
[    0.000000]       .init : 0xc1200000 - 0xc1400000   (2048 kB)
[    0.000000]       .data : 0xc1400000 - 0xc1596910   (1627 kB)
[    0.000000]        .bss : 0xc159fbc0 - 0xc160537c   ( 406 kB)
[    0.000000] SLUB: HWalign=64, Order=0-3, MinObjects=0, CPUs=4, Nodes=1
[    0.000000] Hierarchical RCU implementation.
[    0.000000] 	RCU event tracing is enabled.
[    0.000000] 	RCU restricting CPUs from NR_CPUS=16 to nr_cpu_ids=4.
[    0.000000] RCU: Adjusting geometry for rcu_fanout_leaf=16, nr_cpu_ids=4
[    0.000000] NR_IRQS: 16, nr_irqs: 16, preallocated irqs: 16
[    0.000000] /interrupt-controller@60004000: 160 interrupts forwarded to /interrupt-controller@50041000
[    0.000000] Tegra clk 127: register failed with -17
[    0.000009] sched_clock: 32 bits at 1000kHz, resolution 1000ns, wraps every 2147483647500ns
[    0.000028] clocksource: timer_us: mask: 0xffffffff max_cycles: 0xffffffff, max_idle_ns: 1911260446275 ns
[    0.000043] Switching to timer-based delay loop, resolution 1000ns
[    0.005140] arch_timer: cp15 timer(s) running at 12.00MHz (virt).
[    0.005160] clocksource: arch_sys_counter: mask: 0xffffffffffffff max_cycles: 0x2c47f4ee7, max_idle_ns: 440795202497 ns
[    0.005180] sched_clock: 56 bits at 12MHz, resolution 83ns, wraps every 4398046511096ns
[    0.005194] Switching to timer-based delay loop, resolution 83ns
[    0.005678] Console: colour dummy device 80x30
[    0.005712] Calibrating delay loop (skipped), value calculated using timer frequency.. 24.00 BogoMIPS (lpj=120000)
[    0.005730] pid_max: default: 32768 minimum: 301
[    0.005830] Mount-cache hash table entries: 2048 (order: 1, 8192 bytes)
[    0.005846] Mountpoint-cache hash table entries: 2048 (order: 1, 8192 bytes)
[    0.006340] CPU: Testing write buffer coherency: ok
[    0.006592] /cpus/cpu@0 missing clock-frequency property
[    0.006638] /cpus/cpu@1 missing clock-frequency property
[    0.006682] /cpus/cpu@2 missing clock-frequency property
[    0.006727] /cpus/cpu@3 missing clock-frequency property
[    0.006740] CPU0: thread -1, cpu 0, socket 0, mpidr 80000000
[    0.007037] Setting up static identity map for 0x80300000 - 0x803000a0
[    0.008979] Hierarchical SRCU implementation.
[    0.010838] Tegra Revision: A01 SKU: 129 CPU Process: 1 SoC Process: 1
[    0.011594] EFI services will not be available.
[    0.011742] smp: Bringing up secondary CPUs ...
[    0.012212] CPU1: thread -1, cpu 1, socket 0, mpidr 80000001
[    0.015553] CPU2: thread -1, cpu 2, socket 0, mpidr 80000002
[    0.025589] CPU3: thread -1, cpu 3, socket 0, mpidr 80000003
[    0.035123] smp: Brought up 1 node, 4 CPUs
[    0.035143] SMP: Total of 4 processors activated (96.00 BogoMIPS).
[    0.035152] CPU: All CPU(s) started in SVC mode.
[    0.036669] devtmpfs: initialized
[    0.051305] Built 1 zonelists, mobility grouping on.  Total pages: 514724
[    0.051666] VFP support v0.3: implementor 41 architecture 4 part 30 variant f rev 0
[    0.052098] clocksource: jiffies: mask: 0xffffffff max_cycles: 0xffffffff, max_idle_ns: 19112604462750000 ns
[    0.052118] futex hash table entries: 1024 (order: 4, 65536 bytes)
[    0.052300] pinctrl core: initialized pinctrl subsystem
[    0.053771] DMI not present or invalid.
[    0.054009] NET: Registered protocol family 16
[    0.055985] DMA: preallocated 256 KiB pool for atomic coherent allocations
[    0.058443] cpuidle: using governor menu
[    0.083765] No ATAGs?
[    0.083890] hw-breakpoint: found 5 (+1 reserved) breakpoint and 4 watchpoint registers.
[    0.083906] hw-breakpoint: maximum watchpoint size is 8 bytes.
[    0.091137] Serial: AMBA PL011 UART driver
[    0.092319] iommu: Adding device reg-dummy to group 0
[    0.092356] iommu: Adding device 1003000.pcie to group 1
[    0.092438] iommu: Adding device 50000000.host1x to group 2
[    0.092509] iommu: Adding device 54200000.dc to group 3
[    0.092577] iommu: Adding device 54240000.dc to group 4
[    0.092613] iommu: Adding device 54280000.hdmi to group 5
[    0.092686] iommu: Adding device 57000000.gpu to group 6
[    0.092718] iommu: Adding device 60005000.timer to group 7
[    0.092749] iommu: Adding device 60007000.flow-controller to group 8
[    0.092779] iommu: Adding device 6000c800.actmon to group 9
[    0.092810] iommu: Adding device 6000d000.gpio to group 10
[    0.092842] iommu: Adding device 60020000.dma to group 11
[    0.092877] iommu: Adding device 70000800.apbmisc to group 12
[    0.092911] iommu: Adding device 70000868.pinmux to group 13
[    0.092943] iommu: Adding device 70006000.serial to group 14
[    0.092973] iommu: Adding device 70006040.serial to group 15
[    0.093004] iommu: Adding device 70006300.serial to group 16
[    0.093035] iommu: Adding device 7000c000.i2c to group 17
[    0.093066] iommu: Adding device 7000c400.i2c to group 18
[    0.093096] iommu: Adding device 7000c500.i2c to group 19
[    0.093128] iommu: Adding device 7000c700.i2c to group 20
[    0.093159] iommu: Adding device 7000d000.i2c to group 21
[    0.093198] iommu: Adding device 7000d400.spi to group 22
[    0.093229] iommu: Adding device 7000da00.spi to group 23
[    0.093259] iommu: Adding device 7000e000.rtc to group 24
[    0.093289] iommu: Adding device 7000e400.pmc to group 25
[    0.093320] iommu: Adding device 7000f800.fuse to group 26
[    0.093351] iommu: Adding device 70019000.memory-controller to group 27
[    0.093381] iommu: Adding device 7001b000.emc to group 28
[    0.093411] iommu: Adding device 70027000.sata to group 29
[    0.093446] iommu: Adding device 70030000.hda to group 30
[    0.093478] iommu: Adding device 70090000.usb to group 31
[    0.093508] iommu: Adding device 7009f000.padctl to group 32
[    0.093545] iommu: Adding device 700b0400.sdhci to group 33
[    0.093575] iommu: Adding device 700b0600.sdhci to group 34
[    0.093605] iommu: Adding device 700e2000.thermal-sensor to group 35
[    0.093636] iommu: Adding device 70110000.clock to group 36
[    0.093670] iommu: Adding device 70300000.ahub to group 37
[    0.093700] iommu: Adding device 7d000000.usb to group 38
[    0.093736] iommu: Adding device 7d000000.usb-phy to group 39
[    0.093767] iommu: Adding device 7d004000.usb to group 40
[    0.093798] iommu: Adding device 7d004000.usb-phy to group 41
[    0.093828] iommu: Adding device 7d008000.usb to group 42
[    0.093859] iommu: Adding device 7d008000.usb-phy to group 43
[    0.093894] iommu: Adding device pmu to group 44
[    0.093925] iommu: Adding device timer to group 45
[    0.093956] iommu: Adding device clocks to group 46
[    0.093990] iommu: Adding device gpio-keys to group 47
[    0.094021] iommu: Adding device regulators to group 48
[    0.094052] iommu: Adding device regulators:regulator@0 to group 49
[    0.094083] iommu: Adding device regulators:regulator@1 to group 50
[    0.094113] iommu: Adding device regulators:regulator@2 to group 51
[    0.094145] iommu: Adding device regulators:regulator@3 to group 52
[    0.094175] iommu: Adding device regulators:regulator@4 to group 53
[    0.094211] iommu: Adding device regulators:regulator@7 to group 54
[    0.094246] iommu: Adding device regulators:regulator@8 to group 55
[    0.094278] iommu: Adding device regulators:regulator@10 to group 56
[    0.094309] iommu: Adding device regulators:regulator@11 to group 57
[    0.094341] iommu: Adding device regulators:regulator@12 to group 58
[    0.094372] iommu: Adding device regulators:regulator@13 to group 59
[    0.094402] iommu: Adding device regulators:regulator@14 to group 60
[    0.094432] iommu: Adding device sound to group 61
[    0.109090] AT91: Could not find identification node
[    0.109652] +5V_SYS: supplied by +VDD_MUX
[    0.109933] +3.3V_SYS: supplied by +VDD_MUX
[    0.110550] +USB0_VBUS_SW: Failed to request enable GPIO108: -517
[    0.110567] reg-fixed-voltage regulators:regulator@7: Failed to register regulator: -517
[    0.110667] +5V_USB_HS: Failed to request enable GPIO109: -517
[    0.110681] reg-fixed-voltage regulators:regulator@8: Failed to register regulator: -517
[    0.110865] +1.05V_RUN_AVDD_HDMI_PLL: Failed to request enable GPIO63: -517
[    0.110879] reg-fixed-voltage regulators:regulator@11: Failed to register regulator: -517
[    0.110975] +5V_HDMI_CON: Failed to request enable GPIO86: -517
[    0.110988] reg-fixed-voltage regulators:regulator@12: Failed to register regulator: -517
[    0.111084] +5V_SATA: Failed to request enable GPIO242: -517
[    0.111097] reg-fixed-voltage regulators:regulator@13: Failed to register regulator: -517
[    0.111192] +12V_SATA: Failed to request enable GPIO242: -517
[    0.111205] reg-fixed-voltage regulators:regulator@14: Failed to register regulator: -517
[    0.114155] vgaarb: loaded
[    0.114873] SCSI subsystem initialized
[    0.115036] libata version 3.00 loaded.
[    0.115228] usbcore: registered new interface driver usbfs
[    0.115301] usbcore: registered new interface driver hub
[    0.115363] usbcore: registered new device driver usb
[    0.118788] pps_core: LinuxPPS API ver. 1 registered
[    0.118799] pps_core: Software ver. 5.3.6 - Copyright 2005-2007 Rodolfo Giometti <giometti@linux.it>
[    0.118821] PTP clock support registered
[    0.119011] EDAC MC: Ver: 3.0.0
[    0.119284] dmi: Firmware registration failed.
[    0.121846] clocksource: Switched to clocksource arch_sys_counter
[    0.176357] NET: Registered protocol family 2
[    0.176846] TCP established hash table entries: 8192 (order: 3, 32768 bytes)
[    0.176945] TCP bind hash table entries: 8192 (order: 4, 65536 bytes)
[    0.177132] TCP: Hash tables configured (established 8192 bind 8192)
[    0.177213] UDP hash table entries: 512 (order: 2, 16384 bytes)
[    0.177257] UDP-Lite hash table entries: 512 (order: 2, 16384 bytes)
[    0.177407] NET: Registered protocol family 1
[    0.177728] RPC: Registered named UNIX socket transport module.
[    0.177739] RPC: Registered udp transport module.
[    0.177747] RPC: Registered tcp transport module.
[    0.177756] RPC: Registered tcp NFSv4.1 backchannel transport module.
[    0.177769] PCI: CLS 0 bytes, default 64
[    0.179233] hw perfevents: enabled with armv7_cortex_a15 PMU driver, 7 counters available
[    0.179959] iommu: Adding device alarmtimer to group 62
[    0.180861] workingset: timestamp_bits=30 max_order=19 bucket_order=0
[    0.186607] squashfs: version 4.0 (2009/01/31) Phillip Lougher
[    0.187168] NFS: Registering the id_resolver key type
[    0.187197] Key type id_resolver registered
[    0.187207] Key type id_legacy registered
[    0.187251] ntfs: driver 2.1.32 [Flags: R/O].
[    0.188676] bounce: pool size: 64 pages
[    0.188722] Block layer SCSI generic (bsg) driver version 0.4 loaded (major 248)
[    0.188734] io scheduler noop registered
[    0.188744] io scheduler deadline registered
[    0.188952] io scheduler cfq registered (default)
[    0.188962] io scheduler mq-deadline registered
[    0.188972] io scheduler kyber registered
[    0.192713]  usb2-0: usb2-0 supply vbus not found, using dummy regulator
[    0.192821]  usb2-1: usb2-1 supply vbus not found, using dummy regulator
[    0.193280] tegra-xusb-padctl 7009f000.padctl: failed to setup XUSB ports: -517
[    0.211923] tegra-pcie 1003000.pcie: 2x1, 1x1 configuration
[    0.211978] tegra-pcie 1003000.pcie: Failed to get supply 'avddio-pex': -517
[    0.218038] tegra124-dfll 70110000.clock: couldn't get vdd_cpu regulator
[    0.224903] tegra-apbdma 60020000.dma: Tegra20 APB DMA driver register 32 channels
[    0.227958] tegra-pmc 7000e400.pmc: emergency thermal reset enabled
[    0.276439] Serial: 8250/16550 driver, 4 ports, IRQ sharing disabled
[    0.276536] iommu: Adding device serial8250 to group 63
[    0.279023] console [ttyS0] disabled
[    0.279063] 70006300.serial: ttyS0 at MMIO 0x70006300 (irq = 335, base_baud = 25500000) is a Tegra
[    1.550191] console [ttyS0] enabled
[    1.554563] SuperH (H)SCI(F) driver initialized
[    1.560178] msm_serial: driver initialized
[    1.564479] STMicroelectronics ASC driver initialized
[    1.570405] 70006000.serial: ttyTHS1 at MMIO 0x70006000 (irq = 333, base_baud = 0) is a TEGRA_UART
[    1.579679] 70006040.serial: ttyTHS2 at MMIO 0x70006040 (irq = 334, base_baud = 0) is a TEGRA_UART
[    1.594602] tegra-hdmi 54280000.hdmi: failed to get HDMI regulator
[    1.611244] brd: module loaded
[    1.620201] loop: module loaded
[    1.624545] at24 0-0056: 256 byte 24c02 EEPROM, writable, 8 bytes/write
[    1.632862] as3722 4-0040: AS3722 with revision 0x1 found
[    1.640130] iommu: Adding device as3722-pinctrl to group 64
[    1.647334] iommu: Adding device as3722-regulator to group 65
[    1.655962] as3722-sd2: supplied by +5V_SYS
[    1.660551] as3722-sd3: supplied by +5V_SYS
[    1.664982] +1.35V_LP0(sd3): Bringing 0uV into 1350000-1350000uV
[    1.671293] as3722-sd4: supplied by +5V_SYS
[    1.675900] as3722-sd5: supplied by +5V_SYS
[    1.681869] as3722-ldo0: supplied by +1.35V_LP0(sd2)
[    1.687887] +1.8V_RUN_CAM: Bringing 0uV into 1800000-1800000uV
[    1.694080] as3722-ldo2: supplied by +1.8V_VDDIO
[    1.699946] as3722-ldo3: supplied by +3.3V_SYS
[    1.704443] +1.05V_LP0_VDD_RTC: Bringing 1100000uV into 1000000-1000000uV
[    1.712186] as3722-ldo4: supplied by +3.3V_SYS
[    1.716839] +2.8V_RUN_CAM: Bringing 0uV into 2800000-2800000uV
[    1.723042] as3722-ldo5: supplied by +1.8V_VDDIO
[    1.727881] +1.2V_RUN_CAM_FRONT: Bringing 0uV into 1200000-1200000uV
[    1.734790] +VDDIO_SDMMC3: bypassed regulator has no supply!
[    1.740441] +VDDIO_SDMMC3: failed to get the current voltage(-517)
[    1.746638] as3722-regulator as3722-regulator: regulator 13 register failed -517
[    1.757201] iommu: Adding device as3722-rtc to group 66
[    1.762776] iommu: Adding device as3722-adc to group 67
[    1.768298] iommu: Adding device as3722-power-off to group 68
[    1.774357] iommu: Adding device as3722-wdt to group 69
[    1.781393] tegra-ahci 70027000.sata: couldn't get PHY in node sata: -517
[    1.803754] m25p80 spi1.0: w25q32dw (4096 Kbytes)
[    1.810682] iommu: Adding device Fixed MDIO bus.0 to group 70
[    1.816881] libphy: Fixed MDIO Bus: probed
[    1.821920] CAN device driver interface
[    1.826688] bgmac_bcma: Broadcom 47xx GBit MAC driver loaded
[    1.833750] e1000e: Intel(R) PRO/1000 Network Driver - 3.2.6-k
[    1.839575] e1000e: Copyright(c) 1999 - 2015 Intel Corporation.
[    1.845548] igb: Intel(R) Gigabit Ethernet Network Driver - version 5.4.0-k
[    1.852514] igb: Copyright (c) 2007-2014 Intel Corporation.
[    1.861900] pegasus: v0.9.3 (2013/04/25), Pegasus/Pegasus II USB Ethernet driver
[    1.869325] usbcore: registered new interface driver pegasus
[    1.875031] usbcore: registered new interface driver asix
[    1.880453] usbcore: registered new interface driver ax88179_178a
[    1.886582] usbcore: registered new interface driver cdc_ether
[    1.892470] usbcore: registered new interface driver smsc75xx
[    1.898251] usbcore: registered new interface driver smsc95xx
[    1.904031] usbcore: registered new interface driver net1080
[    1.909711] usbcore: registered new interface driver cdc_subset
[    1.915669] usbcore: registered new interface driver zaurus
[    1.921282] usbcore: registered new interface driver cdc_ncm
[    1.927175] tegra-phy 7d000000.usb-phy: no vbus regulator
[    1.932789] tegra-phy 7d004000.usb-phy: no vbus regulator
[    1.940168] ehci_hcd: USB 2.0 'Enhanced' Host Controller (EHCI) Driver
[    1.946702] ehci-pci: EHCI PCI platform driver
[    1.951173] ehci-platform: EHCI generic platform driver
[    1.956620] ehci-orion: EHCI orion driver
[    1.960791] SPEAr-ehci: EHCI SPEAr driver
[    1.964952] ehci-st: EHCI STMicroelectronics driver
[    1.969962] ehci-exynos: EHCI EXYNOS driver
[    1.974321] ehci-atmel: EHCI Atmel driver
[    1.978461] tegra-ehci: Tegra EHCI driver
[    1.985327] tegra-ehci 7d004000.usb: EHCI Host Controller
[    1.990739] tegra-ehci 7d004000.usb: new USB bus registered, assigned bus number 1
[    1.998530] tegra-ehci 7d004000.usb: irq 355, io mem 0x7d004000
[    2.031868] tegra-ehci 7d004000.usb: USB 2.0 started, EHCI 1.10
[    2.038456] hub 1-0:1.0: USB hub found
[    2.042258] hub 1-0:1.0: 1 port detected
[    2.046734] ohci_hcd: USB 1.1 'Open' Host Controller (OHCI) Driver
[    2.052956] ohci-pci: OHCI PCI platform driver
[    2.057434] ohci-platform: OHCI generic platform driver
[    2.062874] SPEAr-ohci: OHCI SPEAr driver
[    2.067021] ohci-st: OHCI STMicroelectronics driver
[    2.072050] ohci-atmel: OHCI Atmel driver
[    2.076832] usbcore: registered new interface driver usb-storage
[    2.084400] iommu: Adding device ci_hdrc.0 to group 71
[    2.096613] as3722-rtc as3722-rtc: rtc core: registered as3722-rtc as rtc0
[    2.103506] as3722-rtc as3722-rtc: RTC interrupt 378
[    2.111893] tegra_rtc 7000e000.rtc: rtc core: registered 7000e000.rtc as rtc1
[    2.119065] tegra_rtc 7000e000.rtc: Tegra internal Real Time Clock
[    2.125819] i2c /dev entries driver
[    2.133243] IR NEC protocol handler initialized
[    2.137767] IR RC5(x/sz) protocol handler initialized
[    2.142828] IR RC6 protocol handler initialized
[    2.147352] IR JVC protocol handler initialized
[    2.151896] IR Sony protocol handler initialized
[    2.156505] IR SANYO protocol handler initialized
[    2.161200] IR Sharp protocol handler initialized
[    2.165912] IR MCE Keyboard/mouse protocol handler initialized
[    2.171735] IR XMP protocol handler initialized
[    2.179467] lm90 0-004c: 0-004c supply vcc not found, using dummy regulator
[    2.194581] iommu: Adding device cpufreq-tegra124 to group 72
[    2.202688] sdhci: Secure Digital Host Controller Interface driver
[    2.208858] sdhci: Copyright(c) Pierre Ossman
[    2.214912] Synopsys Designware Multimedia Card Interface Driver
[    2.222300] sdhci-pltfm: SDHCI platform and OF driver helper
[    2.228760] sdhci-tegra 700b0400.sdhci: Got CD GPIO
[    2.233672] sdhci-tegra 700b0400.sdhci: Got WP GPIO
[    2.254914] mmc0: Unknown controller version (3). You may experience problems.
[    2.262194] mmc0: Invalid maximum block size, assuming 512 bytes
[    2.331872] mmc0: SDHCI controller on 700b0600.sdhci [700b0600.sdhci] using ADMA
[    2.341439] ledtrig-cpu: registered to indicate activity on CPUs
[    2.347783] usbcore: registered new interface driver usbhid
[    2.353365] usbhid: USB HID core driver
[    2.361257] NET: Registered protocol family 10
[    2.366663] Segment Routing with IPv6
[    2.370432] sit: IPv6, IPv4 and MPLS over IPv4 tunneling driver
[    2.376911] NET: Registered protocol family 17
[    2.381356] can: controller area network core (rev 20170425 abi 9)
[    2.387605] NET: Registered protocol family 29
[    2.392064] can: raw protocol (rev 20170425)
[    2.396327] can: broadcast manager protocol (rev 20170425 t)
[    2.401997] can: netlink gateway (rev 20170425) max_hops=1
[    2.407753] Key type dns_resolver registered
[    2.412546] ThumbEE CPU extension supported.
[    2.416832] Registering SWP/SWPB emulation handler
[    2.421484] mmc0: new high speed MMC card at address 0001
[    2.427272] mmcblk0: mmc0:0001 SEM16G 14.7 GiB 
[    2.432486] mmcblk0boot0: mmc0:0001 SEM16G partition 1 4.00 MiB
[    2.439067] mmcblk0boot1: mmc0:0001 SEM16G partition 2 4.00 MiB
[    2.444368] +3.3V_RUN: supplied by +3.3V_SYS
[    2.446029] +USB0_VBUS_SW: supplied by +5V_SYS
[    2.446269] +3.3V_AVDD_HDMI_AP_GATED: supplied by +3.3V_RUN
[    2.446729] +5V_USB_HS: supplied by +5V_SYS
[    2.448637] +3.3V_LP0: supplied by +3.3V_SYS
[    2.450633] +5V_HDMI_CON: supplied by +5V_SYS
[    2.451245] +5V_SATA: supplied by +5V_SYS
[    2.451938] +12V_SATA: supplied by +VDD_MUX
[    2.453691]  usb2-0: usb2-0 supply vbus not found, using dummy regulator
[    2.453838]  usb2-1: usb2-1 supply vbus not found, using dummy regulator
[    2.454167]  usb3-0: usb3-0 supply vbus not found, using dummy regulator
[    2.455456] tegra-pcie 1003000.pcie: 2x1, 1x1 configuration
[    2.455509] tegra-pcie 1003000.pcie: Failed to get supply 'avddio-pex': -517
[    2.458501] tegra124-dfll 70110000.clock: couldn't get vdd_cpu regulator
[    2.462907] tegra-hdmi 54280000.hdmi: failed to get PLL regulator
[    2.468682] as3722-sd2: supplied by +5V_SYS
[    2.469106] as3722-sd3: supplied by +5V_SYS
[    2.469401] as3722-sd4: supplied by +5V_SYS
[    2.469673] as3722-sd5: supplied by +5V_SYS
[    2.471535] as3722-ldo0: supplied by +1.35V_LP0(sd2)
[    2.472433] as3722-ldo1: supplied by +3.3V_RUN
[    2.472858] as3722-ldo2: supplied by +1.8V_VDDIO
[    2.473828] as3722-ldo3: supplied by +3.3V_SYS
[    2.474743] as3722-ldo4: supplied by +3.3V_SYS
[    2.475032] as3722-ldo5: supplied by +1.8V_VDDIO
[    2.475324] as3722-ldo6: supplied by +3.3V_RUN
[    2.475630] as3722-ldo7: supplied by +1.8V_VDDIO
[    2.476217] +1.05V_RUN_CAM_REAR: Bringing 0uV into 1050000-1050000uV
[    2.476898] as3722-ldo9: supplied by +5V_SYS
[    2.478092] +3.3V_RUN_TOUCH: Bringing 0uV into 2800000-2800000uV
[    2.478579] as3722-ldo10: supplied by +5V_SYS
[    2.478819] +2.8V_RUN_CAM_AF: Bringing 0uV into 2800000-2800000uV
[    2.479562] as3722-ldo11: supplied by +3.3V_RUN
[    2.480154] +1.8V_RUN_VPP_FUSE: Bringing 0uV into 1800000-1800000uV
[    2.484028] tegra-ahci 70027000.sata: AHCI 0001.0301 32 slots 2 ports 3 Gbps 0x1 impl platform mode
[    2.484040] tegra-ahci 70027000.sata: flags: 64bit ncq sntf pm led pio slum part sadm sds apst 
[    2.485738] scsi host0: tegra-ahci
[    2.486763] scsi host1: tegra-ahci
[    2.487089] ata1: SATA max UDMA/133 mmio [mem 0x70027000-0x70028fff] port 0x100 irq 345
[    2.487096] ata2: DUMMY
[    2.491013] tegra-ehci 7d008000.usb: EHCI Host Controller
[    2.491041] tegra-ehci 7d008000.usb: new USB bus registered, assigned bus number 2
[    2.491263] tegra-ehci 7d008000.usb: irq 356, io mem 0x7d008000
[    2.511998] tegra-ehci 7d008000.usb: USB 2.0 started, EHCI 1.10
[    2.513284] hub 2-0:1.0: USB hub found
[    2.513331] hub 2-0:1.0: 1 port detected
[    2.516381] sdhci-tegra 700b0400.sdhci: Got CD GPIO
[    2.516403] sdhci-tegra 700b0400.sdhci: Got WP GPIO
[    2.524822] mmc1: Unknown controller version (3). You may experience problems.
[    2.524929] mmc1: Invalid maximum block size, assuming 512 bytes
[    2.582536] mmc1: SDHCI controller on 700b0400.sdhci [700b0400.sdhci] using ADMA
[    2.583448] tegra-pcie 1003000.pcie: 2x1, 1x1 configuration
[    2.587121] tegra-pcie 1003000.pcie: probing port 0, using 2 lanes
[    2.589310] tegra-pcie 1003000.pcie: Slot present pin change, signature: 00000008
[    2.620305] tegra-pcie 1003000.pcie: probing port 1, using 1 lanes
[    2.622090] tegra-pcie 1003000.pcie: Slot present pin change, signature: 00000000
[    2.636271] tegra-pcie 1003000.pcie: PCI host bridge to bus 0000:00
[    2.636281] pci_bus 0000:00: root bus resource [io  0x0000-0xffff]
[    2.636288] pci_bus 0000:00: root bus resource [mem 0x13000000-0x1fffffff]
[    2.636296] pci_bus 0000:00: root bus resource [mem 0x20000000-0x3fffffff pref]
[    2.636306] pci_bus 0000:00: root bus resource [bus 00-ff]
[    2.636351] pci 0000:00:01.0: [10de:0e12] type 01 class 0x060400
[    2.636372] pci_bus 0000:00: 2-byte config write to 0000:00:01.0 offset 0x4 may corrupt adjacent RW1C bits
[    2.636385] pci_bus 0000:00: 2-byte config write to 0000:00:01.0 offset 0x4 may corrupt adjacent RW1C bits
[    2.636429] pci 0000:00:01.0: enabling Extended Tags
[    2.636440] pci_bus 0000:00: 2-byte config write to 0000:00:01.0 offset 0x88 may corrupt adjacent RW1C bits
[    2.636476] pci_bus 0000:00: 2-byte config write to 0000:00:01.0 offset 0x52 may corrupt adjacent RW1C bits
[    2.636529] pci 0000:00:01.0: PME# supported from D0 D1 D2 D3hot D3cold
[    2.636540] pci_bus 0000:00: 2-byte config write to 0000:00:01.0 offset 0x4c may corrupt adjacent RW1C bits
[    2.636814] pci 0000:00:02.0: [10de:0e13] type 01 class 0x060400
[    2.636832] pci_bus 0000:00: 2-byte config write to 0000:00:02.0 offset 0x4 may corrupt adjacent RW1C bits
[    2.636845] pci_bus 0000:00: 2-byte config write to 0000:00:02.0 offset 0x4 may corrupt adjacent RW1C bits
[    2.636886] pci 0000:00:02.0: enabling Extended Tags
[    2.636897] pci_bus 0000:00: 2-byte config write to 0000:00:02.0 offset 0x88 may corrupt adjacent RW1C bits
[    2.636931] pci_bus 0000:00: 2-byte config write to 0000:00:02.0 offset 0x52 may corrupt adjacent RW1C bits
[    2.636979] pci 0000:00:02.0: PME# supported from D0 D1 D2 D3hot D3cold
[    2.636990] pci_bus 0000:00: 2-byte config write to 0000:00:02.0 offset 0x4c may corrupt adjacent RW1C bits
[    2.637265] PCI: bus0: Fast back to back transfers disabled
[    2.637276] pci 0000:00:01.0: bridge configuration invalid ([bus 00-00]), reconfiguring
[    2.637296] pci 0000:00:02.0: bridge configuration invalid ([bus 00-00]), reconfiguring
[    2.637501] pci 0000:01:00.0: [8086:4232] type 00 class 0x028000
[    2.637581] pci 0000:01:00.0: reg 0x10: [mem 0x00000000-0x00001fff 64bit]
[    2.637808] pci 0000:01:00.0: PME# supported from D0 D3hot D3cold
[    2.662059] PCI: bus1: Fast back to back transfers disabled
[    2.662074] pci_bus 0000:01: busn_res: [bus 01-ff] end is updated to 01
[    2.662343] pci 0000:02:00.0: [10ec:8168] type 00 class 0x020000
[    2.662404] pci 0000:02:00.0: reg 0x10: [io  0x0000-0x00ff]
[    2.662448] pci 0000:02:00.0: reg 0x18: [mem 0x00000000-0x00000fff 64bit]
[    2.662477] pci 0000:02:00.0: reg 0x20: [mem 0x00000000-0x00003fff 64bit pref]
[    2.662652] pci 0000:02:00.0: supports D1 D2
[    2.662658] pci 0000:02:00.0: PME# supported from D0 D1 D2 D3hot D3cold
[    2.692040] PCI: bus2: Fast back to back transfers disabled
[    2.692055] pci_bus 0000:02: busn_res: [bus 02-ff] end is updated to 02
[    2.692107] pci 0000:00:01.0: BAR 8: assigned [mem 0x13000000-0x130fffff]
[    2.692115] pci 0000:00:02.0: BAR 8: assigned [mem 0x13100000-0x131fffff]
[    2.692125] pci 0000:00:02.0: BAR 9: assigned [mem 0x20000000-0x200fffff 64bit pref]
[    2.692133] pci 0000:00:02.0: BAR 7: assigned [io  0x1000-0x1fff]
[    2.692146] pci 0000:01:00.0: BAR 0: assigned [mem 0x13000000-0x13001fff 64bit]
[    2.692182] pci 0000:00:01.0: PCI bridge to [bus 01]
[    2.692197] pci 0000:00:01.0:   bridge window [mem 0x13000000-0x130fffff]
[    2.692226] pci 0000:02:00.0: BAR 4: assigned [mem 0x20000000-0x20003fff 64bit pref]
[    2.692263] pci 0000:02:00.0: BAR 2: assigned [mem 0x13100000-0x13100fff 64bit]
[    2.692292] pci 0000:02:00.0: BAR 0: assigned [io  0x1000-0x10ff]
[    2.692306] pci 0000:00:02.0: PCI bridge to [bus 02]
[    2.692315] pci 0000:00:02.0:   bridge window [io  0x1000-0x1fff]
[    2.692326] pci 0000:00:02.0:   bridge window [mem 0x13100000-0x131fffff]
[    2.692336] pci 0000:00:02.0:   bridge window [mem 0x20000000-0x200fffff 64bit pref]
[    2.692385] pci 0000:00:01.0: nv_msi_ht_cap_quirk didn't locate host bridge
[    2.692556] pcieport 0000:00:01.0: enabling device (0140 -> 0142)
[    2.692859] pcieport 0000:00:01.0: Signaling PME with IRQ 394
[    2.693025] pci 0000:00:02.0: nv_msi_ht_cap_quirk didn't locate host bridge
[    2.693149] pcieport 0000:00:02.0: enabling device (0140 -> 0143)
[    2.693402] pcieport 0000:00:02.0: Signaling PME with IRQ 395
[    2.693791] r8169 Gigabit Ethernet driver 2.3LK-NAPI loaded
[    2.693819] r8169 0000:02:00.0: enabling device (0140 -> 0143)
[    2.723595] r8169 0000:02:00.0 eth0: RTL8168g/8111g at 0xf0a6d000, 00:04:4b:3a:d9:81, XID 0c000800 IRQ 396
[    2.723605] r8169 0000:02:00.0 eth0: jumbo features [frames: 9200 bytes, tx checksumming: ko]
[    2.728844] +1.05V_RUN_AVDD_HDMI_PLL: supplied by +1.05V_RUN
[    2.731224] [drm] Supports vblank timestamp caching Rev 2 (21.10.2013).
[    2.731228] [drm] No driver support for vblank timestamp query.
[    2.731269] [drm] Cannot find any crtc or sizes
[    2.731309] [drm] Initialized tegra 0.0.0 20120330 for drm on minor 0
[    2.733015] iommu: Adding device cpufreq-dt.0 to group 73
[    2.734028] cpufreq: cpufreq_online: CPU0: Running at unlisted freq: 696000 KHz
[    2.734062] cpufreq: cpufreq_online: CPU0: Unlisted initial frequency changed to: 714000 KHz
[    2.734871] input: gpio-keys as /devices/soc0/gpio-keys/input/input0
[    2.740488] as3722-rtc as3722-rtc: setting system clock to 2000-01-01 00:00:54 UTC (946684854)
[    2.740871] +USB0_VBUS_SW: disabling
[    2.740887] +1.8V_RUN_CAM: disabling
[    2.741052] +2.8V_RUN_CAM: disabling
[    2.741164] +1.2V_RUN_CAM_FRONT: disabling
[    2.741346] +1.05V_RUN_CAM_REAR: disabling
[    2.741537] +3.3V_RUN_TOUCH: disabling
[    2.741726] +2.8V_RUN_CAM_AF: disabling
[    2.741966] +1.8V_RUN_VPP_FUSE: disabling
[    2.826189] ata1: SATA link down (SStatus 0 SControl 300)
[    2.846228] mmc1: new high speed SDHC card at address aaaa
[    2.846702] mmcblk1: mmc1:aaaa SD04G 3.69 GiB 
[    2.858131]  mmcblk1: p1 p2 p3
[    2.874164] tegra-hdmi 54280000.hdmi: cannot set audio to 48000 Hz at 297000000 Hz pixel clock
[ mount -t sysfs none /sys
root@(none):/# 
root@(none):/# mount -t debugfs none /sys/kernel/debug
root@(none):/# 
root@(none):/# rtcwake -d rtc1 -m mem -s 3
rtcwake: assuming RTC uses UTC ...
rtcwake: wakeup from "mem" using /dev/rtc1 at Thu Jan  1 00:00:20 1970
[    6.646825] PM: suspend entry (deep)
[    6.650398] PM: Syncing filesystems ... done.
[    6.705723] Freezing user space processes ... (elapsed 0.001 seconds) done.
[    6.713853] OOM killer disabled.
[    6.717072] Freezing remaining freezable tasks ... (elapsed 0.001 seconds) done.
[    6.725668] Suspending console(s) (use no_console_suspend to debug)
[    6.902626] Disabling non-boot CPUs ...
[    7.062566] Entering suspend state LP1
[    7.062578] Enabling non-boot CPUs ...
[    7.062839] CPU1 is up
[    7.063052] CPU2 is up
[    7.063268] CPU3 is up
[    7.063817] pcieport 0000:00:01.0: nv_msi_ht_cap_quirk didn't locate host bridge
[    7.063880] pcieport 0000:00:02.0: nv_msi_ht_cap_quirk didn't locate host bridge
[    7.098110] tegra-hdmi 54280000.hdmi: cannot set audio to 48000 Hz at 297000000 Hz pixel clock
[    7.253695] OOM killer enabled.
[    7.256825] Restarting tasks ... done.
[    7.294650] PM: suspend exit
root@(none):/# 
root@(none):/# [    7.426962] ata1: SATA link down (SStatus 0 SControl 300)
rtcwake -d rtc1 -m mem -s 3
rtcwake: assuming RTC uses UTC ...
rtcwake: wakeup from "mem" using /dev/rtc1 at Thu Jan  1 00:00:24 1970
[    7.915604] PM: suspend entry (deep)
[    7.919182] PM: Syncing filesystems ... done.
[    7.963725] Freezing user space processes ... (elapsed 0.001 seconds) done.
[    7.971858] OOM killer disabled.
[    7.975081] Freezing remaining freezable tasks ... (elapsed 0.001 seconds) done.
[    7.983884] Suspending console(s) (use no_console_suspend to debug)
[    8.018972] pci_generic_config_write32: 131 callbacks suppressed
[    8.018979] pci_bus 0000:00: 2-byte config write to 0000:00:02.0 offset 0x9c may corrupt adjacent RW1C bits
[    8.018994] pci_bus 0000:00: 2-byte config write to 0000:00:01.0 offset 0x9c may corrupt adjacent RW1C bits
[    8.125437] pci_bus 0000:02: 2-byte config write to 0000:02:00.0 offset 0x44 may corrupt adjacent RW1C bits
[    8.125450] pci_bus 0000:02: 2-byte config write to 0000:02:00.0 offset 0x44 may corrupt adjacent RW1C bits
[    8.152539] Disabling non-boot CPUs ...
[    8.312390] Entering suspend state LP1
[    8.312404] Enabling non-boot CPUs ...
[    8.312735] CPU1 is up
[    8.313011] CPU2 is up
[    8.313300] CPU3 is up
[    8.313900] pci_bus 0000:00: 2-byte config write to 0000:00:01.0 offset 0x4c may corrupt adjacent RW1C bits
[    8.313911] pci_bus 0000:00: 2-byte config write to 0000:00:01.0 offset 0x88 may corrupt adjacent RW1C bits
[    8.313916] pci_bus 0000:00: 2-byte config write to 0000:00:01.0 offset 0x90 may corrupt adjacent RW1C bits
[    8.313922] pci_bus 0000:00: 2-byte config write to 0000:00:01.0 offset 0x98 may corrupt adjacent RW1C bits
[    8.313927] pci_bus 0000:00: 2-byte config write to 0000:00:01.0 offset 0x9c may corrupt adjacent RW1C bits
[    8.313932] pci_bus 0000:00: 2-byte config write to 0000:00:01.0 offset 0xa8 may corrupt adjacent RW1C bits
[    8.313988] pcieport 0000:00:01.0: nv_msi_ht_cap_quirk didn't locate host bridge
[    8.314162] pcieport 0000:00:02.0: nv_msi_ht_cap_quirk didn't locate host bridge
[    8.358723] tegra-hdmi 54280000.hdmi: cannot set audio to 48000 Hz at 297000000 Hz pixel clock
[    8.625574] OOM killer enabled.
[    8.628712] Restarting tasks ... done.
[    8.685635] ata1: SATA link down (SStatus 0 SControl 300)
[    8.700073] PM: suspend exit
root@(none):/# 
root@(none):/# rtcwake -d rtc1 -m mem -s 3
rtcwake: assuming RTC uses UTC ...
rtcwake: wakeup from "mem" using /dev/rtc1 at Thu Jan  1 00:00:28 1970
[    9.178456] PM: suspend entry (deep)
[    9.182073] PM: Syncing filesystems ... done.
[    9.241720] Freezing user space processes ... (elapsed 0.001 seconds) done.
[    9.249916] OOM killer disabled.
[    9.253172] Freezing remaining freezable tasks ... (elapsed 0.001 seconds) done.
[    9.261986] Suspending console(s) (use no_console_suspend to debug)
[    9.415323] Disabling non-boot CPUs ...
[    9.573701] Entering suspend state LP1
[    9.573715] Enabling non-boot CPUs ...
[    9.574063] CPU1 is up
[    9.574358] CPU2 is up
[    9.574665] CPU3 is up
[    9.575425] pcieport 0000:00:01.0: nv_msi_ht_cap_quirk didn't locate host bridge
[    9.575427] pcieport 0000:00:02.0: nv_msi_ht_cap_quirk didn't locate host bridge
[    9.609254] tegra-hdmi 54280000.hdmi: cannot set audio to 48000 Hz at 297000000 Hz pixel clock
[    9.773548] OOM killer enabled.
[    9.776676] Restarting tasks ... done.
[    9.849441] PM: suspend exit
root@(none):/# 
root@(none):/# [    9.935927] ata1: SATA link down (SStatus 0 SControl 300)
rtcwake -d rtc1 -m mem -s 3
rtcwake: assuming RTC uses UTC ...
rtcwake: wakeup from "mem" using /dev/rtc1 at Thu Jan  1 00:00:32 1970
[   10.435759] PM: suspend entry (deep)
[   10.439336] PM: Syncing filesystems ... done.
[   10.474924] Freezing user space processes ... (elapsed 0.001 seconds) done.
[   10.483065] OOM killer disabled.
[   10.486291] Freezing remaining freezable tasks ... (elapsed 0.001 seconds) done.
[   10.495093] Suspending console(s) (use no_console_suspend to debug)
[   10.662512] Disabling non-boot CPUs ...
[   10.822346] Entering suspend state LP1
[   10.822357] Enabling non-boot CPUs ...
[   10.822629] CPU1 is up
[   10.822842] CPU2 is up
[   10.823064] CPU3 is up
[   10.823598] pcieport 0000:00:01.0: nv_msi_ht_cap_quirk didn't locate host bridge
[   10.823599] pcieport 0000:00:02.0: nv_msi_ht_cap_quirk didn't locate host bridge
[   10.868004] tegra-hdmi 54280000.hdmi: cannot set audio to 48000 Hz at 297000000 Hz pixel clock
[   11.023229] OOM killer enabled.
[   11.026357] Restarting tasks ... done.
[   11.064548] PM: suspend exit
root@(none):/# 
root@(none):/# [   11.197079] ata1: SATA link down (SStatus 0 SControl 300)
rtcwake -d rtc1 -m mem -s 3
rtcwake: assuming RTC uses UTC ...
rtcwake: wakeup from "mem" using /dev/rtc1 at Thu Jan  1 00:00:36 1970
[   11.688974] PM: suspend entry (deep)
[   11.692601] PM: Syncing filesystems ... done.
[   11.733628] Freezing user space processes ... (elapsed 0.001 seconds) done.
[   11.741767] OOM killer disabled.
[   11.744991] Freezing remaining freezable tasks ... (elapsed 0.001 seconds) done.
[   11.753620] Suspending console(s) (use no_console_suspend to debug)
[   11.922508] Disabling non-boot CPUs ...
[   12.082339] Entering suspend state LP1
[   12.082352] Enabling non-boot CPUs ...
[   12.082661] CPU1 is up
[   12.082880] CPU2 is up
[   12.083102] CPU3 is up
[   12.083651] pcieport 0000:00:02.0: nv_msi_ht_cap_quirk didn't locate host bridge
[   12.083652] pcieport 0000:00:01.0: nv_msi_ht_cap_quirk didn't locate host bridge
[   12.118231] tegra-hdmi 54280000.hdmi: cannot set audio to 48000 Hz at 297000000 Hz pixel clock
[   12.273835] OOM killer enabled.
[   12.276964] Restarting tasks ... done.
[   12.314781] PM: suspend exit
root@(none):/# 
root@(none):/# [   12.446874] ata1: SATA link down (SStatus 0 SControl 300)
rtcwake -d rtc1 -m mem -s 3
rtcwake: assuming RTC uses UTC ...
rtcwake: wakeup from "mem" using /dev/rtc1 at Thu Jan  1 00:00:40 1970
[   12.945709] PM: suspend entry (deep)
[   12.949286] PM: Syncing filesystems ... done.
[   12.983884] Freezing user space processes ... (elapsed 0.001 seconds) done.
[   12.992022] OOM killer disabled.
[   12.995248] Freezing remaining freezable tasks ... (elapsed 0.001 seconds) done.
[   13.004052] Suspending console(s) (use no_console_suspend to debug)
[   13.039307] pci_generic_config_write32: 174 callbacks suppressed
[   13.039314] pci_bus 0000:00: 2-byte config write to 0000:00:02.0 offset 0x9c may corrupt adjacent RW1C bits
[   13.039324] pci_bus 0000:00: 2-byte config write to 0000:00:01.0 offset 0x9c may corrupt adjacent RW1C bits
[   13.145336] pci_bus 0000:02: 2-byte config write to 0000:02:00.0 offset 0x44 may corrupt adjacent RW1C bits
[   13.145349] pci_bus 0000:02: 2-byte config write to 0000:02:00.0 offset 0x44 may corrupt adjacent RW1C bits
[   13.172455] Disabling non-boot CPUs ...
[   13.332321] Entering suspend state LP1
[   13.332333] Enabling non-boot CPUs ...
[   13.332604] CPU1 is up
[   13.332818] CPU2 is up
[   13.333034] CPU3 is up
[   13.333467] pci_bus 0000:00: 2-byte config write to 0000:00:01.0 offset 0x4c may corrupt adjacent RW1C bits
[   13.333476] pci_bus 0000:00: 2-byte config write to 0000:00:01.0 offset 0x88 may corrupt adjacent RW1C bits
[   13.333480] pci_bus 0000:00: 2-byte config write to 0000:00:01.0 offset 0x90 may corrupt adjacent RW1C bits
[   13.333484] pci_bus 0000:00: 2-byte config write to 0000:00:01.0 offset 0x98 may corrupt adjacent RW1C bits
[   13.333488] pci_bus 0000:00: 2-byte config write to 0000:00:01.0 offset 0x9c may corrupt adjacent RW1C bits
[   13.333492] pci_bus 0000:00: 2-byte config write to 0000:00:01.0 offset 0xa8 may corrupt adjacent RW1C bits
[   13.333542] pcieport 0000:00:01.0: nv_msi_ht_cap_quirk didn't locate host bridge
[   13.333696] pcieport 0000:00:02.0: nv_msi_ht_cap_quirk didn't locate host bridge
[   13.367792] tegra-hdmi 54280000.hdmi: cannot set audio to 48000 Hz at 297000000 Hz pixel clock
[   13.626334] OOM killer enabled.
[   13.629471] Restarting tasks ... done.
[   13.695344] ata1: SATA link down (SStatus 0 SControl 300)
root@(none):/# 
[   13.701809] PM: suspend exit
root@(none):/# rtcwake -d rtc1 -m mem -s 3
rtcwake: assuming RTC uses UTC ...
rtcwake: wakeup from "mem" using /dev/rtc1 at Thu Jan  1 00:00:44 1970
[   14.195962] PM: suspend entry (deep)
[   14.199538] PM: Syncing filesystems ... done.
[   14.233366] Freezing user space processes ... (elapsed 0.001 seconds) done.
[   14.241473] OOM killer disabled.
[   14.244719] Freezing remaining freezable tasks ... (elapsed 0.001 seconds) done.
[   14.253532] Suspending console(s) (use no_console_suspend to debug)
[   14.436560] Disabling non-boot CPUs ...
[   14.472507] IRQ17 no longer affine to CPU1
[   14.594202] Entering suspend state LP1
[   14.594216] Enabling non-boot CPUs ...
[   14.594567] CPU1 is up
[   14.594862] CPU2 is up
[   14.595164] CPU3 is up
[   14.595877] pcieport 0000:00:01.0: nv_msi_ht_cap_quirk didn't locate host bridge
[   14.595879] pcieport 0000:00:02.0: nv_msi_ht_cap_quirk didn't locate host bridge
[   14.639175] tegra-hdmi 54280000.hdmi: cannot set audio to 48000 Hz at 297000000 Hz pixel clock
[   14.807481] OOM killer enabled.
[   14.810614] Restarting tasks ... done.
[   14.879407] PM: suspend exit
root@(none):/# 
root@(none):/# [   14.966276] ata1: SATA link down (SStatus 0 SControl 300)
rtcwake -d rtc1 -m mem -s 3
rtcwake: assuming RTC uses UTC ...
rtcwake: wakeup from "mem" using /dev/rtc1 at Thu Jan  1 00:00:48 1970
[   15.455904] PM: suspend entry (deep)
[   15.459481] PM: Syncing filesystems ... done.
[   15.505379] Freezing user space processes ... (elapsed 0.001 seconds) done.
[   15.513509] OOM killer disabled.
[   15.516734] Freezing remaining freezable tasks ... (elapsed 0.001 seconds) done.
[   15.525364] Suspending console(s) (use no_console_suspend to debug)
[   15.692443] Disabling non-boot CPUs ...
[   15.851811] IRQ17 no longer affine to CPU3
[   15.852291] Entering suspend state LP1
[   15.852305] Enabling non-boot CPUs ...
[   15.852645] CPU1 is up
[   15.852928] CPU2 is up
[   15.853222] CPU3 is up
[   15.853926] pcieport 0000:00:02.0: nv_msi_ht_cap_quirk didn't locate host bridge
[   15.853928] pcieport 0000:00:01.0: nv_msi_ht_cap_quirk didn't locate host bridge
[   15.889017] tegra-hdmi 54280000.hdmi: cannot set audio to 48000 Hz at 297000000 Hz pixel clock
[   16.056531] OOM killer enabled.
[   16.059663] Restarting tasks ... done.
[   16.128522] PM: suspend exit
root@(none):/# 
root@(none):/# [   16.226090] ata1: SATA link down (SStatus 0 SControl 300)
rtcwake -d rtc1 -m mem -s 3
rtcwake: assuming RTC uses UTC ...
rtcwake: wakeup from "mem" using /dev/rtc1 at Thu Jan  1 00:00:52 1970
[   16.713407] PM: suspend entry (deep)
[   16.716984] PM: Syncing filesystems ... done.
[   16.754640] Freezing user space processes ... (elapsed 0.001 seconds) done.
[   16.762791] OOM killer disabled.
[   16.766015] Freezing remaining freezable tasks ... (elapsed 0.001 seconds) done.
[   16.774816] Suspending console(s) (use no_console_suspend to debug)
[   16.942387] Disabling non-boot CPUs ...
[   17.041811] IRQ17 no longer affine to CPU2
[   17.102260] Entering suspend state LP1
[   17.102272] Enabling non-boot CPUs ...
[   17.102542] CPU1 is up
[   17.102754] CPU2 is up
[   17.102969] CPU3 is up
[   17.103513] pcieport 0000:00:02.0: nv_msi_ht_cap_quirk didn't locate host bridge
[   17.103515] pcieport 0000:00:01.0: nv_msi_ht_cap_quirk didn't locate host bridge
[   17.147738] tegra-hdmi 54280000.hdmi: cannot set audio to 48000 Hz at 297000000 Hz pixel clock
[   17.307056] OOM killer enabled.
[   17.310185] Restarting tasks ... done.
[   17.344303] PM: suspend exit
root@(none):/# 
root@(none):/# [   17.475352] ata1: SATA link down (SStatus 0 SControl 300)
rtcwake -d rtc1 -m mem -s 3
rtcwake: assuming RTC uses UTC ...
rtcwake: wakeup from "mem" using /dev/rtc1 at Thu Jan  1 00:00:56 1970
[   17.968243] PM: suspend entry (deep)
[   17.971859] PM: Syncing filesystems ... done.
[   18.016983] Freezing user space processes ... (elapsed 0.001 seconds) done.
[   18.025137] OOM killer disabled.
[   18.028380] Freezing remaining freezable tasks ... (elapsed 0.001 seconds) done.
[   18.037172] Suspending console(s) (use no_console_suspend to debug)
[   18.068291] pci_generic_config_write32: 174 callbacks suppressed
[   18.068298] pci_bus 0000:00: 2-byte config write to 0000:00:02.0 offset 0x9c may corrupt adjacent RW1C bits
[   18.068307] pci_bus 0000:00: 2-byte config write to 0000:00:01.0 offset 0x9c may corrupt adjacent RW1C bits
[   18.185203] pci_bus 0000:02: 2-byte config write to 0000:02:00.0 offset 0x44 may corrupt adjacent RW1C bits
[   18.185216] pci_bus 0000:02: 2-byte config write to 0000:02:00.0 offset 0x44 may corrupt adjacent RW1C bits
[   18.212373] Disabling non-boot CPUs ...
[   18.382220] Entering suspend state LP1
[   18.382231] Enabling non-boot CPUs ...
[   18.382505] CPU1 is up
[   18.382718] CPU2 is up
[   18.382935] CPU3 is up
[   18.383368] pci_bus 0000:00: 2-byte config write to 0000:00:01.0 offset 0x4c may corrupt adjacent RW1C bits
[   18.383376] pci_bus 0000:00: 2-byte config write to 0000:00:02.0 offset 0x4c may corrupt adjacent RW1C bits
[   18.383383] pci_bus 0000:00: 2-byte config write to 0000:00:01.0 offset 0x88 may corrupt adjacent RW1C bits
[   18.383388] pci_bus 0000:00: 2-byte config write to 0000:00:01.0 offset 0x90 may corrupt adjacent RW1C bits
[   18.383393] pci_bus 0000:00: 2-byte config write to 0000:00:02.0 offset 0x88 may corrupt adjacent RW1C bits
[   18.383397] pci_bus 0000:00: 2-byte config write to 0000:00:01.0 offset 0x98 may corrupt adjacent RW1C bits
[   18.383493] pcieport 0000:00:01.0: nv_msi_ht_cap_quirk didn't locate host bridge
[   18.383494] pcieport 0000:00:02.0: nv_msi_ht_cap_quirk didn't locate host bridge
[   18.427924] tegra-hdmi 54280000.hdmi: cannot set audio to 48000 Hz at 297000000 Hz pixel clock
[   18.686503] OOM killer enabled.
[   18.689639] Restarting tasks ... done.
[   18.754942] ata1: SATA link down (SStatus 0 SControl 300)
root@(none):/# 
[   18.761861] PM: suspend exit
root@(none):/# NVTB SYSTEM SUSPEND TEST COMPLETE
