
U-Boot SPL 2015.04-rc3-00209-ga74ef40 (Mar 16 2015 - 14:43:39)


U-Boot 2015.04-rc3-00209-ga74ef40 (Mar 16 2015 - 14:43:39)

TEGRA20
Model: Compulab TrimSlice board
DRAM:  1 GiB
MMC:   Tegra SD/MMC: 0, Tegra SD/MMC: 1
SF: Detected W25Q80BL with page size 256 Bytes, erase size 4 KiB, total 1 MiB
tegra-pcie: PCI regions:
tegra-pcie:   I/O: 0x82000000-0x82010000
tegra-pcie:   non-prefetchable memory: 0xa0000000-0xa8000000
tegra-pcie:   prefetchable memory: 0xa8000000-0xc0000000
tegra-pcie: dual-mode configuration
tegra-pcie: probing port 0, using 2 lanes
In:    serial
Out:   serial
Err:   serial
Net:   RTL8169#0
Hit any key to stop autoboot:  2  0 
Tegra20 (TrimSlice) # 
Tegra20 (TrimSlice) # usb reset
resetting USB...
USB0:   USB EHCI 1.00
scanning bus 0 for devices... 2 USB Device(s) found
USB1:   USB EHCI 1.00
scanning bus 1 for devices... 1 USB Device(s) found
USB2:   lowlevel init failed
       scanning usb for storage devices... 0 Storage Device(s) found
       scanning usb for ethernet devices... 0 Ethernet Device(s) found
Tegra20 (TrimSlice) # setenv bootargs 'ignore_loglevel console=ttyS0,115200n8 rw root=/dev/mmcblk0p1 rootwait gpt debug noinitrd earlyprintk init=/bin/bash'
Tegra20 (TrimSlice) # setenv ipaddr 192.168.100.103; setenv serverip 192.168.100.1; setenv tftpserverip 192.168.100.1
Tegra20 (TrimSlice) # tftpboot 0x00408000 zImage.multi_v7_defconfig
Using RTL8169#0 device
TFTP from server 192.168.100.1; our IP address is 192.168.100.103
Filename 'zImage.multi_v7_defconfig'.
Load address: 0x408000
Loading: *#################################################################
	 #################################################################
	 #################################################################
	 #################################################################
	 #################################################################
	 #################################################################
	 ###################################
	 4.1 MiB/s
done
Bytes transferred = 6227920 (5f07d0 hex)
Tegra20 (TrimSlice) # tftpboot 0x02408000 tegra20-trimslice.dtb
Using RTL8169#0 device
TFTP from server 192.168.100.1; our IP address is 192.168.100.103
Filename 'tegra20-trimslice.dtb'.
Load address: 0x2408000
Loading: *##
	 3.4 MiB/s
done
Bytes transferred = 21130 (528a hex)
Tegra20 (TrimSlice) # bootz 0x00408000 - 0x02408000
Kernel image @ 0x408000 [ 0x000000 - 0x5f07d0 ]
## Flattened Device Tree blob at 02408000
   Booting using the fdt blob at 0x2408000
   Using Device Tree in place at 02408000, end 02410289

Starting kernel ...

[    0.000000] Booting Linux on physical CPU 0x0
[    0.000000] Linux version 4.0.0-11486-g27cf3a1 (pwalmsley@sellafield) (gcc version 4.7.3 20130328 (prerelease) (crosstool-NG linaro-1.13.1-4.7-2013.04-20130415 - Linaro GCC 2013.04) ) #1 SMP Mon May 11 20:21:59 PDT 2015
[    0.000000] CPU: ARMv7 Processor [411fc090] revision 0 (ARMv7), cr=10c5387d
[    0.000000] CPU: PIPT / VIPT nonaliasing data cache, VIPT aliasing instruction cache
[    0.000000] Machine model: Compulab TrimSlice board
[    0.000000] debug: ignoring loglevel setting.
[    0.000000] earlycon: no match for ttyS0,115200n8
[    0.000000] cma: Reserved 64 MiB at 0x3c000000
[    0.000000] Memory policy: Data cache writealloc
[    0.000000] On node 0 totalpages: 262144
[    0.000000] free_area_init_node: node 0, pgdat c0f1d6c0, node_mem_map eeff8000
[    0.000000]   DMA zone: 1520 pages used for memmap
[    0.000000]   DMA zone: 0 pages reserved
[    0.000000]   DMA zone: 194560 pages, LIFO batch:31
[    0.000000]   HighMem zone: 67584 pages, LIFO batch:15
[    0.000000] PERCPU: Embedded 12 pages/cpu @eefca000 s16960 r8192 d24000 u49152
[    0.000000] pcpu-alloc: s16960 r8192 d24000 u49152 alloc=12*4096
[    0.000000] pcpu-alloc: [0] 0 [0] 1 
[    0.000000] Built 1 zonelists in Zone order, mobility grouping on.  Total pages: 260624
[    0.000000] Kernel command line: ignore_loglevel console=ttyS0,115200n8 rw root=/dev/mmcblk0p1 rootwait gpt debug noinitrd earlyprintk init=/bin/bash
[    0.000000] PID hash table entries: 4096 (order: 2, 16384 bytes)
[    0.000000] Dentry cache hash table entries: 131072 (order: 7, 524288 bytes)
[    0.000000] Inode-cache hash table entries: 65536 (order: 6, 262144 bytes)
[    0.000000] Memory: 960084K/1048576K available (7983K kernel code, 1021K rwdata, 3576K rodata, 820K init, 317K bss, 22956K reserved, 65536K cma-reserved, 204800K highmem)
[    0.000000] Virtual kernel memory layout:
[    0.000000]     vector  : 0xffff0000 - 0xffff1000   (   4 kB)
[    0.000000]     fixmap  : 0xffc00000 - 0xfff00000   (3072 kB)
[    0.000000]     vmalloc : 0xf0000000 - 0xff000000   ( 240 MB)
[    0.000000]     lowmem  : 0xc0000000 - 0xef800000   ( 760 MB)
[    0.000000]     pkmap   : 0xbfe00000 - 0xc0000000   (   2 MB)
[    0.000000]     modules : 0xbf000000 - 0xbfe00000   (  14 MB)
[    0.000000]       .text : 0xc0208000 - 0xc0d52f14   (11564 kB)
[    0.000000]       .init : 0xc0d53000 - 0xc0e20000   ( 820 kB)
[    0.000000]       .data : 0xc0e20000 - 0xc0f1f680   (1022 kB)
[    0.000000]        .bss : 0xc0f22000 - 0xc0f716a8   ( 318 kB)
[    0.000000] SLUB: HWalign=64, Order=0-3, MinObjects=0, CPUs=2, Nodes=1
[    0.000000] Hierarchical RCU implementation.
[    0.000000] 	Additional per-CPU info printed with stalls.
[    0.000000] 	RCU restricting CPUs from NR_CPUS=16 to nr_cpu_ids=2.
[    0.000000] RCU: Adjusting geometry for rcu_fanout_leaf=16, nr_cpu_ids=2
[    0.000000] NR_IRQS:16 nr_irqs:16 16
[    0.000000] /interrupt-controller@60004000: 128 interrupts forwarded to /interrupt-controller@50041000
[    0.000000] L2C: platform modifies aux control register: 0x02080000 -> 0x3e480001
[    0.000000] L2C: DT/platform modifies aux control register: 0x02080000 -> 0x3e480001
[    0.000000] L2C-310 errata 727915 769419 enabled
[    0.000000] L2C-310 enabling early BRESP for Cortex-A9
[    0.000000] L2C-310: enabling full line of zeros but not enabled in Cortex-A9
[    0.000000] L2C-310 ID prefetch enabled, offset 1 lines
[    0.000000] L2C-310 cache controller enabled, 8 ways, 1024 kB
[    0.000000] L2C-310: CACHE_ID 0x410000c4, AUX_CTRL 0x7e480001
[    0.000010] sched_clock: 32 bits at 1000kHz, resolution 1000ns, wraps every 2147483647500ns
[    0.000026] clocksource timer_us: mask: 0xffffffff max_cycles: 0xffffffff, max_idle_ns: 1911260446275 ns
[    0.000035] Switching to timer-based delay loop, resolution 1000ns
[    0.001348] Console: colour dummy device 80x30
[    0.001368] Calibrating delay loop (skipped), value calculated using timer frequency.. 2.00 BogoMIPS (lpj=5000)
[    0.001378] pid_max: default: 32768 minimum: 301
[    0.001468] Mount-cache hash table entries: 2048 (order: 1, 8192 bytes)
[    0.001477] Mountpoint-cache hash table entries: 2048 (order: 1, 8192 bytes)
[    0.001929] CPU: Testing write buffer coherency: ok
[    0.002098] CPU0: thread -1, cpu 0, socket 0, mpidr 80000000
[    0.002141] Setting up static identity map for 0x209000 - 0x209098
[    0.003313] Tegra Revision: A03 prime SKU: 8 CPU Process: 1 Core Process: 2
[    0.004394] CPU1: thread -1, cpu 1, socket 0, mpidr 80000001
[    0.004449] Brought up 2 CPUs
[    0.004461] SMP: Total of 2 processors activated (4.00 BogoMIPS).
[    0.004466] CPU: All CPU(s) started in SVC mode.
[    0.004819] devtmpfs: initialized
[    0.005532] VFP support v0.3: implementor 41 architecture 3 part 30 variant 9 rev 1
[    0.005810] clocksource jiffies: mask: 0xffffffff max_cycles: 0xffffffff, max_idle_ns: 9556302231375000 ns
[    0.008871] pinctrl core: initialized pinctrl subsystem
[    0.013722] NET: Registered protocol family 16
[    0.015705] DMA: preallocated 256 KiB pool for atomic coherent allocations
[    0.029933] cpuidle: using governor ladder
[    0.044931] cpuidle: using governor menu
[    0.055425] No ATAGs?
[    0.055453] hw-breakpoint: found 5 (+1 reserved) breakpoint and 1 watchpoint registers.
[    0.055460] hw-breakpoint: maximum watchpoint size is 4 bytes.
[    0.057776] Serial: AMBA PL011 UART driver
[    0.082944] usb1_vbus: Failed to request enable GPIO170: -517
[    0.083027] reg-fixed-voltage regulators:regulator@2: Failed to register regulator: -517
[    0.086526] vgaarb: loaded
[    0.087078] SCSI subsystem initialized
[    0.087205] libata version 3.00 loaded.
[    0.087431] usbcore: registered new interface driver usbfs
[    0.087477] usbcore: registered new interface driver hub
[    0.087518] usbcore: registered new device driver usb
[    0.089431] media: Linux media interface: v0.10
[    0.089476] Linux video capture interface: v2.00
[    0.089511] pps_core: LinuxPPS API ver. 1 registered
[    0.089517] pps_core: Software ver. 5.3.6 - Copyright 2005-2007 Rodolfo Giometti <giometti@linux.it>
[    0.089537] PTP clock support registered
[    0.089720] EDAC MC: Ver: 3.0.0
[    0.090623] Advanced Linux Sound Architecture Driver Initialized.
[    0.091485] Switched to clocksource timer_us
[    0.098951] NET: Registered protocol family 2
[    0.099452] TCP established hash table entries: 8192 (order: 3, 32768 bytes)
[    0.099515] TCP bind hash table entries: 8192 (order: 4, 65536 bytes)
[    0.099629] TCP: Hash tables configured (established 8192 bind 8192)
[    0.099704] UDP hash table entries: 512 (order: 2, 16384 bytes)
[    0.099751] UDP-Lite hash table entries: 512 (order: 2, 16384 bytes)
[    0.099917] NET: Registered protocol family 1
[    0.100124] RPC: Registered named UNIX socket transport module.
[    0.100131] RPC: Registered udp transport module.
[    0.100136] RPC: Registered tcp transport module.
[    0.100141] RPC: Registered tcp NFSv4.1 backchannel transport module.
[    0.100163] PCI: CLS 0 bytes, default 64
[    0.100930] CPU PMU: Failed to parse <no-node>/interrupt-affinity[0]
[    0.100971] hw perfevents: enabled with armv7_cortex_a9 PMU driver, 7 counters available
[    0.102050] futex hash table entries: 512 (order: 3, 32768 bytes)
[    0.110501] squashfs: version 4.0 (2009/01/31) Phillip Lougher
[    0.111172] NFS: Registering the id_resolver key type
[    0.111205] Key type id_resolver registered
[    0.111211] Key type id_legacy registered
[    0.111268] ntfs: driver 2.1.32 [Flags: R/O].
[    0.112176] bounce: pool size: 64 pages
[    0.112344] Block layer SCSI generic (bsg) driver version 0.4 loaded (major 248)
[    0.112356] io scheduler noop registered
[    0.112366] io scheduler deadline registered
[    0.112507] io scheduler cfq registered (default)
[    0.121203] tegra-pcie 80003000.pcie-controller: dual-mode configuration
[    0.121779] tegra-pcie 80003000.pcie-controller: probing port 0, using 2 lanes
[    0.205667] tegra-pcie 80003000.pcie-controller: PCI host bridge to bus 0000:00
[    0.205679] pci_bus 0000:00: root bus resource [mem 0xa0000000-0xa7ffffff]
[    0.205689] pci_bus 0000:00: root bus resource [mem 0xa8000000-0xbfffffff pref]
[    0.205698] pci_bus 0000:00: root bus resource [bus 00-ff]
[    0.205706] pci_bus 0000:00: root bus resource [io  0x1000-0xffff]
[    0.205732] pci 0000:00:01.0: [10de:0bf0] type 01 class 0x060000
[    0.205760] pci 0000:00:01.0: IOMMU is currently not supported for PCI
[    0.205794] pci 0000:00:01.0: PME# supported from D0 D1 D2 D3hot D3cold
[    0.205976] PCI: bus0: Fast back to back transfers disabled
[    0.205988] pci 0000:00:01.0: bridge configuration invalid ([bus 00-00]), reconfiguring
[    0.206114] pci 0000:01:00.0: [10ec:8168] type 00 class 0x020000
[    0.206137] pci 0000:01:00.0: reg 0x10: [io  0x0000-0x00ff]
[    0.206160] pci 0000:01:00.0: reg 0x18: [mem 0x00000000-0x00000fff 64bit pref]
[    0.206178] pci 0000:01:00.0: reg 0x20: [mem 0x00000000-0x00003fff 64bit pref]
[    0.206190] pci 0000:01:00.0: reg 0x30: [mem 0x00000000-0x0001ffff pref]
[    0.206205] pci 0000:01:00.0: IOMMU is currently not supported for PCI
[    0.206264] pci 0000:01:00.0: supports D1 D2
[    0.206272] pci 0000:01:00.0: PME# supported from D0 D1 D2 D3hot D3cold
[    0.211518] PCI: bus1: Fast back to back transfers disabled
[    0.211531] pci_bus 0000:01: busn_res: [bus 01-ff] end is updated to 01
[    0.211542] Disabling cpuidle LP2 state, since PCIe IRQs are in use
[    0.211595] pci 0000:00:01.0: BAR 8: assigned [mem 0xa0000000-0xa00fffff]
[    0.211607] pci 0000:00:01.0: BAR 9: assigned [mem 0xa8000000-0xa80fffff 64bit pref]
[    0.211617] pci 0000:00:01.0: BAR 7: assigned [io  0x1000-0x1fff]
[    0.211629] pci 0000:01:00.0: BAR 6: assigned [mem 0xa0000000-0xa001ffff pref]
[    0.211640] pci 0000:01:00.0: BAR 4: assigned [mem 0xa8000000-0xa8003fff 64bit pref]
[    0.211657] pci 0000:01:00.0: BAR 2: assigned [mem 0xa8004000-0xa8004fff 64bit pref]
[    0.211674] pci 0000:01:00.0: BAR 0: assigned [io  0x1000-0x10ff]
[    0.211684] pci 0000:00:01.0: PCI bridge to [bus 01]
[    0.211692] pci 0000:00:01.0:   bridge window [io  0x1000-0x1fff]
[    0.211701] pci 0000:00:01.0:   bridge window [mem 0xa0000000-0xa00fffff]
[    0.211710] pci 0000:00:01.0:   bridge window [mem 0xa8000000-0xa80fffff 64bit pref]
[    0.211729] pci 0000:00:01.0: nv_msi_ht_cap_quirk didn't locate host bridge
[    0.211791] pcieport 0000:00:01.0: enabling device (0140 -> 0143)
[    0.211933] pcieport 0000:00:01.0: Signaling PME through PCIe PME interrupt
[    0.211942] pci 0000:01:00.0: Signaling PME through PCIe PME interrupt
[    0.211951] pcie_pme 0000:00:01.0:pcie01: service driver pcie_pme loaded
[    0.213227] tegra-ahb 6000c004.ahb: incorrect AHB base address in DT data - enabling workaround
[    0.215308] tegra-apbdma 6000a000.dma: Tegra20 APB DMA driver register 16 channels
[    0.263253] Serial: 8250/16550 driver, 4 ports, IRQ sharing disabled
[    0.265020] SuperH (H)SCI(F) driver initialized
[    0.265575] msm_serial: driver initialized
[    0.266245] console [ttyS0] disabled
[    0.266280] 70006000.serial: ttyS0 at MMIO 0x70006000 (irq = 279, base_baud = 13500000) is a Tegra
[    1.261730] console [ttyS0] enabled
[    1.265776] STMicroelectronics ASC driver initialized
[    1.272304] [drm] Initialized drm 1.1.0 20060810
[    1.278244] 54280000.hdmi supply hdmi not found, using dummy regulator
[    1.287357] [drm] Supports vblank timestamp caching Rev 2 (21.10.2013).
[    1.293969] [drm] No driver support for vblank timestamp query.
[    1.299898] drm drm: No connectors reported connected with modes
[    1.305904] [drm] Cannot find any crtc or sizes - going 1024x768
[    1.327811] Console: switching to colour frame buffer device 128x48
[    1.342473] drm drm: fb0:  frame buffer device
[    1.346914] drm drm: registered panic notifier
[    1.361497] [drm] Initialized tegra 0.0.0 20120330 on minor 0
[    1.371748] loop: module loaded
[    1.378939] m25p80 spi32766.0: found s25fl008k, expected w25q80bl
[    1.385041] m25p80 spi32766.0: s25fl008k (1024 Kbytes)
[    1.392496] CAN device driver interface
[    1.397213] igb: Intel(R) Gigabit Ethernet Network Driver - version 5.2.15-k
[    1.404257] igb: Copyright (c) 2007-2014 Intel Corporation.
[    1.410321] r8169 Gigabit Ethernet driver 2.3LK-NAPI loaded
[    1.415917] r8169 0000:01:00.0: enabling device (0140 -> 0143)
[    1.422373] r8169 0000:01:00.0 eth0: RTL8168d/8111d at 0xf005c000, 00:01:c0:13:7d:63, XID 081000c0 IRQ 296
[    1.432027] r8169 0000:01:00.0 eth0: jumbo features [frames: 9200 bytes, tx checksumming: ko]
[    1.441691] pegasus: v0.9.3 (2013/04/25), Pegasus/Pegasus II USB Ethernet driver
[    1.449148] usbcore: registered new interface driver pegasus
[    1.454856] usbcore: registered new interface driver asix
[    1.460295] usbcore: registered new interface driver ax88179_178a
[    1.466424] usbcore: registered new interface driver cdc_ether
[    1.472306] usbcore: registered new interface driver smsc75xx
[    1.478101] usbcore: registered new interface driver smsc95xx
[    1.483882] usbcore: registered new interface driver net1080
[    1.489585] usbcore: registered new interface driver cdc_subset
[    1.495540] usbcore: registered new interface driver zaurus
[    1.501176] usbcore: registered new interface driver cdc_ncm
[    1.507117] tegra-phy c5004000.usb-phy: no vbus regulator
[    1.513607] tegra-phy c5008000.usb-phy: no vbus regulator
[    1.520089] ehci_hcd: USB 2.0 'Enhanced' Host Controller (EHCI) Driver
[    1.526624] ehci-pci: EHCI PCI platform driver
[    1.531100] ehci-platform: EHCI generic platform driver
[    1.536492] ehci-omap: OMAP-EHCI Host Controller driver
[    1.541817] ehci-orion: EHCI orion driver
[    1.545914] SPEAr-ehci: EHCI SPEAr driver
[    1.550029] ehci-st: EHCI STMicroelectronics driver
[    1.555010] ehci-exynos: EHCI EXYNOS driver
[    1.559327] tegra-ehci: Tegra EHCI driver
[    1.582692] ulpi_phy_power_on: ulpi write failed
[    1.587311] tegra-ehci c5004000.usb: Failed to power on the phy
[    1.593240] tegra-ehci: probe of c5004000.usb failed with error -110
[    1.602224] tegra-ehci c5008000.usb: EHCI Host Controller
[    1.607637] tegra-ehci c5008000.usb: new USB bus registered, assigned bus number 1
[    1.615503] tegra-ehci c5008000.usb: irq 290, io mem 0xc5008000
[    1.626502] tegra-ehci c5008000.usb: USB 2.0 started, EHCI 1.00
[    1.633030] hub 1-0:1.0: USB hub found
[    1.636822] hub 1-0:1.0: 1 port detected
[    1.641056] ohci_hcd: USB 1.1 'Open' Host Controller (OHCI) Driver
[    1.647251] ohci-pci: OHCI PCI platform driver
[    1.651746] ohci-platform: OHCI generic platform driver
[    1.657117] ohci-omap3: OHCI OMAP3 driver
[    1.661218] SPEAr-ohci: OHCI SPEAr driver
[    1.665343] ohci-st: OHCI STMicroelectronics driver
[    1.670405] usbcore: registered new interface driver usb-storage
[    1.677499] mousedev: PS/2 mouse device common for all mice
[    1.685070] rtc-em3027 2-0056: rtc core: registered rtc-em3027 as rtc0
[    1.692641] tegra_rtc 7000e000.rtc: rtc core: registered 7000e000.rtc as rtc1
[    1.699814] tegra_rtc 7000e000.rtc: Tegra internal Real Time Clock
[    1.706408] i2c /dev entries driver
[    1.711768] usbcore: registered new interface driver uvcvideo
[    1.717511] USB Video Class driver (1.1.1)
[    1.721609] gspca_main: v2.14.0 registered
[    1.729193] sdhci: Secure Digital Host Controller Interface driver
[    1.735373] sdhci: Copyright(c) Pierre Ossman
[    1.740787] Synopsys Designware Multimedia Card Interface Driver
[    1.747610] sdhci-pltfm: SDHCI platform and OF driver helper
[    1.753969] sdhci-tegra c8000000.sdhci: No vmmc regulator found
[    1.759893] sdhci-tegra c8000000.sdhci: No vqmmc regulator found
[    1.765892] mmc0: Invalid maximum block size, assuming 512 bytes
[    1.801503] mmc0: SDHCI controller on c8000000.sdhci [c8000000.sdhci] using ADMA
[    1.808983] sdhci-tegra c8000600.sdhci: Got CD GPIO
[    1.813874] sdhci-tegra c8000600.sdhci: Got WP GPIO
[    1.818925] sdhci-tegra c8000600.sdhci: No vmmc regulator found
[    1.824848] sdhci-tegra c8000600.sdhci: No vqmmc regulator found
[    1.830851] mmc1: Invalid maximum block size, assuming 512 bytes
[    1.866580] mmc1: SDHCI controller on c8000600.sdhci [c8000600.sdhci] using ADMA
[    1.874789] ledtrig-cpu: registered to indicate activity on CPUs
[    1.880988] usbcore: registered new interface driver usbhid
[    1.886570] usbhid: USB HID core driver
[    1.893115] usbcore: registered new interface driver snd-usb-audio
[    1.902969] tlv320aic23-codec 2-001a: Control not supported for path LLINEIN -> [NULL] -> Line Input
[    1.912100] tlv320aic23-codec 2-001a: ASoC: no dapm match for LLINEIN --> NULL --> Line Input
[    1.920626] tlv320aic23-codec 2-001a: ASoC: Failed to add route LLINEIN -> NULL -> Line Input
[    1.929148] tlv320aic23-codec 2-001a: Control not supported for path RLINEIN -> [NULL] -> Line Input
[    1.938274] tlv320aic23-codec 2-001a: ASoC: no dapm match for RLINEIN --> NULL --> Line Input
[    1.946527] usb 1-1: new high-speed USB device number 2 using tegra-ehci
[    1.953509] tlv320aic23-codec 2-001a: ASoC: Failed to add route RLINEIN -> NULL -> Line Input
[    1.962029] tlv320aic23-codec 2-001a: Control not supported for path MICIN -> [NULL] -> Mic Input
[    1.970896] tlv320aic23-codec 2-001a: ASoC: no dapm match for MICIN --> NULL --> Mic Input
[    1.979154] tlv320aic23-codec 2-001a: ASoC: Failed to add route MICIN -> NULL -> Mic Input
[    1.988037] tegra-snd-trimslice sound: tlv320aic23-hifi <-> 70002800.i2s mapping ok
[    1.997278] NET: Registered protocol family 17
[    2.001759] can: controller area network core (rev 20120528 abi 9)
[    2.007993] NET: Registered protocol family 29
[    2.012443] can: raw protocol (rev 20120528)
[    2.016716] can: broadcast manager protocol (rev 20120528 t)
[    2.022466] can: netlink gateway (rev 20130117) max_hops=1
[    2.028380] Key type dns_resolver registered
[    2.033107] ThumbEE CPU extension supported.
[    2.035566] mmc0: host does not support reading read-only switch, assuming write-enable
[    2.037553] mmc0: new high speed SDHC card at address b368
[    2.045465] mmcblk0: mmc0:b368 NCard 3.70 GiB 
[    2.052928]  mmcblk0: p1
[    2.057862] Registering SWP/SWPB emulation handler
[    2.068099] utmi_phy_clk_enable: timeout waiting for phy to stabilize
[    2.074577] tegra-ehci c5000000.usb: EHCI Host Controller
[    2.080007] tegra-ehci c5000000.usb: new USB bus registered, assigned bus number 2
[    2.087936] tegra-ehci c5000000.usb: irq 288, io mem 0xc5000000
[    2.126507] tegra-ehci c5000000.usb: USB 2.0 started, EHCI 1.00
[    2.133174] hub 2-0:1.0: USB hub found
[    2.137010] hub 2-0:1.0: 1 port detected
[    2.142097] hub 1-1:1.0: USB hub found
[    2.142396] input: gpio-keys as /devices/soc0/gpio-keys/input/input0
[    2.145854] rtc-em3027 2-0056: setting system clock to 2014-12-25 20:15:03 UTC (1419538503)
[    2.150293] ALSA device list:
[    2.150298]   #0: tegra-trimslice
[   2.167032] hub 1-1:1.0: 4 ports detected
[    2.173263] EXT4-fs (mmcblk0p1): mounting ext3 file system using the ext4 subsystem
[    2.187065] mmc1: new high speed SD card at address b368
[    2.192717] mmcblk1: mmc1:b368 NCard 1.83 GiB (ro)
[    2.199994]  mmcblk1: p1 p2
[    2.262381] EXT4-fs (mmcblk0p1): recovery complete
[    2.267191] EXT4-fs (mmcblk0p1): mounted filesystem with ordered data mode. Opts: (null)
[    2.275319] VFS: Mounted root (ext3 filesystem) on device 179:1.
[    2.289469] devtmpfs: mounted
[    2.293184] Freeing unused kernel memory: 820K (c0d53000 - c0e20000)
bash: cannot set terminal process group (-1): Inappropriate ioctl for device
bash: no job control in this shell
root@(none):/# 