
U-Boot SPL 2014.01-00219-gc4d376f (Feb 18 2014 - 19:57:32)


U-Boot 2014.01-00219-gc4d376f (Feb 18 2014 - 19:57:32)

TEGRA114
Board: NVIDIA Dalmore
I2C:   ready
DRAM:  2 GiB
MMC:   Tegra SD/MMC: 0, Tegra SD/MMC: 1
In:    serial
Out:   serial
Err:   serial
Net:   Net Initialization Skipped
No ethernet found.
Hit any key to stop autoboot:  2  0 
Tegra114 (Dalmore) # 
Tegra114 (Dalmore) # usb reset
(Re)start USB...
USB0:   USB EHCI 1.10
scanning bus 0 for devices... 2 USB Device(s) found
       scanning usb for storage devices... 0 Storage Device(s) found
       scanning usb for ethernet devices... 
Warning: asx0 using MAC address from net device
1 Ethernet Device(s) found
Tegra114 (Dalmore) # setenv bootargs 'ignore_loglevel console=ttyS0,115200n8 rw root=/dev/mmcblk0p1 rootwait gpt debug init=/bin/bash'
Tegra114 (Dalmore) # setenv ipaddr 192.168.100.100; setenv serverip 192.168.100.1; setenv tftpserverip 192.168.100.1
Tegra114 (Dalmore) # tftpboot 0x81000000 zImage.multi_v7_defconfig
Using asx0 device
TFTP from server 192.168.100.1; our IP address is 192.168.100.100
Filename 'zImage.multi_v7_defconfig'.
Load address: 0x81000000
Loading: *#################################################################
	 #################################################################
	 #################################################################
	 #################################################################
	 #################################################################
	 #################################################################
	 ###########################################
	 3.3 MiB/s
done
Bytes transferred = 6346528 (60d720 hex)
Tegra114 (Dalmore) # tftpboot 0x82000000 tegra114-dalmore.dtb
Using asx0 device
TFTP from server 192.168.100.1; our IP address is 192.168.100.100
Filename 'tegra114-dalmore.dtb'.
Load address: 0x82000000
Loading: *###
	 2.8 MiB/s
done
Bytes transferred = 34894 (884e hex)
Tegra114 (Dalmore) # bootz 0x81000000 - 0x82000000
Kernel image @ 0x81000000 [ 0x000000 - 0x60d720 ]
## Flattened Device Tree blob at 82000000
   Booting using the fdt blob at 0x82000000
   Loading Device Tree to 8fff4000, end 8ffff84d ... OK

Starting kernel ...

[    0.000000] Booting Linux on physical CPU 0x0
[    0.000000] Linux version 4.2.0-rc4-next-20150728-32557-g67b3234 (pwalmsley@sellafield) (gcc version 4.7.3 20130328 (prerelease) (crosstool-NG linaro-1.13.1-4.7-2013.04-20130415 - Linaro GCC 2013.04) ) #1 SMP Thu Jul 30 09:01:28 PDT 2015
[    0.000000] CPU: ARMv7 Processor [412fc0f2] revision 2 (ARMv7), cr=10c5387d
[    0.000000] CPU: PIPT / VIPT nonaliasing data cache, PIPT instruction cache
[    0.000000] Machine model: NVIDIA Tegra114 Dalmore evaluation board
[    0.000000] debug: ignoring loglevel setting.
[    0.000000] cma: Reserved 64 MiB at 0xfb800000
[    0.000000] Memory policy: Data cache writealloc
[    0.000000] On node 0 totalpages: 524032
[    0.000000] free_area_init_node: node 0, pgdat c0f48000, node_mem_map ee7f8000
[    0.000000]   DMA zone: 1520 pages used for memmap
[    0.000000]   DMA zone: 0 pages reserved
[    0.000000]   DMA zone: 194560 pages, LIFO batch:31
[    0.000000]   HighMem zone: 329472 pages, LIFO batch:31
[    0.000000] PERCPU: Embedded 12 pages/cpu @ee7a3000 s19200 r8192 d21760 u49152
[    0.000000] pcpu-alloc: s19200 r8192 d21760 u49152 alloc=12*4096
[    0.000000] pcpu-alloc: [0] 0 [0] 1 [0] 2 [0] 3 
[    0.000000] Built 1 zonelists in Zone order, mobility grouping on.  Total pages: 522512
[    0.000000] Kernel command line: ignore_loglevel console=ttyS0,115200n8 rw root=/dev/mmcblk0p1 rootwait gpt debug init=/bin/bash
[    0.000000] PID hash table entries: 4096 (order: 2, 16384 bytes)
[    0.000000] Dentry cache hash table entries: 131072 (order: 7, 524288 bytes)
[    0.000000] Inode-cache hash table entries: 65536 (order: 6, 262144 bytes)
[    0.000000] Memory: 1999084K/2096128K available (7973K kernel code, 1016K rwdata, 3576K rodata, 1004K init, 340K bss, 31508K reserved, 65536K cma-reserved, 1252352K highmem)
[    0.000000] Virtual kernel memory layout:
[    0.000000]     vector  : 0xffff0000 - 0xffff1000   (   4 kB)
[    0.000000]     fixmap  : 0xffc00000 - 0xfff00000   (3072 kB)
[    0.000000]     vmalloc : 0xf0000000 - 0xff000000   ( 240 MB)
[    0.000000]     lowmem  : 0xc0000000 - 0xef800000   ( 760 MB)
[    0.000000]     pkmap   : 0xbfe00000 - 0xc0000000   (   2 MB)
[    0.000000]     modules : 0xbf000000 - 0xbfe00000   (  14 MB)
[    0.000000]       .text : 0xc0208000 - 0xc0d504a4   (11554 kB)
[    0.000000]       .init : 0xc0d51000 - 0xc0e4c000   (1004 kB)
[    0.000000]       .data : 0xc0e4c000 - 0xc0f4a000   (1016 kB)
[    0.000000]        .bss : 0xc0f4c000 - 0xc0fa1260   ( 341 kB)
[    0.000000] SLUB: HWalign=64, Order=0-3, MinObjects=0, CPUs=4, Nodes=1
[    0.000000] Hierarchical RCU implementation.
[    0.000000] 	Build-time adjustment of leaf fanout to 32.
[    0.000000] 	RCU restricting CPUs from NR_CPUS=16 to nr_cpu_ids=4.
[    0.000000] RCU: Adjusting geometry for rcu_fanout_leaf=32, nr_cpu_ids=4
[    0.000000] NR_IRQS:16 nr_irqs:16 16
[    0.000000] /interrupt-controller@60004000: 160 interrupts forwarded to /interrupt-controller@50041000
[    0.000000] L2C: failed to init: -19
[    0.000009] sched_clock: 32 bits at 1000kHz, resolution 1000ns, wraps every 2147483647500ns
[    0.000028] clocksource: timer_us: mask: 0xffffffff max_cycles: 0xffffffff, max_idle_ns: 1911260446275 ns
[    0.000042] Switching to timer-based delay loop, resolution 1000ns
[    0.002866] Architected cp15 timer(s) running at 12.00MHz (virt).
[    0.002884] clocksource: arch_sys_counter: mask: 0xffffffffffffff max_cycles: 0x2c47f4ee7, max_idle_ns: 440795202497 ns
[    0.002902] sched_clock: 56 bits at 12MHz, resolution 83ns, wraps every 4398046511096ns
[    0.002915] Switching to timer-based delay loop, resolution 83ns
[    0.003275] Console: colour dummy device 80x30
[    0.003301] Calibrating delay loop (skipped), value calculated using timer frequency.. 24.00 BogoMIPS (lpj=60000)
[    0.003316] pid_max: default: 32768 minimum: 301
[    0.003427] Mount-cache hash table entries: 2048 (order: 1, 8192 bytes)
[    0.003439] Mountpoint-cache hash table entries: 2048 (order: 1, 8192 bytes)
[    0.004046] CPU: Testing write buffer coherency: ok
[    0.004257] /cpus/cpu@0 missing clock-frequency property
[    0.004284] /cpus/cpu@1 missing clock-frequency property
[    0.004312] /cpus/cpu@2 missing clock-frequency property
[    0.004341] /cpus/cpu@3 missing clock-frequency property
[    0.004354] CPU0: thread -1, cpu 0, socket 0, mpidr 80000000
[    0.004400] Setting up static identity map for 0x80209000 - 0x80209098
[    0.006650] Tegra Revision: A01 SKU: 0 CPU Process: 1 SoC Process: 0
[    0.007888] CPU1: thread -1, cpu 1, socket 0, mpidr 80000001
[    0.008505] CPU2: thread -1, cpu 2, socket 0, mpidr 80000002
[    0.009107] CPU3: thread -1, cpu 3, socket 0, mpidr 80000003
[    0.009170] Brought up 4 CPUs
[    0.009191] SMP: Total of 4 processors activated (96.00 BogoMIPS).
[    0.009198] CPU: All CPU(s) started in SVC mode.
[    0.009748] devtmpfs: initialized
[    0.021009] VFP support v0.3: implementor 41 architecture 4 part 30 variant f rev 0
[    0.021666] clocksource: jiffies: mask: 0xffffffff max_cycles: 0xffffffff, max_idle_ns: 9556302231375000 ns
[    0.023341] pinctrl core: initialized pinctrl subsystem
[    0.024937] NET: Registered protocol family 16
[    0.027021] DMA: preallocated 256 KiB pool for atomic coherent allocations
[    0.042797] cpuidle: using governor ladder
[    0.057815] cpuidle: using governor menu
[    0.072232] No ATAGs?
[    0.072267] hw-breakpoint: found 5 (+1 reserved) breakpoint and 4 watchpoint registers.
[    0.072278] hw-breakpoint: maximum watchpoint size is 8 bytes.
[    0.076421] Serial: AMBA PL011 UART driver
[    0.077579] tegra-mc 70019000.memory-controller: no memory timings for RAM code 3 registered
[    0.107485] dvdd_ts: Failed to request enable GPIO61: -517
[    0.107611] reg-fixed-voltage regulators:regulator@1: Failed to register regulator: -517
[    0.107837] usb1_vbus: Failed to request enable GPIO108: -517
[    0.107950] reg-fixed-voltage regulators:regulator@3: Failed to register regulator: -517
[    0.108194] usb2_vbus: Failed to request enable GPIO86: -517
[    0.108308] reg-fixed-voltage regulators:regulator@4: Failed to register regulator: -517
[    0.108834] VDD_5V0_HDMI_CON: Failed to request enable GPIO81: -517
[    0.108954] reg-fixed-voltage regulators:regulator@7: Failed to register regulator: -517
[    0.111488] vgaarb: loaded
[    0.112335] SCSI subsystem initialized
[    0.112517] libata version 3.00 loaded.
[    0.112860] usbcore: registered new interface driver usbfs
[    0.112931] usbcore: registered new interface driver hub
[    0.113012] usbcore: registered new device driver usb
[    0.116636] tps65090 2-0048: No cache defaults, reading back from HW
[    0.122875] palmas 2-0058: Irq flag is 0x00000000
[    0.126075] palmas 2-0058: Muxing GPIO ff, PWM 0, LED 0
[    0.135745] sdhci-vdd-sd-slot: ramp_delay not set
[    0.161103] pps_core: LinuxPPS API ver. 1 registered
[    0.161113] pps_core: Software ver. 5.3.6 - Copyright 2005-2007 Rodolfo Giometti <giometti@linux.it>
[    0.161147] PTP clock support registered
[    0.161390] EDAC MC: Ver: 3.0.0
[    0.163898] clocksource: Switched to clocksource arch_sys_counter
[    0.175285] NET: Registered protocol family 2
[    0.175826] TCP established hash table entries: 8192 (order: 3, 32768 bytes)
[    0.175926] TCP bind hash table entries: 8192 (order: 4, 65536 bytes)
[    0.176113] TCP: Hash tables configured (established 8192 bind 8192)
[    0.176164] UDP hash table entries: 512 (order: 2, 16384 bytes)
[    0.176206] UDP-Lite hash table entries: 512 (order: 2, 16384 bytes)
[    0.176386] NET: Registered protocol family 1
[    0.176636] RPC: Registered named UNIX socket transport module.
[    0.176646] RPC: Registered udp transport module.
[    0.176654] RPC: Registered tcp transport module.
[    0.176661] RPC: Registered tcp NFSv4.1 backchannel transport module.
[    0.176684] PCI: CLS 0 bytes, default 64
[    0.179132] futex hash table entries: 1024 (order: 4, 65536 bytes)
[    0.193832] squashfs: version 4.0 (2009/01/31) Phillip Lougher
[    0.194829] NFS: Registering the id_resolver key type
[    0.194865] Key type id_resolver registered
[    0.194873] Key type id_legacy registered
[    0.194955] ntfs: driver 2.1.32 [Flags: R/O].
[    0.196090] bounce: pool size: 64 pages
[    0.196318] Block layer SCSI generic (bsg) driver version 0.4 loaded (major 249)
[    0.196339] io scheduler noop registered
[    0.196358] io scheduler deadline registered
[    0.196574] io scheduler cfq registered (default)
[    0.215408] vdd-lcd-bl: supplied by vdd_ac_bat
[    0.217066] tegra-ahb 6000c004.ahb: incorrect AHB base address in DT data - enabling workaround
[    0.222186] tegra-apbdma 6000a000.dma: Tegra20 APB DMA driver register 32 channels
[    0.223546] tegra-pmc 7000e400.pmc: i2c-thermtrip node not found, emergency thermal reset disabled.
[    0.291098] Serial: 8250/16550 driver, 4 ports, IRQ sharing disabled
[    0.293595] SuperH (H)SCI(F) driver initialized
[    0.294553] msm_serial: driver initialized
[    0.295461] console [ttyS0] disabled
[    0.295496] 70006300.serial: ttyS0 at MMIO 0x70006300 (irq = 329, base_baud = 25500000) is a Tegra
[    1.107805] console [ttyS0] enabled
[    1.112114] STMicroelectronics ASC driver initialized
[    1.119403] [drm] Initialized drm 1.1.0 20060810
[    1.126004] vdd-ao: supplied by vdd_ac_bat
[    1.130342] vddio-1v8: supplied by vdd-ao
[    1.134751] avdd-dsi-csi: supplied by vddio-1v8
[    1.141341] tegra-hdmi 54280000.hdmi: failed to get HDMI regulator
[    1.149293] vdd-sys-3v3: supplied by vdd_ac_bat
[    1.154037] avdd-lcd: supplied by vdd-sys-3v3
[    1.164717] loop: module loaded
[    1.174560] m25p80 spi32766.0: w25q32dw (4096 Kbytes)
[    1.182954] CAN device driver interface
[    1.188034] igb: Intel(R) Gigabit Ethernet Network Driver - version 5.3.0-k
[    1.195006] igb: Copyright (c) 2007-2014 Intel Corporation.
[    1.203472] pegasus: v0.9.3 (2013/04/25), Pegasus/Pegasus II USB Ethernet driver
[    1.210939] usbcore: registered new interface driver pegasus
[    1.216679] usbcore: registered new interface driver asix
[    1.222141] usbcore: registered new interface driver ax88179_178a
[    1.228293] usbcore: registered new interface driver cdc_ether
[    1.234207] usbcore: registered new interface driver smsc75xx
[    1.240040] usbcore: registered new interface driver smsc95xx
[    1.245849] usbcore: registered new interface driver net1080
[    1.251569] usbcore: registered new interface driver cdc_subset
[    1.257548] usbcore: registered new interface driver zaurus
[    1.263218] usbcore: registered new interface driver cdc_ncm
[    1.270886] ehci_hcd: USB 2.0 'Enhanced' Host Controller (EHCI) Driver
[    1.277431] ehci-pci: EHCI PCI platform driver
[    1.281951] ehci-platform: EHCI generic platform driver
[    1.287394] ehci-omap: OMAP-EHCI Host Controller driver
[    1.292772] ehci-orion: EHCI orion driver
[    1.296935] SPEAr-ehci: EHCI SPEAr driver
[    1.301101] ehci-st: EHCI STMicroelectronics driver
[    1.306136] ehci-exynos: EHCI EXYNOS driver
[    1.310494] ehci-atmel: EHCI Atmel driver
[    1.314658] tegra-ehci: Tegra EHCI driver
[    1.318989] ohci_hcd: USB 1.1 'Open' Host Controller (OHCI) Driver
[    1.325192] ohci-pci: OHCI PCI platform driver
[    1.329704] ohci-platform: OHCI generic platform driver
[    1.335103] ohci-omap3: OHCI OMAP3 driver
[    1.339269] SPEAr-ohci: OHCI SPEAr driver
[    1.343418] ohci-st: OHCI STMicroelectronics driver
[    1.348456] ohci-atmel: OHCI Atmel driver
[    1.352700] usbcore: registered new interface driver usb-storage
[    1.360264] mousedev: PS/2 mouse device common for all mice
[    1.371173] palmas-rtc 7000d000.i2c:tps65913@58:rtc: rtc core: registered 7000d000.i2c:tps659 as rtc0
[    1.382339] tegra_rtc 7000e000.rtc: rtc core: registered 7000e000.rtc as rtc1
[    1.389528] tegra_rtc 7000e000.rtc: Tegra internal Real Time Clock
[    1.396287] i2c /dev entries driver
[    1.403043] sbs-battery 0-000b: sbs_probe: Failed to get device status
[    1.409596] sbs-battery: probe of 0-000b failed with error -121
[    1.418259] vdd-sensor-2v85: supplied by vdd-sys-3v3
[    1.430138] sdhci: Secure Digital Host Controller Interface driver
[    1.436325] sdhci: Copyright(c) Pierre Ossman
[    1.442247] Synopsys Designware Multimedia Card Interface Driver
[    1.449380] sdhci-pltfm: SDHCI platform and OF driver helper
[    1.455754] sdhci-tegra 78000400.sdhci: Got CD GPIO
[    1.460659] sdhci-tegra 78000400.sdhci: Got WP GPIO
[    1.466657] sdhci-tegra 78000400.sdhci: No vmmc regulator found
[    1.472587] sdhci-tegra 78000400.sdhci: No vqmmc regulator found
[    1.478598] mmc0: Invalid maximum block size, assuming 512 bytes
[    1.519036] mmc0: SDHCI controller on 78000400.sdhci [78000400.sdhci] using ADMA
[    1.526691] sdhci-tegra 78000600.sdhci: No vmmc regulator found
[    1.532627] sdhci-tegra 78000600.sdhci: No vqmmc regulator found
[    1.538645] mmc1: Invalid maximum block size, assuming 512 bytes
[    1.578918] mmc1: SDHCI controller on 78000600.sdhci [78000600.sdhci] using ADMA
[    1.587558] ledtrig-cpu: registered to indicate activity on CPUs
[    1.593795] usbcore: registered new interface driver usbhid
[    1.599378] usbhid: USB HID core driver
[    1.611997] NET: Registered protocol family 10
[    1.617222] sit: IPv6 over IPv4 tunneling driver
[    1.624613] NET: Registered protocol family 17
[    1.629092] can: controller area network core (rev 20120528 abi 9)
[    1.637357] NET: Registered protocol family 29
[    1.641826] can: raw protocol (rev 20120528)
[    1.648123] can: broadcast manager protocol (rev 20120528 t)
[    1.653807] can: netlink gateway (rev 20130117) max_hops=1
[    1.663737] Key type dns_resolver registered
[    1.668649] ThumbEE CPU extension supported.
[    1.674974] Registering SWP/SWPB emulation handler
[    1.689513] vdd-sys-5v0: supplied by vdd_ac_bat
[    1.694797] VDD_5V0_HDMI_CON: supplied by vdd-sys-5v0
[    1.701334] vdd_hdmi_5v0: supplied by vdd-sys-5v0
[    1.710206] ------------[ cut here ]------------
[    1.714882] WARNING: CPU: 1 PID: 57 at include/drm/drm_crtc.h:1579 drm_mode_config_reset+0x11c/0x124()
[    1.723527] mmc1: MAN_BKOPS_EN bit is not set
[    1.727570] mmc1: new high speed MMC card at address 0001
[    1.728381] mmcblk0: mmc1:0001 SEM32G 29.1 GiB 
[    1.728964] mmcblk0boot0: mmc1:0001 SEM32G partition 1 4.00 MiB
[    1.729779] mmcblk0boot1: mmc1:0001 SEM32G partition 2 4.00 MiB
[    1.730294] mmcblk0rpmb: mmc1:0001 SEM32G partition 3 4.00 MiB
[    1.734191]  mmcblk0: p1 p2 p3 p4 p5 p6 p7 p8
[    1.760601] Modules linked in:
[    1.763672] CPU: 1 PID: 57 Comm: kworker/u8:1 Not tainted 4.2.0-rc4-next-20150728-32557-g67b3234 #1
[    1.772738] Hardware name: NVIDIA Tegra SoC (Flattened Device Tree)
[    1.779037] Workqueue: deferwq deferred_probe_work_func
[    1.784321] [<c0217e00>] (unwind_backtrace) from [<c02136cc>] (show_stack+0x10/0x14)
[    1.792111] [<c02136cc>] (show_stack) from [<c09859e0>] (dump_stack+0x78/0x94)
[    1.799381] [<c09859e0>] (dump_stack) from [<c0248144>] (warn_slowpath_common+0x74/0xb0)
[    1.807513] [<c0248144>] (warn_slowpath_common) from [<c024819c>] (warn_slowpath_null+0x1c/0x24)
[    1.816342] [<c024819c>] (warn_slowpath_null) from [<c05c2f84>] (drm_mode_config_reset+0x11c/0x124)
[    1.825429] [<c05c2f84>] (drm_mode_config_reset) from [<c05f91b0>] (tegra_drm_load+0x144/0x224)
[    1.834157] [<c05f91b0>] (tegra_drm_load) from [<c05beb28>] (drm_dev_register+0xa0/0xb4)
[    1.842292] [<c05beb28>] (drm_dev_register) from [<c05f8d38>] (host1x_drm_probe+0x44/0xb0)
[    1.850598] [<c05f8d38>] (host1x_drm_probe) from [<c05a1258>] (host1x_device_probe+0x1c/0x28)
[    1.859159] [<c05a1258>] (host1x_device_probe) from [<c060f55c>] (driver_probe_device+0x1c8/0x26c)
[    1.868157] [<c060f55c>] (driver_probe_device) from [<c060dc64>] (bus_for_each_drv+0x44/0x8c)
[    1.876725] [<c060dc64>] (bus_for_each_drv) from [<c060f31c>] (__device_attach+0x88/0xd8)
[    1.884944] [<c060f31c>] (__device_attach) from [<c060eadc>] (bus_probe_device+0x84/0x8c)
[    1.893162] [<c060eadc>] (bus_probe_device) from [<c060d008>] (device_add+0x33c/0x524)
[    1.901124] [<c060d008>] (device_add) from [<c05a1464>] (host1x_subdev_register+0xb0/0xd4)
[    1.909433] [<c05a1464>] (host1x_subdev_register) from [<c05a1d24>] (host1x_client_register+0xf4/0x11c)
[    1.918869] [<c05a1d24>] (host1x_client_register) from [<c0602430>] (tegra_hdmi_probe+0x170/0x250)
[    1.927874] [<c0602430>] (tegra_hdmi_probe) from [<c0610b1c>] (platform_drv_probe+0x48/0xa4)
[    1.936357] [<c0610b1c>] (platform_drv_probe) from [<c060f55c>] (driver_probe_device+0x1c8/0x26c)
[    1.945282] [<c060f55c>] (driver_probe_device) from [<c060dc64>] (bus_for_each_drv+0x44/0x8c)
[    1.953846] [<c060dc64>] (bus_for_each_drv) from [<c060f31c>] (__device_attach+0x88/0xd8)
[    1.962067] [<c060f31c>] (__device_attach) from [<c060eadc>] (bus_probe_device+0x84/0x8c)
[    1.970287] [<c060eadc>] (bus_probe_device) from [<c060eeb4>] (deferred_probe_work_func+0x5c/0x88)
[    1.979292] [<c060eeb4>] (deferred_probe_work_func) from [<c025b068>] (process_one_work+0x134/0x338)
[    1.988462] [<c025b068>] (process_one_work) from [<c025b2c8>] (worker_thread+0x28/0x4cc)
[    1.996597] [<c025b2c8>] (worker_thread) from [<c0260418>] (kthread+0xd8/0xf4)
[    2.003863] [<c0260418>] (kthread) from [<c0210a28>] (ret_from_fork+0x14/0x2c)
[    2.011123] ---[ end trace 11933d2107a97467 ]---
[    2.015774] [drm] Supports vblank timestamp caching Rev 2 (21.10.2013).
[    2.022413] [drm] No driver support for vblank timestamp query.
[    2.070292] Console: switching to colour frame buffer device 240x75
[    2.098049] drm drm: fb0:  frame buffer device
[    2.113941] [drm] Initialized tegra 0.0.0 20120330 on minor 0
[    2.120735] usb2_vbus: supplied by vdd-sys-5v0
[    2.127338] tegra-ehci 7d008000.usb: EHCI Host Controller
[    2.132815] tegra-ehci 7d008000.usb: new USB bus registered, assigned bus number 1
[    2.141063] tegra-ehci 7d008000.usb: irq 339, io mem 0x7d008000
[    2.154055] tegra-ehci 7d008000.usb: USB 2.0 started, EHCI 1.10
[    2.161120] hub 1-0:1.0: USB hub found
[    2.164997] hub 1-0:1.0: 1 port detected
[    2.170675] input: gpio-keys as /devices/soc0/gpio-keys/input/input0
[    2.179077] palmas-rtc 7000d000.i2c:tps65913@58:rtc: setting system clock to 2000-02-10 00:54:21 UTC (950144061)
[    2.200276] vdd_cam_1v8_reg: disabling
[    2.204040] usb1_vbus: disabling
[    2.207262] dvdd_ts: disabling
[    2.215307] EXT4-fs (mmcblk0p1): mounting ext3 file system using the ext4 subsystem
[    2.243830] EXT4-fs (mmcblk0p1): recovery complete
[    2.248674] EXT4-fs (mmcblk0p1): mounted filesystem with ordered data mode. Opts: (null)
[    2.256820] VFS: Mounted root (ext3 filesystem) on device 179:1.
[    2.267711] devtmpfs: mounted
[    2.271535] Freeing unused kernel memory: 1004K (c0d51000 - c0e4c000)
bash: cannot set terminal process group (-1): Inappropriate ioctl for device
bash: no job control in this shell
root@(none):/# [    2.479060] usb 1-1: new high-speed USB device number 2 using tegra-ehci
