
U-Boot SPL 2014.01-00219-gc4d376f (Feb 18 2014 - 19:57:32)


U-Boot 2014.01-00219-gc4d376f (Feb 18 2014 - 19:57:32)

TEGRA114
Board: NVIDIA Dalmore
I2C:   ready
DRAM:  2 GiB
MMC:   Tegra SD/MMC: 0, Tegra SD/MMC: 1
In:    serial
Out:   serial
Err:   serial
Net:   Net Initialization Skipped
No ethernet found.
Hit any key to stop autoboot:  2  0 
Tegra114 (Dalmore) # 
Tegra114 (Dalmore) # usb reset
(Re)start USB...
USB0:   USB EHCI 1.10
scanning bus 0 for devices... 2 USB Device(s) found
       scanning usb for storage devices... 0 Storage Device(s) found
       scanning usb for ethernet devices... 
Warning: asx0 using MAC address from net device
1 Ethernet Device(s) found
Tegra114 (Dalmore) # setenv bootargs 'ignore_loglevel console=ttyS0,115200n8 rw root=/dev/mmcblk0p1 rootwait gpt debug earlyprintk init=/bin/bash'
Tegra114 (Dalmore) # setenv ipaddr 192.168.100.100; setenv serverip 192.168.100.1; setenv tftpserverip 192.168.100.1
Tegra114 (Dalmore) # tftpboot 0x81000000 zImage.multi_v7_defconfig
Using asx0 device
TFTP from server 192.168.100.1; our IP address is 192.168.100.100
Filename 'zImage.multi_v7_defconfig'.
Load address: 0x81000000
Loading: *#################################################################
	 #################################################################
	 #################################################################
	 #################################################################
	 #################################################################
	 #################################################################
	 #########
	 3.4 MiB/s
done
Bytes transferred = 5854224 (595410 hex)
Tegra114 (Dalmore) # tftpboot 0x82000000 tegra114-dalmore.dtb
Using asx0 device
TFTP from server 192.168.100.1; our IP address is 192.168.100.100
Filename 'tegra114-dalmore.dtb'.
Load address: 0x82000000
Loading: *###
	 3.3 MiB/s
done
Bytes transferred = 34638 (874e hex)
Tegra114 (Dalmore) # bootz 0x81000000 - 0x82000000
Kernel image @ 0x81000000 [ 0x000000 - 0x595410 ]
## Flattened Device Tree blob at 82000000
   Booting using the fdt blob at 0x82000000
   Loading Device Tree to 8fff4000, end 8ffff74d ... OK

Starting kernel ...

[    0.000000] Booting Linux on physical CPU 0x0
[    0.000000] Linux version 4.0.0-rc1-next-20150224-01388-g075b7ac (pwalmsley@sellafield) (gcc version 4.7.3 20130328 (prerelease) (crosstool-NG linaro-1.13.1-4.7-2013.04-20130415 - Linaro GCC 2013.04) ) #1 SMP Tue Feb 9 08:55:54 PST 2016
[    0.000000] CPU: ARMv7 Processor [412fc0f2] revision 2 (ARMv7), cr=10c5387d
[    0.000000] CPU: PIPT / VIPT nonaliasing data cache, PIPT instruction cache
[    0.000000] Machine model: NVIDIA Tegra114 Dalmore evaluation board
[    0.000000] debug: ignoring loglevel setting.
[    0.000000] cma: Reserved 64 MiB at 0xfb800000
[    0.000000] Memory policy: Data cache writealloc
[    0.000000] On node 0 totalpages: 524032
[    0.000000] free_area_init_node: node 0, pgdat c0e3dd40, node_mem_map ee7f8000
[    0.000000]   DMA zone: 1520 pages used for memmap
[    0.000000]   DMA zone: 0 pages reserved
[    0.000000]   DMA zone: 194560 pages, LIFO batch:31
[    0.000000]   HighMem zone: 329472 pages, LIFO batch:31
[    0.000000] PERCPU: Embedded 11 pages/cpu @ee7a7000 s12480 r8192 d24384 u45056
[    0.000000] pcpu-alloc: s12480 r8192 d24384 u45056 alloc=11*4096
[    0.000000] pcpu-alloc: [0] 0 [0] 1 [0] 2 [0] 3 
[    0.000000] Built 1 zonelists in Zone order, mobility grouping on.  Total pages: 522512
[    0.000000] Kernel command line: ignore_loglevel console=ttyS0,115200n8 rw root=/dev/mmcblk0p1 rootwait gpt debug earlyprintk init=/bin/bash
[    0.000000] PID hash table entries: 4096 (order: 2, 16384 bytes)
[    0.000000] Dentry cache hash table entries: 131072 (order: 7, 524288 bytes)
[    0.000000] Inode-cache hash table entries: 65536 (order: 6, 262144 bytes)
[    0.000000] Memory: 2000204K/2096128K available (7610K kernel code, 927K rwdata, 3188K rodata, 784K init, 308K bss, 30388K reserved, 65536K cma-reserved, 1252352K highmem)
[    0.000000] Virtual kernel memory layout:
[    0.000000]     vector  : 0xffff0000 - 0xffff1000   (   4 kB)
[    0.000000]     fixmap  : 0xffc00000 - 0xfff00000   (3072 kB)
[    0.000000]     vmalloc : 0xf0000000 - 0xff000000   ( 240 MB)
[    0.000000]     lowmem  : 0xc0000000 - 0xef800000   ( 760 MB)
[    0.000000]     pkmap   : 0xbfe00000 - 0xc0000000   (   2 MB)
[    0.000000]     modules : 0xbf000000 - 0xbfe00000   (  14 MB)
[    0.000000]       .text : 0xc0208000 - 0xc0c93c1c   (10800 kB)
[    0.000000]       .init : 0xc0c94000 - 0xc0d58000   ( 784 kB)
[    0.000000]       .data : 0xc0d58000 - 0xc0e3fca0   ( 928 kB)
[    0.000000]        .bss : 0xc0e3fca0 - 0xc0e8cce8   ( 309 kB)
[    0.000000] SLUB: HWalign=64, Order=0-3, MinObjects=0, CPUs=4, Nodes=1
[    0.000000] Hierarchical RCU implementation.
[    0.000000] 	Additional per-CPU info printed with stalls.
[    0.000000] 	RCU restricting CPUs from NR_CPUS=8 to nr_cpu_ids=4.
[    0.000000] RCU: Adjusting geometry for rcu_fanout_leaf=16, nr_cpu_ids=4
[    0.000000] NR_IRQS:16 nr_irqs:16 16
[    0.000000] L2C: failed to init: -19
[    0.000009] sched_clock: 32 bits at 1000kHz, resolution 1000ns, wraps every 2147483648000ns
[    0.000031] Switching to timer-based delay loop, resolution 1000ns
[    0.002697] Architected cp15 timer(s) running at 12.00MHz (virt).
[    0.002720] sched_clock: 56 bits at 12MHz, resolution 83ns, wraps every 2863311536128ns
[    0.002734] Switching to timer-based delay loop, resolution 83ns
[    0.003076] Console: colour dummy device 80x30
[    0.003100] Calibrating delay loop (skipped), value calculated using timer frequency.. 24.00 BogoMIPS (lpj=60000)
[    0.003115] pid_max: default: 32768 minimum: 301
[    0.003225] Mount-cache hash table entries: 2048 (order: 1, 8192 bytes)
[    0.003236] Mountpoint-cache hash table entries: 2048 (order: 1, 8192 bytes)
[    0.003848] CPU: Testing write buffer coherency: ok
[    0.004052] /cpus/cpu@0 missing clock-frequency property
[    0.004081] /cpus/cpu@1 missing clock-frequency property
[    0.004108] /cpus/cpu@2 missing clock-frequency property
[    0.004137] /cpus/cpu@3 missing clock-frequency property
[    0.004151] CPU0: thread -1, cpu 0, socket 0, mpidr 80000000
[    0.004194] Setting up static identity map for 0x80931a08 - 0x80931aa0
[    0.006302] Tegra Revision: A01 SKU: 0 CPU Process: 1 Core Process: 0
[    0.007367] CPU1: thread -1, cpu 1, socket 0, mpidr 80000001
[    0.007923] CPU2: thread -1, cpu 2, socket 0, mpidr 80000002
[    0.008445] CPU3: thread -1, cpu 3, socket 0, mpidr 80000003
[    0.008512] Brought up 4 CPUs
[    0.008533] SMP: Total of 4 processors activated (96.00 BogoMIPS).
[    0.008541] CPU: All CPU(s) started in SVC mode.
[    0.009077] devtmpfs: initialized
[    0.009977] VFP support v0.3: implementor 41 architecture 4 part 30 variant f rev 0
[    0.011892] pinctrl core: initialized pinctrl subsystem
[    0.023861] NET: Registered protocol family 16
[    0.025957] DMA: preallocated 256 KiB pool for atomic coherent allocations
[    0.042587] cpuidle: using governor ladder
[    0.057604] cpuidle: using governor menu
[    0.071299] No ATAGs?
[    0.071332] hw-breakpoint: found 5 (+1 reserved) breakpoint and 4 watchpoint registers.
[    0.071343] hw-breakpoint: maximum watchpoint size is 8 bytes.
[    0.074511] Serial: AMBA PL011 UART driver
[    0.101415] dvdd_ts: Failed to request enable GPIO61: -517
[    0.101530] reg-fixed-voltage regulators:regulator@1: Failed to register regulator: -517
[    0.101553] platform regulators:regulator@1: Driver reg-fixed-voltage requests probe deferral
[    0.101742] usb1_vbus: Failed to request enable GPIO108: -517
[    0.101848] reg-fixed-voltage regulators:regulator@3: Failed to register regulator: -517
[    0.101869] platform regulators:regulator@3: Driver reg-fixed-voltage requests probe deferral
[    0.102055] usb2_vbus: Failed to request enable GPIO86: -517
[    0.102157] reg-fixed-voltage regulators:regulator@4: Failed to register regulator: -517
[    0.102178] platform regulators:regulator@4: Driver reg-fixed-voltage requests probe deferral
[    0.102369] reg-fixed-voltage regulators:regulator@5: Failed to find supply vin
[    0.102472] reg-fixed-voltage regulators:regulator@5: Failed to register regulator: -517
[    0.102492] platform regulators:regulator@5: Driver reg-fixed-voltage requests probe deferral
[    0.102570] platform regulators:regulator@6: Driver reg-fixed-voltage requests probe deferral
[    0.102776] VDD_5V0_HDMI_CON: Failed to request enable GPIO81: -517
[    0.102878] reg-fixed-voltage regulators:regulator@7: Failed to register regulator: -517
[    0.102898] platform regulators:regulator@7: Driver reg-fixed-voltage requests probe deferral
[    0.105321] vgaarb: loaded
[    0.105988] SCSI subsystem initialized
[    0.106167] libata version 3.00 loaded.
[    0.106520] usbcore: registered new interface driver usbfs
[    0.106592] usbcore: registered new interface driver hub
[    0.106666] usbcore: registered new device driver usb
[    0.109795] tps65090 2-0048: No cache defaults, reading back from HW
[    0.111892] vdd-sys-5v0: supplied by vdd_ac_bat
[    0.112983] vdd-sys-3v3: supplied by vdd_ac_bat
[    0.114022] vdd-ao: supplied by vdd_ac_bat
[    0.114376] vdd-lcd-bl: supplied by vdd_ac_bat
[    0.114748] TPS65090_RAILSFET2: supplied by vdd_ac_bat
[    0.115104] vdd-modem-3v3: supplied by vdd-sys-3v3
[    0.115610] avdd-lcd: supplied by vdd-sys-3v3
[    0.116133] vdd-lvds: supplied by vdd-sys-3v3
[    0.116959] vdd-sd-slot: supplied by vdd-sys-3v3
[    0.117467] vdd-com-3v3: supplied by vdd-sys-3v3
[    0.117999] vdd-sby-5v0: supplied by vdd_ac_bat
[    0.118197] vdd-sby-3v3: supplied by vdd_ac_bat
[    0.118788] genirq: Setting trigger mode 8 for irq 341 failed (gic_set_type+0x0/0x9c)
[    0.118809] palmas 2-0058: Irq flag is 0x00000000
[    0.122016] palmas 2-0058: Muxing GPIO ff, PWM 0, LED 0
[    0.124751] vddio-ddr: supplied by vdd-ao
[    0.126329] vddio-1v8: supplied by vdd-ao
[    0.128091] vdd-core: supplied by vdd-sys-3v3
[    0.130754] avdd-pll: supplied by vdd-sys-3v3
[    0.132897] sdhci-vdd-sd-slot: ramp_delay not set
[    0.133084] sdhci-vdd-sd-slot: supplied by vdd-sys-3v3
[    0.134851] avdd-cam1: supplied by vdd-sys-3v3
[    0.135956] avdd-cam2: supplied by vdd-sys-3v3
[    0.137045] avdd-dsi-csi: supplied by vddio-1v8
[    0.138164] vpp-fuse: supplied by vdd-sys-3v3
[    0.139278] LDO5: supplied by vdd_ac_bat
[    0.140529] vdd-sensor-2v85: supplied by vdd-sys-3v3
[    0.141630] vdd-af-cam1: supplied by vdd-sys-3v3
[    0.147818] vdd-rtc: supplied by vdd-ao
[    0.152990] vddio-sdmmc-2: supplied by sdhci-vdd-sd-slot
[    0.154087] hvdd-usb: supplied by vdd-sys-5v0
[    0.157845] avdd-usb: supplied by vdd-sys-5v0
[    0.160863] Linux video capture interface: v2.00
[    0.160928] pps_core: LinuxPPS API ver. 1 registered
[    0.160937] pps_core: Software ver. 5.3.6 - Copyright 2005-2007 Rodolfo Giometti <giometti@linux.it>
[    0.160972] PTP clock support registered
[    0.161236] EDAC MC: Ver: 3.0.0
[    0.161816] Advanced Linux Sound Architecture Driver Initialized.
[    0.162944] Switched to clocksource arch_sys_counter
[    0.173198] NET: Registered protocol family 2
[    0.173799] TCP established hash table entries: 8192 (order: 3, 32768 bytes)
[    0.173889] TCP bind hash table entries: 8192 (order: 4, 65536 bytes)
[    0.174076] TCP: Hash tables configured (established 8192 bind 8192)
[    0.174129] UDP hash table entries: 512 (order: 2, 16384 bytes)
[    0.174172] UDP-Lite hash table entries: 512 (order: 2, 16384 bytes)
[    0.174348] NET: Registered protocol family 1
[    0.174599] RPC: Registered named UNIX socket transport module.
[    0.174609] RPC: Registered udp transport module.
[    0.174617] RPC: Registered tcp transport module.
[    0.174625] RPC: Registered tcp NFSv4.1 backchannel transport module.
[    0.174644] PCI: CLS 0 bytes, default 64
[    0.176911] futex hash table entries: 1024 (order: 4, 65536 bytes)
[    0.189327] squashfs: version 4.0 (2009/01/31) Phillip Lougher
[    0.190303] NFS: Registering the id_resolver key type
[    0.190344] Key type id_resolver registered
[    0.190353] Key type id_legacy registered
[    0.190427] ntfs: driver 2.1.31 [Flags: R/O].
[    0.191627] bounce: pool size: 64 pages
[    0.191847] Block layer SCSI generic (bsg) driver version 0.4 loaded (major 249)
[    0.191865] io scheduler noop registered
[    0.191882] io scheduler deadline registered
[    0.192089] io scheduler cfq registered (default)
[    0.214649] tegra-apbdma 6000a000.dma: Tegra20 APB DMA driver register 32 channels
[    0.215348] tegra-pmc 7000e400.pmc: i2c-thermtrip node not found, emergency thermal reset disabled.
[    0.282052] Serial: 8250/16550 driver, 4 ports, IRQ sharing disabled
[    0.284709] msm_serial: driver initialized
[    0.285639] console [ttyS0] disabled
[    0.285676] 70006300.serial: ttyS0 at MMIO 0x70006300 (irq = 329, base_baud = 25500000) is a Tegra
[    1.242692] console [ttyS0] enabled
[    1.246945] STMicroelectronics ASC driver initialized
[    1.253991] [drm] Initialized drm 1.1.0 20060810
[    1.261924] tegra-hdmi 54280000.hdmi: failed to get HDMI regulator
[    1.268131] platform 54280000.hdmi: Driver tegra-hdmi requests probe deferral
[    1.282647] loop: module loaded
[    1.291000] m25p80 spi32766.0: w25q32dw (4096 Kbytes)
[    1.298778] CAN device driver interface
[    1.303735] igb: Intel(R) Gigabit Ethernet Network Driver - version 5.2.15-k
[    1.310784] igb: Copyright (c) 2007-2014 Intel Corporation.
[    1.318118] pegasus: v0.9.3 (2013/04/25), Pegasus/Pegasus II USB Ethernet driver
[    1.325570] usbcore: registered new interface driver pegasus
[    1.331305] usbcore: registered new interface driver asix
[    1.336761] usbcore: registered new interface driver ax88179_178a
[    1.342913] usbcore: registered new interface driver cdc_ether
[    1.348827] usbcore: registered new interface driver smsc75xx
[    1.354649] usbcore: registered new interface driver smsc95xx
[    1.360454] usbcore: registered new interface driver net1080
[    1.366170] usbcore: registered new interface driver cdc_subset
[    1.372145] usbcore: registered new interface driver zaurus
[    1.377813] usbcore: registered new interface driver cdc_ncm
[    1.384580] ehci_hcd: USB 2.0 'Enhanced' Host Controller (EHCI) Driver
[    1.391116] ehci-pci: EHCI PCI platform driver
[    1.395620] ehci-platform: EHCI generic platform driver
[    1.401045] ehci-omap: OMAP-EHCI Host Controller driver
[    1.406411] ehci-orion: EHCI orion driver
[    1.410562] SPEAr-ehci: EHCI SPEAr driver
[    1.414716] ehci-st: EHCI STMicroelectronics driver
[    1.419738] ehci-exynos: EHCI EXYNOS driver
[    1.424080] tegra-ehci: Tegra EHCI driver
[    1.428353] platform 7d008000.usb: Driver tegra-ehci requests probe deferral
[    1.435486] ohci_hcd: USB 1.1 'Open' Host Controller (OHCI) Driver
[    1.441685] ohci-pci: OHCI PCI platform driver
[    1.446190] ohci-platform: OHCI generic platform driver
[    1.451579] ohci-omap3: OHCI OMAP3 driver
[    1.455738] SPEAr-ohci: OHCI SPEAr driver
[    1.459894] ohci-st: OHCI STMicroelectronics driver
[    1.464994] usbcore: registered new interface driver usb-storage
[    1.471262] platform 7d008000.usb-phy: Driver tegra-phy requests probe deferral
[    1.480323] mousedev: PS/2 mouse device common for all mice
[    1.490946] palmas-rtc 7000d000.i2c:tps65913@58:rtc: rtc core: registered 7000d000.i2c:tps659 as rtc0
[    1.501934] tegra_rtc 7000e000.rtc: rtc core: registered 7000e000.rtc as rtc1
[    1.509125] tegra_rtc 7000e000.rtc: Tegra internal Real Time Clock
[    1.515868] i2c /dev entries driver
[    1.521446] usbcore: registered new interface driver uvcvideo
[    1.527200] USB Video Class driver (1.1.1)
[    1.531315] gspca_main: v2.14.0 registered
[    1.536101] sbs-battery 0-000b: sbs_probe: Failed to get device status
[    1.542649] sbs-battery: probe of 0-000b failed with error -121
[    1.556144] Driver 'mmcblk' needs updating - please use bus_type methods
[    1.562957] sdhci: Secure Digital Host Controller Interface driver
[    1.569141] sdhci: Copyright(c) Pierre Ossman
[    1.574314] Synopsys Designware Multimedia Card Interface Driver
[    1.581206] sdhci-pltfm: SDHCI platform and OF driver helper
[    1.587535] sdhci-tegra 78000400.sdhci: Got CD GPIO
[    1.592438] sdhci-tegra 78000400.sdhci: Got WP GPIO
[    1.598424] sdhci-tegra 78000400.sdhci: No vmmc regulator found
[    1.604353] sdhci-tegra 78000400.sdhci: No vqmmc regulator found
[    1.610361] mmc0: Invalid maximum block size, assuming 512 bytes
[    1.653075] mmc0: SDHCI controller on 78000400.sdhci [78000400.sdhci] using ADMA
[    1.660693] sdhci-tegra 78000600.sdhci: No vmmc regulator found
[    1.666626] sdhci-tegra 78000600.sdhci: No vqmmc regulator found
[    1.672636] mmc1: Invalid maximum block size, assuming 512 bytes
[    1.712959] mmc1: SDHCI controller on 78000600.sdhci [78000600.sdhci] using ADMA
[    1.725317] ledtrig-cpu: registered to indicate activity on CPUs
[    1.731577] usbcore: registered new interface driver usbhid
[    1.737166] usbhid: USB HID core driver
[    1.752532] usbcore: registered new interface driver snd-usb-audio
[    1.796898] mmc1: MAN_BKOPS_EN bit is not set
[    1.804218] mmc1: new high speed MMC card at address 0001
[    1.810003] mmcblk0: mmc1:0001 SEM32G 29.1 GiB 
[    1.814652] mmcblk0boot0: mmc1:0001 SEM32G partition 1 4.00 MiB
[    1.820691] mmcblk0boot1: mmc1:0001 SEM32G partition 2 4.00 MiB
[    1.826728] mmcblk0rpmb: mmc1:0001 SEM32G partition 3 4.00 MiB
[    1.835098]  mmcblk0: p1 p2 p3 p4 p5 p6 p7 p8
[    2.175695] tegra30-i2s 70080400.i2s: DMA channels sourced from device 70080000.ahub
[    2.192262] tegra-snd-rt5640 sound: rt5640-aif1 <-> 70080400.i2s mapping ok
[    2.202723] input: NVIDIA Tegra Dalmore Headphones as /devices/soc0/sound/sound/card0/input0
[    2.212625] NET: Registered protocol family 17
[    2.217101] can: controller area network core (rev 20120528 abi 9)
[    2.223353] NET: Registered protocol family 29
[    2.227800] can: raw protocol (rev 20120528)
[    2.232086] can: broadcast manager protocol (rev 20120528 t)
[    2.237762] can: netlink gateway (rev 20130117) max_hops=1
[    2.243647] Key type dns_resolver registered
[    2.248558] ThumbEE CPU extension supported.
[    2.252833] Registering SWP/SWPB emulation handler
[    2.259762] usb1_vbus: supplied by vdd-sys-5v0
[    2.264807] usb2_vbus: supplied by vdd-sys-5v0
[    2.269843] vdd_hdmi_5v0: supplied by vdd-sys-5v0
[    2.276096] VDD_5V0_HDMI_CON: supplied by vdd-sys-5v0
[    2.284853] [drm] Supports vblank timestamp caching Rev 2 (21.10.2013).
[    2.291499] [drm] No driver support for vblank timestamp query.
[    2.355474] Console: switching to colour frame buffer device 240x75
[    2.382993] drm drm: fb0:  frame buffer device
[    2.387443] drm drm: registered panic notifier
[    2.403119] [drm] Initialized tegra 0.0.0 20120330 on minor 0
[    2.409864] platform 7d008000.usb: Driver tegra-ehci requests probe deferral
[    2.419136] tegra-ehci 7d008000.usb: EHCI Host Controller
[    2.424571] tegra-ehci 7d008000.usb: new USB bus registered, assigned bus number 1
[    2.432914] tegra-ehci 7d008000.usb: irq 339, io mem 0x7d008000
[    2.448097] tegra-ehci 7d008000.usb: USB 2.0 started, EHCI 1.10
[    2.455143] hub 1-0:1.0: USB hub found
[    2.458990] hub 1-0:1.0: 1 port detected
[    2.464763] input: gpio-keys as /devices/soc0/gpio-keys/input/input1
[    2.473407] palmas-rtc 7000d000.i2c:tps65913@58:rtc: setting system clock to 2000-01-20 22:07:17 UTC (948406037)
[    2.494789] vdd_cam_1v8_reg: disabling
[    2.498740] usb1_vbus: disabling
[    2.501992] dvdd_ts: disabling
[    2.508675] ALSA device list:
[    2.511645]   #0: NVIDIA Tegra Dalmore
[    2.516797] EXT4-fs (mmcblk0p1): mounting ext3 file system using the ext4 subsystem
[    2.544346] EXT4-fs (mmcblk0p1): recovery complete
[    2.549189] EXT4-fs (mmcblk0p1): mounted filesystem with ordered data mode. Opts: (null)
[    2.557327] VFS: Mounted root (ext3 filesystem) on device 179:1.
[    2.566976] devtmpfs: mounted
[    2.570663] Freeing unused kernel memory: 784K (c0c94000 - c0d58000)
bash: cannot set terminal process group (-1): Inappropriate ioctl for device
bash: no job control in this shell
root@(none):/# [    2.773143] usb 1-1: new high-speed USB device number 2 using tegra-ehci
mount -t sysfs none /sys
root@(none):/# 
root@(none):/# [    3.721467] asix 1-1:1.0 eth0: register 'asix' at usb-7d008000.usb-1, ASIX AX88772 USB 2.0 Ethernet, 00:50:b6:0d:b5:16
mount -t debugfs none /sys/kernel/debug
root@(none):/# 
root@(none):/# rtcwake -d rtc1 -m mem -s 3
rtcwake: assuming RTC uses UTC ...
rtcwake: wakeup from "mem" using /dev/rtc1 at Thu Jan  1 00:00:19 1970
[    5.357258] PM: Syncing filesystems ... done.
[    5.384701] Freezing user space processes ... (elapsed 0.001 seconds) done.
[    5.392945] Freezing remaining freezable tasks ... (elapsed 0.001 seconds) done.
[    5.401647] Suspending console(s) (use no_console_suspend to debug)
[    5.457267] PM: suspend of devices complete after 47.852 msecs
[    5.460085] PM: late suspend of devices complete after 2.801 msecs
[    5.462577] PM: noirq suspend of devices complete after 2.482 msecs
[    5.462581] Disabling non-boot CPUs ...
[    5.463463] CPU1: shutdown
[    5.485552] CPU2: shutdown
[    5.510074] CPU3: shutdown
[    5.524088] Entering suspend state LP1
[    5.524116] Enabling non-boot CPUs ...
[    5.539051] CPU1 is up
[    5.554315] CPU2 is up
[    5.569617] CPU3 is up
[    5.570971] PM: noirq resume of devices complete after 1.343 msecs
[    5.571436] tegra-mc 70019000.memory-controller: unknown: secure write @0xfffffef0: External interrupt ((null))
[    5.571448] tegra-mc 70019000.memory-controller: unknown: secure write @0xfffffef0: EMEM arbitration error ((null))
[    5.573110] PM: early resume of devices complete after 1.642 msecs
[    5.680196] PM: resume of devices complete after 107.069 msecs
[    5.765788] Restarting tasks ... done.
root@(none):/# 
root@(none):/# rtcwake -d rtc1 -m mem -s 3
rtcwake: assuming RTC uses UTC ...
rtcwake: wakeup from "mem" using /dev/rtc1 at Thu Jan  1 00:00:28 1970
[    6.466001] PM: Syncing filesystems ... done.
[    6.492299] Freezing user space processes ... (elapsed 0.001 seconds) done.
[    6.500562] Freezing remaining freezable tasks ... (elapsed 0.001 seconds) done.
[    6.509313] Suspending console(s) (use no_console_suspend to debug)
[    6.564949] PM: suspend of devices complete after 47.887 msecs
[    6.567610] PM: late suspend of devices complete after 2.650 msecs
[    6.569930] PM: noirq suspend of devices complete after 2.311 msecs
[    6.569934] Disabling non-boot CPUs ...
[    6.570670] CPU1: shutdown
[    6.595493] CPU2: shutdown
[    6.620077] CPU3: shutdown
[    6.634043] Entering suspend state LP1
[    6.634070] Enabling non-boot CPUs ...
[    6.648993] CPU1 is up
[    6.664270] CPU2 is up
[    6.679556] CPU3 is up
[    6.680900] PM: noirq resume of devices complete after 1.333 msecs
[    6.681372] tegra-mc 70019000.memory-controller: unknown: secure write @0xfffffef0: External interrupt ((null))
[    6.681384] tegra-mc 70019000.memory-controller: unknown: secure write @0xfffffef0: EMEM arbitration error ((null))
[    6.682979] PM: early resume of devices complete after 1.575 msecs
[    6.789854] PM: resume of devices complete after 106.859 msecs
[    6.875335] Restarting tasks ... done.
root@(none):/# 
root@(none):/# rtcwake -d rtc1 -m mem -s 3
rtcwake: assuming RTC uses UTC ...
rtcwake: wakeup from "mem" using /dev/rtc1 at Thu Jan  1 00:00:37 1970
[    7.551283] PM: Syncing filesystems ... done.
[    7.577564] Freezing user space processes ... (elapsed 0.001 seconds) done.
[    7.585799] Freezing remaining freezable tasks ... (elapsed 0.001 seconds) done.
[    7.594553] Suspending console(s) (use no_console_suspend to debug)
[    7.650337] PM: suspend of devices complete after 48.057 msecs
[    7.653012] PM: late suspend of devices complete after 2.664 msecs
[    7.655268] PM: noirq suspend of devices complete after 2.247 msecs
[    7.655272] Disabling non-boot CPUs ...
[    7.656002] CPU1: shutdown
[    7.680446] CPU2: shutdown
[    7.705035] CPU3: shutdown
[    7.719026] Entering suspend state LP1
[    7.719052] Enabling non-boot CPUs ...
[    7.733963] CPU1 is up
[    7.749230] CPU2 is up
[    7.764533] CPU3 is up
[    7.765869] PM: noirq resume of devices complete after 1.325 msecs
[    7.766332] tegra-mc 70019000.memory-controller: unknown: secure write @0xfffffef0: External interrupt ((null))
[    7.766344] tegra-mc 70019000.memory-controller: unknown: secure write @0xfffffef0: EMEM arbitration error ((null))
[    7.767955] PM: early resume of devices complete after 1.592 msecs
[    7.869830] PM: resume of devices complete after 101.858 msecs
[    7.955241] Restarting tasks ... done.
root@(none):/# 
root@(none):/# rtcwake -d rtc1 -m mem -s 3
rtcwake: assuming RTC uses UTC ...
rtcwake: wakeup from "mem" using /dev/rtc1 at Thu Jan  1 00:00:46 1970
[    8.636106] PM: Syncing filesystems ... done.
[    8.662614] Freezing user space processes ... (elapsed 0.001 seconds) done.
[    8.670895] Freezing remaining freezable tasks ... (elapsed 0.001 seconds) done.
[    8.679678] Suspending console(s) (use no_console_suspend to debug)
[    8.736432] PM: suspend of devices complete after 49.008 msecs
[    8.739244] PM: late suspend of devices complete after 2.796 msecs
[    8.741569] PM: noirq suspend of devices complete after 2.314 msecs
[    8.741573] Disabling non-boot CPUs ...
[    8.742302] CPU1: shutdown
[    8.765404] CPU2: shutdown
[    8.790007] CPU3: shutdown
[    8.803998] Entering suspend state LP1
[    8.804025] Enabling non-boot CPUs ...
[    8.818943] CPU1 is up
[    8.834196] CPU2 is up
[    8.849490] CPU3 is up
[    8.850900] PM: noirq resume of devices complete after 1.398 msecs
[    8.851351] tegra-mc 70019000.memory-controller: unknown: secure write @0xfffffef0: External interrupt ((null))
[    8.851364] tegra-mc 70019000.memory-controller: unknown: secure write @0xfffffef0: EMEM arbitration error ((null))
[    8.853623] PM: early resume of devices complete after 2.433 msecs
[    8.955047] PM: resume of devices complete after 101.406 msecs
[    9.040581] Restarting tasks ... done.
root@(none):/# 
root@(none):/# rtcwake -d rtc1 -m mem -s 3
rtcwake: assuming RTC uses UTC ...
rtcwake: wakeup from "mem" using /dev/rtc1 at Thu Jan  1 00:00:55 1970
[    9.725052] PM: Syncing filesystems ... done.
[    9.751328] Freezing user space processes ... (elapsed 0.001 seconds) done.
[    9.759587] Freezing remaining freezable tasks ... (elapsed 0.001 seconds) done.
[    9.768333] Suspending console(s) (use no_console_suspend to debug)
[    9.820069] PM: suspend of devices complete after 44.010 msecs
[    9.822711] PM: late suspend of devices complete after 2.631 msecs
[    9.824992] PM: noirq suspend of devices complete after 2.273 msecs
[    9.824996] Disabling non-boot CPUs ...
[    9.825709] CPU1: shutdown
[    9.850383] CPU2: shutdown
[    9.874985] CPU3: shutdown
[    9.888963] Entering suspend state LP1
[    9.888991] Enabling non-boot CPUs ...
[    9.903906] CPU1 is up
[    9.919176] CPU2 is up
[    9.934482] CPU3 is up
[    9.935915] PM: noirq resume of devices complete after 1.421 msecs
[    9.936388] tegra-mc 70019000.memory-controller: unknown: secure write @0xfffffef0: External interrupt ((null))
[    9.936400] tegra-mc 70019000.memory-controller: unknown: secure write @0xfffffef0: EMEM arbitration error ((null))
[    9.938631] PM: early resume of devices complete after 2.426 msecs
[   10.039934] PM: resume of devices complete after 101.286 msecs
[   10.125461] Restarting tasks ... done.
root@(none):/# 
root@(none):/# NVTB SYSTEM SUSPEND TEST COMPLETE
