[0000.802] [TegraBoot] (version 23.00.2015.14-mobile-1ef66670)
[0000.807] Processing in cold boot mode Bootloader 2
[0000.812] A01Q Bootrom Patch rev = 3
[0000.815] Power-up reason: pmu watchdog
[0000.819] No Battery Present
[0000.822] Platform has Ddr4 type ram
[0000.825] max77620 disabling SD1 Remote Sense
[0000.829] Setting Ddr voltage to 1125mv
[0000.834] Serial Number of Pmic Max77663: 0x40daf
[0000.841] Entering ramdump check
[0000.844] Get RamDumpCarveOut = 0x0
[0000.848] RamDumpCarveOut=0x0,  RamDumperFlag=0xe59ff3f8
[0000.853] Last reboot was clean, booting normally!
[0000.857] Sdram initialization is successful 
[0000.861] SecureOs Carveout Base=0xff800000 Size=0x00800000
[0000.867] GSC1 Carveout Base=0xff700000 Size=0x00100000
[0000.893] GSC2 Carveout Base=0xff600000 Size=0x00100000
[0000.919] GSC3 Carveout Base=0xff500000 Size=0x00100000
[0000.924] GSC4 Carveout Base=0xff400000 Size=0x00100000
[0000.929] GSC5 Carveout Base=0xff300000 Size=0x00100000
[0000.934] BpmpFw Carveout Base=0xff2c0000 Size=0x00040000
[0000.939] Lp0 Carveout Base=0xff2bf000 Size=0x00001000
[0000.955] RamDump Carveout Base=0xff23f000 Size=0x00080000
[0000.960] Platform-DebugCarveout: 0
[0000.963] Nck Carveout Base=0xff03f000 Size=0x00200000
[0001.013] Using GPT Primary to query partitions 
[0001.019] Loading Tboot-CPU binary
[0001.068] Verifying bootloader in OdmNonSecureSBK mode
[0001.077] Bootloader load address is 0xa0000000,                            entry address is 0xa0000258
[0001.087] Bootloader downloaded successfully.
[0001.091] Downloaded Tboot-CPU binary to 0xa0000258
[0001.096] MAX77620_GPIO1 Configured.
[0001.100] MAX77620_GPIO5 Configured.
[0001.103] CPU power rail is up
[0001.106] CPU clock enabled
[0001.110] Performing RAM repair
[0001.113] Updating A64 Warmreset Address to 0xa00002e9
[0001.132] Bootloader DTB Load Address: 0x83000000
[0001.149] Kernel DTB Load Address: 0x83080000
[0001.154] Loading cboot binary
[0001.248] Verifying bootloader in OdmNonSecureSBK mode
[0001.336] Bootloader load address is 0x8010fda8,                            entry address is 0x80110000
[0001.345] Bootloader downloaded successfully.
[0001.349] GPT: Partition NOT found ! 
[0001.353] Find Partition via GPT Failed
[0001.356] function NvTbootGetBinaryOffsets: 0x845208 error
[0001.362] Error in NvTbootLoadBinary: 0x845208 !
[0001.366] GPT: Partition NOT found ! 
[0001.370] No FB partition
[0001.372] Next binary entry address: 0x80110000 
[0001.376] BoardId: 2595
[0001.381] dram memory type is 3
[0001.387] WB0 init successful
[0001.414] Bpmp FW successfully loaded
[0001.417] Set NvDecSticky Bits
[0001.420] GSC1 address : ff700000
[0001.424] GSC2 address : ff600000
[0001.428] GSC3 address : ff500000
[0001.432] GSC4 address : ff400000
[0001.435] GSC5 address : ff300000
[0001.439] GSC MC Settings done
[0001.444] TOS old plaintext Image length 61440
[0001.450] *** Secure OS image signature not verified ***
[0001.455] Loading and Validation of Secure OS Successful
[0001.460] NvTbootPackSdramParams: start. 
[0001.465] NvTbootPackSdramParams: done. 
[0001.469] Tegraboot started after 796107 us
[0001.473] Basic modules init took 349159 us
[0001.477] Sec Bootdevice Read Time = 202 ms, Read Size = 8459 KB
[0001.483] Next stage binary read took 14370 us
[0001.487] Carveout took 252722 us
[0001.490] CPU initialization took 92306 us
[0001.494] Total time taken by TegraBoot 708557 us

[0001.499] Starting CPU & Halting co-processor 

64b[0001.634] LPDDR4 Training: Number of tables = 10
[0001.638] EMC Training (SRC-freq: 204000; DST-freq: 408000)
[0001.645] EMC Training Successful
[0001.648] EMC Training (SRC-freq: 204000; DST-freq: 665600)
[0001.653] EMC Training Successful
[0001.657] EMC Training (SRC-freq: 204000; DST-freq: 800000)
[0001.668] EMC Training Successful
[0001.671] EMC Training (SRC-freq: 204000; DST-freq: 1065600)
[0001.694] EMC Training Successful
[0001.697] EMC Training (SRC-freq: 204000; DST-freq: 1331200)
[0001.718] EMC Training Successful
[0001.721] EMC Training (SRC-freq: 204000; DST-freq: 1600000)
[0001.741] EMC Training Successful
[0001.744] Switching to 800000 KHz Success
[0001.777] LPDDR4 Training: Number of tables = 10


U-Boot 2015.07-rc2-g2ac3917 (Nov 09 2015 - 13:12:08 -0800)

TEGRA210
Model: NVIDIA P2371-0000
DRAM:  3 GiB
MC:   Tegra SD/MMC: 0, Tegra SD/MMC: 1
*** Warning - bad CRC, using default environment

In:    serial
Out:   serial
Err:   serial
Net:   Net Initialization Skipped
No ethernet found.
Hit any key to stop autoboot:  2  0 
Tegra210 (P2371-0000) # 
Tegra210 (P2371-0000) # ums 0 mmc 0
UMS: disk start sector: 0x0, count: 0x1d5a000
|/-\|/-\/-\|/-\/-\|/-\/-\|/-\/-\|/-\/-\|/-\/-\|/-\/-\|/-\/-CTRL+C - Operation aborted
Tegra210 (P2371-0000) # 
Tegra210 (P2371-0000) # env set fdt_copy_node_names /cpus:/psci
Tegra210 (P2371-0000) # setenv rootpart 1
Tegra210 (P2371-0000) # setenv devtype mmc
Tegra210 (P2371-0000) # setenv devnum 0
Tegra210 (P2371-0000) # part uuid ${devtype} ${devnum}:${rootpart} uuid
Tegra210 (P2371-0000) # setenv bootargs ignore_loglevel console=ttyS0,115200n8 earlycon=uart8250,mmio32,0x70006000 rw root=PARTUUID=00000000-0001-0000-788f-a75600000000 rootwait debug earlyprintk init=/bin/bash
Tegra210 (P2371-0000) # load ${devtype} ${devnum}:${rootpart} ${kernel_addr_r} /boot/Image.defconfig
12525056 bytes read in 747 ms (16 MiB/s)
Tegra210 (P2371-0000) # load ${devtype} ${devnum}:${rootpart} ${fdt_addr_r} /boot/tegra210-p2371-0000.dtb
37108 bytes read in 454 ms (79.1 KiB/s)
Tegra210 (P2371-0000) # load ${devtype} ${devnum}:${rootpart} ${ramdisk_addr_r} /boot/tegra-ramdisk.img
1627787 bytes read in 495 ms (3.1 MiB/s)
Tegra210 (P2371-0000) # ramdisk_size=${filesize}
Tegra210 (P2371-0000) # booti ${kernel_addr_r} - ${fdt_addr_r}
## Flattened Device Tree blob at 82000000
   Booting using the fdt blob at 0x82000000
   Using Device Tree in place at 0000000082000000, end 000000008200c0f3

Starting kernel ...

[    0.000000] Booting Linux on physical CPU 0x0
[    0.000000] Linux version 4.6.0-next-20160523+ (pwalmsley@tamien) (gcc version 4.9.2 20140904 (prerelease) (crosstool-NG linaro-1.13.1-4.9-2014.09 - Linaro GCC 4.9-2014.09) ) #1 SMP PREEMPT Mon May 23 12:20:24 PDT 2016
[    0.000000] Boot CPU: AArch64 Processor [411fd071]
[    0.000000] debug: ignoring loglevel setting.
[    0.000000] earlycon: uart8250 at MMIO32 0x0000000070006000 (options '')
[    0.000000] bootconsole [uart8250] enabled
[    0.000000] efi: Getting EFI parameters from FDT:
[    0.000000] efi: UEFI not found.
[    0.000000] cma: Reserved 16 MiB at 0x00000000fe000000
[    0.000000] On node 0 totalpages: 782848
[    0.000000]   DMA zone: 8192 pages used for memmap
[    0.000000]   DMA zone: 0 pages reserved
[    0.000000]   DMA zone: 520704 pages, LIFO batch:31
[    0.000000]   Normal zone: 4096 pages used for memmap
[    0.000000]   Normal zone: 262144 pages, LIFO batch:31
[    0.000000] psci: probing for conduit method from DT.
[    0.000000] psci: PSCIv0.2 detected in firmware.
[    0.000000] psci: Using standard PSCI v0.2 function IDs
[    0.000000] psci: MIGRATE_INFO_TYPE not supported.
[    0.000000] percpu: Embedded 20 pages/cpu @ffff8000bff56000 s42752 r8192 d30976 u81920
[    0.000000] pcpu-alloc: s42752 r8192 d30976 u81920 alloc=20*4096
[    0.000000] pcpu-alloc: [0] 0 [0] 1 [0] 2 [0] 3 
[    0.000000] Detected PIPT I-cache on CPU0
[    0.000000] CPU features: enabling workaround for ARM erratum 832075
[    0.000000] CPU features: enabling workaround for ARM erratum 834220
[    0.000000] Built 1 zonelists in Zone order, mobility grouping on.  Total pages: 770560
[    0.000000] Kernel command line: ignore_loglevel console=ttyS0,115200n8 earlycon=uart8250,mmio32,0x70006000 rw root=PARTUUID=00000000-0001-0000-788f-a75600000000 rootwait debug earlyprintk init=/bin/bash
[    0.000000] log_buf_len individual max cpu contribution: 4096 bytes
[    0.000000] log_buf_len total cpu_extra contributions: 12288 bytes
[    0.000000] log_buf_len min size: 16384 bytes
[    0.000000] log_buf_len: 32768 bytes
[    0.000000] early log buf free: 14276(87%)
[    0.000000] PID hash table entries: 4096 (order: 3, 32768 bytes)
[    0.000000] Dentry cache hash table entries: 524288 (order: 10, 4194304 bytes)
[    0.000000] Inode-cache hash table entries: 262144 (order: 9, 2097152 bytes)
[    0.000000] software IO TLB [mem 0xfa000000-0xfe000000] (64MB) mapped at [ffff80007a000000-ffff80007dffffff]
[    0.000000] Memory: 2980464K/3131392K available (7436K kernel code, 647K rwdata, 3184K rodata, 960K init, 259K bss, 134544K reserved, 16384K cma-reserved)
[    0.000000] Virtual kernel memory layout:
[    0.000000]     modules : 0xffff000000000000 - 0xffff000008000000   (   128 MB)
[    0.000000]     vmalloc : 0xffff000008000000 - 0xffff7dffbfff0000   (129022 GB)
[    0.000000]       .text : 0xffff000008080000 - 0xffff0000087c0000   (  7424 KB)
[    0.000000]     .rodata : 0xffff0000087c0000 - 0xffff000008ae0000   (  3200 KB)
[    0.000000]       .init : 0xffff000008ae0000 - 0xffff000008bd0000   (   960 KB)
[    0.000000]       .data : 0xffff000008bd0000 - 0xffff000008c71e00   (   648 KB)
[    0.000000]        .bss : 0xffff000008c71e00 - 0xffff000008cb2b40   (   260 KB)
[    0.000000]     fixed   : 0xffff7dfffe7fd000 - 0xffff7dfffec00000   (  4108 KB)
[    0.000000]     PCI I/O : 0xffff7dfffee00000 - 0xffff7dffffe00000   (    16 MB)
[    0.000000]     vmemmap : 0xffff7e0000000000 - 0xffff800000000000   (  2048 GB maximum)
[    0.000000]               0xffff7e0000000000 - 0xffff7e0003000000   (    48 MB actual)
[    0.000000]     memory  : 0xffff800000000000 - 0xffff8000c0000000   (  3072 MB)
[    0.000000] SLUB: HWalign=64, Order=0-3, MinObjects=0, CPUs=4, Nodes=1
[    0.000000] Preemptible hierarchical RCU implementation.
[    0.000000] 	Build-time adjustment of leaf fanout to 64.
[    0.000000] 	RCU restricting CPUs from NR_CPUS=64 to nr_cpu_ids=4.
[    0.000000] RCU: Adjusting geometry for rcu_fanout_leaf=64, nr_cpu_ids=4
[    0.000000] NR_IRQS:64 nr_irqs:64 0
[    0.000000] GIC: Using split EOI/Deactivate mode
[    0.000000] /interrupt-controller@60004000: 192 interrupts forwarded to /interrupt-controller@50041000
[    0.000000] PLL_MB already enabled. Postponing set full defaults
[    0.000000] PLL_U already enabled. Postponing set full defaults
[    0.000000] PLL_P already enabled. Postponing set full defaults
[    0.000000] PLL_X already enabled. Postponing set full defaults
[    0.000000] boot misc1 0x0: expected 0x20
[    0.000000]  (comparison mask = 0xffffff)
[    0.000000] Architected cp15 timer(s) running at 19.20MHz (phys).
[    0.000000] clocksource: arch_sys_counter: mask: 0xffffffffffffff max_cycles: 0x46d987e47, max_idle_ns: 440795202767 ns
[    0.000004] sched_clock: 56 bits at 19MHz, resolution 52ns, wraps every 4398046511078ns
[    0.008398] Console: colour dummy device 80x25
[    0.013013] Calibrating delay loop (skipped), value calculated using timer frequency.. 38.40 BogoMIPS (lpj=76800)
[    0.023619] pid_max: default: 32768 minimum: 301
[    0.028458] Security Framework initialized
[    0.032732] Mount-cache hash table entries: 8192 (order: 4, 65536 bytes)
[    0.039666] Mountpoint-cache hash table entries: 8192 (order: 4, 65536 bytes)
[    0.047872] ASID allocator initialised with 65536 entries
[    0.074203] Speedo Revision 4
[    0.077280] Tegra Revision: A01 SKU: 1 CPU Process: -22 SoC Process: -22
[    0.084695] EFI services will not be available.
[    0.113518] Detected PIPT I-cache on CPU1
[    0.113558] CPU1: Booted secondary processor [411fd071]
[    0.129551] Detected PIPT I-cache on CPU2
[    0.129584] CPU2: Booted secondary processor [411fd071]
[    0.145590] Detected PIPT I-cache on CPU3
[    0.145621] CPU3: Booted secondary processor [411fd071]
[    0.145689] Brought up 4 CPUs
[    0.177373] SMP: Total of 4 processors activated.
[    0.182240] CPU features: detected feature: 32-bit EL0 Support
[    0.188277] CPU: All CPU(s) started at EL2
[    0.192534] alternatives: patching kernel code
[    0.199971] devtmpfs: initialized
[    0.211113] DMI not present or invalid.
[    0.215286] clocksource: jiffies: mask: 0xffffffff max_cycles: 0xffffffff, max_idle_ns: 7645041785100000 ns
[    0.225748] pinctrl core: initialized pinctrl subsystem
[    0.232426] NET: Registered protocol family 16
[    0.253081] cpuidle: using governor menu
[    0.257308] vdso: 2 pages (1 code @ ffff0000087c6000, 1 data @ ffff000008bd4000)
[    0.264972] hw-breakpoint: found 6 breakpoint and 4 watchpoint registers.
[    0.272727] DMA: preallocated 256 KiB pool for atomic allocations
[    0.279251] Serial: AMBA PL011 UART driver
[    0.308005] HugeTLB registered 2 MB page size, pre-allocated 0 pages
[    0.315665] ACPI: Interpreter disabled.
[    0.320570] vgaarb: loaded
[    0.323588] SCSI subsystem initialized
[    0.327636] libata version 3.00 loaded.
[    0.331913] usbcore: registered new interface driver usbfs
[    0.337655] usbcore: registered new interface driver hub
[    0.343226] usbcore: registered new device driver usb
[    0.349109] pps_core: LinuxPPS API ver. 1 registered
[    0.354254] pps_core: Software ver. 5.3.6 - Copyright 2005-2007 Rodolfo Giometti <giometti@linux.it>
[    0.363716] PTP clock support registered
[    0.367968] dmi: Firmware registration failed.
[    0.372695] Advanced Linux Sound Architecture Driver Initialized.
[    0.379746] clocksource: Switched to clocksource arch_sys_counter
[    0.386163] VFS: Disk quotas dquot_6.6.0
[    0.390273] VFS: Dquot-cache hash table entries: 512 (order 0, 4096 bytes)
[    0.397616] pnp: PnP ACPI: disabled
[    0.408547] NET: Registered protocol family 2
[    0.413551] TCP established hash table entries: 32768 (order: 6, 262144 bytes)
[    0.421239] TCP bind hash table entries: 32768 (order: 7, 524288 bytes)
[    0.428361] TCP: Hash tables configured (established 32768 bind 32768)
[    0.435225] UDP hash table entries: 2048 (order: 4, 65536 bytes)
[    0.441493] UDP-Lite hash table entries: 2048 (order: 4, 65536 bytes)
[    0.448326] NET: Registered protocol family 1
[    0.453088] RPC: Registered named UNIX socket transport module.
[    0.459244] RPC: Registered udp transport module.
[    0.464126] RPC: Registered tcp transport module.
[    0.468995] RPC: Registered tcp NFSv4.1 backchannel transport module.
[    0.475675] PCI: CLS 0 bytes, default 128
[    0.480868] kvm [1]: 8-bit VMID
[    0.484133] kvm [1]: Hyp mode initialized successfully
[    0.489504] kvm [1]: vgic-v2@50044000
[    0.493344] kvm [1]: vgic interrupt IRQ1
[    0.497496] kvm [1]: virtual timer IRQ4
[    0.504021] futex hash table entries: 1024 (order: 5, 131072 bytes)
[    0.510600] audit: initializing netlink subsys (disabled)
[    0.516213] audit: type=2000 audit(0.447:1): initialized
[    0.522096] workingset: timestamp_bits=44 max_order=20 bucket_order=0
[    0.538488] squashfs: version 4.0 (2009/01/31) Phillip Lougher
[    0.545367] NFS: Registering the id_resolver key type
[    0.550704] Key type id_resolver registered
[    0.555041] Key type id_legacy registered
[    0.559504] fuse init (API version 7.24)
[    0.564107] 9p: Installing v9fs 9p2000 file system support
[    0.572026] io scheduler noop registered
[    0.576257] io scheduler cfq registered (default)
[    0.591488] tegra-apbdma 60020000.dma: Tegra20 APB DMA driver register 32 channels
[    0.599946] tegra-pmc 7000e400.pmc: i2c-thermtrip node not found, emergency thermal reset disabled.
[    0.609686] xenfs: not registering filesystem on non-xen platform
[    0.619263] Serial: 8250/16550 driver, 4 ports, IRQ sharing disabled
[    0.627386] console [ttyS0] disabled
[    0.631140] 70006000.serial: ttyS0 at MMIO 0x70006000 (irq = 312, base_baud = 25500000) is a Tegra
[    0.640444] console [ttyS0] enabled
[    0.640444] console [ttyS0] enabled
[    0.647530] bootconsole [uart8250] disabled
[    0.647530] bootconsole [uart8250] disabled
[    0.656414] SuperH (H)SCI(F) driver initialized
[    0.661217] msm_serial: driver initialized
[    0.665680] Unable to detect cache hierarchy from DT for CPU 0
[    0.676092] loop: module loaded
[    0.680915] tun: Universal TUN/TAP device driver, 1.6
[    0.685996] tun: (C) 1999-2004 Max Krasnyansky <maxk@qualcomm.com>
[    0.692499] e1000e: Intel(R) PRO/1000 Network Driver - 3.2.6-k
[    0.698347] e1000e: Copyright(c) 1999 - 2015 Intel Corporation.
[    0.704329] igb: Intel(R) Gigabit Ethernet Network Driver - version 5.3.0-k
[    0.711294] igb: Copyright (c) 2007-2014 Intel Corporation.
[    0.716922] igbvf: Intel(R) Gigabit Virtual Function Network Driver - version 2.0.2-k
[    0.724754] igbvf: Copyright (c) 2009 - 2012 Intel Corporation.
[    0.730732] sky2: driver version 1.30
[    0.734795] VFIO - User Level meta-driver version: 0.3
[    0.740819] ehci_hcd: USB 2.0 'Enhanced' Host Controller (EHCI) Driver
[    0.747354] ehci-pci: EHCI PCI platform driver
[    0.751848] ehci-platform: EHCI generic platform driver
[    0.757179] ehci-msm: Qualcomm On-Chip EHCI Host Controller
[    0.762825] ohci_hcd: USB 1.1 'Open' Host Controller (OHCI) Driver
[    0.769030] ohci-pci: OHCI PCI platform driver
[    0.773525] ohci-platform: OHCI generic platform driver
[    0.778919] usbcore: registered new interface driver usb-storage
[    0.785741] mousedev: PS/2 mouse device common for all mice
[    0.791869] i2c /dev entries driver
[    0.796772] sdhci: Secure Digital Host Controller Interface driver
[    0.802959] sdhci: Copyright(c) Pierre Ossman
[    0.807380] Synopsys Designware Multimedia Card Interface Driver
[    0.813700] sdhci-pltfm: SDHCI platform and OF driver helper
[    0.819604] mmc0: Unknown controller version (3). You may experience problems.
[    0.863766] mmc0: SDHCI controller on 700b0600.sdhci [700b0600.sdhci] using ADMA 64-bit
[    0.874294] ledtrig-cpu: registered to indicate activity on CPUs
[    0.884066] usbcore: registered new interface driver usbhid
[    0.889663] usbhid: USB HID core driver
[    0.895004] NET: Registered protocol family 17
[    0.899558] 9pnet: Installing 9P2000 support
[    0.903932] Key type dns_resolver registered
[    0.912074] registered taskstats version 1
[    0.916471] hctosys: unable to open rtc device (rtc0)
[    0.928242] ALSA device list:
[    0.931208]   No soundcards found.
[    0.934877] Waiting for root device PARTUUID=00000000-0001-0000-788f-a75600000000...
[    0.974265] mmc0: new high speed MMC card at address 0001
[    0.984104] mmcblk0: mmc0:0001 SDW16G 14.7 GiB 
[    0.992824] mmcblk0boot0: mmc0:0001 SDW16G partition 1 4.00 MiB
[    0.998913] mmcblk0boot1: mmc0:0001 SDW16G partition 2 4.00 MiB
[    1.004993] mmcblk0rpmb: mmc0:0001 SDW16G partition 3 4.00 MiB
[    1.012656]  mmcblk0: p1 p2 p3 p4 p5 p6 p7 p8 p9 p10 p11 p12 p13 p14 p15 p16 p17 p18
[    1.045772] EXT4-fs (mmcblk0p1): couldn't mount as ext3 due to feature incompatibilities
[    1.070264] EXT4-fs (mmcblk0p1): mounted filesystem with ordered data mode. Opts: (null)
[    1.078379] VFS: Mounted root (ext4 filesystem) on device 179:1.
[    1.089570] devtmpfs: mounted
[    1.093114] Freeing unused kernel memory: 960K (ffff800000ae0000 - ffff800000bd0000)
bash: cannot set terminal process group (-1): Inappropriate ioctl for device
bash: no job control in this shell
root@(none):/# 