
U-Boot SPL 2014.01-00219-gc4d376f (Feb 18 2014 - 19:57:18)


U-Boot 2014.01-00219-gc4d376f (Feb 18 2014 - 19:57:18)

TEGRA30
Board: NVIDIA Beaver
I2C:   ready
DRAM:  2 GiB
MMC:   Tegra SD/MMC: 0, Tegra SD/MMC: 1
In:    serial
Out:   serial
Err:   serial
Net:   Net Initialization Skipped
No ethernet found.
Hit any key to stop autoboot:  2  0 
Tegra30 (Beaver) # 
Tegra30 (Beaver) # usb reset
(Re)start USB...
USB0:   USB EHCI 1.00
scanning bus 0 for devices... 2 USB Device(s) found
       scanning usb for storage devices... 0 Storage Device(s) found
       scanning usb for ethernet devices... 
Warning: asx0 using MAC address from net device
1 Ethernet Device(s) found
Tegra30 (Beaver) # setenv bootargs 'ignore_loglevel console=ttyS0,115200n8 rw root=PARTUUID=edbe1840-3633-c751-7993-b0ac834f81e0 rootwait gpt debug noinitrd earlyprintk init=/bin/bash'
Tegra30 (Beaver) # setenv ipaddr 192.168.100.101; setenv serverip 192.168.100.1; setenv tftpserverip 192.168.100.1
Tegra30 (Beaver) # tftpboot 0x81000000 zImage.multi_v7_defconfig
Using asx0 device
TFTP from server 192.168.100.1; our IP address is 192.168.100.101
Filename 'zImage.multi_v7_defconfig'.
Load address: 0x81000000
Loading: *#################################################################
	 #################################################################
	 #################################################################
	 #################################################################
	 #################################################################
	 #################################################################
	 #################################################################
	 ############################
	 3.2 MiB/s
done
Bytes transferred = 7077928 (6c0028 hex)
Tegra30 (Beaver) # tftpboot 0x82000000 tegra30-beaver.dtb
Using asx0 device
TFTP from server 192.168.100.1; our IP address is 192.168.100.101
Filename 'tegra30-beaver.dtb'.
Load address: 0x82000000
Loading: *####
	 2.9 MiB/s
done
Bytes transferred = 51688 (c9e8 hex)
Tegra30 (Beaver) # bootz 0x81000000 - 0x82000000
Kernel image @ 0x81000000 [ 0x000000 - 0x6c0028 ]
## Flattened Device Tree blob at 82000000
   Booting using the fdt blob at 0x82000000
   Loading Device Tree to 8fff0000, end 8ffff9e7 ... OK

Starting kernel ...

[    0.000000] Booting Linux on physical CPU 0x0
[    0.000000] Linux version 4.6.0-next-20160523-95490-gcbafe21 (pwalmsley@sellafield) (gcc version 4.7.3 20130328 (prerelease) (crosstool-NG linaro-1.13.1-4.7-2013.04-20130415 - Linaro GCC 2013.04) ) #1 SMP Mon May 23 12:18:04 PDT 2016
[    0.000000] CPU: ARMv7 Processor [412fc099] revision 9 (ARMv7), cr=10c5387d
[    0.000000] CPU: PIPT / VIPT nonaliasing data cache, VIPT aliasing instruction cache
[    0.000000] Machine model: NVIDIA Tegra30 Beaver evaluation board
[    0.000000] debug: ignoring loglevel setting.
[    0.000000] cma: Reserved 64 MiB at 0xfb800000
[    0.000000] Memory policy: Data cache writealloc
[    0.000000] On node 0 totalpages: 524032
[    0.000000] free_area_init_node: node 0, pgdat c141bb00, node_mem_map eeff8000
[    0.000000]   DMA zone: 1536 pages used for memmap
[    0.000000]   DMA zone: 0 pages reserved
[    0.000000]   DMA zone: 196608 pages, LIFO batch:31
[    0.000000]   HighMem zone: 327424 pages, LIFO batch:31
[    0.000000] percpu: Embedded 13 pages/cpu @eef8f000 s23808 r8192 d21248 u53248
[    0.000000] pcpu-alloc: s23808 r8192 d21248 u53248 alloc=13*4096
[    0.000000] pcpu-alloc: [0] 0 [0] 1 [0] 2 [0] 3 
[    0.000000] Built 1 zonelists in Zone order, mobility grouping on.  Total pages: 522496
[    0.000000] Kernel command line: ignore_loglevel console=ttyS0,115200n8 rw root=PARTUUID=edbe1840-3633-c751-7993-b0ac834f81e0 rootwait gpt debug noinitrd earlyprintk init=/bin/bash
[    0.000000] PID hash table entries: 4096 (order: 2, 16384 bytes)
[    0.000000] Dentry cache hash table entries: 131072 (order: 7, 524288 bytes)
[    0.000000] Inode-cache hash table entries: 65536 (order: 6, 262144 bytes)
[    0.000000] Memory: 1995036K/2096128K available (9529K kernel code, 1142K rwdata, 4216K rodata, 2048K init, 343K bss, 35556K reserved, 65536K cma-reserved, 1244160K highmem)
[    0.000000] Virtual kernel memory layout:
[    0.000000]     vector  : 0xffff0000 - 0xffff1000   (   4 kB)
[    0.000000]     fixmap  : 0xffc00000 - 0xfff00000   (3072 kB)
[    0.000000]     vmalloc : 0xf0800000 - 0xff800000   ( 240 MB)
[    0.000000]     lowmem  : 0xc0000000 - 0xf0000000   ( 768 MB)
[    0.000000]     pkmap   : 0xbfe00000 - 0xc0000000   (   2 MB)
[    0.000000]     modules : 0xbf000000 - 0xbfe00000   (  14 MB)
[    0.000000]       .text : 0xc0208000 - 0xc106c574   (14738 kB)
[    0.000000]       .init : 0xc1100000 - 0xc1300000   (2048 kB)
[    0.000000]       .data : 0xc1300000 - 0xc141db60   (1143 kB)
[    0.000000]        .bss : 0xc141f000 - 0xc1474ca0   ( 344 kB)
[    0.000000] SLUB: HWalign=64, Order=0-3, MinObjects=0, CPUs=4, Nodes=1
[    0.000000] Hierarchical RCU implementation.
[    0.000000] 	Build-time adjustment of leaf fanout to 32.
[    0.000000] 	RCU restricting CPUs from NR_CPUS=16 to nr_cpu_ids=4.
[    0.000000] RCU: Adjusting geometry for rcu_fanout_leaf=32, nr_cpu_ids=4
[    0.000000] NR_IRQS:16 nr_irqs:16 16
[    0.000000] /interrupt-controller@60004000: 160 interrupts forwarded to /interrupt-controller@50041000
[    0.000000] L2C: platform modifies aux control register: 0x02080000 -> 0x3e480001
[    0.000000] L2C: DT/platform modifies aux control register: 0x02080000 -> 0x3e480001
[    0.000000] L2C-310 erratum 769419 enabled
[    0.000000] L2C-310 enabling early BRESP for Cortex-A9
[    0.000000] L2C-310: enabling full line of zeros but not enabled in Cortex-A9
[    0.000000] L2C-310 dynamic clock gating enabled, standby mode enabled
[    0.000000] L2C-310 cache controller enabled, 8 ways, 1024 kB
[    0.000000] L2C-310: CACHE_ID 0x410000c7, AUX_CTRL 0x4e480001
[    0.000013] sched_clock: 32 bits at 1000kHz, resolution 1000ns, wraps every 2147483647500ns
[    0.000031] clocksource: timer_us: mask: 0xffffffff max_cycles: 0xffffffff, max_idle_ns: 1911260446275 ns
[    0.000040] Switching to timer-based delay loop, resolution 1000ns
[    0.002823] Console: colour dummy device 80x30
[    0.002849] Calibrating delay loop (skipped), value calculated using timer frequency.. 2.00 BogoMIPS (lpj=5000)
[    0.002858] pid_max: default: 32768 minimum: 301
[    0.002945] Mount-cache hash table entries: 2048 (order: 1, 8192 bytes)
[    0.002952] Mountpoint-cache hash table entries: 2048 (order: 1, 8192 bytes)
[    0.003391] CPU: Testing write buffer coherency: ok
[    0.003683] CPU0: thread -1, cpu 0, socket 0, mpidr 80000000
[    0.003727] Setting up static identity map for 0x80300000 - 0x80300098
[    0.006210] Tegra Revision: A03 SKU: 128 CPU Process: 4 SoC Process: 0
[    0.010343] CPU1: thread -1, cpu 1, socket 0, mpidr 80000001
[    0.015327] CPU2: thread -1, cpu 2, socket 0, mpidr 80000002
[    0.020326] CPU3: thread -1, cpu 3, socket 0, mpidr 80000003
[    0.020370] Brought up 4 CPUs
[    0.020383] SMP: Total of 4 processors activated (8.00 BogoMIPS).
[    0.020388] CPU: All CPU(s) started in SVC mode.
[    0.021078] devtmpfs: initialized
[    0.029324] VFP support v0.3: implementor 41 architecture 3 part 30 variant 9 rev 4
[    0.029960] clocksource: jiffies: mask: 0xffffffff max_cycles: 0xffffffff, max_idle_ns: 9556302231375000 ns
[    0.033207] pinctrl core: initialized pinctrl subsystem
[    0.034702] NET: Registered protocol family 16
[    0.036861] DMA: preallocated 256 KiB pool for atomic coherent allocations
[    0.049922] cpuidle: using governor menu
[    0.058920] No ATAGs?
[    0.058944] hw-breakpoint: found 5 (+1 reserved) breakpoint and 1 watchpoint registers.
[    0.058951] hw-breakpoint: maximum watchpoint size is 4 bytes.
[    0.062180] Serial: AMBA PL011 UART driver
[    0.063783] tegra-mc 7000f000.memory-controller: no memory timings for RAM code 3 registered
[    0.082790] vdd_5v_sata: Failed to request enable GPIO30: -517
[    0.082803] reg-fixed-voltage regulators:regulator@3: Failed to register regulator: -517
[    0.082849] usb1_vbus: Failed to request enable GPIO238: -517
[    0.082856] reg-fixed-voltage regulators:regulator@4: Failed to register regulator: -517
[    0.082899] usb3_vbus: Failed to request enable GPIO236: -517
[    0.082907] reg-fixed-voltage regulators:regulator@5: Failed to register regulator: -517
[    0.082995] sys_3v3_pexs: Failed to request enable GPIO95: -517
[    0.083003] reg-fixed-voltage regulators:regulator@7: Failed to register regulator: -517
[    0.085025] vgaarb: loaded
[    0.085494] SCSI subsystem initialized
[    0.085605] libata version 3.00 loaded.
[    0.085772] usbcore: registered new interface driver usbfs
[    0.085809] usbcore: registered new interface driver hub
[    0.085842] usbcore: registered new device driver usb
[    0.092576] vrtc: supplied by vdd_5v_in
[    0.095883] vio: supplied by vdd_5v_in
[    0.101811] vdd1: supplied by vdd_5v_in
[    0.103172] vddio_ddr_1v2: Bringing 600000uV into 1200000-1200000uV
[    0.106813] vdd2: supplied by vdd_5v_in
[    0.116822] ldo1: supplied by vdd_1v5_gen
[    0.119188] ldo2: supplied by vdd_1v5_gen
[    0.119675] vdd_sata,avdd_plle: Bringing 1200000uV into 1050000-1050000uV
[    0.121926] ldo3: supplied by vdd_5v_in
[    0.124288] ldo4: supplied by vdd_5v_in
[    0.126843] ldo5: supplied by vdd_5v_in
[    0.131815] ldo6: supplied by vdd_1v8_gen
[    0.132286] avdd_dsi_csi,pwrdet_mipi: Bringing 1000000uV into 1200000-1200000uV
[    0.134522] ldo7: supplied by vdd_1v8_gen
[    0.141837] ldo8: supplied by vdd_1v8_gen
[    0.146866] pps_core: LinuxPPS API ver. 1 registered
[    0.146872] pps_core: Software ver. 5.3.6 - Copyright 2005-2007 Rodolfo Giometti <giometti@linux.it>
[    0.146885] PTP clock support registered
[    0.147020] EDAC MC: Ver: 3.0.0
[    0.148512] clocksource: Switched to clocksource timer_us
[    0.154324] NET: Registered protocol family 2
[    0.154734] TCP established hash table entries: 8192 (order: 3, 32768 bytes)
[    0.154788] TCP bind hash table entries: 8192 (order: 4, 65536 bytes)
[    0.154871] TCP: Hash tables configured (established 8192 bind 8192)
[    0.154952] UDP hash table entries: 512 (order: 2, 16384 bytes)
[    0.155009] UDP-Lite hash table entries: 512 (order: 2, 16384 bytes)
[    0.155181] NET: Registered protocol family 1
[    0.155440] RPC: Registered named UNIX socket transport module.
[    0.155448] RPC: Registered udp transport module.
[    0.155452] RPC: Registered tcp transport module.
[    0.155456] RPC: Registered tcp NFSv4.1 backchannel transport module.
[    0.155465] PCI: CLS 0 bytes, default 64
[    0.156226] hw perfevents: enabled with armv7_cortex_a9 PMU driver, 7 counters available
[    0.157126] futex hash table entries: 1024 (order: 4, 65536 bytes)
[    0.157614] workingset: timestamp_bits=28 max_order=19 bucket_order=0
[    0.162929] squashfs: version 4.0 (2009/01/31) Phillip Lougher
[    0.163386] NFS: Registering the id_resolver key type
[    0.163423] Key type id_resolver registered
[    0.163428] Key type id_legacy registered
[    0.163458] ntfs: driver 2.1.32 [Flags: R/O].
[    0.164317] bounce: pool size: 64 pages
[    0.164442] Block layer SCSI generic (bsg) driver version 0.4 loaded (major 248)
[    0.164451] io scheduler noop registered
[    0.164456] io scheduler deadline registered
[    0.164473] io scheduler cfq registered (default)
[    0.177090] tegra-pcie 3000.pcie-controller: 2x3 configuration
[    0.177232] tegra-pcie 3000.pcie-controller: Failed to get supply 'hvdd-pex': -517
[    0.181027] tegra-apbdma 6000a000.dma: Tegra20 APB DMA driver register 32 channels
[    0.182196] tegra-pmc 7000e400.pmc: i2c-thermtrip node not found, emergency thermal reset disabled.
[    0.214313] Serial: 8250/16550 driver, 4 ports, IRQ sharing disabled
[    0.216422] console [ttyS0] disabled
[    0.216458] 70006000.serial: ttyS0 at MMIO 0x70006000 (irq = 331, base_baud = 25500000) is a Tegra
[    1.073993] console [ttyS0] enabled
[    1.078065] SuperH (H)SCI(F) driver initialized
[    1.083205] msm_serial: driver initialized
[    1.087418] STMicroelectronics ASC driver initialized
[    1.094719] [drm] Initialized drm 1.1.0 20060810
[    1.101296] tegra-hdmi 54280000.hdmi: failed to get HDMI regulator
[    1.115513] brd: module loaded
[    1.122371] loop: module loaded
[    1.130529] m25p80 spi32766.1: w25q32 (4096 Kbytes)
[    1.137371] libphy: Fixed MDIO Bus: probed
[    1.141897] CAN device driver interface
[    1.146856] igb: Intel(R) Gigabit Ethernet Network Driver - version 5.3.0-k
[    1.153811] igb: Copyright (c) 2007-2014 Intel Corporation.
[    1.161191] pegasus: v0.9.3 (2013/04/25), Pegasus/Pegasus II USB Ethernet driver
[    1.168635] usbcore: registered new interface driver pegasus
[    1.174321] usbcore: registered new interface driver asix
[    1.179743] usbcore: registered new interface driver ax88179_178a
[    1.185852] usbcore: registered new interface driver cdc_ether
[    1.191711] usbcore: registered new interface driver smsc75xx
[    1.197483] usbcore: registered new interface driver smsc95xx
[    1.203246] usbcore: registered new interface driver net1080
[    1.208924] usbcore: registered new interface driver cdc_subset
[    1.214857] usbcore: registered new interface driver zaurus
[    1.220482] usbcore: registered new interface driver cdc_ncm
[    1.227594] ehci_hcd: USB 2.0 'Enhanced' Host Controller (EHCI) Driver
[    1.234120] ehci-pci: EHCI PCI platform driver
[    1.238589] ehci-platform: EHCI generic platform driver
[    1.243937] ehci-omap: OMAP-EHCI Host Controller driver
[    1.249235] ehci-orion: EHCI orion driver
[    1.253305] SPEAr-ehci: EHCI SPEAr driver
[    1.257390] ehci-st: EHCI STMicroelectronics driver
[    1.262341] ehci-exynos: EHCI EXYNOS driver
[    1.266611] ehci-atmel: EHCI Atmel driver
[    1.270694] tegra-ehci: Tegra EHCI driver
[    1.274888] ------------[ cut here ]------------
[    1.279521] WARNING: CPU: 1 PID: 1 at drivers/reset/core.c:187 __of_reset_control_get+0x1bc/0x228
[    1.288379] Modules linked in:
[    1.291439] CPU: 1 PID: 1 Comm: swapper/0 Not tainted 4.6.0-next-20160523-95490-gcbafe21 #1
[    1.299768] Hardware name: NVIDIA Tegra SoC (Flattened Device Tree)
[    1.306055] [<c030f9d0>] (unwind_backtrace) from [<c030b0c8>] (show_stack+0x10/0x14)
[    1.313786] [<c030b0c8>] (show_stack) from [<c0586548>] (dump_stack+0x84/0xa4)
[    1.321002] [<c0586548>] (dump_stack) from [<c0341b88>] (__warn+0xd4/0x100)
[    1.327949] [<c0341b88>] (__warn) from [<c0341bd4>] (warn_slowpath_null+0x20/0x28)
[    1.335502] [<c0341bd4>] (warn_slowpath_null) from [<c06a109c>] (__of_reset_control_get+0x1bc/0x228)
[    1.344625] [<c06a109c>] (__of_reset_control_get) from [<c0912c28>] (tegra_ehci_probe+0x2d0/0x51c)
[    1.353568] [<c0912c28>] (tegra_ehci_probe) from [<c0779bcc>] (platform_drv_probe+0x50/0xb0)
[    1.362000] [<c0779bcc>] (platform_drv_probe) from [<c0778530>] (driver_probe_device+0x1f4/0x2b0)
[    1.370852] [<c0778530>] (driver_probe_device) from [<c0778698>] (__driver_attach+0xac/0xb0)
[    1.379271] [<c0778698>] (__driver_attach) from [<c0776b44>] (bus_for_each_dev+0x54/0x88)
[    1.387430] [<c0776b44>] (bus_for_each_dev) from [<c0777b24>] (bus_add_driver+0xe8/0x1f4)
[    1.395590] [<c0777b24>] (bus_add_driver) from [<c0778eb4>] (driver_register+0x78/0xf4)
[    1.403576] [<c0778eb4>] (driver_register) from [<c0301e7c>] (do_one_initcall+0x3c/0x16c)
[    1.411744] [<c0301e7c>] (do_one_initcall) from [<c1100d80>] (kernel_init_freeable+0x120/0x1ec)
[    1.420438] [<c1100d80>] (kernel_init_freeable) from [<c0b5c2d0>] (kernel_init+0x8/0x118)
[    1.428599] [<c0b5c2d0>] (kernel_init) from [<c0307fb8>] (ret_from_fork+0x14/0x3c)
[    1.436171] ---[ end trace 1e9b1441e8e23594 ]---
[    1.440785] tegra-ehci 7d004000.usb: can't get utmi-pads reset from the PHY
[    1.447736] tegra-ehci 7d004000.usb: continuing, but please update your DT
[    1.454774] ohci_hcd: USB 1.1 'Open' Host Controller (OHCI) Driver
[    1.460961] ohci-pci: OHCI PCI platform driver
[    1.465432] ohci-platform: OHCI generic platform driver
[    1.470776] ohci-omap3: OHCI OMAP3 driver
[    1.474861] SPEAr-ohci: OHCI SPEAr driver
[    1.478946] ohci-st: OHCI STMicroelectronics driver
[    1.483898] ohci-atmel: OHCI Atmel driver
[    1.488329] usbcore: registered new interface driver usb-storage
[    1.495296] mousedev: PS/2 mouse device common for all mice
[    1.502731] tegra_rtc 7000e000.rtc: rtc core: registered 7000e000.rtc as rtc1
[    1.509910] tegra_rtc 7000e000.rtc: Tegra internal Real Time Clock
[    1.528601] tps65910-rtc tps65910-rtc: rtc core: registered tps65910-rtc as rtc0
[    1.536177] i2c /dev entries driver
[    1.547057] sdhci: Secure Digital Host Controller Interface driver
[    1.553244] sdhci: Copyright(c) Pierre Ossman
[    1.558527] Synopsys Designware Multimedia Card Interface Driver
[    1.565156] sdhci-pltfm: SDHCI platform and OF driver helper
[    1.571376] sdhci-tegra 78000000.sdhci: Got CD GPIO
[    1.576265] sdhci-tegra 78000000.sdhci: Got WP GPIO
[    1.582377] mmc0: Invalid maximum block size, assuming 512 bytes
[    1.623595] mmc0: SDHCI controller on 78000000.sdhci [78000000.sdhci] using ADMA
[    1.632181] mmc1: Invalid maximum block size, assuming 512 bytes
[    1.678532] mmc1: SDHCI controller on 78000600.sdhci [78000600.sdhci] using ADMA
[    1.687076] ledtrig-cpu: registered to indicate activity on CPUs
[    1.693291] usbcore: registered new interface driver usbhid
[    1.698859] usbhid: USB HID core driver
[    1.705935] NET: Registered protocol family 10
[    1.710928] sit: IPv6 over IPv4 tunneling driver
[    1.715974] NET: Registered protocol family 17
[    1.720431] can: controller area network core (rev 20120528 abi 9)
[    1.726649] NET: Registered protocol family 29
[    1.731090] can: raw protocol (rev 20120528)
[    1.735355] can: broadcast manager protocol (rev 20120528 t)
[    1.741009] can: netlink gateway (rev 20130117) max_hops=1
[    1.746778] Key type dns_resolver registered
[    1.751448] ThumbEE CPU extension supported.
[    1.755724] Registering SWP/SWPB emulation handler
[    1.772791] vdd_ddr: supplied by vdd_5v_in
[    1.780556] vdd_5v_sata: supplied by vdd_5v_in
[    1.785324] usb1_vbus: supplied by vdd_5v_in
[    1.789931] usb3_vbus: supplied by vdd_5v_in
[    1.797008] sys_3v3,vdd_3v3_alw: supplied by vdd_5v_in
[    1.803536] +VDD_5V_HDMI: supplied by sys_3v3,vdd_3v3_alw
[    1.809153] sys_3v3_pexs: supplied by sys_3v3,vdd_3v3_alw
[    1.815227] tegra-pcie 3000.pcie-controller: 2x3 configuration
[    1.823538] tegra-pcie 3000.pcie-controller: probing port 0, using 2 lanes
[    1.841670] mmc0: new ultra high speed DDR50 SDHC card at address aaaa
[    1.848933] mmcblk0: mmc0:aaaa SS04G 3.69 GiB 
[    1.861556] mmc1: new high speed MMC card at address 0001
[    1.868170] mmcblk1: mmc1:0001 SEM16G 14.8 GiB 
[    1.873633] mmcblk1boot0: mmc1:0001 SEM16G partition 1 1.00 MiB
[    1.880566] mmcblk1boot1: mmc1:0001 SEM16G partition 2 1.00 MiB
[    1.887061] mmcblk1rpmb: mmc1:0001 SEM16G partition 3 128 KiB
[    1.888729] tegra-pcie 3000.pcie-controller: probing port 2, using 2 lanes
[    1.902296]  mmcblk0: p1 p2 p3
[    1.906067] Primary GPT is invalid, using alternate GPT.
[    1.911393]  mmcblk1: p1 p2 p3 p4 p5
[    2.292551] tegra-pcie 3000.pcie-controller: link 2 down, retrying
[    2.702569] tegra-pcie 3000.pcie-controller: link 2 down, retrying
[    3.112572] tegra-pcie 3000.pcie-controller: link 2 down, retrying
[    3.120757] tegra-pcie 3000.pcie-controller: link 2 down, ignoring
[    3.127064] tegra-pcie 3000.pcie-controller: PCI host bridge to bus 0000:00
[    3.134025] pci_bus 0000:00: root bus resource [io  0x0000-0xffff]
[    3.140197] pci_bus 0000:00: root bus resource [mem 0x20000000-0x27ffffff]
[    3.147062] pci_bus 0000:00: root bus resource [mem 0x28000000-0x3fffffff pref]
[    3.154361] pci_bus 0000:00: root bus resource [bus 00-ff]
[    3.159862] pci 0000:00:01.0: [10de:0e1c] type 01 class 0x060400
[    3.165923] pci 0000:00:01.0: PME# supported from D0 D1 D2 D3hot D3cold
[    3.172688] PCI: bus0: Fast back to back transfers disabled
[    3.178260] pci 0000:00:01.0: bridge configuration invalid ([bus 00-00]), reconfiguring
[    3.186350] pci 0000:01:00.0: [10ec:8168] type 00 class 0x020000
[    3.192366] pci 0000:01:00.0: reg 0x10: [io  0x0000-0x00ff]
[    3.197945] pci 0000:01:00.0: reg 0x18: [mem 0x00000000-0x00000fff 64bit pref]
[    3.205166] pci 0000:01:00.0: reg 0x20: [mem 0x00000000-0x00003fff 64bit pref]
[    3.212448] pci 0000:01:00.0: supports D1 D2
[    3.216714] pci 0000:01:00.0: PME# supported from D0 D1 D2 D3hot D3cold
[    3.228536] PCI: bus1: Fast back to back transfers disabled
[    3.234107] pci_bus 0000:01: busn_res: [bus 01-ff] end is updated to 01
[    3.240780] pci 0000:00:01.0: BAR 9: assigned [mem 0x28000000-0x280fffff 64bit pref]
[    3.248516] pci 0000:00:01.0: BAR 7: assigned [io  0x1000-0x1fff]
[    3.254605] pci 0000:01:00.0: BAR 4: assigned [mem 0x28000000-0x28003fff 64bit pref]
[    3.262346] pci 0000:01:00.0: BAR 2: assigned [mem 0x28004000-0x28004fff 64bit pref]
[    3.270085] pci 0000:01:00.0: BAR 0: assigned [io  0x1000-0x10ff]
[    3.276173] pci 0000:00:01.0: PCI bridge to [bus 01]
[    3.281131] pci 0000:00:01.0:   bridge window [io  0x1000-0x1fff]
[    3.287217] pci 0000:00:01.0:   bridge window [mem 0x28000000-0x280fffff 64bit pref]
[    3.294963] pci 0000:00:01.0: nv_msi_ht_cap_quirk didn't locate host bridge
[    3.302015] pcieport 0000:00:01.0: enabling device (0140 -> 0143)
[    3.308248] pcieport 0000:00:01.0: Signaling PME through PCIe PME interrupt
[    3.315206] pci 0000:01:00.0: Signaling PME through PCIe PME interrupt
[    3.321726] pcie_pme 0000:00:01.0:pcie001: service driver pcie_pme loaded
[    3.328679] r8169 Gigabit Ethernet driver 2.3LK-NAPI loaded
[    3.334269] r8169 0000:01:00.0: enabling device (0140 -> 0143)
[    3.341417] r8169 0000:01:00.0 eth0: RTL8168evl/8111evl at 0xf09fa000, 02:04:4b:01:60:a6, XID 0c900800 IRQ 375
[    3.351418] r8169 0000:01:00.0 eth0: jumbo features [frames: 9200 bytes, tx checksumming: ko]
[    3.363196] [drm] Supports vblank timestamp caching Rev 2 (21.10.2013).
[    3.369837] [drm] No driver support for vblank timestamp query.
[    3.375782] drm drm: No connectors reported connected with modes
[    3.381790] [drm] Cannot find any crtc or sizes - going 1024x768
[    3.408702] Console: switching to colour frame buffer device 128x48
[    3.421342] drm drm: fb0:  frame buffer device
[    3.438906] [drm] Initialized tegra 0.0.0 20120330 on minor 0
[    3.449933] utmi_phy_clk_enable: timeout waiting for phy to stabilize
[    3.456400] tegra-ehci 7d004000.usb: EHCI Host Controller
[    3.461811] tegra-ehci 7d004000.usb: new USB bus registered, assigned bus number 1
[    3.469656] tegra-ehci 7d004000.usb: irq 343, io mem 0x7d004000
[    3.483915] tegra-ehci 7d004000.usb: USB 2.0 started, EHCI 1.00
[    3.491179] hub 1-0:1.0: USB hub found
[    3.494953] hub 1-0:1.0: 1 port detected
[    3.499979] tegra-ehci 7d008000.usb: EHCI Host Controller
[    3.505394] tegra-ehci 7d008000.usb: new USB bus registered, assigned bus number 2
[    3.513139] tegra-ehci 7d008000.usb: irq 344, io mem 0x7d008000
[    3.528910] tegra-ehci 7d008000.usb: USB 2.0 started, EHCI 1.00
[    3.536072] hub 2-0:1.0: USB hub found
[    3.539845] hub 2-0:1.0: 1 port detected
[    3.548221] tps65910-rtc tps65910-rtc: setting system clock to 2000-01-01 00:00:02 UTC (946684802)
[    3.561845] vdd_sata,avdd_plle: disabling
[    3.566652] usb1_vbus: disabling
[    3.571742] EXT4-fs (mmcblk1p1): mounting ext3 file system using the ext4 subsystem
[    3.586330] EXT4-fs (mmcblk1p1): warning: mounting fs with errors, running e2fsck is recommended
[    3.596544] EXT4-fs (mmcblk1p1): recovery complete
[    3.601347] EXT4-fs (mmcblk1p1): mounted filesystem with ordered data mode. Opts: (null)
[    3.609458] VFS: Mounted root (ext3 filesystem) on device 179:17.
[    3.619684] devtmpfs: mounted
[    3.625321] Freeing unused kernel memory: 2048K (c1100000 - c1300000)
bash: cannot set terminal process group (-1): Inappropriate ioctl for device
bash: no job control in this shell
root@(none):/# [    3.853929] usb 2-1: new high-speed USB device number 2 using tegra-ehci
mount -t sysfs none /sys
root@(none):/# 
root@(none):/# [    4.810522] asix 2-1:1.0 eth1: register 'asix' at usb-7d008000.usb-1, ASIX AX88772 USB 2.0 Ethernet, 00:50:b6:0f:67:60
mount -t debugfs none /sys/kernel/debug
root@(none):/# 
root@(none):/# rtcwake -d rtc1 -m mem -s 3
rtcwake: wakeup from "mem" using /dev/rtc1 at Thu Jan  1 00:00:21 1970
[    6.487172] PM: Syncing filesystems ... done.
[    6.500767] Freezing user space processes ... (elapsed 0.001 seconds) done.
[    6.508894] Freezing remaining freezable tasks ... (elapsed 0.001 seconds) done.
[    6.517523] Suspending console(s) (use no_console_suspend to debug)
[    6.557076] PM: suspend of devices complete after 32.264 msecs
[    6.557752] PM: late suspend of devices complete after 0.668 msecs
[    6.568999] PM: noirq suspend of devices complete after 11.238 msecs
[    6.569002] Disabling non-boot CPUs ...
[    6.569659] CPU1: shutdown
[    6.584718] IRQ17 no longer affine to CPU2
[    6.584937] CPU2: shutdown
[    6.599582] CPU3: shutdown
[    6.614018] Entering suspend state LP1
[    6.614029] Enabling non-boot CPUs ...
[    6.639547] CPU1 is up
[    6.664639] CPU2 is up
[    6.689765] CPU3 is up
[    6.690399] pcieport 0000:00:01.0: nv_msi_ht_cap_quirk didn't locate host bridge
[    6.703582] PM: noirq resume of devices complete after 13.809 msecs
[    6.705841] PM: early resume of devices complete after 1.877 msecs
[    6.770781] PM: resume of devices complete after 64.929 msecs
[    6.846030] Restarting tasks ... done.
root@(none):/# 
root@(none):/# rtcwake -d rtc1 -m mem -s 3
rtcwake: wakeup from "mem" using /dev/rtc1 at Thu Jan  1 00:00:25 1970
[    7.201747] PM: Syncing filesystems ... done.
[    7.213776] Freezing user space processes ... (elapsed 0.001 seconds) done.
[    7.221888] Freezing remaining freezable tasks ... (elapsed 0.001 seconds) done.
[    7.230518] Suspending console(s) (use no_console_suspend to debug)
[    7.268228] PM: suspend of devices complete after 30.529 msecs
[    7.269525] PM: late suspend of devices complete after 1.291 msecs
[    7.283966] PM: noirq suspend of devices complete after 14.433 msecs
[    7.283969] Disabling non-boot CPUs ...
[    7.284306] IRQ17 no longer affine to CPU1
[    7.284617] CPU1: shutdown
[    7.309914] CPU2: shutdown
[    7.324498] CPU3: shutdown
[    7.339011] Entering suspend state LP1
[    7.339029] Enabling non-boot CPUs ...
[    7.364709] CPU1 is up
[    7.389819] CPU2 is up
[    7.414957] CPU3 is up
[    7.415713] pcieport 0000:00:01.0: nv_msi_ht_cap_quirk didn't locate host bridge
[    7.428567] PM: noirq resume of devices complete after 13.598 msecs
[    7.430250] PM: early resume of devices complete after 1.248 msecs
[    7.496129] PM: resume of devices complete after 65.866 msecs
[    7.571657] Restarting tasks ... done.
root@(none):/# 
root@(none):/# rtcwake -d rtc1 -m mem -s 3
rtcwake: wakeup from "mem" using /dev/rtc1 at Thu Jan  1 00:00:29 1970
[    7.920957] PM: Syncing filesystems ... done.
[    7.935718] Freezing user space processes ... (elapsed 0.001 seconds) done.
[    7.943897] Freezing remaining freezable tasks ... (elapsed 0.001 seconds) done.
[    7.952565] Suspending console(s) (use no_console_suspend to debug)
[    7.994013] PM: suspend of devices complete after 33.975 msecs
[    7.995335] PM: late suspend of devices complete after 1.314 msecs
[    8.014028] PM: noirq suspend of devices complete after 18.684 msecs
[    8.014032] Disabling non-boot CPUs ...
[    8.014861] CPU1: shutdown
[    8.045140] CPU2: shutdown
[    8.059454] IRQ17 no longer affine to CPU3
[    8.059683] CPU3: shutdown
[    8.074009] Entering suspend state LP1
[    8.074025] Enabling non-boot CPUs ...
[    8.094659] CPU1 is up
[    8.119755] CPU2 is up
[    8.144868] CPU3 is up
[    8.145615] pcieport 0000:00:01.0: nv_msi_ht_cap_quirk didn't locate host bridge
[    8.158537] PM: noirq resume of devices complete after 13.659 msecs
[    8.160767] PM: early resume of devices complete after 1.799 msecs
[    8.231919] PM: resume of devices complete after 71.137 msecs
[    8.307365] Restarting tasks ... done.
root@(none):/# 
root@(none):/# rtcwake -d rtc1 -m mem -s 3
rtcwake: wakeup from "mem" using /dev/rtc1 at Thu Jan  1 00:00:33 1970
[    8.665935] PM: Syncing filesystems ... done.
[    8.679674] Freezing user space processes ... (elapsed 0.001 seconds) done.
[    8.687832] Freezing remaining freezable tasks ... (elapsed 0.001 seconds) done.
[    8.696509] Suspending console(s) (use no_console_suspend to debug)
[    8.739273] PM: suspend of devices complete after 35.275 msecs
[    8.741075] PM: late suspend of devices complete after 1.791 msecs
[    8.754010] PM: noirq suspend of devices complete after 12.924 msecs
[    8.754014] Disabling non-boot CPUs ...
[    8.754420] IRQ17 no longer affine to CPU1
[    8.754814] CPU1: shutdown
[    8.780107] CPU2: shutdown
[    8.804642] CPU3: shutdown
[    8.818989] Entering suspend state LP1
[    8.819005] Enabling non-boot CPUs ...
[    8.844655] CPU1 is up
[    8.869722] CPU2 is up
[    8.894869] CPU3 is up
[    8.895620] pcieport 0000:00:01.0: nv_msi_ht_cap_quirk didn't locate host bridge
[    8.908531] PM: noirq resume of devices complete after 13.648 msecs
[    8.909742] PM: early resume of devices complete after 0.785 msecs
[    8.976804] PM: resume of devices complete after 67.049 msecs
[    9.052282] Restarting tasks ... done.
root@(none):/# 
root@(none):/# rtcwake -d rtc1 -m mem -s 3
rtcwake: wakeup from "mem" using /dev/rtc1 at Thu Jan  1 00:00:37 1970
[    9.411917] PM: Syncing filesystems ... done.
[    9.425676] Freezing user space processes ... (elapsed 0.001 seconds) done.
[    9.433856] Freezing remaining freezable tasks ... (elapsed 0.001 seconds) done.
[    9.442530] Suspending console(s) (use no_console_suspend to debug)
[    9.484450] PM: suspend of devices complete after 34.435 msecs
[    9.486296] PM: late suspend of devices complete after 1.837 msecs
[    9.498983] PM: noirq suspend of devices complete after 12.677 msecs
[    9.498988] Disabling non-boot CPUs ...
[    9.499428] IRQ17 no longer affine to CPU1
[    9.499826] CPU1: shutdown
[    9.525117] CPU2: shutdown
[    9.539613] CPU3: shutdown
[    9.553985] Entering suspend state LP1
[    9.554000] Enabling non-boot CPUs ...
[    9.579633] CPU1 is up
[    9.604719] CPU2 is up
[    9.629846] CPU3 is up
[    9.630607] pcieport 0000:00:01.0: nv_msi_ht_cap_quirk didn't locate host bridge
[    9.643504] PM: noirq resume of devices complete after 13.646 msecs
[    9.644814] PM: early resume of devices complete after 0.889 msecs
[    9.711895] PM: resume of devices complete after 67.068 msecs
[    9.787356] Restarting tasks ... done.
root@(none):/# 
root@(none):/# rtcwake -d rtc1 -m mem -s 3
rtcwake: wakeup from "mem" using /dev/rtc1 at Thu Jan  1 00:00:41 1970
[   10.139607] PM: Syncing filesystems ... done.
[   10.153862] Freezing user space processes ... (elapsed 0.001 seconds) done.
[   10.162021] Freezing remaining freezable tasks ... (elapsed 0.001 seconds) done.
[   10.170721] Suspending console(s) (use no_console_suspend to debug)
[   10.213956] PM: suspend of devices complete after 35.744 msecs
[   10.215854] PM: late suspend of devices complete after 1.888 msecs
[   10.228945] PM: noirq suspend of devices complete after 13.085 msecs
[   10.228949] Disabling non-boot CPUs ...
[   10.229767] CPU1: shutdown
[   10.244806] IRQ17 no longer affine to CPU2
[   10.245053] CPU2: shutdown
[   10.259613] CPU3: shutdown
[   10.273951] Entering suspend state LP1
[   10.273966] Enabling non-boot CPUs ...
[   10.299598] CPU1 is up
[   10.324687] CPU2 is up
[   10.349853] CPU3 is up
[   10.350603] pcieport 0000:00:01.0: nv_msi_ht_cap_quirk didn't locate host bridge
[   10.363474] PM: noirq resume of devices complete after 13.608 msecs
[   10.365170] PM: early resume of devices complete after 1.258 msecs
[   10.431762] PM: resume of devices complete after 66.578 msecs
[   10.507231] Restarting tasks ... done.
root@(none):/# 
root@(none):/# rtcwake -d rtc1 -m mem -s 3
rtcwake: wakeup from "mem" using /dev/rtc1 at Thu Jan  1 00:00:45 1970
[   10.862347] PM: Syncing filesystems ... done.
[   10.877113] Freezing user space processes ... (elapsed 0.001 seconds) done.
[   10.885304] Freezing remaining freezable tasks ... (elapsed 0.001 seconds) done.
[   10.893990] Suspending console(s) (use no_console_suspend to debug)
[   10.933937] PM: suspend of devices complete after 32.453 msecs
[   10.934792] PM: late suspend of devices complete after 0.844 msecs
[   10.948954] PM: noirq suspend of devices complete after 14.151 msecs
[   10.948959] Disabling non-boot CPUs ...
[   10.949383] IRQ17 no longer affine to CPU1
[   10.949791] CPU1: shutdown
[   10.980089] CPU2: shutdown
[   10.994549] CPU3: shutdown
[   11.008947] Entering suspend state LP1
[   11.008962] Enabling non-boot CPUs ...
[   11.034584] CPU1 is up
[   11.059672] CPU2 is up
[   11.084800] CPU3 is up
[   11.085540] pcieport 0000:00:01.0: nv_msi_ht_cap_quirk didn't locate host bridge
[   11.098449] PM: noirq resume of devices complete after 13.639 msecs
[   11.100181] PM: early resume of devices complete after 1.302 msecs
[   11.171846] PM: resume of devices complete after 71.651 msecs
[   11.247306] Restarting tasks ... done.
root@(none):/# 
root@(none):/# rtcwake -d rtc1 -m mem -s 3
rtcwake: wakeup from "mem" using /dev/rtc1 at Thu Jan  1 00:00:49 1970
[   11.601317] PM: Syncing filesystems ... done.
[   11.615062] Freezing user space processes ... (elapsed 0.001 seconds) done.
[   11.623239] Freezing remaining freezable tasks ... (elapsed 0.001 seconds) done.
[   11.631910] Suspending console(s) (use no_console_suspend to debug)
[   11.674396] PM: suspend of devices complete after 34.985 msecs
[   11.675767] PM: late suspend of devices complete after 1.363 msecs
[   11.688915] PM: noirq suspend of devices complete after 13.138 msecs
[   11.688918] Disabling non-boot CPUs ...
[   11.689343] IRQ17 no longer affine to CPU1
[   11.689748] CPU1: shutdown
[   11.719997] CPU2: shutdown
[   11.734562] CPU3: shutdown
[   11.748899] Entering suspend state LP1
[   11.748915] Enabling non-boot CPUs ...
[   11.774546] CPU1 is up
[   11.799659] CPU2 is up
[   11.824767] CPU3 is up
[   11.825516] pcieport 0000:00:01.0: nv_msi_ht_cap_quirk didn't locate host bridge
[   11.838426] PM: noirq resume of devices complete after 13.649 msecs
[   11.840156] PM: early resume of devices complete after 1.299 msecs
[   11.911826] PM: resume of devices complete after 71.660 msecs
[   11.987311] Restarting tasks ... done.
root@(none):/# 
root@(none):/# rtcwake -d rtc1 -m mem -s 3
rtcwake: wakeup from "mem" using /dev/rtc1 at Thu Jan  1 00:00:53 1970
[   12.338275] PM: Syncing filesystems ... done.
[   12.352038] Freezing user space processes ... (elapsed 0.001 seconds) done.
[   12.360215] Freezing remaining freezable tasks ... (elapsed 0.001 seconds) done.
[   12.368900] Suspending console(s) (use no_console_suspend to debug)
[   12.409352] PM: suspend of devices complete after 32.970 msecs
[   12.410705] PM: late suspend of devices complete after 1.344 msecs
[   12.423896] PM: noirq suspend of devices complete after 13.184 msecs
[   12.423901] Disabling non-boot CPUs ...
[   12.424338] IRQ17 no longer affine to CPU1
[   12.424727] CPU1: shutdown
[   12.450004] CPU2: shutdown
[   12.474512] CPU3: shutdown
[   12.488877] Entering suspend state LP1
[   12.488891] Enabling non-boot CPUs ...
[   12.514540] CPU1 is up
[   12.539613] CPU2 is up
[   12.564736] CPU3 is up
[   12.565490] pcieport 0000:00:01.0: nv_msi_ht_cap_quirk didn't locate host bridge
[   12.578403] PM: noirq resume of devices complete after 13.657 msecs
[   12.581116] PM: early resume of devices complete after 2.278 msecs
[   12.651737] PM: resume of devices complete after 70.609 msecs
[   12.727197] Restarting tasks ... done.
root@(none):/# 
root@(none):/# rtcwake -d rtc1 -m mem -s 3
rtcwake: wakeup from "mem" using /dev/rtc1 at Thu Jan  1 00:00:57 1970
[   13.080294] PM: Syncing filesystems ... done.
[   13.095050] Freezing user space processes ... (elapsed 0.001 seconds) done.
[   13.103210] Freezing remaining freezable tasks ... (elapsed 0.001 seconds) done.
[   13.111880] Suspending console(s) (use no_console_suspend to debug)
[   13.153371] PM: suspend of devices complete after 33.991 msecs
[   13.157242] PM: late suspend of devices complete after 3.861 msecs
[   13.168874] PM: noirq suspend of devices complete after 11.621 msecs
[   13.168877] Disabling non-boot CPUs ...
[   13.169686] CPU1: shutdown
[   13.184991] CPU2: shutdown
[   13.199261] IRQ17 no longer affine to CPU3
[   13.199476] CPU3: shutdown
[   13.213840] Entering suspend state LP1
[   13.213856] Enabling non-boot CPUs ...
[   13.239504] CPU1 is up
[   13.264615] CPU2 is up
[   13.289716] CPU3 is up
[   13.290467] pcieport 0000:00:01.0: nv_msi_ht_cap_quirk didn't locate host bridge
[   13.303372] PM: noirq resume of devices complete after 13.647 msecs
[   13.305076] PM: early resume of devices complete after 1.272 msecs
[   13.371663] PM: resume of devices complete after 66.576 msecs
[   13.447133] Restarting tasks ... done.
root@(none):/# 
NVTB SYSTEM SUSPEND TEST COMPLETE
root@(none):/# 