
U-Boot SPL 2014.01-00219-gc4d376f (Feb 18 2014 - 19:57:18)


U-Boot 2014.01-00219-gc4d376f (Feb 18 2014 - 19:57:18)

TEGRA30
Board: NVIDIA Beaver
I2C:   ready
DRAM:  2 GiB
MMC:   Tegra SD/MMC: 0, Tegra SD/MMC: 1
In:    serial
Out:   serial
Err:   serial
Net:   Net Initialization Skipped
No ethernet found.
Hit any key to stop autoboot:  2  0 
Tegra30 (Beaver) # 
Tegra30 (Beaver) # usb reset
(Re)start USB...
USB0:   USB EHCI 1.00
scanning bus 0 for devices... 2 USB Device(s) found
       scanning usb for storage devices... 0 Storage Device(s) found
       scanning usb for ethernet devices... 
Warning: asx0 using MAC address from net device
1 Ethernet Device(s) found
Tegra30 (Beaver) # setenv bootargs 'ignore_loglevel console=ttyS0,115200n8 rw root=PARTUUID=edbe1840-3633-c751-7993-b0ac834f81e0 rootwait gpt debug noinitrd earlyprintk init=/bin/bash'
Tegra30 (Beaver) # setenv ipaddr 192.168.100.101; setenv serverip 192.168.100.1; setenv tftpserverip 192.168.100.1
Tegra30 (Beaver) # tftpboot 0x81000000 zImage.tegra_defconfig
Using asx0 device
TFTP from server 192.168.100.1; our IP address is 192.168.100.101
Filename 'zImage.tegra_defconfig'.
Load address: 0x81000000
Loading: *#################################################################
	 #################################################################
	 #################################################################
	 #################################################################
	 #################################################################
	 ##########################################
	 2.8 MiB/s
done
Bytes transferred = 5378336 (521120 hex)
Tegra30 (Beaver) # tftpboot 0x82000000 tegra30-beaver.dtb
Using asx0 device
TFTP from server 192.168.100.1; our IP address is 192.168.100.101
Filename 'tegra30-beaver.dtb'.
Load address: 0x82000000
Loading: *####
	 2.6 MiB/s
done
Bytes transferred = 51688 (c9e8 hex)
Tegra30 (Beaver) # bootz 0x81000000 - 0x82000000
Kernel image @ 0x81000000 [ 0x000000 - 0x521120 ]
## Flattened Device Tree blob at 82000000
   Booting using the fdt blob at 0x82000000
   Loading Device Tree to 8fff0000, end 8ffff9e7 ... OK

Starting kernel ...

Uncompressing Linux... done, booting the kernel.
[    0.000000] Booting Linux on physical CPU 0x0
[    0.000000] Linux version 4.6.0-next-20160523-95490-gcbafe21 (pwalmsley@kaivo) (gcc version 4.7.3 20130328 (prerelease) (crosstool-NG linaro-1.13.1-4.7-2013.04-20130415 - Linaro GCC 2013.04) ) #1 SMP PREEMPT Mon May 23 12:18:13 PDT 2016
[    0.000000] CPU: ARMv7 Processor [412fc099] revision 9 (ARMv7), cr=10c5387d
[    0.000000] CPU: PIPT / VIPT nonaliasing data cache, VIPT aliasing instruction cache
[    0.000000] Machine model: NVIDIA Tegra30 Beaver evaluation board
[    0.000000] debug: ignoring loglevel setting.
[    0.000000] bootconsole [earlycon0] enabled
[    0.000000] cma: Reserved 64 MiB at 0xfbc00000
[    0.000000] Memory policy: Data cache writealloc
[    0.000000] On node 0 totalpages: 524032
[    0.000000] free_area_init_node: node 0, pgdat c0c5bd80, node_mem_map eeff7000
[    0.000000]   Normal zone: 1536 pages used for memmap
[    0.000000]   Normal zone: 0 pages reserved
[    0.000000]   Normal zone: 196608 pages, LIFO batch:31
[    0.000000]   HighMem zone: 327424 pages, LIFO batch:31
[    0.000000] percpu: Embedded 13 pages/cpu @eef8e000 s23936 r8192 d21120 u53248
[    0.000000] pcpu-alloc: s23936 r8192 d21120 u53248 alloc=13*4096
[    0.000000] pcpu-alloc: [0] 0 [0] 1 [0] 2 [0] 3 
[    0.000000] Built 1 zonelists in Zone order, mobility grouping on.  Total pages: 522496
[    0.000000] Kernel command line: ignore_loglevel console=ttyS0,115200n8 rw root=PARTUUID=edbe1840-3633-c751-7993-b0ac834f81e0 rootwait gpt debug noinitrd earlyprintk init=/bin/bash
[    0.000000] PID hash table entries: 4096 (order: 2, 16384 bytes)
[    0.000000] Dentry cache hash table entries: 131072 (order: 7, 524288 bytes)
[    0.000000] Inode-cache hash table entries: 65536 (order: 6, 262144 bytes)
[    0.000000] Memory: 2000896K/2096128K available (7416K kernel code, 374K rwdata, 2560K rodata, 1024K init, 366K bss, 29696K reserved, 65536K cma-reserved, 1244160K highmem)
[    0.000000] Virtual kernel memory layout:
[    0.000000]     vector  : 0xffff0000 - 0xffff1000   (   4 kB)
[    0.000000]     fixmap  : 0xffc00000 - 0xfff00000   (3072 kB)
[    0.000000]     vmalloc : 0xf0800000 - 0xff800000   ( 240 MB)
[    0.000000]     lowmem  : 0xc0000000 - 0xf0000000   ( 768 MB)
[    0.000000]     pkmap   : 0xbfe00000 - 0xc0000000   (   2 MB)
[    0.000000]     modules : 0xbf000000 - 0xbfe00000   (  14 MB)
[    0.000000]       .text : 0xc0008000 - 0xc0abe058   (10969 kB)
[    0.000000]       .init : 0xc0b00000 - 0xc0c00000   (1024 kB)
[    0.000000]       .data : 0xc0c00000 - 0xc0c5d900   ( 375 kB)
[    0.000000]        .bss : 0xc0c5f000 - 0xc0cbab18   ( 367 kB)
[    0.000000] Preemptible hierarchical RCU implementation.
[    0.000000] 	Build-time adjustment of leaf fanout to 32.
[    0.000000] NR_IRQS:16 nr_irqs:16 16
[    0.000000] /interrupt-controller@60004000: 160 interrupts forwarded to /interrupt-controller@50041000
[    0.000000] L2C: platform modifies aux control register: 0x02080000 -> 0x3e480001
[    0.000000] L2C: DT/platform modifies aux control register: 0x02080000 -> 0x3e480001
[    0.000000] L2C-310 erratum 769419 enabled
[    0.000000] L2C-310 enabling early BRESP for Cortex-A9
[    0.000000] L2C-310: enabling full line of zeros but not enabled in Cortex-A9
[    0.000000] L2C-310 dynamic clock gating enabled, standby mode enabled
[    0.000000] L2C-310 cache controller enabled, 8 ways, 1024 kB
[    0.000000] L2C-310: CACHE_ID 0x410000c7, AUX_CTRL 0x4e480001
[    0.000013] sched_clock: 32 bits at 1000kHz, resolution 1000ns, wraps every 2147483647500ns
[    0.006538] clocksource: timer_us: mask: 0xffffffff max_cycles: 0xffffffff, max_idle_ns: 1911260446275 ns
[    0.016155] Switching to timer-based delay loop, resolution 1000ns
[    0.023207] Console: colour dummy device 80x30
[    0.026913] Calibrating delay loop (skipped), value calculated using timer frequency.. 2.00 BogoMIPS (lpj=10000)
[    0.037124] pid_max: default: 32768 minimum: 301
[    0.042169] Mount-cache hash table entries: 2048 (order: 1, 8192 bytes)
[    0.048479] Mountpoint-cache hash table entries: 2048 (order: 1, 8192 bytes)
[    0.056782] CPU: Testing write buffer coherency: ok
[    0.060871] CPU0: thread -1, cpu 0, socket 0, mpidr 80000000
[    0.066279] Setting up static identity map for 0x80100000 - 0x80100098
[    0.120401] Tegra Revision: A03 SKU: 128 CPU Process: 4 SoC Process: 0
[    0.180379] CPU1: thread -1, cpu 1, socket 0, mpidr 80000001
[    0.230370] CPU2: thread -1, cpu 2, socket 0, mpidr 80000002
[    0.280370] CPU3: thread -1, cpu 3, socket 0, mpidr 80000003
[    0.280425] Brought up 4 CPUs
[    0.298728] SMP: Total of 4 processors activated (8.00 BogoMIPS).
[    0.304885] CPU: All CPU(s) started in SVC mode.
[    0.340594] devtmpfs: initialized
[    0.372289] VFP support v0.3: implementor 41 architecture 3 part 30 variant 9 rev 4
[    0.378591] clocksource: jiffies: mask: 0xffffffff max_cycles: 0xffffffff, max_idle_ns: 19112604462750000 ns
[    0.450015] pinctrl core: initialized pinctrl subsystem
[    0.540436] NET: Registered protocol family 16
[    0.544899] DMA: preallocated 256 KiB pool for atomic coherent allocations
[    0.579969] cpuidle: using governor menu
[    0.596687] No ATAGs?
[    0.596891] hw-breakpoint: found 5 (+1 reserved) breakpoint and 1 watchpoint registers.
[    0.605210] hw-breakpoint: maximum watchpoint size is 4 bytes.
[    0.641135] tegra-mc 7000f000.memory-controller: no memory timings for RAM code 3 registered
[    0.941214] vdd_5v_sata: Failed to request enable GPIO30: -517
[    0.945220] reg-fixed-voltage regulators:regulator@3: Failed to register regulator: -517
[    0.953467] usb1_vbus: Failed to request enable GPIO238: -517
[    0.959171] reg-fixed-voltage regulators:regulator@4: Failed to register regulator: -517
[    0.967397] usb3_vbus: Failed to request enable GPIO236: -517
[    0.973132] reg-fixed-voltage regulators:regulator@5: Failed to register regulator: -517
[    0.981418] sys_3v3_pexs: Failed to request enable GPIO95: -517
[    0.987251] reg-fixed-voltage regulators:regulator@7: Failed to register regulator: -517
[    0.997066] vgaarb: loaded
[    1.020395] SCSI subsystem initialized
[    1.022531] libata version 3.00 loaded.
[    1.026737] usbcore: registered new interface driver usbfs
[    1.031893] usbcore: registered new interface driver hub
[    1.037246] usbcore: registered new device driver usb
[    1.050511] vrtc: supplied by vdd_5v_in
[    1.056047] vio: supplied by vdd_5v_in
[    1.062098] vdd1: supplied by vdd_5v_in
[    1.065492] vddio_ddr_1v2: Bringing 600000uV into 1200000-1200000uV
[    1.082102] vdd2: supplied by vdd_5v_in
[    1.102078] ldo1: supplied by vdd_1v5_gen
[    1.106893] ldo2: supplied by vdd_1v5_gen
[    1.109559] vdd_sata,avdd_plle: Bringing 1200000uV into 1050000-1050000uV
[    1.118403] ldo3: supplied by vdd_5v_in
[    1.123046] ldo4: supplied by vdd_5v_in
[    1.132102] ldo5: supplied by vdd_5v_in
[    1.142092] ldo6: supplied by vdd_1v8_gen
[    1.144765] avdd_dsi_csi,pwrdet_mipi: Bringing 1000000uV into 1200000-1200000uV
[    1.154145] ldo7: supplied by vdd_1v8_gen
[    1.162088] ldo8: supplied by vdd_1v8_gen
[    1.172737] Linux video capture interface: v2.00
[    1.175614] pps_core: LinuxPPS API ver. 1 registered
[    1.180564] pps_core: Software ver. 5.3.6 - Copyright 2005-2007 Rodolfo Giometti <giometti@linux.it>
[    1.189779] PTP clock support registered
[    1.194468] Advanced Linux Sound Architecture Driver Initialized.
[    1.201194] Bluetooth: Core ver 2.21
[    1.203570] NET: Registered protocol family 31
[    1.208021] Bluetooth: HCI device and connection manager initialized
[    1.214463] Bluetooth: HCI socket layer initialized
[    1.219385] Bluetooth: L2CAP socket layer initialized
[    1.224534] Bluetooth: SCO socket layer initialized
[    1.230732] clocksource: Switched to clocksource timer_us
[    1.460740] NET: Registered protocol family 2
[    1.620748] TCP established hash table entries: 8192 (order: 3, 32768 bytes)
[    1.626010] TCP bind hash table entries: 8192 (order: 4, 65536 bytes)
[    1.632568] TCP: Hash tables configured (established 8192 bind 8192)
[    1.639356] UDP hash table entries: 512 (order: 2, 16384 bytes)
[    1.644954] UDP-Lite hash table entries: 512 (order: 2, 16384 bytes)
[    1.740744] NET: Registered protocol family 1
[    1.830753] RPC: Registered named UNIX socket transport module.
[    1.834838] RPC: Registered udp transport module.
[    1.839605] RPC: Registered tcp transport module.
[    1.844385] RPC: Registered tcp NFSv4.1 backchannel transport module.
[    1.850898] PCI: CLS 0 bytes, default 64
[    1.856698] hw perfevents: enabled with armv7_cortex_a9 PMU driver, 7 counters available
[    1.892348] futex hash table entries: 1024 (order: 4, 65536 bytes)
[    1.897933] workingset: timestamp_bits=28 max_order=19 bucket_order=0
[    2.500744] squashfs: version 4.0 (2009/01/31) Phillip Lougher
[    2.740799] NFS: Registering the id_resolver key type
[    2.744067] Key type id_resolver registered
[    2.748264] Key type id_legacy registered
[    2.755813] bounce: pool size: 64 pages
[    2.757829] io scheduler noop registered (default)
[    2.888814] tegra-pcie 3000.pcie-controller: 2x3 configuration
[    2.893058] tegra-pcie 3000.pcie-controller: Failed to get supply 'hvdd-pex': -517
[    2.908892] tegra-apbdma 6000a000.dma: Tegra20 APB DMA driver register 32 channels
[    2.915325] tegra-pmc 7000e400.pmc: i2c-thermtrip node not found, emergency thermal reset disabled.
[    2.924327] Serial: 8250/16550 driver, 4 ports, IRQ sharing disabled
[    2.932898] console [ttyS0] disabled
[    2.934685] 70006000.serial: ttyS0 at MMIO 0x70006000 (irq = 331, base_baud = 25500000) is a Tegra
[    2.943710] console [ttyS0] enabled
[    2.943710] console [ttyS0] enabled
[    2.949987] bootconsole [earlycon0] disabled
[    2.949987] bootconsole [earlycon0] disabled
[    2.960497] [drm] Initialized drm 1.1.0 20060810
[    2.966722] tegra-hdmi 54280000.hdmi: failed to get HDMI regulator
[    2.997109] loop: module loaded
[    3.033844] m25p80 spi32766.1: w25q32 (4096 Kbytes)
[    3.050949] CAN device driver interface
[    3.054855] igb: Intel(R) Gigabit Ethernet Network Driver - version 5.3.0-k
[    3.061814] igb: Copyright (c) 2007-2014 Intel Corporation.
[    3.067624] pegasus: v0.9.3 (2013/04/25), Pegasus/Pegasus II USB Ethernet driver
[    3.075128] usbcore: registered new interface driver pegasus
[    3.080903] usbcore: registered new interface driver asix
[    3.086373] usbcore: registered new interface driver ax88179_178a
[    3.092551] usbcore: registered new interface driver cdc_ether
[    3.098486] usbcore: registered new interface driver smsc75xx
[    3.104364] usbcore: registered new interface driver smsc95xx
[    3.110183] usbcore: registered new interface driver net1080
[    3.115932] usbcore: registered new interface driver cdc_subset
[    3.121948] usbcore: registered new interface driver zaurus
[    3.127634] usbcore: registered new interface driver cdc_ncm
[    3.133965] ehci_hcd: USB 2.0 'Enhanced' Host Controller (EHCI) Driver
[    3.140477] ehci-pci: EHCI PCI platform driver
[    3.145089] tegra-ehci: Tegra EHCI driver
[    3.149287] ------------[ cut here ]------------
[    3.153928] WARNING: CPU: 1 PID: 1 at drivers/reset/core.c:187 __of_reset_control_get+0x1b4/0x218
[    3.162785] Modules linked in:
[    3.165839] CPU: 1 PID: 1 Comm: swapper/0 Not tainted 4.6.0-next-20160523-95490-gcbafe21 #1
[    3.174169] Hardware name: NVIDIA Tegra SoC (Flattened Device Tree)
[    3.180456] [<c010f1e8>] (unwind_backtrace) from [<c010a864>] (show_stack+0x10/0x14)
[    3.188186] [<c010a864>] (show_stack) from [<c033ddd4>] (dump_stack+0x84/0xa4)
[    3.195402] [<c033ddd4>] (dump_stack) from [<c011f320>] (__warn+0xd4/0x100)
[    3.202350] [<c011f320>] (__warn) from [<c011f36c>] (warn_slowpath_null+0x20/0x28)
[    3.209904] [<c011f36c>] (warn_slowpath_null) from [<c03c1324>] (__of_reset_control_get+0x1b4/0x218)
[    3.219020] [<c03c1324>] (__of_reset_control_get) from [<c0513ff4>] (tegra_ehci_probe+0x2c8/0x514)
[    3.227966] [<c0513ff4>] (tegra_ehci_probe) from [<c04416e8>] (platform_drv_probe+0x50/0xb0)
[    3.236386] [<c04416e8>] (platform_drv_probe) from [<c0440114>] (driver_probe_device+0x1f4/0x2b0)
[    3.245238] [<c0440114>] (driver_probe_device) from [<c044027c>] (__driver_attach+0xac/0xb0)
[    3.253665] [<c044027c>] (__driver_attach) from [<c043e738>] (bus_for_each_dev+0x54/0x88)
[    3.261826] [<c043e738>] (bus_for_each_dev) from [<c043f708>] (bus_add_driver+0xe8/0x1f4)
[    3.269985] [<c043f708>] (bus_add_driver) from [<c0440a78>] (driver_register+0x78/0xf4)
[    3.277971] [<c0440a78>] (driver_register) from [<c010179c>] (do_one_initcall+0x3c/0x16c)
[    3.286137] [<c010179c>] (do_one_initcall) from [<c0b00d94>] (kernel_init_freeable+0x11c/0x1e8)
[    3.294829] [<c0b00d94>] (kernel_init_freeable) from [<c07f1be4>] (kernel_init+0x8/0x118)
[    3.302991] [<c07f1be4>] (kernel_init) from [<c0107938>] (ret_from_fork+0x14/0x3c)
[    3.310565] ---[ end trace a516b73fc050d3f6 ]---
[    3.315183] tegra-ehci 7d004000.usb: can't get utmi-pads reset from the PHY
[    3.322135] tegra-ehci 7d004000.usb: continuing, but please update your DT
[    3.329628] usbcore: registered new interface driver cdc_acm
[    3.335286] cdc_acm: USB Abstract Control Model driver for USB modems and ISDN adapters
[    3.343369] usbcore: registered new interface driver cdc_wdm
[    3.349145] usbcore: registered new interface driver usb-storage
[    3.355766] mousedev: PS/2 mouse device common for all mice
[    3.363397] tegra_rtc 7000e000.rtc: rtc core: registered 7000e000.rtc as rtc1
[    3.370604] tegra_rtc 7000e000.rtc: Tegra internal Real Time Clock
[    3.389704] tps65910-rtc tps65910-rtc: rtc core: registered tps65910-rtc as rtc0
[    3.397159] i2c /dev entries driver
[    3.402267] usbcore: registered new interface driver uvcvideo
[    3.407997] USB Video Class driver (1.1.1)
[    3.412095] gspca_main: v2.14.0 registered
[    3.417360] tegra-wdt 60005000.timer: initialized (heartbeat = 120 sec, nowayout = 0)
[    3.425772] sdhci: Secure Digital Host Controller Interface driver
[    3.431948] sdhci: Copyright(c) Pierre Ossman
[    3.436290] sdhci-pltfm: SDHCI platform and OF driver helper
[    3.442269] sdhci-tegra 78000000.sdhci: Got CD GPIO
[    3.447145] sdhci-tegra 78000000.sdhci: Got WP GPIO
[    3.453311] mmc0: Invalid maximum block size, assuming 512 bytes
[    3.500899] mmc0: SDHCI controller on 78000000.sdhci [78000000.sdhci] using ADMA
[    3.509520] mmc1: Invalid maximum block size, assuming 512 bytes
[    3.560742] mmc1: SDHCI controller on 78000600.sdhci [78000600.sdhci] using ADMA
[    3.569277] usbcore: registered new interface driver usbhid
[    3.574870] usbhid: USB HID core driver
[    3.669912] mmc1: new high speed MMC card at address 0001
[    3.680090] mmcblk1: mmc1:0001 SEM16G 14.8 GiB 
[    3.695005] mmcblk1boot0: mmc1:0001 SEM16G partition 1 1.00 MiB
[    3.701292] mmcblk1boot1: mmc1:0001 SEM16G partition 2 1.00 MiB
[    3.708522] mmcblk1rpmb: mmc1:0001 SEM16G partition 3 128 KiB
[    3.718931] mmc0: new ultra high speed DDR50 SDHC card at address aaaa
[    3.725488] Primary GPT is invalid, using alternate GPT.
[    3.725504]  mmcblk1: p1 p2 p3 p4 p5
[    3.739230] mmcblk0: mmc0:aaaa SS04G 3.69 GiB 
[    3.765771]  mmcblk0: p1 p2 p3
[    4.002367] tegra30-i2s 70080400.i2s: DMA channels sourced from device 70080000.ahub
[    4.018938] tegra-snd-rt5640 sound: rt5640-aif1 <-> 70080400.i2s mapping ok
[    4.029602] input: NVIDIA Tegra Beaver Headphones as /devices/soc0/sound/sound/card0/input0
[    4.250740] NET: Registered protocol family 10
[    4.380768] mip6: Mobile IPv6
[    4.383731] sit: IPv6 over IPv4 tunneling driver
[    4.390631] NET: Registered protocol family 17
[    4.395116] NET: Registered protocol family 15
[    4.399546] can: controller area network core (rev 20120528 abi 9)
[    4.440831] NET: Registered protocol family 29
[    4.445264] can: raw protocol (rev 20120528)
[    4.449520] can: broadcast manager protocol (rev 20120528 t)
[    4.455187] can: netlink gateway (rev 20130117) max_hops=1
[    4.480842] Bluetooth: RFCOMM socket layer initialized
[    4.485985] Bluetooth: RFCOMM ver 1.11
[    4.489727] Bluetooth: BNEP (Ethernet Emulation) ver 1.3
[    4.495098] Bluetooth: BNEP socket layer initialized
[    4.500049] Bluetooth: HIDP (Human Interface Emulation) ver 1.2
[    4.505974] Bluetooth: HIDP socket layer initialized
[    4.511211] Key type dns_resolver registered
[    4.516433] Registering SWP/SWPB emulation handler
[    4.535893] vdd_ddr: supplied by vdd_5v_in
[    4.540969] vdd_5v_sata: supplied by vdd_5v_in
[    4.545878] usb1_vbus: supplied by vdd_5v_in
[    4.550600] usb3_vbus: supplied by vdd_5v_in
[    4.556267] sys_3v3,vdd_3v3_alw: supplied by vdd_5v_in
[    4.562222] +VDD_5V_HDMI: supplied by sys_3v3,vdd_3v3_alw
[    4.567789] sys_3v3_pexs: supplied by sys_3v3,vdd_3v3_alw
[    4.573744] tegra-pcie 3000.pcie-controller: 2x3 configuration
[    4.582763] tegra-pcie 3000.pcie-controller: probing port 0, using 2 lanes
[    4.647911] tegra-pcie 3000.pcie-controller: probing port 2, using 2 lanes
[    5.058710] tegra-pcie 3000.pcie-controller: link 2 down, retrying
[    5.468818] tegra-pcie 3000.pcie-controller: link 2 down, retrying
[    5.878918] tegra-pcie 3000.pcie-controller: link 2 down, retrying
[    5.887108] tegra-pcie 3000.pcie-controller: link 2 down, ignoring
[    5.893623] tegra-pcie 3000.pcie-controller: PCI host bridge to bus 0000:00
[    5.900572] pci_bus 0000:00: root bus resource [io  0x0000-0xffff]
[    5.906750] pci_bus 0000:00: root bus resource [mem 0x20000000-0x27ffffff]
[    5.913619] pci_bus 0000:00: root bus resource [mem 0x28000000-0x3fffffff pref]
[    5.920919] pci_bus 0000:00: root bus resource [bus 00-ff]
[    5.926428] pci 0000:00:01.0: [10de:0e1c] type 01 class 0x060400
[    5.932490] pci 0000:00:01.0: PME# supported from D0 D1 D2 D3hot D3cold
[    5.939537] PCI: bus0: Fast back to back transfers disabled
[    5.945112] pci 0000:00:01.0: bridge configuration invalid ([bus 00-00]), reconfiguring
[    5.953375] pci 0000:01:00.0: [10ec:8168] type 00 class 0x020000
[    5.959380] pci 0000:01:00.0: reg 0x10: [io  0x0000-0x00ff]
[    5.964964] pci 0000:01:00.0: reg 0x18: [mem 0x00000000-0x00000fff 64bit pref]
[    5.972185] pci 0000:01:00.0: reg 0x20: [mem 0x00000000-0x00003fff 64bit pref]
[    5.979461] pci 0000:01:00.0: supports D1 D2
[    5.983729] pci 0000:01:00.0: PME# supported from D0 D1 D2 D3hot D3cold
[    6.010762] PCI: bus1: Fast back to back transfers disabled
[    6.016323] pci_bus 0000:01: busn_res: [bus 01-ff] end is updated to 01
[    6.023002] pci 0000:00:01.0: BAR 9: assigned [mem 0x28000000-0x280fffff 64bit pref]
[    6.030743] pci 0000:00:01.0: BAR 7: assigned [io  0x1000-0x1fff]
[    6.036828] pci 0000:01:00.0: BAR 4: assigned [mem 0x28000000-0x28003fff 64bit pref]
[    6.044572] pci 0000:01:00.0: BAR 2: assigned [mem 0x28004000-0x28004fff 64bit pref]
[    6.052338] pci 0000:01:00.0: BAR 0: assigned [io  0x1000-0x10ff]
[    6.058421] pci 0000:00:01.0: PCI bridge to [bus 01]
[    6.063383] pci 0000:00:01.0:   bridge window [io  0x1000-0x1fff]
[    6.069462] pci 0000:00:01.0:   bridge window [mem 0x28000000-0x280fffff 64bit pref]
[    6.077209] pci 0000:00:01.0: nv_msi_ht_cap_quirk didn't locate host bridge
[    6.084304] pcieport 0000:00:01.0: enabling device (0140 -> 0143)
[    6.090744] pcieport 0000:00:01.0: Signaling PME through PCIe PME interrupt
[    6.097689] pci 0000:01:00.0: Signaling PME through PCIe PME interrupt
[    6.104210] pcie_pme 0000:00:01.0:pcie001: service driver pcie_pme loaded
[    6.111268] r8169 Gigabit Ethernet driver 2.3LK-NAPI loaded
[    6.116866] r8169 0000:01:00.0: enabling device (0140 -> 0143)
[    6.124338] r8169 0000:01:00.0 eth0: RTL8168evl/8111evl at 0xf087e000, 02:04:4b:01:60:a6, XID 0c900800 IRQ 375
[    6.134338] r8169 0000:01:00.0 eth0: jumbo features [frames: 9200 bytes, tx checksumming: ko]
[    6.147133] [drm] Supports vblank timestamp caching Rev 2 (21.10.2013).
[    6.153755] [drm] No driver support for vblank timestamp query.
[    6.159707] drm drm: No connectors reported connected with modes
[    6.165723] [drm] Cannot find any crtc or sizes - going 1024x768
[    6.192164] Console: switching to colour frame buffer device 128x48
[    6.204486] drm drm: fb0:  frame buffer device
[    6.230744] [drm] Initialized tegra 0.0.0 20120330 on minor 0
[    6.240055] utmi_phy_clk_enable: timeout waiting for phy to stabilize
[    6.246536] tegra-ehci 7d004000.usb: EHCI Host Controller
[    6.251970] tegra-ehci 7d004000.usb: new USB bus registered, assigned bus number 1
[    6.259926] tegra-ehci 7d004000.usb: irq 343, io mem 0x7d004000
[    6.280748] tegra-ehci 7d004000.usb: USB 2.0 started, EHCI 1.00
[    6.288391] hub 1-0:1.0: USB hub found
[    6.292171] hub 1-0:1.0: 1 port detected
[    6.296969] tegra-ehci 7d008000.usb: EHCI Host Controller
[    6.302396] tegra-ehci 7d008000.usb: new USB bus registered, assigned bus number 2
[    6.310255] tegra-ehci 7d008000.usb: irq 344, io mem 0x7d008000
[    6.330746] tegra-ehci 7d008000.usb: USB 2.0 started, EHCI 1.00
[    6.338234] hub 2-0:1.0: USB hub found
[    6.342011] hub 2-0:1.0: 1 port detected
[    6.352543] tps65910-rtc tps65910-rtc: setting system clock to 2000-01-01 00:00:02 UTC (946684802)
[    6.370472] vdd_sata,avdd_plle: disabling
[    6.375283] usb1_vbus: disabling
[    6.378696] ALSA device list:
[    6.381667]   #0: NVIDIA Tegra Beaver
[    6.387391] EXT4-fs (mmcblk1p1): mounting ext3 file system using the ext4 subsystem
[    6.403131] EXT4-fs (mmcblk1p1): warning: mounting fs with errors, running e2fsck is recommended
[    6.441484] EXT4-fs (mmcblk1p1): recovery complete
[    6.446272] EXT4-fs (mmcblk1p1): mounted filesystem with ordered data mode. Opts: (null)
[    6.454411] VFS: Mounted root (ext3 filesystem) on device 179:1.
[    6.471867] devtmpfs: mounted
[    6.476431] Freeing unused kernel memory: 1024K (c0b00000 - c0c00000)
bash: cannot set terminal process group (-1): Inappropriate ioctl for device
bash: no job control in this shell
root@(none):/# [    6.660785] usb 2-1: new high-speed USB device number 2 using tegra-ehci
mount -t sysfs none /sys
root@(none):/# 
root@(none):/# [    7.646044] asix 2-1:1.0 eth1: register 'asix' at usb-7d008000.usb-1, ASIX AX88772 USB 2.0 Ethernet, 00:50:b6:0f:67:60
mount -t debugfs none /sys/kernel/debug
root@(none):/# 
root@(none):/# rtcwake -d rtc1 -m mem -s 3
rtcwake: wakeup from "mem" using /dev/rtc1 at Thu Jan  1 00:00:24 1970
[    9.289769] PM: Syncing filesystems ... done.
[    9.304351] Freezing user space processes ... [    9.308734] Freezing remaining freezable tasks ... (elapsed 0.004 seconds) done.
[    9.313644] Suspending console(s) (use no_console_suspend to debug)
(elapsed 0.004 seconds) done.
[    9.374299] PM: suspend of devices complete after 51.127 msecs
[    9.376046] PM: late suspend of devices complete after 1.740 msecs
[    9.391057] PM: noirq suspend of devices complete after 15.005 msecs
[    9.391061] Disabling non-boot CPUs ...
[    9.431413] CPU1: shutdown
[    9.521392] CPU2: shutdown
[    9.580957] IRQ17 no longer affine to CPU3
[    9.581142] CPU3: shutdown
[    9.612079] Entering suspend state LP1
[    9.612090] Enabling non-boot CPUs ...
[    9.663015] CPU1 is up
[    9.713445] CPU2 is up
[    9.763904] CPU3 is up
[    9.764353] pcieport 0000:00:01.0: nv_msi_ht_cap_quirk didn't locate host bridge
[    9.780799] PM: noirq resume of devices complete after 16.887 msecs
[    9.781735] PM: early resume of devices complete after 0.554 msecs
[    9.853303] PM: resume of devices complete after 71.558 msecs
[    9.930916] Restarting tasks ... done.
root@(none):/# 
root@(none):/# rtcwake -d rtc1 -m mem -s 3
rtcwake: wakeup from "mem" using /dev/rtc1 at Thu Jan  1 00:00:29 1970
[   11.258077] PM: Syncing filesystems ... done.
[   11.269795] Freezing user space processes ... (elapsed 0.001 seconds) done.
[   11.277899] Freezing remaining freezable tasks ... (elapsed 0.001 seconds) done.
[   11.286487] Suspending console(s) (use no_console_suspend to debug)
[   11.343509] PM: suspend of devices complete after 50.234 msecs
[   11.343965] PM: late suspend of devices complete after 0.449 msecs
[   11.361029] PM: noirq suspend of devices complete after 17.058 msecs
[   11.361032] Disabling non-boot CPUs ...
[   11.401394] CPU1: shutdown
[   11.490991] IRQ17 no longer affine to CPU2
[   11.491217] CPU2: shutdown
[   11.581111] CPU3: shutdown
[   11.612057] Entering suspend state LP1
[   11.612087] Enabling non-boot CPUs ...
[   11.663230] CPU1 is up
[   11.713595] CPU2 is up
[   11.764057] CPU3 is up
[   11.764595] pcieport 0000:00:01.0: nv_msi_ht_cap_quirk didn't locate host bridge
[   11.780780] PM: noirq resume of devices complete after 16.709 msecs
[   11.781943] PM: early resume of devices complete after 0.701 msecs
[   11.853877] PM: resume of devices complete after 71.922 msecs
[   11.928932] Restarting tasks ... done.
root@(none):/# 
root@(none):/# rtcwake -d rtc1 -m mem -s 3
rtcwake: wakeup from "mem" using /dev/rtc1 at Thu Jan  1 00:00:34 1970
[   13.260262] PM: Syncing filesystems ... done.
[   13.274135] Freezing user space processes ... (elapsed 0.001 seconds) done.
[   13.282282] Freezing remaining freezable tasks ... (elapsed 0.001 seconds) done.
[   13.290930] Suspending console(s) (use no_console_suspend to debug)
[   13.344227] PM: suspend of devices complete after 46.362 msecs
[   13.345291] PM: late suspend of devices complete after 1.053 msecs
[   13.361102] PM: noirq suspend of devices complete after 15.802 msecs
[   13.361107] Disabling non-boot CPUs ...
[   13.391542] CPU1: shutdown
[   13.461287] CPU2: shutdown
[   13.520970] IRQ17 no longer affine to CPU3
[   13.521187] CPU3: shutdown
[   13.552071] Entering suspend state LP1
[   13.552084] Enabling non-boot CPUs ...
[   13.593214] CPU1 is up
[   13.643542] CPU2 is up
[   13.694042] CPU3 is up
[   13.694539] pcieport 0000:00:01.0: nv_msi_ht_cap_quirk didn't locate host bridge
[   13.710755] PM: noirq resume of devices complete after 16.703 msecs
[   13.712132] PM: early resume of devices complete after 0.945 msecs
[   13.783708] PM: resume of devices complete after 71.561 msecs
[   13.858770] Restarting tasks ... done.
root@(none):/# 
root@(none):/# rtcwake -d rtc1 -m mem -s 3
rtcwake: wakeup from "mem" using /dev/rtc1 at Thu Jan  1 00:00:39 1970
[   15.213977] PM: Syncing filesystems ... done.
[   15.228308] Freezing user space processes ... [   15.232757] Freezing remaining freezable tasks ... (elapsed 0.004 seconds) done.
[   15.237690] Suspending console(s) (use no_console_suspend to debug)
(elapsed 0.004 seconds) done.
[   15.293792] PM: suspend of devices complete after 46.451 msecs
[   15.295415] PM: late suspend of devices complete after 1.614 msecs
[   15.311045] PM: noirq suspend of devices complete after 15.621 msecs
[   15.311051] Disabling non-boot CPUs ...
[   15.351502] CPU1: shutdown
[   15.410981] IRQ17 no longer affine to CPU2
[   15.411268] CPU2: shutdown
[   15.481132] CPU3: shutdown
[   15.512018] Entering suspend state LP1
[   15.512038] Enabling non-boot CPUs ...
[   15.553189] CPU1 is up
[   15.603553] CPU2 is up
[   15.654000] CPU3 is up
[   15.654486] pcieport 0000:00:01.0: nv_msi_ht_cap_quirk didn't locate host bridge
[   15.670729] PM: noirq resume of devices complete after 16.718 msecs
[   15.671904] PM: early resume of devices complete after 0.739 msecs
[   15.744135] PM: resume of devices complete after 72.215 msecs
[   15.821887] Restarting tasks ... done.
root@(none):/# 
root@(none):/# rtcwake -d rtc1 -m mem -s 3
rtcwake: wakeup from "mem" using /dev/rtc1 at Thu Jan  1 00:00:44 1970
[   17.161572] PM: Syncing filesystems ... done.
[   17.176442] Freezing user space processes ... [   17.180881] Freezing remaining freezable tasks ... (elapsed 0.004 seconds) done.
[   17.185826] Suspending console(s) (use no_console_suspend to debug)
(elapsed 0.004 seconds) done.
[   17.244665] PM: suspend of devices complete after 49.192 msecs
[   17.245204] PM: late suspend of devices complete after 0.532 msecs
[   17.261020] PM: noirq suspend of devices complete after 15.806 msecs
[   17.261025] Disabling non-boot CPUs ...
[   17.291508] CPU1: shutdown
[   17.361258] CPU2: shutdown
[   17.420901] IRQ17 no longer affine to CPU3
[   17.421106] CPU3: shutdown
[   17.451998] Entering suspend state LP1
[   17.452020] Enabling non-boot CPUs ...
[   17.493169] CPU1 is up
[   17.543537] CPU2 is up
[   17.593980] CPU3 is up
[   17.594458] pcieport 0000:00:01.0: nv_msi_ht_cap_quirk didn't locate host bridge
[   17.610709] PM: noirq resume of devices complete after 16.716 msecs
[   17.611857] PM: early resume of devices complete after 0.712 msecs
[   17.683683] PM: resume of devices complete after 71.812 msecs
[   17.761445] Restarting tasks ... done.
root@(none):/# 
root@(none):/# rtcwake -d rtc1 -m mem -s 3
rtcwake: wakeup from "mem" using /dev/rtc1 at Thu Jan  1 00:00:49 1970
[   19.101779] PM: Syncing filesystems ... done.
[   19.115636] Freezing user space processes ... [   19.120068] Freezing remaining freezable tasks ... (elapsed 0.004 seconds) done.
(elapsed 0.006 seconds) done.
[   19.132467] Suspending console(s) (use no_console_suspend to debug)
[   19.194128] PM: suspend of devices complete after 54.731 msecs
[   19.194682] PM: late suspend of devices complete after 0.545 msecs
[   19.211005] PM: noirq suspend of devices complete after 16.314 msecs
[   19.211010] Disabling non-boot CPUs ...
[   19.251466] CPU1: shutdown
[   19.341224] CPU2: shutdown
[   19.410904] IRQ17 no longer affine to CPU3
[   19.411116] CPU3: shutdown
[   19.441998] Entering suspend state LP1
[   19.442013] Enabling non-boot CPUs ...
[   19.493124] CPU1 is up
[   19.543506] CPU2 is up
[   19.593966] CPU3 is up
[   19.594466] pcieport 0000:00:01.0: nv_msi_ht_cap_quirk didn't locate host bridge
[   19.610688] PM: noirq resume of devices complete after 16.710 msecs
[   19.612369] PM: early resume of devices complete after 1.242 msecs
[   19.683619] PM: resume of devices complete after 71.239 msecs
[   19.758635] Restarting tasks ... done.
root@(none):/# 
root@(none):/# rtcwake -d rtc1 -m mem -s 3
rtcwake: wakeup from "mem" using /dev/rtc1 at Thu Jan  1 00:00:54 1970
[   21.091652] PM: Syncing filesystems ... done.
[   21.105535] Freezing user space processes ... [   21.109967] Freezing remaining freezable tasks ... (elapsed 0.004 seconds) done.
(elapsed 0.006 seconds) done.
[   21.122373] Suspending console(s) (use no_console_suspend to debug)
[   21.176144] PM: suspend of devices complete after 46.842 msecs
[   21.176711] PM: late suspend of devices complete after 0.558 msecs
[   21.190957] PM: noirq suspend of devices complete after 14.237 msecs
[   21.190960] Disabling non-boot CPUs ...
[   21.221452] CPU1: shutdown
[   21.291203] CPU2: shutdown
[   21.350854] IRQ17 no longer affine to CPU3
[   21.351063] CPU3: shutdown
[   21.381986] Entering suspend state LP1
[   21.381999] Enabling non-boot CPUs ...
[   21.433121] CPU1 is up
[   21.483468] CPU2 is up
[   21.533951] CPU3 is up
[   21.534449] pcieport 0000:00:01.0: nv_msi_ht_cap_quirk didn't locate host bridge
[   21.550669] PM: noirq resume of devices complete after 16.708 msecs
[   21.551839] PM: early resume of devices complete after 0.727 msecs
[   21.623553] PM: resume of devices complete after 71.703 msecs
[   21.698564] Restarting tasks ... done.
root@(none):/# 
root@(none):/# rtcwake -d rtc1 -m mem -s 3
rtcwake: wakeup from "mem" using /dev/rtc1 at Thu Jan  1 00:00:59 1970
[   23.031679] PM: Syncing filesystems ... done.
[   23.046534] Freezing user space processes ... [   23.050984] Freezing remaining freezable tasks ... (elapsed 0.004 seconds) done.
(elapsed 0.006 seconds) done.
[   23.063386] Suspending console(s) (use no_console_suspend to debug)
[   23.123589] PM: suspend of devices complete after 53.268 msecs
[   23.124154] PM: late suspend of devices complete after 0.557 msecs
[   23.140964] PM: noirq suspend of devices complete after 16.803 msecs
[   23.140970] Disabling non-boot CPUs ...
[   23.181423] CPU1: shutdown
[   23.251167] CPU2: shutdown
[   23.310834] IRQ17 no longer affine to CPU3
[   23.311038] CPU3: shutdown
[   23.341953] Entering suspend state LP1
[   23.341969] Enabling non-boot CPUs ...
[   23.393089] CPU1 is up
[   23.443439] CPU2 is up
[   23.493919] CPU3 is up
[   23.494409] pcieport 0000:00:01.0: nv_msi_ht_cap_quirk didn't locate host bridge
[   23.510635] PM: noirq resume of devices complete after 16.707 msecs
[   23.512273] PM: early resume of devices complete after 1.202 msecs
[   23.584122] PM: resume of devices complete after 71.835 msecs
[   23.659134] Restarting tasks ... done.
root@(none):/# 
root@(none):/# rtcwake -d rtc1 -m mem -s 3
rtcwake: wakeup from "mem" using /dev/rtc1 at Thu Jan  1 00:01:04 1970
[   24.982596] PM: Syncing filesystems ... done.
[   24.997698] Freezing user space processes ... [   25.002142] Freezing remaining freezable tasks ... (elapsed 0.004 seconds) done.
[   25.007069] Suspending console(s) (use no_console_suspend to debug)
(elapsed 0.004 seconds) done.
[   25.065079] PM: suspend of devices complete after 48.365 msecs
[   25.065637] PM: late suspend of devices complete after 0.548 msecs
[   25.080949] PM: noirq suspend of devices complete after 15.302 msecs
[   25.080952] Disabling non-boot CPUs ...
[   25.121001] IRQ17 no longer affine to CPU1
[   25.121402] CPU1: shutdown
[   25.191126] CPU2: shutdown
[   25.251019] CPU3: shutdown
[   25.281934] Entering suspend state LP1
[   25.281949] Enabling non-boot CPUs ...
[   25.333067] CPU1 is up
[   25.383451] CPU2 is up
[   25.433893] CPU3 is up
[   25.434370] pcieport 0000:00:01.0: nv_msi_ht_cap_quirk didn't locate host bridge
[   25.450621] PM: noirq resume of devices complete after 16.715 msecs
[   25.451721] PM: early resume of devices complete after 0.663 msecs
[   25.523216] PM: resume of devices complete after 71.479 msecs
[   25.600943] Restarting tasks ... done.
root@(none):/# 
root@(none):/# rtcwake -d rtc1 -m mem -s 3
rtcwake: wakeup from "mem" using /dev/rtc1 at Thu Jan  1 00:01:09 1970
[   26.922648] PM: Syncing filesystems ... done.
[   26.937513] Freezing user space processes ... [   26.941958] Freezing remaining freezable tasks ... (elapsed 0.004 seconds) done.
[   26.946888] Suspending console(s) (use no_console_suspend to debug)
(elapsed 0.004 seconds) done.
[   27.004068] PM: suspend of devices complete after 47.534 msecs
[   27.007186] PM: late suspend of devices complete after 3.109 msecs
[   27.021003] PM: noirq suspend of devices complete after 13.808 msecs
[   27.021008] Disabling non-boot CPUs ...
[   27.061382] CPU1: shutdown
[   27.130856] IRQ17 no longer affine to CPU2
[   27.131132] CPU2: shutdown
[   27.190993] CPU3: shutdown
[   27.221914] Entering suspend state LP1
[   27.221929] Enabling non-boot CPUs ...
[   27.273054] CPU1 is up
[   27.323419] CPU2 is up
[   27.373891] CPU3 is up
[   27.374410] pcieport 0000:00:01.0: nv_msi_ht_cap_quirk didn't locate host bridge
[   27.390602] PM: noirq resume of devices complete after 16.699 msecs
[   27.392313] PM: early resume of devices complete after 1.241 msecs
[   27.464111] PM: resume of devices complete after 71.785 msecs
[   27.541824] Restarting tasks ... done.
root@(none):/# 
root@(none):/# NVTB SYSTEM SUSPEND TEST COMPLETE
