
U-Boot SPL 2014.07-00097-g772e173 (Jul 25 2014 - 20:02:52)


U-Boot 2014.07-00097-g772e173 (Jul 25 2014 - 20:02:52)

TEGRA124
Board: NVIDIA Jetson TK1
I2C:   ready
DRAM:  2 GiB
MMC:   Tegra SD/MMC: 0, Tegra SD/MMC: 1
In:    serial
Out:   serial
Err:   serial
Net:   Net Initialization Skipped
No ethernet found.
Hit any key to stop autoboot:  2  0 
Tegra124 (Jetson TK1) # 
Tegra124 (Jetson TK1) # usb reset
(Re)start USB...
USB0:   USB EHCI 1.10
scanning bus 0 for devices... 1 USB Device(s) found
USB1:   USB EHCI 1.10
scanning bus 1 for devices... 2 USB Device(s) found
       scanning usb for storage devices... 0 Storage Device(s) found
       scanning usb for ethernet devices... 
Warning: asx0 using MAC address from net device
1 Ethernet Device(s) found
Tegra124 (Jetson TK1) # setenv bootargs 'ignore_loglevel console=ttyS0,115200n8 rw root=/dev/mmcblk0p1 rootwait gpt debug init=/bin/bash noinitrd'
Tegra124 (Jetson TK1) # setenv ipaddr 192.168.100.102; setenv serverip 192.168.100.1; setenv tftpserverip 192.168.100.1
Tegra124 (Jetson TK1) # tftpboot 0x81000000 zImage.multi_v7_defconfig
Using asx0 device
TFTP from server 192.168.100.1; our IP address is 192.168.100.102
Filename 'zImage.multi_v7_defconfig'.
Load address: 0x81000000
Loading: *#################################################################
	 #################################################################
	 #################################################################
	 #################################################################
	 #################################################################
	 #################################################################
	 ########################################################
	 3.2 MiB/s
done
Bytes transferred = 6543184 (63d750 hex)
Tegra124 (Jetson TK1) # tftpboot 0x82000000 tegra124-jetson-tk1.dtb
Using asx0 device
TFTP from server 192.168.100.1; our IP address is 192.168.100.102
Filename 'tegra124-jetson-tk1.dtb'.
Load address: 0x82000000
Loading: *#####
	 2.9 MiB/s
done
Bytes transferred = 64138 (fa8a hex)
Tegra124 (Jetson TK1) # bootz 0x81000000 - 0x82000000
Kernel image @ 0x81000000 [ 0x000000 - 0x63d750 ]
## Flattened Device Tree blob at 82000000
   Booting using the fdt blob at 0x82000000
   Using Device Tree in place at 82000000, end 82012a89

Starting kernel ...

[    0.000000] Booting Linux on physical CPU 0x0
[    0.000000] Linux version 4.3.0-next-20151109-54253-g6958584 (pwalmsley@sellafield) (gcc version 4.7.3 20130328 (prerelease) (crosstool-NG linaro-1.13.1-4.7-2013.04-20130415 - Linaro GCC 2013.04) ) #1 SMP Mon Nov 9 04:09:24 PST 2015
[    0.000000] CPU: ARMv7 Processor [413fc0f3] revision 3 (ARMv7), cr=10c5387d
[    0.000000] CPU: PIPT / VIPT nonaliasing data cache, PIPT instruction cache
[    0.000000] Machine model: NVIDIA Tegra124 Jetson TK1
[    0.000000] debug: ignoring loglevel setting.
[    0.000000] cma: Reserved 64 MiB at 0xfb800000
[    0.000000] Memory policy: Data cache writealloc
[    0.000000] On node 0 totalpages: 524032
[    0.000000] free_area_init_node: node 0, pgdat c0fc4180, node_mem_map eeff8000
[    0.000000]   DMA zone: 1536 pages used for memmap
[    0.000000]   DMA zone: 0 pages reserved
[    0.000000]   DMA zone: 196608 pages, LIFO batch:31
[    0.000000]   HighMem zone: 327424 pages, LIFO batch:31
[    0.000000] PERCPU: Embedded 12 pages/cpu @eef8f000 s19136 r8192 d21824 u49152
[    0.000000] pcpu-alloc: s19136 r8192 d21824 u49152 alloc=12*4096
[    0.000000] pcpu-alloc: [0] 0 [0] 1 [0] 2 [0] 3 
[    0.000000] Built 1 zonelists in Zone order, mobility grouping on.  Total pages: 522496
[    0.000000] Kernel command line: ignore_loglevel console=ttyS0,115200n8 rw root=/dev/mmcblk0p1 rootwait gpt debug init=/bin/bash noinitrd
[    0.000000] PID hash table entries: 4096 (order: 2, 16384 bytes)
[    0.000000] Dentry cache hash table entries: 131072 (order: 7, 524288 bytes)
[    0.000000] Inode-cache hash table entries: 65536 (order: 6, 262144 bytes)
[    0.000000] Memory: 1998476K/2096128K available (8243K kernel code, 1040K rwdata, 3740K rodata, 1044K init, 341K bss, 32116K reserved, 65536K cma-reserved, 1244160K highmem)
[    0.000000] Virtual kernel memory layout:
[    0.000000]     vector  : 0xffff0000 - 0xffff1000   (   4 kB)
[    0.000000]     fixmap  : 0xffc00000 - 0xfff00000   (3072 kB)
[    0.000000]     vmalloc : 0xf0800000 - 0xff800000   ( 240 MB)
[    0.000000]     lowmem  : 0xc0000000 - 0xf0000000   ( 768 MB)
[    0.000000]     pkmap   : 0xbfe00000 - 0xc0000000   (   2 MB)
[    0.000000]     modules : 0xbf000000 - 0xbfe00000   (  14 MB)
[    0.000000]       .text : 0xc0208000 - 0xc0dbce14   (11988 kB)
[    0.000000]       .init : 0xc0dbd000 - 0xc0ec2000   (1044 kB)
[    0.000000]       .data : 0xc0ec2000 - 0xc0fc60e0   (1041 kB)
[    0.000000]        .bss : 0xc0fc9000 - 0xc101e468   ( 342 kB)
[    0.000000] SLUB: HWalign=64, Order=0-3, MinObjects=0, CPUs=4, Nodes=1
[    0.000000] Hierarchical RCU implementation.
[    0.000000] 	Build-time adjustment of leaf fanout to 32.
[    0.000000] 	RCU restricting CPUs from NR_CPUS=16 to nr_cpu_ids=4.
[    0.000000] RCU: Adjusting geometry for rcu_fanout_leaf=32, nr_cpu_ids=4
[    0.000000] NR_IRQS:16 nr_irqs:16 16
[    0.000000] /interrupt-controller@60004000: 160 interrupts forwarded to /interrupt-controller@0,50041000
[    0.000000] L2C: failed to init: -19
[    0.000010] sched_clock: 32 bits at 1000kHz, resolution 1000ns, wraps every 2147483647500ns
[    0.000029] clocksource: timer_us: mask: 0xffffffff max_cycles: 0xffffffff, max_idle_ns: 1911260446275 ns
[    0.000043] Switching to timer-based delay loop, resolution 1000ns
[    0.004469] Architected cp15 timer(s) running at 12.00MHz (virt).
[    0.004486] clocksource: arch_sys_counter: mask: 0xffffffffffffff max_cycles: 0x2c47f4ee7, max_idle_ns: 440795202497 ns
[    0.004504] sched_clock: 56 bits at 12MHz, resolution 83ns, wraps every 4398046511096ns
[    0.004516] Switching to timer-based delay loop, resolution 83ns
[    0.004938] Console: colour dummy device 80x30
[    0.004962] Calibrating delay loop (skipped), value calculated using timer frequency.. 24.00 BogoMIPS (lpj=60000)
[    0.004975] pid_max: default: 32768 minimum: 301
[    0.005082] Mount-cache hash table entries: 2048 (order: 1, 8192 bytes)
[    0.005094] Mountpoint-cache hash table entries: 2048 (order: 1, 8192 bytes)
[    0.005681] CPU: Testing write buffer coherency: ok
[    0.005898] /cpus/cpu@0 missing clock-frequency property
[    0.005937] /cpus/cpu@1 missing clock-frequency property
[    0.005975] /cpus/cpu@2 missing clock-frequency property
[    0.006012] /cpus/cpu@3 missing clock-frequency property
[    0.006024] CPU0: thread -1, cpu 0, socket 0, mpidr 80000000
[    0.006070] Setting up static identity map for 0x80209000 - 0x80209098
[    0.008995] Tegra Revision: A01 SKU: 129 CPU Process: 1 SoC Process: 1
[    0.010357] CPU1: thread -1, cpu 1, socket 0, mpidr 80000001
[    0.010961] CPU2: thread -1, cpu 2, socket 0, mpidr 80000002
[    0.011558] CPU3: thread -1, cpu 3, socket 0, mpidr 80000003
[    0.011622] Brought up 4 CPUs
[    0.011643] SMP: Total of 4 processors activated (96.00 BogoMIPS).
[    0.011650] CPU: All CPU(s) started in SVC mode.
[    0.013079] devtmpfs: initialized
[    0.031749] VFP support v0.3: implementor 41 architecture 4 part 30 variant f rev 0
[    0.032515] clocksource: jiffies: mask: 0xffffffff max_cycles: 0xffffffff, max_idle_ns: 9556302231375000 ns
[    0.034171] pinctrl core: initialized pinctrl subsystem
[    0.035847] NET: Registered protocol family 16
[    0.037853] DMA: preallocated 256 KiB pool for atomic coherent allocations
[    0.054621] cpuidle: using governor ladder
[    0.069643] cpuidle: using governor menu
[    0.086335] No ATAGs?
[    0.086371] hw-breakpoint: found 5 (+1 reserved) breakpoint and 4 watchpoint registers.
[    0.086381] hw-breakpoint: maximum watchpoint size is 8 bytes.
[    0.091341] Serial: AMBA PL011 UART driver
[    0.120479] +USB0_VBUS_SW: Failed to request enable GPIO108: -517
[    0.120596] reg-fixed-voltage regulators:regulator@7: Failed to register regulator: -517
[    0.120814] +5V_USB_HS: Failed to request enable GPIO109: -517
[    0.120921] reg-fixed-voltage regulators:regulator@8: Failed to register regulator: -517
[    0.121216] +1.05V_RUN_AVDD_HDMI_PLL: Failed to request enable GPIO63: -517
[    0.121321] reg-fixed-voltage regulators:regulator@11: Failed to register regulator: -517
[    0.121535] +5V_HDMI_CON: Failed to request enable GPIO86: -517
[    0.121640] reg-fixed-voltage regulators:regulator@12: Failed to register regulator: -517
[    0.121854] +5V_SATA: Failed to request enable GPIO242: -517
[    0.121957] reg-fixed-voltage regulators:regulator@13: Failed to register regulator: -517
[    0.122170] +12V_SATA: Failed to request enable GPIO242: -517
[    0.122272] reg-fixed-voltage regulators:regulator@14: Failed to register regulator: -517
[    0.125593] vgaarb: loaded
[    0.126527] SCSI subsystem initialized
[    0.126710] libata version 3.00 loaded.
[    0.127002] usbcore: registered new interface driver usbfs
[    0.127066] usbcore: registered new interface driver hub
[    0.127129] usbcore: registered new device driver usb
[    0.130745] pps_core: LinuxPPS API ver. 1 registered
[    0.130755] pps_core: Software ver. 5.3.6 - Copyright 2005-2007 Rodolfo Giometti <giometti@linux.it>
[    0.130782] PTP clock support registered
[    0.131003] EDAC MC: Ver: 3.0.0
[    0.134105] clocksource: Switched to clocksource arch_sys_counter
[    0.145739] NET: Registered protocol family 2
[    0.146251] TCP established hash table entries: 8192 (order: 3, 32768 bytes)
[    0.146350] TCP bind hash table entries: 8192 (order: 4, 65536 bytes)
[    0.146536] TCP: Hash tables configured (established 8192 bind 8192)
[    0.146589] UDP hash table entries: 512 (order: 2, 16384 bytes)
[    0.146631] UDP-Lite hash table entries: 512 (order: 2, 16384 bytes)
[    0.146803] NET: Registered protocol family 1
[    0.147054] RPC: Registered named UNIX socket transport module.
[    0.147063] RPC: Registered udp transport module.
[    0.147071] RPC: Registered tcp transport module.
[    0.147078] RPC: Registered tcp NFSv4.1 backchannel transport module.
[    0.147097] PCI: CLS 0 bytes, default 64
[    0.148057] hw perfevents: enabled with armv7_cortex_a15 PMU driver, 7 counters available
[    0.149599] futex hash table entries: 1024 (order: 4, 65536 bytes)
[    0.161703] squashfs: version 4.0 (2009/01/31) Phillip Lougher
[    0.162592] NFS: Registering the id_resolver key type
[    0.162628] Key type id_resolver registered
[    0.162637] Key type id_legacy registered
[    0.162706] ntfs: driver 2.1.32 [Flags: R/O].
[    0.164148] bounce: pool size: 64 pages
[    0.164363] Block layer SCSI generic (bsg) driver version 0.4 loaded (major 249)
[    0.164380] io scheduler noop registered
[    0.164395] io scheduler deadline registered
[    0.164433] io scheduler cfq registered (default)
[    0.182076] tegra-pcie 1003000.pcie-controller: 2x1, 1x1 configuration
[    0.182135] tegra-pcie 1003000.pcie-controller: Failed to get supply 'avddio-pex': -517
[    0.189514] tegra-apbdma 60020000.dma: Tegra20 APB DMA driver register 32 channels
[    0.190998] tegra-pmc 7000e400.pmc: emergency thermal reset enabled
[    0.255988] Serial: 8250/16550 driver, 4 ports, IRQ sharing disabled
[    0.258431] SuperH (H)SCI(F) driver initialized
[    0.259409] msm_serial: driver initialized
[    0.260225] console [ttyS0] disabled
[    0.260262] 70006300.serial: ttyS0 at MMIO 0x70006300 (irq = 331, base_baud = 25500000) is a Tegra
[    1.079057] console [ttyS0] enabled
[    1.083375] STMicroelectronics ASC driver initialized
[    1.090840] [drm] Initialized drm 1.1.0 20060810
[    1.097830] tegra-hdmi 54280000.hdmi: failed to get HDMI regulator
[    1.112025] loop: module loaded
[    1.115479] at24 0-0056: 256 byte 24c02 EEPROM, writable, 8 bytes/write
[    1.123686] as3722 4-0040: AS3722 with revision 0x1 found
[    1.147085] +5V_SYS: supplied by +VDD_MUX
[    1.151166] +1.05V_RUN: supplied by +5V_SYS
[    1.155478] tegra-ahci 70027000.sata: Failed to get supply 'hvdd': -517
[    1.162150] tegra-ahci 70027000.sata: Failed to get regulators
[    1.173417] m25p80 spi32765.0: w25q32dw (4096 Kbytes)
[    1.178496] spi32765.0: 'partitions' subnode not found on /spi@0,7000da00/spi-flash@0. Trying to parse direct subnodes as partitions.
[    1.193603] libphy: Fixed MDIO Bus: probed
[    1.198415] CAN device driver interface
[    1.203770] igb: Intel(R) Gigabit Ethernet Network Driver - version 5.3.0-k
[    1.210738] igb: Copyright (c) 2007-2014 Intel Corporation.
[    1.219661] pegasus: v0.9.3 (2013/04/25), Pegasus/Pegasus II USB Ethernet driver
[    1.227121] usbcore: registered new interface driver pegasus
[    1.232860] usbcore: registered new interface driver asix
[    1.238322] usbcore: registered new interface driver ax88179_178a
[    1.244478] usbcore: registered new interface driver cdc_ether
[    1.250388] usbcore: registered new interface driver smsc75xx
[    1.256211] usbcore: registered new interface driver smsc95xx
[    1.262016] usbcore: registered new interface driver net1080
[    1.267740] usbcore: registered new interface driver cdc_subset
[    1.273718] usbcore: registered new interface driver zaurus
[    1.279386] usbcore: registered new interface driver cdc_ncm
[    1.285319] tegra-phy 7d004000.usb-phy: no vbus regulator
[    1.292686] ehci_hcd: USB 2.0 'Enhanced' Host Controller (EHCI) Driver
[    1.299233] ehci-pci: EHCI PCI platform driver
[    1.303723] ehci-platform: EHCI generic platform driver
[    1.309194] ehci-omap: OMAP-EHCI Host Controller driver
[    1.314580] ehci-orion: EHCI orion driver
[    1.318734] SPEAr-ehci: EHCI SPEAr driver
[    1.322916] ehci-st: EHCI STMicroelectronics driver
[    1.327968] ehci-exynos: EHCI EXYNOS driver
[    1.332339] ehci-atmel: EHCI Atmel driver
[    1.336513] tegra-ehci: Tegra EHCI driver
[    1.340834] tegra-ehci 7d004000.usb: EHCI Host Controller
[    1.346265] tegra-ehci 7d004000.usb: new USB bus registered, assigned bus number 1
[    1.354008] tegra-ehci 7d004000.usb: irq 348, io mem 0x7d004000
[    1.369128] tegra-ehci 7d004000.usb: USB 2.0 started, EHCI 1.10
[    1.375866] hub 1-0:1.0: USB hub found
[    1.379662] hub 1-0:1.0: 1 port detected
[    1.384194] ohci_hcd: USB 1.1 'Open' Host Controller (OHCI) Driver
[    1.390398] ohci-pci: OHCI PCI platform driver
[    1.394912] ohci-platform: OHCI generic platform driver
[    1.400332] ohci-omap3: OHCI OMAP3 driver
[    1.404509] SPEAr-ohci: OHCI SPEAr driver
[    1.408661] ohci-st: OHCI STMicroelectronics driver
[    1.413698] ohci-atmel: OHCI Atmel driver
[    1.418251] usbcore: registered new interface driver usb-storage
[    1.425853] mousedev: PS/2 mouse device common for all mice
[    1.435311] as3722-rtc as3722-rtc: rtc core: registered as3722-rtc as rtc0
[    1.442197] as3722-rtc as3722-rtc: RTC interrupt 371
[    1.450581] tegra_rtc 7000e000.rtc: rtc core: registered 7000e000.rtc as rtc1
[    1.457766] tegra_rtc 7000e000.rtc: Tegra internal Real Time Clock
[    1.464562] i2c /dev entries driver
[    1.473739] 0-004c supply vcc not found, using dummy regulator
[    1.486442] sdhci: Secure Digital Host Controller Interface driver
[    1.492639] sdhci: Copyright(c) Pierre Ossman
[    1.498678] Synopsys Designware Multimedia Card Interface Driver
[    1.505890] sdhci-pltfm: SDHCI platform and OF driver helper
[    1.512316] sdhci-tegra 700b0400.sdhci: Got CD GPIO
[    1.517224] sdhci-tegra 700b0400.sdhci: Got WP GPIO
[    1.522163] mmc0: Unknown controller version (3). You may experience problems.
[    1.529567] sdhci-tegra 700b0400.sdhci: No vmmc regulator found
[    1.535679] mmc0: Unknown controller version (3). You may experience problems.
[    1.543022] sdhci-tegra 700b0600.sdhci: No vmmc regulator found
[    1.548956] sdhci-tegra 700b0600.sdhci: No vqmmc regulator found
[    1.554967] mmc0: Invalid maximum block size, assuming 512 bytes
[    1.594126] mmc0: SDHCI controller on 700b0600.sdhci [700b0600.sdhci] using ADMA 64-bit
[    1.603896] ledtrig-cpu: registered to indicate activity on CPUs
[    1.610279] usbcore: registered new interface driver usbhid
[    1.615859] usbhid: USB HID core driver
[    1.626462] NET: Registered protocol family 10
[    1.631610] sit: IPv6 over IPv4 tunneling driver
[    1.636891] NET: Registered protocol family 17
[    1.638132] mmc0: MAN_BKOPS_EN bit is not set
[    1.641488] mmc0: new high speed MMC card at address 0001
[    1.642033] mmcblk0: mmc0:0001 SEM16G 14.6 GiB 
[    1.642285] mmcblk0boot0: mmc0:0001 SEM16G partition 1 4.00 MiB
[    1.642520] mmcblk0boot1: mmc0:0001 SEM16G partition 2 4.00 MiB
[    1.642756] mmcblk0rpmb: mmc0:0001 SEM16G partition 3 4.00 MiB
[    1.647455] Primary GPT is invalid, using alternate GPT.
[    1.647484]  mmcblk0: p1 p2 p3 p4 p5 p6 p7 p8 p9
[    1.683261] can: controller area network core (rev 20120528 abi 9)
[    1.689514] NET: Registered protocol family 29
[    1.693962] can: raw protocol (rev 20120528)
[    1.698252] can: broadcast manager protocol (rev 20120528 t)
[    1.703931] can: netlink gateway (rev 20130117) max_hops=1
[    1.709833] Key type dns_resolver registered
[    1.714722] ThumbEE CPU extension supported.
[    1.719004] Registering SWP/SWPB emulation handler
[    1.732734] tegra-pcie 1003000.pcie-controller: 2x1, 1x1 configuration
[    1.739747] +3.3V_SYS: supplied by +VDD_MUX
[    1.743985] +3.3V_LP0: supplied by +3.3V_SYS
[    1.748657] +1.35V_LP0(sd2): supplied by +5V_SYS
[    1.753367] +1.05V_RUN_AVDD: supplied by +1.35V_LP0(sd2)
[    1.760640] tegra-pcie 1003000.pcie-controller: probing port 0, using 2 lanes
[    1.769901] tegra-pcie 1003000.pcie-controller: Slot present pin change, signature: 00000008
[    2.198320] tegra-pcie 1003000.pcie-controller: link 0 down, retrying
[    2.626898] tegra-pcie 1003000.pcie-controller: link 0 down, retrying
[    3.055643] tegra-pcie 1003000.pcie-controller: link 0 down, retrying
[    3.064227] tegra-pcie 1003000.pcie-controller: link 0 down, ignoring
[    3.070719] tegra-pcie 1003000.pcie-controller: probing port 1, using 1 lanes
[    3.079981] tegra-pcie 1003000.pcie-controller: Slot present pin change, signature: 00000000
[    3.508556] tegra-pcie 1003000.pcie-controller: link 1 down, retrying
[    3.936795] tegra-pcie 1003000.pcie-controller: link 1 down, retrying
[    4.365144] tegra-pcie 1003000.pcie-controller: link 1 down, retrying
[    4.373718] tegra-pcie 1003000.pcie-controller: link 1 down, ignoring
[    4.380424] tegra-pcie 1003000.pcie-controller: PCI host bridge to bus 0000:00
[    4.387660] pci_bus 0000:00: root bus resource [mem 0x13000000-0x1fffffff]
[    4.394543] pci_bus 0000:00: root bus resource [mem 0x20000000-0x3fffffff pref]
[    4.401856] pci_bus 0000:00: root bus resource [bus 00-ff]
[    4.407349] pci_bus 0000:00: root bus resource [io  0x1000-0xffff]
[    4.413559] PCI: bus0: Fast back to back transfers enabled
[    4.419924] +5V_HDMI_CON: supplied by +5V_SYS
[    4.424424] +1.05V_RUN_AVDD_HDMI_PLL: supplied by +1.05V_RUN
[    4.430237] +3.3V_RUN: supplied by +3.3V_SYS
[    4.434551] +3.3V_AVDD_HDMI_AP_GATED: supplied by +3.3V_RUN
[    4.442778] [drm] Supports vblank timestamp caching Rev 2 (21.10.2013).
[    4.449457] [drm] No driver support for vblank timestamp query.
[    4.554935] tegra-hdmi 54280000.hdmi: cannot set audio to 44100 at 297000000 pclk
[    4.707512] Console: switching to colour frame buffer device 512x135
[    4.802819] drm drm: fb0:  frame buffer device
[    4.819227] [drm] Initialized tegra 0.0.0 20120330 on minor 0
[    4.826332] +5V_SATA: supplied by +5V_SYS
[    4.830519] +12V_SATA: supplied by +VDD_MUX
[    4.835477] tegra-ahci 70027000.sata: AHCI 0001.0301 32 slots 2 ports 3 Gbps 0x1 impl platform mode
[    4.844556] tegra-ahci 70027000.sata: flags: 64bit ncq sntf pm led pio slum part sadm sds apst 
[    4.855505] scsi host0: tegra-ahci
[    4.860163] scsi host1: tegra-ahci
[    4.863923] ata1: SATA max UDMA/133 mmio [mem 0x70027000-0x70028fff] port 0x100 irq 341
[    4.871964] ata2: DUMMY
[    4.875848] +5V_USB_HS: supplied by +5V_SYS
[    4.881458] tegra-ehci 7d008000.usb: EHCI Host Controller
[    4.886907] tegra-ehci 7d008000.usb: new USB bus registered, assigned bus number 2
[    4.894725] tegra-ehci 7d008000.usb: irq 349, io mem 0x7d008000
[    4.909225] tegra-ehci 7d008000.usb: USB 2.0 started, EHCI 1.10
[    4.916184] hub 2-0:1.0: USB hub found
[    4.920051] hub 2-0:1.0: 1 port detected
[    4.925663] cpu: dev_pm_opp_of_cpumask_add_table: couldn't find opp table for cpu:0, -19
[    4.933922] cpufreq: cpufreq_online: CPU0: Running at unlisted freq: 696000 KHz
[    4.941329] cpufreq: cpufreq_online: CPU0: Unlisted initial frequency changed to: 714000 KHz
[    4.950618] sdhci-tegra 700b0400.sdhci: Got CD GPIO
[    4.955525] sdhci-tegra 700b0400.sdhci: Got WP GPIO
[    4.960502] mmc1: Unknown controller version (3). You may experience problems.
[    4.967899] +VDDIO_SDMMC3: supplied by +3.3V_RUN
[    4.972622] sdhci-tegra 700b0400.sdhci: No vmmc regulator found
[    4.978583] mmc1: Invalid maximum block size, assuming 512 bytes
[    5.019368] mmc1: SDHCI controller on 700b0400.sdhci [700b0400.sdhci] using ADMA 64-bit
[    5.028054] input: gpio-keys as /devices/soc0/gpio-keys/input/input0
[    5.035371] as3722-rtc as3722-rtc: setting system clock to 2000-01-01 00:00:18 UTC (946684818)
[    5.047733] +1.8V_RUN_CAM: disabling
[    5.051559] +2.8V_RUN_CAM: disabling
[    5.055342] +1.2V_RUN_CAM_FRONT: disabling
[    5.059653] +1.05V_RUN_CAM_REAR: disabling
[    5.064008] +3.3V_RUN_TOUCH: disabling
[    5.067968] +2.8V_RUN_CAM_AF: disabling
[    5.071972] +1.8V_RUN_VPP_FUSE: disabling
[    5.076147] +USB0_VBUS_SW: disabling
[    5.199267] ata1: SATA link down (SStatus 0 SControl 300)
[    5.205925] EXT4-fs (mmcblk0p1): couldn't mount as ext3 due to feature incompatibilities
[    5.214847] EXT4-fs (mmcblk0p1): couldn't mount as ext2 due to feature incompatibilities
[    5.234510] EXT4-fs (mmcblk0p1): recovery complete
[    5.239235] usb 2-1: new high-speed USB device number 2 using tegra-ehci
[    5.246061] EXT4-fs (mmcblk0p1): mounted filesystem with ordered data mode. Opts: (null)
[    5.254227] VFS: Mounted root (ext4 filesystem) on device 179:1.
[    5.264532] devtmpfs: mounted
[    5.268153] Freeing unused kernel memory: 1044K (c0dbd000 - c0ec2000)
bash: cannot set terminal process group (-1): Inappropriate ioctl for device
bash: no job control in this shell
root@(none):/# 