
U-Boot SPL 2014.01-00219-gc4d376f (Feb 18 2014 - 19:57:18)


U-Boot 2014.01-00219-gc4d376f (Feb 18 2014 - 19:57:18)

TEGRA30
Board: NVIDIA Beaver
I2C:   ready
DRAM:  2 GiB
MMC:   Tegra SD/MMC: 0, Tegra SD/MMC: 1
In:    serial
Out:   serial
Err:   serial
Net:   Net Initialization Skipped
No ethernet found.
Hit any key to stop autoboot:  2  0 
Tegra30 (Beaver) # 
Tegra30 (Beaver) # usb reset
(Re)start USB...
USB0:   USB EHCI 1.00
scanning bus 0 for devices... 2 USB Device(s) found
       scanning usb for storage devices... 0 Storage Device(s) found
       scanning usb for ethernet devices... 
Warning: asx0 using MAC address from net device
1 Ethernet Device(s) found
Tegra30 (Beaver) # setenv bootargs 'ignore_loglevel console=ttyS0,115200n8 rw root=PARTUUID=edbe1840-3633-c751-7993-b0ac834f81e0 rootwait gpt debug noinitrd earlyprintk init=/bin/bash'
Tegra30 (Beaver) # setenv ipaddr 192.168.100.101; setenv serverip 192.168.100.1; setenv tftpserverip 192.168.100.1
Tegra30 (Beaver) # tftpboot 0x81000000 zImage.tegra_defconfig
Using asx0 device
TFTP from server 192.168.100.1; our IP address is 192.168.100.101
Filename 'zImage.tegra_defconfig'.
Load address: 0x81000000
Loading: *#################################################################
	 #################################################################
	 #################################################################
	 #################################################################
	 #################################################################
	 ######################################
	 3.2 MiB/s
done
Bytes transferred = 5315968 (511d80 hex)
Tegra30 (Beaver) # tftpboot 0x82000000 tegra30-beaver.dtb
Using asx0 device
TFTP from server 192.168.100.1; our IP address is 192.168.100.101
Filename 'tegra30-beaver.dtb'.
Load address: 0x82000000
Loading: *####
	 3.1 MiB/s
done
Bytes transferred = 51467 (c90b hex)
Tegra30 (Beaver) # bootz 0x81000000 - 0x82000000
Kernel image @ 0x81000000 [ 0x000000 - 0x511d80 ]
## Flattened Device Tree blob at 82000000
   Booting using the fdt blob at 0x82000000
   Loading Device Tree to 8fff0000, end 8ffff90a ... OK

Starting kernel ...

Uncompressing Linux... done, booting the kernel.
[    0.000000] Booting Linux on physical CPU 0x0
[    0.000000] Linux version 4.6.0-83646-g2dcd0af (pwalmsley@kaivo) (gcc version 4.7.3 20130328 (prerelease) (crosstool-NG linaro-1.13.1-4.7-2013.04-20130415 - Linaro GCC 2013.04) ) #1 SMP PREEMPT Mon May 16 01:46:22 PDT 2016
[    0.000000] CPU: ARMv7 Processor [412fc099] revision 9 (ARMv7), cr=10c5387d
[    0.000000] CPU: PIPT / VIPT nonaliasing data cache, VIPT aliasing instruction cache
[    0.000000] Machine model: NVIDIA Tegra30 Beaver evaluation board
[    0.000000] debug: ignoring loglevel setting.
[    0.000000] bootconsole [earlycon0] enabled
[    0.000000] cma: Reserved 64 MiB at 0xfbc00000
[    0.000000] Memory policy: Data cache writealloc
[    0.000000] On node 0 totalpages: 524032
[    0.000000] free_area_init_node: node 0, pgdat c0c5c440, node_mem_map eeff7000
[    0.000000]   Normal zone: 1536 pages used for memmap
[    0.000000]   Normal zone: 0 pages reserved
[    0.000000]   Normal zone: 196608 pages, LIFO batch:31
[    0.000000]   HighMem zone: 327424 pages, LIFO batch:31
[    0.000000] percpu: Embedded 12 pages/cpu @eef92000 s19968 r8192 d20992 u49152
[    0.000000] pcpu-alloc: s19968 r8192 d20992 u49152 alloc=12*4096
[    0.000000] pcpu-alloc: [0] 0 [0] 1 [0] 2 [0] 3 
[    0.000000] Built 1 zonelists in Zone order, mobility grouping on.  Total pages: 522496
[    0.000000] Kernel command line: ignore_loglevel console=ttyS0,115200n8 rw root=PARTUUID=edbe1840-3633-c751-7993-b0ac834f81e0 rootwait gpt debug noinitrd earlyprintk init=/bin/bash
[    0.000000] PID hash table entries: 4096 (order: 2, 16384 bytes)
[    0.000000] Dentry cache hash table entries: 131072 (order: 7, 524288 bytes)
[    0.000000] Inode-cache hash table entries: 65536 (order: 6, 262144 bytes)
[    0.000000] Memory: 2000916K/2096128K available (7412K kernel code, 375K rwdata, 2516K rodata, 1024K init, 362K bss, 29676K reserved, 65536K cma-reserved, 1244160K highmem)
[    0.000000] Virtual kernel memory layout:
[    0.000000]     vector  : 0xffff0000 - 0xffff1000   (   4 kB)
[    0.000000]     fixmap  : 0xffc00000 - 0xfff00000   (3072 kB)
[    0.000000]     vmalloc : 0xf0800000 - 0xff800000   ( 240 MB)
[    0.000000]     lowmem  : 0xc0000000 - 0xf0000000   ( 768 MB)
[    0.000000]     pkmap   : 0xbfe00000 - 0xc0000000   (   2 MB)
[    0.000000]     modules : 0xbf000000 - 0xbfe00000   (  14 MB)
[    0.000000]       .text : 0xc0008000 - 0xc0ab22c4   (10921 kB)
[    0.000000]       .init : 0xc0b00000 - 0xc0c00000   (1024 kB)
[    0.000000]       .data : 0xc0c00000 - 0xc0c5dfc0   ( 376 kB)
[    0.000000]        .bss : 0xc0c5f000 - 0xc0cb9a04   ( 363 kB)
[    0.000000] Preemptible hierarchical RCU implementation.
[    0.000000] 	Build-time adjustment of leaf fanout to 32.
[    0.000000] NR_IRQS:16 nr_irqs:16 16
[    0.000000] /interrupt-controller@60004000: 160 interrupts forwarded to /interrupt-controller@50041000
[    0.000000] L2C: platform modifies aux control register: 0x02080000 -> 0x3e480001
[    0.000000] L2C: DT/platform modifies aux control register: 0x02080000 -> 0x3e480001
[    0.000000] L2C-310 erratum 769419 enabled
[    0.000000] L2C-310 enabling early BRESP for Cortex-A9
[    0.000000] L2C-310: enabling full line of zeros but not enabled in Cortex-A9
[    0.000000] L2C-310 dynamic clock gating enabled, standby mode enabled
[    0.000000] L2C-310 cache controller enabled, 8 ways, 1024 kB
[    0.000000] L2C-310: CACHE_ID 0x410000c7, AUX_CTRL 0x4e480001
[    0.000014] sched_clock: 32 bits at 1000kHz, resolution 1000ns, wraps every 2147483647500ns
[    0.006539] clocksource: timer_us: mask: 0xffffffff max_cycles: 0xffffffff, max_idle_ns: 1911260446275 ns
[    0.016155] Switching to timer-based delay loop, resolution 1000ns
[    0.023161] Console: colour dummy device 80x30
[    0.026913] Calibrating delay loop (skipped), value calculated using timer frequency.. 2.00 BogoMIPS (lpj=10000)
[    0.037125] pid_max: default: 32768 minimum: 301
[    0.042171] Mount-cache hash table entries: 2048 (order: 1, 8192 bytes)
[    0.048479] Mountpoint-cache hash table entries: 2048 (order: 1, 8192 bytes)
[    0.056787] CPU: Testing write buffer coherency: ok
[    0.060872] CPU0: thread -1, cpu 0, socket 0, mpidr 80000000
[    0.066306] Setting up static identity map for 0x80100000 - 0x80100098
[    0.120400] Tegra Revision: A03 SKU: 128 CPU Process: 4 SoC Process: 0
[    0.170642] CPU1: thread -1, cpu 1, socket 0, mpidr 80000001
[    0.210606] CPU2: thread -1, cpu 2, socket 0, mpidr 80000002
[    0.250607] CPU3: thread -1, cpu 3, socket 0, mpidr 80000003
[    0.250661] Brought up 4 CPUs
[    0.268963] SMP: Total of 4 processors activated (8.00 BogoMIPS).
[    0.275120] CPU: All CPU(s) started in SVC mode.
[    0.280867] devtmpfs: initialized
[    0.313420] VFP support v0.3: implementor 41 architecture 3 part 30 variant 9 rev 4
[    0.319786] clocksource: jiffies: mask: 0xffffffff max_cycles: 0xffffffff, max_idle_ns: 19112604462750000 ns
[    0.332442] pinctrl core: initialized pinctrl subsystem
[    0.337524] NET: Registered protocol family 16
[    0.342247] DMA: preallocated 256 KiB pool for atomic coherent allocations
[    0.369973] cpuidle: using governor menu
[    0.386585] No ATAGs?
[    0.386795] hw-breakpoint: found 5 (+1 reserved) breakpoint and 1 watchpoint registers.
[    0.395109] hw-breakpoint: maximum watchpoint size is 4 bytes.
[    0.402563] tegra-mc 7000f000.memory-controller: no memory timings for RAM code 3 registered
[    0.452752] vdd_5v_sata: Failed to request enable GPIO30: -517
[    0.456758] reg-fixed-voltage regulators:regulator@3: Failed to register regulator: -517
[    0.464993] usb1_vbus: Failed to request enable GPIO238: -517
[    0.470718] reg-fixed-voltage regulators:regulator@4: Failed to register regulator: -517
[    0.478925] usb3_vbus: Failed to request enable GPIO236: -517
[    0.484670] reg-fixed-voltage regulators:regulator@5: Failed to register regulator: -517
[    0.492957] sys_3v3_pexs: Failed to request enable GPIO95: -517
[    0.498789] reg-fixed-voltage regulators:regulator@7: Failed to register regulator: -517
[    0.508635] vgaarb: loaded
[    0.510874] SCSI subsystem initialized
[    0.513762] libata version 3.00 loaded.
[    0.517954] usbcore: registered new interface driver usbfs
[    0.523095] usbcore: registered new interface driver hub
[    0.528442] usbcore: registered new device driver usb
[    0.632394] Linux video capture interface: v2.00
[    0.635272] pps_core: LinuxPPS API ver. 1 registered
[    0.640224] pps_core: Software ver. 5.3.6 - Copyright 2005-2007 Rodolfo Giometti <giometti@linux.it>
[    0.649446] PTP clock support registered
[    0.654237] Advanced Linux Sound Architecture Driver Initialized.
[    0.660878] Bluetooth: Core ver 2.21
[    0.663228] NET: Registered protocol family 31
[    0.667681] Bluetooth: HCI device and connection manager initialized
[    0.674120] Bluetooth: HCI socket layer initialized
[    0.679044] Bluetooth: L2CAP socket layer initialized
[    0.684186] Bluetooth: SCO socket layer initialized
[    0.690456] clocksource: Switched to clocksource timer_us
[    0.712362] NET: Registered protocol family 2
[    0.715938] TCP established hash table entries: 8192 (order: 3, 32768 bytes)
[    0.722081] TCP bind hash table entries: 8192 (order: 4, 65536 bytes)
[    0.728574] TCP: Hash tables configured (established 8192 bind 8192)
[    0.735412] UDP hash table entries: 512 (order: 2, 16384 bytes)
[    0.740960] UDP-Lite hash table entries: 512 (order: 2, 16384 bytes)
[    0.747674] NET: Registered protocol family 1
[    0.752388] RPC: Registered named UNIX socket transport module.
[    0.757703] RPC: Registered udp transport module.
[    0.762485] RPC: Registered tcp transport module.
[    0.767236] RPC: Registered tcp NFSv4.1 backchannel transport module.
[    0.773763] PCI: CLS 0 bytes, default 64
[    0.779581] hw perfevents: enabled with armv7_cortex_a9 PMU driver, 7 counters available
[    0.788035] futex hash table entries: 1024 (order: 4, 65536 bytes)
[    0.793709] workingset: timestamp_bits=28 max_order=19 bucket_order=0
[    0.799850] squashfs: version 4.0 (2009/01/31) Phillip Lougher
[    0.805468] NFS: Registering the id_resolver key type
[    0.809941] Key type id_resolver registered
[    0.814150] Key type id_legacy registered
[    0.821873] bounce: pool size: 64 pages
[    0.823892] io scheduler noop registered (default)
[    0.832889] tegra30-pinctrl 70000868.pinmux: invalid group "sdmmc3_dat6_pd3" for function "rsvd1"
[    0.839933] tegra30-pinctrl 70000868.pinmux: invalid group "sdmmc3_dat7_pd4" for function "rsvd1"
[    0.848903] tegra30-pinctrl 70000868.pinmux: invalid group "vi_vsync_pd6" for function "rsvd1"
[    0.857555] tegra30-pinctrl 70000868.pinmux: invalid group "vi_hsync_pd7" for function "rsvd1"
[    0.866755] tegra30-pinctrl 70000868.pinmux: invalid group "hdmi_int_pn7" for function "rsvd1"
[    0.874928] tegra30-pinctrl 70000868.pinmux: invalid group "ulpi_data3_po4" for function "rsvd1"
[    0.884087] tegra30-pinctrl 70000868.pinmux: invalid group "vi_d10_pt2" for function "rsvd1"
[    0.892223] tegra30-pinctrl 70000868.pinmux: invalid group "vi_d11_pt3" for function "rsvd1"
[    0.900712] tegra30-pinctrl 70000868.pinmux: invalid group "vi_d0_pt4" for function "rsvd1"
[    0.909128] tegra30-pinctrl 70000868.pinmux: invalid group "pu0" for function "rsvd1"
[    0.917023] tegra30-pinctrl 70000868.pinmux: invalid group "pu3" for function "rsvd1"
[    0.924898] tegra30-pinctrl 70000868.pinmux: invalid group "pu6" for function "rsvd1"
[    0.932797] tegra30-pinctrl 70000868.pinmux: invalid group "pv3" for function "rsvd1"
[    0.941160] tegra30-pinctrl 70000868.pinmux: invalid group "pbb0" for function "rsvd1"
[    0.948722] tegra30-pinctrl 70000868.pinmux: invalid group "pcc1" for function "rsvd1"
[    0.958734] tegra-pcie 3000.pcie-controller: 2x3 configuration
[    0.962873] vdd_1v5_gen: supplied by vdd_5v_in
[    0.967311] vdd_pexa,vdd_pexb: supplied by vdd_1v5_gen
[    0.972594] tegra-pcie 3000.pcie-controller: Failed to get supply 'hvdd-pex': -517
[    0.988553] tegra-apbdma 6000a000.dma: Tegra20 APB DMA driver register 32 channels
[    0.995026] tegra-pmc 7000e400.pmc: i2c-thermtrip node not found, emergency thermal reset disabled.
[    1.003996] Serial: 8250/16550 driver, 4 ports, IRQ sharing disabled
[    1.012565] console [ttyS0] disabled
[    1.014349] 70006000.serial: ttyS0 at MMIO 0x70006000 (irq = 331, base_baud = 25500000) is a Tegra
[    1.023385] console [ttyS0] enabled
[    1.023385] console [ttyS0] enabled
[    1.029654] bootconsole [earlycon0] disabled
[    1.029654] bootconsole [earlycon0] disabled
[    1.040292] [drm] Initialized drm 1.1.0 20060810
[    1.046390] tegra-hdmi 54280000.hdmi: failed to get HDMI regulator
[    1.096538] loop: module loaded
[    1.103725] m25p80 spi32766.1: w25q32 (4096 Kbytes)
[    1.120891] CAN device driver interface
[    1.124811] igb: Intel(R) Gigabit Ethernet Network Driver - version 5.3.0-k
[    1.131765] igb: Copyright (c) 2007-2014 Intel Corporation.
[    1.137600] pegasus: v0.9.3 (2013/04/25), Pegasus/Pegasus II USB Ethernet driver
[    1.145104] usbcore: registered new interface driver pegasus
[    1.150891] usbcore: registered new interface driver asix
[    1.156368] usbcore: registered new interface driver ax88179_178a
[    1.162561] usbcore: registered new interface driver cdc_ether
[    1.168501] usbcore: registered new interface driver smsc75xx
[    1.174364] usbcore: registered new interface driver smsc95xx
[    1.180185] usbcore: registered new interface driver net1080
[    1.185934] usbcore: registered new interface driver cdc_subset
[    1.191952] usbcore: registered new interface driver zaurus
[    1.197649] usbcore: registered new interface driver cdc_ncm
[    1.203915] ehci_hcd: USB 2.0 'Enhanced' Host Controller (EHCI) Driver
[    1.210429] ehci-pci: EHCI PCI platform driver
[    1.214976] tegra-ehci: Tegra EHCI driver
[    1.219627] usbcore: registered new interface driver cdc_acm
[    1.225284] cdc_acm: USB Abstract Control Model driver for USB modems and ISDN adapters
[    1.233384] usbcore: registered new interface driver cdc_wdm
[    1.239153] usbcore: registered new interface driver usb-storage
[    1.245791] mousedev: PS/2 mouse device common for all mice
[    1.253502] tegra_rtc 7000e000.rtc: rtc core: registered 7000e000.rtc as rtc1
[    1.260721] tegra_rtc 7000e000.rtc: Tegra internal Real Time Clock
[    1.279895] tps65910-rtc tps65910-rtc: rtc core: registered tps65910-rtc as rtc0
[    1.287352] i2c /dev entries driver
[    1.292490] usbcore: registered new interface driver uvcvideo
[    1.298221] USB Video Class driver (1.1.1)
[    1.302321] gspca_main: v2.14.0 registered
[    1.307649] tegra-wdt 60005000.timer: initialized (heartbeat = 120 sec, nowayout = 0)
[    1.315823] sdhci: Secure Digital Host Controller Interface driver
[    1.321998] sdhci: Copyright(c) Pierre Ossman
[    1.326345] sdhci-pltfm: SDHCI platform and OF driver helper
[    1.332271] sdhci-tegra 78000000.sdhci: Got CD GPIO
[    1.337147] sdhci-tegra 78000000.sdhci: Got WP GPIO
[    1.343181] mmc0: Invalid maximum block size, assuming 512 bytes
[    1.390625] mmc0: SDHCI controller on 78000000.sdhci [78000000.sdhci] using ADMA
[    1.399235] mmc1: Invalid maximum block size, assuming 512 bytes
[    1.460507] mmc1: SDHCI controller on 78000600.sdhci [78000600.sdhci] using ADMA
[    1.478408] usbcore: registered new interface driver usbhid
[    1.486055] usbhid: USB HID core driver
[    1.548916] mmc1: new high speed MMC card at address 0001
[    1.555176] mmcblk1: mmc1:0001 SEM16G 14.8 GiB 
[    1.561127] mmcblk1boot0: mmc1:0001 SEM16G partition 1 1.00 MiB
[    1.567391] mmcblk1boot1: mmc1:0001 SEM16G partition 2 1.00 MiB
[    1.573622] mmcblk1rpmb: mmc1:0001 SEM16G partition 3 128 KiB
[    1.589542] Primary GPT is invalid, using alternate GPT.
[    1.594882]  mmcblk1: p1 p2 p3 p4 p5
[    1.645426] mmc0: error -110 whilst initialising SD card
[    1.932095] tegra30-i2s 70080400.i2s: DMA channels sourced from device 70080000.ahub
[    1.948759] tegra-snd-rt5640 sound: rt5640-aif1 <-> 70080400.i2s mapping ok
[    1.959387] input: NVIDIA Tegra Beaver Headphones as /devices/soc0/sound/sound/card0/input0
[    1.969591] NET: Registered protocol family 10
[    1.985356] mip6: Mobile IPv6
[    1.988321] sit: IPv6 over IPv4 tunneling driver
[    1.995278] NET: Registered protocol family 17
[    1.999742] NET: Registered protocol family 15
[    2.004191] can: controller area network core (rev 20120528 abi 9)
[    2.010511] NET: Registered protocol family 29
[    2.014951] can: raw protocol (rev 20120528)
[    2.019213] can: broadcast manager protocol (rev 20120528 t)
[    2.024879] can: netlink gateway (rev 20130117) max_hops=1
[    2.030513] Bluetooth: RFCOMM socket layer initialized
[    2.035656] Bluetooth: RFCOMM ver 1.11
[    2.039406] Bluetooth: BNEP (Ethernet Emulation) ver 1.3
[    2.044788] Bluetooth: BNEP socket layer initialized
[    2.049745] Bluetooth: HIDP (Human Interface Emulation) ver 1.2
[    2.055667] Bluetooth: HIDP socket layer initialized
[    2.060918] Key type dns_resolver registered
[    2.066155] Registering SWP/SWPB emulation handler
[    2.080234] tegra-pcie 3000.pcie-controller: 2x3 configuration
[    2.086246] sys_3v3,vdd_3v3_alw: supplied by vdd_5v_in
[    2.092293] sys_3v3_pexs: supplied by sys_3v3,vdd_3v3_alw
[    2.100607] tegra-pcie 3000.pcie-controller: probing port 0, using 2 lanes
[    2.165728] tegra-pcie 3000.pcie-controller: probing port 2, using 2 lanes
[    2.576302] tegra-pcie 3000.pcie-controller: link 2 down, retrying
[    2.986154] tegra-pcie 3000.pcie-controller: link 2 down, retrying
[    3.395989] tegra-pcie 3000.pcie-controller: link 2 down, retrying
[    3.404177] tegra-pcie 3000.pcie-controller: link 2 down, ignoring
[    3.410723] tegra-pcie 3000.pcie-controller: PCI host bridge to bus 0000:00
[    3.417673] pci_bus 0000:00: root bus resource [io  0x0000-0xffff]
[    3.423847] pci_bus 0000:00: root bus resource [mem 0x20000000-0x27ffffff]
[    3.430712] pci_bus 0000:00: root bus resource [mem 0x28000000-0x3fffffff pref]
[    3.438005] pci_bus 0000:00: root bus resource [bus 00-ff]
[    3.443516] pci 0000:00:01.0: [10de:0e1c] type 01 class 0x060400
[    3.449571] pci 0000:00:01.0: PME# supported from D0 D1 D2 D3hot D3cold
[    3.456627] PCI: bus0: Fast back to back transfers disabled
[    3.462197] pci 0000:00:01.0: bridge configuration invalid ([bus 00-00]), reconfiguring
[    3.470471] pci 0000:01:00.0: [10ec:8168] type 00 class 0x020000
[    3.476478] pci 0000:01:00.0: reg 0x10: [io  0x0000-0x00ff]
[    3.482058] pci 0000:01:00.0: reg 0x18: [mem 0x00000000-0x00000fff 64bit pref]
[    3.489271] pci 0000:01:00.0: reg 0x20: [mem 0x00000000-0x00003fff 64bit pref]
[    3.496557] pci 0000:01:00.0: supports D1 D2
[    3.500822] pci 0000:01:00.0: PME# supported from D0 D1 D2 D3hot D3cold
[    3.520483] PCI: bus1: Fast back to back transfers disabled
[    3.526045] pci_bus 0000:01: busn_res: [bus 01-ff] end is updated to 01
[    3.532717] pci 0000:00:01.0: BAR 9: assigned [mem 0x28000000-0x280fffff 64bit pref]
[    3.540454] pci 0000:00:01.0: BAR 7: assigned [io  0x1000-0x1fff]
[    3.546538] pci 0000:01:00.0: BAR 4: assigned [mem 0x28000000-0x28003fff 64bit pref]
[    3.554280] pci 0000:01:00.0: BAR 2: assigned [mem 0x28004000-0x28004fff 64bit pref]
[    3.562019] pci 0000:01:00.0: BAR 0: assigned [io  0x1000-0x10ff]
[    3.568101] pci 0000:00:01.0: PCI bridge to [bus 01]
[    3.573059] pci 0000:00:01.0:   bridge window [io  0x1000-0x1fff]
[    3.579139] pci 0000:00:01.0:   bridge window [mem 0x28000000-0x280fffff 64bit pref]
[    3.586883] pci 0000:00:01.0: nv_msi_ht_cap_quirk didn't locate host bridge
[    3.593975] pcieport 0000:00:01.0: enabling device (0140 -> 0143)
[    3.600377] pcieport 0000:00:01.0: Signaling PME through PCIe PME interrupt
[    3.607333] pci 0000:01:00.0: Signaling PME through PCIe PME interrupt
[    3.613852] pcie_pme 0000:00:01.0:pcie01: service driver pcie_pme loaded
[    3.620814] r8169 Gigabit Ethernet driver 2.3LK-NAPI loaded
[    3.626415] r8169 0000:01:00.0: enabling device (0140 -> 0143)
[    3.633906] r8169 0000:01:00.0 eth0: RTL8168evl/8111evl at 0xf087e000, 02:04:4b:01:60:a6, XID 0c900800 IRQ 375
[    3.643901] r8169 0000:01:00.0 eth0: jumbo features [frames: 9200 bytes, tx checksumming: ko]
[    3.652803] +VDD_5V_HDMI: supplied by sys_3v3,vdd_3v3_alw
[    3.658317] vdd_1v8_gen: supplied by vdd_5v_in
[    3.668309] [drm] Supports vblank timestamp caching Rev 2 (21.10.2013).
[    3.674926] [drm] No driver support for vblank timestamp query.
[    3.680937] drm drm: No connectors reported connected with modes
[    3.686937] [drm] Cannot find any crtc or sizes - going 1024x768
[    3.723855] Console: switching to colour frame buffer device 128x48
[    3.736177] drm drm: fb0:  frame buffer device
[    3.780854] [drm] Initialized tegra 0.0.0 20120330 on minor 0
[    3.788395] usb3_vbus: supplied by vdd_5v_in
[    3.794510] utmi_phy_clk_enable: timeout waiting for phy to stabilize
[    3.800976] tegra-ehci 7d004000.usb: EHCI Host Controller
[    3.806400] tegra-ehci 7d004000.usb: new USB bus registered, assigned bus number 1
[    3.814376] tegra-ehci 7d004000.usb: irq 343, io mem 0x7d004000
[    3.830855] tegra-ehci 7d004000.usb: USB 2.0 started, EHCI 1.00
[    3.838888] hub 1-0:1.0: USB hub found
[    3.842668] hub 1-0:1.0: 1 port detected
[    3.847460] tegra-ehci 7d008000.usb: EHCI Host Controller
[    3.852884] tegra-ehci 7d008000.usb: new USB bus registered, assigned bus number 2
[    3.860816] tegra-ehci 7d008000.usb: irq 344, io mem 0x7d008000
[    3.880851] tegra-ehci 7d008000.usb: USB 2.0 started, EHCI 1.00
[    3.888752] hub 2-0:1.0: USB hub found
[    3.892527] hub 2-0:1.0: 1 port detected
[    3.901481] tps65910-rtc tps65910-rtc: setting system clock to 2000-01-01 00:00:02 UTC (946684802)
[    3.919769] vdd_sata,avdd_plle: disabling
[    3.924625] usb1_vbus: disabling
[    3.928070] ALSA device list:
[    3.931064]   #0: NVIDIA Tegra Beaver
[    3.937222] EXT4-fs (mmcblk1p1): mounting ext3 file system using the ext4 subsystem
[    4.012078] EXT4-fs (mmcblk1p1): warning: mounting fs with errors, running e2fsck is recommended
[    4.022935] EXT4-fs (mmcblk1p1): recovery complete
[    4.028919] EXT4-fs (mmcblk1p1): mounted filesystem with ordered data mode. Opts: (null)
[    4.037062] VFS: Mounted root (ext3 filesystem) on device 179:1.
[    4.054157] devtmpfs: mounted
[    4.058655] Freeing unused kernel memory: 1024K (c0b00000 - c0c00000)
[    4.210491] usb 2-1: new high-speed USB device number 2 using tegra-ehci
bash: cannot set terminal process group (-1): Inappropriate ioctl for device
bash: no job control in this shell
root@(none):/# 