
U-Boot SPL 2015.04-rc3-00209-ga74ef40 (Mar 16 2015 - 14:43:39)


U-Boot 2015.04-rc3-00209-ga74ef40 (Mar 16 2015 - 14:43:39)

TEGRA20
Model: Compulab TrimSlice board
DRAM:  1 GiB
MMC:   Tegra SD/MMC: 0, Tegra SD/MMC: 1
SF: Detected W25Q80BL with page size 256 Bytes, erase size 4 KiB, total 1 MiB
tegra-pcie: PCI regions:
tegra-pcie:   I/O: 0x82000000-0x82010000
tegra-pcie:   non-prefetchable memory: 0xa0000000-0xa8000000
tegra-pcie:   prefetchable memory: 0xa8000000-0xc0000000
tegra-pcie: dual-mode configuration
tegra-pcie: probing port 0, using 2 lanes
In:    serial
Out:   serial
Err:   serial
Net:   RTL8169#0
Hit any key to stop autoboot:  2  0 
Tegra20 (TrimSlice) # 
Tegra20 (TrimSlice) # usb reset
resetting USB...
USB0:   USB EHCI 1.00
scanning bus 0 for devices... 3 USB Device(s) found
USB1:   USB EHCI 1.00
scanning bus 1 for devices... 1 USB Device(s) found
USB2:   lowlevel init failed
       scanning usb for storage devices... 0 Storage Device(s) found
       scanning usb for ethernet devices... 
Warning: asx0 using MAC address from net device
1 Ethernet Device(s) found
Tegra20 (TrimSlice) # setenv bootargs 'ignore_loglevel console=ttyS0,115200n8 rw root=/dev/mmcblk0p1 rootwait gpt debug noinitrd earlyprintk init=/bin/bash'
Tegra20 (TrimSlice) # setenv ipaddr 192.168.100.103; setenv serverip 192.168.100.1; setenv tftpserverip 192.168.100.1
Tegra20 (TrimSlice) # tftpboot 0x00408000 zImage.multi_v7_defconfig
Using RTL8169#0 device
TFTP from server 192.168.100.1; our IP address is 192.168.100.103
Filename 'zImage.multi_v7_defconfig'.
Load address: 0x408000
Loading: *#################################################################
	 #################################################################
	 #################################################################
	 #################################################################
	 #################################################################
	 #################################################################
	 ####################################################
	 4 MiB/s
done
Bytes transferred = 6477184 (62d580 hex)
Tegra20 (TrimSlice) # tftpboot 0x02408000 tegra20-trimslice.dtb
Using RTL8169#0 device
TFTP from server 192.168.100.1; our IP address is 192.168.100.103
Filename 'tegra20-trimslice.dtb'.
Load address: 0x2408000
Loading: *##
	 3.4 MiB/s
done
Bytes transferred = 21130 (528a hex)
Tegra20 (TrimSlice) # bootz 0x00408000 - 0x02408000
Kernel image @ 0x408000 [ 0x000000 - 0x62d580 ]
## Flattened Device Tree blob at 02408000
   Booting using the fdt blob at 0x2408000
   Using Device Tree in place at 02408000, end 02410289

Starting kernel ...

[    0.000000] Booting Linux on physical CPU 0x0
[    0.000000] Linux version 4.3.0-51166-gbd4f203 (pwalmsley@sellafield) (gcc version 4.7.3 20130328 (prerelease) (crosstool-NG linaro-1.13.1-4.7-2013.04-20130415 - Linaro GCC 2013.04) ) #1 SMP Wed Nov 11 03:11:18 PST 2015
[    0.000000] CPU: ARMv7 Processor [411fc090] revision 0 (ARMv7), cr=10c5387d
[    0.000000] CPU: PIPT / VIPT nonaliasing data cache, VIPT aliasing instruction cache
[    0.000000] Machine model: Compulab TrimSlice board
[    0.000000] debug: ignoring loglevel setting.
[    0.000000] cma: Reserved 64 MiB at 0x3c000000
[    0.000000] Memory policy: Data cache writealloc
[    0.000000] On node 0 totalpages: 262144
[    0.000000] free_area_init_node: node 0, pgdat c0f982c0, node_mem_map ef7f8000
[    0.000000]   DMA zone: 1536 pages used for memmap
[    0.000000]   DMA zone: 0 pages reserved
[    0.000000]   DMA zone: 196608 pages, LIFO batch:31
[    0.000000]   HighMem zone: 65536 pages, LIFO batch:15
[    0.000000] PERCPU: Embedded 12 pages/cpu @ef7cb000 s19136 r8192 d21824 u49152
[    0.000000] pcpu-alloc: s19136 r8192 d21824 u49152 alloc=12*4096
[    0.000000] pcpu-alloc: [0] 0 [0] 1 
[    0.000000] Built 1 zonelists in Zone order, mobility grouping on.  Total pages: 260608
[    0.000000] Kernel command line: ignore_loglevel console=ttyS0,115200n8 rw root=/dev/mmcblk0p1 rootwait gpt debug noinitrd earlyprintk init=/bin/bash
[    0.000000] PID hash table entries: 4096 (order: 2, 16384 bytes)
[    0.000000] Dentry cache hash table entries: 131072 (order: 7, 524288 bytes)
[    0.000000] Inode-cache hash table entries: 65536 (order: 6, 262144 bytes)
[    0.000000] Memory: 959568K/1048576K available (8156K kernel code, 1032K rwdata, 3660K rodata, 1040K init, 340K bss, 23472K reserved, 65536K cma-reserved, 196608K highmem)
[    0.000000] Virtual kernel memory layout:
[    0.000000]     vector  : 0xffff0000 - 0xffff1000   (   4 kB)
[    0.000000]     fixmap  : 0xffc00000 - 0xfff00000   (3072 kB)
[    0.000000]     vmalloc : 0xf0800000 - 0xff800000   ( 240 MB)
[    0.000000]     lowmem  : 0xc0000000 - 0xf0000000   ( 768 MB)
[    0.000000]     pkmap   : 0xbfe00000 - 0xc0000000   (   2 MB)
[    0.000000]     modules : 0xbf000000 - 0xbfe00000   (  14 MB)
[    0.000000]       .text : 0xc0208000 - 0xc0d932ac   (11821 kB)
[    0.000000]       .init : 0xc0d94000 - 0xc0e98000   (1040 kB)
[    0.000000]       .data : 0xc0e98000 - 0xc0f9a220   (1033 kB)
[    0.000000]        .bss : 0xc0f9d000 - 0xc0ff23a8   ( 341 kB)
[    0.000000] SLUB: HWalign=64, Order=0-3, MinObjects=0, CPUs=2, Nodes=1
[    0.000000] Hierarchical RCU implementation.
[    0.000000] 	Build-time adjustment of leaf fanout to 32.
[    0.000000] 	RCU restricting CPUs from NR_CPUS=16 to nr_cpu_ids=2.
[    0.000000] RCU: Adjusting geometry for rcu_fanout_leaf=32, nr_cpu_ids=2
[    0.000000] NR_IRQS:16 nr_irqs:16 16
[    0.000000] /interrupt-controller@60004000: 128 interrupts forwarded to /interrupt-controller@50041000
[    0.000000] L2C: platform modifies aux control register: 0x02080000 -> 0x3e480001
[    0.000000] L2C: DT/platform modifies aux control register: 0x02080000 -> 0x3e480001
[    0.000000] L2C-310 errata 727915 769419 enabled
[    0.000000] L2C-310 enabling early BRESP for Cortex-A9
[    0.000000] L2C-310: enabling full line of zeros but not enabled in Cortex-A9
[    0.000000] L2C-310 ID prefetch enabled, offset 1 lines
[    0.000000] L2C-310 cache controller enabled, 8 ways, 1024 kB
[    0.000000] L2C-310: CACHE_ID 0x410000c4, AUX_CTRL 0x7e480001
[    0.000010] sched_clock: 32 bits at 1000kHz, resolution 1000ns, wraps every 2147483647500ns
[    0.000027] clocksource: timer_us: mask: 0xffffffff max_cycles: 0xffffffff, max_idle_ns: 1911260446275 ns
[    0.000037] Switching to timer-based delay loop, resolution 1000ns
[    0.001478] Console: colour dummy device 80x30
[    0.001499] Calibrating delay loop (skipped), value calculated using timer frequency.. 2.00 BogoMIPS (lpj=5000)
[    0.001509] pid_max: default: 32768 minimum: 301
[    0.001594] Mount-cache hash table entries: 2048 (order: 1, 8192 bytes)
[    0.001603] Mountpoint-cache hash table entries: 2048 (order: 1, 8192 bytes)
[    0.002068] CPU: Testing write buffer coherency: ok
[    0.002247] CPU0: thread -1, cpu 0, socket 0, mpidr 80000000
[    0.002287] Setting up static identity map for 0x209000 - 0x209098
[    0.003655] Tegra Revision: A03 prime SKU: 8 CPU Process: 1 SoC Process: 2
[    0.004588] CPU1: thread -1, cpu 1, socket 0, mpidr 80000001
[    0.004646] Brought up 2 CPUs
[    0.004658] SMP: Total of 2 processors activated (4.00 BogoMIPS).
[    0.004663] CPU: All CPU(s) started in SVC mode.
[    0.005257] devtmpfs: initialized
[    0.009251] VFP support v0.3: implementor 41 architecture 3 part 30 variant 9 rev 1
[    0.009639] clocksource: jiffies: mask: 0xffffffff max_cycles: 0xffffffff, max_idle_ns: 9556302231375000 ns
[    0.012749] pinctrl core: initialized pinctrl subsystem
[    0.013929] NET: Registered protocol family 16
[    0.015990] DMA: preallocated 256 KiB pool for atomic coherent allocations
[    0.029927] cpuidle: using governor ladder
[    0.044925] cpuidle: using governor menu
[    0.055152] No ATAGs?
[    0.055181] hw-breakpoint: found 5 (+1 reserved) breakpoint and 1 watchpoint registers.
[    0.055189] hw-breakpoint: maximum watchpoint size is 4 bytes.
[    0.058037] Serial: AMBA PL011 UART driver
[    0.083285] usb1_vbus: Failed to request enable GPIO170: -517
[    0.083366] reg-fixed-voltage regulators:regulator@2: Failed to register regulator: -517
[    0.086894] vgaarb: loaded
[    0.087450] SCSI subsystem initialized
[    0.087578] libata version 3.00 loaded.
[    0.087790] usbcore: registered new interface driver usbfs
[    0.087845] usbcore: registered new interface driver hub
[    0.087885] usbcore: registered new device driver usb
[    0.089875] pps_core: LinuxPPS API ver. 1 registered
[    0.089883] pps_core: Software ver. 5.3.6 - Copyright 2005-2007 Rodolfo Giometti <giometti@linux.it>
[    0.089922] PTP clock support registered
[    0.090090] EDAC MC: Ver: 3.0.0
[    0.091888] clocksource: Switched to clocksource timer_us
[    0.099837] NET: Registered protocol family 2
[    0.100262] TCP established hash table entries: 8192 (order: 3, 32768 bytes)
[    0.100333] TCP bind hash table entries: 8192 (order: 4, 65536 bytes)
[    0.100438] TCP: Hash tables configured (established 8192 bind 8192)
[    0.100514] UDP hash table entries: 512 (order: 2, 16384 bytes)
[    0.100560] UDP-Lite hash table entries: 512 (order: 2, 16384 bytes)
[    0.100722] NET: Registered protocol family 1
[    0.100962] RPC: Registered named UNIX socket transport module.
[    0.100970] RPC: Registered udp transport module.
[    0.100975] RPC: Registered tcp transport module.
[    0.100981] RPC: Registered tcp NFSv4.1 backchannel transport module.
[    0.101000] PCI: CLS 0 bytes, default 64
[    0.101785] hw perfevents: enabled with armv7_cortex_a9 PMU driver, 7 counters available
[    0.102827] futex hash table entries: 512 (order: 3, 32768 bytes)
[    0.110944] squashfs: version 4.0 (2009/01/31) Phillip Lougher
[    0.111616] NFS: Registering the id_resolver key type
[    0.111647] Key type id_resolver registered
[    0.111653] Key type id_legacy registered
[    0.111705] ntfs: driver 2.1.32 [Flags: R/O].
[    0.112763] bounce: pool size: 64 pages
[    0.112938] Block layer SCSI generic (bsg) driver version 0.4 loaded (major 249)
[    0.112954] io scheduler noop registered
[    0.112964] io scheduler deadline registered
[    0.112994] io scheduler cfq registered (default)
[    0.122333] tegra-pcie 80003000.pcie-controller: dual-mode configuration
[    0.122913] tegra-pcie 80003000.pcie-controller: probing port 0, using 2 lanes
[    0.205330] tegra-pcie 80003000.pcie-controller: PCI host bridge to bus 0000:00
[    0.205343] pci_bus 0000:00: root bus resource [mem 0xa0000000-0xa7ffffff]
[    0.205352] pci_bus 0000:00: root bus resource [mem 0xa8000000-0xbfffffff pref]
[    0.205361] pci_bus 0000:00: root bus resource [bus 00-ff]
[    0.205369] pci_bus 0000:00: root bus resource [io  0x1000-0xffff]
[    0.205395] pci 0000:00:01.0: [10de:0bf0] type 01 class 0x060000
[    0.205454] pci 0000:00:01.0: PME# supported from D0 D1 D2 D3hot D3cold
[    0.205642] PCI: bus0: Fast back to back transfers disabled
[    0.205653] pci 0000:00:01.0: bridge configuration invalid ([bus 00-00]), reconfiguring
[    0.205788] pci 0000:01:00.0: [10ec:8168] type 00 class 0x020000
[    0.205827] pci 0000:01:00.0: reg 0x10: [io  0x0000-0x00ff]
[    0.205849] pci 0000:01:00.0: reg 0x18: [mem 0x00000000-0x00000fff 64bit pref]
[    0.205866] pci 0000:01:00.0: reg 0x20: [mem 0x00000000-0x00003fff 64bit pref]
[    0.205879] pci 0000:01:00.0: reg 0x30: [mem 0x00000000-0x0001ffff pref]
[    0.205939] pci 0000:01:00.0: supports D1 D2
[    0.205947] pci 0000:01:00.0: PME# supported from D0 D1 D2 D3hot D3cold
[    0.211929] PCI: bus1: Fast back to back transfers disabled
[    0.211942] pci_bus 0000:01: busn_res: [bus 01-ff] end is updated to 01
[    0.211954] Disabling cpuidle LP2 state, since PCIe IRQs are in use
[    0.212008] pci 0000:00:01.0: BAR 8: assigned [mem 0xa0000000-0xa00fffff]
[    0.212021] pci 0000:00:01.0: BAR 9: assigned [mem 0xa8000000-0xa80fffff 64bit pref]
[    0.212030] pci 0000:00:01.0: BAR 7: assigned [io  0x1000-0x1fff]
[    0.212043] pci 0000:01:00.0: BAR 6: assigned [mem 0xa0000000-0xa001ffff pref]
[    0.212053] pci 0000:01:00.0: BAR 4: assigned [mem 0xa8000000-0xa8003fff 64bit pref]
[    0.212070] pci 0000:01:00.0: BAR 2: assigned [mem 0xa8004000-0xa8004fff 64bit pref]
[    0.212086] pci 0000:01:00.0: BAR 0: assigned [io  0x1000-0x10ff]
[    0.212097] pci 0000:00:01.0: PCI bridge to [bus 01]
[    0.212106] pci 0000:00:01.0:   bridge window [io  0x1000-0x1fff]
[    0.212115] pci 0000:00:01.0:   bridge window [mem 0xa0000000-0xa00fffff]
[    0.212124] pci 0000:00:01.0:   bridge window [mem 0xa8000000-0xa80fffff 64bit pref]
[    0.212144] pci 0000:00:01.0: nv_msi_ht_cap_quirk didn't locate host bridge
[    0.212208] pcieport 0000:00:01.0: enabling device (0140 -> 0143)
[    0.212360] pcieport 0000:00:01.0: Signaling PME through PCIe PME interrupt
[    0.212369] pci 0000:01:00.0: Signaling PME through PCIe PME interrupt
[    0.212379] pcie_pme 0000:00:01.0:pcie01: service driver pcie_pme loaded
[    0.216015] tegra-apbdma 6000a000.dma: Tegra20 APB DMA driver register 16 channels
[    0.264800] Serial: 8250/16550 driver, 4 ports, IRQ sharing disabled
[    0.266612] SuperH (H)SCI(F) driver initialized
[    0.267317] msm_serial: driver initialized
[    0.267993] console [ttyS0] disabled
[    0.268026] 70006000.serial: ttyS0 at MMIO 0x70006000 (irq = 279, base_baud = 13500000) is a Tegra
[    1.216883] console [ttyS0] enabled
[    1.220920] STMicroelectronics ASC driver initialized
[    1.227592] [drm] Initialized drm 1.1.0 20060810
[    1.233886] 54280000.hdmi supply hdmi not found, using dummy regulator
[    1.243079] [drm] Supports vblank timestamp caching Rev 2 (21.10.2013).
[    1.249690] [drm] No driver support for vblank timestamp query.
[    1.255623] drm drm: No connectors reported connected with modes
[    1.261628] [drm] Cannot find any crtc or sizes - going 1024x768
[    1.283655] Console: switching to colour frame buffer device 128x48
[    1.298325] drm drm: fb0:  frame buffer device
[    1.316894] [drm] Initialized tegra 0.0.0 20120330 on minor 0
[    1.327833] loop: module loaded
[    1.335588] m25p80 spi32766.0: found s25fl008k, expected w25q80bl
[    1.341725] m25p80 spi32766.0: s25fl008k (1024 Kbytes)
[    1.346866] spi32766.0: 'partitions' subnode not found on /spi@7000c380/spi-flash@0. Trying to parse direct subnodes as partitions.
[    1.360983] CAN device driver interface
[    1.365790] igb: Intel(R) Gigabit Ethernet Network Driver - version 5.3.0-k
[    1.372750] igb: Copyright (c) 2007-2014 Intel Corporation.
[    1.378860] r8169 Gigabit Ethernet driver 2.3LK-NAPI loaded
[    1.384457] r8169 0000:01:00.0: enabling device (0140 -> 0143)
[    1.391047] r8169 0000:01:00.0 eth0: RTL8168d/8111d at 0xf085e000, 00:01:c0:13:7d:63, XID 081000c0 IRQ 296
[    1.400702] r8169 0000:01:00.0 eth0: jumbo features [frames: 9200 bytes, tx checksumming: ko]
[    1.411086] pegasus: v0.9.3 (2013/04/25), Pegasus/Pegasus II USB Ethernet driver
[    1.418540] usbcore: registered new interface driver pegasus
[    1.424261] usbcore: registered new interface driver asix
[    1.429703] usbcore: registered new interface driver ax88179_178a
[    1.435837] usbcore: registered new interface driver cdc_ether
[    1.441728] usbcore: registered new interface driver smsc75xx
[    1.447535] usbcore: registered new interface driver smsc95xx
[    1.453320] usbcore: registered new interface driver net1080
[    1.459017] usbcore: registered new interface driver cdc_subset
[    1.464975] usbcore: registered new interface driver zaurus
[    1.470625] usbcore: registered new interface driver cdc_ncm
[    1.476577] tegra-phy c5004000.usb-phy: no vbus regulator
[    1.483077] tegra-phy c5008000.usb-phy: no vbus regulator
[    1.489620] ehci_hcd: USB 2.0 'Enhanced' Host Controller (EHCI) Driver
[    1.496153] ehci-pci: EHCI PCI platform driver
[    1.500633] ehci-platform: EHCI generic platform driver
[    1.506012] ehci-omap: OMAP-EHCI Host Controller driver
[    1.511340] ehci-orion: EHCI orion driver
[    1.515451] SPEAr-ehci: EHCI SPEAr driver
[    1.519567] ehci-st: EHCI STMicroelectronics driver
[    1.524548] ehci-exynos: EHCI EXYNOS driver
[    1.528850] ehci-atmel: EHCI Atmel driver
[    1.532971] tegra-ehci: Tegra EHCI driver
[    1.558093] ulpi_phy_power_on: ulpi write failed
[    1.562713] tegra-ehci c5004000.usb: Failed to power on the phy
[    1.568641] tegra-ehci: probe of c5004000.usb failed with error -110
[    1.577625] tegra-ehci c5008000.usb: EHCI Host Controller
[    1.583043] tegra-ehci c5008000.usb: new USB bus registered, assigned bus number 1
[    1.590853] tegra-ehci c5008000.usb: irq 290, io mem 0xc5008000
[    1.601904] tegra-ehci c5008000.usb: USB 2.0 started, EHCI 1.00
[    1.608418] hub 1-0:1.0: USB hub found
[    1.612196] hub 1-0:1.0: 1 port detected
[    1.616419] ohci_hcd: USB 1.1 'Open' Host Controller (OHCI) Driver
[    1.622613] ohci-pci: OHCI PCI platform driver
[    1.627102] ohci-platform: OHCI generic platform driver
[    1.632472] ohci-omap3: OHCI OMAP3 driver
[    1.636574] SPEAr-ohci: OHCI SPEAr driver
[    1.640688] ohci-st: OHCI STMicroelectronics driver
[    1.645664] ohci-atmel: OHCI Atmel driver
[    1.650085] usbcore: registered new interface driver usb-storage
[    1.657241] mousedev: PS/2 mouse device common for all mice
[    1.664848] rtc-em3027 2-0056: rtc core: registered rtc-em3027 as rtc0
[    1.672546] tegra_rtc 7000e000.rtc: rtc core: registered 7000e000.rtc as rtc1
[    1.679710] tegra_rtc 7000e000.rtc: Tegra internal Real Time Clock
[    1.686315] i2c /dev entries driver
[    1.696287] sdhci: Secure Digital Host Controller Interface driver
[    1.702471] sdhci: Copyright(c) Pierre Ossman
[    1.708014] Synopsys Designware Multimedia Card Interface Driver
[    1.714862] sdhci-pltfm: SDHCI platform and OF driver helper
[    1.721371] sdhci-tegra c8000000.sdhci: No vmmc regulator found
[    1.727300] sdhci-tegra c8000000.sdhci: No vqmmc regulator found
[    1.733308] mmc0: Invalid maximum block size, assuming 512 bytes
[    1.766905] mmc0: SDHCI controller on c8000000.sdhci [c8000000.sdhci] using ADMA
[    1.774394] sdhci-tegra c8000600.sdhci: Got CD GPIO
[    1.779294] sdhci-tegra c8000600.sdhci: Got WP GPIO
[    1.784306] sdhci-tegra c8000600.sdhci: No vmmc regulator found
[    1.790239] sdhci-tegra c8000600.sdhci: No vqmmc regulator found
[    1.796249] mmc1: Invalid maximum block size, assuming 512 bytes
[    1.831977] mmc1: SDHCI controller on c8000600.sdhci [c8000600.sdhci] using ADMA
[    1.840355] ledtrig-cpu: registered to indicate activity on CPUs
[    1.846541] usbcore: registered new interface driver usbhid
[    1.852114] usbhid: USB HID core driver
[    1.859539] NET: Registered protocol family 10
[    1.864678] sit: IPv6 over IPv4 tunneling driver
[    1.869782] NET: Registered protocol family 17
[    1.874260] can: controller area network core (rev 20120528 abi 9)
[    1.880498] NET: Registered protocol family 29
[    1.884960] can: raw protocol (rev 20120528)
[    1.889240] can: broadcast manager protocol (rev 20120528 t)
[    1.894909] can: netlink gateway (rev 20130117) max_hops=1
[    1.900707] Key type dns_resolver registered
[    1.905341] ThumbEE CPU extension supported.
[    1.909634] Registering SWP/SWPB emulation handler
[    1.918960] utmi_phy_clk_enable: timeout waiting for phy to stabilize
[    1.925429] tegra-ehci c5000000.usb: EHCI Host Controller
[    1.930850] tegra-ehci c5000000.usb: new USB bus registered, assigned bus number 2
[    1.938744] tegra-ehci c5000000.usb: irq 288, io mem 0xc5000000
[    1.951868] mmc0: host does not support reading read-only switch, assuming write-enable
[    1.961827] mmc0: new high speed SDHC card at address b368
[    1.966912] usb 1-1: new high-speed USB device number 2 using tegra-ehci
[    1.974349] mmcblk0: mmc0:b368 NCard 3.70 GiB 
[    1.980650]  mmcblk0: p1
[    1.981909] tegra-ehci c5000000.usb: USB 2.0 started, EHCI 1.00
[    1.989428] hub 2-0:1.0: USB hub found
[    1.993223] hub 2-0:1.0: 1 port detected
[    1.998074] input: gpio-keys as /devices/soc0/gpio-keys/input/input0
[    2.004985] rtc-em3027 2-0056: setting system clock to 2014-12-26 23:59:33 UTC (1419638373)
[    2.018864] EXT4-fs (mmcblk0p1): mounting ext3 file system using the ext4 subsystem
[    2.104907] EXT4-fs (mmcblk0p1): recovery complete
[    2.109739] EXT4-fs (mmcblk0p1): mounted filesystem with ordered data mode. Opts: (null)
[    2.117866] VFS: Mounted root (ext3 filesystem) on device 179:1.
[    2.125673] hub 1-1:1.0: USB hub found
[    2.129621] hub 1-1:1.0: 4 ports detected
[    2.134048] devtmpfs: mounted
[    2.137142] mmc1: new high speed SD card at address b368
[    2.137990] Freeing unused kernel memory: 1040K (c0d94000 - c0e98000)
[    2.149359] mmcblk1: mmc1:b368 NCard 1.83 GiB (ro)
[    2.156628]  mmcblk1: p1 p2
bash: cannot set terminal process group (-1): Inappropriate ioctl for device
bash: no job control in this shell
[    2.406975] usb 1-1.2: new high-speed USB device number 3 using tegra-ehci
root@(none):/# 