
U-Boot SPL 2014.01-00219-gc4d376f (Feb 18 2014 - 19:57:32)


U-Boot 2014.01-00219-gc4d376f (Feb 18 2014 - 19:57:32)

TEGRA114
Board: NVIDIA Dalmore
I2C:   ready
DRAM:  2 GiB
MMC:   Tegra SD/MMC: 0, Tegra SD/MMC: 1
In:    serial
Out:   serial
Err:   serial
Net:   Net Initialization Skipped
No ethernet found.
Hit any key to stop autoboot:  2  0 
Tegra114 (Dalmore) # 
Tegra114 (Dalmore) # usb reset
(Re)start USB...
USB0:   USB EHCI 1.10
scanning bus 0 for devices... 2 USB Device(s) found
       scanning usb for storage devices... 0 Storage Device(s) found
       scanning usb for ethernet devices... 
Warning: asx0 using MAC address from net device
1 Ethernet Device(s) found
Tegra114 (Dalmore) # setenv bootargs 'ignore_loglevel console=ttyS0,115200n8 rw root=/dev/mmcblk0p1 rootwait gpt debug init=/bin/bash'
Tegra114 (Dalmore) # setenv ipaddr 192.168.100.100; setenv serverip 192.168.100.1; setenv tftpserverip 192.168.100.1
Tegra114 (Dalmore) # tftpboot 0x81000000 zImage.multi_v7_defconfig
Using asx0 device
TFTP from server 192.168.100.1; our IP address is 192.168.100.100
Filename 'zImage.multi_v7_defconfig'.
Load address: 0x81000000
Loading: *#################################################################
	 #################################################################
	 #################################################################
	 #################################################################
	 #################################################################
	 #################################################################
	 ####################################
	 3.3 MiB/s
done
Bytes transferred = 6246920 (5f5208 hex)
Tegra114 (Dalmore) # tftpboot 0x82000000 tegra114-dalmore.dtb
Using asx0 device
TFTP from server 192.168.100.1; our IP address is 192.168.100.100
Filename 'tegra114-dalmore.dtb'.
Load address: 0x82000000
Loading: *###
	 2.8 MiB/s
done
Bytes transferred = 34894 (884e hex)
Tegra114 (Dalmore) # bootz 0x81000000 - 0x82000000
Kernel image @ 0x81000000 [ 0x000000 - 0x5f5208 ]
## Flattened Device Tree blob at 82000000
   Booting using the fdt blob at 0x82000000
   Loading Device Tree to 8fff4000, end 8ffff84d ... OK

Starting kernel ...

[    0.000000] Booting Linux on physical CPU 0x0
[    0.000000] Linux version 4.0.0-next-20150427-13069-g30d4d27 (pwalmsley@sellafield) (gcc version 4.7.3 20130328 (prerelease) (crosstool-NG linaro-1.13.1-4.7-2013.04-20130415 - Linaro GCC 2013.04) ) #1 SMP Mon Apr 27 04:49:31 PDT 2015
[    0.000000] CPU: ARMv7 Processor [412fc0f2] revision 2 (ARMv7), cr=10c5387d
[    0.000000] CPU: PIPT / VIPT nonaliasing data cache, PIPT instruction cache
[    0.000000] Machine model: NVIDIA Tegra114 Dalmore evaluation board
[    0.000000] debug: ignoring loglevel setting.
[    0.000000] earlycon: no match for ttyS0,115200n8
[    0.000000] cma: Reserved 64 MiB at 0xfb800000
[    0.000000] Memory policy: Data cache writealloc
[    0.000000] On node 0 totalpages: 524032
[    0.000000] free_area_init_node: node 0, pgdat c0f29540, node_mem_map ee7f8000
[    0.000000]   DMA zone: 1520 pages used for memmap
[    0.000000]   DMA zone: 0 pages reserved
[    0.000000]   DMA zone: 194560 pages, LIFO batch:31
[    0.000000]   HighMem zone: 329472 pages, LIFO batch:31
[    0.000000] PERCPU: Embedded 12 pages/cpu @ee7a3000 s17024 r8192 d23936 u49152
[    0.000000] pcpu-alloc: s17024 r8192 d23936 u49152 alloc=12*4096
[    0.000000] pcpu-alloc: [0] 0 [0] 1 [0] 2 [0] 3 
[    0.000000] Built 1 zonelists in Zone order, mobility grouping on.  Total pages: 522512
[    0.000000] Kernel command line: ignore_loglevel console=ttyS0,115200n8 rw root=/dev/mmcblk0p1 rootwait gpt debug init=/bin/bash
[    0.000000] PID hash table entries: 4096 (order: 2, 16384 bytes)
[    0.000000] Dentry cache hash table entries: 131072 (order: 7, 524288 bytes)
[    0.000000] Inode-cache hash table entries: 65536 (order: 6, 262144 bytes)
[    0.000000] Memory: 1999228K/2096128K available (8020K kernel code, 1021K rwdata, 3584K rodata, 820K init, 317K bss, 31364K reserved, 65536K cma-reserved, 1252352K highmem)
[    0.000000] Virtual kernel memory layout:
[    0.000000]     vector  : 0xffff0000 - 0xffff1000   (   4 kB)
[    0.000000]     fixmap  : 0xffc00000 - 0xfff00000   (3072 kB)
[    0.000000]     vmalloc : 0xf0000000 - 0xff000000   ( 240 MB)
[    0.000000]     lowmem  : 0xc0000000 - 0xef800000   ( 760 MB)
[    0.000000]     pkmap   : 0xbfe00000 - 0xc0000000   (   2 MB)
[    0.000000]     modules : 0xbf000000 - 0xbfe00000   (  14 MB)
[    0.000000]       .text : 0xc0208000 - 0xc0d5e0e8   (11609 kB)
[    0.000000]       .init : 0xc0d5f000 - 0xc0e2c000   ( 820 kB)
[    0.000000]       .data : 0xc0e2c000 - 0xc0f2b500   (1022 kB)
[    0.000000]        .bss : 0xc0f2e000 - 0xc0f7d6a8   ( 318 kB)
[    0.000000] SLUB: HWalign=64, Order=0-3, MinObjects=0, CPUs=4, Nodes=1
[    0.000000] Hierarchical RCU implementation.
[    0.000000] 	Additional per-CPU info printed with stalls.
[    0.000000] 	RCU restricting CPUs from NR_CPUS=16 to nr_cpu_ids=4.
[    0.000000] RCU: Adjusting geometry for rcu_fanout_leaf=16, nr_cpu_ids=4
[    0.000000] NR_IRQS:16 nr_irqs:16 16
[    0.000000] /interrupt-controller@60004000: 160 interrupts forwarded to /interrupt-controller@50041000
[    0.000000] L2C: failed to init: -19
[    0.000010] sched_clock: 32 bits at 1000kHz, resolution 1000ns, wraps every 2147483647500ns
[    0.000029] clocksource timer_us: mask: 0xffffffff max_cycles: 0xffffffff, max_idle_ns: 1911260446275 ns
[    0.000043] Switching to timer-based delay loop, resolution 1000ns
[    0.002754] Architected cp15 timer(s) running at 12.00MHz (virt).
[    0.002771] clocksource arch_sys_counter: mask: 0xffffffffffffff max_cycles: 0x2c47f4ee7, max_idle_ns: 440795202497 ns
[    0.002789] sched_clock: 56 bits at 12MHz, resolution 83ns, wraps every 4398046511096ns
[    0.002802] Switching to timer-based delay loop, resolution 83ns
[    0.003134] Console: colour dummy device 80x30
[    0.003158] Calibrating delay loop (skipped), value calculated using timer frequency.. 24.00 BogoMIPS (lpj=60000)
[    0.003173] pid_max: default: 32768 minimum: 301
[    0.003290] Mount-cache hash table entries: 2048 (order: 1, 8192 bytes)
[    0.003302] Mountpoint-cache hash table entries: 2048 (order: 1, 8192 bytes)
[    0.003919] CPU: Testing write buffer coherency: ok
[    0.004128] /cpus/cpu@0 missing clock-frequency property
[    0.004155] /cpus/cpu@1 missing clock-frequency property
[    0.004184] /cpus/cpu@2 missing clock-frequency property
[    0.004213] /cpus/cpu@3 missing clock-frequency property
[    0.004225] CPU0: thread -1, cpu 0, socket 0, mpidr 80000000
[    0.004279] Setting up static identity map for 0x80209000 - 0x80209098
[    0.006408] Tegra Revision: A01 SKU: 0 CPU Process: 1 Core Process: 0
[    0.007574] CPU1: thread -1, cpu 1, socket 0, mpidr 80000001
[    0.008198] CPU2: thread -1, cpu 2, socket 0, mpidr 80000002
[    0.008797] CPU3: thread -1, cpu 3, socket 0, mpidr 80000003
[    0.008876] Brought up 4 CPUs
[    0.008898] SMP: Total of 4 processors activated (96.00 BogoMIPS).
[    0.008906] CPU: All CPU(s) started in SVC mode.
[    0.009451] devtmpfs: initialized
[    0.010331] VFP support v0.3: implementor 41 architecture 4 part 30 variant f rev 0
[    0.010776] clocksource jiffies: mask: 0xffffffff max_cycles: 0xffffffff, max_idle_ns: 9556302231375000 ns
[    0.012363] pinctrl core: initialized pinctrl subsystem
[    0.024235] NET: Registered protocol family 16
[    0.026342] DMA: preallocated 256 KiB pool for atomic coherent allocations
[    0.042664] cpuidle: using governor ladder
[    0.057683] cpuidle: using governor menu
[    0.072397] No ATAGs?
[    0.072435] hw-breakpoint: found 5 (+1 reserved) breakpoint and 4 watchpoint registers.
[    0.072446] hw-breakpoint: maximum watchpoint size is 8 bytes.
[    0.075967] Serial: AMBA PL011 UART driver
[    0.076852] tegra-mc 70019000.memory-controller: no memory timings for RAM code 3 registered
[    0.106654] dvdd_ts: Failed to request enable GPIO61: -517
[    0.106785] reg-fixed-voltage regulators:regulator@1: Failed to register regulator: -517
[    0.107007] usb1_vbus: Failed to request enable GPIO108: -517
[    0.107122] reg-fixed-voltage regulators:regulator@3: Failed to register regulator: -517
[    0.107340] usb2_vbus: Failed to request enable GPIO86: -517
[    0.107453] reg-fixed-voltage regulators:regulator@4: Failed to register regulator: -517
[    0.108003] VDD_5V0_HDMI_CON: Failed to request enable GPIO81: -517
[    0.108117] reg-fixed-voltage regulators:regulator@7: Failed to register regulator: -517
[    0.110702] vgaarb: loaded
[    0.111421] SCSI subsystem initialized
[    0.111586] libata version 3.00 loaded.
[    0.111928] usbcore: registered new interface driver usbfs
[    0.111998] usbcore: registered new interface driver hub
[    0.112074] usbcore: registered new device driver usb
[    0.115695] tps65090 2-0048: No cache defaults, reading back from HW
[    0.121862] palmas 2-0058: Irq flag is 0x00000000
[    0.125071] palmas 2-0058: Muxing GPIO ff, PWM 0, LED 0
[    0.134643] sdhci-vdd-sd-slot: ramp_delay not set
[    0.160770] media: Linux media interface: v0.10
[    0.160838] Linux video capture interface: v2.00
[    0.160889] pps_core: LinuxPPS API ver. 1 registered
[    0.160898] pps_core: Software ver. 5.3.6 - Copyright 2005-2007 Rodolfo Giometti <giometti@linux.it>
[    0.160927] PTP clock support registered
[    0.161179] EDAC MC: Ver: 3.0.0
[    0.162580] Advanced Linux Sound Architecture Driver Initialized.
[    0.163702] Switched to clocksource arch_sys_counter
[    0.174929] NET: Registered protocol family 2
[    0.175537] TCP established hash table entries: 8192 (order: 3, 32768 bytes)
[    0.175627] TCP bind hash table entries: 8192 (order: 4, 65536 bytes)
[    0.175815] TCP: Hash tables configured (established 8192 bind 8192)
[    0.175869] UDP hash table entries: 512 (order: 2, 16384 bytes)
[    0.175911] UDP-Lite hash table entries: 512 (order: 2, 16384 bytes)
[    0.176091] NET: Registered protocol family 1
[    0.176354] RPC: Registered named UNIX socket transport module.
[    0.176364] RPC: Registered udp transport module.
[    0.176372] RPC: Registered tcp transport module.
[    0.176380] RPC: Registered tcp NFSv4.1 backchannel transport module.
[    0.176401] PCI: CLS 0 bytes, default 64
[    0.178781] futex hash table entries: 1024 (order: 4, 65536 bytes)
[    0.191308] squashfs: version 4.0 (2009/01/31) Phillip Lougher
[    0.192260] NFS: Registering the id_resolver key type
[    0.192294] Key type id_resolver registered
[    0.192303] Key type id_legacy registered
[    0.192376] ntfs: driver 2.1.32 [Flags: R/O].
[    0.193518] bounce: pool size: 64 pages
[    0.193775] Block layer SCSI generic (bsg) driver version 0.4 loaded (major 248)
[    0.193800] io scheduler noop registered
[    0.193817] io scheduler deadline registered
[    0.194032] io scheduler cfq registered (default)
[    0.212556] vdd-lcd-bl: supplied by vdd_ac_bat
[    0.214229] tegra-ahb 6000c004.ahb: incorrect AHB base address in DT data - enabling workaround
[    0.219406] tegra-apbdma 6000a000.dma: Tegra20 APB DMA driver register 32 channels
[    0.220252] tegra-pmc 7000e400.pmc: i2c-thermtrip node not found, emergency thermal reset disabled.
[    0.287757] Serial: 8250/16550 driver, 4 ports, IRQ sharing disabled
[    0.290160] SuperH (H)SCI(F) driver initialized
[    0.290908] msm_serial: driver initialized
[    0.291867] console [ttyS0] disabled
[    0.291904] 70006300.serial: ttyS0 at MMIO 0x70006300 (irq = 329, base_baud = 25500000) is a Tegra
[    1.122522] console [ttyS0] enabled
[    1.126801] STMicroelectronics ASC driver initialized
[    1.133950] [drm] Initialized drm 1.1.0 20060810
[    1.140388] vdd-ao: supplied by vdd_ac_bat
[    1.144735] vddio-1v8: supplied by vdd-ao
[    1.149143] avdd-dsi-csi: supplied by vddio-1v8
[    1.155739] tegra-hdmi 54280000.hdmi: failed to get HDMI regulator
[    1.163661] vdd-sys-3v3: supplied by vdd_ac_bat
[    1.168417] avdd-lcd: supplied by vdd-sys-3v3
[    1.179157] loop: module loaded
[    1.187920] m25p80 spi32766.0: w25q32dw (4096 Kbytes)
[    1.196354] CAN device driver interface
[    1.201379] igb: Intel(R) Gigabit Ethernet Network Driver - version 5.2.15-k
[    1.208434] igb: Copyright (c) 2007-2014 Intel Corporation.
[    1.216096] pegasus: v0.9.3 (2013/04/25), Pegasus/Pegasus II USB Ethernet driver
[    1.223555] usbcore: registered new interface driver pegasus
[    1.229306] usbcore: registered new interface driver asix
[    1.234773] usbcore: registered new interface driver ax88179_178a
[    1.240931] usbcore: registered new interface driver cdc_ether
[    1.246852] usbcore: registered new interface driver smsc75xx
[    1.252685] usbcore: registered new interface driver smsc95xx
[    1.258495] usbcore: registered new interface driver net1080
[    1.264221] usbcore: registered new interface driver cdc_subset
[    1.270211] usbcore: registered new interface driver zaurus
[    1.275888] usbcore: registered new interface driver cdc_ncm
[    1.283317] ehci_hcd: USB 2.0 'Enhanced' Host Controller (EHCI) Driver
[    1.289867] ehci-pci: EHCI PCI platform driver
[    1.294382] ehci-platform: EHCI generic platform driver
[    1.299821] ehci-omap: OMAP-EHCI Host Controller driver
[    1.305201] ehci-orion: EHCI orion driver
[    1.309367] SPEAr-ehci: EHCI SPEAr driver
[    1.313516] ehci-st: EHCI STMicroelectronics driver
[    1.318550] ehci-exynos: EHCI EXYNOS driver
[    1.322907] tegra-ehci: Tegra EHCI driver
[    1.327232] ohci_hcd: USB 1.1 'Open' Host Controller (OHCI) Driver
[    1.333443] ohci-pci: OHCI PCI platform driver
[    1.337963] ohci-platform: OHCI generic platform driver
[    1.343367] ohci-omap3: OHCI OMAP3 driver
[    1.347536] SPEAr-ohci: OHCI SPEAr driver
[    1.351708] ohci-st: OHCI STMicroelectronics driver
[    1.356822] usbcore: registered new interface driver usb-storage
[    1.364382] mousedev: PS/2 mouse device common for all mice
[    1.375362] palmas-rtc 7000d000.i2c:tps65913@58:rtc: rtc core: registered 7000d000.i2c:tps659 as rtc0
[    1.386398] tegra_rtc 7000e000.rtc: rtc core: registered 7000e000.rtc as rtc1
[    1.393583] tegra_rtc 7000e000.rtc: Tegra internal Real Time Clock
[    1.400351] i2c /dev entries driver
[    1.406411] usbcore: registered new interface driver uvcvideo
[    1.412171] USB Video Class driver (1.1.1)
[    1.416282] gspca_main: v2.14.0 registered
[    1.421070] sbs-battery 0-000b: sbs_probe: Failed to get device status
[    1.427619] sbs-battery: probe of 0-000b failed with error -121
[    1.435918] vdd-sensor-2v85: supplied by vdd-sys-3v3
[    1.447067] sdhci: Secure Digital Host Controller Interface driver
[    1.453260] sdhci: Copyright(c) Pierre Ossman
[    1.459019] Synopsys Designware Multimedia Card Interface Driver
[    1.466087] sdhci-pltfm: SDHCI platform and OF driver helper
[    1.472427] sdhci-tegra 78000400.sdhci: Got CD GPIO
[    1.477332] sdhci-tegra 78000400.sdhci: Got WP GPIO
[    1.483332] sdhci-tegra 78000400.sdhci: No vmmc regulator found
[    1.489264] sdhci-tegra 78000400.sdhci: No vqmmc regulator found
[    1.495285] mmc0: Invalid maximum block size, assuming 512 bytes
[    1.533830] mmc0: SDHCI controller on 78000400.sdhci [78000400.sdhci] using ADMA
[    1.541461] sdhci-tegra 78000600.sdhci: No vmmc regulator found
[    1.547396] sdhci-tegra 78000600.sdhci: No vqmmc regulator found
[    1.553414] mmc1: Invalid maximum block size, assuming 512 bytes
[    1.593721] mmc1: SDHCI controller on 78000600.sdhci [78000600.sdhci] using ADMA
[    1.602183] ledtrig-cpu: registered to indicate activity on CPUs
[    1.608430] usbcore: registered new interface driver usbhid
[    1.614013] usbhid: USB HID core driver
[    1.621290] usbcore: registered new interface driver snd-usb-audio
[    1.687650] mmc1: MAN_BKOPS_EN bit is not set
[    1.694953] mmc1: new high speed MMC card at address 0001
[    1.700720] mmcblk0: mmc1:0001 SEM32G 29.1 GiB 
[    1.705368] mmcblk0boot0: mmc1:0001 SEM32G partition 1 4.00 MiB
[    1.711407] mmcblk0boot1: mmc1:0001 SEM32G partition 2 4.00 MiB
[    1.717436] mmcblk0rpmb: mmc1:0001 SEM32G partition 3 4.00 MiB
[    1.725819]  mmcblk0: p1 p2 p3 p4 p5 p6 p7 p8
[    2.041610] tegra30-i2s 70080400.i2s: DMA channels sourced from device 70080000.ahub
[    2.058256] tegra-snd-rt5640 sound: rt5640-aif1 <-> 70080400.i2s mapping ok
[    2.068616] input: NVIDIA Tegra Dalmore Headphones as /devices/soc0/sound/sound/card0/input0
[    2.078451] NET: Registered protocol family 17
[    2.082930] can: controller area network core (rev 20120528 abi 9)
[    2.089186] NET: Registered protocol family 29
[    2.093633] can: raw protocol (rev 20120528)
[    2.097923] can: broadcast manager protocol (rev 20120528 t)
[    2.103604] can: netlink gateway (rev 20130117) max_hops=1
[    2.109491] Key type dns_resolver registered
[    2.114385] ThumbEE CPU extension supported.
[    2.118665] Registering SWP/SWPB emulation handler
[    2.127910] vdd-sys-5v0: supplied by vdd_ac_bat
[    2.132666] VDD_5V0_HDMI_CON: supplied by vdd-sys-5v0
[    2.138223] vdd_hdmi_5v0: supplied by vdd-sys-5v0
[    2.145784] [drm] Supports vblank timestamp caching Rev 2 (21.10.2013).
[    2.152438] [drm] No driver support for vblank timestamp query.
[    2.215910] Console: switching to colour frame buffer device 240x75
[    2.243768] drm drm: fb0:  frame buffer device
[    2.248242] drm drm: registered panic notifier
[    2.263844] [drm] Initialized tegra 0.0.0 20120330 on minor 0
[    2.270551] usb2_vbus: supplied by vdd-sys-5v0
[    2.277003] tegra-ehci 7d008000.usb: EHCI Host Controller
[    2.282475] tegra-ehci 7d008000.usb: new USB bus registered, assigned bus number 1
[    2.290369] tegra-ehci 7d008000.usb: irq 339, io mem 0x7d008000
[    2.303824] tegra-ehci 7d008000.usb: USB 2.0 started, EHCI 1.10
[    2.310803] hub 1-0:1.0: USB hub found
[    2.314691] hub 1-0:1.0: 1 port detected
[    2.320493] input: gpio-keys as /devices/soc0/gpio-keys/input/input1
[    2.328100] palmas-rtc 7000d000.i2c:tps65913@58:rtc: setting system clock to 2000-10-02 07:13:50 UTC (970470830)
[    2.349699] vdd_cam_1v8_reg: disabling
[    2.353451] usb1_vbus: disabling
[    2.356729] dvdd_ts: disabling
[    2.361535] ALSA device list:
[    2.364548]   #0: NVIDIA Tegra Dalmore
[    2.369732] EXT4-fs (mmcblk0p1): mounting ext3 file system using the ext4 subsystem
[    2.395371] EXT4-fs (mmcblk0p1): recovery complete
[    2.400210] EXT4-fs (mmcblk0p1): mounted filesystem with ordered data mode. Opts: (null)
[    2.408388] VFS: Mounted root (ext3 filesystem) on device 179:1.
[    2.419344] devtmpfs: mounted
[    2.422958] Freeing unused kernel memory: 820K (c0d5f000 - c0e2c000)
bash: cannot set terminal process group (-1): Inappropriate ioctl for device
bash: no job control in this shell
root@(none):/# [    2.628905] usb 1-1: new high-speed USB device number 2 using tegra-ehci
