
U-Boot SPL 2016.05-rc2 (Apr 21 2016 - 16:23:00)
Trying to boot from RAM


U-Boot 2016.05-rc2 (Apr 21 2016 - 16:23:00 -0700)

TEGRA124
Model: NVIDIA Jetson TK1
Board: NVIDIA Jetson TK1
DRAM:  2 GiB
MC:   Tegra SD/MMC: 0, Tegra SD/MMC: 1
In:    serial
Out:   serial
Err:   serial
Net:   No ethernet found.
Hit any key to stop autoboot:  2  0 
Tegra124 (Jetson TK1) # 
Tegra124 (Jetson TK1) # pci enum
Tegra124 (Jetson TK1) # setenv bootargs 'ignore_loglevel console=ttyS0,115200n8 rw root=PARTUUID=b1791faa-84e8-4e27-83a1-9fb0a77e8803 rootwait gpt debug noinitrd earlyprintk init=/bin/bash'
Tegra124 (Jetson TK1) # setenv ipaddr 192.168.100.102; setenv serverip 192.168.100.1; setenv tftpserverip 192.168.100.1
Tegra124 (Jetson TK1) # tftpboot 0x82000000 zImage.multi_v7_defconfig

Warning: eth_rtl8169 using MAC address from ROM
Using eth_rtl8169 device
TFTP from server 192.168.100.1; our IP address is 192.168.100.102
Filename 'zImage.multi_v7_defconfig'.
Load address: 0x82000000
Loading: *#################################################################
	 #################################################################
	 #################################################################
	 #################################################################
	 #################################################################
	 #################################################################
	 #################################################################
	 #################################################################
	 ####################
	 3.9 MiB/s
done
Bytes transferred = 7915264 (78c700 hex)
Tegra124 (Jetson TK1) # tftpboot 0x83000000 tegra124-jetson-tk1.dtb
Using eth_rtl8169 device
TFTP from server 192.168.100.1; our IP address is 192.168.100.102
Filename 'tegra124-jetson-tk1.dtb'.
Load address: 0x83000000
Loading: *#####
	 3.8 MiB/s
done
Bytes transferred = 67133 (1063d hex)
Tegra124 (Jetson TK1) # bootz 0x82000000 - 0x83000000
Kernel image @ 0x82000000 [ 0x000000 - 0x78c700 ]
## Flattened Device Tree blob at 83000000
   Booting using the fdt blob at 0x83000000
   Using Device Tree in place at 83000000, end 8301363c

Starting kernel ...

[    0.000000] Booting Linux on physical CPU 0x0
[    0.000000] Linux version 4.12.0-rc1-170893-ge99b6f1 (jonathanh@sellafield) (gcc version 4.7.3 20130328 (prerelease) (crosstool-NG linaro-1.13.1-4.7-2013.04-20130415 - Linaro GCC 2013.04) ) #1 SMP Tue May 30 04:10:12 PDT 2017
[    0.000000] CPU: ARMv7 Processor [413fc0f3] revision 3 (ARMv7), cr=10c5387d
[    0.000000] CPU: div instructions available: patching division code
[    0.000000] CPU: PIPT / VIPT nonaliasing data cache, PIPT instruction cache
[    0.000000] OF: fdt: Machine model: NVIDIA Tegra124 Jetson TK1
[    0.000000] debug: ignoring loglevel setting.
[    0.000000] Memory policy: Data cache writealloc
[    0.000000] efi: Getting EFI parameters from FDT:
[    0.000000] efi: UEFI not found.
[    0.000000] cma: Reserved 64 MiB at 0xfb800000
[    0.000000] On node 0 totalpages: 524032
[    0.000000] free_area_init_node: node 0, pgdat c157fd40, node_mem_map eeff8000
[    0.000000]   DMA zone: 1536 pages used for memmap
[    0.000000]   DMA zone: 0 pages reserved
[    0.000000]   DMA zone: 196608 pages, LIFO batch:31
[    0.000000]   HighMem zone: 327424 pages, LIFO batch:31
[    0.000000] percpu: Embedded 17 pages/cpu @eef82000 s39168 r8192 d22272 u69632
[    0.000000] pcpu-alloc: s39168 r8192 d22272 u69632 alloc=17*4096
[    0.000000] pcpu-alloc: [0] 0 [0] 1 [0] 2 [0] 3 
[    0.000000] Built 1 zonelists in Zone order, mobility grouping on.  Total pages: 522496
[    0.000000] Kernel command line: ignore_loglevel console=ttyS0,115200n8 rw root=PARTUUID=b1791faa-84e8-4e27-83a1-9fb0a77e8803 rootwait gpt debug noinitrd earlyprintk init=/bin/bash
[    0.000000] PID hash table entries: 4096 (order: 2, 16384 bytes)
[    0.000000] Dentry cache hash table entries: 131072 (order: 7, 524288 bytes)
[    0.000000] Inode-cache hash table entries: 65536 (order: 6, 262144 bytes)
[    0.000000] Memory: 1993420K/2096128K available (10240K kernel code, 1566K rwdata, 4388K rodata, 2048K init, 409K bss, 37172K reserved, 65536K cma-reserved, 1244160K highmem)
[    0.000000] Virtual kernel memory layout:
[    0.000000]     vector  : 0xffff0000 - 0xffff1000   (   4 kB)
[    0.000000]     fixmap  : 0xffc00000 - 0xfff00000   (3072 kB)
[    0.000000]     vmalloc : 0xf0800000 - 0xff800000   ( 240 MB)
[    0.000000]     lowmem  : 0xc0000000 - 0xf0000000   ( 768 MB)
[    0.000000]     pkmap   : 0xbfe00000 - 0xc0000000   (   2 MB)
[    0.000000]     modules : 0xbf000000 - 0xbfe00000   (  14 MB)
[    0.000000]       .text : 0xc0208000 - 0xc0d00000   (11232 kB)
[    0.000000]       .init : 0xc1200000 - 0xc1400000   (2048 kB)
[    0.000000]       .data : 0xc1400000 - 0xc15879b0   (1567 kB)
[    0.000000]        .bss : 0xc1590d04 - 0xc15f74d8   ( 410 kB)
[    0.000000] SLUB: HWalign=64, Order=0-3, MinObjects=0, CPUs=4, Nodes=1
[    0.000000] Hierarchical RCU implementation.
[    0.000000] 	RCU debugfs-based tracing is enabled.
[    0.000000] 	RCU restricting CPUs from NR_CPUS=16 to nr_cpu_ids=4.
[    0.000000] RCU: Adjusting geometry for rcu_fanout_leaf=16, nr_cpu_ids=4
[    0.000000] NR_IRQS:16 nr_irqs:16 16
[    0.000000] /interrupt-controller@60004000: 160 interrupts forwarded to /interrupt-controller@50041000
[    0.000000] Tegra clk 127: register failed with -17
[    0.000008] sched_clock: 32 bits at 1000kHz, resolution 1000ns, wraps every 2147483647500ns
[    0.000026] clocksource: timer_us: mask: 0xffffffff max_cycles: 0xffffffff, max_idle_ns: 1911260446275 ns
[    0.000042] Switching to timer-based delay loop, resolution 1000ns
[    0.004880] arch_timer: cp15 timer(s) running at 12.00MHz (virt).
[    0.004900] clocksource: arch_sys_counter: mask: 0xffffffffffffff max_cycles: 0x2c47f4ee7, max_idle_ns: 440795202497 ns
[    0.004919] sched_clock: 56 bits at 12MHz, resolution 83ns, wraps every 4398046511096ns
[    0.004933] Switching to timer-based delay loop, resolution 83ns
[    0.005329] Console: colour dummy device 80x30
[    0.005357] Calibrating delay loop (skipped), value calculated using timer frequency.. 24.00 BogoMIPS (lpj=120000)
[    0.005374] pid_max: default: 32768 minimum: 301
[    0.005466] Mount-cache hash table entries: 2048 (order: 1, 8192 bytes)
[    0.005478] Mountpoint-cache hash table entries: 2048 (order: 1, 8192 bytes)
[    0.005966] CPU: Testing write buffer coherency: ok
[    0.006210] /cpus/cpu@0 missing clock-frequency property
[    0.006252] /cpus/cpu@1 missing clock-frequency property
[    0.006293] /cpus/cpu@2 missing clock-frequency property
[    0.006337] /cpus/cpu@3 missing clock-frequency property
[    0.006351] CPU0: thread -1, cpu 0, socket 0, mpidr 80000000
[    0.006632] Setting up static identity map for 0x80300000 - 0x803000a0
[    0.010310] Tegra Revision: A01 SKU: 129 CPU Process: 1 SoC Process: 1
[    0.011033] EFI services will not be available.
[    0.011256] smp: Bringing up secondary CPUs ...
[    0.011850] CPU1: thread -1, cpu 1, socket 0, mpidr 80000001
[    0.015341] CPU2: thread -1, cpu 2, socket 0, mpidr 80000002
[    0.025353] CPU3: thread -1, cpu 3, socket 0, mpidr 80000003
[    0.034797] smp: Brought up 1 node, 4 CPUs
[    0.034818] SMP: Total of 4 processors activated (96.00 BogoMIPS).
[    0.034827] CPU: All CPU(s) started in SVC mode.
[    0.036309] devtmpfs: initialized
[    0.052960] VFP support v0.3: implementor 41 architecture 4 part 30 variant f rev 0
[    0.053360] clocksource: jiffies: mask: 0xffffffff max_cycles: 0xffffffff, max_idle_ns: 19112604462750000 ns
[    0.053379] futex hash table entries: 1024 (order: 4, 65536 bytes)
[    0.054881] pinctrl core: initialized pinctrl subsystem
[    0.056779] NET: Registered protocol family 16
[    0.058860] DMA: preallocated 256 KiB pool for atomic coherent allocations
[    0.061297] cpuidle: using governor menu
[    0.087845] No ATAGs?
[    0.087971] hw-breakpoint: found 5 (+1 reserved) breakpoint and 4 watchpoint registers.
[    0.087987] hw-breakpoint: maximum watchpoint size is 8 bytes.
[    0.095341] Serial: AMBA PL011 UART driver
[    0.111684] AT91: Could not find identification node
[    0.112240] +5V_SYS: supplied by +VDD_MUX
[    0.112523] +3.3V_SYS: supplied by +VDD_MUX
[    0.113143] +USB0_VBUS_SW: Failed to request enable GPIO108: -517
[    0.113160] reg-fixed-voltage regulators:regulator@7: Failed to register regulator: -517
[    0.113259] +5V_USB_HS: Failed to request enable GPIO109: -517
[    0.113274] reg-fixed-voltage regulators:regulator@8: Failed to register regulator: -517
[    0.113460] +1.05V_RUN_AVDD_HDMI_PLL: Failed to request enable GPIO63: -517
[    0.113474] reg-fixed-voltage regulators:regulator@11: Failed to register regulator: -517
[    0.113572] +5V_HDMI_CON: Failed to request enable GPIO86: -517
[    0.113586] reg-fixed-voltage regulators:regulator@12: Failed to register regulator: -517
[    0.113683] +5V_SATA: Failed to request enable GPIO242: -517
[    0.113696] reg-fixed-voltage regulators:regulator@13: Failed to register regulator: -517
[    0.113793] +12V_SATA: Failed to request enable GPIO242: -517
[    0.113806] reg-fixed-voltage regulators:regulator@14: Failed to register regulator: -517
[    0.116789] vgaarb: loaded
[    0.117565] SCSI subsystem initialized
[    0.117730] libata version 3.00 loaded.
[    0.117972] usbcore: registered new interface driver usbfs
[    0.118031] usbcore: registered new interface driver hub
[    0.118102] usbcore: registered new device driver usb
[    0.121583] pps_core: LinuxPPS API ver. 1 registered
[    0.121594] pps_core: Software ver. 5.3.6 - Copyright 2005-2007 Rodolfo Giometti <giometti@linux.it>
[    0.121617] PTP clock support registered
[    0.121809] EDAC MC: Ver: 3.0.0
[    0.124693] clocksource: Switched to clocksource arch_sys_counter
[    0.180083] NET: Registered protocol family 2
[    0.180602] TCP established hash table entries: 8192 (order: 3, 32768 bytes)
[    0.180703] TCP bind hash table entries: 8192 (order: 4, 65536 bytes)
[    0.180891] TCP: Hash tables configured (established 8192 bind 8192)
[    0.180973] UDP hash table entries: 512 (order: 2, 16384 bytes)
[    0.181017] UDP-Lite hash table entries: 512 (order: 2, 16384 bytes)
[    0.181165] NET: Registered protocol family 1
[    0.181480] RPC: Registered named UNIX socket transport module.
[    0.181491] RPC: Registered udp transport module.
[    0.181500] RPC: Registered tcp transport module.
[    0.181508] RPC: Registered tcp NFSv4.1 backchannel transport module.
[    0.181521] PCI: CLS 0 bytes, default 64
[    0.182947] hw perfevents: enabled with armv7_cortex_a15 PMU driver, 7 counters available
[    0.184778] workingset: timestamp_bits=30 max_order=19 bucket_order=0
[    0.193150] squashfs: version 4.0 (2009/01/31) Phillip Lougher
[    0.193850] NFS: Registering the id_resolver key type
[    0.193878] Key type id_resolver registered
[    0.193887] Key type id_legacy registered
[    0.193927] ntfs: driver 2.1.32 [Flags: R/O].
[    0.195622] bounce: pool size: 64 pages
[    0.195663] Block layer SCSI generic (bsg) driver version 0.4 loaded (major 248)
[    0.195675] io scheduler noop registered
[    0.195685] io scheduler deadline registered
[    0.195715] io scheduler cfq registered (default)
[    0.195725] io scheduler mq-deadline registered
[    0.195734] io scheduler kyber registered
[    0.201244]  usb2-0: usb2-0 supply vbus not found, using dummy regulator
[    0.201371]  usb2-1: usb2-1 supply vbus not found, using dummy regulator
[    0.201837] tegra-xusb-padctl 7009f000.padctl: failed to setup XUSB ports: -517
[    0.217988] tegra-pcie 1003000.pcie-controller: 2x1, 1x1 configuration
[    0.218042] tegra-pcie 1003000.pcie-controller: Failed to get supply 'avddio-pex': -517
[    0.224307] tegra124-dfll 70110000.clock: couldn't get vdd_cpu regulator
[    0.229176] tegra_dma_runtime_resume-1507
[    0.232199] tegra-apbdma 60020000.dma: Tegra20 APB DMA driver register 32 channels
[    0.235018] tegra-pmc 7000e400.pmc: emergency thermal reset enabled
[    0.288906] Serial: 8250/16550 driver, 4 ports, IRQ sharing disabled
[    0.291478] console [ttyS0] disabled
[    0.291519] 70006300.serial: ttyS0 at MMIO 0x70006300 (irq = 335, base_baud = 25500000) is a Tegra
[    1.186007] console [ttyS0] enabled
[    1.190320] SuperH (H)SCI(F) driver initialized
[    1.195862] msm_serial: driver initialized
[    1.200143] STMicroelectronics ASC driver initialized
[    1.206069] 70006000.serial: ttyTHS1 at MMIO 0x70006000 (irq = 333, base_baud = 0) is a TEGRA_UART
[    1.215342] 70006040.serial: ttyTHS2 at MMIO 0x70006040 (irq = 334, base_baud = 0) is a TEGRA_UART
[    1.229444] tegra-hdmi 54280000.hdmi: failed to get HDMI regulator
[    1.248814] brd: module loaded
[    1.258865] loop: module loaded
[    1.263194] at24 0-0056: 256 byte 24c02 EEPROM, writable, 8 bytes/write
[    1.271555] as3722 4-0040: AS3722 with revision 0x1 found
[    1.283383] as3722-sd2: supplied by +5V_SYS
[    1.288015] as3722-sd3: supplied by +5V_SYS
[    1.292408] +1.35V_LP0(sd3): Bringing 0uV into 1350000-1350000uV
[    1.298821] as3722-sd4: supplied by +5V_SYS
[    1.303427] as3722-sd5: supplied by +5V_SYS
[    1.309474] as3722-ldo0: supplied by +1.35V_LP0(sd2)
[    1.315543] +1.8V_RUN_CAM: Bringing 0uV into 1800000-1800000uV
[    1.321742] as3722-ldo2: supplied by +1.8V_VDDIO
[    1.327646] as3722-ldo3: supplied by +3.3V_SYS
[    1.332123] +1.05V_LP0_VDD_RTC: Bringing 1100000uV into 1000000-1000000uV
[    1.339891] as3722-ldo4: supplied by +3.3V_SYS
[    1.344543] +2.8V_RUN_CAM: Bringing 0uV into 2800000-2800000uV
[    1.350754] as3722-ldo5: supplied by +1.8V_VDDIO
[    1.355615] +1.2V_RUN_CAM_FRONT: Bringing 0uV into 1200000-1200000uV
[    1.362507] +VDDIO_SDMMC3: bypassed regulator has no supply!
[    1.368180] +VDDIO_SDMMC3: failed to get the current voltage(-517)
[    1.374357] as3722-regulator as3722-regulator: regulator 13 register failed -517
[    1.387451] tegra-ahci 70027000.sata: couldn't get PHY in node sata: -517
[    1.399076] spi-tegra114 7000d400.spi: Dma channel is not available: -19
[    1.406039] spi-tegra114 7000da00.spi: Dma channel is not available: -19
[    1.414570] libphy: Fixed MDIO Bus: probed
[    1.419813] CAN device driver interface
[    1.424562] bgmac_bcma: Broadcom 47xx GBit MAC driver loaded
[    1.431612] e1000e: Intel(R) PRO/1000 Network Driver - 3.2.6-k
[    1.437452] e1000e: Copyright(c) 1999 - 2015 Intel Corporation.
[    1.443416] igb: Intel(R) Gigabit Ethernet Network Driver - version 5.4.0-k
[    1.450380] igb: Copyright (c) 2007-2014 Intel Corporation.
[    1.459594] pegasus: v0.9.3 (2013/04/25), Pegasus/Pegasus II USB Ethernet driver
[    1.467043] usbcore: registered new interface driver pegasus
[    1.472740] usbcore: registered new interface driver asix
[    1.478185] usbcore: registered new interface driver ax88179_178a
[    1.484302] usbcore: registered new interface driver cdc_ether
[    1.490192] usbcore: registered new interface driver smsc75xx
[    1.496001] usbcore: registered new interface driver smsc95xx
[    1.501771] usbcore: registered new interface driver net1080
[    1.507474] usbcore: registered new interface driver cdc_subset
[    1.513417] usbcore: registered new interface driver zaurus
[    1.519051] usbcore: registered new interface driver cdc_ncm
[    1.524943] tegra-phy 7d004000.usb-phy: no vbus regulator
[    1.532365] ehci_hcd: USB 2.0 'Enhanced' Host Controller (EHCI) Driver
[    1.538904] ehci-pci: EHCI PCI platform driver
[    1.543380] ehci-platform: EHCI generic platform driver
[    1.548825] ehci-orion: EHCI orion driver
[    1.552993] SPEAr-ehci: EHCI SPEAr driver
[    1.557161] ehci-st: EHCI STMicroelectronics driver
[    1.562172] ehci-exynos: EHCI EXYNOS driver
[    1.566528] ehci-atmel: EHCI Atmel driver
[    1.570670] tegra-ehci: Tegra EHCI driver
[    1.577524] tegra-ehci 7d004000.usb: EHCI Host Controller
[    1.582938] tegra-ehci 7d004000.usb: new USB bus registered, assigned bus number 1
[    1.590891] tegra-ehci 7d004000.usb: irq 354, io mem 0x7d004000
[    1.624719] tegra-ehci 7d004000.usb: USB 2.0 started, EHCI 1.10
[    1.631384] hub 1-0:1.0: USB hub found
[    1.635188] hub 1-0:1.0: 1 port detected
[    1.639662] ohci_hcd: USB 1.1 'Open' Host Controller (OHCI) Driver
[    1.645862] ohci-pci: OHCI PCI platform driver
[    1.650343] ohci-platform: OHCI generic platform driver
[    1.655752] ohci-omap3: OHCI OMAP3 driver
[    1.659899] SPEAr-ohci: OHCI SPEAr driver
[    1.664046] ohci-st: OHCI STMicroelectronics driver
[    1.669076] ohci-atmel: OHCI Atmel driver
[    1.673861] usbcore: registered new interface driver usb-storage
[    1.684325] as3722-rtc as3722-rtc: rtc core: registered as3722-rtc as rtc0
[    1.691219] as3722-rtc as3722-rtc: RTC interrupt 377
[    1.699477] tegra_rtc 7000e000.rtc: rtc core: registered 7000e000.rtc as rtc1
[    1.706663] tegra_rtc 7000e000.rtc: Tegra internal Real Time Clock
[    1.713373] i2c /dev entries driver
[    1.723612] lm90 0-004c: 0-004c supply vcc not found, using dummy regulator
[    1.740810] sdhci: Secure Digital Host Controller Interface driver
[    1.747010] sdhci: Copyright(c) Pierre Ossman
[    1.752966] Synopsys Designware Multimedia Card Interface Driver
[    1.760304] sdhci-pltfm: SDHCI platform and OF driver helper
[    1.766756] sdhci-tegra 700b0400.sdhci: Got CD GPIO
[    1.771643] sdhci-tegra 700b0400.sdhci: Got WP GPIO
[    1.792910] mmc0: Unknown controller version (3). You may experience problems.
[    1.800183] mmc0: Invalid maximum block size, assuming 512 bytes
[    1.864717] mmc0: SDHCI controller on 700b0600.sdhci [700b0600.sdhci] using ADMA
[    1.874047] ledtrig-cpu: registered to indicate activity on CPUs
[    1.880439] usbcore: registered new interface driver usbhid
[    1.886025] usbhid: USB HID core driver
[    1.893795] NET: Registered protocol family 10
[    1.899157] Segment Routing with IPv6
[    1.902870] sit: IPv6, IPv4 and MPLS over IPv4 tunneling driver
[    1.909405] NET: Registered protocol family 17
[    1.913850] can: controller area network core (rev 20170425 abi 9)
[    1.920096] NET: Registered protocol family 29
[    1.924535] can: raw protocol (rev 20170425)
[    1.928819] can: broadcast manager protocol (rev 20170425 t)
[    1.934476] can: netlink gateway (rev 20170425) max_hops=1
[    1.940288] Key type dns_resolver registered
[    1.945182] ThumbEE CPU extension supported.
[    1.949453] Registering SWP/SWPB emulation handler
[    1.968227] +3.3V_RUN: supplied by +3.3V_SYS
[    1.973708] +USB0_VBUS_SW: supplied by +5V_SYS
[    1.978435] +3.3V_AVDD_HDMI_AP_GATED: supplied by +3.3V_RUN
[    1.984355] +5V_USB_HS: supplied by +5V_SYS
[    1.990196] +3.3V_LP0: supplied by +3.3V_SYS
[    1.996475] +5V_HDMI_CON: supplied by +5V_SYS
[    2.001497] +5V_SATA: supplied by +5V_SYS
[    2.006058] +12V_SATA: supplied by +VDD_MUX
[    2.012020]  usb2-0: usb2-0 supply vbus not found, using dummy regulator
[    2.012197] mmc0: new high speed MMC card at address 0001
[    2.019769] mmcblk0: mmc0:0001 SEM16G 14.7 GiB 
[    2.020135] mmcblk0boot0: mmc0:0001 SEM16G partition 1 4.00 MiB
[    2.020942] mmcblk0boot1: mmc0:0001 SEM16G partition 2 4.00 MiB
[    2.022101] mmcblk0rpmb: mmc0:0001 SEM16G partition 3 4.00 MiB
[    2.043319]  mmcblk0: p1
[    2.049098]  usb2-1: usb2-1 supply vbus not found, using dummy regulator
[    2.056225]  usb3-0: usb3-0 supply vbus not found, using dummy regulator
[    2.064126] tegra-pcie 1003000.pcie-controller: 2x1, 1x1 configuration
[    2.070790] tegra-pcie 1003000.pcie-controller: Failed to get supply 'avddio-pex': -517
[    2.081893] tegra124-dfll 70110000.clock: couldn't get vdd_cpu regulator
[    2.093171] tegra-hdmi 54280000.hdmi: failed to get PLL regulator
[    2.103940] as3722-sd2: supplied by +5V_SYS
[    2.108504] as3722-sd3: supplied by +5V_SYS
[    2.112944] as3722-sd4: supplied by +5V_SYS
[    2.117501] as3722-sd5: supplied by +5V_SYS
[    2.123416] as3722-ldo0: supplied by +1.35V_LP0(sd2)
[    2.129241] as3722-ldo1: supplied by +3.3V_RUN
[    2.134002] as3722-ldo2: supplied by +1.8V_VDDIO
[    2.139706] as3722-ldo3: supplied by +3.3V_SYS
[    2.145070] as3722-ldo4: supplied by +3.3V_SYS
[    2.149809] as3722-ldo5: supplied by +1.8V_VDDIO
[    2.154726] as3722-ldo6: supplied by +3.3V_RUN
[    2.159411] as3722-ldo7: supplied by +1.8V_VDDIO
[    2.164748] +1.05V_RUN_CAM_REAR: Bringing 0uV into 1050000-1050000uV
[    2.171830] as3722-ldo9: supplied by +5V_SYS
[    2.177523] +3.3V_RUN_TOUCH: Bringing 0uV into 2800000-2800000uV
[    2.184052] as3722-ldo10: supplied by +5V_SYS
[    2.188919] random: fast init done
[    2.189020] +2.8V_RUN_CAM_AF: Bringing 0uV into 2800000-2800000uV
[    2.198886] as3722-ldo11: supplied by +3.3V_RUN
[    2.204186] +1.8V_RUN_VPP_FUSE: Bringing 0uV into 1800000-1800000uV
[    2.214115] tegra-ahci 70027000.sata: AHCI 0001.0301 32 slots 2 ports 3 Gbps 0x1 impl platform mode
[    2.223190] tegra-ahci 70027000.sata: flags: 64bit ncq sntf pm led pio slum part sadm sds apst 
[    2.233635] scsi host0: tegra-ahci
[    2.238305] scsi host1: tegra-ahci
[    2.241987] ata1: SATA max UDMA/133 mmio [mem 0x70027000-0x70028fff] port 0x100 irq 345
[    2.250026] ata2: DUMMY
[    2.255598] tegra-ehci 7d008000.usb: EHCI Host Controller
[    2.261032] tegra-ehci 7d008000.usb: new USB bus registered, assigned bus number 2
[    2.268814] tegra-ehci 7d008000.usb: irq 355, io mem 0x7d008000
[    2.304814] tegra-ehci 7d008000.usb: USB 2.0 started, EHCI 1.10
[    2.311832] hub 2-0:1.0: USB hub found
[    2.315685] hub 2-0:1.0: 1 port detected
[    2.322002] sdhci-tegra 700b0400.sdhci: Got CD GPIO
[    2.326956] sdhci-tegra 700b0400.sdhci: Got WP GPIO
[    2.338914] mmc1: Unknown controller version (3). You may experience problems.
[    2.346251] mmc1: Invalid maximum block size, assuming 512 bytes
[    2.415245] mmc1: SDHCI controller on 700b0400.sdhci [700b0400.sdhci] using ADMA
[    2.423334] tegra-pcie 1003000.pcie-controller: 2x1, 1x1 configuration
[    2.431986] tegra-pcie 1003000.pcie-controller: probing port 0, using 2 lanes
[    2.442665] tegra-pcie 1003000.pcie-controller: Slot present pin change, signature: 00000008
[    2.465508] tegra-pcie 1003000.pcie-controller: probing port 1, using 1 lanes
[    2.474779] tegra-pcie 1003000.pcie-controller: Slot present pin change, signature: 00000000
[    2.489130] tegra-pcie 1003000.pcie-controller: PCI host bridge to bus 0000:00
[    2.496407] pci_bus 0000:00: root bus resource [io  0x0000-0xffff]
[    2.502594] pci_bus 0000:00: root bus resource [mem 0x13000000-0x1fffffff]
[    2.509503] pci_bus 0000:00: root bus resource [mem 0x20000000-0x3fffffff pref]
[    2.516861] pci_bus 0000:00: root bus resource [bus 00-ff]
[    2.522389] pci 0000:00:01.0: [10de:0e12] type 01 class 0x060400
[    2.528493] pci_bus 0000:00: 2-byte config write to 0000:00:01.0 offset 0x88 may corrupt adjacent RW1C bits
[    2.538299] pci_bus 0000:00: 2-byte config write to 0000:00:01.0 offset 0x52 may corrupt adjacent RW1C bits
[    2.548123] pci 0000:00:01.0: PME# supported from D0 D1 D2 D3hot D3cold
[    2.554788] pci_bus 0000:00: 2-byte config write to 0000:00:01.0 offset 0x4c may corrupt adjacent RW1C bits
[    2.564857] pci 0000:00:02.0: [10de:0e13] type 01 class 0x060400
[    2.570917] pci_bus 0000:00: 2-byte config write to 0000:00:02.0 offset 0x88 may corrupt adjacent RW1C bits
[    2.580722] pci_bus 0000:00: 2-byte config write to 0000:00:02.0 offset 0x52 may corrupt adjacent RW1C bits
[    2.586342] ata1: SATA link down (SStatus 0 SControl 300)
[    2.595927] pci 0000:00:02.0: PME# supported from D0 D1 D2 D3hot D3cold
[    2.602540] pci_bus 0000:00: 2-byte config write to 0000:00:02.0 offset 0x4c may corrupt adjacent RW1C bits
[    2.612575] pci_bus 0000:00: 2-byte config write to 0000:00:01.0 offset 0x3e may corrupt adjacent RW1C bits
[    2.622360] pci_bus 0000:00: 2-byte config write to 0000:00:02.0 offset 0x3e may corrupt adjacent RW1C bits
[    2.632139] pci_bus 0000:00: 2-byte config write to 0000:00:01.0 offset 0x4 may corrupt adjacent RW1C bits
[    2.641798] pci_bus 0000:00: 1-byte config write to 0000:00:01.0 offset 0xc may corrupt adjacent RW1C bits
[    2.651460] PCI: bus0: Fast back to back transfers disabled
[    2.657077] pci 0000:00:01.0: bridge configuration invalid ([bus 00-00]), reconfiguring
[    2.665099] pci 0000:00:02.0: bridge configuration invalid ([bus 00-00]), reconfiguring
[    2.673328] pci 0000:01:00.0: [8086:4232] type 00 class 0x028000
[    2.679406] pci 0000:01:00.0: reg 0x10: [mem 0x00000000-0x00001fff 64bit]
[    2.686434] pci 0000:01:00.0: PME# supported from D0 D3hot D3cold
[    2.707611] mmc1: new high speed SDHC card at address aaaa
[    2.713902] mmcblk1: mmc1:aaaa SD04G 3.69 GiB 
[    2.718752] PCI: bus1: Fast back to back transfers disabled
[    2.724350] pci_bus 0000:01: busn_res: [bus 01-ff] end is updated to 01
[    2.731214] pci 0000:02:00.0: [10ec:8168] type 00 class 0x020000
[    2.737270] pci 0000:02:00.0: reg 0x10: [io  0x0000-0x00ff]
[    2.742868] pci 0000:02:00.0: reg 0x18: [mem 0x00000000-0x00000fff 64bit]
[    2.749685] pci 0000:02:00.0: reg 0x20: [mem 0x00000000-0x00003fff 64bit pref]
[    2.757059] pci 0000:02:00.0: supports D1 D2
[    2.761326] pci 0000:02:00.0: PME# supported from D0 D1 D2 D3hot D3cold
[    2.781442]  mmcblk1: p1 p2 p3
[    2.794853] PCI: bus2: Fast back to back transfers disabled
[    2.800432] pci_bus 0000:02: busn_res: [bus 02-ff] end is updated to 02
[    2.807276] pci 0000:00:01.0: BAR 8: assigned [mem 0x13000000-0x130fffff]
[    2.814068] pci 0000:00:02.0: BAR 8: assigned [mem 0x13100000-0x131fffff]
[    2.820904] pci 0000:00:02.0: BAR 9: assigned [mem 0x20000000-0x200fffff 64bit pref]
[    2.828683] pci 0000:00:02.0: BAR 7: assigned [io  0x1000-0x1fff]
[    2.834799] pci 0000:01:00.0: BAR 0: assigned [mem 0x13000000-0x13001fff 64bit]
[    2.842128] pci 0000:00:01.0: PCI bridge to [bus 01]
[    2.847132] pci 0000:00:01.0:   bridge window [mem 0x13000000-0x130fffff]
[    2.853932] pci 0000:02:00.0: BAR 4: assigned [mem 0x20000000-0x20003fff 64bit pref]
[    2.861707] pci 0000:02:00.0: BAR 2: assigned [mem 0x13100000-0x13100fff 64bit]
[    2.869071] pci 0000:02:00.0: BAR 0: assigned [io  0x1000-0x10ff]
[    2.875186] pci 0000:00:02.0: PCI bridge to [bus 02]
[    2.880148] pci 0000:00:02.0:   bridge window [io  0x1000-0x1fff]
[    2.886279] pci 0000:00:02.0:   bridge window [mem 0x13100000-0x131fffff]
[    2.893063] pci 0000:00:02.0:   bridge window [mem 0x20000000-0x200fffff 64bit pref]
[    2.900849] pci 0000:00:01.0: nv_msi_ht_cap_quirk didn't locate host bridge
[    2.907949] pcieport 0000:00:01.0: enabling device (0140 -> 0142)
[    2.914281] pcieport 0000:00:01.0: Signaling PME with IRQ 393
[    2.920144] pci 0000:00:02.0: nv_msi_ht_cap_quirk didn't locate host bridge
[    2.927240] pcieport 0000:00:02.0: enabling device (0140 -> 0143)
[    2.933559] pcieport 0000:00:02.0: Signaling PME with IRQ 394
[    2.939604] r8169 Gigabit Ethernet driver 2.3LK-NAPI loaded
[    2.945237] r8169 0000:02:00.0: enabling device (0140 -> 0143)
[    2.976378] r8169 0000:02:00.0 eth0: RTL8168g/8111g at 0xf0b5e000, 00:04:4b:3a:d9:81, XID 0c000800 IRQ 395
[    2.986069] r8169 0000:02:00.0 eth0: jumbo features [frames: 9200 bytes, tx checksumming: ko]
[    2.998861] +1.05V_RUN_AVDD_HDMI_PLL: supplied by +1.05V_RUN
[    3.006856] of: dev_pm_opp_of_cpumask_add_table: couldn't find opp table for cpu:0, -19
[    3.014949] cpufreq: cpufreq_online: CPU0: Running at unlisted freq: 696000 KHz
[    3.022264] cpufreq: cpufreq_online: CPU0: Unlisted initial frequency changed to: 714000 KHz
[    3.031452] input: gpio-keys as /devices/soc0/gpio-keys/input/input0
[    3.038865] as3722-rtc as3722-rtc: setting system clock to 2000-01-01 00:00:43 UTC (946684843)
[    3.047857] +3.3V_AVDD_HDMI_AP_GATED: disabling
[    3.052379] +USB0_VBUS_SW: disabling
[    3.055983] +1.05V_RUN_AVDD_HDMI_PLL: disabling
[    3.060510] +5V_HDMI_CON: disabling
[    3.063998] +1.8V_RUN_CAM: disabling
[    3.067857] +2.8V_RUN_CAM: disabling
[    3.071656] +1.2V_RUN_CAM_FRONT: disabling
[    3.076067] +1.05V_RUN_CAM_REAR: disabling
[    3.080324] +3.3V_RUN_TOUCH: disabling
[    3.084232] +2.8V_RUN_CAM_AF: disabling
[    3.088318] +1.8V_RUN_VPP_FUSE: disabling
[    3.093419] EXT4-fs (mmcblk0p1): mounting ext3 file system using the ext4 subsystem
[    3.115227] EXT4-fs (mmcblk0p1): recovery complete
[    3.120016] EXT4-fs (mmcblk0p1): mounted filesystem with ordered data mode. Opts: (null)
[    3.128151] VFS: Mounted root (ext3 filesystem) on device 179:1.
[    3.138234] devtmpfs: mounted
[    3.142057] Freeing unused kernel memory: 2048K
bash: cannot set terminal process group (-1): Inappropriate ioctl for device
bash: no job control in this shell
root@(none):/# mount -t sysfs none /sys
root@(none):/# 
root@(none):/# mount -t debugfs none /sys/kernel/debug
root@(none):/# 
root@(none):/# rtcwake -d rtc1 -m mem -s 3
rtcwake: assuming RTC uses UTC ...
rtcwake: wakeup from "mem" using /dev/rtc1 at Thu Jan  1 00:00:20 1970
[    6.404114] PM: Syncing filesystems ... done.
[    6.413536] Freezing user space processes ... (elapsed 0.001 seconds) done.
[    6.422258] OOM killer disabled.
[    6.425573] Freezing remaining freezable tasks ... (elapsed 0.001 seconds) done.
[    6.434929] Suspending console(s) (use no_console_suspend to debug)
[    6.557681] tegra_dma_pm_suspend-1523
[    6.557705] tegra_dma_runtime_resume-1507
[    6.557745] tegra_dma_pm_suspend-1551
[    6.558169] PM: suspend of devices complete after 113.514 msecs
[    6.566614] PM: late suspend of devices complete after 8.405 msecs
[    6.600272] PM: noirq suspend of devices complete after 33.626 msecs
[    6.600287] Disabling non-boot CPUs ...
[    6.602134] IRQ357 no longer affine to CPU1
[    6.691294] IRQ358 no longer affine to CPU2
[    6.768927] IRQ17 no longer affine to CPU3
[    6.769473] IRQ359 no longer affine to CPU3
[    6.826519] Entering suspend state LP1
[    6.826519] Suspended for 3.178 seconds
[    6.826531] Enabling non-boot CPUs ...
[    6.856420] CPU1 is up
[    6.896530] CPU2 is up
[    6.936815] CPU3 is up
[    6.937439] pcieport 0000:00:01.0: nv_msi_ht_cap_quirk didn't locate host bridge
[    6.937505] pcieport 0000:00:02.0: nv_msi_ht_cap_quirk didn't locate host bridge
[    6.964778] PM: noirq resume of devices complete after 27.957 msecs
[    6.965836] PM: early resume of devices complete after 0.742 msecs
[    6.994947] PM: resume of devices complete after 29.103 msecs
[    7.097177] OOM killer enabled.
[    7.100306] Restarting tasks ... done.
root@(none):/# 
root@(none):/# [    7.297198] ata1: SATA link down (SStatus 0 SControl 300)
rtcwake -d rtc1 -m mem -s 3
rtcwake: assuming RTC uses UTC ...
rtcwake: wakeup from "mem" using /dev/rtc1 at Thu Jan  1 00:00:25 1970
[    8.284480] PM: Syncing filesystems ... done.
[    8.292306] Freezing user space processes ... (elapsed 0.001 seconds) done.
[    8.300909] OOM killer disabled.
[    8.304144] Freezing remaining freezable tasks ... (elapsed 0.001 seconds) done.
[    8.313225] Suspending console(s) (use no_console_suspend to debug)
[    8.322295] pci_generic_config_write32: 118 callbacks suppressed
[    8.322307] pci_bus 0000:00: 2-byte config write to 0000:00:02.0 offset 0x9c may corrupt adjacent RW1C bits
[    8.322338] pci_bus 0000:00: 2-byte config write to 0000:00:01.0 offset 0x9c may corrupt adjacent RW1C bits
[    8.426657] tegra_dma_pm_suspend-1523
[    8.426668] tegra_dma_runtime_resume-1507
[    8.426687] tegra_dma_pm_suspend-1551
[    8.426910] PM: suspend of devices complete after 104.947 msecs
[    8.431947] PM: late suspend of devices complete after 5.018 msecs
[    8.432666] pci_bus 0000:02: 2-byte config write to 0000:02:00.0 offset 0x44 may corrupt adjacent RW1C bits
[    8.432696] pci_bus 0000:02: 2-byte config write to 0000:02:00.0 offset 0x44 may corrupt adjacent RW1C bits
[    8.456869] PM: noirq suspend of devices complete after 24.907 msecs
[    8.456875] Disabling non-boot CPUs ...
[    8.457463] IRQ17 no longer affine to CPU1
[    8.457671] IRQ357 no longer affine to CPU1
[    8.511120] IRQ358 no longer affine to CPU2
[    8.570672] IRQ359 no longer affine to CPU3
[    8.619221] Entering suspend state LP1
[    8.619221] Suspended for 3.207 seconds
[    8.619234] Enabling non-boot CPUs ...
[    8.646585] CPU1 is up
[    8.686496] CPU2 is up
[    8.726784] CPU3 is up
[    8.727394] pci_bus 0000:00: 2-byte config write to 0000:00:01.0 offset 0x4c may corrupt adjacent RW1C bits
[    8.727403] pci_bus 0000:00: 2-byte config write to 0000:00:02.0 offset 0x4c may corrupt adjacent RW1C bits
[    8.727415] pci_bus 0000:00: 2-byte config write to 0000:00:01.0 offset 0x88 may corrupt adjacent RW1C bits
[    8.727421] pci_bus 0000:00: 2-byte config write to 0000:00:02.0 offset 0x88 may corrupt adjacent RW1C bits
[    8.727427] pci_bus 0000:00: 2-byte config write to 0000:00:01.0 offset 0x90 may corrupt adjacent RW1C bits
[    8.727433] pci_bus 0000:00: 2-byte config write to 0000:00:02.0 offset 0x90 may corrupt adjacent RW1C bits
[    8.727539] pcieport 0000:00:01.0: nv_msi_ht_cap_quirk didn't locate host bridge
[    8.727541] pcieport 0000:00:02.0: nv_msi_ht_cap_quirk didn't locate host bridge
[    8.754749] PM: noirq resume of devices complete after 27.958 msecs
[    8.756731] PM: early resume of devices complete after 1.648 msecs
[    8.784992] PM: resume of devices complete after 28.250 msecs
[    8.990437] OOM killer enabled.
[    8.993568] Restarting tasks ... done.
root@(none):/# 
root@(none):/# [    9.089637] ata1: SATA link down (SStatus 0 SControl 300)
rtcwake -d rtc1 -m mem -s 3
rtcwake: assuming RTC uses UTC ...
rtcwake: wakeup from "mem" using /dev/rtc1 at Thu Jan  1 00:00:30 1970
[   10.081433] PM: Syncing filesystems ... done.
[   10.089362] Freezing user space processes ... (elapsed 0.001 seconds) done.
[   10.097954] OOM killer disabled.
[   10.101196] Freezing remaining freezable tasks ... (elapsed 0.001 seconds) done.
[   10.110381] Suspending console(s) (use no_console_suspend to debug)
[   10.227767] tegra_dma_pm_suspend-1523
[   10.227791] tegra_dma_runtime_resume-1507
[   10.227830] tegra_dma_pm_suspend-1551
[   10.228255] PM: suspend of devices complete after 109.176 msecs
[   10.238999] PM: late suspend of devices complete after 10.704 msecs
[   10.269977] PM: noirq suspend of devices complete after 30.945 msecs
[   10.269992] Disabling non-boot CPUs ...
[   10.271879] IRQ357 no longer affine to CPU1
[   10.340114] IRQ358 no longer affine to CPU2
[   10.485918] Entering suspend state LP1
[   10.485918] Suspended for 3.133 seconds
[   10.485929] Enabling non-boot CPUs ...
[   10.506515] CPU1 is up
[   10.546419] CPU2 is up
[   10.586696] CPU3 is up
[   10.587368] pcieport 0000:00:02.0: nv_msi_ht_cap_quirk didn't locate host bridge
[   10.587370] pcieport 0000:00:01.0: nv_msi_ht_cap_quirk didn't locate host bridge
[   10.614705] PM: noirq resume of devices complete after 28.003 msecs
[   10.616692] PM: early resume of devices complete after 1.652 msecs
[   10.644880] PM: resume of devices complete after 28.178 msecs
[   10.738881] OOM killer enabled.
[   10.742009] Restarting tasks ... done.
root@(none):/# 
root@(none):/# [   10.947205] ata1: SATA link down (SStatus 0 SControl 300)
rtcwake -d rtc1 -m mem -s 3
rtcwake: assuming RTC uses UTC ...
rtcwake: wakeup from "mem" using /dev/rtc1 at Thu Jan  1 00:00:35 1970
[   11.940744] PM: Syncing filesystems ... done.
[   11.946773] Freezing user space processes ... (elapsed 0.001 seconds) done.
[   11.955352] OOM killer disabled.
[   11.958590] Freezing remaining freezable tasks ... (elapsed 0.001 seconds) done.
[   11.967712] Suspending console(s) (use no_console_suspend to debug)
[   12.087685] tegra_dma_pm_suspend-1523
[   12.087709] tegra_dma_runtime_resume-1507
[   12.087749] tegra_dma_pm_suspend-1551
[   12.088174] PM: suspend of devices complete after 111.765 msecs
[   12.096648] PM: late suspend of devices complete after 8.436 msecs
[   12.130002] PM: noirq suspend of devices complete after 33.322 msecs
[   12.130017] Disabling non-boot CPUs ...
[   12.131379] migrate_irqs: 1 callbacks suppressed
[   12.131397] IRQ17 no longer affine to CPU1
[   12.131905] IRQ357 no longer affine to CPU1
[   12.200057] IRQ358 no longer affine to CPU2
[   12.277687] IRQ359 no longer affine to CPU3
[   12.314931] Entering suspend state LP1
[   12.314931] Suspended for 3.170 seconds
[   12.314943] Enabling non-boot CPUs ...
[   12.336757] CPU1 is up
[   12.376414] CPU2 is up
[   12.416707] CPU3 is up
[   12.417411] pcieport 0000:00:02.0: nv_msi_ht_cap_quirk didn't locate host bridge
[   12.417413] pcieport 0000:00:01.0: nv_msi_ht_cap_quirk didn't locate host bridge
[   12.444676] PM: noirq resume of devices complete after 27.963 msecs
[   12.446510] PM: early resume of devices complete after 1.517 msecs
[   12.484863] PM: resume of devices complete after 38.342 msecs
[   12.591643] OOM killer enabled.
[   12.594775] Restarting tasks ... done.
root@(none):/# 
root@(none):/# [   12.777176] ata1: SATA link down (SStatus 0 SControl 300)
rtcwake -d rtc1 -m mem -s 3
rtcwake: assuming RTC uses UTC ...
rtcwake: wakeup from "mem" using /dev/rtc1 at Thu Jan  1 00:00:40 1970
[   13.777529] PM: Syncing filesystems ... done.
[   13.785183] Freezing user space processes ... (elapsed 0.001 seconds) done.
[   13.793730] OOM killer disabled.
[   13.797020] Freezing remaining freezable tasks ... (elapsed 0.001 seconds) done.
[   13.806149] Suspending console(s) (use no_console_suspend to debug)
[   13.815247] pci_generic_config_write32: 116 callbacks suppressed
[   13.815277] pci_bus 0000:00: 2-byte config write to 0000:00:02.0 offset 0x9c may corrupt adjacent RW1C bits
[   13.815317] pci_bus 0000:00: 2-byte config write to 0000:00:01.0 offset 0x9c may corrupt adjacent RW1C bits
[   13.927511] tegra_dma_pm_suspend-1523
[   13.927534] tegra_dma_runtime_resume-1507
[   13.927574] tegra_dma_pm_suspend-1551
[   13.927999] PM: suspend of devices complete after 113.149 msecs
[   13.936147] PM: late suspend of devices complete after 8.110 msecs
[   13.937520] pci_bus 0000:02: 2-byte config write to 0000:02:00.0 offset 0x44 may corrupt adjacent RW1C bits
[   13.937585] pci_bus 0000:02: 2-byte config write to 0000:02:00.0 offset 0x44 may corrupt adjacent RW1C bits
[   13.970281] PM: noirq suspend of devices complete after 34.104 msecs
[   13.970296] Disabling non-boot CPUs ...
[   13.971689] IRQ17 no longer affine to CPU1
[   13.972197] IRQ357 no longer affine to CPU1
[   14.040131] IRQ358 no longer affine to CPU2
[   14.118327] IRQ359 no longer affine to CPU3
[   14.185862] Entering suspend state LP1
[   14.185862] Suspended for 3.128 seconds
[   14.185874] Enabling non-boot CPUs ...
[   14.216303] CPU1 is up
[   14.256405] CPU2 is up
[   14.296677] CPU3 is up
[   14.297241] pci_bus 0000:00: 2-byte config write to 0000:00:01.0 offset 0x4c may corrupt adjacent RW1C bits
[   14.297252] pci_bus 0000:00: 2-byte config write to 0000:00:02.0 offset 0x4c may corrupt adjacent RW1C bits
[   14.297262] pci_bus 0000:00: 2-byte config write to 0000:00:01.0 offset 0x88 may corrupt adjacent RW1C bits
[   14.297268] pci_bus 0000:00: 2-byte config write to 0000:00:01.0 offset 0x90 may corrupt adjacent RW1C bits
[   14.297275] pci_bus 0000:00: 2-byte config write to 0000:00:02.0 offset 0x88 may corrupt adjacent RW1C bits
[   14.297280] pci_bus 0000:00: 2-byte config write to 0000:00:01.0 offset 0x98 may corrupt adjacent RW1C bits
[   14.297386] pcieport 0000:00:01.0: nv_msi_ht_cap_quirk didn't locate host bridge
[   14.297387] pcieport 0000:00:02.0: nv_msi_ht_cap_quirk didn't locate host bridge
[   14.334753] PM: noirq resume of devices complete after 38.070 msecs
[   14.336826] PM: early resume of devices complete after 1.730 msecs
[   14.364845] PM: resume of devices complete after 28.008 msecs
[   14.570280] OOM killer enabled.
[   14.573413] Restarting tasks ... done.
root@(none):/# 
root@(none):/# [   14.667081] ata1: SATA link down (SStatus 0 SControl 300)
rtcwake -d rtc1 -m mem -s 3
rtcwake: assuming RTC uses UTC ...
rtcwake: wakeup from "mem" using /dev/rtc1 at Thu Jan  1 00:00:45 1970
[   15.653633] PM: Syncing filesystems ... done.
[   15.661530] Freezing user space processes ... (elapsed 0.001 seconds) done.
[   15.670159] OOM killer disabled.
[   15.673396] Freezing remaining freezable tasks ... (elapsed 0.001 seconds) done.
[   15.682496] Suspending console(s) (use no_console_suspend to debug)
[   15.807565] tegra_dma_pm_suspend-1523
[   15.807590] tegra_dma_runtime_resume-1507
[   15.807635] tegra_dma_pm_suspend-1551
[   15.808084] PM: suspend of devices complete after 116.859 msecs
[   15.819012] PM: late suspend of devices complete after 10.886 msecs
[   15.849938] PM: noirq suspend of devices complete after 30.893 msecs
[   15.849953] Disabling non-boot CPUs ...
[   15.851331] IRQ17 no longer affine to CPU1
[   15.851840] IRQ357 no longer affine to CPU1
[   16.054179] Entering suspend state LP1
[   16.054179] Suspended for 3.131 seconds
[   16.054191] Enabling non-boot CPUs ...
[   16.076436] CPU1 is up
[   16.116364] CPU2 is up
[   16.156639] CPU3 is up
[   16.157328] pcieport 0000:00:02.0: nv_msi_ht_cap_quirk didn't locate host bridge
[   16.157331] pcieport 0000:00:01.0: nv_msi_ht_cap_quirk didn't locate host bridge
[   16.184607] PM: noirq resume of devices complete after 27.962 msecs
[   16.186760] PM: early resume of devices complete after 1.813 msecs
[   16.214834] PM: resume of devices complete after 28.062 msecs
[   16.308769] OOM killer enabled.
[   16.311897] Restarting tasks ... done.
root@(none):/# 
root@(none):/# [   16.517105] ata1: SATA link down (SStatus 0 SControl 300)
rtcwake -d rtc1 -m mem -s 3
rtcwake: assuming RTC uses UTC ...
rtcwake: wakeup from "mem" using /dev/rtc1 at Thu Jan  1 00:00:50 1970
[   17.512380] PM: Syncing filesystems ... done.
[   17.520274] Freezing user space processes ... (elapsed 0.001 seconds) done.
[   17.528884] OOM killer disabled.
[   17.532119] Freezing remaining freezable tasks ... (elapsed 0.001 seconds) done.
[   17.541249] Suspending console(s) (use no_console_suspend to debug)
[   17.657517] tegra_dma_pm_suspend-1523
[   17.657542] tegra_dma_runtime_resume-1507
[   17.657584] tegra_dma_pm_suspend-1551
[   17.658033] PM: suspend of devices complete after 108.080 msecs
[   17.668814] PM: late suspend of devices complete after 10.740 msecs
[   17.699851] PM: noirq suspend of devices complete after 31.005 msecs
[   17.699866] Disabling non-boot CPUs ...
[   17.701271] migrate_irqs: 2 callbacks suppressed
[   17.701289] IRQ17 no longer affine to CPU1
[   17.701796] IRQ357 no longer affine to CPU1
[   17.769885] IRQ358 no longer affine to CPU2
[   17.848479] IRQ359 no longer affine to CPU3
[   17.915807] Entering suspend state LP1
[   17.915807] Suspended for 3.138 seconds
[   17.915819] Enabling non-boot CPUs ...
[   17.936409] CPU1 is up
[   17.976315] CPU2 is up
[   18.016598] CPU3 is up
[   18.017308] pcieport 0000:00:02.0: nv_msi_ht_cap_quirk didn't locate host bridge
[   18.017310] pcieport 0000:00:01.0: nv_msi_ht_cap_quirk didn't locate host bridge
[   18.044570] PM: noirq resume of devices complete after 27.966 msecs
[   18.046527] PM: early resume of devices complete after 1.633 msecs
[   18.074801] PM: resume of devices complete after 28.263 msecs
[   18.181726] OOM killer enabled.
[   18.184857] Restarting tasks ... done.
root@(none):/# 
root@(none):/# [   18.377052] ata1: SATA link down (SStatus 0 SControl 300)
rtcwake -d rtc1 -m mem -s 3
rtcwake: assuming RTC uses UTC ...
rtcwake: wakeup from "mem" using /dev/rtc1 at Thu Jan  1 00:00:55 1970
[   19.382147] PM: Syncing filesystems ... done.
[   19.390067] Freezing user space processes ... (elapsed 0.001 seconds) done.
[   19.398693] OOM killer disabled.
[   19.401928] Freezing remaining freezable tasks ... (elapsed 0.001 seconds) done.
[   19.411063] Suspending console(s) (use no_console_suspend to debug)
[   19.420162] pci_generic_config_write32: 116 callbacks suppressed
[   19.420191] pci_bus 0000:00: 2-byte config write to 0000:00:02.0 offset 0x9c may corrupt adjacent RW1C bits
[   19.420232] pci_bus 0000:00: 2-byte config write to 0000:00:01.0 offset 0x9c may corrupt adjacent RW1C bits
[   19.527354] tegra_dma_pm_suspend-1523
[   19.527377] tegra_dma_runtime_resume-1507
[   19.527417] tegra_dma_pm_suspend-1551
[   19.527842] PM: suspend of devices complete after 108.080 msecs
[   19.537863] PM: late suspend of devices complete after 9.981 msecs
[   19.539186] pci_bus 0000:02: 2-byte config write to 0000:02:00.0 offset 0x44 may corrupt adjacent RW1C bits
[   19.539255] pci_bus 0000:02: 2-byte config write to 0000:02:00.0 offset 0x44 may corrupt adjacent RW1C bits
[   19.569811] PM: noirq suspend of devices complete after 31.915 msecs
[   19.569825] Disabling non-boot CPUs ...
[   19.571226] IRQ17 no longer affine to CPU1
[   19.571733] IRQ357 no longer affine to CPU1
[   19.639899] IRQ358 no longer affine to CPU2
[   19.718280] IRQ359 no longer affine to CPU3
[   19.785755] Entering suspend state LP1
[   19.785755] Suspended for 3.129 seconds
[   19.785767] Enabling non-boot CPUs ...
[   19.806384] CPU1 is up
[   19.846281] CPU2 is up
[   19.886572] CPU3 is up
[   19.887144] pci_bus 0000:00: 2-byte config write to 0000:00:01.0 offset 0x4c may corrupt adjacent RW1C bits
[   19.887152] pci_bus 0000:00: 2-byte config write to 0000:00:02.0 offset 0x4c may corrupt adjacent RW1C bits
[   19.887165] pci_bus 0000:00: 2-byte config write to 0000:00:01.0 offset 0x88 may corrupt adjacent RW1C bits
[   19.887171] pci_bus 0000:00: 2-byte config write to 0000:00:02.0 offset 0x88 may corrupt adjacent RW1C bits
[   19.887177] pci_bus 0000:00: 2-byte config write to 0000:00:01.0 offset 0x90 may corrupt adjacent RW1C bits
[   19.887183] pci_bus 0000:00: 2-byte config write to 0000:00:02.0 offset 0x90 may corrupt adjacent RW1C bits
[   19.887289] pcieport 0000:00:01.0: nv_msi_ht_cap_quirk didn't locate host bridge
[   19.887290] pcieport 0000:00:02.0: nv_msi_ht_cap_quirk didn't locate host bridge
[   19.914534] PM: noirq resume of devices complete after 27.955 msecs
[   19.916318] PM: early resume of devices complete after 1.445 msecs
[   19.944763] PM: resume of devices complete after 28.434 msecs
[   20.150333] OOM killer enabled.
[   20.153466] Restarting tasks ... done.
root@(none):/# 
root@(none):/# [   20.246976] ata1: SATA link down (SStatus 0 SControl 300)
rtcwake -d rtc1 -m mem -s 3
rtcwake: assuming RTC uses UTC ...
rtcwake: wakeup from "mem" using /dev/rtc1 at Thu Jan  1 00:01:00 1970
[   21.251909] PM: Syncing filesystems ... done.
[   21.259963] Freezing user space processes ... (elapsed 0.001 seconds) done.
[   21.268575] OOM killer disabled.
[   21.271810] Freezing remaining freezable tasks ... (elapsed 0.001 seconds) done.
[   21.280943] Suspending console(s) (use no_console_suspend to debug)
[   21.398171] tegra_dma_pm_suspend-1523
[   21.398195] tegra_dma_runtime_resume-1507
[   21.398235] tegra_dma_pm_suspend-1551
[   21.398659] PM: suspend of devices complete after 109.015 msecs
[   21.408802] PM: late suspend of devices complete after 10.102 msecs
[   21.440011] PM: noirq suspend of devices complete after 31.177 msecs
[   21.440025] Disabling non-boot CPUs ...
[   21.441423] IRQ17 no longer affine to CPU1
[   21.441929] IRQ357 no longer affine to CPU1
[   21.655670] Entering suspend state LP1
[   21.655670] Suspended for 3.130 seconds
[   21.655682] Enabling non-boot CPUs ...
[   21.676365] CPU1 is up
[   21.716258] CPU2 is up
[   21.756537] CPU3 is up
[   21.757230] pcieport 0000:00:02.0: nv_msi_ht_cap_quirk didn't locate host bridge
[   21.757232] pcieport 0000:00:01.0: nv_msi_ht_cap_quirk didn't locate host bridge
[   21.784496] PM: noirq resume of devices complete after 27.953 msecs
[   21.786408] PM: early resume of devices complete after 1.586 msecs
[   21.814734] PM: resume of devices complete after 28.314 msecs
[   21.908691] OOM killer enabled.
[   21.911819] Restarting tasks ... done.
root@(none):/# 
root@(none):/# [   22.116996] ata1: SATA link down (SStatus 0 SControl 300)
rtcwake -d rtc1 -m mem -s 3
rtcwake: assuming RTC uses UTC ...
rtcwake: wakeup from "mem" using /dev/rtc1 at Thu Jan  1 00:01:05 1970
[   23.104076] PM: Syncing filesystems ... done.
[   23.109397] Freezing user space processes ... (elapsed 0.001 seconds) done.
[   23.117597] OOM killer disabled.
[   23.120814] Freezing remaining freezable tasks ... (elapsed 0.001 seconds) done.
[   23.129470] Suspending console(s) (use no_console_suspend to debug)
[   23.246064] tegra_dma_pm_suspend-1523
[   23.246072] tegra_dma_runtime_resume-1507
[   23.246088] tegra_dma_pm_suspend-1551
[   23.246255] PM: suspend of devices complete after 109.871 msecs
[   23.249321] PM: late suspend of devices complete after 3.054 msecs
[   23.275619] PM: noirq suspend of devices complete after 26.288 msecs
[   23.275622] Disabling non-boot CPUs ...
[   23.275976] migrate_irqs: 2 callbacks suppressed
[   23.275980] IRQ17 no longer affine to CPU1
[   23.276096] IRQ357 no longer affine to CPU1
[   23.328133] IRQ358 no longer affine to CPU2
[   23.387899] IRQ359 no longer affine to CPU3
[   23.437039] Entering suspend state LP1
[   23.437039] Suspended for 3.218 seconds
[   23.437051] Enabling non-boot CPUs ...
[   23.466308] CPU1 is up
[   23.506230] CPU2 is up
[   23.546512] CPU3 is up
[   23.547214] pcieport 0000:00:02.0: nv_msi_ht_cap_quirk didn't locate host bridge
[   23.547217] pcieport 0000:00:01.0: nv_msi_ht_cap_quirk didn't locate host bridge
[   23.574467] PM: noirq resume of devices complete after 27.948 msecs
[   23.575892] PM: early resume of devices complete after 1.100 msecs
[   23.614654] PM: resume of devices complete after 38.752 msecs
[   23.721459] OOM killer enabled.
[   23.724592] Restarting tasks ... done.
root@(none):/# 
root@(none):/# [   23.907002] ata1: SATA link down (SStatus 0 SControl 300)
NVTB SYSTEM SUSPEND TEST COMPLETE
