
U-Boot SPL 2014.07-00097-g772e173 (Jul 25 2014 - 20:02:52)


U-Boot 2014.07-00097-g772e173 (Jul 25 2014 - 20:02:52)

TEGRA124
Board: NVIDIA Jetson TK1
I2C:   ready
DRAM:  2 GiB
MMC:   Tegra SD/MMC: 0, Tegra SD/MMC: 1
In:    serial
Out:   serial
Err:   serial
Net:   Net Initialization Skipped
No ethernet found.
Hit any key to stop autoboot:  2  0 
Tegra124 (Jetson TK1) # 
Tegra124 (Jetson TK1) # usb reset
(Re)start USB...
USB0:   USB EHCI 1.10
scanning bus 0 for devices... 1 USB Device(s) found
USB1:   USB EHCI 1.10
scanning bus 1 for devices... 2 USB Device(s) found
       scanning usb for storage devices... 0 Storage Device(s) found
       scanning usb for ethernet devices... 
Warning: asx0 using MAC address from net device
1 Ethernet Device(s) found
Tegra124 (Jetson TK1) # setenv bootargs 'ignore_loglevel console=ttyS0,115200n8 rw root=/dev/mmcblk0p1 rootwait gpt debug init=/bin/bash noinitrd'
Tegra124 (Jetson TK1) # setenv ipaddr 192.168.100.102; setenv serverip 192.168.100.1; setenv tftpserverip 192.168.100.1
Tegra124 (Jetson TK1) # tftpboot 0x81000000 zImage.multi_v7_defconfig
Using asx0 device
TFTP from server 192.168.100.1; our IP address is 192.168.100.102
Filename 'zImage.multi_v7_defconfig'.
Load address: 0x81000000
Loading: *#################################################################
	 #################################################################
	 #################################################################
	 #################################################################
	 #################################################################
	 #################################################################
	 ########################################
	 3 MiB/s
done
Bytes transferred = 6304288 (603220 hex)
Tegra124 (Jetson TK1) # tftpboot 0x82000000 tegra124-jetson-tk1.dtb
Using asx0 device
TFTP from server 192.168.100.1; our IP address is 192.168.100.102
Filename 'tegra124-jetson-tk1.dtb'.
Load address: 0x82000000
Loading: *#####
	 3.2 MiB/s
done
Bytes transferred = 62999 (f617 hex)
Tegra124 (Jetson TK1) # bootz 0x81000000 - 0x82000000
Kernel image @ 0x81000000 [ 0x000000 - 0x603220 ]
## Flattened Device Tree blob at 82000000
   Booting using the fdt blob at 0x82000000
   Using Device Tree in place at 82000000, end 82012616

Starting kernel ...

[    0.000000] Booting Linux on physical CPU 0x0
[    0.000000] Linux version 4.1.0-rc4-next-20150519-18249-g8d5ae2a (pwalmsley@sellafield) (gcc version 4.7.3 20130328 (prerelease) (crosstool-NG linaro-1.13.1-4.7-2013.04-20130415 - Linaro GCC 2013.04) ) #1 SMP Tue May 19 06:13:13 PDT 2015
[    0.000000] CPU: ARMv7 Processor [413fc0f3] revision 3 (ARMv7), cr=10c5387d
[    0.000000] CPU: PIPT / VIPT nonaliasing data cache, PIPT instruction cache
[    0.000000] Machine model: NVIDIA Tegra124 Jetson TK1
[    0.000000] debug: ignoring loglevel setting.
[    0.000000] cma: Reserved 64 MiB at 0xfb800000
[    0.000000] Memory policy: Data cache writealloc
[    0.000000] On node 0 totalpages: 524032
[    0.000000] free_area_init_node: node 0, pgdat c0f55640, node_mem_map ee7f8000
[    0.000000]   DMA zone: 1520 pages used for memmap
[    0.000000]   DMA zone: 0 pages reserved
[    0.000000]   DMA zone: 194560 pages, LIFO batch:31
[    0.000000]   HighMem zone: 329472 pages, LIFO batch:31
[    0.000000] PERCPU: Embedded 12 pages/cpu @ee790000 s16896 r8192 d24064 u49152
[    0.000000] pcpu-alloc: s16896 r8192 d24064 u49152 alloc=12*4096
[    0.000000] pcpu-alloc: [0] 0 [0] 1 [0] 2 [0] 3 
[    0.000000] Built 1 zonelists in Zone order, mobility grouping on.  Total pages: 522512
[    0.000000] Kernel command line: ignore_loglevel console=ttyS0,115200n8 rw root=/dev/mmcblk0p1 rootwait gpt debug init=/bin/bash noinitrd
[    0.000000] PID hash table entries: 4096 (order: 2, 16384 bytes)
[    0.000000] Dentry cache hash table entries: 131072 (order: 7, 524288 bytes)
[    0.000000] Inode-cache hash table entries: 65536 (order: 6, 262144 bytes)
[    0.000000] Memory: 1998948K/2096128K available (8041K kernel code, 1029K rwdata, 3652K rodata, 900K init, 319K bss, 31644K reserved, 65536K cma-reserved, 1252352K highmem)
[    0.000000] Virtual kernel memory layout:
[    0.000000]     vector  : 0xffff0000 - 0xffff1000   (   4 kB)
[    0.000000]     fixmap  : 0xffc00000 - 0xfff00000   (3072 kB)
[    0.000000]     vmalloc : 0xf0000000 - 0xff000000   ( 240 MB)
[    0.000000]     lowmem  : 0xc0000000 - 0xef800000   ( 760 MB)
[    0.000000]     pkmap   : 0xbfe00000 - 0xc0000000   (   2 MB)
[    0.000000]     modules : 0xbf000000 - 0xbfe00000   (  14 MB)
[    0.000000]       .text : 0xc0208000 - 0xc0d7455c   (11698 kB)
[    0.000000]       .init : 0xc0d75000 - 0xc0e56000   ( 900 kB)
[    0.000000]       .data : 0xc0e56000 - 0xc0f57620   (1030 kB)
[    0.000000]        .bss : 0xc0f5a000 - 0xc0fa9ca8   ( 320 kB)
[    0.000000] SLUB: HWalign=64, Order=0-3, MinObjects=0, CPUs=4, Nodes=1
[    0.000000] Hierarchical RCU implementation.
[    0.000000] 	Additional per-CPU info printed with stalls.
[    0.000000] 	Build-time adjustment of leaf fanout to 32.
[    0.000000] 	RCU restricting CPUs from NR_CPUS=16 to nr_cpu_ids=4.
[    0.000000] RCU: Adjusting geometry for rcu_fanout_leaf=32, nr_cpu_ids=4
[    0.000000] NR_IRQS:16 nr_irqs:16 16
[    0.000000] /interrupt-controller@60004000: 160 interrupts forwarded to /interrupt-controller@0,50041000
[    0.000000] L2C: failed to init: -19
[    0.000008] sched_clock: 32 bits at 1000kHz, resolution 1000ns, wraps every 2147483647500ns
[    0.000027] clocksource timer_us: mask: 0xffffffff max_cycles: 0xffffffff, max_idle_ns: 1911260446275 ns
[    0.000042] Switching to timer-based delay loop, resolution 1000ns
[    0.004423] Architected cp15 timer(s) running at 12.00MHz (virt).
[    0.004440] clocksource arch_sys_counter: mask: 0xffffffffffffff max_cycles: 0x2c47f4ee7, max_idle_ns: 440795202497 ns
[    0.004459] sched_clock: 56 bits at 12MHz, resolution 83ns, wraps every 4398046511096ns
[    0.004472] Switching to timer-based delay loop, resolution 83ns
[    0.004865] Console: colour dummy device 80x30
[    0.004889] Calibrating delay loop (skipped), value calculated using timer frequency.. 24.00 BogoMIPS (lpj=60000)
[    0.004903] pid_max: default: 32768 minimum: 301
[    0.005013] Mount-cache hash table entries: 2048 (order: 1, 8192 bytes)
[    0.005025] Mountpoint-cache hash table entries: 2048 (order: 1, 8192 bytes)
[    0.005621] CPU: Testing write buffer coherency: ok
[    0.005826] /cpus/cpu@0 missing clock-frequency property
[    0.005864] /cpus/cpu@1 missing clock-frequency property
[    0.005901] /cpus/cpu@2 missing clock-frequency property
[    0.005940] /cpus/cpu@3 missing clock-frequency property
[    0.005952] CPU0: thread -1, cpu 0, socket 0, mpidr 80000000
[    0.005995] Setting up static identity map for 0x80209000 - 0x80209098
[    0.008894] Tegra Revision: A01 SKU: 129 CPU Process: 1 SoC Process: 1
[    0.010259] CPU1: thread -1, cpu 1, socket 0, mpidr 80000001
[    0.010846] CPU2: thread -1, cpu 2, socket 0, mpidr 80000002
[    0.011419] CPU3: thread -1, cpu 3, socket 0, mpidr 80000003
[    0.011483] Brought up 4 CPUs
[    0.011505] SMP: Total of 4 processors activated (96.00 BogoMIPS).
[    0.011513] CPU: All CPU(s) started in SVC mode.
[    0.012036] devtmpfs: initialized
[    0.012941] VFP support v0.3: implementor 41 architecture 4 part 30 variant f rev 0
[    0.013436] clocksource jiffies: mask: 0xffffffff max_cycles: 0xffffffff, max_idle_ns: 9556302231375000 ns
[    0.015078] pinctrl core: initialized pinctrl subsystem
[    0.034431] NET: Registered protocol family 16
[    0.036445] DMA: preallocated 256 KiB pool for atomic coherent allocations
[    0.049534] cpuidle: using governor ladder
[    0.064553] cpuidle: using governor menu
[    0.080880] No ATAGs?
[    0.080914] hw-breakpoint: found 5 (+1 reserved) breakpoint and 4 watchpoint registers.
[    0.080924] hw-breakpoint: maximum watchpoint size is 8 bytes.
[    0.085157] Serial: AMBA PL011 UART driver
[    0.114612] +USB0_VBUS_SW: Failed to request enable GPIO108: -517
[    0.114762] reg-fixed-voltage regulators:regulator@7: Failed to register regulator: -517
[    0.114980] +5V_USB_HS: Failed to request enable GPIO109: -517
[    0.115094] reg-fixed-voltage regulators:regulator@8: Failed to register regulator: -517
[    0.115377] +1.05V_RUN_AVDD_HDMI_PLL: Failed to request enable GPIO63: -517
[    0.115490] reg-fixed-voltage regulators:regulator@11: Failed to register regulator: -517
[    0.115704] +5V_HDMI_CON: Failed to request enable GPIO86: -517
[    0.115817] reg-fixed-voltage regulators:regulator@12: Failed to register regulator: -517
[    0.116029] +5V_SATA: Failed to request enable GPIO242: -517
[    0.116140] reg-fixed-voltage regulators:regulator@13: Failed to register regulator: -517
[    0.116351] +12V_SATA: Failed to request enable GPIO242: -517
[    0.116461] reg-fixed-voltage regulators:regulator@14: Failed to register regulator: -517
[    0.119359] vgaarb: loaded
[    0.120124] SCSI subsystem initialized
[    0.120313] libata version 3.00 loaded.
[    0.120629] usbcore: registered new interface driver usbfs
[    0.120700] usbcore: registered new interface driver hub
[    0.120774] usbcore: registered new device driver usb
[    0.124252] media: Linux media interface: v0.10
[    0.124317] Linux video capture interface: v2.00
[    0.124368] pps_core: LinuxPPS API ver. 1 registered
[    0.124377] pps_core: Software ver. 5.3.6 - Copyright 2005-2007 Rodolfo Giometti <giometti@linux.it>
[    0.124407] PTP clock support registered
[    0.124662] EDAC MC: Ver: 3.0.0
[    0.126794] Advanced Linux Sound Architecture Driver Initialized.
[    0.127887] Switched to clocksource arch_sys_counter
[    0.139472] NET: Registered protocol family 2
[    0.139981] TCP established hash table entries: 8192 (order: 3, 32768 bytes)
[    0.140071] TCP bind hash table entries: 8192 (order: 4, 65536 bytes)
[    0.140258] TCP: Hash tables configured (established 8192 bind 8192)
[    0.140309] UDP hash table entries: 512 (order: 2, 16384 bytes)
[    0.140351] UDP-Lite hash table entries: 512 (order: 2, 16384 bytes)
[    0.140528] NET: Registered protocol family 1
[    0.140762] RPC: Registered named UNIX socket transport module.
[    0.140772] RPC: Registered udp transport module.
[    0.140780] RPC: Registered tcp transport module.
[    0.140789] RPC: Registered tcp NFSv4.1 backchannel transport module.
[    0.140810] PCI: CLS 0 bytes, default 64
[    0.143245] futex hash table entries: 1024 (order: 4, 65536 bytes)
[    0.155142] squashfs: version 4.0 (2009/01/31) Phillip Lougher
[    0.156110] NFS: Registering the id_resolver key type
[    0.156139] Key type id_resolver registered
[    0.156148] Key type id_legacy registered
[    0.156227] ntfs: driver 2.1.32 [Flags: R/O].
[    0.157435] bounce: pool size: 64 pages
[    0.157668] Block layer SCSI generic (bsg) driver version 0.4 loaded (major 248)
[    0.157688] io scheduler noop registered
[    0.157707] io scheduler deadline registered
[    0.157939] io scheduler cfq registered (default)
[    0.174353] tegra-pcie 1003000.pcie-controller: 2x1, 1x1 configuration
[    0.174404] tegra-pcie 1003000.pcie-controller: Failed to get supply 'avddio-pex': -517
[    0.181224] tegra-apbdma 60020000.dma: Tegra20 APB DMA driver register 32 channels
[    0.182468] tegra-pmc 7000e400.pmc: emergency thermal reset enabled
[    0.246786] Serial: 8250/16550 driver, 4 ports, IRQ sharing disabled
[    0.249059] SuperH (H)SCI(F) driver initialized
[    0.249823] msm_serial: driver initialized
[    0.250670] console [ttyS0] disabled
[    0.250705] 70006300.serial: ttyS0 at MMIO 0x70006300 (irq = 331, base_baud = 25500000) is a Tegra
[    1.080875] console [ttyS0] enabled
[    1.085175] STMicroelectronics ASC driver initialized
[    1.092567] [drm] Initialized drm 1.1.0 20060810
[    1.099156] tegra-hdmi 54280000.hdmi: failed to get HDMI regulator
[    1.112303] loop: module loaded
[    1.115777] at24 0-0056: 256 byte 24c02 EEPROM, writable, 8 bytes/write
[    1.123836] as3722 4-0040: AS3722 with revision 0x1 found
[    1.146883] +5V_SYS: supplied by +VDD_MUX
[    1.150951] +1.05V_RUN: supplied by +5V_SYS
[    1.155249] tegra-ahci 70027000.sata: Failed to get supply 'hvdd': -517
[    1.161920] tegra-ahci 70027000.sata: Failed to get regulators
[    1.171989] m25p80 spi32765.0: w25q32dw (4096 Kbytes)
[    1.180427] CAN device driver interface
[    1.185589] igb: Intel(R) Gigabit Ethernet Network Driver - version 5.2.15-k
[    1.192644] igb: Copyright (c) 2007-2014 Intel Corporation.
[    1.201144] pegasus: v0.9.3 (2013/04/25), Pegasus/Pegasus II USB Ethernet driver
[    1.208602] usbcore: registered new interface driver pegasus
[    1.214346] usbcore: registered new interface driver asix
[    1.219803] usbcore: registered new interface driver ax88179_178a
[    1.225952] usbcore: registered new interface driver cdc_ether
[    1.231867] usbcore: registered new interface driver smsc75xx
[    1.237698] usbcore: registered new interface driver smsc95xx
[    1.243502] usbcore: registered new interface driver net1080
[    1.249220] usbcore: registered new interface driver cdc_subset
[    1.255196] usbcore: registered new interface driver zaurus
[    1.260859] usbcore: registered new interface driver cdc_ncm
[    1.266775] tegra-phy 7d004000.usb-phy: no vbus regulator
[    1.274007] ehci_hcd: USB 2.0 'Enhanced' Host Controller (EHCI) Driver
[    1.280544] ehci-pci: EHCI PCI platform driver
[    1.285055] ehci-platform: EHCI generic platform driver
[    1.290505] ehci-omap: OMAP-EHCI Host Controller driver
[    1.295883] ehci-orion: EHCI orion driver
[    1.300049] SPEAr-ehci: EHCI SPEAr driver
[    1.304219] ehci-st: EHCI STMicroelectronics driver
[    1.309260] ehci-exynos: EHCI EXYNOS driver
[    1.313621] tegra-ehci: Tegra EHCI driver
[    1.317969] tegra-ehci 7d004000.usb: EHCI Host Controller
[    1.323402] tegra-ehci 7d004000.usb: new USB bus registered, assigned bus number 1
[    1.331141] tegra-ehci 7d004000.usb: irq 347, io mem 0x7d004000
[    1.342907] tegra-ehci 7d004000.usb: USB 2.0 started, EHCI 1.10
[    1.349652] hub 1-0:1.0: USB hub found
[    1.353465] hub 1-0:1.0: 1 port detected
[    1.358026] ohci_hcd: USB 1.1 'Open' Host Controller (OHCI) Driver
[    1.364234] ohci-pci: OHCI PCI platform driver
[    1.368754] ohci-platform: OHCI generic platform driver
[    1.374170] ohci-omap3: OHCI OMAP3 driver
[    1.378341] SPEAr-ohci: OHCI SPEAr driver
[    1.382498] ohci-st: OHCI STMicroelectronics driver
[    1.387639] usbcore: registered new interface driver usb-storage
[    1.395222] mousedev: PS/2 mouse device common for all mice
[    1.404724] as3722-rtc as3722-rtc: rtc core: registered as3722-rtc as rtc0
[    1.411611] as3722-rtc as3722-rtc: RTC interrupt 366
[    1.419817] tegra_rtc 7000e000.rtc: rtc core: registered 7000e000.rtc as rtc1
[    1.426999] tegra_rtc 7000e000.rtc: Tegra internal Real Time Clock
[    1.433937] i2c /dev entries driver
[    1.440383] usbcore: registered new interface driver uvcvideo
[    1.446141] USB Video Class driver (1.1.1)
[    1.450254] gspca_main: v2.14.0 registered
[    1.455921] 0-004c supply vcc not found, using dummy regulator
[    1.466943] sdhci: Secure Digital Host Controller Interface driver
[    1.473137] sdhci: Copyright(c) Pierre Ossman
[    1.479012] Synopsys Designware Multimedia Card Interface Driver
[    1.486187] sdhci-pltfm: SDHCI platform and OF driver helper
[    1.492567] sdhci-tegra 700b0400.sdhci: Got CD GPIO
[    1.497472] sdhci-tegra 700b0400.sdhci: Got WP GPIO
[    1.502405] mmc0: Unknown controller version (3). You may experience problems.
[    1.509774] as3722-regulator as3722-regulator: Failed to resolve vin-ldo1-6-supply for as3722-ldo6
[    1.518744] sdhci-tegra 700b0400.sdhci: No vmmc regulator found
[    1.524828] mmc0: Unknown controller version (3). You may experience problems.
[    1.532111] sdhci-tegra 700b0600.sdhci: No vmmc regulator found
[    1.538050] sdhci-tegra 700b0600.sdhci: No vqmmc regulator found
[    1.544063] mmc0: Invalid maximum block size, assuming 512 bytes
[    1.582907] mmc0: SDHCI controller on 700b0600.sdhci [700b0600.sdhci] using ADMA 64-bit
[    1.592127] ledtrig-cpu: registered to indicate activity on CPUs
[    1.598369] usbcore: registered new interface driver usbhid
[    1.603951] usbhid: USB HID core driver
[    1.611402] usbcore: registered new interface driver snd-usb-audio
[    1.656859] mmc0: MAN_BKOPS_EN bit is not set
[    1.664423] mmc0: new high speed MMC card at address 0001
[    1.670176] mmcblk0: mmc0:0001 SEM16G 14.6 GiB 
[    1.674819] mmcblk0boot0: mmc0:0001 SEM16G partition 1 4.00 MiB
[    1.680844] mmcblk0boot1: mmc0:0001 SEM16G partition 2 4.00 MiB
[    1.686872] mmcblk0rpmb: mmc0:0001 SEM16G partition 3 4.00 MiB
[    1.694684] Primary GPT is invalid, using alternate GPT.
[    1.700035]  mmcblk0: p1 p2 p3 p4 p5 p6 p7 p8 p9
[    2.035962] tegra30-i2s 70301100.i2s: DMA channels sourced from device 70300000.ahub
[    2.051998] tegra-snd-rt5640 sound: rt5640-aif1 <-> 70301100.i2s mapping ok
[    2.061914] input: NVIDIA Tegra Jetson TK1 Headphones as /devices/soc0/sound/sound/card0/input0
[    2.072069] NET: Registered protocol family 17
[    2.076551] can: controller area network core (rev 20120528 abi 9)
[    2.082804] NET: Registered protocol family 29
[    2.087266] can: raw protocol (rev 20120528)
[    2.091550] can: broadcast manager protocol (rev 20120528 t)
[    2.097227] can: netlink gateway (rev 20130117) max_hops=1
[    2.103112] Key type dns_resolver registered
[    2.108009] ThumbEE CPU extension supported.
[    2.112284] Registering SWP/SWPB emulation handler
[    2.122990] tegra-pcie 1003000.pcie-controller: 2x1, 1x1 configuration
[    2.129770] +3.3V_SYS: supplied by +VDD_MUX
[    2.134061] +3.3V_LP0: supplied by +3.3V_SYS
[    2.138669] +1.35V_LP0(sd2): supplied by +5V_SYS
[    2.143399] +1.05V_RUN_AVDD: supplied by +1.35V_LP0(sd2)
[    2.150172] tegra-pcie 1003000.pcie-controller: probing port 0, using 2 lanes
[    2.159465] tegra-pcie 1003000.pcie-controller: Slot present pin change, signature: 00000008
[    2.586729] tegra-pcie 1003000.pcie-controller: link 0 down, retrying
[    3.014707] tegra-pcie 1003000.pcie-controller: link 0 down, retrying
[    3.442664] tegra-pcie 1003000.pcie-controller: link 0 down, retrying
[    3.451248] tegra-pcie 1003000.pcie-controller: link 0 down, ignoring
[    3.457739] tegra-pcie 1003000.pcie-controller: probing port 1, using 1 lanes
[    3.466991] tegra-pcie 1003000.pcie-controller: Slot present pin change, signature: 00000000
[    3.894711] tegra-pcie 1003000.pcie-controller: link 1 down, retrying
[    4.322683] tegra-pcie 1003000.pcie-controller: link 1 down, retrying
[    4.750580] tegra-pcie 1003000.pcie-controller: link 1 down, retrying
[    4.759172] tegra-pcie 1003000.pcie-controller: link 1 down, ignoring
[    4.765883] tegra-pcie 1003000.pcie-controller: PCI host bridge to bus 0000:00
[    4.773119] pci_bus 0000:00: root bus resource [mem 0x13000000-0x1fffffff]
[    4.780001] pci_bus 0000:00: root bus resource [mem 0x20000000-0x3fffffff pref]
[    4.787316] pci_bus 0000:00: root bus resource [bus 00-ff]
[    4.792809] pci_bus 0000:00: root bus resource [io  0x1000-0xffff]
[    4.799024] PCI: bus0: Fast back to back transfers enabled
[    4.805262] +5V_HDMI_CON: supplied by +5V_SYS
[    4.809736] +1.05V_RUN_AVDD_HDMI_PLL: supplied by +1.05V_RUN
[    4.815545] +3.3V_RUN: supplied by +3.3V_SYS
[    4.819859] +3.3V_AVDD_HDMI_AP_GATED: supplied by +3.3V_RUN
[    4.827392] [drm] Supports vblank timestamp caching Rev 2 (21.10.2013).
[    4.834059] [drm] No driver support for vblank timestamp query.
[    5.048102] Console: switching to colour frame buffer device 512x135
[    5.134362] drm drm: fb0:  frame buffer device
[    5.138815] drm drm: registered panic notifier
[    5.158023] [drm] Initialized tegra 0.0.0 20120330 on minor 0
[    5.164856] +5V_SATA: supplied by +5V_SYS
[    5.168993] +12V_SATA: supplied by +VDD_MUX
[    5.173632] tegra-ahci 70027000.sata: AHCI 0001.0301 32 slots 2 ports 3 Gbps 0x1 impl platform mode
[    5.182696] tegra-ahci 70027000.sata: flags: 64bit ncq sntf pm led pio slum part sadm sds apst 
[    5.193975] scsi host0: tegra-ahci
[    5.198537] scsi host1: tegra-ahci
[    5.202259] ata1: SATA max UDMA/133 mmio [mem 0x70027000-0x70028fff] port 0x100 irq 341
[    5.210290] ata2: DUMMY
[    5.214119] +5V_USB_HS: supplied by +5V_SYS
[    5.219681] tegra-ehci 7d008000.usb: EHCI Host Controller
[    5.225128] tegra-ehci 7d008000.usb: new USB bus registered, assigned bus number 2
[    5.232948] tegra-ehci 7d008000.usb: irq 348, io mem 0x7d008000
[    5.247916] tegra-ehci 7d008000.usb: USB 2.0 started, EHCI 1.10
[    5.254775] hub 2-0:1.0: USB hub found
[    5.258587] hub 2-0:1.0: 1 port detected
[    5.264048] sdhci-tegra 700b0400.sdhci: Got CD GPIO
[    5.269003] sdhci-tegra 700b0400.sdhci: Got WP GPIO
[    5.273984] mmc1: Unknown controller version (3). You may experience problems.
[    5.281385] +VDDIO_SDMMC3: supplied by +3.3V_RUN
[    5.286155] sdhci-tegra 700b0400.sdhci: No vmmc regulator found
[    5.292143] mmc1: Invalid maximum block size, assuming 512 bytes
[    5.333421] mmc1: SDHCI controller on 700b0400.sdhci [700b0400.sdhci] using ADMA 64-bit
[    5.342645] input: gpio-keys as /devices/soc0/gpio-keys/input/input1
[    5.350174] as3722-rtc as3722-rtc: setting system clock to 2000-02-01 00:00:18 UTC (949363218)
[    5.370492] +USB0_VBUS_SW: disabling
[    5.374118] +1.8V_RUN_VPP_FUSE: disabling
[    5.378562] +2.8V_RUN_CAM_AF: disabling
[    5.382737] +3.3V_RUN_TOUCH: disabling
[    5.386643] +1.05V_RUN_CAM_REAR: disabling
[    5.390872] +1.2V_RUN_CAM_FRONT: disabling
[    5.395093] +2.8V_RUN_CAM: disabling
[    5.398801] +1.8V_RUN_CAM: disabling
[    5.402810] ALSA device list:
[    5.405791]   #0: NVIDIA Tegra Jetson TK1
[    5.538062] ata1: SATA link down (SStatus 0 SControl 300)
[    5.544459] EXT4-fs (mmcblk0p1): couldn't mount as ext3 due to feature incompatibilities
[    5.553346] EXT4-fs (mmcblk0p1): couldn't mount as ext2 due to feature incompatibilities
[    5.568030] usb 2-1: new high-speed USB device number 2 using tegra-ehci
[    5.568169] EXT4-fs (mmcblk0p1): recovery complete
[    5.568183] EXT4-fs (mmcblk0p1): mounted filesystem with ordered data mode. Opts: (null)
[    5.568222] VFS: Mounted root (ext4 filesystem) on device 179:1.
[    5.572579] devtmpfs: mounted
[    5.573367] Freeing unused kernel memory: 900K (c0d75000 - c0e56000)
bash: cannot set terminal process group (-1): Inappropriate ioctl for device
bash: no job control in this shell
root@(none):/# 