
U-Boot SPL 2014.01-00219-gc4d376f (Feb 18 2014 - 19:57:18)


U-Boot 2014.01-00219-gc4d376f (Feb 18 2014 - 19:57:18)

TEGRA30
Board: NVIDIA Beaver
I2C:   ready
DRAM:  2 GiB
MMC:   Tegra SD/MMC: 0, Tegra SD/MMC: 1
In:    serial
Out:   serial
Err:   serial
Net:   Net Initialization Skipped
No ethernet found.
Hit any key to stop autoboot:  2  0 
Tegra30 (Beaver) # 
Tegra30 (Beaver) # usb reset
(Re)start USB...
USB0:   USB EHCI 1.00
scanning bus 0 for devices... 2 USB Device(s) found
       scanning usb for storage devices... 0 Storage Device(s) found
       scanning usb for ethernet devices... 
Warning: asx0 using MAC address from net device
1 Ethernet Device(s) found
Tegra30 (Beaver) # setenv bootargs 'ignore_loglevel console=ttyS0,115200n8 rw root=/dev/mmcblk0p1 rootwait gpt debug noinitrd earlyprintk init=/bin/bash'
Tegra30 (Beaver) # setenv ipaddr 192.168.100.101; setenv serverip 192.168.100.1; setenv tftpserverip 192.168.100.1
Tegra30 (Beaver) # tftpboot 0x81000000 zImage.multi_v7_defconfig
Using asx0 device
TFTP from server 192.168.100.1; our IP address is 192.168.100.101
Filename 'zImage.multi_v7_defconfig'.
Load address: 0x81000000
Loading: *#################################################################
	 #################################################################
	 #################################################################
	 #################################################################
	 #################################################################
	 #################################################################
	 ####################################################
	 3.3 MiB/s
done
Bytes transferred = 6477184 (62d580 hex)
Tegra30 (Beaver) # tftpboot 0x82000000 tegra30-beaver.dtb
Using asx0 device
TFTP from server 192.168.100.1; our IP address is 192.168.100.101
Filename 'tegra30-beaver.dtb'.
Load address: 0x82000000
Loading: *####
	 2.9 MiB/s
done
Bytes transferred = 51467 (c90b hex)
Tegra30 (Beaver) # bootz 0x81000000 - 0x82000000
Kernel image @ 0x81000000 [ 0x000000 - 0x62d580 ]
## Flattened Device Tree blob at 82000000
   Booting using the fdt blob at 0x82000000
   Loading Device Tree to 8fff0000, end 8ffff90a ... OK

Starting kernel ...

[    0.000000] Booting Linux on physical CPU 0x0
[    0.000000] Linux version 4.3.0-51166-gbd4f203 (pwalmsley@sellafield) (gcc version 4.7.3 20130328 (prerelease) (crosstool-NG linaro-1.13.1-4.7-2013.04-20130415 - Linaro GCC 2013.04) ) #1 SMP Thu Jan 28 06:40:57 PST 2016
[    0.000000] CPU: ARMv7 Processor [412fc099] revision 9 (ARMv7), cr=10c5387d
[    0.000000] CPU: PIPT / VIPT nonaliasing data cache, VIPT aliasing instruction cache
[    0.000000] Machine model: NVIDIA Tegra30 Beaver evaluation board
[    0.000000] debug: ignoring loglevel setting.
[    0.000000] cma: Reserved 64 MiB at 0xfb800000
[    0.000000] Memory policy: Data cache writealloc
[    0.000000] On node 0 totalpages: 524032
[    0.000000] free_area_init_node: node 0, pgdat c0f982c0, node_mem_map eeff8000
[    0.000000]   DMA zone: 1536 pages used for memmap
[    0.000000]   DMA zone: 0 pages reserved
[    0.000000]   DMA zone: 196608 pages, LIFO batch:31
[    0.000000]   HighMem zone: 327424 pages, LIFO batch:31
[    0.000000] PERCPU: Embedded 12 pages/cpu @eef93000 s19136 r8192 d21824 u49152
[    0.000000] pcpu-alloc: s19136 r8192 d21824 u49152 alloc=12*4096
[    0.000000] pcpu-alloc: [0] 0 [0] 1 [0] 2 [0] 3 
[    0.000000] Built 1 zonelists in Zone order, mobility grouping on.  Total pages: 522496
[    0.000000] Kernel command line: ignore_loglevel console=ttyS0,115200n8 rw root=/dev/mmcblk0p1 rootwait gpt debug noinitrd earlyprintk init=/bin/bash
[    0.000000] PID hash table entries: 4096 (order: 2, 16384 bytes)
[    0.000000] Dentry cache hash table entries: 131072 (order: 7, 524288 bytes)
[    0.000000] Inode-cache hash table entries: 65536 (order: 6, 262144 bytes)
[    0.000000] Memory: 1998680K/2096128K available (8156K kernel code, 1032K rwdata, 3660K rodata, 1040K init, 340K bss, 31912K reserved, 65536K cma-reserved, 1244160K highmem)
[    0.000000] Virtual kernel memory layout:
[    0.000000]     vector  : 0xffff0000 - 0xffff1000   (   4 kB)
[    0.000000]     fixmap  : 0xffc00000 - 0xfff00000   (3072 kB)
[    0.000000]     vmalloc : 0xf0800000 - 0xff800000   ( 240 MB)
[    0.000000]     lowmem  : 0xc0000000 - 0xf0000000   ( 768 MB)
[    0.000000]     pkmap   : 0xbfe00000 - 0xc0000000   (   2 MB)
[    0.000000]     modules : 0xbf000000 - 0xbfe00000   (  14 MB)
[    0.000000]       .text : 0xc0208000 - 0xc0d932ac   (11821 kB)
[    0.000000]       .init : 0xc0d94000 - 0xc0e98000   (1040 kB)
[    0.000000]       .data : 0xc0e98000 - 0xc0f9a220   (1033 kB)
[    0.000000]        .bss : 0xc0f9d000 - 0xc0ff23a8   ( 341 kB)
[    0.000000] SLUB: HWalign=64, Order=0-3, MinObjects=0, CPUs=4, Nodes=1
[    0.000000] Hierarchical RCU implementation.
[    0.000000] 	Build-time adjustment of leaf fanout to 32.
[    0.000000] 	RCU restricting CPUs from NR_CPUS=16 to nr_cpu_ids=4.
[    0.000000] RCU: Adjusting geometry for rcu_fanout_leaf=32, nr_cpu_ids=4
[    0.000000] NR_IRQS:16 nr_irqs:16 16
[    0.000000] /interrupt-controller@60004000: 160 interrupts forwarded to /interrupt-controller@50041000
[    0.000000] L2C: platform modifies aux control register: 0x02080000 -> 0x3e480001
[    0.000000] L2C: DT/platform modifies aux control register: 0x02080000 -> 0x3e480001
[    0.000000] L2C-310 erratum 769419 enabled
[    0.000000] L2C-310 enabling early BRESP for Cortex-A9
[    0.000000] L2C-310: enabling full line of zeros but not enabled in Cortex-A9
[    0.000000] L2C-310 dynamic clock gating enabled, standby mode enabled
[    0.000000] L2C-310 cache controller enabled, 8 ways, 1024 kB
[    0.000000] L2C-310: CACHE_ID 0x410000c7, AUX_CTRL 0x4e480001
[    0.000014] sched_clock: 32 bits at 1000kHz, resolution 1000ns, wraps every 2147483647500ns
[    0.000031] clocksource: timer_us: mask: 0xffffffff max_cycles: 0xffffffff, max_idle_ns: 1911260446275 ns
[    0.000040] Switching to timer-based delay loop, resolution 1000ns
[    0.002490] Console: colour dummy device 80x30
[    0.002515] Calibrating delay loop (skipped), value calculated using timer frequency.. 2.00 BogoMIPS (lpj=5000)
[    0.002524] pid_max: default: 32768 minimum: 301
[    0.002611] Mount-cache hash table entries: 2048 (order: 1, 8192 bytes)
[    0.002618] Mountpoint-cache hash table entries: 2048 (order: 1, 8192 bytes)
[    0.003034] CPU: Testing write buffer coherency: ok
[    0.003324] CPU0: thread -1, cpu 0, socket 0, mpidr 80000000
[    0.003391] Setting up static identity map for 0x80209000 - 0x80209098
[    0.005649] Tegra Revision: A03 SKU: 128 CPU Process: 4 SoC Process: 0
[    0.006846] CPU1: thread -1, cpu 1, socket 0, mpidr 80000001
[    0.007487] CPU2: thread -1, cpu 2, socket 0, mpidr 80000002
[    0.008124] CPU3: thread -1, cpu 3, socket 0, mpidr 80000003
[    0.008162] Brought up 4 CPUs
[    0.008174] SMP: Total of 4 processors activated (8.00 BogoMIPS).
[    0.008179] CPU: All CPU(s) started in SVC mode.
[    0.008751] devtmpfs: initialized
[    0.016945] VFP support v0.3: implementor 41 architecture 3 part 30 variant 9 rev 4
[    0.017644] clocksource: jiffies: mask: 0xffffffff max_cycles: 0xffffffff, max_idle_ns: 9556302231375000 ns
[    0.021132] pinctrl core: initialized pinctrl subsystem
[    0.022618] NET: Registered protocol family 16
[    0.024803] DMA: preallocated 256 KiB pool for atomic coherent allocations
[    0.039934] cpuidle: using governor ladder
[    0.054925] cpuidle: using governor menu
[    0.062918] No ATAGs?
[    0.062950] hw-breakpoint: found 5 (+1 reserved) breakpoint and 1 watchpoint registers.
[    0.062958] hw-breakpoint: maximum watchpoint size is 4 bytes.
[    0.065653] Serial: AMBA PL011 UART driver
[    0.066636] tegra-mc 7000f000.memory-controller: no memory timings for RAM code 3 registered
[    0.087832] vdd_5v_sata: Failed to request enable GPIO30: -517
[    0.087900] reg-fixed-voltage regulators:regulator@3: Failed to register regulator: -517
[    0.088005] usb1_vbus: Failed to request enable GPIO238: -517
[    0.088055] reg-fixed-voltage regulators:regulator@4: Failed to register regulator: -517
[    0.088160] usb3_vbus: Failed to request enable GPIO236: -517
[    0.088209] reg-fixed-voltage regulators:regulator@5: Failed to register regulator: -517
[    0.088359] sys_3v3_pexs: Failed to request enable GPIO95: -517
[    0.088410] reg-fixed-voltage regulators:regulator@7: Failed to register regulator: -517
[    0.090151] vgaarb: loaded
[    0.090604] SCSI subsystem initialized
[    0.090757] libata version 3.00 loaded.
[    0.090945] usbcore: registered new interface driver usbfs
[    0.090983] usbcore: registered new interface driver hub
[    0.091023] usbcore: registered new device driver usb
[    0.146722] pps_core: LinuxPPS API ver. 1 registered
[    0.146731] pps_core: Software ver. 5.3.6 - Copyright 2005-2007 Rodolfo Giometti <giometti@linux.it>
[    0.146747] PTP clock support registered
[    0.146892] EDAC MC: Ver: 3.0.0
[    0.148374] clocksource: Switched to clocksource timer_us
[    0.154397] NET: Registered protocol family 2
[    0.154796] TCP established hash table entries: 8192 (order: 3, 32768 bytes)
[    0.154850] TCP bind hash table entries: 8192 (order: 4, 65536 bytes)
[    0.154927] TCP: Hash tables configured (established 8192 bind 8192)
[    0.155012] UDP hash table entries: 512 (order: 2, 16384 bytes)
[    0.155069] UDP-Lite hash table entries: 512 (order: 2, 16384 bytes)
[    0.155243] NET: Registered protocol family 1
[    0.155483] RPC: Registered named UNIX socket transport module.
[    0.155490] RPC: Registered udp transport module.
[    0.155494] RPC: Registered tcp transport module.
[    0.155499] RPC: Registered tcp NFSv4.1 backchannel transport module.
[    0.155519] PCI: CLS 0 bytes, default 64
[    0.156276] hw perfevents: enabled with armv7_cortex_a9 PMU driver, 7 counters available
[    0.157200] futex hash table entries: 1024 (order: 4, 65536 bytes)
[    0.163116] squashfs: version 4.0 (2009/01/31) Phillip Lougher
[    0.163659] NFS: Registering the id_resolver key type
[    0.163695] Key type id_resolver registered
[    0.163700] Key type id_legacy registered
[    0.163744] ntfs: driver 2.1.32 [Flags: R/O].
[    0.164560] bounce: pool size: 64 pages
[    0.164673] Block layer SCSI generic (bsg) driver version 0.4 loaded (major 249)
[    0.164686] io scheduler noop registered
[    0.164694] io scheduler deadline registered
[    0.164715] io scheduler cfq registered (default)
[    0.169618] tegra30-pinctrl 70000868.pinmux: invalid group "sdmmc3_dat6_pd3" for function "rsvd1"
[    0.169633] tegra30-pinctrl 70000868.pinmux: invalid group "sdmmc3_dat7_pd4" for function "rsvd1"
[    0.169649] tegra30-pinctrl 70000868.pinmux: invalid group "vi_vsync_pd6" for function "rsvd1"
[    0.169660] tegra30-pinctrl 70000868.pinmux: invalid group "vi_hsync_pd7" for function "rsvd1"
[    0.170320] tegra30-pinctrl 70000868.pinmux: invalid group "hdmi_int_pn7" for function "rsvd1"
[    0.170385] tegra30-pinctrl 70000868.pinmux: invalid group "ulpi_data3_po4" for function "rsvd1"
[    0.170916] tegra30-pinctrl 70000868.pinmux: invalid group "vi_d10_pt2" for function "rsvd1"
[    0.170932] tegra30-pinctrl 70000868.pinmux: invalid group "vi_d11_pt3" for function "rsvd1"
[    0.170947] tegra30-pinctrl 70000868.pinmux: invalid group "vi_d0_pt4" for function "rsvd1"
[    0.171010] tegra30-pinctrl 70000868.pinmux: invalid group "pu0" for function "rsvd1"
[    0.171057] tegra30-pinctrl 70000868.pinmux: invalid group "pu3" for function "rsvd1"
[    0.171111] tegra30-pinctrl 70000868.pinmux: invalid group "pu6" for function "rsvd1"
[    0.171176] tegra30-pinctrl 70000868.pinmux: invalid group "pv3" for function "rsvd1"
[    0.171964] tegra30-pinctrl 70000868.pinmux: invalid group "pbb0" for function "rsvd1"
[    0.172150] tegra30-pinctrl 70000868.pinmux: invalid group "pcc1" for function "rsvd1"
[    0.176446] tegra-pcie 3000.pcie-controller: 2x3 configuration
[    0.176560] vdd_1v5_gen: supplied by vdd_5v_in
[    0.176605] vdd_pexa,vdd_pexb: supplied by vdd_1v5_gen
[    0.176710] tegra-pcie 3000.pcie-controller: Failed to get supply 'hvdd-pex': -517
[    0.180523] tegra-apbdma 6000a000.dma: Tegra20 APB DMA driver register 32 channels
[    0.181387] tegra-pmc 7000e400.pmc: i2c-thermtrip node not found, emergency thermal reset disabled.
[    0.213628] Serial: 8250/16550 driver, 4 ports, IRQ sharing disabled
[    0.215226] SuperH (H)SCI(F) driver initialized
[    0.215742] msm_serial: driver initialized
[    0.216367] console [ttyS0] disabled
[    0.216402] 70006000.serial: ttyS0 at MMIO 0x70006000 (irq = 331, base_baud = 25500000) is a Tegra
[    1.143395] console [ttyS0] enabled
[    1.147334] STMicroelectronics ASC driver initialized
[    1.153885] [drm] Initialized drm 1.1.0 20060810
[    1.159955] tegra-hdmi 54280000.hdmi: failed to get HDMI regulator
[    1.171388] loop: module loaded
[    1.179025] m25p80 spi32766.1: w25q32 (4096 Kbytes)
[    1.183917] spi32766.1: 'partitions' subnode not found on /spi@7000da00/spi-flash@1. Trying to parse direct subnodes as partitions.
[    1.197480] CAN device driver interface
[    1.202057] igb: Intel(R) Gigabit Ethernet Network Driver - version 5.3.0-k
[    1.209012] igb: Copyright (c) 2007-2014 Intel Corporation.
[    1.216299] pegasus: v0.9.3 (2013/04/25), Pegasus/Pegasus II USB Ethernet driver
[    1.223734] usbcore: registered new interface driver pegasus
[    1.229427] usbcore: registered new interface driver asix
[    1.234847] usbcore: registered new interface driver ax88179_178a
[    1.240957] usbcore: registered new interface driver cdc_ether
[    1.246819] usbcore: registered new interface driver smsc75xx
[    1.252599] usbcore: registered new interface driver smsc95xx
[    1.258373] usbcore: registered new interface driver net1080
[    1.264051] usbcore: registered new interface driver cdc_subset
[    1.269988] usbcore: registered new interface driver zaurus
[    1.275613] usbcore: registered new interface driver cdc_ncm
[    1.282512] ehci_hcd: USB 2.0 'Enhanced' Host Controller (EHCI) Driver
[    1.289043] ehci-pci: EHCI PCI platform driver
[    1.293510] ehci-platform: EHCI generic platform driver
[    1.298848] ehci-omap: OMAP-EHCI Host Controller driver
[    1.304147] ehci-orion: EHCI orion driver
[    1.308218] SPEAr-ehci: EHCI SPEAr driver
[    1.312300] ehci-st: EHCI STMicroelectronics driver
[    1.317247] ehci-exynos: EHCI EXYNOS driver
[    1.321515] ehci-atmel: EHCI Atmel driver
[    1.325594] tegra-ehci: Tegra EHCI driver
[    1.329916] ohci_hcd: USB 1.1 'Open' Host Controller (OHCI) Driver
[    1.336102] ohci-pci: OHCI PCI platform driver
[    1.340574] ohci-platform: OHCI generic platform driver
[    1.345892] ohci-omap3: OHCI OMAP3 driver
[    1.349975] SPEAr-ohci: OHCI SPEAr driver
[    1.354057] ohci-st: OHCI STMicroelectronics driver
[    1.359004] ohci-atmel: OHCI Atmel driver
[    1.363294] usbcore: registered new interface driver usb-storage
[    1.370198] mousedev: PS/2 mouse device common for all mice
[    1.377846] tegra_rtc 7000e000.rtc: rtc core: registered 7000e000.rtc as rtc1
[    1.385014] tegra_rtc 7000e000.rtc: Tegra internal Real Time Clock
[    1.403721] tps65910-rtc tps65910-rtc: rtc core: registered tps65910-rtc as rtc0
[    1.411306] i2c /dev entries driver
[    1.419614] sdhci: Secure Digital Host Controller Interface driver
[    1.425793] sdhci: Copyright(c) Pierre Ossman
[    1.431031] Synopsys Designware Multimedia Card Interface Driver
[    1.437663] sdhci-pltfm: SDHCI platform and OF driver helper
[    1.443834] sdhci-tegra 78000000.sdhci: Got CD GPIO
[    1.448721] sdhci-tegra 78000000.sdhci: Got WP GPIO
[    1.454729] sdhci-tegra 78000000.sdhci: No vmmc regulator found
[    1.460646] sdhci-tegra 78000000.sdhci: No vqmmc regulator found
[    1.466644] mmc0: Invalid maximum block size, assuming 512 bytes
[    1.508452] mmc0: SDHCI controller on 78000000.sdhci [78000000.sdhci] using ADMA
[    1.517014] sdhci-tegra 78000600.sdhci: No vmmc regulator found
[    1.522932] sdhci-tegra 78000600.sdhci: No vqmmc regulator found
[    1.528937] mmc1: Invalid maximum block size, assuming 512 bytes
[    1.568381] mmc1: SDHCI controller on 78000600.sdhci [78000600.sdhci] using ADMA
[    1.576716] ledtrig-cpu: registered to indicate activity on CPUs
[    1.582852] usbcore: registered new interface driver usbhid
[    1.588419] usbhid: USB HID core driver
[    1.594901] NET: Registered protocol family 10
[    1.599907] sit: IPv6 over IPv4 tunneling driver
[    1.604956] NET: Registered protocol family 17
[    1.609415] can: controller area network core (rev 20120528 abi 9)
[    1.615630] NET: Registered protocol family 29
[    1.620075] can: raw protocol (rev 20120528)
[    1.624345] can: broadcast manager protocol (rev 20120528 t)
[    1.630004] can: netlink gateway (rev 20130117) max_hops=1
[    1.635766] Key type dns_resolver registered
[    1.640454] ThumbEE CPU extension supported.
[    1.644738] Registering SWP/SWPB emulation handler
[    1.654642] mmc1: new high speed MMC card at address 0001
[    1.661165] mmcblk0: mmc1:0001 SEM16G 14.8 GiB 
[    1.667135] mmcblk0boot0: mmc1:0001 SEM16G partition 1 1.00 MiB
[    1.675491] mmcblk0boot1: mmc1:0001 SEM16G partition 2 1.00 MiB
[    1.682829] mmcblk0rpmb: mmc1:0001 SEM16G partition 3 128 KiB
[    1.690429] tegra-pcie 3000.pcie-controller: 2x3 configuration
[    1.695124] Primary GPT is invalid, using alternate GPT.
[    1.695139]  mmcblk0: p1 p2 p3 p4 p5
[    1.705328] sys_3v3,vdd_3v3_alw: supplied by vdd_5v_in
[    1.710494] sys_3v3_pexs: supplied by sys_3v3,vdd_3v3_alw
[    1.718446] tegra-pcie 3000.pcie-controller: probing port 0, using 2 lanes
[    1.783584] tegra-pcie 3000.pcie-controller: probing port 2, using 2 lanes
[    2.194222] tegra-pcie 3000.pcie-controller: link 2 down, retrying
[    2.604161] tegra-pcie 3000.pcie-controller: link 2 down, retrying
[    3.014103] tegra-pcie 3000.pcie-controller: link 2 down, retrying
[    3.022291] tegra-pcie 3000.pcie-controller: link 2 down, ignoring
[    3.028592] tegra-pcie 3000.pcie-controller: PCI host bridge to bus 0000:00
[    3.035552] pci_bus 0000:00: root bus resource [mem 0x20000000-0x27ffffff]
[    3.042417] pci_bus 0000:00: root bus resource [mem 0x28000000-0x3fffffff pref]
[    3.049717] pci_bus 0000:00: root bus resource [bus 00-ff]
[    3.055194] pci_bus 0000:00: root bus resource [io  0x1000-0xffff]
[    3.061387] pci 0000:00:01.0: [10de:0e1c] type 01 class 0x060400
[    3.067443] pci 0000:00:01.0: PME# supported from D0 D1 D2 D3hot D3cold
[    3.074202] PCI: bus0: Fast back to back transfers disabled
[    3.079772] pci 0000:00:01.0: bridge configuration invalid ([bus 00-00]), reconfiguring
[    3.087861] pci 0000:01:00.0: [10ec:8168] type 00 class 0x020000
[    3.093891] pci 0000:01:00.0: reg 0x10: [io  0x0000-0x00ff]
[    3.099470] pci 0000:01:00.0: reg 0x18: [mem 0x00000000-0x00000fff 64bit pref]
[    3.106689] pci 0000:01:00.0: reg 0x20: [mem 0x00000000-0x00003fff 64bit pref]
[    3.113955] pci 0000:01:00.0: supports D1 D2
[    3.118212] pci 0000:01:00.0: PME# supported from D0 D1 D2 D3hot D3cold
[    3.133400] PCI: bus1: Fast back to back transfers disabled
[    3.138970] pci_bus 0000:01: busn_res: [bus 01-ff] end is updated to 01
[    3.145633] pci 0000:00:01.0: BAR 9: assigned [mem 0x28000000-0x280fffff 64bit pref]
[    3.153372] pci 0000:00:01.0: BAR 7: assigned [io  0x1000-0x1fff]
[    3.159460] pci 0000:01:00.0: BAR 4: assigned [mem 0x28000000-0x28003fff 64bit pref]
[    3.167202] pci 0000:01:00.0: BAR 2: assigned [mem 0x28004000-0x28004fff 64bit pref]
[    3.174942] pci 0000:01:00.0: BAR 0: assigned [io  0x1000-0x10ff]
[    3.181030] pci 0000:00:01.0: PCI bridge to [bus 01]
[    3.185989] pci 0000:00:01.0:   bridge window [io  0x1000-0x1fff]
[    3.192074] pci 0000:00:01.0:   bridge window [mem 0x28000000-0x280fffff 64bit pref]
[    3.199818] pci 0000:00:01.0: nv_msi_ht_cap_quirk didn't locate host bridge
[    3.206881] pcieport 0000:00:01.0: enabling device (0140 -> 0143)
[    3.213111] pcieport 0000:00:01.0: Signaling PME through PCIe PME interrupt
[    3.220069] pci 0000:01:00.0: Signaling PME through PCIe PME interrupt
[    3.226588] pcie_pme 0000:00:01.0:pcie01: service driver pcie_pme loaded
[    3.233459] r8169 Gigabit Ethernet driver 2.3LK-NAPI loaded
[    3.239043] r8169 0000:01:00.0: enabling device (0140 -> 0143)
[    3.246138] r8169 0000:01:00.0 eth0: RTL8168evl/8111evl at 0xf08d6000, 02:04:4b:01:60:a6, XID 0c900800 IRQ 375
[    3.256139] r8169 0000:01:00.0 eth0: jumbo features [frames: 9200 bytes, tx checksumming: ko]
[    3.265404] +VDD_5V_HDMI: supplied by sys_3v3,vdd_3v3_alw
[    3.270919] vdd_1v8_gen: supplied by vdd_5v_in
[    3.277564] [drm] Supports vblank timestamp caching Rev 2 (21.10.2013).
[    3.284179] [drm] No driver support for vblank timestamp query.
[    3.290119] drm drm: No connectors reported connected with modes
[    3.296125] [drm] Cannot find any crtc or sizes - going 1024x768
[    3.323189] Console: switching to colour frame buffer device 128x48
[    3.335931] drm drm: fb0:  frame buffer device
[    3.353382] [drm] Initialized tegra 0.0.0 20120330 on minor 0
[    3.361817] usb3_vbus: supplied by vdd_5v_in
[    3.368165] utmi_phy_clk_enable: timeout waiting for phy to stabilize
[    3.374630] tegra-ehci 7d004000.usb: EHCI Host Controller
[    3.380039] tegra-ehci 7d004000.usb: new USB bus registered, assigned bus number 1
[    3.389100] tegra-ehci 7d004000.usb: irq 343, io mem 0x7d004000
[    3.403776] tegra-ehci 7d004000.usb: USB 2.0 started, EHCI 1.00
[    3.410241] hub 1-0:1.0: USB hub found
[    3.414024] hub 1-0:1.0: 1 port detected
[    3.418854] tegra-ehci 7d008000.usb: EHCI Host Controller
[    3.424262] tegra-ehci 7d008000.usb: new USB bus registered, assigned bus number 2
[    3.431997] tegra-ehci 7d008000.usb: irq 344, io mem 0x7d008000
[    3.443379] tegra-ehci 7d008000.usb: USB 2.0 started, EHCI 1.00
[    3.449747] hub 2-0:1.0: USB hub found
[    3.453517] hub 2-0:1.0: 1 port detected
[    3.461487] tps65910-rtc tps65910-rtc: setting system clock to 2000-01-01 00:00:02 UTC (946684802)
[    3.475462] vdd_sata,avdd_plle: disabling
[    3.480244] usb1_vbus: disabling
[    3.486196] EXT4-fs (mmcblk0p1): mounting ext3 file system using the ext4 subsystem
[    3.501714] EXT4-fs (mmcblk0p1): warning: mounting fs with errors, running e2fsck is recommended
[    3.511952] EXT4-fs (mmcblk0p1): recovery complete
[    3.516758] EXT4-fs (mmcblk0p1): mounted filesystem with ordered data mode. Opts: (null)
[    3.524868] VFS: Mounted root (ext3 filesystem) on device 179:1.
[    3.542328] devtmpfs: mounted
[    3.546292] Freeing unused kernel memory: 1040K (c0d94000 - c0e98000)
bash: cannot set terminal process group (-1): Inappropriate ioctl for device
bash: no job control in this shell
root@(none):/# [    3.763785] usb 2-1: new high-speed USB device number 2 using tegra-ehci
mount -t sysfs none /sys
root@(none):/# 
root@(none):/# [    4.710512] asix 2-1:1.0 eth1: register 'asix' at usb-7d008000.usb-1, ASIX AX88772 USB 2.0 Ethernet, 00:50:b6:0f:67:60
mount -t debugfs none /sys/kernel/debug
root@(none):/# 
root@(none):/# rtcwake -d rtc1 -m mem -s 3
rtcwake: wakeup from "mem" using /dev/rtc1 at Thu Jan  1 00:00:21 1970
[    6.566620] PM: Syncing filesystems ... done.
[    6.580304] Freezing user space processes ... (elapsed 0.001 seconds) done.
[    6.588395] Freezing remaining freezable tasks ... (elapsed 0.001 seconds) done.
[    6.596943] Suspending console(s) (use no_console_suspend to debug)
[    6.642783] PM: suspend of devices complete after 38.448 msecs
[    6.644181] PM: late suspend of devices complete after 1.390 msecs
[    6.659096] PM: noirq suspend of devices complete after 14.909 msecs
[    6.659099] Disabling non-boot CPUs ...
[    6.659701] CPU1: shutdown
[    6.684681] CPU2: shutdown
[    6.699407] CPU3: shutdown
[    6.713846] Entering suspend state LP1
[    6.713858] Enabling non-boot CPUs ...
[    6.739369] CPU1 is up
[    6.764484] CPU2 is up
[    6.789610] CPU3 is up
[    6.790400] pcieport 0000:00:01.0: nv_msi_ht_cap_quirk didn't locate host bridge
[    6.803513] PM: noirq resume of devices complete after 13.894 msecs
[    6.806673] PM: early resume of devices complete after 2.765 msecs
[    6.961264] PM: resume of devices complete after 154.582 msecs
[    7.032291] Restarting tasks ... done.
root@(none):/# 
root@(none):/# rtcwake -d rtc1 -m mem -s 3
rtcwake: wakeup from "mem" using /dev/rtc1 at Thu Jan  1 00:00:26 1970
[    8.234930] PM: Syncing filesystems ... done.
[    8.246792] Freezing user space processes ... (elapsed 0.001 seconds) done.
[    8.254897] Freezing remaining freezable tasks ... (elapsed 0.001 seconds) done.
[    8.263454] Suspending console(s) (use no_console_suspend to debug)
[    8.303126] PM: suspend of devices complete after 32.420 msecs
[    8.306442] PM: late suspend of devices complete after 3.307 msecs
[    8.319070] PM: noirq suspend of devices complete after 12.621 msecs
[    8.319073] Disabling non-boot CPUs ...
[    8.319693] CPU1: shutdown
[    8.334672] CPU2: shutdown
[    8.349296] CPU3: shutdown
[    8.363807] Entering suspend state LP1
[    8.363821] Enabling non-boot CPUs ...
[    8.389513] CPU1 is up
[    8.414597] CPU2 is up
[    8.439717] CPU3 is up
[    8.440698] pcieport 0000:00:01.0: nv_msi_ht_cap_quirk didn't locate host bridge
[    8.453494] PM: noirq resume of devices complete after 13.768 msecs
[    8.456982] PM: early resume of devices complete after 3.065 msecs
[    8.611023] PM: resume of devices complete after 154.030 msecs
[    8.682194] Restarting tasks ... done.
root@(none):/# 
root@(none):/# rtcwake -d rtc1 -m mem -s 3
rtcwake: wakeup from "mem" using /dev/rtc1 at Thu Jan  1 00:00:31 1970
[    9.886134] PM: Syncing filesystems ... done.
[    9.900163] Freezing user space processes ... (elapsed 0.001 seconds) done.
[    9.908290] Freezing remaining freezable tasks ... (elapsed 0.001 seconds) done.
[    9.916875] Suspending console(s) (use no_console_suspend to debug)
[    9.959835] PM: suspend of devices complete after 35.386 msecs
[    9.962542] PM: late suspend of devices complete after 2.695 msecs
[    9.974214] PM: noirq suspend of devices complete after 11.665 msecs
[    9.974219] Disabling non-boot CPUs ...
[    9.974990] CPU1: shutdown
[    9.999826] CPU2: shutdown
[   10.014398] CPU3: shutdown
[   10.028817] Entering suspend state LP1
[   10.028832] Enabling non-boot CPUs ...
[   10.054483] CPU1 is up
[   10.079570] CPU2 is up
[   10.104710] CPU3 is up
[   10.105693] pcieport 0000:00:01.0: nv_msi_ht_cap_quirk didn't locate host bridge
[   10.118484] PM: noirq resume of devices complete after 13.766 msecs
[   10.121692] PM: early resume of devices complete after 2.795 msecs
[   10.271227] PM: resume of devices complete after 149.525 msecs
[   10.342397] Restarting tasks ... done.
root@(none):/# 
root@(none):/# rtcwake -d rtc1 -m mem -s 3
rtcwake: wakeup from "mem" using /dev/rtc1 at Thu Jan  1 00:00:36 1970
[   11.550543] PM: Syncing filesystems ... done.
[   11.564548] Freezing user space processes ... (elapsed 0.001 seconds) done.
[   11.572682] Freezing remaining freezable tasks ... (elapsed 0.001 seconds) done.
[   11.581274] Suspending console(s) (use no_console_suspend to debug)
[   11.624824] PM: suspend of devices complete after 35.978 msecs
[   11.627534] PM: late suspend of devices complete after 2.700 msecs
[   11.639176] PM: noirq suspend of devices complete after 11.634 msecs
[   11.639180] Disabling non-boot CPUs ...
[   11.639945] CPU1: shutdown
[   11.664824] CPU2: shutdown
[   11.679397] CPU3: shutdown
[   11.693793] Entering suspend state LP1
[   11.693808] Enabling non-boot CPUs ...
[   11.719466] CPU1 is up
[   11.744567] CPU2 is up
[   11.769690] CPU3 is up
[   11.770659] pcieport 0000:00:01.0: nv_msi_ht_cap_quirk didn't locate host bridge
[   11.783479] PM: noirq resume of devices complete after 13.779 msecs
[   11.786893] PM: early resume of devices complete after 2.980 msecs
[   11.942316] PM: resume of devices complete after 155.414 msecs
[   12.013509] Restarting tasks ... done.
root@(none):/# 
root@(none):/# rtcwake -d rtc1 -m mem -s 3
rtcwake: wakeup from "mem" using /dev/rtc1 at Thu Jan  1 00:00:41 1970
[   13.221360] PM: Syncing filesystems ... done.
[   13.235398] Freezing user space processes ... (elapsed 0.001 seconds) done.
[   13.243550] Freezing remaining freezable tasks ... (elapsed 0.001 seconds) done.
[   13.252141] Suspending console(s) (use no_console_suspend to debug)
[   13.292807] PM: suspend of devices complete after 33.120 msecs
[   13.294965] PM: late suspend of devices complete after 2.147 msecs
[   13.309167] PM: noirq suspend of devices complete after 14.194 msecs
[   13.309173] Disabling non-boot CPUs ...
[   13.309930] CPU1: shutdown
[   13.324811] CPU2: shutdown
[   13.339308] CPU3: shutdown
[   13.353761] Entering suspend state LP1
[   13.353775] Enabling non-boot CPUs ...
[   13.379425] CPU1 is up
[   13.404537] CPU2 is up
[   13.429657] CPU3 is up
[   13.430601] pcieport 0000:00:01.0: nv_msi_ht_cap_quirk didn't locate host bridge
[   13.443446] PM: noirq resume of devices complete after 13.780 msecs
[   13.446942] PM: early resume of devices complete after 3.062 msecs
[   13.601715] PM: resume of devices complete after 154.760 msecs
[   13.672887] Restarting tasks ... done.
root@(none):/# 
root@(none):/# NVTB SYSTEM SUSPEND TEST COMPLETE
