
U-Boot SPL 2014.07-00097-g772e173 (Jul 25 2014 - 20:02:52)


U-Boot 2014.07-00097-g772e173 (Jul 25 2014 - 20:02:52)

TEGRA124
Board: NVIDIA Jetson TK1
I2C:   ready
DRAM:  2 GiB
MMC:   Tegra SD/MMC: 0, Tegra SD/MMC: 1
In:    serial
Out:   serial
Err:   serial
Net:   Net Initialization Skipped
No ethernet found.
Hit any key to stop autoboot:  2  0 
Tegra124 (Jetson TK1) # 
Tegra124 (Jetson TK1) # usb reset
(Re)start USB...
USB0:   USB EHCI 1.10
scanning bus 0 for devices... 1 USB Device(s) found
USB1:   USB EHCI 1.10
scanning bus 1 for devices... 2 USB Device(s) found
       scanning usb for storage devices... 0 Storage Device(s) found
       scanning usb for ethernet devices... 
Warning: asx0 using MAC address from net device
1 Ethernet Device(s) found
Tegra124 (Jetson TK1) # setenv bootargs 'ignore_loglevel console=ttyS0,115200n8 rw root=/dev/mmcblk0p1 rootwait gpt debug init=/bin/bash noinitrd'
Tegra124 (Jetson TK1) # setenv ipaddr 192.168.100.102; setenv serverip 192.168.100.1; setenv tftpserverip 192.168.100.1
Tegra124 (Jetson TK1) # tftpboot 0x81000000 zImage.multi_v7_defconfig
Using asx0 device
TFTP from server 192.168.100.1; our IP address is 192.168.100.102
Filename 'zImage.multi_v7_defconfig'.
Load address: 0x81000000
Loading: *#################################################################
	 #################################################################
	 #################################################################
	 #################################################################
	 #################################################################
	 #################################################################
	 #########################
	 3.3 MiB/s
done
Bytes transferred = 6081240 (5ccad8 hex)
Tegra124 (Jetson TK1) # tftpboot 0x82000000 tegra124-jetson-tk1.dtb
Using asx0 device
TFTP from server 192.168.100.1; our IP address is 192.168.100.102
Filename 'tegra124-jetson-tk1.dtb'.
Load address: 0x82000000
Loading: *####
	 2.9 MiB/s
done
Bytes transferred = 49059 (bfa3 hex)
Tegra124 (Jetson TK1) # bootz 0x81000000 - 0x82000000
Kernel image @ 0x81000000 [ 0x000000 - 0x5ccad8 ]
## Flattened Device Tree blob at 82000000
   Booting using the fdt blob at 0x82000000
   Using Device Tree in place at 82000000, end 8200efa2

Starting kernel ...

[    0.000000] Booting Linux on physical CPU 0x0
[    0.000000] Linux version 4.0.0-rc5-00334-gbc465aa (pwalmsley@sellafield) (gcc version 4.7.3 20130328 (prerelease) (crosstool-NG linaro-1.13.1-4.7-2013.04-20130415 - Linaro GCC 2013.04) ) #1 SMP Tue Mar 24 18:02:30 PDT 2015
[    0.000000] CPU: ARMv7 Processor [413fc0f3] revision 3 (ARMv7), cr=10c5387d
[    0.000000] CPU: PIPT / VIPT nonaliasing data cache, PIPT instruction cache
[    0.000000] Machine model: NVIDIA Tegra124 Jetson TK1
[    0.000000] debug: ignoring loglevel setting.
[    0.000000] cma: Reserved 64 MiB at 0xfb800000
[    0.000000] Memory policy: Data cache writealloc
[    0.000000] On node 0 totalpages: 524032
[    0.000000] free_area_init_node: node 0, pgdat c0ec7e40, node_mem_map ee7f8000
[    0.000000]   DMA zone: 1520 pages used for memmap
[    0.000000]   DMA zone: 0 pages reserved
[    0.000000]   DMA zone: 194560 pages, LIFO batch:31
[    0.000000]   HighMem zone: 329472 pages, LIFO batch:31
[    0.000000] PERCPU: Embedded 11 pages/cpu @ee79a000 s12480 r8192 d24384 u45056
[    0.000000] pcpu-alloc: s12480 r8192 d24384 u45056 alloc=11*4096
[    0.000000] pcpu-alloc: [0] 0 [0] 1 [0] 2 [0] 3 
[    0.000000] Built 1 zonelists in Zone order, mobility grouping on.  Total pages: 522512
[    0.000000] Kernel command line: ignore_loglevel console=ttyS0,115200n8 rw root=/dev/mmcblk0p1 rootwait gpt debug init=/bin/bash noinitrd
[    0.000000] PID hash table entries: 4096 (order: 2, 16384 bytes)
[    0.000000] Dentry cache hash table entries: 131072 (order: 7, 524288 bytes)
[    0.000000] Inode-cache hash table entries: 65536 (order: 6, 262144 bytes)
[    0.000000] Memory: 1999580K/2096128K available (7830K kernel code, 1015K rwdata, 3412K rodata, 800K init, 316K bss, 31012K reserved, 65536K cma-reserved, 1252352K highmem)
[    0.000000] Virtual kernel memory layout:
[    0.000000]     vector  : 0xffff0000 - 0xffff1000   (   4 kB)
[    0.000000]     fixmap  : 0xffc00000 - 0xfff00000   (3072 kB)
[    0.000000]     vmalloc : 0xf0000000 - 0xff000000   ( 240 MB)
[    0.000000]     lowmem  : 0xc0000000 - 0xef800000   ( 760 MB)
[    0.000000]     pkmap   : 0xbfe00000 - 0xc0000000   (   2 MB)
[    0.000000]     modules : 0xbf000000 - 0xbfe00000   (  14 MB)
[    0.000000]       .text : 0xc0208000 - 0xc0d03b20   (11247 kB)
[    0.000000]       .init : 0xc0d04000 - 0xc0dcc000   ( 800 kB)
[    0.000000]       .data : 0xc0dcc000 - 0xc0ec9d60   (1016 kB)
[    0.000000]        .bss : 0xc0ec9d60 - 0xc0f18e68   ( 317 kB)
[    0.000000] SLUB: HWalign=64, Order=0-3, MinObjects=0, CPUs=4, Nodes=1
[    0.000000] Hierarchical RCU implementation.
[    0.000000] 	Additional per-CPU info printed with stalls.
[    0.000000] 	RCU restricting CPUs from NR_CPUS=16 to nr_cpu_ids=4.
[    0.000000] RCU: Adjusting geometry for rcu_fanout_leaf=16, nr_cpu_ids=4
[    0.000000] NR_IRQS:16 nr_irqs:16 16
[    0.000000] L2C: failed to init: -19
[    0.000009] sched_clock: 32 bits at 1000kHz, resolution 1000ns, wraps every 2147483648000ns
[    0.000029] Switching to timer-based delay loop, resolution 1000ns
[    0.003930] Architected cp15 timer(s) running at 12.00MHz (virt).
[    0.003952] sched_clock: 56 bits at 12MHz, resolution 83ns, wraps every 2863311536128ns
[    0.003965] Switching to timer-based delay loop, resolution 83ns
[    0.004349] Console: colour dummy device 80x30
[    0.004371] Calibrating delay loop (skipped), value calculated using timer frequency.. 24.00 BogoMIPS (lpj=60000)
[    0.004386] pid_max: default: 32768 minimum: 301
[    0.004494] Mount-cache hash table entries: 2048 (order: 1, 8192 bytes)
[    0.004505] Mountpoint-cache hash table entries: 2048 (order: 1, 8192 bytes)
[    0.005089] CPU: Testing write buffer coherency: ok
[    0.005288] /cpus/cpu@0 missing clock-frequency property
[    0.005322] /cpus/cpu@1 missing clock-frequency property
[    0.005355] /cpus/cpu@2 missing clock-frequency property
[    0.005388] /cpus/cpu@3 missing clock-frequency property
[    0.005400] CPU0: thread -1, cpu 0, socket 0, mpidr 80000000
[    0.005447] Setting up static identity map for 0x80967850 - 0x809678e8
[    0.008070] Tegra Revision: A01 SKU: 129 CPU Process: 1 Core Process: 1
[    0.009233] CPU1: thread -1, cpu 1, socket 0, mpidr 80000001
[    0.009749] CPU2: thread -1, cpu 2, socket 0, mpidr 80000002
[    0.010249] CPU3: thread -1, cpu 3, socket 0, mpidr 80000003
[    0.010311] Brought up 4 CPUs
[    0.010332] SMP: Total of 4 processors activated (96.00 BogoMIPS).
[    0.010339] CPU: All CPU(s) started in SVC mode.
[    0.010857] devtmpfs: initialized
[    0.011727] VFP support v0.3: implementor 41 architecture 4 part 30 variant f rev 0
[    0.013830] pinctrl core: initialized pinctrl subsystem
[    0.030712] NET: Registered protocol family 16
[    0.032685] DMA: preallocated 256 KiB pool for atomic coherent allocations
[    0.048739] cpuidle: using governor ladder
[    0.063755] cpuidle: using governor menu
[    0.078790] No ATAGs?
[    0.078825] hw-breakpoint: found 5 (+1 reserved) breakpoint and 4 watchpoint registers.
[    0.078836] hw-breakpoint: maximum watchpoint size is 8 bytes.
[    0.082537] Serial: AMBA PL011 UART driver
[    0.112819] +5V_SYS: supplied by +VDD_MUX
[    0.113109] +3.3V_SYS: supplied by +VDD_MUX
[    0.113255] platform regulators:regulator@3: Driver reg-fixed-voltage requests probe deferral
[    0.113470] reg-fixed-voltage regulators:regulator@4: Failed to find supply vin
[    0.113593] reg-fixed-voltage regulators:regulator@4: Failed to register regulator: -517
[    0.113614] platform regulators:regulator@4: Driver reg-fixed-voltage requests probe deferral
[    0.113809] +USB0_VBUS_SW: Failed to request enable GPIO108: -517
[    0.113941] reg-fixed-voltage regulators:regulator@7: Failed to register regulator: -517
[    0.113961] platform regulators:regulator@7: Driver reg-fixed-voltage requests probe deferral
[    0.114155] +5V_USB_HS: Failed to request enable GPIO109: -517
[    0.114264] reg-fixed-voltage regulators:regulator@8: Failed to register regulator: -517
[    0.114284] platform regulators:regulator@8: Driver reg-fixed-voltage requests probe deferral
[    0.114365] platform regulators:regulator@10: Driver reg-fixed-voltage requests probe deferral
[    0.114558] +1.05V_RUN_AVDD_HDMI_PLL: Failed to request enable GPIO63: -517
[    0.114666] reg-fixed-voltage regulators:regulator@11: Failed to register regulator: -517
[    0.114686] platform regulators:regulator@11: Driver reg-fixed-voltage requests probe deferral
[    0.114877] +5V_HDMI_CON: Failed to request enable GPIO86: -517
[    0.114983] reg-fixed-voltage regulators:regulator@12: Failed to register regulator: -517
[    0.115003] platform regulators:regulator@12: Driver reg-fixed-voltage requests probe deferral
[    0.115193] +5V_SATA: Failed to request enable GPIO242: -517
[    0.115300] reg-fixed-voltage regulators:regulator@13: Failed to register regulator: -517
[    0.115320] platform regulators:regulator@13: Driver reg-fixed-voltage requests probe deferral
[    0.115509] +12V_SATA: Failed to request enable GPIO242: -517
[    0.115615] reg-fixed-voltage regulators:regulator@14: Failed to register regulator: -517
[    0.115634] platform regulators:regulator@14: Driver reg-fixed-voltage requests probe deferral
[    0.118331] vgaarb: loaded
[    0.119048] SCSI subsystem initialized
[    0.119223] libata version 3.00 loaded.
[    0.119540] usbcore: registered new interface driver usbfs
[    0.119612] usbcore: registered new interface driver hub
[    0.119687] usbcore: registered new device driver usb
[    0.123019] media: Linux media interface: v0.10
[    0.123085] Linux video capture interface: v2.00
[    0.123137] pps_core: LinuxPPS API ver. 1 registered
[    0.123144] pps_core: Software ver. 5.3.6 - Copyright 2005-2007 Rodolfo Giometti <giometti@linux.it>
[    0.123172] PTP clock support registered
[    0.123405] EDAC MC: Ver: 3.0.0
[    0.124548] Advanced Linux Sound Architecture Driver Initialized.
[    0.125625] Switched to clocksource arch_sys_counter
[    0.136023] NET: Registered protocol family 2
[    0.136614] TCP established hash table entries: 8192 (order: 3, 32768 bytes)
[    0.136704] TCP bind hash table entries: 8192 (order: 4, 65536 bytes)
[    0.136891] TCP: Hash tables configured (established 8192 bind 8192)
[    0.136937] TCP: reno registered
[    0.136950] UDP hash table entries: 512 (order: 2, 16384 bytes)
[    0.136991] UDP-Lite hash table entries: 512 (order: 2, 16384 bytes)
[    0.137165] NET: Registered protocol family 1
[    0.137411] RPC: Registered named UNIX socket transport module.
[    0.137421] RPC: Registered udp transport module.
[    0.137428] RPC: Registered tcp transport module.
[    0.137435] RPC: Registered tcp NFSv4.1 backchannel transport module.
[    0.137454] PCI: CLS 0 bytes, default 64
[    0.139705] futex hash table entries: 1024 (order: 4, 65536 bytes)
[    0.151643] squashfs: version 4.0 (2009/01/31) Phillip Lougher
[    0.152573] NFS: Registering the id_resolver key type
[    0.152606] Key type id_resolver registered
[    0.152614] Key type id_legacy registered
[    0.152687] ntfs: driver 2.1.31 [Flags: R/O].
[    0.153853] bounce: pool size: 64 pages
[    0.154077] Block layer SCSI generic (bsg) driver version 0.4 loaded (major 248)
[    0.154095] io scheduler noop registered
[    0.154110] io scheduler deadline registered
[    0.154319] io scheduler cfq registered (default)
[    0.169864] tegra-pcie 1003000.pcie-controller: 2x1, 1x1 configuration
[    0.169911] tegra-pcie 1003000.pcie-controller: Failed to get supply 'avddio-pex': -517
[    0.169944] platform 1003000.pcie-controller: Driver tegra-pcie requests probe deferral
[    0.176264] tegra-apbdma 60020000.dma: Tegra20 APB DMA driver register 32 channels
[    0.176959] tegra-pmc 7000e400.pmc: emergency thermal reset enabled
[    0.240739] Serial: 8250/16550 driver, 4 ports, IRQ sharing disabled
[    0.242960] SuperH (H)SCI(F) driver initialized
[    0.243678] msm_serial: driver initialized
[    0.244519] console [ttyS0] disabled
[    0.244554] 70006300.serial: ttyS0 at MMIO 0x70006300 (irq = 330, base_baud = 25500000) is a Tegra
[    1.140835] console [ttyS0] enabled
[    1.145116] STMicroelectronics ASC driver initialized
[    1.152312] [drm] Initialized drm 1.1.0 20060810
[    1.158706] tegra-hdmi 54280000.hdmi: failed to get HDMI regulator
[    1.164912] platform 54280000.hdmi: Driver tegra-hdmi requests probe deferral
[    1.178752] loop: module loaded
[    1.182210] at24 0-0056: 256 byte 24c02 EEPROM, writable, 8 bytes/write
[    1.190126] as3722 4-0040: AS3722 with revision 0x1 found
[    1.201206] +1.35V_LP0(sd2): supplied by +5V_SYS
[    1.206374] +1.35V_LP0(sd3): supplied by +5V_SYS
[    1.211553] +1.05V_RUN: supplied by +5V_SYS
[    1.216161] +1.8V_VDDIO: supplied by +5V_SYS
[    1.222223] +1.05V_RUN_AVDD: supplied by +1.35V_LP0(sd2)
[    1.228547] as3722-regulator as3722-regulator: Failed to find supply vin-ldo1-6
[    1.235981] as3722-regulator as3722-regulator: regulator 8 register failed -517
[    1.244588] platform as3722-regulator: Driver as3722-regulator requests probe deferral
[    1.254734] tegra-ahci 70027000.sata: Failed to get supply 'avdd': -517
[    1.261363] tegra-ahci 70027000.sata: Failed to get regulators
[    1.267232] platform 70027000.sata: Driver tegra-ahci requests probe deferral
[    1.278575] m25p80 spi32765.0: w25q32dw (4096 Kbytes)
[    1.286865] CAN device driver interface
[    1.291875] igb: Intel(R) Gigabit Ethernet Network Driver - version 5.2.15-k
[    1.298924] igb: Copyright (c) 2007-2014 Intel Corporation.
[    1.306615] pegasus: v0.9.3 (2013/04/25), Pegasus/Pegasus II USB Ethernet driver
[    1.314065] usbcore: registered new interface driver pegasus
[    1.319797] usbcore: registered new interface driver asix
[    1.325250] usbcore: registered new interface driver ax88179_178a
[    1.331397] usbcore: registered new interface driver cdc_ether
[    1.337310] usbcore: registered new interface driver smsc75xx
[    1.343131] usbcore: registered new interface driver smsc95xx
[    1.348931] usbcore: registered new interface driver net1080
[    1.354645] usbcore: registered new interface driver cdc_subset
[    1.360627] usbcore: registered new interface driver zaurus
[    1.366290] usbcore: registered new interface driver cdc_ncm
[    1.373090] ehci_hcd: USB 2.0 'Enhanced' Host Controller (EHCI) Driver
[    1.379627] ehci-pci: EHCI PCI platform driver
[    1.384128] ehci-platform: EHCI generic platform driver
[    1.389567] ehci-omap: OMAP-EHCI Host Controller driver
[    1.394935] ehci-orion: EHCI orion driver
[    1.399089] SPEAr-ehci: EHCI SPEAr driver
[    1.403255] ehci-st: EHCI STMicroelectronics driver
[    1.408284] ehci-exynos: EHCI EXYNOS driver
[    1.412633] tegra-ehci: Tegra EHCI driver
[    1.416918] platform 7d004000.usb: Driver tegra-ehci requests probe deferral
[    1.424112] platform 7d008000.usb: Driver tegra-ehci requests probe deferral
[    1.431243] ohci_hcd: USB 1.1 'Open' Host Controller (OHCI) Driver
[    1.437440] ohci-pci: OHCI PCI platform driver
[    1.441943] ohci-platform: OHCI generic platform driver
[    1.447338] ohci-omap3: OHCI OMAP3 driver
[    1.451494] SPEAr-ohci: OHCI SPEAr driver
[    1.455652] ohci-st: OHCI STMicroelectronics driver
[    1.460755] usbcore: registered new interface driver usb-storage
[    1.466988] tegra-phy 7d004000.usb-phy: no vbus regulator
[    1.472685] platform 7d008000.usb-phy: Driver tegra-phy requests probe deferral
[    1.481761] mousedev: PS/2 mouse device common for all mice
[    1.490931] as3722-rtc as3722-rtc: rtc core: registered as3722-rtc as rtc0
[    1.497826] as3722-rtc as3722-rtc: RTC interrupt 364
[    1.506043] tegra_rtc 7000e000.rtc: rtc core: registered 7000e000.rtc as rtc1
[    1.513227] tegra_rtc 7000e000.rtc: Tegra internal Real Time Clock
[    1.519998] i2c /dev entries driver
[    1.526378] usbcore: registered new interface driver uvcvideo
[    1.532131] USB Video Class driver (1.1.1)
[    1.536241] gspca_main: v2.14.0 registered
[    1.541659] 0-004c supply vcc not found, using dummy regulator
[    1.552165] Driver 'mmcblk' needs updating - please use bus_type methods
[    1.558948] sdhci: Secure Digital Host Controller Interface driver
[    1.565131] sdhci: Copyright(c) Pierre Ossman
[    1.570710] Synopsys Designware Multimedia Card Interface Driver
[    1.577784] sdhci-pltfm: SDHCI platform and OF driver helper
[    1.584108] sdhci-tegra 700b0400.sdhci: Got CD GPIO
[    1.589011] sdhci-tegra 700b0400.sdhci: Got WP GPIO
[    1.593935] mmc0: Unknown controller version (3). You may experience problems.
[    1.601258] sdhci-tegra 700b0400.sdhci: No vmmc regulator found
[    1.607220] platform 700b0400.sdhci: Driver sdhci-tegra requests probe deferral
[    1.614652] mmc0: Unknown controller version (3). You may experience problems.
[    1.621922] sdhci-tegra 700b0600.sdhci: No vmmc regulator found
[    1.627850] sdhci-tegra 700b0600.sdhci: No vqmmc regulator found
[    1.633857] mmc0: Invalid maximum block size, assuming 512 bytes
[    1.675645] mmc0: SDHCI controller on 700b0600.sdhci [700b0600.sdhci] using ADMA 64-bit
[    1.684742] ledtrig-cpu: registered to indicate activity on CPUs
[    1.690986] usbcore: registered new interface driver usbhid
[    1.696574] usbhid: USB HID core driver
[    1.704835] usbcore: registered new interface driver snd-usb-audio
[    1.739613] mmc0: MAN_BKOPS_EN bit is not set
[    1.747209] mmc0: new high speed MMC card at address 0001
[    1.752955] mmcblk0: mmc0:0001 SEM16G 14.6 GiB 
[    1.757600] mmcblk0boot0: mmc0:0001 SEM16G partition 1 4.00 MiB
[    1.763628] mmcblk0boot1: mmc0:0001 SEM16G partition 2 4.00 MiB
[    1.769648] mmcblk0rpmb: mmc0:0001 SEM16G partition 3 4.00 MiB
[    1.777448] Primary GPT is invalid, using alternate GPT.
[    1.782798]  mmcblk0: p1 p2 p3 p4 p5 p6 p7 p8 p9
[    2.128554] tegra30-i2s 70301100.i2s: DMA channels sourced from device 70300000.ahub
[    2.144972] tegra-snd-rt5640 sound: rt5640-aif1 <-> 70301100.i2s mapping ok
[    2.154841] input: NVIDIA Tegra Jetson TK1 Headphones as /devices/soc0/sound/sound/card0/input0
[    2.164953] TCP: cubic registered
[    2.168298] NET: Registered protocol family 17
[    2.172766] can: controller area network core (rev 20120528 abi 9)
[    2.179015] NET: Registered protocol family 29
[    2.183474] can: raw protocol (rev 20120528)
[    2.187758] can: broadcast manager protocol (rev 20120528 t)
[    2.193432] can: netlink gateway (rev 20130117) max_hops=1
[    2.199302] Key type dns_resolver registered
[    2.204192] ThumbEE CPU extension supported.
[    2.208493] Registering SWP/SWPB emulation handler
[    2.216063] +3.3V_RUN: supplied by +3.3V_SYS
[    2.220959] +3.3V_AVDD_HDMI_AP_GATED: supplied by +3.3V_RUN
[    2.227183] +USB0_VBUS_SW: supplied by +5V_SYS
[    2.232263] +5V_USB_HS: supplied by +5V_SYS
[    2.238787] +3.3V_LP0: supplied by +3.3V_SYS
[    2.243689] reg-fixed-voltage regulators:regulator@11: Failed to find supply vin
[    2.251284] reg-fixed-voltage regulators:regulator@11: Failed to register regulator: -517
[    2.259522] platform regulators:regulator@11: Driver reg-fixed-voltage requests probe deferral
[    2.269414] +5V_HDMI_CON: supplied by +5V_SYS
[    2.274362] +5V_SATA: supplied by +5V_SYS
[    2.279024] +12V_SATA: supplied by +VDD_MUX
[    2.283930] tegra-pcie 1003000.pcie-controller: 2x1, 1x1 configuration
[    2.290548] tegra-pcie 1003000.pcie-controller: Failed to get supply 'avddio-pex': -517
[    2.298647] platform 1003000.pcie-controller: Driver tegra-pcie requests probe deferral
[    2.308008] tegra-hdmi 54280000.hdmi: failed to get PLL regulator
[    2.314220] platform 54280000.hdmi: Driver tegra-hdmi requests probe deferral
[    2.324304] +1.35V_LP0(sd2): supplied by +5V_SYS
[    2.329273] +1.35V_LP0(sd3): supplied by +5V_SYS
[    2.334282] +1.05V_RUN: supplied by +5V_SYS
[    2.338868] +1.8V_VDDIO: supplied by +5V_SYS
[    2.344675] +1.05V_RUN_AVDD: supplied by +1.35V_LP0(sd2)
[    2.350473] +1.8V_RUN_CAM: supplied by +3.3V_RUN
[    2.356328] +1.2V_GEN_AVDD: supplied by +1.8V_VDDIO
[    2.362474] +1.05V_LP0_VDD_RTC: supplied by +3.3V_SYS
[    2.368086] +2.8V_RUN_CAM: supplied by +3.3V_SYS
[    2.373254] +1.2V_RUN_CAM_FRONT: supplied by +1.8V_VDDIO
[    2.379011] +VDDIO_SDMMC3: supplied by +3.3V_RUN
[    2.384176] +1.05V_RUN_CAM_REAR: supplied by +1.8V_VDDIO
[    2.390210] +3.3V_RUN_TOUCH: supplied by +5V_SYS
[    2.395395] +2.8V_RUN_CAM_AF: supplied by +5V_SYS
[    2.400671] +1.8V_RUN_VPP_FUSE: supplied by +3.3V_RUN
[    2.407949] tegra-ahci 70027000.sata: AHCI 0001.0301 32 slots 2 ports 3 Gbps 0x1 impl platform mode
[    2.417021] tegra-ahci 70027000.sata: flags: 64bit ncq sntf pm led pio slum part sadm sds apst 
[    2.427279] scsi host0: tegra-ahci
[    2.431324] scsi host1: tegra-ahci
[    2.435059] ata1: SATA max UDMA/133 mmio [mem 0x70027000-0x70028fff] port 0x100 irq 340
[    2.443090] ata2: DUMMY
[    2.449336] tegra-ehci 7d004000.usb: EHCI Host Controller
[    2.454792] tegra-ehci 7d004000.usb: new USB bus registered, assigned bus number 1
[    2.462604] tegra-ehci 7d004000.usb: irq 345, io mem 0x7d004000
[    2.475660] tegra-ehci 7d004000.usb: USB 2.0 started, EHCI 1.10
[    2.482639] hub 1-0:1.0: USB hub found
[    2.486473] hub 1-0:1.0: 1 port detected
[    2.491811] platform 7d008000.usb: Driver tegra-ehci requests probe deferral
[    2.501159] sdhci-tegra 700b0400.sdhci: Got CD GPIO
[    2.506101] sdhci-tegra 700b0400.sdhci: Got WP GPIO
[    2.511071] mmc1: Unknown controller version (3). You may experience problems.
[    2.518508] sdhci-tegra 700b0400.sdhci: No vmmc regulator found
[    2.524490] mmc1: Invalid maximum block size, assuming 512 bytes
[    2.566156] mmc1: SDHCI controller on 700b0400.sdhci [700b0400.sdhci] using ADMA 64-bit
[    2.574732] +1.05V_RUN_AVDD_HDMI_PLL: supplied by +1.05V_RUN
[    2.581126] tegra-pcie 1003000.pcie-controller: 2x1, 1x1 configuration
[    2.589039] tegra-pcie 1003000.pcie-controller: probing port 0, using 2 lanes
[    2.598225] tegra-pcie 1003000.pcie-controller: Slot present pin change, signature: 00000008
[    2.775792] ata1: SATA link down (SStatus 0 SControl 300)
[    3.025944] tegra-pcie 1003000.pcie-controller: link 0 down, retrying
[    3.454469] tegra-pcie 1003000.pcie-controller: link 0 down, retrying
[    3.882649] tegra-pcie 1003000.pcie-controller: link 0 down, retrying
[    3.891223] tegra-pcie 1003000.pcie-controller: link 0 down, ignoring
[    3.897707] tegra-pcie 1003000.pcie-controller: probing port 1, using 1 lanes
[    3.906964] tegra-pcie 1003000.pcie-controller: Slot present pin change, signature: 00000000
[    4.335273] tegra-pcie 1003000.pcie-controller: link 1 down, retrying
[    4.762819] tegra-pcie 1003000.pcie-controller: link 1 down, retrying
[    5.190427] tegra-pcie 1003000.pcie-controller: link 1 down, retrying
[    5.199010] tegra-pcie 1003000.pcie-controller: link 1 down, ignoring
[    5.205712] tegra-pcie 1003000.pcie-controller: PCI host bridge to bus 0000:00
[    5.212943] pci_bus 0000:00: root bus resource [mem 0x13000000-0x1fffffff]
[    5.219822] pci_bus 0000:00: root bus resource [mem 0x20000000-0x3fffffff pref]
[    5.227133] pci_bus 0000:00: root bus resource [bus 00-ff]
[    5.232622] pci_bus 0000:00: root bus resource [io  0x1000-0xffff]
[    5.238830] PCI: bus0: Fast back to back transfers enabled
[    5.246951] [drm] Supports vblank timestamp caching Rev 2 (21.10.2013).
[    5.253600] [drm] No driver support for vblank timestamp query.
[    5.259576] drm drm: No connectors reported connected with modes
[    5.265637] [drm] Cannot find any crtc or sizes - going 1024x768
[    5.286263] Console: switching to colour frame buffer device 128x48
[    5.299879] drm drm: fb0:  frame buffer device
[    5.304351] drm drm: registered panic notifier
[    5.320780] [drm] Initialized tegra 0.0.0 20120330 on minor 0
[    5.327675] tegra-ehci 7d008000.usb: EHCI Host Controller
[    5.333137] tegra-ehci 7d008000.usb: new USB bus registered, assigned bus number 2
[    5.341042] tegra-ehci 7d008000.usb: irq 346, io mem 0x7d008000
[    5.355778] tegra-ehci 7d008000.usb: USB 2.0 started, EHCI 1.10
[    5.362585] hub 2-0:1.0: USB hub found
[    5.366403] hub 2-0:1.0: 1 port detected
[    5.371981] input: gpio-keys as /devices/soc0/gpio-keys/input/input1
[    5.379348] as3722-rtc as3722-rtc: setting system clock to 2000-02-01 00:00:17 UTC (949363217)
[    5.399144] +1.8V_RUN_VPP_FUSE: disabling
[    5.403600] +2.8V_RUN_CAM_AF: disabling
[    5.407808] +3.3V_RUN_TOUCH: disabling
[    5.411711] +1.05V_RUN_CAM_REAR: disabling
[    5.415940] +1.2V_RUN_CAM_FRONT: disabling
[    5.420151] +2.8V_RUN_CAM: disabling
[    5.423858] +1.8V_RUN_CAM: disabling
[    5.427775] +USB0_VBUS_SW: disabling
[    5.431703] ALSA device list:
[    5.434667]   #0: NVIDIA Tegra Jetson TK1
[    5.439920] EXT4-fs (mmcblk0p1): couldn't mount as ext3 due to feature incompatibilities
[    5.448704] EXT4-fs (mmcblk0p1): couldn't mount as ext2 due to feature incompatibilities
[    5.462826] EXT4-fs (mmcblk0p1): recovery complete
[    5.467685] EXT4-fs (mmcblk0p1): mounted filesystem with ordered data mode. Opts: (null)
[    5.475866] VFS: Mounted root (ext4 filesystem) on device 179:1.
[    5.484483] devtmpfs: mounted
[    5.488167] Freeing unused kernel memory: 800K (c0d04000 - c0dcc000)
bash: cannot set terminal process group (-1): Inappropriate ioctl for device
bash: no job control in this shell
root@(none):/# [    5.675845] usb 2-1: new high-speed USB device number 2 using tegra-ehci
