
U-Boot SPL 2014.01-00219-gc4d376f (Feb 18 2014 - 19:57:32)


U-Boot 2014.01-00219-gc4d376f (Feb 18 2014 - 19:57:32)

TEGRA114
Board: NVIDIA Dalmore
I2C:   ready
DRAM:  2 GiB
MMC:   Tegra SD/MMC: 0, Tegra SD/MMC: 1
In:    serial
Out:   serial
Err:   serial
Net:   Net Initialization Skipped
No ethernet found.
Hit any key to stop autoboot:  2  0 
Tegra114 (Dalmore) # 
Tegra114 (Dalmore) # usb reset
(Re)start USB...
USB0:   USB EHCI 1.10
scanning bus 0 for devices... 2 USB Device(s) found
       scanning usb for storage devices... 0 Storage Device(s) found
       scanning usb for ethernet devices... 
Warning: asx0 using MAC address from net device
1 Ethernet Device(s) found
Tegra114 (Dalmore) # setenv bootargs 'ignore_loglevel console=ttyS0,115200n8 rw root=/dev/mmcblk0p1 rootwait gpt debug init=/bin/bash'
Tegra114 (Dalmore) # setenv ipaddr 192.168.100.100; setenv serverip 192.168.100.1; setenv tftpserverip 192.168.100.1
Tegra114 (Dalmore) # tftpboot 0x81000000 zImage.multi_v7_defconfig
Using asx0 device
TFTP from server 192.168.100.1; our IP address is 192.168.100.100
Filename 'zImage.multi_v7_defconfig'.
Load address: 0x81000000
Loading: *#################################################################
	 #################################################################
	 #################################################################
	 #################################################################
	 #################################################################
	 #################################################################
	 ########################################################
	 3.4 MiB/s
done
Bytes transferred = 6543008 (63d6a0 hex)
Tegra114 (Dalmore) # tftpboot 0x82000000 tegra114-dalmore.dtb
Using asx0 device
TFTP from server 192.168.100.1; our IP address is 192.168.100.100
Filename 'tegra114-dalmore.dtb'.
Load address: 0x82000000
Loading: *###
	 2.8 MiB/s
done
Bytes transferred = 34894 (884e hex)
Tegra114 (Dalmore) # bootz 0x81000000 - 0x82000000
Kernel image @ 0x81000000 [ 0x000000 - 0x63d6a0 ]
## Flattened Device Tree blob at 82000000
   Booting using the fdt blob at 0x82000000
   Loading Device Tree to 8fff4000, end 8ffff84d ... OK

Starting kernel ...

[    0.000000] Booting Linux on physical CPU 0x0
[    0.000000] Linux version 4.3.0-next-20151109-54259-g2318c87 (pwalmsley@sellafield) (gcc version 4.7.3 20130328 (prerelease) (crosstool-NG linaro-1.13.1-4.7-2013.04-20130415 - Linaro GCC 2013.04) ) #1 SMP Mon Nov 9 04:49:35 PST 2015
[    0.000000] CPU: ARMv7 Processor [412fc0f2] revision 2 (ARMv7), cr=10c5387d
[    0.000000] CPU: PIPT / VIPT nonaliasing data cache, PIPT instruction cache
[    0.000000] Machine model: NVIDIA Tegra114 Dalmore evaluation board
[    0.000000] debug: ignoring loglevel setting.
[    0.000000] cma: Reserved 64 MiB at 0xfb800000
[    0.000000] Memory policy: Data cache writealloc
[    0.000000] On node 0 totalpages: 524032
[    0.000000] free_area_init_node: node 0, pgdat c0fc4180, node_mem_map eeff8000
[    0.000000]   DMA zone: 1536 pages used for memmap
[    0.000000]   DMA zone: 0 pages reserved
[    0.000000]   DMA zone: 196608 pages, LIFO batch:31
[    0.000000]   HighMem zone: 327424 pages, LIFO batch:31
[    0.000000] PERCPU: Embedded 12 pages/cpu @eefa3000 s19136 r8192 d21824 u49152
[    0.000000] pcpu-alloc: s19136 r8192 d21824 u49152 alloc=12*4096
[    0.000000] pcpu-alloc: [0] 0 [0] 1 [0] 2 [0] 3 
[    0.000000] Built 1 zonelists in Zone order, mobility grouping on.  Total pages: 522496
[    0.000000] Kernel command line: ignore_loglevel console=ttyS0,115200n8 rw root=/dev/mmcblk0p1 rootwait gpt debug init=/bin/bash
[    0.000000] PID hash table entries: 4096 (order: 2, 16384 bytes)
[    0.000000] Dentry cache hash table entries: 131072 (order: 7, 524288 bytes)
[    0.000000] Inode-cache hash table entries: 65536 (order: 6, 262144 bytes)
[    0.000000] Memory: 1998584K/2096128K available (8243K kernel code, 1040K rwdata, 3740K rodata, 1044K init, 341K bss, 32008K reserved, 65536K cma-reserved, 1244160K highmem)
[    0.000000] Virtual kernel memory layout:
[    0.000000]     vector  : 0xffff0000 - 0xffff1000   (   4 kB)
[    0.000000]     fixmap  : 0xffc00000 - 0xfff00000   (3072 kB)
[    0.000000]     vmalloc : 0xf0800000 - 0xff800000   ( 240 MB)
[    0.000000]     lowmem  : 0xc0000000 - 0xf0000000   ( 768 MB)
[    0.000000]     pkmap   : 0xbfe00000 - 0xc0000000   (   2 MB)
[    0.000000]     modules : 0xbf000000 - 0xbfe00000   (  14 MB)
[    0.000000]       .text : 0xc0208000 - 0xc0dbce28   (11988 kB)
[    0.000000]       .init : 0xc0dbd000 - 0xc0ec2000   (1044 kB)
[    0.000000]       .data : 0xc0ec2000 - 0xc0fc60e0   (1041 kB)
[    0.000000]        .bss : 0xc0fc9000 - 0xc101e468   ( 342 kB)
[    0.000000] SLUB: HWalign=64, Order=0-3, MinObjects=0, CPUs=4, Nodes=1
[    0.000000] Hierarchical RCU implementation.
[    0.000000] 	Build-time adjustment of leaf fanout to 32.
[    0.000000] 	RCU restricting CPUs from NR_CPUS=16 to nr_cpu_ids=4.
[    0.000000] RCU: Adjusting geometry for rcu_fanout_leaf=32, nr_cpu_ids=4
[    0.000000] NR_IRQS:16 nr_irqs:16 16
[    0.000000] /interrupt-controller@60004000: 160 interrupts forwarded to /interrupt-controller@50041000
[    0.000000] L2C: failed to init: -19
[    0.000009] sched_clock: 32 bits at 1000kHz, resolution 1000ns, wraps every 2147483647500ns
[    0.000029] clocksource: timer_us: mask: 0xffffffff max_cycles: 0xffffffff, max_idle_ns: 1911260446275 ns
[    0.000043] Switching to timer-based delay loop, resolution 1000ns
[    0.002844] Architected cp15 timer(s) running at 12.00MHz (virt).
[    0.002862] clocksource: arch_sys_counter: mask: 0xffffffffffffff max_cycles: 0x2c47f4ee7, max_idle_ns: 440795202497 ns
[    0.002879] sched_clock: 56 bits at 12MHz, resolution 83ns, wraps every 4398046511096ns
[    0.002892] Switching to timer-based delay loop, resolution 83ns
[    0.003256] Console: colour dummy device 80x30
[    0.003281] Calibrating delay loop (skipped), value calculated using timer frequency.. 24.00 BogoMIPS (lpj=60000)
[    0.003296] pid_max: default: 32768 minimum: 301
[    0.003405] Mount-cache hash table entries: 2048 (order: 1, 8192 bytes)
[    0.003417] Mountpoint-cache hash table entries: 2048 (order: 1, 8192 bytes)
[    0.004018] CPU: Testing write buffer coherency: ok
[    0.004237] /cpus/cpu@0 missing clock-frequency property
[    0.004266] /cpus/cpu@1 missing clock-frequency property
[    0.004292] /cpus/cpu@2 missing clock-frequency property
[    0.004321] /cpus/cpu@3 missing clock-frequency property
[    0.004334] CPU0: thread -1, cpu 0, socket 0, mpidr 80000000
[    0.004385] Setting up static identity map for 0x80209000 - 0x80209098
[    0.006637] Tegra Revision: A01 SKU: 0 CPU Process: 1 SoC Process: 0
[    0.007950] CPU1: thread -1, cpu 1, socket 0, mpidr 80000001
[    0.008586] CPU2: thread -1, cpu 2, socket 0, mpidr 80000002
[    0.009214] CPU3: thread -1, cpu 3, socket 0, mpidr 80000003
[    0.009282] Brought up 4 CPUs
[    0.009304] SMP: Total of 4 processors activated (96.00 BogoMIPS).
[    0.009312] CPU: All CPU(s) started in SVC mode.
[    0.010739] devtmpfs: initialized
[    0.021679] VFP support v0.3: implementor 41 architecture 4 part 30 variant f rev 0
[    0.022312] clocksource: jiffies: mask: 0xffffffff max_cycles: 0xffffffff, max_idle_ns: 9556302231375000 ns
[    0.024013] pinctrl core: initialized pinctrl subsystem
[    0.025602] NET: Registered protocol family 16
[    0.027739] DMA: preallocated 256 KiB pool for atomic coherent allocations
[    0.042761] cpuidle: using governor ladder
[    0.057779] cpuidle: using governor menu
[    0.072062] No ATAGs?
[    0.072099] hw-breakpoint: found 5 (+1 reserved) breakpoint and 4 watchpoint registers.
[    0.072110] hw-breakpoint: maximum watchpoint size is 8 bytes.
[    0.076427] Serial: AMBA PL011 UART driver
[    0.077737] tegra-mc 70019000.memory-controller: no memory timings for RAM code 3 registered
[    0.107419] dvdd_ts: Failed to request enable GPIO61: -517
[    0.107540] reg-fixed-voltage regulators:regulator@1: Failed to register regulator: -517
[    0.107760] usb1_vbus: Failed to request enable GPIO108: -517
[    0.107867] reg-fixed-voltage regulators:regulator@3: Failed to register regulator: -517
[    0.108106] usb2_vbus: Failed to request enable GPIO86: -517
[    0.108212] reg-fixed-voltage regulators:regulator@4: Failed to register regulator: -517
[    0.108717] VDD_5V0_HDMI_CON: Failed to request enable GPIO81: -517
[    0.108823] reg-fixed-voltage regulators:regulator@7: Failed to register regulator: -517
[    0.111747] vgaarb: loaded
[    0.112684] SCSI subsystem initialized
[    0.112866] libata version 3.00 loaded.
[    0.113204] usbcore: registered new interface driver usbfs
[    0.113279] usbcore: registered new interface driver hub
[    0.113347] usbcore: registered new device driver usb
[    0.116961] tps65090 2-0048: No cache defaults, reading back from HW
[    0.123184] genirq: Setting trigger mode 8 for irq 341 failed (irq_chip_set_type_parent+0x0/0x28)
[    0.123207] palmas 2-0058: Irq flag is 0x00000000
[    0.126406] palmas 2-0058: Muxing GPIO ff, PWM 0, LED 0
[    0.136089] sdhci-vdd-sd-slot: ramp_delay not set
[    0.160973] pps_core: LinuxPPS API ver. 1 registered
[    0.160983] pps_core: Software ver. 5.3.6 - Copyright 2005-2007 Rodolfo Giometti <giometti@linux.it>
[    0.161013] PTP clock support registered
[    0.161241] EDAC MC: Ver: 3.0.0
[    0.163734] clocksource: Switched to clocksource arch_sys_counter
[    0.174802] NET: Registered protocol family 2
[    0.175318] TCP established hash table entries: 8192 (order: 3, 32768 bytes)
[    0.175421] TCP bind hash table entries: 8192 (order: 4, 65536 bytes)
[    0.175608] TCP: Hash tables configured (established 8192 bind 8192)
[    0.175667] UDP hash table entries: 512 (order: 2, 16384 bytes)
[    0.175709] UDP-Lite hash table entries: 512 (order: 2, 16384 bytes)
[    0.175884] NET: Registered protocol family 1
[    0.176145] RPC: Registered named UNIX socket transport module.
[    0.176155] RPC: Registered udp transport module.
[    0.176163] RPC: Registered tcp transport module.
[    0.176171] RPC: Registered tcp NFSv4.1 backchannel transport module.
[    0.176191] PCI: CLS 0 bytes, default 64
[    0.178407] futex hash table entries: 1024 (order: 4, 65536 bytes)
[    0.190849] squashfs: version 4.0 (2009/01/31) Phillip Lougher
[    0.191807] NFS: Registering the id_resolver key type
[    0.191838] Key type id_resolver registered
[    0.191846] Key type id_legacy registered
[    0.191915] ntfs: driver 2.1.32 [Flags: R/O].
[    0.193313] bounce: pool size: 64 pages
[    0.193534] Block layer SCSI generic (bsg) driver version 0.4 loaded (major 249)
[    0.193551] io scheduler noop registered
[    0.193566] io scheduler deadline registered
[    0.193605] io scheduler cfq registered (default)
[    0.213239] vdd-lcd-bl: supplied by vdd_ac_bat
[    0.220509] tegra-apbdma 6000a000.dma: Tegra20 APB DMA driver register 32 channels
[    0.221948] tegra-pmc 7000e400.pmc: i2c-thermtrip node not found, emergency thermal reset disabled.
[    0.289868] Serial: 8250/16550 driver, 4 ports, IRQ sharing disabled
[    0.292417] SuperH (H)SCI(F) driver initialized
[    0.293326] msm_serial: driver initialized
[    0.294253] console [ttyS0] disabled
[    0.294291] 70006300.serial: ttyS0 at MMIO 0x70006300 (irq = 329, base_baud = 25500000) is a Tegra
[    1.106333] console [ttyS0] enabled
[    1.110562] STMicroelectronics ASC driver initialized
[    1.117815] [drm] Initialized drm 1.1.0 20060810
[    1.124566] vdd-ao: supplied by vdd_ac_bat
[    1.128873] vddio-1v8: supplied by vdd-ao
[    1.133251] avdd-dsi-csi: supplied by vddio-1v8
[    1.139999] tegra-hdmi 54280000.hdmi: failed to get HDMI regulator
[    1.148022] vdd-sys-3v3: supplied by vdd_ac_bat
[    1.152784] avdd-lcd: supplied by vdd-sys-3v3
[    1.164276] loop: module loaded
[    1.174298] m25p80 spi32766.0: w25q32dw (4096 Kbytes)
[    1.179371] spi32766.0: 'partitions' subnode not found on /spi@7000da00/spi-flash@0. Trying to parse direct subnodes as partitions.
[    1.194336] libphy: Fixed MDIO Bus: probed
[    1.199139] CAN device driver interface
[    1.204374] igb: Intel(R) Gigabit Ethernet Network Driver - version 5.3.0-k
[    1.211339] igb: Copyright (c) 2007-2014 Intel Corporation.
[    1.220044] pegasus: v0.9.3 (2013/04/25), Pegasus/Pegasus II USB Ethernet driver
[    1.227501] usbcore: registered new interface driver pegasus
[    1.233241] usbcore: registered new interface driver asix
[    1.238703] usbcore: registered new interface driver ax88179_178a
[    1.244861] usbcore: registered new interface driver cdc_ether
[    1.250777] usbcore: registered new interface driver smsc75xx
[    1.256611] usbcore: registered new interface driver smsc95xx
[    1.262421] usbcore: registered new interface driver net1080
[    1.268144] usbcore: registered new interface driver cdc_subset
[    1.274126] usbcore: registered new interface driver zaurus
[    1.279800] usbcore: registered new interface driver cdc_ncm
[    1.287429] ehci_hcd: USB 2.0 'Enhanced' Host Controller (EHCI) Driver
[    1.293976] ehci-pci: EHCI PCI platform driver
[    1.298468] ehci-platform: EHCI generic platform driver
[    1.303928] ehci-omap: OMAP-EHCI Host Controller driver
[    1.309315] ehci-orion: EHCI orion driver
[    1.313461] SPEAr-ehci: EHCI SPEAr driver
[    1.317629] ehci-st: EHCI STMicroelectronics driver
[    1.322666] ehci-exynos: EHCI EXYNOS driver
[    1.327026] ehci-atmel: EHCI Atmel driver
[    1.331193] tegra-ehci: Tegra EHCI driver
[    1.335524] ohci_hcd: USB 1.1 'Open' Host Controller (OHCI) Driver
[    1.341733] ohci-pci: OHCI PCI platform driver
[    1.346246] ohci-platform: OHCI generic platform driver
[    1.351647] ohci-omap3: OHCI OMAP3 driver
[    1.355814] SPEAr-ohci: OHCI SPEAr driver
[    1.359979] ohci-st: OHCI STMicroelectronics driver
[    1.365008] ohci-atmel: OHCI Atmel driver
[    1.369533] usbcore: registered new interface driver usb-storage
[    1.377073] mousedev: PS/2 mouse device common for all mice
[    1.387862] palmas-rtc 7000d000.i2c:tps65913@58:rtc: rtc core: registered 7000d000.i2c:tps659 as rtc0
[    1.399022] tegra_rtc 7000e000.rtc: rtc core: registered 7000e000.rtc as rtc1
[    1.406217] tegra_rtc 7000e000.rtc: Tegra internal Real Time Clock
[    1.412959] i2c /dev entries driver
[    1.420391] sbs-battery 0-000b: sbs_probe: Failed to get device status
[    1.426942] sbs-battery: probe of 0-000b failed with error -121
[    1.435660] vdd-sensor-2v85: supplied by vdd-sys-3v3
[    1.447940] sdhci: Secure Digital Host Controller Interface driver
[    1.454137] sdhci: Copyright(c) Pierre Ossman
[    1.460040] Synopsys Designware Multimedia Card Interface Driver
[    1.467158] sdhci-pltfm: SDHCI platform and OF driver helper
[    1.473541] sdhci-tegra 78000400.sdhci: Got CD GPIO
[    1.478447] sdhci-tegra 78000400.sdhci: Got WP GPIO
[    1.484504] sdhci-tegra 78000400.sdhci: No vmmc regulator found
[    1.490435] sdhci-tegra 78000400.sdhci: No vqmmc regulator found
[    1.496446] mmc0: Invalid maximum block size, assuming 512 bytes
[    1.538879] mmc0: SDHCI controller on 78000400.sdhci [78000400.sdhci] using ADMA
[    1.546519] sdhci-tegra 78000600.sdhci: No vmmc regulator found
[    1.552453] sdhci-tegra 78000600.sdhci: No vqmmc regulator found
[    1.558465] mmc1: Invalid maximum block size, assuming 512 bytes
[    1.598755] mmc1: SDHCI controller on 78000600.sdhci [78000600.sdhci] using ADMA
[    1.611695] ledtrig-cpu: registered to indicate activity on CPUs
[    1.618086] usbcore: registered new interface driver usbhid
[    1.623677] usbhid: USB HID core driver
[    1.650698] NET: Registered protocol family 10
[    1.655927] sit: IPv6 over IPv4 tunneling driver
[    1.661257] NET: Registered protocol family 17
[    1.665744] can: controller area network core (rev 20120528 abi 9)
[    1.672015] NET: Registered protocol family 29
[    1.676482] can: raw protocol (rev 20120528)
[    1.680775] can: broadcast manager protocol (rev 20120528 t)
[    1.686461] can: netlink gateway (rev 20130117) max_hops=1
[    1.692365] Key type dns_resolver registered
[    1.697272] ThumbEE CPU extension supported.
[    1.701583] Registering SWP/SWPB emulation handler
[    1.714099] vdd-sys-5v0: supplied by vdd_ac_bat
[    1.719425] VDD_5V0_HDMI_CON: supplied by vdd-sys-5v0
[    1.724698] mmc1: MAN_BKOPS_EN bit is not set
[    1.730489] vdd_hdmi_5v0: supplied by vdd-sys-5v0
[    1.740321] [drm] Supports vblank timestamp caching Rev 2 (21.10.2013).
[    1.746992] [drm] No driver support for vblank timestamp query.
[    1.771647] mmc1: new high speed MMC card at address 0001
[    1.778406] mmcblk0: mmc1:0001 SEM32G 29.1 GiB 
[    1.779388] mmcblk0boot0: mmc1:0001 SEM32G partition 1 4.00 MiB
[    1.780600] mmcblk0boot1: mmc1:0001 SEM32G partition 2 4.00 MiB
[    1.781756] mmcblk0rpmb: mmc1:0001 SEM32G partition 3 4.00 MiB
[    1.786696]  mmcblk0: p1 p2 p3 p4 p5 p6 p7 p8
[    1.817007] Console: switching to colour frame buffer device 240x75
[    1.871373] drm drm: fb0:  frame buffer device
[    1.893879] [drm] Initialized tegra 0.0.0 20120330 on minor 0
[    1.900788] usb2_vbus: supplied by vdd-sys-5v0
[    1.907467] tegra-ehci 7d008000.usb: EHCI Host Controller
[    1.912947] tegra-ehci 7d008000.usb: new USB bus registered, assigned bus number 1
[    1.920807] tegra-ehci 7d008000.usb: irq 339, io mem 0x7d008000
[    1.933896] tegra-ehci 7d008000.usb: USB 2.0 started, EHCI 1.10
[    1.941125] hub 1-0:1.0: USB hub found
[    1.944983] hub 1-0:1.0: 1 port detected
[    1.951049] input: gpio-keys as /devices/soc0/gpio-keys/input/input0
[    1.960008] palmas-rtc 7000d000.i2c:tps65913@58:rtc: setting system clock to 2000-05-21 21:47:10 UTC (958945630)
[    1.983373] dvdd_ts: disabling
[    1.986470] usb1_vbus: disabling
[    1.989705] vdd_cam_1v8_reg: disabling
[    1.995078] EXT4-fs (mmcblk0p1): mounting ext3 file system using the ext4 subsystem
[    2.025054] EXT4-fs (mmcblk0p1): recovery complete
[    2.029925] EXT4-fs (mmcblk0p1): mounted filesystem with ordered data mode. Opts: (null)
[    2.038050] VFS: Mounted root (ext3 filesystem) on device 179:1.
[    2.047766] devtmpfs: mounted
[    2.051688] Freeing unused kernel memory: 1044K (c0dbd000 - c0ec2000)
bash: cannot set terminal process group (-1): Inappropriate ioctl for device
bash: no job control in this shell
root@(none):/# [    2.258850] usb 1-1: new high-speed USB device number 2 using tegra-ehci
