
U-Boot SPL 2014.01-00219-gc4d376f (Feb 18 2014 - 19:57:32)


U-Boot 2014.01-00219-gc4d376f (Feb 18 2014 - 19:57:32)

TEGRA114
Board: NVIDIA Dalmore
I2C:   ready
DRAM:  2 GiB
MMC:   Tegra SD/MMC: 0, Tegra SD/MMC: 1
In:    serial
Out:   serial
Err:   serial
Net:   Net Initialization Skipped
No ethernet found.
Hit any key to stop autoboot:  2  1  0 
Tegra114 (Dalmore) # 
Tegra114 (Dalmore) # usb reset
(Re)start USB...
USB0:   USB EHCI 1.10
scanning bus 0 for devices... 2 USB Device(s) found
       scanning usb for storage devices... 0 Storage Device(s) found
       scanning usb for ethernet devices... 
Warning: asx0 using MAC address from net device
1 Ethernet Device(s) found
Tegra114 (Dalmore) # setenv bootargs 'ignore_loglevel console=ttyS0,115200n8 rw root=PARTUUID=7369c667-ff51-ec4a-29cd-baabf2fbe346 rootwait gpt debug earlyprintk init=/bin/bash'
Tegra114 (Dalmore) # setenv ipaddr 192.168.100.100; setenv serverip 192.168.100.1; setenv tftpserverip 192.168.100.1
Tegra114 (Dalmore) # tftpboot 0x81000000 zImage.multi_v7_defconfig
Using asx0 device
TFTP from server 192.168.100.1; our IP address is 192.168.100.100
Filename 'zImage.multi_v7_defconfig'.
Load address: 0x81000000
Loading: *#################################################################
	 #################################################################
	 #################################################################
	 #################################################################
	 #################################################################
	 #################################################################
	 #################################################################
	 #########################################################
	 3.1 MiB/s
done
Bytes transferred = 7509488 (7295f0 hex)
Tegra114 (Dalmore) # tftpboot 0x82000000 tegra114-dalmore.dtb
Using asx0 device
TFTP from server 192.168.100.1; our IP address is 192.168.100.100
Filename 'tegra114-dalmore.dtb'.
Load address: 0x82000000
Loading: *###
	 3.3 MiB/s
done
Bytes transferred = 35044 (88e4 hex)
Tegra114 (Dalmore) # bootz 0x81000000 - 0x82000000
Kernel image @ 0x81000000 [ 0x000000 - 0x7295f0 ]
## Flattened Device Tree blob at 82000000
   Booting using the fdt blob at 0x82000000
   Loading Device Tree to 8fff4000, end 8ffff8e3 ... OK

Starting kernel ...

[    0.000000] Booting Linux on physical CPU 0x0
[    0.000000] Linux version 4.11.0-rc1-next-20170309-157496-g2e62da1 (pwalmsley@sellafield) (gcc version 4.7.3 20130328 (prerelease) (crosstool-NG linaro-1.13.1-4.7-2013.04-20130415 - Linaro GCC 2013.04) ) #1 SMP Fri Mar 17 08:39:49 PDT 2017
[    0.000000] CPU: ARMv7 Processor [412fc0f2] revision 2 (ARMv7), cr=10c5387d
[    0.000000] CPU: div instructions available: patching division code
[    0.000000] CPU: PIPT / VIPT nonaliasing data cache, PIPT instruction cache
[    0.000000] OF: fdt: Machine model: NVIDIA Tegra114 Dalmore evaluation board
[    0.000000] debug: ignoring loglevel setting.
[    0.000000] efi: Getting EFI parameters from FDT:
[    0.000000] efi: UEFI not found.
[    0.000000] cma: Reserved 64 MiB at 0xfb800000
[    0.000000] Memory policy: Data cache writealloc
[    0.000000] On node 0 totalpages: 524032
[    0.000000] free_area_init_node: node 0, pgdat c15397c0, node_mem_map eeff8000
[    0.000000]   DMA zone: 1536 pages used for memmap
[    0.000000]   DMA zone: 0 pages reserved
[    0.000000]   DMA zone: 196608 pages, LIFO batch:31
[    0.000000]   HighMem zone: 327424 pages, LIFO batch:31
[    0.000000] percpu: Embedded 16 pages/cpu @eef9c000 s34368 r8192 d22976 u65536
[    0.000000] pcpu-alloc: s34368 r8192 d22976 u65536 alloc=16*4096
[    0.000000] pcpu-alloc: [0] 0 [0] 1 [0] 2 [0] 3 
[    0.000000] Built 1 zonelists in Zone order, mobility grouping on.  Total pages: 522496
[    0.000000] Kernel command line: ignore_loglevel console=ttyS0,115200n8 rw root=PARTUUID=7369c667-ff51-ec4a-29cd-baabf2fbe346 rootwait gpt debug earlyprintk init=/bin/bash
[    0.000000] PID hash table entries: 4096 (order: 2, 16384 bytes)
[    0.000000] Dentry cache hash table entries: 131072 (order: 7, 524288 bytes)
[    0.000000] Inode-cache hash table entries: 65536 (order: 6, 262144 bytes)
[    0.000000] Memory: 1993896K/2096128K available (10240K kernel code, 1260K rwdata, 4228K rodata, 2048K init, 407K bss, 36696K reserved, 65536K cma-reserved, 1244160K highmem)
[    0.000000] Virtual kernel memory layout:
[    0.000000]     vector  : 0xffff0000 - 0xffff1000   (   4 kB)
[    0.000000]     fixmap  : 0xffc00000 - 0xfff00000   (3072 kB)
[    0.000000]     vmalloc : 0xf0800000 - 0xff800000   ( 240 MB)
[    0.000000]     lowmem  : 0xc0000000 - 0xf0000000   ( 768 MB)
[    0.000000]     pkmap   : 0xbfe00000 - 0xc0000000   (   2 MB)
[    0.000000]     modules : 0xbf000000 - 0xbfe00000   (  14 MB)
[    0.000000]       .text : 0xc0208000 - 0xc0d00000   (11232 kB)
[    0.000000]       .init : 0xc1200000 - 0xc1400000   (2048 kB)
[    0.000000]       .data : 0xc1400000 - 0xc153b120   (1261 kB)
[    0.000000]        .bss : 0xc153d000 - 0xc15a2cb8   ( 408 kB)
[    0.000000] SLUB: HWalign=64, Order=0-3, MinObjects=0, CPUs=4, Nodes=1
[    0.000000] Hierarchical RCU implementation.
[    0.000000] 	RCU debugfs-based tracing is enabled.
[    0.000000] 	RCU restricting CPUs from NR_CPUS=16 to nr_cpu_ids=4.
[    0.000000] RCU: Adjusting geometry for rcu_fanout_leaf=16, nr_cpu_ids=4
[    0.000000] NR_IRQS:16 nr_irqs:16 16
[    0.000000] /interrupt-controller@60004000: 160 interrupts forwarded to /interrupt-controller@50041000
[    0.000000] Tegra clk 127: register failed with -17
[    0.000008] sched_clock: 32 bits at 1000kHz, resolution 1000ns, wraps every 2147483647500ns
[    0.000028] clocksource: timer_us: mask: 0xffffffff max_cycles: 0xffffffff, max_idle_ns: 1911260446275 ns
[    0.000044] Switching to timer-based delay loop, resolution 1000ns
[    0.003262] arm_arch_timer: Architected cp15 timer(s) running at 12.00MHz (virt).
[    0.003282] clocksource: arch_sys_counter: mask: 0xffffffffffffff max_cycles: 0x2c47f4ee7, max_idle_ns: 440795202497 ns
[    0.003302] sched_clock: 56 bits at 12MHz, resolution 83ns, wraps every 4398046511096ns
[    0.003316] Switching to timer-based delay loop, resolution 83ns
[    0.003715] Console: colour dummy device 80x30
[    0.003747] Calibrating delay loop (skipped), value calculated using timer frequency.. 24.00 BogoMIPS (lpj=120000)
[    0.003766] pid_max: default: 32768 minimum: 301
[    0.003879] Mount-cache hash table entries: 2048 (order: 1, 8192 bytes)
[    0.003895] Mountpoint-cache hash table entries: 2048 (order: 1, 8192 bytes)
[    0.004388] CPU: Testing write buffer coherency: ok
[    0.004626] /cpus/cpu@0 missing clock-frequency property
[    0.004658] /cpus/cpu@1 missing clock-frequency property
[    0.004688] /cpus/cpu@2 missing clock-frequency property
[    0.004720] /cpus/cpu@3 missing clock-frequency property
[    0.004734] CPU0: thread -1, cpu 0, socket 0, mpidr 80000000
[    0.004942] Setting up static identity map for 0x80300000 - 0x80300098
[    0.007516] Tegra Revision: A01 SKU: 0 CPU Process: 1 SoC Process: 0
[    0.008060] EFI services will not be available.
[    0.008312] smp: Bringing up secondary CPUs ...
[    0.008847] CPU1: thread -1, cpu 1, socket 0, mpidr 80000001
[    0.009467] CPU2: thread -1, cpu 2, socket 0, mpidr 80000002
[    0.010065] CPU3: thread -1, cpu 3, socket 0, mpidr 80000003
[    0.010154] smp: Brought up 1 node, 4 CPUs
[    0.010176] SMP: Total of 4 processors activated (96.00 BogoMIPS).
[    0.010185] CPU: All CPU(s) started in SVC mode.
[    0.011677] devtmpfs: initialized
[    0.020766] VFP support v0.3: implementor 41 architecture 4 part 30 variant f rev 0
[    0.021105] clocksource: jiffies: mask: 0xffffffff max_cycles: 0xffffffff, max_idle_ns: 19112604462750000 ns
[    0.021124] futex hash table entries: 1024 (order: 4, 65536 bytes)
[    0.022555] pinctrl core: initialized pinctrl subsystem
[    0.024317] NET: Registered protocol family 16
[    0.026498] DMA: preallocated 256 KiB pool for atomic coherent allocations
[    0.028681] cpuidle: using governor menu
[    0.051880] No ATAGs?
[    0.052013] hw-breakpoint: found 5 (+1 reserved) breakpoint and 4 watchpoint registers.
[    0.052029] hw-breakpoint: maximum watchpoint size is 8 bytes.
[    0.056959] Serial: AMBA PL011 UART driver
[    0.057676] tegra-mc 70019000.memory-controller: no memory timings for RAM code 3 registered
[    0.072242] AT91: Could not find identification node
[    0.072699] dvdd_ts: Failed to request enable GPIO61: -517
[    0.072721] reg-fixed-voltage regulators:regulator@1: Failed to register regulator: -517
[    0.072817] usb1_vbus: Failed to request enable GPIO108: -517
[    0.072832] reg-fixed-voltage regulators:regulator@3: Failed to register regulator: -517
[    0.072925] usb2_vbus: Failed to request enable GPIO86: -517
[    0.072939] reg-fixed-voltage regulators:regulator@4: Failed to register regulator: -517
[    0.073353] VDD_5V0_HDMI_CON: Failed to request enable GPIO81: -517
[    0.073368] reg-fixed-voltage regulators:regulator@7: Failed to register regulator: -517
[    0.075927] vgaarb: loaded
[    0.076650] SCSI subsystem initialized
[    0.076819] libata version 3.00 loaded.
[    0.077037] usbcore: registered new interface driver usbfs
[    0.077090] usbcore: registered new interface driver hub
[    0.077150] usbcore: registered new device driver usb
[    0.080289] tps65090 2-0048: No cache defaults, reading back from HW
[    0.082180] TPS65090_RAILSDCDC1: supplied by vdd_ac_bat
[    0.083241] TPS65090_RAILSDCDC2: supplied by vdd_ac_bat
[    0.084318] TPS65090_RAILSDCDC3: supplied by vdd_ac_bat
[    0.084839] TPS65090_RAILSFET1: supplied by vdd_ac_bat
[    0.085212] TPS65090_RAILSFET2: supplied by vdd_ac_bat
[    0.085570] TPS65090_RAILSFET3: supplied by vdd-sys-3v3
[    0.086082] TPS65090_RAILSFET4: supplied by vdd-sys-3v3
[    0.086617] TPS65090_RAILSFET5: supplied by vdd-sys-3v3
[    0.087133] TPS65090_RAILSFET6: supplied by vdd-sys-3v3
[    0.087981] TPS65090_RAILSFET7: supplied by vdd-sys-3v3
[    0.088512] TPS65090_RAILSLDO1: supplied by vdd_ac_bat
[    0.088716] TPS65090_RAILSLDO2: supplied by vdd_ac_bat
[    0.089618] palmas 2-0058: Irq flag is 0x00000004
[    0.091573] palmas 2-0058: Muxing GPIO ff, PWM 0, LED 0
[    0.094042] SMPS12: supplied by vdd-ao
[    0.095061] vdd_hdmi_5v0: supplied by vdd-sys-5v0
[    0.095874] SMPS3: supplied by vdd-ao
[    0.097624] SMPS457: supplied by vdd-sys-3v3
[    0.100500] SMPS8: supplied by vdd-sys-3v3
[    0.101918] random: fast init done
[    0.102128] SMPS9: supplied by vdd-sys-3v3
[    0.102657] sdhci-vdd-sd-slot: Bringing 2840000uV into 2800000-2800000uV
[    0.105475] LDO1: supplied by vdd-sys-3v3
[    0.106659] LDO2: supplied by vdd-sys-3v3
[    0.107852] LDO3: supplied by vddio-1v8
[    0.109034] LDO4: supplied by vdd-sys-3v3
[    0.110222] LDO5: supplied by vdd_ac_bat
[    0.110967] LDO6: supplied by vdd-sys-3v3
[    0.111483] vdd-sensor-2v85: Bringing 2900000uV into 2850000-2850000uV
[    0.112897] LDO7: supplied by vdd-sys-3v3
[    0.114619] LDO8: supplied by vdd-ao
[    0.115135] vdd-rtc: Bringing 675000uV into 900000-900000uV
[    0.124104] LDO9: supplied by sdhci-vdd-sd-slot
[    0.134439] LDOLN: supplied by vdd-sys-5v0
[    0.135649] LDOUSB: supplied by vdd-sys-5v0
[    0.147105] pps_core: LinuxPPS API ver. 1 registered
[    0.147116] pps_core: Software ver. 5.3.6 - Copyright 2005-2007 Rodolfo Giometti <giometti@linux.it>
[    0.147139] PTP clock support registered
[    0.147321] EDAC MC: Ver: 3.0.0
[    0.149457] clocksource: Switched to clocksource arch_sys_counter
[    0.158549] NET: Registered protocol family 2
[    0.159055] TCP established hash table entries: 8192 (order: 3, 32768 bytes)
[    0.159156] TCP bind hash table entries: 8192 (order: 4, 65536 bytes)
[    0.159344] TCP: Hash tables configured (established 8192 bind 8192)
[    0.159431] UDP hash table entries: 512 (order: 2, 16384 bytes)
[    0.159501] UDP-Lite hash table entries: 512 (order: 2, 16384 bytes)
[    0.159659] NET: Registered protocol family 1
[    0.159972] RPC: Registered named UNIX socket transport module.
[    0.159984] RPC: Registered udp transport module.
[    0.159994] RPC: Registered tcp transport module.
[    0.160004] RPC: Registered tcp NFSv4.1 backchannel transport module.
[    0.160017] PCI: CLS 0 bytes, default 64
[    0.162439] workingset: timestamp_bits=30 max_order=19 bucket_order=0
[    0.170855] squashfs: version 4.0 (2009/01/31) Phillip Lougher
[    0.171571] NFS: Registering the id_resolver key type
[    0.171600] Key type id_resolver registered
[    0.171610] Key type id_legacy registered
[    0.171653] ntfs: driver 2.1.32 [Flags: R/O].
[    0.173257] bounce: pool size: 64 pages
[    0.173302] Block layer SCSI generic (bsg) driver version 0.4 loaded (major 248)
[    0.173314] io scheduler noop registered
[    0.173324] io scheduler deadline registered
[    0.173484] io scheduler cfq registered (default)
[    0.173496] io scheduler mq-deadline registered
[    0.202962] tegra-apbdma 6000a000.dma: Tegra20 APB DMA driver register 32 channels
[    0.204750] tegra-pmc 7000e400.pmc: i2c-thermtrip node not found, emergency thermal reset disabled.
[    0.261846] Serial: 8250/16550 driver, 4 ports, IRQ sharing disabled
[    0.264464] console [ttyS0] disabled
[    0.264503] 70006300.serial: ttyS0 at MMIO 0x70006300 (irq = 329, base_baud = 25500000) is a Tegra
[    1.246689] console [ttyS0] enabled
[    1.250909] SuperH (H)SCI(F) driver initialized
[    1.256311] msm_serial: driver initialized
[    1.260597] STMicroelectronics ASC driver initialized
[    1.271956] tegra-hdmi 54280000.hdmi: failed to get HDMI regulator
[    1.295878] brd: module loaded
[    1.306332] loop: module loaded
[    1.325673] m25p80 spi32766.0: w25q32dw (4096 Kbytes)
[    1.333649] libphy: Fixed MDIO Bus: probed
[    1.338763] CAN device driver interface
[    1.343412] bgmac_bcma: Broadcom 47xx GBit MAC driver loaded
[    1.350246] e1000e: Intel(R) PRO/1000 Network Driver - 3.2.6-k
[    1.356071] e1000e: Copyright(c) 1999 - 2015 Intel Corporation.
[    1.362131] igb: Intel(R) Gigabit Ethernet Network Driver - version 5.4.0-k
[    1.369081] igb: Copyright (c) 2007-2014 Intel Corporation.
[    1.377749] pegasus: v0.9.3 (2013/04/25), Pegasus/Pegasus II USB Ethernet driver
[    1.385200] usbcore: registered new interface driver pegasus
[    1.390909] usbcore: registered new interface driver asix
[    1.396332] usbcore: registered new interface driver ax88179_178a
[    1.402467] usbcore: registered new interface driver cdc_ether
[    1.408337] usbcore: registered new interface driver smsc75xx
[    1.414145] usbcore: registered new interface driver smsc95xx
[    1.419939] usbcore: registered new interface driver net1080
[    1.425623] usbcore: registered new interface driver cdc_subset
[    1.431580] usbcore: registered new interface driver zaurus
[    1.437196] usbcore: registered new interface driver cdc_ncm
[    1.444657] ehci_hcd: USB 2.0 'Enhanced' Host Controller (EHCI) Driver
[    1.451193] ehci-pci: EHCI PCI platform driver
[    1.455668] ehci-platform: EHCI generic platform driver
[    1.461082] ehci-orion: EHCI orion driver
[    1.465206] SPEAr-ehci: EHCI SPEAr driver
[    1.469339] ehci-st: EHCI STMicroelectronics driver
[    1.474348] ehci-exynos: EHCI EXYNOS driver
[    1.478665] ehci-atmel: EHCI Atmel driver
[    1.482813] tegra-ehci: Tegra EHCI driver
[    1.487101] ohci_hcd: USB 1.1 'Open' Host Controller (OHCI) Driver
[    1.493299] ohci-pci: OHCI PCI platform driver
[    1.497774] ohci-platform: OHCI generic platform driver
[    1.503154] ohci-omap3: OHCI OMAP3 driver
[    1.507278] SPEAr-ohci: OHCI SPEAr driver
[    1.511424] ohci-st: OHCI STMicroelectronics driver
[    1.516418] ohci-atmel: OHCI Atmel driver
[    1.521101] usbcore: registered new interface driver usb-storage
[    1.532720] palmas-rtc 7000d000.i2c:tps65913@58:rtc: rtc core: registered 7000d000.i2c:tps659 as rtc0
[    1.543757] tegra_rtc 7000e000.rtc: rtc core: registered 7000e000.rtc as rtc1
[    1.550942] tegra_rtc 7000e000.rtc: Tegra internal Real Time Clock
[    1.557601] i2c /dev entries driver
[    1.567231] sbs-battery 0-000b: sbs_probe: Failed to get device status
[    1.573787] sbs-battery: probe of 0-000b failed with error -121
[    1.589736] sdhci: Secure Digital Host Controller Interface driver
[    1.595909] sdhci: Copyright(c) Pierre Ossman
[    1.601655] Synopsys Designware Multimedia Card Interface Driver
[    1.608648] sdhci-pltfm: SDHCI platform and OF driver helper
[    1.614990] sdhci-tegra 78000400.sdhci: Got CD GPIO
[    1.619900] sdhci-tegra 78000400.sdhci: Got WP GPIO
[    1.625983] mmc0: Invalid maximum block size, assuming 512 bytes
[    1.689603] mmc0: SDHCI controller on 78000400.sdhci [78000400.sdhci] using ADMA
[    1.697271] mmc1: Invalid maximum block size, assuming 512 bytes
[    1.769478] mmc1: SDHCI controller on 78000600.sdhci [78000600.sdhci] using ADMA
[    1.778585] ledtrig-cpu: registered to indicate activity on CPUs
[    1.786950] usbcore: registered new interface driver usbhid
[    1.794561] usbhid: USB HID core driver
[    1.804090] NET: Registered protocol family 10
[    1.815432] Segment Routing with IPv6
[    1.821207] sit: IPv6, IPv4 and MPLS over IPv4 tunneling driver
[    1.827733] NET: Registered protocol family 17
[    1.832200] can: controller area network core (rev 20120528 abi 9)
[    1.838554] NET: Registered protocol family 29
[    1.843011] can: raw protocol (rev 20120528)
[    1.847277] can: broadcast manager protocol (rev 20161123 t)
[    1.852949] can: netlink gateway (rev 20130117) max_hops=1
[    1.858732] Key type dns_resolver registered
[    1.863594] ThumbEE CPU extension supported.
[    1.867866] Registering SWP/SWPB emulation handler
[    1.893700] mmc0: new high speed SDHC card at address aaaa
[    1.894218] usb1_vbus: supplied by vdd-sys-5v0
[    1.895120] usb2_vbus: supplied by vdd-sys-5v0
[    1.897029] VDD_5V0_HDMI_CON: supplied by vdd-sys-5v0
[    1.913687] mmcblk0: mmc0:aaaa SL16G 14.8 GiB 
[    1.919305] [drm] Supports vblank timestamp caching Rev 2 (21.10.2013).
[    1.926012] [drm] No driver support for vblank timestamp query.
[    1.937676]  mmcblk0: p1 p2 p3
[    1.946742] mmc1: new high speed MMC card at address 0001
[    1.953251] mmcblk1: mmc1:0001 SEM32G 29.1 GiB 
[    1.954075] mmcblk1boot0: mmc1:0001 SEM32G partition 1 4.00 MiB
[    1.954682] mmcblk1boot1: mmc1:0001 SEM32G partition 2 4.00 MiB
[    1.955260] mmcblk1rpmb: mmc1:0001 SEM32G partition 3 4.00 MiB
[    1.958707]  mmcblk1: p1 p2 p3 p4 p5 p6 p7 p8
[    2.027078] Console: switching to colour frame buffer device 240x75
[    2.093358] drm drm: fb0:  frame buffer device
[    2.097929] [drm] Initialized tegra 0.0.0 20120330 for drm on minor 0
[    2.110065] tegra-ehci 7d008000.usb: EHCI Host Controller
[    2.115484] tegra-ehci 7d008000.usb: new USB bus registered, assigned bus number 1
[    2.123286] tegra-ehci 7d008000.usb: irq 339, io mem 0x7d008000
[    2.149586] tegra-ehci 7d008000.usb: USB 2.0 started, EHCI 1.10
[    2.156712] hub 1-0:1.0: USB hub found
[    2.160592] hub 1-0:1.0: 1 port detected
[    2.166298] input: gpio-keys as /devices/soc0/gpio-keys/input/input0
[    2.174989] palmas-rtc 7000d000.i2c:tps65913@58:rtc: setting system clock to 2001-01-09 03:15:50 UTC (979010150)
[    2.188604] dvdd_ts: disabling
[    2.191748] usb1_vbus: disabling
[    2.194991] vdd_cam_1v8_reg: disabling
[    2.200277] EXT4-fs (mmcblk1p1): mounting ext3 file system using the ext4 subsystem
[    2.221152] EXT4-fs (mmcblk1p1): recovery complete
[    2.225972] EXT4-fs (mmcblk1p1): mounted filesystem with ordered data mode. Opts: (null)
[    2.234146] VFS: Mounted root (ext3 filesystem) on device 179:17.
[    2.244800] devtmpfs: mounted
[    2.249610] Freeing unused kernel memory: 2048K
bash: cannot set terminal process group (-1): Inappropriate ioctl for device
bash: no job control in this shell
root@(none):/# [    2.539531] usb 1-1: new high-speed USB device number 2 using tegra-ehci
[    3.210682] asix 1-1:1.0 eth0: register 'asix' at usb-7d008000.usb-1, ASIX AX88772 USB 2.0 Ethernet, 00:50:b6:0d:b5:16
mount -t sysfs none /sys
root@(none):/# 
root@(none):/# mount -t debugfs none /sys/kernel/debug
root@(none):/# 
root@(none):/# rtcwake -d rtc1 -m mem -s 3
rtcwake: assuming RTC uses UTC ...
rtcwake: wakeup from "mem" using /dev/rtc1 at Thu Jan  1 00:00:20 1970
[    5.431658] PM: Syncing filesystems ... done.
[    5.475611] Freezing user space processes ... (elapsed 0.001 seconds) done.
[    5.483953] Freezing remaining freezable tasks ... (elapsed 0.001 seconds) done.
[    5.492838] Suspending console(s) (use no_console_suspend to debug)
[    5.551474] PM: suspend of devices complete after 51.083 msecs
[    5.554382] PM: late suspend of devices complete after 2.892 msecs
[    5.557047] PM: noirq suspend of devices complete after 2.650 msecs
[    5.557053] Disabling non-boot CPUs ...
[    5.595272] IRQ17 no longer affine to CPU2
[    5.703646] Entering suspend state LP1
[    5.703646] Suspended for 6.971 seconds
[    5.703666] Enabling non-boot CPUs ...
[    5.733429] CPU1 is up
[    5.773530] CPU2 is up
[    5.814191] CPU3 is up
[    5.815361] PM: noirq resume of devices complete after 1.158 msecs
[    5.817839] PM: early resume of devices complete after 2.018 msecs
[    6.409108] PM: resume of devices complete after 591.251 msecs
[    6.473432] Restarting tasks ... done.
root@(none):/# 
root@(none):/# rtcwake -d rtc1 -m mem -s 3
rtcwake: assuming RTC uses UTC ...
rtcwake: wakeup from "mem" using /dev/rtc1 at Thu Jan  1 00:00:29 1970
[    7.472511] PM: Syncing filesystems ... done.
[    7.510579] Freezing user space processes ... (elapsed 0.001 seconds) done.
[    7.518892] Freezing remaining freezable tasks ... (elapsed 0.001 seconds) done.
[    7.527749] Suspending console(s) (use no_console_suspend to debug)
[    7.591416] PM: suspend of devices complete after 56.095 msecs
[    7.594600] PM: late suspend of devices complete after 3.167 msecs
[    7.597071] PM: noirq suspend of devices complete after 2.459 msecs
[    7.597077] Disabling non-boot CPUs ...
[    7.634673] IRQ17 no longer affine to CPU2
[    7.743300] Entering suspend state LP1
[    7.743300] Suspended for 6.960 seconds
[    7.743320] Enabling non-boot CPUs ...
[    7.773330] CPU1 is up
[    7.813481] CPU2 is up
[    7.854162] CPU3 is up
[    7.855296] PM: noirq resume of devices complete after 1.121 msecs
[    7.857956] PM: early resume of devices complete after 2.203 msecs
[    8.448601] PM: resume of devices complete after 590.627 msecs
[    8.513008] Restarting tasks ... done.
root@(none):/# 
root@(none):/# rtcwake -d rtc1 -m mem -s 3
rtcwake: assuming RTC uses UTC ...
rtcwake: wakeup from "mem" using /dev/rtc1 at Thu Jan  1 00:00:38 1970
[    9.511350] PM: Syncing filesystems ... done.
[    9.550907] Freezing user space processes ... (elapsed 0.001 seconds) done.
[    9.559123] Freezing remaining freezable tasks ... (elapsed 0.001 seconds) done.
[    9.567994] Suspending console(s) (use no_console_suspend to debug)
[    9.631340] PM: suspend of devices complete after 55.770 msecs
[    9.634516] PM: late suspend of devices complete after 3.158 msecs
[    9.637006] PM: noirq suspend of devices complete after 2.480 msecs
[    9.637012] Disabling non-boot CPUs ...
[    9.674694] IRQ17 no longer affine to CPU2
[    9.783228] Entering suspend state LP1
[    9.783228] Suspended for 6.960 seconds
[    9.783248] Enabling non-boot CPUs ...
[    9.813321] CPU1 is up
[    9.853414] CPU2 is up
[    9.894124] CPU3 is up
[    9.895270] PM: noirq resume of devices complete after 1.134 msecs
[    9.897734] PM: early resume of devices complete after 2.026 msecs
[   10.489945] PM: resume of devices complete after 592.194 msecs
[   10.554244] Restarting tasks ... done.
root@(none):/# 
root@(none):/# rtcwake -d rtc1 -m mem -s 3
rtcwake: assuming RTC uses UTC ...
rtcwake: wakeup from "mem" using /dev/rtc1 at Thu Jan  1 00:00:47 1970
[   11.549628] PM: Syncing filesystems ... done.
[   11.590454] Freezing user space processes ... (elapsed 0.001 seconds) done.
[   11.598781] Freezing remaining freezable tasks ... (elapsed 0.001 seconds) done.
[   11.607620] Suspending console(s) (use no_console_suspend to debug)
[   11.671646] PM: suspend of devices complete after 56.445 msecs
[   11.674510] PM: late suspend of devices complete after 2.848 msecs
[   11.677140] PM: noirq suspend of devices complete after 2.617 msecs
[   11.677146] Disabling non-boot CPUs ...
[   11.832964] Entering suspend state LP1
[   11.832964] Suspended for 6.950 seconds
[   11.832984] Enabling non-boot CPUs ...
[   11.863746] CPU1 is up
[   11.903363] CPU2 is up
[   11.944025] CPU3 is up
[   11.945159] PM: noirq resume of devices complete after 1.121 msecs
[   11.947604] PM: early resume of devices complete after 2.007 msecs
[   12.538996] PM: resume of devices complete after 591.376 msecs
[   12.599210] Restarting tasks ... done.
root@(none):/# 
root@(none):/# rtcwake -d rtc1 -m mem -s 3
rtcwake: assuming RTC uses UTC ...
rtcwake: wakeup from "mem" using /dev/rtc1 at Thu Jan  1 00:00:56 1970
[   13.613493] PM: Syncing filesystems ... done.
[   13.640867] Freezing user space processes ... (elapsed 0.001 seconds) done.
[   13.649195] Freezing remaining freezable tasks ... (elapsed 0.001 seconds) done.
[   13.658066] Suspending console(s) (use no_console_suspend to debug)
[   13.721728] PM: suspend of devices complete after 56.085 msecs
[   13.724874] PM: late suspend of devices complete after 3.129 msecs
[   13.727328] PM: noirq suspend of devices complete after 2.443 msecs
[   13.727333] Disabling non-boot CPUs ...
[   13.727828] IRQ17 no longer affine to CPU1
[   13.852906] Entering suspend state LP1
[   13.852906] Suspended for 6.980 seconds
[   13.852925] Enabling non-boot CPUs ...
[   13.883689] CPU1 is up
[   13.923330] CPU2 is up
[   13.963973] CPU3 is up
[   13.965106] PM: noirq resume of devices complete after 1.121 msecs
[   13.967623] PM: early resume of devices complete after 2.056 msecs
[   14.558932] PM: resume of devices complete after 591.291 msecs
[   14.623279] Restarting tasks ... done.
root@(none):/# 
root@(none):/# rtcwake -d rtc1 -m mem -s 3
rtcwake: assuming RTC uses UTC ...
rtcwake: wakeup from "mem" using /dev/rtc1 at Thu Jan  1 00:01:05 1970
[   15.621322] PM: Syncing filesystems ... done.
[   15.658787] Freezing user space processes ... (elapsed 0.001 seconds) done.
[   15.667130] Freezing remaining freezable tasks ... (elapsed 0.001 seconds) done.
[   15.676003] Suspending console(s) (use no_console_suspend to debug)
[   15.741613] PM: suspend of devices complete after 58.041 msecs
[   15.744776] PM: late suspend of devices complete after 3.146 msecs
[   15.747287] PM: noirq suspend of devices complete after 2.499 msecs
[   15.747292] Disabling non-boot CPUs ...
[   15.747791] IRQ17 no longer affine to CPU1
[   15.912917] Entering suspend state LP1
[   15.912917] Suspended for 6.940 seconds
[   15.912937] Enabling non-boot CPUs ...
[   15.943683] CPU1 is up
[   15.983271] CPU2 is up
[   16.023953] CPU3 is up
[   16.025107] PM: noirq resume of devices complete after 1.142 msecs
[   16.027506] PM: early resume of devices complete after 1.958 msecs
[   16.619489] PM: resume of devices complete after 591.965 msecs
[   16.683887] Restarting tasks ... done.
root@(none):/# 
root@(none):/# rtcwake -d rtc1 -m mem -s 3
rtcwake: assuming RTC uses UTC ...
rtcwake: wakeup from "mem" using /dev/rtc1 at Thu Jan  1 00:01:14 1970
[   17.678034] PM: Syncing filesystems ... done.
[   17.718823] Freezing user space processes ... (elapsed 0.001 seconds) done.
[   17.727155] Freezing remaining freezable tasks ... (elapsed 0.001 seconds) done.
[   17.736016] Suspending console(s) (use no_console_suspend to debug)
[   17.801170] PM: suspend of devices complete after 57.595 msecs
[   17.804307] PM: late suspend of devices complete after 3.120 msecs
[   17.806788] PM: noirq suspend of devices complete after 2.469 msecs
[   17.806793] Disabling non-boot CPUs ...
[   17.807277] IRQ17 no longer affine to CPU1
[   17.932820] Entering suspend state LP1
[   17.932820] Suspended for 6.980 seconds
[   17.932839] Enabling non-boot CPUs ...
[   17.963613] CPU1 is up
[   18.003225] CPU2 is up
[   18.043889] CPU3 is up
[   18.045050] PM: noirq resume of devices complete after 1.148 msecs
[   18.047534] PM: early resume of devices complete after 2.020 msecs
[   18.639389] PM: resume of devices complete after 591.837 msecs
[   18.703720] Restarting tasks ... done.
root@(none):/# 
root@(none):/# rtcwake -d rtc1 -m mem -s 3
rtcwake: assuming RTC uses UTC ...
rtcwake: wakeup from "mem" using /dev/rtc1 at Thu Jan  1 00:01:23 1970
[   19.699586] PM: Syncing filesystems ... done.
[   19.740527] Freezing user space processes ... (elapsed 0.001 seconds) done.
[   19.748858] Freezing remaining freezable tasks ... (elapsed 0.001 seconds) done.
[   19.757698] Suspending console(s) (use no_console_suspend to debug)
[   19.821575] PM: suspend of devices complete after 56.281 msecs
[   19.824725] PM: late suspend of devices complete after 3.132 msecs
[   19.827172] PM: noirq suspend of devices complete after 2.437 msecs
[   19.827178] Disabling non-boot CPUs ...
[   19.827677] IRQ17 no longer affine to CPU1
[   19.952754] Entering suspend state LP1
[   19.952754] Suspended for 6.980 seconds
[   19.952773] Enabling non-boot CPUs ...
[   19.983554] CPU1 is up
[   20.023176] CPU2 is up
[   20.063831] CPU3 is up
[   20.065004] PM: noirq resume of devices complete after 1.161 msecs
[   20.067447] PM: early resume of devices complete after 2.004 msecs
[   20.658685] PM: resume of devices complete after 591.219 msecs
[   20.723009] Restarting tasks ... done.
root@(none):/# 
root@(none):/# rtcwake -d rtc1 -m mem -s 3
rtcwake: assuming RTC uses UTC ...
rtcwake: wakeup from "mem" using /dev/rtc1 at Thu Jan  1 00:01:32 1970
[   21.720975] PM: Syncing filesystems ... done.
[   21.760432] Freezing user space processes ... (elapsed 0.001 seconds) done.
[   21.768756] Freezing remaining freezable tasks ... (elapsed 0.001 seconds) done.
[   21.777622] Suspending console(s) (use no_console_suspend to debug)
[   21.841396] PM: suspend of devices complete after 56.200 msecs
[   21.844284] PM: late suspend of devices complete after 2.871 msecs
[   21.846719] PM: noirq suspend of devices complete after 2.424 msecs
[   21.846724] Disabling non-boot CPUs ...
[   21.847233] IRQ17 no longer affine to CPU1
[   21.992949] Entering suspend state LP1
[   21.992949] Suspended for 6.960 seconds
[   21.992968] Enabling non-boot CPUs ...
[   22.023007] CPU1 is up
[   22.063137] CPU2 is up
[   22.103810] CPU3 is up
[   22.104956] PM: noirq resume of devices complete after 1.133 msecs
[   22.107721] PM: early resume of devices complete after 2.323 msecs
[   22.702114] PM: resume of devices complete after 594.377 msecs
[   22.766477] Restarting tasks ... done.
root@(none):/# 
root@(none):/# rtcwake -d rtc1 -m mem -s 3
rtcwake: assuming RTC uses UTC ...
rtcwake: wakeup from "mem" using /dev/rtc1 at Thu Jan  1 00:01:41 1970
[   23.761103] PM: Syncing filesystems ... done.
[   23.800992] Freezing user space processes ... (elapsed 0.001 seconds) done.
[   23.809371] Freezing remaining freezable tasks ... (elapsed 0.001 seconds) done.
[   23.818230] Suspending console(s) (use no_console_suspend to debug)
[   23.881059] PM: suspend of devices complete after 55.268 msecs
[   23.884074] PM: late suspend of devices complete after 2.999 msecs
[   23.886549] PM: noirq suspend of devices complete after 2.463 msecs
[   23.886554] Disabling non-boot CPUs ...
[   23.887069] IRQ17 no longer affine to CPU1
[   24.032926] Entering suspend state LP1
[   24.032926] Suspended for 6.960 seconds
[   24.032946] Enabling non-boot CPUs ...
[   24.063022] CPU1 is up
[   24.103087] CPU2 is up
[   24.143764] CPU3 is up
[   24.144902] PM: noirq resume of devices complete after 1.126 msecs
[   24.147545] PM: early resume of devices complete after 2.201 msecs
[   24.737329] PM: resume of devices complete after 589.767 msecs
[   24.801675] Restarting tasks ... done.
root@(none):/# 
root@(none):/# NVTB SYSTEM SUSPEND TEST COMPLETE
