[    0.000000] Booting Linux on physical CPU 0x0
[    0.000000] Linux version 4.6.0+ (pwalmsley@tamien) (gcc version 4.9.2 20140904 (prerelease) (crosstool-NG linaro-1.13.1-4.9-2014.09 - Linaro GCC 4.9-2014.09) ) #1 SMP PREEMPT Mon May 16 02:40:23 PDT 2016
[    0.000000] Boot CPU: AArch64 Processor [411fd070]
[    0.000000] Memory limited to 1024MB
[    0.000000] efi: Getting EFI parameters from FDT:
[    0.000000] efi: UEFI not found.
[    0.000000] cma: Reserved 16 MiB at 0x000000007f000000
[    0.000000] psci: probing for conduit method from DT.
[    0.000000] psci: PSCIv0.2 detected in firmware.
[    0.000000] psci: Using standard PSCI v0.2 function IDs
[    0.000000] psci: Trusted OS migration not required
[    0.000000] percpu: Embedded 20 pages/cpu @ffffffc03efd3000 s43008 r8192 d30720 u81920
[    0.000000] Detected PIPT I-cache on CPU0
[    0.000000] CPU features: enabling workaround for ARM erratum 832075
[    0.000000] CPU features: enabling workaround for ARM erratum 834220
[    0.000000] Built 1 zonelists in Zone order, mobility grouping on.  Total pages: 258048
[    0.000000] Kernel command line: root=/dev/vda2 rw rootwait mem=1024M console=ttyAMA0,38400n8 init=/bin/bash
[    0.000000] PID hash table entries: 4096 (order: 3, 32768 bytes)
[    0.000000] Dentry cache hash table entries: 131072 (order: 8, 1048576 bytes)
[    0.000000] Inode-cache hash table entries: 65536 (order: 7, 524288 bytes)
[    0.000000] software IO TLB [mem 0x79c00000-0x7dc00000] (64MB) mapped at [ffffffc039c00000-ffffffc03dbfffff]
[    0.000000] Memory: 936376K/1048576K available (7000K kernel code, 621K rwdata, 2956K rodata, 816K init, 244K bss, 95816K reserved, 16384K cma-reserved)
[    0.000000] Virtual kernel memory layout:
[    0.000000]     modules : 0xffffff8000000000 - 0xffffff8008000000   (   128 MB)
[    0.000000]     vmalloc : 0xffffff8008000000 - 0xffffffbdbfff0000   (   246 GB)
[    0.000000]       .text : 0xffffff8008080000 - 0xffffff8008754000   (  6992 KB)
[    0.000000]     .rodata : 0xffffff8008754000 - 0xffffff8008a3b000   (  2972 KB)
[    0.000000]       .init : 0xffffff8008a3b000 - 0xffffff8008b07000   (   816 KB)
[    0.000000]       .data : 0xffffff8008b07000 - 0xffffff8008ba2400   (   621 KB)
[    0.000000]     vmemmap : 0xffffffbdc0000000 - 0xffffffbfc0000000   (     8 GB maximum)
[    0.000000]               0xffffffbdc0000000 - 0xffffffbdc1000000   (    16 MB actual)
[    0.000000]     fixed   : 0xffffffbffe7fd000 - 0xffffffbffec00000   (  4108 KB)
[    0.000000]     PCI I/O : 0xffffffbffee00000 - 0xffffffbfffe00000   (    16 MB)
[    0.000000]     memory  : 0xffffffc000000000 - 0xffffffc040000000   (  1024 MB)
[    0.000000] SLUB: HWalign=64, Order=0-3, MinObjects=0, CPUs=1, Nodes=1
[    0.000000] Preemptible hierarchical RCU implementation.
[    0.000000] 	Build-time adjustment of leaf fanout to 64.
[    0.000000] 	RCU restricting CPUs from NR_CPUS=64 to nr_cpu_ids=1.
[    0.000000] RCU: Adjusting geometry for rcu_fanout_leaf=64, nr_cpu_ids=1
[    0.000000] NR_IRQS:64 nr_irqs:64 0
[    0.000000] GICv2m: range[mem 0x08020000-0x08020fff], SPI[80:143]
[    0.000000] Architected cp15 timer(s) running at 62.50MHz (virt).
[    0.000000] clocksource: arch_sys_counter: mask: 0xffffffffffffff max_cycles: 0x1cd42e208c, max_idle_ns: 881590405314 ns
[    0.000181] sched_clock: 56 bits at 62MHz, resolution 16ns, wraps every 4398046511096ns
[    0.007068] Console: colour dummy device 80x25
[    0.007887] Calibrating delay loop (skipped), value calculated using timer frequency.. 125.00 BogoMIPS (lpj=250000)
[    0.008061] pid_max: default: 32768 minimum: 301
[    0.008996] Security Framework initialized
[    0.009808] Mount-cache hash table entries: 2048 (order: 2, 16384 bytes)
[    0.009856] Mountpoint-cache hash table entries: 2048 (order: 2, 16384 bytes)
[    0.035112] ASID allocator initialised with 65536 entries
[    0.051762] EFI services will not be available.
[    0.057953] Brought up 1 CPUs
[    0.058018] SMP: Total of 1 processors activated.
[    0.058335] CPU: All CPU(s) started at EL1
[    0.059304] alternatives: patching kernel code
[    0.076873] devtmpfs: initialized
[    0.087766] DMI not present or invalid.
[    0.089617] clocksource: jiffies: mask: 0xffffffff max_cycles: 0xffffffff, max_idle_ns: 7645041785100000 ns
[    0.093072] pinctrl core: initialized pinctrl subsystem
[    0.122499] NET: Registered protocol family 16
[    0.145906] cpuidle: using governor menu
[    0.146989] vdso: 2 pages (1 code @ ffffff800875a000, 1 data @ ffffff8008b0c000)
[    0.147328] hw-breakpoint: found 6 breakpoint and 4 watchpoint registers.
[    0.155983] DMA: preallocated 256 KiB pool for atomic allocations
[    0.159139] Serial: AMBA PL011 UART driver
[    0.217600] 9000000.pl011: ttyAMA0 at MMIO 0x9000000 (irq = 39, base_baud = 0) is a PL011 rev1
[    0.239835] console [ttyAMA0] enabled
[    0.389594] HugeTLB registered 2 MB page size, pre-allocated 0 pages
[    0.411288] vgaarb: loaded
[    0.414855] SCSI subsystem initialized
[    0.422774] usbcore: registered new interface driver usbfs
[    0.424659] usbcore: registered new interface driver hub
[    0.425785] usbcore: registered new device driver usb
[    0.429585] pps_core: LinuxPPS API ver. 1 registered
[    0.429809] pps_core: Software ver. 5.3.6 - Copyright 2005-2007 Rodolfo Giometti <giometti@linux.it>
[    0.431524] PTP clock support registered
[    0.435560] dmi: Firmware registration failed.
[    0.440423] Advanced Linux Sound Architecture Driver Initialized.
[    0.451796] clocksource: Switched to clocksource arch_sys_counter
[    0.453071] VFS: Disk quotas dquot_6.6.0
[    0.453569] VFS: Dquot-cache hash table entries: 512 (order 0, 4096 bytes)
[    0.542034] NET: Registered protocol family 2
[    0.549280] TCP established hash table entries: 8192 (order: 4, 65536 bytes)
[    0.549927] TCP bind hash table entries: 8192 (order: 5, 131072 bytes)
[    0.550588] TCP: Hash tables configured (established 8192 bind 8192)
[    0.552220] UDP hash table entries: 512 (order: 2, 16384 bytes)
[    0.552694] UDP-Lite hash table entries: 512 (order: 2, 16384 bytes)
[    0.554583] NET: Registered protocol family 1
[    0.561794] RPC: Registered named UNIX socket transport module.
[    0.562179] RPC: Registered udp transport module.
[    0.562429] RPC: Registered tcp transport module.
[    0.562663] RPC: Registered tcp NFSv4.1 backchannel transport module.
[    0.570672] kvm [1]: HYP mode not available
[    0.592590] futex hash table entries: 256 (order: 3, 32768 bytes)
[    0.593724] audit: initializing netlink subsys (disabled)
[    0.594810] audit: type=2000 audit(0.568:1): initialized
[    0.606038] workingset: timestamp_bits=44 max_order=18 bucket_order=0
[    0.692203] squashfs: version 4.0 (2009/01/31) Phillip Lougher
[    0.705816] NFS: Registering the id_resolver key type
[    0.707012] Key type id_resolver registered
[    0.707313] Key type id_legacy registered
[    0.709628] fuse init (API version 7.24)
[    0.714617] 9p: Installing v9fs 9p2000 file system support
[    0.731325] io scheduler noop registered
[    0.733289] io scheduler cfq registered (default)
[    0.761413] pl061_gpio 9030000.pl061: PL061 GPIO chip @0x0000000009030000 registered
[    0.770732] PCI host bridge /pcie@10000000 ranges:
[    0.771466]    IO 0x3eff0000..0x3effffff -> 0x00000000
[    0.773155]   MEM 0x10000000..0x3efeffff -> 0x10000000
[    0.773457]   MEM 0x8000000000..0xffffffffff -> 0x8000000000
[    0.777021] pci-host-generic 3f000000.pcie: PCI host bridge to bus 0000:00
[    0.777400] pci_bus 0000:00: root bus resource [bus 00-0f]
[    0.777588] pci_bus 0000:00: root bus resource [io  0x0000-0xffff]
[    0.777702] pci_bus 0000:00: root bus resource [mem 0x10000000-0x3efeffff]
[    0.777817] pci_bus 0000:00: root bus resource [mem 0x8000000000-0xffffffffff]
[    0.813254] xenfs: not registering filesystem on non-xen platform
[    0.853538] Serial: 8250/16550 driver, 4 ports, IRQ sharing disabled
[    0.881973] SuperH (H)SCI(F) driver initialized
[    0.887186] msm_serial: driver initialized
[    0.897858] Unable to detect cache hierarchy from DT for CPU 0
[    0.999386] loop: module loaded
[    1.059591]  vda: vda1 vda2
[    1.112753] tun: Universal TUN/TAP device driver, 1.6
[    1.113149] tun: (C) 1999-2004 Max Krasnyansky <maxk@qualcomm.com>
[    1.135283] e1000e: Intel(R) PRO/1000 Network Driver - 3.2.6-k
[    1.135568] e1000e: Copyright(c) 1999 - 2015 Intel Corporation.
[    1.138396] igb: Intel(R) Gigabit Ethernet Network Driver - version 5.3.0-k
[    1.138911] igb: Copyright (c) 2007-2014 Intel Corporation.
[    1.141700] igbvf: Intel(R) Gigabit Virtual Function Network Driver - version 2.0.2-k
[    1.141966] igbvf: Copyright (c) 2009 - 2012 Intel Corporation.
[    1.143066] sky2: driver version 1.30
[    1.154984] VFIO - User Level meta-driver version: 0.3
[    1.180356] ehci_hcd: USB 2.0 'Enhanced' Host Controller (EHCI) Driver
[    1.180980] ehci-pci: EHCI PCI platform driver
[    1.183285] ehci-platform: EHCI generic platform driver
[    1.185992] ehci-msm: Qualcomm On-Chip EHCI Host Controller
[    1.188733] ohci_hcd: USB 1.1 'Open' Host Controller (OHCI) Driver
[    1.189466] ohci-pci: OHCI PCI platform driver
[    1.192584] ohci-platform: OHCI generic platform driver
[    1.201852] usbcore: registered new interface driver usb-storage
[    1.225778] mousedev: PS/2 mouse device common for all mice
[    1.246684] rtc-pl031 9010000.pl031: rtc core: registered pl031 as rtc0
[    1.255241] i2c /dev entries driver
[    1.289789] sdhci: Secure Digital Host Controller Interface driver
[    1.290277] sdhci: Copyright(c) Pierre Ossman
[    1.293484] Synopsys Designware Multimedia Card Interface Driver
[    1.303136] sdhci-pltfm: SDHCI platform and OF driver helper
[    1.314860] ledtrig-cpu: registered to indicate activity on CPUs
[    1.341135] usbcore: registered new interface driver usbhid
[    1.341611] usbhid: USB HID core driver
[    1.375538] NET: Registered protocol family 17
[    1.378170] 9pnet: Installing 9P2000 support
[    1.379202] Key type dns_resolver registered
[    1.385579] registered taskstats version 1
[    1.400843] input: gpio-keys as /devices/platform/gpio-keys/input/input0
[    1.405380] rtc-pl031 9010000.pl031: setting system clock to 2016-05-16 09:40:54 UTC (1463391654)
[    1.407405] ALSA device list:
[    1.407655]   No soundcards found.
[    1.412604] uart-pl011 9000000.pl011: no DMA platform data
[    1.419334] EXT4-fs (vda2): couldn't mount as ext3 due to feature incompatibilities
[    1.509407] EXT4-fs (vda2): recovery complete
[    1.510136] EXT4-fs (vda2): mounted filesystem with ordered data mode. Opts: (null)
[    1.510752] VFS: Mounted root (ext4 filesystem) on device 254:2.
[    1.513842] devtmpfs: mounted
[    1.553525] Freeing unused kernel memory: 816K (ffffff8008a3b000 - ffffff8008b07000)
bash: cannot set terminal process group (-1): Inappropriate ioctl for device
bash: no job control in this shell
bash-4.3# 