
U-Boot SPL 2014.01-00219-gc4d376f (Feb 18 2014 - 19:57:18)


U-Boot 2014.01-00219-gc4d376f (Feb 18 2014 - 19:57:18)

TEGRA30
Board: NVIDIA Beaver
I2C:   ready
DRAM:  2 GiB
MMC:   Tegra SD/MMC: 0, Tegra SD/MMC: 1
In:    serial
Out:   serial
Err:   serial
Net:   Net Initialization Skipped
No ethernet found.
Hit any key to stop autoboot:  2  0 
Tegra30 (Beaver) # 
Tegra30 (Beaver) # usb reset
(Re)start USB...
USB0:   USB EHCI 1.00
scanning bus 0 for devices... 2 USB Device(s) found
       scanning usb for storage devices... 0 Storage Device(s) found
       scanning usb for ethernet devices... 
Warning: asx0 using MAC address from net device
1 Ethernet Device(s) found
Tegra30 (Beaver) # setenv bootargs 'ignore_loglevel console=ttyS0,115200n8 rw root=PARTUUID=edbe1840-3633-c751-7993-b0ac834f81e0 rootwait gpt debug noinitrd earlyprintk init=/bin/bash'
Tegra30 (Beaver) # setenv ipaddr 192.168.100.101; setenv serverip 192.168.100.1; setenv tftpserverip 192.168.100.1
Tegra30 (Beaver) # tftpboot 0x81000000 zImage.multi_v7_defconfig
Using asx0 device
TFTP from server 192.168.100.1; our IP address is 192.168.100.101
Filename 'zImage.multi_v7_defconfig'.
Load address: 0x81000000
Loading: *#################################################################
	 #################################################################
	 #################################################################
	 #################################################################
	 #################################################################
	 #################################################################
	 #################################################################
	 #################
	 3.1 MiB/s
done
Bytes transferred = 6919032 (699378 hex)
Tegra30 (Beaver) # tftpboot 0x82000000 tegra30-beaver.dtb
Using asx0 device
TFTP from server 192.168.100.1; our IP address is 192.168.100.101
Filename 'tegra30-beaver.dtb'.
Load address: 0x82000000
Loading: *####
	 2.7 MiB/s
done
Bytes transferred = 51467 (c90b hex)
Tegra30 (Beaver) # bootz 0x81000000 - 0x82000000
Kernel image @ 0x81000000 [ 0x000000 - 0x699378 ]
## Flattened Device Tree blob at 82000000
   Booting using the fdt blob at 0x82000000
   Loading Device Tree to 8fff0000, end 8ffff90a ... OK

Starting kernel ...

[    0.000000] Booting Linux on physical CPU 0x0
[    0.000000] Linux version 4.6.0-83646-g2dcd0af (pwalmsley@sellafield) (gcc version 4.7.3 20130328 (prerelease) (crosstool-NG linaro-1.13.1-4.7-2013.04-20130415 - Linaro GCC 2013.04) ) #1 SMP Mon May 16 02:48:31 PDT 2016
[    0.000000] CPU: ARMv7 Processor [412fc099] revision 9 (ARMv7), cr=10c5387d
[    0.000000] CPU: PIPT / VIPT nonaliasing data cache, VIPT aliasing instruction cache
[    0.000000] Machine model: NVIDIA Tegra30 Beaver evaluation board
[    0.000000] debug: ignoring loglevel setting.
[    0.000000] cma: Reserved 64 MiB at 0xfb800000
[    0.000000] Memory policy: Data cache writealloc
[    0.000000] On node 0 totalpages: 524032
[    0.000000] free_area_init_node: node 0, pgdat c141b3c0, node_mem_map eeff8000
[    0.000000]   DMA zone: 1536 pages used for memmap
[    0.000000]   DMA zone: 0 pages reserved
[    0.000000]   DMA zone: 196608 pages, LIFO batch:31
[    0.000000]   HighMem zone: 327424 pages, LIFO batch:31
[    0.000000] percpu: Embedded 12 pages/cpu @eef93000 s19776 r8192 d21184 u49152
[    0.000000] pcpu-alloc: s19776 r8192 d21184 u49152 alloc=12*4096
[    0.000000] pcpu-alloc: [0] 0 [0] 1 [0] 2 [0] 3 
[    0.000000] Built 1 zonelists in Zone order, mobility grouping on.  Total pages: 522496
[    0.000000] Kernel command line: ignore_loglevel console=ttyS0,115200n8 rw root=PARTUUID=edbe1840-3633-c751-7993-b0ac834f81e0 rootwait gpt debug noinitrd earlyprintk init=/bin/bash
[    0.000000] PID hash table entries: 4096 (order: 2, 16384 bytes)
[    0.000000] Dentry cache hash table entries: 131072 (order: 7, 524288 bytes)
[    0.000000] Inode-cache hash table entries: 65536 (order: 6, 262144 bytes)
[    0.000000] Memory: 1995052K/2096128K available (9522K kernel code, 1141K rwdata, 4108K rodata, 2048K init, 341K bss, 35540K reserved, 65536K cma-reserved, 1244160K highmem)
[    0.000000] Virtual kernel memory layout:
[    0.000000]     vector  : 0xffff0000 - 0xffff1000   (   4 kB)
[    0.000000]     fixmap  : 0xffc00000 - 0xfff00000   (3072 kB)
[    0.000000]     vmalloc : 0xf0800000 - 0xff800000   ( 240 MB)
[    0.000000]     lowmem  : 0xc0000000 - 0xf0000000   ( 768 MB)
[    0.000000]     pkmap   : 0xbfe00000 - 0xc0000000   (   2 MB)
[    0.000000]     modules : 0xbf000000 - 0xbfe00000   (  14 MB)
[    0.000000]       .text : 0xc0208000 - 0xc104fa34   (14623 kB)
[    0.000000]       .init : 0xc1100000 - 0xc1300000   (2048 kB)
[    0.000000]       .data : 0xc1300000 - 0xc141d400   (1141 kB)
[    0.000000]        .bss : 0xc141f000 - 0xc1474518   ( 342 kB)
[    0.000000] SLUB: HWalign=64, Order=0-3, MinObjects=0, CPUs=4, Nodes=1
[    0.000000] Hierarchical RCU implementation.
[    0.000000] 	Build-time adjustment of leaf fanout to 32.
[    0.000000] 	RCU restricting CPUs from NR_CPUS=16 to nr_cpu_ids=4.
[    0.000000] RCU: Adjusting geometry for rcu_fanout_leaf=32, nr_cpu_ids=4
[    0.000000] NR_IRQS:16 nr_irqs:16 16
[    0.000000] /interrupt-controller@60004000: 160 interrupts forwarded to /interrupt-controller@50041000
[    0.000000] L2C: platform modifies aux control register: 0x02080000 -> 0x3e480001
[    0.000000] L2C: DT/platform modifies aux control register: 0x02080000 -> 0x3e480001
[    0.000000] L2C-310 erratum 769419 enabled
[    0.000000] L2C-310 enabling early BRESP for Cortex-A9
[    0.000000] L2C-310: enabling full line of zeros but not enabled in Cortex-A9
[    0.000000] L2C-310 dynamic clock gating enabled, standby mode enabled
[    0.000000] L2C-310 cache controller enabled, 8 ways, 1024 kB
[    0.000000] L2C-310: CACHE_ID 0x410000c7, AUX_CTRL 0x4e480001
[    0.000012] sched_clock: 32 bits at 1000kHz, resolution 1000ns, wraps every 2147483647500ns
[    0.000030] clocksource: timer_us: mask: 0xffffffff max_cycles: 0xffffffff, max_idle_ns: 1911260446275 ns
[    0.000039] Switching to timer-based delay loop, resolution 1000ns
[    0.002729] Console: colour dummy device 80x30
[    0.002754] Calibrating delay loop (skipped), value calculated using timer frequency.. 2.00 BogoMIPS (lpj=5000)
[    0.002763] pid_max: default: 32768 minimum: 301
[    0.002850] Mount-cache hash table entries: 2048 (order: 1, 8192 bytes)
[    0.002857] Mountpoint-cache hash table entries: 2048 (order: 1, 8192 bytes)
[    0.003287] CPU: Testing write buffer coherency: ok
[    0.003569] CPU0: thread -1, cpu 0, socket 0, mpidr 80000000
[    0.003641] Setting up static identity map for 0x80300000 - 0x80300098
[    0.005932] Tegra Revision: A03 SKU: 128 CPU Process: 4 SoC Process: 0
[    0.007232] CPU1: thread -1, cpu 1, socket 0, mpidr 80000001
[    0.007931] CPU2: thread -1, cpu 2, socket 0, mpidr 80000002
[    0.008604] CPU3: thread -1, cpu 3, socket 0, mpidr 80000003
[    0.008647] Brought up 4 CPUs
[    0.008661] SMP: Total of 4 processors activated (8.00 BogoMIPS).
[    0.008666] CPU: All CPU(s) started in SVC mode.
[    0.009357] devtmpfs: initialized
[    0.017661] VFP support v0.3: implementor 41 architecture 3 part 30 variant 9 rev 4
[    0.018351] clocksource: jiffies: mask: 0xffffffff max_cycles: 0xffffffff, max_idle_ns: 9556302231375000 ns
[    0.021799] pinctrl core: initialized pinctrl subsystem
[    0.023436] NET: Registered protocol family 16
[    0.026034] DMA: preallocated 256 KiB pool for atomic coherent allocations
[    0.039935] cpuidle: using governor menu
[    0.048539] No ATAGs?
[    0.048569] hw-breakpoint: found 5 (+1 reserved) breakpoint and 1 watchpoint registers.
[    0.048576] hw-breakpoint: maximum watchpoint size is 4 bytes.
[    0.051788] Serial: AMBA PL011 UART driver
[    0.053052] tegra-mc 7000f000.memory-controller: no memory timings for RAM code 3 registered
[    0.073049] vdd_5v_sata: Failed to request enable GPIO30: -517
[    0.073062] reg-fixed-voltage regulators:regulator@3: Failed to register regulator: -517
[    0.073106] usb1_vbus: Failed to request enable GPIO238: -517
[    0.073114] reg-fixed-voltage regulators:regulator@4: Failed to register regulator: -517
[    0.073157] usb3_vbus: Failed to request enable GPIO236: -517
[    0.073164] reg-fixed-voltage regulators:regulator@5: Failed to register regulator: -517
[    0.073249] sys_3v3_pexs: Failed to request enable GPIO95: -517
[    0.073256] reg-fixed-voltage regulators:regulator@7: Failed to register regulator: -517
[    0.075389] vgaarb: loaded
[    0.076004] SCSI subsystem initialized
[    0.076122] libata version 3.00 loaded.
[    0.076308] usbcore: registered new interface driver usbfs
[    0.076346] usbcore: registered new interface driver hub
[    0.076381] usbcore: registered new device driver usb
[    0.131734] pps_core: LinuxPPS API ver. 1 registered
[    0.131743] pps_core: Software ver. 5.3.6 - Copyright 2005-2007 Rodolfo Giometti <giometti@linux.it>
[    0.131758] PTP clock support registered
[    0.131911] EDAC MC: Ver: 3.0.0
[    0.133522] clocksource: Switched to clocksource timer_us
[    0.139318] NET: Registered protocol family 2
[    0.139728] TCP established hash table entries: 8192 (order: 3, 32768 bytes)
[    0.139781] TCP bind hash table entries: 8192 (order: 4, 65536 bytes)
[    0.139863] TCP: Hash tables configured (established 8192 bind 8192)
[    0.139952] UDP hash table entries: 512 (order: 2, 16384 bytes)
[    0.140011] UDP-Lite hash table entries: 512 (order: 2, 16384 bytes)
[    0.140205] NET: Registered protocol family 1
[    0.140471] RPC: Registered named UNIX socket transport module.
[    0.140478] RPC: Registered udp transport module.
[    0.140482] RPC: Registered tcp transport module.
[    0.140487] RPC: Registered tcp NFSv4.1 backchannel transport module.
[    0.140505] PCI: CLS 0 bytes, default 64
[    0.141273] hw perfevents: enabled with armv7_cortex_a9 PMU driver, 7 counters available
[    0.142259] futex hash table entries: 1024 (order: 4, 65536 bytes)
[    0.142796] workingset: timestamp_bits=28 max_order=19 bucket_order=0
[    0.148130] squashfs: version 4.0 (2009/01/31) Phillip Lougher
[    0.148630] NFS: Registering the id_resolver key type
[    0.148673] Key type id_resolver registered
[    0.148678] Key type id_legacy registered
[    0.148720] ntfs: driver 2.1.32 [Flags: R/O].
[    0.149588] bounce: pool size: 64 pages
[    0.149719] Block layer SCSI generic (bsg) driver version 0.4 loaded (major 248)
[    0.149732] io scheduler noop registered
[    0.149740] io scheduler deadline registered
[    0.149760] io scheduler cfq registered (default)
[    0.155193] tegra30-pinctrl 70000868.pinmux: invalid group "sdmmc3_dat6_pd3" for function "rsvd1"
[    0.155207] tegra30-pinctrl 70000868.pinmux: invalid group "sdmmc3_dat7_pd4" for function "rsvd1"
[    0.155221] tegra30-pinctrl 70000868.pinmux: invalid group "vi_vsync_pd6" for function "rsvd1"
[    0.155230] tegra30-pinctrl 70000868.pinmux: invalid group "vi_hsync_pd7" for function "rsvd1"
[    0.155695] tegra30-pinctrl 70000868.pinmux: invalid group "hdmi_int_pn7" for function "rsvd1"
[    0.155740] tegra30-pinctrl 70000868.pinmux: invalid group "ulpi_data3_po4" for function "rsvd1"
[    0.156070] tegra30-pinctrl 70000868.pinmux: invalid group "vi_d10_pt2" for function "rsvd1"
[    0.156082] tegra30-pinctrl 70000868.pinmux: invalid group "vi_d11_pt3" for function "rsvd1"
[    0.156093] tegra30-pinctrl 70000868.pinmux: invalid group "vi_d0_pt4" for function "rsvd1"
[    0.156134] tegra30-pinctrl 70000868.pinmux: invalid group "pu0" for function "rsvd1"
[    0.156165] tegra30-pinctrl 70000868.pinmux: invalid group "pu3" for function "rsvd1"
[    0.156195] tegra30-pinctrl 70000868.pinmux: invalid group "pu6" for function "rsvd1"
[    0.156235] tegra30-pinctrl 70000868.pinmux: invalid group "pv3" for function "rsvd1"
[    0.156736] tegra30-pinctrl 70000868.pinmux: invalid group "pbb0" for function "rsvd1"
[    0.156851] tegra30-pinctrl 70000868.pinmux: invalid group "pcc1" for function "rsvd1"
[    0.162199] tegra-pcie 3000.pcie-controller: 2x3 configuration
[    0.162316] vdd_1v5_gen: supplied by vdd_5v_in
[    0.162360] vdd_pexa,vdd_pexb: supplied by vdd_1v5_gen
[    0.162459] tegra-pcie 3000.pcie-controller: Failed to get supply 'hvdd-pex': -517
[    0.166297] tegra-apbdma 6000a000.dma: Tegra20 APB DMA driver register 32 channels
[    0.167447] tegra-pmc 7000e400.pmc: i2c-thermtrip node not found, emergency thermal reset disabled.
[    0.199317] Serial: 8250/16550 driver, 4 ports, IRQ sharing disabled
[    0.201427] console [ttyS0] disabled
[    0.201464] 70006000.serial: ttyS0 at MMIO 0x70006000 (irq = 331, base_baud = 25500000) is a Tegra
[    1.124779] console [ttyS0] enabled
[    1.128780] SuperH (H)SCI(F) driver initialized
[    1.133912] msm_serial: driver initialized
[    1.138110] STMicroelectronics ASC driver initialized
[    1.144791] [drm] Initialized drm 1.1.0 20060810
[    1.151258] tegra-hdmi 54280000.hdmi: failed to get HDMI regulator
[    1.165085] brd: module loaded
[    1.171898] loop: module loaded
[    1.180104] m25p80 spi32766.1: w25q32 (4096 Kbytes)
[    1.186914] libphy: Fixed MDIO Bus: probed
[    1.191439] CAN device driver interface
[    1.196430] igb: Intel(R) Gigabit Ethernet Network Driver - version 5.3.0-k
[    1.203384] igb: Copyright (c) 2007-2014 Intel Corporation.
[    1.210817] pegasus: v0.9.3 (2013/04/25), Pegasus/Pegasus II USB Ethernet driver
[    1.218258] usbcore: registered new interface driver pegasus
[    1.223948] usbcore: registered new interface driver asix
[    1.229367] usbcore: registered new interface driver ax88179_178a
[    1.235477] usbcore: registered new interface driver cdc_ether
[    1.241344] usbcore: registered new interface driver smsc75xx
[    1.247118] usbcore: registered new interface driver smsc95xx
[    1.252882] usbcore: registered new interface driver net1080
[    1.258559] usbcore: registered new interface driver cdc_subset
[    1.264497] usbcore: registered new interface driver zaurus
[    1.270120] usbcore: registered new interface driver cdc_ncm
[    1.277127] ehci_hcd: USB 2.0 'Enhanced' Host Controller (EHCI) Driver
[    1.283655] ehci-pci: EHCI PCI platform driver
[    1.288121] ehci-platform: EHCI generic platform driver
[    1.293469] ehci-omap: OMAP-EHCI Host Controller driver
[    1.298773] ehci-orion: EHCI orion driver
[    1.302846] SPEAr-ehci: EHCI SPEAr driver
[    1.306933] ehci-st: EHCI STMicroelectronics driver
[    1.311886] ehci-exynos: EHCI EXYNOS driver
[    1.316159] ehci-atmel: EHCI Atmel driver
[    1.320244] tegra-ehci: Tegra EHCI driver
[    1.324575] ohci_hcd: USB 1.1 'Open' Host Controller (OHCI) Driver
[    1.330763] ohci-pci: OHCI PCI platform driver
[    1.335235] ohci-platform: OHCI generic platform driver
[    1.340559] ohci-omap3: OHCI OMAP3 driver
[    1.344645] SPEAr-ohci: OHCI SPEAr driver
[    1.348740] ohci-st: OHCI STMicroelectronics driver
[    1.353693] ohci-atmel: OHCI Atmel driver
[    1.358122] usbcore: registered new interface driver usb-storage
[    1.365153] mousedev: PS/2 mouse device common for all mice
[    1.372761] tegra_rtc 7000e000.rtc: rtc core: registered 7000e000.rtc as rtc1
[    1.379935] tegra_rtc 7000e000.rtc: Tegra internal Real Time Clock
[    1.398630] tps65910-rtc tps65910-rtc: rtc core: registered tps65910-rtc as rtc0
[    1.406219] i2c /dev entries driver
[    1.416606] sdhci: Secure Digital Host Controller Interface driver
[    1.422792] sdhci: Copyright(c) Pierre Ossman
[    1.428091] Synopsys Designware Multimedia Card Interface Driver
[    1.434760] sdhci-pltfm: SDHCI platform and OF driver helper
[    1.440953] sdhci-tegra 78000000.sdhci: Got CD GPIO
[    1.445840] sdhci-tegra 78000000.sdhci: Got WP GPIO
[    1.451863] mmc0: Invalid maximum block size, assuming 512 bytes
[    1.493607] mmc0: SDHCI controller on 78000000.sdhci [78000000.sdhci] using ADMA
[    1.502219] mmc1: Invalid maximum block size, assuming 512 bytes
[    1.543536] mmc1: SDHCI controller on 78000600.sdhci [78000600.sdhci] using ADMA
[    1.552219] ledtrig-cpu: registered to indicate activity on CPUs
[    1.558468] usbcore: registered new interface driver usbhid
[    1.564037] usbhid: USB HID core driver
[    1.571142] NET: Registered protocol family 10
[    1.576193] sit: IPv6 over IPv4 tunneling driver
[    1.581234] NET: Registered protocol family 17
[    1.585686] can: controller area network core (rev 20120528 abi 9)
[    1.591902] NET: Registered protocol family 29
[    1.596345] can: raw protocol (rev 20120528)
[    1.600612] can: broadcast manager protocol (rev 20120528 t)
[    1.606268] can: netlink gateway (rev 20130117) max_hops=1
[    1.612063] Key type dns_resolver registered
[    1.616726] ThumbEE CPU extension supported.
[    1.621009] Registering SWP/SWPB emulation handler
[    1.633939] tegra-pcie 3000.pcie-controller: 2x3 configuration
[    1.639925] sys_3v3,vdd_3v3_alw: supplied by vdd_5v_in
[    1.645093] sys_3v3_pexs: supplied by sys_3v3,vdd_3v3_alw
[    1.653824] tegra-pcie 3000.pcie-controller: probing port 0, using 2 lanes
[    1.677001] mmc1: new high speed MMC card at address 0001
[    1.683784] mmcblk1: mmc1:0001 SEM16G 14.8 GiB 
[    1.692032] mmcblk1boot0: mmc1:0001 SEM16G partition 1 1.00 MiB
[    1.699339] mmcblk1boot1: mmc1:0001 SEM16G partition 2 1.00 MiB
[    1.708548] mmcblk1rpmb: mmc1:0001 SEM16G partition 3 128 KiB
[    1.718871] tegra-pcie 3000.pcie-controller: probing port 2, using 2 lanes
[    1.732850] mmc0: error -110 whilst initialising SD card
[    1.743212] Primary GPT is invalid, using alternate GPT.
[    1.748537]  mmcblk1: p1 p2 p3 p4 p5
[    2.130051] tegra-pcie 3000.pcie-controller: link 2 down, retrying
[    2.539831] tegra-pcie 3000.pcie-controller: link 2 down, retrying
[    2.949773] tegra-pcie 3000.pcie-controller: link 2 down, retrying
[    2.957960] tegra-pcie 3000.pcie-controller: link 2 down, ignoring
[    2.964265] tegra-pcie 3000.pcie-controller: PCI host bridge to bus 0000:00
[    2.971223] pci_bus 0000:00: root bus resource [io  0x0000-0xffff]
[    2.977393] pci_bus 0000:00: root bus resource [mem 0x20000000-0x27ffffff]
[    2.984257] pci_bus 0000:00: root bus resource [mem 0x28000000-0x3fffffff pref]
[    2.991554] pci_bus 0000:00: root bus resource [bus 00-ff]
[    2.997053] pci 0000:00:01.0: [10de:0e1c] type 01 class 0x060400
[    3.003112] pci 0000:00:01.0: PME# supported from D0 D1 D2 D3hot D3cold
[    3.009868] PCI: bus0: Fast back to back transfers disabled
[    3.015437] pci 0000:00:01.0: bridge configuration invalid ([bus 00-00]), reconfiguring
[    3.023530] pci 0000:01:00.0: [10ec:8168] type 00 class 0x020000
[    3.029541] pci 0000:01:00.0: reg 0x10: [io  0x0000-0x00ff]
[    3.035119] pci 0000:01:00.0: reg 0x18: [mem 0x00000000-0x00000fff 64bit pref]
[    3.042338] pci 0000:01:00.0: reg 0x20: [mem 0x00000000-0x00003fff 64bit pref]
[    3.049622] pci 0000:01:00.0: supports D1 D2
[    3.053885] pci 0000:01:00.0: PME# supported from D0 D1 D2 D3hot D3cold
[    3.068546] PCI: bus1: Fast back to back transfers disabled
[    3.074114] pci_bus 0000:01: busn_res: [bus 01-ff] end is updated to 01
[    3.080782] pci 0000:00:01.0: BAR 9: assigned [mem 0x28000000-0x280fffff 64bit pref]
[    3.088518] pci 0000:00:01.0: BAR 7: assigned [io  0x1000-0x1fff]
[    3.094606] pci 0000:01:00.0: BAR 4: assigned [mem 0x28000000-0x28003fff 64bit pref]
[    3.102347] pci 0000:01:00.0: BAR 2: assigned [mem 0x28004000-0x28004fff 64bit pref]
[    3.110086] pci 0000:01:00.0: BAR 0: assigned [io  0x1000-0x10ff]
[    3.116172] pci 0000:00:01.0: PCI bridge to [bus 01]
[    3.121129] pci 0000:00:01.0:   bridge window [io  0x1000-0x1fff]
[    3.127214] pci 0000:00:01.0:   bridge window [mem 0x28000000-0x280fffff 64bit pref]
[    3.134958] pci 0000:00:01.0: nv_msi_ht_cap_quirk didn't locate host bridge
[    3.142007] pcieport 0000:00:01.0: enabling device (0140 -> 0143)
[    3.148231] pcieport 0000:00:01.0: Signaling PME through PCIe PME interrupt
[    3.155185] pci 0000:01:00.0: Signaling PME through PCIe PME interrupt
[    3.161704] pcie_pme 0000:00:01.0:pcie01: service driver pcie_pme loaded
[    3.168579] r8169 Gigabit Ethernet driver 2.3LK-NAPI loaded
[    3.174161] r8169 0000:01:00.0: enabling device (0140 -> 0143)
[    3.180899] r8169 0000:01:00.0 eth0: RTL8168evl/8111evl at 0xf09f2000, 02:04:4b:01:60:a6, XID 0c900800 IRQ 375
[    3.190889] r8169 0000:01:00.0 eth0: jumbo features [frames: 9200 bytes, tx checksumming: ko]
[    3.200352] +VDD_5V_HDMI: supplied by sys_3v3,vdd_3v3_alw
[    3.205861] vdd_1v8_gen: supplied by vdd_5v_in
[    3.213958] [drm] Supports vblank timestamp caching Rev 2 (21.10.2013).
[    3.220568] [drm] No driver support for vblank timestamp query.
[    3.226510] drm drm: No connectors reported connected with modes
[    3.232516] [drm] Cannot find any crtc or sizes - going 1024x768
[    3.267676] Console: switching to colour frame buffer device 128x48
[    3.280376] drm drm: fb0:  frame buffer device
[    3.383914] [drm] Initialized tegra 0.0.0 20120330 on minor 0
[    3.392652] usb3_vbus: supplied by vdd_5v_in
[    3.399134] utmi_phy_clk_enable: timeout waiting for phy to stabilize
[    3.405594] tegra-ehci 7d004000.usb: EHCI Host Controller
[    3.411004] tegra-ehci 7d004000.usb: new USB bus registered, assigned bus number 1
[    3.418874] tegra-ehci 7d004000.usb: irq 343, io mem 0x7d004000
[    3.433922] tegra-ehci 7d004000.usb: USB 2.0 started, EHCI 1.00
[    3.441155] hub 1-0:1.0: USB hub found
[    3.444927] hub 1-0:1.0: 1 port detected
[    3.449903] tegra-ehci 7d008000.usb: EHCI Host Controller
[    3.455317] tegra-ehci 7d008000.usb: new USB bus registered, assigned bus number 2
[    3.463095] tegra-ehci 7d008000.usb: irq 344, io mem 0x7d008000
[    3.479296] tegra-ehci 7d008000.usb: USB 2.0 started, EHCI 1.00
[    3.486421] hub 2-0:1.0: USB hub found
[    3.490188] hub 2-0:1.0: 1 port detected
[    3.500548] tps65910-rtc tps65910-rtc: setting system clock to 2000-01-01 00:00:02 UTC (946684802)
[    3.514313] vdd_sata,avdd_plle: disabling
[    3.519081] usb1_vbus: disabling
[    3.524270] EXT4-fs (mmcblk1p1): mounting ext3 file system using the ext4 subsystem
[    3.584824] EXT4-fs (mmcblk1p1): warning: mounting fs with errors, running e2fsck is recommended
[    3.595127] EXT4-fs (mmcblk1p1): recovery complete
[    3.601104] EXT4-fs (mmcblk1p1): mounted filesystem with ordered data mode. Opts: (null)
[    3.609222] VFS: Mounted root (ext3 filesystem) on device 179:1.
[    3.626319] devtmpfs: mounted
[    3.632039] Freeing unused kernel memory: 2048K (c1100000 - c1300000)
bash: cannot set terminal process group (-1): Inappropriate ioctl for device
bash: no job control in this shell
root@(none):/# [    3.803558] usb 2-1: new high-speed USB device number 2 using tegra-ehci
