
U-Boot SPL 2016.05-rc2 (Apr 21 2016 - 16:23:00)
Trying to boot from RAM


U-Boot 2016.05-rc2 (Apr 21 2016 - 16:23:00 -0700)

TEGRA124
Model: NVIDIA Jetson TK1
Board: NVIDIA Jetson TK1
DRAM:  2 GiB
MC:   Tegra SD/MMC: 0, Tegra SD/MMC: 1
In:    serial
Out:   serial
Err:   serial
Net:   No ethernet found.
Hit any key to stop autoboot:  2  0 
Tegra124 (Jetson TK1) # 
Tegra124 (Jetson TK1) # pci enum
Tegra124 (Jetson TK1) # setenv bootargs 'ignore_loglevel console=ttyS0,115200n8 rw root=PARTUUID=b1791faa-84e8-4e27-83a1-9fb0a77e8803 rootwait gpt debug noinitrd earlyprintk init=/bin/bash'
Tegra124 (Jetson TK1) # setenv ipaddr 192.168.100.102; setenv serverip 192.168.100.1; setenv tftpserverip 192.168.100.1
Tegra124 (Jetson TK1) # tftpboot 0x82000000 zImage.multi_v7_defconfig

Warning: eth_rtl8169 using MAC address from ROM
Using eth_rtl8169 device
TFTP from server 192.168.100.1; our IP address is 192.168.100.102
Filename 'zImage.multi_v7_defconfig'.
Load address: 0x82000000
Loading: *#################################################################
	 #################################################################
	 #################################################################
	 #################################################################
	 #################################################################
	 #################################################################
	 #################################################################
	 #################################################################
	 #########################
	 3.4 MiB/s
done
Bytes transferred = 7994648 (79fd18 hex)
Tegra124 (Jetson TK1) # tftpboot 0x83000000 tegra124-jetson-tk1.dtb
Using eth_rtl8169 device
TFTP from server 192.168.100.1; our IP address is 192.168.100.102
Filename 'tegra124-jetson-tk1.dtb'.
Load address: 0x83000000
Loading: *#####
	 3.6 MiB/s
done
Bytes transferred = 67161 (10659 hex)
Tegra124 (Jetson TK1) # bootz 0x82000000 - 0x83000000
Kernel image @ 0x82000000 [ 0x000000 - 0x79fd18 ]
## Flattened Device Tree blob at 83000000
   Booting using the fdt blob at 0x83000000
   Using Device Tree in place at 83000000, end 83013658

Starting kernel ...

[    0.000000] Booting Linux on physical CPU 0x0
[    0.000000] Linux version 4.12.0-rc7-next-20170628-183157-g2ee9835 (jonathanh@sellafield) (gcc version 4.7.3 20130328 (prerelease) (crosstool-NG linaro-1.13.1-4.7-2013.04-20130415 - Linaro GCC 2013.04)) #1 SMP Mon Jul 3 13:38:32 PDT 2017
[    0.000000] CPU: ARMv7 Processor [413fc0f3] revision 3 (ARMv7), cr=10c5387d
[    0.000000] CPU: div instructions available: patching division code
[    0.000000] CPU: PIPT / VIPT nonaliasing data cache, PIPT instruction cache
[    0.000000] OF: fdt: Machine model: NVIDIA Tegra124 Jetson TK1
[    0.000000] debug: ignoring loglevel setting.
[    0.000000] Memory policy: Data cache writealloc
[    0.000000] efi: Getting EFI parameters from FDT:
[    0.000000] efi: UEFI not found.
[    0.000000] cma: Reserved 64 MiB at 0xfb800000
[    0.000000] On node 0 totalpages: 524032
[    0.000000] free_area_init_node: node 0, pgdat c157e540, node_mem_map eeff8000
[    0.000000]   DMA zone: 1536 pages used for memmap
[    0.000000]   DMA zone: 0 pages reserved
[    0.000000]   DMA zone: 196608 pages, LIFO batch:31
[    0.000000]   HighMem zone: 327424 pages, LIFO batch:31
[    0.000000] percpu: Embedded 17 pages/cpu @eef81000 s39488 r8192 d21952 u69632
[    0.000000] pcpu-alloc: s39488 r8192 d21952 u69632 alloc=17*4096
[    0.000000] pcpu-alloc: [0] 0 [0] 1 [0] 2 [0] 3 
[    0.000000] Built 1 zonelists in Zone order, mobility grouping on.  Total pages: 522496
[    0.000000] Kernel command line: ignore_loglevel console=ttyS0,115200n8 rw root=PARTUUID=b1791faa-84e8-4e27-83a1-9fb0a77e8803 rootwait gpt debug noinitrd earlyprintk init=/bin/bash
[    0.000000] PID hash table entries: 4096 (order: 2, 16384 bytes)
[    0.000000] Dentry cache hash table entries: 131072 (order: 7, 524288 bytes)
[    0.000000] Inode-cache hash table entries: 65536 (order: 6, 262144 bytes)
[    0.000000] Memory: 1993428K/2096128K available (10240K kernel code, 1560K rwdata, 4440K rodata, 2048K init, 402K bss, 37164K reserved, 65536K cma-reserved, 1244160K highmem)
[    0.000000] Virtual kernel memory layout:
[    0.000000]     vector  : 0xffff0000 - 0xffff1000   (   4 kB)
[    0.000000]     fixmap  : 0xffc00000 - 0xfff00000   (3072 kB)
[    0.000000]     vmalloc : 0xf0800000 - 0xff800000   ( 240 MB)
[    0.000000]     lowmem  : 0xc0000000 - 0xf0000000   ( 768 MB)
[    0.000000]     pkmap   : 0xbfe00000 - 0xc0000000   (   2 MB)
[    0.000000]     modules : 0xbf000000 - 0xbfe00000   (  14 MB)
[    0.000000]       .text : 0xc0208000 - 0xc0d00000   (11232 kB)
[    0.000000]       .init : 0xc1200000 - 0xc1400000   (2048 kB)
[    0.000000]       .data : 0xc1400000 - 0xc15862f0   (1561 kB)
[    0.000000]        .bss : 0xc158fcd4 - 0xc15f457c   ( 403 kB)
[    0.000000] SLUB: HWalign=64, Order=0-3, MinObjects=0, CPUs=4, Nodes=1
[    0.000000] Hierarchical RCU implementation.
[    0.000000] 	RCU event tracing is enabled.
[    0.000000] 	RCU restricting CPUs from NR_CPUS=16 to nr_cpu_ids=4.
[    0.000000] RCU: Adjusting geometry for rcu_fanout_leaf=16, nr_cpu_ids=4
[    0.000000] NR_IRQS: 16, nr_irqs: 16, preallocated irqs: 16
[    0.000000] /interrupt-controller@60004000: 160 interrupts forwarded to /interrupt-controller@50041000
[    0.000000] Tegra clk 127: register failed with -17
[    0.000010] sched_clock: 32 bits at 1000kHz, resolution 1000ns, wraps every 2147483647500ns
[    0.000030] clocksource: timer_us: mask: 0xffffffff max_cycles: 0xffffffff, max_idle_ns: 1911260446275 ns
[    0.000045] Switching to timer-based delay loop, resolution 1000ns
[    0.005107] arch_timer: cp15 timer(s) running at 12.00MHz (virt).
[    0.005127] clocksource: arch_sys_counter: mask: 0xffffffffffffff max_cycles: 0x2c47f4ee7, max_idle_ns: 440795202497 ns
[    0.005147] sched_clock: 56 bits at 12MHz, resolution 83ns, wraps every 4398046511096ns
[    0.005161] Switching to timer-based delay loop, resolution 83ns
[    0.005647] Console: colour dummy device 80x30
[    0.005677] Calibrating delay loop (skipped), value calculated using timer frequency.. 24.00 BogoMIPS (lpj=120000)
[    0.005696] pid_max: default: 32768 minimum: 301
[    0.005786] Mount-cache hash table entries: 2048 (order: 1, 8192 bytes)
[    0.005802] Mountpoint-cache hash table entries: 2048 (order: 1, 8192 bytes)
[    0.006267] CPU: Testing write buffer coherency: ok
[    0.006514] /cpus/cpu@0 missing clock-frequency property
[    0.006559] /cpus/cpu@1 missing clock-frequency property
[    0.006601] /cpus/cpu@2 missing clock-frequency property
[    0.006646] /cpus/cpu@3 missing clock-frequency property
[    0.006659] CPU0: thread -1, cpu 0, socket 0, mpidr 80000000
[    0.006947] Setting up static identity map for 0x80300000 - 0x803000a0
[    0.008900] Hierarchical SRCU implementation.
[    0.010773] Tegra Revision: A01 SKU: 129 CPU Process: 1 SoC Process: 1
[    0.011531] EFI services will not be available.
[    0.011679] smp: Bringing up secondary CPUs ...
[    0.012228] CPU1: thread -1, cpu 1, socket 0, mpidr 80000001
[    0.015519] CPU2: thread -1, cpu 2, socket 0, mpidr 80000002
[    0.025560] CPU3: thread -1, cpu 3, socket 0, mpidr 80000003
[    0.035019] smp: Brought up 1 node, 4 CPUs
[    0.035041] SMP: Total of 4 processors activated (96.00 BogoMIPS).
[    0.035050] CPU: All CPU(s) started in SVC mode.
[    0.036536] devtmpfs: initialized
[    0.052978] VFP support v0.3: implementor 41 architecture 4 part 30 variant f rev 0
[    0.053385] clocksource: jiffies: mask: 0xffffffff max_cycles: 0xffffffff, max_idle_ns: 19112604462750000 ns
[    0.053404] futex hash table entries: 1024 (order: 4, 65536 bytes)
[    0.054834] pinctrl core: initialized pinctrl subsystem
[    0.056497] DMI not present or invalid.
[    0.056668] random: get_random_u32 called from bucket_table_alloc+0xe8/0x254 with crng_init=0
[    0.056758] NET: Registered protocol family 16
[    0.058863] DMA: preallocated 256 KiB pool for atomic coherent allocations
[    0.061282] cpuidle: using governor menu
[    0.088119] No ATAGs?
[    0.088242] hw-breakpoint: found 5 (+1 reserved) breakpoint and 4 watchpoint registers.
[    0.088258] hw-breakpoint: maximum watchpoint size is 8 bytes.
[    0.095566] Serial: AMBA PL011 UART driver
[    0.112707] AT91: Could not find identification node
[    0.113277] +5V_SYS: supplied by +VDD_MUX
[    0.113563] +3.3V_SYS: supplied by +VDD_MUX
[    0.114193] +USB0_VBUS_SW: Failed to request enable GPIO108: -517
[    0.114209] reg-fixed-voltage regulators:regulator@7: Failed to register regulator: -517
[    0.114312] +5V_USB_HS: Failed to request enable GPIO109: -517
[    0.114325] reg-fixed-voltage regulators:regulator@8: Failed to register regulator: -517
[    0.114517] +1.05V_RUN_AVDD_HDMI_PLL: Failed to request enable GPIO63: -517
[    0.114530] reg-fixed-voltage regulators:regulator@11: Failed to register regulator: -517
[    0.114631] +5V_HDMI_CON: Failed to request enable GPIO86: -517
[    0.114643] reg-fixed-voltage regulators:regulator@12: Failed to register regulator: -517
[    0.114743] +5V_SATA: Failed to request enable GPIO242: -517
[    0.114756] reg-fixed-voltage regulators:regulator@13: Failed to register regulator: -517
[    0.114855] +12V_SATA: Failed to request enable GPIO242: -517
[    0.114867] reg-fixed-voltage regulators:regulator@14: Failed to register regulator: -517
[    0.117921] vgaarb: loaded
[    0.118711] SCSI subsystem initialized
[    0.118873] libata version 3.00 loaded.
[    0.119115] usbcore: registered new interface driver usbfs
[    0.119174] usbcore: registered new interface driver hub
[    0.119233] usbcore: registered new device driver usb
[    0.122759] pps_core: LinuxPPS API ver. 1 registered
[    0.122771] pps_core: Software ver. 5.3.6 - Copyright 2005-2007 Rodolfo Giometti <giometti@linux.it>
[    0.122792] PTP clock support registered
[    0.122981] EDAC MC: Ver: 3.0.0
[    0.123304] dmi: Firmware registration failed.
[    0.125965] clocksource: Switched to clocksource arch_sys_counter
[    0.179525] NET: Registered protocol family 2
[    0.180029] TCP established hash table entries: 8192 (order: 3, 32768 bytes)
[    0.180130] TCP bind hash table entries: 8192 (order: 4, 65536 bytes)
[    0.180318] TCP: Hash tables configured (established 8192 bind 8192)
[    0.180397] UDP hash table entries: 512 (order: 2, 16384 bytes)
[    0.180442] UDP-Lite hash table entries: 512 (order: 2, 16384 bytes)
[    0.180587] NET: Registered protocol family 1
[    0.180935] RPC: Registered named UNIX socket transport module.
[    0.180946] RPC: Registered udp transport module.
[    0.180955] RPC: Registered tcp transport module.
[    0.180963] RPC: Registered tcp NFSv4.1 backchannel transport module.
[    0.180976] PCI: CLS 0 bytes, default 64
[    0.182407] hw perfevents: enabled with armv7_cortex_a15 PMU driver, 7 counters available
[    0.184149] workingset: timestamp_bits=30 max_order=19 bucket_order=0
[    0.192454] squashfs: version 4.0 (2009/01/31) Phillip Lougher
[    0.193184] NFS: Registering the id_resolver key type
[    0.193212] Key type id_resolver registered
[    0.193222] Key type id_legacy registered
[    0.193265] ntfs: driver 2.1.32 [Flags: R/O].
[    0.193921] random: fast init done
[    0.194868] bounce: pool size: 64 pages
[    0.194914] Block layer SCSI generic (bsg) driver version 0.4 loaded (major 248)
[    0.194926] io scheduler noop registered
[    0.194935] io scheduler deadline registered
[    0.195098] io scheduler cfq registered (default)
[    0.195108] io scheduler mq-deadline registered
[    0.195117] io scheduler kyber registered
[    0.198728]  usb2-0: usb2-0 supply vbus not found, using dummy regulator
[    0.198841]  usb2-1: usb2-1 supply vbus not found, using dummy regulator
[    0.199322] tegra-xusb-padctl 7009f000.padctl: failed to setup XUSB ports: -517
[    0.217974] tegra-pcie 1003000.pcie: 2x1, 1x1 configuration
[    0.218030] tegra-pcie 1003000.pcie: Failed to get supply 'avddio-pex': -517
[    0.224137] tegra124-dfll 70110000.clock: couldn't get vdd_cpu regulator
[    0.231264] tegra-apbdma 60020000.dma: Tegra20 APB DMA driver register 32 channels
[    0.233884] tegra-pmc 7000e400.pmc: emergency thermal reset enabled
[    0.289105] Serial: 8250/16550 driver, 4 ports, IRQ sharing disabled
[    0.291739] console [ttyS0] disabled
[    0.291778] 70006300.serial: ttyS0 at MMIO 0x70006300 (irq = 335, base_baud = 25500000) is a Tegra
[    1.207705] console [ttyS0] enabled
[    1.212034] SuperH (H)SCI(F) driver initialized
[    1.217674] msm_serial: driver initialized
[    1.221952] STMicroelectronics ASC driver initialized
[    1.227890] 70006000.serial: ttyTHS1 at MMIO 0x70006000 (irq = 333, base_baud = 0) is a TEGRA_UART
[    1.237162] 70006040.serial: ttyTHS2 at MMIO 0x70006040 (irq = 334, base_baud = 0) is a TEGRA_UART
[    1.251347] tegra-hdmi 54280000.hdmi: failed to get HDMI regulator
[    1.269408] brd: module loaded
[    1.278885] loop: module loaded
[    1.283228] at24 0-0056: 256 byte 24c02 EEPROM, writable, 8 bytes/write
[    1.291591] as3722 4-0040: AS3722 with revision 0x1 found
[    1.303525] as3722-sd2: supplied by +5V_SYS
[    1.308163] as3722-sd3: supplied by +5V_SYS
[    1.312558] +1.35V_LP0(sd3): Bringing 0uV into 1350000-1350000uV
[    1.318961] as3722-sd4: supplied by +5V_SYS
[    1.323563] as3722-sd5: supplied by +5V_SYS
[    1.329591] as3722-ldo0: supplied by +1.35V_LP0(sd2)
[    1.335626] +1.8V_RUN_CAM: Bringing 0uV into 1800000-1800000uV
[    1.341835] as3722-ldo2: supplied by +1.8V_VDDIO
[    1.347724] as3722-ldo3: supplied by +3.3V_SYS
[    1.352200] +1.05V_LP0_VDD_RTC: Bringing 1100000uV into 1000000-1000000uV
[    1.359975] as3722-ldo4: supplied by +3.3V_SYS
[    1.364621] +2.8V_RUN_CAM: Bringing 0uV into 2800000-2800000uV
[    1.370828] as3722-ldo5: supplied by +1.8V_VDDIO
[    1.375656] +1.2V_RUN_CAM_FRONT: Bringing 0uV into 1200000-1200000uV
[    1.382575] +VDDIO_SDMMC3: bypassed regulator has no supply!
[    1.388248] +VDDIO_SDMMC3: failed to get the current voltage(-517)
[    1.394425] as3722-regulator as3722-regulator: regulator 13 register failed -517
[    1.407653] tegra-ahci 70027000.sata: couldn't get PHY in node sata: -517
[    1.429698] m25p80 spi32765.0: w25q32dw (4096 Kbytes)
[    1.437462] libphy: Fixed MDIO Bus: probed
[    1.442628] CAN device driver interface
[    1.447515] bgmac_bcma: Broadcom 47xx GBit MAC driver loaded
[    1.454559] e1000e: Intel(R) PRO/1000 Network Driver - 3.2.6-k
[    1.460397] e1000e: Copyright(c) 1999 - 2015 Intel Corporation.
[    1.466379] igb: Intel(R) Gigabit Ethernet Network Driver - version 5.4.0-k
[    1.473328] igb: Copyright (c) 2007-2014 Intel Corporation.
[    1.482849] pegasus: v0.9.3 (2013/04/25), Pegasus/Pegasus II USB Ethernet driver
[    1.490304] usbcore: registered new interface driver pegasus
[    1.496020] usbcore: registered new interface driver asix
[    1.501446] usbcore: registered new interface driver ax88179_178a
[    1.507583] usbcore: registered new interface driver cdc_ether
[    1.513455] usbcore: registered new interface driver smsc75xx
[    1.519256] usbcore: registered new interface driver smsc95xx
[    1.525027] usbcore: registered new interface driver net1080
[    1.530736] usbcore: registered new interface driver cdc_subset
[    1.536697] usbcore: registered new interface driver zaurus
[    1.542316] usbcore: registered new interface driver cdc_ncm
[    1.548216] tegra-phy 7d004000.usb-phy: no vbus regulator
[    1.555701] ehci_hcd: USB 2.0 'Enhanced' Host Controller (EHCI) Driver
[    1.562235] ehci-pci: EHCI PCI platform driver
[    1.566729] ehci-platform: EHCI generic platform driver
[    1.572159] ehci-orion: EHCI orion driver
[    1.576342] SPEAr-ehci: EHCI SPEAr driver
[    1.580487] ehci-st: EHCI STMicroelectronics driver
[    1.585498] ehci-exynos: EHCI EXYNOS driver
[    1.589859] ehci-atmel: EHCI Atmel driver
[    1.594006] tegra-ehci: Tegra EHCI driver
[    1.600871] tegra-ehci 7d004000.usb: EHCI Host Controller
[    1.606304] tegra-ehci 7d004000.usb: new USB bus registered, assigned bus number 1
[    1.614069] tegra-ehci 7d004000.usb: irq 354, io mem 0x7d004000
[    1.645987] tegra-ehci 7d004000.usb: USB 2.0 started, EHCI 1.10
[    1.652673] hub 1-0:1.0: USB hub found
[    1.656496] hub 1-0:1.0: 1 port detected
[    1.660950] ohci_hcd: USB 1.1 'Open' Host Controller (OHCI) Driver
[    1.667166] ohci-pci: OHCI PCI platform driver
[    1.671645] ohci-platform: OHCI generic platform driver
[    1.677089] SPEAr-ohci: OHCI SPEAr driver
[    1.681234] ohci-st: OHCI STMicroelectronics driver
[    1.686268] ohci-atmel: OHCI Atmel driver
[    1.691057] usbcore: registered new interface driver usb-storage
[    1.701770] as3722-rtc as3722-rtc: rtc core: registered as3722-rtc as rtc0
[    1.708665] as3722-rtc as3722-rtc: RTC interrupt 377
[    1.717005] tegra_rtc 7000e000.rtc: rtc core: registered 7000e000.rtc as rtc1
[    1.724164] tegra_rtc 7000e000.rtc: Tegra internal Real Time Clock
[    1.730892] i2c /dev entries driver
[    1.741340] lm90 0-004c: 0-004c supply vcc not found, using dummy regulator
[    1.758891] sdhci: Secure Digital Host Controller Interface driver
[    1.765063] sdhci: Copyright(c) Pierre Ossman
[    1.771064] Synopsys Designware Multimedia Card Interface Driver
[    1.778445] sdhci-pltfm: SDHCI platform and OF driver helper
[    1.784895] sdhci-tegra 700b0400.sdhci: Got CD GPIO
[    1.789806] sdhci-tegra 700b0400.sdhci: Got WP GPIO
[    1.811051] mmc0: Unknown controller version (3). You may experience problems.
[    1.818325] mmc0: Invalid maximum block size, assuming 512 bytes
[    1.885988] mmc0: SDHCI controller on 700b0600.sdhci [700b0600.sdhci] using ADMA
[    1.895324] ledtrig-cpu: registered to indicate activity on CPUs
[    1.901661] usbcore: registered new interface driver usbhid
[    1.907246] usbhid: USB HID core driver
[    1.915208] NET: Registered protocol family 10
[    1.920507] Segment Routing with IPv6
[    1.924227] sit: IPv6, IPv4 and MPLS over IPv4 tunneling driver
[    1.930718] NET: Registered protocol family 17
[    1.935162] can: controller area network core (rev 20170425 abi 9)
[    1.941411] NET: Registered protocol family 29
[    1.945850] can: raw protocol (rev 20170425)
[    1.950131] can: broadcast manager protocol (rev 20170425 t)
[    1.955788] can: netlink gateway (rev 20170425) max_hops=1
[    1.961577] Key type dns_resolver registered
[    1.966446] ThumbEE CPU extension supported.
[    1.970717] Registering SWP/SWPB emulation handler
[    1.992075] +3.3V_RUN: supplied by +3.3V_SYS
[    1.998114] +USB0_VBUS_SW: supplied by +5V_SYS
[    2.002793] +3.3V_AVDD_HDMI_AP_GATED: supplied by +3.3V_RUN
[    2.008983] +5V_USB_HS: supplied by +5V_SYS
[    2.014649] +3.3V_LP0: supplied by +3.3V_SYS
[    2.022003] +5V_HDMI_CON: supplied by +5V_SYS
[    2.027144] +5V_SATA: supplied by +5V_SYS
[    2.031688] +12V_SATA: supplied by +VDD_MUX
[    2.037450]  usb2-0: usb2-0 supply vbus not found, using dummy regulator
[    2.044259]  usb2-1: usb2-1 supply vbus not found, using dummy regulator
[    2.051288]  usb3-0: usb3-0 supply vbus not found, using dummy regulator
[    2.061250] tegra-pcie 1003000.pcie: 2x1, 1x1 configuration
[    2.066942] tegra-pcie 1003000.pcie: Failed to get supply 'avddio-pex': -517
[    2.076554] tegra124-dfll 70110000.clock: couldn't get vdd_cpu regulator
[    2.086692] tegra-hdmi 54280000.hdmi: failed to get PLL regulator
[    2.098019] as3722-sd2: supplied by +5V_SYS
[    2.102507] as3722-sd3: supplied by +5V_SYS
[    2.107018] as3722-sd4: supplied by +5V_SYS
[    2.111436] as3722-sd5: supplied by +5V_SYS
[    2.117890] as3722-ldo0: supplied by +1.35V_LP0(sd2)
[    2.123786] as3722-ldo1: supplied by +3.3V_RUN
[    2.128646] as3722-ldo2: supplied by +1.8V_VDDIO
[    2.134167] as3722-ldo3: supplied by +3.3V_SYS
[    2.139721] as3722-ldo4: supplied by +3.3V_SYS
[    2.144486] as3722-ldo5: supplied by +1.8V_VDDIO
[    2.149421] as3722-ldo6: supplied by +3.3V_RUN
[    2.154106] as3722-ldo7: supplied by +1.8V_VDDIO
[    2.159589] +1.05V_RUN_CAM_REAR: Bringing 0uV into 1050000-1050000uV
[    2.166776] as3722-ldo9: supplied by +5V_SYS
[    2.172484] +3.3V_RUN_TOUCH: Bringing 0uV into 2800000-2800000uV
[    2.179328] as3722-ldo10: supplied by +5V_SYS
[    2.184326] +2.8V_RUN_CAM_AF: Bringing 0uV into 2800000-2800000uV
[    2.191053] as3722-ldo11: supplied by +3.3V_RUN
[    2.195684] mmc0: new high speed MMC card at address 0001
[    2.201557] mmcblk0: mmc0:0001 SEM16G 14.7 GiB 
[    2.206310] +1.8V_RUN_VPP_FUSE: Bringing 0uV into 1800000-1800000uV
[    2.212657] mmcblk0boot0: mmc0:0001 SEM16G partition 1 4.00 MiB
[    2.220713] mmcblk0boot1: mmc0:0001 SEM16G partition 2 4.00 MiB
[    2.226916] mmcblk0rpmb: mmc0:0001 SEM16G partition 3 4.00 MiB
[    2.234056] tegra-ahci 70027000.sata: AHCI 0001.0301 32 slots 2 ports 3 Gbps 0x1 impl platform mode
[    2.243151] tegra-ahci 70027000.sata: flags: 64bit ncq sntf pm led pio slum part sadm sds apst 
[    2.253145]  mmcblk0: p1
[    2.257229] scsi host0: tegra-ahci
[    2.262066] scsi host1: tegra-ahci
[    2.265817] ata1: SATA max UDMA/133 mmio [mem 0x70027000-0x70028fff] port 0x100 irq 345
[    2.273866] ata2: DUMMY
[    2.279728] tegra-ehci 7d008000.usb: EHCI Host Controller
[    2.285146] tegra-ehci 7d008000.usb: new USB bus registered, assigned bus number 2
[    2.292919] tegra-ehci 7d008000.usb: irq 355, io mem 0x7d008000
[    2.326094] tegra-ehci 7d008000.usb: USB 2.0 started, EHCI 1.10
[    2.333132] hub 2-0:1.0: USB hub found
[    2.337009] hub 2-0:1.0: 1 port detected
[    2.343449] sdhci-tegra 700b0400.sdhci: Got CD GPIO
[    2.348408] sdhci-tegra 700b0400.sdhci: Got WP GPIO
[    2.360400] mmc1: Unknown controller version (3). You may experience problems.
[    2.367751] mmc1: Invalid maximum block size, assuming 512 bytes
[    2.436225] mmc1: SDHCI controller on 700b0400.sdhci [700b0400.sdhci] using ADMA
[    2.444316] tegra-pcie 1003000.pcie: 2x1, 1x1 configuration
[    2.452044] tegra-pcie 1003000.pcie: probing port 0, using 2 lanes
[    2.461771] tegra-pcie 1003000.pcie: Slot present pin change, signature: 00000008
[    2.486101] tegra-pcie 1003000.pcie: probing port 1, using 1 lanes
[    2.494440] tegra-pcie 1003000.pcie: Slot present pin change, signature: 00000000
[    2.508246] tegra-pcie 1003000.pcie: PCI host bridge to bus 0000:00
[    2.514526] pci_bus 0000:00: root bus resource [io  0x0000-0xffff]
[    2.520750] pci_bus 0000:00: root bus resource [mem 0x13000000-0x1fffffff]
[    2.527660] pci_bus 0000:00: root bus resource [mem 0x20000000-0x3fffffff pref]
[    2.534976] pci_bus 0000:00: root bus resource [bus 00-ff]
[    2.540540] pci 0000:00:01.0: [10de:0e12] type 01 class 0x060400
[    2.546609] pci_bus 0000:00: 2-byte config write to 0000:00:01.0 offset 0x4 may corrupt adjacent RW1C bits
[    2.556308] pci_bus 0000:00: 2-byte config write to 0000:00:01.0 offset 0x4 may corrupt adjacent RW1C bits
[    2.566045] pci_bus 0000:00: 2-byte config write to 0000:00:01.0 offset 0x88 may corrupt adjacent RW1C bits
[    2.575813] pci_bus 0000:00: 2-byte config write to 0000:00:01.0 offset 0x52 may corrupt adjacent RW1C bits
[    2.585635] pci 0000:00:01.0: PME# supported from D0 D1 D2 D3hot D3cold
[    2.592287] pci_bus 0000:00: 2-byte config write to 0000:00:01.0 offset 0x4c may corrupt adjacent RW1C bits
[    2.602355] pci 0000:00:02.0: [10de:0e13] type 01 class 0x060400
[    2.608421] pci_bus 0000:00: 2-byte config write to 0000:00:02.0 offset 0x4 may corrupt adjacent RW1C bits
[    2.609721] ata1: SATA link down (SStatus 0 SControl 300)
[    2.623499] pci_bus 0000:00: 2-byte config write to 0000:00:02.0 offset 0x4 may corrupt adjacent RW1C bits
[    2.633219] pci_bus 0000:00: 2-byte config write to 0000:00:02.0 offset 0x88 may corrupt adjacent RW1C bits
[    2.642995] pci_bus 0000:00: 2-byte config write to 0000:00:02.0 offset 0x52 may corrupt adjacent RW1C bits
[    2.652809] pci 0000:00:02.0: PME# supported from D0 D1 D2 D3hot D3cold
[    2.659438] pci_bus 0000:00: 2-byte config write to 0000:00:02.0 offset 0x4c may corrupt adjacent RW1C bits
[    2.669458] PCI: bus0: Fast back to back transfers disabled
[    2.675028] pci 0000:00:01.0: bridge configuration invalid ([bus 00-00]), reconfiguring
[    2.683049] pci 0000:00:02.0: bridge configuration invalid ([bus 00-00]), reconfiguring
[    2.691252] pci 0000:01:00.0: [8086:4232] type 00 class 0x028000
[    2.697335] pci 0000:01:00.0: reg 0x10: [mem 0x00000000-0x00001fff 64bit]
[    2.704307] pci 0000:01:00.0: PME# supported from D0 D3hot D3cold
[    2.725757] mmc1: new high speed SDHC card at address aaaa
[    2.731991] mmcblk1: mmc1:aaaa SD04G 3.69 GiB 
[    2.736799] PCI: bus1: Fast back to back transfers disabled
[    2.742395] pci_bus 0000:01: busn_res: [bus 01-ff] end is updated to 01
[    2.749254] pci 0000:02:00.0: [10ec:8168] type 00 class 0x020000
[    2.755299] pci 0000:02:00.0: reg 0x10: [io  0x0000-0x00ff]
[    2.760915] pci 0000:02:00.0: reg 0x18: [mem 0x00000000-0x00000fff 64bit]
[    2.767741] pci 0000:02:00.0: reg 0x20: [mem 0x00000000-0x00003fff 64bit pref]
[    2.775092] pci 0000:02:00.0: supports D1 D2
[    2.779374] pci 0000:02:00.0: PME# supported from D0 D1 D2 D3hot D3cold
[    2.793652] mmcblk1: error -5 sending stop command, original cmd response 0x900, card status 0x900
[    2.802652] mmcblk1: error -5 transferring data, sector 7744504, nr 8, cmd response 0x900, card status 0x80000b00
[    2.816097] PCI: bus2: Fast back to back transfers disabled
[    2.821686] pci_bus 0000:02: busn_res: [bus 02-ff] end is updated to 02
[    2.828379] pci 0000:00:01.0: BAR 8: assigned [mem 0x13000000-0x130fffff]
[    2.835162] pci 0000:00:02.0: BAR 8: assigned [mem 0x13100000-0x131fffff]
[    2.841963] pci 0000:00:02.0: BAR 9: assigned [mem 0x20000000-0x200fffff 64bit pref]
[    2.849742] pci 0000:00:02.0: BAR 7: assigned [io  0x1000-0x1fff]
[    2.855840] pci 0000:01:00.0: BAR 0: assigned [mem 0x13000000-0x13001fff 64bit]
[    2.863187] pci 0000:00:01.0: PCI bridge to [bus 01]
[    2.868167] pci 0000:00:01.0:   bridge window [mem 0x13000000-0x130fffff]
[    2.874959] pci 0000:02:00.0: BAR 4: assigned [mem 0x20000000-0x20003fff 64bit pref]
[    2.882755] pci 0000:02:00.0: BAR 2: assigned [mem 0x13100000-0x13100fff 64bit]
[    2.890096] pci 0000:02:00.0: BAR 0: assigned [io  0x1000-0x10ff]
[    2.896204] pci 0000:00:02.0: PCI bridge to [bus 02]
[    2.901165] pci 0000:00:02.0:   bridge window [io  0x1000-0x1fff]
[    2.907289] pci 0000:00:02.0:   bridge window [mem 0x13100000-0x131fffff]
[    2.914084] pci 0000:00:02.0:   bridge window [mem 0x20000000-0x200fffff 64bit pref]
[    2.914528] mmcblk1: error -5 sending stop command, original cmd response 0x900, card status 0x900
[    2.914537] mmcblk1: error -5 transferring data, sector 7744504, nr 8, cmd response 0x900, card status 0x80000b00
[    2.914545] mmcblk1: retrying using single block read
[    2.946253] pci 0000:00:01.0: nv_msi_ht_cap_quirk didn't locate host bridge
[    2.953363] pcieport 0000:00:01.0: enabling device (0140 -> 0142)
[    2.959737] pcieport 0000:00:01.0: Signaling PME with IRQ 393
[    2.965579] pci 0000:00:02.0: nv_msi_ht_cap_quirk didn't locate host bridge
[    2.972666] pcieport 0000:00:02.0: enabling device (0140 -> 0143)
[    2.979015] pcieport 0000:00:02.0: Signaling PME with IRQ 394
[    2.985120] r8169 Gigabit Ethernet driver 2.3LK-NAPI loaded
[    2.990756] r8169 0000:02:00.0: enabling device (0140 -> 0143)
[    3.000669]  mmcblk1: p1 p2 p3
[    3.027695] r8169 0000:02:00.0 eth0: RTL8168g/8111g at 0xf0b72000, 00:04:4b:3a:d9:81, XID 0c000800 IRQ 395
[    3.037386] r8169 0000:02:00.0 eth0: jumbo features [frames: 9200 bytes, tx checksumming: ko]
[    3.049663] +1.05V_RUN_AVDD_HDMI_PLL: supplied by +1.05V_RUN
[    3.057729] of: dev_pm_opp_of_cpumask_add_table: couldn't find opp table for cpu:0, -19
[    3.065786] cpufreq: cpufreq_online: CPU0: Running at unlisted freq: 696000 KHz
[    3.073139] cpufreq: cpufreq_online: CPU0: Unlisted initial frequency changed to: 714000 KHz
[    3.082303] input: gpio-keys as /devices/soc0/gpio-keys/input/input0
[    3.089720] as3722-rtc as3722-rtc: setting system clock to 2000-01-01 00:00:13 UTC (946684813)
[    3.098725] +3.3V_AVDD_HDMI_AP_GATED: disabling
[    3.103248] +USB0_VBUS_SW: disabling
[    3.106850] +1.05V_RUN_AVDD_HDMI_PLL: disabling
[    3.111378] +5V_HDMI_CON: disabling
[    3.114868] +1.8V_RUN_CAM: disabling
[    3.118730] +2.8V_RUN_CAM: disabling
[    3.122540] +1.2V_RUN_CAM_FRONT: disabling
[    3.126938] +1.05V_RUN_CAM_REAR: disabling
[    3.131194] +3.3V_RUN_TOUCH: disabling
[    3.135102] +2.8V_RUN_CAM_AF: disabling
[    3.139193] +1.8V_RUN_VPP_FUSE: disabling
[    3.144302] EXT4-fs (mmcblk0p1): mounting ext3 file system using the ext4 subsystem
[    3.188070] EXT4-fs (mmcblk0p1): recovery complete
[    3.193772] EXT4-fs (mmcblk0p1): mounted filesystem with ordered data mode. Opts: (null)
[    3.201903] VFS: Mounted root (ext3 filesystem) on device 179:1.
[    3.211916] devtmpfs: mounted
[    3.215759] Freeing unused kernel memory: 2048K
bash: cannot set terminal process group (-1): Inappropriate ioctl for device
bash: no job control in this shell
root@(none):/# 