
U-Boot SPL 2015.04-rc3-00209-ga74ef40 (Mar 16 2015 - 14:43:39)


U-Boot 2015.04-rc3-00209-ga74ef40 (Mar 16 2015 - 14:43:39)

TEGRA20
Model: Compulab TrimSlice board
DRAM:  1 GiB
MMC:   Tegra SD/MMC: 0, Tegra SD/MMC: 1
SF: Detected W25Q80BL with page size 256 Bytes, erase size 4 KiB, total 1 MiB
tegra-pcie: PCI regions:
tegra-pcie:   I/O: 0x82000000-0x82010000
tegra-pcie:   non-prefetchable memory: 0xa0000000-0xa8000000
tegra-pcie:   prefetchable memory: 0xa8000000-0xc0000000
tegra-pcie: dual-mode configuration
tegra-pcie: probing port 0, using 2 lanes
In:    serial
Out:   serial
Err:   serial
Net:   RTL8169#0
Hit any key to stop autoboot:  2  1  0 
Tegra20 (TrimSlice) # 
Tegra20 (TrimSlice) # usb reset
resetting USB...
USB0:   USB EHCI 1.00
scanning bus 0 for devices... 3 USB Device(s) found
USB1:   USB EHCI 1.00
scanning bus 1 for devices... 1 USB Device(s) found
USB2:   lowlevel init failed
       scanning usb for storage devices... 0 Storage Device(s) found
       scanning usb for ethernet devices... 
Warning: asx0 using MAC address from net device
1 Ethernet Device(s) found
Tegra20 (TrimSlice) # setenv bootargs 'ignore_loglevel console=ttyS0,115200n8 rw root=PARTUUID=11eb23c1-01 rootwait gpt debug noinitrd earlyprintk init=/bin/bash'
Tegra20 (TrimSlice) # setenv ipaddr 192.168.100.103; setenv serverip 192.168.100.1; setenv tftpserverip 192.168.100.1
Tegra20 (TrimSlice) # tftpboot 0x00408000 zImage.multi_v7_defconfig
Using RTL8169#0 device
TFTP from server 192.168.100.1; our IP address is 192.168.100.103
Filename 'zImage.multi_v7_defconfig'.
Load address: 0x408000
Loading: *#################################################################
	 #################################################################
	 #################################################################
	 #################################################################
	 #################################################################
	 #################################################################
	 #################################################################
	 #################
	 4.1 MiB/s
done
Bytes transferred = 6919032 (699378 hex)
Tegra20 (TrimSlice) # tftpboot 0x02408000 tegra20-trimslice.dtb
Using RTL8169#0 device
TFTP from server 192.168.100.1; our IP address is 192.168.100.103
Filename 'tegra20-trimslice.dtb'.
Load address: 0x2408000
Loading: *##
	 3.4 MiB/s
done
Bytes transferred = 21130 (528a hex)
Tegra20 (TrimSlice) # bootz 0x00408000 - 0x02408000
Kernel image @ 0x408000 [ 0x000000 - 0x699378 ]
## Flattened Device Tree blob at 02408000
   Booting using the fdt blob at 0x2408000
   Using Device Tree in place at 02408000, end 02410289

Starting kernel ...

[    0.000000] Booting Linux on physical CPU 0x0
[    0.000000] Linux version 4.6.0-83646-g2dcd0af (pwalmsley@sellafield) (gcc version 4.7.3 20130328 (prerelease) (crosstool-NG linaro-1.13.1-4.7-2013.04-20130415 - Linaro GCC 2013.04) ) #1 SMP Mon May 16 02:28:31 PDT 2016
[    0.000000] CPU: ARMv7 Processor [411fc090] revision 0 (ARMv7), cr=10c5387d
[    0.000000] CPU: PIPT / VIPT nonaliasing data cache, VIPT aliasing instruction cache
[    0.000000] Machine model: Compulab TrimSlice board
[    0.000000] debug: ignoring loglevel setting.
[    0.000000] cma: Reserved 64 MiB at 0x3c000000
[    0.000000] Memory policy: Data cache writealloc
[    0.000000] On node 0 totalpages: 262144
[    0.000000] free_area_init_node: node 0, pgdat c141b3c0, node_mem_map ef7f8000
[    0.000000]   DMA zone: 1536 pages used for memmap
[    0.000000]   DMA zone: 0 pages reserved
[    0.000000]   DMA zone: 196608 pages, LIFO batch:31
[    0.000000]   HighMem zone: 65536 pages, LIFO batch:15
[    0.000000] percpu: Embedded 12 pages/cpu @ef7cb000 s19776 r8192 d21184 u49152
[    0.000000] pcpu-alloc: s19776 r8192 d21184 u49152 alloc=12*4096
[    0.000000] pcpu-alloc: [0] 0 [0] 1 
[    0.000000] Built 1 zonelists in Zone order, mobility grouping on.  Total pages: 260608
[    0.000000] Kernel command line: ignore_loglevel console=ttyS0,115200n8 rw root=PARTUUID=11eb23c1-01 rootwait gpt debug noinitrd earlyprintk init=/bin/bash
[    0.000000] PID hash table entries: 4096 (order: 2, 16384 bytes)
[    0.000000] Dentry cache hash table entries: 131072 (order: 7, 524288 bytes)
[    0.000000] Inode-cache hash table entries: 65536 (order: 6, 262144 bytes)
[    0.000000] Memory: 955940K/1048576K available (9522K kernel code, 1141K rwdata, 4108K rodata, 2048K init, 341K bss, 27100K reserved, 65536K cma-reserved, 196608K highmem)
[    0.000000] Virtual kernel memory layout:
[    0.000000]     vector  : 0xffff0000 - 0xffff1000   (   4 kB)
[    0.000000]     fixmap  : 0xffc00000 - 0xfff00000   (3072 kB)
[    0.000000]     vmalloc : 0xf0800000 - 0xff800000   ( 240 MB)
[    0.000000]     lowmem  : 0xc0000000 - 0xf0000000   ( 768 MB)
[    0.000000]     pkmap   : 0xbfe00000 - 0xc0000000   (   2 MB)
[    0.000000]     modules : 0xbf000000 - 0xbfe00000   (  14 MB)
[    0.000000]       .text : 0xc0208000 - 0xc104fa34   (14623 kB)
[    0.000000]       .init : 0xc1100000 - 0xc1300000   (2048 kB)
[    0.000000]       .data : 0xc1300000 - 0xc141d400   (1141 kB)
[    0.000000]        .bss : 0xc141f000 - 0xc1474518   ( 342 kB)
[    0.000000] SLUB: HWalign=64, Order=0-3, MinObjects=0, CPUs=2, Nodes=1
[    0.000000] Hierarchical RCU implementation.
[    0.000000] 	Build-time adjustment of leaf fanout to 32.
[    0.000000] 	RCU restricting CPUs from NR_CPUS=16 to nr_cpu_ids=2.
[    0.000000] RCU: Adjusting geometry for rcu_fanout_leaf=32, nr_cpu_ids=2
[    0.000000] NR_IRQS:16 nr_irqs:16 16
[    0.000000] /interrupt-controller@60004000: 128 interrupts forwarded to /interrupt-controller@50041000
[    0.000000] L2C: platform modifies aux control register: 0x02080000 -> 0x3e480001
[    0.000000] L2C: DT/platform modifies aux control register: 0x02080000 -> 0x3e480001
[    0.000000] L2C-310 errata 727915 769419 enabled
[    0.000000] L2C-310 enabling early BRESP for Cortex-A9
[    0.000000] L2C-310: enabling full line of zeros but not enabled in Cortex-A9
[    0.000000] L2C-310 ID prefetch enabled, offset 1 lines
[    0.000000] L2C-310 cache controller enabled, 8 ways, 1024 kB
[    0.000000] L2C-310: CACHE_ID 0x410000c4, AUX_CTRL 0x7e480001
[    0.000010] sched_clock: 32 bits at 1000kHz, resolution 1000ns, wraps every 2147483647500ns
[    0.000026] clocksource: timer_us: mask: 0xffffffff max_cycles: 0xffffffff, max_idle_ns: 1911260446275 ns
[    0.000036] Switching to timer-based delay loop, resolution 1000ns
[    0.001553] Console: colour dummy device 80x30
[    0.001574] Calibrating delay loop (skipped), value calculated using timer frequency.. 2.00 BogoMIPS (lpj=5000)
[    0.001584] pid_max: default: 32768 minimum: 301
[    0.001657] Mount-cache hash table entries: 2048 (order: 1, 8192 bytes)
[    0.001666] Mountpoint-cache hash table entries: 2048 (order: 1, 8192 bytes)
[    0.002144] CPU: Testing write buffer coherency: ok
[    0.002325] CPU0: thread -1, cpu 0, socket 0, mpidr 80000000
[    0.002371] Setting up static identity map for 0x300000 - 0x300098
[    0.003749] Tegra Revision: A03 prime SKU: 8 CPU Process: 1 SoC Process: 2
[    0.004791] CPU1: thread -1, cpu 1, socket 0, mpidr 80000001
[    0.004855] Brought up 2 CPUs
[    0.004867] SMP: Total of 2 processors activated (4.00 BogoMIPS).
[    0.004873] CPU: All CPU(s) started in SVC mode.
[    0.005544] devtmpfs: initialized
[    0.009548] VFP support v0.3: implementor 41 architecture 3 part 30 variant 9 rev 1
[    0.009945] clocksource: jiffies: mask: 0xffffffff max_cycles: 0xffffffff, max_idle_ns: 9556302231375000 ns
[    0.013011] pinctrl core: initialized pinctrl subsystem
[    0.014306] NET: Registered protocol family 16
[    0.016336] DMA: preallocated 256 KiB pool for atomic coherent allocations
[    0.029934] cpuidle: using governor menu
[    0.040879] No ATAGs?
[    0.040906] hw-breakpoint: found 5 (+1 reserved) breakpoint and 1 watchpoint registers.
[    0.040914] hw-breakpoint: maximum watchpoint size is 4 bytes.
[    0.044482] Serial: AMBA PL011 UART driver
[    0.068514] usb1_vbus: Failed to request enable GPIO170: -517
[    0.068527] reg-fixed-voltage regulators:regulator@2: Failed to register regulator: -517
[    0.072368] vgaarb: loaded
[    0.073104] SCSI subsystem initialized
[    0.073229] libata version 3.00 loaded.
[    0.073442] usbcore: registered new interface driver usbfs
[    0.073488] usbcore: registered new interface driver hub
[    0.073527] usbcore: registered new device driver usb
[    0.075669] pps_core: LinuxPPS API ver. 1 registered
[    0.075676] pps_core: Software ver. 5.3.6 - Copyright 2005-2007 Rodolfo Giometti <giometti@linux.it>
[    0.075697] PTP clock support registered
[    0.075864] EDAC MC: Ver: 3.0.0
[    0.077743] clocksource: Switched to clocksource timer_us
[    0.085553] NET: Registered protocol family 2
[    0.085980] TCP established hash table entries: 8192 (order: 3, 32768 bytes)
[    0.086051] TCP bind hash table entries: 8192 (order: 4, 65536 bytes)
[    0.086164] TCP: Hash tables configured (established 8192 bind 8192)
[    0.086228] UDP hash table entries: 512 (order: 2, 16384 bytes)
[    0.086276] UDP-Lite hash table entries: 512 (order: 2, 16384 bytes)
[    0.086444] NET: Registered protocol family 1
[    0.086678] RPC: Registered named UNIX socket transport module.
[    0.086686] RPC: Registered udp transport module.
[    0.086691] RPC: Registered tcp transport module.
[    0.086697] RPC: Registered tcp NFSv4.1 backchannel transport module.
[    0.086714] PCI: CLS 0 bytes, default 64
[    0.087518] hw perfevents: enabled with armv7_cortex_a9 PMU driver, 7 counters available
[    0.088599] futex hash table entries: 512 (order: 3, 32768 bytes)
[    0.089209] workingset: timestamp_bits=28 max_order=18 bucket_order=0
[    0.096726] squashfs: version 4.0 (2009/01/31) Phillip Lougher
[    0.097317] NFS: Registering the id_resolver key type
[    0.097351] Key type id_resolver registered
[    0.097357] Key type id_legacy registered
[    0.097404] ntfs: driver 2.1.32 [Flags: R/O].
[    0.098409] bounce: pool size: 64 pages
[    0.098565] Block layer SCSI generic (bsg) driver version 0.4 loaded (major 248)
[    0.098580] io scheduler noop registered
[    0.098590] io scheduler deadline registered
[    0.098618] io scheduler cfq registered (default)
[    0.109787] tegra-pcie 80003000.pcie-controller: dual-mode configuration
[    0.110365] tegra-pcie 80003000.pcie-controller: probing port 0, using 2 lanes
[    0.193948] tegra-pcie 80003000.pcie-controller: PCI host bridge to bus 0000:00
[    0.193960] pci_bus 0000:00: root bus resource [io  0x0000-0xffff]
[    0.193969] pci_bus 0000:00: root bus resource [mem 0xa0000000-0xa7ffffff]
[    0.193977] pci_bus 0000:00: root bus resource [mem 0xa8000000-0xbfffffff pref]
[    0.193986] pci_bus 0000:00: root bus resource [bus 00-ff]
[    0.194018] pci 0000:00:01.0: [10de:0bf0] type 01 class 0x060000
[    0.194076] pci 0000:00:01.0: PME# supported from D0 D1 D2 D3hot D3cold
[    0.194267] PCI: bus0: Fast back to back transfers disabled
[    0.194278] pci 0000:00:01.0: bridge configuration invalid ([bus 00-00]), reconfiguring
[    0.194402] pci 0000:01:00.0: [10ec:8168] type 00 class 0x020000
[    0.194424] pci 0000:01:00.0: reg 0x10: [io  0x0000-0x00ff]
[    0.194446] pci 0000:01:00.0: reg 0x18: [mem 0x00000000-0x00000fff 64bit pref]
[    0.194463] pci 0000:01:00.0: reg 0x20: [mem 0x00000000-0x00003fff 64bit pref]
[    0.194476] pci 0000:01:00.0: reg 0x30: [mem 0x00000000-0x0001ffff pref]
[    0.194551] pci 0000:01:00.0: supports D1 D2
[    0.194560] pci 0000:01:00.0: PME# supported from D0 D1 D2 D3hot D3cold
[    0.202776] PCI: bus1: Fast back to back transfers disabled
[    0.202789] pci_bus 0000:01: busn_res: [bus 01-ff] end is updated to 01
[    0.202801] Disabling cpuidle LP2 state, since PCIe IRQs are in use
[    0.202855] pci 0000:00:01.0: BAR 8: assigned [mem 0xa0000000-0xa00fffff]
[    0.202867] pci 0000:00:01.0: BAR 9: assigned [mem 0xa8000000-0xa80fffff 64bit pref]
[    0.202876] pci 0000:00:01.0: BAR 7: assigned [io  0x1000-0x1fff]
[    0.202888] pci 0000:01:00.0: BAR 6: assigned [mem 0xa0000000-0xa001ffff pref]
[    0.202898] pci 0000:01:00.0: BAR 4: assigned [mem 0xa8000000-0xa8003fff 64bit pref]
[    0.202914] pci 0000:01:00.0: BAR 2: assigned [mem 0xa8004000-0xa8004fff 64bit pref]
[    0.202931] pci 0000:01:00.0: BAR 0: assigned [io  0x1000-0x10ff]
[    0.202942] pci 0000:00:01.0: PCI bridge to [bus 01]
[    0.202950] pci 0000:00:01.0:   bridge window [io  0x1000-0x1fff]
[    0.202959] pci 0000:00:01.0:   bridge window [mem 0xa0000000-0xa00fffff]
[    0.202967] pci 0000:00:01.0:   bridge window [mem 0xa8000000-0xa80fffff 64bit pref]
[    0.202986] pci 0000:00:01.0: nv_msi_ht_cap_quirk didn't locate host bridge
[    0.203052] pcieport 0000:00:01.0: enabling device (0140 -> 0143)
[    0.203200] pcieport 0000:00:01.0: Signaling PME through PCIe PME interrupt
[    0.203209] pci 0000:01:00.0: Signaling PME through PCIe PME interrupt
[    0.203218] pcie_pme 0000:00:01.0:pcie01: service driver pcie_pme loaded
[    0.207023] tegra-apbdma 6000a000.dma: Tegra20 APB DMA driver register 16 channels
[    0.252233] Serial: 8250/16550 driver, 4 ports, IRQ sharing disabled
[    0.254584] console [ttyS0] disabled
[    0.254617] 70006000.serial: ttyS0 at MMIO 0x70006000 (irq = 279, base_baud = 13500000) is a Tegra
[    1.197889] console [ttyS0] enabled
[    1.201965] SuperH (H)SCI(F) driver initialized
[    1.207256] msm_serial: driver initialized
[    1.211507] STMicroelectronics ASC driver initialized
[    1.218335] [drm] Initialized drm 1.1.0 20060810
[    1.225052] 54280000.hdmi supply hdmi not found, using dummy regulator
[    1.234626] [drm] Supports vblank timestamp caching Rev 2 (21.10.2013).
[    1.241252] [drm] No driver support for vblank timestamp query.
[    1.247195] drm drm: No connectors reported connected with modes
[    1.253205] [drm] Cannot find any crtc or sizes - going 1024x768
[    1.275272] Console: switching to colour frame buffer device 128x48
[    1.289967] drm drm: fb0:  frame buffer device
[    1.307753] [drm] Initialized tegra 0.0.0 20120330 on minor 0
[    1.321971] brd: module loaded
[    1.329104] loop: module loaded
[    1.337837] m25p80 spi32766.0: found s25fl008k, expected w25q80bl
[    1.343935] m25p80 spi32766.0: s25fl008k (1024 Kbytes)
[    1.351398] libphy: Fixed MDIO Bus: probed
[    1.356028] CAN device driver interface
[    1.361370] igb: Intel(R) Gigabit Ethernet Network Driver - version 5.3.0-k
[    1.368329] igb: Copyright (c) 2007-2014 Intel Corporation.
[    1.374463] r8169 Gigabit Ethernet driver 2.3LK-NAPI loaded
[    1.380062] r8169 0000:01:00.0: enabling device (0140 -> 0143)
[    1.386638] r8169 0000:01:00.0 eth0: RTL8168d/8111d at 0xf0878000, 00:01:c0:13:7d:63, XID 081000c0 IRQ 296
[    1.396292] r8169 0000:01:00.0 eth0: jumbo features [frames: 9200 bytes, tx checksumming: ko]
[    1.406813] pegasus: v0.9.3 (2013/04/25), Pegasus/Pegasus II USB Ethernet driver
[    1.414272] usbcore: registered new interface driver pegasus
[    1.419975] usbcore: registered new interface driver asix
[    1.425409] usbcore: registered new interface driver ax88179_178a
[    1.431537] usbcore: registered new interface driver cdc_ether
[    1.437414] usbcore: registered new interface driver smsc75xx
[    1.443211] usbcore: registered new interface driver smsc95xx
[    1.448990] usbcore: registered new interface driver net1080
[    1.454695] usbcore: registered new interface driver cdc_subset
[    1.460647] usbcore: registered new interface driver zaurus
[    1.466286] usbcore: registered new interface driver cdc_ncm
[    1.472229] tegra-phy c5004000.usb-phy: no vbus regulator
[    1.478732] tegra-phy c5008000.usb-phy: no vbus regulator
[    1.485353] ehci_hcd: USB 2.0 'Enhanced' Host Controller (EHCI) Driver
[    1.491887] ehci-pci: EHCI PCI platform driver
[    1.496370] ehci-platform: EHCI generic platform driver
[    1.501758] ehci-omap: OMAP-EHCI Host Controller driver
[    1.507092] ehci-orion: EHCI orion driver
[    1.511210] SPEAr-ehci: EHCI SPEAr driver
[    1.515330] ehci-st: EHCI STMicroelectronics driver
[    1.520324] ehci-exynos: EHCI EXYNOS driver
[    1.524634] ehci-atmel: EHCI Atmel driver
[    1.528752] tegra-ehci: Tegra EHCI driver
[    1.553950] ulpi_phy_power_on: ulpi write failed
[    1.558572] tegra-ehci c5004000.usb: Failed to power on the phy
[    1.564500] tegra-ehci: probe of c5004000.usb failed with error -110
[    1.573488] tegra-ehci c5008000.usb: EHCI Host Controller
[    1.578902] tegra-ehci c5008000.usb: new USB bus registered, assigned bus number 1
[    1.586707] tegra-ehci c5008000.usb: irq 290, io mem 0xc5008000
[    1.597759] tegra-ehci c5008000.usb: USB 2.0 started, EHCI 1.00
[    1.604284] hub 1-0:1.0: USB hub found
[    1.608078] hub 1-0:1.0: 1 port detected
[    1.612305] ohci_hcd: USB 1.1 'Open' Host Controller (OHCI) Driver
[    1.618505] ohci-pci: OHCI PCI platform driver
[    1.623002] ohci-platform: OHCI generic platform driver
[    1.628386] ohci-omap3: OHCI OMAP3 driver
[    1.632493] SPEAr-ohci: OHCI SPEAr driver
[    1.636629] ohci-st: OHCI STMicroelectronics driver
[    1.641618] ohci-atmel: OHCI Atmel driver
[    1.646238] usbcore: registered new interface driver usb-storage
[    1.653551] mousedev: PS/2 mouse device common for all mice
[    1.661038] rtc-em3027 2-0056: rtc core: registered rtc-em3027 as rtc0
[    1.668776] tegra_rtc 7000e000.rtc: rtc core: registered 7000e000.rtc as rtc1
[    1.675943] tegra_rtc 7000e000.rtc: Tegra internal Real Time Clock
[    1.682560] i2c /dev entries driver
[    1.694397] sdhci: Secure Digital Host Controller Interface driver
[    1.700587] sdhci: Copyright(c) Pierre Ossman
[    1.706181] Synopsys Designware Multimedia Card Interface Driver
[    1.713084] sdhci-pltfm: SDHCI platform and OF driver helper
[    1.719588] mmc0: Invalid maximum block size, assuming 512 bytes
[    1.752762] mmc0: SDHCI controller on c8000000.sdhci [c8000000.sdhci] using ADMA
[    1.760257] sdhci-tegra c8000600.sdhci: Got CD GPIO
[    1.765150] sdhci-tegra c8000600.sdhci: Got WP GPIO
[    1.770182] mmc1: Invalid maximum block size, assuming 512 bytes
[    1.802832] mmc1: SDHCI controller on c8000600.sdhci [c8000600.sdhci] using ADMA
[    1.811606] ledtrig-cpu: registered to indicate activity on CPUs
[    1.817930] usbcore: registered new interface driver usbhid
[    1.823504] usbhid: USB HID core driver
[    1.831741] NET: Registered protocol family 10
[    1.837014] sit: IPv6 over IPv4 tunneling driver
[    1.842107] NET: Registered protocol family 17
[    1.846567] can: controller area network core (rev 20120528 abi 9)
[    1.852797] NET: Registered protocol family 29
[    1.857233] can: raw protocol (rev 20120528)
[    1.861511] can: broadcast manager protocol (rev 20120528 t)
[    1.867173] can: netlink gateway (rev 20130117) max_hops=1
[    1.873010] Key type dns_resolver registered
[    1.877632] ThumbEE CPU extension supported.
[    1.881923] Registering SWP/SWPB emulation handler
[    1.892014] utmi_phy_clk_enable: timeout waiting for phy to stabilize
[    1.898495] tegra-ehci c5000000.usb: EHCI Host Controller
[    1.903917] tegra-ehci c5000000.usb: new USB bus registered, assigned bus number 2
[    1.913004] tegra-ehci c5000000.usb: irq 288, io mem 0xc5000000
[    1.927766] usb 1-1: new high-speed USB device number 2 using tegra-ehci
[    1.937778] tegra-ehci c5000000.usb: USB 2.0 started, EHCI 1.00
[    1.944438] hub 2-0:1.0: USB hub found
[    1.948236] hub 2-0:1.0: 1 port detected
[    1.953111] input: gpio-keys as /devices/soc0/gpio-keys/input/input0
[    1.958062] mmc0: host does not support reading read-only switch, assuming write-enable
[    1.959870] mmc0: new high speed SDHC card at address b368
[    1.967613] mmcblk0: mmc0:b368 NCard 3.70 GiB 
[    1.977948] rtc-em3027 2-0056: hctosys: unable to read the hardware clock
[    1.979213]  mmcblk0: p1
[    1.991892] EXT4-fs (mmcblk0p1): mounting ext3 file system using the ext4 subsystem
[    2.001657] mmc1: new high speed SD card at address b368
[    2.007521] mmcblk1: mmc1:b368 NCard 1.83 GiB (ro)
[    2.015110]  mmcblk1: p1 p2
[    2.073892] hub 1-1:1.0: USB hub found
[    2.077726] hub 1-1:1.0: 4 ports detected
[    2.088170] EXT4-fs (mmcblk0p1): recovery complete
[    2.092981] EXT4-fs (mmcblk0p1): mounted filesystem with ordered data mode. Opts: (null)
[    2.101089] VFS: Mounted root (ext3 filesystem) on device 179:1.
[    2.110556] devtmpfs: mounted
[    2.115583] Freeing unused kernel memory: 2048K (c1100000 - c1300000)
bash: cannot set terminal process group (-1): Inappropriate ioctl for device
bash: no job control in this shell
[    2.367860] usb 1-1.2: new high-speed USB device number 3 using tegra-ehci
root@(none):/# mount -t sysfs none /sys
root@(none):/# 
root@(none):/# mount -t debugfs none /sys/kernel/debug
root@(none):/# 
root@(none):/# rtcwake -d rtc1 -m mem -s 3
rtcwake: assuming RTC uses UTC ...
rtcwake: wakeup from "mem" using /dev/rtc1 at Thu Jan  1 00:00:23 1970
[    6.425503] PM: Syncing filesystems ... done.
[    6.471933] Freezing user space processes ... (elapsed 0.001 seconds) done.
[    6.480477] Freezing remaining freezable tasks ... (elapsed 0.001 seconds) done.
[    6.489554] Suspending console(s) (use no_console_suspend to debug)
[    6.525247] PM: suspend of devices complete after 26.719 msecs
[    6.528887] PM: late suspend of devices complete after 3.610 msecs
[    6.543430] PM: noirq suspend of devices complete after 14.513 msecs
[    6.543440] Disabling non-boot CPUs ...
[    6.545227] CPU1: shutdown
[    6.570834] Entering suspend state LP1
[    6.570883] Enabling non-boot CPUs ...
[    6.596893] CPU1 is up
[    6.597900] pcieport 0000:00:01.0: nv_msi_ht_cap_quirk didn't locate host bridge
[    6.613034] PM: noirq resume of devices complete after 16.107 msecs
[    6.616694] PM: early resume of devices complete after 2.903 msecs
[    6.681259] PM: resume of devices complete after 64.532 msecs
[    6.745281] Restarting tasks ... done.
root@(none):/# 
root@(none):/# rtcwake -d rtc1 -m mem -s 3
rtcwake: assuming RTC uses UTC ...
rtcwake: wakeup from "mem" using /dev/rtc1 at Thu Jan  1 00:00:27 1970
[    7.278472] PM: Syncing filesystems ... done.
[    7.311209] Freezing user space processes ... (elapsed 0.001 seconds) done.
[    7.319611] Freezing remaining freezable tasks ... (elapsed 0.001 seconds) done.
[    7.328492] Suspending console(s) (use no_console_suspend to debug)
[    7.355313] PM: suspend of devices complete after 18.714 msecs
[    7.358930] PM: late suspend of devices complete after 3.586 msecs
[    7.373346] PM: noirq suspend of devices complete after 14.385 msecs
[    7.373357] Disabling non-boot CPUs ...
[    7.375177] CPU1: shutdown
[    7.390776] Entering suspend state LP1
[    7.390824] Enabling non-boot CPUs ...
[    7.416895] CPU1 is up
[    7.418229] pcieport 0000:00:01.0: nv_msi_ht_cap_quirk didn't locate host bridge
[    7.432997] PM: noirq resume of devices complete after 16.069 msecs
[    7.436672] PM: early resume of devices complete after 2.910 msecs
[    7.501215] PM: resume of devices complete after 64.511 msecs
[    7.565303] Restarting tasks ... done.
root@(none):/# 
root@(none):/# rtcwake -d rtc1 -m mem -s 3
rtcwake: assuming RTC uses UTC ...
rtcwake: wakeup from "mem" using /dev/rtc1 at Thu Jan  1 00:00:31 1970
[    8.095049] PM: Syncing filesystems ... done.
[    8.118911] Freezing user space processes ... (elapsed 0.001 seconds) done.
[    8.127164] Freezing remaining freezable tasks ... (elapsed 0.001 seconds) done.
[    8.135894] Suspending console(s) (use no_console_suspend to debug)
[    8.169804] PM: suspend of devices complete after 26.310 msecs
[    8.173344] PM: late suspend of devices complete after 3.510 msecs
[    8.188251] PM: noirq suspend of devices complete after 14.876 msecs
[    8.188262] Disabling non-boot CPUs ...
[    8.190074] CPU1: shutdown
[    8.215733] Entering suspend state LP1
[    8.215782] Enabling non-boot CPUs ...
[    8.241790] CPU1 is up
[    8.242530] pcieport 0000:00:01.0: nv_msi_ht_cap_quirk didn't locate host bridge
[    8.257870] PM: noirq resume of devices complete after 16.048 msecs
[    8.261290] PM: early resume of devices complete after 2.844 msecs
[    8.323937] PM: resume of devices complete after 62.615 msecs
[    8.387290] Restarting tasks ... done.
root@(none):/# 
root@(none):/# rtcwake -d rtc1 -m mem -s 3
rtcwake: assuming RTC uses UTC ...
rtcwake: wakeup from "mem" using /dev/rtc1 at Thu Jan  1 00:00:35 1970
[    8.925000] PM: Syncing filesystems ... done.
[    8.948839] Freezing user space processes ... (elapsed 0.001 seconds) done.
[    8.957095] Freezing remaining freezable tasks ... (elapsed 0.001 seconds) done.
[    8.966472] Suspending console(s) (use no_console_suspend to debug)
[    8.999106] PM: suspend of devices complete after 24.510 msecs
[    9.002716] PM: late suspend of devices complete after 3.579 msecs
[    9.018238] PM: noirq suspend of devices complete after 15.492 msecs
[    9.018248] Disabling non-boot CPUs ...
[    9.020254] CPU1: shutdown
[    9.045683] Entering suspend state LP1
[    9.045733] Enabling non-boot CPUs ...
[    9.071804] CPU1 is up
[    9.072969] pcieport 0000:00:01.0: nv_msi_ht_cap_quirk didn't locate host bridge
[    9.087873] PM: noirq resume of devices complete after 16.035 msecs
[    9.091538] PM: early resume of devices complete after 2.900 msecs
[    9.156114] PM: resume of devices complete after 64.545 msecs
[    9.220179] Restarting tasks ... done.
root@(none):/# 
root@(none):/# rtcwake -d rtc1 -m mem -s 3
rtcwake: assuming RTC uses UTC ...
rtcwake: wakeup from "mem" using /dev/rtc1 at Thu Jan  1 00:00:39 1970
[    9.755075] PM: Syncing filesystems ... done.
[    9.778943] Freezing user space processes ... (elapsed 0.001 seconds) done.
[    9.787258] Freezing remaining freezable tasks ... (elapsed 0.001 seconds) done.
[    9.796139] Suspending console(s) (use no_console_suspend to debug)
[    9.829346] PM: suspend of devices complete after 25.065 msecs
[    9.833080] PM: late suspend of devices complete after 3.702 msecs
[    9.848143] PM: noirq suspend of devices complete after 15.033 msecs
[    9.848154] Disabling non-boot CPUs ...
[    9.850107] CPU1: shutdown
[    9.875604] Entering suspend state LP1
[    9.875652] Enabling non-boot CPUs ...
[    9.901682] CPU1 is up
[    9.902785] pcieport 0000:00:01.0: nv_msi_ht_cap_quirk didn't locate host bridge
[    9.917812] PM: noirq resume of devices complete after 16.097 msecs
[    9.921440] PM: early resume of devices complete after 2.880 msecs
[    9.986065] PM: resume of devices complete after 64.593 msecs
[   10.050115] Restarting tasks ... done.
root@(none):/# 
root@(none):/# rtcwake -d rtc1 -m mem -s 3
rtcwake: assuming RTC uses UTC ...
rtcwake: wakeup from "mem" using /dev/rtc1 at Thu Jan  1 00:00:43 1970
[   10.588138] PM: Syncing filesystems ... done.
[   10.620909] Freezing user space processes ... (elapsed 0.001 seconds) done.
[   10.629333] Freezing remaining freezable tasks ... (elapsed 0.001 seconds) done.
[   10.638235] Suspending console(s) (use no_console_suspend to debug)
[   10.666116] PM: suspend of devices complete after 19.776 msecs
[   10.669719] PM: late suspend of devices complete after 3.572 msecs
[   10.688114] PM: noirq suspend of devices complete after 18.365 msecs
[   10.688126] Disabling non-boot CPUs ...
[   10.690142] CPU1: shutdown
[   10.705531] Entering suspend state LP1
[   10.705580] Enabling non-boot CPUs ...
[   10.731596] CPU1 is up
[   10.732878] pcieport 0000:00:01.0: nv_msi_ht_cap_quirk didn't locate host bridge
[   10.747742] PM: noirq resume of devices complete after 16.113 msecs
[   10.751465] PM: early resume of devices complete after 2.946 msecs
[   10.815991] PM: resume of devices complete after 64.496 msecs
[   10.880066] Restarting tasks ... done.
root@(none):/# 
root@(none):/# rtcwake -d rtc1 -m mem -s 3
rtcwake: assuming RTC uses UTC ...
rtcwake: wakeup from "mem" using /dev/rtc1 at Thu Jan  1 00:00:47 1970
[   11.417904] PM: Syncing filesystems ... done.
[   11.450702] Freezing user space processes ... (elapsed 0.001 seconds) done.
[   11.459125] Freezing remaining freezable tasks ... (elapsed 0.001 seconds) done.
[   11.468037] Suspending console(s) (use no_console_suspend to debug)
[   11.500344] PM: suspend of devices complete after 24.190 msecs
[   11.503999] PM: late suspend of devices complete after 3.624 msecs
[   11.518096] PM: noirq suspend of devices complete after 14.067 msecs
[   11.518107] Disabling non-boot CPUs ...
[   11.519909] CPU1: shutdown
[   11.545445] Entering suspend state LP1
[   11.545495] Enabling non-boot CPUs ...
[   11.571541] CPU1 is up
[   11.572887] pcieport 0000:00:01.0: nv_msi_ht_cap_quirk didn't locate host bridge
[   11.587662] PM: noirq resume of devices complete after 16.087 msecs
[   11.591358] PM: early resume of devices complete after 2.922 msecs
[   11.655903] PM: resume of devices complete after 64.513 msecs
[   11.719967] Restarting tasks ... done.
root@(none):/# 
root@(none):/# rtcwake -d rtc1 -m mem -s 3
rtcwake: assuming RTC uses UTC ...
rtcwake: wakeup from "mem" using /dev/rtc1 at Thu Jan  1 00:00:51 1970
[   12.254768] PM: Syncing filesystems ... done.
[   12.278670] Freezing user space processes ... (elapsed 0.001 seconds) done.
[   12.286918] Freezing remaining freezable tasks ... (elapsed 0.001 seconds) done.
[   12.295646] Suspending console(s) (use no_console_suspend to debug)
[   12.328988] PM: suspend of devices complete after 25.743 msecs
[   12.332673] PM: late suspend of devices complete after 3.655 msecs
[   12.347978] PM: noirq suspend of devices complete after 15.274 msecs
[   12.347988] Disabling non-boot CPUs ...
[   12.349892] CPU1: shutdown
[   12.375397] Entering suspend state LP1
[   12.375446] Enabling non-boot CPUs ...
[   12.401488] CPU1 is up
[   12.402831] pcieport 0000:00:01.0: nv_msi_ht_cap_quirk didn't locate host bridge
[   12.417622] PM: noirq resume of devices complete after 16.101 msecs
[   12.421245] PM: early resume of devices complete after 2.862 msecs
[   12.490853] PM: resume of devices complete after 69.575 msecs
[   12.554946] Restarting tasks ... done.
root@(none):/# 
root@(none):/# rtcwake -d rtc1 -m mem -s 3
rtcwake: assuming RTC uses UTC ...
rtcwake: wakeup from "mem" using /dev/rtc1 at Thu Jan  1 00:00:55 1970
[   13.088003] PM: Syncing filesystems ... done.
[   13.120774] Freezing user space processes ... (elapsed 0.001 seconds) done.
[   13.129194] Freezing remaining freezable tasks ... (elapsed 0.001 seconds) done.
[   13.138091] Suspending console(s) (use no_console_suspend to debug)
[   13.166209] PM: suspend of devices complete after 20.011 msecs
[   13.169741] PM: late suspend of devices complete after 3.501 msecs
[   13.187903] PM: noirq suspend of devices complete after 18.131 msecs
[   13.187913] Disabling non-boot CPUs ...
[   13.189841] CPU1: shutdown
[   13.215326] Entering suspend state LP1
[   13.215375] Enabling non-boot CPUs ...
[   13.241404] CPU1 is up
[   13.242528] pcieport 0000:00:01.0: nv_msi_ht_cap_quirk didn't locate host bridge
[   13.257494] PM: noirq resume of devices complete after 16.058 msecs
[   13.260914] PM: early resume of devices complete after 2.846 msecs
[   13.320699] PM: resume of devices complete after 59.754 msecs
[   13.384709] Restarting tasks ... done.
root@(none):/# 
root@(none):/# rtcwake -d rtc1 -m mem -s 3
rtcwake: assuming RTC uses UTC ...
rtcwake: wakeup from "mem" using /dev/rtc1 at Thu Jan  1 00:00:59 1970
[   13.924565] PM: Syncing filesystems ... done.
[   13.948404] Freezing user space processes ... (elapsed 0.001 seconds) done.
[   13.956654] Freezing remaining freezable tasks ... (elapsed 0.001 seconds) done.
[   13.965385] Suspending console(s) (use no_console_suspend to debug)
[   14.000116] PM: suspend of devices complete after 27.113 msecs
[   14.003822] PM: late suspend of devices complete after 3.674 msecs
[   14.017818] PM: noirq suspend of devices complete after 13.966 msecs
[   14.017828] Disabling non-boot CPUs ...
[   14.019761] CPU1: shutdown
[   14.045235] Entering suspend state LP1
[   14.045283] Enabling non-boot CPUs ...
[   14.071373] CPU1 is up
[   14.072351] pcieport 0000:00:01.0: nv_msi_ht_cap_quirk didn't locate host bridge
[   14.087492] PM: noirq resume of devices complete after 16.086 msecs
[   14.091203] PM: early resume of devices complete after 2.953 msecs
[   14.155662] PM: resume of devices complete after 64.426 msecs
[   14.219725] Restarting tasks ... done.
root@(none):/# 
root@(none):/# NVTB SYSTEM SUSPEND TEST COMPLETE
