[    0.000000] Booting Linux on physical CPU 0x0
[    0.000000] Linux version 4.13.0-next-20170908-317861-gda52d783f036 (jonathanh@tamien) (gcc version 4.9.2 20140904 (prerelease) (crosstool-NG linaro-1.13.1-4.9-2014.09 - Linaro GCC 4.9-2014.09)) #1 SMP PREEMPT Mon Sep 11 15:40:55 PDT 2017
[    0.000000] Boot CPU: AArch64 Processor [411fd071]
[    0.000000] Machine model: Google Pixel C
[    0.000000] efi: Getting EFI parameters from FDT:
[    0.000000] efi: UEFI not found.
[    0.000000] cma: Reserved 16 MiB at 0x00000000f5400000
[    0.000000] earlycon: uart0 at MMIO 0x0000000070006000 (options '115200n8')
[    0.000000] bootconsole [uart0] enabled
[    0.000000] NUMA: No NUMA configuration found
[    0.000000] NUMA: Faking a node at [mem 0x0000000000000000-0x000000013fffffff]
[    0.000000] NUMA: NODE_DATA [mem 0x13ffa1c80-0x13ffa377f]
[    0.000000] Zone ranges:
[    0.000000]   DMA      [mem 0x0000000080000000-0x00000000ffffffff]
[    0.000000]   Normal   [mem 0x0000000100000000-0x000000013fffffff]
[    0.000000] Movable zone start for each node
[    0.000000] Early memory node ranges
[    0.000000]   node   0: [mem 0x0000000080000000-0x00000000f65fffff]
[    0.000000]   node   0: [mem 0x0000000100000000-0x000000013fffffff]
[    0.000000] Initmem setup node 0 [mem 0x0000000080000000-0x000000013fffffff]
[    0.000000] psci: probing for conduit method from DT.
[    0.000000] psci: PSCIv1.0 detected in firmware.
[    0.000000] psci: Using standard PSCI v0.2 function IDs
[    0.000000] psci: MIGRATE_INFO_UP_CPU reported invalid physical ID (0x80000000)
[    0.000000] percpu: Embedded 23 pages/cpu @ffff8000bff42000 s55552 r8192 d30464 u94208
[    0.000000] Detected PIPT I-cache on CPU0
[    0.000000] CPU features: enabling workaround for ARM erratum 832075
[    0.000000] CPU features: enabling workaround for ARM erratum 834220
[    0.000000] Built 1 zonelists, mobility grouping on.  Total pages: 735336
[    0.000000] Policy zone: Normal
[    0.000000] Kernel command line: cros_secure vpr=0x08000000@0xf6800000 earlycon
[    0.000000] PID hash table entries: 4096 (order: 3, 32768 bytes)
[    0.000000] software IO TLB [mem 0xf1400000-0xf5400000] (64MB) mapped at [ffff800071400000-ffff8000753fffff]
[    0.000000] Memory: 2837892K/2988032K available (9212K kernel code, 1144K rwdata, 4576K rodata, 1088K init, 404K bss, 133756K reserved, 16384K cma-reserved)
[    0.000000] Virtual kernel memory layout:
[    0.000000]     modules : 0xffff000000000000 - 0xffff000008000000   (   128 MB)
[    0.000000]     vmalloc : 0xffff000008000000 - 0xffff7dffbfff0000   (129022 GB)
[    0.000000]       .text : 0xffff000008080000 - 0xffff000008980000   (  9216 KB)
[    0.000000]     .rodata : 0xffff000008980000 - 0xffff000008e00000   (  4608 KB)
[    0.000000]       .init : 0xffff000008e00000 - 0xffff000008f10000   (  1088 KB)
[    0.000000]       .data : 0xffff000008f10000 - 0xffff00000902e200   (  1145 KB)
[    0.000000]        .bss : 0xffff00000902e200 - 0xffff000009093470   (   405 KB)
[    0.000000]     fixed   : 0xffff7dfffe7fd000 - 0xffff7dfffec00000   (  4108 KB)
[    0.000000]     PCI I/O : 0xffff7dfffee00000 - 0xffff7dffffe00000   (    16 MB)
[    0.000000]     vmemmap : 0xffff7e0000000000 - 0xffff800000000000   (  2048 GB maximum)
[    0.000000]               0xffff7e0000000000 - 0xffff7e0003000000   (    48 MB actual)
[    0.000000]     memory  : 0xffff800000000000 - 0xffff8000c0000000   (  3072 MB)
[    0.000000] SLUB: HWalign=64, Order=0-3, MinObjects=0, CPUs=4, Nodes=1
[    0.000000] Preemptible hierarchical RCU implementation.
[    0.000000] 	RCU restricting CPUs from NR_CPUS=64 to nr_cpu_ids=4.
[    0.000000] 	Tasks RCU enabled.
[    0.000000] RCU: Adjusting geometry for rcu_fanout_leaf=16, nr_cpu_ids=4
[    0.000000] NR_IRQS: 64, nr_irqs: 64, preallocated irqs: 0
[    0.000000] GIC: Using split EOI/Deactivate mode
[    0.000000] /interrupt-controller@60004000: 192 interrupts forwarded to /interrupt-controller@50041000
[    0.000000] boot misc0 0x0: expected 0x80000
[    0.000000]  (comparison mask = 0x400ffffb)
[    0.000000] boot misc2 0x1f720005: expected 0x1f720f05
[    0.000000]  (comparison mask = 0xffffff17)
[    0.000000] PLL_C already enabled. Postponing set full defaults
[    0.000000] boot misc0 0x0: expected 0x20
[    0.000000]  (comparison mask = 0x7ffffff)
[    0.000000] boot misc1 0x10000000: expected 0xc0000000
[    0.000000]  (comparison mask = 0xf8000000)
[    0.000000] boot misc2 0x0: expected 0xf400f0da
[    0.000000]  (comparison mask = 0xffffffff)
[    0.000000] boot misc3 0x0: expected 0x2004f400
[    0.000000]  (comparison mask = 0xffffffff)
[    0.000000] PLL_DP already enabled. Postponing set full defaults
[    0.000000] boot misc1 0x0: expected 0x20
[    0.000000]  (comparison mask = 0xffffff)
[    0.000000] PLL_X already enabled. Postponing set full defaults
[    0.000000] arch_timer: cp15 timer(s) running at 19.20MHz (phys).
[    0.000000] clocksource: arch_sys_counter: mask: 0xffffffffffffff max_cycles: 0x46d987e47, max_idle_ns: 440795202767 ns
[    0.000002] sched_clock: 56 bits at 19MHz, resolution 52ns, wraps every 4398046511078ns
[    0.000232] Console: colour dummy device 80x25
[    0.000306] console [tty0] enabled
[    0.000366] bootconsole [uart0] disabled
[    0.000465] Calibrating delay loop (skipped), value calculated using timer frequency.. 38.40 BogoMIPS (lpj=76800)
[    0.000478] pid_max: default: 32768 minimum: 301
[    0.000529] Security Framework initialized
[    0.002010] Dentry cache hash table entries: 524288 (order: 10, 4194304 bytes)
[    0.002761] Inode-cache hash table entries: 262144 (order: 9, 2097152 bytes)
[    0.002805] Mount-cache hash table entries: 8192 (order: 4, 65536 bytes)
[    0.002837] Mountpoint-cache hash table entries: 8192 (order: 4, 65536 bytes)
[    0.015681] ASID allocator initialised with 65536 entries
[    0.023674] Hierarchical SRCU implementation.
[    0.032459] Speedo Revision 4
[    0.032476] random: fast init done
[    0.032484] Tegra Revision: A02 SKU: 19 CPU Process: 0 SoC Process: 0
[    0.079821] EFI services will not be available.
[    0.087751] smp: Bringing up secondary CPUs ...
[    0.115881] Detected PIPT I-cache on CPU1
[    0.115911] CPU1: Booted secondary processor [411fd071]
[    0.143908] Detected PIPT I-cache on CPU2
[    0.143927] CPU2: Booted secondary processor [411fd071]
[    0.171944] Detected PIPT I-cache on CPU3
[    0.171961] CPU3: Booted secondary processor [411fd071]
[    0.172001] smp: Brought up 1 node, 4 CPUs
[    0.172033] SMP: Total of 4 processors activated.
[    0.172042] CPU features: detected feature: 32-bit EL0 Support
[    0.172157] CPU: All CPU(s) started at EL2
[    0.172174] alternatives: patching kernel code
[    0.174927] devtmpfs: initialized
[    0.179698] Built 1 zonelists, mobility grouping on.  Total pages: 713569
[    0.179712] Policy zone: Normal
[    0.180448] clocksource: jiffies: mask: 0xffffffff max_cycles: 0xffffffff, max_idle_ns: 7645041785100000 ns
[    0.180495] futex hash table entries: 1024 (order: 5, 131072 bytes)
[    0.180602] pinctrl core: initialized pinctrl subsystem
[    0.181727] DMI not present or invalid.
[    0.181936] NET: Registered protocol family 16
[    0.183069] cpuidle: using governor menu
[    0.183651] vdso: 2 pages (1 code @ ffff000008986000, 1 data @ ffff000008f15000)
[    0.183669] hw-breakpoint: found 6 breakpoint and 4 watchpoint registers.
[    0.184250] DMA: preallocated 256 KiB pool for atomic allocations
[    0.185354] Serial: AMBA PL011 UART driver
[    0.199560] HugeTLB registered 2.00 MiB page size, pre-allocated 0 pages
[    0.200361] ACPI: Interpreter disabled.
[    0.200770] PPLCD_VDD: Failed to request enable GPIO172: -517
[    0.200784] reg-fixed-voltage regulators:regulator@1: Failed to register regulator: -517
[    0.201126] PP1800_LCDIO: Failed to request enable GPIO171: -517
[    0.201138] reg-fixed-voltage regulators:regulator@5: Failed to register regulator: -517
[    0.201185] PP1800_CAM: Failed to request enable GPIO83: -517
[    0.201195] reg-fixed-voltage regulators:regulator@6: Failed to register regulator: -517
[    0.201778] vgaarb: loaded
[    0.201935] SCSI subsystem initialized
[    0.202209] usbcore: registered new interface driver usbfs
[    0.202240] usbcore: registered new interface driver hub
[    0.202288] usbcore: registered new device driver usb
[    0.203224] tegra-i2c 7000d100.i2c: could not find pctldev for node /host1x@50000000/dpaux@545c0000/pinmux-i2c, deferring probe
[    0.203305] pps_core: LinuxPPS API ver. 1 registered
[    0.203314] pps_core: Software ver. 5.3.6 - Copyright 2005-2007 Rodolfo Giometti <giometti@linux.it>
[    0.203333] PTP clock support registered
[    0.203425] EDAC MC: Ver: 3.0.0
[    0.203585] dmi: Firmware registration failed.
[    0.204369] Advanced Linux Sound Architecture Driver Initialized.
[    0.204744] clocksource: Switched to clocksource arch_sys_counter
[    0.204835] VFS: Disk quotas dquot_6.6.0
[    0.204876] VFS: Dquot-cache hash table entries: 512 (order 0, 4096 bytes)
[    0.204972] pnp: PnP ACPI: disabled
[    0.208956] NET: Registered protocol family 2
[    0.209305] TCP established hash table entries: 32768 (order: 6, 262144 bytes)
[    0.209496] TCP bind hash table entries: 32768 (order: 7, 524288 bytes)
[    0.209692] TCP: Hash tables configured (established 32768 bind 32768)
[    0.209783] UDP hash table entries: 2048 (order: 4, 65536 bytes)
[    0.209825] UDP-Lite hash table entries: 2048 (order: 4, 65536 bytes)
[    0.209929] NET: Registered protocol family 1
[    0.210132] RPC: Registered named UNIX socket transport module.
[    0.210144] RPC: Registered udp transport module.
[    0.210151] RPC: Registered tcp transport module.
[    0.210159] RPC: Registered tcp NFSv4.1 backchannel transport module.
[    0.210257] Unpacking initramfs...
[    0.256771] Freeing initrd memory: 1280K
[    0.257132] kvm [1]: 8-bit VMID
[    0.257143] kvm [1]: IDMAP page: 80974000
[    0.257151] kvm [1]: HYP VA range: 800000000000:ffffffffffff
[    0.257751] kvm [1]: Hyp mode initialized successfully
[    0.257864] kvm [1]: vgic-v2@50044000
[    0.257932] kvm [1]: vgic interrupt IRQ1
[    0.257947] kvm [1]: virtual timer IRQ4
[    0.259583] audit: initializing netlink subsys (disabled)
[    0.259673] audit: type=2000 audit(0.255:1): state=initialized audit_enabled=0 res=1
[    0.259836] workingset: timestamp_bits=44 max_order=20 bucket_order=0
[    0.263347] squashfs: version 4.0 (2009/01/31) Phillip Lougher
[    0.263724] NFS: Registering the id_resolver key type
[    0.263745] Key type id_resolver registered
[    0.263753] Key type id_legacy registered
[    0.263765] nfs4filelayout_init: NFSv4 File Layout Driver Registering...
[    0.263855] 9p: Installing v9fs 9p2000 file system support
[    0.265338] Block layer SCSI generic (bsg) driver version 0.4 loaded (major 246)
[    0.265353] io scheduler noop registered
[    0.265465] io scheduler cfq registered (default)
[    0.265474] io scheduler mq-deadline registered
[    0.265481] io scheduler kyber registered
[    0.266941]  usb3-0: usb3-0 supply vbus not found, using dummy regulator
[    0.275995] tegra-apbdma 60020000.dma: Tegra20 APB DMA driver register 32 channels
[    0.277472] tegra-pmc 7000e400.pmc: i2c-thermtrip node not found, emergency thermal reset disabled.
[    0.279715] Serial: 8250/16550 driver, 4 ports, IRQ sharing enabled
[    0.280985] 70006000.serial: ttyS0 at MMIO 0x70006000 (irq = 314, base_baud = 25500000) is a Tegra
[    1.298236] console [ttyS0] enabled
[    1.302176] SuperH (H)SCI(F) driver initialized
[    1.306929] msm_serial: driver initialized
[    1.311392] cacheinfo: Unable to detect cache hierarchy for CPU 0
[    1.320816] loop: module loaded
[    1.328448] cros-ec-i2c 0-001e: Chrome EC device registered
[    1.334685] max77620 1-003c: PMIC Version OTP:0x35 and ES:0x8
[    1.343063] max77620-sd0: supplied by regulator-dummy
[    1.349263] max77620-sd1: supplied by regulator-dummy
[    1.355411] max77620-sd2: supplied by regulator-dummy
[    1.361525] max77620-sd3: supplied by regulator-dummy
[    1.367649] max77620-ldo0: supplied by regulator-dummy
[    1.373283] max77620-ldo1: supplied by regulator-dummy
[    1.378434] PP1200_RCAM: Bringing 1050000uV into 1200000-1200000uV
[    1.385020] max77620-ldo2: supplied by regulator-dummy
[    1.390689] max77620-ldo3: supplied by regulator-dummy
[    1.395844] PP2800L_RCAM: Bringing 3100000uV into 2800000-2800000uV
[    1.402511] max77620-ldo4: supplied by regulator-dummy
[    1.407661] PP1100_SOC_RTC: Bringing 1000000uV into 850000-850000uV
[    1.414470] max77620-ldo5: supplied by regulator-dummy
[    1.419622] PP2800L_FCAM: Bringing 3100000uV into 2800000-2800000uV
[    1.426291] max77620-ldo6: supplied by regulator-dummy
[    1.431444] PP_LDO6: Bringing 2800000uV into 1800000-1800000uV
[    1.437694] max77620-ldo7: supplied by regulator-dummy
[    1.443434] max77620-ldo8: supplied by regulator-dummy
[    1.452262] libphy: Fixed MDIO Bus: probed
[    1.456573] tun: Universal TUN/TAP device driver, 1.6
[    1.462224] e1000e: Intel(R) PRO/1000 Network Driver - 3.2.6-k
[    1.468058] e1000e: Copyright(c) 1999 - 2015 Intel Corporation.
[    1.473998] igb: Intel(R) Gigabit Ethernet Network Driver - version 5.4.0-k
[    1.480955] igb: Copyright (c) 2007-2014 Intel Corporation.
[    1.486543] igbvf: Intel(R) Gigabit Virtual Function Network Driver - version 2.4.0-k
[    1.494366] igbvf: Copyright (c) 2009 - 2012 Intel Corporation.
[    1.500477] sky2: driver version 1.30
[    1.504426] VFIO - User Level meta-driver version: 0.3
[    1.510298] ehci_hcd: USB 2.0 'Enhanced' Host Controller (EHCI) Driver
[    1.516825] ehci-pci: EHCI PCI platform driver
[    1.521287] ehci-platform: EHCI generic platform driver
[    1.526590] ehci-orion: EHCI orion driver
[    1.530652] ehci-exynos: EHCI EXYNOS driver
[    1.534888] ehci-msm: Qualcomm On-Chip EHCI Host Controller
[    1.540504] ohci_hcd: USB 1.1 'Open' Host Controller (OHCI) Driver
[    1.546686] ohci-pci: OHCI PCI platform driver
[    1.551150] ohci-platform: OHCI generic platform driver
[    1.556432] ohci-exynos: OHCI EXYNOS driver
[    1.621392] tegra-xusb 70090000.usb: Firmware timestamp: 2015-08-10 09:47:54 UTC
[    1.628798] tegra-xusb 70090000.usb: xHCI Host Controller
[    1.634204] tegra-xusb 70090000.usb: new USB bus registered, assigned bus number 1
[    1.642955] tegra-xusb 70090000.usb: hcc params 0x0184f525 hci version 0x100 quirks 0x00010010
[    1.651587] tegra-xusb 70090000.usb: irq 320, io mem 0x70090000
[    1.657864] hub 1-0:1.0: USB hub found
[    1.661635] hub 1-0:1.0: 5 ports detected
[    1.665939] tegra-xusb 70090000.usb: xHCI Host Controller
[    1.671341] tegra-xusb 70090000.usb: new USB bus registered, assigned bus number 2
[    1.678953] usb usb2: We don't know the algorithms for LPM for this host, disabling LPM.
[    1.687296] hub 2-0:1.0: USB hub found
[    1.691064] hub 2-0:1.0: 4 ports detected
[    1.695544] usbcore: registered new interface driver usb-storage
[    1.829301] max77686-rtc max77620-rtc: rtc core: registered max77620-rtc as rtc0
[    1.837316] tegra_rtc 7000e000.rtc: rtc core: registered 7000e000.rtc as rtc1
[    1.844467] tegra_rtc 7000e000.rtc: Tegra internal Real Time Clock
[    1.850750] i2c /dev entries driver
[    1.855839] (NULL device *): hwmon_device_register() is deprecated. Please convert the driver to use hwmon_device_register_with_info().
[    1.884767] sdhci: Secure Digital Host Controller Interface driver
[    1.890978] sdhci: Copyright(c) Pierre Ossman
[    1.895474] Synopsys Designware Multimedia Card Interface Driver
[    1.901992] sdhci-pltfm: SDHCI platform and OF driver helper
[    1.915970] mmc0: Unknown controller version (3). You may experience problems.
[    1.968779] mmc0: SDHCI controller on 700b0600.sdhci [700b0600.sdhci] using ADMA 64-bit
[    1.980722] ledtrig-cpu: registered to indicate activity on CPUs
[    1.987597] usbcore: registered new interface driver usbhid
[    1.993253] usbhid: USB HID core driver
[    1.998903] NET: Registered protocol family 17
[    2.003530] 9pnet: Installing 9P2000 support
[    2.008951] Key type dns_resolver registered
[    2.015615] registered taskstats version 1
[    2.025369] tegra-i2c 7000d100.i2c: could not find pctldev for node /host1x@50000000/dpaux@545c0000/pinmux-i2c, deferring probe
[    2.038120] input: gpio-keys as /devices/platform/gpio-keys/input/input0
[    2.045079] tegra-i2c 7000d100.i2c: could not find pctldev for node /host1x@50000000/dpaux@545c0000/pinmux-i2c, deferring probe
[    2.052034] mmc0: new high speed MMC card at address 0001
[    2.052240] mmcblk0: mmc0:0001 BGND3R 29.1 GiB 
[    2.052322] mmcblk0boot0: mmc0:0001 BGND3R partition 1 4.00 MiB
[    2.052402] mmcblk0boot1: mmc0:0001 BGND3R partition 2 4.00 MiB
[    2.052476] mmcblk0rpmb: mmc0:0001 BGND3R partition 3 4.00 MiB
[    2.055033]  mmcblk0: p1 p2 p3 p4 p5 p6 p7 p8 p9 p10 p11
[    2.084152] max77686-rtc max77620-rtc: setting system clock to 2001-06-23 04:05:18 UTC (993269118)
[    2.084631] PP1200_AVDD: disabling
[    2.084696] PP1200_RCAM: disabling
[    2.084769] PP2800L_RCAM: disabling
[    2.084830] PP2800L_FCAM: disabling
[    2.084890] PP_LDO6: disabling
[    2.084951] PPLCD_VDD: disabling
[    2.084955] PP1800_LCDIO: disabling
[    2.084957] PP1800_CAM: disabling
[    2.084960] ALSA device list:
[    2.084962]   No soundcards found.
[    2.132107] tegra-i2c 7000d100.i2c: could not find pctldev for node /host1x@50000000/dpaux@545c0000/pinmux-i2c, deferring probe
[    2.132216] Freeing unused kernel memory: 1088K

System initialization...

Mounting /proc :[SUCCESS]
Mounting /sys :[SUCCESS]
Mounting /dev :[SUCCESS]
Mounting /dev/pts :[SUCCESS]
Mounting /sys/kernel/debug :[SUCCESS]
Mounting other filesystems :[SUCCESS]
Enabling hot-plug :[SUCCESS]
Populating /dev :[SUCCESS]
Starting syslogd :[SUCCESS]
Starting telnetd :[SUCCESS]

System initialization complete.

Please press Enter to activate this console. 