
U-Boot SPL 2014.01-00219-gc4d376f (Feb 18 2014 - 19:57:18)


U-Boot 2014.01-00219-gc4d376f (Feb 18 2014 - 19:57:18)

TEGRA30
Board: NVIDIA Beaver
I2C:   ready
DRAM:  2 GiB
MMC:   Tegra SD/MMC: 0, Tegra SD/MMC: 1
In:    serial
Out:   serial
Err:   serial
Net:   Net Initialization Skipped
No ethernet found.
Hit any key to stop autoboot:  2  0 
Tegra30 (Beaver) # 
Tegra30 (Beaver) # usb reset
(Re)start USB...
USB0:   USB EHCI 1.00
scanning bus 0 for devices... 2 USB Device(s) found
       scanning usb for storage devices... 0 Storage Device(s) found
       scanning usb for ethernet devices... 
Warning: asx0 using MAC address from net device
1 Ethernet Device(s) found
Tegra30 (Beaver) # setenv bootargs 'ignore_loglevel console=ttyS0,115200n8 rw root=PARTUUID=edbe1840-3633-c751-7993-b0ac834f81e0 rootwait gpt debug noinitrd earlyprintk init=/bin/bash'
Tegra30 (Beaver) # setenv ipaddr 192.168.100.101; setenv serverip 192.168.100.1; setenv tftpserverip 192.168.100.1
Tegra30 (Beaver) # tftpboot 0x81000000 zImage.multi_v7_defconfig
Using asx0 device
TFTP from server 192.168.100.1; our IP address is 192.168.100.101
Filename 'zImage.multi_v7_defconfig'.
Load address: 0x81000000
Loading: *#################################################################
	 #################################################################
	 #################################################################
	 #################################################################
	 #################################################################
	 #################################################################
	 #################################################################
	 #########################
	 3.2 MiB/s
done
Bytes transferred = 7043696 (6b7a70 hex)
Tegra30 (Beaver) # tftpboot 0x82000000 tegra30-beaver.dtb
Using asx0 device
TFTP from server 192.168.100.1; our IP address is 192.168.100.101
Filename 'tegra30-beaver.dtb'.
Load address: 0x82000000
Loading: *####
	 3.1 MiB/s
done
Bytes transferred = 51627 (c9ab hex)
Tegra30 (Beaver) # bootz 0x81000000 - 0x82000000
Kernel image @ 0x81000000 [ 0x000000 - 0x6b7a70 ]
## Flattened Device Tree blob at 82000000
   Booting using the fdt blob at 0x82000000
   Loading Device Tree to 8fff0000, end 8ffff9aa ... OK

Starting kernel ...

[    0.000000] Booting Linux on physical CPU 0x0
[    0.000000] Linux version 4.6.0-rc5-next-20160428-114809-gef413b9 (pwalmsley@tamien) (gcc version 4.7.3 20130328 (prerelease) (crosstool-NG linaro-1.13.1-4.7-2013.04-20130415 - Linaro GCC 2013.04) ) #1 SMP Thu Apr 28 04:23:30 PDT 2016
[    0.000000] CPU: ARMv7 Processor [412fc099] revision 9 (ARMv7), cr=10c5387d
[    0.000000] CPU: PIPT / VIPT nonaliasing data cache, VIPT aliasing instruction cache
[    0.000000] Machine model: NVIDIA Tegra30 Beaver evaluation board
[    0.000000] debug: ignoring loglevel setting.
[    0.000000] cma: Reserved 64 MiB at 0xfb800000
[    0.000000] Memory policy: Data cache writealloc
[    0.000000] On node 0 totalpages: 524032
[    0.000000] free_area_init_node: node 0, pgdat c1418040, node_mem_map eeff8000
[    0.000000]   DMA zone: 1536 pages used for memmap
[    0.000000]   DMA zone: 0 pages reserved
[    0.000000]   DMA zone: 196608 pages, LIFO batch:31
[    0.000000]   HighMem zone: 327424 pages, LIFO batch:31
[    0.000000] percpu: Embedded 13 pages/cpu @eef8f000 s23744 r8192 d21312 u53248
[    0.000000] pcpu-alloc: s23744 r8192 d21312 u53248 alloc=13*4096
[    0.000000] pcpu-alloc: [0] 0 [0] 1 [0] 2 [0] 3 
[    0.000000] Built 1 zonelists in Zone order, mobility grouping on.  Total pages: 522496
[    0.000000] Kernel command line: ignore_loglevel console=ttyS0,115200n8 rw root=PARTUUID=edbe1840-3633-c751-7993-b0ac834f81e0 rootwait gpt debug noinitrd earlyprintk init=/bin/bash
[    0.000000] PID hash table entries: 4096 (order: 2, 16384 bytes)
[    0.000000] Dentry cache hash table entries: 131072 (order: 7, 524288 bytes)
[    0.000000] Inode-cache hash table entries: 65536 (order: 6, 262144 bytes)
[    0.000000] Memory: 1995052K/2096128K available (9527K kernel code, 1128K rwdata, 4184K rodata, 2048K init, 338K bss, 35540K reserved, 65536K cma-reserved, 1244160K highmem)
[    0.000000] Virtual kernel memory layout:
[    0.000000]     vector  : 0xffff0000 - 0xffff1000   (   4 kB)
[    0.000000]     fixmap  : 0xffc00000 - 0xfff00000   (3072 kB)
[    0.000000]     vmalloc : 0xf0800000 - 0xff800000   ( 240 MB)
[    0.000000]     lowmem  : 0xc0000000 - 0xf0000000   ( 768 MB)
[    0.000000]     pkmap   : 0xbfe00000 - 0xc0000000   (   2 MB)
[    0.000000]     modules : 0xbf000000 - 0xbfe00000   (  14 MB)
[    0.000000]       .text : 0xc0208000 - 0xc1063fe4   (14704 kB)
[    0.000000]       .init : 0xc1100000 - 0xc1300000   (2048 kB)
[    0.000000]       .data : 0xc1300000 - 0xc141a080   (1129 kB)
[    0.000000]        .bss : 0xc141c000 - 0xc1470a98   ( 339 kB)
[    0.000000] SLUB: HWalign=64, Order=0-3, MinObjects=0, CPUs=4, Nodes=1
[    0.000000] Hierarchical RCU implementation.
[    0.000000] 	Build-time adjustment of leaf fanout to 32.
[    0.000000] 	RCU restricting CPUs from NR_CPUS=16 to nr_cpu_ids=4.
[    0.000000] RCU: Adjusting geometry for rcu_fanout_leaf=32, nr_cpu_ids=4
[    0.000000] NR_IRQS:16 nr_irqs:16 16
[    0.000000] /interrupt-controller@60004000: 160 interrupts forwarded to /interrupt-controller@50041000
[    0.000000] L2C: platform modifies aux control register: 0x02080000 -> 0x3e480001
[    0.000000] L2C: DT/platform modifies aux control register: 0x02080000 -> 0x3e480001
[    0.000000] L2C-310 erratum 769419 enabled
[    0.000000] L2C-310 enabling early BRESP for Cortex-A9
[    0.000000] L2C-310: enabling full line of zeros but not enabled in Cortex-A9
[    0.000000] L2C-310 dynamic clock gating enabled, standby mode enabled
[    0.000000] L2C-310 cache controller enabled, 8 ways, 1024 kB
[    0.000000] L2C-310: CACHE_ID 0x410000c7, AUX_CTRL 0x4e480001
[    0.000014] sched_clock: 32 bits at 1000kHz, resolution 1000ns, wraps every 2147483647500ns
[    0.000032] clocksource: timer_us: mask: 0xffffffff max_cycles: 0xffffffff, max_idle_ns: 1911260446275 ns
[    0.000041] Switching to timer-based delay loop, resolution 1000ns
[    0.002858] Console: colour dummy device 80x30
[    0.002884] Calibrating delay loop (skipped), value calculated using timer frequency.. 2.00 BogoMIPS (lpj=5000)
[    0.002893] pid_max: default: 32768 minimum: 301
[    0.002980] Mount-cache hash table entries: 2048 (order: 1, 8192 bytes)
[    0.002988] Mountpoint-cache hash table entries: 2048 (order: 1, 8192 bytes)
[    0.003416] CPU: Testing write buffer coherency: ok
[    0.003702] CPU0: thread -1, cpu 0, socket 0, mpidr 80000000
[    0.003745] Setting up static identity map for 0x80300000 - 0x80300098
[    0.006251] Tegra Revision: A03 SKU: 128 CPU Process: 4 SoC Process: 0
[    0.010351] CPU1: thread -1, cpu 1, socket 0, mpidr 80000001
[    0.015334] CPU2: thread -1, cpu 2, socket 0, mpidr 80000002
[    0.020333] CPU3: thread -1, cpu 3, socket 0, mpidr 80000003
[    0.020378] Brought up 4 CPUs
[    0.020392] SMP: Total of 4 processors activated (8.00 BogoMIPS).
[    0.020397] CPU: All CPU(s) started in SVC mode.
[    0.021090] devtmpfs: initialized
[    0.029019] VFP support v0.3: implementor 41 architecture 3 part 30 variant 9 rev 4
[    0.029645] clocksource: jiffies: mask: 0xffffffff max_cycles: 0xffffffff, max_idle_ns: 9556302231375000 ns
[    0.032910] pinctrl core: initialized pinctrl subsystem
[    0.034411] NET: Registered protocol family 16
[    0.036571] DMA: preallocated 256 KiB pool for atomic coherent allocations
[    0.049929] cpuidle: using governor menu
[    0.058754] No ATAGs?
[    0.058781] hw-breakpoint: found 5 (+1 reserved) breakpoint and 1 watchpoint registers.
[    0.058787] hw-breakpoint: maximum watchpoint size is 4 bytes.
[    0.062021] Serial: AMBA PL011 UART driver
[    0.063349] tegra-mc 7000f000.memory-controller: no memory timings for RAM code 3 registered
[    0.082851] vdd_5v_sata: Failed to request enable GPIO30: -517
[    0.082864] reg-fixed-voltage regulators:regulator@3: Failed to register regulator: -517
[    0.082908] usb1_vbus: Failed to request enable GPIO238: -517
[    0.082915] reg-fixed-voltage regulators:regulator@4: Failed to register regulator: -517
[    0.082958] usb3_vbus: Failed to request enable GPIO236: -517
[    0.082965] reg-fixed-voltage regulators:regulator@5: Failed to register regulator: -517
[    0.083054] sys_3v3_pexs: Failed to request enable GPIO95: -517
[    0.083062] reg-fixed-voltage regulators:regulator@7: Failed to register regulator: -517
[    0.085146] vgaarb: loaded
[    0.085623] SCSI subsystem initialized
[    0.085730] libata version 3.00 loaded.
[    0.085891] usbcore: registered new interface driver usbfs
[    0.085933] usbcore: registered new interface driver hub
[    0.085973] usbcore: registered new device driver usb
[    0.092705] vrtc: supplied by vdd_5v_in
[    0.096003] vio: supplied by vdd_5v_in
[    0.101817] vdd1: supplied by vdd_5v_in
[    0.103179] vddio_ddr_1v2: Bringing 600000uV into 1200000-1200000uV
[    0.106820] vdd2: supplied by vdd_5v_in
[    0.116818] ldo1: supplied by vdd_1v5_gen
[    0.119198] ldo2: supplied by vdd_1v5_gen
[    0.119687] vdd_sata,avdd_plle: Bringing 1200000uV into 1050000-1050000uV
[    0.121930] ldo3: supplied by vdd_5v_in
[    0.124296] ldo4: supplied by vdd_5v_in
[    0.126831] ldo5: supplied by vdd_5v_in
[    0.131827] ldo6: supplied by vdd_1v8_gen
[    0.132298] avdd_dsi_csi,pwrdet_mipi: Bringing 1000000uV into 1200000-1200000uV
[    0.134533] ldo7: supplied by vdd_1v8_gen
[    0.141838] ldo8: supplied by vdd_1v8_gen
[    0.146871] pps_core: LinuxPPS API ver. 1 registered
[    0.146877] pps_core: Software ver. 5.3.6 - Copyright 2005-2007 Rodolfo Giometti <giometti@linux.it>
[    0.146890] PTP clock support registered
[    0.147030] EDAC MC: Ver: 3.0.0
[    0.148545] clocksource: Switched to clocksource timer_us
[    0.154317] NET: Registered protocol family 2
[    0.154725] TCP established hash table entries: 8192 (order: 3, 32768 bytes)
[    0.154781] TCP bind hash table entries: 8192 (order: 4, 65536 bytes)
[    0.154864] TCP: Hash tables configured (established 8192 bind 8192)
[    0.154951] UDP hash table entries: 512 (order: 2, 16384 bytes)
[    0.155012] UDP-Lite hash table entries: 512 (order: 2, 16384 bytes)
[    0.155196] NET: Registered protocol family 1
[    0.155430] RPC: Registered named UNIX socket transport module.
[    0.155437] RPC: Registered udp transport module.
[    0.155441] RPC: Registered tcp transport module.
[    0.155445] RPC: Registered tcp NFSv4.1 backchannel transport module.
[    0.155454] PCI: CLS 0 bytes, default 64
[    0.156207] hw perfevents: enabled with armv7_cortex_a9 PMU driver, 7 counters available
[    0.157104] futex hash table entries: 1024 (order: 4, 65536 bytes)
[    0.157633] workingset: timestamp_bits=28 max_order=19 bucket_order=0
[    0.162821] squashfs: version 4.0 (2009/01/31) Phillip Lougher
[    0.163277] NFS: Registering the id_resolver key type
[    0.163317] Key type id_resolver registered
[    0.163322] Key type id_legacy registered
[    0.163356] ntfs: driver 2.1.32 [Flags: R/O].
[    0.164218] bounce: pool size: 64 pages
[    0.164341] Block layer SCSI generic (bsg) driver version 0.4 loaded (major 248)
[    0.164349] io scheduler noop registered
[    0.164354] io scheduler deadline registered
[    0.164373] io scheduler cfq registered (default)
[    0.176847] tegra-pcie 3000.pcie-controller: 2x3 configuration
[    0.177001] tegra-pcie 3000.pcie-controller: Failed to get supply 'hvdd-pex': -517
[    0.180779] tegra-apbdma 6000a000.dma: Tegra20 APB DMA driver register 32 channels
[    0.181918] tegra-pmc 7000e400.pmc: i2c-thermtrip node not found, emergency thermal reset disabled.
[    0.213705] Serial: 8250/16550 driver, 4 ports, IRQ sharing disabled
[    0.215761] console [ttyS0] disabled
[    0.215799] 70006000.serial: ttyS0 at MMIO 0x70006000 (irq = 331, base_baud = 25500000) is a Tegra
[    1.073474] console [ttyS0] enabled
[    1.077488] SuperH (H)SCI(F) driver initialized
[    1.082615] msm_serial: driver initialized
[    1.086832] STMicroelectronics ASC driver initialized
[    1.094123] [drm] Initialized drm 1.1.0 20060810
[    1.100727] tegra-hdmi 54280000.hdmi: failed to get HDMI regulator
[    1.114784] brd: module loaded
[    1.121674] loop: module loaded
[    1.129854] m25p80 spi32766.1: w25q32 (4096 Kbytes)
[    1.137136] CAN device driver interface
[    1.142139] igb: Intel(R) Gigabit Ethernet Network Driver - version 5.3.0-k
[    1.149095] igb: Copyright (c) 2007-2014 Intel Corporation.
[    1.156478] pegasus: v0.9.3 (2013/04/25), Pegasus/Pegasus II USB Ethernet driver
[    1.163921] usbcore: registered new interface driver pegasus
[    1.169606] usbcore: registered new interface driver asix
[    1.175021] usbcore: registered new interface driver ax88179_178a
[    1.181129] usbcore: registered new interface driver cdc_ether
[    1.186987] usbcore: registered new interface driver smsc75xx
[    1.192759] usbcore: registered new interface driver smsc95xx
[    1.198535] usbcore: registered new interface driver net1080
[    1.204209] usbcore: registered new interface driver cdc_subset
[    1.210143] usbcore: registered new interface driver zaurus
[    1.215762] usbcore: registered new interface driver cdc_ncm
[    1.222877] ehci_hcd: USB 2.0 'Enhanced' Host Controller (EHCI) Driver
[    1.229405] ehci-pci: EHCI PCI platform driver
[    1.233867] ehci-platform: EHCI generic platform driver
[    1.239214] ehci-omap: OMAP-EHCI Host Controller driver
[    1.244516] ehci-orion: EHCI orion driver
[    1.248597] SPEAr-ehci: EHCI SPEAr driver
[    1.252669] ehci-st: EHCI STMicroelectronics driver
[    1.257620] ehci-exynos: EHCI EXYNOS driver
[    1.261890] ehci-atmel: EHCI Atmel driver
[    1.265972] tegra-ehci: Tegra EHCI driver
[    1.270161] ------------[ cut here ]------------
[    1.274804] WARNING: CPU: 1 PID: 1 at drivers/reset/core.c:187 __of_reset_control_get+0x1bc/0x228
[    1.283661] Modules linked in:
[    1.286715] CPU: 1 PID: 1 Comm: swapper/0 Not tainted 4.6.0-rc5-next-20160428-114809-gef413b9 #1
[    1.295478] Hardware name: NVIDIA Tegra SoC (Flattened Device Tree)
[    1.301768] [<c030f9a0>] (unwind_backtrace) from [<c030b088>] (show_stack+0x10/0x14)
[    1.309500] [<c030b088>] (show_stack) from [<c0584f08>] (dump_stack+0x84/0xa4)
[    1.316718] [<c0584f08>] (dump_stack) from [<c0341b64>] (__warn+0xd4/0x100)
[    1.323664] [<c0341b64>] (__warn) from [<c0341bb0>] (warn_slowpath_null+0x20/0x28)
[    1.331218] [<c0341bb0>] (warn_slowpath_null) from [<c069b5ec>] (__of_reset_control_get+0x1bc/0x228)
[    1.340338] [<c069b5ec>] (__of_reset_control_get) from [<c090bf54>] (tegra_ehci_probe+0x2d0/0x51c)
[    1.349288] [<c090bf54>] (tegra_ehci_probe) from [<c0774044>] (platform_drv_probe+0x50/0xb0)
[    1.357711] [<c0774044>] (platform_drv_probe) from [<c07729a8>] (driver_probe_device+0x1f4/0x2b0)
[    1.366563] [<c07729a8>] (driver_probe_device) from [<c0772b10>] (__driver_attach+0xac/0xb0)
[    1.374982] [<c0772b10>] (__driver_attach) from [<c0770fbc>] (bus_for_each_dev+0x54/0x88)
[    1.383140] [<c0770fbc>] (bus_for_each_dev) from [<c0771f9c>] (bus_add_driver+0xe8/0x1f4)
[    1.391299] [<c0771f9c>] (bus_add_driver) from [<c077332c>] (driver_register+0x78/0xf4)
[    1.399284] [<c077332c>] (driver_register) from [<c0301e5c>] (do_one_initcall+0x3c/0x16c)
[    1.407448] [<c0301e5c>] (do_one_initcall) from [<c1100d80>] (kernel_init_freeable+0x120/0x1ec)
[    1.416135] [<c1100d80>] (kernel_init_freeable) from [<c0b5253c>] (kernel_init+0x8/0x118)
[    1.424296] [<c0b5253c>] (kernel_init) from [<c0307f78>] (ret_from_fork+0x14/0x3c)
[    1.431873] ---[ end trace af98f4e0682841e9 ]---
[    1.436488] tegra-ehci 7d004000.usb: can't get utmi-pads reset from the PHY
[    1.443439] tegra-ehci 7d004000.usb: continuing, but please update your DT
[    1.450475] ohci_hcd: USB 1.1 'Open' Host Controller (OHCI) Driver
[    1.456661] ohci-pci: OHCI PCI platform driver
[    1.461130] ohci-platform: OHCI generic platform driver
[    1.466460] ohci-omap3: OHCI OMAP3 driver
[    1.470545] SPEAr-ohci: OHCI SPEAr driver
[    1.474627] ohci-st: OHCI STMicroelectronics driver
[    1.479577] ohci-atmel: OHCI Atmel driver
[    1.484035] usbcore: registered new interface driver usb-storage
[    1.491012] mousedev: PS/2 mouse device common for all mice
[    1.498523] tegra_rtc 7000e000.rtc: rtc core: registered 7000e000.rtc as rtc1
[    1.505708] tegra_rtc 7000e000.rtc: Tegra internal Real Time Clock
[    1.524372] tps65910-rtc tps65910-rtc: rtc core: registered tps65910-rtc as rtc0
[    1.531954] i2c /dev entries driver
[    1.542775] sdhci: Secure Digital Host Controller Interface driver
[    1.548961] sdhci: Copyright(c) Pierre Ossman
[    1.554237] Synopsys Designware Multimedia Card Interface Driver
[    1.560881] sdhci-pltfm: SDHCI platform and OF driver helper
[    1.567091] sdhci-tegra 78000000.sdhci: Got CD GPIO
[    1.571980] sdhci-tegra 78000000.sdhci: Got WP GPIO
[    1.578006] mmc0: Invalid maximum block size, assuming 512 bytes
[    1.618624] mmc0: SDHCI controller on 78000000.sdhci [78000000.sdhci] using ADMA
[    1.629280] mmc1: Invalid maximum block size, assuming 512 bytes
[    1.668549] mmc1: SDHCI controller on 78000600.sdhci [78000600.sdhci] using ADMA
[    1.677053] ledtrig-cpu: registered to indicate activity on CPUs
[    1.683349] usbcore: registered new interface driver usbhid
[    1.688918] usbhid: USB HID core driver
[    1.695995] NET: Registered protocol family 10
[    1.700970] sit: IPv6 over IPv4 tunneling driver
[    1.706026] NET: Registered protocol family 17
[    1.710479] can: controller area network core (rev 20120528 abi 9)
[    1.716696] NET: Registered protocol family 29
[    1.721138] can: raw protocol (rev 20120528)
[    1.725403] can: broadcast manager protocol (rev 20120528 t)
[    1.731057] can: netlink gateway (rev 20130117) max_hops=1
[    1.736824] Key type dns_resolver registered
[    1.741480] ThumbEE CPU extension supported.
[    1.745757] Registering SWP/SWPB emulation handler
[    1.759692] vdd_ddr: supplied by vdd_5v_in
[    1.766481] vdd_5v_sata: supplied by vdd_5v_in
[    1.771265] usb1_vbus: supplied by vdd_5v_in
[    1.777871] usb3_vbus: supplied by vdd_5v_in
[    1.785231] sys_3v3,vdd_3v3_alw: supplied by vdd_5v_in
[    1.792976] +VDD_5V_HDMI: supplied by sys_3v3,vdd_3v3_alw
[    1.800618] sys_3v3_pexs: supplied by sys_3v3,vdd_3v3_alw
[    1.806707] tegra-pcie 3000.pcie-controller: 2x3 configuration
[    1.821521] tegra-pcie 3000.pcie-controller: probing port 0, using 2 lanes
[    1.884668] mmc1: new high speed MMC card at address 0001
[    1.886700] tegra-pcie 3000.pcie-controller: probing port 2, using 2 lanes
[    1.898817] mmcblk1: mmc1:0001 SEM16G 14.8 GiB 
[    1.905032] mmcblk1boot0: mmc1:0001 SEM16G partition 1 1.00 MiB
[    1.913039] mmcblk1boot1: mmc1:0001 SEM16G partition 2 1.00 MiB
[    1.920641] mmcblk1rpmb: mmc1:0001 SEM16G partition 3 128 KiB
[    1.930881] Primary GPT is invalid, using alternate GPT.
[    1.936204]  mmcblk1: p1 p2 p3 p4 p5
[    2.290565] tegra-pcie 3000.pcie-controller: link 2 down, retrying
[    2.700613] tegra-pcie 3000.pcie-controller: link 2 down, retrying
[    3.110606] tegra-pcie 3000.pcie-controller: link 2 down, retrying
[    3.118798] tegra-pcie 3000.pcie-controller: link 2 down, ignoring
[    3.125104] tegra-pcie 3000.pcie-controller: PCI host bridge to bus 0000:00
[    3.132066] pci_bus 0000:00: root bus resource [io  0x0000-0xffff]
[    3.138238] pci_bus 0000:00: root bus resource [mem 0x20000000-0x27ffffff]
[    3.145104] pci_bus 0000:00: root bus resource [mem 0x28000000-0x3fffffff pref]
[    3.152402] pci_bus 0000:00: root bus resource [bus 00-ff]
[    3.157901] pci 0000:00:01.0: [10de:0e1c] type 01 class 0x060400
[    3.163961] pci 0000:00:01.0: PME# supported from D0 D1 D2 D3hot D3cold
[    3.170725] PCI: bus0: Fast back to back transfers disabled
[    3.176299] pci 0000:00:01.0: bridge configuration invalid ([bus 00-00]), reconfiguring
[    3.184388] pci 0000:01:00.0: [10ec:8168] type 00 class 0x020000
[    3.190403] pci 0000:01:00.0: reg 0x10: [io  0x0000-0x00ff]
[    3.195982] pci 0000:01:00.0: reg 0x18: [mem 0x00000000-0x00000fff 64bit pref]
[    3.203202] pci 0000:01:00.0: reg 0x20: [mem 0x00000000-0x00003fff 64bit pref]
[    3.210482] pci 0000:01:00.0: supports D1 D2
[    3.214748] pci 0000:01:00.0: PME# supported from D0 D1 D2 D3hot D3cold
[    3.228571] PCI: bus1: Fast back to back transfers disabled
[    3.234142] pci_bus 0000:01: busn_res: [bus 01-ff] end is updated to 01
[    3.240810] pci 0000:00:01.0: BAR 9: assigned [mem 0x28000000-0x280fffff 64bit pref]
[    3.248546] pci 0000:00:01.0: BAR 7: assigned [io  0x1000-0x1fff]
[    3.254634] pci 0000:01:00.0: BAR 4: assigned [mem 0x28000000-0x28003fff 64bit pref]
[    3.262376] pci 0000:01:00.0: BAR 2: assigned [mem 0x28004000-0x28004fff 64bit pref]
[    3.270115] pci 0000:01:00.0: BAR 0: assigned [io  0x1000-0x10ff]
[    3.276203] pci 0000:00:01.0: PCI bridge to [bus 01]
[    3.281161] pci 0000:00:01.0:   bridge window [io  0x1000-0x1fff]
[    3.287247] pci 0000:00:01.0:   bridge window [mem 0x28000000-0x280fffff 64bit pref]
[    3.294992] pci 0000:00:01.0: nv_msi_ht_cap_quirk didn't locate host bridge
[    3.302044] pcieport 0000:00:01.0: enabling device (0140 -> 0143)
[    3.308271] pcieport 0000:00:01.0: Signaling PME through PCIe PME interrupt
[    3.315228] pci 0000:01:00.0: Signaling PME through PCIe PME interrupt
[    3.321747] pcie_pme 0000:00:01.0:pcie01: service driver pcie_pme loaded
[    3.328614] r8169 Gigabit Ethernet driver 2.3LK-NAPI loaded
[    3.334197] r8169 0000:01:00.0: enabling device (0140 -> 0143)
[    3.341334] r8169 0000:01:00.0 eth0: RTL8168evl/8111evl at 0xf09f2000, 02:04:4b:01:60:a6, XID 0c900800 IRQ 375
[    3.351336] r8169 0000:01:00.0 eth0: jumbo features [frames: 9200 bytes, tx checksumming: ko]
[    3.363470] [drm] Supports vblank timestamp caching Rev 2 (21.10.2013).
[    3.370088] [drm] No driver support for vblank timestamp query.
[    3.376034] drm drm: No connectors reported connected with modes
[    3.382039] [drm] Cannot find any crtc or sizes - going 1024x768
[    3.408064] Console: switching to colour frame buffer device 128x48
[    3.421018] drm drm: fb0:  frame buffer device
[    3.438549] [drm] Initialized tegra 0.0.0 20120330 on minor 0
[    3.449588] utmi_phy_clk_enable: timeout waiting for phy to stabilize
[    3.456055] tegra-ehci 7d004000.usb: EHCI Host Controller
[    3.461465] tegra-ehci 7d004000.usb: new USB bus registered, assigned bus number 1
[    3.469313] tegra-ehci 7d004000.usb: irq 343, io mem 0x7d004000
[    3.483563] tegra-ehci 7d004000.usb: USB 2.0 started, EHCI 1.00
[    3.490435] hub 1-0:1.0: USB hub found
[    3.494208] hub 1-0:1.0: 1 port detected
[    3.499253] tegra-ehci 7d008000.usb: EHCI Host Controller
[    3.504665] tegra-ehci 7d008000.usb: new USB bus registered, assigned bus number 2
[    3.512420] tegra-ehci 7d008000.usb: irq 344, io mem 0x7d008000
[    3.523567] tegra-ehci 7d008000.usb: USB 2.0 started, EHCI 1.00
[    3.530367] hub 2-0:1.0: USB hub found
[    3.534137] hub 2-0:1.0: 1 port detected
[    3.544473] tps65910-rtc tps65910-rtc: setting system clock to 2000-01-01 00:00:02 UTC (946684802)
[    3.558072] vdd_sata,avdd_plle: disabling
[    3.562912] usb1_vbus: disabling
[    3.568072] EXT4-fs (mmcblk1p1): mounting ext3 file system using the ext4 subsystem
[    3.630988] EXT4-fs (mmcblk1p1): warning: mounting fs with errors, running e2fsck is recommended
[    3.641250] EXT4-fs (mmcblk1p1): recovery complete
[    3.647231] EXT4-fs (mmcblk1p1): mounted filesystem with ordered data mode. Opts: (null)
[    3.655347] VFS: Mounted root (ext3 filesystem) on device 179:1.
[    3.665123] devtmpfs: mounted
[    3.670678] Freeing unused kernel memory: 2048K (c1100000 - c1300000)
bash: cannot set terminal process group (-1): Inappropriate ioctl for device
bash: no job control in this shell
root@(none):/# [    3.843577] usb 2-1: new high-speed USB device number 2 using tegra-ehci
