
U-Boot SPL 2014.01-00219-gc4d376f (Feb 18 2014 - 19:57:18)


U-Boot 2014.01-00219-gc4d376f (Feb 18 2014 - 19:57:18)

TEGRA30
Board: NVIDIA Beaver
I2C:   ready
DRAM:  2 GiB
MMC:   Tegra SD/MMC: 0, Tegra SD/MMC: 1
In:    serial
Out:   serial
Err:   serial
Net:   Net Initialization Skipped
No ethernet found.
Hit any key to stop autoboot:  2  0 
Tegra30 (Beaver) # 
Tegra30 (Beaver) # usb reset
(Re)start USB...
USB0:   USB EHCI 1.00
scanning bus 0 for devices... 2 USB Device(s) found
       scanning usb for storage devices... 0 Storage Device(s) found
       scanning usb for ethernet devices... 
Warning: asx0 using MAC address from net device
1 Ethernet Device(s) found
Tegra30 (Beaver) # setenv bootargs 'ignore_loglevel console=ttyS0,115200n8 rw root=PARTUUID=edbe1840-3633-c751-7993-b0ac834f81e0 rootwait gpt debug noinitrd earlyprintk init=/bin/bash'
Tegra30 (Beaver) # setenv ipaddr 192.168.100.101; setenv serverip 192.168.100.1; setenv tftpserverip 192.168.100.1
Tegra30 (Beaver) # tftpboot 0x81000000 zImage.multi_v7_defconfig
Using asx0 device
TFTP from server 192.168.100.1; our IP address is 192.168.100.101
Filename 'zImage.multi_v7_defconfig'.
Load address: 0x81000000
Loading: *#################################################################
	 #################################################################
	 #################################################################
	 #################################################################
	 #################################################################
	 #################################################################
	 #################################################################
	 #########################################################
	 3.1 MiB/s
done
Bytes transferred = 7509496 (7295f8 hex)
Tegra30 (Beaver) # tftpboot 0x82000000 tegra30-beaver.dtb
Using asx0 device
TFTP from server 192.168.100.1; our IP address is 192.168.100.101
Filename 'tegra30-beaver.dtb'.
Load address: 0x82000000
Loading: *####
	 3.3 MiB/s
done
Bytes transferred = 51804 (ca5c hex)
Tegra30 (Beaver) # bootz 0x81000000 - 0x82000000
Kernel image @ 0x81000000 [ 0x000000 - 0x7295f8 ]
## Flattened Device Tree blob at 82000000
   Booting using the fdt blob at 0x82000000
   Loading Device Tree to 8fff0000, end 8ffffa5b ... OK

Starting kernel ...

[    0.000000] Booting Linux on physical CPU 0x0
[    0.000000] Linux version 4.11.0-rc1-next-20170309-157496-g2e62da1 (pwalmsley@sellafield) (gcc version 4.7.3 20130328 (prerelease) (crosstool-NG linaro-1.13.1-4.7-2013.04-20130415 - Linaro GCC 2013.04) ) #1 SMP Fri Mar 17 10:11:16 PDT 2017
[    0.000000] CPU: ARMv7 Processor [412fc099] revision 9 (ARMv7), cr=10c5387d
[    0.000000] CPU: PIPT / VIPT nonaliasing data cache, VIPT aliasing instruction cache
[    0.000000] OF: fdt: Machine model: NVIDIA Tegra30 Beaver evaluation board
[    0.000000] debug: ignoring loglevel setting.
[    0.000000] efi: Getting EFI parameters from FDT:
[    0.000000] efi: UEFI not found.
[    0.000000] cma: Reserved 64 MiB at 0xfb800000
[    0.000000] Memory policy: Data cache writealloc
[    0.000000] On node 0 totalpages: 524032
[    0.000000] free_area_init_node: node 0, pgdat c15397c0, node_mem_map eeff8000
[    0.000000]   DMA zone: 1536 pages used for memmap
[    0.000000]   DMA zone: 0 pages reserved
[    0.000000]   DMA zone: 196608 pages, LIFO batch:31
[    0.000000]   HighMem zone: 327424 pages, LIFO batch:31
[    0.000000] percpu: Embedded 16 pages/cpu @eef8c000 s34368 r8192 d22976 u65536
[    0.000000] pcpu-alloc: s34368 r8192 d22976 u65536 alloc=16*4096
[    0.000000] pcpu-alloc: [0] 0 [0] 1 [0] 2 [0] 3 
[    0.000000] Built 1 zonelists in Zone order, mobility grouping on.  Total pages: 522496
[    0.000000] Kernel command line: ignore_loglevel console=ttyS0,115200n8 rw root=PARTUUID=edbe1840-3633-c751-7993-b0ac834f81e0 rootwait gpt debug noinitrd earlyprintk init=/bin/bash
[    0.000000] PID hash table entries: 4096 (order: 2, 16384 bytes)
[    0.000000] Dentry cache hash table entries: 131072 (order: 7, 524288 bytes)
[    0.000000] Inode-cache hash table entries: 65536 (order: 6, 262144 bytes)
[    0.000000] Memory: 1993816K/2096128K available (10240K kernel code, 1260K rwdata, 4228K rodata, 2048K init, 407K bss, 36776K reserved, 65536K cma-reserved, 1244160K highmem)
[    0.000000] Virtual kernel memory layout:
[    0.000000]     vector  : 0xffff0000 - 0xffff1000   (   4 kB)
[    0.000000]     fixmap  : 0xffc00000 - 0xfff00000   (3072 kB)
[    0.000000]     vmalloc : 0xf0800000 - 0xff800000   ( 240 MB)
[    0.000000]     lowmem  : 0xc0000000 - 0xf0000000   ( 768 MB)
[    0.000000]     pkmap   : 0xbfe00000 - 0xc0000000   (   2 MB)
[    0.000000]     modules : 0xbf000000 - 0xbfe00000   (  14 MB)
[    0.000000]       .text : 0xc0208000 - 0xc0d00000   (11232 kB)
[    0.000000]       .init : 0xc1200000 - 0xc1400000   (2048 kB)
[    0.000000]       .data : 0xc1400000 - 0xc153b120   (1261 kB)
[    0.000000]        .bss : 0xc153d000 - 0xc15a2cb8   ( 408 kB)
[    0.000000] SLUB: HWalign=64, Order=0-3, MinObjects=0, CPUs=4, Nodes=1
[    0.000000] Hierarchical RCU implementation.
[    0.000000] 	RCU debugfs-based tracing is enabled.
[    0.000000] 	RCU restricting CPUs from NR_CPUS=16 to nr_cpu_ids=4.
[    0.000000] RCU: Adjusting geometry for rcu_fanout_leaf=16, nr_cpu_ids=4
[    0.000000] NR_IRQS:16 nr_irqs:16 16
[    0.000000] /interrupt-controller@60004000: 160 interrupts forwarded to /interrupt-controller@50041000
[    0.000000] L2C: platform modifies aux control register: 0x02080000 -> 0x3e480001
[    0.000000] L2C: DT/platform modifies aux control register: 0x02080000 -> 0x3e480001
[    0.000000] L2C-310 erratum 769419 enabled
[    0.000000] L2C-310 enabling early BRESP for Cortex-A9
[    0.000000] L2C-310: enabling full line of zeros but not enabled in Cortex-A9
[    0.000000] L2C-310 dynamic clock gating enabled, standby mode enabled
[    0.000000] L2C-310 cache controller enabled, 8 ways, 1024 kB
[    0.000000] L2C-310: CACHE_ID 0x410000c7, AUX_CTRL 0x4e480001
[    0.000013] sched_clock: 32 bits at 1000kHz, resolution 1000ns, wraps every 2147483647500ns
[    0.000030] clocksource: timer_us: mask: 0xffffffff max_cycles: 0xffffffff, max_idle_ns: 1911260446275 ns
[    0.000039] Switching to timer-based delay loop, resolution 1000ns
[    0.002800] Console: colour dummy device 80x30
[    0.002828] Calibrating delay loop (skipped), value calculated using timer frequency.. 2.00 BogoMIPS (lpj=10000)
[    0.002838] pid_max: default: 32768 minimum: 301
[    0.002914] Mount-cache hash table entries: 2048 (order: 1, 8192 bytes)
[    0.002923] Mountpoint-cache hash table entries: 2048 (order: 1, 8192 bytes)
[    0.003297] CPU: Testing write buffer coherency: ok
[    0.003614] CPU0: thread -1, cpu 0, socket 0, mpidr 80000000
[    0.003772] Setting up static identity map for 0x80300000 - 0x80300098
[    0.006376] Tegra Revision: A03 SKU: 128 CPU Process: 4 SoC Process: 0
[    0.006867] EFI services will not be available.
[    0.007021] smp: Bringing up secondary CPUs ...
[    0.010372] CPU1: thread -1, cpu 1, socket 0, mpidr 80000001
[    0.020327] CPU2: thread -1, cpu 2, socket 0, mpidr 80000002
[    0.030324] CPU3: thread -1, cpu 3, socket 0, mpidr 80000003
[    0.030369] smp: Brought up 1 node, 4 CPUs
[    0.030382] SMP: Total of 4 processors activated (8.00 BogoMIPS).
[    0.030387] CPU: All CPU(s) started in SVC mode.
[    0.031073] devtmpfs: initialized
[    0.039537] VFP support v0.3: implementor 41 architecture 3 part 30 variant 9 rev 4
[    0.039999] clocksource: jiffies: mask: 0xffffffff max_cycles: 0xffffffff, max_idle_ns: 19112604462750000 ns
[    0.040019] futex hash table entries: 1024 (order: 4, 65536 bytes)
[    0.043366] pinctrl core: initialized pinctrl subsystem
[    0.045125] NET: Registered protocol family 16
[    0.047664] DMA: preallocated 256 KiB pool for atomic coherent allocations
[    0.049354] cpuidle: using governor menu
[    0.063816] No ATAGs?
[    0.063917] hw-breakpoint: found 5 (+1 reserved) breakpoint and 1 watchpoint registers.
[    0.063927] hw-breakpoint: maximum watchpoint size is 4 bytes.
[    0.067822] Serial: AMBA PL011 UART driver
[    0.068280] tegra-mc 7000f000.memory-controller: no memory timings for RAM code 3 registered
[    0.077335] AT91: Could not find identification node
[    0.077788] vdd_5v_sata: Failed to request enable GPIO30: -517
[    0.077802] reg-fixed-voltage regulators:regulator@3: Failed to register regulator: -517
[    0.077847] usb1_vbus: Failed to request enable GPIO238: -517
[    0.077855] reg-fixed-voltage regulators:regulator@4: Failed to register regulator: -517
[    0.077898] usb3_vbus: Failed to request enable GPIO236: -517
[    0.077905] reg-fixed-voltage regulators:regulator@5: Failed to register regulator: -517
[    0.077992] sys_3v3_pexs: Failed to request enable GPIO95: -517
[    0.077999] reg-fixed-voltage regulators:regulator@7: Failed to register regulator: -517
[    0.079877] vgaarb: loaded
[    0.080366] SCSI subsystem initialized
[    0.080502] libata version 3.00 loaded.
[    0.080650] usbcore: registered new interface driver usbfs
[    0.080683] usbcore: registered new interface driver hub
[    0.080717] usbcore: registered new device driver usb
[    0.087742] vrtc: supplied by vdd_5v_in
[    0.091065] vio: supplied by vdd_5v_in
[    0.101815] vdd1: supplied by vdd_5v_in
[    0.103171] vddio_ddr_1v2: Bringing 600000uV into 1200000-1200000uV
[    0.111826] vdd2: supplied by vdd_5v_in
[    0.131807] ldo1: supplied by vdd_1v5_gen
[    0.134189] ldo2: supplied by vdd_1v5_gen
[    0.134659] vdd_sata,avdd_plle: Bringing 1200000uV into 1050000-1050000uV
[    0.136890] ldo3: supplied by vdd_5v_in
[    0.139253] ldo4: supplied by vdd_5v_in
[    0.141810] ldo5: supplied by vdd_5v_in
[    0.151817] ldo6: supplied by vdd_1v8_gen
[    0.152286] avdd_dsi_csi,pwrdet_mipi: Bringing 1000000uV into 1200000-1200000uV
[    0.154542] ldo7: supplied by vdd_1v8_gen
[    0.161812] ldo8: supplied by vdd_1v8_gen
[    0.171915] pps_core: LinuxPPS API ver. 1 registered
[    0.171921] pps_core: Software ver. 5.3.6 - Copyright 2005-2007 Rodolfo Giometti <giometti@linux.it>
[    0.171934] PTP clock support registered
[    0.172070] EDAC MC: Ver: 3.0.0
[    0.173598] clocksource: Switched to clocksource timer_us
[    0.178795] NET: Registered protocol family 2
[    0.179178] TCP established hash table entries: 8192 (order: 3, 32768 bytes)
[    0.179231] TCP bind hash table entries: 8192 (order: 4, 65536 bytes)
[    0.179313] TCP: Hash tables configured (established 8192 bind 8192)
[    0.179431] UDP hash table entries: 512 (order: 2, 16384 bytes)
[    0.179493] UDP-Lite hash table entries: 512 (order: 2, 16384 bytes)
[    0.179659] NET: Registered protocol family 1
[    0.179967] RPC: Registered named UNIX socket transport module.
[    0.179974] RPC: Registered udp transport module.
[    0.179979] RPC: Registered tcp transport module.
[    0.179983] RPC: Registered tcp NFSv4.1 backchannel transport module.
[    0.179991] PCI: CLS 0 bytes, default 64
[    0.180757] hw perfevents: enabled with armv7_cortex_a9 PMU driver, 7 counters available
[    0.181983] workingset: timestamp_bits=30 max_order=19 bucket_order=0
[    0.186716] squashfs: version 4.0 (2009/01/31) Phillip Lougher
[    0.187128] NFS: Registering the id_resolver key type
[    0.187153] Key type id_resolver registered
[    0.187158] Key type id_legacy registered
[    0.187187] ntfs: driver 2.1.32 [Flags: R/O].
[    0.188218] bounce: pool size: 64 pages
[    0.188255] Block layer SCSI generic (bsg) driver version 0.4 loaded (major 248)
[    0.188264] io scheduler noop registered
[    0.188269] io scheduler deadline registered
[    0.188373] io scheduler cfq registered (default)
[    0.188379] io scheduler mq-deadline registered
[    0.194449] tegra30-pinctrl 70000868.pinmux: invalid group "sdmmc3_dat6_pd3" for function "rsvd1"
[    0.194464] tegra30-pinctrl 70000868.pinmux: invalid group "sdmmc3_dat7_pd4" for function "rsvd1"
[    0.194478] tegra30-pinctrl 70000868.pinmux: invalid group "vi_vsync_pd6" for function "rsvd1"
[    0.194487] tegra30-pinctrl 70000868.pinmux: invalid group "vi_hsync_pd7" for function "rsvd1"
[    0.194927] tegra30-pinctrl 70000868.pinmux: invalid group "hdmi_int_pn7" for function "rsvd1"
[    0.194970] tegra30-pinctrl 70000868.pinmux: invalid group "ulpi_data3_po4" for function "rsvd1"
[    0.195298] tegra30-pinctrl 70000868.pinmux: invalid group "vi_d10_pt2" for function "rsvd1"
[    0.195310] tegra30-pinctrl 70000868.pinmux: invalid group "vi_d11_pt3" for function "rsvd1"
[    0.195322] tegra30-pinctrl 70000868.pinmux: invalid group "vi_d0_pt4" for function "rsvd1"
[    0.195362] tegra30-pinctrl 70000868.pinmux: invalid group "pu0" for function "rsvd1"
[    0.195392] tegra30-pinctrl 70000868.pinmux: invalid group "pu3" for function "rsvd1"
[    0.195421] tegra30-pinctrl 70000868.pinmux: invalid group "pu6" for function "rsvd1"
[    0.195460] tegra30-pinctrl 70000868.pinmux: invalid group "pv3" for function "rsvd1"
[    0.195941] tegra30-pinctrl 70000868.pinmux: invalid group "pbb0" for function "rsvd1"
[    0.196053] tegra30-pinctrl 70000868.pinmux: invalid group "pcc1" for function "rsvd1"
[    0.201191] tegra-pcie 3000.pcie-controller: 2x3 configuration
[    0.201335] tegra-pcie 3000.pcie-controller: Failed to get supply 'hvdd-pex': -517
[    0.206761] tegra-apbdma 6000a000.dma: Tegra20 APB DMA driver register 32 channels
[    0.207901] tegra-pmc 7000e400.pmc: i2c-thermtrip node not found, emergency thermal reset disabled.
[    0.239556] Serial: 8250/16550 driver, 4 ports, IRQ sharing disabled
[    0.241692] console [ttyS0] disabled
[    0.241733] 70006000.serial: ttyS0 at MMIO 0x70006000 (irq = 331, base_baud = 25500000) is a Tegra
[    1.252155] console [ttyS0] enabled
[    1.256180] SuperH (H)SCI(F) driver initialized
[    1.261256] msm_serial: driver initialized
[    1.265471] STMicroelectronics ASC driver initialized
[    1.274678] tegra-hdmi 54280000.hdmi: failed to get HDMI regulator
[    1.289006] brd: module loaded
[    1.297792] loop: module loaded
[    1.306222] m25p80 spi32766.1: w25q32 (4096 Kbytes)
[    1.312924] libphy: Fixed MDIO Bus: probed
[    1.317730] CAN device driver interface
[    1.322098] bgmac_bcma: Broadcom 47xx GBit MAC driver loaded
[    1.328583] e1000e: Intel(R) PRO/1000 Network Driver - 3.2.6-k
[    1.334409] e1000e: Copyright(c) 1999 - 2015 Intel Corporation.
[    1.340347] igb: Intel(R) Gigabit Ethernet Network Driver - version 5.4.0-k
[    1.347299] igb: Copyright (c) 2007-2014 Intel Corporation.
[    1.354790] pegasus: v0.9.3 (2013/04/25), Pegasus/Pegasus II USB Ethernet driver
[    1.362215] usbcore: registered new interface driver pegasus
[    1.367897] usbcore: registered new interface driver asix
[    1.373300] usbcore: registered new interface driver ax88179_178a
[    1.379404] usbcore: registered new interface driver cdc_ether
[    1.385258] usbcore: registered new interface driver smsc75xx
[    1.391020] usbcore: registered new interface driver smsc95xx
[    1.396782] usbcore: registered new interface driver net1080
[    1.402448] usbcore: registered new interface driver cdc_subset
[    1.408379] usbcore: registered new interface driver zaurus
[    1.413976] usbcore: registered new interface driver cdc_ncm
[    1.420967] ehci_hcd: USB 2.0 'Enhanced' Host Controller (EHCI) Driver
[    1.427496] ehci-pci: EHCI PCI platform driver
[    1.431951] ehci-platform: EHCI generic platform driver
[    1.437288] ehci-orion: EHCI orion driver
[    1.441358] SPEAr-ehci: EHCI SPEAr driver
[    1.445451] ehci-st: EHCI STMicroelectronics driver
[    1.450389] ehci-exynos: EHCI EXYNOS driver
[    1.454655] ehci-atmel: EHCI Atmel driver
[    1.458724] tegra-ehci: Tegra EHCI driver
[    1.463007] ohci_hcd: USB 1.1 'Open' Host Controller (OHCI) Driver
[    1.469195] ohci-pci: OHCI PCI platform driver
[    1.473661] ohci-platform: OHCI generic platform driver
[    1.478972] ohci-omap3: OHCI OMAP3 driver
[    1.483042] SPEAr-ohci: OHCI SPEAr driver
[    1.487128] ohci-st: OHCI STMicroelectronics driver
[    1.492064] ohci-atmel: OHCI Atmel driver
[    1.496508] usbcore: registered new interface driver usb-storage
[    1.504969] tegra_rtc 7000e000.rtc: rtc core: registered 7000e000.rtc as rtc1
[    1.512132] tegra_rtc 7000e000.rtc: Tegra internal Real Time Clock
[    1.520989] random: fast init done
[    1.534289] tps65910-rtc tps65910-rtc: rtc core: registered tps65910-rtc as rtc0
[    1.541866] i2c /dev entries driver
[    1.553339] sdhci: Secure Digital Host Controller Interface driver
[    1.559533] sdhci: Copyright(c) Pierre Ossman
[    1.564789] Synopsys Designware Multimedia Card Interface Driver
[    1.571422] sdhci-pltfm: SDHCI platform and OF driver helper
[    1.577586] sdhci-tegra 78000000.sdhci: Got CD GPIO
[    1.582459] sdhci-tegra 78000000.sdhci: Got WP GPIO
[    1.588596] mmc0: Invalid maximum block size, assuming 512 bytes
[    1.653691] mmc0: SDHCI controller on 78000000.sdhci [78000000.sdhci] using ADMA
[    1.662278] mmc1: Invalid maximum block size, assuming 512 bytes
[    1.723602] mmc1: SDHCI controller on 78000600.sdhci [78000600.sdhci] using ADMA
[    1.732294] ledtrig-cpu: registered to indicate activity on CPUs
[    1.740531] usbcore: registered new interface driver usbhid
[    1.746104] usbhid: USB HID core driver
[    1.752247] NET: Registered protocol family 10
[    1.759369] Segment Routing with IPv6
[    1.763062] sit: IPv6, IPv4 and MPLS over IPv4 tunneling driver
[    1.769392] NET: Registered protocol family 17
[    1.773843] can: controller area network core (rev 20120528 abi 9)
[    1.780133] NET: Registered protocol family 29
[    1.784576] can: raw protocol (rev 20120528)
[    1.788833] can: broadcast manager protocol (rev 20161123 t)
[    1.794486] can: netlink gateway (rev 20130117) max_hops=1
[    1.800227] Key type dns_resolver registered
[    1.804912] ThumbEE CPU extension supported.
[    1.809173] Registering SWP/SWPB emulation handler
[    1.838967] vdd_ddr: supplied by vdd_5v_in
[    1.843932] vdd_5v_sata: supplied by vdd_5v_in
[    1.848681] usb1_vbus: supplied by vdd_5v_in
[    1.853242] usb3_vbus: supplied by vdd_5v_in
[    1.859957] sys_3v3,vdd_3v3_alw: supplied by vdd_5v_in
[    1.866686] sys_3v3_pexs: supplied by sys_3v3,vdd_3v3_alw
[    1.872222] +VDD_5V_HDMI: supplied by sys_3v3,vdd_3v3_alw
[    1.876930] mmc1: new high speed MMC card at address 0001
[    1.877215] mmc0: new ultra high speed DDR50 SDHC card at address aaaa
[    1.878238] mmcblk0: mmc0:aaaa SS04G 3.69 GiB 
[    1.878618] mmcblk1: mmc1:0001 SEM16G 14.8 GiB 
[    1.879969] mmcblk1boot0: mmc1:0001 SEM16G partition 1 1.00 MiB
[    1.880937] mmcblk1boot1: mmc1:0001 SEM16G partition 2 1.00 MiB
[    1.882272] mmcblk1rpmb: mmc1:0001 SEM16G partition 3 128 KiB
[    1.896013] Primary GPT is invalid, using alternate GPT.
[    1.896030]  mmcblk1: p1 p2 p3 p4 p5
[    1.911727]  mmcblk0: p1 p2 p3
[    1.928726] tegra-pcie 3000.pcie-controller: 2x3 configuration
[    1.938176] tegra-pcie 3000.pcie-controller: probing port 0, using 2 lanes
[    2.003316] tegra-pcie 3000.pcie-controller: probing port 2, using 2 lanes
[    2.413379] tegra-pcie 3000.pcie-controller: link 2 down, retrying
[    2.823338] tegra-pcie 3000.pcie-controller: link 2 down, retrying
[    3.233289] tegra-pcie 3000.pcie-controller: link 2 down, retrying
[    3.241480] tegra-pcie 3000.pcie-controller: link 2 down, ignoring
[    3.247770] tegra-pcie 3000.pcie-controller: PCI host bridge to bus 0000:00
[    3.254731] pci_bus 0000:00: root bus resource [io  0x0000-0xffff]
[    3.260896] pci_bus 0000:00: root bus resource [mem 0x20000000-0x27ffffff]
[    3.267762] pci_bus 0000:00: root bus resource [mem 0x28000000-0x3fffffff pref]
[    3.275062] pci_bus 0000:00: root bus resource [bus 00-ff]
[    3.280555] pci 0000:00:01.0: [10de:0e1c] type 01 class 0x060400
[    3.286578] pci_bus 0000:00: 2-byte config write to 0000:00:01.0 offset 0x88 may corrupt adjacent RW1C bits
[    3.296334] pci_bus 0000:00: 2-byte config write to 0000:00:01.0 offset 0x52 may corrupt adjacent RW1C bits
[    3.306078] pci 0000:00:01.0: PME# supported from D0 D1 D2 D3hot D3cold
[    3.312677] pci_bus 0000:00: 2-byte config write to 0000:00:01.0 offset 0x4c may corrupt adjacent RW1C bits
[    3.322550] pci_bus 0000:00: 2-byte config write to 0000:00:01.0 offset 0x3e may corrupt adjacent RW1C bits
[    3.332281] pci_bus 0000:00: 2-byte config write to 0000:00:01.0 offset 0x4 may corrupt adjacent RW1C bits
[    3.341921] pci_bus 0000:00: 1-byte config write to 0000:00:01.0 offset 0xc may corrupt adjacent RW1C bits
[    3.351558] PCI: bus0: Fast back to back transfers disabled
[    3.357124] pci 0000:00:01.0: bridge configuration invalid ([bus 00-00]), reconfiguring
[    3.365117] pci_bus 0000:00: 2-byte config write to 0000:00:01.0 offset 0x3e may corrupt adjacent RW1C bits
[    3.374844] pci_bus 0000:00: 2-byte config write to 0000:00:01.0 offset 0x3e may corrupt adjacent RW1C bits
[    3.384570] pci_bus 0000:00: 2-byte config write to 0000:00:01.0 offset 0x3e may corrupt adjacent RW1C bits
[    3.394296] pci_bus 0000:00: 2-byte config write to 0000:00:01.0 offset 0x6 may corrupt adjacent RW1C bits
[    3.404039] pci 0000:01:00.0: [10ec:8168] type 00 class 0x020000
[    3.410045] pci 0000:01:00.0: reg 0x10: [io  0x0000-0x00ff]
[    3.415631] pci 0000:01:00.0: reg 0x18: [mem 0x00000000-0x00000fff 64bit pref]
[    3.422844] pci 0000:01:00.0: reg 0x20: [mem 0x00000000-0x00003fff 64bit pref]
[    3.430131] pci 0000:01:00.0: supports D1 D2
[    3.434397] pci 0000:01:00.0: PME# supported from D0 D1 D2 D3hot D3cold
[    3.463627] PCI: bus1: Fast back to back transfers disabled
[    3.469188] pci_bus 0000:01: busn_res: [bus 01-ff] end is updated to 01
[    3.475855] pci 0000:00:01.0: BAR 9: assigned [mem 0x28000000-0x280fffff 64bit pref]
[    3.483591] pci 0000:00:01.0: BAR 7: assigned [io  0x1000-0x1fff]
[    3.489672] pci 0000:01:00.0: BAR 4: assigned [mem 0x28000000-0x28003fff 64bit pref]
[    3.497418] pci 0000:01:00.0: BAR 2: assigned [mem 0x28004000-0x28004fff 64bit pref]
[    3.505162] pci 0000:01:00.0: BAR 0: assigned [io  0x1000-0x10ff]
[    3.511243] pci 0000:00:01.0: PCI bridge to [bus 01]
[    3.516203] pci 0000:00:01.0:   bridge window [io  0x1000-0x1fff]
[    3.522282] pci 0000:00:01.0:   bridge window [mem 0x28000000-0x280fffff 64bit pref]
[    3.530031] pci 0000:00:01.0: nv_msi_ht_cap_quirk didn't locate host bridge
[    3.537040] pcieport 0000:00:01.0: enabling device (0140 -> 0143)
[    3.543322] pcieport 0000:00:01.0: Signaling PME with IRQ 374
[    3.549280] r8169 Gigabit Ethernet driver 2.3LK-NAPI loaded
[    3.554871] r8169 0000:01:00.0: enabling device (0140 -> 0143)
[    3.561623] r8169 0000:01:00.0 eth0: RTL8168evl/8111evl at 0xf0b01000, 02:04:4b:01:60:a6, XID 0c900800 IRQ 375
[    3.571625] r8169 0000:01:00.0 eth0: jumbo features [frames: 9200 bytes, tx checksumming: ko]
[    3.583409] [drm] Supports vblank timestamp caching Rev 2 (21.10.2013).
[    3.590027] [drm] No driver support for vblank timestamp query.
[    3.595973] [drm] Cannot find any crtc or sizes - going 1024x768
[    3.622564] Console: switching to colour frame buffer device 128x48
[    3.635090] drm drm: fb0:  frame buffer device
[    3.639582] [drm] Initialized tegra 0.0.0 20120330 for drm on minor 0
[    3.651532] utmi_phy_clk_enable: timeout waiting for phy to stabilize
[    3.658027] tegra-ehci 7d004000.usb: EHCI Host Controller
[    3.663432] tegra-ehci 7d004000.usb: new USB bus registered, assigned bus number 1
[    3.671247] tegra-ehci 7d004000.usb: irq 343, io mem 0x7d004000
[    3.703999] tegra-ehci 7d004000.usb: USB 2.0 started, EHCI 1.00
[    3.711273] hub 1-0:1.0: USB hub found
[    3.715046] hub 1-0:1.0: 1 port detected
[    3.720176] tegra-ehci 7d008000.usb: EHCI Host Controller
[    3.725591] tegra-ehci 7d008000.usb: new USB bus registered, assigned bus number 2
[    3.733329] tegra-ehci 7d008000.usb: irq 344, io mem 0x7d008000
[    3.763992] tegra-ehci 7d008000.usb: USB 2.0 started, EHCI 1.00
[    3.771159] hub 2-0:1.0: USB hub found
[    3.774928] hub 2-0:1.0: 1 port detected
[    3.785241] tps65910-rtc tps65910-rtc: setting system clock to 2000-01-01 00:00:02 UTC (946684802)
[    3.794870] vdd_sata,avdd_plle: disabling
[    3.799610] usb1_vbus: disabling
[    3.804794] EXT4-fs (mmcblk1p1): mounting ext3 file system using the ext4 subsystem
[    3.819826] EXT4-fs (mmcblk1p1): warning: mounting fs with errors, running e2fsck is recommended
[    3.830039] EXT4-fs (mmcblk1p1): recovery complete
[    3.834839] EXT4-fs (mmcblk1p1): mounted filesystem with ordered data mode. Opts: (null)
[    3.842937] VFS: Mounted root (ext3 filesystem) on device 179:1.
[    3.853089] devtmpfs: mounted
[    3.858504] Freeing unused kernel memory: 2048K
bash: cannot set terminal process group (-1): Inappropriate ioctl for device
bash: no job control in this shell
root@(none):/# [    4.134009] usb 2-1: new high-speed USB device number 2 using tegra-ehci
[    4.811291] asix 2-1:1.0 eth1: register 'asix' at usb-7d008000.usb-1, ASIX AX88772 USB 2.0 Ethernet, 00:50:b6:0f:67:60
mount -t sysfs none /sys
root@(none):/# 
root@(none):/# mount -t debugfs none /sys/kernel/debug
root@(none):/# 
root@(none):/# rtcwake -d rtc1 -m mem -s 3
rtcwake: wakeup from "mem" using /dev/rtc1 at Thu Jan  1 00:00:22 1970
[    7.481679] PM: Syncing filesystems ... done.
[    7.493458] Freezing user space processes ... (elapsed 0.001 seconds) done.
[    7.501543] Freezing remaining freezable tasks ... (elapsed 0.001 seconds) done.
[    7.510174] Suspending console(s) (use no_console_suspend to debug)
[    7.598329] PM: suspend of devices complete after 81.052 msecs
[    7.599286] PM: late suspend of devices complete after 0.948 msecs
[    7.624338] PM: noirq suspend of devices complete after 25.044 msecs
[    7.624342] Disabling non-boot CPUs ...
[    7.676732] IRQ17 no longer affine to CPU2
[    7.785337] Entering suspend state LP1
[    7.785337] Suspended for 3.158 seconds
[    7.785351] Enabling non-boot CPUs ...
[    7.815518] CPU1 is up
[    7.855642] CPU2 is up
[    7.895887] CPU3 is up
[    7.896667] pcieport 0000:00:01.0: nv_msi_ht_cap_quirk didn't locate host bridge
[    7.923664] PM: noirq resume of devices complete after 27.767 msecs
[    7.925950] PM: early resume of devices complete after 1.853 msecs
[    8.476990] PM: resume of devices complete after 551.030 msecs
[    8.548220] Restarting tasks ... done.
root@(none):/# 
root@(none):/# rtcwake -d rtc1 -m mem -s 3
rtcwake: wakeup from "mem" using /dev/rtc1 at Thu Jan  1 00:00:27 1970
[    9.396415] PM: Syncing filesystems ... done.
[    9.409088] Freezing user space processes ... (elapsed 0.001 seconds) done.
[    9.417192] Freezing remaining freezable tasks ... (elapsed 0.001 seconds) done.
[    9.425803] Suspending console(s) (use no_console_suspend to debug)
[    9.464873] pci_generic_config_write32: 63 callbacks suppressed
[    9.464886] pci_bus 0000:00: 2-byte config write to 0000:00:01.0 offset 0x9c may corrupt adjacent RW1C bits
[    9.507889] PM: suspend of devices complete after 75.062 msecs
[    9.508849] PM: late suspend of devices complete after 0.952 msecs
[    9.509267] pci_bus 0000:01: 2-byte config write to 0000:01:00.0 offset 0x44 may corrupt adjacent RW1C bits
[    9.509282] pci_bus 0000:01: 2-byte config write to 0000:01:00.0 offset 0x44 may corrupt adjacent RW1C bits
[    9.534315] PM: noirq suspend of devices complete after 25.460 msecs
[    9.534318] Disabling non-boot CPUs ...
[    9.534676] IRQ17 no longer affine to CPU1
[    9.665153] Entering suspend state LP1
[    9.665153] Suspended for 3.120 seconds
[    9.665173] Enabling non-boot CPUs ...
[    9.696242] CPU1 is up
[    9.736037] CPU2 is up
[    9.776205] CPU3 is up
[    9.777114] pci_bus 0000:00: 2-byte config write to 0000:00:01.0 offset 0x4c may corrupt adjacent RW1C bits
[    9.777129] pci_bus 0000:00: 2-byte config write to 0000:00:01.0 offset 0x88 may corrupt adjacent RW1C bits
[    9.777135] pci_bus 0000:00: 2-byte config write to 0000:00:01.0 offset 0x90 may corrupt adjacent RW1C bits
[    9.777140] pci_bus 0000:00: 2-byte config write to 0000:00:01.0 offset 0x98 may corrupt adjacent RW1C bits
[    9.777147] pci_bus 0000:00: 2-byte config write to 0000:00:01.0 offset 0x9c may corrupt adjacent RW1C bits
[    9.777168] pci_bus 0000:00: 2-byte config write to 0000:00:01.0 offset 0x52 may corrupt adjacent RW1C bits
[    9.777174] pci_bus 0000:00: 2-byte config write to 0000:00:01.0 offset 0x52 may corrupt adjacent RW1C bits
[    9.777202] pcieport 0000:00:01.0: nv_msi_ht_cap_quirk didn't locate host bridge
[    9.813722] PM: noirq resume of devices complete after 37.505 msecs
[    9.815638] PM: early resume of devices complete after 1.395 msecs
[   10.376086] PM: resume of devices complete after 560.436 msecs
[   10.550712] Restarting tasks ... done.
root@(none):/# 
root@(none):/# rtcwake -d rtc1 -m mem -s 3
rtcwake: wakeup from "mem" using /dev/rtc1 at Thu Jan  1 00:00:32 1970
[   11.282041] PM: Syncing filesystems ... done.
[   11.296664] Freezing user space processes ... (elapsed 0.001 seconds) done.
[   11.304806] Freezing remaining freezable tasks ... (elapsed 0.001 seconds) done.
[   11.313456] Suspending console(s) (use no_console_suspend to debug)
[   11.399063] PM: suspend of devices complete after 78.338 msecs
[   11.402388] PM: late suspend of devices complete after 3.315 msecs
[   11.424394] PM: noirq suspend of devices complete after 21.997 msecs
[   11.424398] Disabling non-boot CPUs ...
[   11.424854] IRQ17 no longer affine to CPU1
[   11.565596] Entering suspend state LP1
[   11.565596] Suspended for 3.099 seconds
[   11.565614] Enabling non-boot CPUs ...
[   11.596241] CPU1 is up
[   11.636039] CPU2 is up
[   11.676216] CPU3 is up
[   11.677171] pcieport 0000:00:01.0: nv_msi_ht_cap_quirk didn't locate host bridge
[   11.703603] PM: noirq resume of devices complete after 27.372 msecs
[   11.705566] PM: early resume of devices complete after 1.436 msecs
[   12.265481] PM: resume of devices complete after 559.903 msecs
[   12.337045] Restarting tasks ... done.
root@(none):/# 
root@(none):/# rtcwake -d rtc1 -m mem -s 3
rtcwake: wakeup from "mem" using /dev/rtc1 at Thu Jan  1 00:00:37 1970
[   13.181973] PM: Syncing filesystems ... done.
[   13.196596] Freezing user space processes ... (elapsed 0.001 seconds) done.
[   13.204742] Freezing remaining freezable tasks ... (elapsed 0.001 seconds) done.
[   13.213404] Suspending console(s) (use no_console_suspend to debug)
[   13.299034] PM: suspend of devices complete after 78.356 msecs
[   13.302837] PM: late suspend of devices complete after 3.794 msecs
[   13.334371] PM: noirq suspend of devices complete after 31.522 msecs
[   13.334375] Disabling non-boot CPUs ...
[   13.334831] IRQ17 no longer affine to CPU1
[   13.495565] Entering suspend state LP1
[   13.495565] Suspended for 3.069 seconds
[   13.495584] Enabling non-boot CPUs ...
[   13.526265] CPU1 is up
[   13.565988] CPU2 is up
[   13.606208] CPU3 is up
[   13.607162] pcieport 0000:00:01.0: nv_msi_ht_cap_quirk didn't locate host bridge
[   13.633549] PM: noirq resume of devices complete after 27.330 msecs
[   13.636385] PM: early resume of devices complete after 2.324 msecs
[   14.188403] PM: resume of devices complete after 552.004 msecs
[   14.259938] Restarting tasks ... done.
root@(none):/# 
root@(none):/# rtcwake -d rtc1 -m mem -s 3
rtcwake: wakeup from "mem" using /dev/rtc1 at Thu Jan  1 00:00:42 1970
[   15.110469] PM: Syncing filesystems ... done.
[   15.124583] Freezing user space processes ... (elapsed 0.001 seconds) done.
[   15.132714] Freezing remaining freezable tasks ... (elapsed 0.001 seconds) done.
[   15.141375] Suspending console(s) (use no_console_suspend to debug)
[   15.184668] pci_generic_config_write32: 65 callbacks suppressed
[   15.184685] pci_bus 0000:00: 2-byte config write to 0000:00:01.0 offset 0x9c may corrupt adjacent RW1C bits
[   15.227473] PM: suspend of devices complete after 78.820 msecs
[   15.229196] PM: late suspend of devices complete after 1.713 msecs
[   15.229746] pci_bus 0000:01: 2-byte config write to 0000:01:00.0 offset 0x44 may corrupt adjacent RW1C bits
[   15.229766] pci_bus 0000:01: 2-byte config write to 0000:01:00.0 offset 0x44 may corrupt adjacent RW1C bits
[   15.254348] PM: noirq suspend of devices complete after 25.141 msecs
[   15.254353] Disabling non-boot CPUs ...
[   15.327475] IRQ17 no longer affine to CPU2
[   15.435271] Entering suspend state LP1
[   15.435271] Suspended for 3.060 seconds
[   15.435287] Enabling non-boot CPUs ...
[   15.465702] CPU1 is up
[   15.505900] CPU2 is up
[   15.546164] CPU3 is up
[   15.547076] pci_bus 0000:00: 2-byte config write to 0000:00:01.0 offset 0x4c may corrupt adjacent RW1C bits
[   15.547095] pci_bus 0000:00: 2-byte config write to 0000:00:01.0 offset 0x88 may corrupt adjacent RW1C bits
[   15.547100] pci_bus 0000:00: 2-byte config write to 0000:00:01.0 offset 0x90 may corrupt adjacent RW1C bits
[   15.547107] pci_bus 0000:00: 2-byte config write to 0000:00:01.0 offset 0x98 may corrupt adjacent RW1C bits
[   15.547114] pci_bus 0000:00: 2-byte config write to 0000:00:01.0 offset 0x9c may corrupt adjacent RW1C bits
[   15.547140] pci_bus 0000:00: 2-byte config write to 0000:00:01.0 offset 0x52 may corrupt adjacent RW1C bits
[   15.547150] pci_bus 0000:00: 2-byte config write to 0000:00:01.0 offset 0x52 may corrupt adjacent RW1C bits
[   15.547177] pcieport 0000:00:01.0: nv_msi_ht_cap_quirk didn't locate host bridge
[   15.573526] PM: noirq resume of devices complete after 27.352 msecs
[   15.576291] PM: early resume of devices complete after 2.441 msecs
[   16.136476] PM: resume of devices complete after 560.173 msecs
[   16.311094] Restarting tasks ... done.
root@(none):/# 
root@(none):/# rtcwake -d rtc1 -m mem -s 3
rtcwake: wakeup from "mem" using /dev/rtc1 at Thu Jan  1 00:00:47 1970
[   17.051413] PM: Syncing filesystems ... done.
[   17.065555] Freezing user space processes ... (elapsed 0.001 seconds) done.
[   17.073704] Freezing remaining freezable tasks ... (elapsed 0.001 seconds) done.
[   17.082363] Suspending console(s) (use no_console_suspend to debug)
[   17.166433] PM: suspend of devices complete after 76.793 msecs
[   17.168189] PM: late suspend of devices complete after 1.744 msecs
[   17.194301] PM: noirq suspend of devices complete after 26.103 msecs
[   17.194307] Disabling non-boot CPUs ...
[   17.194764] IRQ17 no longer affine to CPU1
[   17.355278] Entering suspend state LP1
[   17.355278] Suspended for 3.079 seconds
[   17.355294] Enabling non-boot CPUs ...
[   17.385659] CPU1 is up
[   17.425844] CPU2 is up
[   17.466085] CPU3 is up
[   17.467017] pcieport 0000:00:01.0: nv_msi_ht_cap_quirk didn't locate host bridge
[   17.493496] PM: noirq resume of devices complete after 27.399 msecs
[   17.495943] PM: early resume of devices complete after 1.945 msecs
[   18.050649] PM: resume of devices complete after 554.694 msecs
[   18.122233] Restarting tasks ... done.
root@(none):/# 
root@(none):/# rtcwake -d rtc1 -m mem -s 3
rtcwake: wakeup from "mem" using /dev/rtc1 at Thu Jan  1 00:00:52 1970
[   18.971964] PM: Syncing filesystems ... done.
[   18.986582] Freezing user space processes ... (elapsed 0.001 seconds) done.
[   18.994726] Freezing remaining freezable tasks ... (elapsed 0.001 seconds) done.
[   19.003406] Suspending console(s) (use no_console_suspend to debug)
[   19.089423] PM: suspend of devices complete after 78.754 msecs
[   19.092206] PM: late suspend of devices complete after 2.771 msecs
[   19.114279] PM: noirq suspend of devices complete after 22.063 msecs
[   19.114284] Disabling non-boot CPUs ...
[   19.114749] IRQ17 no longer affine to CPU1
[   19.245341] Entering suspend state LP1
[   19.245341] Suspended for 3.109 seconds
[   19.245361] Enabling non-boot CPUs ...
[   19.276032] CPU1 is up
[   19.315839] CPU2 is up
[   19.356038] CPU3 is up
[   19.356988] pcieport 0000:00:01.0: nv_msi_ht_cap_quirk didn't locate host bridge
[   19.383458] PM: noirq resume of devices complete after 27.408 msecs
[   19.385939] PM: early resume of devices complete after 1.981 msecs
[   19.944907] PM: resume of devices complete after 558.954 msecs
[   20.016505] Restarting tasks ... done.
root@(none):/# 
root@(none):/# rtcwake -d rtc1 -m mem -s 3
rtcwake: wakeup from "mem" using /dev/rtc1 at Thu Jan  1 00:00:57 1970
[   20.861804] PM: Syncing filesystems ... done.
[   20.876398] Freezing user space processes ... (elapsed 0.001 seconds) done.
[   20.884547] Freezing remaining freezable tasks ... (elapsed 0.001 seconds) done.
[   20.893200] Suspending console(s) (use no_console_suspend to debug)
[   20.935077] pci_generic_config_write32: 65 callbacks suppressed
[   20.935095] pci_bus 0000:00: 2-byte config write to 0000:00:01.0 offset 0x9c may corrupt adjacent RW1C bits
[   20.978423] PM: suspend of devices complete after 77.946 msecs
[   20.982693] PM: late suspend of devices complete after 4.260 msecs
[   20.983222] pci_bus 0000:01: 2-byte config write to 0000:01:00.0 offset 0x44 may corrupt adjacent RW1C bits
[   20.983239] pci_bus 0000:01: 2-byte config write to 0000:01:00.0 offset 0x44 may corrupt adjacent RW1C bits
[   21.004264] PM: noirq suspend of devices complete after 21.561 msecs
[   21.004268] Disabling non-boot CPUs ...
[   21.004722] IRQ17 no longer affine to CPU1
[   21.135411] Entering suspend state LP1
[   21.135411] Suspended for 3.109 seconds
[   21.135431] Enabling non-boot CPUs ...
[   21.166100] CPU1 is up
[   21.205838] CPU2 is up
[   21.246093] CPU3 is up
[   21.246995] pci_bus 0000:00: 2-byte config write to 0000:00:01.0 offset 0x4c may corrupt adjacent RW1C bits
[   21.247008] pci_bus 0000:00: 2-byte config write to 0000:00:01.0 offset 0x88 may corrupt adjacent RW1C bits
[   21.247016] pci_bus 0000:00: 2-byte config write to 0000:00:01.0 offset 0x90 may corrupt adjacent RW1C bits
[   21.247021] pci_bus 0000:00: 2-byte config write to 0000:00:01.0 offset 0x98 may corrupt adjacent RW1C bits
[   21.247027] pci_bus 0000:00: 2-byte config write to 0000:00:01.0 offset 0x9c may corrupt adjacent RW1C bits
[   21.247049] pci_bus 0000:00: 2-byte config write to 0000:00:01.0 offset 0x52 may corrupt adjacent RW1C bits
[   21.247057] pci_bus 0000:00: 2-byte config write to 0000:00:01.0 offset 0x52 may corrupt adjacent RW1C bits
[   21.247087] pcieport 0000:00:01.0: nv_msi_ht_cap_quirk didn't locate host bridge
[   21.273427] PM: noirq resume of devices complete after 27.322 msecs
[   21.276415] PM: early resume of devices complete after 2.468 msecs
[   21.835341] PM: resume of devices complete after 558.912 msecs
[   22.010022] Restarting tasks ... done.
root@(none):/# 
root@(none):/# rtcwake -d rtc1 -m mem -s 3
rtcwake: wakeup from "mem" using /dev/rtc1 at Thu Jan  1 00:01:02 1970
[   22.751824] PM: Syncing filesystems ... done.
[   22.766422] Freezing user space processes ... (elapsed 0.001 seconds) done.
[   22.774578] Freezing remaining freezable tasks ... (elapsed 0.001 seconds) done.
[   22.783245] Suspending console(s) (use no_console_suspend to debug)
[   22.868845] PM: suspend of devices complete after 78.331 msecs
[   22.870065] PM: late suspend of devices complete after 1.208 msecs
[   22.894209] PM: noirq suspend of devices complete after 24.135 msecs
[   22.894214] Disabling non-boot CPUs ...
[   22.894659] IRQ17 no longer affine to CPU1
[   23.055395] Entering suspend state LP1
[   23.055395] Suspended for 3.079 seconds
[   23.055413] Enabling non-boot CPUs ...
[   23.086017] CPU1 is up
[   23.125857] CPU2 is up
[   23.166017] CPU3 is up
[   23.166980] pcieport 0000:00:01.0: nv_msi_ht_cap_quirk didn't locate host bridge
[   23.193393] PM: noirq resume of devices complete after 27.364 msecs
[   23.195447] PM: early resume of devices complete after 1.524 msecs
[   23.749894] PM: resume of devices complete after 554.436 msecs
[   23.821453] Restarting tasks ... done.
root@(none):/# 
root@(none):/# rtcwake -d rtc1 -m mem -s 3
rtcwake: wakeup from "mem" using /dev/rtc1 at Thu Jan  1 00:01:07 1970
[   24.670739] PM: Syncing filesystems ... done.
[   24.685345] Freezing user space processes ... (elapsed 0.001 seconds) done.
[   24.693498] Freezing remaining freezable tasks ... (elapsed 0.001 seconds) done.
[   24.702157] Suspending console(s) (use no_console_suspend to debug)
[   24.788787] PM: suspend of devices complete after 79.369 msecs
[   24.791039] PM: late suspend of devices complete after 2.240 msecs
[   24.814159] PM: noirq suspend of devices complete after 23.110 msecs
[   24.814165] Disabling non-boot CPUs ...
[   24.814621] IRQ17 no longer affine to CPU1
[   24.945379] Entering suspend state LP1
[   24.945379] Suspended for 3.109 seconds
[   24.945399] Enabling non-boot CPUs ...
[   24.976056] CPU1 is up
[   25.015785] CPU2 is up
[   25.056050] CPU3 is up
[   25.057001] pcieport 0000:00:01.0: nv_msi_ht_cap_quirk didn't locate host bridge
[   25.093380] PM: noirq resume of devices complete after 37.320 msecs
[   25.095661] PM: early resume of devices complete after 1.926 msecs
[   25.655804] PM: resume of devices complete after 560.131 msecs
[   25.727281] Restarting tasks ... done.
root@(none):/# 
root@(none):/# NVTB SYSTEM SUSPEND TEST COMPLETE
