[    0.000000] Booting Linux on physical CPU 0x0000000000 [0x411fd070]
[    0.000000] Linux version 4.14.0-rc8-next-20171109-332435-g5515cf16e270 (jonathanh@tamien) (gcc version 4.9.2 20140904 (prerelease) (crosstool-NG linaro-1.13.1-4.9-2014.09 - Linaro GCC 4.9-2014.09)) #1 SMP PREEMPT Thu Nov 9 03:03:47 PST 2017
[    0.000000] Machine model: linux,dummy-virt
[    0.000000] Memory limited to 1024MB
[    0.000000] efi: Getting EFI parameters from FDT:
[    0.000000] efi: UEFI not found.
[    0.000000] cma: Reserved 16 MiB at 0x000000007f000000
[    0.000000] NUMA: No NUMA configuration found
[    0.000000] NUMA: Faking a node at [mem 0x0000000000000000-0x000000007fffffff]
[    0.000000] NUMA: NODE_DATA [mem 0x7efeb000-0x7efecaff]
[    0.000000] Zone ranges:
[    0.000000]   DMA      [mem 0x0000000040000000-0x000000007fffffff]
[    0.000000]   Normal   empty
[    0.000000] Movable zone start for each node
[    0.000000] Early memory node ranges
[    0.000000]   node   0: [mem 0x0000000040000000-0x000000007fffffff]
[    0.000000] Initmem setup node 0 [mem 0x0000000040000000-0x000000007fffffff]
[    0.000000] psci: probing for conduit method from DT.
[    0.000000] psci: PSCIv0.2 detected in firmware.
[    0.000000] psci: Using standard PSCI v0.2 function IDs
[    0.000000] psci: Trusted OS migration not required
[    0.000000] random: fast init done
[    0.000000] percpu: Embedded 23 pages/cpu @ffff80003efcd000 s55936 r8192 d30080 u94208
[    0.000000] Detected PIPT I-cache on CPU0
[    0.000000] CPU features: enabling workaround for ARM erratum 832075
[    0.000000] CPU features: enabling workaround for ARM erratum 834220
[    0.000000] Built 1 zonelists, mobility grouping on.  Total pages: 258048
[    0.000000] Policy zone: DMA
[    0.000000] Kernel command line: root=/dev/vda2 rw rootwait mem=1024M console=ttyAMA0,38400n8 init=/bin/bash
[    0.000000] Memory: 998744K/1048576K available (9404K kernel code, 1148K rwdata, 4716K rodata, 1088K init, 395K bss, 33448K reserved, 16384K cma-reserved)
[    0.000000] Virtual kernel memory layout:
[    0.000000]     modules : 0xffff000000000000 - 0xffff000008000000   (   128 MB)
[    0.000000]     vmalloc : 0xffff000008000000 - 0xffff7dffbfff0000   (129022 GB)
[    0.000000]       .text : 0xffff000008080000 - 0xffff0000089b0000   (  9408 KB)
[    0.000000]     .rodata : 0xffff0000089b0000 - 0xffff000008e50000   (  4736 KB)
[    0.000000]       .init : 0xffff000008e50000 - 0xffff000008f60000   (  1088 KB)
[    0.000000]       .data : 0xffff000008f60000 - 0xffff00000907f200   (  1149 KB)
[    0.000000]        .bss : 0xffff00000907f200 - 0xffff0000090e1f60   (   396 KB)
[    0.000000]     fixed   : 0xffff7dfffe7fb000 - 0xffff7dfffec00000   (  4116 KB)
[    0.000000]     PCI I/O : 0xffff7dfffee00000 - 0xffff7dffffe00000   (    16 MB)
[    0.000000]     vmemmap : 0xffff7e0000000000 - 0xffff800000000000   (  2048 GB maximum)
[    0.000000]               0xffff7e0000000000 - 0xffff7e0001000000   (    16 MB actual)
[    0.000000]     memory  : 0xffff800000000000 - 0xffff800040000000   (  1024 MB)
[    0.000000] SLUB: HWalign=64, Order=0-3, MinObjects=0, CPUs=1, Nodes=1
[    0.000000] Preemptible hierarchical RCU implementation.
[    0.000000] 	RCU restricting CPUs from NR_CPUS=64 to nr_cpu_ids=1.
[    0.000000] 	Tasks RCU enabled.
[    0.000000] RCU: Adjusting geometry for rcu_fanout_leaf=16, nr_cpu_ids=1
[    0.000000] NR_IRQS: 64, nr_irqs: 64, preallocated irqs: 0
[    0.000000] GICv2m: range[mem 0x08020000-0x08020fff], SPI[80:143]
[    0.000000] arch_timer: cp15 timer(s) running at 62.50MHz (virt).
[    0.000000] clocksource: arch_sys_counter: mask: 0xffffffffffffff max_cycles: 0x1cd42e208c, max_idle_ns: 881590405314 ns
[    0.000178] sched_clock: 56 bits at 62MHz, resolution 16ns, wraps every 4398046511096ns
[    0.008878] Console: colour dummy device 80x25
[    0.010625] Calibrating delay loop (skipped), value calculated using timer frequency.. 125.00 BogoMIPS (lpj=250000)
[    0.010820] pid_max: default: 32768 minimum: 301
[    0.012076] Security Framework initialized
[    0.014328] Dentry cache hash table entries: 131072 (order: 8, 1048576 bytes)
[    0.015624] Inode-cache hash table entries: 65536 (order: 7, 524288 bytes)
[    0.015903] Mount-cache hash table entries: 2048 (order: 2, 16384 bytes)
[    0.015997] Mountpoint-cache hash table entries: 2048 (order: 2, 16384 bytes)
[    0.064011] ASID allocator initialised with 65536 entries
[    0.070881] Hierarchical SRCU implementation.
[    0.093501] EFI services will not be available.
[    0.100943] smp: Bringing up secondary CPUs ...
[    0.101055] smp: Brought up 1 node, 1 CPU
[    0.101099] SMP: Total of 1 processors activated.
[    0.101229] CPU features: detected feature: 32-bit EL0 Support
[    0.103420] CPU: All CPU(s) started at EL1
[    0.104123] alternatives: patching kernel code
[    0.129169] devtmpfs: initialized
[    0.147675] clocksource: jiffies: mask: 0xffffffff max_cycles: 0xffffffff, max_idle_ns: 7645041785100000 ns
[    0.148983] futex hash table entries: 256 (order: 3, 32768 bytes)
[    0.158674] pinctrl core: initialized pinctrl subsystem
[    0.192108] DMI not present or invalid.
[    0.200552] NET: Registered protocol family 16
[    0.204029] audit: initializing netlink subsys (disabled)
[    0.208093] audit: type=2000 audit(0.180:1): state=initialized audit_enabled=0 res=1
[    0.229649] cpuidle: using governor menu
[    0.231941] vdso: 2 pages (1 code @ ffff0000089b6000, 1 data @ ffff000008f65000)
[    0.233723] hw-breakpoint: found 6 breakpoint and 4 watchpoint registers.
[    0.242989] DMA: preallocated 256 KiB pool for atomic allocations
[    0.254665] Serial: AMBA PL011 UART driver
[    0.334775] 9000000.pl011: ttyAMA0 at MMIO 0x9000000 (irq = 39, base_baud = 0) is a PL011 rev1
[    0.362578] console [ttyAMA0] enabled
[    0.623080] HugeTLB registered 2.00 MiB page size, pre-allocated 0 pages
[    0.643993] ACPI: Interpreter disabled.
[    0.662419] vgaarb: loaded
[    0.667014] SCSI subsystem initialized
[    0.680086] usbcore: registered new interface driver usbfs
[    0.681564] usbcore: registered new interface driver hub
[    0.682715] usbcore: registered new device driver usb
[    0.694328] pps_core: LinuxPPS API ver. 1 registered
[    0.694620] pps_core: Software ver. 5.3.6 - Copyright 2005-2007 Rodolfo Giometti <giometti@linux.it>
[    0.697105] PTP clock support registered
[    0.699208] EDAC MC: Ver: 3.0.0
[    0.709861] Advanced Linux Sound Architecture Driver Initialized.
[    0.726302] clocksource: Switched to clocksource arch_sys_counter
[    0.727704] VFS: Disk quotas dquot_6.6.0
[    0.728251] VFS: Dquot-cache hash table entries: 512 (order 0, 4096 bytes)
[    0.733658] pnp: PnP ACPI: disabled
[    0.821983] NET: Registered protocol family 2
[    0.831245] TCP established hash table entries: 8192 (order: 4, 65536 bytes)
[    0.832250] TCP bind hash table entries: 8192 (order: 5, 131072 bytes)
[    0.833106] TCP: Hash tables configured (established 8192 bind 8192)
[    0.835451] UDP hash table entries: 512 (order: 2, 16384 bytes)
[    0.836199] UDP-Lite hash table entries: 512 (order: 2, 16384 bytes)
[    0.838768] NET: Registered protocol family 1
[    0.851889] RPC: Registered named UNIX socket transport module.
[    0.852888] RPC: Registered udp transport module.
[    0.853599] RPC: Registered tcp transport module.
[    0.855174] RPC: Registered tcp NFSv4.1 backchannel transport module.
[    0.866185] hw perfevents: enabled with armv8_pmuv3 PMU driver, 1 counters available
[    0.868150] kvm [1]: HYP mode not available
[    0.899429] Initialise system trusted keyrings
[    0.902866] workingset: timestamp_bits=44 max_order=18 bucket_order=0
[    1.000367] squashfs: version 4.0 (2009/01/31) Phillip Lougher
[    1.014181] NFS: Registering the id_resolver key type
[    1.014894] Key type id_resolver registered
[    1.015162] Key type id_legacy registered
[    1.015517] nfs4filelayout_init: NFSv4 File Layout Driver Registering...
[    1.017897] 9p: Installing v9fs 9p2000 file system support
[    1.040137] Key type asymmetric registered
[    1.040477] Asymmetric key parser 'x509' registered
[    1.042034] Block layer SCSI generic (bsg) driver version 0.4 loaded (major 245)
[    1.043462] io scheduler noop registered
[    1.045731] io scheduler cfq registered (default)
[    1.046059] io scheduler mq-deadline registered
[    1.047307] io scheduler kyber registered
[    1.112944] pl061_gpio 9030000.pl061: PL061 GPIO chip @0x0000000009030000 registered
[    1.131975] OF: PCI: host bridge /pcie@10000000 ranges:
[    1.132746] OF: PCI:    IO 0x3eff0000..0x3effffff -> 0x00000000
[    1.133410] OF: PCI:   MEM 0x10000000..0x3efeffff -> 0x10000000
[    1.133784] OF: PCI:   MEM 0x8000000000..0xffffffffff -> 0x8000000000
[    1.135718] pci-host-generic 3f000000.pcie: ECAM at [mem 0x3f000000-0x3fffffff] for [bus 00-0f]
[    1.137709] pci-host-generic 3f000000.pcie: PCI host bridge to bus 0000:00
[    1.138640] pci_bus 0000:00: root bus resource [bus 00-0f]
[    1.139023] pci_bus 0000:00: root bus resource [io  0x0000-0xffff]
[    1.139362] pci_bus 0000:00: root bus resource [mem 0x10000000-0x3efeffff]
[    1.139722] pci_bus 0000:00: root bus resource [mem 0x8000000000-0xffffffffff]
[    1.285964] Serial: 8250/16550 driver, 4 ports, IRQ sharing enabled
[    1.308309] SuperH (H)SCI(F) driver initialized
[    1.312867] msm_serial: driver initialized
[    1.321990] cacheinfo: Unable to detect cache hierarchy for CPU 0
[    1.370128] loop: module loaded
[    1.413992]  vda: vda1 vda2
[    1.480404] libphy: Fixed MDIO Bus: probed
[    1.492043] tun: Universal TUN/TAP device driver, 1.6
[    1.516755] thunder-xcv, ver 1.0
[    1.517506] thunder-BGX, ver 1.0
[    1.518566] thunder-nic, ver 1.0
[    1.523431] e1000e: Intel(R) PRO/1000 Network Driver - 3.2.6-k
[    1.523782] e1000e: Copyright(c) 1999 - 2015 Intel Corporation.
[    1.525147] igb: Intel(R) Gigabit Ethernet Network Driver - version 5.4.0-k
[    1.525512] igb: Copyright (c) 2007-2014 Intel Corporation.
[    1.526929] igbvf: Intel(R) Gigabit Virtual Function Network Driver - version 2.4.0-k
[    1.527318] igbvf: Copyright (c) 2009 - 2012 Intel Corporation.
[    1.531549] sky2: driver version 1.30
[    1.538047] VFIO - User Level meta-driver version: 0.3
[    1.559883] ehci_hcd: USB 2.0 'Enhanced' Host Controller (EHCI) Driver
[    1.560281] ehci-pci: EHCI PCI platform driver
[    1.561311] ehci-platform: EHCI generic platform driver
[    1.563591] ehci-orion: EHCI orion driver
[    1.564584] ehci-exynos: EHCI EXYNOS driver
[    1.565624] ohci_hcd: USB 1.1 'Open' Host Controller (OHCI) Driver
[    1.566049] ohci-pci: OHCI PCI platform driver
[    1.568051] ohci-platform: OHCI generic platform driver
[    1.569187] ohci-exynos: OHCI EXYNOS driver
[    1.575328] usbcore: registered new interface driver usb-storage
[    1.607942] rtc-pl031 9010000.pl031: rtc core: registered pl031 as rtc0
[    1.616204] i2c /dev entries driver
[    1.659900] sdhci: Secure Digital Host Controller Interface driver
[    1.660251] sdhci: Copyright(c) Pierre Ossman
[    1.664609] Synopsys Designware Multimedia Card Interface Driver
[    1.673512] sdhci-pltfm: SDHCI platform and OF driver helper
[    1.688060] ledtrig-cpu: registered to indicate activity on CPUs
[    1.703403] usbcore: registered new interface driver usbhid
[    1.703751] usbhid: USB HID core driver
[    1.727546] NET: Registered protocol family 17
[    1.729039] 9pnet: Installing 9P2000 support
[    1.729907] Key type dns_resolver registered
[    1.735406] registered taskstats version 1
[    1.735706] Loading compiled-in X.509 certificates
[    1.747589] input: gpio-keys as /devices/platform/gpio-keys/input/input0
[    1.752632] rtc-pl031 9010000.pl031: setting system clock to 2017-11-09 11:09:46 UTC (1510225786)
[    1.755145] ALSA device list:
[    1.755373]   No soundcards found.
[    1.759404] uart-pl011 9000000.pl011: no DMA platform data
[    1.767261] EXT4-fs (vda2): couldn't mount as ext3 due to feature incompatibilities
[    3.120449] EXT4-fs (vda2): recovery complete
[    3.121328] EXT4-fs (vda2): mounted filesystem with ordered data mode. Opts: (null)
[    3.121997] VFS: Mounted root (ext4 filesystem) on device 254:2.
[    3.125831] devtmpfs: mounted
[    3.218822] Freeing unused kernel memory: 1088K
bash: cannot set terminal process group (-1): Inappropriate ioctl for device
bash: no job control in this shell
bash-4.3# 