
U-Boot SPL 2014.01-00219-gc4d376f (Feb 18 2014 - 19:57:18)


U-Boot 2014.01-00219-gc4d376f (Feb 18 2014 - 19:57:18)

TEGRA30
Board: NVIDIA Beaver
I2C:   ready
DRAM:  2 GiB
MMC:   Tegra SD/MMC: 0, Tegra SD/MMC: 1
In:    serial
Out:   serial
Err:   serial
Net:   Net Initialization Skipped
No ethernet found.
Hit any key to stop autoboot:  2  0 
Tegra30 (Beaver) # 
Tegra30 (Beaver) # usb reset
(Re)start USB...
USB0:   USB EHCI 1.00
scanning bus 0 for devices... 2 USB Device(s) found
       scanning usb for storage devices... 0 Storage Device(s) found
       scanning usb for ethernet devices... 
Warning: asx0 using MAC address from net device
1 Ethernet Device(s) found
Tegra30 (Beaver) # setenv bootargs 'ignore_loglevel console=ttyS0,115200n8 rw root=PARTUUID=edbe1840-3633-c751-7993-b0ac834f81e0 rootwait gpt debug noinitrd earlyprintk init=/bin/bash'
Tegra30 (Beaver) # setenv ipaddr 192.168.100.101; setenv serverip 192.168.100.1; setenv tftpserverip 192.168.100.1
Tegra30 (Beaver) # tftpboot 0x81000000 zImage.multi_v7_defconfig
Using asx0 device
TFTP from server 192.168.100.1; our IP address is 192.168.100.101
Filename 'zImage.multi_v7_defconfig'.
Load address: 0x81000000
Loading: *#################################################################
	 #################################################################
	 #################################################################
	 #################################################################
	 #################################################################
	 #################################################################
	 #################################################################
	 #################################################################
	 ###############
	 3.2 MiB/s
done
Bytes transferred = 7850056 (77c848 hex)
Tegra30 (Beaver) # tftpboot 0x82000000 tegra30-beaver.dtb
Using asx0 device
TFTP from server 192.168.100.1; our IP address is 192.168.100.101
Filename 'tegra30-beaver.dtb'.
Load address: 0x82000000
Loading: *####
	 2.9 MiB/s
done
Bytes transferred = 51804 (ca5c hex)
Tegra30 (Beaver) # bootz 0x81000000 - 0x82000000
Kernel image @ 0x81000000 [ 0x000000 - 0x77c848 ]
## Flattened Device Tree blob at 82000000
   Booting using the fdt blob at 0x82000000
   Loading Device Tree to 8fff0000, end 8ffffa5b ... OK

Starting kernel ...

[    0.000000] Booting Linux on physical CPU 0x0
[    0.000000] Linux version 4.11.0-rc2-next-20170320-159700-g4f4f972 (jonathanh@sellafield) (gcc version 4.7.3 20130328 (prerelease) (crosstool-NG linaro-1.13.1-4.7-2013.04-20130415 - Linaro GCC 2013.04) ) #1 SMP Wed Mar 22 14:23:35 PDT 2017
[    0.000000] CPU: ARMv7 Processor [412fc099] revision 9 (ARMv7), cr=10c5387d
[    0.000000] CPU: PIPT / VIPT nonaliasing data cache, VIPT aliasing instruction cache
[    0.000000] OF: fdt: Machine model: NVIDIA Tegra30 Beaver evaluation board
[    0.000000] debug: ignoring loglevel setting.
[    0.000000] efi: Getting EFI parameters from FDT:
[    0.000000] efi: UEFI not found.
[    0.000000] cma: Reserved 64 MiB at 0xfb800000
[    0.000000] Memory policy: Data cache writealloc
[    0.000000] On node 0 totalpages: 524032
[    0.000000] free_area_init_node: node 0, pgdat c157b940, node_mem_map eeff8000
[    0.000000]   DMA zone: 1536 pages used for memmap
[    0.000000]   DMA zone: 0 pages reserved
[    0.000000]   DMA zone: 196608 pages, LIFO batch:31
[    0.000000]   HighMem zone: 327424 pages, LIFO batch:31
[    0.000000] percpu: Embedded 17 pages/cpu @eef88000 s38528 r8192 d22912 u69632
[    0.000000] pcpu-alloc: s38528 r8192 d22912 u69632 alloc=17*4096
[    0.000000] pcpu-alloc: [0] 0 [0] 1 [0] 2 [0] 3 
[    0.000000] Built 1 zonelists in Zone order, mobility grouping on.  Total pages: 522496
[    0.000000] Kernel command line: ignore_loglevel console=ttyS0,115200n8 rw root=PARTUUID=edbe1840-3633-c751-7993-b0ac834f81e0 rootwait gpt debug noinitrd earlyprintk init=/bin/bash
[    0.000000] PID hash table entries: 4096 (order: 2, 16384 bytes)
[    0.000000] Dentry cache hash table entries: 131072 (order: 7, 524288 bytes)
[    0.000000] Inode-cache hash table entries: 65536 (order: 6, 262144 bytes)
[    0.000000] Memory: 1993500K/2096128K available (10240K kernel code, 1548K rwdata, 4388K rodata, 2048K init, 417K bss, 37092K reserved, 65536K cma-reserved, 1244160K highmem)
[    0.000000] Virtual kernel memory layout:
[    0.000000]     vector  : 0xffff0000 - 0xffff1000   (   4 kB)
[    0.000000]     fixmap  : 0xffc00000 - 0xfff00000   (3072 kB)
[    0.000000]     vmalloc : 0xf0800000 - 0xff800000   ( 240 MB)
[    0.000000]     lowmem  : 0xc0000000 - 0xf0000000   ( 768 MB)
[    0.000000]     pkmap   : 0xbfe00000 - 0xc0000000   (   2 MB)
[    0.000000]     modules : 0xbf000000 - 0xbfe00000   (  14 MB)
[    0.000000]       .text : 0xc0208000 - 0xc0d00000   (11232 kB)
[    0.000000]       .init : 0xc1200000 - 0xc1400000   (2048 kB)
[    0.000000]       .data : 0xc1400000 - 0xc1583390   (1549 kB)
[    0.000000]        .bss : 0xc1585000 - 0xc15ed5c8   ( 418 kB)
[    0.000000] SLUB: HWalign=64, Order=0-3, MinObjects=0, CPUs=4, Nodes=1
[    0.000000] Hierarchical RCU implementation.
[    0.000000] 	RCU debugfs-based tracing is enabled.
[    0.000000] 	RCU restricting CPUs from NR_CPUS=16 to nr_cpu_ids=4.
[    0.000000] RCU: Adjusting geometry for rcu_fanout_leaf=16, nr_cpu_ids=4
[    0.000000] NR_IRQS:16 nr_irqs:16 16
[    0.000000] /interrupt-controller@60004000: 160 interrupts forwarded to /interrupt-controller@50041000
[    0.000000] L2C: platform modifies aux control register: 0x02080000 -> 0x3e480001
[    0.000000] L2C: DT/platform modifies aux control register: 0x02080000 -> 0x3e480001
[    0.000000] L2C-310 erratum 769419 enabled
[    0.000000] L2C-310 enabling early BRESP for Cortex-A9
[    0.000000] L2C-310: enabling full line of zeros but not enabled in Cortex-A9
[    0.000000] L2C-310 dynamic clock gating enabled, standby mode enabled
[    0.000000] L2C-310 cache controller enabled, 8 ways, 1024 kB
[    0.000000] L2C-310: CACHE_ID 0x410000c7, AUX_CTRL 0x4e480001
[    0.000013] sched_clock: 32 bits at 1000kHz, resolution 1000ns, wraps every 2147483647500ns
[    0.000035] clocksource: timer_us: mask: 0xffffffff max_cycles: 0xffffffff, max_idle_ns: 1911260446275 ns
[    0.000044] Switching to timer-based delay loop, resolution 1000ns
[    0.002760] Console: colour dummy device 80x30
[    0.002788] Calibrating delay loop (skipped), value calculated using timer frequency.. 2.00 BogoMIPS (lpj=10000)
[    0.002798] pid_max: default: 32768 minimum: 301
[    0.002874] Mount-cache hash table entries: 2048 (order: 1, 8192 bytes)
[    0.002883] Mountpoint-cache hash table entries: 2048 (order: 1, 8192 bytes)
[    0.003265] CPU: Testing write buffer coherency: ok
[    0.003584] CPU0: thread -1, cpu 0, socket 0, mpidr 80000000
[    0.003812] Setting up static identity map for 0x80300000 - 0x80300098
[    0.006391] Tegra Revision: A03 SKU: 128 CPU Process: 4 SoC Process: 0
[    0.006943] EFI services will not be available.
[    0.007104] smp: Bringing up secondary CPUs ...
[    0.010377] CPU1: thread -1, cpu 1, socket 0, mpidr 80000001
[    0.020333] CPU2: thread -1, cpu 2, socket 0, mpidr 80000002
[    0.030332] CPU3: thread -1, cpu 3, socket 0, mpidr 80000003
[    0.030378] smp: Brought up 1 node, 4 CPUs
[    0.030391] SMP: Total of 4 processors activated (8.00 BogoMIPS).
[    0.030396] CPU: All CPU(s) started in SVC mode.
[    0.031095] devtmpfs: initialized
[    0.039273] VFP support v0.3: implementor 41 architecture 3 part 30 variant 9 rev 4
[    0.039688] clocksource: jiffies: mask: 0xffffffff max_cycles: 0xffffffff, max_idle_ns: 19112604462750000 ns
[    0.039709] futex hash table entries: 1024 (order: 4, 65536 bytes)
[    0.043130] pinctrl core: initialized pinctrl subsystem
[    0.044837] NET: Registered protocol family 16
[    0.047468] DMA: preallocated 256 KiB pool for atomic coherent allocations
[    0.049167] cpuidle: using governor menu
[    0.063523] No ATAGs?
[    0.063624] hw-breakpoint: found 5 (+1 reserved) breakpoint and 1 watchpoint registers.
[    0.063636] hw-breakpoint: maximum watchpoint size is 4 bytes.
[    0.067601] Serial: AMBA PL011 UART driver
[    0.068072] tegra-mc 7000f000.memory-controller: no memory timings for RAM code 3 registered
[    0.077140] AT91: Could not find identification node
[    0.077605] vdd_5v_sata: Failed to request enable GPIO30: -517
[    0.077621] reg-fixed-voltage regulators:regulator@3: Failed to register regulator: -517
[    0.077668] usb1_vbus: Failed to request enable GPIO238: -517
[    0.077675] reg-fixed-voltage regulators:regulator@4: Failed to register regulator: -517
[    0.077719] usb3_vbus: Failed to request enable GPIO236: -517
[    0.077726] reg-fixed-voltage regulators:regulator@5: Failed to register regulator: -517
[    0.077818] sys_3v3_pexs: Failed to request enable GPIO95: -517
[    0.077825] reg-fixed-voltage regulators:regulator@7: Failed to register regulator: -517
[    0.079719] vgaarb: loaded
[    0.080220] SCSI subsystem initialized
[    0.080361] libata version 3.00 loaded.
[    0.080517] usbcore: registered new interface driver usbfs
[    0.080551] usbcore: registered new interface driver hub
[    0.080585] usbcore: registered new device driver usb
[    0.087657] vrtc: supplied by vdd_5v_in
[    0.090950] vio: supplied by vdd_5v_in
[    0.101824] vdd1: supplied by vdd_5v_in
[    0.103182] vddio_ddr_1v2: Bringing 600000uV into 1200000-1200000uV
[    0.111831] vdd2: supplied by vdd_5v_in
[    0.131818] ldo1: supplied by vdd_1v5_gen
[    0.134203] ldo2: supplied by vdd_1v5_gen
[    0.134679] vdd_sata,avdd_plle: Bringing 1200000uV into 1050000-1050000uV
[    0.136916] ldo3: supplied by vdd_5v_in
[    0.139279] ldo4: supplied by vdd_5v_in
[    0.141817] ldo5: supplied by vdd_5v_in
[    0.151820] ldo6: supplied by vdd_1v8_gen
[    0.152290] avdd_dsi_csi,pwrdet_mipi: Bringing 1000000uV into 1200000-1200000uV
[    0.154558] ldo7: supplied by vdd_1v8_gen
[    0.161822] ldo8: supplied by vdd_1v8_gen
[    0.171910] pps_core: LinuxPPS API ver. 1 registered
[    0.171916] pps_core: Software ver. 5.3.6 - Copyright 2005-2007 Rodolfo Giometti <giometti@linux.it>
[    0.171937] PTP clock support registered
[    0.172076] EDAC MC: Ver: 3.0.0
[    0.173614] clocksource: Switched to clocksource timer_us
[    0.206034] NET: Registered protocol family 2
[    0.206468] TCP established hash table entries: 8192 (order: 3, 32768 bytes)
[    0.206524] TCP bind hash table entries: 8192 (order: 4, 65536 bytes)
[    0.206608] TCP: Hash tables configured (established 8192 bind 8192)
[    0.206747] UDP hash table entries: 512 (order: 2, 16384 bytes)
[    0.206812] UDP-Lite hash table entries: 512 (order: 2, 16384 bytes)
[    0.206992] NET: Registered protocol family 1
[    0.207318] RPC: Registered named UNIX socket transport module.
[    0.207326] RPC: Registered udp transport module.
[    0.207330] RPC: Registered tcp transport module.
[    0.207334] RPC: Registered tcp NFSv4.1 backchannel transport module.
[    0.207344] PCI: CLS 0 bytes, default 64
[    0.208186] hw perfevents: enabled with armv7_cortex_a9 PMU driver, 7 counters available
[    0.209426] workingset: timestamp_bits=30 max_order=19 bucket_order=0
[    0.214232] squashfs: version 4.0 (2009/01/31) Phillip Lougher
[    0.214668] NFS: Registering the id_resolver key type
[    0.214698] Key type id_resolver registered
[    0.214702] Key type id_legacy registered
[    0.214732] ntfs: driver 2.1.32 [Flags: R/O].
[    0.215790] bounce: pool size: 64 pages
[    0.215826] Block layer SCSI generic (bsg) driver version 0.4 loaded (major 248)
[    0.215834] io scheduler noop registered
[    0.215839] io scheduler deadline registered
[    0.215936] io scheduler cfq registered (default)
[    0.215941] io scheduler mq-deadline registered
[    0.222625] tegra30-pinctrl 70000868.pinmux: invalid group "sdmmc3_dat6_pd3" for function "rsvd1"
[    0.222641] tegra30-pinctrl 70000868.pinmux: invalid group "sdmmc3_dat7_pd4" for function "rsvd1"
[    0.222655] tegra30-pinctrl 70000868.pinmux: invalid group "vi_vsync_pd6" for function "rsvd1"
[    0.222664] tegra30-pinctrl 70000868.pinmux: invalid group "vi_hsync_pd7" for function "rsvd1"
[    0.223091] tegra30-pinctrl 70000868.pinmux: invalid group "hdmi_int_pn7" for function "rsvd1"
[    0.223132] tegra30-pinctrl 70000868.pinmux: invalid group "ulpi_data3_po4" for function "rsvd1"
[    0.223443] tegra30-pinctrl 70000868.pinmux: invalid group "vi_d10_pt2" for function "rsvd1"
[    0.223455] tegra30-pinctrl 70000868.pinmux: invalid group "vi_d11_pt3" for function "rsvd1"
[    0.223466] tegra30-pinctrl 70000868.pinmux: invalid group "vi_d0_pt4" for function "rsvd1"
[    0.223505] tegra30-pinctrl 70000868.pinmux: invalid group "pu0" for function "rsvd1"
[    0.223534] tegra30-pinctrl 70000868.pinmux: invalid group "pu3" for function "rsvd1"
[    0.223562] tegra30-pinctrl 70000868.pinmux: invalid group "pu6" for function "rsvd1"
[    0.223664] tegra30-pinctrl 70000868.pinmux: invalid group "pv3" for function "rsvd1"
[    0.224138] tegra30-pinctrl 70000868.pinmux: invalid group "pbb0" for function "rsvd1"
[    0.224249] tegra30-pinctrl 70000868.pinmux: invalid group "pcc1" for function "rsvd1"
[    0.229472] tegra-pcie 3000.pcie-controller: 2x3 configuration
[    0.229622] tegra-pcie 3000.pcie-controller: Failed to get supply 'hvdd-pex': -517
[    0.235158] tegra-apbdma 6000a000.dma: Tegra20 APB DMA driver register 32 channels
[    0.236619] tegra-pmc 7000e400.pmc: i2c-thermtrip node not found, emergency thermal reset disabled.
[    0.268658] Serial: 8250/16550 driver, 4 ports, IRQ sharing disabled
[    0.270757] console [ttyS0] disabled
[    0.270794] 70006000.serial: ttyS0 at MMIO 0x70006000 (irq = 331, base_baud = 25500000) is a Tegra
[    1.281155] console [ttyS0] enabled
[    1.285185] SuperH (H)SCI(F) driver initialized
[    1.290278] msm_serial: driver initialized
[    1.294490] STMicroelectronics ASC driver initialized
[    1.303184] tegra-hdmi 54280000.hdmi: failed to get HDMI regulator
[    1.317549] brd: module loaded
[    1.326391] loop: module loaded
[    1.334870] m25p80 spi32766.1: w25q32 (4096 Kbytes)
[    1.341561] libphy: Fixed MDIO Bus: probed
[    1.346395] CAN device driver interface
[    1.350766] bgmac_bcma: Broadcom 47xx GBit MAC driver loaded
[    1.357160] e1000e: Intel(R) PRO/1000 Network Driver - 3.2.6-k
[    1.362975] e1000e: Copyright(c) 1999 - 2015 Intel Corporation.
[    1.368923] igb: Intel(R) Gigabit Ethernet Network Driver - version 5.4.0-k
[    1.375873] igb: Copyright (c) 2007-2014 Intel Corporation.
[    1.383374] pegasus: v0.9.3 (2013/04/25), Pegasus/Pegasus II USB Ethernet driver
[    1.390818] usbcore: registered new interface driver pegasus
[    1.396501] usbcore: registered new interface driver asix
[    1.401910] usbcore: registered new interface driver ax88179_178a
[    1.408017] usbcore: registered new interface driver cdc_ether
[    1.413868] usbcore: registered new interface driver smsc75xx
[    1.419623] usbcore: registered new interface driver smsc95xx
[    1.425381] usbcore: registered new interface driver net1080
[    1.431042] usbcore: registered new interface driver cdc_subset
[    1.436971] usbcore: registered new interface driver zaurus
[    1.442566] usbcore: registered new interface driver cdc_ncm
[    1.449610] ehci_hcd: USB 2.0 'Enhanced' Host Controller (EHCI) Driver
[    1.456134] ehci-pci: EHCI PCI platform driver
[    1.460589] ehci-platform: EHCI generic platform driver
[    1.465930] ehci-orion: EHCI orion driver
[    1.470015] SPEAr-ehci: EHCI SPEAr driver
[    1.474098] ehci-st: EHCI STMicroelectronics driver
[    1.479036] ehci-exynos: EHCI EXYNOS driver
[    1.483292] ehci-atmel: EHCI Atmel driver
[    1.487376] tegra-ehci: Tegra EHCI driver
[    1.491665] ohci_hcd: USB 1.1 'Open' Host Controller (OHCI) Driver
[    1.497848] ohci-pci: OHCI PCI platform driver
[    1.502306] ohci-platform: OHCI generic platform driver
[    1.507628] ohci-omap3: OHCI OMAP3 driver
[    1.511701] SPEAr-ohci: OHCI SPEAr driver
[    1.515791] ohci-st: OHCI STMicroelectronics driver
[    1.520730] ohci-atmel: OHCI Atmel driver
[    1.525171] usbcore: registered new interface driver usb-storage
[    1.533675] tegra_rtc 7000e000.rtc: rtc core: registered 7000e000.rtc as rtc1
[    1.540831] tegra_rtc 7000e000.rtc: Tegra internal Real Time Clock
[    1.549790] random: fast init done
[    1.563083] tps65910-rtc tps65910-rtc: rtc core: registered tps65910-rtc as rtc0
[    1.570671] i2c /dev entries driver
[    1.582284] sdhci: Secure Digital Host Controller Interface driver
[    1.588479] sdhci: Copyright(c) Pierre Ossman
[    1.593746] Synopsys Designware Multimedia Card Interface Driver
[    1.600481] sdhci-pltfm: SDHCI platform and OF driver helper
[    1.606656] sdhci-tegra 78000000.sdhci: Got CD GPIO
[    1.611529] sdhci-tegra 78000000.sdhci: Got WP GPIO
[    1.625717] mmc0: Invalid maximum block size, assuming 512 bytes
[    1.693702] mmc0: SDHCI controller on 78000000.sdhci [78000000.sdhci] using ADMA
[    1.713912] mmc1: Invalid maximum block size, assuming 512 bytes
[    1.773620] mmc1: SDHCI controller on 78000600.sdhci [78000600.sdhci] using ADMA
[    1.782339] ledtrig-cpu: registered to indicate activity on CPUs
[    1.790571] usbcore: registered new interface driver usbhid
[    1.796146] usbhid: USB HID core driver
[    1.802337] NET: Registered protocol family 10
[    1.809460] Segment Routing with IPv6
[    1.813150] sit: IPv6, IPv4 and MPLS over IPv4 tunneling driver
[    1.819483] NET: Registered protocol family 17
[    1.823940] can: controller area network core (rev 20120528 abi 9)
[    1.830144] NET: Registered protocol family 29
[    1.834586] can: raw protocol (rev 20120528)
[    1.838844] can: broadcast manager protocol (rev 20161123 t)
[    1.844498] can: netlink gateway (rev 20130117) max_hops=1
[    1.850234] Key type dns_resolver registered
[    1.854922] ThumbEE CPU extension supported.
[    1.859185] Registering SWP/SWPB emulation handler
[    1.888955] vdd_ddr: supplied by vdd_5v_in
[    1.893910] vdd_5v_sata: supplied by vdd_5v_in
[    1.898655] usb1_vbus: supplied by vdd_5v_in
[    1.903216] usb3_vbus: supplied by vdd_5v_in
[    1.909911] sys_3v3,vdd_3v3_alw: supplied by vdd_5v_in
[    1.918007] sys_3v3_pexs: supplied by sys_3v3,vdd_3v3_alw
[    1.923544] +VDD_5V_HDMI: supplied by sys_3v3,vdd_3v3_alw
[    1.929298] mmc1: new high speed MMC card at address 0001
[    1.929559] tegra-pcie 3000.pcie-controller: 2x3 configuration
[    1.938617] tegra-pcie 3000.pcie-controller: probing port 0, using 2 lanes
[    1.947842] mmcblk1: mmc1:0001 SEM16G 14.8 GiB 
[    1.953379] mmcblk1boot0: mmc1:0001 SEM16G partition 1 1.00 MiB
[    1.959793] mmcblk1boot1: mmc1:0001 SEM16G partition 2 1.00 MiB
[    1.966202] mmcblk1rpmb: mmc1:0001 SEM16G partition 3 128 KiB
[    1.974788] mmc0: new ultra high speed DDR50 SDHC card at address aaaa
[    1.981648] mmcblk0: mmc0:aaaa SS04G 3.69 GiB 
[    1.987449] Primary GPT is invalid, using alternate GPT.
[    1.992760]  mmcblk1: p1 p2 p3 p4 p5
[    1.996956] tegra-pcie 3000.pcie-controller: probing port 2, using 2 lanes
[    2.011129]  mmcblk0: p1 p2 p3
[    2.407373] tegra-pcie 3000.pcie-controller: link 2 down, retrying
[    2.817324] tegra-pcie 3000.pcie-controller: link 2 down, retrying
[    3.227270] tegra-pcie 3000.pcie-controller: link 2 down, retrying
[    3.235448] tegra-pcie 3000.pcie-controller: link 2 down, ignoring
[    3.241744] tegra-pcie 3000.pcie-controller: PCI host bridge to bus 0000:00
[    3.248715] pci_bus 0000:00: root bus resource [io  0x0000-0xffff]
[    3.254890] pci_bus 0000:00: root bus resource [mem 0x20000000-0x27ffffff]
[    3.261748] pci_bus 0000:00: root bus resource [mem 0x28000000-0x3fffffff pref]
[    3.269048] pci_bus 0000:00: root bus resource [bus 00-ff]
[    3.274551] pci 0000:00:01.0: [10de:0e1c] type 01 class 0x060400
[    3.280566] pci_bus 0000:00: 2-byte config write to 0000:00:01.0 offset 0x88 may corrupt adjacent RW1C bits
[    3.290326] pci_bus 0000:00: 2-byte config write to 0000:00:01.0 offset 0x52 may corrupt adjacent RW1C bits
[    3.300070] pci 0000:00:01.0: PME# supported from D0 D1 D2 D3hot D3cold
[    3.306679] pci_bus 0000:00: 2-byte config write to 0000:00:01.0 offset 0x4c may corrupt adjacent RW1C bits
[    3.316548] pci_bus 0000:00: 2-byte config write to 0000:00:01.0 offset 0x3e may corrupt adjacent RW1C bits
[    3.326280] pci_bus 0000:00: 2-byte config write to 0000:00:01.0 offset 0x4 may corrupt adjacent RW1C bits
[    3.335920] pci_bus 0000:00: 1-byte config write to 0000:00:01.0 offset 0xc may corrupt adjacent RW1C bits
[    3.345557] PCI: bus0: Fast back to back transfers disabled
[    3.351116] pci 0000:00:01.0: bridge configuration invalid ([bus 00-00]), reconfiguring
[    3.359109] pci_bus 0000:00: 2-byte config write to 0000:00:01.0 offset 0x3e may corrupt adjacent RW1C bits
[    3.368836] pci_bus 0000:00: 2-byte config write to 0000:00:01.0 offset 0x3e may corrupt adjacent RW1C bits
[    3.378563] pci_bus 0000:00: 2-byte config write to 0000:00:01.0 offset 0x3e may corrupt adjacent RW1C bits
[    3.388290] pci_bus 0000:00: 2-byte config write to 0000:00:01.0 offset 0x6 may corrupt adjacent RW1C bits
[    3.398031] pci 0000:01:00.0: [10ec:8168] type 00 class 0x020000
[    3.404049] pci 0000:01:00.0: reg 0x10: [io  0x0000-0x00ff]
[    3.409622] pci 0000:01:00.0: reg 0x18: [mem 0x00000000-0x00000fff 64bit pref]
[    3.416845] pci 0000:01:00.0: reg 0x20: [mem 0x00000000-0x00003fff 64bit pref]
[    3.424133] pci 0000:01:00.0: supports D1 D2
[    3.428390] pci 0000:01:00.0: PME# supported from D0 D1 D2 D3hot D3cold
[    3.463636] PCI: bus1: Fast back to back transfers disabled
[    3.469198] pci_bus 0000:01: busn_res: [bus 01-ff] end is updated to 01
[    3.475876] pci 0000:00:01.0: BAR 9: assigned [mem 0x28000000-0x280fffff 64bit pref]
[    3.483614] pci 0000:00:01.0: BAR 7: assigned [io  0x1000-0x1fff]
[    3.489695] pci 0000:01:00.0: BAR 4: assigned [mem 0x28000000-0x28003fff 64bit pref]
[    3.497440] pci 0000:01:00.0: BAR 2: assigned [mem 0x28004000-0x28004fff 64bit pref]
[    3.505185] pci 0000:01:00.0: BAR 0: assigned [io  0x1000-0x10ff]
[    3.511267] pci 0000:00:01.0: PCI bridge to [bus 01]
[    3.516227] pci 0000:00:01.0:   bridge window [io  0x1000-0x1fff]
[    3.522305] pci 0000:00:01.0:   bridge window [mem 0x28000000-0x280fffff 64bit pref]
[    3.530054] pci 0000:00:01.0: nv_msi_ht_cap_quirk didn't locate host bridge
[    3.537069] pcieport 0000:00:01.0: enabling device (0140 -> 0143)
[    3.543334] pcieport 0000:00:01.0: Signaling PME with IRQ 374
[    3.549281] r8169 Gigabit Ethernet driver 2.3LK-NAPI loaded
[    3.554871] r8169 0000:01:00.0: enabling device (0140 -> 0143)
[    3.561625] r8169 0000:01:00.0 eth0: RTL8168evl/8111evl at 0xf0b01000, 02:04:4b:01:60:a6, XID 0c900800 IRQ 375
[    3.571627] r8169 0000:01:00.0 eth0: jumbo features [frames: 9200 bytes, tx checksumming: ko]
[    3.582335] [drm] Supports vblank timestamp caching Rev 2 (21.10.2013).
[    3.588972] [drm] No driver support for vblank timestamp query.
[    3.594922] [drm] Cannot find any crtc or sizes - going 1024x768
[    3.620350] Console: switching to colour frame buffer device 128x48
[    3.632874] drm drm: fb0:  frame buffer device
[    3.637432] [drm] Initialized tegra 0.0.0 20120330 for drm on minor 0
[    3.649296] utmi_phy_clk_enable: timeout waiting for phy to stabilize
[    3.655782] tegra-ehci 7d004000.usb: EHCI Host Controller
[    3.661186] tegra-ehci 7d004000.usb: new USB bus registered, assigned bus number 1
[    3.668998] tegra-ehci 7d004000.usb: irq 343, io mem 0x7d004000
[    3.703622] tegra-ehci 7d004000.usb: USB 2.0 started, EHCI 1.00
[    3.710140] hub 1-0:1.0: USB hub found
[    3.713925] hub 1-0:1.0: 1 port detected
[    3.719017] tegra-ehci 7d008000.usb: EHCI Host Controller
[    3.724438] tegra-ehci 7d008000.usb: new USB bus registered, assigned bus number 2
[    3.732167] tegra-ehci 7d008000.usb: irq 344, io mem 0x7d008000
[    3.764386] tegra-ehci 7d008000.usb: USB 2.0 started, EHCI 1.00
[    3.770756] hub 2-0:1.0: USB hub found
[    3.774532] hub 2-0:1.0: 1 port detected
[    3.783658] tps65910-rtc tps65910-rtc: setting system clock to 2000-01-01 00:00:02 UTC (946684802)
[    3.793270] vdd_sata,avdd_plle: disabling
[    3.798023] usb1_vbus: disabling
[    3.802678] EXT4-fs (mmcblk1p1): mounting ext3 file system using the ext4 subsystem
[    3.818482] EXT4-fs (mmcblk1p1): warning: mounting fs with errors, running e2fsck is recommended
[    3.828682] EXT4-fs (mmcblk1p1): recovery complete
[    3.833469] EXT4-fs (mmcblk1p1): mounted filesystem with ordered data mode. Opts: (null)
[    3.841586] VFS: Mounted root (ext3 filesystem) on device 179:1.
[    3.851760] devtmpfs: mounted
[    3.857215] Freeing unused kernel memory: 2048K
bash: cannot set terminal process group (-1): Inappropriate ioctl for device
bash: no job control in this shell
root@(none):/# [    4.134023] usb 2-1: new high-speed USB device number 2 using tegra-ehci
[    4.811386] asix 2-1:1.0 eth1: register 'asix' at usb-7d008000.usb-1, ASIX AX88772 USB 2.0 Ethernet, 00:50:b6:0f:67:60
mount -t sysfs none /sys
root@(none):/# 
root@(none):/# mount -t debugfs none /sys/kernel/debug
root@(none):/# 
root@(none):/# rtcwake -d rtc1 -m mem -s 3
rtcwake: wakeup from "mem" using /dev/rtc1 at Thu Jan  1 00:00:22 1970
[    7.502152] PM: Syncing filesystems ... done.
[    7.514932] Freezing user space processes ... (elapsed 0.001 seconds) done.
[    7.523023] Freezing remaining freezable tasks ... (elapsed 0.001 seconds) done.
[    7.531629] Suspending console(s) (use no_console_suspend to debug)
[    7.617185] PM: suspend of devices complete after 78.414 msecs
[    7.618935] PM: late suspend of devices complete after 1.742 msecs
[    7.644344] PM: noirq suspend of devices complete after 25.401 msecs
[    7.644348] Disabling non-boot CPUs ...
[    7.756065] IRQ17 no longer affine to CPU3
[    7.805335] Entering suspend state LP1
[    7.805335] Suspended for 3.021 seconds
[    7.805350] Enabling non-boot CPUs ...
[    7.835567] CPU1 is up
[    7.875713] CPU2 is up
[    7.915980] CPU3 is up
[    7.916709] pcieport 0000:00:01.0: nv_msi_ht_cap_quirk didn't locate host bridge
[    7.943684] PM: noirq resume of devices complete after 27.696 msecs
[    7.944819] PM: early resume of devices complete after 0.692 msecs
[    8.500758] PM: resume of devices complete after 555.927 msecs
[    8.572008] Restarting tasks ... done.
root@(none):/# 
root@(none):/# rtcwake -d rtc1 -m mem -s 3
rtcwake: wakeup from "mem" using /dev/rtc1 at Thu Jan  1 00:00:27 1970
[    9.556463] PM: Syncing filesystems ... done.
[    9.568365] Freezing user space processes ... (elapsed 0.001 seconds) done.
[    9.576468] Freezing remaining freezable tasks ... (elapsed 0.001 seconds) done.
[    9.585071] Suspending console(s) (use no_console_suspend to debug)
[    9.624520] pci_generic_config_write32: 63 callbacks suppressed
[    9.624534] pci_bus 0000:00: 2-byte config write to 0000:00:01.0 offset 0x9c may corrupt adjacent RW1C bits
[    9.667564] PM: suspend of devices complete after 75.440 msecs
[    9.669309] PM: late suspend of devices complete after 1.737 msecs
[    9.669728] pci_bus 0000:01: 2-byte config write to 0000:01:00.0 offset 0x44 may corrupt adjacent RW1C bits
[    9.669743] pci_bus 0000:01: 2-byte config write to 0000:01:00.0 offset 0x44 may corrupt adjacent RW1C bits
[    9.694294] PM: noirq suspend of devices complete after 24.978 msecs
[    9.694297] Disabling non-boot CPUs ...
[    9.766836] IRQ17 no longer affine to CPU2
[    9.875170] Entering suspend state LP1
[    9.875170] Suspended for 2.930 seconds
[    9.875186] Enabling non-boot CPUs ...
[    9.905938] CPU1 is up
[    9.946054] CPU2 is up
[    9.986304] CPU3 is up
[    9.987186] pci_bus 0000:00: 2-byte config write to 0000:00:01.0 offset 0x4c may corrupt adjacent RW1C bits
[    9.987204] pci_bus 0000:00: 2-byte config write to 0000:00:01.0 offset 0x88 may corrupt adjacent RW1C bits
[    9.987212] pci_bus 0000:00: 2-byte config write to 0000:00:01.0 offset 0x90 may corrupt adjacent RW1C bits
[    9.987217] pci_bus 0000:00: 2-byte config write to 0000:00:01.0 offset 0x98 may corrupt adjacent RW1C bits
[    9.987224] pci_bus 0000:00: 2-byte config write to 0000:00:01.0 offset 0x9c may corrupt adjacent RW1C bits
[    9.987248] pci_bus 0000:00: 2-byte config write to 0000:00:01.0 offset 0x52 may corrupt adjacent RW1C bits
[    9.987257] pci_bus 0000:00: 2-byte config write to 0000:00:01.0 offset 0x52 may corrupt adjacent RW1C bits
[    9.987288] pcieport 0000:00:01.0: nv_msi_ht_cap_quirk didn't locate host bridge
[   10.013663] PM: noirq resume of devices complete after 27.347 msecs
[   10.016207] PM: early resume of devices complete after 2.044 msecs
[   10.575027] PM: resume of devices complete after 558.805 msecs
[   10.749686] Restarting tasks ... done.
root@(none):/# 
root@(none):/# rtcwake -d rtc1 -m mem -s 3
rtcwake: wakeup from "mem" using /dev/rtc1 at Thu Jan  1 00:00:32 1970
[   11.630568] PM: Syncing filesystems ... done.
[   11.644667] Freezing user space processes ... (elapsed 0.001 seconds) done.
[   11.652796] Freezing remaining freezable tasks ... (elapsed 0.001 seconds) done.
[   11.661459] Suspending console(s) (use no_console_suspend to debug)
[   11.748132] PM: suspend of devices complete after 79.350 msecs
[   11.750425] PM: late suspend of devices complete after 2.282 msecs
[   11.774437] PM: noirq suspend of devices complete after 23.999 msecs
[   11.774441] Disabling non-boot CPUs ...
[   11.906357] IRQ17 no longer affine to CPU3
[   11.935526] Entering suspend state LP1
[   11.935526] Suspended for 2.939 seconds
[   11.935543] Enabling non-boot CPUs ...
[   11.966336] CPU1 is up
[   12.006103] CPU2 is up
[   12.046297] CPU3 is up
[   12.047218] pcieport 0000:00:01.0: nv_msi_ht_cap_quirk didn't locate host bridge
[   12.073628] PM: noirq resume of devices complete after 27.317 msecs
[   12.075021] PM: early resume of devices complete after 0.872 msecs
[   12.636079] PM: resume of devices complete after 561.038 msecs
[   12.707599] Restarting tasks ... done.
root@(none):/# 
root@(none):/# rtcwake -d rtc1 -m mem -s 3
rtcwake: wakeup from "mem" using /dev/rtc1 at Thu Jan  1 00:00:37 1970
[   13.691018] PM: Syncing filesystems ... done.
[   13.705647] Freezing user space processes ... (elapsed 0.001 seconds) done.
[   13.713802] Freezing remaining freezable tasks ... (elapsed 0.001 seconds) done.
[   13.722462] Suspending console(s) (use no_console_suspend to debug)
[   13.809579] PM: suspend of devices complete after 79.799 msecs
[   13.812341] PM: late suspend of devices complete after 2.748 msecs
[   13.834385] PM: noirq suspend of devices complete after 22.033 msecs
[   13.834388] Disabling non-boot CPUs ...
[   13.907639] IRQ17 no longer affine to CPU2
[   13.995668] Entering suspend state LP1
[   13.995668] Suspended for 2.939 seconds
[   13.995686] Enabling non-boot CPUs ...
[   14.026335] CPU1 is up
[   14.066099] CPU2 is up
[   14.106354] CPU3 is up
[   14.107292] pcieport 0000:00:01.0: nv_msi_ht_cap_quirk didn't locate host bridge
[   14.133575] PM: noirq resume of devices complete after 27.209 msecs
[   14.136052] PM: early resume of devices complete after 1.972 msecs
[   14.690576] PM: resume of devices complete after 554.509 msecs
[   14.762137] Restarting tasks ... done.
root@(none):/# 
root@(none):/# rtcwake -d rtc1 -m mem -s 3
rtcwake: wakeup from "mem" using /dev/rtc1 at Thu Jan  1 00:00:42 1970
[   15.751024] PM: Syncing filesystems ... done.
[   15.764622] Freezing user space processes ... (elapsed 0.001 seconds) done.
[   15.772749] Freezing remaining freezable tasks ... (elapsed 0.001 seconds) done.
[   15.781403] Suspending console(s) (use no_console_suspend to debug)
[   15.824229] pci_generic_config_write32: 65 callbacks suppressed
[   15.824246] pci_bus 0000:00: 2-byte config write to 0000:00:01.0 offset 0x9c may corrupt adjacent RW1C bits
[   15.868516] PM: suspend of devices complete after 79.806 msecs
[   15.869754] PM: late suspend of devices complete after 1.228 msecs
[   15.870270] pci_bus 0000:01: 2-byte config write to 0000:01:00.0 offset 0x44 may corrupt adjacent RW1C bits
[   15.870289] pci_bus 0000:01: 2-byte config write to 0000:01:00.0 offset 0x44 may corrupt adjacent RW1C bits
[   15.894352] PM: noirq suspend of devices complete after 24.588 msecs
[   15.894355] Disabling non-boot CPUs ...
[   15.894815] IRQ17 no longer affine to CPU1
[   16.025704] Entering suspend state LP1
[   16.025704] Suspended for 2.969 seconds
[   16.025724] Enabling non-boot CPUs ...
[   16.056325] CPU1 is up
[   16.096078] CPU2 is up
[   16.136322] CPU3 is up
[   16.137194] pci_bus 0000:00: 2-byte config write to 0000:00:01.0 offset 0x4c may corrupt adjacent RW1C bits
[   16.137216] pci_bus 0000:00: 2-byte config write to 0000:00:01.0 offset 0x88 may corrupt adjacent RW1C bits
[   16.137224] pci_bus 0000:00: 2-byte config write to 0000:00:01.0 offset 0x90 may corrupt adjacent RW1C bits
[   16.137231] pci_bus 0000:00: 2-byte config write to 0000:00:01.0 offset 0x98 may corrupt adjacent RW1C bits
[   16.137235] pci_bus 0000:00: 2-byte config write to 0000:00:01.0 offset 0x9c may corrupt adjacent RW1C bits
[   16.137259] pci_bus 0000:00: 2-byte config write to 0000:00:01.0 offset 0x52 may corrupt adjacent RW1C bits
[   16.137267] pci_bus 0000:00: 2-byte config write to 0000:00:01.0 offset 0x52 may corrupt adjacent RW1C bits
[   16.137299] pcieport 0000:00:01.0: nv_msi_ht_cap_quirk didn't locate host bridge
[   16.173579] PM: noirq resume of devices complete after 37.246 msecs
[   16.175827] PM: early resume of devices complete after 1.892 msecs
[   16.718035] PM: resume of devices complete after 542.194 msecs
[   16.892627] Restarting tasks ... done.
root@(none):/# 
root@(none):/# rtcwake -d rtc1 -m mem -s 3
rtcwake: wakeup from "mem" using /dev/rtc1 at Thu Jan  1 00:00:47 1970
[   17.780966] PM: Syncing filesystems ... done.
[   17.796072] Freezing user space processes ... (elapsed 0.001 seconds) done.
[   17.804227] Freezing remaining freezable tasks ... (elapsed 0.001 seconds) done.
[   17.812884] Suspending console(s) (use no_console_suspend to debug)
[   17.898027] PM: suspend of devices complete after 77.821 msecs
[   17.901829] PM: late suspend of devices complete after 3.788 msecs
[   17.924333] PM: noirq suspend of devices complete after 22.494 msecs
[   17.924339] Disabling non-boot CPUs ...
[   18.036451] IRQ17 no longer affine to CPU3
[   18.085460] Entering suspend state LP1
[   18.085460] Suspended for 2.940 seconds
[   18.085477] Enabling non-boot CPUs ...
[   18.115861] CPU1 is up
[   18.156013] CPU2 is up
[   18.196249] CPU3 is up
[   18.197189] pcieport 0000:00:01.0: nv_msi_ht_cap_quirk didn't locate host bridge
[   18.223526] PM: noirq resume of devices complete after 27.266 msecs
[   18.225402] PM: early resume of devices complete after 1.376 msecs
[   18.785274] PM: resume of devices complete after 559.856 msecs
[   18.856815] Restarting tasks ... done.
root@(none):/# 
root@(none):/# rtcwake -d rtc1 -m mem -s 3
rtcwake: wakeup from "mem" using /dev/rtc1 at Thu Jan  1 00:00:52 1970
[   19.840956] PM: Syncing filesystems ... done.
[   19.855573] Freezing user space processes ... (elapsed 0.001 seconds) done.
[   19.863729] Freezing remaining freezable tasks ... (elapsed 0.001 seconds) done.
[   19.872379] Suspending console(s) (use no_console_suspend to debug)
[   19.958980] PM: suspend of devices complete after 79.288 msecs
[   19.963232] PM: late suspend of devices complete after 4.241 msecs
[   19.994329] PM: noirq suspend of devices complete after 31.084 msecs
[   19.994332] Disabling non-boot CPUs ...
[   20.057464] IRQ17 no longer affine to CPU2
[   20.145551] Entering suspend state LP1
[   20.145551] Suspended for 2.939 seconds
[   20.145572] Enabling non-boot CPUs ...
[   20.176263] CPU1 is up
[   20.216012] CPU2 is up
[   20.256170] CPU3 is up
[   20.257095] pcieport 0000:00:01.0: nv_msi_ht_cap_quirk didn't locate host bridge
[   20.283495] PM: noirq resume of devices complete after 27.312 msecs
[   20.285386] PM: early resume of devices complete after 1.392 msecs
[   20.844811] PM: resume of devices complete after 559.409 msecs
[   20.916363] Restarting tasks ... done.
root@(none):/# 
root@(none):/# rtcwake -d rtc1 -m mem -s 3
rtcwake: wakeup from "mem" using /dev/rtc1 at Thu Jan  1 00:00:57 1970
[   21.915374] PM: Syncing filesystems ... done.
[   21.929994] Freezing user space processes ... (elapsed 0.001 seconds) done.
[   21.938145] Freezing remaining freezable tasks ... (elapsed 0.001 seconds) done.
[   21.946807] Suspending console(s) (use no_console_suspend to debug)
[   21.995120] pci_generic_config_write32: 65 callbacks suppressed
[   21.995137] pci_bus 0000:00: 2-byte config write to 0000:00:01.0 offset 0x9c may corrupt adjacent RW1C bits
[   22.037975] PM: suspend of devices complete after 83.864 msecs
[   22.042238] PM: late suspend of devices complete after 4.253 msecs
[   22.042956] pci_bus 0000:01: 2-byte config write to 0000:01:00.0 offset 0x44 may corrupt adjacent RW1C bits
[   22.042975] pci_bus 0000:01: 2-byte config write to 0000:01:00.0 offset 0x44 may corrupt adjacent RW1C bits
[   22.064282] PM: noirq suspend of devices complete after 22.035 msecs
[   22.064286] Disabling non-boot CPUs ...
[   22.064739] IRQ17 no longer affine to CPU1
[   22.225540] Entering suspend state LP1
[   22.225540] Suspended for 2.919 seconds
[   22.225560] Enabling non-boot CPUs ...
[   22.256215] CPU1 is up
[   22.295985] CPU2 is up
[   22.336218] CPU3 is up
[   22.337091] pci_bus 0000:00: 2-byte config write to 0000:00:01.0 offset 0x4c may corrupt adjacent RW1C bits
[   22.337107] pci_bus 0000:00: 2-byte config write to 0000:00:01.0 offset 0x88 may corrupt adjacent RW1C bits
[   22.337114] pci_bus 0000:00: 2-byte config write to 0000:00:01.0 offset 0x90 may corrupt adjacent RW1C bits
[   22.337119] pci_bus 0000:00: 2-byte config write to 0000:00:01.0 offset 0x98 may corrupt adjacent RW1C bits
[   22.337124] pci_bus 0000:00: 2-byte config write to 0000:00:01.0 offset 0x9c may corrupt adjacent RW1C bits
[   22.337147] pci_bus 0000:00: 2-byte config write to 0000:00:01.0 offset 0x52 may corrupt adjacent RW1C bits
[   22.337154] pci_bus 0000:00: 2-byte config write to 0000:00:01.0 offset 0x52 may corrupt adjacent RW1C bits
[   22.337186] pcieport 0000:00:01.0: nv_msi_ht_cap_quirk didn't locate host bridge
[   22.363466] PM: noirq resume of devices complete after 27.238 msecs
[   22.365337] PM: early resume of devices complete after 1.360 msecs
[   22.926468] PM: resume of devices complete after 561.116 msecs
[   23.101099] Restarting tasks ... done.
root@(none):/# 
root@(none):/# rtcwake -d rtc1 -m mem -s 3
rtcwake: wakeup from "mem" using /dev/rtc1 at Thu Jan  1 00:01:02 1970
[   23.981856] PM: Syncing filesystems ... done.
[   23.996487] Freezing user space processes ... (elapsed 0.001 seconds) done.
[   24.004645] Freezing remaining freezable tasks ... (elapsed 0.001 seconds) done.
[   24.013294] Suspending console(s) (use no_console_suspend to debug)
[   24.097398] PM: suspend of devices complete after 76.786 msecs
[   24.098662] PM: late suspend of devices complete after 1.254 msecs
[   24.124262] PM: noirq suspend of devices complete after 25.591 msecs
[   24.124265] Disabling non-boot CPUs ...
[   24.177457] IRQ17 no longer affine to CPU2
[   24.265487] Entering suspend state LP1
[   24.265487] Suspended for 2.960 seconds
[   24.265507] Enabling non-boot CPUs ...
[   24.296171] CPU1 is up
[   24.335906] CPU2 is up
[   24.376170] CPU3 is up
[   24.377103] pcieport 0000:00:01.0: nv_msi_ht_cap_quirk didn't locate host bridge
[   24.403433] PM: noirq resume of devices complete after 27.250 msecs
[   24.406384] PM: early resume of devices complete after 2.427 msecs
[   24.947384] PM: resume of devices complete after 540.985 msecs
[   25.018952] Restarting tasks ... done.
root@(none):/# 
root@(none):/# rtcwake -d rtc1 -m mem -s 3
rtcwake: wakeup from "mem" using /dev/rtc1 at Thu Jan  1 00:01:07 1970
[   26.021795] PM: Syncing filesystems ... done.
[   26.036421] Freezing user space processes ... (elapsed 0.001 seconds) done.
[   26.044572] Freezing remaining freezable tasks ... (elapsed 0.001 seconds) done.
[   26.053215] Suspending console(s) (use no_console_suspend to debug)
[   26.138364] PM: suspend of devices complete after 77.838 msecs
[   26.141144] PM: late suspend of devices complete after 2.769 msecs
[   26.164217] PM: noirq suspend of devices complete after 23.061 msecs
[   26.164222] Disabling non-boot CPUs ...
[   26.164677] IRQ17 no longer affine to CPU1
[   26.325491] Entering suspend state LP1
[   26.325491] Suspended for 2.939 seconds
[   26.325508] Enabling non-boot CPUs ...
[   26.356162] CPU1 is up
[   26.395912] CPU2 is up
[   26.436089] CPU3 is up
[   26.437044] pcieport 0000:00:01.0: nv_msi_ht_cap_quirk didn't locate host bridge
[   26.463390] PM: noirq resume of devices complete after 27.289 msecs
[   26.464641] PM: early resume of devices complete after 0.901 msecs
[   27.020442] PM: resume of devices complete after 555.787 msecs
[   27.091970] Restarting tasks ... done.
root@(none):/# 
root@(none):/# NVTB SYSTEM SUSPEND TEST COMPLETE
