[    0.000000] Booting Linux on physical CPU 0x0
[    0.000000] Linux version 4.13.0-next-20170908-317861-gda52d783f036 (jonathanh@tamien) (gcc version 4.9.2 20140904 (prerelease) (crosstool-NG linaro-1.13.1-4.9-2014.09 - Linaro GCC 4.9-2014.09)) #1 SMP PREEMPT Mon Sep 11 15:40:55 PDT 2017
[    0.000000] Boot CPU: AArch64 Processor [411fd070]
[    0.000000] Machine model: linux,dummy-virt
[    0.000000] Memory limited to 1024MB
[    0.000000] efi: Getting EFI parameters from FDT:
[    0.000000] efi: UEFI not found.
[    0.000000] cma: Reserved 16 MiB at 0x000000007f000000
[    0.000000] NUMA: No NUMA configuration found
[    0.000000] NUMA: Faking a node at [mem 0x0000000000000000-0x000000007fffffff]
[    0.000000] NUMA: NODE_DATA [mem 0x7efeaf00-0x7efec9ff]
[    0.000000] Zone ranges:
[    0.000000]   DMA      [mem 0x0000000040000000-0x000000007fffffff]
[    0.000000]   Normal   empty
[    0.000000] Movable zone start for each node
[    0.000000] Early memory node ranges
[    0.000000]   node   0: [mem 0x0000000040000000-0x000000007fffffff]
[    0.000000] Initmem setup node 0 [mem 0x0000000040000000-0x000000007fffffff]
[    0.000000] psci: probing for conduit method from DT.
[    0.000000] psci: PSCIv0.2 detected in firmware.
[    0.000000] psci: Using standard PSCI v0.2 function IDs
[    0.000000] psci: Trusted OS migration not required
[    0.000000] random: fast init done
[    0.000000] percpu: Embedded 23 pages/cpu @ffff80003efd0000 s55552 r8192 d30464 u94208
[    0.000000] Detected PIPT I-cache on CPU0
[    0.000000] CPU features: enabling workaround for ARM erratum 832075
[    0.000000] CPU features: enabling workaround for ARM erratum 834220
[    0.000000] Built 1 zonelists, mobility grouping on.  Total pages: 258048
[    0.000000] Policy zone: DMA
[    0.000000] Kernel command line: root=/dev/vda2 rw rootwait mem=1024M console=ttyAMA0,38400n8 init=/bin/bash
[    0.000000] PID hash table entries: 4096 (order: 3, 32768 bytes)
[    0.000000] Memory: 999036K/1048576K available (9212K kernel code, 1144K rwdata, 4576K rodata, 1088K init, 404K bss, 33156K reserved, 16384K cma-reserved)
[    0.000000] Virtual kernel memory layout:
[    0.000000]     modules : 0xffff000000000000 - 0xffff000008000000   (   128 MB)
[    0.000000]     vmalloc : 0xffff000008000000 - 0xffff7dffbfff0000   (129022 GB)
[    0.000000]       .text : 0xffff000008080000 - 0xffff000008980000   (  9216 KB)
[    0.000000]     .rodata : 0xffff000008980000 - 0xffff000008e00000   (  4608 KB)
[    0.000000]       .init : 0xffff000008e00000 - 0xffff000008f10000   (  1088 KB)
[    0.000000]       .data : 0xffff000008f10000 - 0xffff00000902e200   (  1145 KB)
[    0.000000]        .bss : 0xffff00000902e200 - 0xffff000009093470   (   405 KB)
[    0.000000]     fixed   : 0xffff7dfffe7fd000 - 0xffff7dfffec00000   (  4108 KB)
[    0.000000]     PCI I/O : 0xffff7dfffee00000 - 0xffff7dffffe00000   (    16 MB)
[    0.000000]     vmemmap : 0xffff7e0000000000 - 0xffff800000000000   (  2048 GB maximum)
[    0.000000]               0xffff7e0000000000 - 0xffff7e0001000000   (    16 MB actual)
[    0.000000]     memory  : 0xffff800000000000 - 0xffff800040000000   (  1024 MB)
[    0.000000] SLUB: HWalign=64, Order=0-3, MinObjects=0, CPUs=1, Nodes=1
[    0.000000] Preemptible hierarchical RCU implementation.
[    0.000000] 	RCU restricting CPUs from NR_CPUS=64 to nr_cpu_ids=1.
[    0.000000] 	Tasks RCU enabled.
[    0.000000] RCU: Adjusting geometry for rcu_fanout_leaf=16, nr_cpu_ids=1
[    0.000000] NR_IRQS: 64, nr_irqs: 64, preallocated irqs: 0
[    0.000000] GICv2m: range[mem 0x08020000-0x08020fff], SPI[80:143]
[    0.000000] arch_timer: cp15 timer(s) running at 62.50MHz (virt).
[    0.000000] clocksource: arch_sys_counter: mask: 0xffffffffffffff max_cycles: 0x1cd42e208c, max_idle_ns: 881590405314 ns
[    0.000179] sched_clock: 56 bits at 62MHz, resolution 16ns, wraps every 4398046511096ns
[    0.009054] Console: colour dummy device 80x25
[    0.010468] Calibrating delay loop (skipped), value calculated using timer frequency.. 125.00 BogoMIPS (lpj=250000)
[    0.010807] pid_max: default: 32768 minimum: 301
[    0.012211] Security Framework initialized
[    0.014529] Dentry cache hash table entries: 131072 (order: 8, 1048576 bytes)
[    0.015845] Inode-cache hash table entries: 65536 (order: 7, 524288 bytes)
[    0.016074] Mount-cache hash table entries: 2048 (order: 2, 16384 bytes)
[    0.016169] Mountpoint-cache hash table entries: 2048 (order: 2, 16384 bytes)
[    0.064581] ASID allocator initialised with 65536 entries
[    0.072146] Hierarchical SRCU implementation.
[    0.090083] EFI services will not be available.
[    0.097575] smp: Bringing up secondary CPUs ...
[    0.097685] smp: Brought up 1 node, 1 CPU
[    0.097729] SMP: Total of 1 processors activated.
[    0.097851] CPU features: detected feature: 32-bit EL0 Support
[    0.099299] CPU: All CPU(s) started at EL1
[    0.100004] alternatives: patching kernel code
[    0.125998] devtmpfs: initialized
[    0.139527] Built 1 zonelists, mobility grouping on.  Total pages: 253855
[    0.139556] Policy zone: DMA
[    0.147935] clocksource: jiffies: mask: 0xffffffff max_cycles: 0xffffffff, max_idle_ns: 7645041785100000 ns
[    0.148125] futex hash table entries: 256 (order: 3, 32768 bytes)
[    0.150111] pinctrl core: initialized pinctrl subsystem
[    0.186034] DMI not present or invalid.
[    0.193569] NET: Registered protocol family 16
[    0.217590] cpuidle: using governor menu
[    0.219776] vdso: 2 pages (1 code @ ffff000008986000, 1 data @ ffff000008f15000)
[    0.220039] hw-breakpoint: found 6 breakpoint and 4 watchpoint registers.
[    0.228662] DMA: preallocated 256 KiB pool for atomic allocations
[    0.235922] Serial: AMBA PL011 UART driver
[    0.307601] 9000000.pl011: ttyAMA0 at MMIO 0x9000000 (irq = 39, base_baud = 0) is a PL011 rev1
[    0.335422] console [ttyAMA0] enabled
[    0.572427] HugeTLB registered 2.00 MiB page size, pre-allocated 0 pages
[    0.592749] ACPI: Interpreter disabled.
[    0.610334] vgaarb: loaded
[    0.614577] SCSI subsystem initialized
[    0.629632] usbcore: registered new interface driver usbfs
[    0.630788] usbcore: registered new interface driver hub
[    0.631578] usbcore: registered new device driver usb
[    0.642181] pps_core: LinuxPPS API ver. 1 registered
[    0.642479] pps_core: Software ver. 5.3.6 - Copyright 2005-2007 Rodolfo Giometti <giometti@linux.it>
[    0.643327] PTP clock support registered
[    0.646917] EDAC MC: Ver: 3.0.0
[    0.651695] dmi: Firmware registration failed.
[    0.656921] Advanced Linux Sound Architecture Driver Initialized.
[    0.671865] clocksource: Switched to clocksource arch_sys_counter
[    0.673240] VFS: Disk quotas dquot_6.6.0
[    0.673786] VFS: Dquot-cache hash table entries: 512 (order 0, 4096 bytes)
[    0.678322] pnp: PnP ACPI: disabled
[    0.765286] NET: Registered protocol family 2
[    0.772908] TCP established hash table entries: 8192 (order: 4, 65536 bytes)
[    0.773749] TCP bind hash table entries: 8192 (order: 5, 131072 bytes)
[    0.774395] TCP: Hash tables configured (established 8192 bind 8192)
[    0.776407] UDP hash table entries: 512 (order: 2, 16384 bytes)
[    0.776976] UDP-Lite hash table entries: 512 (order: 2, 16384 bytes)
[    0.778958] NET: Registered protocol family 1
[    0.791373] RPC: Registered named UNIX socket transport module.
[    0.792836] RPC: Registered udp transport module.
[    0.793323] RPC: Registered tcp transport module.
[    0.793770] RPC: Registered tcp NFSv4.1 backchannel transport module.
[    0.804406] hw perfevents: enabled with armv8_pmuv3 PMU driver, 1 counters available
[    0.805866] kvm [1]: HYP mode not available
[    0.828554] audit: initializing netlink subsys (disabled)
[    0.833709] audit: type=2000 audit(0.776:1): state=initialized audit_enabled=0 res=1
[    0.837630] workingset: timestamp_bits=44 max_order=18 bucket_order=0
[    0.923275] squashfs: version 4.0 (2009/01/31) Phillip Lougher
[    0.935046] NFS: Registering the id_resolver key type
[    0.936899] Key type id_resolver registered
[    0.937175] Key type id_legacy registered
[    0.937542] nfs4filelayout_init: NFSv4 File Layout Driver Registering...
[    0.939170] 9p: Installing v9fs 9p2000 file system support
[    0.956466] Block layer SCSI generic (bsg) driver version 0.4 loaded (major 246)
[    0.957007] io scheduler noop registered
[    0.958249] io scheduler cfq registered (default)
[    0.958553] io scheduler mq-deadline registered
[    0.958823] io scheduler kyber registered
[    1.017864] pl061_gpio 9030000.pl061: PL061 GPIO chip @0x0000000009030000 registered
[    1.034277] OF: PCI: host bridge /pcie@10000000 ranges:
[    1.035028] OF: PCI:    IO 0x3eff0000..0x3effffff -> 0x00000000
[    1.036372] OF: PCI:   MEM 0x10000000..0x3efeffff -> 0x10000000
[    1.036765] OF: PCI:   MEM 0x8000000000..0xffffffffff -> 0x8000000000
[    1.037771] pci-host-generic 3f000000.pcie: ECAM at [mem 0x3f000000-0x3fffffff] for [bus 00-0f]
[    1.040521] pci-host-generic 3f000000.pcie: PCI host bridge to bus 0000:00
[    1.041089] pci_bus 0000:00: root bus resource [bus 00-0f]
[    1.041457] pci_bus 0000:00: root bus resource [io  0x0000-0xffff]
[    1.041804] pci_bus 0000:00: root bus resource [mem 0x10000000-0x3efeffff]
[    1.042166] pci_bus 0000:00: root bus resource [mem 0x8000000000-0xffffffffff]
[    1.173926] Serial: 8250/16550 driver, 4 ports, IRQ sharing enabled
[    1.194776] SuperH (H)SCI(F) driver initialized
[    1.198863] msm_serial: driver initialized
[    1.206981] cacheinfo: Unable to detect cache hierarchy for CPU 0
[    1.272752] loop: module loaded
[    1.318387]  vda: vda1 vda2
[    1.377352] libphy: Fixed MDIO Bus: probed
[    1.388854] tun: Universal TUN/TAP device driver, 1.6
[    1.407480] e1000e: Intel(R) PRO/1000 Network Driver - 3.2.6-k
[    1.408500] e1000e: Copyright(c) 1999 - 2015 Intel Corporation.
[    1.409848] igb: Intel(R) Gigabit Ethernet Network Driver - version 5.4.0-k
[    1.410222] igb: Copyright (c) 2007-2014 Intel Corporation.
[    1.411216] igbvf: Intel(R) Gigabit Virtual Function Network Driver - version 2.4.0-k
[    1.411624] igbvf: Copyright (c) 2009 - 2012 Intel Corporation.
[    1.416174] sky2: driver version 1.30
[    1.421821] VFIO - User Level meta-driver version: 0.3
[    1.442406] ehci_hcd: USB 2.0 'Enhanced' Host Controller (EHCI) Driver
[    1.442976] ehci-pci: EHCI PCI platform driver
[    1.445799] ehci-platform: EHCI generic platform driver
[    1.447226] ehci-orion: EHCI orion driver
[    1.448749] ehci-exynos: EHCI EXYNOS driver
[    1.449996] ehci-msm: Qualcomm On-Chip EHCI Host Controller
[    1.451250] ohci_hcd: USB 1.1 'Open' Host Controller (OHCI) Driver
[    1.452427] ohci-pci: OHCI PCI platform driver
[    1.453211] ohci-platform: OHCI generic platform driver
[    1.454295] ohci-exynos: OHCI EXYNOS driver
[    1.460357] usbcore: registered new interface driver usb-storage
[    1.488175] rtc-pl031 9010000.pl031: rtc core: registered pl031 as rtc0
[    1.495080] i2c /dev entries driver
[    1.534163] sdhci: Secure Digital Host Controller Interface driver
[    1.534504] sdhci: Copyright(c) Pierre Ossman
[    1.537773] Synopsys Designware Multimedia Card Interface Driver
[    1.546826] sdhci-pltfm: SDHCI platform and OF driver helper
[    1.559402] ledtrig-cpu: registered to indicate activity on CPUs
[    1.573361] usbcore: registered new interface driver usbhid
[    1.573689] usbhid: USB HID core driver
[    1.597016] NET: Registered protocol family 17
[    1.598625] 9pnet: Installing 9P2000 support
[    1.599518] Key type dns_resolver registered
[    1.605039] registered taskstats version 1
[    1.616702] input: gpio-keys as /devices/platform/gpio-keys/input/input0
[    1.621286] rtc-pl031 9010000.pl031: setting system clock to 2017-09-11 22:41:46 UTC (1505169706)
[    1.622734] ALSA device list:
[    1.622947]   No soundcards found.
[    1.627549] uart-pl011 9000000.pl011: no DMA platform data
[    1.634933] EXT4-fs (vda2): couldn't mount as ext3 due to feature incompatibilities
[    1.703231] EXT4-fs (vda2): recovery complete
[    1.705306] EXT4-fs (vda2): mounted filesystem with ordered data mode. Opts: (null)
[    1.706108] VFS: Mounted root (ext4 filesystem) on device 254:2.
[    1.747257] devtmpfs: mounted
[    1.841379] Freeing unused kernel memory: 1088K
bash: cannot set terminal process group (-1): Inappropriate ioctl for device
bash: no job control in this shell
bash-4.3# 