

U-Boot 2015.04-00466-gedec83e90172 (Mar 14 2016 - 10:42:01)

TEGRA124
Model: Acer Chromebook 13 CB5-311
DRAM:  4 GiB
:   Tegra SD/MMC: 0, Tegra SD/MMC: 1, Tegra SD/MMC: 2
MMC init failed
Using default environment

In:    serial
Out:   serial
Err:   serial
Net:   Net Initialization Skipped
No ethernet found.
Hit any key to stop autoboot:  2  0 
Tegra124 (Nyan-big) # 
Tegra124 (Nyan-big) # usb start
starting USB...
USB0:   USB EHCI 1.10
scanning bus 0 for devices... 2 USB Device(s) found
USB1:   USB EHCI 1.10
scanning bus 1 for devices... 2 USB Device(s) found
       scanning usb for storage devices... 1 Storage Device(s) found
       scanning usb for ethernet devices... 
Warning: asx0 using MAC address from net device
1 Ethernet Device(s) found
Tegra124 (Nyan-big) # mw 0x7000e4a0 0x00080000
Tegra124 (Nyan-big) # setenv bootargs 'ignore_loglevel console=ttyS0,115200n8 rw root=PARTUUID=4d36e82a-b3c0-4b4b-bfcd-afe5217ac023 rootwait gpt debug noinitrd earlyprintk init=/bin/bash'
Tegra124 (Nyan-big) # setenv ipaddr 192.168.100.102; setenv serverip 192.168.100.1; setenv tftpserverip 192.168.100.1
Tegra124 (Nyan-big) # tftpboot 0x82000000 zImage.multi_v7_defconfig
Using asx0 device
TFTP from server 192.168.100.1; our IP address is 192.168.100.102
Filename 'zImage.multi_v7_defconfig'.
Load address: 0x82000000
Loading: *#################################################################
	 #################################################################
	 #################################################################
	 #################################################################
	 #################################################################
	 #################################################################
	 #################################################################
	 #################################################################
	 #########################
	 2.8 MiB/s
done
Bytes transferred = 7994648 (79fd18 hex)
Tegra124 (Nyan-big) # tftpboot 0x83000000 tegra124-nyan-big.dtb
Using asx0 device
TFTP from server 192.168.100.1; our IP address is 192.168.100.102
Filename 'tegra124-nyan-big.dtb'.
Load address: 0x83000000
Loading: *#####
	 2.6 MiB/s
done
Bytes transferred = 68183 (10a57 hex)
Tegra124 (Nyan-big) # bootz 0x82000000 - 0x83000000
Kernel image @ 0x82000000 [ 0x000000 - 0x79fd18 ]
## Flattened Device Tree blob at 83000000
   Booting using the fdt blob at 0x83000000
   Using Device Tree in place at 83000000, end 83013a56

Starting kernel ...

[    0.000000] Booting Linux on physical CPU 0x0
[    0.000000] Linux version 4.12.0-rc7-next-20170628-183157-g2ee9835 (jonathanh@sellafield) (gcc version 4.7.3 20130328 (prerelease) (crosstool-NG linaro-1.13.1-4.7-2013.04-20130415 - Linaro GCC 2013.04)) #1 SMP Mon Jul 3 13:38:32 PDT 2017
[    0.000000] CPU: ARMv7 Processor [413fc0f3] revision 3 (ARMv7), cr=10c5387d
[    0.000000] CPU: div instructions available: patching division code
[    0.000000] CPU: PIPT / VIPT nonaliasing data cache, PIPT instruction cache
[    0.000000] OF: fdt: Machine model: Acer Chromebook 13 CB5-311
[    0.000000] OF: fdt: Ignoring memory range 0x100000000 - 0x17ffff000
[    0.000000] debug: ignoring loglevel setting.
[    0.000000] Memory policy: Data cache writealloc
[    0.000000] efi: Getting EFI parameters from FDT:
[    0.000000] efi: UEFI not found.
[    0.000000] cma: Reserved 64 MiB at 0xfb800000
[    0.000000] On node 0 totalpages: 524287
[    0.000000] free_area_init_node: node 0, pgdat c157e540, node_mem_map eeff8000
[    0.000000]   DMA zone: 1536 pages used for memmap
[    0.000000]   DMA zone: 0 pages reserved
[    0.000000]   DMA zone: 196608 pages, LIFO batch:31
[    0.000000]   HighMem zone: 327679 pages, LIFO batch:31
[    0.000000] percpu: Embedded 17 pages/cpu @eef81000 s39488 r8192 d21952 u69632
[    0.000000] pcpu-alloc: s39488 r8192 d21952 u69632 alloc=17*4096
[    0.000000] pcpu-alloc: [0] 0 [0] 1 [0] 2 [0] 3 
[    0.000000] Built 1 zonelists in Zone order, mobility grouping on.  Total pages: 522751
[    0.000000] Kernel command line: ignore_loglevel console=ttyS0,115200n8 rw root=PARTUUID=4d36e82a-b3c0-4b4b-bfcd-afe5217ac023 rootwait gpt debug noinitrd earlyprintk init=/bin/bash
[    0.000000] PID hash table entries: 4096 (order: 2, 16384 bytes)
[    0.000000] Dentry cache hash table entries: 131072 (order: 7, 524288 bytes)
[    0.000000] Inode-cache hash table entries: 65536 (order: 6, 262144 bytes)
[    0.000000] Memory: 1994448K/2097148K available (10240K kernel code, 1560K rwdata, 4440K rodata, 2048K init, 402K bss, 37164K reserved, 65536K cma-reserved, 1245180K highmem)
[    0.000000] Virtual kernel memory layout:
[    0.000000]     vector  : 0xffff0000 - 0xffff1000   (   4 kB)
[    0.000000]     fixmap  : 0xffc00000 - 0xfff00000   (3072 kB)
[    0.000000]     vmalloc : 0xf0800000 - 0xff800000   ( 240 MB)
[    0.000000]     lowmem  : 0xc0000000 - 0xf0000000   ( 768 MB)
[    0.000000]     pkmap   : 0xbfe00000 - 0xc0000000   (   2 MB)
[    0.000000]     modules : 0xbf000000 - 0xbfe00000   (  14 MB)
[    0.000000]       .text : 0xc0208000 - 0xc0d00000   (11232 kB)
[    0.000000]       .init : 0xc1200000 - 0xc1400000   (2048 kB)
[    0.000000]       .data : 0xc1400000 - 0xc15862f0   (1561 kB)
[    0.000000]        .bss : 0xc158fcd4 - 0xc15f457c   ( 403 kB)
[    0.000000] SLUB: HWalign=64, Order=0-3, MinObjects=0, CPUs=4, Nodes=1
[    0.000000] Hierarchical RCU implementation.
[    0.000000] 	RCU event tracing is enabled.
[    0.000000] 	RCU restricting CPUs from NR_CPUS=16 to nr_cpu_ids=4.
[    0.000000] RCU: Adjusting geometry for rcu_fanout_leaf=16, nr_cpu_ids=4
[    0.000000] NR_IRQS: 16, nr_irqs: 16, preallocated irqs: 16
[    0.000000] /interrupt-controller@60004000: 160 interrupts forwarded to /interrupt-controller@50041000
[    0.000000] Tegra clk 127: register failed with -17
[    0.000004] sched_clock: 32 bits at 1000kHz, resolution 1000ns, wraps every 2147483647500ns
[    0.000012] clocksource: timer_us: mask: 0xffffffff max_cycles: 0xffffffff, max_idle_ns: 1911260446275 ns
[    0.000018] Switching to timer-based delay loop, resolution 1000ns
[    0.001751] arch_timer: cp15 timer(s) running at 12.00MHz (virt).
[    0.001758] clocksource: arch_sys_counter: mask: 0xffffffffffffff max_cycles: 0x2c47f4ee7, max_idle_ns: 440795202497 ns
[    0.001765] sched_clock: 56 bits at 12MHz, resolution 83ns, wraps every 4398046511096ns
[    0.001770] Switching to timer-based delay loop, resolution 83ns
[    0.001991] Console: colour dummy device 80x30
[    0.002005] Calibrating delay loop (skipped), value calculated using timer frequency.. 24.00 BogoMIPS (lpj=120000)
[    0.002012] pid_max: default: 32768 minimum: 301
[    0.002047] Mount-cache hash table entries: 2048 (order: 1, 8192 bytes)
[    0.002052] Mountpoint-cache hash table entries: 2048 (order: 1, 8192 bytes)
[    0.002241] CPU: Testing write buffer coherency: ok
[    0.002362] /cpus/cpu@0 missing clock-frequency property
[    0.002378] /cpus/cpu@1 missing clock-frequency property
[    0.002393] /cpus/cpu@2 missing clock-frequency property
[    0.002408] /cpus/cpu@3 missing clock-frequency property
[    0.002414] CPU0: thread -1, cpu 0, socket 0, mpidr 80000000
[    0.002530] Setting up static identity map for 0x80300000 - 0x803000a0
[    0.003238] Hierarchical SRCU implementation.
[    0.003913] Tegra Revision: A01 SKU: 131 CPU Process: 1 SoC Process: 1
[    0.004181] EFI services will not be available.
[    0.004239] smp: Bringing up secondary CPUs ...
[    0.004517] CPU1: thread -1, cpu 1, socket 0, mpidr 80000001
[    0.011979] CPU2: thread -1, cpu 2, socket 0, mpidr 80000002
[    0.021996] CPU3: thread -1, cpu 3, socket 0, mpidr 80000003
[    0.031724] smp: Brought up 1 node, 4 CPUs
[    0.031731] SMP: Total of 4 processors activated (96.00 BogoMIPS).
[    0.031735] CPU: All CPU(s) started in SVC mode.
[    0.032283] devtmpfs: initialized
[    0.038015] VFP support v0.3: implementor 41 architecture 4 part 30 variant f rev 0
[    0.038211] clocksource: jiffies: mask: 0xffffffff max_cycles: 0xffffffff, max_idle_ns: 19112604462750000 ns
[    0.038218] futex hash table entries: 1024 (order: 4, 65536 bytes)
[    0.038784] pinctrl core: initialized pinctrl subsystem
[    0.039438] DMI not present or invalid.
[    0.039519] random: get_random_u32 called from bucket_table_alloc+0xe8/0x254 with crng_init=0
[    0.039554] NET: Registered protocol family 16
[    0.040315] DMA: preallocated 256 KiB pool for atomic coherent allocations
[    0.041191] cpuidle: using governor menu
[    0.050094] No ATAGs?
[    0.050148] hw-breakpoint: found 5 (+1 reserved) breakpoint and 4 watchpoint registers.
[    0.050154] hw-breakpoint: maximum watchpoint size is 8 bytes.
[    0.052981] Serial: AMBA PL011 UART driver
[    0.053342] tegra-mc 70019000.memory-controller: no memory timings for RAM code 0 registered
[    0.058889] AT91: Could not find identification node
[    0.059100] +5V_SYS: supplied by +VDD_MUX
[    0.059199] +3.3V_SYS: supplied by +VDD_MUX
[    0.059416] +VDD_LED: Failed to request enable GPIO122: -517
[    0.059422] reg-fixed-voltage regulators:regulator@5: Failed to register regulator: -517
[    0.059457] +5V_VDD_TS_SW: Failed to request enable GPIO81: -517
[    0.059462] reg-fixed-voltage regulators:regulator@6: Failed to register regulator: -517
[    0.059496] +5V_USB_HS: Failed to request enable GPIO108: -517
[    0.059501] reg-fixed-voltage regulators:regulator@7: Failed to register regulator: -517
[    0.059534] +5V_USB_SS: Failed to request enable GPIO109: -517
[    0.059538] reg-fixed-voltage regulators:regulator@8: Failed to register regulator: -517
[    0.059629] +1.05V_RUN_AVDD_HDMI_PLL: Failed to request enable GPIO63: -517
[    0.059634] reg-fixed-voltage regulators:regulator@11: Failed to register regulator: -517
[    0.059667] +5V_HDMI_CON: Failed to request enable GPIO86: -517
[    0.059672] reg-fixed-voltage regulators:regulator@12: Failed to register regulator: -517
[    0.060689] vgaarb: loaded
[    0.060969] SCSI subsystem initialized
[    0.061036] libata version 3.00 loaded.
[    0.061122] usbcore: registered new interface driver usbfs
[    0.061145] usbcore: registered new interface driver hub
[    0.061165] usbcore: registered new device driver usb
[    0.062495] pps_core: LinuxPPS API ver. 1 registered
[    0.062499] pps_core: Software ver. 5.3.6 - Copyright 2005-2007 Rodolfo Giometti <giometti@linux.it>
[    0.062507] PTP clock support registered
[    0.062573] EDAC MC: Ver: 3.0.0
[    0.062700] dmi: Firmware registration failed.
[    0.063000] tegra-emc 7001b000.emc: no memory timings for RAM code 0 found in DT
[    0.063009] tegra-emc: probe of 7001b000.emc failed with error -2
[    0.063450] clocksource: Switched to clocksource arch_sys_counter
[    0.082709] NET: Registered protocol family 2
[    0.082906] TCP established hash table entries: 8192 (order: 3, 32768 bytes)
[    0.082940] TCP bind hash table entries: 8192 (order: 4, 65536 bytes)
[    0.083003] TCP: Hash tables configured (established 8192 bind 8192)
[    0.083036] UDP hash table entries: 512 (order: 2, 16384 bytes)
[    0.083051] UDP-Lite hash table entries: 512 (order: 2, 16384 bytes)
[    0.083107] NET: Registered protocol family 1
[    0.083271] RPC: Registered named UNIX socket transport module.
[    0.083275] RPC: Registered udp transport module.
[    0.083278] RPC: Registered tcp transport module.
[    0.083281] RPC: Registered tcp NFSv4.1 backchannel transport module.
[    0.083287] PCI: CLS 0 bytes, default 64
[    0.083862] hw perfevents: enabled with armv7_cortex_a15 PMU driver, 7 counters available
[    0.084525] workingset: timestamp_bits=30 max_order=19 bucket_order=0
[    0.087311] squashfs: version 4.0 (2009/01/31) Phillip Lougher
[    0.087577] NFS: Registering the id_resolver key type
[    0.087589] Key type id_resolver registered
[    0.087593] Key type id_legacy registered
[    0.087611] ntfs: driver 2.1.32 [Flags: R/O].
[    0.087861] random: fast init done
[    0.088219] bounce: pool size: 64 pages
[    0.088237] Block layer SCSI generic (bsg) driver version 0.4 loaded (major 248)
[    0.088241] io scheduler noop registered
[    0.088244] io scheduler deadline registered
[    0.088299] io scheduler cfq registered (default)
[    0.088303] io scheduler mq-deadline registered
[    0.088306] io scheduler kyber registered
[    0.089532] tegra-xusb-padctl 7009f000.padctl: failed to setup XUSB ports: -517
[    0.100107] tegra-apbdma 60020000.dma: Tegra20 APB DMA driver register 32 channels
[    0.100987] tegra-pmc 7000e400.pmc: i2c-thermtrip node not found, emergency thermal reset disabled.
[    0.118909] Serial: 8250/16550 driver, 4 ports, IRQ sharing disabled
[    0.119957] console [ttyS0] disabled
[    0.119976] 70006000.serial: ttyS0 at MMIO 0x70006000 (irq = 333, base_baud = 25500000) is a Tegra
[    1.032455] console [ttyS0] enabled
[    1.036231] SuperH (H)SCI(F) driver initialized
[    1.041111] msm_serial: driver initialized
[    1.045265] STMicroelectronics ASC driver initialized
[    1.052323] tegra-hdmi 54280000.hdmi: failed to get HDMI regulator
[    1.058866] tegra-dpaux 545c0000.dpaux: failed to get VDD supply: -517
[    1.066342] panel-simple panel: panel supply power not found, using dummy regulator
[    1.077024] brd: module loaded
[    1.082487] loop: module loaded
[    1.086574] as3722 4-0040: AS3722 with revision 0x1 found
[    1.096621] as3722-sd2: supplied by +5V_SYS
[    1.101025] as3722-sd3: supplied by +5V_SYS
[    1.105367] +1.35V_LP0(sd3): Bringing 0uV into 1350000-1350000uV
[    1.111536] as3722-sd4: supplied by +5V_SYS
[    1.115915] +1.05V_RUN: Bringing 0uV into 1050000-1050000uV
[    1.121652] as3722-sd5: supplied by +5V_SYS
[    1.127233] as3722-ldo0: supplied by +1.35V_LP0(sd2)
[    1.132956] +1.8V_RUN_CAM: Bringing 0uV into 1800000-1800000uV
[    1.138970] as3722-ldo2: supplied by +1.8V_VDDIO
[    1.144585] as3722-ldo3: supplied by +3.3V_SYS
[    1.149034] +1.00V_LP0_VDD_RTC: Bringing 1100000uV into 1000000-1000000uV
[    1.156603] as3722-ldo4: supplied by +3.3V_SYS
[    1.161193] +3.3V_RUN_CAM: Bringing 0uV into 2800000-2800000uV
[    1.167200] as3722-ldo5: supplied by +1.8V_VDDIO
[    1.171963] +1.2V_RUN_CAM_FRONT: Bringing 0uV into 1200000-1200000uV
[    1.178649] +VDDIO_SDMMC3: Bringing 0uV into 1800000-1800000uV
[    1.184671] as3722-ldo7: supplied by +1.8V_VDDIO
[    1.189435] +1.05V_RUN_CAM_REAR: Bringing 0uV into 1050000-1050000uV
[    1.195973] as3722-ldo9: supplied by +5V_SYS
[    1.200535] +2.8V_RUN_TOUCH: Bringing 0uV into 2800000-2800000uV
[    1.206739] as3722-ldo10: supplied by +5V_SYS
[    1.211240] +2.8V_RUN_CAM_AF: Bringing 0uV into 2800000-2800000uV
[    1.217672] +1.8V_RUN_VPP_FUSE: Bringing 0uV into 1800000-1800000uV
[    1.236017] m25p80 spi32765.0: w25q32dw (4096 Kbytes)
[    1.242063] libphy: Fixed MDIO Bus: probed
[    1.246556] CAN device driver interface
[    1.250696] bgmac_bcma: Broadcom 47xx GBit MAC driver loaded
[    1.256811] e1000e: Intel(R) PRO/1000 Network Driver - 3.2.6-k
[    1.262627] e1000e: Copyright(c) 1999 - 2015 Intel Corporation.
[    1.268554] igb: Intel(R) Gigabit Ethernet Network Driver - version 5.4.0-k
[    1.275504] igb: Copyright (c) 2007-2014 Intel Corporation.
[    1.282360] pegasus: v0.9.3 (2013/04/25), Pegasus/Pegasus II USB Ethernet driver
[    1.289766] usbcore: registered new interface driver pegasus
[    1.295431] usbcore: registered new interface driver asix
[    1.300825] usbcore: registered new interface driver ax88179_178a
[    1.306919] usbcore: registered new interface driver cdc_ether
[    1.312751] usbcore: registered new interface driver smsc75xx
[    1.318504] usbcore: registered new interface driver smsc95xx
[    1.324251] usbcore: registered new interface driver net1080
[    1.329905] usbcore: registered new interface driver cdc_subset
[    1.335824] usbcore: registered new interface driver zaurus
[    1.341399] usbcore: registered new interface driver cdc_ncm
[    1.347719] ehci_hcd: USB 2.0 'Enhanced' Host Controller (EHCI) Driver
[    1.354239] ehci-pci: EHCI PCI platform driver
[    1.358684] ehci-platform: EHCI generic platform driver
[    1.363970] ehci-orion: EHCI orion driver
[    1.368021] SPEAr-ehci: EHCI SPEAr driver
[    1.372068] ehci-st: EHCI STMicroelectronics driver
[    1.376985] ehci-exynos: EHCI EXYNOS driver
[    1.381209] ehci-atmel: EHCI Atmel driver
[    1.385258] tegra-ehci: Tegra EHCI driver
[    1.389319] ohci_hcd: USB 1.1 'Open' Host Controller (OHCI) Driver
[    1.395492] ohci-pci: OHCI PCI platform driver
[    1.399934] ohci-platform: OHCI generic platform driver
[    1.405213] SPEAr-ohci: OHCI SPEAr driver
[    1.409256] ohci-st: OHCI STMicroelectronics driver
[    1.414174] ohci-atmel: OHCI Atmel driver
[    1.418433] usbcore: registered new interface driver usb-storage
[    1.425570] elan_i2c 1-0015: 1-0015 supply vcc not found, using dummy regulator
[    1.434148] as3722-rtc as3722-rtc: rtc core: registered as3722-rtc as rtc0
[    1.441012] as3722-rtc as3722-rtc: RTC interrupt 372
[    1.447970] tegra_rtc 7000e000.rtc: rtc core: registered 7000e000.rtc as rtc1
[    1.455110] tegra_rtc 7000e000.rtc: Tegra internal Real Time Clock
[    1.461454] i2c /dev entries driver
[    1.467369] lm90 0-004c: 0-004c supply vcc not found, using dummy regulator
[    1.478786] sdhci: Secure Digital Host Controller Interface driver
[    1.484968] sdhci: Copyright(c) Pierre Ossman
[    1.489852] Synopsys Designware Multimedia Card Interface Driver
[    1.496294] sdhci-pltfm: SDHCI platform and OF driver helper
[    1.502225] sdhci-tegra 700b0000.sdhci: allocated mmc-pwrseq
[    1.516031] sdhci-tegra 700b0400.sdhci: Got CD GPIO
[    1.520901] sdhci-tegra 700b0400.sdhci: Got WP GPIO
[    1.541570] mmc0: Unknown controller version (3). You may experience problems.
[    1.548813] mmc0: Invalid maximum block size, assuming 512 bytes
[    1.613457] mmc0: SDHCI controller on 700b0600.sdhci [700b0600.sdhci] using ADMA
[    1.621423] elan_i2c 1-0015: Elan Touchpad: Module ID: 0x002a, Firmware: 0x0005, Sample: 0x0007, IAP: 0x0009
[    1.631297] ledtrig-cpu: registered to indicate activity on CPUs
[    1.631422] input: Elan Touchpad as /devices/soc0/7000c400.i2c/i2c-1/1-0015/input/input0
[    1.645499] usbcore: registered new interface driver usbhid
[    1.651056] usbhid: USB HID core driver
[    1.656371] NET: Registered protocol family 10
[    1.661120] Segment Routing with IPv6
[    1.664797] sit: IPv6, IPv4 and MPLS over IPv4 tunneling driver
[    1.670933] NET: Registered protocol family 17
[    1.673310] mmc0: new high speed MMC card at address 0001
[    1.673510] mmcblk0: mmc0:0001 MMC16G 14.4 GiB 
[    1.673574] mmcblk0boot0: mmc0:0001 MMC16G partition 1 2.00 MiB
[    1.673642] mmcblk0boot1: mmc0:0001 MMC16G partition 2 2.00 MiB
[    1.673703] mmcblk0rpmb: mmc0:0001 MMC16G partition 3 128 KiB
[    1.676527]  mmcblk0: p1 p2 p3 p4 p5 p6 p7 p8 p9 p10 p11 p12
[    1.708450] can: controller area network core (rev 20170425 abi 9)
[    1.714638] NET: Registered protocol family 29
[    1.719068] can: raw protocol (rev 20170425)
[    1.723325] can: broadcast manager protocol (rev 20170425 t)
[    1.728978] can: netlink gateway (rev 20170425) max_hops=1
[    1.734596] Key type dns_resolver registered
[    1.739077] ThumbEE CPU extension supported.
[    1.743336] Registering SWP/SWPB emulation handler
[    1.752791] +3.3V_RUN: supplied by +3.3V_SYS
[    1.757785] +VDD_LED: supplied by +VDD_MUX
[    1.761960] +3.3V_AVDD_HDMI_AP_GATED: supplied by +3.3V_RUN
[    1.767635] +1.8V_RUN_CAM: supplied by +3.3V_RUN
[    1.772270] +VDDIO_SDMMC3: supplied by +3.3V_RUN
[    1.777000] +1.8V_RUN_VPP_FUSE: supplied by +3.3V_RUN
[    1.782256] +5V_VDD_TS_SW: supplied by +5V_SYS
[    1.787053] +5V_USB_HS: supplied by +5V_SYS
[    1.791405] +5V_USB_SS: supplied by +5V_SYS
[    1.796733] +3.3V_PANEL: supplied by +3.3V_RUN
[    1.802030] +3.3V_LP0: supplied by +3.3V_SYS
[    1.807138] +1.05V_RUN_AVDD_HDMI_PLL: supplied by +1.05V_RUN
[    1.813135] +5V_HDMI_CON: supplied by +5V_SYS
[    1.818353]  usb3-0: usb3-0 supply vbus not found, using dummy regulator
[    1.825154]  usb3-1: usb3-1 supply vbus not found, using dummy regulator
[    1.831954] elan_i2c 1-0015: failed to read report data: -121
[    1.840985] tegra-sor 54540000.sor: failed to probe output: -517
[    1.847755] panel-simple panel: panel supply power not found, using dummy regulator
[    1.856150] sdhci-tegra 700b0000.sdhci: allocated mmc-pwrseq
[    1.870082] mmc1: Unknown controller version (3). You may experience problems.
[    1.877346] mmc1: Invalid maximum block size, assuming 512 bytes
[    1.883535] mmc1: Switching to 3.3V signalling voltage failed
[    1.943543] mmc1: SDHCI controller on 700b0000.sdhci [700b0000.sdhci] using ADMA
[    1.951675] sdhci-tegra 700b0400.sdhci: Got CD GPIO
[    1.956579] sdhci-tegra 700b0400.sdhci: Got WP GPIO
[    1.961528] elan_i2c 1-0015: invalid report id data (ff)
[    1.971374] mmc2: Unknown controller version (3). You may experience problems.
[    1.978702] mmc2: Invalid maximum block size, assuming 512 bytes
[    2.017219] mmc1: new high speed SDIO card at address 0001
[    2.043560] mmc2: SDHCI controller on 700b0400.sdhci [700b0400.sdhci] using ADMA
[    2.056837] input: gpio-keys as /devices/soc0/gpio-keys/input/input1
[    2.064702] as3722-rtc as3722-rtc: setting system clock to 2000-01-01 00:19:46 UTC (946685986)
[    2.073717] +3.3V_AVDD_HDMI_AP_GATED: disabling
[    2.078244] +1.05V_RUN: disabling
[    2.081706] +1.8V_RUN_CAM: disabling
[    2.085541] +3.3V_RUN_CAM: disabling
[    2.089278] +1.2V_RUN_CAM_FRONT: disabling
[    2.094531] +1.05V_RUN_CAM_REAR: disabling
[    2.100756] +2.8V_RUN_TOUCH: disabling
[    2.104775] +2.8V_RUN_CAM_AF: disabling
[    2.108770] +1.8V_RUN_VPP_FUSE: disabling
[    2.112939] +VDD_LED: disabling
[    2.116116] +5V_VDD_TS_SW: disabling
[    2.119691] +5V_USB_HS: disabling
[    2.122998] +5V_USB_SS: disabling
[    2.126330] +3.3V_PANEL: disabling
[    2.129732] +1.05V_RUN_AVDD_HDMI_PLL: disabling
[    2.134289] +5V_HDMI_CON: disabling
[    2.138707] EXT4-fs (mmcblk0p3): couldn't mount as ext3 due to feature incompatibilities
[    2.147380] EXT4-fs (mmcblk0p3): couldn't mount as ext2 due to feature incompatibilities
[    2.224806] EXT4-fs (mmcblk0p3): recovery complete
[    2.230353] EXT4-fs (mmcblk0p3): mounted filesystem with ordered data mode. Opts: (null)
[    2.235667] mmc2: new high speed SDHC card at address 0007
[    2.235892] mmcblk2: mmc2:0007 SD08G 7.42 GiB 
[    2.245320] GPT:Primary header alternate_lba != Alt. header my_lba
[    2.245324] GPT:3014591 != 15564799
[    2.245326] GPT:Primary header thinks Alt. header is not at the end of the disk.
[    2.245328] GPT:3014591 != 15564799
[    2.245329] GPT: Use GNU Parted to correct GPT errors.
[    2.245355]  mmcblk2: p1 p2 p3 p4 p5 p6 p7 p8 p9 p10 p11 p12
[    2.279702] VFS: Mounted root (ext4 filesystem) on device 179:3.
[    2.286383] devtmpfs: mounted
[    2.290005] Freeing unused kernel memory: 2048K
bash: cannot set terminal process group (-1): Inappropriate ioctl for device
bash: no job control in this shell
root@(none):/# mount -t sysfs none /sys
root@(none):/# 
root@(none):/# mount -t debugfs none /sys/kernel/debug
root@(none):/# 
root@(none):/# rtcwake -d rtc1 -m mem -s 3
rtcwake: assuming RTC uses UTC ...
rtcwake: wakeup from "mem" using /dev/rtc1 at Thu Jan  1 00:00:27 1970
[    4.773743] PM: Syncing filesystems ... done.
[    4.779806] Freezing user space processes ... (elapsed 0.001 seconds) done.
[    4.787949] OOM killer disabled.
[    4.791171] Freezing remaining freezable tasks ... (elapsed 0.001 seconds) done.
[    4.799768] Suspending console(s) (use no_console_suspend to debug)
[    4.826925] Disabling non-boot CPUs ...
[    4.883694] IRQ352 no longer affine to CPU1
[    4.973736] IRQ353 no longer affine to CPU2
[    5.073623] IRQ17 no longer affine to CPU3
[    5.073729] IRQ354 no longer affine to CPU3
[    5.104956] Entering suspend state LP1
[    5.104956] Suspended for 3.053 seconds
[    5.104966] Enabling non-boot CPUs ...
[    5.135080] CPU1 is up
[    5.174916] CPU2 is up
[    5.215135] CPU3 is up
[    5.373593] mmc1: Switching to 3.3V signalling voltage failed
[    5.511055] OOM killer enabled.
[    5.514190] Restarting tasks ... done.
root@(none):/# 
root@(none):/# rtcwake -d rtc1 -m mem -s 3
rtcwake: assuming RTC uses UTC ...
rtcwake: wakeup from "mem" using /dev/rtc1 at Thu Jan  1 00:00:32 1970
[    6.802693] PM: Syncing filesystems ... done.
[    6.808316] Freezing user space processes ... (elapsed 0.001 seconds) done.
[    6.816359] OOM killer disabled.
[    6.819575] Freezing remaining freezable tasks ... (elapsed 0.001 seconds) done.
[    6.828134] Suspending console(s) (use no_console_suspend to debug)
[    6.853739] Disabling non-boot CPUs ...
[    6.893639] IRQ352 no longer affine to CPU1
[    6.993726] IRQ353 no longer affine to CPU2
[    7.103656] IRQ354 no longer affine to CPU3
[    7.154802] Entering suspend state LP1
[    7.154802] Suspended for 2.949 seconds
[    7.154813] Enabling non-boot CPUs ...
[    7.185052] CPU1 is up
[    7.224894] CPU2 is up
[    7.265114] CPU3 is up
[    7.423620] mmc1: Switching to 3.3V signalling voltage failed
[    7.552332] OOM killer enabled.
[    7.555468] Restarting tasks ... done.
root@(none):/# 
root@(none):/# rtcwake -d rtc1 -m mem -s 3
rtcwake: assuming RTC uses UTC ...
rtcwake: wakeup from "mem" using /dev/rtc1 at Thu Jan  1 00:00:37 1970
[    8.852461] PM: Syncing filesystems ... done.
[    8.858015] Freezing user space processes ... (elapsed 0.001 seconds) done.
[    8.866137] OOM killer disabled.
[    8.869356] Freezing remaining freezable tasks ... (elapsed 0.001 seconds) done.
[    8.877959] Suspending console(s) (use no_console_suspend to debug)
[    8.904086] Disabling non-boot CPUs ...
[    8.953617] IRQ352 no longer affine to CPU1
[    9.063594] IRQ17 no longer affine to CPU2
[    9.063702] IRQ353 no longer affine to CPU2
[    9.224787] Entering suspend state LP1
[    9.224787] Suspended for 2.929 seconds
[    9.224798] Enabling non-boot CPUs ...
[    9.255031] CPU1 is up
[    9.294873] CPU2 is up
[    9.335085] CPU3 is up
[    9.493572] mmc1: Switching to 3.3V signalling voltage failed
[    9.626835] OOM killer enabled.
[    9.629964] Restarting tasks ... done.
root@(none):/# 
root@(none):/# rtcwake -d rtc1 -m mem -s 3
rtcwake: assuming RTC uses UTC ...
rtcwake: wakeup from "mem" using /dev/rtc1 at Thu Jan  1 00:00:42 1970
[   10.921737] PM: Syncing filesystems ... done.
[   10.927298] Freezing user space processes ... (elapsed 0.001 seconds) done.
[   10.935419] OOM killer disabled.
[   10.938638] Freezing remaining freezable tasks ... (elapsed 0.001 seconds) done.
[   10.947239] Suspending console(s) (use no_console_suspend to debug)
[   10.973773] Disabling non-boot CPUs ...
[   11.013595] migrate_irqs: 1 callbacks suppressed
[   11.013598] IRQ352 no longer affine to CPU1
[   11.113708] IRQ353 no longer affine to CPU2
[   11.213639] IRQ354 no longer affine to CPU3
[   11.264762] Entering suspend state LP1
[   11.264762] Suspended for 2.959 seconds
[   11.264773] Enabling non-boot CPUs ...
[   11.295002] CPU1 is up
[   11.334855] CPU2 is up
[   11.375067] CPU3 is up
[   11.533615] mmc1: Switching to 3.3V signalling voltage failed
[   11.671462] OOM killer enabled.
[   11.674601] Restarting tasks ... done.
root@(none):/# 
root@(none):/# rtcwake -d rtc1 -m mem -s 3
rtcwake: assuming RTC uses UTC ...
rtcwake: wakeup from "mem" using /dev/rtc1 at Thu Jan  1 00:00:47 1970
[   12.961712] PM: Syncing filesystems ... done.
[   12.967274] Freezing user space processes ... (elapsed 0.001 seconds) done.
[   12.975395] OOM killer disabled.
[   12.978614] Freezing remaining freezable tasks ... (elapsed 0.001 seconds) done.
[   12.987204] Suspending console(s) (use no_console_suspend to debug)
[   13.012932] Disabling non-boot CPUs ...
[   13.073571] IRQ352 no longer affine to CPU1
[   13.173646] IRQ353 no longer affine to CPU2
[   13.273618] IRQ354 no longer affine to CPU3
[   13.324744] Entering suspend state LP1
[   13.324744] Suspended for 2.939 seconds
[   13.324754] Enabling non-boot CPUs ...
[   13.354995] CPU1 is up
[   13.394838] CPU2 is up
[   13.435041] CPU3 is up
[   13.593560] mmc1: Switching to 3.3V signalling voltage failed
[   13.726890] OOM killer enabled.
[   13.730019] Restarting tasks ... done.
root@(none):/# 
root@(none):/# rtcwake -d rtc1 -m mem -s 3
rtcwake: assuming RTC uses UTC ...
rtcwake: wakeup from "mem" using /dev/rtc1 at Thu Jan  1 00:00:52 1970
[   15.022597] PM: Syncing filesystems ... done.
[   15.028216] Freezing user space processes ... (elapsed 0.001 seconds) done.
[   15.036329] OOM killer disabled.
[   15.039545] Freezing remaining freezable tasks ... (elapsed 0.001 seconds) done.
[   15.048108] Suspending console(s) (use no_console_suspend to debug)
[   15.073496] Disabling non-boot CPUs ...
[   15.133530] IRQ352 no longer affine to CPU1
[   15.233623] IRQ353 no longer affine to CPU2
[   15.343446] IRQ17 no longer affine to CPU3
[   15.343553] IRQ354 no longer affine to CPU3
[   15.374704] Entering suspend state LP1
[   15.374704] Suspended for 2.949 seconds
[   15.374715] Enabling non-boot CPUs ...
[   15.404950] CPU1 is up
[   15.444785] CPU2 is up
[   15.485007] CPU3 is up
[   15.643570] mmc1: Switching to 3.3V signalling voltage failed
[   15.780889] OOM killer enabled.
[   15.784024] Restarting tasks ... done.
root@(none):/# 
root@(none):/# rtcwake -d rtc1 -m mem -s 3
rtcwake: assuming RTC uses UTC ...
rtcwake: wakeup from "mem" using /dev/rtc1 at Thu Jan  1 00:00:57 1970
[   17.072607] PM: Syncing filesystems ... done.
[   17.078325] Freezing user space processes ... (elapsed 0.001 seconds) done.
[   17.086384] OOM killer disabled.
[   17.089600] Freezing remaining freezable tasks ... (elapsed 0.001 seconds) done.
[   17.098148] Suspending console(s) (use no_console_suspend to debug)
[   17.123664] Disabling non-boot CPUs ...
[   17.193497] IRQ352 no longer affine to CPU1
[   17.303491] IRQ17 no longer affine to CPU2
[   17.303601] IRQ353 no longer affine to CPU2
[   17.403557] IRQ354 no longer affine to CPU3
[   17.454678] Entering suspend state LP1
[   17.454678] Suspended for 2.919 seconds
[   17.454688] Enabling non-boot CPUs ...
[   17.484928] CPU1 is up
[   17.524755] CPU2 is up
[   17.564982] CPU3 is up
[   17.723480] mmc1: Switching to 3.3V signalling voltage failed
[   17.860855] OOM killer enabled.
[   17.863991] Restarting tasks ... done.
root@(none):/# 
root@(none):/# rtcwake -d rtc1 -m mem -s 3
rtcwake: assuming RTC uses UTC ...
rtcwake: wakeup from "mem" using /dev/rtc1 at Thu Jan  1 00:01:02 1970
[   19.152579] PM: Syncing filesystems ... done.
[   19.158303] Freezing user space processes ... (elapsed 0.001 seconds) done.
[   19.166433] OOM killer disabled.
[   19.169652] Freezing remaining freezable tasks ... (elapsed 0.001 seconds) done.
[   19.178246] Suspending console(s) (use no_console_suspend to debug)
[   19.204852] Disabling non-boot CPUs ...
[   19.243476] IRQ352 no longer affine to CPU1
[   19.373461] IRQ17 no longer affine to CPU2
[   19.373569] IRQ353 no longer affine to CPU2
[   19.473533] IRQ354 no longer affine to CPU3
[   19.524666] Entering suspend state LP1
[   19.524666] Suspended for 2.929 seconds
[   19.524676] Enabling non-boot CPUs ...
[   19.554888] CPU1 is up
[   19.594738] CPU2 is up
[   19.634954] CPU3 is up
[   19.793489] mmc1: Switching to 3.3V signalling voltage failed
[   19.930765] OOM killer enabled.
[   19.933900] Restarting tasks ... done.
root@(none):/# 
root@(none):/# rtcwake -d rtc1 -m mem -s 3
rtcwake: assuming RTC uses UTC ...
rtcwake: wakeup from "mem" using /dev/rtc1 at Thu Jan  1 00:01:07 1970
[   21.221604] PM: Syncing filesystems ... done.
[   21.227174] Freezing user space processes ... (elapsed 0.001 seconds) done.
[   21.235296] OOM killer disabled.
[   21.238516] Freezing remaining freezable tasks ... (elapsed 0.001 seconds) done.
[   21.247105] Suspending console(s) (use no_console_suspend to debug)
[   21.273646] Disabling non-boot CPUs ...
[   21.313459] IRQ352 no longer affine to CPU1
[   21.413538] IRQ353 no longer affine to CPU2
[   21.564630] Entering suspend state LP1
[   21.564630] Suspended for 2.959 seconds
[   21.564640] Enabling non-boot CPUs ...
[   21.594868] CPU1 is up
[   21.634715] CPU2 is up
[   21.674930] CPU3 is up
[   21.833458] mmc1: Switching to 3.3V signalling voltage failed
[   21.962501] OOM killer enabled.
[   21.965639] Restarting tasks ... done.
root@(none):/# 
root@(none):/# rtcwake -d rtc1 -m mem -s 3
rtcwake: assuming RTC uses UTC ...
rtcwake: wakeup from "mem" using /dev/rtc1 at Thu Jan  1 00:01:12 1970
[   23.261570] PM: Syncing filesystems ... done.
[   23.267117] Freezing user space processes ... (elapsed 0.001 seconds) done.
[   23.275246] OOM killer disabled.
[   23.278466] Freezing remaining freezable tasks ... (elapsed 0.001 seconds) done.
[   23.287068] Suspending console(s) (use no_console_suspend to debug)
[   23.312738] Disabling non-boot CPUs ...
[   23.373431] migrate_irqs: 1 callbacks suppressed
[   23.373433] IRQ352 no longer affine to CPU1
[   23.473511] IRQ353 no longer affine to CPU2
[   23.573475] IRQ354 no longer affine to CPU3
[   23.624609] Entering suspend state LP1
[   23.624609] Suspended for 2.939 seconds
[   23.624620] Enabling non-boot CPUs ...
[   23.654836] CPU1 is up
[   23.694686] CPU2 is up
[   23.734898] CPU3 is up
[   23.893382] mmc1: Switching to 3.3V signalling voltage failed
[   24.031158] OOM killer enabled.
[   24.034295] Restarting tasks ... done.
root@(none):/# 
root@(none):/# NVTB SYSTEM SUSPEND TEST COMPLETE
