

U-Boot 2015.04-00466-gedec83e90172 (Mar 14 2016 - 10:42:01)

TEGRA124
Model: Acer Chromebook 13 CB5-311
DRAM:  4 GiB
C:   Tegra SD/MMC: 0, Tegra SD/MMC: 1, Tegra SD/MMC: 2
MMC init failed
Using default environment

In:    serial
Out:   serial
Err:   serial
Net:   Net Initialization Skipped
No ethernet found.
Hit any key to stop autoboot:  2  0 
Tegra124 (Nyan-big) # 
Tegra124 (Nyan-big) # usb start
starting USB...
USB0:   USB EHCI 1.10
scanning bus 0 for devices... 2 USB Device(s) found
USB1:   USB EHCI 1.10
scanning bus 1 for devices... 2 USB Device(s) found
       scanning usb for storage devices... 1 Storage Device(s) found
       scanning usb for ethernet devices... 
Warning: asx0 using MAC address from net device
1 Ethernet Device(s) found
Tegra124 (Nyan-big) # mw 0x7000e4a0 0x00080000
Tegra124 (Nyan-big) # setenv bootargs 'ignore_loglevel console=ttyS0,115200n8 rw root=PARTUUID=4d36e82a-b3c0-4b4b-bfcd-afe5217ac023 rootwait gpt debug noinitrd earlyprintk init=/bin/bash'
Tegra124 (Nyan-big) # setenv ipaddr 192.168.100.102; setenv serverip 192.168.100.1; setenv tftpserverip 192.168.100.1
Tegra124 (Nyan-big) # tftpboot 0x82000000 zImage.multi_v7_defconfig
Using asx0 device
TFTP from server 192.168.100.1; our IP address is 192.168.100.102
Filename 'zImage.multi_v7_defconfig'.
Load address: 0x82000000
Loading: *#################################################################
	 #################################################################
	 #################################################################
	 #################################################################
	 #################################################################
	 #################################################################
	 #################################################################
	 #################################################################
	 ###############
	 3.6 MiB/s
done
Bytes transferred = 7850056 (77c848 hex)
Tegra124 (Nyan-big) # tftpboot 0x83000000 tegra124-nyan-big.dtb
Using asx0 device
TFTP from server 192.168.100.1; our IP address is 192.168.100.102
Filename 'tegra124-nyan-big.dtb'.
Load address: 0x83000000
Loading: *#####
	 3.4 MiB/s
done
Bytes transferred = 68155 (10a3b hex)
Tegra124 (Nyan-big) # bootz 0x82000000 - 0x83000000
Kernel image @ 0x82000000 [ 0x000000 - 0x77c848 ]
## Flattened Device Tree blob at 83000000
   Booting using the fdt blob at 0x83000000
   Using Device Tree in place at 83000000, end 83013a3a

Starting kernel ...

[    0.000000] Booting Linux on physical CPU 0x0
[    0.000000] Linux version 4.11.0-rc2-next-20170320-159700-g4f4f972 (jonathanh@sellafield) (gcc version 4.7.3 20130328 (prerelease) (crosstool-NG linaro-1.13.1-4.7-2013.04-20130415 - Linaro GCC 2013.04) ) #1 SMP Wed Mar 22 14:23:35 PDT 2017
[    0.000000] CPU: ARMv7 Processor [413fc0f3] revision 3 (ARMv7), cr=10c5387d
[    0.000000] CPU: div instructions available: patching division code
[    0.000000] CPU: PIPT / VIPT nonaliasing data cache, PIPT instruction cache
[    0.000000] OF: fdt: Machine model: Acer Chromebook 13 CB5-311
[    0.000000] OF: fdt: Ignoring memory range 0x100000000 - 0x17ffff000
[    0.000000] debug: ignoring loglevel setting.
[    0.000000] efi: Getting EFI parameters from FDT:
[    0.000000] efi: UEFI not found.
[    0.000000] cma: Reserved 64 MiB at 0xfb800000
[    0.000000] Memory policy: Data cache writealloc
[    0.000000] On node 0 totalpages: 524287
[    0.000000] free_area_init_node: node 0, pgdat c157b940, node_mem_map eeff8000
[    0.000000]   DMA zone: 1536 pages used for memmap
[    0.000000]   DMA zone: 0 pages reserved
[    0.000000]   DMA zone: 196608 pages, LIFO batch:31
[    0.000000]   HighMem zone: 327679 pages, LIFO batch:31
[    0.000000] percpu: Embedded 17 pages/cpu @eef81000 s38528 r8192 d22912 u69632
[    0.000000] pcpu-alloc: s38528 r8192 d22912 u69632 alloc=17*4096
[    0.000000] pcpu-alloc: [0] 0 [0] 1 [0] 2 [0] 3 
[    0.000000] Built 1 zonelists in Zone order, mobility grouping on.  Total pages: 522751
[    0.000000] Kernel command line: ignore_loglevel console=ttyS0,115200n8 rw root=PARTUUID=4d36e82a-b3c0-4b4b-bfcd-afe5217ac023 rootwait gpt debug noinitrd earlyprintk init=/bin/bash
[    0.000000] PID hash table entries: 4096 (order: 2, 16384 bytes)
[    0.000000] Dentry cache hash table entries: 131072 (order: 7, 524288 bytes)
[    0.000000] Inode-cache hash table entries: 65536 (order: 6, 262144 bytes)
[    0.000000] Memory: 1994476K/2097148K available (10240K kernel code, 1548K rwdata, 4388K rodata, 2048K init, 417K bss, 37136K reserved, 65536K cma-reserved, 1245180K highmem)
[    0.000000] Virtual kernel memory layout:
[    0.000000]     vector  : 0xffff0000 - 0xffff1000   (   4 kB)
[    0.000000]     fixmap  : 0xffc00000 - 0xfff00000   (3072 kB)
[    0.000000]     vmalloc : 0xf0800000 - 0xff800000   ( 240 MB)
[    0.000000]     lowmem  : 0xc0000000 - 0xf0000000   ( 768 MB)
[    0.000000]     pkmap   : 0xbfe00000 - 0xc0000000   (   2 MB)
[    0.000000]     modules : 0xbf000000 - 0xbfe00000   (  14 MB)
[    0.000000]       .text : 0xc0208000 - 0xc0d00000   (11232 kB)
[    0.000000]       .init : 0xc1200000 - 0xc1400000   (2048 kB)
[    0.000000]       .data : 0xc1400000 - 0xc1583390   (1549 kB)
[    0.000000]        .bss : 0xc1585000 - 0xc15ed5c8   ( 418 kB)
[    0.000000] SLUB: HWalign=64, Order=0-3, MinObjects=0, CPUs=4, Nodes=1
[    0.000000] Hierarchical RCU implementation.
[    0.000000] 	RCU debugfs-based tracing is enabled.
[    0.000000] 	RCU restricting CPUs from NR_CPUS=16 to nr_cpu_ids=4.
[    0.000000] RCU: Adjusting geometry for rcu_fanout_leaf=16, nr_cpu_ids=4
[    0.000000] NR_IRQS:16 nr_irqs:16 16
[    0.000000] /interrupt-controller@60004000: 160 interrupts forwarded to /interrupt-controller@50041000
[    0.000000] Tegra clk 127: register failed with -17
[    0.000003] sched_clock: 32 bits at 1000kHz, resolution 1000ns, wraps every 2147483647500ns
[    0.000010] clocksource: timer_us: mask: 0xffffffff max_cycles: 0xffffffff, max_idle_ns: 1911260446275 ns
[    0.000016] Switching to timer-based delay loop, resolution 1000ns
[    0.001740] arm_arch_timer: Architected cp15 timer(s) running at 12.00MHz (virt).
[    0.001747] clocksource: arch_sys_counter: mask: 0xffffffffffffff max_cycles: 0x2c47f4ee7, max_idle_ns: 440795202497 ns
[    0.001754] sched_clock: 56 bits at 12MHz, resolution 83ns, wraps every 4398046511096ns
[    0.001759] Switching to timer-based delay loop, resolution 83ns
[    0.001943] Console: colour dummy device 80x30
[    0.001957] Calibrating delay loop (skipped), value calculated using timer frequency.. 24.00 BogoMIPS (lpj=120000)
[    0.001964] pid_max: default: 32768 minimum: 301
[    0.002002] Mount-cache hash table entries: 2048 (order: 1, 8192 bytes)
[    0.002008] Mountpoint-cache hash table entries: 2048 (order: 1, 8192 bytes)
[    0.002206] CPU: Testing write buffer coherency: ok
[    0.002327] /cpus/cpu@0 missing clock-frequency property
[    0.002343] /cpus/cpu@1 missing clock-frequency property
[    0.002357] /cpus/cpu@2 missing clock-frequency property
[    0.002372] /cpus/cpu@3 missing clock-frequency property
[    0.002377] CPU0: thread -1, cpu 0, socket 0, mpidr 80000000
[    0.002494] Setting up static identity map for 0x80300000 - 0x80300098
[    0.003812] Tegra Revision: A01 SKU: 131 CPU Process: 1 SoC Process: 1
[    0.004070] EFI services will not be available.
[    0.004160] smp: Bringing up secondary CPUs ...
[    0.004452] CPU1: thread -1, cpu 1, socket 0, mpidr 80000001
[    0.011913] CPU2: thread -1, cpu 2, socket 0, mpidr 80000002
[    0.021918] CPU3: thread -1, cpu 3, socket 0, mpidr 80000003
[    0.031638] smp: Brought up 1 node, 4 CPUs
[    0.031646] SMP: Total of 4 processors activated (96.00 BogoMIPS).
[    0.031649] CPU: All CPU(s) started in SVC mode.
[    0.032199] devtmpfs: initialized
[    0.037832] VFP support v0.3: implementor 41 architecture 4 part 30 variant f rev 0
[    0.038030] clocksource: jiffies: mask: 0xffffffff max_cycles: 0xffffffff, max_idle_ns: 19112604462750000 ns
[    0.038038] futex hash table entries: 1024 (order: 4, 65536 bytes)
[    0.038605] pinctrl core: initialized pinctrl subsystem
[    0.039374] NET: Registered protocol family 16
[    0.040109] DMA: preallocated 256 KiB pool for atomic coherent allocations
[    0.040995] cpuidle: using governor menu
[    0.049835] No ATAGs?
[    0.049889] hw-breakpoint: found 5 (+1 reserved) breakpoint and 4 watchpoint registers.
[    0.049895] hw-breakpoint: maximum watchpoint size is 8 bytes.
[    0.052452] Serial: AMBA PL011 UART driver
[    0.052801] tegra-mc 70019000.memory-controller: no memory timings for RAM code 0 registered
[    0.057965] AT91: Could not find identification node
[    0.058161] +5V_SYS: supplied by +VDD_MUX
[    0.058260] +3.3V_SYS: supplied by +VDD_MUX
[    0.058464] +VDD_LED: Failed to request enable GPIO122: -517
[    0.058470] reg-fixed-voltage regulators:regulator@5: Failed to register regulator: -517
[    0.058501] +5V_VDD_TS_SW: Failed to request enable GPIO81: -517
[    0.058506] reg-fixed-voltage regulators:regulator@6: Failed to register regulator: -517
[    0.058536] +5V_USB_HS: Failed to request enable GPIO108: -517
[    0.058540] reg-fixed-voltage regulators:regulator@7: Failed to register regulator: -517
[    0.058569] +5V_USB_SS: Failed to request enable GPIO109: -517
[    0.058574] reg-fixed-voltage regulators:regulator@8: Failed to register regulator: -517
[    0.058654] +1.05V_RUN_AVDD_HDMI_PLL: Failed to request enable GPIO63: -517
[    0.058658] reg-fixed-voltage regulators:regulator@11: Failed to register regulator: -517
[    0.058687] +5V_HDMI_CON: Failed to request enable GPIO86: -517
[    0.058692] reg-fixed-voltage regulators:regulator@12: Failed to register regulator: -517
[    0.059748] vgaarb: loaded
[    0.060019] SCSI subsystem initialized
[    0.060086] libata version 3.00 loaded.
[    0.060173] usbcore: registered new interface driver usbfs
[    0.060193] usbcore: registered new interface driver hub
[    0.060219] usbcore: registered new device driver usb
[    0.061493] pps_core: LinuxPPS API ver. 1 registered
[    0.061497] pps_core: Software ver. 5.3.6 - Copyright 2005-2007 Rodolfo Giometti <giometti@linux.it>
[    0.061506] PTP clock support registered
[    0.061572] EDAC MC: Ver: 3.0.0
[    0.061990] tegra-emc 7001b000.emc: no memory timings for RAM code 0 found in DT
[    0.061999] tegra-emc: probe of 7001b000.emc failed with error -2
[    0.062428] clocksource: Switched to clocksource arch_sys_counter
[    0.081620] NET: Registered protocol family 2
[    0.081818] TCP established hash table entries: 8192 (order: 3, 32768 bytes)
[    0.081852] TCP bind hash table entries: 8192 (order: 4, 65536 bytes)
[    0.081914] TCP: Hash tables configured (established 8192 bind 8192)
[    0.081950] UDP hash table entries: 512 (order: 2, 16384 bytes)
[    0.081965] UDP-Lite hash table entries: 512 (order: 2, 16384 bytes)
[    0.082027] NET: Registered protocol family 1
[    0.082174] RPC: Registered named UNIX socket transport module.
[    0.082178] RPC: Registered udp transport module.
[    0.082181] RPC: Registered tcp transport module.
[    0.082184] RPC: Registered tcp NFSv4.1 backchannel transport module.
[    0.082189] PCI: CLS 0 bytes, default 64
[    0.082693] hw perfevents: enabled with armv7_cortex_a15 PMU driver, 7 counters available
[    0.083403] workingset: timestamp_bits=30 max_order=19 bucket_order=0
[    0.086185] squashfs: version 4.0 (2009/01/31) Phillip Lougher
[    0.086432] NFS: Registering the id_resolver key type
[    0.086444] Key type id_resolver registered
[    0.086447] Key type id_legacy registered
[    0.086465] ntfs: driver 2.1.32 [Flags: R/O].
[    0.087030] bounce: pool size: 64 pages
[    0.087048] Block layer SCSI generic (bsg) driver version 0.4 loaded (major 248)
[    0.087053] io scheduler noop registered
[    0.087056] io scheduler deadline registered
[    0.087112] io scheduler cfq registered (default)
[    0.087116] io scheduler mq-deadline registered
[    0.088922] tegra-xusb-padctl 7009f000.padctl: failed to setup XUSB ports: -517
[    0.098431] tegra-apbdma 60020000.dma: Tegra20 APB DMA driver register 32 channels
[    0.099283] tegra-pmc 7000e400.pmc: i2c-thermtrip node not found, emergency thermal reset disabled.
[    0.117315] Serial: 8250/16550 driver, 4 ports, IRQ sharing disabled
[    0.118342] console [ttyS0] disabled
[    0.118359] 70006000.serial: ttyS0 at MMIO 0x70006000 (irq = 333, base_baud = 25500000) is a Tegra
[    1.002632] console [ttyS0] enabled
[    1.006394] SuperH (H)SCI(F) driver initialized
[    1.011238] msm_serial: driver initialized
[    1.015390] STMicroelectronics ASC driver initialized
[    1.022584] tegra-hdmi 54280000.hdmi: failed to get HDMI regulator
[    1.029109] tegra-dpaux 545c0000.dpaux: failed to get VDD supply: -517
[    1.036405] panel-simple panel: panel supply power not found, using dummy regulator
[    1.047554] brd: module loaded
[    1.053254] loop: module loaded
[    1.057303] as3722 4-0040: AS3722 with revision 0x1 found
[    1.067278] as3722-sd2: supplied by +5V_SYS
[    1.071690] as3722-sd3: supplied by +5V_SYS
[    1.076027] +1.35V_LP0(sd3): Bringing 0uV into 1350000-1350000uV
[    1.082190] as3722-sd4: supplied by +5V_SYS
[    1.086574] +1.05V_RUN: Bringing 0uV into 1050000-1050000uV
[    1.092310] as3722-sd5: supplied by +5V_SYS
[    1.097890] as3722-ldo0: supplied by +1.35V_LP0(sd2)
[    1.103605] +1.8V_RUN_CAM: Bringing 0uV into 1800000-1800000uV
[    1.109611] as3722-ldo2: supplied by +1.8V_VDDIO
[    1.115238] as3722-ldo3: supplied by +3.3V_SYS
[    1.119684] +1.00V_LP0_VDD_RTC: Bringing 1100000uV into 1000000-1000000uV
[    1.127249] as3722-ldo4: supplied by +3.3V_SYS
[    1.131837] +3.3V_RUN_CAM: Bringing 0uV into 2800000-2800000uV
[    1.137847] as3722-ldo5: supplied by +1.8V_VDDIO
[    1.142617] +1.2V_RUN_CAM_FRONT: Bringing 0uV into 1200000-1200000uV
[    1.149289] +VDDIO_SDMMC3: Bringing 0uV into 1800000-1800000uV
[    1.155306] as3722-ldo7: supplied by +1.8V_VDDIO
[    1.160071] +1.05V_RUN_CAM_REAR: Bringing 0uV into 1050000-1050000uV
[    1.166617] as3722-ldo9: supplied by +5V_SYS
[    1.171176] +2.8V_RUN_TOUCH: Bringing 0uV into 2800000-2800000uV
[    1.177367] as3722-ldo10: supplied by +5V_SYS
[    1.181868] +2.8V_RUN_CAM_AF: Bringing 0uV into 2800000-2800000uV
[    1.188297] +1.8V_RUN_VPP_FUSE: Bringing 0uV into 1800000-1800000uV
[    1.200559] random: fast init done
[    1.206411] m25p80 spi32765.0: w25q32dw (4096 Kbytes)
[    1.212488] libphy: Fixed MDIO Bus: probed
[    1.216953] CAN device driver interface
[    1.221083] bgmac_bcma: Broadcom 47xx GBit MAC driver loaded
[    1.227184] e1000e: Intel(R) PRO/1000 Network Driver - 3.2.6-k
[    1.233006] e1000e: Copyright(c) 1999 - 2015 Intel Corporation.
[    1.238927] igb: Intel(R) Gigabit Ethernet Network Driver - version 5.4.0-k
[    1.245876] igb: Copyright (c) 2007-2014 Intel Corporation.
[    1.252631] pegasus: v0.9.3 (2013/04/25), Pegasus/Pegasus II USB Ethernet driver
[    1.260028] usbcore: registered new interface driver pegasus
[    1.265694] usbcore: registered new interface driver asix
[    1.271089] usbcore: registered new interface driver ax88179_178a
[    1.277181] usbcore: registered new interface driver cdc_ether
[    1.283020] usbcore: registered new interface driver smsc75xx
[    1.288765] usbcore: registered new interface driver smsc95xx
[    1.294512] usbcore: registered new interface driver net1080
[    1.300166] usbcore: registered new interface driver cdc_subset
[    1.306085] usbcore: registered new interface driver zaurus
[    1.311659] usbcore: registered new interface driver cdc_ncm
[    1.317939] ehci_hcd: USB 2.0 'Enhanced' Host Controller (EHCI) Driver
[    1.324458] ehci-pci: EHCI PCI platform driver
[    1.328901] ehci-platform: EHCI generic platform driver
[    1.334187] ehci-orion: EHCI orion driver
[    1.338237] SPEAr-ehci: EHCI SPEAr driver
[    1.342279] ehci-st: EHCI STMicroelectronics driver
[    1.347194] ehci-exynos: EHCI EXYNOS driver
[    1.351416] ehci-atmel: EHCI Atmel driver
[    1.355463] tegra-ehci: Tegra EHCI driver
[    1.359520] ohci_hcd: USB 1.1 'Open' Host Controller (OHCI) Driver
[    1.365694] ohci-pci: OHCI PCI platform driver
[    1.370137] ohci-platform: OHCI generic platform driver
[    1.375408] ohci-omap3: OHCI OMAP3 driver
[    1.379449] SPEAr-ohci: OHCI SPEAr driver
[    1.383500] ohci-st: OHCI STMicroelectronics driver
[    1.388410] ohci-atmel: OHCI Atmel driver
[    1.392666] usbcore: registered new interface driver usb-storage
[    1.399695] elan_i2c 1-0015: 1-0015 supply vcc not found, using dummy regulator
[    1.408256] as3722-rtc as3722-rtc: rtc core: registered as3722-rtc as rtc0
[    1.415124] as3722-rtc as3722-rtc: RTC interrupt 372
[    1.422009] tegra_rtc 7000e000.rtc: rtc core: registered 7000e000.rtc as rtc1
[    1.429149] tegra_rtc 7000e000.rtc: Tegra internal Real Time Clock
[    1.435496] i2c /dev entries driver
[    1.441292] lm90 0-004c: 0-004c supply vcc not found, using dummy regulator
[    1.452605] sdhci: Secure Digital Host Controller Interface driver
[    1.458769] sdhci: Copyright(c) Pierre Ossman
[    1.463647] Synopsys Designware Multimedia Card Interface Driver
[    1.470067] sdhci-pltfm: SDHCI platform and OF driver helper
[    1.475991] sdhci-tegra 700b0000.sdhci: allocated mmc-pwrseq
[    1.489774] sdhci-tegra 700b0400.sdhci: Got CD GPIO
[    1.494655] sdhci-tegra 700b0400.sdhci: Got WP GPIO
[    1.514548] mmc0: Unknown controller version (3). You may experience problems.
[    1.521782] mmc0: Invalid maximum block size, assuming 512 bytes
[    1.568900] elan_i2c 1-0015: Elan Touchpad: Module ID: 0x002a, Firmware: 0x0005, Sample: 0x0007, IAP: 0x0009
[    1.578836] input: Elan Touchpad as /devices/soc0/7000c400.i2c/i2c-1/1-0015/input/input0
[    1.592437] mmc0: SDHCI controller on 700b0600.sdhci [700b0600.sdhci] using ADMA
[    1.600483] ledtrig-cpu: registered to indicate activity on CPUs
[    1.606665] usbcore: registered new interface driver usbhid
[    1.612288] usbhid: USB HID core driver
[    1.617497] NET: Registered protocol family 10
[    1.622329] Segment Routing with IPv6
[    1.626019] sit: IPv6, IPv4 and MPLS over IPv4 tunneling driver
[    1.632139] NET: Registered protocol family 17
[    1.636580] can: controller area network core (rev 20120528 abi 9)
[    1.642764] NET: Registered protocol family 29
[    1.647196] can: raw protocol (rev 20120528)
[    1.651453] can: broadcast manager protocol (rev 20161123 t)
[    1.657102] can: netlink gateway (rev 20130117) max_hops=1
[    1.662702] Key type dns_resolver registered
[    1.667170] ThumbEE CPU extension supported.
[    1.671429] Registering SWP/SWPB emulation handler
[    1.682391] +3.3V_RUN: supplied by +3.3V_SYS
[    1.687522] +VDD_LED: supplied by +VDD_MUX
[    1.691773] +3.3V_AVDD_HDMI_AP_GATED: supplied by +3.3V_RUN
[    1.697404] +1.8V_RUN_CAM: supplied by +3.3V_RUN
[    1.702038] +VDDIO_SDMMC3: supplied by +3.3V_RUN
[    1.706712] +1.8V_RUN_VPP_FUSE: supplied by +3.3V_RUN
[    1.712023] +5V_VDD_TS_SW: supplied by +5V_SYS
[    1.716865] +5V_USB_HS: supplied by +5V_SYS
[    1.721249] +5V_USB_SS: supplied by +5V_SYS
[    1.726550] +3.3V_PANEL: supplied by +3.3V_RUN
[    1.731896] +3.3V_LP0: supplied by +3.3V_SYS
[    1.737017] +1.05V_RUN_AVDD_HDMI_PLL: supplied by +1.05V_RUN
[    1.743161] +5V_HDMI_CON: supplied by +5V_SYS
[    1.745099] mmc0: new high speed MMC card at address 0001
[    1.745678] mmcblk0: mmc0:0001 MMC16G 14.4 GiB 
[    1.745820] mmcblk0boot0: mmc0:0001 MMC16G partition 1 2.00 MiB
[    1.746325] mmcblk0boot1: mmc0:0001 MMC16G partition 2 2.00 MiB
[    1.746620] mmcblk0rpmb: mmc0:0001 MMC16G partition 3 128 KiB
[    1.767248]  mmcblk0: p1 p2 p3 p4 p5 p6 p7 p8 p9 p10 p11 p12
[    1.781476]  usb3-0: usb3-0 supply vbus not found, using dummy regulator
[    1.788299]  usb3-1: usb3-1 supply vbus not found, using dummy regulator
[    1.795117] elan_i2c 1-0015: failed to read report data: -121
[    1.804149] tegra-sor 54540000.sor: failed to probe output: -517
[    1.810654] panel-simple panel: panel supply power not found, using dummy regulator
[    1.819334] sdhci-tegra 700b0000.sdhci: allocated mmc-pwrseq
[    1.832675] mmc1: Unknown controller version (3). You may experience problems.
[    1.839919] mmc1: Invalid maximum block size, assuming 512 bytes
[    1.846316] mmc1: Switching to 3.3V signalling voltage failed
[    1.875214] elan_i2c 1-0015: invalid report id data (ff)
[    1.902515] mmc1: SDHCI controller on 700b0000.sdhci [700b0000.sdhci] using ADMA
[    1.910601] sdhci-tegra 700b0400.sdhci: Got CD GPIO
[    1.915482] sdhci-tegra 700b0400.sdhci: Got WP GPIO
[    1.927652] mmc2: Unknown controller version (3). You may experience problems.
[    1.934981] mmc2: Invalid maximum block size, assuming 512 bytes
[    1.971423] mmc1: new high speed SDIO card at address 0001
[    2.002541] mmc2: SDHCI controller on 700b0400.sdhci [700b0400.sdhci] using ADMA
[    2.107977] [drm] Supports vblank timestamp caching Rev 2 (21.10.2013).
[    2.114599] [drm] No driver support for vblank timestamp query.
[    2.164239] mmc2: new high speed SDHC card at address 0007
[    2.164485] mmcblk2: mmc2:0007 SD08G 7.42 GiB 
[    2.174445] GPT:Primary header alternate_lba != Alt. header my_lba
[    2.174449] GPT:3014591 != 15564799
[    2.174451] GPT:Primary header thinks Alt. header is not at the end of the disk.
[    2.174453] GPT:3014591 != 15564799
[    2.174454] GPT: Use GNU Parted to correct GPT errors.
[    2.174485]  mmcblk2: p1 p2 p3 p4 p5 p6 p7 p8 p9 p10 p11 p12
[    2.203342] Console: switching to colour frame buffer device 170x48
[    2.267447] drm drm: fb0:  frame buffer device
[    2.271932] [drm] Initialized tegra 0.0.0 20120330 for drm on minor 0
[    2.279354] input: gpio-keys as /devices/soc0/gpio-keys/input/input1
[    2.287013] as3722-rtc as3722-rtc: setting system clock to 2000-01-02 11:04:19 UTC (946811059)
[    2.296158] +1.8V_RUN_CAM: disabling
[    2.299889] +3.3V_RUN_CAM: disabling
[    2.303734] +1.2V_RUN_CAM_FRONT: disabling
[    2.307986] +1.05V_RUN_CAM_REAR: disabling
[    2.312235] +2.8V_RUN_TOUCH: disabling
[    2.316225] +2.8V_RUN_CAM_AF: disabling
[    2.320219] +1.8V_RUN_VPP_FUSE: disabling
[    2.324467] +5V_VDD_TS_SW: disabling
[    2.328038] +5V_USB_HS: disabling
[    2.331342] +5V_USB_SS: disabling
[    2.335548] EXT4-fs (mmcblk0p3): couldn't mount as ext3 due to feature incompatibilities
[    2.344162] EXT4-fs (mmcblk0p3): couldn't mount as ext2 due to feature incompatibilities
[    2.828262] EXT4-fs (mmcblk0p3): recovery complete
[    2.878455] EXT4-fs (mmcblk0p3): mounted filesystem with ordered data mode. Opts: (null)
[    2.886586] VFS: Mounted root (ext4 filesystem) on device 179:3.
[    2.893781] devtmpfs: mounted
[    2.897423] Freeing unused kernel memory: 2048K
bash: cannot set terminal process group (-1): Inappropriate ioctl for device
bash: no job control in this shell
root@(none):/# 