
U-Boot SPL 2015.04-rc3-00209-ga74ef40 (Mar 16 2015 - 14:43:39)


U-Boot 2015.04-rc3-00209-ga74ef40 (Mar 16 2015 - 14:43:39)

TEGRA20
Model: Compulab TrimSlice board
DRAM:  1 GiB
MMC:   Tegra SD/MMC: 0, Tegra SD/MMC: 1
SF: Detected W25Q80BL with page size 256 Bytes, erase size 4 KiB, total 1 MiB
tegra-pcie: PCI regions:
tegra-pcie:   I/O: 0x82000000-0x82010000
tegra-pcie:   non-prefetchable memory: 0xa0000000-0xa8000000
tegra-pcie:   prefetchable memory: 0xa8000000-0xc0000000
tegra-pcie: dual-mode configuration
tegra-pcie: probing port 0, using 2 lanes
In:    serial
Out:   serial
Err:   serial
Net:   RTL8169#0
Hit any key to stop autoboot:  2  0 
Tegra20 (TrimSlice) # 
Tegra20 (TrimSlice) # usb reset
resetting USB...
USB0:   USB EHCI 1.00
scanning bus 0 for devices... 3 USB Device(s) found
USB1:   USB EHCI 1.00
scanning bus 1 for devices... 1 USB Device(s) found
USB2:   lowlevel init failed
       scanning usb for storage devices... 0 Storage Device(s) found
       scanning usb for ethernet devices... 
Warning: asx0 using MAC address from net device
1 Ethernet Device(s) found
Tegra20 (TrimSlice) # setenv bootargs 'ignore_loglevel console=ttyS0,115200n8 rw root=PARTUUID=11eb23c1-01 rootwait gpt debug noinitrd earlyprintk init=/bin/bash'
Tegra20 (TrimSlice) # setenv ipaddr 192.168.100.103; setenv serverip 192.168.100.1; setenv tftpserverip 192.168.100.1
Tegra20 (TrimSlice) # tftpboot 0x00408000 zImage.multi_v7_defconfig
Using RTL8169#0 device
TFTP from server 192.168.100.1; our IP address is 192.168.100.103
Filename 'zImage.multi_v7_defconfig'.
Load address: 0x408000
Loading: *#################################################################
	 #################################################################
	 #################################################################
	 #################################################################
	 #################################################################
	 #################################################################
	 #################################################################
	 #########################################################
	 3.9 MiB/s
done
Bytes transferred = 7509488 (7295f0 hex)
Tegra20 (TrimSlice) # tftpboot 0x02408000 tegra20-trimslice.dtb
Using RTL8169#0 device
TFTP from server 192.168.100.1; our IP address is 192.168.100.103
Filename 'tegra20-trimslice.dtb'.
Load address: 0x2408000
Loading: *##
	 2.9 MiB/s
done
Bytes transferred = 21426 (53b2 hex)
Tegra20 (TrimSlice) # bootz 0x00408000 - 0x02408000
Kernel image @ 0x408000 [ 0x000000 - 0x7295f0 ]
## Flattened Device Tree blob at 02408000
   Booting using the fdt blob at 0x2408000
   Using Device Tree in place at 02408000, end 024103b1

Starting kernel ...

[    0.000000] Booting Linux on physical CPU 0x0
[    0.000000] Linux version 4.11.0-rc1-next-20170309-157496-g2e62da1 (pwalmsley@sellafield) (gcc version 4.7.3 20130328 (prerelease) (crosstool-NG linaro-1.13.1-4.7-2013.04-20130415 - Linaro GCC 2013.04) ) #1 SMP Fri Mar 17 08:39:49 PDT 2017
[    0.000000] CPU: ARMv7 Processor [411fc090] revision 0 (ARMv7), cr=10c5387d
[    0.000000] CPU: PIPT / VIPT nonaliasing data cache, VIPT aliasing instruction cache
[    0.000000] OF: fdt: Machine model: Compulab TrimSlice board
[    0.000000] debug: ignoring loglevel setting.
[    0.000000] efi: Getting EFI parameters from FDT:
[    0.000000] efi: UEFI not found.
[    0.000000] cma: Reserved 64 MiB at 0x3c000000
[    0.000000] Memory policy: Data cache writealloc
[    0.000000] On node 0 totalpages: 262144
[    0.000000] free_area_init_node: node 0, pgdat c15397c0, node_mem_map ef7f8000
[    0.000000]   DMA zone: 1536 pages used for memmap
[    0.000000]   DMA zone: 0 pages reserved
[    0.000000]   DMA zone: 196608 pages, LIFO batch:31
[    0.000000]   HighMem zone: 65536 pages, LIFO batch:15
[    0.000000] percpu: Embedded 16 pages/cpu @ef7c6000 s34368 r8192 d22976 u65536
[    0.000000] pcpu-alloc: s34368 r8192 d22976 u65536 alloc=16*4096
[    0.000000] pcpu-alloc: [0] 0 [0] 1 
[    0.000000] Built 1 zonelists in Zone order, mobility grouping on.  Total pages: 260608
[    0.000000] Kernel command line: ignore_loglevel console=ttyS0,115200n8 rw root=PARTUUID=11eb23c1-01 rootwait gpt debug noinitrd earlyprintk init=/bin/bash
[    0.000000] PID hash table entries: 4096 (order: 2, 16384 bytes)
[    0.000000] Dentry cache hash table entries: 131072 (order: 7, 524288 bytes)
[    0.000000] Inode-cache hash table entries: 65536 (order: 6, 262144 bytes)
[    0.000000] Memory: 954716K/1048576K available (10240K kernel code, 1260K rwdata, 4228K rodata, 2048K init, 407K bss, 28324K reserved, 65536K cma-reserved, 196608K highmem)
[    0.000000] Virtual kernel memory layout:
[    0.000000]     vector  : 0xffff0000 - 0xffff1000   (   4 kB)
[    0.000000]     fixmap  : 0xffc00000 - 0xfff00000   (3072 kB)
[    0.000000]     vmalloc : 0xf0800000 - 0xff800000   ( 240 MB)
[    0.000000]     lowmem  : 0xc0000000 - 0xf0000000   ( 768 MB)
[    0.000000]     pkmap   : 0xbfe00000 - 0xc0000000   (   2 MB)
[    0.000000]     modules : 0xbf000000 - 0xbfe00000   (  14 MB)
[    0.000000]       .text : 0xc0208000 - 0xc0d00000   (11232 kB)
[    0.000000]       .init : 0xc1200000 - 0xc1400000   (2048 kB)
[    0.000000]       .data : 0xc1400000 - 0xc153b120   (1261 kB)
[    0.000000]        .bss : 0xc153d000 - 0xc15a2cb8   ( 408 kB)
[    0.000000] SLUB: HWalign=64, Order=0-3, MinObjects=0, CPUs=2, Nodes=1
[    0.000000] Hierarchical RCU implementation.
[    0.000000] 	RCU debugfs-based tracing is enabled.
[    0.000000] 	RCU restricting CPUs from NR_CPUS=16 to nr_cpu_ids=2.
[    0.000000] RCU: Adjusting geometry for rcu_fanout_leaf=16, nr_cpu_ids=2
[    0.000000] NR_IRQS:16 nr_irqs:16 16
[    0.000000] /interrupt-controller@60004000: 128 interrupts forwarded to /interrupt-controller@50041000
[    0.000000] L2C: platform modifies aux control register: 0x02080000 -> 0x3e480001
[    0.000000] L2C: DT/platform modifies aux control register: 0x02080000 -> 0x3e480001
[    0.000000] L2C-310 errata 727915 769419 enabled
[    0.000000] L2C-310 enabling early BRESP for Cortex-A9
[    0.000000] L2C-310: enabling full line of zeros but not enabled in Cortex-A9
[    0.000000] L2C-310 ID prefetch enabled, offset 1 lines
[    0.000000] L2C-310 cache controller enabled, 8 ways, 1024 kB
[    0.000000] L2C-310: CACHE_ID 0x410000c4, AUX_CTRL 0x7e480001
[    0.000009] sched_clock: 32 bits at 1000kHz, resolution 1000ns, wraps every 2147483647500ns
[    0.000025] clocksource: timer_us: mask: 0xffffffff max_cycles: 0xffffffff, max_idle_ns: 1911260446275 ns
[    0.000035] Switching to timer-based delay loop, resolution 1000ns
[    0.001626] Console: colour dummy device 80x30
[    0.001650] Calibrating delay loop (skipped), value calculated using timer frequency.. 2.00 BogoMIPS (lpj=10000)
[    0.001661] pid_max: default: 32768 minimum: 301
[    0.001747] Mount-cache hash table entries: 2048 (order: 1, 8192 bytes)
[    0.001758] Mountpoint-cache hash table entries: 2048 (order: 1, 8192 bytes)
[    0.002164] CPU: Testing write buffer coherency: ok
[    0.002370] CPU0: thread -1, cpu 0, socket 0, mpidr 80000000
[    0.002529] Setting up static identity map for 0x300000 - 0x300098
[    0.003968] Tegra Revision: A03 prime SKU: 8 CPU Process: 1 SoC Process: 2
[    0.004343] EFI services will not be available.
[    0.004500] smp: Bringing up secondary CPUs ...
[    0.005035] CPU1: thread -1, cpu 1, socket 0, mpidr 80000001
[    0.005096] smp: Brought up 1 node, 2 CPUs
[    0.005108] SMP: Total of 2 processors activated (4.00 BogoMIPS).
[    0.005114] CPU: All CPU(s) started in SVC mode.
[    0.005757] devtmpfs: initialized
[    0.009487] VFP support v0.3: implementor 41 architecture 3 part 30 variant 9 rev 1
[    0.009692] clocksource: jiffies: mask: 0xffffffff max_cycles: 0xffffffff, max_idle_ns: 19112604462750000 ns
[    0.009707] futex hash table entries: 512 (order: 3, 32768 bytes)
[    0.012737] pinctrl core: initialized pinctrl subsystem
[    0.013980] NET: Registered protocol family 16
[    0.015974] DMA: preallocated 256 KiB pool for atomic coherent allocations
[    0.017445] cpuidle: using governor menu
[    0.035066] No ATAGs?
[    0.035132] hw-breakpoint: found 5 (+1 reserved) breakpoint and 1 watchpoint registers.
[    0.035143] hw-breakpoint: maximum watchpoint size is 4 bytes.
[    0.040400] Serial: AMBA PL011 UART driver
[    0.051606] AT91: Could not find identification node
[    0.052125] usb1_vbus: Failed to request enable GPIO170: -517
[    0.052141] reg-fixed-voltage regulators:regulator@2: Failed to register regulator: -517
[    0.055621] vgaarb: loaded
[    0.056185] SCSI subsystem initialized
[    0.056308] libata version 3.00 loaded.
[    0.056491] usbcore: registered new interface driver usbfs
[    0.056534] usbcore: registered new interface driver hub
[    0.056571] usbcore: registered new device driver usb
[    0.058520] pps_core: LinuxPPS API ver. 1 registered
[    0.058527] pps_core: Software ver. 5.3.6 - Copyright 2005-2007 Rodolfo Giometti <giometti@linux.it>
[    0.058548] PTP clock support registered
[    0.058686] EDAC MC: Ver: 3.0.0
[    0.060460] clocksource: Switched to clocksource timer_us
[    0.067439] NET: Registered protocol family 2
[    0.067849] TCP established hash table entries: 8192 (order: 3, 32768 bytes)
[    0.067919] TCP bind hash table entries: 8192 (order: 4, 65536 bytes)
[    0.068033] TCP: Hash tables configured (established 8192 bind 8192)
[    0.068127] UDP hash table entries: 512 (order: 2, 16384 bytes)
[    0.068172] UDP-Lite hash table entries: 512 (order: 2, 16384 bytes)
[    0.068329] NET: Registered protocol family 1
[    0.068578] RPC: Registered named UNIX socket transport module.
[    0.068586] RPC: Registered udp transport module.
[    0.068592] RPC: Registered tcp transport module.
[    0.068597] RPC: Registered tcp NFSv4.1 backchannel transport module.
[    0.068606] PCI: CLS 0 bytes, default 64
[    0.069396] hw perfevents: enabled with armv7_cortex_a9 PMU driver, 7 counters available
[    0.070846] workingset: timestamp_bits=30 max_order=18 bucket_order=0
[    0.077367] squashfs: version 4.0 (2009/01/31) Phillip Lougher
[    0.077954] NFS: Registering the id_resolver key type
[    0.077976] Key type id_resolver registered
[    0.077982] Key type id_legacy registered
[    0.078013] ntfs: driver 2.1.32 [Flags: R/O].
[    0.079166] bounce: pool size: 64 pages
[    0.079203] Block layer SCSI generic (bsg) driver version 0.4 loaded (major 248)
[    0.079212] io scheduler noop registered
[    0.079218] io scheduler deadline registered
[    0.079366] io scheduler cfq registered (default)
[    0.079374] io scheduler mq-deadline registered
[    0.090572] tegra-pcie 80003000.pcie-controller: dual-mode configuration
[    0.091261] tegra-pcie 80003000.pcie-controller: probing port 0, using 2 lanes
[    0.174602] tegra-pcie 80003000.pcie-controller: PCI host bridge to bus 0000:00
[    0.174615] pci_bus 0000:00: root bus resource [io  0x0000-0xffff]
[    0.174624] pci_bus 0000:00: root bus resource [mem 0xa0000000-0xa7ffffff]
[    0.174633] pci_bus 0000:00: root bus resource [mem 0xa8000000-0xbfffffff pref]
[    0.174641] pci_bus 0000:00: root bus resource [bus 00-ff]
[    0.174668] pci 0000:00:01.0: [10de:0bf0] type 01 class 0x060000
[    0.174695] pci_bus 0000:00: 2-byte config write to 0000:00:01.0 offset 0x88 may corrupt adjacent RW1C bits
[    0.174728] pci_bus 0000:00: 2-byte config write to 0000:00:01.0 offset 0x52 may corrupt adjacent RW1C bits
[    0.174751] pci 0000:00:01.0: PME# supported from D0 D1 D2 D3hot D3cold
[    0.174761] pci_bus 0000:00: 2-byte config write to 0000:00:01.0 offset 0x4c may corrupt adjacent RW1C bits
[    0.174938] pci_bus 0000:00: 2-byte config write to 0000:00:01.0 offset 0x3e may corrupt adjacent RW1C bits
[    0.174950] pci_bus 0000:00: 2-byte config write to 0000:00:01.0 offset 0x4 may corrupt adjacent RW1C bits
[    0.174960] pci_bus 0000:00: 1-byte config write to 0000:00:01.0 offset 0xc may corrupt adjacent RW1C bits
[    0.174967] PCI: bus0: Fast back to back transfers disabled
[    0.174976] pci 0000:00:01.0: bridge configuration invalid ([bus 00-00]), reconfiguring
[    0.174986] pci_bus 0000:00: 2-byte config write to 0000:00:01.0 offset 0x3e may corrupt adjacent RW1C bits
[    0.174997] pci_bus 0000:00: 2-byte config write to 0000:00:01.0 offset 0x3e may corrupt adjacent RW1C bits
[    0.175007] pci_bus 0000:00: 2-byte config write to 0000:00:01.0 offset 0x3e may corrupt adjacent RW1C bits
[    0.175016] pci_bus 0000:00: 2-byte config write to 0000:00:01.0 offset 0x6 may corrupt adjacent RW1C bits
[    0.175134] pci 0000:01:00.0: [10ec:8168] type 00 class 0x020000
[    0.175157] pci 0000:01:00.0: reg 0x10: [io  0x0000-0x00ff]
[    0.175182] pci 0000:01:00.0: reg 0x18: [mem 0x00000000-0x00000fff 64bit pref]
[    0.175200] pci 0000:01:00.0: reg 0x20: [mem 0x00000000-0x00003fff 64bit pref]
[    0.175213] pci 0000:01:00.0: reg 0x30: [mem 0x00000000-0x0001ffff pref]
[    0.175293] pci 0000:01:00.0: supports D1 D2
[    0.175302] pci 0000:01:00.0: PME# supported from D0 D1 D2 D3hot D3cold
[    0.200502] PCI: bus1: Fast back to back transfers disabled
[    0.200515] pci_bus 0000:01: busn_res: [bus 01-ff] end is updated to 01
[    0.200526] Disabling cpuidle LP2 state, since PCIe IRQs are in use
[    0.200585] pci 0000:00:01.0: BAR 8: assigned [mem 0xa0000000-0xa00fffff]
[    0.200597] pci 0000:00:01.0: BAR 9: assigned [mem 0xa8000000-0xa80fffff 64bit pref]
[    0.200606] pci 0000:00:01.0: BAR 7: assigned [io  0x1000-0x1fff]
[    0.200619] pci 0000:01:00.0: BAR 6: assigned [mem 0xa0000000-0xa001ffff pref]
[    0.200630] pci 0000:01:00.0: BAR 4: assigned [mem 0xa8000000-0xa8003fff 64bit pref]
[    0.200649] pci 0000:01:00.0: BAR 2: assigned [mem 0xa8004000-0xa8004fff 64bit pref]
[    0.200668] pci 0000:01:00.0: BAR 0: assigned [io  0x1000-0x10ff]
[    0.200679] pci 0000:00:01.0: PCI bridge to [bus 01]
[    0.200688] pci 0000:00:01.0:   bridge window [io  0x1000-0x1fff]
[    0.200696] pci 0000:00:01.0:   bridge window [mem 0xa0000000-0xa00fffff]
[    0.200704] pci 0000:00:01.0:   bridge window [mem 0xa8000000-0xa80fffff 64bit pref]
[    0.200726] pci 0000:00:01.0: nv_msi_ht_cap_quirk didn't locate host bridge
[    0.200776] pcieport 0000:00:01.0: enabling device (0140 -> 0143)
[    0.200954] pcieport 0000:00:01.0: Signaling PME with IRQ 295
[    0.206918] tegra-apbdma 6000a000.dma: Tegra20 APB DMA driver register 16 channels
[    0.255343] Serial: 8250/16550 driver, 4 ports, IRQ sharing disabled
[    0.257564] console [ttyS0] disabled
[    0.257598] 70006000.serial: ttyS0 at MMIO 0x70006000 (irq = 279, base_baud = 13500000) is a Tegra
[    1.312828] console [ttyS0] enabled
[    1.316887] SuperH (H)SCI(F) driver initialized
[    1.322141] msm_serial: driver initialized
[    1.326356] STMicroelectronics ASC driver initialized
[    1.336382] tegra-hdmi 54280000.hdmi: 54280000.hdmi supply hdmi not found, using dummy regulator
[    1.347102] [drm] Supports vblank timestamp caching Rev 2 (21.10.2013).
[    1.353718] [drm] No driver support for vblank timestamp query.
[    1.359655] [drm] Cannot find any crtc or sizes - going 1024x768
[    1.381801] Console: switching to colour frame buffer device 128x48
[    1.396479] drm drm: fb0:  frame buffer device
[    1.400972] [drm] Initialized tegra 0.0.0 20120330 for drm on minor 0
[    1.416332] brd: module loaded
[    1.424990] loop: module loaded
[    1.433923] m25p80 spi32766.0: found s25fl008k, expected w25q80bl
[    1.440008] m25p80 spi32766.0: s25fl008k (1024 Kbytes)
[    1.447347] libphy: Fixed MDIO Bus: probed
[    1.452252] CAN device driver interface
[    1.456740] bgmac_bcma: Broadcom 47xx GBit MAC driver loaded
[    1.463414] e1000e: Intel(R) PRO/1000 Network Driver - 3.2.6-k
[    1.469231] e1000e: Copyright(c) 1999 - 2015 Intel Corporation.
[    1.475201] igb: Intel(R) Gigabit Ethernet Network Driver - version 5.4.0-k
[    1.482157] igb: Copyright (c) 2007-2014 Intel Corporation.
[    1.488235] r8169 Gigabit Ethernet driver 2.3LK-NAPI loaded
[    1.493830] r8169 0000:01:00.0: enabling device (0140 -> 0143)
[    1.500476] r8169 0000:01:00.0 eth0: RTL8168d/8111d at 0xf08fc000, 00:01:c0:13:7d:63, XID 081000c0 IRQ 296
[    1.510112] r8169 0000:01:00.0 eth0: jumbo features [frames: 9200 bytes, tx checksumming: ko]
[    1.520778] pegasus: v0.9.3 (2013/04/25), Pegasus/Pegasus II USB Ethernet driver
[    1.528208] usbcore: registered new interface driver pegasus
[    1.533909] usbcore: registered new interface driver asix
[    1.539321] usbcore: registered new interface driver ax88179_178a
[    1.545443] usbcore: registered new interface driver cdc_ether
[    1.551317] usbcore: registered new interface driver smsc75xx
[    1.557096] usbcore: registered new interface driver smsc95xx
[    1.562879] usbcore: registered new interface driver net1080
[    1.568552] usbcore: registered new interface driver cdc_subset
[    1.574498] usbcore: registered new interface driver zaurus
[    1.580099] usbcore: registered new interface driver cdc_ncm
[    1.586023] tegra-phy c5004000.usb-phy: no vbus regulator
[    1.592513] tegra-phy c5008000.usb-phy: no vbus regulator
[    1.599178] ehci_hcd: USB 2.0 'Enhanced' Host Controller (EHCI) Driver
[    1.605708] ehci-pci: EHCI PCI platform driver
[    1.610176] ehci-platform: EHCI generic platform driver
[    1.615554] ehci-orion: EHCI orion driver
[    1.619651] SPEAr-ehci: EHCI SPEAr driver
[    1.623769] ehci-st: EHCI STMicroelectronics driver
[    1.628742] ehci-exynos: EHCI EXYNOS driver
[    1.633046] ehci-atmel: EHCI Atmel driver
[    1.637148] tegra-ehci: Tegra EHCI driver
[    1.701666] ulpi_phy_power_on: ulpi write failed
[    1.706273] tegra-ehci c5004000.usb: Failed to power on the phy
[    1.712208] tegra-ehci: probe of c5004000.usb failed with error -110
[    1.721180] tegra-ehci c5008000.usb: EHCI Host Controller
[    1.726584] tegra-ehci c5008000.usb: new USB bus registered, assigned bus number 1
[    1.734391] tegra-ehci c5008000.usb: irq 290, io mem 0xc5008000
[    1.760480] tegra-ehci c5008000.usb: USB 2.0 started, EHCI 1.00
[    1.767009] hub 1-0:1.0: USB hub found
[    1.770790] hub 1-0:1.0: 1 port detected
[    1.775018] ohci_hcd: USB 1.1 'Open' Host Controller (OHCI) Driver
[    1.781209] ohci-pci: OHCI PCI platform driver
[    1.785687] ohci-platform: OHCI generic platform driver
[    1.791076] ohci-omap3: OHCI OMAP3 driver
[    1.795179] SPEAr-ohci: OHCI SPEAr driver
[    1.799286] ohci-st: OHCI STMicroelectronics driver
[    1.804272] ohci-atmel: OHCI Atmel driver
[    1.808862] usbcore: registered new interface driver usb-storage
[    1.817471] rtc-em3027 2-0056: rtc core: registered rtc-em3027 as rtc0
[    1.825142] tegra_rtc 7000e000.rtc: rtc core: registered 7000e000.rtc as rtc1
[    1.832306] tegra_rtc 7000e000.rtc: Tegra internal Real Time Clock
[    1.838858] i2c /dev entries driver
[    1.851627] sdhci: Secure Digital Host Controller Interface driver
[    1.857792] sdhci: Copyright(c) Pierre Ossman
[    1.863312] Synopsys Designware Multimedia Card Interface Driver
[    1.870142] sdhci-pltfm: SDHCI platform and OF driver helper
[    1.876569] mmc0: Invalid maximum block size, assuming 512 bytes
[    1.940479] mmc0: SDHCI controller on c8000000.sdhci [c8000000.sdhci] using ADMA
[    1.947954] sdhci-tegra c8000600.sdhci: Got CD GPIO
[    1.952851] sdhci-tegra c8000600.sdhci: Got WP GPIO
[    1.957882] mmc1: Invalid maximum block size, assuming 512 bytes
[    2.020546] mmc1: SDHCI controller on c8000600.sdhci [c8000600.sdhci] using ADMA
[    2.029318] ledtrig-cpu: registered to indicate activity on CPUs
[    2.035601] usbcore: registered new interface driver usbhid
[    2.041175] usbhid: USB HID core driver
[    2.048140] NET: Registered protocol family 10
[    2.053486] Segment Routing with IPv6
[    2.057183] sit: IPv6, IPv4 and MPLS over IPv4 tunneling driver
[    2.063630] NET: Registered protocol family 17
[    2.068068] can: controller area network core (rev 20120528 abi 9)
[    2.074411] NET: Registered protocol family 29
[    2.078844] can: raw protocol (rev 20120528)
[    2.083118] can: broadcast manager protocol (rev 20161123 t)
[    2.088766] can: netlink gateway (rev 20130117) max_hops=1
[    2.094570] Key type dns_resolver registered
[    2.099188] ThumbEE CPU extension supported.
[    2.103472] Registering SWP/SWPB emulation handler
[    2.116175] utmi_phy_clk_enable: timeout waiting for phy to stabilize
[    2.119365] mmc0: host does not support reading read-only switch, assuming write-enable
[    2.121194] mmc0: new high speed SDHC card at address b368
[    2.130813] mmcblk0: mmc0:b368 NCard 3.70 GiB 
[    2.140575] tegra-ehci c5000000.usb: EHCI Host Controller
[    2.142275]  mmcblk0: p1
[    2.148498] tegra-ehci c5000000.usb: new USB bus registered, assigned bus number 2
[    2.156364] tegra-ehci c5000000.usb: irq 288, io mem 0xc5000000
[    2.170509] usb 1-1: new high-speed USB device number 2 using tegra-ehci
[    2.200506] tegra-ehci c5000000.usb: USB 2.0 started, EHCI 1.00
[    2.207306] hub 2-0:1.0: USB hub found
[    2.211117] hub 2-0:1.0: 1 port detected
[    2.216310] input: gpio-keys as /devices/soc0/gpio-keys/input/input0
[    2.223383] rtc-em3027 2-0056: hctosys: unable to read the hardware clock
[    2.232114] EXT4-fs (mmcblk0p1): mounting ext3 file system using the ext4 subsystem
[    2.239503] mmc1: new high speed SD card at address b368
[    2.239998] mmcblk1: mmc1:b368 NCard 1.83 GiB (ro)
[    2.242695]  mmcblk1: p1 p2
[    2.391621] hub 1-1:1.0: USB hub found
[    2.395545] hub 1-1:1.0: 4 ports detected
[    2.484217] EXT4-fs (mmcblk0p1): recovery complete
[    2.557040] EXT4-fs (mmcblk0p1): mounted filesystem with ordered data mode. Opts: (null)
[    2.565257] VFS: Mounted root (ext3 filesystem) on device 179:1.
[    2.575423] devtmpfs: mounted
[    2.584149] Freeing unused kernel memory: 2048K
[    2.628610] random: fast init done
[    2.720548] usb 1-1.2: new high-speed USB device number 3 using tegra-ehci
bash: cannot set terminal process group (-1): Inappropriate ioctl for device
bash: no job control in this shell
root@(none):/# [    3.343213] asix 1-1.2:1.0 eth1: register 'asix' at usb-c5008000.usb-1.2, ASIX AX88772 USB 2.0 Ethernet, 00:60:6e:60:6c:68
 
root@(none):/# mount -t sysfs none /sys
root@(none):/# 
root@(none):/# mount -t debugfs none /sys/kernel/debug
root@(none):/# 
root@(none):/# rtcwake -d rtc1 -m mem -s 3
rtcwake: assuming RTC uses UTC ...
rtcwake: wakeup from "mem" using /dev/rtc1 at Thu Jan  1 00:00:32 1970
[   15.595047] PM: Syncing filesystems ... done.
[   15.641152] Freezing user space processes ... (elapsed 0.001 seconds) done.
[   15.649541] Freezing remaining freezable tasks ... (elapsed 0.001 seconds) done.
[   15.658513] Suspending console(s) (use no_console_suspend to debug)
[   15.696714] pci_generic_config_write32: 38 callbacks suppressed
[   15.696759] pci_bus 0000:00: 2-byte config write to 0000:00:01.0 offset 0x9c may corrupt adjacent RW1C bits
[   15.708414] PM: suspend of devices complete after 41.145 msecs
[   15.713242] PM: late suspend of devices complete after 4.795 msecs
[   15.717715] pci_bus 0000:01: 2-byte config write to 0000:01:00.0 offset 0x44 may corrupt adjacent RW1C bits
[   15.717770] pci_bus 0000:01: 2-byte config write to 0000:01:00.0 offset 0x44 may corrupt adjacent RW1C bits
[   15.741167] PM: noirq suspend of devices complete after 27.894 msecs
[   15.741179] Disabling non-boot CPUs ...
[   15.809898] Entering suspend state LP1
[   15.809898] Suspended for 1.309 seconds
[   15.809945] Enabling non-boot CPUs ...
[   15.839679] CPU1 is up
[   15.840744] pci_bus 0000:00: 2-byte config write to 0000:00:01.0 offset 0x4c may corrupt adjacent RW1C bits
[   15.840791] pci_bus 0000:00: 2-byte config write to 0000:00:01.0 offset 0x88 may corrupt adjacent RW1C bits
[   15.840822] pci_bus 0000:00: 2-byte config write to 0000:00:01.0 offset 0x90 may corrupt adjacent RW1C bits
[   15.840850] pci_bus 0000:00: 2-byte config write to 0000:00:01.0 offset 0x98 may corrupt adjacent RW1C bits
[   15.840879] pci_bus 0000:00: 2-byte config write to 0000:00:01.0 offset 0x9c may corrupt adjacent RW1C bits
[   15.840959] pci_bus 0000:00: 2-byte config write to 0000:00:01.0 offset 0x52 may corrupt adjacent RW1C bits
[   15.840992] pci_bus 0000:00: 2-byte config write to 0000:00:01.0 offset 0x52 may corrupt adjacent RW1C bits
[   15.841065] pcieport 0000:00:01.0: nv_msi_ht_cap_quirk didn't locate host bridge
[   15.870799] PM: noirq resume of devices complete after 31.085 msecs
[   15.874549] PM: early resume of devices complete after 3.163 msecs
[   16.418683] PM: resume of devices complete after 544.101 msecs
[   16.587119] Restarting tasks ... done.
root@(none):/# 
root@(none):/# rtcwake -d rtc1 -m mem -s 3
rtcwake: assuming RTC uses UTC ...
rtcwake: wakeup from "mem" using /dev/rtc1 at Thu Jan  1 00:00:37 1970
[   17.435133] PM: Syncing filesystems ... done.
[   17.480226] Freezing user space processes ... (elapsed 0.001 seconds) done.
[   17.488727] Freezing remaining freezable tasks ... (elapsed 0.001 seconds) done.
[   17.497773] Suspending console(s) (use no_console_suspend to debug)
[   17.548882] PM: suspend of devices complete after 42.448 msecs
[   17.553812] PM: late suspend of devices complete after 4.897 msecs
[   17.581074] PM: noirq suspend of devices complete after 27.231 msecs
[   17.581088] Disabling non-boot CPUs ...
[   17.648573] Entering suspend state LP1
[   17.648573] Suspended for 3.161 seconds
[   17.648620] Enabling non-boot CPUs ...
[   17.679558] CPU1 is up
[   17.680774] pcieport 0000:00:01.0: nv_msi_ht_cap_quirk didn't locate host bridge
[   17.710632] PM: noirq resume of devices complete after 31.038 msecs
[   17.714338] PM: early resume of devices complete after 3.131 msecs
[   18.259491] PM: resume of devices complete after 545.119 msecs
[   18.324744] Restarting tasks ... done.
root@(none):/# 
root@(none):/# rtcwake -d rtc1 -m mem -s 3
rtcwake: assuming RTC uses UTC ...
rtcwake: wakeup from "mem" using /dev/rtc1 at Thu Jan  1 00:00:42 1970
[   19.274777] PM: Syncing filesystems ... done.
[   19.319890] Freezing user space processes ... (elapsed 0.001 seconds) done.
[   19.328258] Freezing remaining freezable tasks ... (elapsed 0.001 seconds) done.
[   19.337130] Suspending console(s) (use no_console_suspend to debug)
[   19.387755] PM: suspend of devices complete after 42.636 msecs
[   19.392600] PM: late suspend of devices complete after 4.813 msecs
[   19.420932] PM: noirq suspend of devices complete after 28.300 msecs
[   19.420945] Disabling non-boot CPUs ...
[   19.488469] Entering suspend state LP1
[   19.488469] Suspended for 3.160 seconds
[   19.488516] Enabling non-boot CPUs ...
[   19.519499] CPU1 is up
[   19.520470] pcieport 0000:00:01.0: nv_msi_ht_cap_quirk didn't locate host bridge
[   19.550680] PM: noirq resume of devices complete after 31.146 msecs
[   19.554411] PM: early resume of devices complete after 3.156 msecs
[   20.099456] PM: resume of devices complete after 545.013 msecs
[   20.162785] Restarting tasks ... done.
root@(none):/# 
root@(none):/# rtcwake -d rtc1 -m mem -s 3
rtcwake: assuming RTC uses UTC ...
rtcwake: wakeup from "mem" using /dev/rtc1 at Thu Jan  1 00:00:47 1970
[   21.114687] PM: Syncing filesystems ... done.
[   21.159760] Freezing user space processes ... (elapsed 0.001 seconds) done.
[   21.168198] Freezing remaining freezable tasks ... (elapsed 0.001 seconds) done.
[   21.177263] Suspending console(s) (use no_console_suspend to debug)
[   21.216384] pci_generic_config_write32: 65 callbacks suppressed
[   21.216429] pci_bus 0000:00: 2-byte config write to 0000:00:01.0 offset 0x9c may corrupt adjacent RW1C bits
[   21.228747] PM: suspend of devices complete after 42.855 msecs
[   21.233513] PM: late suspend of devices complete after 4.735 msecs
[   21.237949] pci_bus 0000:01: 2-byte config write to 0000:01:00.0 offset 0x44 may corrupt adjacent RW1C bits
[   21.238005] pci_bus 0000:01: 2-byte config write to 0000:01:00.0 offset 0x44 may corrupt adjacent RW1C bits
[   21.260887] PM: noirq suspend of devices complete after 27.343 msecs
[   21.260900] Disabling non-boot CPUs ...
[   21.298401] Entering suspend state LP1
[   21.298401] Suspended for 3.189 seconds
[   21.298448] Enabling non-boot CPUs ...
[   21.329475] CPU1 is up
[   21.330381] pci_bus 0000:00: 2-byte config write to 0000:00:01.0 offset 0x4c may corrupt adjacent RW1C bits
[   21.330429] pci_bus 0000:00: 2-byte config write to 0000:00:01.0 offset 0x88 may corrupt adjacent RW1C bits
[   21.330459] pci_bus 0000:00: 2-byte config write to 0000:00:01.0 offset 0x90 may corrupt adjacent RW1C bits
[   21.330487] pci_bus 0000:00: 2-byte config write to 0000:00:01.0 offset 0x98 may corrupt adjacent RW1C bits
[   21.330515] pci_bus 0000:00: 2-byte config write to 0000:00:01.0 offset 0x9c may corrupt adjacent RW1C bits
[   21.330596] pci_bus 0000:00: 2-byte config write to 0000:00:01.0 offset 0x52 may corrupt adjacent RW1C bits
[   21.330627] pci_bus 0000:00: 2-byte config write to 0000:00:01.0 offset 0x52 may corrupt adjacent RW1C bits
[   21.330699] pcieport 0000:00:01.0: nv_msi_ht_cap_quirk didn't locate host bridge
[   21.360589] PM: noirq resume of devices complete after 31.080 msecs
[   21.364343] PM: early resume of devices complete after 3.177 msecs
[   21.914224] PM: resume of devices complete after 549.848 msecs
[   22.082557] Restarting tasks ... done.
root@(none):/# 
root@(none):/# rtcwake -d rtc1 -m mem -s 3
rtcwake: assuming RTC uses UTC ...
rtcwake: wakeup from "mem" using /dev/rtc1 at Thu Jan  1 00:00:52 1970
[   22.924737] PM: Syncing filesystems ... done.
[   22.969794] Freezing user space processes ... (elapsed 0.001 seconds) done.
[   22.978234] Freezing remaining freezable tasks ... (elapsed 0.001 seconds) done.
[   22.987299] Suspending console(s) (use no_console_suspend to debug)
[   23.038391] PM: suspend of devices complete after 42.464 msecs
[   23.043111] PM: late suspend of devices complete after 4.688 msecs
[   23.070793] PM: noirq suspend of devices complete after 27.651 msecs
[   23.070806] Disabling non-boot CPUs ...
[   23.108325] Entering suspend state LP1
[   23.108325] Suspended for 3.189 seconds
[   23.108372] Enabling non-boot CPUs ...
[   23.139329] CPU1 is up
[   23.140928] pcieport 0000:00:01.0: nv_msi_ht_cap_quirk didn't locate host bridge
[   23.170506] PM: noirq resume of devices complete after 31.142 msecs
[   23.174233] PM: early resume of devices complete after 3.150 msecs
[   23.719294] PM: resume of devices complete after 545.027 msecs
[   23.784536] Restarting tasks ... done.
root@(none):/# 
root@(none):/# rtcwake -d rtc1 -m mem -s 3
rtcwake: assuming RTC uses UTC ...
rtcwake: wakeup from "mem" using /dev/rtc1 at Thu Jan  1 00:00:57 1970
[   24.734563] PM: Syncing filesystems ... done.
[   24.779614] Freezing user space processes ... (elapsed 0.001 seconds) done.
[   24.787990] Freezing remaining freezable tasks ... (elapsed 0.001 seconds) done.
[   24.796870] Suspending console(s) (use no_console_suspend to debug)
[   24.847094] PM: suspend of devices complete after 42.253 msecs
[   24.851736] PM: late suspend of devices complete after 4.610 msecs
[   24.880707] PM: noirq suspend of devices complete after 28.939 msecs
[   24.880720] Disabling non-boot CPUs ...
[   24.918212] Entering suspend state LP1
[   24.918212] Suspended for 3.190 seconds
[   24.918259] Enabling non-boot CPUs ...
[   24.949257] CPU1 is up
[   24.950730] pcieport 0000:00:01.0: nv_msi_ht_cap_quirk didn't locate host bridge
[   24.980419] PM: noirq resume of devices complete after 31.128 msecs
[   24.984183] PM: early resume of devices complete after 3.186 msecs
[   25.529177] PM: resume of devices complete after 544.961 msecs
[   25.594412] Restarting tasks ... done.
root@(none):/# 
root@(none):/# rtcwake -d rtc1 -m mem -s 3
rtcwake: assuming RTC uses UTC ...
rtcwake: wakeup from "mem" using /dev/rtc1 at Thu Jan  1 00:01:02 1970
[   26.544378] PM: Syncing filesystems ... done.
[   26.589444] Freezing user space processes ... (elapsed 0.001 seconds) done.
[   26.597881] Freezing remaining freezable tasks ... (elapsed 0.001 seconds) done.
[   26.606945] Suspending console(s) (use no_console_suspend to debug)
[   26.646234] pci_generic_config_write32: 65 callbacks suppressed
[   26.646279] pci_bus 0000:00: 2-byte config write to 0000:00:01.0 offset 0x9c may corrupt adjacent RW1C bits
[   26.658599] PM: suspend of devices complete after 42.990 msecs
[   26.663346] PM: late suspend of devices complete after 4.714 msecs
[   26.667671] pci_bus 0000:01: 2-byte config write to 0000:01:00.0 offset 0x44 may corrupt adjacent RW1C bits
[   26.667725] pci_bus 0000:01: 2-byte config write to 0000:01:00.0 offset 0x44 may corrupt adjacent RW1C bits
[   26.690599] PM: noirq suspend of devices complete after 27.222 msecs
[   26.690612] Disabling non-boot CPUs ...
[   26.738094] Entering suspend state LP1
[   26.738094] Suspended for 3.180 seconds
[   26.738140] Enabling non-boot CPUs ...
[   26.769108] CPU1 is up
[   26.770419] pci_bus 0000:00: 2-byte config write to 0000:00:01.0 offset 0x4c may corrupt adjacent RW1C bits
[   26.770468] pci_bus 0000:00: 2-byte config write to 0000:00:01.0 offset 0x88 may corrupt adjacent RW1C bits
[   26.770498] pci_bus 0000:00: 2-byte config write to 0000:00:01.0 offset 0x90 may corrupt adjacent RW1C bits
[   26.770525] pci_bus 0000:00: 2-byte config write to 0000:00:01.0 offset 0x98 may corrupt adjacent RW1C bits
[   26.770553] pci_bus 0000:00: 2-byte config write to 0000:00:01.0 offset 0x9c may corrupt adjacent RW1C bits
[   26.770633] pci_bus 0000:00: 2-byte config write to 0000:00:01.0 offset 0x52 may corrupt adjacent RW1C bits
[   26.770666] pci_bus 0000:00: 2-byte config write to 0000:00:01.0 offset 0x52 may corrupt adjacent RW1C bits
[   26.770739] pcieport 0000:00:01.0: nv_msi_ht_cap_quirk didn't locate host bridge
[   26.810269] PM: noirq resume of devices complete after 41.125 msecs
[   26.814256] PM: early resume of devices complete after 3.237 msecs
[   27.359022] PM: resume of devices complete after 544.734 msecs
[   27.527517] Restarting tasks ... done.
root@(none):/# 
root@(none):/# rtcwake -d rtc1 -m mem -s 3
rtcwake: assuming RTC uses UTC ...
rtcwake: wakeup from "mem" using /dev/rtc1 at Thu Jan  1 00:01:07 1970
[   28.364458] PM: Syncing filesystems ... done.
[   28.409507] Freezing user space processes ... (elapsed 0.001 seconds) done.
[   28.417959] Freezing remaining freezable tasks ... (elapsed 0.001 seconds) done.
[   28.427023] Suspending console(s) (use no_console_suspend to debug)
[   28.476754] PM: suspend of devices complete after 41.097 msecs
[   28.481312] PM: late suspend of devices complete after 4.527 msecs
[   28.510502] PM: noirq suspend of devices complete after 29.158 msecs
[   28.510514] Disabling non-boot CPUs ...
[   28.577982] Entering suspend state LP1
[   28.577982] Suspended for 3.160 seconds
[   28.578029] Enabling non-boot CPUs ...
[   28.609142] CPU1 is up
[   28.610541] pcieport 0000:00:01.0: nv_msi_ht_cap_quirk didn't locate host bridge
[   28.640251] PM: noirq resume of devices complete after 31.075 msecs
[   28.643998] PM: early resume of devices complete after 3.169 msecs
[   29.188391] PM: resume of devices complete after 544.359 msecs
[   29.253606] Restarting tasks ... done.
root@(none):/# 
root@(none):/# rtcwake -d rtc1 -m mem -s 3
rtcwake: assuming RTC uses UTC ...
rtcwake: wakeup from "mem" using /dev/rtc1 at Thu Jan  1 00:01:12 1970
[   30.204334] PM: Syncing filesystems ... done.
[   30.249394] Freezing user space processes ... (elapsed 0.001 seconds) done.
[   30.257762] Freezing remaining freezable tasks ... (elapsed 0.001 seconds) done.
[   30.266625] Suspending console(s) (use no_console_suspend to debug)
[   30.317438] PM: suspend of devices complete after 42.857 msecs
[   30.322159] PM: late suspend of devices complete after 4.689 msecs
[   30.350429] PM: noirq suspend of devices complete after 28.238 msecs
[   30.350441] Disabling non-boot CPUs ...
[   30.397949] Entering suspend state LP1
[   30.397949] Suspended for 3.179 seconds
[   30.397993] Enabling non-boot CPUs ...
[   30.428991] CPU1 is up
[   30.430370] pcieport 0000:00:01.0: nv_msi_ht_cap_quirk didn't locate host bridge
[   30.460157] PM: noirq resume of devices complete after 31.132 msecs
[   30.463891] PM: early resume of devices complete after 3.155 msecs
[   31.008961] PM: resume of devices complete after 545.038 msecs
[   31.074199] Restarting tasks ... done.
root@(none):/# 
root@(none):/# rtcwake -d rtc1 -m mem -s 3
rtcwake: assuming RTC uses UTC ...
rtcwake: wakeup from "mem" using /dev/rtc1 at Thu Jan  1 00:01:17 1970
[   32.034280] PM: Syncing filesystems ... done.
[   32.079354] Freezing user space processes ... (elapsed 0.001 seconds) done.
[   32.087796] Freezing remaining freezable tasks ... (elapsed 0.001 seconds) done.
[   32.096858] Suspending console(s) (use no_console_suspend to debug)
[   32.136131] pci_generic_config_write32: 65 callbacks suppressed
[   32.136176] pci_bus 0000:00: 2-byte config write to 0000:00:01.0 offset 0x9c may corrupt adjacent RW1C bits
[   32.148497] PM: suspend of devices complete after 43.013 msecs
[   32.153197] PM: late suspend of devices complete after 4.670 msecs
[   32.157608] pci_bus 0000:01: 2-byte config write to 0000:01:00.0 offset 0x44 may corrupt adjacent RW1C bits
[   32.157665] pci_bus 0000:01: 2-byte config write to 0000:01:00.0 offset 0x44 may corrupt adjacent RW1C bits
[   32.180359] PM: noirq suspend of devices complete after 27.131 msecs
[   32.180372] Disabling non-boot CPUs ...
[   32.217833] Entering suspend state LP1
[   32.217833] Suspended for 3.180 seconds
[   32.217879] Enabling non-boot CPUs ...
[   32.248937] CPU1 is up
[   32.249824] pci_bus 0000:00: 2-byte config write to 0000:00:01.0 offset 0x4c may corrupt adjacent RW1C bits
[   32.249871] pci_bus 0000:00: 2-byte config write to 0000:00:01.0 offset 0x88 may corrupt adjacent RW1C bits
[   32.249901] pci_bus 0000:00: 2-byte config write to 0000:00:01.0 offset 0x90 may corrupt adjacent RW1C bits
[   32.249928] pci_bus 0000:00: 2-byte config write to 0000:00:01.0 offset 0x98 may corrupt adjacent RW1C bits
[   32.249957] pci_bus 0000:00: 2-byte config write to 0000:00:01.0 offset 0x9c may corrupt adjacent RW1C bits
[   32.250036] pci_bus 0000:00: 2-byte config write to 0000:00:01.0 offset 0x52 may corrupt adjacent RW1C bits
[   32.250067] pci_bus 0000:00: 2-byte config write to 0000:00:01.0 offset 0x52 may corrupt adjacent RW1C bits
[   32.250139] pcieport 0000:00:01.0: nv_msi_ht_cap_quirk didn't locate host bridge
[   32.280071] PM: noirq resume of devices complete after 31.100 msecs
[   32.283792] PM: early resume of devices complete after 3.142 msecs
[   32.828867] PM: resume of devices complete after 545.042 msecs
[   32.997220] Restarting tasks ... done.
root@(none):/# 
root@(none):/# NVTB SYSTEM SUSPEND TEST COMPLETE
