
U-Boot SPL 2014.01-00219-gc4d376f (Feb 18 2014 - 19:57:18)


U-Boot 2014.01-00219-gc4d376f (Feb 18 2014 - 19:57:18)

TEGRA30
Board: NVIDIA Beaver
I2C:   ready
DRAM:  2 GiB
MMC:   Tegra SD/MMC: 0, Tegra SD/MMC: 1
In:    serial
Out:   serial
Err:   serial
Net:   Net Initialization Skipped
No ethernet found.
Hit any key to stop autoboot:  2  0 
Tegra30 (Beaver) # 
Tegra30 (Beaver) # usb reset
(Re)start USB...
USB0:   USB EHCI 1.00
scanning bus 0 for devices... 2 USB Device(s) found
       scanning usb for storage devices... 0 Storage Device(s) found
       scanning usb for ethernet devices... 
Warning: asx0 using MAC address from net device
1 Ethernet Device(s) found
Tegra30 (Beaver) # setenv bootargs 'ignore_loglevel console=ttyS0,115200n8 rw root=PARTUUID=edbe1840-3633-c751-7993-b0ac834f81e0 rootwait gpt debug noinitrd earlyprintk init=/bin/bash'
Tegra30 (Beaver) # setenv ipaddr 192.168.100.101; setenv serverip 192.168.100.1; setenv tftpserverip 192.168.100.1
Tegra30 (Beaver) # tftpboot 0x81000000 zImage.multi_v7_defconfig
Using asx0 device
TFTP from server 192.168.100.1; our IP address is 192.168.100.101
Filename 'zImage.multi_v7_defconfig'.
Load address: 0x81000000
Loading: *#################################################################
	 #################################################################
	 #################################################################
	 #################################################################
	 #################################################################
	 #################################################################
	 #################################################################
	 ############################
	 3.2 MiB/s
done
Bytes transferred = 7076728 (6bfb78 hex)
Tegra30 (Beaver) # tftpboot 0x82000000 tegra30-beaver.dtb
Using asx0 device
TFTP from server 192.168.100.1; our IP address is 192.168.100.101
Filename 'tegra30-beaver.dtb'.
Load address: 0x82000000
Loading: *####
	 3.1 MiB/s
done
Bytes transferred = 51627 (c9ab hex)
Tegra30 (Beaver) # bootz 0x81000000 - 0x82000000
Kernel image @ 0x81000000 [ 0x000000 - 0x6bfb78 ]
## Flattened Device Tree blob at 82000000
   Booting using the fdt blob at 0x82000000
   Loading Device Tree to 8fff0000, end 8ffff9aa ... OK

Starting kernel ...

[    0.000000] Booting Linux on physical CPU 0x0
[    0.000000] Linux version 4.6.0-rc7-next-20160516-94924-gb0dc27a (pwalmsley@sellafield) (gcc version 4.7.3 20130328 (prerelease) (crosstool-NG linaro-1.13.1-4.7-2013.04-20130415 - Linaro GCC 2013.04) ) #1 SMP Mon May 23 11:58:58 PDT 2016
[    0.000000] CPU: ARMv7 Processor [412fc099] revision 9 (ARMv7), cr=10c5387d
[    0.000000] CPU: PIPT / VIPT nonaliasing data cache, VIPT aliasing instruction cache
[    0.000000] Machine model: NVIDIA Tegra30 Beaver evaluation board
[    0.000000] debug: ignoring loglevel setting.
[    0.000000] cma: Reserved 64 MiB at 0xfb800000
[    0.000000] Memory policy: Data cache writealloc
[    0.000000] On node 0 totalpages: 524032
[    0.000000] free_area_init_node: node 0, pgdat c141bb40, node_mem_map eeff8000
[    0.000000]   DMA zone: 1536 pages used for memmap
[    0.000000]   DMA zone: 0 pages reserved
[    0.000000]   DMA zone: 196608 pages, LIFO batch:31
[    0.000000]   HighMem zone: 327424 pages, LIFO batch:31
[    0.000000] percpu: Embedded 13 pages/cpu @eef8f000 s23808 r8192 d21248 u53248
[    0.000000] pcpu-alloc: s23808 r8192 d21248 u53248 alloc=13*4096
[    0.000000] pcpu-alloc: [0] 0 [0] 1 [0] 2 [0] 3 
[    0.000000] Built 1 zonelists in Zone order, mobility grouping on.  Total pages: 522496
[    0.000000] Kernel command line: ignore_loglevel console=ttyS0,115200n8 rw root=PARTUUID=edbe1840-3633-c751-7993-b0ac834f81e0 rootwait gpt debug noinitrd earlyprintk init=/bin/bash
[    0.000000] PID hash table entries: 4096 (order: 2, 16384 bytes)
[    0.000000] Dentry cache hash table entries: 131072 (order: 7, 524288 bytes)
[    0.000000] Inode-cache hash table entries: 65536 (order: 6, 262144 bytes)
[    0.000000] Memory: 1995036K/2096128K available (9529K kernel code, 1142K rwdata, 4216K rodata, 2048K init, 343K bss, 35556K reserved, 65536K cma-reserved, 1244160K highmem)
[    0.000000] Virtual kernel memory layout:
[    0.000000]     vector  : 0xffff0000 - 0xffff1000   (   4 kB)
[    0.000000]     fixmap  : 0xffc00000 - 0xfff00000   (3072 kB)
[    0.000000]     vmalloc : 0xf0800000 - 0xff800000   ( 240 MB)
[    0.000000]     lowmem  : 0xc0000000 - 0xf0000000   ( 768 MB)
[    0.000000]     pkmap   : 0xbfe00000 - 0xc0000000   (   2 MB)
[    0.000000]     modules : 0xbf000000 - 0xbfe00000   (  14 MB)
[    0.000000]       .text : 0xc0208000 - 0xc106c518   (14738 kB)
[    0.000000]       .init : 0xc1100000 - 0xc1300000   (2048 kB)
[    0.000000]       .data : 0xc1300000 - 0xc141dba0   (1143 kB)
[    0.000000]        .bss : 0xc141f000 - 0xc1474ca0   ( 344 kB)
[    0.000000] SLUB: HWalign=64, Order=0-3, MinObjects=0, CPUs=4, Nodes=1
[    0.000000] Hierarchical RCU implementation.
[    0.000000] 	Build-time adjustment of leaf fanout to 32.
[    0.000000] 	RCU restricting CPUs from NR_CPUS=16 to nr_cpu_ids=4.
[    0.000000] RCU: Adjusting geometry for rcu_fanout_leaf=32, nr_cpu_ids=4
[    0.000000] NR_IRQS:16 nr_irqs:16 16
[    0.000000] /interrupt-controller@60004000: 160 interrupts forwarded to /interrupt-controller@50041000
[    0.000000] L2C: platform modifies aux control register: 0x02080000 -> 0x3e480001
[    0.000000] L2C: DT/platform modifies aux control register: 0x02080000 -> 0x3e480001
[    0.000000] L2C-310 erratum 769419 enabled
[    0.000000] L2C-310 enabling early BRESP for Cortex-A9
[    0.000000] L2C-310: enabling full line of zeros but not enabled in Cortex-A9
[    0.000000] L2C-310 dynamic clock gating enabled, standby mode enabled
[    0.000000] L2C-310 cache controller enabled, 8 ways, 1024 kB
[    0.000000] L2C-310: CACHE_ID 0x410000c7, AUX_CTRL 0x4e480001
[    0.000014] sched_clock: 32 bits at 1000kHz, resolution 1000ns, wraps every 2147483647500ns
[    0.000031] clocksource: timer_us: mask: 0xffffffff max_cycles: 0xffffffff, max_idle_ns: 1911260446275 ns
[    0.000040] Switching to timer-based delay loop, resolution 1000ns
[    0.002829] Console: colour dummy device 80x30
[    0.002855] Calibrating delay loop (skipped), value calculated using timer frequency.. 2.00 BogoMIPS (lpj=5000)
[    0.002864] pid_max: default: 32768 minimum: 301
[    0.002951] Mount-cache hash table entries: 2048 (order: 1, 8192 bytes)
[    0.002958] Mountpoint-cache hash table entries: 2048 (order: 1, 8192 bytes)
[    0.003394] CPU: Testing write buffer coherency: ok
[    0.003686] CPU0: thread -1, cpu 0, socket 0, mpidr 80000000
[    0.003731] Setting up static identity map for 0x80300000 - 0x80300098
[    0.006204] Tegra Revision: A03 SKU: 128 CPU Process: 4 SoC Process: 0
[    0.010350] CPU1: thread -1, cpu 1, socket 0, mpidr 80000001
[    0.015335] CPU2: thread -1, cpu 2, socket 0, mpidr 80000002
[    0.020334] CPU3: thread -1, cpu 3, socket 0, mpidr 80000003
[    0.020379] Brought up 4 CPUs
[    0.020393] SMP: Total of 4 processors activated (8.00 BogoMIPS).
[    0.020397] CPU: All CPU(s) started in SVC mode.
[    0.021092] devtmpfs: initialized
[    0.029031] VFP support v0.3: implementor 41 architecture 3 part 30 variant 9 rev 4
[    0.029652] clocksource: jiffies: mask: 0xffffffff max_cycles: 0xffffffff, max_idle_ns: 9556302231375000 ns
[    0.032933] pinctrl core: initialized pinctrl subsystem
[    0.034425] NET: Registered protocol family 16
[    0.036593] DMA: preallocated 256 KiB pool for atomic coherent allocations
[    0.049931] cpuidle: using governor menu
[    0.058886] No ATAGs?
[    0.058911] hw-breakpoint: found 5 (+1 reserved) breakpoint and 1 watchpoint registers.
[    0.058918] hw-breakpoint: maximum watchpoint size is 4 bytes.
[    0.062119] Serial: AMBA PL011 UART driver
[    0.063456] tegra-mc 7000f000.memory-controller: no memory timings for RAM code 3 registered
[    0.082811] vdd_5v_sata: Failed to request enable GPIO30: -517
[    0.082826] reg-fixed-voltage regulators:regulator@3: Failed to register regulator: -517
[    0.082869] usb1_vbus: Failed to request enable GPIO238: -517
[    0.082876] reg-fixed-voltage regulators:regulator@4: Failed to register regulator: -517
[    0.082919] usb3_vbus: Failed to request enable GPIO236: -517
[    0.082926] reg-fixed-voltage regulators:regulator@5: Failed to register regulator: -517
[    0.083016] sys_3v3_pexs: Failed to request enable GPIO95: -517
[    0.083023] reg-fixed-voltage regulators:regulator@7: Failed to register regulator: -517
[    0.085062] vgaarb: loaded
[    0.085531] SCSI subsystem initialized
[    0.085645] libata version 3.00 loaded.
[    0.085816] usbcore: registered new interface driver usbfs
[    0.085855] usbcore: registered new interface driver hub
[    0.085891] usbcore: registered new device driver usb
[    0.092599] vrtc: supplied by vdd_5v_in
[    0.095912] vio: supplied by vdd_5v_in
[    0.101825] vdd1: supplied by vdd_5v_in
[    0.103190] vddio_ddr_1v2: Bringing 600000uV into 1200000-1200000uV
[    0.106823] vdd2: supplied by vdd_5v_in
[    0.116833] ldo1: supplied by vdd_1v5_gen
[    0.119202] ldo2: supplied by vdd_1v5_gen
[    0.119688] vdd_sata,avdd_plle: Bringing 1200000uV into 1050000-1050000uV
[    0.121938] ldo3: supplied by vdd_5v_in
[    0.124299] ldo4: supplied by vdd_5v_in
[    0.126842] ldo5: supplied by vdd_5v_in
[    0.131826] ldo6: supplied by vdd_1v8_gen
[    0.132296] avdd_dsi_csi,pwrdet_mipi: Bringing 1000000uV into 1200000-1200000uV
[    0.134534] ldo7: supplied by vdd_1v8_gen
[    0.141849] ldo8: supplied by vdd_1v8_gen
[    0.146874] pps_core: LinuxPPS API ver. 1 registered
[    0.146881] pps_core: Software ver. 5.3.6 - Copyright 2005-2007 Rodolfo Giometti <giometti@linux.it>
[    0.146894] PTP clock support registered
[    0.147025] EDAC MC: Ver: 3.0.0
[    0.148515] clocksource: Switched to clocksource timer_us
[    0.154307] NET: Registered protocol family 2
[    0.154713] TCP established hash table entries: 8192 (order: 3, 32768 bytes)
[    0.154767] TCP bind hash table entries: 8192 (order: 4, 65536 bytes)
[    0.154850] TCP: Hash tables configured (established 8192 bind 8192)
[    0.154929] UDP hash table entries: 512 (order: 2, 16384 bytes)
[    0.154987] UDP-Lite hash table entries: 512 (order: 2, 16384 bytes)
[    0.155159] NET: Registered protocol family 1
[    0.155416] RPC: Registered named UNIX socket transport module.
[    0.155423] RPC: Registered udp transport module.
[    0.155427] RPC: Registered tcp transport module.
[    0.155431] RPC: Registered tcp NFSv4.1 backchannel transport module.
[    0.155441] PCI: CLS 0 bytes, default 64
[    0.156194] hw perfevents: enabled with armv7_cortex_a9 PMU driver, 7 counters available
[    0.157089] futex hash table entries: 1024 (order: 4, 65536 bytes)
[    0.157570] workingset: timestamp_bits=28 max_order=19 bucket_order=0
[    0.162762] squashfs: version 4.0 (2009/01/31) Phillip Lougher
[    0.163223] NFS: Registering the id_resolver key type
[    0.163259] Key type id_resolver registered
[    0.163263] Key type id_legacy registered
[    0.163294] ntfs: driver 2.1.32 [Flags: R/O].
[    0.164122] bounce: pool size: 64 pages
[    0.164246] Block layer SCSI generic (bsg) driver version 0.4 loaded (major 248)
[    0.164254] io scheduler noop registered
[    0.164259] io scheduler deadline registered
[    0.164279] io scheduler cfq registered (default)
[    0.176937] tegra-pcie 3000.pcie-controller: 2x3 configuration
[    0.177085] tegra-pcie 3000.pcie-controller: Failed to get supply 'hvdd-pex': -517
[    0.180858] tegra-apbdma 6000a000.dma: Tegra20 APB DMA driver register 32 channels
[    0.182010] tegra-pmc 7000e400.pmc: i2c-thermtrip node not found, emergency thermal reset disabled.
[    0.215043] Serial: 8250/16550 driver, 4 ports, IRQ sharing disabled
[    0.217158] console [ttyS0] disabled
[    0.217197] 70006000.serial: ttyS0 at MMIO 0x70006000 (irq = 331, base_baud = 25500000) is a Tegra
[    1.075068] console [ttyS0] enabled
[    1.079132] SuperH (H)SCI(F) driver initialized
[    1.084273] msm_serial: driver initialized
[    1.088467] STMicroelectronics ASC driver initialized
[    1.095739] [drm] Initialized drm 1.1.0 20060810
[    1.102284] tegra-hdmi 54280000.hdmi: failed to get HDMI regulator
[    1.116349] brd: module loaded
[    1.123208] loop: module loaded
[    1.131370] m25p80 spi32766.1: w25q32 (4096 Kbytes)
[    1.138217] libphy: Fixed MDIO Bus: probed
[    1.142741] CAN device driver interface
[    1.147690] igb: Intel(R) Gigabit Ethernet Network Driver - version 5.3.0-k
[    1.154646] igb: Copyright (c) 2007-2014 Intel Corporation.
[    1.162004] pegasus: v0.9.3 (2013/04/25), Pegasus/Pegasus II USB Ethernet driver
[    1.169448] usbcore: registered new interface driver pegasus
[    1.175133] usbcore: registered new interface driver asix
[    1.180550] usbcore: registered new interface driver ax88179_178a
[    1.186658] usbcore: registered new interface driver cdc_ether
[    1.192515] usbcore: registered new interface driver smsc75xx
[    1.198294] usbcore: registered new interface driver smsc95xx
[    1.204058] usbcore: registered new interface driver net1080
[    1.209733] usbcore: registered new interface driver cdc_subset
[    1.215664] usbcore: registered new interface driver zaurus
[    1.221283] usbcore: registered new interface driver cdc_ncm
[    1.228392] ehci_hcd: USB 2.0 'Enhanced' Host Controller (EHCI) Driver
[    1.234920] ehci-pci: EHCI PCI platform driver
[    1.239384] ehci-platform: EHCI generic platform driver
[    1.244737] ehci-omap: OMAP-EHCI Host Controller driver
[    1.250038] ehci-orion: EHCI orion driver
[    1.254119] SPEAr-ehci: EHCI SPEAr driver
[    1.258190] ehci-st: EHCI STMicroelectronics driver
[    1.263140] ehci-exynos: EHCI EXYNOS driver
[    1.267410] ehci-atmel: EHCI Atmel driver
[    1.271493] tegra-ehci: Tegra EHCI driver
[    1.275683] ------------[ cut here ]------------
[    1.280315] WARNING: CPU: 2 PID: 1 at drivers/reset/core.c:187 __of_reset_control_get+0x1bc/0x228
[    1.289172] Modules linked in:
[    1.292226] CPU: 2 PID: 1 Comm: swapper/0 Not tainted 4.6.0-rc7-next-20160516-94924-gb0dc27a #1
[    1.300902] Hardware name: NVIDIA Tegra SoC (Flattened Device Tree)
[    1.307190] [<c030f9d0>] (unwind_backtrace) from [<c030b0c8>] (show_stack+0x10/0x14)
[    1.314921] [<c030b0c8>] (show_stack) from [<c05861c8>] (dump_stack+0x84/0xa4)
[    1.322138] [<c05861c8>] (dump_stack) from [<c0341b6c>] (__warn+0xd4/0x100)
[    1.329085] [<c0341b6c>] (__warn) from [<c0341bb8>] (warn_slowpath_null+0x20/0x28)
[    1.336637] [<c0341bb8>] (warn_slowpath_null) from [<c06a0280>] (__of_reset_control_get+0x1bc/0x228)
[    1.345759] [<c06a0280>] (__of_reset_control_get) from [<c0911d14>] (tegra_ehci_probe+0x2d0/0x51c)
[    1.354713] [<c0911d14>] (tegra_ehci_probe) from [<c0778df8>] (platform_drv_probe+0x50/0xb0)
[    1.363136] [<c0778df8>] (platform_drv_probe) from [<c077775c>] (driver_probe_device+0x1f4/0x2b0)
[    1.371989] [<c077775c>] (driver_probe_device) from [<c07778c4>] (__driver_attach+0xac/0xb0)
[    1.380409] [<c07778c4>] (__driver_attach) from [<c0775d70>] (bus_for_each_dev+0x54/0x88)
[    1.388568] [<c0775d70>] (bus_for_each_dev) from [<c0776d50>] (bus_add_driver+0xe8/0x1f4)
[    1.396727] [<c0776d50>] (bus_add_driver) from [<c07780e0>] (driver_register+0x78/0xf4)
[    1.404714] [<c07780e0>] (driver_register) from [<c0301e7c>] (do_one_initcall+0x3c/0x16c)
[    1.412881] [<c0301e7c>] (do_one_initcall) from [<c1100d80>] (kernel_init_freeable+0x120/0x1ec)
[    1.421576] [<c1100d80>] (kernel_init_freeable) from [<c0b5b920>] (kernel_init+0x8/0x118)
[    1.429738] [<c0b5b920>] (kernel_init) from [<c0307fb8>] (ret_from_fork+0x14/0x3c)
[    1.437307] ---[ end trace 6978197c330406fb ]---
[    1.441922] tegra-ehci 7d004000.usb: can't get utmi-pads reset from the PHY
[    1.448873] tegra-ehci 7d004000.usb: continuing, but please update your DT
[    1.455908] ohci_hcd: USB 1.1 'Open' Host Controller (OHCI) Driver
[    1.462096] ohci-pci: OHCI PCI platform driver
[    1.466568] ohci-platform: OHCI generic platform driver
[    1.471900] ohci-omap3: OHCI OMAP3 driver
[    1.475983] SPEAr-ohci: OHCI SPEAr driver
[    1.480067] ohci-st: OHCI STMicroelectronics driver
[    1.485030] ohci-atmel: OHCI Atmel driver
[    1.489474] usbcore: registered new interface driver usb-storage
[    1.496442] mousedev: PS/2 mouse device common for all mice
[    1.503982] tegra_rtc 7000e000.rtc: rtc core: registered 7000e000.rtc as rtc1
[    1.511154] tegra_rtc 7000e000.rtc: Tegra internal Real Time Clock
[    1.529859] tps65910-rtc tps65910-rtc: rtc core: registered tps65910-rtc as rtc0
[    1.537437] i2c /dev entries driver
[    1.548293] sdhci: Secure Digital Host Controller Interface driver
[    1.554481] sdhci: Copyright(c) Pierre Ossman
[    1.559736] Synopsys Designware Multimedia Card Interface Driver
[    1.566370] sdhci-pltfm: SDHCI platform and OF driver helper
[    1.572585] sdhci-tegra 78000000.sdhci: Got CD GPIO
[    1.577473] sdhci-tegra 78000000.sdhci: Got WP GPIO
[    1.583523] mmc0: Invalid maximum block size, assuming 512 bytes
[    1.623596] mmc0: SDHCI controller on 78000000.sdhci [78000000.sdhci] using ADMA
[    1.632173] mmc1: Invalid maximum block size, assuming 512 bytes
[    1.673522] mmc1: SDHCI controller on 78000600.sdhci [78000600.sdhci] using ADMA
[    1.682038] ledtrig-cpu: registered to indicate activity on CPUs
[    1.688328] usbcore: registered new interface driver usbhid
[    1.693897] usbhid: USB HID core driver
[    1.700956] NET: Registered protocol family 10
[    1.705971] sit: IPv6 over IPv4 tunneling driver
[    1.711026] NET: Registered protocol family 17
[    1.715481] can: controller area network core (rev 20120528 abi 9)
[    1.721704] NET: Registered protocol family 29
[    1.726147] can: raw protocol (rev 20120528)
[    1.730412] can: broadcast manager protocol (rev 20120528 t)
[    1.736069] can: netlink gateway (rev 20130117) max_hops=1
[    1.741837] Key type dns_resolver registered
[    1.746505] ThumbEE CPU extension supported.
[    1.750780] Registering SWP/SWPB emulation handler
[    1.765080] vdd_ddr: supplied by vdd_5v_in
[    1.774166] vdd_5v_sata: supplied by vdd_5v_in
[    1.778995] usb1_vbus: supplied by vdd_5v_in
[    1.785595] usb3_vbus: supplied by vdd_5v_in
[    1.795161] sys_3v3,vdd_3v3_alw: supplied by vdd_5v_in
[    1.802928] +VDD_5V_HDMI: supplied by sys_3v3,vdd_3v3_alw
[    1.810582] sys_3v3_pexs: supplied by sys_3v3,vdd_3v3_alw
[    1.818693] tegra-pcie 3000.pcie-controller: 2x3 configuration
[    1.827333] tegra-pcie 3000.pcie-controller: probing port 0, using 2 lanes
[    1.867441] mmc0: error -110 whilst initialising SD card
[    1.892242] tegra-pcie 3000.pcie-controller: probing port 2, using 2 lanes
[    1.902399] mmc1: new MMC card at address 0001
[    1.908718] mmcblk1: mmc1:0001 SEM16G 14.8 GiB 
[    2.302715] tegra-pcie 3000.pcie-controller: link 2 down, retrying
[    2.712554] tegra-pcie 3000.pcie-controller: link 2 down, retrying
[    2.913388] mmcblk1boot0: mmc1:0001 SEM16G partition 1 1.00 MiB
[    2.922220] mmcblk1boot1: mmc1:0001 SEM16G partition 2 1.00 MiB
[    2.929834] mmcblk1rpmb: mmc1:0001 SEM16G partition 3 128 KiB
[    2.947430] Primary GPT is invalid, using alternate GPT.
[    2.952758]  mmcblk1: p1 p2 p3 p4 p5
[    3.130925] tegra-pcie 3000.pcie-controller: link 2 down, retrying
[    3.139113] tegra-pcie 3000.pcie-controller: link 2 down, ignoring
[    3.145418] tegra-pcie 3000.pcie-controller: PCI host bridge to bus 0000:00
[    3.152375] pci_bus 0000:00: root bus resource [io  0x0000-0xffff]
[    3.158547] pci_bus 0000:00: root bus resource [mem 0x20000000-0x27ffffff]
[    3.165411] pci_bus 0000:00: root bus resource [mem 0x28000000-0x3fffffff pref]
[    3.172709] pci_bus 0000:00: root bus resource [bus 00-ff]
[    3.178207] pci 0000:00:01.0: [10de:0e1c] type 01 class 0x060400
[    3.184272] pci 0000:00:01.0: PME# supported from D0 D1 D2 D3hot D3cold
[    3.191038] PCI: bus0: Fast back to back transfers disabled
[    3.196610] pci 0000:00:01.0: bridge configuration invalid ([bus 00-00]), reconfiguring
[    3.204699] pci 0000:01:00.0: [10ec:8168] type 00 class 0x020000
[    3.210713] pci 0000:01:00.0: reg 0x10: [io  0x0000-0x00ff]
[    3.216291] pci 0000:01:00.0: reg 0x18: [mem 0x00000000-0x00000fff 64bit pref]
[    3.223512] pci 0000:01:00.0: reg 0x20: [mem 0x00000000-0x00003fff 64bit pref]
[    3.230795] pci 0000:01:00.0: supports D1 D2
[    3.235059] pci 0000:01:00.0: PME# supported from D0 D1 D2 D3hot D3cold
[    3.248535] PCI: bus1: Fast back to back transfers disabled
[    3.254104] pci_bus 0000:01: busn_res: [bus 01-ff] end is updated to 01
[    3.260773] pci 0000:00:01.0: BAR 9: assigned [mem 0x28000000-0x280fffff 64bit pref]
[    3.268506] pci 0000:00:01.0: BAR 7: assigned [io  0x1000-0x1fff]
[    3.274594] pci 0000:01:00.0: BAR 4: assigned [mem 0x28000000-0x28003fff 64bit pref]
[    3.282334] pci 0000:01:00.0: BAR 2: assigned [mem 0x28004000-0x28004fff 64bit pref]
[    3.290073] pci 0000:01:00.0: BAR 0: assigned [io  0x1000-0x10ff]
[    3.296159] pci 0000:00:01.0: PCI bridge to [bus 01]
[    3.301116] pci 0000:00:01.0:   bridge window [io  0x1000-0x1fff]
[    3.307200] pci 0000:00:01.0:   bridge window [mem 0x28000000-0x280fffff 64bit pref]
[    3.314945] pci 0000:00:01.0: nv_msi_ht_cap_quirk didn't locate host bridge
[    3.321995] pcieport 0000:00:01.0: enabling device (0140 -> 0143)
[    3.328219] pcieport 0000:00:01.0: Signaling PME through PCIe PME interrupt
[    3.335174] pci 0000:01:00.0: Signaling PME through PCIe PME interrupt
[    3.341692] pcie_pme 0000:00:01.0:pcie001: service driver pcie_pme loaded
[    3.348649] r8169 Gigabit Ethernet driver 2.3LK-NAPI loaded
[    3.354233] r8169 0000:01:00.0: enabling device (0140 -> 0143)
[    3.360960] r8169 0000:01:00.0 eth0: RTL8168evl/8111evl at 0xf09f2000, 02:04:4b:01:60:a6, XID 0c900800 IRQ 375
[    3.370953] r8169 0000:01:00.0 eth0: jumbo features [frames: 9200 bytes, tx checksumming: ko]
[    3.382458] [drm] Supports vblank timestamp caching Rev 2 (21.10.2013).
[    3.389071] [drm] No driver support for vblank timestamp query.
[    3.395008] drm drm: No connectors reported connected with modes
[    3.401015] [drm] Cannot find any crtc or sizes - going 1024x768
[    3.437414] Console: switching to colour frame buffer device 128x48
[    3.450030] drm drm: fb0:  frame buffer device
[    3.553520] [drm] Initialized tegra 0.0.0 20120330 on minor 0
[    3.564532] utmi_phy_clk_enable: timeout waiting for phy to stabilize
[    3.570997] tegra-ehci 7d004000.usb: EHCI Host Controller
[    3.576408] tegra-ehci 7d004000.usb: new USB bus registered, assigned bus number 1
[    3.584265] tegra-ehci 7d004000.usb: irq 343, io mem 0x7d004000
[    3.598525] tegra-ehci 7d004000.usb: USB 2.0 started, EHCI 1.00
[    3.605386] hub 1-0:1.0: USB hub found
[    3.609158] hub 1-0:1.0: 1 port detected
[    3.614194] tegra-ehci 7d008000.usb: EHCI Host Controller
[    3.619603] tegra-ehci 7d008000.usb: new USB bus registered, assigned bus number 2
[    3.627359] tegra-ehci 7d008000.usb: irq 344, io mem 0x7d008000
[    3.638525] tegra-ehci 7d008000.usb: USB 2.0 started, EHCI 1.00
[    3.645289] hub 2-0:1.0: USB hub found
[    3.649056] hub 2-0:1.0: 1 port detected
[    3.657818] tps65910-rtc tps65910-rtc: setting system clock to 2000-01-01 00:00:02 UTC (946684802)
[    3.671504] vdd_sata,avdd_plle: disabling
[    3.675901] usb1_vbus: disabling
[    3.681375] EXT4-fs (mmcblk1p1): mounting ext3 file system using the ext4 subsystem
[    3.880737] EXT4-fs (mmcblk1p1): warning: mounting fs with errors, running e2fsck is recommended
[    3.892119] EXT4-fs (mmcblk1p1): recovery complete
[    3.899233] EXT4-fs (mmcblk1p1): mounted filesystem with ordered data mode. Opts: (null)
[    3.907348] VFS: Mounted root (ext3 filesystem) on device 179:1.
[    3.932411] devtmpfs: mounted
[    3.938183] Freeing unused kernel memory: 2048K (c1100000 - c1300000)
[    3.958541] usb 2-1: new high-speed USB device number 2 using tegra-ehci
[    4.897133] asix 2-1:1.0 eth1: register 'asix' at usb-7d008000.usb-1, ASIX AX88772 USB 2.0 Ethernet, 00:50:b6:0f:67:60
bash: cannot set terminal process group (-1): Inappropriate ioctl for device
bash: no job control in this shell
root@(none):/# 