
U-Boot SPL 2014.07-00097-g772e173 (Jul 25 2014 - 20:02:52)


U-Boot 2014.07-00097-g772e173 (Jul 25 2014 - 20:02:52)

TEGRA124
Board: NVIDIA Jetson TK1
I2C:   ready
DRAM:  2 GiB
MMC:   Tegra SD/MMC: 0, Tegra SD/MMC: 1
In:    serial
Out:   serial
Err:   serial
Net:   Net Initialization Skipped
No ethernet found.
Hit any key to stop autoboot:  2  0 
Tegra124 (Jetson TK1) # 
Tegra124 (Jetson TK1) # usb reset
(Re)start USB...
USB0:   USB EHCI 1.10
scanning bus 0 for devices... 1 USB Device(s) found
USB1:   USB EHCI 1.10
scanning bus 1 for devices... 2 USB Device(s) found
       scanning usb for storage devices... 0 Storage Device(s) found
       scanning usb for ethernet devices... 
Warning: asx0 using MAC address from net device
1 Ethernet Device(s) found
Tegra124 (Jetson TK1) # setenv bootargs 'ignore_loglevel console=ttyS0,115200n8 rw root=/dev/mmcblk0p1 rootwait gpt debug init=/bin/bash noinitrd'
Tegra124 (Jetson TK1) # setenv ipaddr 192.168.100.102; setenv serverip 192.168.100.1; setenv tftpserverip 192.168.100.1
Tegra124 (Jetson TK1) # tftpboot 0x81000000 zImage.multi_v7_defconfig
Using asx0 device
TFTP from server 192.168.100.1; our IP address is 192.168.100.102
Filename 'zImage.multi_v7_defconfig'.
Load address: 0x81000000
Loading: *#################################################################
	 #################################################################
	 #################################################################
	 #################################################################
	 #################################################################
	 #################################################################
	 #########################
	 3.3 MiB/s
done
Bytes transferred = 6079824 (5cc550 hex)
Tegra124 (Jetson TK1) # tftpboot 0x82000000 tegra124-jetson-tk1.dtb
Using asx0 device
TFTP from server 192.168.100.1; our IP address is 192.168.100.102
Filename 'tegra124-jetson-tk1.dtb'.
Load address: 0x82000000
Loading: *####
	 3.1 MiB/s
done
Bytes transferred = 49059 (bfa3 hex)
Tegra124 (Jetson TK1) # bootz 0x81000000 - 0x82000000
Kernel image @ 0x81000000 [ 0x000000 - 0x5cc550 ]
## Flattened Device Tree blob at 82000000
   Booting using the fdt blob at 0x82000000
   Using Device Tree in place at 82000000, end 8200efa2

Starting kernel ...

[    0.000000] Booting Linux on physical CPU 0x0
[    0.000000] Linux version 4.0.0-rc3 (pwalmsley@sellafield) (gcc version 4.7.3 20130328 (prerelease) (crosstool-NG linaro-1.13.1-4.7-2013.04-20130415 - Linaro GCC 2013.04) ) #1 SMP Wed Mar 25 07:36:04 PDT 2015
[    0.000000] CPU: ARMv7 Processor [413fc0f3] revision 3 (ARMv7), cr=10c5387d
[    0.000000] CPU: PIPT / VIPT nonaliasing data cache, PIPT instruction cache
[    0.000000] Machine model: NVIDIA Tegra124 Jetson TK1
[    0.000000] debug: ignoring loglevel setting.
[    0.000000] cma: Reserved 64 MiB at 0xfb800000
[    0.000000] Memory policy: Data cache writealloc
[    0.000000] On node 0 totalpages: 524032
[    0.000000] free_area_init_node: node 0, pgdat c0ec7f00, node_mem_map ee7f8000
[    0.000000]   DMA zone: 1520 pages used for memmap
[    0.000000]   DMA zone: 0 pages reserved
[    0.000000]   DMA zone: 194560 pages, LIFO batch:31
[    0.000000]   HighMem zone: 329472 pages, LIFO batch:31
[    0.000000] PERCPU: Embedded 11 pages/cpu @ee79a000 s12480 r8192 d24384 u45056
[    0.000000] pcpu-alloc: s12480 r8192 d24384 u45056 alloc=11*4096
[    0.000000] pcpu-alloc: [0] 0 [0] 1 [0] 2 [0] 3 
[    0.000000] Built 1 zonelists in Zone order, mobility grouping on.  Total pages: 522512
[    0.000000] Kernel command line: ignore_loglevel console=ttyS0,115200n8 rw root=/dev/mmcblk0p1 rootwait gpt debug init=/bin/bash noinitrd
[    0.000000] PID hash table entries: 4096 (order: 2, 16384 bytes)
[    0.000000] Dentry cache hash table entries: 131072 (order: 7, 524288 bytes)
[    0.000000] Inode-cache hash table entries: 65536 (order: 6, 262144 bytes)
[    0.000000] Memory: 1999580K/2096128K available (7830K kernel code, 1015K rwdata, 3412K rodata, 800K init, 314K bss, 31012K reserved, 65536K cma-reserved, 1252352K highmem)
[    0.000000] Virtual kernel memory layout:
[    0.000000]     vector  : 0xffff0000 - 0xffff1000   (   4 kB)
[    0.000000]     fixmap  : 0xffc00000 - 0xfff00000   (3072 kB)
[    0.000000]     vmalloc : 0xf0000000 - 0xff000000   ( 240 MB)
[    0.000000]     lowmem  : 0xc0000000 - 0xef800000   ( 760 MB)
[    0.000000]     pkmap   : 0xbfe00000 - 0xc0000000   (   2 MB)
[    0.000000]     modules : 0xbf000000 - 0xbfe00000   (  14 MB)
[    0.000000]       .text : 0xc0208000 - 0xc0d03b28   (11247 kB)
[    0.000000]       .init : 0xc0d04000 - 0xc0dcc000   ( 800 kB)
[    0.000000]       .data : 0xc0dcc000 - 0xc0ec9e20   (1016 kB)
[    0.000000]        .bss : 0xc0ec9e20 - 0xc0f18968   ( 315 kB)
[    0.000000] SLUB: HWalign=64, Order=0-3, MinObjects=0, CPUs=4, Nodes=1
[    0.000000] Hierarchical RCU implementation.
[    0.000000] 	Additional per-CPU info printed with stalls.
[    0.000000] 	RCU restricting CPUs from NR_CPUS=8 to nr_cpu_ids=4.
[    0.000000] RCU: Adjusting geometry for rcu_fanout_leaf=16, nr_cpu_ids=4
[    0.000000] NR_IRQS:16 nr_irqs:16 16
[    0.000000] L2C: failed to init: -19
[    0.000009] sched_clock: 32 bits at 1000kHz, resolution 1000ns, wraps every 2147483648000ns
[    0.000030] Switching to timer-based delay loop, resolution 1000ns
[    0.003905] Architected cp15 timer(s) running at 12.00MHz (virt).
[    0.003927] sched_clock: 56 bits at 12MHz, resolution 83ns, wraps every 2863311536128ns
[    0.003940] Switching to timer-based delay loop, resolution 83ns
[    0.004308] Console: colour dummy device 80x30
[    0.004331] Calibrating delay loop (skipped), value calculated using timer frequency.. 24.00 BogoMIPS (lpj=60000)
[    0.004346] pid_max: default: 32768 minimum: 301
[    0.004454] Mount-cache hash table entries: 2048 (order: 1, 8192 bytes)
[    0.004466] Mountpoint-cache hash table entries: 2048 (order: 1, 8192 bytes)
[    0.005051] CPU: Testing write buffer coherency: ok
[    0.005253] /cpus/cpu@0 missing clock-frequency property
[    0.005287] /cpus/cpu@1 missing clock-frequency property
[    0.005319] /cpus/cpu@2 missing clock-frequency property
[    0.005353] /cpus/cpu@3 missing clock-frequency property
[    0.005365] CPU0: thread -1, cpu 0, socket 0, mpidr 80000000
[    0.005409] Setting up static identity map for 0x80967690 - 0x80967728
[    0.008014] Tegra Revision: A01 SKU: 129 CPU Process: 1 Core Process: 1
[    0.009165] CPU1: thread -1, cpu 1, socket 0, mpidr 80000001
[    0.009671] CPU2: thread -1, cpu 2, socket 0, mpidr 80000002
[    0.010169] CPU3: thread -1, cpu 3, socket 0, mpidr 80000003
[    0.010231] Brought up 4 CPUs
[    0.010253] SMP: Total of 4 processors activated (96.00 BogoMIPS).
[    0.010261] CPU: All CPU(s) started in SVC mode.
[    0.010769] devtmpfs: initialized
[    0.011641] VFP support v0.3: implementor 41 architecture 4 part 30 variant f rev 0
[    0.013759] pinctrl core: initialized pinctrl subsystem
[    0.030494] NET: Registered protocol family 16
[    0.032477] DMA: preallocated 256 KiB pool for atomic coherent allocations
[    0.048708] cpuidle: using governor ladder
[    0.063727] cpuidle: using governor menu
[    0.078749] No ATAGs?
[    0.078785] hw-breakpoint: found 5 (+1 reserved) breakpoint and 4 watchpoint registers.
[    0.078795] hw-breakpoint: maximum watchpoint size is 8 bytes.
[    0.082365] Serial: AMBA PL011 UART driver
[    0.112734] +5V_SYS: supplied by +VDD_MUX
[    0.113012] +3.3V_SYS: supplied by +VDD_MUX
[    0.113158] platform regulators:regulator@3: Driver reg-fixed-voltage requests probe deferral
[    0.113350] reg-fixed-voltage regulators:regulator@4: Failed to find supply vin
[    0.113464] reg-fixed-voltage regulators:regulator@4: Failed to register regulator: -517
[    0.113484] platform regulators:regulator@4: Driver reg-fixed-voltage requests probe deferral
[    0.113667] +USB0_VBUS_SW: Failed to request enable GPIO108: -517
[    0.113771] reg-fixed-voltage regulators:regulator@7: Failed to register regulator: -517
[    0.113792] platform regulators:regulator@7: Driver reg-fixed-voltage requests probe deferral
[    0.113989] +5V_USB_HS: Failed to request enable GPIO109: -517
[    0.114091] reg-fixed-voltage regulators:regulator@8: Failed to register regulator: -517
[    0.114112] platform regulators:regulator@8: Driver reg-fixed-voltage requests probe deferral
[    0.114194] platform regulators:regulator@10: Driver reg-fixed-voltage requests probe deferral
[    0.114372] +1.05V_RUN_AVDD_HDMI_PLL: Failed to request enable GPIO63: -517
[    0.114473] reg-fixed-voltage regulators:regulator@11: Failed to register regulator: -517
[    0.114494] platform regulators:regulator@11: Driver reg-fixed-voltage requests probe deferral
[    0.114670] +5V_HDMI_CON: Failed to request enable GPIO86: -517
[    0.114771] reg-fixed-voltage regulators:regulator@12: Failed to register regulator: -517
[    0.114791] platform regulators:regulator@12: Driver reg-fixed-voltage requests probe deferral
[    0.114967] +5V_SATA: Failed to request enable GPIO242: -517
[    0.115067] reg-fixed-voltage regulators:regulator@13: Failed to register regulator: -517
[    0.115087] platform regulators:regulator@13: Driver reg-fixed-voltage requests probe deferral
[    0.115264] +12V_SATA: Failed to request enable GPIO242: -517
[    0.115364] reg-fixed-voltage regulators:regulator@14: Failed to register regulator: -517
[    0.115384] platform regulators:regulator@14: Driver reg-fixed-voltage requests probe deferral
[    0.118074] vgaarb: loaded
[    0.118763] SCSI subsystem initialized
[    0.118943] libata version 3.00 loaded.
[    0.119263] usbcore: registered new interface driver usbfs
[    0.119332] usbcore: registered new interface driver hub
[    0.119405] usbcore: registered new device driver usb
[    0.122722] media: Linux media interface: v0.10
[    0.122790] Linux video capture interface: v2.00
[    0.122848] pps_core: LinuxPPS API ver. 1 registered
[    0.122856] pps_core: Software ver. 5.3.6 - Copyright 2005-2007 Rodolfo Giometti <giometti@linux.it>
[    0.122889] PTP clock support registered
[    0.123135] EDAC MC: Ver: 3.0.0
[    0.124269] Advanced Linux Sound Architecture Driver Initialized.
[    0.125327] Switched to clocksource arch_sys_counter
[    0.135617] NET: Registered protocol family 2
[    0.136197] TCP established hash table entries: 8192 (order: 3, 32768 bytes)
[    0.136288] TCP bind hash table entries: 8192 (order: 4, 65536 bytes)
[    0.136475] TCP: Hash tables configured (established 8192 bind 8192)
[    0.136520] TCP: reno registered
[    0.136534] UDP hash table entries: 512 (order: 2, 16384 bytes)
[    0.136575] UDP-Lite hash table entries: 512 (order: 2, 16384 bytes)
[    0.136744] NET: Registered protocol family 1
[    0.136981] RPC: Registered named UNIX socket transport module.
[    0.136990] RPC: Registered udp transport module.
[    0.136998] RPC: Registered tcp transport module.
[    0.137005] RPC: Registered tcp NFSv4.1 backchannel transport module.
[    0.137023] PCI: CLS 0 bytes, default 64
[    0.139266] futex hash table entries: 1024 (order: 4, 65536 bytes)
[    0.151318] squashfs: version 4.0 (2009/01/31) Phillip Lougher
[    0.152235] NFS: Registering the id_resolver key type
[    0.152267] Key type id_resolver registered
[    0.152275] Key type id_legacy registered
[    0.152343] ntfs: driver 2.1.31 [Flags: R/O].
[    0.153462] bounce: pool size: 64 pages
[    0.153683] Block layer SCSI generic (bsg) driver version 0.4 loaded (major 248)
[    0.153702] io scheduler noop registered
[    0.153716] io scheduler deadline registered
[    0.153920] io scheduler cfq registered (default)
[    0.169479] tegra-pcie 1003000.pcie-controller: 2x1, 1x1 configuration
[    0.169528] tegra-pcie 1003000.pcie-controller: Failed to get supply 'avddio-pex': -517
[    0.169563] platform 1003000.pcie-controller: Driver tegra-pcie requests probe deferral
[    0.175855] tegra-apbdma 60020000.dma: Tegra20 APB DMA driver register 32 channels
[    0.176541] tegra-pmc 7000e400.pmc: emergency thermal reset enabled
[    0.237881] Serial: 8250/16550 driver, 4 ports, IRQ sharing disabled
[    0.240109] SuperH (H)SCI(F) driver initialized
[    0.240849] msm_serial: driver initialized
[    0.241705] console [ttyS0] disabled
[    0.241739] 70006300.serial: ttyS0 at MMIO 0x70006300 (irq = 330, base_baud = 25500000) is a Tegra
[    1.136640] console [ttyS0] enabled
[    1.140931] STMicroelectronics ASC driver initialized
[    1.148081] [drm] Initialized drm 1.1.0 20060810
[    1.154430] tegra-hdmi 54280000.hdmi: failed to get HDMI regulator
[    1.160637] platform 54280000.hdmi: Driver tegra-hdmi requests probe deferral
[    1.174479] loop: module loaded
[    1.177945] at24 0-0056: 256 byte 24c02 EEPROM, writable, 8 bytes/write
[    1.185877] as3722 4-0040: AS3722 with revision 0x1 found
[    1.196791] +1.35V_LP0(sd2): supplied by +5V_SYS
[    1.201933] +1.35V_LP0(sd3): supplied by +5V_SYS
[    1.207075] +1.05V_RUN: supplied by +5V_SYS
[    1.211662] +1.8V_VDDIO: supplied by +5V_SYS
[    1.217666] +1.05V_RUN_AVDD: supplied by +1.35V_LP0(sd2)
[    1.223961] as3722-regulator as3722-regulator: Failed to find supply vin-ldo1-6
[    1.231384] as3722-regulator as3722-regulator: regulator 8 register failed -517
[    1.239907] platform as3722-regulator: Driver as3722-regulator requests probe deferral
[    1.250049] tegra-ahci 70027000.sata: Failed to get supply 'avdd': -517
[    1.256681] tegra-ahci 70027000.sata: Failed to get regulators
[    1.262550] platform 70027000.sata: Driver tegra-ahci requests probe deferral
[    1.273949] m25p80 spi32765.0: w25q32dw (4096 Kbytes)
[    1.282270] CAN device driver interface
[    1.287277] igb: Intel(R) Gigabit Ethernet Network Driver - version 5.2.15-k
[    1.294329] igb: Copyright (c) 2007-2014 Intel Corporation.
[    1.302038] pegasus: v0.9.3 (2013/04/25), Pegasus/Pegasus II USB Ethernet driver
[    1.309490] usbcore: registered new interface driver pegasus
[    1.315235] usbcore: registered new interface driver asix
[    1.320698] usbcore: registered new interface driver ax88179_178a
[    1.326847] usbcore: registered new interface driver cdc_ether
[    1.332758] usbcore: registered new interface driver smsc75xx
[    1.338581] usbcore: registered new interface driver smsc95xx
[    1.344382] usbcore: registered new interface driver net1080
[    1.350099] usbcore: registered new interface driver cdc_subset
[    1.356079] usbcore: registered new interface driver zaurus
[    1.361745] usbcore: registered new interface driver cdc_ncm
[    1.368542] ehci_hcd: USB 2.0 'Enhanced' Host Controller (EHCI) Driver
[    1.375081] ehci-pci: EHCI PCI platform driver
[    1.379590] ehci-platform: EHCI generic platform driver
[    1.385029] ehci-omap: OMAP-EHCI Host Controller driver
[    1.390420] ehci-orion: EHCI orion driver
[    1.394564] SPEAr-ehci: EHCI SPEAr driver
[    1.398728] ehci-st: EHCI STMicroelectronics driver
[    1.403758] ehci-exynos: EHCI EXYNOS driver
[    1.408112] tegra-ehci: Tegra EHCI driver
[    1.412407] platform 7d004000.usb: Driver tegra-ehci requests probe deferral
[    1.419608] platform 7d008000.usb: Driver tegra-ehci requests probe deferral
[    1.426742] ohci_hcd: USB 1.1 'Open' Host Controller (OHCI) Driver
[    1.432943] ohci-pci: OHCI PCI platform driver
[    1.437450] ohci-platform: OHCI generic platform driver
[    1.442849] ohci-omap3: OHCI OMAP3 driver
[    1.447009] SPEAr-ohci: OHCI SPEAr driver
[    1.451173] ohci-st: OHCI STMicroelectronics driver
[    1.456285] usbcore: registered new interface driver usb-storage
[    1.462524] tegra-phy 7d004000.usb-phy: no vbus regulator
[    1.468192] platform 7d008000.usb-phy: Driver tegra-phy requests probe deferral
[    1.477318] mousedev: PS/2 mouse device common for all mice
[    1.486502] as3722-rtc as3722-rtc: rtc core: registered as3722-rtc as rtc0
[    1.493389] as3722-rtc as3722-rtc: RTC interrupt 364
[    1.501550] tegra_rtc 7000e000.rtc: rtc core: registered 7000e000.rtc as rtc1
[    1.508730] tegra_rtc 7000e000.rtc: Tegra internal Real Time Clock
[    1.515522] i2c /dev entries driver
[    1.521873] usbcore: registered new interface driver uvcvideo
[    1.527623] USB Video Class driver (1.1.1)
[    1.531731] gspca_main: v2.14.0 registered
[    1.537195] 0-004c supply vcc not found, using dummy regulator
[    1.547663] Driver 'mmcblk' needs updating - please use bus_type methods
[    1.554444] sdhci: Secure Digital Host Controller Interface driver
[    1.560626] sdhci: Copyright(c) Pierre Ossman
[    1.566188] Synopsys Designware Multimedia Card Interface Driver
[    1.573251] sdhci-pltfm: SDHCI platform and OF driver helper
[    1.579564] sdhci-tegra 700b0400.sdhci: Got CD GPIO
[    1.584463] sdhci-tegra 700b0400.sdhci: Got WP GPIO
[    1.589383] mmc0: Unknown controller version (3). You may experience problems.
[    1.596712] sdhci-tegra 700b0400.sdhci: No vmmc regulator found
[    1.602676] platform 700b0400.sdhci: Driver sdhci-tegra requests probe deferral
[    1.610111] mmc0: Unknown controller version (3). You may experience problems.
[    1.617382] sdhci-tegra 700b0600.sdhci: No vmmc regulator found
[    1.623309] sdhci-tegra 700b0600.sdhci: No vqmmc regulator found
[    1.629317] mmc0: Invalid maximum block size, assuming 512 bytes
[    1.670348] mmc0: SDHCI controller on 700b0600.sdhci [700b0600.sdhci] using ADMA 64-bit
[    1.679412] ledtrig-cpu: registered to indicate activity on CPUs
[    1.685665] usbcore: registered new interface driver usbhid
[    1.691304] usbhid: USB HID core driver
[    1.699177] usbcore: registered new interface driver snd-usb-audio
[    1.734320] mmc0: MAN_BKOPS_EN bit is not set
[    1.741926] mmc0: new high speed MMC card at address 0001
[    1.747661] mmcblk0: mmc0:0001 SEM16G 14.6 GiB 
[    1.752301] mmcblk0boot0: mmc0:0001 SEM16G partition 1 4.00 MiB
[    1.758324] mmcblk0boot1: mmc0:0001 SEM16G partition 2 4.00 MiB
[    1.764348] mmcblk0rpmb: mmc0:0001 SEM16G partition 3 4.00 MiB
[    1.772165] Primary GPT is invalid, using alternate GPT.
[    1.777515]  mmcblk0: p1 p2 p3 p4 p5 p6 p7 p8 p9
[    2.123244] tegra30-i2s 70301100.i2s: DMA channels sourced from device 70300000.ahub
[    2.139765] tegra-snd-rt5640 sound: rt5640-aif1 <-> 70301100.i2s mapping ok
[    2.149666] input: NVIDIA Tegra Jetson TK1 Headphones as /devices/soc0/sound/sound/card0/input0
[    2.159734] TCP: cubic registered
[    2.163076] NET: Registered protocol family 17
[    2.167542] can: controller area network core (rev 20120528 abi 9)
[    2.173789] NET: Registered protocol family 29
[    2.178248] can: raw protocol (rev 20120528)
[    2.182530] can: broadcast manager protocol (rev 20120528 t)
[    2.188205] can: netlink gateway (rev 20130117) max_hops=1
[    2.194093] Key type dns_resolver registered
[    2.198952] ThumbEE CPU extension supported.
[    2.203246] Registering SWP/SWPB emulation handler
[    2.211425] +3.3V_RUN: supplied by +3.3V_SYS
[    2.216272] +3.3V_AVDD_HDMI_AP_GATED: supplied by +3.3V_RUN
[    2.222396] +USB0_VBUS_SW: supplied by +5V_SYS
[    2.227397] +5V_USB_HS: supplied by +5V_SYS
[    2.234397] +3.3V_LP0: supplied by +3.3V_SYS
[    2.239237] reg-fixed-voltage regulators:regulator@11: Failed to find supply vin
[    2.246800] reg-fixed-voltage regulators:regulator@11: Failed to register regulator: -517
[    2.255019] platform regulators:regulator@11: Driver reg-fixed-voltage requests probe deferral
[    2.264838] +5V_HDMI_CON: supplied by +5V_SYS
[    2.269763] +5V_SATA: supplied by +5V_SYS
[    2.274333] +12V_SATA: supplied by +VDD_MUX
[    2.279153] tegra-pcie 1003000.pcie-controller: 2x1, 1x1 configuration
[    2.285754] tegra-pcie 1003000.pcie-controller: Failed to get supply 'avddio-pex': -517
[    2.293812] platform 1003000.pcie-controller: Driver tegra-pcie requests probe deferral
[    2.303067] tegra-hdmi 54280000.hdmi: failed to get PLL regulator
[    2.309265] platform 54280000.hdmi: Driver tegra-hdmi requests probe deferral
[    2.320462] +1.35V_LP0(sd2): supplied by +5V_SYS
[    2.325428] +1.35V_LP0(sd3): supplied by +5V_SYS
[    2.330358] +1.05V_RUN: supplied by +5V_SYS
[    2.334820] +1.8V_VDDIO: supplied by +5V_SYS
[    2.340796] +1.05V_RUN_AVDD: supplied by +1.35V_LP0(sd2)
[    2.347150] +1.8V_RUN_CAM: supplied by +3.3V_RUN
[    2.353424] +1.2V_GEN_AVDD: supplied by +1.8V_VDDIO
[    2.360350] +1.05V_LP0_VDD_RTC: supplied by +3.3V_SYS
[    2.366597] +2.8V_RUN_CAM: supplied by +3.3V_SYS
[    2.372269] +1.2V_RUN_CAM_FRONT: supplied by +1.8V_VDDIO
[    2.378397] +VDDIO_SDMMC3: supplied by +3.3V_RUN
[    2.384010] +1.05V_RUN_CAM_REAR: supplied by +1.8V_VDDIO
[    2.390753] +3.3V_RUN_TOUCH: supplied by +5V_SYS
[    2.396389] +2.8V_RUN_CAM_AF: supplied by +5V_SYS
[    2.402097] +1.8V_RUN_VPP_FUSE: supplied by +3.3V_RUN
[    2.409494] tegra-ahci 70027000.sata: AHCI 0001.0301 32 slots 2 ports 3 Gbps 0x1 impl platform mode
[    2.418565] tegra-ahci 70027000.sata: flags: 64bit ncq sntf pm led pio slum part sadm sds apst 
[    2.429480] scsi host0: tegra-ahci
[    2.434164] scsi host1: tegra-ahci
[    2.437948] ata1: SATA max UDMA/133 mmio [mem 0x70027000-0x70028fff] port 0x100 irq 340
[    2.445958] ata2: DUMMY
[    2.452219] tegra-ehci 7d004000.usb: EHCI Host Controller
[    2.457676] tegra-ehci 7d004000.usb: new USB bus registered, assigned bus number 1
[    2.465452] tegra-ehci 7d004000.usb: irq 345, io mem 0x7d004000
[    2.480494] tegra-ehci 7d004000.usb: USB 2.0 started, EHCI 1.10
[    2.487433] hub 1-0:1.0: USB hub found
[    2.491268] hub 1-0:1.0: 1 port detected
[    2.496697] platform 7d008000.usb: Driver tegra-ehci requests probe deferral
[    2.505891] sdhci-tegra 700b0400.sdhci: Got CD GPIO
[    2.510834] sdhci-tegra 700b0400.sdhci: Got WP GPIO
[    2.515804] mmc1: Unknown controller version (3). You may experience problems.
[    2.523183] sdhci-tegra 700b0400.sdhci: No vmmc regulator found
[    2.529160] mmc1: Invalid maximum block size, assuming 512 bytes
[    2.570871] mmc1: SDHCI controller on 700b0400.sdhci [700b0400.sdhci] using ADMA 64-bit
[    2.579348] +1.05V_RUN_AVDD_HDMI_PLL: supplied by +1.05V_RUN
[    2.585589] tegra-pcie 1003000.pcie-controller: 2x1, 1x1 configuration
[    2.594404] tegra-pcie 1003000.pcie-controller: probing port 0, using 2 lanes
[    2.603639] tegra-pcie 1003000.pcie-controller: Slot present pin change, signature: 00000008
[    2.770467] ata1: SATA link down (SStatus 0 SControl 300)
[    3.031716] tegra-pcie 1003000.pcie-controller: link 0 down, retrying
[    3.460110] tegra-pcie 1003000.pcie-controller: link 0 down, retrying
[    3.888239] tegra-pcie 1003000.pcie-controller: link 0 down, retrying
[    3.896826] tegra-pcie 1003000.pcie-controller: link 0 down, ignoring
[    3.903310] tegra-pcie 1003000.pcie-controller: probing port 1, using 1 lanes
[    3.912562] tegra-pcie 1003000.pcie-controller: Slot present pin change, signature: 00000000
[    4.339920] tegra-pcie 1003000.pcie-controller: link 1 down, retrying
[    4.768008] tegra-pcie 1003000.pcie-controller: link 1 down, retrying
[    5.196221] tegra-pcie 1003000.pcie-controller: link 1 down, retrying
[    5.204797] tegra-pcie 1003000.pcie-controller: link 1 down, ignoring
[    5.211490] tegra-pcie 1003000.pcie-controller: PCI host bridge to bus 0000:00
[    5.218723] pci_bus 0000:00: root bus resource [mem 0x13000000-0x1fffffff]
[    5.225603] pci_bus 0000:00: root bus resource [mem 0x20000000-0x3fffffff pref]
[    5.232915] pci_bus 0000:00: root bus resource [bus 00-ff]
[    5.238405] pci_bus 0000:00: root bus resource [io  0x1000-0xffff]
[    5.244616] PCI: bus0: Fast back to back transfers enabled
[    5.252640] [drm] Supports vblank timestamp caching Rev 2 (21.10.2013).
[    5.259303] [drm] No driver support for vblank timestamp query.
[    5.265285] drm drm: No connectors reported connected with modes
[    5.271348] [drm] Cannot find any crtc or sizes - going 1024x768
[    5.291822] Console: switching to colour frame buffer device 128x48
[    5.305363] drm drm: fb0:  frame buffer device
[    5.309814] drm drm: registered panic notifier
[    5.325464] [drm] Initialized tegra 0.0.0 20120330 on minor 0
[    5.332339] tegra-ehci 7d008000.usb: EHCI Host Controller
[    5.337771] tegra-ehci 7d008000.usb: new USB bus registered, assigned bus number 2
[    5.345966] tegra-ehci 7d008000.usb: irq 346, io mem 0x7d008000
[    5.360447] tegra-ehci 7d008000.usb: USB 2.0 started, EHCI 1.10
[    5.367223] hub 2-0:1.0: USB hub found
[    5.371037] hub 2-0:1.0: 1 port detected
[    5.376716] input: gpio-keys as /devices/soc0/gpio-keys/input/input1
[    5.384232] as3722-rtc as3722-rtc: setting system clock to 2000-02-01 00:00:18 UTC (949363218)
[    5.403546] +1.8V_RUN_VPP_FUSE: disabling
[    5.407990] +2.8V_RUN_CAM_AF: disabling
[    5.412192] +3.3V_RUN_TOUCH: disabling
[    5.416305] +1.05V_RUN_CAM_REAR: disabling
[    5.420768] +1.2V_RUN_CAM_FRONT: disabling
[    5.425203] +2.8V_RUN_CAM: disabling
[    5.429145] +1.8V_RUN_CAM: disabling
[    5.433087] +USB0_VBUS_SW: disabling
[    5.437018] ALSA device list:
[    5.439983]   #0: NVIDIA Tegra Jetson TK1
[    5.445243] EXT4-fs (mmcblk0p1): couldn't mount as ext3 due to feature incompatibilities
[    5.454269] EXT4-fs (mmcblk0p1): couldn't mount as ext2 due to feature incompatibilities
[    5.469659] EXT4-fs (mmcblk0p1): recovery complete
[    5.474533] EXT4-fs (mmcblk0p1): mounted filesystem with ordered data mode. Opts: (null)
[    5.482692] VFS: Mounted root (ext4 filesystem) on device 179:1.
[    5.492959] devtmpfs: mounted
[    5.496650] Freeing unused kernel memory: 800K (c0d04000 - c0dcc000)
bash: cannot set terminal process group (-1): Inappropriate ioctl for device
bash: no job control in this shell
root@(none):/# [    5.695490] usb 2-1: new high-speed USB device number 2 using tegra-ehci
