

U-Boot 2015.04-00466-gedec83e90172 (Mar 14 2016 - 10:42:01)

TEGRA124
Model: Acer Chromebook 13 CB5-311
DRAM:  4 GiB
:   Tegra SD/MMC: 0, Tegra SD/MMC: 1, Tegra SD/MMC: 2
MMC init failed
Using default environment

In:    serial
Out:   serial
Err:   serial
Net:   Net Initialization Skipped
No ethernet found.
Hit any key to stop autoboot:  2  0 
Tegra124 (Nyan-big) # 
Tegra124 (Nyan-big) # usb start
starting USB...
USB0:   USB EHCI 1.10
scanning bus 0 for devices... 2 USB Device(s) found
USB1:   USB EHCI 1.10
scanning bus 1 for devices... 2 USB Device(s) found
       scanning usb for storage devices... 1 Storage Device(s) found
       scanning usb for ethernet devices... 
Warning: asx0 using MAC address from net device
1 Ethernet Device(s) found
Tegra124 (Nyan-big) # mw 0x7000e4a0 0x00080000
Tegra124 (Nyan-big) # setenv bootargs 'ignore_loglevel console=ttyS0,115200n8 rw root=PARTUUID=4d36e82a-b3c0-4b4b-bfcd-afe5217ac023 rootwait gpt debug noinitrd earlyprintk init=/bin/bash'
Tegra124 (Nyan-big) # setenv ipaddr 192.168.100.102; setenv serverip 192.168.100.1; setenv tftpserverip 192.168.100.1
Tegra124 (Nyan-big) # tftpboot 0x82000000 zImage.multi_v7_defconfig
Using asx0 device
TFTP from server 192.168.100.1; our IP address is 192.168.100.102
Filename 'zImage.multi_v7_defconfig'.
Load address: 0x82000000
Loading: *#################################################################
	 #################################################################
	 #################################################################
	 #################################################################
	 #################################################################
	 #################################################################
	 #################################################################
	 #################################################################
	 ####################################
	 3 MiB/s
done
Bytes transferred = 8159752 (7c8208 hex)
Tegra124 (Nyan-big) # tftpboot 0x83000000 tegra124-nyan-big.dtb
Using asx0 device
TFTP from server 192.168.100.1; our IP address is 192.168.100.102
Filename 'tegra124-nyan-big.dtb'.
Load address: 0x83000000
Loading: *#####
	 3.4 MiB/s
done
Bytes transferred = 68203 (10a6b hex)
Tegra124 (Nyan-big) # bootz 0x82000000 - 0x83000000
Kernel image @ 0x82000000 [ 0x000000 - 0x7c8200 ]
## Flattened Device Tree blob at 83000000
   Booting using the fdt blob at 0x83000000
   Using Device Tree in place at 83000000, end 83013a6a

Starting kernel ...

[    0.000000] Booting Linux on physical CPU 0x0
[    0.000000] Linux version 4.13.0-next-20170908-199620-gda52d78 (jonathanh@sellafield) (gcc version 4.7.3 20130328 (prerelease) (crosstool-NG linaro-1.13.1-4.7-2013.04-20130415 - Linaro GCC 2013.04)) #1 SMP Mon Sep 11 15:05:03 PDT 2017
[    0.000000] CPU: ARMv7 Processor [413fc0f3] revision 3 (ARMv7), cr=10c5387d
[    0.000000] CPU: div instructions available: patching division code
[    0.000000] CPU: PIPT / VIPT nonaliasing data cache, PIPT instruction cache
[    0.000000] OF: fdt: Machine model: Acer Chromebook 13 CB5-311
[    0.000000] OF: fdt: Ignoring memory range 0x100000000 - 0x17ffff000
[    0.000000] debug: ignoring loglevel setting.
[    0.000000] Memory policy: Data cache writealloc
[    0.000000] efi: Getting EFI parameters from FDT:
[    0.000000] efi: UEFI not found.
[    0.000000] cma: Reserved 64 MiB at 0xfb800000
[    0.000000] On node 0 totalpages: 524287
[    0.000000] free_area_init_node: node 0, pgdat c158e5c0, node_mem_map eeff8000
[    0.000000]   DMA zone: 1536 pages used for memmap
[    0.000000]   DMA zone: 0 pages reserved
[    0.000000]   DMA zone: 196608 pages, LIFO batch:31
[    0.000000]   HighMem zone: 327679 pages, LIFO batch:31
[    0.000000] random: fast init done
[    0.000000] percpu: Embedded 17 pages/cpu @eef81000 s39424 r8192 d22016 u69632
[    0.000000] pcpu-alloc: s39424 r8192 d22016 u69632 alloc=17*4096
[    0.000000] pcpu-alloc: [0] 0 [0] 1 [0] 2 [0] 3 
[    0.000000] Built 1 zonelists, mobility grouping on.  Total pages: 522751
[    0.000000] Kernel command line: ignore_loglevel console=ttyS0,115200n8 rw root=PARTUUID=4d36e82a-b3c0-4b4b-bfcd-afe5217ac023 rootwait gpt debug noinitrd earlyprintk init=/bin/bash
[    0.000000] PID hash table entries: 4096 (order: 2, 16384 bytes)
[    0.000000] Dentry cache hash table entries: 131072 (order: 7, 524288 bytes)
[    0.000000] Inode-cache hash table entries: 65536 (order: 6, 262144 bytes)
[    0.000000] Memory: 1994376K/2097148K available (10240K kernel code, 1626K rwdata, 4508K rodata, 2048K init, 405K bss, 37236K reserved, 65536K cma-reserved, 1245180K highmem)
[    0.000000] Virtual kernel memory layout:
[    0.000000]     vector  : 0xffff0000 - 0xffff1000   (   4 kB)
[    0.000000]     fixmap  : 0xffc00000 - 0xfff00000   (3072 kB)
[    0.000000]     vmalloc : 0xf0800000 - 0xff800000   ( 240 MB)
[    0.000000]     lowmem  : 0xc0000000 - 0xf0000000   ( 768 MB)
[    0.000000]     pkmap   : 0xbfe00000 - 0xc0000000   (   2 MB)
[    0.000000]     modules : 0xbf000000 - 0xbfe00000   (  14 MB)
[    0.000000]       .text : 0xc0208000 - 0xc0d00000   (11232 kB)
[    0.000000]       .init : 0xc1200000 - 0xc1400000   (2048 kB)
[    0.000000]       .data : 0xc1400000 - 0xc1596910   (1627 kB)
[    0.000000]        .bss : 0xc159fbc0 - 0xc160537c   ( 406 kB)
[    0.000000] SLUB: HWalign=64, Order=0-3, MinObjects=0, CPUs=4, Nodes=1
[    0.000000] Hierarchical RCU implementation.
[    0.000000] 	RCU event tracing is enabled.
[    0.000000] 	RCU restricting CPUs from NR_CPUS=16 to nr_cpu_ids=4.
[    0.000000] RCU: Adjusting geometry for rcu_fanout_leaf=16, nr_cpu_ids=4
[    0.000000] NR_IRQS: 16, nr_irqs: 16, preallocated irqs: 16
[    0.000000] /interrupt-controller@60004000: 160 interrupts forwarded to /interrupt-controller@50041000
[    0.000000] Tegra clk 127: register failed with -17
[    0.000004] sched_clock: 32 bits at 1000kHz, resolution 1000ns, wraps every 2147483647500ns
[    0.000011] clocksource: timer_us: mask: 0xffffffff max_cycles: 0xffffffff, max_idle_ns: 1911260446275 ns
[    0.000018] Switching to timer-based delay loop, resolution 1000ns
[    0.001746] arch_timer: cp15 timer(s) running at 12.00MHz (virt).
[    0.001753] clocksource: arch_sys_counter: mask: 0xffffffffffffff max_cycles: 0x2c47f4ee7, max_idle_ns: 440795202497 ns
[    0.001760] sched_clock: 56 bits at 12MHz, resolution 83ns, wraps every 4398046511096ns
[    0.001765] Switching to timer-based delay loop, resolution 83ns
[    0.001977] Console: colour dummy device 80x30
[    0.001992] Calibrating delay loop (skipped), value calculated using timer frequency.. 24.00 BogoMIPS (lpj=120000)
[    0.001999] pid_max: default: 32768 minimum: 301
[    0.002040] Mount-cache hash table entries: 2048 (order: 1, 8192 bytes)
[    0.002046] Mountpoint-cache hash table entries: 2048 (order: 1, 8192 bytes)
[    0.002250] CPU: Testing write buffer coherency: ok
[    0.002375] /cpus/cpu@0 missing clock-frequency property
[    0.002391] /cpus/cpu@1 missing clock-frequency property
[    0.002406] /cpus/cpu@2 missing clock-frequency property
[    0.002422] /cpus/cpu@3 missing clock-frequency property
[    0.002427] CPU0: thread -1, cpu 0, socket 0, mpidr 80000000
[    0.002548] Setting up static identity map for 0x80300000 - 0x803000a0
[    0.003247] Hierarchical SRCU implementation.
[    0.003923] Tegra Revision: A01 SKU: 131 CPU Process: 1 SoC Process: 1
[    0.004189] EFI services will not be available.
[    0.004247] smp: Bringing up secondary CPUs ...
[    0.004477] CPU1: thread -1, cpu 1, socket 0, mpidr 80000001
[    0.011954] CPU2: thread -1, cpu 2, socket 0, mpidr 80000002
[    0.021964] CPU3: thread -1, cpu 3, socket 0, mpidr 80000003
[    0.031742] smp: Brought up 1 node, 4 CPUs
[    0.031750] SMP: Total of 4 processors activated (96.00 BogoMIPS).
[    0.031754] CPU: All CPU(s) started in SVC mode.
[    0.032306] devtmpfs: initialized
[    0.037562] Built 1 zonelists, mobility grouping on.  Total pages: 514978
[    0.037722] VFP support v0.3: implementor 41 architecture 4 part 30 variant f rev 0
[    0.037958] clocksource: jiffies: mask: 0xffffffff max_cycles: 0xffffffff, max_idle_ns: 19112604462750000 ns
[    0.037968] futex hash table entries: 1024 (order: 4, 65536 bytes)
[    0.038058] pinctrl core: initialized pinctrl subsystem
[    0.038630] DMI not present or invalid.
[    0.038730] NET: Registered protocol family 16
[    0.039403] DMA: preallocated 256 KiB pool for atomic coherent allocations
[    0.040315] cpuidle: using governor menu
[    0.048700] No ATAGs?
[    0.048754] hw-breakpoint: found 5 (+1 reserved) breakpoint and 4 watchpoint registers.
[    0.048760] hw-breakpoint: maximum watchpoint size is 8 bytes.
[    0.051509] Serial: AMBA PL011 UART driver
[    0.051873] tegra-mc 70019000.memory-controller: no memory timings for RAM code 0 registered
[    0.051984] iommu: Adding device reg-dummy to group 0
[    0.052013] iommu: Adding device 50000000.host1x to group 1
[    0.052038] iommu: Adding device 54200000.dc to group 2
[    0.052061] iommu: Adding device 54240000.dc to group 3
[    0.052075] iommu: Adding device 54280000.hdmi to group 4
[    0.052087] iommu: Adding device 54540000.sor to group 5
[    0.052100] iommu: Adding device 545c0000.dpaux to group 6
[    0.052125] iommu: Adding device 57000000.gpu to group 7
[    0.052136] iommu: Adding device 60005000.timer to group 8
[    0.052146] iommu: Adding device 60007000.flow-controller to group 9
[    0.052157] iommu: Adding device 6000c800.actmon to group 10
[    0.052168] iommu: Adding device 6000d000.gpio to group 11
[    0.052180] iommu: Adding device 60020000.dma to group 12
[    0.052191] iommu: Adding device 70000800.apbmisc to group 13
[    0.052202] iommu: Adding device 70000868.pinmux to group 14
[    0.052212] iommu: Adding device 70006000.serial to group 15
[    0.052225] iommu: Adding device 7000a000.pwm to group 16
[    0.052236] iommu: Adding device 7000c000.i2c to group 17
[    0.052247] iommu: Adding device 7000c400.i2c to group 18
[    0.052257] iommu: Adding device 7000c500.i2c to group 19
[    0.052270] iommu: Adding device 7000c700.i2c to group 20
[    0.052280] iommu: Adding device 7000d000.i2c to group 21
[    0.052293] iommu: Adding device 7000d400.spi to group 22
[    0.052303] iommu: Adding device 7000da00.spi to group 23
[    0.052314] iommu: Adding device 7000e000.rtc to group 24
[    0.052324] iommu: Adding device 7000e400.pmc to group 25
[    0.052335] iommu: Adding device 7000f800.fuse to group 26
[    0.052348] iommu: Adding device 70019000.memory-controller to group 27
[    0.052358] iommu: Adding device 7001b000.emc to group 28
[    0.052370] iommu: Adding device 70030000.hda to group 29
[    0.052381] iommu: Adding device 70090000.usb to group 30
[    0.052392] iommu: Adding device 7009f000.padctl to group 31
[    0.052403] iommu: Adding device 700b0000.sdhci to group 32
[    0.052414] iommu: Adding device 700b0400.sdhci to group 33
[    0.052424] iommu: Adding device 700b0600.sdhci to group 34
[    0.052435] iommu: Adding device 700e2000.thermal-sensor to group 35
[    0.052446] iommu: Adding device 70300000.ahub to group 36
[    0.052458] iommu: Adding device pmu to group 37
[    0.052471] iommu: Adding device timer to group 38
[    0.052482] iommu: Adding device sdhci0_pwrseq to group 39
[    0.052493] iommu: Adding device backlight to group 40
[    0.052504] iommu: Adding device clocks to group 41
[    0.052515] iommu: Adding device gpio-keys to group 42
[    0.052526] iommu: Adding device regulators to group 43
[    0.052536] iommu: Adding device regulators:regulator@0 to group 44
[    0.052547] iommu: Adding device regulators:regulator@1 to group 45
[    0.052559] iommu: Adding device regulators:regulator@2 to group 46
[    0.052571] iommu: Adding device regulators:regulator@3 to group 47
[    0.052584] iommu: Adding device regulators:regulator@4 to group 48
[    0.052594] iommu: Adding device regulators:regulator@5 to group 49
[    0.052605] iommu: Adding device regulators:regulator@6 to group 50
[    0.052616] iommu: Adding device regulators:regulator@7 to group 51
[    0.052628] iommu: Adding device regulators:regulator@8 to group 52
[    0.052640] iommu: Adding device regulators:regulator@9 to group 53
[    0.052653] iommu: Adding device regulators:regulator@10 to group 54
[    0.052664] iommu: Adding device regulators:regulator@11 to group 55
[    0.052675] iommu: Adding device regulators:regulator@12 to group 56
[    0.052685] iommu: Adding device sound to group 57
[    0.052696] iommu: Adding device gpio-restart to group 58
[    0.052709] iommu: Adding device panel to group 59
[    0.057715] AT91: Could not find identification node
[    0.057923] +5V_SYS: supplied by +VDD_MUX
[    0.058022] +3.3V_SYS: supplied by +VDD_MUX
[    0.058236] +VDD_LED: Failed to request enable GPIO122: -517
[    0.058242] reg-fixed-voltage regulators:regulator@5: Failed to register regulator: -517
[    0.058275] +5V_VDD_TS_SW: Failed to request enable GPIO81: -517
[    0.058280] reg-fixed-voltage regulators:regulator@6: Failed to register regulator: -517
[    0.058313] +5V_USB_HS: Failed to request enable GPIO108: -517
[    0.058317] reg-fixed-voltage regulators:regulator@7: Failed to register regulator: -517
[    0.058351] +5V_USB_SS: Failed to request enable GPIO109: -517
[    0.058355] reg-fixed-voltage regulators:regulator@8: Failed to register regulator: -517
[    0.058445] +1.05V_RUN_AVDD_HDMI_PLL: Failed to request enable GPIO63: -517
[    0.058450] reg-fixed-voltage regulators:regulator@11: Failed to register regulator: -517
[    0.058483] +5V_HDMI_CON: Failed to request enable GPIO86: -517
[    0.058487] reg-fixed-voltage regulators:regulator@12: Failed to register regulator: -517
[    0.059462] vgaarb: loaded
[    0.059719] SCSI subsystem initialized
[    0.059786] libata version 3.00 loaded.
[    0.059860] usbcore: registered new interface driver usbfs
[    0.059877] usbcore: registered new interface driver hub
[    0.059898] usbcore: registered new device driver usb
[    0.061168] pps_core: LinuxPPS API ver. 1 registered
[    0.061172] pps_core: Software ver. 5.3.6 - Copyright 2005-2007 Rodolfo Giometti <giometti@linux.it>
[    0.061180] PTP clock support registered
[    0.061243] EDAC MC: Ver: 3.0.0
[    0.061349] dmi: Firmware registration failed.
[    0.061644] tegra-emc 7001b000.emc: no memory timings for RAM code 0 found in DT
[    0.061653] tegra-emc: probe of 7001b000.emc failed with error -2
[    0.062091] clocksource: Switched to clocksource arch_sys_counter
[    0.081562] NET: Registered protocol family 2
[    0.081757] TCP established hash table entries: 8192 (order: 3, 32768 bytes)
[    0.081791] TCP bind hash table entries: 8192 (order: 4, 65536 bytes)
[    0.081853] TCP: Hash tables configured (established 8192 bind 8192)
[    0.081888] UDP hash table entries: 512 (order: 2, 16384 bytes)
[    0.081903] UDP-Lite hash table entries: 512 (order: 2, 16384 bytes)
[    0.081959] NET: Registered protocol family 1
[    0.082124] RPC: Registered named UNIX socket transport module.
[    0.082128] RPC: Registered udp transport module.
[    0.082131] RPC: Registered tcp transport module.
[    0.082134] RPC: Registered tcp NFSv4.1 backchannel transport module.
[    0.082139] PCI: CLS 0 bytes, default 64
[    0.082711] hw perfevents: enabled with armv7_cortex_a15 PMU driver, 7 counters available
[    0.082985] iommu: Adding device alarmtimer to group 60
[    0.083348] workingset: timestamp_bits=30 max_order=19 bucket_order=0
[    0.085336] squashfs: version 4.0 (2009/01/31) Phillip Lougher
[    0.085550] NFS: Registering the id_resolver key type
[    0.085561] Key type id_resolver registered
[    0.085565] Key type id_legacy registered
[    0.085582] ntfs: driver 2.1.32 [Flags: R/O].
[    0.086120] bounce: pool size: 64 pages
[    0.086139] Block layer SCSI generic (bsg) driver version 0.4 loaded (major 248)
[    0.086143] io scheduler noop registered
[    0.086147] io scheduler deadline registered
[    0.086220] io scheduler cfq registered (default)
[    0.086223] io scheduler mq-deadline registered
[    0.086227] io scheduler kyber registered
[    0.087490] tegra-xusb-padctl 7009f000.padctl: failed to setup XUSB ports: -517
[    0.097881] tegra-apbdma 60020000.dma: Tegra20 APB DMA driver register 32 channels
[    0.098937] tegra-pmc 7000e400.pmc: i2c-thermtrip node not found, emergency thermal reset disabled.
[    0.115783] Serial: 8250/16550 driver, 4 ports, IRQ sharing disabled
[    0.115826] iommu: Adding device serial8250 to group 61
[    0.116841] console [ttyS0] disabled
[    0.116860] 70006000.serial: ttyS0 at MMIO 0x70006000 (irq = 333, base_baud = 25500000) is a Tegra
[    1.372068] console [ttyS0] enabled
[    1.375849] SuperH (H)SCI(F) driver initialized
[    1.380725] msm_serial: driver initialized
[    1.384879] STMicroelectronics ASC driver initialized
[    1.392249] tegra-hdmi 54280000.hdmi: failed to get HDMI regulator
[    1.398784] tegra-dpaux 545c0000.dpaux: failed to get VDD supply: -517
[    1.406164] panel-simple panel: panel supply power not found, using dummy regulator
[    1.416448] brd: module loaded
[    1.421711] loop: module loaded
[    1.425769] as3722 4-0040: AS3722 with revision 0x1 found
[    1.432289] iommu: Adding device as3722-pinctrl to group 62
[    1.439177] iommu: Adding device as3722-regulator to group 63
[    1.447030] as3722-sd2: supplied by +5V_SYS
[    1.451421] as3722-sd3: supplied by +5V_SYS
[    1.455810] +1.35V_LP0(sd3): Bringing 0uV into 1350000-1350000uV
[    1.461978] as3722-sd4: supplied by +5V_SYS
[    1.466316] +1.05V_RUN: Bringing 0uV into 1050000-1050000uV
[    1.472037] as3722-sd5: supplied by +5V_SYS
[    1.477596] as3722-ldo0: supplied by +1.35V_LP0(sd2)
[    1.483315] +1.8V_RUN_CAM: Bringing 0uV into 1800000-1800000uV
[    1.489311] as3722-ldo2: supplied by +1.8V_VDDIO
[    1.494919] as3722-ldo3: supplied by +3.3V_SYS
[    1.499362] +1.00V_LP0_VDD_RTC: Bringing 1100000uV into 1000000-1000000uV
[    1.506924] as3722-ldo4: supplied by +3.3V_SYS
[    1.511511] +3.3V_RUN_CAM: Bringing 0uV into 2800000-2800000uV
[    1.517513] as3722-ldo5: supplied by +1.8V_VDDIO
[    1.522290] +1.2V_RUN_CAM_FRONT: Bringing 0uV into 1200000-1200000uV
[    1.528960] +VDDIO_SDMMC3: Bringing 0uV into 1800000-1800000uV
[    1.534978] as3722-ldo7: supplied by +1.8V_VDDIO
[    1.539741] +1.05V_RUN_CAM_REAR: Bringing 0uV into 1050000-1050000uV
[    1.546275] as3722-ldo9: supplied by +5V_SYS
[    1.550837] +2.8V_RUN_TOUCH: Bringing 0uV into 2800000-2800000uV
[    1.557030] as3722-ldo10: supplied by +5V_SYS
[    1.561533] +2.8V_RUN_CAM_AF: Bringing 0uV into 2800000-2800000uV
[    1.567960] +1.8V_RUN_VPP_FUSE: Bringing 0uV into 1800000-1800000uV
[    1.574452] iommu: Adding device as3722-rtc to group 64
[    1.579804] iommu: Adding device as3722-adc to group 65
[    1.585127] iommu: Adding device as3722-power-off to group 66
[    1.590962] iommu: Adding device as3722-wdt to group 67
[    1.607954] m25p80 spi1.0: w25q32dw (4096 Kbytes)
[    1.613460] iommu: Adding device Fixed MDIO bus.0 to group 68
[    1.619336] libphy: Fixed MDIO Bus: probed
[    1.623747] CAN device driver interface
[    1.627882] bgmac_bcma: Broadcom 47xx GBit MAC driver loaded
[    1.633982] e1000e: Intel(R) PRO/1000 Network Driver - 3.2.6-k
[    1.639798] e1000e: Copyright(c) 1999 - 2015 Intel Corporation.
[    1.645725] igb: Intel(R) Gigabit Ethernet Network Driver - version 5.4.0-k
[    1.652675] igb: Copyright (c) 2007-2014 Intel Corporation.
[    1.659475] pegasus: v0.9.3 (2013/04/25), Pegasus/Pegasus II USB Ethernet driver
[    1.666882] usbcore: registered new interface driver pegasus
[    1.672545] usbcore: registered new interface driver asix
[    1.677941] usbcore: registered new interface driver ax88179_178a
[    1.684032] usbcore: registered new interface driver cdc_ether
[    1.689863] usbcore: registered new interface driver smsc75xx
[    1.695613] usbcore: registered new interface driver smsc95xx
[    1.701352] usbcore: registered new interface driver net1080
[    1.707011] usbcore: registered new interface driver cdc_subset
[    1.712930] usbcore: registered new interface driver zaurus
[    1.718503] usbcore: registered new interface driver cdc_ncm
[    1.724810] ehci_hcd: USB 2.0 'Enhanced' Host Controller (EHCI) Driver
[    1.731321] ehci-pci: EHCI PCI platform driver
[    1.735770] ehci-platform: EHCI generic platform driver
[    1.741047] ehci-orion: EHCI orion driver
[    1.745101] SPEAr-ehci: EHCI SPEAr driver
[    1.749145] ehci-st: EHCI STMicroelectronics driver
[    1.754063] ehci-exynos: EHCI EXYNOS driver
[    1.758286] ehci-atmel: EHCI Atmel driver
[    1.762335] tegra-ehci: Tegra EHCI driver
[    1.766395] ohci_hcd: USB 1.1 'Open' Host Controller (OHCI) Driver
[    1.772567] ohci-pci: OHCI PCI platform driver
[    1.777010] ohci-platform: OHCI generic platform driver
[    1.782288] SPEAr-ohci: OHCI SPEAr driver
[    1.786330] ohci-st: OHCI STMicroelectronics driver
[    1.791239] ohci-atmel: OHCI Atmel driver
[    1.795489] usbcore: registered new interface driver usb-storage
[    1.802751] elan_i2c 1-0015: 1-0015 supply vcc not found, using dummy regulator
[    1.811413] as3722-rtc as3722-rtc: rtc core: registered as3722-rtc as rtc0
[    1.818280] as3722-rtc as3722-rtc: RTC interrupt 372
[    1.825215] tegra_rtc 7000e000.rtc: rtc core: registered 7000e000.rtc as rtc1
[    1.832357] tegra_rtc 7000e000.rtc: Tegra internal Real Time Clock
[    1.838708] i2c /dev entries driver
[    1.843489] IR NEC protocol handler initialized
[    1.848006] IR RC5(x/sz) protocol handler initialized
[    1.853051] IR RC6 protocol handler initialized
[    1.857568] IR JVC protocol handler initialized
[    1.862090] IR Sony protocol handler initialized
[    1.866693] IR SANYO protocol handler initialized
[    1.871383] IR Sharp protocol handler initialized
[    1.876077] IR MCE Keyboard/mouse protocol handler initialized
[    1.881893] IR XMP protocol handler initialized
[    1.887511] lm90 0-004c: 0-004c supply vcc not found, using dummy regulator
[    1.897788] iommu: Adding device cpufreq-tegra124 to group 69
[    1.904589] sdhci: Secure Digital Host Controller Interface driver
[    1.910753] sdhci: Copyright(c) Pierre Ossman
[    1.915659] Synopsys Designware Multimedia Card Interface Driver
[    1.922108] sdhci-pltfm: SDHCI platform and OF driver helper
[    1.928034] sdhci-tegra 700b0000.sdhci: allocated mmc-pwrseq
[    1.941846] sdhci-tegra 700b0400.sdhci: Got CD GPIO
[    1.946735] sdhci-tegra 700b0400.sdhci: Got WP GPIO
[    1.966118] mmc0: Unknown controller version (3). You may experience problems.
[    1.973369] mmc0: Invalid maximum block size, assuming 512 bytes
[    1.997378] elan_i2c 1-0015: Elan Touchpad: Module ID: 0x002a, Firmware: 0x0005, Sample: 0x0007, IAP: 0x0009
[    2.007313] input: Elan Touchpad as /devices/soc0/7000c400.i2c/i2c-1/1-0015/input/input0
[    2.042099] mmc0: SDHCI controller on 700b0600.sdhci [700b0600.sdhci] using ADMA
[    2.050214] ledtrig-cpu: registered to indicate activity on CPUs
[    2.056384] usbcore: registered new interface driver usbhid
[    2.061941] usbhid: USB HID core driver
[    2.067166] NET: Registered protocol family 10
[    2.071927] Segment Routing with IPv6
[    2.075623] sit: IPv6, IPv4 and MPLS over IPv4 tunneling driver
[    2.081717] NET: Registered protocol family 17
[    2.086157] can: controller area network core (rev 20170425 abi 9)
[    2.092347] NET: Registered protocol family 29
[    2.096779] can: raw protocol (rev 20170425)
[    2.101035] can: broadcast manager protocol (rev 20170425 t)
[    2.106688] can: netlink gateway (rev 20170425) max_hops=1
[    2.112280] Key type dns_resolver registered
[    2.116734] ThumbEE CPU extension supported.
[    2.120993] Registering SWP/SWPB emulation handler
[    2.131645] +3.3V_RUN: supplied by +3.3V_SYS
[    2.136735] +VDD_LED: supplied by +VDD_MUX
[    2.140984] +3.3V_AVDD_HDMI_AP_GATED: supplied by +3.3V_RUN
[    2.146610] +1.8V_RUN_CAM: supplied by +3.3V_RUN
[    2.151244] +VDDIO_SDMMC3: supplied by +3.3V_RUN
[    2.155888] +1.8V_RUN_VPP_FUSE: supplied by +3.3V_RUN
[    2.161140] +5V_VDD_TS_SW: supplied by +5V_SYS
[    2.165930] +5V_USB_HS: supplied by +5V_SYS
[    2.170277] +5V_USB_SS: supplied by +5V_SYS
[    2.175411] +3.3V_PANEL: supplied by +3.3V_RUN
[    2.180581] +3.3V_LP0: supplied by +3.3V_SYS
[    2.183094] mmc0: new high speed MMC card at address 0001
[    2.185142] mmcblk0: mmc0:0001 MMC16G 14.4 GiB 
[    2.185434] mmcblk0boot0: mmc0:0001 MMC16G partition 1 2.00 MiB
[    2.185670] mmcblk0boot1: mmc0:0001 MMC16G partition 2 2.00 MiB
[    2.185911] mmcblk0rpmb: mmc0:0001 MMC16G partition 3 128 KiB
[    2.200127]  mmcblk0: p1 p2 p3 p4 p5 p6 p7 p8 p9 p10 p11 p12
[    2.218751] +1.05V_RUN_AVDD_HDMI_PLL: supplied by +1.05V_RUN
[    2.218997] elan_i2c 1-0015: failed to read report data: -121
[    2.219368] elan_i2c 1-0015: failed to read report data: -121
[    2.236247] +5V_HDMI_CON: supplied by +5V_SYS
[    2.241182]  usb3-0: usb3-0 supply vbus not found, using dummy regulator
[    2.247983]  usb3-1: usb3-1 supply vbus not found, using dummy regulator
[    2.258339] tegra-sor 54540000.sor: failed to probe output: -517
[    2.265110] panel-simple panel: panel supply power not found, using dummy regulator
[    2.273843] sdhci-tegra 700b0000.sdhci: allocated mmc-pwrseq
[    2.286306] mmc1: Unknown controller version (3). You may experience problems.
[    2.293569] mmc1: Invalid maximum block size, assuming 512 bytes
[    2.299942] mmc1: Switching to 3.3V signalling voltage failed
[    2.362177] mmc1: SDHCI controller on 700b0000.sdhci [700b0000.sdhci] using ADMA
[    2.370315] sdhci-tegra 700b0400.sdhci: Got CD GPIO
[    2.375229] sdhci-tegra 700b0400.sdhci: Got WP GPIO
[    2.377118] elan_i2c 1-0015: invalid report id data (ff)
[    2.393968] mmc2: Unknown controller version (3). You may experience problems.
[    2.401266] mmc2: Invalid maximum block size, assuming 512 bytes
[    2.434053] mmc1: new high speed SDIO card at address 0001
[    2.472208] mmc2: SDHCI controller on 700b0400.sdhci [700b0400.sdhci] using ADMA
[    2.576567] [drm] Supports vblank timestamp caching Rev 2 (21.10.2013).
[    2.583189] [drm] No driver support for vblank timestamp query.
[    2.632729] mmc2: new high speed SDHC card at address 0007
[    2.632943] mmcblk2: mmc2:0007 SD08G 7.42 GiB 
[    2.642986] GPT:Primary header alternate_lba != Alt. header my_lba
[    2.642990] GPT:3014591 != 15564799
[    2.642992] GPT:Primary header thinks Alt. header is not at the end of the disk.
[    2.642993] GPT:3014591 != 15564799
[    2.642994] GPT: Use GNU Parted to correct GPT errors.
[    2.643021]  mmcblk2: p1 p2 p3 p4 p5 p6 p7 p8 p9 p10 p11 p12
[    2.671908] Console: switching to colour frame buffer device 170x48
[    2.736070] drm drm: fb0:  frame buffer device
[    2.740554] [drm] Initialized tegra 0.0.0 20120330 for drm on minor 0
[    2.748012] input: gpio-keys as /devices/soc0/gpio-keys/input/input1
[    2.755633] as3722-rtc as3722-rtc: setting system clock to 2000-01-01 00:00:24 UTC (946684824)
[    2.764628] +1.8V_RUN_CAM: disabling
[    2.768403] +3.3V_RUN_CAM: disabling
[    2.772148] +1.2V_RUN_CAM_FRONT: disabling
[    2.776445] +1.05V_RUN_CAM_REAR: disabling
[    2.780698] +2.8V_RUN_TOUCH: disabling
[    2.784688] +2.8V_RUN_CAM_AF: disabling
[    2.788676] +1.8V_RUN_VPP_FUSE: disabling
[    2.792957] +5V_VDD_TS_SW: disabling
[    2.796529] +5V_USB_HS: disabling
[    2.799834] +5V_USB_SS: disabling
[    2.804126] EXT4-fs (mmcblk0p3): couldn't mount as ext3 due to feature incompatibilities
[    2.812824] EXT4-fs (mmcblk0p3): couldn't mount as ext2 due to feature incompatibilities
[    3.3