
U-Boot SPL 2014.07-00097-g772e173 (Jul 25 2014 - 20:02:52)


U-Boot 2014.07-00097-g772e173 (Jul 25 2014 - 20:02:52)

TEGRA124
Board: NVIDIA Jetson TK1
I2C:   ready
DRAM:  2 GiB
MMC:   Tegra SD/MMC: 0, Tegra SD/MMC: 1
In:    serial
Out:   serial
Err:   serial
Net:   Net Initialization Skipped
No ethernet found.
Hit any key to stop autoboot:  2  0 
Tegra124 (Jetson TK1) # 
Tegra124 (Jetson TK1) # usb reset
(Re)start USB...
USB0:   USB EHCI 1.10
scanning bus 0 for devices... 1 USB Device(s) found
USB1:   USB EHCI 1.10
scanning bus 1 for devices... 2 USB Device(s) found
       scanning usb for storage devices... 0 Storage Device(s) found
       scanning usb for ethernet devices... 
Warning: asx0 using MAC address from net device
1 Ethernet Device(s) found
Tegra124 (Jetson TK1) # setenv bootargs 'ignore_loglevel console=ttyS0,115200n8 rw root=/dev/mmcblk0p1 rootwait gpt debug init=/bin/bash noinitrd'
Tegra124 (Jetson TK1) # setenv ipaddr 192.168.100.102; setenv serverip 192.168.100.1; setenv tftpserverip 192.168.100.1
Tegra124 (Jetson TK1) # tftpboot 0x81000000 zImage.multi_v7_defconfig
Using asx0 device
TFTP from server 192.168.100.1; our IP address is 192.168.100.102
Filename 'zImage.multi_v7_defconfig'.
Load address: 0x81000000
Loading: *#################################################################
	 #################################################################
	 #################################################################
	 #################################################################
	 #################################################################
	 #################################################################
	 ################################
	 3.2 MiB/s
done
Bytes transferred = 6183128 (5e58d8 hex)
Tegra124 (Jetson TK1) # tftpboot 0x82000000 tegra124-jetson-tk1.dtb
Using asx0 device
TFTP from server 192.168.100.1; our IP address is 192.168.100.102
Filename 'tegra124-jetson-tk1.dtb'.
Load address: 0x82000000
Loading: *#####
	 3 MiB/s
done
Bytes transferred = 65184 (fea0 hex)
Tegra124 (Jetson TK1) # bootz 0x81000000 - 0x82000000
Kernel image @ 0x81000000 [ 0x000000 - 0x5e58d8 ]
## Flattened Device Tree blob at 82000000
   Booting using the fdt blob at 0x82000000
   Using Device Tree in place at 82000000, end 82012e9f

Starting kernel ...

[    0.000000] Booting Linux on physical CPU 0x0
[    0.000000] Linux version 4.2.0-rc2-next-20150713-28663-g58fc293 (pwalmsley@sellafield) (gcc version 4.7.3 20130328 (prerelease) (crosstool-NG linaro-1.13.1-4.7-2013.04-20130415 - Linaro GCC 2013.04) ) #1 SMP Mon Jul 13 05:21:30 PDT 2015
[    0.000000] CPU: ARMv7 Processor [413fc0f3] revision 3 (ARMv7), cr=10c5387d
[    0.000000] CPU: PIPT / VIPT nonaliasing data cache, PIPT instruction cache
[    0.000000] Machine model: NVIDIA Tegra124 Jetson TK1
[    0.000000] debug: ignoring loglevel setting.
[    0.000000] cma: Reserved 64 MiB at 0xfb800000
[    0.000000] Memory policy: Data cache writealloc
[    0.000000] On node 0 totalpages: 524032
[    0.000000] free_area_init_node: node 0, pgdat c0f09f00, node_mem_map ee7f8000
[    0.000000]   DMA zone: 1520 pages used for memmap
[    0.000000]   DMA zone: 0 pages reserved
[    0.000000]   DMA zone: 194560 pages, LIFO batch:31
[    0.000000]   HighMem zone: 329472 pages, LIFO batch:31
[    0.000000] PERCPU: Embedded 11 pages/cpu @ee792000 s14848 r8192 d22016 u45056
[    0.000000] pcpu-alloc: s14848 r8192 d22016 u45056 alloc=11*4096
[    0.000000] pcpu-alloc: [0] 0 [0] 1 [0] 2 [0] 3 
[    0.000000] Built 1 zonelists in Zone order, mobility grouping on.  Total pages: 522512
[    0.000000] Kernel command line: ignore_loglevel console=ttyS0,115200n8 rw root=/dev/mmcblk0p1 rootwait gpt debug init=/bin/bash noinitrd
[    0.000000] PID hash table entries: 4096 (order: 2, 16384 bytes)
[    0.000000] Dentry cache hash table entries: 131072 (order: 7, 524288 bytes)
[    0.000000] Inode-cache hash table entries: 65536 (order: 6, 262144 bytes)
[    0.000000] Memory: 1999252K/2096128K available (7827K kernel code, 1015K rwdata, 3520K rodata, 960K init, 327K bss, 31340K reserved, 65536K cma-reserved, 1252352K highmem)
[    0.000000] Virtual kernel memory layout:
[    0.000000]     vector  : 0xffff0000 - 0xffff1000   (   4 kB)
[    0.000000]     fixmap  : 0xffc00000 - 0xfff00000   (3072 kB)
[    0.000000]     vmalloc : 0xf0000000 - 0xff000000   ( 240 MB)
[    0.000000]     lowmem  : 0xc0000000 - 0xef800000   ( 760 MB)
[    0.000000]     pkmap   : 0xbfe00000 - 0xc0000000   (   2 MB)
[    0.000000]     modules : 0xbf000000 - 0xbfe00000   (  14 MB)
[    0.000000]       .text : 0xc0208000 - 0xc0d1de28   (11352 kB)
[    0.000000]       .init : 0xc0d1e000 - 0xc0e0e000   ( 960 kB)
[    0.000000]       .data : 0xc0e0e000 - 0xc0f0bf00   (1016 kB)
[    0.000000]        .bss : 0xc0f0e000 - 0xc0f5fc28   ( 328 kB)
[    0.000000] SLUB: HWalign=64, Order=0-3, MinObjects=0, CPUs=4, Nodes=1
[    0.000000] Hierarchical RCU implementation.
[    0.000000] 	Additional per-CPU info printed with stalls.
[    0.000000] 	Build-time adjustment of leaf fanout to 32.
[    0.000000] 	RCU restricting CPUs from NR_CPUS=16 to nr_cpu_ids=4.
[    0.000000] RCU: Adjusting geometry for rcu_fanout_leaf=32, nr_cpu_ids=4
[    0.000000] NR_IRQS:16 nr_irqs:16 16
[    0.000000] /interrupt-controller@60004000: 160 interrupts forwarded to /interrupt-controller@0,50041000
[    0.000000] L2C: failed to init: -19
[    0.000008] sched_clock: 32 bits at 1000kHz, resolution 1000ns, wraps every 2147483647500ns
[    0.000027] clocksource: timer_us: mask: 0xffffffff max_cycles: 0xffffffff, max_idle_ns: 1911260446275 ns
[    0.000040] Switching to timer-based delay loop, resolution 1000ns
[    0.004399] Architected cp15 timer(s) running at 12.00MHz (virt).
[    0.004416] clocksource: arch_sys_counter: mask: 0xffffffffffffff max_cycles: 0x2c47f4ee7, max_idle_ns: 440795202497 ns
[    0.004433] sched_clock: 56 bits at 12MHz, resolution 83ns, wraps every 4398046511096ns
[    0.004445] Switching to timer-based delay loop, resolution 83ns
[    0.004862] Console: colour dummy device 80x30
[    0.004885] Calibrating delay loop (skipped), value calculated using timer frequency.. 24.00 BogoMIPS (lpj=60000)
[    0.004899] pid_max: default: 32768 minimum: 301
[    0.005013] Mount-cache hash table entries: 2048 (order: 1, 8192 bytes)
[    0.005024] Mountpoint-cache hash table entries: 2048 (order: 1, 8192 bytes)
[    0.005616] CPU: Testing write buffer coherency: ok
[    0.005824] /cpus/cpu@0 missing clock-frequency property
[    0.005863] /cpus/cpu@1 missing clock-frequency property
[    0.005901] /cpus/cpu@2 missing clock-frequency property
[    0.005941] /cpus/cpu@3 missing clock-frequency property
[    0.005953] CPU0: thread -1, cpu 0, socket 0, mpidr 80000000
[    0.005999] Setting up static identity map for 0x80209000 - 0x80209098
[    0.008892] Tegra Revision: A01 SKU: 129 CPU Process: 1 SoC Process: 1
[    0.010219] CPU1: thread -1, cpu 1, socket 0, mpidr 80000001
[    0.010795] CPU2: thread -1, cpu 2, socket 0, mpidr 80000002
[    0.011365] CPU3: thread -1, cpu 3, socket 0, mpidr 80000003
[    0.011426] Brought up 4 CPUs
[    0.011446] SMP: Total of 4 processors activated (96.00 BogoMIPS).
[    0.011453] CPU: All CPU(s) started in SVC mode.
[    0.011979] devtmpfs: initialized
[    0.031175] VFP support v0.3: implementor 41 architecture 4 part 30 variant f rev 0
[    0.031983] clocksource: jiffies: mask: 0xffffffff max_cycles: 0xffffffff, max_idle_ns: 9556302231375000 ns
[    0.033650] pinctrl core: initialized pinctrl subsystem
[    0.035287] NET: Registered protocol family 16
[    0.037253] DMA: preallocated 256 KiB pool for atomic coherent allocations
[    0.049668] cpuidle: using governor ladder
[    0.064688] cpuidle: using governor menu
[    0.081344] No ATAGs?
[    0.081379] hw-breakpoint: found 5 (+1 reserved) breakpoint and 4 watchpoint registers.
[    0.081389] hw-breakpoint: maximum watchpoint size is 8 bytes.
[    0.086001] Serial: AMBA PL011 UART driver
[    0.115304] +USB0_VBUS_SW: Failed to request enable GPIO108: -517
[    0.115431] reg-fixed-voltage regulators:regulator@7: Failed to register regulator: -517
[    0.115651] +5V_USB_HS: Failed to request enable GPIO109: -517
[    0.115766] reg-fixed-voltage regulators:regulator@8: Failed to register regulator: -517
[    0.116054] +1.05V_RUN_AVDD_HDMI_PLL: Failed to request enable GPIO63: -517
[    0.116168] reg-fixed-voltage regulators:regulator@11: Failed to register regulator: -517
[    0.116383] +5V_HDMI_CON: Failed to request enable GPIO86: -517
[    0.116496] reg-fixed-voltage regulators:regulator@12: Failed to register regulator: -517
[    0.116707] +5V_SATA: Failed to request enable GPIO242: -517
[    0.116819] reg-fixed-voltage regulators:regulator@13: Failed to register regulator: -517
[    0.117032] +12V_SATA: Failed to request enable GPIO242: -517
[    0.117143] reg-fixed-voltage regulators:regulator@14: Failed to register regulator: -517
[    0.120060] vgaarb: loaded
[    0.120832] SCSI subsystem initialized
[    0.121011] libata version 3.00 loaded.
[    0.121338] usbcore: registered new interface driver usbfs
[    0.121404] usbcore: registered new interface driver hub
[    0.121479] usbcore: registered new device driver usb
[    0.125065] pps_core: LinuxPPS API ver. 1 registered
[    0.125075] pps_core: Software ver. 5.3.6 - Copyright 2005-2007 Rodolfo Giometti <giometti@linux.it>
[    0.125104] PTP clock support registered
[    0.125324] EDAC MC: Ver: 3.0.0
[    0.128480] clocksource: Switched to clocksource arch_sys_counter
[    0.140234] NET: Registered protocol family 2
[    0.140759] TCP established hash table entries: 8192 (order: 3, 32768 bytes)
[    0.140858] TCP bind hash table entries: 8192 (order: 4, 65536 bytes)
[    0.141044] TCP: Hash tables configured (established 8192 bind 8192)
[    0.141094] UDP hash table entries: 512 (order: 2, 16384 bytes)
[    0.141136] UDP-Lite hash table entries: 512 (order: 2, 16384 bytes)
[    0.141308] NET: Registered protocol family 1
[    0.141540] RPC: Registered named UNIX socket transport module.
[    0.141549] RPC: Registered udp transport module.
[    0.141556] RPC: Registered tcp transport module.
[    0.141563] RPC: Registered tcp NFSv4.1 backchannel transport module.
[    0.141580] PCI: CLS 0 bytes, default 64
[    0.143880] futex hash table entries: 1024 (order: 4, 65536 bytes)
[    0.156336] squashfs: version 4.0 (2009/01/31) Phillip Lougher
[    0.157265] NFS: Registering the id_resolver key type
[    0.157293] Key type id_resolver registered
[    0.157302] Key type id_legacy registered
[    0.157367] ntfs: driver 2.1.32 [Flags: R/O].
[    0.158399] bounce: pool size: 64 pages
[    0.158647] Block layer SCSI generic (bsg) driver version 0.4 loaded (major 249)
[    0.158669] io scheduler noop registered
[    0.158684] io scheduler deadline registered
[    0.158891] io scheduler cfq registered (default)
[    0.175724] tegra-pcie 1003000.pcie-controller: 2x1, 1x1 configuration
[    0.175769] tegra-pcie 1003000.pcie-controller: Failed to get supply 'avddio-pex': -517
[    0.182583] tegra-apbdma 60020000.dma: Tegra20 APB DMA driver register 32 channels
[    0.184018] tegra-pmc 7000e400.pmc: emergency thermal reset enabled
[    0.184039] tegra-pmc 7000e400.pmc: couldn't locate regulator
[    0.184075] tegra-pmc 7000e400.pmc: added power domain gpu-power-domain
[    0.184225] tegra-pmc 7000e400.pmc: added power domain pcie-power-domain
[    0.184719] tegra-pmc 7000e400.pmc: added power domain sata-power-domain
[    0.185102] tegra-pmc 7000e400.pmc: added power domain sor-power-domain
[    0.185215] tegra-pmc 7000e400.pmc: added power domain dc-power-domain
[    0.185329] tegra-pmc 7000e400.pmc: added power domain dcb-power-domain
[    0.249324] Serial: 8250/16550 driver, 4 ports, IRQ sharing disabled
[    0.251622] SuperH (H)SCI(F) driver initialized
[    0.252601] msm_serial: driver initialized
[    0.253432] console [ttyS0] disabled
[    0.253486] 70006300.serial: ttyS0 at MMIO 0x70006300 (irq = 331, base_baud = 25500000) is a Tegra
[    1.115284] console [ttyS0] enabled
[    1.119598] STMicroelectronics ASC driver initialized
[    1.127054] [drm] Initialized drm 1.1.0 20060810
[    1.134207] tegra-hdmi 54280000.hdmi: failed to get HDMI regulator
[    1.147451] loop: module loaded
[    1.150906] at24 0-0056: 256 byte 24c02 EEPROM, writable, 8 bytes/write
[    1.158952] as3722 4-0040: AS3722 with revision 0x1 found
[    1.182527] +5V_SYS: supplied by +VDD_MUX
[    1.186595] +1.05V_RUN: supplied by +5V_SYS
[    1.190888] tegra-ahci 70027000.sata: Failed to get supply 'hvdd': -517
[    1.197558] tegra-ahci 70027000.sata: Failed to get regulators
[    1.208940] m25p80 spi32765.0: w25q32dw (4096 Kbytes)
[    1.217364] CAN device driver interface
[    1.222579] igb: Intel(R) Gigabit Ethernet Network Driver - version 5.2.18-k
[    1.229636] igb: Copyright (c) 2007-2014 Intel Corporation.
[    1.238354] pegasus: v0.9.3 (2013/04/25), Pegasus/Pegasus II USB Ethernet driver
[    1.245813] usbcore: registered new interface driver pegasus
[    1.251560] usbcore: registered new interface driver asix
[    1.257027] usbcore: registered new interface driver ax88179_178a
[    1.263182] usbcore: registered new interface driver cdc_ether
[    1.269099] usbcore: registered new interface driver smsc75xx
[    1.274927] usbcore: registered new interface driver smsc95xx
[    1.280733] usbcore: registered new interface driver net1080
[    1.286455] usbcore: registered new interface driver cdc_subset
[    1.292435] usbcore: registered new interface driver zaurus
[    1.298112] usbcore: registered new interface driver cdc_ncm
[    1.304038] tegra-phy 7d004000.usb-phy: no vbus regulator
[    1.311577] ehci_hcd: USB 2.0 'Enhanced' Host Controller (EHCI) Driver
[    1.318121] ehci-pci: EHCI PCI platform driver
[    1.322632] ehci-platform: EHCI generic platform driver
[    1.328093] ehci-omap: OMAP-EHCI Host Controller driver
[    1.333495] ehci-orion: EHCI orion driver
[    1.337650] SPEAr-ehci: EHCI SPEAr driver
[    1.341833] ehci-st: EHCI STMicroelectronics driver
[    1.346875] ehci-exynos: EHCI EXYNOS driver
[    1.351245] ehci-atmel: EHCI Atmel driver
[    1.355426] tegra-ehci: Tegra EHCI driver
[    1.359760] tegra-ehci 7d004000.usb: EHCI Host Controller
[    1.365194] tegra-ehci 7d004000.usb: new USB bus registered, assigned bus number 1
[    1.372931] tegra-ehci 7d004000.usb: irq 348, io mem 0x7d004000
[    1.388503] tegra-ehci 7d004000.usb: USB 2.0 started, EHCI 1.10
[    1.395260] hub 1-0:1.0: USB hub found
[    1.399072] hub 1-0:1.0: 1 port detected
[    1.403617] ohci_hcd: USB 1.1 'Open' Host Controller (OHCI) Driver
[    1.409823] ohci-pci: OHCI PCI platform driver
[    1.414340] ohci-platform: OHCI generic platform driver
[    1.419757] ohci-omap3: OHCI OMAP3 driver
[    1.423932] SPEAr-ohci: OHCI SPEAr driver
[    1.428093] ohci-st: OHCI STMicroelectronics driver
[    1.433135] ohci-atmel: OHCI Atmel driver
[    1.437412] usbcore: registered new interface driver usb-storage
[    1.444988] mousedev: PS/2 mouse device common for all mice
[    1.454508] as3722-rtc as3722-rtc: rtc core: registered as3722-rtc as rtc0
[    1.461395] as3722-rtc as3722-rtc: RTC interrupt 367
[    1.469812] tegra_rtc 7000e000.rtc: rtc core: registered 7000e000.rtc as rtc1
[    1.477004] tegra_rtc 7000e000.rtc: Tegra internal Real Time Clock
[    1.483835] i2c /dev entries driver
[    1.492298] 0-004c supply vcc not found, using dummy regulator
[    1.504271] sdhci: Secure Digital Host Controller Interface driver
[    1.510470] sdhci: Copyright(c) Pierre Ossman
[    1.516508] Synopsys Designware Multimedia Card Interface Driver
[    1.523715] sdhci-pltfm: SDHCI platform and OF driver helper
[    1.530120] sdhci-tegra 700b0400.sdhci: Got CD GPIO
[    1.535027] sdhci-tegra 700b0400.sdhci: Got WP GPIO
[    1.539961] mmc0: Unknown controller version (3). You may experience problems.
[    1.547307] as3722-regulator as3722-regulator: Failed to resolve vin-ldo1-6-supply for as3722-ldo6
[    1.556273] sdhci-tegra 700b0400.sdhci: No vmmc regulator found
[    1.562383] mmc0: Unknown controller version (3). You may experience problems.
[    1.569656] sdhci-tegra 700b0600.sdhci: No vmmc regulator found
[    1.575582] sdhci-tegra 700b0600.sdhci: No vqmmc regulator found
[    1.581589] mmc0: Invalid maximum block size, assuming 512 bytes
[    1.623498] mmc0: SDHCI controller on 700b0600.sdhci [700b0600.sdhci] using ADMA 64-bit
[    1.632887] ledtrig-cpu: registered to indicate activity on CPUs
[    1.639139] usbcore: registered new interface driver usbhid
[    1.644717] usbhid: USB HID core driver
[    1.656383] NET: Registered protocol family 17
[    1.660859] can: controller area network core (rev 20120528 abi 9)
[    1.667111] NET: Registered protocol family 29
[    1.667474] mmc0: MAN_BKOPS_EN bit is not set
[    1.670777] mmc0: new high speed MMC card at address 0001
[    1.671208] mmcblk0: mmc0:0001 SEM16G 14.6 GiB 
[    1.671336] mmcblk0boot0: mmc0:0001 SEM16G partition 1 4.00 MiB
[    1.671462] mmcblk0boot1: mmc0:0001 SEM16G partition 2 4.00 MiB
[    1.671588] mmcblk0rpmb: mmc0:0001 SEM16G partition 3 4.00 MiB
[    1.673626] Primary GPT is invalid, using alternate GPT.
[    1.673654]  mmcblk0: p1 p2 p3 p4 p5 p6 p7 p8 p9
[    1.713443] can: raw protocol (rev 20120528)
[    1.717727] can: broadcast manager protocol (rev 20120528 t)
[    1.723405] can: netlink gateway (rev 20130117) max_hops=1
[    1.729295] Key type dns_resolver registered
[    1.734187] ThumbEE CPU extension supported.
[    1.738484] Registering SWP/SWPB emulation handler
[    1.752541] tegra-pcie 1003000.pcie-controller: 2x1, 1x1 configuration
[    1.759399] +3.3V_SYS: supplied by +VDD_MUX
[    1.763704] +3.3V_LP0: supplied by +3.3V_SYS
[    1.768288] +1.35V_LP0(sd2): supplied by +5V_SYS
[    1.773021] +1.05V_RUN_AVDD: supplied by +1.35V_LP0(sd2)
[    1.779883] tegra-pcie 1003000.pcie-controller: probing port 0, using 2 lanes
[    1.789141] tegra-pcie 1003000.pcie-controller: Slot present pin change, signature: 00000008
[    2.217245] tegra-pcie 1003000.pcie-controller: link 0 down, retrying
[    2.645416] tegra-pcie 1003000.pcie-controller: link 0 down, retrying
[    3.073641] tegra-pcie 1003000.pcie-controller: link 0 down, retrying
[    3.082209] tegra-pcie 1003000.pcie-controller: link 0 down, ignoring
[    3.088703] tegra-pcie 1003000.pcie-controller: probing port 1, using 1 lanes
[    3.097954] tegra-pcie 1003000.pcie-controller: Slot present pin change, signature: 00000000
[    3.525971] tegra-pcie 1003000.pcie-controller: link 1 down, retrying
[    3.954169] tegra-pcie 1003000.pcie-controller: link 1 down, retrying
[    4.382230] tegra-pcie 1003000.pcie-controller: link 1 down, retrying
[    4.390802] tegra-pcie 1003000.pcie-controller: link 1 down, ignoring
[    4.397514] tegra-pcie 1003000.pcie-controller: PCI host bridge to bus 0000:00
[    4.404750] pci_bus 0000:00: root bus resource [mem 0x13000000-0x1fffffff]
[    4.411632] pci_bus 0000:00: root bus resource [mem 0x20000000-0x3fffffff pref]
[    4.418945] pci_bus 0000:00: root bus resource [bus 00-ff]
[    4.424438] pci_bus 0000:00: root bus resource [io  0x1000-0xffff]
[    4.430650] PCI: bus0: Fast back to back transfers enabled
[    4.436920] +5V_HDMI_CON: supplied by +5V_SYS
[    4.441434] +1.05V_RUN_AVDD_HDMI_PLL: supplied by +1.05V_RUN
[    4.447362] +3.3V_RUN: supplied by +3.3V_SYS
[    4.451740] +3.3V_AVDD_HDMI_AP_GATED: supplied by +3.3V_RUN
[    4.459629] [drm] Supports vblank timestamp caching Rev 2 (21.10.2013).
[    4.466311] [drm] No driver support for vblank timestamp query.
[    4.570810] tegra-hdmi 54280000.hdmi: cannot set audio to 44100 at 297000000 pclk
[    4.680467] Console: switching to colour frame buffer device 512x135
[    4.774755] drm drm: fb0:  frame buffer device
[    4.779207] drm drm: registered panic notifier
[    4.798616] [drm] Initialized tegra 0.0.0 20120330 on minor 0
[    4.805698] +5V_SATA: supplied by +5V_SYS
[    4.809850] +12V_SATA: supplied by +VDD_MUX
[    4.814407] tegra-ahci 70027000.sata: AHCI 0001.0301 32 slots 2 ports 3 Gbps 0x1 impl platform mode
[    4.823501] tegra-ahci 70027000.sata: flags: 64bit ncq sntf pm led pio slum part sadm sds apst 
[    4.834818] scsi host0: tegra-ahci
[    4.839543] scsi host1: tegra-ahci
[    4.843278] ata1: SATA max UDMA/133 mmio [mem 0x70027000-0x70028fff] port 0x100 irq 341
[    4.851307] ata2: DUMMY
[    4.855032] +5V_USB_HS: supplied by +5V_SYS
[    4.860671] tegra-ehci 7d008000.usb: EHCI Host Controller
[    4.866171] tegra-ehci 7d008000.usb: new USB bus registered, assigned bus number 2
[    4.874047] tegra-ehci 7d008000.usb: irq 349, io mem 0x7d008000
[    4.888600] tegra-ehci 7d008000.usb: USB 2.0 started, EHCI 1.10
[    4.895565] hub 2-0:1.0: USB hub found
[    4.899408] hub 2-0:1.0: 1 port detected
[    4.904923] cpufreq: cpufreq_add_dev: CPU0: Running at unlisted freq: 696000 KHz
[    4.912413] cpufreq: cpufreq_add_dev: CPU0: Unlisted initial frequency changed to: 714000 KHz
[    4.921722] sdhci-tegra 700b0400.sdhci: Got CD GPIO
[    4.926635] sdhci-tegra 700b0400.sdhci: Got WP GPIO
[    4.931567] mmc1: Unknown controller version (3). You may experience problems.
[    4.938888] +VDDIO_SDMMC3: supplied by +3.3V_RUN
[    4.943573] sdhci-tegra 700b0400.sdhci: No vmmc regulator found
[    4.949518] mmc1: Invalid maximum block size, assuming 512 bytes
[    4.988771] mmc1: SDHCI controller on 700b0400.sdhci [700b0400.sdhci] using ADMA 64-bit
[    4.997468] input: gpio-keys as /devices/soc0/gpio-keys/input/input0
[    5.004528] as3722-rtc as3722-rtc: setting system clock to 2000-02-01 00:00:18 UTC (949363218)
[    5.017227] +USB0_VBUS_SW: disabling
[    5.020924] +1.8V_RUN_VPP_FUSE: disabling
[    5.025123] +2.8V_RUN_CAM_AF: disabling
[    5.029141] +3.3V_RUN_TOUCH: disabling
[    5.033052] +1.05V_RUN_CAM_REAR: disabling
[    5.037257] +1.2V_RUN_CAM_FRONT: disabling
[    5.041509] +2.8V_RUN_CAM: disabling
[    5.045194] +1.8V_RUN_CAM: disabling
[    5.178633] ata1: SATA link down (SStatus 0 SControl 300)
[    5.185011] EXT4-fs (mmcblk0p1): couldn't mount as ext3 due to feature incompatibilities
[    5.193777] EXT4-fs (mmcblk0p1): couldn't mount as ext2 due to feature incompatibilities
[    5.213060] EXT4-fs (mmcblk0p1): recovery complete
[    5.217920] EXT4-fs (mmcblk0p1): mounted filesystem with ordered data mode. Opts: (null)
[    5.226063] VFS: Mounted root (ext4 filesystem) on device 179:1.
[    5.226132] usb 2-1: new high-speed USB device number 2 using tegra-ehci
[    5.241613] devtmpfs: mounted
[    5.245248] Freeing unused kernel memory: 960K (c0d1e000 - c0e0e000)
bash: cannot set terminal process group (-1): Inappropriate ioctl for device
bash: no job control in this shell
root@(none):/# 