[0000.758] [TegraBoot] (version 23.00.2015.14-mobile-1ef66670)
[0000.764] Processing in cold boot mode Bootloader 2
[0000.768] A01Q Bootrom Patch rev = 3
[0000.772] Power-up reason: pmu watchdog
[0000.775] No Battery Present
[0000.778] Platform has Ddr4 type ram
[0000.782] max77620 disabling SD1 Remote Sense
[0000.786] Setting Ddr voltage to 1125mv
[0000.790] Serial Number of Pmic Max77663: 0x40daf
[0000.798] Entering ramdump check
[0000.801] Get RamDumpCarveOut = 0x0
[0000.804] RamDumpCarveOut=0x0,  RamDumperFlag=0xe59ff3f8
[0000.809] Last reboot was clean, booting normally!
[0000.814] Sdram initialization is successful 
[0000.818] SecureOs Carveout Base=0xff800000 Size=0x00800000
[0000.823] GSC1 Carveout Base=0xff700000 Size=0x00100000
[0000.849] GSC2 Carveout Base=0xff600000 Size=0x00100000
[0000.875] GSC3 Carveout Base=0xff500000 Size=0x00100000
[0000.880] GSC4 Carveout Base=0xff400000 Size=0x00100000
[0000.885] GSC5 Carveout Base=0xff300000 Size=0x00100000
[0000.891] BpmpFw Carveout Base=0xff2c0000 Size=0x00040000
[0000.896] Lp0 Carveout Base=0xff2bf000 Size=0x00001000
[0000.911] RamDump Carveout Base=0xff23f000 Size=0x00080000
[0000.917] Platform-DebugCarveout: 0
[0000.920] Nck Carveout Base=0xff03f000 Size=0x00200000
[0000.970] Using GPT Primary to query partitions 
[0000.976] Loading Tboot-CPU binary
[0001.025] Verifying bootloader in OdmNonSecureSBK mode
[0001.035] Bootloader load address is 0xa0000000,                            entry address is 0xa0000258
[0001.044] Bootloader downloaded successfully.
[0001.048] Downloaded Tboot-CPU binary to 0xa0000258
[0001.053] MAX77620_GPIO1 Configured.
[0001.057] MAX77620_GPIO5 Configured.
[0001.060] CPU power rail is up
[0001.063] CPU clock enabled
[0001.067] Performing RAM repair
[0001.070] Updating A64 Warmreset Address to 0xa00002e9
[0001.089] Bootloader DTB Load Address: 0x83000000
[0001.106] Kernel DTB Load Address: 0x83080000
[0001.111] Loading cboot binary
[0001.206] Verifying bootloader in OdmNonSecureSBK mode
[0001.294] Bootloader load address is 0x8010fda8,                            entry address is 0x80110000
[0001.303] Bootloader downloaded successfully.
[0001.307] GPT: Partition NOT found ! 
[0001.311] Find Partition via GPT Failed
[0001.314] function NvTbootGetBinaryOffsets: 0x845208 error
[0001.320] Error in NvTbootLoadBinary: 0x845208 !
[0001.324] GPT: Partition NOT found ! 
[0001.327] No FB partition
[0001.330] Next binary entry address: 0x80110000 
[0001.334] BoardId: 2595
[0001.339] dram memory type is 3
[0001.345] WB0 init successful
[0001.372] Bpmp FW successfully loaded
[0001.375] Set NvDecSticky Bits
[0001.378] GSC1 address : ff700000
[0001.382] GSC2 address : ff600000
[0001.386] GSC3 address : ff500000
[0001.390] GSC4 address : ff400000
[0001.393] GSC5 address : ff300000
[0001.396] GSC MC Settings done
[0001.402] TOS old plaintext Image length 61440
[0001.408] *** Secure OS image signature not verified ***
[0001.413] Loading and Validation of Secure OS Successful
[0001.418] NvTbootPackSdramParams: start. 
[0001.423] NvTbootPackSdramParams: done. 
[0001.427] Tegraboot started after 751548 us
[0001.431] Basic modules init took 349903 us
[0001.435] Sec Bootdevice Read Time = 203 ms, Read Size = 8459 KB
[0001.441] Next stage binary read took 14392 us
[0001.445] Carveout took 253386 us
[0001.448] CPU initialization took 92310 us
[0001.452] Total time taken by TegraBoot 709991 us

[0001.457] Starting CPU & Halting co-processor 

64b[0001.592] LPDDR4 Training: Number of tables = 10
[0001.596] EMC Training (SRC-freq: 204000; DST-freq: 408000)
[0001.602] EMC Training Successful
[0001.605] EMC Training (SRC-freq: 204000; DST-freq: 665600)
[0001.611] EMC Training Successful
[0001.614] EMC Training (SRC-freq: 204000; DST-freq: 800000)
[0001.626] EMC Training Successful
[0001.629] EMC Training (SRC-freq: 204000; DST-freq: 1065600)
[0001.652] EMC Training Successful
[0001.655] EMC Training (SRC-freq: 204000; DST-freq: 1331200)
[0001.676] EMC Training Successful
[0001.679] EMC Training (SRC-freq: 204000; DST-freq: 1600000)
[0001.699] EMC Training Successful
[0001.702] Switching to 800000 KHz Success
[0001.735] LPDDR4 Training: Number of tables = 10


U-Boot 2015.07-rc2-g2ac3917 (Nov 09 2015 - 13:12:08 -0800)

TEGRA210
Model: NVIDIA P2371-0000
DRAM:  3 GiB
MC:   Tegra SD/MMC: 0, Tegra SD/MMC: 1
*** Warning - bad CRC, using default environment

In:    serial
Out:   serial
Err:   serial
Net:   Net Initialization Skipped
No ethernet found.
Hit any key to stop autoboot:  2  0 
Tegra210 (P2371-0000) # 
Tegra210 (P2371-0000) # ums 0 mmc 0
UMS: disk start sector: 0x0, count: 0x1d5a000
|/-\|/-\/-\|/-\/-\|/-\/-\|/-\/-\|/-\/-\|/-\/-\|/-\/-\|/-\/-\CTRL+C - Operation aborted
Tegra210 (P2371-0000) # 
Tegra210 (P2371-0000) # env set fdt_copy_node_names /cpus:/psci
Tegra210 (P2371-0000) # setenv rootpart 1
Tegra210 (P2371-0000) # setenv devtype mmc
Tegra210 (P2371-0000) # setenv devnum 0
Tegra210 (P2371-0000) # part uuid ${devtype} ${devnum}:${rootpart} uuid
Tegra210 (P2371-0000) # setenv bootargs ignore_loglevel console=ttyS0,115200n8 earlycon=uart8250,mmio32,0x70006000 rw root=PARTUUID=00000000-0001-0000-788f-a75600000000 rootwait debug earlyprintk init=/bin/bash
Tegra210 (P2371-0000) # load ${devtype} ${devnum}:${rootpart} ${kernel_addr_r} /boot/Image.defconfig
15512064 bytes read in 808 ms (18.3 MiB/s)
Tegra210 (P2371-0000) # load ${devtype} ${devnum}:${rootpart} ${fdt_addr_r} /boot/tegra210-p2371-0000.dtb
44882 bytes read in 477 ms (91.8 KiB/s)
Tegra210 (P2371-0000) # load ${devtype} ${devnum}:${rootpart} ${ramdisk_addr_r} /boot/tegra-ramdisk.img
1627787 bytes read in 495 ms (3.1 MiB/s)
Tegra210 (P2371-0000) # ramdisk_size=${filesize}
Tegra210 (P2371-0000) # booti ${kernel_addr_r} - ${fdt_addr_r}
## Flattened Device Tree blob at 82000000
   Booting using the fdt blob at 0x82000000
   Using Device Tree in place at 0000000082000000, end 000000008200df51

Starting kernel ...

[    0.000000] Booting Linux on physical CPU 0x0
[    0.000000] Linux version 4.11.0-rc2-next-20170320-277941-g4f4f972 (jonathanh@tamien) (gcc version 4.9.2 20140904 (prerelease) (crosstool-NG linaro-1.13.1-4.9-2014.09 - Linaro GCC 4.9-2014.09) ) #1 SMP PREEMPT Wed Mar 22 15:16:10 PDT 2017
[    0.000000] Boot CPU: AArch64 Processor [411fd071]
[    0.000000] debug: ignoring loglevel setting.
[    0.000000] earlycon: uart8250 at MMIO32 0x0000000070006000 (options '')
[    0.000000] bootconsole [uart8250] enabled
[    0.000000] efi: Getting EFI parameters from FDT:
[    0.000000] efi: UEFI not found.
[    0.000000] cma: Reserved 16 MiB at 0x00000000fe000000
[    0.000000] NUMA: No NUMA configuration found
[    0.000000] NUMA: Faking a node at [mem 0x0000000000000000-0x000000013fffffff]
[    0.000000] NUMA: Adding memblock [0x80000000 - 0xff1fffff] on node 0
[    0.000000] NUMA: Adding memblock [0x100000000 - 0x13fffffff] on node 0
[    0.000000] NUMA: Initmem setup node 0 [mem 0x80000000-0x13fffffff]
[    0.000000] NUMA: NODE_DATA [mem 0x13ffad200-0x13ffaecff]
[    0.000000] Zone ranges:
[    0.000000]   DMA      [mem 0x0000000080000000-0x00000000ffffffff]
[    0.000000]   Normal   [mem 0x0000000100000000-0x000000013fffffff]
[    0.000000] Movable zone start for each node
[    0.000000] Early memory node ranges
[    0.000000]   node   0: [mem 0x0000000080000000-0x00000000ff1fffff]
[    0.000000]   node   0: [mem 0x0000000100000000-0x000000013fffffff]
[    0.000000] Initmem setup node 0 [mem 0x0000000080000000-0x000000013fffffff]
[    0.000000] On node 0 totalpages: 782848
[    0.000000]   DMA zone: 8192 pages used for memmap
[    0.000000]   DMA zone: 0 pages reserved
[    0.000000]   DMA zone: 520704 pages, LIFO batch:31
[    0.000000]   Normal zone: 4096 pages used for memmap
[    0.000000]   Normal zone: 262144 pages, LIFO batch:31
[    0.000000] psci: probing for conduit method from DT.
[    0.000000] psci: PSCIv0.2 detected in firmware.
[    0.000000] psci: Using standard PSCI v0.2 function IDs
[    0.000000] psci: MIGRATE_INFO_TYPE not supported.
[    0.000000] percpu: Embedded 23 pages/cpu @ffff8000bff4e000 s56832 r8192 d29184 u94208
[    0.000000] pcpu-alloc: s56832 r8192 d29184 u94208 alloc=23*4096
[    0.000000] pcpu-alloc: [0] 0 [0] 1 [0] 2 [0] 3 
[    0.000000] Detected PIPT I-cache on CPU0
[    0.000000] CPU features: enabling workaround for ARM erratum 832075
[    0.000000] CPU features: enabling workaround for ARM erratum 834220
[    0.000000] Built 1 zonelists in Node order, mobility grouping on.  Total pages: 770560
[    0.000000] Policy zone: Normal
[    0.000000] Kernel command line: ignore_loglevel console=ttyS0,115200n8 earlycon=uart8250,mmio32,0x70006000 rw root=PARTUUID=00000000-0001-0000-788f-a75600000000 rootwait debug earlyprintk init=/bin/bash
[    0.000000] PID hash table entries: 4096 (order: 3, 32768 bytes)
[    0.000000] software IO TLB [mem 0xfa000000-0xfe000000] (64MB) mapped at [ffff80007a000000-ffff80007dffffff]
[    0.000000] Memory: 2983544K/3131392K available (8764K kernel code, 1004K rwdata, 4240K rodata, 1088K init, 397K bss, 131464K reserved, 16384K cma-reserved)
[    0.000000] Virtual kernel memory layout:
[    0.000000]     modules : 0xffff000000000000 - 0xffff000008000000   (   128 MB)
[    0.000000]     vmalloc : 0xffff000008000000 - 0xffff7dffbfff0000   (129022 GB)
[    0.000000]       .text : 0xffff000008080000 - 0xffff000008910000   (  8768 KB)
[    0.000000]     .rodata : 0xffff000008910000 - 0xffff000008d40000   (  4288 KB)
[    0.000000]       .init : 0xffff000008d40000 - 0xffff000008e50000   (  1088 KB)
[    0.000000]       .data : 0xffff000008e50000 - 0xffff000008f4b200   (  1005 KB)
[    0.000000]        .bss : 0xffff000008f4b200 - 0xffff000008fae638   (   398 KB)
[    0.000000]     fixed   : 0xffff7dfffe7fd000 - 0xffff7dfffec00000   (  4108 KB)
[    0.000000]     PCI I/O : 0xffff7dfffee00000 - 0xffff7dffffe00000   (    16 MB)
[    0.000000]     vmemmap : 0xffff7e0000000000 - 0xffff800000000000   (  2048 GB maximum)
[    0.000000]               0xffff7e0000000000 - 0xffff7e0003000000   (    48 MB actual)
[    0.000000]     memory  : 0xffff800000000000 - 0xffff8000c0000000   (  3072 MB)
[    0.000000] SLUB: HWalign=64, Order=0-3, MinObjects=0, CPUs=4, Nodes=1
[    0.000000] Preemptible hierarchical RCU implementation.
[    0.000000] 	RCU restricting CPUs from NR_CPUS=64 to nr_cpu_ids=4.
[    0.000000] RCU: Adjusting geometry for rcu_fanout_leaf=16, nr_cpu_ids=4
[    0.000000] NR_IRQS:64 nr_irqs:64 0
[    0.000000] GIC: Using split EOI/Deactivate mode
[    0.000000] /interrupt-controller@60004000: 192 interrupts forwarded to /interrupt-controller@50041000
[    0.000000] PLL_MB already enabled. Postponing set full defaults
[    0.000000] PLL_U already enabled. Postponing set full defaults
[    0.000000] PLL_P already enabled. Postponing set full defaults
[    0.000000] PLL_X already enabled. Postponing set full defaults
[    0.000000] boot misc1 0x0: expected 0x20
[    0.000000]  (comparison mask = 0xffffff)
[    0.000000] arm_arch_timer: Architected cp15 timer(s) running at 19.20MHz (phys).
[    0.000000] clocksource: arch_sys_counter: mask: 0xffffffffffffff max_cycles: 0x46d987e47, max_idle_ns: 440795202767 ns
[    0.000005] sched_clock: 56 bits at 19MHz, resolution 52ns, wraps every 4398046511078ns
[    0.008441] Console: colour dummy device 80x25
[    0.013081] Calibrating delay loop (skipped), value calculated using timer frequency.. 38.40 BogoMIPS (lpj=76800)
[    0.023707] pid_max: default: 32768 minimum: 301
[    0.028556] Security Framework initialized
[    0.035192] Dentry cache hash table entries: 524288 (order: 10, 4194304 bytes)
[    0.043879] Inode-cache hash table entries: 262144 (order: 9, 2097152 bytes)
[    0.051232] Mount-cache hash table entries: 8192 (order: 4, 65536 bytes)
[    0.058196] Mountpoint-cache hash table entries: 8192 (order: 4, 65536 bytes)
[    0.081658] ASID allocator initialised with 65536 entries
[    0.096194] Speedo Revision 4
[    0.099287] Tegra Revision: A01 SKU: 1 CPU Process: -22 SoC Process: -22
[    0.107069] EFI services will not be available.
[    0.127810] smp: Bringing up secondary CPUs ...
[    0.164646] Detected PIPT I-cache on CPU1
[    0.164690] CPU1: Booted secondary processor [411fd071]
[    0.196714] Detected PIPT I-cache on CPU2
[    0.196747] CPU2: Booted secondary processor [411fd071]
[    0.228792] Detected PIPT I-cache on CPU3
[    0.228823] CPU3: Booted secondary processor [411fd071]
[    0.228890] smp: Brought up 1 node, 4 CPUs
[    0.261746] SMP: Total of 4 processors activated.
[    0.266614] CPU features: detected feature: 32-bit EL0 Support
[    0.272688] CPU: All CPU(s) started at EL2
[    0.276939] alternatives: patching kernel code
[    0.285393] devtmpfs: initialized
[    0.296367] DMI not present or invalid.
[    0.300533] clocksource: jiffies: mask: 0xffffffff max_cycles: 0xffffffff, max_idle_ns: 7645041785100000 ns
[    0.310665] futex hash table entries: 1024 (order: 5, 131072 bytes)
[    0.317610] pinctrl core: initialized pinctrl subsystem
[    0.324442] NET: Registered protocol family 16
[    0.330746] cpuidle: using governor menu
[    0.335554] vdso: 2 pages (1 code @ ffff000008917000, 1 data @ ffff000008e55000)
[    0.343232] hw-breakpoint: found 6 breakpoint and 4 watchpoint registers.
[    0.351216] DMA: preallocated 256 KiB pool for atomic allocations
[    0.358979] Serial: AMBA PL011 UART driver
[    0.383275] HugeTLB registered 2 MB page size, pre-allocated 0 pages
[    0.390749] ACPI: Interpreter disabled.
[    0.395430] vgaarb: loaded
[    0.398458] SCSI subsystem initialized
[    0.403268] libata version 3.00 loaded.
[    0.407504] usbcore: registered new interface driver usbfs
[    0.413242] usbcore: registered new interface driver hub
[    0.418802] usbcore: registered new device driver usb
[    0.424932] pps_core: LinuxPPS API ver. 1 registered
[    0.430079] pps_core: Software ver. 5.3.6 - Copyright 2005-2007 Rodolfo Giometti <giometti@linux.it>
[    0.439542] PTP clock support registered
[    0.443733] dmi: Firmware registration failed.
[    0.448490] Advanced Linux Sound Architecture Driver Initialized.
[    0.455439] clocksource: Switched to clocksource arch_sys_counter
[    0.461863] VFS: Disk quotas dquot_6.6.0
[    0.465987] VFS: Dquot-cache hash table entries: 512 (order 0, 4096 bytes)
[    0.473286] pnp: PnP ACPI: disabled
[    0.483960] NET: Registered protocol family 2
[    0.488975] TCP established hash table entries: 32768 (order: 6, 262144 bytes)
[    0.496740] TCP bind hash table entries: 32768 (order: 7, 524288 bytes)
[    0.503852] TCP: Hash tables configured (established 32768 bind 32768)
[    0.510739] UDP hash table entries: 2048 (order: 4, 65536 bytes)
[    0.517025] UDP-Lite hash table entries: 2048 (order: 4, 65536 bytes)
[    0.523857] NET: Registered protocol family 1
[    0.528697] RPC: Registered named UNIX socket transport module.
[    0.534871] RPC: Registered udp transport module.
[    0.539767] RPC: Registered tcp transport module.
[    0.544641] RPC: Registered tcp NFSv4.1 backchannel transport module.
[    0.551319] PCI: CLS 0 bytes, default 128
[    0.556088] kvm [1]: 8-bit VMID
[    0.559333] kvm [1]: IDMAP page: 808f9000
[    0.563494] kvm [1]: HYP VA range: 800000000000:ffffffffffff
[    0.570174] kvm [1]: Hyp mode initialized successfully
[    0.575542] kvm [1]: vgic-v2@50044000
[    0.579418] kvm [1]: vgic interrupt IRQ1
[    0.583509] kvm [1]: virtual timer IRQ4
[    0.589653] audit: initializing netlink subsys (disabled)
[    0.595380] audit: type=2000 audit(0.523:1): state=initialized audit_enabled=0 res=1
[    0.595633] workingset: timestamp_bits=44 max_order=20 bucket_order=0
[    0.602435] squashfs: version 4.0 (2009/01/31) Phillip Lougher
[    0.603015] NFS: Registering the id_resolver key type
[    0.603034] Key type id_resolver registered
[    0.603037] Key type id_legacy registered
[    0.603049] nfs4filelayout_init: NFSv4 File Layout Driver Registering...
[    0.603180] 9p: Installing v9fs 9p2000 file system support
[    0.605422] Block layer SCSI generic (bsg) driver version 0.4 loaded (major 247)
[    0.605428] io scheduler noop registered
[    0.605619] io scheduler cfq registered (default)
[    0.605623] io scheduler mq-deadline registered
[    0.621903] tegra-apbdma 60020000.dma: Tegra20 APB DMA driver register 32 channels
[    0.623001] tegra-pmc 7000e400.pmc: i2c-thermtrip node not found, emergency thermal reset disabled.
[    0.623247] xenfs: not registering filesystem on non-xen platform
[    0.626999] Serial: 8250/16550 driver, 4 ports, IRQ sharing enabled
[    0.628539] console [ttyS0] disabled
[    0.697680] 70006000.serial: ttyS0 at MMIO 0x70006000 (irq = 312, base_baud = 25500000) is a Tegra
[    0.707016] console [ttyS0] enabled
[    0.707016] console [ttyS0] enabled
[    0.714110] bootconsole [uart8250] disabled
[    0.714110] bootconsole [uart8250] disabled
[    0.722971] SuperH (H)SCI(F) driver initialized
[    0.727763] msm_serial: driver initialized
[    0.732215] cacheinfo: Unable to detect cache hierarchy for CPU 0
[    0.744342] loop: module loaded
[    0.748079] hisi_sas: driver version v1.6
[    0.753901] libphy: Fixed MDIO Bus: probed
[    0.758445] tun: Universal TUN/TAP device driver, 1.6
[    0.764210] e1000e: Intel(R) PRO/1000 Network Driver - 3.2.6-k
[    0.770098] e1000e: Copyright(c) 1999 - 2015 Intel Corporation.
[    0.776074] igb: Intel(R) Gigabit Ethernet Network Driver - version 5.4.0-k
[    0.783040] igb: Copyright (c) 2007-2014 Intel Corporation.
[    0.788656] igbvf: Intel(R) Gigabit Virtual Function Network Driver - version 2.4.0-k
[    0.796490] igbvf: Copyright (c) 2009 - 2012 Intel Corporation.
[    0.802580] sky2: driver version 1.30
[    0.806616] VFIO - User Level meta-driver version: 0.3
[    0.812599] ehci_hcd: USB 2.0 'Enhanced' Host Controller (EHCI) Driver
[    0.819134] ehci-pci: EHCI PCI platform driver
[    0.823618] ehci-platform: EHCI generic platform driver
[    0.828920] ehci-orion: EHCI orion driver
[    0.833001] ehci-exynos: EHCI EXYNOS driver
[    0.837245] ehci-msm: Qualcomm On-Chip EHCI Host Controller
[    0.842880] ohci_hcd: USB 1.1 'Open' Host Controller (OHCI) Driver
[    0.849067] ohci-pci: OHCI PCI platform driver
[    0.853558] ohci-platform: OHCI generic platform driver
[    0.858848] ohci-exynos: OHCI EXYNOS driver
[    0.863355] usbcore: registered new interface driver usb-storage
[    0.870759] tegra_rtc 7000e000.rtc: rtc core: registered 7000e000.rtc as rtc1
[    0.877945] tegra_rtc 7000e000.rtc: Tegra internal Real Time Clock
[    0.884227] i2c /dev entries driver
[    0.889559] sdhci: Secure Digital Host Controller Interface driver
[    0.895766] sdhci: Copyright(c) Pierre Ossman
[    0.900316] Synopsys Designware Multimedia Card Interface Driver
[    0.906810] sdhci-pltfm: SDHCI platform and OF driver helper
[    0.920797] mmc0: Unknown controller version (3). You may experience problems.
[    0.971500] mmc0: SDHCI controller on 700b0600.sdhci [700b0600.sdhci] using ADMA 64-bit
[    0.985305] ledtrig-cpu: registered to indicate activity on CPUs
[    0.992380] usbcore: registered new interface driver usbhid
[    0.997979] usbhid: USB HID core driver
[    1.003340] NET: Registered protocol family 17
[    1.008928] 9pnet: Installing 9P2000 support
[    1.015519] Key type dns_resolver registered
[    1.020411] registered taskstats version 1
[    1.032024] hctosys: unable to open rtc device (rtc0)
[    1.037593] ALSA device list:
[    1.040573]   No soundcards found.
[    1.044211] Waiting for root device PARTUUID=00000000-0001-0000-788f-a75600000000...
[    1.069977] mmc0: new high speed MMC card at address 0001
[    1.075810] mmcblk0: mmc0:0001 SDW16G 14.7 GiB 
[    1.084551] mmcblk0boot0: mmc0:0001 SDW16G partition 1 4.00 MiB
[    1.094682] mmcblk0boot1: mmc0:0001 SDW16G partition 2 4.00 MiB
[    1.104795] mmcblk0rpmb: mmc0:0001 SDW16G partition 3 4.00 MiB
[    1.137588]  mmcblk0: p1 p2 p3 p4 p5 p6 p7 p8 p9 p10 p11 p12 p13 p14 p15 p16 p17 p18
[    1.153817] EXT4-fs (mmcblk0p1): couldn't mount as ext3 due to feature incompatibilities
[    1.177980] EXT4-fs (mmcblk0p1): mounted filesystem with ordered data mode. Opts: (null)
[    1.186106] VFS: Mounted root (ext4 filesystem) on device 179:1.
[    1.197220] devtmpfs: mounted
[    1.200794] Freeing unused kernel memory: 1088K
bash: cannot set terminal process group (-1): Inappropriate ioctl for device
bash: no job contr[    1.358777] random: fast init done
ol in this shell
root@(none):/# 