
U-Boot SPL 2014.01-00219-gc4d376f (Feb 18 2014 - 19:57:32)


U-Boot 2014.01-00219-gc4d376f (Feb 18 2014 - 19:57:32)

TEGRA114
Board: NVIDIA Dalmore
I2C:   ready
DRAM:  2 GiB
MMC:   Tegra SD/MMC: 0, Tegra SD/MMC: 1
In:    serial
Out:   serial
Err:   serial
Net:   Net Initialization Skipped
No ethernet found.
Hit any key to stop autoboot:  2  1  0 
Tegra114 (Dalmore) # 
Tegra114 (Dalmore) # usb reset
(Re)start USB...
USB0:   USB EHCI 1.10
scanning bus 0 for devices... 2 USB Device(s) found
       scanning usb for storage devices... 0 Storage Device(s) found
       scanning usb for ethernet devices... 
Warning: asx0 using MAC address from net device
1 Ethernet Device(s) found
Tegra114 (Dalmore) # setenv bootargs 'ignore_loglevel console=ttyS0,115200n8 rw root=PARTUUID=7369c667-ff51-ec4a-29cd-baabf2fbe346 rootwait gpt debug earlyprintk init=/bin/bash'
Tegra114 (Dalmore) # setenv ipaddr 192.168.100.100; setenv serverip 192.168.100.1; setenv tftpserverip 192.168.100.1
Tegra114 (Dalmore) # tftpboot 0x81000000 zImage.multi_v7_defconfig
Using asx0 device
TFTP from server 192.168.100.1; our IP address is 192.168.100.100
Filename 'zImage.multi_v7_defconfig'.
Load address: 0x81000000
Loading: *#################################################################
	 #################################################################
	 #################################################################
	 #################################################################
	 #################################################################
	 #################################################################
	 #################################################################
	 #################################################################
	 ####################################
	 3.2 MiB/s
done
Bytes transferred = 8159752 (7c8208 hex)
Tegra114 (Dalmore) # tftpboot 0x82000000 tegra114-dalmore.dtb
Using asx0 device
TFTP from server 192.168.100.1; our IP address is 192.168.100.100
Filename 'tegra114-dalmore.dtb'.
Load address: 0x82000000
Loading: *###
	 2.8 MiB/s
done
Bytes transferred = 35036 (88dc hex)
Tegra114 (Dalmore) # bootz 0x81000000 - 0x82000000
Kernel image @ 0x81000000 [ 0x000000 - 0x7c8200 ]
## Flattened Device Tree blob at 82000000
   Booting using the fdt blob at 0x82000000
   Loading Device Tree to 8fff4000, end 8ffff8db ... OK

Starting kernel ...

[    0.000000] Booting Linux on physical CPU 0x0
[    0.000000] Linux version 4.13.0-next-20170908-199620-gda52d78 (jonathanh@sellafield) (gcc version 4.7.3 20130328 (prerelease) (crosstool-NG linaro-1.13.1-4.7-2013.04-20130415 - Linaro GCC 2013.04)) #1 SMP Mon Sep 11 15:35:44 PDT 2017
[    0.000000] CPU: ARMv7 Processor [412fc0f2] revision 2 (ARMv7), cr=10c5387d
[    0.000000] CPU: div instructions available: patching division code
[    0.000000] CPU: PIPT / VIPT nonaliasing data cache, PIPT instruction cache
[    0.000000] OF: fdt: Machine model: NVIDIA Tegra114 Dalmore evaluation board
[    0.000000] debug: ignoring loglevel setting.
[    0.000000] Memory policy: Data cache writealloc
[    0.000000] efi: Getting EFI parameters from FDT:
[    0.000000] efi: UEFI not found.
[    0.000000] cma: Reserved 64 MiB at 0xfb800000
[    0.000000] On node 0 totalpages: 524032
[    0.000000] free_area_init_node: node 0, pgdat c158e5c0, node_mem_map eeff8000
[    0.000000]   DMA zone: 1536 pages used for memmap
[    0.000000]   DMA zone: 0 pages reserved
[    0.000000]   DMA zone: 196608 pages, LIFO batch:31
[    0.000000]   HighMem zone: 327424 pages, LIFO batch:31
[    0.000000] random: fast init done
[    0.000000] percpu: Embedded 17 pages/cpu @eef98000 s39424 r8192 d22016 u69632
[    0.000000] pcpu-alloc: s39424 r8192 d22016 u69632 alloc=17*4096
[    0.000000] pcpu-alloc: [0] 0 [0] 1 [0] 2 [0] 3 
[    0.000000] Built 1 zonelists, mobility grouping on.  Total pages: 522496
[    0.000000] Kernel command line: ignore_loglevel console=ttyS0,115200n8 rw root=PARTUUID=7369c667-ff51-ec4a-29cd-baabf2fbe346 rootwait gpt debug earlyprintk init=/bin/bash
[    0.000000] PID hash table entries: 4096 (order: 2, 16384 bytes)
[    0.000000] Dentry cache hash table entries: 131072 (order: 7, 524288 bytes)
[    0.000000] Inode-cache hash table entries: 65536 (order: 6, 262144 bytes)
[    0.000000] Memory: 1993480K/2096128K available (10240K kernel code, 1626K rwdata, 4508K rodata, 2048K init, 405K bss, 37112K reserved, 65536K cma-reserved, 1244160K highmem)
[    0.000000] Virtual kernel memory layout:
[    0.000000]     vector  : 0xffff0000 - 0xffff1000   (   4 kB)
[    0.000000]     fixmap  : 0xffc00000 - 0xfff00000   (3072 kB)
[    0.000000]     vmalloc : 0xf0800000 - 0xff800000   ( 240 MB)
[    0.000000]     lowmem  : 0xc0000000 - 0xf0000000   ( 768 MB)
[    0.000000]     pkmap   : 0xbfe00000 - 0xc0000000   (   2 MB)
[    0.000000]     modules : 0xbf000000 - 0xbfe00000   (  14 MB)
[    0.000000]       .text : 0xc0208000 - 0xc0d00000   (11232 kB)
[    0.000000]       .init : 0xc1200000 - 0xc1400000   (2048 kB)
[    0.000000]       .data : 0xc1400000 - 0xc1596910   (1627 kB)
[    0.000000]        .bss : 0xc159fbc0 - 0xc160537c   ( 406 kB)
[    0.000000] SLUB: HWalign=64, Order=0-3, MinObjects=0, CPUs=4, Nodes=1
[    0.000000] Hierarchical RCU implementation.
[    0.000000] 	RCU event tracing is enabled.
[    0.000000] 	RCU restricting CPUs from NR_CPUS=16 to nr_cpu_ids=4.
[    0.000000] RCU: Adjusting geometry for rcu_fanout_leaf=16, nr_cpu_ids=4
[    0.000000] NR_IRQS: 16, nr_irqs: 16, preallocated irqs: 16
[    0.000000] /interrupt-controller@60004000: 160 interrupts forwarded to /interrupt-controller@50041000
[    0.000000] Tegra clk 127: register failed with -17
[    0.000009] sched_clock: 32 bits at 1000kHz, resolution 1000ns, wraps every 2147483647500ns
[    0.000028] clocksource: timer_us: mask: 0xffffffff max_cycles: 0xffffffff, max_idle_ns: 1911260446275 ns
[    0.000044] Switching to timer-based delay loop, resolution 1000ns
[    0.003185] arch_timer: cp15 timer(s) running at 12.00MHz (virt).
[    0.003205] clocksource: arch_sys_counter: mask: 0xffffffffffffff max_cycles: 0x2c47f4ee7, max_idle_ns: 440795202497 ns
[    0.003224] sched_clock: 56 bits at 12MHz, resolution 83ns, wraps every 4398046511096ns
[    0.003238] Switching to timer-based delay loop, resolution 83ns
[    0.003650] Console: colour dummy device 80x30
[    0.003686] Calibrating delay loop (skipped), value calculated using timer frequency.. 24.00 BogoMIPS (lpj=120000)
[    0.003705] pid_max: default: 32768 minimum: 301
[    0.003808] Mount-cache hash table entries: 2048 (order: 1, 8192 bytes)
[    0.003823] Mountpoint-cache hash table entries: 2048 (order: 1, 8192 bytes)
[    0.004343] CPU: Testing write buffer coherency: ok
[    0.004591] /cpus/cpu@0 missing clock-frequency property
[    0.004623] /cpus/cpu@1 missing clock-frequency property
[    0.004655] /cpus/cpu@2 missing clock-frequency property
[    0.004687] /cpus/cpu@3 missing clock-frequency property
[    0.004701] CPU0: thread -1, cpu 0, socket 0, mpidr 80000000
[    0.005008] Setting up static identity map for 0x80300000 - 0x803000a0
[    0.006247] Hierarchical SRCU implementation.
[    0.007594] Tegra Revision: A01 SKU: 0 CPU Process: 1 SoC Process: 0
[    0.008237] EFI services will not be available.
[    0.008390] smp: Bringing up secondary CPUs ...
[    0.008891] CPU1: thread -1, cpu 1, socket 0, mpidr 80000001
[    0.009462] CPU2: thread -1, cpu 2, socket 0, mpidr 80000002
[    0.010038] CPU3: thread -1, cpu 3, socket 0, mpidr 80000003
[    0.010128] smp: Brought up 1 node, 4 CPUs
[    0.010149] SMP: Total of 4 processors activated (96.00 BogoMIPS).
[    0.010159] CPU: All CPU(s) started in SVC mode.
[    0.011661] devtmpfs: initialized
[    0.020635] Built 1 zonelists, mobility grouping on.  Total pages: 514754
[    0.020978] VFP support v0.3: implementor 41 architecture 4 part 30 variant f rev 0
[    0.021317] clocksource: jiffies: mask: 0xffffffff max_cycles: 0xffffffff, max_idle_ns: 19112604462750000 ns
[    0.021337] futex hash table entries: 1024 (order: 4, 65536 bytes)
[    0.021528] pinctrl core: initialized pinctrl subsystem
[    0.022765] DMI not present or invalid.
[    0.023013] NET: Registered protocol family 16
[    0.025073] DMA: preallocated 256 KiB pool for atomic coherent allocations
[    0.027145] cpuidle: using governor menu
[    0.048658] No ATAGs?
[    0.048788] hw-breakpoint: found 5 (+1 reserved) breakpoint and 4 watchpoint registers.
[    0.048804] hw-breakpoint: maximum watchpoint size is 8 bytes.
[    0.054228] Serial: AMBA PL011 UART driver
[    0.054977] tegra-mc 70019000.memory-controller: no memory timings for RAM code 3 registered
[    0.055101] iommu: Adding device reg-dummy to group 0
[    0.055137] iommu: Adding device 50000000.host1x to group 1
[    0.055175] iommu: Adding device 54140000.gr2d to group 2
[    0.055207] iommu: Adding device 54180000.gr3d to group 3
[    0.055276] iommu: Adding device 54200000.dc to group 4
[    0.055341] iommu: Adding device 54240000.dc to group 5
[    0.055375] iommu: Adding device 54280000.hdmi to group 6
[    0.055412] iommu: Adding device 54300000.dsi to group 7
[    0.055445] iommu: Adding device 60005000.timer to group 8
[    0.055481] iommu: Adding device 60007000.flow-controller to group 9
[    0.055514] iommu: Adding device 6000a000.dma to group 10
[    0.055546] iommu: Adding device 6000c000.ahb to group 11
[    0.055578] iommu: Adding device 6000d000.gpio to group 12
[    0.055610] iommu: Adding device 70000800.apbmisc to group 13
[    0.055642] iommu: Adding device 70000868.pinmux to group 14
[    0.055674] iommu: Adding device 70006300.serial to group 15
[    0.055705] iommu: Adding device 7000a000.pwm to group 16
[    0.055742] iommu: Adding device 7000c000.i2c to group 17
[    0.055777] iommu: Adding device 7000c700.i2c to group 18
[    0.055810] iommu: Adding device 7000d000.i2c to group 19
[    0.055841] iommu: Adding device 7000da00.spi to group 20
[    0.055872] iommu: Adding device 7000e000.rtc to group 21
[    0.055904] iommu: Adding device 7000e400.pmc to group 22
[    0.055935] iommu: Adding device 7000f800.fuse to group 23
[    0.055968] iommu: Adding device 70019000.memory-controller to group 24
[    0.056001] iommu: Adding device 70080000.ahub to group 25
[    0.056036] iommu: Adding device 700e3000.mipi to group 26
[    0.056071] iommu: Adding device 78000400.sdhci to group 27
[    0.056108] iommu: Adding device 78000600.sdhci to group 28
[    0.056140] iommu: Adding device 7d000000.usb to group 29
[    0.056173] iommu: Adding device 7d000000.usb-phy to group 30
[    0.056207] iommu: Adding device 7d008000.usb to group 31
[    0.056239] iommu: Adding device 7d008000.usb-phy to group 32
[    0.056271] iommu: Adding device timer to group 33
[    0.056306] iommu: Adding device backlight to group 34
[    0.056337] iommu: Adding device clocks to group 35
[    0.056368] iommu: Adding device gpio-keys to group 36
[    0.056399] iommu: Adding device regulators to group 37
[    0.056432] iommu: Adding device regulators:regulator@0 to group 38
[    0.056468] iommu: Adding device regulators:regulator@1 to group 39
[    0.056500] iommu: Adding device regulators:regulator@3 to group 40
[    0.056532] iommu: Adding device regulators:regulator@4 to group 41
[    0.056565] iommu: Adding device regulators:regulator@5 to group 42
[    0.056602] iommu: Adding device regulators:regulator@6 to group 43
[    0.056635] iommu: Adding device regulators:regulator@7 to group 44
[    0.056667] iommu: Adding device sound to group 45
[    0.070417] AT91: Could not find identification node
[    0.070892] dvdd_ts: Failed to request enable GPIO61: -517
[    0.070913] reg-fixed-voltage regulators:regulator@1: Failed to register regulator: -517
[    0.071020] usb1_vbus: Failed to request enable GPIO108: -517
[    0.071036] reg-fixed-voltage regulators:regulator@3: Failed to register regulator: -517
[    0.071136] usb2_vbus: Failed to request enable GPIO86: -517
[    0.071150] reg-fixed-voltage regulators:regulator@4: Failed to register regulator: -517
[    0.071574] VDD_5V0_HDMI_CON: Failed to request enable GPIO81: -517
[    0.071589] reg-fixed-voltage regulators:regulator@7: Failed to register regulator: -517
[    0.073998] vgaarb: loaded
[    0.074681] SCSI subsystem initialized
[    0.074856] libata version 3.00 loaded.
[    0.075047] usbcore: registered new interface driver usbfs
[    0.075100] usbcore: registered new interface driver hub
[    0.075173] usbcore: registered new device driver usb
[    0.078389] tps65090 2-0048: No cache defaults, reading back from HW
[    0.079390] iommu: Adding device tps65090-pmic to group 46
[    0.080328] TPS65090_RAILSDCDC1: supplied by vdd_ac_bat
[    0.081378] TPS65090_RAILSDCDC2: supplied by vdd_ac_bat
[    0.082416] TPS65090_RAILSDCDC3: supplied by vdd_ac_bat
[    0.082922] TPS65090_RAILSFET1: supplied by vdd_ac_bat
[    0.083317] TPS65090_RAILSFET2: supplied by vdd_ac_bat
[    0.083659] TPS65090_RAILSFET3: supplied by vdd-sys-3v3
[    0.084170] TPS65090_RAILSFET4: supplied by vdd-sys-3v3
[    0.084687] TPS65090_RAILSFET5: supplied by vdd-sys-3v3
[    0.085189] TPS65090_RAILSFET6: supplied by vdd-sys-3v3
[    0.086017] TPS65090_RAILSFET7: supplied by vdd-sys-3v3
[    0.086531] TPS65090_RAILSLDO1: supplied by vdd_ac_bat
[    0.086720] TPS65090_RAILSLDO2: supplied by vdd_ac_bat
[    0.087040] iommu: Adding device tps65090-charger to group 47
[    0.087639] palmas 2-0058: Irq flag is 0x00000004
[    0.089576] palmas 2-0058: Muxing GPIO ff, PWM 0, LED 0
[    0.089814] iommu: Adding device 7000d000.i2c:tps65913@58:gpio to group 48
[    0.090336] iommu: Adding device 7000d000.i2c:tps65913@58:pmic to group 49
[    0.092125] SMPS12: supplied by vdd-ao
[    0.093115] vdd_hdmi_5v0: supplied by vdd-sys-5v0
[    0.093923] SMPS3: supplied by vdd-ao
[    0.095637] SMPS457: supplied by vdd-sys-3v3
[    0.097250] SMPS6: supplied by regulator-dummy
[    0.098641] SMPS8: supplied by vdd-sys-3v3
[    0.100206] SMPS9: supplied by vdd-sys-3v3
[    0.100724] sdhci-vdd-sd-slot: Bringing 2840000uV into 2800000-2800000uV
[    0.102094] SMPS10_OUT2: supplied by regulator-dummy
[    0.102911] SMPS10_OUT1: supplied by regulator-dummy
[    0.103818] LDO1: supplied by vdd-sys-3v3
[    0.104916] LDO2: supplied by vdd-sys-3v3
[    0.106030] LDO3: supplied by vddio-1v8
[    0.107121] LDO4: supplied by vdd-sys-3v3
[    0.108215] LDO5: supplied by vdd_ac_bat
[    0.108895] LDO6: supplied by vdd-sys-3v3
[    0.109407] vdd-sensor-2v85: Bringing 2900000uV into 2850000-2850000uV
[    0.110717] LDO7: supplied by vdd-sys-3v3
[    0.112330] LDO8: supplied by vdd-ao
[    0.112856] vdd-rtc: Bringing 675000uV into 900000-900000uV
[    0.123916] LDO9: supplied by sdhci-vdd-sd-slot
[    0.134241] LDOLN: supplied by vdd-sys-5v0
[    0.135348] LDOUSB: supplied by vdd-sys-5v0
[    0.145681] iommu: Adding device 7000d000.i2c:tps65913@58:rtc to group 50
[    0.146089] iommu: Adding device 7000d000.i2c:tps65913@58:pinmux to group 51
[    0.146653] pps_core: LinuxPPS API ver. 1 registered
[    0.146663] pps_core: Software ver. 5.3.6 - Copyright 2005-2007 Rodolfo Giometti <giometti@linux.it>
[    0.146685] PTP clock support registered
[    0.146866] EDAC MC: Ver: 3.0.0
[    0.147143] dmi: Firmware registration failed.
[    0.148891] clocksource: Switched to clocksource arch_sys_counter
[    0.205234] NET: Registered protocol family 2
[    0.205732] TCP established hash table entries: 8192 (order: 3, 32768 bytes)
[    0.205831] TCP bind hash table entries: 8192 (order: 4, 65536 bytes)
[    0.206019] TCP: Hash tables configured (established 8192 bind 8192)
[    0.206104] UDP hash table entries: 512 (order: 2, 16384 bytes)
[    0.206148] UDP-Lite hash table entries: 512 (order: 2, 16384 bytes)
[    0.206299] NET: Registered protocol family 1
[    0.206641] RPC: Registered named UNIX socket transport module.
[    0.206652] RPC: Registered udp transport module.
[    0.206662] RPC: Registered tcp transport module.
[    0.206671] RPC: Registered tcp NFSv4.1 backchannel transport module.
[    0.206684] PCI: CLS 0 bytes, default 64
[    0.208123] iommu: Adding device alarmtimer to group 52
[    0.208985] workingset: timestamp_bits=30 max_order=19 bucket_order=0
[    0.214835] squashfs: version 4.0 (2009/01/31) Phillip Lougher
[    0.215402] NFS: Registering the id_resolver key type
[    0.215428] Key type id_resolver registered
[    0.215438] Key type id_legacy registered
[    0.215481] ntfs: driver 2.1.32 [Flags: R/O].
[    0.216867] bounce: pool size: 64 pages
[    0.216915] Block layer SCSI generic (bsg) driver version 0.4 loaded (major 248)
[    0.216927] io scheduler noop registered
[    0.216937] io scheduler deadline registered
[    0.217148] io scheduler cfq registered (default)
[    0.217158] io scheduler mq-deadline registered
[    0.217168] io scheduler kyber registered
[    0.248167] tegra-apbdma 6000a000.dma: Tegra20 APB DMA driver register 32 channels
[    0.250888] tegra-pmc 7000e400.pmc: i2c-thermtrip node not found, emergency thermal reset disabled.
[    0.302632] Serial: 8250/16550 driver, 4 ports, IRQ sharing disabled
[    0.302734] iommu: Adding device serial8250 to group 53
[    0.305308] console [ttyS0] disabled
[    0.305350] 70006300.serial: ttyS0 at MMIO 0x70006300 (irq = 329, base_baud = 25500000) is a Tegra
[    1.628189] console [ttyS0] enabled
[    1.632455] SuperH (H)SCI(F) driver initialized
[    1.637947] msm_serial: driver initialized
[    1.642235] STMicroelectronics ASC driver initialized
[    1.653126] tegra-hdmi 54280000.hdmi: failed to get HDMI regulator
[    1.674863] brd: module loaded
[    1.684125] loop: module loaded
[    1.704271] m25p80 spi0.0: w25q32dw (4096 Kbytes)
[    1.711147] iommu: Adding device Fixed MDIO bus.0 to group 54
[    1.717311] libphy: Fixed MDIO Bus: probed
[    1.722444] CAN device driver interface
[    1.727087] bgmac_bcma: Broadcom 47xx GBit MAC driver loaded
[    1.733953] e1000e: Intel(R) PRO/1000 Network Driver - 3.2.6-k
[    1.739796] e1000e: Copyright(c) 1999 - 2015 Intel Corporation.
[    1.745757] igb: Intel(R) Gigabit Ethernet Network Driver - version 5.4.0-k
[    1.752722] igb: Copyright (c) 2007-2014 Intel Corporation.
[    1.761622] pegasus: v0.9.3 (2013/04/25), Pegasus/Pegasus II USB Ethernet driver
[    1.769072] usbcore: registered new interface driver pegasus
[    1.774766] usbcore: registered new interface driver asix
[    1.780210] usbcore: registered new interface driver ax88179_178a
[    1.786323] usbcore: registered new interface driver cdc_ether
[    1.792202] usbcore: registered new interface driver smsc75xx
[    1.797979] usbcore: registered new interface driver smsc95xx
[    1.803764] usbcore: registered new interface driver net1080
[    1.809457] usbcore: registered new interface driver cdc_subset
[    1.815399] usbcore: registered new interface driver zaurus
[    1.821026] usbcore: registered new interface driver cdc_ncm
[    1.826896] tegra-phy 7d000000.usb-phy: no vbus regulator
[    1.834259] ehci_hcd: USB 2.0 'Enhanced' Host Controller (EHCI) Driver
[    1.840801] ehci-pci: EHCI PCI platform driver
[    1.845272] ehci-platform: EHCI generic platform driver
[    1.850687] ehci-orion: EHCI orion driver
[    1.854829] SPEAr-ehci: EHCI SPEAr driver
[    1.858982] ehci-st: EHCI STMicroelectronics driver
[    1.863980] ehci-exynos: EHCI EXYNOS driver
[    1.868298] ehci-atmel: EHCI Atmel driver
[    1.872440] tegra-ehci: Tegra EHCI driver
[    1.876743] ohci_hcd: USB 1.1 'Open' Host Controller (OHCI) Driver
[    1.882944] ohci-pci: OHCI PCI platform driver
[    1.887416] ohci-platform: OHCI generic platform driver
[    1.892814] SPEAr-ohci: OHCI SPEAr driver
[    1.896944] ohci-st: OHCI STMicroelectronics driver
[    1.901964] ohci-atmel: OHCI Atmel driver
[    1.906631] usbcore: registered new interface driver usb-storage
[    1.916505] iommu: Adding device ci_hdrc.0 to group 55
[    1.930270] palmas-rtc 7000d000.i2c:tps65913@58:rtc: rtc core: registered 7000d000.i2c:tps65913@58:rtc as rtc0
[    1.942057] tegra_rtc 7000e000.rtc: rtc core: registered 7000e000.rtc as rtc1
[    1.949249] tegra_rtc 7000e000.rtc: Tegra internal Real Time Clock
[    1.955923] i2c /dev entries driver
[    1.962737] IR NEC protocol handler initialized
[    1.967262] IR RC5(x/sz) protocol handler initialized
[    1.972324] IR RC6 protocol handler initialized
[    1.976847] IR JVC protocol handler initialized
[    1.981384] IR Sony protocol handler initialized
[    1.985994] IR SANYO protocol handler initialized
[    1.990707] IR Sharp protocol handler initialized
[    1.995404] IR MCE Keyboard/mouse protocol handler initialized
[    2.001242] IR XMP protocol handler initialized
[    2.008898] sbs-battery 0-000b: sbs_probe: Failed to get device status
[    2.015433] sbs-battery: probe of 0-000b failed with error -121
[    2.031586] sdhci: Secure Digital Host Controller Interface driver
[    2.037760] sdhci: Copyright(c) Pierre Ossman
[    2.043589] Synopsys Designware Multimedia Card Interface Driver
[    2.050795] sdhci-pltfm: SDHCI platform and OF driver helper
[    2.057175] sdhci-tegra 78000400.sdhci: Got CD GPIO
[    2.062088] sdhci-tegra 78000400.sdhci: Got WP GPIO
[    2.075193] mmc0: Invalid maximum block size, assuming 512 bytes
[    2.139042] mmc0: SDHCI controller on 78000400.sdhci [78000400.sdhci] using ADMA
[    2.155705] mmc1: Invalid maximum block size, assuming 512 bytes
[    2.218936] mmc1: SDHCI controller on 78000600.sdhci [78000600.sdhci] using ADMA
[    2.228333] ledtrig-cpu: registered to indicate activity on CPUs
[    2.234642] usbcore: registered new interface driver usbhid
[    2.240227] usbhid: USB HID core driver
[    2.247858] NET: Registered protocol family 10
[    2.253119] Segment Routing with IPv6
[    2.256841] sit: IPv6, IPv4 and MPLS over IPv4 tunneling driver
[    2.263302] NET: Registered protocol family 17
[    2.267749] can: controller area network core (rev 20170425 abi 9)
[    2.274001] NET: Registered protocol family 29
[    2.278440] can: raw protocol (rev 20170425)
[    2.282729] can: broadcast manager protocol (rev 20170425 t)
[    2.288388] can: netlink gateway (rev 20170425) max_hops=1
[    2.294161] Key type dns_resolver registered
[    2.298944] ThumbEE CPU extension supported.
[    2.303216] Registering SWP/SWPB emulation handler
[    2.323795] usb1_vbus: supplied by vdd-sys-5v0
[    2.325230] mmc0: new high speed SDHC card at address aaaa
[    2.326032] mmcblk0: mmc0:aaaa SL16G 14.8 GiB 
[    2.339369] usb2_vbus: supplied by vdd-sys-5v0
[    2.346796]  mmcblk0: p1 p2 p3
[    2.347366] VDD_5V0_HDMI_CON: supplied by vdd-sys-5v0
[    2.355607] [drm] Supports vblank timestamp caching Rev 2 (21.10.2013).
[    2.362272] [drm] No driver support for vblank timestamp query.
[    2.373493] mmc1: new high speed MMC card at address 0001
[    2.379808] mmcblk1: mmc1:0001 SEM32G 29.1 GiB 
[    2.384677] mmcblk1boot0: mmc1:0001 SEM32G partition 1 4.00 MiB
[    2.390993] mmcblk1boot1: mmc1:0001 SEM32G partition 2 4.00 MiB
[    2.397137] mmcblk1rpmb: mmc1:0001 SEM32G partition 3 4.00 MiB
[    2.400723]  mmcblk1: p1 p2 p3 p4 p5 p6 p7 p8
[    2.465697] Console: switching to colour frame buffer device 240x75
[    2.515467] drm drm: fb0:  frame buffer device
[    2.520044] [drm] Initialized tegra 0.0.0 20120330 for drm on minor 0
[    2.530092] tegra-ehci 7d008000.usb: EHCI Host Controller
[    2.535511] tegra-ehci 7d008000.usb: new USB bus registered, assigned bus number 1
[    2.543365] alloc_contig_range: [fb84b, fb84c) PFNs busy
[    2.548959] alloc_contig_range: [fb850, fb851) PFNs busy
[    2.554449] alloc_contig_range: [fb851, fb852) PFNs busy
[    2.559954] alloc_contig_range: [fb852, fb853) PFNs busy
[    2.565508] alloc_contig_range: [fb853, fb854) PFNs busy
[    2.571047] alloc_contig_range: [fb854, fb855) PFNs busy
[    2.576533] alloc_contig_range: [fb855, fb856) PFNs busy
[    2.582123] alloc_contig_range: [fb856, fb857) PFNs busy
[    2.587611] alloc_contig_range: [fb857, fb858) PFNs busy
[    2.593115] alloc_contig_range: [fb858, fb859) PFNs busy
[    3.662740] tegra-ehci 7d008000.usb: irq 340, io mem 0x7d008000
[    3.689018] tegra-ehci 7d008000.usb: USB 2.0 started, EHCI 1.10
[    3.696073] hub 1-0:1.0: USB hub found
[    3.699945] hub 1-0:1.0: 1 port detected
[    3.705643] input: gpio-keys as /devices/soc0/gpio-keys/input/input0
[    3.714452] palmas-rtc 7000d000.i2c:tps65913@58:rtc: setting system clock to 2000-02-03 05:29:24 UTC (949555764)
[    3.730783] dvdd_ts: disabling
[    3.733842] usb1_vbus: disabling
[    3.737065] vdd_cam_1v8_reg: disabling
[    3.742546] EXT4-fs (mmcblk1p1): mounting ext3 file system using the ext4 subsystem
[    3.773579] EXT4-fs (mmcblk1p1): recovery complete
[    3.778382] EXT4-fs (mmcblk1p1): mounted filesystem with ordered data mode. Opts: (null)
[    3.786552] VFS: Mounted root (ext3 filesystem) on device 179:17.
[    3.795204] devtmpfs: mounted
[    3.800057] Freeing unused kernel memory: 2048K
bash: cannot set terminal process group (-1): Inappropriate ioctl for device
bash: no job control in this shell
root@(none):/# [    4.069058] usb 1-1: new high-speed USB device number 2 using tegra-ehci
[    4.753599] asix 1-1:1.0 eth0: register 'asix' at usb-7d008000.usb-1, ASIX AX88772 USB 2.0 Ethernet, 00:50:b6:0d:b5:16
mount -t sysfs none /sys
root@(none):/# 
root@(none):/# mount -t debugfs none /sys/kernel/debug
root@(none):/# 
root@(none):/# rtcwake -d rtc1 -m mem -s 3
rtcwake: assuming RTC uses UTC ...
rtcwake: wakeup from "mem" using /dev/rtc1 at Thu Jan  1 00:00:22 1970
[    7.368686] PM: suspend entry (deep)
[    7.372307] PM: Syncing filesystems ... done.
[    7.413401] Freezing user space processes ... (elapsed 0.001 seconds) done.
[    7.421668] OOM killer disabled.
[    7.424891] Freezing remaining freezable tasks ... (elapsed 0.001 seconds) done.
[    7.433661] Suspending console(s) (use no_console_suspend to debug)
[    7.496998] Disabling non-boot CPUs ...
[    7.660461] Entering suspend state LP1
[    7.660484] Enabling non-boot CPUs ...
[    7.661042] CPU1 is up
[    7.661556] CPU2 is up
[    7.662097] CPU3 is up
[    8.281543] OOM killer enabled.
[    8.284679] Restarting tasks ... done.
[    8.326309] PM: suspend exit
root@(none):/# 
root@(none):/# rtcwake -d rtc1 -m mem -s 3
rtcwake: assuming RTC uses UTC ...
rtcwake: wakeup from "mem" using /dev/rtc1 at Thu Jan  1 00:00:31 1970
[    9.413560] PM: suspend entry (deep)
[    9.417141] PM: Syncing filesystems ... done.
[    9.459581] Freezing user space processes ... (elapsed 0.001 seconds) done.
[    9.467823] OOM killer disabled.
[    9.471081] Freezing remaining freezable tasks ... (elapsed 0.001 seconds) done.
[    9.479834] Suspending console(s) (use no_console_suspend to debug)
[    9.547349] Disabling non-boot CPUs ...
[    9.720272] Entering suspend state LP1
[    9.720295] Enabling non-boot CPUs ...
[    9.720854] CPU1 is up
[    9.721377] CPU2 is up
[    9.721907] CPU3 is up
[   10.335886] OOM killer enabled.
[   10.339061] Restarting tasks ... done.
[   10.369807] PM: suspend exit
root@(none):/# 
root@(none):/# rtcwake -d rtc1 -m mem -s 3
rtcwake: assuming RTC uses UTC ...
rtcwake: wakeup from "mem" using /dev/rtc1 at Thu Jan  1 00:00:40 1970
[   11.461561] PM: suspend entry (deep)
[   11.465142] PM: Syncing filesystems ... done.
[   11.502924] Freezing user space processes ... (elapsed 0.001 seconds) done.
[   11.511211] OOM killer disabled.
[   11.514433] Freezing remaining freezable tasks ... (elapsed 0.001 seconds) done.
[   11.523191] Suspending console(s) (use no_console_suspend to debug)
[   11.587167] Disabling non-boot CPUs ...
[   11.679209] IRQ17 no longer affine to CPU2
[   11.740201] Entering suspend state LP1
[   11.740225] Enabling non-boot CPUs ...
[   11.740795] CPU1 is up
[   11.741314] CPU2 is up
[   11.741849] CPU3 is up
[   12.361874] OOM killer enabled.
[   12.365014] Restarting tasks ... done.
[   12.405442] PM: suspend exit
root@(none):/# 
root@(none):/# rtcwake -d rtc1 -m mem -s 3
rtcwake: assuming RTC uses UTC ...
rtcwake: wakeup from "mem" using /dev/rtc1 at Thu Jan  1 00:00:49 1970
[   13.449914] PM: suspend entry (deep)
[   13.453495] PM: Syncing filesystems ... done.
[   13.488668] Freezing user space processes ... (elapsed 0.001 seconds) done.
[   13.496962] OOM killer disabled.
[   13.500218] Freezing remaining freezable tasks ... (elapsed 0.001 seconds) done.
[   13.508980] Suspending console(s) (use no_console_suspend to debug)
[   13.576924] Disabling non-boot CPUs ...
[   13.750135] Entering suspend state LP1
[   13.750158] Enabling non-boot CPUs ...
[   13.750720] CPU1 is up
[   13.751236] CPU2 is up
[   13.751774] CPU3 is up
[   14.366911] OOM killer enabled.
[   14.370067] Restarting tasks ... done.
[   14.398558] PM: suspend exit
root@(none):/# 
root@(none):/# rtcwake -d rtc1 -m mem -s 3
rtcwake: assuming RTC uses UTC ...
rtcwake: wakeup from "mem" using /dev/rtc1 at Thu Jan  1 00:00:58 1970
[   15.492184] PM: suspend entry (deep)
[   15.495760] PM: Syncing filesystems ... done.
[   15.531920] Freezing user space processes ... (elapsed 0.001 seconds) done.
[   15.540203] OOM killer disabled.
[   15.543426] Freezing remaining freezable tasks ... (elapsed 0.001 seconds) done.
[   15.552179] Suspending console(s) (use no_console_suspend to debug)
[   15.616746] Disabling non-boot CPUs ...
[   15.819075] IRQ17 no longer affine to CPU3
[   15.819982] Entering suspend state LP1
[   15.820005] Enabling non-boot CPUs ...
[   15.820572] CPU1 is up
[   15.821094] CPU2 is up
[   15.821644] CPU3 is up
[   16.445482] OOM killer enabled.
[   16.448627] Restarting tasks ... done.
[   16.486344] PM: suspend exit
root@(none):/# 
root@(none):/# rtcwake -d rtc1 -m mem -s 3
rtcwake: assuming RTC uses UTC ...
rtcwake: wakeup from "mem" using /dev/rtc1 at Thu Jan  1 00:01:07 1970
[   17.561459] PM: suspend entry (deep)
[   17.565041] PM: Syncing filesystems ... done.
[   17.602941] Freezing user space processes ... (elapsed 0.001 seconds) done.
[   17.611230] OOM killer disabled.
[   17.614453] Freezing remaining freezable tasks ... (elapsed 0.001 seconds) done.
[   17.623212] Suspending console(s) (use no_console_suspend to debug)
[   17.686949] Disabling non-boot CPUs ...
[   17.849027] IRQ17 no longer affine to CPU3
[   17.850097] Entering suspend state LP1
[   17.850121] Enabling non-boot CPUs ...
[   17.850692] CPU1 is up
[   17.851213] CPU2 is up
[   17.851752] CPU3 is up
[   18.474223] OOM killer enabled.
[   18.477364] Restarting tasks ... done.
[   18.516465] PM: suspend exit
root@(none):/# 
root@(none):/# rtcwake -d rtc1 -m mem -s 3
rtcwake: assuming RTC uses UTC ...
rtcwake: wakeup from "mem" using /dev/rtc1 at Thu Jan  1 00:01:16 1970
[   19.589096] PM: suspend entry (deep)
[   19.592673] PM: Syncing filesystems ... done.
[   19.633085] Freezing user space processes ... (elapsed 0.001 seconds) done.
[   19.641381] OOM killer disabled.
[   19.644604] Freezing remaining freezable tasks ... (elapsed 0.001 seconds) done.
[   19.653378] Suspending console(s) (use no_console_suspend to debug)
[   19.716589] Disabling non-boot CPUs ...
[   19.909002] IRQ17 no longer affine to CPU3
[   19.909895] Entering suspend state LP1
[   19.909919] Enabling non-boot CPUs ...
[   19.910491] CPU1 is up
[   19.911016] CPU2 is up
[   19.911564] CPU3 is up
[   20.531502] OOM killer enabled.
[   20.534643] Restarting tasks ... done.
[   20.576293] PM: suspend exit
root@(none):/# 
root@(none):/# rtcwake -d rtc1 -m mem -s 3
rtcwake: assuming RTC uses UTC ...
rtcwake: wakeup from "mem" using /dev/rtc1 at Thu Jan  1 00:01:25 1970
[   21.652285] PM: suspend entry (deep)
[   21.655867] PM: Syncing filesystems ... done.
[   21.692818] Freezing user space processes ... (elapsed 0.001 seconds) done.
[   21.701115] OOM killer disabled.
[   21.704338] Freezing remaining freezable tasks ... (elapsed 0.001 seconds) done.
[   21.713103] Suspending console(s) (use no_console_suspend to debug)
[   21.776740] Disabling non-boot CPUs ...
[   21.959987] Entering suspend state LP1
[   21.960011] Enabling non-boot CPUs ...
[   21.960585] CPU1 is up
[   21.961108] CPU2 is up
[   21.961653] CPU3 is up
[   22.578853] OOM killer enabled.
[   22.581988] Restarting tasks ... done.
[   22.609200] PM: suspend exit
root@(none):/# 
root@(none):/# rtcwake -d rtc1 -m mem -s 3
rtcwake: assuming RTC uses UTC ...
rtcwake: wakeup from "mem" using /dev/rtc1 at Thu Jan  1 00:01:34 1970
[   23.670823] PM: suspend entry (deep)
[   23.674400] PM: Syncing filesystems ... done.
[   23.709262] Freezing user space processes ... (elapsed 0.001 seconds) done.
[   23.717535] OOM killer disabled.
[   23.720800] Freezing remaining freezable tasks ... (elapsed 0.001 seconds) done.
[   23.729546] Suspending console(s) (use no_console_suspend to debug)
[   23.796436] Disabling non-boot CPUs ...
[   23.958923] IRQ17 no longer affine to CPU3
[   23.959999] Entering suspend state LP1
[   23.960023] Enabling non-boot CPUs ...
[   23.960595] CPU1 is up
[   23.961117] CPU2 is up
[   23.961665] CPU3 is up
[   24.584261] OOM killer enabled.
[   24.587403] Restarting tasks ... done.
[   24.626270] PM: suspend exit
root@(none):/# 
root@(none):/# rtcwake -d rtc1 -m mem -s 3
rtcwake: assuming RTC uses UTC ...
rtcwake: wakeup from "mem" using /dev/rtc1 at Thu Jan  1 00:01:43 1970
[   25.701614] PM: suspend entry (deep)
[   25.705199] PM: Syncing filesystems ... done.
[   25.742893] Freezing user space processes ... (elapsed 0.001 seconds) done.
[   25.751186] OOM killer disabled.
[   25.754409] Freezing remaining freezable tasks ... (elapsed 0.001 seconds) done.
[   25.763175] Suspending console(s) (use no_console_suspend to debug)
[   25.826600] Disabling non-boot CPUs ...
[   25.988887] IRQ17 no longer affine to CPU3
[   25.989791] Entering suspend state LP1
[   25.989815] Enabling non-boot CPUs ...
[   25.990391] CPU1 is up
[   25.990916] CPU2 is up
[   25.991469] CPU3 is up
[   26.612825] OOM killer enabled.
[   26.615966] Restarting tasks ... done.
[   26.655684] PM: suspend exit
root@(none):/# 
root@(none):/# NVTB SYSTEM SUSPEND TEST COMPLETE
