
U-Boot SPL 2014.01-00219-gc4d376f (Feb 18 2014 - 19:57:18)


U-Boot 2014.01-00219-gc4d376f (Feb 18 2014 - 19:57:18)

TEGRA30
Board: NVIDIA Beaver
I2C:   ready
DRAM:  2 GiB
MMC:   Tegra SD/MMC: 0, Tegra SD/MMC: 1
In:    serial
Out:   serial
Err:   serial
Net:   Net Initialization Skipped
No ethernet found.
Hit any key to stop autoboot:  2  0 
Tegra30 (Beaver) # 
Tegra30 (Beaver) # usb reset
(Re)start USB...
USB0:   USB EHCI 1.00
scanning bus 0 for devices... 2 USB Device(s) found
       scanning usb for storage devices... 0 Storage Device(s) found
       scanning usb for ethernet devices... 
Warning: asx0 using MAC address from net device
1 Ethernet Device(s) found
Tegra30 (Beaver) # setenv bootargs 'ignore_loglevel console=ttyS0,115200n8 rw root=PARTUUID=edbe1840-3633-c751-7993-b0ac834f81e0 rootwait gpt debug noinitrd earlyprintk init=/bin/bash'
Tegra30 (Beaver) # setenv ipaddr 192.168.100.101; setenv serverip 192.168.100.1; setenv tftpserverip 192.168.100.1
Tegra30 (Beaver) # tftpboot 0x81000000 zImage.multi_v7_defconfig
Using asx0 device
TFTP from server 192.168.100.1; our IP address is 192.168.100.101
Filename 'zImage.multi_v7_defconfig'.
Load address: 0x81000000
Loading: *#################################################################
	 #################################################################
	 #################################################################
	 #################################################################
	 #################################################################
	 #################################################################
	 #################################################################
	 ######################################################
	 3.3 MiB/s
done
Bytes transferred = 7468384 (71f560 hex)
Tegra30 (Beaver) # tftpboot 0x82000000 tegra30-beaver.dtb
Using asx0 device
TFTP from server 192.168.100.1; our IP address is 192.168.100.101
Filename 'tegra30-beaver.dtb'.
Load address: 0x82000000
Loading: *####
	 3.1 MiB/s
done
Bytes transferred = 51804 (ca5c hex)
Tegra30 (Beaver) # bootz 0x81000000 - 0x82000000
Kernel image @ 0x81000000 [ 0x000000 - 0x71f560 ]
## Flattened Device Tree blob at 82000000
   Booting using the fdt blob at 0x82000000
   Loading Device Tree to 8fff0000, end 8ffffa5b ... OK

Starting kernel ...

[    0.000000] Booting Linux on physical CPU 0x0
[    0.000000] Linux version 4.10.0-rc5-next-20170125-148138-gf37208bc (pwalmsley@sellafield) (gcc version 4.7.3 20130328 (prerelease) (crosstool-NG linaro-1.13.1-4.7-2013.04-20130415 - Linaro GCC 2013.04) ) #1 SMP Thu Jan 26 06:25:24 PST 2017
[    0.000000] CPU: ARMv7 Processor [412fc099] revision 9 (ARMv7), cr=10c5387d
[    0.000000] CPU: PIPT / VIPT nonaliasing data cache, VIPT aliasing instruction cache
[    0.000000] OF: fdt:Machine model: NVIDIA Tegra30 Beaver evaluation board
[    0.000000] debug: ignoring loglevel setting.
[    0.000000] efi: Getting EFI parameters from FDT:
[    0.000000] efi: UEFI not found.
[    0.000000] cma: Reserved 64 MiB at 0xfb800000
[    0.000000] Memory policy: Data cache writealloc
[    0.000000] On node 0 totalpages: 524032
[    0.000000] free_area_init_node: node 0, pgdat c1436d40, node_mem_map eeff8000
[    0.000000]   DMA zone: 1536 pages used for memmap
[    0.000000]   DMA zone: 0 pages reserved
[    0.000000]   DMA zone: 196608 pages, LIFO batch:31
[    0.000000]   HighMem zone: 327424 pages, LIFO batch:31
[    0.000000] percpu: Embedded 16 pages/cpu @eef8c000 s34304 r8192 d23040 u65536
[    0.000000] pcpu-alloc: s34304 r8192 d23040 u65536 alloc=16*4096
[    0.000000] pcpu-alloc: [0] 0 [0] 1 [0] 2 [0] 3 
[    0.000000] Built 1 zonelists in Zone order, mobility grouping on.  Total pages: 522496
[    0.000000] Kernel command line: ignore_loglevel console=ttyS0,115200n8 rw root=PARTUUID=edbe1840-3633-c751-7993-b0ac834f81e0 rootwait gpt debug noinitrd earlyprintk init=/bin/bash
[    0.000000] PID hash table entries: 4096 (order: 2, 16384 bytes)
[    0.000000] Dentry cache hash table entries: 131072 (order: 7, 524288 bytes)
[    0.000000] Inode-cache hash table entries: 65536 (order: 6, 262144 bytes)
[    0.000000] Memory: 1994724K/2096128K available (9216K kernel code, 1250K rwdata, 4180K rodata, 2048K init, 534K bss, 35868K reserved, 65536K cma-reserved, 1244160K highmem)
[    0.000000] Virtual kernel memory layout:
[    0.000000]     vector  : 0xffff0000 - 0xffff1000   (   4 kB)
[    0.000000]     fixmap  : 0xffc00000 - 0xfff00000   (3072 kB)
[    0.000000]     vmalloc : 0xf0800000 - 0xff800000   ( 240 MB)
[    0.000000]     lowmem  : 0xc0000000 - 0xf0000000   ( 768 MB)
[    0.000000]     pkmap   : 0xbfe00000 - 0xc0000000   (   2 MB)
[    0.000000]     modules : 0xbf000000 - 0xbfe00000   (  14 MB)
[    0.000000]       .text : 0xc0208000 - 0xc0c00000   (10208 kB)
[    0.000000]       .init : 0xc1100000 - 0xc1300000   (2048 kB)
[    0.000000]       .data : 0xc1300000 - 0xc1438840   (1251 kB)
[    0.000000]        .bss : 0xc143a000 - 0xc14bfa30   ( 535 kB)
[    0.000000] SLUB: HWalign=64, Order=0-3, MinObjects=0, CPUs=4, Nodes=1
[    0.000000] Hierarchical RCU implementation.
[    0.000000] 	RCU debugfs-based tracing is enabled.
[    0.000000] 	Build-time adjustment of leaf fanout to 32.
[    0.000000] 	RCU restricting CPUs from NR_CPUS=16 to nr_cpu_ids=4.
[    0.000000] RCU: Adjusting geometry for rcu_fanout_leaf=32, nr_cpu_ids=4
[    0.000000] NR_IRQS:16 nr_irqs:16 16
[    0.000000] /interrupt-controller@60004000: 160 interrupts forwarded to /interrupt-controller@50041000
[    0.000000] L2C: platform modifies aux control register: 0x02080000 -> 0x3e480001
[    0.000000] L2C: DT/platform modifies aux control register: 0x02080000 -> 0x3e480001
[    0.000000] L2C-310 erratum 769419 enabled
[    0.000000] L2C-310 enabling early BRESP for Cortex-A9
[    0.000000] L2C-310: enabling full line of zeros but not enabled in Cortex-A9
[    0.000000] L2C-310 dynamic clock gating enabled, standby mode enabled
[    0.000000] L2C-310 cache controller enabled, 8 ways, 1024 kB
[    0.000000] L2C-310: CACHE_ID 0x410000c7, AUX_CTRL 0x4e480001
[    0.000014] sched_clock: 32 bits at 1000kHz, resolution 1000ns, wraps every 2147483647500ns
[    0.000031] clocksource: timer_us: mask: 0xffffffff max_cycles: 0xffffffff, max_idle_ns: 1911260446275 ns
[    0.000040] Switching to timer-based delay loop, resolution 1000ns
[    0.002803] Console: colour dummy device 80x30
[    0.002831] Calibrating delay loop (skipped), value calculated using timer frequency.. 2.00 BogoMIPS (lpj=10000)
[    0.002841] pid_max: default: 32768 minimum: 301
[    0.002915] Mount-cache hash table entries: 2048 (order: 1, 8192 bytes)
[    0.002922] Mountpoint-cache hash table entries: 2048 (order: 1, 8192 bytes)
[    0.003321] CPU: Testing write buffer coherency: ok
[    0.003635] CPU0: thread -1, cpu 0, socket 0, mpidr 80000000
[    0.003795] Setting up static identity map for 0x80300000 - 0x80300098
[    0.006403] Tegra Revision: A03 SKU: 128 CPU Process: 4 SoC Process: 0
[    0.006898] EFI services will not be available.
[    0.007053] smp: Bringing up secondary CPUs ...
[    0.010368] CPU1: thread -1, cpu 1, socket 0, mpidr 80000001
[    0.020331] CPU2: thread -1, cpu 2, socket 0, mpidr 80000002
[    0.030329] CPU3: thread -1, cpu 3, socket 0, mpidr 80000003
[    0.030372] smp: Brought up 1 node, 4 CPUs
[    0.030385] SMP: Total of 4 processors activated (8.00 BogoMIPS).
[    0.030391] CPU: All CPU(s) started in SVC mode.
[    0.031080] devtmpfs: initialized
[    0.039134] VFP support v0.3: implementor 41 architecture 3 part 30 variant 9 rev 4
[    0.039543] clocksource: jiffies: mask: 0xffffffff max_cycles: 0xffffffff, max_idle_ns: 19112604462750000 ns
[    0.042879] pinctrl core: initialized pinctrl subsystem
[    0.044475] NET: Registered protocol family 16
[    0.046773] DMA: preallocated 256 KiB pool for atomic coherent allocations
[    0.048433] cpuidle: using governor menu
[    0.062529] No ATAGs?
[    0.062640] hw-breakpoint: found 5 (+1 reserved) breakpoint and 1 watchpoint registers.
[    0.062650] hw-breakpoint: maximum watchpoint size is 4 bytes.
[    0.066435] Serial: AMBA PL011 UART driver
[    0.066887] tegra-mc 7000f000.memory-controller: no memory timings for RAM code 3 registered
[    0.075618] vdd_5v_sata: Failed to request enable GPIO30: -517
[    0.075631] reg-fixed-voltage regulators:regulator@3: Failed to register regulator: -517
[    0.075676] usb1_vbus: Failed to request enable GPIO238: -517
[    0.075683] reg-fixed-voltage regulators:regulator@4: Failed to register regulator: -517
[    0.075726] usb3_vbus: Failed to request enable GPIO236: -517
[    0.075733] reg-fixed-voltage regulators:regulator@5: Failed to register regulator: -517
[    0.075820] sys_3v3_pexs: Failed to request enable GPIO95: -517
[    0.075828] reg-fixed-voltage regulators:regulator@7: Failed to register regulator: -517
[    0.077675] vgaarb: loaded
[    0.078129] SCSI subsystem initialized
[    0.078243] libata version 3.00 loaded.
[    0.078380] usbcore: registered new interface driver usbfs
[    0.078425] usbcore: registered new interface driver hub
[    0.078456] usbcore: registered new device driver usb
[    0.085471] vrtc: supplied by vdd_5v_in
[    0.088765] vio: supplied by vdd_5v_in
[    0.091816] vdd1: supplied by vdd_5v_in
[    0.093180] vddio_ddr_1v2: Bringing 600000uV into 1200000-1200000uV
[    0.101835] vdd2: supplied by vdd_5v_in
[    0.121817] ldo1: supplied by vdd_1v5_gen
[    0.124202] ldo2: supplied by vdd_1v5_gen
[    0.124673] vdd_sata,avdd_plle: Bringing 1200000uV into 1050000-1050000uV
[    0.126910] ldo3: supplied by vdd_5v_in
[    0.129267] ldo4: supplied by vdd_5v_in
[    0.131822] ldo5: supplied by vdd_5v_in
[    0.141811] ldo6: supplied by vdd_1v8_gen
[    0.142281] avdd_dsi_csi,pwrdet_mipi: Bringing 1000000uV into 1200000-1200000uV
[    0.144531] ldo7: supplied by vdd_1v8_gen
[    0.151822] ldo8: supplied by vdd_1v8_gen
[    0.161906] pps_core: LinuxPPS API ver. 1 registered
[    0.161913] pps_core: Software ver. 5.3.6 - Copyright 2005-2007 Rodolfo Giometti <giometti@linux.it>
[    0.161926] PTP clock support registered
[    0.162061] EDAC MC: Ver: 3.0.0
[    0.163599] clocksource: Switched to clocksource timer_us
[    0.168876] NET: Registered protocol family 2
[    0.169254] TCP established hash table entries: 8192 (order: 3, 32768 bytes)
[    0.169309] TCP bind hash table entries: 8192 (order: 4, 65536 bytes)
[    0.169393] TCP: Hash tables configured (established 8192 bind 8192)
[    0.169507] UDP hash table entries: 512 (order: 2, 16384 bytes)
[    0.169567] UDP-Lite hash table entries: 512 (order: 2, 16384 bytes)
[    0.169728] NET: Registered protocol family 1
[    0.170031] RPC: Registered named UNIX socket transport module.
[    0.170039] RPC: Registered udp transport module.
[    0.170043] RPC: Registered tcp transport module.
[    0.170048] RPC: Registered tcp NFSv4.1 backchannel transport module.
[    0.170056] PCI: CLS 0 bytes, default 64
[    0.170852] hw perfevents: enabled with armv7_cortex_a9 PMU driver, 7 counters available
[    0.171701] futex hash table entries: 1024 (order: 4, 65536 bytes)
[    0.172164] workingset: timestamp_bits=30 max_order=19 bucket_order=0
[    0.176927] squashfs: version 4.0 (2009/01/31) Phillip Lougher
[    0.177333] NFS: Registering the id_resolver key type
[    0.177358] Key type id_resolver registered
[    0.177363] Key type id_legacy registered
[    0.177391] ntfs: driver 2.1.32 [Flags: R/O].
[    0.178414] bounce: pool size: 64 pages
[    0.178538] Block layer SCSI generic (bsg) driver version 0.4 loaded (major 248)
[    0.178546] io scheduler noop registered
[    0.178551] io scheduler deadline registered
[    0.178638] io scheduler cfq registered (default)
[    0.178644] io scheduler mq-deadline registered
[    0.184433] tegra30-pinctrl 70000868.pinmux: invalid group "sdmmc3_dat6_pd3" for function "rsvd1"
[    0.184449] tegra30-pinctrl 70000868.pinmux: invalid group "sdmmc3_dat7_pd4" for function "rsvd1"
[    0.184464] tegra30-pinctrl 70000868.pinmux: invalid group "vi_vsync_pd6" for function "rsvd1"
[    0.184473] tegra30-pinctrl 70000868.pinmux: invalid group "vi_hsync_pd7" for function "rsvd1"
[    0.184907] tegra30-pinctrl 70000868.pinmux: invalid group "hdmi_int_pn7" for function "rsvd1"
[    0.184950] tegra30-pinctrl 70000868.pinmux: invalid group "ulpi_data3_po4" for function "rsvd1"
[    0.185263] tegra30-pinctrl 70000868.pinmux: invalid group "vi_d10_pt2" for function "rsvd1"
[    0.185276] tegra30-pinctrl 70000868.pinmux: invalid group "vi_d11_pt3" for function "rsvd1"
[    0.185287] tegra30-pinctrl 70000868.pinmux: invalid group "vi_d0_pt4" for function "rsvd1"
[    0.185333] tegra30-pinctrl 70000868.pinmux: invalid group "pu0" for function "rsvd1"
[    0.185363] tegra30-pinctrl 70000868.pinmux: invalid group "pu3" for function "rsvd1"
[    0.185392] tegra30-pinctrl 70000868.pinmux: invalid group "pu6" for function "rsvd1"
[    0.185431] tegra30-pinctrl 70000868.pinmux: invalid group "pv3" for function "rsvd1"
[    0.185903] tegra30-pinctrl 70000868.pinmux: invalid group "pbb0" for function "rsvd1"
[    0.186012] tegra30-pinctrl 70000868.pinmux: invalid group "pcc1" for function "rsvd1"
[    0.191055] tegra-pcie 3000.pcie-controller: 2x3 configuration
[    0.191200] tegra-pcie 3000.pcie-controller: Failed to get supply 'hvdd-pex': -517
[    0.196297] tegra-apbdma 6000a000.dma: Tegra20 APB DMA driver register 32 channels
[    0.197406] tegra-pmc 7000e400.pmc: i2c-thermtrip node not found, emergency thermal reset disabled.
[    0.229206] Serial: 8250/16550 driver, 4 ports, IRQ sharing disabled
[    0.231353] console [ttyS0] disabled
[    0.231393] 70006000.serial: ttyS0 at MMIO 0x70006000 (irq = 331, base_baud = 25500000) is a Tegra
[    1.242098] console [ttyS0] enabled
[    1.246123] SuperH (H)SCI(F) driver initialized
[    1.251196] msm_serial: driver initialized
[    1.255413] STMicroelectronics ASC driver initialized
[    1.264423] tegra-hdmi 54280000.hdmi: failed to get HDMI regulator
[    1.278612] brd: module loaded
[    1.285616] loop: module loaded
[    1.293802] m25p80 spi32766.1: w25q32 (4096 Kbytes)
[    1.300494] libphy: Fixed MDIO Bus: probed
[    1.305226] CAN device driver interface
[    1.309572] bgmac_bcma: Broadcom 47xx GBit MAC driver loaded
[    1.315998] e1000e: Intel(R) PRO/1000 Network Driver - 3.2.6-k
[    1.321814] e1000e: Copyright(c) 1999 - 2015 Intel Corporation.
[    1.327762] igb: Intel(R) Gigabit Ethernet Network Driver - version 5.4.0-k
[    1.334714] igb: Copyright (c) 2007-2014 Intel Corporation.
[    1.342103] pegasus: v0.9.3 (2013/04/25), Pegasus/Pegasus II USB Ethernet driver
[    1.349540] usbcore: registered new interface driver pegasus
[    1.355220] usbcore: registered new interface driver asix
[    1.360629] usbcore: registered new interface driver ax88179_178a
[    1.366733] usbcore: registered new interface driver cdc_ether
[    1.372575] usbcore: registered new interface driver smsc75xx
[    1.378342] usbcore: registered new interface driver smsc95xx
[    1.384099] usbcore: registered new interface driver net1080
[    1.389760] usbcore: registered new interface driver cdc_subset
[    1.395691] usbcore: registered new interface driver zaurus
[    1.401285] usbcore: registered new interface driver cdc_ncm
[    1.408264] ehci_hcd: USB 2.0 'Enhanced' Host Controller (EHCI) Driver
[    1.414795] ehci-pci: EHCI PCI platform driver
[    1.419250] ehci-platform: EHCI generic platform driver
[    1.424584] ehci-orion: EHCI orion driver
[    1.428653] SPEAr-ehci: EHCI SPEAr driver
[    1.432719] ehci-st: EHCI STMicroelectronics driver
[    1.437667] ehci-exynos: EHCI EXYNOS driver
[    1.441921] ehci-atmel: EHCI Atmel driver
[    1.445997] tegra-ehci: Tegra EHCI driver
[    1.450280] ohci_hcd: USB 1.1 'Open' Host Controller (OHCI) Driver
[    1.456466] ohci-pci: OHCI PCI platform driver
[    1.460926] ohci-platform: OHCI generic platform driver
[    1.466241] ohci-omap3: OHCI OMAP3 driver
[    1.470314] SPEAr-ohci: OHCI SPEAr driver
[    1.474399] ohci-st: OHCI STMicroelectronics driver
[    1.479333] ohci-atmel: OHCI Atmel driver
[    1.483749] usbcore: registered new interface driver usb-storage
[    1.490642] mousedev: PS/2 mouse device common for all mice
[    1.497839] tegra_rtc 7000e000.rtc: rtc core: registered 7000e000.rtc as rtc1
[    1.505012] tegra_rtc 7000e000.rtc: Tegra internal Real Time Clock
[    1.513852] random: fast init done
[    1.527147] tps65910-rtc tps65910-rtc: rtc core: registered tps65910-rtc as rtc0
[    1.534728] i2c /dev entries driver
[    1.545629] sdhci: Secure Digital Host Controller Interface driver
[    1.551795] sdhci: Copyright(c) Pierre Ossman
[    1.557032] Synopsys Designware Multimedia Card Interface Driver
[    1.563650] sdhci-pltfm: SDHCI platform and OF driver helper
[    1.569782] sdhci-tegra 78000000.sdhci: Got CD GPIO
[    1.574672] sdhci-tegra 78000000.sdhci: Got WP GPIO
[    1.580783] mmc0: Invalid maximum block size, assuming 512 bytes
[    1.643688] mmc0: SDHCI controller on 78000000.sdhci [78000000.sdhci] using ADMA
[    1.652287] mmc1: Invalid maximum block size, assuming 512 bytes
[    1.713603] mmc1: SDHCI controller on 78000600.sdhci [78000600.sdhci] using ADMA
[    1.722223] ledtrig-cpu: registered to indicate activity on CPUs
[    1.728444] usbcore: registered new interface driver usbhid
[    1.734016] usbhid: USB HID core driver
[    1.740111] NET: Registered protocol family 10
[    1.745154] Segment Routing with IPv6
[    1.748846] sit: IPv6, IPv4 and MPLS over IPv4 tunneling driver
[    1.755191] NET: Registered protocol family 17
[    1.759628] can: controller area network core (rev 20120528 abi 9)
[    1.765850] NET: Registered protocol family 29
[    1.770282] can: raw protocol (rev 20120528)
[    1.774550] can: broadcast manager protocol (rev 20161123 t)
[    1.780197] can: netlink gateway (rev 20130117) max_hops=1
[    1.785938] Key type dns_resolver registered
[    1.790598] ThumbEE CPU extension supported.
[    1.794877] Registering SWP/SWPB emulation handler
[    1.832360] vdd_ddr: supplied by vdd_5v_in
[    1.841136] vdd_5v_sata: supplied by vdd_5v_in
[    1.845917] usb1_vbus: supplied by vdd_5v_in
[    1.850477] usb3_vbus: supplied by vdd_5v_in
[    1.857605] sys_3v3,vdd_3v3_alw: supplied by vdd_5v_in
[    1.864311] sys_3v3_pexs: supplied by sys_3v3,vdd_3v3_alw
[    1.869829] +VDD_5V_HDMI: supplied by sys_3v3,vdd_3v3_alw
[    1.875871] tegra-pcie 3000.pcie-controller: 2x3 configuration
[    1.885155] tegra-pcie 3000.pcie-controller: probing port 0, using 2 lanes
[    1.893788] mmc1: new high speed MMC card at address 0001
[    1.900811] mmcblk1: mmc1:0001 SEM16G 14.8 GiB 
[    1.906723] mmcblk1boot0: mmc1:0001 SEM16G partition 1 1.00 MiB
[    1.915588] mmcblk1boot1: mmc1:0001 SEM16G partition 2 1.00 MiB
[    1.921532] mmc0: new ultra high speed DDR50 SDHC card at address aaaa
[    1.929114] mmcblk1rpmb: mmc1:0001 SEM16G partition 3 128 KiB
[    1.935051] mmcblk0: mmc0:aaaa SS04G 3.69 GiB 
[    1.945282] Primary GPT is invalid, using alternate GPT.
[    1.950603]  mmcblk1: p1 p2 p3 p4 p5
[    1.954282] tegra-pcie 3000.pcie-controller: probing port 2, using 2 lanes
[    1.968277]  mmcblk0: p1 p2 p3
[    2.367132] tegra-pcie 3000.pcie-controller: link 2 down, retrying
[    2.777083] tegra-pcie 3000.pcie-controller: link 2 down, retrying
[    3.186227] tegra-pcie 3000.pcie-controller: link 2 down, retrying
[    3.194407] tegra-pcie 3000.pcie-controller: link 2 down, ignoring
[    3.200680] tegra-pcie 3000.pcie-controller: PCI host bridge to bus 0000:00
[    3.207645] pci_bus 0000:00: root bus resource [io  0x0000-0xffff]
[    3.213819] pci_bus 0000:00: root bus resource [mem 0x20000000-0x27ffffff]
[    3.220678] pci_bus 0000:00: root bus resource [mem 0x28000000-0x3fffffff pref]
[    3.227978] pci_bus 0000:00: root bus resource [bus 00-ff]
[    3.233475] pci 0000:00:01.0: [10de:0e1c] type 01 class 0x060400
[    3.239527] pci_bus 0000:00: 2-byte config write to 0000:00:01.0 offset 0x52 may corrupt adjacent RW1C bits
[    3.249271] pci 0000:00:01.0: PME# supported from D0 D1 D2 D3hot D3cold
[    3.255880] pci_bus 0000:00: 2-byte config write to 0000:00:01.0 offset 0x4c may corrupt adjacent RW1C bits
[    3.265755] pci_bus 0000:00: 2-byte config write to 0000:00:01.0 offset 0x3e may corrupt adjacent RW1C bits
[    3.275488] pci_bus 0000:00: 2-byte config write to 0000:00:01.0 offset 0x4 may corrupt adjacent RW1C bits
[    3.285129] pci_bus 0000:00: 1-byte config write to 0000:00:01.0 offset 0xc may corrupt adjacent RW1C bits
[    3.294766] PCI: bus0: Fast back to back transfers disabled
[    3.300326] pci 0000:00:01.0: bridge configuration invalid ([bus 00-00]), reconfiguring
[    3.308325] pci_bus 0000:00: 2-byte config write to 0000:00:01.0 offset 0x3e may corrupt adjacent RW1C bits
[    3.318054] pci_bus 0000:00: 2-byte config write to 0000:00:01.0 offset 0x3e may corrupt adjacent RW1C bits
[    3.327782] pci_bus 0000:00: 2-byte config write to 0000:00:01.0 offset 0x3e may corrupt adjacent RW1C bits
[    3.337508] pci_bus 0000:00: 2-byte config write to 0000:00:01.0 offset 0x6 may corrupt adjacent RW1C bits
[    3.347238] pci 0000:01:00.0: [10ec:8168] type 00 class 0x020000
[    3.353244] pci 0000:01:00.0: reg 0x10: [io  0x0000-0x00ff]
[    3.358829] pci 0000:01:00.0: reg 0x18: [mem 0x00000000-0x00000fff 64bit pref]
[    3.366052] pci 0000:01:00.0: reg 0x20: [mem 0x00000000-0x00003fff 64bit pref]
[    3.373288] pci_bus 0000:01: 2-byte config write to 0000:01:00.0 offset 0x52 may corrupt adjacent RW1C bits
[    3.383057] pci 0000:01:00.0: supports D1 D2
[    3.387322] pci 0000:01:00.0: PME# supported from D0 D1 D2 D3hot D3cold
[    3.423622] PCI: bus1: Fast back to back transfers disabled
[    3.429184] pci_bus 0000:01: busn_res: [bus 01-ff] end is updated to 01
[    3.435860] pci 0000:00:01.0: BAR 9: assigned [mem 0x28000000-0x280fffff 64bit pref]
[    3.443597] pci 0000:00:01.0: BAR 7: assigned [io  0x1000-0x1fff]
[    3.449680] pci 0000:01:00.0: BAR 4: assigned [mem 0x28000000-0x28003fff 64bit pref]
[    3.457425] pci 0000:01:00.0: BAR 2: assigned [mem 0x28004000-0x28004fff 64bit pref]
[    3.465169] pci 0000:01:00.0: BAR 0: assigned [io  0x1000-0x10ff]
[    3.471251] pci 0000:00:01.0: PCI bridge to [bus 01]
[    3.476210] pci 0000:00:01.0:   bridge window [io  0x1000-0x1fff]
[    3.482289] pci 0000:00:01.0:   bridge window [mem 0x28000000-0x280fffff 64bit pref]
[    3.490039] pci 0000:00:01.0: nv_msi_ht_cap_quirk didn't locate host bridge
[    3.497052] pcieport 0000:00:01.0: enabling device (0140 -> 0143)
[    3.503332] pcieport 0000:00:01.0: Signaling PME with IRQ 374
[    3.509263] r8169 Gigabit Ethernet driver 2.3LK-NAPI loaded
[    3.514847] r8169 0000:01:00.0: enabling device (0140 -> 0143)
[    3.521587] r8169 0000:01:00.0 eth0: RTL8168evl/8111evl at 0xf0afe000, 02:04:4b:01:60:a6, XID 0c900800 IRQ 375
[    3.531587] r8169 0000:01:00.0 eth0: jumbo features [frames: 9200 bytes, tx checksumming: ko]
[    3.543479] [drm] Supports vblank timestamp caching Rev 2 (21.10.2013).
[    3.550098] [drm] No driver support for vblank timestamp query.
[    3.556037] [drm] Cannot find any crtc or sizes - going 1024x768
[    3.582756] Console: switching to colour frame buffer device 128x48
[    3.595285] drm drm: fb0:  frame buffer device
[    3.599775] [drm] Initialized tegra 0.0.0 20120330 for drm on minor 0
[    3.611654] utmi_phy_clk_enable: timeout waiting for phy to stabilize
[    3.618141] tegra-ehci 7d004000.usb: EHCI Host Controller
[    3.623547] tegra-ehci 7d004000.usb: new USB bus registered, assigned bus number 1
[    3.631360] tegra-ehci 7d004000.usb: irq 343, io mem 0x7d004000
[    3.664001] tegra-ehci 7d004000.usb: USB 2.0 started, EHCI 1.00
[    3.671303] hub 1-0:1.0: USB hub found
[    3.675078] hub 1-0:1.0: 1 port detected
[    3.680150] tegra-ehci 7d008000.usb: EHCI Host Controller
[    3.685566] tegra-ehci 7d008000.usb: new USB bus registered, assigned bus number 2
[    3.693305] tegra-ehci 7d008000.usb: irq 344, io mem 0x7d008000
[    3.723995] tegra-ehci 7d008000.usb: USB 2.0 started, EHCI 1.00
[    3.731128] hub 2-0:1.0: USB hub found
[    3.734896] hub 2-0:1.0: 1 port detected
[    3.745178] tps65910-rtc tps65910-rtc: setting system clock to 2000-01-01 00:00:02 UTC (946684802)
[    3.754788] vdd_sata,avdd_plle: disabling
[    3.759528] usb1_vbus: disabling
[    3.764688] EXT4-fs (mmcblk1p1): mounting ext3 file system using the ext4 subsystem
[    3.779639] EXT4-fs (mmcblk1p1): warning: mounting fs with errors, running e2fsck is recommended
[    3.789856] EXT4-fs (mmcblk1p1): recovery complete
[    3.794658] EXT4-fs (mmcblk1p1): mounted filesystem with ordered data mode. Opts: (null)
[    3.802756] VFS: Mounted root (ext3 filesystem) on device 179:1.
[    3.812915] devtmpfs: mounted
[    3.818375] Freeing unused kernel memory: 2048K
bash: cannot set terminal process group (-1): Inappropriate ioctl for device
bash: no job control in this shell
root@(none):/# ount -t sysfs none /sys
root@(none):/# 
root@(none):/# [    4.771314] asix 2-1:1.0 eth1: register 'asix' at usb-7d008000.usb-1, ASIX AX88772 USB 2.0 Ethernet, 00:50:b6:0f:67:60
mount -t debugfs none /sys/kernel/debug
root@(none):/# 
root@(none):/# rtcwake -d rtc1 -m mem -s 3
rtcwake: wakeup from "mem" using /dev/rtc1 at Thu Jan  1 00:00:21 1970
[    6.522034] PM: Syncing filesystems ... done.
[    6.535575] Freezing user space processes ... (elapsed 0.001 seconds) done.
[    6.543683] Freezing remaining freezable tasks ... (elapsed 0.001 seconds) done.
[    6.552295] Suspending console(s) (use no_console_suspend to debug)
[    6.637227] PM: suspend of devices complete after 77.815 msecs
[    6.640112] PM: late suspend of devices complete after 2.876 msecs
[    6.664299] PM: noirq suspend of devices complete after 24.178 msecs
[    6.664302] Disabling non-boot CPUs ...
[    6.664703] IRQ17 no longer affine to CPU1
[    6.665025] CPU1: shutdown
[    6.755240] CPU2: shutdown
[    6.814959] CPU3: shutdown
[    6.864344] Entering suspend state LP1
[    6.864344] Suspended for 3.060 seconds
[    6.864356] Enabling non-boot CPUs ...
[    6.894643] CPU1 is up
[    6.934710] CPU2 is up
[    6.974792] CPU3 is up
[    6.975395] pcieport 0000:00:01.0: nv_msi_ht_cap_quirk didn't locate host bridge
[    7.003659] PM: noirq resume of devices complete after 28.859 msecs
[    7.005499] PM: early resume of devices complete after 1.451 msecs
[    7.561099] PM: resume of devices complete after 555.591 msecs
[    7.640363] Restarting tasks ... done.
root@(none):/# 
root@(none):/# rtcwake -d rtc1 -m mem -s 3
rtcwake: wakeup from "mem" using /dev/rtc1 at Thu Jan  1 00:00:26 1970
[    8.577385] PM: Syncing filesystems ... done.
[    8.590068] Freezing user space processes ... (elapsed 0.001 seconds) done.
[    8.598176] Freezing remaining freezable tasks ... (elapsed 0.001 seconds) done.
[    8.606787] Suspending console(s) (use no_console_suspend to debug)
[    8.644868] pci_generic_config_write32: 62 callbacks suppressed
[    8.644881] pci_bus 0000:00: 2-byte config write to 0000:00:01.0 offset 0x9c may corrupt adjacent RW1C bits
[    8.687914] PM: suspend of devices complete after 74.085 msecs
[    8.691206] PM: late suspend of devices complete after 3.284 msecs
[    8.691787] pci_bus 0000:01: 2-byte config write to 0000:01:00.0 offset 0x44 may corrupt adjacent RW1C bits
[    8.691801] pci_bus 0000:01: 2-byte config write to 0000:01:00.0 offset 0x44 may corrupt adjacent RW1C bits
[    8.714265] PM: noirq suspend of devices complete after 23.052 msecs
[    8.714269] Disabling non-boot CPUs ...
[    8.714923] CPU1: shutdown
[    8.774747] IRQ17 no longer affine to CPU2
[    8.774966] CPU2: shutdown
[    8.814575] CPU3: shutdown
[    8.844213] Entering suspend state LP1
[    8.844213] Suspended for 3.020 seconds
[    8.844227] Enabling non-boot CPUs ...
[    8.874822] CPU1 is up
[    8.914854] CPU2 is up
[    8.954943] CPU3 is up
[    8.955666] pci_bus 0000:00: 2-byte config write to 0000:00:01.0 offset 0x4c may corrupt adjacent RW1C bits
[    8.955688] pci_bus 0000:00: 2-byte config write to 0000:00:01.0 offset 0x88 may corrupt adjacent RW1C bits
[    8.955696] pci_bus 0000:00: 2-byte config write to 0000:00:01.0 offset 0x90 may corrupt adjacent RW1C bits
[    8.955701] pci_bus 0000:00: 2-byte config write to 0000:00:01.0 offset 0x98 may corrupt adjacent RW1C bits
[    8.955707] pci_bus 0000:00: 2-byte config write to 0000:00:01.0 offset 0x9c may corrupt adjacent RW1C bits
[    8.955728] pci_bus 0000:00: 2-byte config write to 0000:00:01.0 offset 0x52 may corrupt adjacent RW1C bits
[    8.955737] pci_bus 0000:00: 2-byte config write to 0000:00:01.0 offset 0x52 may corrupt adjacent RW1C bits
[    8.955762] pcieport 0000:00:01.0: nv_msi_ht_cap_quirk didn't locate host bridge
[    8.983635] PM: noirq resume of devices complete after 28.682 msecs
[    8.985957] PM: early resume of devices complete after 1.865 msecs
[    9.541250] PM: resume of devices complete after 555.280 msecs
[    9.723904] Restarting tasks ... done.
root@(none):/# 
root@(none):/# rtcwake -d rtc1 -m mem -s 3
rtcwake: wakeup from "mem" using /dev/rtc1 at Thu Jan  1 00:00:31 1970
[   10.521579] PM: Syncing filesystems ... done.
[   10.535659] Freezing user space processes ... (elapsed 0.001 seconds) done.
[   10.543818] Freezing remaining freezable tasks ... (elapsed 0.001 seconds) done.
[   10.552482] Suspending console(s) (use no_console_suspend to debug)
[   10.637581] PM: suspend of devices complete after 77.819 msecs
[   10.641363] PM: late suspend of devices complete after 3.769 msecs
[   10.664390] PM: noirq suspend of devices complete after 23.018 msecs
[   10.664396] Disabling non-boot CPUs ...
[   10.664806] IRQ17 no longer affine to CPU1
[   10.665223] CPU1: shutdown
[   10.715407] CPU2: shutdown
[   10.774751] CPU3: shutdown
[   10.824133] Entering suspend state LP1
[   10.824133] Suspended for 3.020 seconds
[   10.824145] Enabling non-boot CPUs ...
[   10.854784] CPU1 is up
[   10.894796] CPU2 is up
[   10.934891] CPU3 is up
[   10.935642] pcieport 0000:00:01.0: nv_msi_ht_cap_quirk didn't locate host bridge
[   10.963613] PM: noirq resume of devices complete after 28.713 msecs
[   10.965827] PM: early resume of devices complete after 1.749 msecs
[   11.525496] PM: resume of devices complete after 559.654 msecs
[   11.605016] Restarting tasks ... done.
root@(none):/# 
root@(none):/# rtcwake -d rtc1 -m mem -s 3
rtcwake: wakeup from "mem" using /dev/rtc1 at Thu Jan  1 00:00:36 1970
[   12.517143] PM: Syncing filesystems ... done.
[   12.531753] Freezing user space processes ... (elapsed 0.001 seconds) done.
[   12.539912] Freezing remaining freezable tasks ... (elapsed 0.001 seconds) done.
[   12.548594] Suspending console(s) (use no_console_suspend to debug)
[   12.638561] PM: suspend of devices complete after 82.704 msecs
[   12.641771] PM: late suspend of devices complete after 3.198 msecs
[   12.664367] PM: noirq suspend of devices complete after 22.586 msecs
[   12.664372] Disabling non-boot CPUs ...
[   12.664812] IRQ17 no longer affine to CPU1
[   12.665219] CPU1: shutdown
[   12.735161] CPU2: shutdown
[   12.794750] CPU3: shutdown
[   12.824227] Entering suspend state LP1
[   12.824227] Suspended for 2.999 seconds
[   12.824242] Enabling non-boot CPUs ...
[   12.854780] CPU1 is up
[   12.894802] CPU2 is up
[   12.934892] CPU3 is up
[   12.935640] pcieport 0000:00:01.0: nv_msi_ht_cap_quirk didn't locate host bridge
[   12.963588] PM: noirq resume of devices complete after 28.686 msecs
[   12.965384] PM: early resume of devices complete after 1.338 msecs
[   13.508071] PM: resume of devices complete after 542.673 msecs
[   13.587559] Restarting tasks ... done.
root@(none):/# 
root@(none):/# rtcwake -d rtc1 -m mem -s 3
rtcwake: wakeup from "mem" using /dev/rtc1 at Thu Jan  1 00:00:41 1970
[   14.501924] PM: Syncing filesystems ... done.
[   14.516531] Freezing user space processes ... (elapsed 0.001 seconds) done.
[   14.524685] Freezing remaining freezable tasks ... (elapsed 0.001 seconds) done.
[   14.533339] Suspending console(s) (use no_console_suspend to debug)
[   14.575190] pci_generic_config_write32: 65 callbacks suppressed
[   14.575206] pci_bus 0000:00: 2-byte config write to 0000:00:01.0 offset 0x9c may corrupt adjacent RW1C bits
[   14.619066] PM: suspend of devices complete after 78.443 msecs
[   14.621834] PM: late suspend of devices complete after 2.758 msecs
[   14.622556] pci_bus 0000:01: 2-byte config write to 0000:01:00.0 offset 0x44 may corrupt adjacent RW1C bits
[   14.622575] pci_bus 0000:01: 2-byte config write to 0000:01:00.0 offset 0x44 may corrupt adjacent RW1C bits
[   14.644346] PM: noirq suspend of devices complete after 22.501 msecs
[   14.644349] Disabling non-boot CPUs ...
[   14.644790] IRQ17 no longer affine to CPU1
[   14.645215] CPU1: shutdown
[   14.685198] CPU2: shutdown
[   14.744707] CPU3: shutdown
[   14.774189] Entering suspend state LP1
[   14.774189] Suspended for 3.050 seconds
[   14.774203] Enabling non-boot CPUs ...
[   14.804737] CPU1 is up
[   14.844774] CPU2 is up
[   14.884862] CPU3 is up
[   14.885563] pci_bus 0000:00: 2-byte config write to 0000:00:01.0 offset 0x4c may corrupt adjacent RW1C bits
[   14.885577] pci_bus 0000:00: 2-byte config write to 0000:00:01.0 offset 0x88 may corrupt adjacent RW1C bits
[   14.885586] pci_bus 0000:00: 2-byte config write to 0000:00:01.0 offset 0x90 may corrupt adjacent RW1C bits
[   14.885592] pci_bus 0000:00: 2-byte config write to 0000:00:01.0 offset 0x98 may corrupt adjacent RW1C bits
[   14.885597] pci_bus 0000:00: 2-byte config write to 0000:00:01.0 offset 0x9c may corrupt adjacent RW1C bits
[   14.885620] pci_bus 0000:00: 2-byte config write to 0000:00:01.0 offset 0x52 may corrupt adjacent RW1C bits
[   14.885628] pci_bus 0000:00: 2-byte config write to 0000:00:01.0 offset 0x52 may corrupt adjacent RW1C bits
[   14.885652] pcieport 0000:00:01.0: nv_msi_ht_cap_quirk didn't locate host bridge
[   14.913549] PM: noirq resume of devices complete after 28.677 msecs
[   14.916340] PM: early resume of devices complete after 2.336 msecs
[   15.474966] PM: resume of devices complete after 558.613 msecs
[   15.657621] Restarting tasks ... done.
root@(none):/# 
root@(none):/# rtcwake -d rtc1 -m mem -s 3
rtcwake: wakeup from "mem" using /dev/rtc1 at Thu Jan  1 00:00:46 1970
[   16.460917] PM: Syncing filesystems ... done.
[   16.475547] Freezing user space processes ... (elapsed 0.001 seconds) done.
[   16.483698] Freezing remaining freezable tasks ... (elapsed 0.001 seconds) done.
[   16.492365] Suspending console(s) (use no_console_suspend to debug)
[   16.578029] PM: suspend of devices complete after 78.372 msecs
[   16.582243] PM: late suspend of devices complete after 4.204 msecs
[   16.604322] PM: noirq suspend of devices complete after 22.069 msecs
[   16.604325] Disabling non-boot CPUs ...
[   16.604762] IRQ17 no longer affine to CPU1
[   16.605164] CPU1: shutdown
[   16.675097] CPU2: shutdown
[   16.734683] CPU3: shutdown
[   16.764176] Entering suspend state LP1
[   16.764176] Suspended for 3.009 seconds
[   16.764190] Enabling non-boot CPUs ...
[   16.794716] CPU1 is up
[   16.834738] CPU2 is up
[   16.874835] CPU3 is up
[   16.875570] pcieport 0000:00:01.0: nv_msi_ht_cap_quirk didn't locate host bridge
[   16.903525] PM: noirq resume of devices complete after 28.678 msecs
[   16.905728] PM: early resume of devices complete after 1.764 msecs
[   17.459520] PM: resume of devices complete after 553.776 msecs
[   17.539039] Restarting tasks ... done.
root@(none):/# 
root@(none):/# rtcwake -d rtc1 -m mem -s 3
rtcwake: wakeup from "mem" using /dev/rtc1 at Thu Jan  1 00:00:51 1970
[   18.450421] PM: Syncing filesystems ... done.
[   18.464526] Freezing user space processes ... (elapsed 0.001 seconds) done.
[   18.472672] Freezing remaining freezable tasks ... (elapsed 0.001 seconds) done.
[   18.481336] Suspending console(s) (use no_console_suspend to debug)
[   18.567463] PM: suspend of devices complete after 78.848 msecs
[   18.569610] PM: late suspend of devices complete after 2.135 msecs
[   18.594268] PM: noirq suspend of devices complete after 24.646 msecs
[   18.594272] Disabling non-boot CPUs ...
[   18.594718] IRQ17 no longer affine to CPU1
[   18.595130] CPU1: shutdown
[   18.665146] CPU2: shutdown
[   18.724692] CPU3: shutdown
[   18.774029] Entering suspend state LP1
[   18.774029] Suspended for 2.990 seconds
[   18.774043] Enabling non-boot CPUs ...
[   18.804643] CPU1 is up
[   18.844692] CPU2 is up
[   18.884773] CPU3 is up
[   18.885504] pcieport 0000:00:01.0: nv_msi_ht_cap_quirk didn't locate host bridge
[   18.913493] PM: noirq resume of devices complete after 28.711 msecs
[   18.915209] PM: early resume of devices complete after 1.266 msecs
[   19.475448] PM: resume of devices complete after 560.225 msecs
[   19.554974] Restarting tasks ... done.
root@(none):/# 
root@(none):/# rtcwake -d rtc1 -m mem -s 3
rtcwake: wakeup from "mem" using /dev/rtc1 at Thu Jan  1 00:00:56 1970
[   20.446045] PM: Syncing filesystems ... done.
[   20.461130] Freezing user space processes ... (elapsed 0.001 seconds) done.
[   20.469289] Freezing remaining freezable tasks ... (elapsed 0.001 seconds) done.
[   20.477967] Suspending console(s) (use no_console_suspend to debug)
[   20.525107] pci_generic_config_write32: 65 callbacks suppressed
[   20.525123] pci_bus 0000:00: 2-byte config write to 0000:00:01.0 offset 0x9c may corrupt adjacent RW1C bits
[   20.568463] PM: suspend of devices complete after 83.211 msecs
[   20.572681] PM: late suspend of devices complete after 4.205 msecs
[   20.573420] pci_bus 0000:01: 2-byte config write to 0000:01:00.0 offset 0x44 may corrupt adjacent RW1C bits
[   20.573436] pci_bus 0000:01: 2-byte config write to 0000:01:00.0 offset 0x44 may corrupt adjacent RW1C bits
[   20.604243] PM: noirq suspend of devices complete after 31.553 msecs
[   20.604246] Disabling non-boot CPUs ...
[   20.605096] CPU1: shutdown
[   20.664821] IRQ17 no longer affine to CPU2
[   20.665102] CPU2: shutdown
[   20.724620] CPU3: shutdown
[   20.754107] Entering suspend state LP1
[   20.754107] Suspended for 3.019 seconds
[   20.754122] Enabling non-boot CPUs ...
[   20.784671] CPU1 is up
[   20.824678] CPU2 is up
[   20.864775] CPU3 is up
[   20.865481] pci_bus 0000:00: 2-byte config write to 0000:00:01.0 offset 0x4c may corrupt adjacent RW1C bits
[   20.865496] pci_bus 0000:00: 2-byte config write to 0000:00:01.0 offset 0x88 may corrupt adjacent RW1C bits
[   20.865502] pci_bus 0000:00: 2-byte config write to 0000:00:01.0 offset 0x90 may corrupt adjacent RW1C bits
[   20.865507] pci_bus 0000:00: 2-byte config write to 0000:00:01.0 offset 0x98 may corrupt adjacent RW1C bits
[   20.865514] pci_bus 0000:00: 2-byte config write to 0000:00:01.0 offset 0x9c may corrupt adjacent RW1C bits
[   20.865537] pci_bus 0000:00: 2-byte config write to 0000:00:01.0 offset 0x52 may corrupt adjacent RW1C bits
[   20.865546] pci_bus 0000:00: 2-byte config write to 0000:00:01.0 offset 0x52 may corrupt adjacent RW1C bits
[   20.865569] pcieport 0000:00:01.0: nv_msi_ht_cap_quirk didn't locate host bridge
[   20.893467] PM: noirq resume of devices complete after 28.683 msecs
[   20.896233] PM: early resume of devices complete after 2.307 msecs
[   21.449842] PM: resume of devices complete after 553.594 msecs
[   21.632473] Restarting tasks ... done.
root@(none):/# 
root@(none):/# rtcwake -d rtc1 -m mem -s 3
rtcwake: wakeup from "mem" using /dev/rtc1 at Thu Jan  1 00:01:01 1970
[   22.440762] PM: Syncing filesystems ... done.
[   22.455378] Freezing user space processes ... (elapsed 0.001 seconds) done.
[   22.463538] Freezing remaining freezable tasks ... (elapsed 0.001 seconds) done.
[   22.472198] Suspending console(s) (use no_console_suspend to debug)
[   22.558428] PM: suspend of devices complete after 78.962 msecs
[   22.562647] PM: late suspend of devices complete after 4.211 msecs
[   22.594200] PM: noirq suspend of devices complete after 31.542 msecs
[   22.594205] Disabling non-boot CPUs ...
[   22.594645] IRQ17 no longer affine to CPU1
[   22.595065] CPU1: shutdown
[   22.655077] CPU2: shutdown
[   22.714604] CPU3: shutdown
[   22.744080] Entering suspend state LP1
[   22.744080] Suspended for 3.009 seconds
[   22.744092] Enabling non-boot CPUs ...
[   22.774596] CPU1 is up
[   22.814622] CPU2 is up
[   22.854737] CPU3 is up
[   22.855491] pcieport 0000:00:01.0: nv_msi_ht_cap_quirk didn't locate host bridge
[   22.883433] PM: noirq resume of devices complete after 28.683 msecs
[   22.885673] PM: early resume of devices complete after 1.773 msecs
[   23.439984] PM: resume of devices complete after 554.296 msecs
[   23.519490] Restarting tasks ... done.
root@(none):/# 
root@(none):/# rtcwake -d rtc1 -m mem -s 3
rtcwake: wakeup from "mem" using /dev/rtc1 at Thu Jan  1 00:01:06 1970
[   24.501331] PM: Syncing filesystems ... done.
[   24.515443] Freezing user space processes ... (elapsed 0.001 seconds) done.
[   24.523606] Freezing remaining freezable tasks ... (elapsed 0.001 seconds) done.
[   24.532265] Suspending console(s) (use no_console_suspend to debug)
[   24.617352] PM: suspend of devices complete after 77.796 msecs
[   24.618519] PM: late suspend of devices complete after 1.155 msecs
[   24.644165] PM: noirq suspend of devices complete after 25.636 msecs
[   24.644168] Disabling non-boot CPUs ...
[   24.645008] CPU1: shutdown
[   24.714730] IRQ17 no longer affine to CPU2
[   24.715021] CPU2: shutdown
[   24.774620] CPU3: shutdown
[   24.823917] Entering suspend state LP1
[   24.823917] Suspended for 2.920 seconds
[   24.823930] Enabling non-boot CPUs ...
[   24.854550] CPU1 is up
[   24.894606] CPU2 is up
[   24.934689] CPU3 is up
[   24.935426] pcieport 0000:00:01.0: nv_msi_ht_cap_quirk didn't locate host bridge
[   24.963400] PM: noirq resume of devices complete after 28.701 msecs
[   24.965098] PM: early resume of devices complete after 1.234 msecs
[   25.525145] PM: resume of devices complete after 560.030 msecs
[   25.604645] Restarting tasks ... done.
root@(none):/# 
root@(none):/# NVTB SYSTEM SUSPEND TEST COMPLETE
