
U-Boot SPL 2014.01-00219-gc4d376f (Feb 18 2014 - 19:57:32)


U-Boot 2014.01-00219-gc4d376f (Feb 18 2014 - 19:57:32)

TEGRA114
Board: NVIDIA Dalmore
I2C:   ready
DRAM:  2 GiB
MMC:   Tegra SD/MMC: 0, Tegra SD/MMC: 1
In:    serial
Out:   serial
Err:   serial
Net:   Net Initialization Skipped
No ethernet found.
Hit any key to stop autoboot:  2  0 
Tegra114 (Dalmore) # 
Tegra114 (Dalmore) # usb reset
(Re)start USB...
USB0:   USB EHCI 1.10
scanning bus 0 for devices... 2 USB Device(s) found
       scanning usb for storage devices... 0 Storage Device(s) found
       scanning usb for ethernet devices... 
Warning: asx0 using MAC address from net device
1 Ethernet Device(s) found
Tegra114 (Dalmore) # setenv bootargs 'ignore_loglevel console=ttyS0,115200n8 rw root=PARTUUID=7369c667-ff51-ec4a-29cd-baabf2fbe346 rootwait gpt debug earlyprintk init=/bin/bash'
Tegra114 (Dalmore) # setenv ipaddr 192.168.100.100; setenv serverip 192.168.100.1; setenv tftpserverip 192.168.100.1
Tegra114 (Dalmore) # tftpboot 0x81000000 zImage.multi_v7_defconfig
Using asx0 device
TFTP from server 192.168.100.1; our IP address is 192.168.100.100
Filename 'zImage.multi_v7_defconfig'.
Load address: 0x81000000
Loading: *#################################################################
	 #################################################################
	 #################################################################
	 #################################################################
	 #################################################################
	 #################################################################
	 #################################################################
	 #########################
	 3.2 MiB/s
done
Bytes transferred = 7043696 (6b7a70 hex)
Tegra114 (Dalmore) # tftpboot 0x82000000 tegra114-dalmore.dtb
Using asx0 device
TFTP from server 192.168.100.1; our IP address is 192.168.100.100
Filename 'tegra114-dalmore.dtb'.
Load address: 0x82000000
Loading: *###
	 2.6 MiB/s
done
Bytes transferred = 34956 (888c hex)
Tegra114 (Dalmore) # bootz 0x81000000 - 0x82000000
Kernel image @ 0x81000000 [ 0x000000 - 0x6b7a70 ]
## Flattened Device Tree blob at 82000000
   Booting using the fdt blob at 0x82000000
   Loading Device Tree to 8fff4000, end 8ffff88b ... OK

Starting kernel ...

[    0.000000] Booting Linux on physical CPU 0x0
[    0.000000] Linux version 4.6.0-rc5-next-20160428-114809-gef413b9 (pwalmsley@tamien) (gcc version 4.7.3 20130328 (prerelease) (crosstool-NG linaro-1.13.1-4.7-2013.04-20130415 - Linaro GCC 2013.04) ) #1 SMP Thu Apr 28 04:23:30 PDT 2016
[    0.000000] CPU: ARMv7 Processor [412fc0f2] revision 2 (ARMv7), cr=10c5387d
[    0.000000] CPU: div instructions available: patching division code
[    0.000000] CPU: PIPT / VIPT nonaliasing data cache, PIPT instruction cache
[    0.000000] Machine model: NVIDIA Tegra114 Dalmore evaluation board
[    0.000000] debug: ignoring loglevel setting.
[    0.000000] cma: Reserved 64 MiB at 0xfb800000
[    0.000000] Memory policy: Data cache writealloc
[    0.000000] On node 0 totalpages: 524032
[    0.000000] free_area_init_node: node 0, pgdat c1418040, node_mem_map eeff8000
[    0.000000]   DMA zone: 1536 pages used for memmap
[    0.000000]   DMA zone: 0 pages reserved
[    0.000000]   DMA zone: 196608 pages, LIFO batch:31
[    0.000000]   HighMem zone: 327424 pages, LIFO batch:31
[    0.000000] percpu: Embedded 13 pages/cpu @eef9f000 s23744 r8192 d21312 u53248
[    0.000000] pcpu-alloc: s23744 r8192 d21312 u53248 alloc=13*4096
[    0.000000] pcpu-alloc: [0] 0 [0] 1 [0] 2 [0] 3 
[    0.000000] Built 1 zonelists in Zone order, mobility grouping on.  Total pages: 522496
[    0.000000] Kernel command line: ignore_loglevel console=ttyS0,115200n8 rw root=PARTUUID=7369c667-ff51-ec4a-29cd-baabf2fbe346 rootwait gpt debug earlyprintk init=/bin/bash
[    0.000000] PID hash table entries: 4096 (order: 2, 16384 bytes)
[    0.000000] Dentry cache hash table entries: 131072 (order: 7, 524288 bytes)
[    0.000000] Inode-cache hash table entries: 65536 (order: 6, 262144 bytes)
[    0.000000] Memory: 1995132K/2096128K available (9527K kernel code, 1128K rwdata, 4184K rodata, 2048K init, 338K bss, 35460K reserved, 65536K cma-reserved, 1244160K highmem)
[    0.000000] Virtual kernel memory layout:
[    0.000000]     vector  : 0xffff0000 - 0xffff1000   (   4 kB)
[    0.000000]     fixmap  : 0xffc00000 - 0xfff00000   (3072 kB)
[    0.000000]     vmalloc : 0xf0800000 - 0xff800000   ( 240 MB)
[    0.000000]     lowmem  : 0xc0000000 - 0xf0000000   ( 768 MB)
[    0.000000]     pkmap   : 0xbfe00000 - 0xc0000000   (   2 MB)
[    0.000000]     modules : 0xbf000000 - 0xbfe00000   (  14 MB)
[    0.000000]       .text : 0xc0208000 - 0xc1063fe4   (14704 kB)
[    0.000000]       .init : 0xc1100000 - 0xc1300000   (2048 kB)
[    0.000000]       .data : 0xc1300000 - 0xc141a080   (1129 kB)
[    0.000000]        .bss : 0xc141c000 - 0xc1470a98   ( 339 kB)
[    0.000000] SLUB: HWalign=64, Order=0-3, MinObjects=0, CPUs=4, Nodes=1
[    0.000000] Hierarchical RCU implementation.
[    0.000000] 	Build-time adjustment of leaf fanout to 32.
[    0.000000] 	RCU restricting CPUs from NR_CPUS=16 to nr_cpu_ids=4.
[    0.000000] RCU: Adjusting geometry for rcu_fanout_leaf=32, nr_cpu_ids=4
[    0.000000] NR_IRQS:16 nr_irqs:16 16
[    0.000000] /interrupt-controller@60004000: 160 interrupts forwarded to /interrupt-controller@50041000
[    0.000000] Tegra clk 127: register failed with -17
[    0.000008] sched_clock: 32 bits at 1000kHz, resolution 1000ns, wraps every 2147483647500ns
[    0.000027] clocksource: timer_us: mask: 0xffffffff max_cycles: 0xffffffff, max_idle_ns: 1911260446275 ns
[    0.000042] Switching to timer-based delay loop, resolution 1000ns
[    0.003162] Architected cp15 timer(s) running at 12.00MHz (virt).
[    0.003180] clocksource: arch_sys_counter: mask: 0xffffffffffffff max_cycles: 0x2c47f4ee7, max_idle_ns: 440795202497 ns
[    0.003198] sched_clock: 56 bits at 12MHz, resolution 83ns, wraps every 4398046511096ns
[    0.003211] Switching to timer-based delay loop, resolution 83ns
[    0.003600] Console: colour dummy device 80x30
[    0.003627] Calibrating delay loop (skipped), value calculated using timer frequency.. 24.00 BogoMIPS (lpj=60000)
[    0.003641] pid_max: default: 32768 minimum: 301
[    0.003737] Mount-cache hash table entries: 2048 (order: 1, 8192 bytes)
[    0.003749] Mountpoint-cache hash table entries: 2048 (order: 1, 8192 bytes)
[    0.004370] CPU: Testing write buffer coherency: ok
[    0.004584] /cpus/cpu@0 missing clock-frequency property
[    0.004612] /cpus/cpu@1 missing clock-frequency property
[    0.004641] /cpus/cpu@2 missing clock-frequency property
[    0.004671] /cpus/cpu@3 missing clock-frequency property
[    0.004682] CPU0: thread -1, cpu 0, socket 0, mpidr 80000000
[    0.004705] Setting up static identity map for 0x80300000 - 0x80300098
[    0.007164] Tegra Revision: A01 SKU: 0 CPU Process: 1 SoC Process: 0
[    0.008582] CPU1: thread -1, cpu 1, socket 0, mpidr 80000001
[    0.009307] CPU2: thread -1, cpu 2, socket 0, mpidr 80000002
[    0.010010] CPU3: thread -1, cpu 3, socket 0, mpidr 80000003
[    0.010098] Brought up 4 CPUs
[    0.010119] SMP: Total of 4 processors activated (96.00 BogoMIPS).
[    0.010128] CPU: All CPU(s) started in SVC mode.
[    0.011610] devtmpfs: initialized
[    0.022541] VFP support v0.3: implementor 41 architecture 4 part 30 variant f rev 0
[    0.023085] clocksource: jiffies: mask: 0xffffffff max_cycles: 0xffffffff, max_idle_ns: 9556302231375000 ns
[    0.024462] pinctrl core: initialized pinctrl subsystem
[    0.026021] NET: Registered protocol family 16
[    0.028065] DMA: preallocated 256 KiB pool for atomic coherent allocations
[    0.043091] cpuidle: using governor menu
[    0.058613] No ATAGs?
[    0.058642] hw-breakpoint: found 5 (+1 reserved) breakpoint and 4 watchpoint registers.
[    0.058653] hw-breakpoint: maximum watchpoint size is 8 bytes.
[    0.063644] Serial: AMBA PL011 UART driver
[    0.065034] tegra-mc 70019000.memory-controller: no memory timings for RAM code 3 registered
[    0.092562] dvdd_ts: Failed to request enable GPIO61: -517
[    0.092579] reg-fixed-voltage regulators:regulator@1: Failed to register regulator: -517
[    0.092675] usb1_vbus: Failed to request enable GPIO108: -517
[    0.092690] reg-fixed-voltage regulators:regulator@3: Failed to register regulator: -517
[    0.092783] usb2_vbus: Failed to request enable GPIO86: -517
[    0.092798] reg-fixed-voltage regulators:regulator@4: Failed to register regulator: -517
[    0.093237] VDD_5V0_HDMI_CON: Failed to request enable GPIO81: -517
[    0.093252] reg-fixed-voltage regulators:regulator@7: Failed to register regulator: -517
[    0.096006] vgaarb: loaded
[    0.096811] SCSI subsystem initialized
[    0.096980] libata version 3.00 loaded.
[    0.097288] usbcore: registered new interface driver usbfs
[    0.097360] usbcore: registered new interface driver hub
[    0.097441] usbcore: registered new device driver usb
[    0.101093] tps65090 2-0048: No cache defaults, reading back from HW
[    0.103004] TPS65090_RAILSDCDC1: supplied by vdd_ac_bat
[    0.103549] vdd_hdmi_5v0: supplied by vdd-sys-5v0
[    0.104321] TPS65090_RAILSDCDC2: supplied by vdd_ac_bat
[    0.105403] TPS65090_RAILSDCDC3: supplied by vdd_ac_bat
[    0.105943] TPS65090_RAILSFET1: supplied by vdd_ac_bat
[    0.106328] TPS65090_RAILSFET2: supplied by vdd_ac_bat
[    0.106705] TPS65090_RAILSFET3: supplied by vdd-sys-3v3
[    0.107238] TPS65090_RAILSFET4: supplied by vdd-sys-3v3
[    0.107779] TPS65090_RAILSFET5: supplied by vdd-sys-3v3
[    0.108338] TPS65090_RAILSFET6: supplied by vdd-sys-3v3
[    0.109182] TPS65090_RAILSFET7: supplied by vdd-sys-3v3
[    0.109735] TPS65090_RAILSLDO1: supplied by vdd_ac_bat
[    0.109959] TPS65090_RAILSLDO2: supplied by vdd_ac_bat
[    0.110809] genirq: Setting trigger mode 8 for irq 341 failed (irq_chip_set_type_parent+0x0/0x28)
[    0.110833] palmas 2-0058: Irq flag is 0x00000000
[    0.114023] palmas 2-0058: Muxing GPIO ff, PWM 0, LED 0
[    0.116590] SMPS12: supplied by vdd-ao
[    0.118243] SMPS3: supplied by vdd-ao
[    0.120032] SMPS457: supplied by vdd-sys-3v3
[    0.122967] SMPS8: supplied by vdd-sys-3v3
[    0.124621] SMPS9: supplied by vdd-sys-3v3
[    0.125133] sdhci-vdd-sd-slot: Bringing 2840000uV into 2800000-2800000uV
[    0.125874] sdhci-vdd-sd-slot: ramp_delay not set
[    0.127893] LDO1: supplied by vdd-sys-3v3
[    0.129105] LDO2: supplied by vdd-sys-3v3
[    0.130328] LDO3: supplied by vddio-1v8
[    0.131549] LDO4: supplied by vdd-sys-3v3
[    0.132762] LDO5: supplied by vdd_ac_bat
[    0.133554] LDO6: supplied by vdd-sys-3v3
[    0.134077] vdd-sensor-2v85: Bringing 2900000uV into 2850000-2850000uV
[    0.135369] LDO7: supplied by vdd-sys-3v3
[    0.137109] LDO8: supplied by vdd-ao
[    0.137618] vdd-rtc: Bringing 675000uV into 900000-900000uV
[    0.144105] LDO9: supplied by sdhci-vdd-sd-slot
[    0.149427] LDOLN: supplied by vdd-sys-5v0
[    0.150657] LDOUSB: supplied by vdd-sys-5v0
[    0.157342] pps_core: LinuxPPS API ver. 1 registered
[    0.157353] pps_core: Software ver. 5.3.6 - Copyright 2005-2007 Rodolfo Giometti <giometti@linux.it>
[    0.157376] PTP clock support registered
[    0.157573] EDAC MC: Ver: 3.0.0
[    0.160025] clocksource: Switched to clocksource arch_sys_counter
[    0.170852] NET: Registered protocol family 2
[    0.171376] TCP established hash table entries: 8192 (order: 3, 32768 bytes)
[    0.171474] TCP bind hash table entries: 8192 (order: 4, 65536 bytes)
[    0.171660] TCP: Hash tables configured (established 8192 bind 8192)
[    0.171714] UDP hash table entries: 512 (order: 2, 16384 bytes)
[    0.171755] UDP-Lite hash table entries: 512 (order: 2, 16384 bytes)
[    0.171910] NET: Registered protocol family 1
[    0.172155] RPC: Registered named UNIX socket transport module.
[    0.172165] RPC: Registered udp transport module.
[    0.172172] RPC: Registered tcp transport module.
[    0.172180] RPC: Registered tcp NFSv4.1 backchannel transport module.
[    0.172191] PCI: CLS 0 bytes, default 64
[    0.174345] futex hash table entries: 1024 (order: 4, 65536 bytes)
[    0.174851] workingset: timestamp_bits=28 max_order=19 bucket_order=0
[    0.186723] squashfs: version 4.0 (2009/01/31) Phillip Lougher
[    0.187642] NFS: Registering the id_resolver key type
[    0.187681] Key type id_resolver registered
[    0.187690] Key type id_legacy registered
[    0.187736] ntfs: driver 2.1.32 [Flags: R/O].
[    0.189054] bounce: pool size: 64 pages
[    0.189274] Block layer SCSI generic (bsg) driver version 0.4 loaded (major 248)
[    0.189286] io scheduler noop registered
[    0.189294] io scheduler deadline registered
[    0.189327] io scheduler cfq registered (default)
[    0.217509] tegra-apbdma 6000a000.dma: Tegra20 APB DMA driver register 32 channels
[    0.219328] tegra-pmc 7000e400.pmc: i2c-thermtrip node not found, emergency thermal reset disabled.
[    0.280779] Serial: 8250/16550 driver, 4 ports, IRQ sharing disabled
[    0.283769] console [ttyS0] disabled
[    0.283805] 70006300.serial: ttyS0 at MMIO 0x70006300 (irq = 329, base_baud = 25500000) is a Tegra
[    1.247126] console [ttyS0] enabled
[    1.251411] SuperH (H)SCI(F) driver initialized
[    1.256916] msm_serial: driver initialized
[    1.261216] STMicroelectronics ASC driver initialized
[    1.269859] [drm] Initialized drm 1.1.0 20060810
[    1.277857] tegra-hdmi 54280000.hdmi: failed to get HDMI regulator
[    1.299533] brd: module loaded
[    1.308816] loop: module loaded
[    1.328405] m25p80 spi32766.0: w25q32dw (4096 Kbytes)
[    1.337809] CAN device driver interface
[    1.343520] igb: Intel(R) Gigabit Ethernet Network Driver - version 5.3.0-k
[    1.350489] igb: Copyright (c) 2007-2014 Intel Corporation.
[    1.359151] pegasus: v0.9.3 (2013/04/25), Pegasus/Pegasus II USB Ethernet driver
[    1.366613] usbcore: registered new interface driver pegasus
[    1.372342] usbcore: registered new interface driver asix
[    1.377798] usbcore: registered new interface driver ax88179_178a
[    1.383943] usbcore: registered new interface driver cdc_ether
[    1.389845] usbcore: registered new interface driver smsc75xx
[    1.395662] usbcore: registered new interface driver smsc95xx
[    1.401458] usbcore: registered new interface driver net1080
[    1.407167] usbcore: registered new interface driver cdc_subset
[    1.413136] usbcore: registered new interface driver zaurus
[    1.418794] usbcore: registered new interface driver cdc_ncm
[    1.426561] ehci_hcd: USB 2.0 'Enhanced' Host Controller (EHCI) Driver
[    1.433098] ehci-pci: EHCI PCI platform driver
[    1.437596] ehci-platform: EHCI generic platform driver
[    1.443030] ehci-omap: OMAP-EHCI Host Controller driver
[    1.448398] ehci-orion: EHCI orion driver
[    1.452554] SPEAr-ehci: EHCI SPEAr driver
[    1.456715] ehci-st: EHCI STMicroelectronics driver
[    1.461743] ehci-exynos: EHCI EXYNOS driver
[    1.466089] ehci-atmel: EHCI Atmel driver
[    1.470246] tegra-ehci: Tegra EHCI driver
[    1.474449] ------------[ cut here ]------------
[    1.479097] WARNING: CPU: 1 PID: 1 at drivers/reset/core.c:187 __of_reset_control_get+0x1bc/0x228
[    1.487969] Modules linked in:
[    1.491052] CPU: 1 PID: 1 Comm: swapper/0 Not tainted 4.6.0-rc5-next-20160428-114809-gef413b9 #1
[    1.499823] Hardware name: NVIDIA Tegra SoC (Flattened Device Tree)
[    1.506103] [<c030f9a0>] (unwind_backtrace) from [<c030b088>] (show_stack+0x10/0x14)
[    1.513844] [<c030b088>] (show_stack) from [<c0584f08>] (dump_stack+0x84/0xa4)
[    1.521066] [<c0584f08>] (dump_stack) from [<c0341b64>] (__warn+0xd4/0x100)
[    1.528024] [<c0341b64>] (__warn) from [<c0341bb0>] (warn_slowpath_null+0x20/0x28)
[    1.535589] [<c0341bb0>] (warn_slowpath_null) from [<c069b5ec>] (__of_reset_control_get+0x1bc/0x228)
[    1.544717] [<c069b5ec>] (__of_reset_control_get) from [<c090bf54>] (tegra_ehci_probe+0x2d0/0x51c)
[    1.553671] [<c090bf54>] (tegra_ehci_probe) from [<c0774044>] (platform_drv_probe+0x50/0xb0)
[    1.562104] [<c0774044>] (platform_drv_probe) from [<c07729a8>] (driver_probe_device+0x1f4/0x2b0)
[    1.570968] [<c07729a8>] (driver_probe_device) from [<c0772b10>] (__driver_attach+0xac/0xb0)
[    1.579396] [<c0772b10>] (__driver_attach) from [<c0770fbc>] (bus_for_each_dev+0x54/0x88)
[    1.587565] [<c0770fbc>] (bus_for_each_dev) from [<c0771f9c>] (bus_add_driver+0xe8/0x1f4)
[    1.595732] [<c0771f9c>] (bus_add_driver) from [<c077332c>] (driver_register+0x78/0xf4)
[    1.603728] [<c077332c>] (driver_register) from [<c0301e5c>] (do_one_initcall+0x3c/0x16c)
[    1.611900] [<c0301e5c>] (do_one_initcall) from [<c1100d80>] (kernel_init_freeable+0x120/0x1ec)
[    1.620591] [<c1100d80>] (kernel_init_freeable) from [<c0b5253c>] (kernel_init+0x8/0x118)
[    1.628764] [<c0b5253c>] (kernel_init) from [<c0307f78>] (ret_from_fork+0x14/0x3c)
[    1.636358] ---[ end trace 6150d9047feabe12 ]---
[    1.640988] tegra-ehci 7d008000.usb: can't get utmi-pads reset from the PHY
[    1.647954] tegra-ehci 7d008000.usb: continuing, but please update your DT
[    1.654945] ohci_hcd: USB 1.1 'Open' Host Controller (OHCI) Driver
[    1.661157] ohci-pci: OHCI PCI platform driver
[    1.665665] ohci-platform: OHCI generic platform driver
[    1.671060] ohci-omap3: OHCI OMAP3 driver
[    1.675219] SPEAr-ohci: OHCI SPEAr driver
[    1.679363] ohci-st: OHCI STMicroelectronics driver
[    1.684389] ohci-atmel: OHCI Atmel driver
[    1.689125] usbcore: registered new interface driver usb-storage
[    1.696724] mousedev: PS/2 mouse device common for all mice
[    1.707246] palmas-rtc 7000d000.i2c:tps65913@58:rtc: rtc core: registered 7000d000.i2c:tps659 as rtc0
[    1.718382] tegra_rtc 7000e000.rtc: rtc core: registered 7000e000.rtc as rtc1
[    1.725578] tegra_rtc 7000e000.rtc: Tegra internal Real Time Clock
[    1.732310] i2c /dev entries driver
[    1.739989] sbs-battery 0-000b: sbs_probe: Failed to get device status
[    1.746556] sbs-battery: probe of 0-000b failed with error -121
[    1.764223] sdhci: Secure Digital Host Controller Interface driver
[    1.770418] sdhci: Copyright(c) Pierre Ossman
[    1.776271] Synopsys Designware Multimedia Card Interface Driver
[    1.783349] sdhci-pltfm: SDHCI platform and OF driver helper
[    1.789777] sdhci-tegra 78000400.sdhci: Got CD GPIO
[    1.794688] sdhci-tegra 78000400.sdhci: Got WP GPIO
[    1.800791] mmc0: Invalid maximum block size, assuming 512 bytes
[    1.840158] mmc0: SDHCI controller on 78000400.sdhci [78000400.sdhci] using ADMA
[    1.847868] mmc1: Invalid maximum block size, assuming 512 bytes
[    1.890039] mmc1: SDHCI controller on 78000600.sdhci [78000600.sdhci] using ADMA
[    1.898975] ledtrig-cpu: registered to indicate activity on CPUs
[    1.905479] usbcore: registered new interface driver usbhid
[    1.911061] usbhid: USB HID core driver
[    1.920666] NET: Registered protocol family 10
[    1.925855] sit: IPv6 over IPv4 tunneling driver
[    1.931180] NET: Registered protocol family 17
[    1.935655] can: controller area network core (rev 20120528 abi 9)
[    1.941910] NET: Registered protocol family 29
[    1.946367] can: raw protocol (rev 20120528)
[    1.950647] can: broadcast manager protocol (rev 20120528 t)
[    1.956320] can: netlink gateway (rev 20130117) max_hops=1
[    1.962206] Key type dns_resolver registered
[    1.967138] ThumbEE CPU extension supported.
[    1.971430] Registering SWP/SWPB emulation handler
[    1.978779] usb1_vbus: supplied by vdd-sys-5v0
[    1.984782] usb2_vbus: supplied by vdd-sys-5v0
[    1.993802] VDD_5V0_HDMI_CON: supplied by vdd-sys-5v0
[    2.006982] [drm] Supports vblank timestamp caching Rev 2 (21.10.2013).
[    2.013655] [drm] No driver support for vblank timestamp query.
[    2.016648] mmc0: new high speed SDHC card at address aaaa
[    2.019513] mmcblk0: mmc0:aaaa SL16G 14.8 GiB 
[    2.041213]  mmcblk0: p1 p2 p3
[    2.061442] mmc1: new high speed MMC card at address 0001
[    2.062402] mmcblk1: mmc1:0001 SEM32G 29.1 GiB 
[    2.062656] mmcblk1boot0: mmc1:0001 SEM32G partition 1 4.00 MiB
[    2.063099] mmcblk1boot1: mmc1:0001 SEM32G partition 2 4.00 MiB
[    2.063797] mmcblk1rpmb: mmc1:0001 SEM32G partition 3 4.00 MiB
[    2.068362]  mmcblk1: p1 p2 p3 p4 p5 p6 p7 p8
[    2.090221] Console: switching to colour frame buffer device 240x75
[    2.150133] drm drm: fb0:  frame buffer device
[    2.165145] [drm] Initialized tegra 0.0.0 20120330 on minor 0
[    2.173633] tegra-ehci 7d008000.usb: EHCI Host Controller
[    2.179116] tegra-ehci 7d008000.usb: new USB bus registered, assigned bus number 1
[    2.187473] tegra-ehci 7d008000.usb: irq 339, io mem 0x7d008000
[    2.200147] tegra-ehci 7d008000.usb: USB 2.0 started, EHCI 1.10
[    2.207420] hub 1-0:1.0: USB hub found
[    2.211288] hub 1-0:1.0: 1 port detected
[    2.217217] input: gpio-keys as /devices/soc0/gpio-keys/input/input0
[    2.226157] palmas-rtc 7000d000.i2c:tps65913@58:rtc: setting system clock to 2000-02-20 22:42:49 UTC (951086569)
[    2.249667] dvdd_ts: disabling
[    2.252809] usb1_vbus: disabling
[    2.256071] vdd_cam_1v8_reg: disabling
[    2.261802] EXT4-fs (mmcblk1p1): mounting ext3 file system using the ext4 subsystem
[    2.285050] EXT4-fs (mmcblk1p1): recovery complete
[    2.289853] EXT4-fs (mmcblk1p1): mounted filesystem with ordered data mode. Opts: (null)
[    2.297987] VFS: Mounted root (ext3 filesystem) on device 179:17.
[    2.308612] devtmpfs: mounted
[    2.313482] Freeing unused kernel memory: 2048K (c1100000 - c1300000)
bash: cannot set terminal process group (-1): Inappropriate ioctl for device
bash: no job control in this shell
root@(none):/# [    2.530151] usb 1-1: new high-speed USB device number 2 using tegra-ehci
mount -t sysfs none /sys
root@(none):/# 
root@(none):/# [    3.475476] asix 1-1:1.0 eth0: register 'asix' at usb-7d008000.usb-1, ASIX AX88772 USB 2.0 Ethernet, 00:50:b6:0d:b5:16
mount -t debugfs none /sys/kernel/debug
root@(none):/# 
root@(none):/# rtcwake -d rtc1 -m mem -s 3
rtcwake: assuming RTC uses UTC ...
rtcwake: wakeup from "mem" using /dev/rtc1 at Thu Jan  1 00:00:20 1970
[    5.386387] PM: Syncing filesystems ... done.
[    5.414127] Freezing user space processes ... (elapsed 0.001 seconds) done.
[    5.422532] Freezing remaining freezable tasks ... (elapsed 0.001 seconds) done.
[    5.431383] Suspending console(s) (use no_console_suspend to debug)
[    5.476772] PM: suspend of devices complete after 37.713 msecs
[    5.479219] PM: late suspend of devices complete after 2.431 msecs
[    5.481248] PM: noirq suspend of devices complete after 2.019 msecs
[    5.481252] Disabling non-boot CPUs ...
[    5.481745] IRQ16 no longer affine to CPU1
[    5.482132] CPU1: shutdown
[    5.507652] CPU2: shutdown
[    5.532360] CPU3: shutdown
[    5.546236] Entering suspend state LP1
[    5.546261] Enabling non-boot CPUs ...
[    5.571716] CPU1 is up
[    5.596946] CPU2 is up
[    5.622259] CPU3 is up
[    5.623552] PM: noirq resume of devices complete after 1.282 msecs
[    5.626213] PM: early resume of devices complete after 2.211 msecs
[    5.722108] PM: resume of devices complete after 95.876 msecs
[    5.790868] Restarting tasks ... done.
root@(none):/# 
root@(none):/# rtcwake -d rtc1 -m mem -s 3
rtcwake: assuming RTC uses UTC ...
rtcwake: wakeup from "mem" using /dev/rtc1 at Thu Jan  1 00:00:29 1970
[    6.398288] PM: Syncing filesystems ... done.
[    6.425000] Freezing user space processes ... (elapsed 0.001 seconds) done.
[    6.433360] Freezing remaining freezable tasks ... (elapsed 0.001 seconds) done.
[    6.442256] Suspending console(s) (use no_console_suspend to debug)
[    6.487467] PM: suspend of devices complete after 37.548 msecs
[    6.489888] PM: late suspend of devices complete after 2.404 msecs
[    6.492073] PM: noirq suspend of devices complete after 2.171 msecs
[    6.492077] Disabling non-boot CPUs ...
[    6.492577] IRQ16 no longer affine to CPU1
[    6.492965] CPU1: shutdown
[    6.517639] CPU2: shutdown
[    6.542213] CPU3: shutdown
[    6.556222] Entering suspend state LP1
[    6.556247] Enabling non-boot CPUs ...
[    6.581699] CPU1 is up
[    6.606922] CPU2 is up
[    6.632249] CPU3 is up
[    6.633537] PM: noirq resume of devices complete after 1.276 msecs
[    6.636123] PM: early resume of devices complete after 2.309 msecs
[    6.736891] PM: resume of devices complete after 100.749 msecs
[    6.805753] Restarting tasks ... done.
root@(none):/# 
root@(none):/# rtcwake -d rtc1 -m mem -s 3
rtcwake: assuming RTC uses UTC ...
rtcwake: wakeup from "mem" using /dev/rtc1 at Thu Jan  1 00:00:38 1970
[    7.393346] PM: Syncing filesystems ... done.
[    7.420518] Freezing user space processes ... (elapsed 0.001 seconds) done.
[    7.428891] Freezing remaining freezable tasks ... (elapsed 0.001 seconds) done.
[    7.437779] Suspending console(s) (use no_console_suspend to debug)
[    7.483211] PM: suspend of devices complete after 37.762 msecs
[    7.485639] PM: late suspend of devices complete after 2.411 msecs
[    7.487668] PM: noirq suspend of devices complete after 2.019 msecs
[    7.487672] Disabling non-boot CPUs ...
[    7.488194] IRQ16 no longer affine to CPU1
[    7.488593] CPU1: shutdown
[    7.512613] CPU2: shutdown
[    7.537294] CPU3: shutdown
[    7.551165] Entering suspend state LP1
[    7.551190] Enabling non-boot CPUs ...
[    7.576663] CPU1 is up
[    7.601886] CPU2 is up
[    7.627190] CPU3 is up
[    7.628462] PM: noirq resume of devices complete after 1.260 msecs
[    7.631381] PM: early resume of devices complete after 2.476 msecs
[    7.727031] PM: resume of devices complete after 95.631 msecs
[    7.795775] Restarting tasks ... done.
root@(none):/# 
root@(none):/# rtcwake -d rtc1 -m mem -s 3
rtcwake: assuming RTC uses UTC ...
rtcwake: wakeup from "mem" using /dev/rtc1 at Thu Jan  1 00:00:47 1970
[    8.389355] PM: Syncing filesystems ... done.
[    8.416745] Freezing user space processes ... (elapsed 0.001 seconds) done.
[    8.425179] Freezing remaining freezable tasks ... (elapsed 0.001 seconds) done.
[    8.434021] Suspending console(s) (use no_console_suspend to debug)
[    8.476909] PM: suspend of devices complete after 35.214 msecs
[    8.479332] PM: late suspend of devices complete after 2.406 msecs
[    8.481523] PM: noirq suspend of devices complete after 2.177 msecs
[    8.481529] Disabling non-boot CPUs ...
[    8.482032] IRQ16 no longer affine to CPU1
[    8.482420] CPU1: shutdown
[    8.507598] CPU2: shutdown
[    8.532271] CPU3: shutdown
[    8.546154] Entering suspend state LP1
[    8.546179] Enabling non-boot CPUs ...
[    8.571629] CPU1 is up
[    8.596894] CPU2 is up
[    8.622186] CPU3 is up
[    8.623448] PM: noirq resume of devices complete after 1.250 msecs
[    8.626246] PM: early resume of devices complete after 2.518 msecs
[    8.726787] PM: resume of devices complete after 100.523 msecs
[    8.795660] Restarting tasks ... done.
root@(none):/# 
root@(none):/# rtcwake -d rtc1 -m mem -s 3
rtcwake: assuming RTC uses UTC ...
rtcwake: wakeup from "mem" using /dev/rtc1 at Thu Jan  1 00:00:56 1970
[    9.383415] PM: Syncing filesystems ... done.
[    9.410801] Freezing user space processes ... (elapsed 0.001 seconds) done.
[    9.419204] Freezing remaining freezable tasks ... (elapsed 0.001 seconds) done.
[    9.428066] Suspending console(s) (use no_console_suspend to debug)
[    9.471843] PM: suspend of devices complete after 36.100 msecs
[    9.474462] PM: late suspend of devices complete after 2.601 msecs
[    9.476474] PM: noirq suspend of devices complete after 2.002 msecs
[    9.476478] Disabling non-boot CPUs ...
[    9.477367] CPU1: shutdown
[    9.502545] CPU2: shutdown
[    9.527248] CPU3: shutdown
[    9.541132] Entering suspend state LP1
[    9.541157] Enabling non-boot CPUs ...
[    9.566615] CPU1 is up
[    9.591856] CPU2 is up
[    9.617160] CPU3 is up
[    9.618427] PM: noirq resume of devices complete after 1.256 msecs
[    9.620913] PM: early resume of devices complete after 2.039 msecs
[    9.716925] PM: resume of devices complete after 95.994 msecs
[    9.781566] Restarting tasks ... done.
root@(none):/# 
root@(none):/# rtcwake -d rtc1 -m mem -s 3
rtcwake: assuming RTC uses UTC ...
rtcwake: wakeup from "mem" using /dev/rtc1 at Thu Jan  1 00:01:05 1970
[   10.381161] PM: Syncing filesystems ... done.
[   10.408577] Freezing user space processes ... (elapsed 0.001 seconds) done.
[   10.417010] Freezing remaining freezable tasks ... (elapsed 0.001 seconds) done.
[   10.425897] Suspending console(s) (use no_console_suspend to debug)
[   10.472229] PM: suspend of devices complete after 38.692 msecs
[   10.474656] PM: late suspend of devices complete after 2.410 msecs
[   10.476839] PM: noirq suspend of devices complete after 2.169 msecs
[   10.476843] Disabling non-boot CPUs ...
[   10.477342] IRQ16 no longer affine to CPU1
[   10.477736] CPU1: shutdown
[   10.502531] CPU2: shutdown
[   10.527211] CPU3: shutdown
[   10.541102] Entering suspend state LP1
[   10.541127] Enabling non-boot CPUs ...
[   10.566587] CPU1 is up
[   10.591823] CPU2 is up
[   10.617137] CPU3 is up
[   10.618443] PM: noirq resume of devices complete after 1.294 msecs
[   10.621062] PM: early resume of devices complete after 2.155 msecs
[   10.716951] PM: resume of devices complete after 95.871 msecs
[   10.785692] Restarting tasks ... done.
root@(none):/# 
root@(none):/# rtcwake -d rtc1 -m mem -s 3
rtcwake: assuming RTC uses UTC ...
rtcwake: wakeup from "mem" using /dev/rtc1 at Thu Jan  1 00:01:14 1970
[   11.381351] PM: Syncing filesystems ... done.
[   11.408755] Freezing user space processes ... (elapsed 0.001 seconds) done.
[   11.417191] Freezing remaining freezable tasks ... (elapsed 0.001 seconds) done.
[   11.426077] Suspending console(s) (use no_console_suspend to debug)
[   11.472209] PM: suspend of devices complete after 38.489 msecs
[   11.474650] PM: late suspend of devices complete after 2.425 msecs
[   11.476836] PM: noirq suspend of devices complete after 2.172 msecs
[   11.476841] Disabling non-boot CPUs ...
[   11.477360] IRQ16 no longer affine to CPU1
[   11.477751] CPU1: shutdown
[   11.502512] CPU2: shutdown
[   11.527201] CPU3: shutdown
[   11.541066] Entering suspend state LP1
[   11.541091] Enabling non-boot CPUs ...
[   11.566565] CPU1 is up
[   11.591802] CPU2 is up
[   11.617101] CPU3 is up
[   11.618369] PM: noirq resume of devices complete after 1.257 msecs
[   11.621324] PM: early resume of devices complete after 2.515 msecs
[   11.716967] PM: resume of devices complete after 95.625 msecs
[   11.785717] Restarting tasks ... done.
root@(none):/# 
root@(none):/# rtcwake -d rtc1 -m mem -s 3
rtcwake: assuming RTC uses UTC ...
rtcwake: wakeup from "mem" using /dev/rtc1 at Thu Jan  1 00:01:23 1970
[   12.379691] PM: Syncing filesystems ... done.
[   12.406850] Freezing user space processes ... (elapsed 0.001 seconds) done.
[   12.415280] Freezing remaining freezable tasks ... (elapsed 0.001 seconds) done.
[   12.424118] Suspending console(s) (use no_console_suspend to debug)
[   12.466894] PM: suspend of devices complete after 35.099 msecs
[   12.469330] PM: late suspend of devices complete after 2.419 msecs
[   12.471529] PM: noirq suspend of devices complete after 2.185 msecs
[   12.471534] Disabling non-boot CPUs ...
[   12.472401] CPU1: shutdown
[   12.497059] IRQ16 no longer affine to CPU2
[   12.497471] CPU2: shutdown
[   12.522178] CPU3: shutdown
[   12.536043] Entering suspend state LP1
[   12.536069] Enabling non-boot CPUs ...
[   12.561539] CPU1 is up
[   12.586787] CPU2 is up
[   12.612083] CPU3 is up
[   12.613350] PM: noirq resume of devices complete after 1.255 msecs
[   12.616251] PM: early resume of devices complete after 2.625 msecs
[   12.716713] PM: resume of devices complete after 100.444 msecs
[   12.785584] Restarting tasks ... done.
root@(none):/# 
root@(none):/# rtcwake -d rtc1 -m mem -s 3
rtcwake: assuming RTC uses UTC ...
rtcwake: wakeup from "mem" using /dev/rtc1 at Thu Jan  1 00:01:32 1970
[   13.377545] PM: Syncing filesystems ... done.
[   13.404604] Freezing user space processes ... (elapsed 0.001 seconds) done.
[   13.413007] Freezing remaining freezable tasks ... (elapsed 0.001 seconds) done.
[   13.421921] Suspending console(s) (use no_console_suspend to debug)
[   13.467017] PM: suspend of devices complete after 37.427 msecs
[   13.469227] PM: late suspend of devices complete after 2.199 msecs
[   13.471100] PM: noirq suspend of devices complete after 1.864 msecs
[   13.471104] Disabling non-boot CPUs ...
[   13.471990] CPU1: shutdown
[   13.497488] CPU2: shutdown
[   13.522150] CPU3: shutdown
[   13.536022] Entering suspend state LP1
[   13.536048] Enabling non-boot CPUs ...
[   13.561499] CPU1 is up
[   13.586738] CPU2 is up
[   13.612053] CPU3 is up
[   13.613322] PM: noirq resume of devices complete after 1.258 msecs
[   13.615984] PM: early resume of devices complete after 2.219 msecs
[   13.711667] PM: resume of devices complete after 95.663 msecs
[   13.776394] Restarting tasks ... done.
root@(none):/# 
root@(none):/# rtcwake -d rtc1 -m mem -s 3
rtcwake: assuming RTC uses UTC ...
rtcwake: wakeup from "mem" using /dev/rtc1 at Thu Jan  1 00:01:41 1970
[   14.375922] PM: Syncing filesystems ... done.
[   14.402640] Freezing user space processes ... (elapsed 0.001 seconds) done.
[   14.411069] Freezing remaining freezable tasks ... (elapsed 0.001 seconds) done.
[   14.419986] Suspending console(s) (use no_console_suspend to debug)
[   14.462121] PM: suspend of devices complete after 34.492 msecs
[   14.464593] PM: late suspend of devices complete after 2.455 msecs
[   14.466802] PM: noirq suspend of devices complete after 2.195 msecs
[   14.466806] Disabling non-boot CPUs ...
[   14.467304] IRQ16 no longer affine to CPU1
[   14.467696] CPU1: shutdown
[   14.492467] CPU2: shutdown
[   14.522124] CPU3: shutdown
[   14.536001] Entering suspend state LP1
[   14.536026] Enabling non-boot CPUs ...
[   14.561490] CPU1 is up
[   14.586726] CPU2 is up
[   14.612044] CPU3 is up
[   14.613327] PM: noirq resume of devices complete after 1.271 msecs
[   14.616231] PM: early resume of devices complete after 2.628 msecs
[   14.716546] PM: resume of devices complete after 100.296 msecs
[   14.785407] Restarting tasks ... done.
root@(none):/# 
root@(none):/# NVTB SYSTEM SUSPEND TEST COMPLETE
