
U-Boot SPL 2014.01-00219-gc4d376f (Feb 18 2014 - 19:57:32)


U-Boot 2014.01-00219-gc4d376f (Feb 18 2014 - 19:57:32)

TEGRA114
Board: NVIDIA Dalmore
I2C:   ready
DRAM:  2 GiB
MMC:   Tegra SD/MMC: 0, Tegra SD/MMC: 1
In:    serial
Out:   serial
Err:   serial
Net:   Net Initialization Skipped
No ethernet found.
Hit any key to stop autoboot:  2  0 
Tegra114 (Dalmore) # 
Tegra114 (Dalmore) # usb reset
(Re)start USB...
USB0:   USB EHCI 1.10
scanning bus 0 for devices... 2 USB Device(s) found
       scanning usb for storage devices... 0 Storage Device(s) found
       scanning usb for ethernet devices... 
Warning: asx0 using MAC address from net device
1 Ethernet Device(s) found
Tegra114 (Dalmore) # setenv bootargs 'ignore_loglevel console=ttyS0,115200n8 rw root=PARTUUID=7369c667-ff51-ec4a-29cd-baabf2fbe346 rootwait gpt debug earlyprintk init=/bin/bash'
Tegra114 (Dalmore) # setenv ipaddr 192.168.100.100; setenv serverip 192.168.100.1; setenv tftpserverip 192.168.100.1
Tegra114 (Dalmore) # tftpboot 0x81000000 zImage.tegra_defconfig
Using asx0 device
TFTP from server 192.168.100.1; our IP address is 192.168.100.100
Filename 'zImage.tegra_defconfig'.
Load address: 0x81000000
Loading: *#################################################################
	 #################################################################
	 #################################################################
	 #################################################################
	 #################################################################
	 #########################################
	 3.2 MiB/s
done
Bytes transferred = 5360304 (51cab0 hex)
Tegra114 (Dalmore) # tftpboot 0x82000000 tegra114-dalmore.dtb
Using asx0 device
TFTP from server 192.168.100.1; our IP address is 192.168.100.100
Filename 'tegra114-dalmore.dtb'.
Load address: 0x82000000
Loading: *###
	 2.8 MiB/s
done
Bytes transferred = 34956 (888c hex)
Tegra114 (Dalmore) # bootz 0x81000000 - 0x82000000
Kernel image @ 0x81000000 [ 0x000000 - 0x51cab0 ]
## Flattened Device Tree blob at 82000000
   Booting using the fdt blob at 0x82000000
   Loading Device Tree to 8fff4000, end 8ffff88b ... OK

Starting kernel ...

Uncompressing Linux... done, booting the kernel.
[    0.000000] Booting Linux on physical CPU 0x0
[    0.000000] Linux version 4.6.0-rc5-next-20160428-114809-gef413b9 (pwalmsley@tamien) (gcc version 4.7.3 20130328 (prerelease) (crosstool-NG linaro-1.13.1-4.7-2013.04-20130415 - Linaro GCC 2013.04) ) #1 SMP PREEMPT Thu Apr 28 04:18:00 PDT 2016
[    0.000000] CPU: ARMv7 Processor [412fc0f2] revision 2 (ARMv7), cr=10c5387d
[    0.000000] CPU: div instructions available: patching division code
[    0.000000] CPU: PIPT / VIPT nonaliasing data cache, PIPT instruction cache
[    0.000000] Machine model: NVIDIA Tegra114 Dalmore evaluation board
[    0.000000] debug: ignoring loglevel setting.
[    0.000000] bootconsole [earlycon0] enabled
[    0.000000] cma: Reserved 64 MiB at 0xfbc00000
[    0.000000] Memory policy: Data cache writealloc
[    0.000000] On node 0 totalpages: 524032
[    0.000000] free_area_init_node: node 0, pgdat c0c5bf80, node_mem_map eeff7000
[    0.000000]   Normal zone: 1536 pages used for memmap
[    0.000000]   Normal zone: 0 pages reserved
[    0.000000]   Normal zone: 196608 pages, LIFO batch:31
[    0.000000]   HighMem zone: 327424 pages, LIFO batch:31
[    0.000000] percpu: Embedded 13 pages/cpu @eef9e000 s23872 r8192 d21184 u53248
[    0.000000] pcpu-alloc: s23872 r8192 d21184 u53248 alloc=13*4096
[    0.000000] pcpu-alloc: [0] 0 [0] 1 [0] 2 [0] 3 
[    0.000000] Built 1 zonelists in Zone order, mobility grouping on.  Total pages: 522496
[    0.000000] Kernel command line: ignore_loglevel console=ttyS0,115200n8 rw root=PARTUUID=7369c667-ff51-ec4a-29cd-baabf2fbe346 rootwait gpt debug earlyprintk init=/bin/bash
[    0.000000] PID hash table entries: 4096 (order: 2, 16384 bytes)
[    0.000000] Dentry cache hash table entries: 131072 (order: 7, 524288 bytes)
[    0.000000] Inode-cache hash table entries: 65536 (order: 6, 262144 bytes)
[    0.000000] Memory: 2000980K/2096128K available (7415K kernel code, 374K rwdata, 2552K rodata, 1024K init, 362K bss, 29612K reserved, 65536K cma-reserved, 1244160K highmem)
[    0.000000] Virtual kernel memory layout:
[    0.000000]     vector  : 0xffff0000 - 0xffff1000   (   4 kB)
[    0.000000]     fixmap  : 0xffc00000 - 0xfff00000   (3072 kB)
[    0.000000]     vmalloc : 0xf0800000 - 0xff800000   ( 240 MB)
[    0.000000]     lowmem  : 0xc0000000 - 0xf0000000   ( 768 MB)
[    0.000000]     pkmap   : 0xbfe00000 - 0xc0000000   (   2 MB)
[    0.000000]     modules : 0xbf000000 - 0xbfe00000   (  14 MB)
[    0.000000]       .text : 0xc0008000 - 0xc0abbcf4   (10960 kB)
[    0.000000]       .init : 0xc0b00000 - 0xc0c00000   (1024 kB)
[    0.000000]       .data : 0xc0c00000 - 0xc0c5db00   ( 375 kB)
[    0.000000]        .bss : 0xc0c5f000 - 0xc0cb9a90   ( 363 kB)
[    0.000000] Preemptible hierarchical RCU implementation.
[    0.000000] 	Build-time adjustment of leaf fanout to 32.
[    0.000000] NR_IRQS:16 nr_irqs:16 16
[    0.000000] /interrupt-controller@60004000: 160 interrupts forwarded to /interrupt-controller@50041000
[    0.000000] Tegra clk 127: register failed with -17
[    0.000007] sched_clock: 32 bits at 1000kHz, resolution 1000ns, wraps every 2147483647500ns
[    0.007511] clocksource: timer_us: mask: 0xffffffff max_cycles: 0xffffffff, max_idle_ns: 1911260446275 ns
[    0.017127] Switching to timer-based delay loop, resolution 1000ns
[    0.024186] Architected cp15 timer(s) running at 12.00MHz (virt).
[    0.029523] clocksource: arch_sys_counter: mask: 0xffffffffffffff max_cycles: 0x2c47f4ee7, max_idle_ns: 440795202497 ns
[    0.040358] sched_clock: 56 bits at 12MHz, resolution 83ns, wraps every 4398046511096ns
[    0.048411] Switching to timer-based delay loop, resolution 83ns
[    0.054934] Console: colour dummy device 80x30
[    0.058998] Calibrating delay loop (skipped), value calculated using timer frequency.. 24.00 BogoMIPS (lpj=120000)
[    0.069382] pid_max: default: 32768 minimum: 301
[    0.074644] Mount-cache hash table entries: 2048 (order: 1, 8192 bytes)
[    0.080754] Mountpoint-cache hash table entries: 2048 (order: 1, 8192 bytes)
[    0.089310] CPU: Testing write buffer coherency: ok
[    0.093061] /cpus/cpu@0 missing clock-frequency property
[    0.098174] /cpus/cpu@1 missing clock-frequency property
[    0.103567] /cpus/cpu@2 missing clock-frequency property
[    0.108921] /cpus/cpu@3 missing clock-frequency property
[    0.114293] CPU0: thread -1, cpu 0, socket 0, mpidr 80000000
[    0.120010] Setting up static identity map for 0x80100000 - 0x80100098
[    0.128283] Tegra Revision: A01 SKU: 0 CPU Process: 1 SoC Process: 0
[    0.134927] CPU1: thread -1, cpu 1, socket 0, mpidr 80000001
[    0.136152] CPU2: thread -1, cpu 2, socket 0, mpidr 80000002
[    0.137407] CPU3: thread -1, cpu 3, socket 0, mpidr 80000003
[    0.137512] Brought up 4 CPUs
[    0.155820] SMP: Total of 4 processors activated (96.00 BogoMIPS).
[    0.162070] CPU: All CPU(s) started in SVC mode.
[    0.193566] devtmpfs: initialized
[    0.225072] VFP support v0.3: implementor 41 architecture 4 part 30 variant f rev 0
[    0.231527] clocksource: jiffies: mask: 0xffffffff max_cycles: 0xffffffff, max_idle_ns: 19112604462750000 ns
[    0.300925] pinctrl core: initialized pinctrl subsystem
[    0.391512] NET: Registered protocol family 16
[    0.395444] DMA: preallocated 256 KiB pool for atomic coherent allocations
[    0.431150] cpuidle: using governor menu
[    0.453954] No ATAGs?
[    0.454164] hw-breakpoint: found 5 (+1 reserved) breakpoint and 4 watchpoint registers.
[    0.462482] hw-breakpoint: maximum watchpoint size is 8 bytes.
[    0.493525] tegra-mc 70019000.memory-controller: no memory timings for RAM code 3 registered
[    0.814469] dvdd_ts: Failed to request enable GPIO61: -517
[    0.818135] reg-fixed-voltage regulators:regulator@1: Failed to register regulator: -517
[    0.826434] usb1_vbus: Failed to request enable GPIO108: -517
[    0.832087] reg-fixed-voltage regulators:regulator@3: Failed to register regulator: -517
[    0.840379] usb2_vbus: Failed to request enable GPIO86: -517
[    0.845953] reg-fixed-voltage regulators:regulator@4: Failed to register regulator: -517
[    0.854892] VDD_5V0_HDMI_CON: Failed to request enable GPIO81: -517
[    0.860425] reg-fixed-voltage regulators:regulator@7: Failed to register regulator: -517
[    0.870417] vgaarb: loaded
[    0.899190] SCSI subsystem initialized
[    0.901402] libata version 3.00 loaded.
[    0.905713] usbcore: registered new interface driver usbfs
[    0.910747] usbcore: registered new interface driver hub
[    0.916098] usbcore: registered new device driver usb
[    0.925563] tps65090 2-0048: No cache defaults, reading back from HW
[    0.932295] TPS65090_RAILSDCDC1: supplied by vdd_ac_bat
[    0.936512] vdd_hdmi_5v0: supplied by vdd-sys-5v0
[    0.941268] TPS65090_RAILSDCDC2: supplied by vdd_ac_bat
[    0.947103] TPS65090_RAILSDCDC3: supplied by vdd_ac_bat
[    0.951857] TPS65090_RAILSFET1: supplied by vdd_ac_bat
[    0.956877] TPS65090_RAILSFET2: supplied by vdd_ac_bat
[    0.962071] TPS65090_RAILSFET3: supplied by vdd-sys-3v3
[    0.967534] TPS65090_RAILSFET4: supplied by vdd-sys-3v3
[    0.972824] TPS65090_RAILSFET5: supplied by vdd-sys-3v3
[    0.978113] TPS65090_RAILSFET6: supplied by vdd-sys-3v3
[    0.983721] TPS65090_RAILSFET7: supplied by vdd-sys-3v3
[    0.988670] TPS65090_RAILSLDO1: supplied by vdd_ac_bat
[    0.993572] TPS65090_RAILSLDO2: supplied by vdd_ac_bat
[    0.999450] genirq: Setting trigger mode 8 for irq 341 failed (irq_chip_set_type_parent+0x0/0x28)
[    1.007225] palmas 2-0058: Irq flag is 0x00000000
[    1.015679] palmas 2-0058: Muxing GPIO ff, PWM 0, LED 0
[    1.022154] SMPS12: supplied by vdd-ao
[    1.026054] SMPS3: supplied by vdd-ao
[    1.030028] SMPS457: supplied by vdd-sys-3v3
[    1.036032] SMPS8: supplied by vdd-sys-3v3
[    1.040284] SMPS9: supplied by vdd-sys-3v3
[    1.043093] sdhci-vdd-sd-slot: Bringing 2840000uV into 2800000-2800000uV
[    1.050083] sdhci-vdd-sd-slot: ramp_delay not set
[    1.056958] LDO1: supplied by vdd-sys-3v3
[    1.060685] LDO2: supplied by vdd-sys-3v3
[    1.064742] LDO3: supplied by vddio-1v8
[    1.068640] LDO4: supplied by vdd-sys-3v3
[    1.072732] LDO5: supplied by vdd_ac_bat
[    1.076255] LDO6: supplied by vdd-sys-3v3
[    1.079786] vdd-sensor-2v85: Bringing 2900000uV into 2850000-2850000uV
[    1.087442] LDO7: supplied by vdd-sys-3v3
[    1.091978] LDO8: supplied by vdd-ao
[    1.094279] vdd-rtc: Bringing 675000uV into 900000-900000uV
[    1.110410] LDO9: supplied by sdhci-vdd-sd-slot
[    1.120742] LDOLN: supplied by vdd-sys-5v0
[    1.124552] LDOUSB: supplied by vdd-sys-5v0
[    1.134737] Linux video capture interface: v2.00
[    1.137654] pps_core: LinuxPPS API ver. 1 registered
[    1.142577] pps_core: Software ver. 5.3.6 - Copyright 2005-2007 Rodolfo Giometti <giometti@linux.it>
[    1.151795] PTP clock support registered
[    1.156765] Advanced Linux Sound Architecture Driver Initialized.
[    1.163628] Bluetooth: Core ver 2.21
[    1.165591] NET: Registered protocol family 31
[    1.170047] Bluetooth: HCI device and connection manager initialized
[    1.176455] Bluetooth: HCI socket layer initialized
[    1.181409] Bluetooth: L2CAP socket layer initialized
[    1.186541] Bluetooth: SCO socket layer initialized
[    1.193049] clocksource: Switched to clocksource arch_sys_counter
[    1.473086] NET: Registered protocol family 2
[    1.713091] TCP established hash table entries: 8192 (order: 3, 32768 bytes)
[    1.718401] TCP bind hash table entries: 8192 (order: 4, 65536 bytes)
[    1.725011] TCP: Hash tables configured (established 8192 bind 8192)
[    1.731663] UDP hash table entries: 512 (order: 2, 16384 bytes)
[    1.737259] UDP-Lite hash table entries: 512 (order: 2, 16384 bytes)
[    1.833084] NET: Registered protocol family 1
[    1.923089] RPC: Registered named UNIX socket transport module.
[    1.927180] RPC: Registered udp transport module.
[    1.931947] RPC: Registered tcp transport module.
[    1.936736] RPC: Registered tcp NFSv4.1 backchannel transport module.
[    1.943258] PCI: CLS 0 bytes, default 64
[    1.975437] futex hash table entries: 1024 (order: 4, 65536 bytes)
[    1.980890] workingset: timestamp_bits=28 max_order=19 bucket_order=0
[    2.583085] squashfs: version 4.0 (2009/01/31) Phillip Lougher
[    2.823140] NFS: Registering the id_resolver key type
[    2.826395] Key type id_resolver registered
[    2.830611] Key type id_legacy registered
[    2.839008] bounce: pool size: 64 pages
[    2.841023] io scheduler noop registered (default)
[    3.036915] tegra-apbdma 6000a000.dma: Tegra20 APB DMA driver register 32 channels
[    3.043555] tegra-pmc 7000e400.pmc: i2c-thermtrip node not found, emergency thermal reset disabled.
[    3.052500] Serial: 8250/16550 driver, 4 ports, IRQ sharing disabled
[    3.062136] console [ttyS0] disabled
[    3.063978] 70006300.serial: ttyS0 at MMIO 0x70006300 (irq = 329, base_baud = 25500000) is a Tegra
[    3.072942] console [ttyS0] enabled
[    3.072942] console [ttyS0] enabled
[    3.079277] bootconsole [earlycon0] disabled
[    3.079277] bootconsole [earlycon0] disabled
[    3.090592] [drm] Initialized drm 1.1.0 20060810
[    3.096808] tegra-hdmi 54280000.hdmi: failed to get HDMI regulator
[    3.124624] loop: module loaded
[    3.165506] m25p80 spi32766.0: w25q32dw (4096 Kbytes)
[    3.173909] CAN device driver interface
[    3.177853] igb: Intel(R) Gigabit Ethernet Network Driver - version 5.3.0-k
[    3.184859] igb: Copyright (c) 2007-2014 Intel Corporation.
[    3.190775] pegasus: v0.9.3 (2013/04/25), Pegasus/Pegasus II USB Ethernet driver
[    3.198359] usbcore: registered new interface driver pegasus
[    3.204232] usbcore: registered new interface driver asix
[    3.209757] usbcore: registered new interface driver ax88179_178a
[    3.216018] usbcore: registered new interface driver cdc_ether
[    3.222015] usbcore: registered new interface driver smsc75xx
[    3.227946] usbcore: registered new interface driver smsc95xx
[    3.233825] usbcore: registered new interface driver net1080
[    3.239598] usbcore: registered new interface driver cdc_subset
[    3.245662] usbcore: registered new interface driver zaurus
[    3.251405] usbcore: registered new interface driver cdc_ncm
[    3.257562] ehci_hcd: USB 2.0 'Enhanced' Host Controller (EHCI) Driver
[    3.264102] ehci-pci: EHCI PCI platform driver
[    3.268665] tegra-ehci: Tegra EHCI driver
[    3.272902] ------------[ cut here ]------------
[    3.277551] WARNING: CPU: 0 PID: 1 at drivers/reset/core.c:187 __of_reset_control_get+0x1b4/0x218
[    3.286422] Modules linked in:
[    3.289488] CPU: 0 PID: 1 Comm: swapper/0 Not tainted 4.6.0-rc5-next-20160428-114809-gef413b9 #1
[    3.298258] Hardware name: NVIDIA Tegra SoC (Flattened Device Tree)
[    3.304537] [<c010f1f8>] (unwind_backtrace) from [<c010a86c>] (show_stack+0x10/0x14)
[    3.312278] [<c010a86c>] (show_stack) from [<c033c3f4>] (dump_stack+0x84/0xa4)
[    3.319500] [<c033c3f4>] (dump_stack) from [<c011f268>] (__warn+0xd4/0x100)
[    3.326459] [<c011f268>] (__warn) from [<c011f2b4>] (warn_slowpath_null+0x20/0x28)
[    3.334022] [<c011f2b4>] (warn_slowpath_null) from [<c03be35c>] (__of_reset_control_get+0x1b4/0x218)
[    3.343153] [<c03be35c>] (__of_reset_control_get) from [<c050f71c>] (tegra_ehci_probe+0x2c8/0x514)
[    3.352107] [<c050f71c>] (tegra_ehci_probe) from [<c043dee4>] (platform_drv_probe+0x50/0xb0)
[    3.360540] [<c043dee4>] (platform_drv_probe) from [<c043c910>] (driver_probe_device+0x1f4/0x2b0)
[    3.369407] [<c043c910>] (driver_probe_device) from [<c043ca78>] (__driver_attach+0xac/0xb0)
[    3.377838] [<c043ca78>] (__driver_attach) from [<c043af34>] (bus_for_each_dev+0x54/0x88)
[    3.386009] [<c043af34>] (bus_for_each_dev) from [<c043bf04>] (bus_add_driver+0xe8/0x1f4)
[    3.394181] [<c043bf04>] (bus_add_driver) from [<c043d274>] (driver_register+0x78/0xf4)
[    3.402177] [<c043d274>] (driver_register) from [<c010179c>] (do_one_initcall+0x3c/0x16c)
[    3.410351] [<c010179c>] (do_one_initcall) from [<c0b00d94>] (kernel_init_freeable+0x11c/0x1e8)
[    3.419045] [<c0b00d94>] (kernel_init_freeable) from [<c07ea058>] (kernel_init+0x8/0x118)
[    3.427217] [<c07ea058>] (kernel_init) from [<c0107938>] (ret_from_fork+0x14/0x3c)
[    3.434812] ---[ end trace 101c80f1542cee97 ]---
[    3.439428] tegra-ehci 7d008000.usb: can't get utmi-pads reset from the PHY
[    3.446400] tegra-ehci 7d008000.usb: continuing, but please update your DT
[    3.453993] usbcore: registered new interface driver cdc_acm
[    3.459644] cdc_acm: USB Abstract Control Model driver for USB modems and ISDN adapters
[    3.467781] usbcore: registered new interface driver cdc_wdm
[    3.473628] usbcore: registered new interface driver usb-storage
[    3.480454] mousedev: PS/2 mouse device common for all mice
[    3.491234] palmas-rtc 7000d000.i2c:tps65913@58:rtc: rtc core: registered 7000d000.i2c:tps659 as rtc0
[    3.502255] tegra_rtc 7000e000.rtc: rtc core: registered 7000e000.rtc as rtc1
[    3.509497] tegra_rtc 7000e000.rtc: Tegra internal Real Time Clock
[    3.516075] i2c /dev entries driver
[    3.521220] usbcore: registered new interface driver uvcvideo
[    3.526983] USB Video Class driver (1.1.1)
[    3.531072] gspca_main: v2.14.0 registered
[    3.535904] sbs-battery 0-000b: sbs_probe: Failed to get device status
[    3.542441] sbs-battery: probe of 0-000b failed with error -121
[    3.554915] tegra-wdt 60005000.timer: initialized (heartbeat = 120 sec, nowayout = 0)
[    3.563580] sdhci: Secure Digital Host Controller Interface driver
[    3.569748] sdhci: Copyright(c) Pierre Ossman
[    3.574118] sdhci-pltfm: SDHCI platform and OF driver helper
[    3.580156] sdhci-tegra 78000400.sdhci: Got CD GPIO
[    3.585069] sdhci-tegra 78000400.sdhci: Got WP GPIO
[    3.591136] mmc0: Invalid maximum block size, assuming 512 bytes
[    3.643322] mmc0: SDHCI controller on 78000400.sdhci [78000400.sdhci] using ADMA
[    3.656225] mmc1: Invalid maximum block size, assuming 512 bytes
[    3.713188] mmc1: SDHCI controller on 78000600.sdhci [78000600.sdhci] using ADMA
[    3.730997] usbcore: registered new interface driver usbhid
[    3.738627] usbhid: USB HID core driver
[    3.794636] mmc0: new high speed SDHC card at address aaaa
[    3.801237] mmcblk0: mmc0:aaaa SL16G 14.8 GiB 
[    3.807002] mmc1: new high speed MMC card at address 0001
[    3.813624] mmcblk1: mmc1:0001 SEM32G 29.1 GiB 
[    3.818624] mmcblk1boot0: mmc1:0001 SEM32G partition 1 4.00 MiB
[    3.825310] mmcblk1boot1: mmc1:0001 SEM32G partition 2 4.00 MiB
[    3.831757] mmcblk1rpmb: mmc1:0001 SEM32G partition 3 4.00 MiB
[    3.841073]  mmcblk1: p1 p2 p3 p4 p5 p6 p7 p8
[    3.845646]  mmcblk0: p1 p2 p3
[    4.186393] tegra30-i2s 70080400.i2s: DMA channels sourced from device 70080000.ahub
[    4.203894] tegra-snd-rt5640 sound: rt5640-aif1 <-> 70080400.i2s mapping ok
[    4.216574] input: NVIDIA Tegra Dalmore Headphones as /devices/soc0/sound/sound/card0/input0
[    4.443067] NET: Registered protocol family 10
[    4.563095] mip6: Mobile IPv6
[    4.566063] sit: IPv6 over IPv4 tunneling driver
[    4.573878] NET: Registered protocol family 17
[    4.578360] NET: Registered protocol family 15
[    4.582798] can: controller area network core (rev 20120528 abi 9)
[    4.613189] NET: Registered protocol family 29
[    4.617632] can: raw protocol (rev 20120528)
[    4.621896] can: broadcast manager protocol (rev 20120528 t)
[    4.627588] can: netlink gateway (rev 20130117) max_hops=1
[    4.663187] Bluetooth: RFCOMM socket layer initialized
[    4.668345] Bluetooth: RFCOMM ver 1.11
[    4.672102] Bluetooth: BNEP (Ethernet Emulation) ver 1.3
[    4.677438] Bluetooth: BNEP socket layer initialized
[    4.682397] Bluetooth: HIDP (Human Interface Emulation) ver 1.2
[    4.688344] Bluetooth: HIDP socket layer initialized
[    4.693641] Key type dns_resolver registered
[    4.699278] Registering SWP/SWPB emulation handler
[    4.706616] usb1_vbus: supplied by vdd-sys-5v0
[    4.712214] usb2_vbus: supplied by vdd-sys-5v0
[    4.720340] VDD_5V0_HDMI_CON: supplied by vdd-sys-5v0
[    4.731931] [drm] Supports vblank timestamp caching Rev 2 (21.10.2013).
[    4.738626] [drm] No driver support for vblank timestamp query.
[    4.804364] Console: switching to colour frame buffer device 240x75
[    4.831859] drm drm: fb0:  frame buffer device
[    4.863188] [drm] Initialized tegra 0.0.0 20120330 on minor 0
[    4.870034] tegra-ehci 7d008000.usb: EHCI Host Controller
[    4.875580] tegra-ehci 7d008000.usb: new USB bus registered, assigned bus number 1
[    4.883657] tegra-ehci 7d008000.usb: irq 339, io mem 0x7d008000
[    4.903188] tegra-ehci 7d008000.usb: USB 2.0 started, EHCI 1.10
[    4.911022] hub 1-0:1.0: USB hub found
[    4.914851] hub 1-0:1.0: 1 port detected
[    4.921250] input: gpio-keys as /devices/soc0/gpio-keys/input/input1
[    4.930412] palmas-rtc 7000d000.i2c:tps65913@58:rtc: setting system clock to 2000-02-20 22:38:22 UTC (951086302)
[    4.961653] dvdd_ts: disabling
[    4.964840] usb1_vbus: disabling
[    4.968086] vdd_cam_1v8_reg: disabling
[    4.972116] ALSA device list:
[    4.975126]   #0: NVIDIA Tegra Dalmore
[    4.980256] EXT4-fs (mmcblk1p1): mounting ext3 file system using the ext4 subsystem
[    5.043856] EXT4-fs (mmcblk1p1): recovery complete
[    5.048660] EXT4-fs (mmcblk1p1): mounted filesystem with ordered data mode. Opts: (null)
[    5.056884] VFS: Mounted root (ext3 filesystem) on device 179:17.
[    5.068941] devtmpfs: mounted
[    5.072983] Freeing unused kernel memory: 1024K (c0b00000 - c0c00000)
bash: cannot set terminal process group (-1): Inappropriate ioctl for device
bash: no job control in this shell
[    5.233154] usb 1-1: new high-speed USB device number 2 using tegra-ehci
root@(none):/# mount -t sysfs none /sys
[    6.233317] asix 1-1:1.0 eth0: register 'asix' at usb-7d008000.usb-1, ASIX AX88772 USB 2.0 Ethernet, 00:50:b6:0d:b5:16
root@(none):/# 
root@(none):/# mount -t debugfs none /sys/kernel/debug
root@(none):/# 
root@(none):/# rtcwake -d rtc1 -m mem -s 3
rtcwake: assuming RTC uses UTC ...
rtcwake: wakeup from "mem" using /dev/rtc1 at Thu Jan  1 00:00:22 1970
[    8.283369] PM: Syncing filesystems ... done.
[    8.311509] Freezing user space processes ... (elapsed 0.008 seconds) done.
[    8.311517] Freezing remaining freezable tasks ... (elapsed 0.007 seconds) done.
[    8.326398] Suspending console(s) (use no_console_suspend to debug)
[    8.405399] PM: suspend of devices complete after 71.374 msecs
[    8.407102] PM: late suspend of devices complete after 1.693 msecs
[    8.408773] PM: noirq suspend of devices complete after 1.662 msecs
[    8.408777] Disabling non-boot CPUs ...
[    8.443511] CPU1: shutdown
[    8.533180] IRQ16 no longer affine to CPU2
[    8.533561] CPU2: shutdown
[    8.593553] CPU3: shutdown
[    8.625540] Entering suspend state LP1
[    8.625589] Enabling non-boot CPUs ...
[    8.676489] CPU1 is up
[    8.727152] CPU2 is up
[    8.777914] CPU3 is up
[    8.778989] PM: noirq resume of devices complete after 1.064 msecs
[    8.781357] PM: early resume of devices complete after 1.720 msecs
[    8.885038] PM: resume of devices complete after 103.663 msecs
[    8.953690] Restarting tasks ... done.
root@(none):/# 
root@(none):/# rtcwake -d rtc1 -m mem -s 3
rtcwake: assuming RTC uses UTC ...
rtcwake: wakeup from "mem" using /dev/rtc1 at Thu Jan  1 00:00:31 1970
[    9.575764] PM: Syncing filesystems ... done.
[    9.602882] Freezing user space processes ... (elapsed 0.009 seconds) done.
[    9.602889] Freezing remaining freezable tasks ... (elapsed 0.007 seconds) done.
[    9.617749] Suspending console(s) (use no_console_suspend to debug)
[    9.695177] PM: suspend of devices complete after 69.839 msecs
[    9.696851] PM: late suspend of devices complete after 1.664 msecs
[    9.698512] PM: noirq suspend of devices complete after 1.653 msecs
[    9.698516] Disabling non-boot CPUs ...
[    9.723519] CPU1: shutdown
[    9.783529] CPU2: shutdown
[    9.843157] IRQ16 no longer affine to CPU3
[    9.843531] CPU3: shutdown
[    9.875462] Entering suspend state LP1
[    9.875509] Enabling non-boot CPUs ...
[    9.926440] CPU1 is up
[    9.977122] CPU2 is up
[   10.027880] CPU3 is up
[   10.028956] PM: noirq resume of devices complete after 1.066 msecs
[   10.031151] PM: early resume of devices complete after 1.534 msecs
[   10.135017] PM: resume of devices complete after 103.848 msecs
[   10.203681] Restarting tasks ... done.
root@(none):/# 
root@(none):/# rtcwake -d rtc1 -m mem -s 3
rtcwake: assuming RTC uses UTC ...
rtcwake: wakeup from "mem" using /dev/rtc1 at Thu Jan  1 00:00:40 1970
[   10.814878] PM: Syncing filesystems ... done.
[   10.841945] Freezing user space processes ... (elapsed 0.008 seconds) done.
[   10.849348] Freezing remaining freezable tasks ... (elapsed 0.007 seconds) done.
[   10.849352] Suspending console(s) (use no_console_suspend to debug)
[   10.925374] PM: suspend of devices complete after 60.978 msecs
[   10.927376] PM: late suspend of devices complete after 1.984 msecs
[   10.929103] PM: noirq suspend of devices complete after 1.717 msecs
[   10.929108] Disabling non-boot CPUs ...
[   10.953443] CPU1: shutdown
[   11.023494] CPU2: shutdown
[   11.083472] CPU3: shutdown
[   11.115422] Entering suspend state LP1
[   11.115471] Enabling non-boot CPUs ...
[   11.166458] CPU1 is up
[   11.217093] CPU2 is up
[   11.267838] CPU3 is up
[   11.269017] PM: noirq resume of devices complete after 1.169 msecs
[   11.271226] PM: early resume of devices complete after 1.562 msecs
[   11.375137] PM: resume of devices complete after 103.890 msecs
[   11.439586] Restarting tasks ... done.
root@(none):/# 
root@(none):/# rtcwake -d rtc1 -m mem -s 3
rtcwake: assuming RTC uses UTC ...
rtcwake: wakeup from "mem" using /dev/rtc1 at Thu Jan  1 00:00:49 1970
[   12.049738] PM: Syncing filesystems ... done.
[   12.077201] Freezing user space processes ... (elapsed 0.003 seconds) done.
[   12.077209] Freezing remaining freezable tasks ... (elapsed 0.007 seconds) done.
[   12.092087] Suspending console(s) (use no_console_suspend to debug)
[   12.165119] PM: suspend of devices complete after 65.416 msecs
[   12.166850] PM: late suspend of devices complete after 1.715 msecs
[   12.168540] PM: noirq suspend of devices complete after 1.680 msecs
[   12.168544] Disabling non-boot CPUs ...
[   12.193456] CPU1: shutdown
[   12.253095] IRQ16 no longer affine to CPU2
[   12.253474] CPU2: shutdown
[   12.313435] CPU3: shutdown
[   12.345380] Entering suspend state LP1
[   12.345430] Enabling non-boot CPUs ...
[   12.396382] CPU1 is up
[   12.447040] CPU2 is up
[   12.497767] CPU3 is up
[   12.498954] PM: noirq resume of devices complete after 1.176 msecs
[   12.501424] PM: early resume of devices complete after 1.807 msecs
[   12.605085] PM: resume of devices complete after 103.641 msecs
[   12.673579] Restarting tasks ... done.
root@(none):/# 
root@(none):/# rtcwake -d rtc1 -m mem -s 3
rtcwake: assuming RTC uses UTC ...
rtcwake: wakeup from "mem" using /dev/rtc1 at Thu Jan  1 00:00:58 1970
[   13.286157] PM: Syncing filesystems ... done.
[   13.313063] Freezing user space processes ... (elapsed 0.009 seconds) done.
[   13.320579] Freezing remaining freezable tasks ... (elapsed 0.007 seconds) done.
[   13.320583] Suspending console(s) (use no_console_suspend to debug)
[   13.394973] PM: suspend of devices complete after 59.321 msecs
[   13.396933] PM: late suspend of devices complete after 1.943 msecs
[   13.398543] PM: noirq suspend of devices complete after 1.600 msecs
[   13.398548] Disabling non-boot CPUs ...
[   13.423413] CPU1: shutdown
[   13.483050] IRQ16 no longer affine to CPU2
[   13.483423] CPU2: shutdown
[   13.543384] CPU3: shutdown
[   13.575350] Entering suspend state LP1
[   13.575399] Enabling non-boot CPUs ...
[   13.626322] CPU1 is up
[   13.676984] CPU2 is up
[   13.727736] CPU3 is up
[   13.728833] PM: noirq resume of devices complete after 1.085 msecs
[   13.731024] PM: early resume of devices complete after 1.549 msecs
[   13.824862] PM: resume of devices complete after 93.819 msecs
[   13.893418] Restarting tasks ... done.
root@(none):/# 
root@(none):/# rtcwake -d rtc1 -m mem -s 3
rtcwake: assuming RTC uses UTC ...
rtcwake: wakeup from "mem" using /dev/rtc1 at Thu Jan  1 00:01:07 1970
[   14.512259] PM: Syncing filesystems ... done.
[   14.539165] Freezing user space processes ... (elapsed 0.005 seconds) done.
[   14.539173] Freezing remaining freezable tasks ... (elapsed 0.007 seconds) done.
[   14.554086] Suspending console(s) (use no_console_suspend to debug)
[   14.625225] PM: suspend of devices complete after 63.575 msecs
[   14.626899] PM: late suspend of devices complete after 1.665 msecs
[   14.628556] PM: noirq suspend of devices complete after 1.648 msecs
[   14.628560] Disabling non-boot CPUs ...
[   14.653363] CPU1: shutdown
[   14.713006] IRQ16 no longer affine to CPU2
[   14.713381] CPU2: shutdown
[   14.773368] CPU3: shutdown
[   14.805289] Entering suspend state LP1
[   14.805338] Enabling non-boot CPUs ...
[   14.856269] CPU1 is up
[   14.906960] CPU2 is up
[   14.957704] CPU3 is up
[   14.958771] PM: noirq resume of devices complete after 1.056 msecs
[   14.960769] PM: early resume of devices complete after 1.338 msecs
[   15.054864] PM: resume of devices complete after 94.077 msecs
[   15.123352] Restarting tasks ... done.
root@(none):/# 
root@(none):/# rtcwake -d rtc1 -m mem -s 3
rtcwake: assuming RTC uses UTC ...
rtcwake: wakeup from "mem" using /dev/rtc1 at Thu Jan  1 00:01:16 1970
[   15.741742] PM: Syncing filesystems ... done.
[   15.768654] Freezing user space processes ... (elapsed 0.005 seconds) done.
[   15.768662] Freezing remaining freezable tasks ... (elapsed 0.012 seconds) done.
[   15.783609] Suspending console(s) (use no_console_suspend to debug)
[   15.854723] PM: suspend of devices complete after 63.549 msecs
[   15.856412] PM: late suspend of devices complete after 1.679 msecs
[   15.858070] PM: noirq suspend of devices complete after 1.649 msecs
[   15.858074] Disabling non-boot CPUs ...
[   15.882976] IRQ16 no longer affine to CPU1
[   15.883341] CPU1: shutdown
[   15.943330] CPU2: shutdown
[   16.003315] CPU3: shutdown
[   16.035257] Entering suspend state LP1
[   16.035305] Enabling non-boot CPUs ...
[   16.086243] CPU1 is up
[   16.136912] CPU2 is up
[   16.187678] CPU3 is up
[   16.188778] PM: noirq resume of devices complete after 1.089 msecs
[   16.190915] PM: early resume of devices complete after 1.482 msecs
[   16.284963] PM: resume of devices complete after 94.028 msecs
[   16.353397] Restarting tasks ... done.
root@(none):/# 
root@(none):/# rtcwake -d rtc1 -m mem -s 3
rtcwake: assuming RTC uses UTC ...
rtcwake: wakeup from "mem" using /dev/rtc1 at Thu Jan  1 00:01:25 1970
[   16.968881] PM: Syncing filesystems ... done.
[   16.996024] Freezing user space processes ... (elapsed 0.002 seconds) done.
[   16.996032] Freezing remaining freezable tasks ... (elapsed 0.007 seconds) done.
[   17.010984] Suspending console(s) (use no_console_suspend to debug)
[   17.085208] PM: suspend of devices complete after 66.570 msecs
[   17.086884] PM: late suspend of devices complete after 1.666 msecs
[   17.088545] PM: noirq suspend of devices complete after 1.652 msecs
[   17.088550] Disabling non-boot CPUs ...
[   17.113282] CPU1: shutdown
[   17.172939] IRQ16 no longer affine to CPU2
[   17.173315] CPU2: shutdown
[   17.233268] CPU3: shutdown
[   17.265213] Entering suspend state LP1
[   17.265262] Enabling non-boot CPUs ...
[   17.316204] CPU1 is up
[   17.366880] CPU2 is up
[   17.417636] CPU3 is up
[   17.418700] PM: noirq resume of devices complete after 1.053 msecs
[   17.421028] PM: early resume of devices complete after 1.663 msecs
[   17.524956] PM: resume of devices complete after 103.909 msecs
[   17.593517] Restarting tasks ... done.
root@(none):/# 
root@(none):/# rtcwake -d rtc1 -m mem -s 3
rtcwake: assuming RTC uses UTC ...
rtcwake: wakeup from "mem" using /dev/rtc1 at Thu Jan  1 00:01:34 1970
[   18.202684] PM: Syncing filesystems ... done.
[   18.229609] Freezing user space processes ... (elapsed 0.006 seconds) done.
[   18.229617] Freezing remaining freezable tasks ... (elapsed 0.007 seconds) done.
[   18.244532] Suspending console(s) (use no_console_suspend to debug)
[   18.315124] PM: suspend of devices complete after 63.029 msecs
[   18.316859] PM: late suspend of devices complete after 1.719 msecs
[   18.318549] PM: noirq suspend of devices complete after 1.680 msecs
[   18.318553] Disabling non-boot CPUs ...
[   18.343241] CPU1: shutdown
[   18.402881] IRQ16 no longer affine to CPU2
[   18.403259] CPU2: shutdown
[   18.463217] CPU3: shutdown
[   18.495169] Entering suspend state LP1
[   18.495218] Enabling non-boot CPUs ...
[   18.546148] CPU1 is up
[   18.596829] CPU2 is up
[   18.647584] CPU3 is up
[   18.648682] PM: noirq resume of devices complete after 1.088 msecs
[   18.650732] PM: early resume of devices complete after 1.414 msecs
[   18.744930] PM: resume of devices complete after 94.178 msecs
[   18.813404] Restarting tasks ... done.
root@(none):/# 
root@(none):/# rtcwake -d rtc1 -m mem -s 3
rtcwake: assuming RTC uses UTC ...
rtcwake: wakeup from "mem" using /dev/rtc1 at Thu Jan  1 00:01:43 1970
[   19.431841] PM: Syncing filesystems ... done.
[   19.458953] Freezing user space processes ... (elapsed 0.005 seconds) done.
[   19.458962] Freezing remaining freezable tasks ... (elapsed 0.007 seconds) done.
[   19.473893] Suspending console(s) (use no_console_suspend to debug)
[   19.544535] PM: suspend of devices complete after 63.079 msecs
[   19.546258] PM: late suspend of devices complete after 1.707 msecs
[   19.547954] PM: noirq suspend of devices complete after 1.685 msecs
[   19.547959] Disabling non-boot CPUs ...
[   19.572870] IRQ16 no longer affine to CPU1
[   19.573236] CPU1: shutdown
[   19.633203] CPU2: shutdown
[   19.693178] CPU3: shutdown
[   19.725119] Entering suspend state LP1
[   19.725168] Enabling non-boot CPUs ...
[   19.776141] CPU1 is up
[   19.826772] CPU2 is up
[   19.877543] CPU3 is up
[   19.878655] PM: noirq resume of devices complete after 1.101 msecs
[   19.880941] PM: early resume of devices complete after 1.639 msecs
[   19.974703] PM: resume of devices complete after 93.743 msecs
[   20.043134] Restarting tasks ... done.
root@(none):/# 
root@(none):/# NVTB SYSTEM SUSPEND TEST COMPLETE
