

U-Boot 2015.04-00466-gedec83e90172 (Mar 14 2016 - 10:42:01)

TEGRA124
Model: Acer Chromebook 13 CB5-311
DRAM:  4 GiB
:   Tegra SD/MMC: 0, Tegra SD/MMC: 1, Tegra SD/MMC: 2
MMC init failed
Using default environment

In:    serial
Out:   serial
Err:   serial
Net:   Net Initialization Skipped
No ethernet found.
Hit any key to stop autoboot:  2  0 
Tegra124 (Nyan-big) # 
Tegra124 (Nyan-big) # usb start
starting USB...
USB0:   USB EHCI 1.10
scanning bus 0 for devices... 2 USB Device(s) found
USB1:   USB EHCI 1.10
scanning bus 1 for devices... 2 USB Device(s) found
       scanning usb for storage devices... 1 Storage Device(s) found
       scanning usb for ethernet devices... 
Warning: asx0 using MAC address from net device
1 Ethernet Device(s) found
Tegra124 (Nyan-big) # mw 0x7000e4a0 0x00080000
Tegra124 (Nyan-big) # setenv bootargs 'ignore_loglevel console=ttyS0,115200n8 rw root=PARTUUID=4d36e82a-b3c0-4b4b-bfcd-afe5217ac023 rootwait gpt debug noinitrd earlyprintk init=/bin/bash'
Tegra124 (Nyan-big) # setenv ipaddr 192.168.100.102; setenv serverip 192.168.100.1; setenv tftpserverip 192.168.100.1
Tegra124 (Nyan-big) # tftpboot 0x82000000 zImage.multi_v7_defconfig
Using asx0 device
TFTP from server 192.168.100.1; our IP address is 192.168.100.102
Filename 'zImage.multi_v7_defconfig'.
Load address: 0x82000000
Loading: *#################################################################
	 #################################################################
	 #################################################################
	 #################################################################
	 #################################################################
	 #################################################################
	 #################################################################
	 #########################################################
	 3.6 MiB/s
done
Bytes transferred = 7509496 (7295f8 hex)
Tegra124 (Nyan-big) # tftpboot 0x83000000 tegra124-nyan-big.dtb
Using asx0 device
TFTP from server 192.168.100.1; our IP address is 192.168.100.102
Filename 'tegra124-nyan-big.dtb'.
Load address: 0x83000000
Loading: *#####
	 3.4 MiB/s
done
Bytes transferred = 68155 (10a3b hex)
Tegra124 (Nyan-big) # bootz 0x82000000 - 0x83000000
Kernel image @ 0x82000000 [ 0x000000 - 0x7295f8 ]
## Flattened Device Tree blob at 83000000
   Booting using the fdt blob at 0x83000000
   Using Device Tree in place at 83000000, end 83013a3a

Starting kernel ...

[    0.000000] Booting Linux on physical CPU 0x0
[    0.000000] Linux version 4.11.0-rc1-next-20170309-157496-g2e62da1 (pwalmsley@sellafield) (gcc version 4.7.3 20130328 (prerelease) (crosstool-NG linaro-1.13.1-4.7-2013.04-20130415 - Linaro GCC 2013.04) ) #1 SMP Fri Mar 17 10:11:16 PDT 2017
[    0.000000] CPU: ARMv7 Processor [413fc0f3] revision 3 (ARMv7), cr=10c5387d
[    0.000000] CPU: div instructions available: patching division code
[    0.000000] CPU: PIPT / VIPT nonaliasing data cache, PIPT instruction cache
[    0.000000] OF: fdt: Machine model: Acer Chromebook 13 CB5-311
[    0.000000] OF: fdt: Ignoring memory range 0x100000000 - 0x17ffff000
[    0.000000] debug: ignoring loglevel setting.
[    0.000000] efi: Getting EFI parameters from FDT:
[    0.000000] efi: UEFI not found.
[    0.000000] cma: Reserved 64 MiB at 0xfb800000
[    0.000000] Memory policy: Data cache writealloc
[    0.000000] On node 0 totalpages: 524287
[    0.000000] free_area_init_node: node 0, pgdat c15397c0, node_mem_map eeff8000
[    0.000000]   DMA zone: 1536 pages used for memmap
[    0.000000]   DMA zone: 0 pages reserved
[    0.000000]   DMA zone: 196608 pages, LIFO batch:31
[    0.000000]   HighMem zone: 327679 pages, LIFO batch:31
[    0.000000] percpu: Embedded 16 pages/cpu @eef85000 s34368 r8192 d22976 u65536
[    0.000000] pcpu-alloc: s34368 r8192 d22976 u65536 alloc=16*4096
[    0.000000] pcpu-alloc: [0] 0 [0] 1 [0] 2 [0] 3 
[    0.000000] Built 1 zonelists in Zone order, mobility grouping on.  Total pages: 522751
[    0.000000] Kernel command line: ignore_loglevel console=ttyS0,115200n8 rw root=PARTUUID=4d36e82a-b3c0-4b4b-bfcd-afe5217ac023 rootwait gpt debug noinitrd earlyprintk init=/bin/bash
[    0.000000] PID hash table entries: 4096 (order: 2, 16384 bytes)
[    0.000000] Dentry cache hash table entries: 131072 (order: 7, 524288 bytes)
[    0.000000] Inode-cache hash table entries: 65536 (order: 6, 262144 bytes)
[    0.000000] Memory: 1994792K/2097148K available (10240K kernel code, 1260K rwdata, 4228K rodata, 2048K init, 407K bss, 36820K reserved, 65536K cma-reserved, 1245180K highmem)
[    0.000000] Virtual kernel memory layout:
[    0.000000]     vector  : 0xffff0000 - 0xffff1000   (   4 kB)
[    0.000000]     fixmap  : 0xffc00000 - 0xfff00000   (3072 kB)
[    0.000000]     vmalloc : 0xf0800000 - 0xff800000   ( 240 MB)
[    0.000000]     lowmem  : 0xc0000000 - 0xf0000000   ( 768 MB)
[    0.000000]     pkmap   : 0xbfe00000 - 0xc0000000   (   2 MB)
[    0.000000]     modules : 0xbf000000 - 0xbfe00000   (  14 MB)
[    0.000000]       .text : 0xc0208000 - 0xc0d00000   (11232 kB)
[    0.000000]       .init : 0xc1200000 - 0xc1400000   (2048 kB)
[    0.000000]       .data : 0xc1400000 - 0xc153b120   (1261 kB)
[    0.000000]        .bss : 0xc153d000 - 0xc15a2cb8   ( 408 kB)
[    0.000000] SLUB: HWalign=64, Order=0-3, MinObjects=0, CPUs=4, Nodes=1
[    0.000000] Hierarchical RCU implementation.
[    0.000000] 	RCU debugfs-based tracing is enabled.
[    0.000000] 	RCU restricting CPUs from NR_CPUS=16 to nr_cpu_ids=4.
[    0.000000] RCU: Adjusting geometry for rcu_fanout_leaf=16, nr_cpu_ids=4
[    0.000000] NR_IRQS:16 nr_irqs:16 16
[    0.000000] /interrupt-controller@60004000: 160 interrupts forwarded to /interrupt-controller@50041000
[    0.000000] Tegra clk 127: register failed with -17
[    0.000003] sched_clock: 32 bits at 1000kHz, resolution 1000ns, wraps every 2147483647500ns
[    0.000013] clocksource: timer_us: mask: 0xffffffff max_cycles: 0xffffffff, max_idle_ns: 1911260446275 ns
[    0.000019] Switching to timer-based delay loop, resolution 1000ns
[    0.001855] arm_arch_timer: Architected cp15 timer(s) running at 12.00MHz (virt).
[    0.001862] clocksource: arch_sys_counter: mask: 0xffffffffffffff max_cycles: 0x2c47f4ee7, max_idle_ns: 440795202497 ns
[    0.001869] sched_clock: 56 bits at 12MHz, resolution 83ns, wraps every 4398046511096ns
[    0.001874] Switching to timer-based delay loop, resolution 83ns
[    0.002088] Console: colour dummy device 80x30
[    0.002102] Calibrating delay loop (skipped), value calculated using timer frequency.. 24.00 BogoMIPS (lpj=120000)
[    0.002109] pid_max: default: 32768 minimum: 301
[    0.002154] Mount-cache hash table entries: 2048 (order: 1, 8192 bytes)
[    0.002159] Mountpoint-cache hash table entries: 2048 (order: 1, 8192 bytes)
[    0.002352] CPU: Testing write buffer coherency: ok
[    0.002475] /cpus/cpu@0 missing clock-frequency property
[    0.002490] /cpus/cpu@1 missing clock-frequency property
[    0.002504] /cpus/cpu@2 missing clock-frequency property
[    0.002519] /cpus/cpu@3 missing clock-frequency property
[    0.002524] CPU0: thread -1, cpu 0, socket 0, mpidr 80000000
[    0.002605] Setting up static identity map for 0x80300000 - 0x80300098
[    0.003977] Tegra Revision: A01 SKU: 131 CPU Process: 1 SoC Process: 1
[    0.004208] EFI services will not be available.
[    0.004306] smp: Bringing up secondary CPUs ...
[    0.004545] CPU1: thread -1, cpu 1, socket 0, mpidr 80000001
[    0.011970] CPU2: thread -1, cpu 2, socket 0, mpidr 80000002
[    0.021970] CPU3: thread -1, cpu 3, socket 0, mpidr 80000003
[    0.031750] smp: Brought up 1 node, 4 CPUs
[    0.031758] SMP: Total of 4 processors activated (96.00 BogoMIPS).
[    0.031762] CPU: All CPU(s) started in SVC mode.
[    0.032318] devtmpfs: initialized
[    0.038070] VFP support v0.3: implementor 41 architecture 4 part 30 variant f rev 0
[    0.038256] clocksource: jiffies: mask: 0xffffffff max_cycles: 0xffffffff, max_idle_ns: 19112604462750000 ns
[    0.038263] futex hash table entries: 1024 (order: 4, 65536 bytes)
[    0.038832] pinctrl core: initialized pinctrl subsystem
[    0.039600] NET: Registered protocol family 16
[    0.040344] DMA: preallocated 256 KiB pool for atomic coherent allocations
[    0.041244] cpuidle: using governor menu
[    0.050337] No ATAGs?
[    0.050393] hw-breakpoint: found 5 (+1 reserved) breakpoint and 4 watchpoint registers.
[    0.050399] hw-breakpoint: maximum watchpoint size is 8 bytes.
[    0.052954] Serial: AMBA PL011 UART driver
[    0.053301] tegra-mc 70019000.memory-controller: no memory timings for RAM code 0 registered
[    0.058591] AT91: Could not find identification node
[    0.058783] +5V_SYS: supplied by +VDD_MUX
[    0.058878] +3.3V_SYS: supplied by +VDD_MUX
[    0.059082] +VDD_LED: Failed to request enable GPIO122: -517
[    0.059088] reg-fixed-voltage regulators:regulator@5: Failed to register regulator: -517
[    0.059120] +5V_VDD_TS_SW: Failed to request enable GPIO81: -517
[    0.059125] reg-fixed-voltage regulators:regulator@6: Failed to register regulator: -517
[    0.059155] +5V_USB_HS: Failed to request enable GPIO108: -517
[    0.059160] reg-fixed-voltage regulators:regulator@7: Failed to register regulator: -517
[    0.059191] +5V_USB_SS: Failed to request enable GPIO109: -517
[    0.059196] reg-fixed-voltage regulators:regulator@8: Failed to register regulator: -517
[    0.059275] +1.05V_RUN_AVDD_HDMI_PLL: Failed to request enable GPIO63: -517
[    0.059279] reg-fixed-voltage regulators:regulator@11: Failed to register regulator: -517
[    0.059309] +5V_HDMI_CON: Failed to request enable GPIO86: -517
[    0.059314] reg-fixed-voltage regulators:regulator@12: Failed to register regulator: -517
[    0.060371] vgaarb: loaded
[    0.060639] SCSI subsystem initialized
[    0.060709] libata version 3.00 loaded.
[    0.060798] usbcore: registered new interface driver usbfs
[    0.060818] usbcore: registered new interface driver hub
[    0.060843] usbcore: registered new device driver usb
[    0.062124] pps_core: LinuxPPS API ver. 1 registered
[    0.062129] pps_core: Software ver. 5.3.6 - Copyright 2005-2007 Rodolfo Giometti <giometti@linux.it>
[    0.062136] PTP clock support registered
[    0.062205] EDAC MC: Ver: 3.0.0
[    0.062604] tegra-emc 7001b000.emc: no memory timings for RAM code 0 found in DT
[    0.062614] tegra-emc: probe of 7001b000.emc failed with error -2
[    0.063048] clocksource: Switched to clocksource arch_sys_counter
[    0.066279] NET: Registered protocol family 2
[    0.066471] TCP established hash table entries: 8192 (order: 3, 32768 bytes)
[    0.066505] TCP bind hash table entries: 8192 (order: 4, 65536 bytes)
[    0.066567] TCP: Hash tables configured (established 8192 bind 8192)
[    0.066600] UDP hash table entries: 512 (order: 2, 16384 bytes)
[    0.066615] UDP-Lite hash table entries: 512 (order: 2, 16384 bytes)
[    0.066673] NET: Registered protocol family 1
[    0.066795] RPC: Registered named UNIX socket transport module.
[    0.066798] RPC: Registered udp transport module.
[    0.066801] RPC: Registered tcp transport module.
[    0.066804] RPC: Registered tcp NFSv4.1 backchannel transport module.
[    0.066809] PCI: CLS 0 bytes, default 64
[    0.067254] hw perfevents: enabled with armv7_cortex_a15 PMU driver, 7 counters available
[    0.067944] workingset: timestamp_bits=30 max_order=19 bucket_order=0
[    0.070711] squashfs: version 4.0 (2009/01/31) Phillip Lougher
[    0.070955] NFS: Registering the id_resolver key type
[    0.070968] Key type id_resolver registered
[    0.070971] Key type id_legacy registered
[    0.070988] ntfs: driver 2.1.32 [Flags: R/O].
[    0.071569] bounce: pool size: 64 pages
[    0.071587] Block layer SCSI generic (bsg) driver version 0.4 loaded (major 248)
[    0.071591] io scheduler noop registered
[    0.071595] io scheduler deadline registered
[    0.071649] io scheduler cfq registered (default)
[    0.071653] io scheduler mq-deadline registered
[    0.073488] tegra-xusb-padctl 7009f000.padctl: failed to setup XUSB ports: -517
[    0.082944] tegra-apbdma 60020000.dma: Tegra20 APB DMA driver register 32 channels
[    0.083639] tegra-pmc 7000e400.pmc: i2c-thermtrip node not found, emergency thermal reset disabled.
[    0.102661] Serial: 8250/16550 driver, 4 ports, IRQ sharing disabled
[    0.103746] console [ttyS0] disabled
[    0.103762] 70006000.serial: ttyS0 at MMIO 0x70006000 (irq = 333, base_baud = 25500000) is a Tegra
[    0.987959] console [ttyS0] enabled
[    0.991718] SuperH (H)SCI(F) driver initialized
[    0.996572] msm_serial: driver initialized
[    1.000716] STMicroelectronics ASC driver initialized
[    1.008251] tegra-hdmi 54280000.hdmi: failed to get HDMI regulator
[    1.014785] tegra-dpaux 545c0000.dpaux: failed to get VDD supply: -517
[    1.022079] panel-simple panel: panel supply power not found, using dummy regulator
[    1.033262] brd: module loaded
[    1.038947] loop: module loaded
[    1.043002] as3722 4-0040: AS3722 with revision 0x1 found
[    1.052987] as3722-sd2: supplied by +5V_SYS
[    1.057406] as3722-sd3: supplied by +5V_SYS
[    1.061733] +1.35V_LP0(sd3): Bringing 0uV into 1350000-1350000uV
[    1.067949] as3722-sd4: supplied by +5V_SYS
[    1.072275] +1.05V_RUN: Bringing 0uV into 1050000-1050000uV
[    1.078013] as3722-sd5: supplied by +5V_SYS
[    1.083573] as3722-ldo0: supplied by +1.35V_LP0(sd2)
[    1.089296] +1.8V_RUN_CAM: Bringing 0uV into 1800000-1800000uV
[    1.095312] as3722-ldo2: supplied by +1.8V_VDDIO
[    1.100923] as3722-ldo3: supplied by +3.3V_SYS
[    1.105375] +1.00V_LP0_VDD_RTC: Bringing 1100000uV into 1000000-1000000uV
[    1.112940] as3722-ldo4: supplied by +3.3V_SYS
[    1.117549] +3.3V_RUN_CAM: Bringing 0uV into 2800000-2800000uV
[    1.123560] as3722-ldo5: supplied by +1.8V_VDDIO
[    1.128324] +1.2V_RUN_CAM_FRONT: Bringing 0uV into 1200000-1200000uV
[    1.135003] +VDDIO_SDMMC3: Bringing 0uV into 1800000-1800000uV
[    1.141014] as3722-ldo7: supplied by +1.8V_VDDIO
[    1.145785] +1.05V_RUN_CAM_REAR: Bringing 0uV into 1050000-1050000uV
[    1.152319] as3722-ldo9: supplied by +5V_SYS
[    1.156888] +2.8V_RUN_TOUCH: Bringing 0uV into 2800000-2800000uV
[    1.163081] as3722-ldo10: supplied by +5V_SYS
[    1.167584] +2.8V_RUN_CAM_AF: Bringing 0uV into 2800000-2800000uV
[    1.174015] +1.8V_RUN_VPP_FUSE: Bringing 0uV into 1800000-1800000uV
[    1.186328] random: fast init done
[    1.192151] m25p80 spi32765.0: w25q32dw (4096 Kbytes)
[    1.198231] libphy: Fixed MDIO Bus: probed
[    1.202696] CAN device driver interface
[    1.206846] bgmac_bcma: Broadcom 47xx GBit MAC driver loaded
[    1.212935] e1000e: Intel(R) PRO/1000 Network Driver - 3.2.6-k
[    1.218758] e1000e: Copyright(c) 1999 - 2015 Intel Corporation.
[    1.224689] igb: Intel(R) Gigabit Ethernet Network Driver - version 5.4.0-k
[    1.231633] igb: Copyright (c) 2007-2014 Intel Corporation.
[    1.238379] pegasus: v0.9.3 (2013/04/25), Pegasus/Pegasus II USB Ethernet driver
[    1.245783] usbcore: registered new interface driver pegasus
[    1.251441] usbcore: registered new interface driver asix
[    1.256842] usbcore: registered new interface driver ax88179_178a
[    1.262930] usbcore: registered new interface driver cdc_ether
[    1.268767] usbcore: registered new interface driver smsc75xx
[    1.274518] usbcore: registered new interface driver smsc95xx
[    1.280261] usbcore: registered new interface driver net1080
[    1.285921] usbcore: registered new interface driver cdc_subset
[    1.291834] usbcore: registered new interface driver zaurus
[    1.297415] usbcore: registered new interface driver cdc_ncm
[    1.303688] ehci_hcd: USB 2.0 'Enhanced' Host Controller (EHCI) Driver
[    1.310198] ehci-pci: EHCI PCI platform driver
[    1.314648] ehci-platform: EHCI generic platform driver
[    1.319927] ehci-orion: EHCI orion driver
[    1.323974] SPEAr-ehci: EHCI SPEAr driver
[    1.328017] ehci-st: EHCI STMicroelectronics driver
[    1.332926] ehci-exynos: EHCI EXYNOS driver
[    1.337154] ehci-atmel: EHCI Atmel driver
[    1.341198] tegra-ehci: Tegra EHCI driver
[    1.345266] ohci_hcd: USB 1.1 'Open' Host Controller (OHCI) Driver
[    1.351434] ohci-pci: OHCI PCI platform driver
[    1.355885] ohci-platform: OHCI generic platform driver
[    1.361147] ohci-omap3: OHCI OMAP3 driver
[    1.365196] SPEAr-ohci: OHCI SPEAr driver
[    1.369239] ohci-st: OHCI STMicroelectronics driver
[    1.374155] ohci-atmel: OHCI Atmel driver
[    1.378403] usbcore: registered new interface driver usb-storage
[    1.385443] elan_i2c 1-0015: 1-0015 supply vcc not found, using dummy regulator
[    1.394016] as3722-rtc as3722-rtc: rtc core: registered as3722-rtc as rtc0
[    1.400874] as3722-rtc as3722-rtc: RTC interrupt 372
[    1.407768] tegra_rtc 7000e000.rtc: rtc core: registered 7000e000.rtc as rtc1
[    1.414907] tegra_rtc 7000e000.rtc: Tegra internal Real Time Clock
[    1.421249] i2c /dev entries driver
[    1.427050] lm90 0-004c: 0-004c supply vcc not found, using dummy regulator
[    1.438363] sdhci: Secure Digital Host Controller Interface driver
[    1.444544] sdhci: Copyright(c) Pierre Ossman
[    1.449421] Synopsys Designware Multimedia Card Interface Driver
[    1.455803] sdhci-pltfm: SDHCI platform and OF driver helper
[    1.461716] sdhci-tegra 700b0000.sdhci: allocated mmc-pwrseq
[    1.467482] sdhci-tegra 700b0400.sdhci: Got CD GPIO
[    1.472352] sdhci-tegra 700b0400.sdhci: Got WP GPIO
[    1.477336] mmc0: Unknown controller version (3). You may experience problems.
[    1.484577] mmc0: Invalid maximum block size, assuming 512 bytes
[    1.553053] mmc0: SDHCI controller on 700b0600.sdhci [700b0600.sdhci] using ADMA
[    1.561119] ledtrig-cpu: registered to indicate activity on CPUs
[    1.567242] usbcore: registered new interface driver usbhid
[    1.572797] usbhid: USB HID core driver
[    1.577954] NET: Registered protocol family 10
[    1.582787] Segment Routing with IPv6
[    1.586491] sit: IPv6, IPv4 and MPLS over IPv4 tunneling driver
[    1.592620] NET: Registered protocol family 17
[    1.597067] can: controller area network core (rev 20120528 abi 9)
[    1.603309] NET: Registered protocol family 29
[    1.607745] can: raw protocol (rev 20120528)
[    1.612009] can: broadcast manager protocol (rev 20161123 t)
[    1.617666] can: netlink gateway (rev 20130117) max_hops=1
[    1.623273] Key type dns_resolver registered
[    1.627546] elan_i2c 1-0015: Elan Touchpad: Module ID: 0x002a, Firmware: 0x0005, Sample: 0x0007, IAP: 0x0009
[    1.637488] ThumbEE CPU extension supported.
[    1.637536] input: Elan Touchpad as /devices/soc0/7000c400.i2c/i2c-1/1-0015/input/input0
[    1.649821] Registering SWP/SWPB emulation handler
[    1.662010] +3.3V_RUN: supplied by +3.3V_SYS
[    1.668201] +VDD_LED: supplied by +VDD_MUX
[    1.672487] +3.3V_AVDD_HDMI_AP_GATED: supplied by +3.3V_RUN
[    1.678166] +1.8V_RUN_CAM: supplied by +3.3V_RUN
[    1.682803] +VDDIO_SDMMC3: supplied by +3.3V_RUN
[    1.687530] +1.8V_RUN_VPP_FUSE: supplied by +3.3V_RUN
[    1.692775] +5V_VDD_TS_SW: supplied by +5V_SYS
[    1.697562] +5V_USB_HS: supplied by +5V_SYS
[    1.701905] +5V_USB_SS: supplied by +5V_SYS
[    1.707205] +3.3V_PANEL: supplied by +3.3V_RUN
[    1.712813] +3.3V_LP0: supplied by +3.3V_SYS
[    1.714861] mmc0: new high speed MMC card at address 0001
[    1.715398] mmcblk0: mmc0:0001 MMC16G 14.4 GiB 
[    1.715905] mmcblk0boot0: mmc0:0001 MMC16G partition 1 2.00 MiB
[    1.716331] mmcblk0boot1: mmc0:0001 MMC16G partition 2 2.00 MiB
[    1.716956] mmcblk0rpmb: mmc0:0001 MMC16G partition 3 128 KiB
[    1.730995]  mmcblk0: p1 p2 p3 p4 p5 p6 p7 p8 p9 p10 p11 p12
[    1.750999] +1.05V_RUN_AVDD_HDMI_PLL: supplied by +1.05V_RUN
[    1.751213] elan_i2c 1-0015: failed to read report data: -121
[    1.751505] elan_i2c 1-0015: failed to read report data: -121
[    1.768495] +5V_HDMI_CON: supplied by +5V_SYS
[    1.773646]  usb3-0: usb3-0 supply vbus not found, using dummy regulator
[    1.780375]  usb3-1: usb3-1 supply vbus not found, using dummy regulator
[    1.790612] tegra-sor 54540000.sor: failed to probe output: -517
[    1.797356] panel-simple panel: panel supply power not found, using dummy regulator
[    1.806033] sdhci-tegra 700b0000.sdhci: allocated mmc-pwrseq
[    1.811760] mmc1: Unknown controller version (3). You may experience problems.
[    1.819029] mmc1: Invalid maximum block size, assuming 512 bytes
[    1.825402] mmc1: Switching to 3.3V signalling voltage failed
[    1.883133] mmc1: SDHCI controller on 700b0000.sdhci [700b0000.sdhci] using ADMA
[    1.891229] sdhci-tegra 700b0400.sdhci: Got CD GPIO
[    1.896110] sdhci-tegra 700b0400.sdhci: Got WP GPIO
[    1.901068] mmc2: Unknown controller version (3). You may experience problems.
[    1.908342] mmc2: Invalid maximum block size, assuming 512 bytes
[    1.909559] elan_i2c 1-0015: invalid report id data (ff)
[    1.960512] mmc1: new high speed SDIO card at address 0001
[    1.983135] mmc2: SDHCI controller on 700b0400.sdhci [700b0400.sdhci] using ADMA
[    2.087776] [drm] Supports vblank timestamp caching Rev 2 (21.10.2013).
[    2.094405] [drm] No driver support for vblank timestamp query.
[    2.134823] mmc2: new high speed SDHC card at address 0007
[    2.135293] mmcblk2: mmc2:0007 SD08G 7.42 GiB 
[    2.145162] GPT:Primary header alternate_lba != Alt. header my_lba
[    2.145165] GPT:3014591 != 15564799
[    2.145167] GPT:Primary header thinks Alt. header is not at the end of the disk.
[    2.145168] GPT:3014591 != 15564799
[    2.145169] GPT: Use GNU Parted to correct GPT errors.
[    2.145199]  mmcblk2: p1 p2 p3 p4 p5 p6 p7 p8 p9 p10 p11 p12
[    2.182854] Console: switching to colour frame buffer device 170x48
[    2.247009] drm drm: fb0:  frame buffer device
[    2.251494] [drm] Initialized tegra 0.0.0 20120330 for drm on minor 0
[    2.258894] input: gpio-keys as /devices/soc0/gpio-keys/input/input1
[    2.266515] as3722-rtc as3722-rtc: setting system clock to 2000-01-01 01:13:01 UTC (946689181)
[    2.275665] +1.8V_RUN_CAM: disabling
[    2.279442] +3.3V_RUN_CAM: disabling
[    2.283269] +1.2V_RUN_CAM_FRONT: disabling
[    2.287561] +1.05V_RUN_CAM_REAR: disabling
[    2.291815] +2.8V_RUN_TOUCH: disabling
[    2.295805] +2.8V_RUN_CAM_AF: disabling
[    2.299797] +1.8V_RUN_VPP_FUSE: disabling
[    2.304045] +5V_VDD_TS_SW: disabling
[    2.307618] +5V_USB_HS: disabling
[    2.310922] +5V_USB_SS: disabling
[    2.315166] EXT4-fs (mmcblk0p3): couldn't mount as ext3 due to feature incompatibilities
[    2.323846] EXT4-fs (mmcblk0p3): couldn't mount as ext2 due to feature incompatibilities
[    2.424383] EXT4-fs (mmcblk0p3): recovery complete
[    2.429906] EXT4-fs (mmcblk0p3): mounted filesystem with ordered data mode. Opts: (null)
[    2.438039] VFS: Mounted root (ext4 filesystem) on device 179:3.
[    2.444736] devtmpfs: mounted
[    2.448371] Freeing unused kernel memory: 2048K
bash: cannot set terminal process group (-1): Inappropriate ioctl for device
bash: no job control in this shell
root@(none):/# mount -t sysfs none /sys
root@(none):/# 
root@(none):/# mount -t debugfs none /sys/kernel/debug
root@(none):/# 
root@(none):/# rtcwake -d rtc1 -m mem -s 3
rtcwake: assuming RTC uses UTC ...
rtcwake: wakeup from "mem" using /dev/rtc1 at Thu Jan  1 00:00:28 1970
[    5.853004] PM: Syncing filesystems ... done.
[    5.865922] Freezing user space processes ... (elapsed 0.001 seconds) done.
[    5.874085] Freezing remaining freezable tasks ... (elapsed 0.001 seconds) done.
[    5.882730] Suspending console(s) (use no_console_suspend to debug)
[    5.929690] PM: suspend of devices complete after 40.161 msecs
[    5.931112] PM: late suspend of devices complete after 1.414 msecs
[    5.932037] PM: noirq suspend of devices complete after 0.920 msecs
[    5.932039] Disabling non-boot CPUs ...
[    6.094819] Entering suspend state LP1
[    6.094819] Suspended for 2.946 seconds
[    6.094830] Enabling non-boot CPUs ...
[    6.124584] CPU1 is up
[    6.164405] CPU2 is up
[    6.204609] CPU3 is up
[    6.205078] PM: noirq resume of devices complete after 0.464 msecs
[    6.206512] PM: early resume of devices complete after 1.111 msecs
[    6.362122] mmc1: Switching to 3.3V signalling voltage failed
[    6.613066] tegra-sor 54540000.sor: failed to attach SOR: -110
[    6.649684] PM: resume of devices complete after 443.166 msecs
[    6.720975] Restarting tasks ... done.
root@(none):/# 
root@(none):/# rtcwake -d rtc1 -m mem -s 3
rtcwake: assuming RTC uses UTC ...
rtcwake: wakeup from "mem" using /dev/rtc1 at Thu Jan  1 00:00:33 1970
[    7.992742] PM: Syncing filesystems ... done.
[    8.016538] Freezing user space processes ... (elapsed 0.001 seconds) done.
[    8.024709] Freezing remaining freezable tasks ... (elapsed 0.001 seconds) done.
[    8.033345] Suspending console(s) (use no_console_suspend to debug)
[    8.080576] PM: suspend of devices complete after 40.457 msecs
[    8.081980] PM: late suspend of devices complete after 1.396 msecs
[    8.082798] PM: noirq suspend of devices complete after 0.813 msecs
[    8.082800] Disabling non-boot CPUs ...
[    8.204783] IRQ17 no longer affine to CPU3
[    8.254769] Entering suspend state LP1
[    8.254769] Suspended for 2.840 seconds
[    8.254779] Enabling non-boot CPUs ...
[    8.284577] CPU1 is up
[    8.324389] CPU2 is up
[    8.364595] CPU3 is up
[    8.365063] PM: noirq resume of devices complete after 0.463 msecs
[    8.366440] PM: early resume of devices complete after 1.066 msecs
[    8.523455] mmc1: Switching to 3.3V signalling voltage failed
[    8.783066] tegra-sor 54540000.sor: failed to attach SOR: -110
[    8.811278] PM: resume of devices complete after 444.829 msecs
[    8.886697] Restarting tasks ... done.
root@(none):/# 
root@(none):/# rtcwake -d rtc1 -m mem -s 3
rtcwake: assuming RTC uses UTC ...
rtcwake: wakeup from "mem" using /dev/rtc1 at Thu Jan  1 00:00:38 1970
[   10.152707] PM: Syncing filesystems ... done.
[   10.177953] Freezing user space processes ... (elapsed 0.001 seconds) done.
[   10.186033] Freezing remaining freezable tasks ... (elapsed 0.001 seconds) done.
[   10.194660] Suspending console(s) (use no_console_suspend to debug)
[   10.241642] PM: suspend of devices complete after 40.209 msecs
[   10.242824] PM: late suspend of devices complete after 1.173 msecs
[   10.243761] PM: noirq suspend of devices complete after 0.932 msecs
[   10.243763] Disabling non-boot CPUs ...
[   10.414475] Entering suspend state LP1
[   10.414475] Suspended for 2.839 seconds
[   10.414486] Enabling non-boot CPUs ...
[   10.444560] CPU1 is up
[   10.484368] CPU2 is up
[   10.524568] CPU3 is up
[   10.525007] PM: noirq resume of devices complete after 0.435 msecs
[   10.526375] PM: early resume of devices complete after 1.056 msecs
[   10.683069] mmc1: Switching to 3.3V signalling voltage failed
[   10.943023] tegra-sor 54540000.sor: failed to attach SOR: -110
[   10.970742] PM: resume of devices complete after 444.358 msecs
[   11.042132] Restarting tasks ... done.
root@(none):/# 
root@(none):/# rtcwake -d rtc1 -m mem -s 3
rtcwake: assuming RTC uses UTC ...
rtcwake: wakeup from "mem" using /dev/rtc1 at Thu Jan  1 00:00:43 1970
[   12.312846] PM: Syncing filesystems ... done.
[   12.337469] Freezing user space processes ... (elapsed 0.001 seconds) done.
[   12.345659] Freezing remaining freezable tasks ... (elapsed 0.001 seconds) done.
[   12.354292] Suspending console(s) (use no_console_suspend to debug)
[   12.401348] PM: suspend of devices complete after 40.279 msecs
[   12.402742] PM: late suspend of devices complete after 1.385 msecs
[   12.403659] PM: noirq suspend of devices complete after 0.912 msecs
[   12.403661] Disabling non-boot CPUs ...
[   12.564330] Entering suspend state LP1
[   12.564330] Suspended for 2.850 seconds
[   12.564340] Enabling non-boot CPUs ...
[   12.594722] CPU1 is up
[   12.634324] CPU2 is up
[   12.674538] CPU3 is up
[   12.674974] PM: noirq resume of devices complete after 0.431 msecs
[   12.676490] PM: early resume of devices complete after 1.214 msecs
[   12.832977] mmc1: Switching to 3.3V signalling voltage failed
[   13.083003] tegra-sor 54540000.sor: failed to attach SOR: -110
[   13.120561] PM: resume of devices complete after 444.063 msecs
[   13.191881] Restarting tasks ... done.
root@(none):/# 
root@(none):/# rtcwake -d rtc1 -m mem -s 3
rtcwake: assuming RTC uses UTC ...
rtcwake: wakeup from "mem" using /dev/rtc1 at Thu Jan  1 00:00:48 1970
[   14.463666] PM: Syncing filesystems ... done.
[   14.487260] Freezing user space processes ... (elapsed 0.001 seconds) done.
[   14.495434] Freezing remaining freezable tasks ... (elapsed 0.001 seconds) done.
[   14.504084] Suspending console(s) (use no_console_suspend to debug)
[   14.551110] PM: suspend of devices complete after 40.254 msecs
[   14.552330] PM: late suspend of devices complete after 1.210 msecs
[   14.553258] PM: noirq suspend of devices complete after 0.923 msecs
[   14.553260] Disabling non-boot CPUs ...
[   14.704456] Entering suspend state LP1
[   14.704456] Suspended for 2.859 seconds
[   14.704466] Enabling non-boot CPUs ...
[   14.734488] CPU1 is up
[   14.774298] CPU2 is up
[   14.814504] CPU3 is up
[   14.814947] PM: noirq resume of devices complete after 0.438 msecs
[   14.816258] PM: early resume of devices complete after 1.009 msecs
[   14.971960] mmc1: Switching to 3.3V signalling voltage failed
[   15.222984] tegra-sor 54540000.sor: failed to attach SOR: -110
[   15.259466] PM: resume of devices complete after 443.202 msecs
[   15.330760] Restarting tasks ... done.
root@(none):/# 
root@(none):/# rtcwake -d rtc1 -m mem -s 3
rtcwake: assuming RTC uses UTC ...
rtcwake: wakeup from "mem" using /dev/rtc1 at Thu Jan  1 00:00:53 1970
[   16.603309] PM: Syncing filesystems ... done.
[   16.626264] Freezing user space processes ... (elapsed 0.001 seconds) done.
[   16.634337] Freezing remaining freezable tasks ... (elapsed 0.001 seconds) done.
[   16.642968] Suspending console(s) (use no_console_suspend to debug)
[   16.689800] PM: suspend of devices complete after 40.060 msecs
[   16.691137] PM: late suspend of devices complete after 1.328 msecs
[   16.692041] PM: noirq suspend of devices complete after 0.899 msecs
[   16.692043] Disabling non-boot CPUs ...
[   16.864411] Entering suspend state LP1
[   16.864411] Suspended for 2.839 seconds
[   16.864422] Enabling non-boot CPUs ...
[   16.894438] CPU1 is up
[   16.934264] CPU2 is up
[   16.974481] CPU3 is up
[   16.974928] PM: noirq resume of devices complete after 0.442 msecs
[   16.976239] PM: early resume of devices complete after 1.010 msecs
[   17.131958] mmc1: Switching to 3.3V signalling voltage failed
[   17.382939] tegra-sor 54540000.sor: failed to attach SOR: -110
[   17.419520] PM: resume of devices complete after 443.275 msecs
[   17.490834] Restarting tasks ... done.
root@(none):/# 
root@(none):/# rtcwake -d rtc1 -m mem -s 3
rtcwake: assuming RTC uses UTC ...
rtcwake: wakeup from "mem" using /dev/rtc1 at Thu Jan  1 00:00:58 1970
[   18.763247] PM: Syncing filesystems ... done.
[   18.786316] Freezing user space processes ... (elapsed 0.001 seconds) done.
[   18.794485] Freezing remaining freezable tasks ... (elapsed 0.001 seconds) done.
[   18.803127] Suspending console(s) (use no_console_suspend to debug)
[   18.850107] PM: suspend of devices complete after 40.207 msecs
[   18.851286] PM: late suspend of devices complete after 1.171 msecs
[   18.852193] PM: noirq suspend of devices complete after 0.902 msecs
[   18.852195] Disabling non-boot CPUs ...
[   19.044390] Entering suspend state LP1
[   19.044390] Suspended for 2.819 seconds
[   19.044400] Enabling non-boot CPUs ...
[   19.074426] CPU1 is up
[   19.114283] CPU2 is up
[   19.154458] CPU3 is up
[   19.154875] PM: noirq resume of devices complete after 0.412 msecs
[   19.155966] PM: early resume of devices complete after 0.788 msecs
[   19.311943] mmc1: Switching to 3.3V signalling voltage failed
[   19.562893] tegra-sor 54540000.sor: failed to attach SOR: -110
[   19.599525] PM: resume of devices complete after 443.553 msecs
[   19.670815] Restarting tasks ... done.
root@(none):/# 
root@(none):/# rtcwake -d rtc1 -m mem -s 3
rtcwake: assuming RTC uses UTC ...
rtcwake: wakeup from "mem" using /dev/rtc1 at Thu Jan  1 00:01:03 1970
[   20.943461] PM: Syncing filesystems ... done.
[   20.966321] Freezing user space processes ... (elapsed 0.001 seconds) done.
[   20.974393] Freezing remaining freezable tasks ... (elapsed 0.001 seconds) done.
[   20.983027] Suspending console(s) (use no_console_suspend to debug)
[   21.030091] PM: suspend of devices complete after 40.288 msecs
[   21.031300] PM: late suspend of devices complete after 1.200 msecs
[   21.032204] PM: noirq suspend of devices complete after 0.899 msecs
[   21.032206] Disabling non-boot CPUs ...
[   21.204374] Entering suspend state LP1
[   21.204374] Suspended for 2.839 seconds
[   21.204385] Enabling non-boot CPUs ...
[   21.234430] CPU1 is up
[   21.274232] CPU2 is up
[   21.314438] CPU3 is up
[   21.314885] PM: noirq resume of devices complete after 0.442 msecs
[   21.316386] PM: early resume of devices complete after 1.191 msecs
[   21.472866] mmc1: Switching to 3.3V signalling voltage failed
[   21.732925] tegra-sor 54540000.sor: failed to attach SOR: -110
[   21.760503] PM: resume of devices complete after 444.108 msecs
[   21.831883] Restarting tasks ... done.
root@(none):/# 
root@(none):/# rtcwake -d rtc1 -m mem -s 3
rtcwake: assuming RTC uses UTC ...
rtcwake: wakeup from "mem" using /dev/rtc1 at Thu Jan  1 00:01:08 1970
[   23.103630] PM: Syncing filesystems ... done.
[   23.127231] Freezing user space processes ... (elapsed 0.001 seconds) done.
[   23.135416] Freezing remaining freezable tasks ... (elapsed 0.001 seconds) done.
[   23.144055] Suspending console(s) (use no_console_suspend to debug)
[   23.190920] PM: suspend of devices complete after 40.089 msecs
[   23.191748] PM: late suspend of devices complete after 0.824 msecs
[   23.192536] PM: noirq suspend of devices complete after 0.785 msecs
[   23.192539] Disabling non-boot CPUs ...
[   23.314614] IRQ17 no longer affine to CPU3
[   23.364654] Entering suspend state LP1
[   23.364654] Suspended for 2.839 seconds
[   23.364665] Enabling non-boot CPUs ...
[   23.394377] CPU1 is up
[   23.434205] CPU2 is up
[   23.474405] CPU3 is up
[   23.474838] PM: noirq resume of devices complete after 0.428 msecs
[   23.475679] PM: early resume of devices complete after 0.546 msecs
[   23.632100] mmc1: Switching to 3.3V signalling voltage failed
[   23.882841] tegra-sor 54540000.sor: failed to attach SOR: -110
[   23.919474] PM: resume of devices complete after 443.790 msecs
[   23.994861] Restarting tasks ... done.
root@(none):/# 
root@(none):/# rtcwake -d rtc1 -m mem -s 3
rtcwake: assuming RTC uses UTC ...
rtcwake: wakeup from "mem" using /dev/rtc1 at Thu Jan  1 00:01:13 1970
[   25.263605] PM: Syncing filesystems ... done.
[   25.286327] Freezing user space processes ... (elapsed 0.001 seconds) done.
[   25.294507] Freezing remaining freezable tasks ... (elapsed 0.001 seconds) done.
[   25.303152] Suspending console(s) (use no_console_suspend to debug)
[   25.350092] PM: suspend of devices complete after 40.163 msecs
[   25.351400] PM: late suspend of devices complete after 1.300 msecs
[   25.352226] PM: noirq suspend of devices complete after 0.822 msecs
[   25.352228] Disabling non-boot CPUs ...
[   25.474582] IRQ17 no longer affine to CPU3
[   25.524530] Entering suspend state LP1
[   25.524530] Suspended for 2.839 seconds
[   25.524541] Enabling non-boot CPUs ...
[   25.554348] CPU1 is up
[   25.594174] CPU2 is up
[   25.634373] CPU3 is up
[   25.634816] PM: noirq resume of devices complete after 0.438 msecs
[   25.636244] PM: early resume of devices complete after 1.109 msecs
[   25.791792] mmc1: Switching to 3.3V signalling voltage failed
[   26.052846] tegra-sor 54540000.sor: failed to attach SOR: -110
[   26.079414] PM: resume of devices complete after 443.162 msecs
[   26.154819] Restarting tasks ... done.
root@(none):/# 
root@(none):/# NVTB SYSTEM SUSPEND TEST COMPLETE
