

U-Boot 2015.04-00466-gedec83e90172 (Mar 14 2016 - 10:42:01)

TEGRA124
Model: Acer Chromebook 13 CB5-311
DRAM:  4 GiB
:   Tegra SD/MMC: 0, Tegra SD/MMC: 1, Tegra SD/MMC: 2
MMC init failed
Using default environment

In:    serial
Out:   serial
Err:   serial
Net:   Net Initialization Skipped
No ethernet found.
Hit any key to stop autoboot:  2  0 
Tegra124 (Nyan-big) # 
Tegra124 (Nyan-big) # usb start
starting USB...
USB0:   USB EHCI 1.10
scanning bus 0 for devices... 2 USB Device(s) found
USB1:   USB EHCI 1.10
scanning bus 1 for devices... 2 USB Device(s) found
       scanning usb for storage devices... 1 Storage Device(s) found
       scanning usb for ethernet devices... 
Warning: asx0 using MAC address from net device
1 Ethernet Device(s) found
Tegra124 (Nyan-big) # mw 0x7000e4a0 0x00080000
Tegra124 (Nyan-big) # setenv bootargs 'ignore_loglevel console=ttyS0,115200n8 rw root=PARTUUID=4d36e82a-b3c0-4b4b-bfcd-afe5217ac023 rootwait gpt debug noinitrd earlyprintk init=/bin/bash'
Tegra124 (Nyan-big) # setenv ipaddr 192.168.100.102; setenv serverip 192.168.100.1; setenv tftpserverip 192.168.100.1
Tegra124 (Nyan-big) # tftpboot 0x82000000 zImage.multi_v7_defconfig
Using asx0 device
TFTP from server 192.168.100.1; our IP address is 192.168.100.102
Filename 'zImage.multi_v7_defconfig'.
Load address: 0x82000000
Loading: *#################################################################
	 #################################################################
	 #################################################################
	 #################################################################
	 #################################################################
	 #################################################################
	 #################################################################
	 #################################################################
	 ################
	 2.8 MiB/s
done
Bytes transferred = 7859624 (77eda8 hex)
Tegra124 (Nyan-big) # tftpboot 0x83000000 tegra124-nyan-big.dtb
Using asx0 device
TFTP from server 192.168.100.1; our IP address is 192.168.100.102
Filename 'tegra124-nyan-big.dtb'.
Load address: 0x83000000
Loading: *#####
	 2.8 MiB/s
done
Bytes transferred = 68155 (10a3b hex)
Tegra124 (Nyan-big) # bootz 0x82000000 - 0x83000000
Kernel image @ 0x82000000 [ 0x000000 - 0x77eda8 ]
## Flattened Device Tree blob at 83000000
   Booting using the fdt blob at 0x83000000
   Using Device Tree in place at 83000000, end 83013a3a

Starting kernel ...

[    0.000000] Booting Linux on physical CPU 0x0
[    0.000000] Linux version 4.11.0-rc4-next-20170327-161561-g93a4a44 (jonathanh@sellafield) (gcc version 4.7.3 20130328 (prerelease) (crosstool-NG linaro-1.13.1-4.7-2013.04-20130415 - Linaro GCC 2013.04) ) #1 SMP Tue Mar 28 01:53:10 PDT 2017
[    0.000000] CPU: ARMv7 Processor [413fc0f3] revision 3 (ARMv7), cr=10c5387d
[    0.000000] CPU: div instructions available: patching division code
[    0.000000] CPU: PIPT / VIPT nonaliasing data cache, PIPT instruction cache
[    0.000000] OF: fdt: Machine model: Acer Chromebook 13 CB5-311
[    0.000000] OF: fdt: Ignoring memory range 0x100000000 - 0x17ffff000
[    0.000000] debug: ignoring loglevel setting.
[    0.000000] efi: Getting EFI parameters from FDT:
[    0.000000] efi: UEFI not found.
[    0.000000] cma: Reserved 64 MiB at 0xfb800000
[    0.000000] Memory policy: Data cache writealloc
[    0.000000] On node 0 totalpages: 524287
[    0.000000] free_area_init_node: node 0, pgdat c157cb40, node_mem_map eeff8000
[    0.000000]   DMA zone: 1536 pages used for memmap
[    0.000000]   DMA zone: 0 pages reserved
[    0.000000]   DMA zone: 196608 pages, LIFO batch:31
[    0.000000]   HighMem zone: 327679 pages, LIFO batch:31
[    0.000000] percpu: Embedded 17 pages/cpu @eef81000 s38528 r8192 d22912 u69632
[    0.000000] pcpu-alloc: s38528 r8192 d22912 u69632 alloc=17*4096
[    0.000000] pcpu-alloc: [0] 0 [0] 1 [0] 2 [0] 3 
[    0.000000] Built 1 zonelists in Zone order, mobility grouping on.  Total pages: 522751
[    0.000000] Kernel command line: ignore_loglevel console=ttyS0,115200n8 rw root=PARTUUID=4d36e82a-b3c0-4b4b-bfcd-afe5217ac023 rootwait gpt debug noinitrd earlyprintk init=/bin/bash
[    0.000000] PID hash table entries: 4096 (order: 2, 16384 bytes)
[    0.000000] Dentry cache hash table entries: 131072 (order: 7, 524288 bytes)
[    0.000000] Inode-cache hash table entries: 65536 (order: 6, 262144 bytes)
[    0.000000] Memory: 1994472K/2097148K available (10240K kernel code, 1553K rwdata, 4388K rodata, 2048K init, 417K bss, 37140K reserved, 65536K cma-reserved, 1245180K highmem)
[    0.000000] Virtual kernel memory layout:
[    0.000000]     vector  : 0xffff0000 - 0xffff1000   (   4 kB)
[    0.000000]     fixmap  : 0xffc00000 - 0xfff00000   (3072 kB)
[    0.000000]     vmalloc : 0xf0800000 - 0xff800000   ( 240 MB)
[    0.000000]     lowmem  : 0xc0000000 - 0xf0000000   ( 768 MB)
[    0.000000]     pkmap   : 0xbfe00000 - 0xc0000000   (   2 MB)
[    0.000000]     modules : 0xbf000000 - 0xbfe00000   (  14 MB)
[    0.000000]       .text : 0xc0208000 - 0xc0d00000   (11232 kB)
[    0.000000]       .init : 0xc1200000 - 0xc1400000   (2048 kB)
[    0.000000]       .data : 0xc1400000 - 0xc1584590   (1554 kB)
[    0.000000]        .bss : 0xc1586000 - 0xc15ee5c8   ( 418 kB)
[    0.000000] SLUB: HWalign=64, Order=0-3, MinObjects=0, CPUs=4, Nodes=1
[    0.000000] Hierarchical RCU implementation.
[    0.000000] 	RCU debugfs-based tracing is enabled.
[    0.000000] 	RCU restricting CPUs from NR_CPUS=16 to nr_cpu_ids=4.
[    0.000000] RCU: Adjusting geometry for rcu_fanout_leaf=16, nr_cpu_ids=4
[    0.000000] NR_IRQS:16 nr_irqs:16 16
[    0.000000] /interrupt-controller@60004000: 160 interrupts forwarded to /interrupt-controller@50041000
[    0.000000] Tegra clk 127: register failed with -17
[    0.000003] sched_clock: 32 bits at 1000kHz, resolution 1000ns, wraps every 2147483647500ns
[    0.000011] clocksource: timer_us: mask: 0xffffffff max_cycles: 0xffffffff, max_idle_ns: 1911260446275 ns
[    0.000017] Switching to timer-based delay loop, resolution 1000ns
[    0.001741] arm_arch_timer: Architected cp15 timer(s) running at 12.00MHz (virt).
[    0.001748] clocksource: arch_sys_counter: mask: 0xffffffffffffff max_cycles: 0x2c47f4ee7, max_idle_ns: 440795202497 ns
[    0.001755] sched_clock: 56 bits at 12MHz, resolution 83ns, wraps every 4398046511096ns
[    0.001760] Switching to timer-based delay loop, resolution 83ns
[    0.001977] Console: colour dummy device 80x30
[    0.001990] Calibrating delay loop (skipped), value calculated using timer frequency.. 24.00 BogoMIPS (lpj=120000)
[    0.001997] pid_max: default: 32768 minimum: 301
[    0.002034] Mount-cache hash table entries: 2048 (order: 1, 8192 bytes)
[    0.002040] Mountpoint-cache hash table entries: 2048 (order: 1, 8192 bytes)
[    0.002238] CPU: Testing write buffer coherency: ok
[    0.002360] /cpus/cpu@0 missing clock-frequency property
[    0.002376] /cpus/cpu@1 missing clock-frequency property
[    0.002390] /cpus/cpu@2 missing clock-frequency property
[    0.002405] /cpus/cpu@3 missing clock-frequency property
[    0.002410] CPU0: thread -1, cpu 0, socket 0, mpidr 80000000
[    0.002525] Setting up static identity map for 0x80300000 - 0x80300098
[    0.003843] Tegra Revision: A01 SKU: 131 CPU Process: 1 SoC Process: 1
[    0.004072] EFI services will not be available.
[    0.004160] smp: Bringing up secondary CPUs ...
[    0.004451] CPU1: thread -1, cpu 1, socket 0, mpidr 80000001
[    0.011912] CPU2: thread -1, cpu 2, socket 0, mpidr 80000002
[    0.021917] CPU3: thread -1, cpu 3, socket 0, mpidr 80000003
[    0.031637] smp: Brought up 1 node, 4 CPUs
[    0.031645] SMP: Total of 4 processors activated (96.00 BogoMIPS).
[    0.031649] CPU: All CPU(s) started in SVC mode.
[    0.032198] devtmpfs: initialized
[    0.037945] VFP support v0.3: implementor 41 architecture 4 part 30 variant f rev 0
[    0.038141] clocksource: jiffies: mask: 0xffffffff max_cycles: 0xffffffff, max_idle_ns: 19112604462750000 ns
[    0.038149] futex hash table entries: 1024 (order: 4, 65536 bytes)
[    0.038717] pinctrl core: initialized pinctrl subsystem
[    0.039486] NET: Registered protocol family 16
[    0.040229] DMA: preallocated 256 KiB pool for atomic coherent allocations
[    0.041116] cpuidle: using governor menu
[    0.050001] No ATAGs?
[    0.050055] hw-breakpoint: found 5 (+1 reserved) breakpoint and 4 watchpoint registers.
[    0.050061] hw-breakpoint: maximum watchpoint size is 8 bytes.
[    0.052611] Serial: AMBA PL011 UART driver
[    0.052956] tegra-mc 70019000.memory-controller: no memory timings for RAM code 0 registered
[    0.058137] AT91: Could not find identification node
[    0.058333] +5V_SYS: supplied by +VDD_MUX
[    0.058428] +3.3V_SYS: supplied by +VDD_MUX
[    0.058633] +VDD_LED: Failed to request enable GPIO122: -517
[    0.058638] reg-fixed-voltage regulators:regulator@5: Failed to register regulator: -517
[    0.058669] +5V_VDD_TS_SW: Failed to request enable GPIO81: -517
[    0.058673] reg-fixed-voltage regulators:regulator@6: Failed to register regulator: -517
[    0.058702] +5V_USB_HS: Failed to request enable GPIO108: -517
[    0.058707] reg-fixed-voltage regulators:regulator@7: Failed to register regulator: -517
[    0.058736] +5V_USB_SS: Failed to request enable GPIO109: -517
[    0.058740] reg-fixed-voltage regulators:regulator@8: Failed to register regulator: -517
[    0.058817] +1.05V_RUN_AVDD_HDMI_PLL: Failed to request enable GPIO63: -517
[    0.058821] reg-fixed-voltage regulators:regulator@11: Failed to register regulator: -517
[    0.058849] +5V_HDMI_CON: Failed to request enable GPIO86: -517
[    0.058854] reg-fixed-voltage regulators:regulator@12: Failed to register regulator: -517
[    0.059901] vgaarb: loaded
[    0.060171] SCSI subsystem initialized
[    0.060235] libata version 3.00 loaded.
[    0.060322] usbcore: registered new interface driver usbfs
[    0.060342] usbcore: registered new interface driver hub
[    0.060364] usbcore: registered new device driver usb
[    0.061629] pps_core: LinuxPPS API ver. 1 registered
[    0.061633] pps_core: Software ver. 5.3.6 - Copyright 2005-2007 Rodolfo Giometti <giometti@linux.it>
[    0.061641] PTP clock support registered
[    0.061720] EDAC MC: Ver: 3.0.0
[    0.062116] tegra-emc 7001b000.emc: no memory timings for RAM code 0 found in DT
[    0.062126] tegra-emc: probe of 7001b000.emc failed with error -2
[    0.062558] clocksource: Switched to clocksource arch_sys_counter
[    0.082113] NET: Registered protocol family 2
[    0.082313] TCP established hash table entries: 8192 (order: 3, 32768 bytes)
[    0.082346] TCP bind hash table entries: 8192 (order: 4, 65536 bytes)
[    0.082409] TCP: Hash tables configured (established 8192 bind 8192)
[    0.082443] UDP hash table entries: 512 (order: 2, 16384 bytes)
[    0.082459] UDP-Lite hash table entries: 512 (order: 2, 16384 bytes)
[    0.082521] NET: Registered protocol family 1
[    0.082684] RPC: Registered named UNIX socket transport module.
[    0.082688] RPC: Registered udp transport module.
[    0.082692] RPC: Registered tcp transport module.
[    0.082695] RPC: Registered tcp NFSv4.1 backchannel transport module.
[    0.082700] PCI: CLS 0 bytes, default 64
[    0.083176] hw perfevents: enabled with armv7_cortex_a15 PMU driver, 7 counters available
[    0.083872] workingset: timestamp_bits=30 max_order=19 bucket_order=0
[    0.086659] squashfs: version 4.0 (2009/01/31) Phillip Lougher
[    0.086906] NFS: Registering the id_resolver key type
[    0.086917] Key type id_resolver registered
[    0.086920] Key type id_legacy registered
[    0.086938] ntfs: driver 2.1.32 [Flags: R/O].
[    0.087503] bounce: pool size: 64 pages
[    0.087523] Block layer SCSI generic (bsg) driver version 0.4 loaded (major 248)
[    0.087528] io scheduler noop registered
[    0.087531] io scheduler deadline registered
[    0.087585] io scheduler cfq registered (default)
[    0.087589] io scheduler mq-deadline registered
[    0.089378] tegra-xusb-padctl 7009f000.padctl: failed to setup XUSB ports: -517
[    0.098755] tegra-apbdma 60020000.dma: Tegra20 APB DMA driver register 32 channels
[    0.099505] tegra-pmc 7000e400.pmc: i2c-thermtrip node not found, emergency thermal reset disabled.
[    0.118051] Serial: 8250/16550 driver, 4 ports, IRQ sharing disabled
[    0.119087] console [ttyS0] disabled
[    0.119104] 70006000.serial: ttyS0 at MMIO 0x70006000 (irq = 333, base_baud = 25500000) is a Tegra
[    1.003376] console [ttyS0] enabled
[    1.007141] SuperH (H)SCI(F) driver initialized
[    1.011987] msm_serial: driver initialized
[    1.016140] STMicroelectronics ASC driver initialized
[    1.023329] tegra-hdmi 54280000.hdmi: failed to get HDMI regulator
[    1.029857] tegra-dpaux 545c0000.dpaux: failed to get VDD supply: -517
[    1.037153] panel-simple panel: panel supply power not found, using dummy regulator
[    1.048294] brd: module loaded
[    1.053993] loop: module loaded
[    1.058046] as3722 4-0040: AS3722 with revision 0x1 found
[    1.068021] as3722-sd2: supplied by +5V_SYS
[    1.072432] as3722-sd3: supplied by +5V_SYS
[    1.076772] +1.35V_LP0(sd3): Bringing 0uV into 1350000-1350000uV
[    1.082990] as3722-sd4: supplied by +5V_SYS
[    1.087316] +1.05V_RUN: Bringing 0uV into 1050000-1050000uV
[    1.093057] as3722-sd5: supplied by +5V_SYS
[    1.098634] as3722-ldo0: supplied by +1.35V_LP0(sd2)
[    1.104352] +1.8V_RUN_CAM: Bringing 0uV into 1800000-1800000uV
[    1.110356] as3722-ldo2: supplied by +1.8V_VDDIO
[    1.115989] as3722-ldo3: supplied by +3.3V_SYS
[    1.120434] +1.00V_LP0_VDD_RTC: Bringing 1100000uV into 1000000-1000000uV
[    1.128005] as3722-ldo4: supplied by +3.3V_SYS
[    1.132595] +3.3V_RUN_CAM: Bringing 0uV into 2800000-2800000uV
[    1.138600] as3722-ldo5: supplied by +1.8V_VDDIO
[    1.143370] +1.2V_RUN_CAM_FRONT: Bringing 0uV into 1200000-1200000uV
[    1.150041] +VDDIO_SDMMC3: Bringing 0uV into 1800000-1800000uV
[    1.156060] as3722-ldo7: supplied by +1.8V_VDDIO
[    1.160822] +1.05V_RUN_CAM_REAR: Bringing 0uV into 1050000-1050000uV
[    1.167366] as3722-ldo9: supplied by +5V_SYS
[    1.171924] +2.8V_RUN_TOUCH: Bringing 0uV into 2800000-2800000uV
[    1.178119] as3722-ldo10: supplied by +5V_SYS
[    1.182621] +2.8V_RUN_CAM_AF: Bringing 0uV into 2800000-2800000uV
[    1.189039] +1.8V_RUN_VPP_FUSE: Bringing 0uV into 1800000-1800000uV
[    1.201310] random: fast init done
[    1.207137] m25p80 spi32765.0: w25q32dw (4096 Kbytes)
[    1.213212] libphy: Fixed MDIO Bus: probed
[    1.217685] CAN device driver interface
[    1.221815] bgmac_bcma: Broadcom 47xx GBit MAC driver loaded
[    1.227914] e1000e: Intel(R) PRO/1000 Network Driver - 3.2.6-k
[    1.233737] e1000e: Copyright(c) 1999 - 2015 Intel Corporation.
[    1.239658] igb: Intel(R) Gigabit Ethernet Network Driver - version 5.4.0-k
[    1.246607] igb: Copyright (c) 2007-2014 Intel Corporation.
[    1.253361] pegasus: v0.9.3 (2013/04/25), Pegasus/Pegasus II USB Ethernet driver
[    1.260761] usbcore: registered new interface driver pegasus
[    1.266426] usbcore: registered new interface driver asix
[    1.271821] usbcore: registered new interface driver ax88179_178a
[    1.277915] usbcore: registered new interface driver cdc_ether
[    1.283752] usbcore: registered new interface driver smsc75xx
[    1.289497] usbcore: registered new interface driver smsc95xx
[    1.295243] usbcore: registered new interface driver net1080
[    1.300898] usbcore: registered new interface driver cdc_subset
[    1.306818] usbcore: registered new interface driver zaurus
[    1.312392] usbcore: registered new interface driver cdc_ncm
[    1.318667] ehci_hcd: USB 2.0 'Enhanced' Host Controller (EHCI) Driver
[    1.325187] ehci-pci: EHCI PCI platform driver
[    1.329629] ehci-platform: EHCI generic platform driver
[    1.334913] ehci-orion: EHCI orion driver
[    1.338963] SPEAr-ehci: EHCI SPEAr driver
[    1.343012] ehci-st: EHCI STMicroelectronics driver
[    1.347920] ehci-exynos: EHCI EXYNOS driver
[    1.352142] ehci-atmel: EHCI Atmel driver
[    1.356190] tegra-ehci: Tegra EHCI driver
[    1.360248] ohci_hcd: USB 1.1 'Open' Host Controller (OHCI) Driver
[    1.366422] ohci-pci: OHCI PCI platform driver
[    1.370865] ohci-platform: OHCI generic platform driver
[    1.376135] ohci-omap3: OHCI OMAP3 driver
[    1.380176] SPEAr-ohci: OHCI SPEAr driver
[    1.384225] ohci-st: OHCI STMicroelectronics driver
[    1.389134] ohci-atmel: OHCI Atmel driver
[    1.393388] usbcore: registered new interface driver usb-storage
[    1.400147] elan_i2c 1-0015: 1-0015 supply vcc not found, using dummy regulator
[    1.407516] as3722-rtc as3722-rtc: rtc core: registered as3722-rtc as rtc0
[    1.414390] as3722-rtc as3722-rtc: RTC interrupt 372
[    1.421268] tegra_rtc 7000e000.rtc: rtc core: registered 7000e000.rtc as rtc1
[    1.428408] tegra_rtc 7000e000.rtc: Tegra internal Real Time Clock
[    1.434755] i2c /dev entries driver
[    1.440536] lm90 0-004c: 0-004c supply vcc not found, using dummy regulator
[    1.451803] sdhci: Secure Digital Host Controller Interface driver
[    1.457983] sdhci: Copyright(c) Pierre Ossman
[    1.462866] Synopsys Designware Multimedia Card Interface Driver
[    1.469282] sdhci-pltfm: SDHCI platform and OF driver helper
[    1.475204] sdhci-tegra 700b0000.sdhci: allocated mmc-pwrseq
[    1.488990] sdhci-tegra 700b0400.sdhci: Got CD GPIO
[    1.493871] sdhci-tegra 700b0400.sdhci: Got WP GPIO
[    1.514680] mmc0: Unknown controller version (3). You may experience problems.
[    1.521915] mmc0: Invalid maximum block size, assuming 512 bytes
[    1.579018] elan_i2c 1-0015: Elan Touchpad: Module ID: 0x002a, Firmware: 0x0005, Sample: 0x0007, IAP: 0x0009
[    1.588956] input: Elan Touchpad as /devices/soc0/7000c400.i2c/i2c-1/1-0015/input/input0
[    1.592572] mmc0: SDHCI controller on 700b0600.sdhci [700b0600.sdhci] using ADMA
[    1.604536] ledtrig-cpu: registered to indicate activity on CPUs
[    1.610641] usbcore: registered new interface driver usbhid
[    1.616209] usbhid: USB HID core driver
[    1.621356] NET: Registered protocol family 10
[    1.626113] Segment Routing with IPv6
[    1.629783] sit: IPv6, IPv4 and MPLS over IPv4 tunneling driver
[    1.635916] NET: Registered protocol family 17
[    1.640350] can: controller area network core (rev 20120528 abi 9)
[    1.646539] NET: Registered protocol family 29
[    1.650971] can: raw protocol (rev 20120528)
[    1.655234] can: broadcast manager protocol (rev 20161123 t)
[    1.660879] can: netlink gateway (rev 20130117) max_hops=1
[    1.661166] mmc0: new high speed MMC card at address 0001
[    1.661399] mmcblk0: mmc0:0001 MMC16G 14.4 GiB 
[    1.661501] mmcblk0boot0: mmc0:0001 MMC16G partition 1 2.00 MiB
[    1.661616] mmcblk0boot1: mmc0:0001 MMC16G partition 2 2.00 MiB
[    1.661711] mmcblk0rpmb: mmc0:0001 MMC16G partition 3 128 KiB
[    1.669139]  mmcblk0: p1 p2 p3 p4 p5 p6 p7 p8 p9 p10 p11 p12
[    1.699585] Key type dns_resolver registered
[    1.704056] ThumbEE CPU extension supported.
[    1.708315] Registering SWP/SWPB emulation handler
[    1.717820] +3.3V_RUN: supplied by +3.3V_SYS
[    1.722727] +VDD_LED: supplied by +VDD_MUX
[    1.726949] +3.3V_AVDD_HDMI_AP_GATED: supplied by +3.3V_RUN
[    1.732538] +1.8V_RUN_CAM: supplied by +3.3V_RUN
[    1.737260] +VDDIO_SDMMC3: supplied by +3.3V_RUN
[    1.741902] +1.8V_RUN_VPP_FUSE: supplied by +3.3V_RUN
[    1.747232] +5V_VDD_TS_SW: supplied by +5V_SYS
[    1.751862] +5V_USB_HS: supplied by +5V_SYS
[    1.756393] +5V_USB_SS: supplied by +5V_SYS
[    1.761367] +3.3V_PANEL: supplied by +3.3V_RUN
[    1.766790] +3.3V_LP0: supplied by +3.3V_SYS
[    1.771760] +1.05V_RUN_AVDD_HDMI_PLL: supplied by +1.05V_RUN
[    1.771981] elan_i2c 1-0015: failed to read report data: -121
[    1.783521] +5V_HDMI_CON: supplied by +5V_SYS
[    1.788499]  usb3-0: usb3-0 supply vbus not found, using dummy regulator
[    1.795234]  usb3-1: usb3-1 supply vbus not found, using dummy regulator
[    1.805237] tegra-sor 54540000.sor: failed to probe output: -517
[    1.811736] panel-simple panel: panel supply power not found, using dummy regulator
[    1.820047] sdhci-tegra 700b0000.sdhci: allocated mmc-pwrseq
[    1.832768] mmc1: Unknown controller version (3). You may experience problems.
[    1.840009] mmc1: Invalid maximum block size, assuming 512 bytes
[    1.846480] mmc1: Switching to 3.3V signalling voltage failed
[    1.902644] mmc1: SDHCI controller on 700b0000.sdhci [700b0000.sdhci] using ADMA
[    1.909703] elan_i2c 1-0015: invalid report id data (ff)
[    1.916061] sdhci-tegra 700b0400.sdhci: Got CD GPIO
[    1.920931] sdhci-tegra 700b0400.sdhci: Got WP GPIO
[    1.934339] mmc2: Unknown controller version (3). You may experience problems.
[    1.941634] mmc2: Invalid maximum block size, assuming 512 bytes
[    1.975608] mmc1: new high speed SDIO card at address 0001
[    2.012647] mmc2: SDHCI controller on 700b0400.sdhci [700b0400.sdhci] using ADMA
[    2.115999] [drm] Supports vblank timestamp caching Rev 2 (21.10.2013).
[    2.122621] [drm] No driver support for vblank timestamp query.
[    2.173474] mmc2: new high speed SDHC card at address 0007
[    2.173840] mmcblk2: mmc2:0007 SD08G 7.42 GiB 
[    2.183775] GPT:Primary header alternate_lba != Alt. header my_lba
[    2.183779] GPT:3014591 != 15564799
[    2.183781] GPT:Primary header thinks Alt. header is not at the end of the disk.
[    2.183782] GPT:3014591 != 15564799
[    2.183783] GPT: Use GNU Parted to correct GPT errors.
[    2.183815]  mmcblk2: p1 p2 p3 p4 p5 p6 p7 p8 p9 p10 p11 p12
[    2.211242] Console: switching to colour frame buffer device 170x48
[    2.275401] drm drm: fb0:  frame buffer device
[    2.279884] [drm] Initialized tegra 0.0.0 20120330 for drm on minor 0
[    2.287061] input: gpio-keys as /devices/soc0/gpio-keys/input/input1
[    2.294538] as3722-rtc as3722-rtc: setting system clock to 2000-01-01 00:02:43 UTC (946684963)
[    2.303532] +1.8V_RUN_CAM: disabling
[    2.307303] +3.3V_RUN_CAM: disabling
[    2.311038] +1.2V_RUN_CAM_FRONT: disabling
[    2.315408] +1.05V_RUN_CAM_REAR: disabling
[    2.319704] +2.8V_RUN_TOUCH: disabling
[    2.323723] +2.8V_RUN_CAM_AF: disabling
[    2.327718] +1.8V_RUN_VPP_FUSE: disabling
[    2.331883] +5V_VDD_TS_SW: disabling
[    2.335499] +5V_USB_HS: disabling
[    2.338813] +5V_USB_SS: disabling
[    2.342964] EXT4-fs (mmcblk0p3): couldn't mount as ext3 due to feature incompatibilities
[    2.351586] EXT4-fs (mmcblk0p3): couldn't mount as ext2 due to feature incompatibilities
[    2.704990] EXT4-fs (mmcblk0p3): recovery complete
[    2.710514] EXT4-fs (mmcblk0p3): mounted filesystem with ordered data mode. Opts: (null)
[    2.718648] VFS: Mounted root (ext4 filesystem) on device 179:3.
[    2.725368] devtmpfs: mounted
[    2.728994] Freeing unused kernel memory: 2048K
bash: cannot set terminal process group (-1): Inappropriate ioctl for device
bash: no job control in this shell
root@(none):/# mount -t sysfs none /sys
root@(none):/# 
root@(none):/# mount -t debugfs none /sys/kernel/debug
root@(none):/# 
root@(none):/# rtcwake -d rtc1 -m mem -s 3
rtcwake: assuming RTC uses UTC ...
rtcwake: wakeup from "mem" using /dev/rtc1 at Thu Jan  1 00:00:28 1970
[    5.811876] PM: Syncing filesystems ... done.
[    5.827562] Freezing user space processes ... (elapsed 0.001 seconds) done.
[    5.835736] Freezing remaining freezable tasks ... (elapsed 0.001 seconds) done.
[    5.844418] Suspending console(s) (use no_console_suspend to debug)
[    5.891309] PM: suspend of devices complete after 40.108 msecs
[    5.892621] PM: late suspend of devices complete after 1.301 msecs
[    5.893722] PM: noirq suspend of devices complete after 1.091 msecs
[    5.893725] Disabling non-boot CPUs ...
[    5.954894] IRQ17 no longer affine to CPU2
[    6.044188] Entering suspend state LP1
[    6.044188] Suspended for 3.166 seconds
[    6.044199] Enabling non-boot CPUs ...
[    6.074181] CPU1 is up
[    6.114020] CPU2 is up
[    6.154227] CPU3 is up
[    6.154659] PM: noirq resume of devices complete after 0.426 msecs
[    6.155863] PM: early resume of devices complete after 0.887 msecs
[    6.311762] mmc1: Switching to 3.3V signalling voltage failed
[    6.562639] tegra-sor 54540000.sor: failed to attach SOR: -110
[    6.599494] PM: resume of devices complete after 443.625 msecs
[    6.674874] Restarting tasks ... done.
root@(none):/# 
root@(none):/# rtcwake -d rtc1 -m mem -s 3
rtcwake: assuming RTC uses UTC ...
rtcwake: wakeup from "mem" using /dev/rtc1 at Thu Jan  1 00:00:33 1970
[    7.731456] PM: Syncing filesystems ... done.
[    7.749582] Freezing user space processes ... (elapsed 0.001 seconds) done.
[    7.757660] Freezing remaining freezable tasks ... (elapsed 0.001 seconds) done.
[    7.766287] Suspending console(s) (use no_console_suspend to debug)
[    7.813178] PM: suspend of devices complete after 40.112 msecs
[    7.814722] PM: late suspend of devices complete after 1.534 msecs
[    7.815635] PM: noirq suspend of devices complete after 0.908 msecs
[    7.815637] Disabling non-boot CPUs ...
[    7.984116] Entering suspend state LP1
[    7.984116] Suspended for 3.060 seconds
[    7.984127] Enabling non-boot CPUs ...
[    8.014169] CPU1 is up
[    8.053990] CPU2 is up
[    8.094206] CPU3 is up
[    8.094675] PM: noirq resume of devices complete after 0.464 msecs
[    8.096231] PM: early resume of devices complete after 1.229 msecs
[    8.251663] mmc1: Switching to 3.3V signalling voltage failed
[    8.502520] tegra-sor 54540000.sor: failed to attach SOR: -110
[    8.539262] PM: resume of devices complete after 443.025 msecs
[    8.610559] Restarting tasks ... done.
root@(none):/# 
root@(none):/# rtcwake -d rtc1 -m mem -s 3
rtcwake: assuming RTC uses UTC ...
rtcwake: wakeup from "mem" using /dev/rtc1 at Thu Jan  1 00:00:38 1970
[    9.670851] PM: Syncing filesystems ... done.
[    9.689408] Freezing user space processes ... (elapsed 0.001 seconds) done.
[    9.697493] Freezing remaining freezable tasks ... (elapsed 0.001 seconds) done.
[    9.706123] Suspending console(s) (use no_console_suspend to debug)
[    9.753120] PM: suspend of devices complete after 40.218 msecs
[    9.754633] PM: late suspend of devices complete after 1.504 msecs
[    9.755546] PM: noirq suspend of devices complete after 0.908 msecs
[    9.755548] Disabling non-boot CPUs ...
[    9.924078] Entering suspend state LP1
[    9.924078] Suspended for 3.059 seconds
[    9.924089] Enabling non-boot CPUs ...
[    9.954149] CPU1 is up
[    9.993963] CPU2 is up
[   10.034183] CPU3 is up
[   10.034628] PM: noirq resume of devices complete after 0.438 msecs
[   10.036021] PM: early resume of devices complete after 1.064 msecs
[   10.191604] mmc1: Switching to 3.3V signalling voltage failed
[   10.442524] tegra-sor 54540000.sor: failed to attach SOR: -110
[   10.479450] PM: resume of devices complete after 443.423 msecs
[   10.550755] Restarting tasks ... done.
root@(none):/# 
root@(none):/# rtcwake -d rtc1 -m mem -s 3
rtcwake: assuming RTC uses UTC ...
rtcwake: wakeup from "mem" using /dev/rtc1 at Thu Jan  1 00:00:43 1970
[   11.611437] PM: Syncing filesystems ... done.
[   11.629602] Freezing user space processes ... (elapsed 0.001 seconds) done.
[   11.637771] Freezing remaining freezable tasks ... (elapsed 0.001 seconds) done.
[   11.646415] Suspending console(s) (use no_console_suspend to debug)
[   11.693610] PM: suspend of devices complete after 40.415 msecs
[   11.695133] PM: late suspend of devices complete after 1.514 msecs
[   11.696042] PM: noirq suspend of devices complete after 0.903 msecs
[   11.696044] Disabling non-boot CPUs ...
[   11.864060] Entering suspend state LP1
[   11.864060] Suspended for 3.059 seconds
[   11.864072] Enabling non-boot CPUs ...
[   11.894129] CPU1 is up
[   11.933945] CPU2 is up
[   11.974145] CPU3 is up
[   11.974577] PM: noirq resume of devices complete after 0.427 msecs
[   11.976165] PM: early resume of devices complete after 1.281 msecs
[   12.132143] mmc1: Switching to 3.3V signalling voltage failed
[   12.382490] tegra-sor 54540000.sor: failed to attach SOR: -110
[   12.419901] PM: resume of devices complete after 443.730 msecs
[   12.491220] Restarting tasks ... done.
root@(none):/# 
root@(none):/# rtcwake -d rtc1 -m mem -s 3
rtcwake: assuming RTC uses UTC ...
rtcwake: wakeup from "mem" using /dev/rtc1 at Thu Jan  1 00:00:48 1970
[   13.550801] PM: Syncing filesystems ... done.
[   13.570049] Freezing user space processes ... (elapsed 0.001 seconds) done.
[   13.578215] Freezing remaining freezable tasks ... (elapsed 0.001 seconds) done.
[   13.586858] Suspending console(s) (use no_console_suspend to debug)
[   13.634039] PM: suspend of devices complete after 40.404 msecs
[   13.635559] PM: late suspend of devices complete after 1.511 msecs
[   13.636473] PM: noirq suspend of devices complete after 0.908 msecs
[   13.636475] Disabling non-boot CPUs ...
[   13.636682] IRQ17 no longer affine to CPU1
[   13.804041] Entering suspend state LP1
[   13.804041] Suspended for 3.059 seconds
[   13.804052] Enabling non-boot CPUs ...
[   13.834100] CPU1 is up
[   13.873918] CPU2 is up
[   13.914122] CPU3 is up
[   13.914567] PM: noirq resume of devices complete after 0.439 msecs
[   13.915968] PM: early resume of devices complete after 1.082 msecs
[   14.071782] mmc1: Switching to 3.3V signalling voltage failed
[   14.322452] tegra-sor 54540000.sor: failed to attach SOR: -110
[   14.359584] PM: resume of devices complete after 443.610 msecs
[   14.434968] Restarting tasks ... done.
root@(none):/# 
root@(none):/# rtcwake -d rtc1 -m mem -s 3
rtcwake: assuming RTC uses UTC ...
rtcwake: wakeup from "mem" using /dev/rtc1 at Thu Jan  1 00:00:53 1970
[   15.490929] PM: Syncing filesystems ... done.
[   15.509730] Freezing user space processes ... (elapsed 0.001 seconds) done.
[   15.517897] Freezing remaining freezable tasks ... (elapsed 0.001 seconds) done.
[   15.526539] Suspending console(s) (use no_console_suspend to debug)
[   15.573494] PM: suspend of devices complete after 40.178 msecs
[   15.575023] PM: late suspend of devices complete after 1.520 msecs
[   15.575936] PM: noirq suspend of devices complete after 0.907 msecs
[   15.575938] Disabling non-boot CPUs ...
[   15.576142] IRQ17 no longer affine to CPU1
[   15.743997] Entering suspend state LP1
[   15.743997] Suspended for 3.060 seconds
[   15.744008] Enabling non-boot CPUs ...
[   15.774080] CPU1 is up
[   15.813890] CPU2 is up
[   15.854096] CPU3 is up
[   15.854551] PM: noirq resume of devices complete after 0.450 msecs
[   15.855870] PM: early resume of devices complete after 0.988 msecs
[   16.011632] mmc1: Switching to 3.3V signalling voltage failed
[   16.262443] tegra-sor 54540000.sor: failed to attach SOR: -110
[   16.299335] PM: resume of devices complete after 443.459 msecs
[   16.374639] Restarting tasks ... done.
root@(none):/# 
root@(none):/# rtcwake -d rtc1 -m mem -s 3
rtcwake: assuming RTC uses UTC ...
rtcwake: wakeup from "mem" using /dev/rtc1 at Thu Jan  1 00:00:58 1970
[   17.430751] PM: Syncing filesystems ... done.
[   17.449483] Freezing user space processes ... (elapsed 0.001 seconds) done.
[   17.457561] Freezing remaining freezable tasks ... (elapsed 0.001 seconds) done.
[   17.466201] Suspending console(s) (use no_console_suspend to debug)
[   17.513163] PM: suspend of devices complete after 40.139 msecs
[   17.514685] PM: late suspend of devices complete after 1.513 msecs
[   17.515596] PM: noirq suspend of devices complete after 0.907 msecs
[   17.515598] Disabling non-boot CPUs ...
[   17.683968] Entering suspend state LP1
[   17.683968] Suspended for 3.059 seconds
[   17.683980] Enabling non-boot CPUs ...
[   17.714044] CPU1 is up
[   17.753859] CPU2 is up
[   17.794066] CPU3 is up
[   17.794513] PM: noirq resume of devices complete after 0.442 msecs
[   17.795845] PM: early resume of devices complete after 1.022 msecs
[   17.951670] mmc1: Switching to 3.3V signalling voltage failed
[   18.202468] tegra-sor 54540000.sor: failed to attach SOR: -110
[   18.239206] PM: resume of devices complete after 443.354 msecs
[   18.310513] Restarting tasks ... done.
root@(none):/# 
root@(none):/# rtcwake -d rtc1 -m mem -s 3
rtcwake: assuming RTC uses UTC ...
rtcwake: wakeup from "mem" using /dev/rtc1 at Thu Jan  1 00:01:03 1970
[   19.370874] PM: Syncing filesystems ... done.
[   19.389356] Freezing user space processes ... (elapsed 0.001 seconds) done.
[   19.397435] Freezing remaining freezable tasks ... (elapsed 0.001 seconds) done.
[   19.406063] Suspending console(s) (use no_console_suspend to debug)
[   19.453074] PM: suspend of devices complete after 40.231 msecs
[   19.454593] PM: late suspend of devices complete after 1.510 msecs
[   19.455512] PM: noirq suspend of devices complete after 0.913 msecs
[   19.455514] Disabling non-boot CPUs ...
[   19.574312] IRQ17 no longer affine to CPU3
[   19.623955] Entering suspend state LP1
[   19.623955] Suspended for 3.059 seconds
[   19.623966] Enabling non-boot CPUs ...
[   19.654021] CPU1 is up
[   19.693828] CPU2 is up
[   19.734044] CPU3 is up
[   19.734490] PM: noirq resume of devices complete after 0.441 msecs
[   19.735820] PM: early resume of devices complete after 1.017 msecs
[   19.892566] mmc1: Switching to 3.3V signalling voltage failed
[   20.152408] tegra-sor 54540000.sor: failed to attach SOR: -110
[   20.180154] PM: resume of devices complete after 444.328 msecs
[   20.255557] Restarting tasks ... done.
root@(none):/# 
root@(none):/# rtcwake -d rtc1 -m mem -s 3
rtcwake: assuming RTC uses UTC ...
rtcwake: wakeup from "mem" using /dev/rtc1 at Thu Jan  1 00:01:08 1970
[   21.310706] PM: Syncing filesystems ... done.
[   21.330302] Freezing user space processes ... (elapsed 0.001 seconds) done.
[   21.338466] Freezing remaining freezable tasks ... (elapsed 0.001 seconds) done.
[   21.347106] Suspending console(s) (use no_console_suspend to debug)
[   21.394093] PM: suspend of devices complete after 40.209 msecs
[   21.395595] PM: late suspend of devices complete after 1.492 msecs
[   21.396501] PM: noirq suspend of devices complete after 0.902 msecs
[   21.396504] Disabling non-boot CPUs ...
[   21.563927] Entering suspend state LP1
[   21.563927] Suspended for 3.059 seconds
[   21.563938] Enabling non-boot CPUs ...
[   21.593990] CPU1 is up
[   21.633800] CPU2 is up
[   21.674023] CPU3 is up
[   21.674461] PM: noirq resume of devices complete after 0.433 msecs
[   21.675826] PM: early resume of devices complete after 1.045 msecs
[   21.831620] mmc1: Switching to 3.3V signalling voltage failed
[   22.082345] tegra-sor 54540000.sor: failed to attach SOR: -110
[   22.119245] PM: resume of devices complete after 443.410 msecs
[   22.190565] Restarting tasks ... done.
root@(none):/# 
root@(none):/# rtcwake -d rtc1 -m mem -s 3
rtcwake: assuming RTC uses UTC ...
rtcwake: wakeup from "mem" using /dev/rtc1 at Thu Jan  1 00:01:13 1970
[   23.250671] PM: Syncing filesystems ... done.
[   23.269303] Freezing user space processes ... (elapsed 0.001 seconds) done.
[   23.277383] Freezing remaining freezable tasks ... (elapsed 0.001 seconds) done.
[   23.286014] Suspending console(s) (use no_console_suspend to debug)
[   23.333209] PM: suspend of devices complete after 40.417 msecs
[   23.334692] PM: late suspend of devices complete after 1.474 msecs
[   23.335595] PM: noirq suspend of devices complete after 0.898 msecs
[   23.335597] Disabling non-boot CPUs ...
[   23.454267] IRQ17 no longer affine to CPU3
[   23.503892] Entering suspend state LP1
[   23.503892] Suspended for 3.059 seconds
[   23.503903] Enabling non-boot CPUs ...
[   23.533963] CPU1 is up
[   23.573773] CPU2 is up
[   23.614000] CPU3 is up
[   23.614450] PM: noirq resume of devices complete after 0.445 msecs
[   23.616006] PM: early resume of devices complete after 1.235 msecs
[   23.771649] mmc1: Switching to 3.3V signalling voltage failed
[   24.032380] tegra-sor 54540000.sor: failed to attach SOR: -110
[   24.059457] PM: resume of devices complete after 443.446 msecs
[   24.134901] Restarting tasks ... done.
root@(none):/# 
root@(none):/# NVTB SYSTEM SUSPEND TEST COMPLETE
