
U-Boot SPL 2014.07-00097-g772e173 (Jul 25 2014 - 20:02:52)


U-Boot 2014.07-00097-g772e173 (Jul 25 2014 - 20:02:52)

TEGRA124
Board: NVIDIA Jetson TK1
I2C:   ready
DRAM:  2 GiB
MMC:   Tegra SD/MMC: 0, Tegra SD/MMC: 1
In:    serial
Out:   serial
Err:   serial
Net:   Net Initialization Skipped
No ethernet found.
Hit any key to stop autoboot:  2  0 
Tegra124 (Jetson TK1) # 
Tegra124 (Jetson TK1) # usb reset
(Re)start USB...
USB0:   USB EHCI 1.10
scanning bus 0 for devices... 1 USB Device(s) found
USB1:   USB EHCI 1.10
scanning bus 1 for devices... 2 USB Device(s) found
       scanning usb for storage devices... 0 Storage Device(s) found
       scanning usb for ethernet devices... 
Warning: asx0 using MAC address from net device
1 Ethernet Device(s) found
Tegra124 (Jetson TK1) # setenv bootargs 'ignore_loglevel console=ttyS0,115200n8 rw root=/dev/mmcblk0p1 rootwait gpt debug init=/bin/bash noinitrd'
Tegra124 (Jetson TK1) # setenv ipaddr 192.168.100.102; setenv serverip 192.168.100.1; setenv tftpserverip 192.168.100.1
Tegra124 (Jetson TK1) # tftpboot 0x81000000 zImage.multi_v7_defconfig
Using asx0 device
TFTP from server 192.168.100.1; our IP address is 192.168.100.102
Filename 'zImage.multi_v7_defconfig'.
Load address: 0x81000000
Loading: *#################################################################
	 #################################################################
	 #################################################################
	 #################################################################
	 #################################################################
	 #################################################################
	 #########################################################
	 3.3 MiB/s
done
Bytes transferred = 6551632 (63f850 hex)
Tegra124 (Jetson TK1) # tftpboot 0x82000000 tegra124-jetson-tk1.dtb
Using asx0 device
TFTP from server 192.168.100.1; our IP address is 192.168.100.102
Filename 'tegra124-jetson-tk1.dtb'.
Load address: 0x82000000
Loading: *#####
	 3.1 MiB/s
done
Bytes transferred = 64138 (fa8a hex)
Tegra124 (Jetson TK1) # bootz 0x81000000 - 0x82000000
Kernel image @ 0x81000000 [ 0x000000 - 0x63f850 ]
## Flattened Device Tree blob at 82000000
   Booting using the fdt blob at 0x82000000
   Using Device Tree in place at 82000000, end 82012a89

Starting kernel ...

[    0.000000] Booting Linux on physical CPU 0x0
[    0.000000] Linux version 4.3.0-next-20151103-53646-g3aa8307 (pwalmsley@sellafield) (gcc version 4.7.3 20130328 (prerelease) (crosstool-NG linaro-1.13.1-4.7-2013.04-20130415 - Linaro GCC 2013.04) ) #1 SMP Sat Nov 7 14:32:26 PST 2015
[    0.000000] CPU: ARMv7 Processor [413fc0f3] revision 3 (ARMv7), cr=10c5387d
[    0.000000] CPU: PIPT / VIPT nonaliasing data cache, PIPT instruction cache
[    0.000000] Machine model: NVIDIA Tegra124 Jetson TK1
[    0.000000] debug: ignoring loglevel setting.
[    0.000000] cma: Reserved 64 MiB at 0xfb800000
[    0.000000] Memory policy: Data cache writealloc
[    0.000000] On node 0 totalpages: 524032
[    0.000000] free_area_init_node: node 0, pgdat c0fcc0c0, node_mem_map eeff8000
[    0.000000]   DMA zone: 1536 pages used for memmap
[    0.000000]   DMA zone: 0 pages reserved
[    0.000000]   DMA zone: 196608 pages, LIFO batch:31
[    0.000000]   HighMem zone: 327424 pages, LIFO batch:31
[    0.000000] PERCPU: Embedded 12 pages/cpu @eef8f000 s19200 r8192 d21760 u49152
[    0.000000] pcpu-alloc: s19200 r8192 d21760 u49152 alloc=12*4096
[    0.000000] pcpu-alloc: [0] 0 [0] 1 [0] 2 [0] 3 
[    0.000000] Built 1 zonelists in Zone order, mobility grouping on.  Total pages: 522496
[    0.000000] Kernel command line: ignore_loglevel console=ttyS0,115200n8 rw root=/dev/mmcblk0p1 rootwait gpt debug init=/bin/bash noinitrd
[    0.000000] PID hash table entries: 4096 (order: 2, 16384 bytes)
[    0.000000] Dentry cache hash table entries: 131072 (order: 7, 524288 bytes)
[    0.000000] Inode-cache hash table entries: 65536 (order: 6, 262144 bytes)
[    0.000000] Memory: 1998444K/2096128K available (8267K kernel code, 1040K rwdata, 3740K rodata, 1052K init, 341K bss, 32148K reserved, 65536K cma-reserved, 1244160K highmem)
[    0.000000] Virtual kernel memory layout:
[    0.000000]     vector  : 0xffff0000 - 0xffff1000   (   4 kB)
[    0.000000]     fixmap  : 0xffc00000 - 0xfff00000   (3072 kB)
[    0.000000]     vmalloc : 0xf0800000 - 0xff800000   ( 240 MB)
[    0.000000]     lowmem  : 0xc0000000 - 0xf0000000   ( 768 MB)
[    0.000000]     pkmap   : 0xbfe00000 - 0xc0000000   (   2 MB)
[    0.000000]     modules : 0xbf000000 - 0xbfe00000   (  14 MB)
[    0.000000]       .text : 0xc0208000 - 0xc0dc2e58   (12012 kB)
[    0.000000]       .init : 0xc0dc3000 - 0xc0eca000   (1052 kB)
[    0.000000]       .data : 0xc0eca000 - 0xc0fce020   (1041 kB)
[    0.000000]        .bss : 0xc0fd1000 - 0xc1026468   ( 342 kB)
[    0.000000] SLUB: HWalign=64, Order=0-3, MinObjects=0, CPUs=4, Nodes=1
[    0.000000] Hierarchical RCU implementation.
[    0.000000] 	Build-time adjustment of leaf fanout to 32.
[    0.000000] 	RCU restricting CPUs from NR_CPUS=16 to nr_cpu_ids=4.
[    0.000000] RCU: Adjusting geometry for rcu_fanout_leaf=32, nr_cpu_ids=4
[    0.000000] NR_IRQS:16 nr_irqs:16 16
[    0.000000] /interrupt-controller@60004000: 160 interrupts forwarded to /interrupt-controller@0,50041000
[    0.000000] L2C: failed to init: -19
[    0.000010] sched_clock: 32 bits at 1000kHz, resolution 1000ns, wraps every 2147483647500ns
[    0.000029] clocksource: timer_us: mask: 0xffffffff max_cycles: 0xffffffff, max_idle_ns: 1911260446275 ns
[    0.000043] Switching to timer-based delay loop, resolution 1000ns
[    0.004470] Architected cp15 timer(s) running at 12.00MHz (virt).
[    0.004487] clocksource: arch_sys_counter: mask: 0xffffffffffffff max_cycles: 0x2c47f4ee7, max_idle_ns: 440795202497 ns
[    0.004505] sched_clock: 56 bits at 12MHz, resolution 83ns, wraps every 4398046511096ns
[    0.004517] Switching to timer-based delay loop, resolution 83ns
[    0.004935] Console: colour dummy device 80x30
[    0.004959] Calibrating delay loop (skipped), value calculated using timer frequency.. 24.00 BogoMIPS (lpj=60000)
[    0.004973] pid_max: default: 32768 minimum: 301
[    0.005078] Mount-cache hash table entries: 2048 (order: 1, 8192 bytes)
[    0.005090] Mountpoint-cache hash table entries: 2048 (order: 1, 8192 bytes)
[    0.005674] CPU: Testing write buffer coherency: ok
[    0.005885] /cpus/cpu@0 missing clock-frequency property
[    0.005924] /cpus/cpu@1 missing clock-frequency property
[    0.005961] /cpus/cpu@2 missing clock-frequency property
[    0.005999] /cpus/cpu@3 missing clock-frequency property
[    0.006011] CPU0: thread -1, cpu 0, socket 0, mpidr 80000000
[    0.006057] Setting up static identity map for 0x80209000 - 0x80209098
[    0.008960] Tegra Revision: A01 SKU: 129 CPU Process: 1 SoC Process: 1
[    0.010235] CPU1: thread -1, cpu 1, socket 0, mpidr 80000001
[    0.010755] CPU2: thread -1, cpu 2, socket 0, mpidr 80000002
[    0.011264] CPU3: thread -1, cpu 3, socket 0, mpidr 80000003
[    0.011329] Brought up 4 CPUs
[    0.011349] SMP: Total of 4 processors activated (96.00 BogoMIPS).
[    0.011356] CPU: All CPU(s) started in SVC mode.
[    0.012788] devtmpfs: initialized
[    0.030812] VFP support v0.3: implementor 41 architecture 4 part 30 variant f rev 0
[    0.031583] clocksource: jiffies: mask: 0xffffffff max_cycles: 0xffffffff, max_idle_ns: 9556302231375000 ns
[    0.033273] pinctrl core: initialized pinctrl subsystem
[    0.034952] NET: Registered protocol family 16
[    0.036977] DMA: preallocated 256 KiB pool for atomic coherent allocations
[    0.049571] cpuidle: using governor ladder
[    0.064590] cpuidle: using governor menu
[    0.081247] No ATAGs?
[    0.081284] hw-breakpoint: found 5 (+1 reserved) breakpoint and 4 watchpoint registers.
[    0.081295] hw-breakpoint: maximum watchpoint size is 8 bytes.
[    0.086294] Serial: AMBA PL011 UART driver
[    0.115325] +USB0_VBUS_SW: Failed to request enable GPIO108: -517
[    0.115446] reg-fixed-voltage regulators:regulator@7: Failed to register regulator: -517
[    0.115665] +5V_USB_HS: Failed to request enable GPIO109: -517
[    0.115775] reg-fixed-voltage regulators:regulator@8: Failed to register regulator: -517
[    0.116072] +1.05V_RUN_AVDD_HDMI_PLL: Failed to request enable GPIO63: -517
[    0.116180] reg-fixed-voltage regulators:regulator@11: Failed to register regulator: -517
[    0.116398] +5V_HDMI_CON: Failed to request enable GPIO86: -517
[    0.116505] reg-fixed-voltage regulators:regulator@12: Failed to register regulator: -517
[    0.116719] +5V_SATA: Failed to request enable GPIO242: -517
[    0.116826] reg-fixed-voltage regulators:regulator@13: Failed to register regulator: -517
[    0.117040] +12V_SATA: Failed to request enable GPIO242: -517
[    0.117147] reg-fixed-voltage regulators:regulator@14: Failed to register regulator: -517
[    0.120493] vgaarb: loaded
[    0.121444] SCSI subsystem initialized
[    0.121621] libata version 3.00 loaded.
[    0.121927] usbcore: registered new interface driver usbfs
[    0.121991] usbcore: registered new interface driver hub
[    0.122066] usbcore: registered new device driver usb
[    0.125677] pps_core: LinuxPPS API ver. 1 registered
[    0.125687] pps_core: Software ver. 5.3.6 - Copyright 2005-2007 Rodolfo Giometti <giometti@linux.it>
[    0.125715] PTP clock support registered
[    0.125936] EDAC MC: Ver: 3.0.0
[    0.129047] clocksource: Switched to clocksource arch_sys_counter
[    0.140710] NET: Registered protocol family 2
[    0.141218] TCP established hash table entries: 8192 (order: 3, 32768 bytes)
[    0.141317] TCP bind hash table entries: 8192 (order: 4, 65536 bytes)
[    0.141503] TCP: Hash tables configured (established 8192 bind 8192)
[    0.141557] UDP hash table entries: 512 (order: 2, 16384 bytes)
[    0.141599] UDP-Lite hash table entries: 512 (order: 2, 16384 bytes)
[    0.141768] NET: Registered protocol family 1
[    0.142019] RPC: Registered named UNIX socket transport module.
[    0.142029] RPC: Registered udp transport module.
[    0.142036] RPC: Registered tcp transport module.
[    0.142044] RPC: Registered tcp NFSv4.1 backchannel transport module.
[    0.142064] PCI: CLS 0 bytes, default 64
[    0.143029] hw perfevents: enabled with armv7_cortex_a15 PMU driver, 7 counters available
[    0.144573] futex hash table entries: 1024 (order: 4, 65536 bytes)
[    0.156725] squashfs: version 4.0 (2009/01/31) Phillip Lougher
[    0.157600] NFS: Registering the id_resolver key type
[    0.157642] Key type id_resolver registered
[    0.157650] Key type id_legacy registered
[    0.157720] ntfs: driver 2.1.32 [Flags: R/O].
[    0.159110] bounce: pool size: 64 pages
[    0.159315] Block layer SCSI generic (bsg) driver version 0.4 loaded (major 249)
[    0.159332] io scheduler noop registered
[    0.159347] io scheduler deadline registered
[    0.159386] io scheduler cfq registered (default)
[    0.177156] tegra-pcie 1003000.pcie-controller: 2x1, 1x1 configuration
[    0.177209] tegra-pcie 1003000.pcie-controller: Failed to get supply 'avddio-pex': -517
[    0.184565] tegra-apbdma 60020000.dma: Tegra20 APB DMA driver register 32 channels
[    0.186056] tegra-pmc 7000e400.pmc: emergency thermal reset enabled
[    0.251195] Serial: 8250/16550 driver, 4 ports, IRQ sharing disabled
[    0.253644] SuperH (H)SCI(F) driver initialized
[    0.254622] msm_serial: driver initialized
[    0.255446] console [ttyS0] disabled
[    0.255482] 70006300.serial: ttyS0 at MMIO 0x70006300 (irq = 331, base_baud = 25500000) is a Tegra
[    1.074232] console [ttyS0] enabled
[    1.078532] STMicroelectronics ASC driver initialized
[    1.086005] [drm] Initialized drm 1.1.0 20060810
[    1.093009] tegra-hdmi 54280000.hdmi: failed to get HDMI regulator
[    1.107145] loop: module loaded
[    1.110600] at24 0-0056: 256 byte 24c02 EEPROM, writable, 8 bytes/write
[    1.118801] as3722 4-0040: AS3722 with revision 0x1 found
[    1.142138] +5V_SYS: supplied by +VDD_MUX
[    1.146210] +1.05V_RUN: supplied by +5V_SYS
[    1.150524] tegra-ahci 70027000.sata: Failed to get supply 'hvdd': -517
[    1.157199] tegra-ahci 70027000.sata: Failed to get regulators
[    1.168488] m25p80 spi32765.0: w25q32dw (4096 Kbytes)
[    1.173567] spi32765.0: 'partitions' subnode not found on /spi@0,7000da00/spi-flash@0. Trying to parse direct subnodes as partitions.
[    1.188654] libphy: Fixed MDIO Bus: probed
[    1.193480] CAN device driver interface
[    1.198852] igb: Intel(R) Gigabit Ethernet Network Driver - version 5.3.0-k
[    1.205820] igb: Copyright (c) 2007-2014 Intel Corporation.
[    1.214755] pegasus: v0.9.3 (2013/04/25), Pegasus/Pegasus II USB Ethernet driver
[    1.222210] usbcore: registered new interface driver pegasus
[    1.227953] usbcore: registered new interface driver asix
[    1.233415] usbcore: registered new interface driver ax88179_178a
[    1.239569] usbcore: registered new interface driver cdc_ether
[    1.245482] usbcore: registered new interface driver smsc75xx
[    1.251310] usbcore: registered new interface driver smsc95xx
[    1.257115] usbcore: registered new interface driver net1080
[    1.262834] usbcore: registered new interface driver cdc_subset
[    1.268817] usbcore: registered new interface driver zaurus
[    1.274484] usbcore: registered new interface driver cdc_ncm
[    1.280420] tegra-phy 7d004000.usb-phy: no vbus regulator
[    1.287795] ehci_hcd: USB 2.0 'Enhanced' Host Controller (EHCI) Driver
[    1.294345] ehci-pci: EHCI PCI platform driver
[    1.298840] ehci-platform: EHCI generic platform driver
[    1.304299] ehci-omap: OMAP-EHCI Host Controller driver
[    1.309686] ehci-orion: EHCI orion driver
[    1.313838] SPEAr-ehci: EHCI SPEAr driver
[    1.318014] ehci-st: EHCI STMicroelectronics driver
[    1.323056] ehci-exynos: EHCI EXYNOS driver
[    1.327427] ehci-atmel: EHCI Atmel driver
[    1.331608] tegra-ehci: Tegra EHCI driver
[    1.335935] tegra-ehci 7d004000.usb: EHCI Host Controller
[    1.341364] tegra-ehci 7d004000.usb: new USB bus registered, assigned bus number 1
[    1.349123] tegra-ehci 7d004000.usb: irq 348, io mem 0x7d004000
[    1.364072] tegra-ehci 7d004000.usb: USB 2.0 started, EHCI 1.10
[    1.370807] hub 1-0:1.0: USB hub found
[    1.374604] hub 1-0:1.0: 1 port detected
[    1.379128] ohci_hcd: USB 1.1 'Open' Host Controller (OHCI) Driver
[    1.385332] ohci-pci: OHCI PCI platform driver
[    1.389847] ohci-platform: OHCI generic platform driver
[    1.395266] ohci-omap3: OHCI OMAP3 driver
[    1.399440] SPEAr-ohci: OHCI SPEAr driver
[    1.403598] ohci-st: OHCI STMicroelectronics driver
[    1.408634] ohci-atmel: OHCI Atmel driver
[    1.413199] usbcore: registered new interface driver usb-storage
[    1.420817] mousedev: PS/2 mouse device common for all mice
[    1.430243] as3722-rtc as3722-rtc: rtc core: registered as3722-rtc as rtc0
[    1.437130] as3722-rtc as3722-rtc: RTC interrupt 371
[    1.445489] tegra_rtc 7000e000.rtc: rtc core: registered 7000e000.rtc as rtc1
[    1.452676] tegra_rtc 7000e000.rtc: Tegra internal Real Time Clock
[    1.459471] i2c /dev entries driver
[    1.468642] 0-004c supply vcc not found, using dummy regulator
[    1.481335] sdhci: Secure Digital Host Controller Interface driver
[    1.487532] sdhci: Copyright(c) Pierre Ossman
[    1.493589] Synopsys Designware Multimedia Card Interface Driver
[    1.500798] sdhci-pltfm: SDHCI platform and OF driver helper
[    1.507228] sdhci-tegra 700b0400.sdhci: Got CD GPIO
[    1.512134] sdhci-tegra 700b0400.sdhci: Got WP GPIO
[    1.517066] mmc0: Unknown controller version (3). You may experience problems.
[    1.524419] sdhci-tegra 700b0400.sdhci: No vmmc regulator found
[    1.530507] mmc0: Unknown controller version (3). You may experience problems.
[    1.537865] sdhci-tegra 700b0600.sdhci: No vmmc regulator found
[    1.543803] sdhci-tegra 700b0600.sdhci: No vqmmc regulator found
[    1.549824] mmc0: Invalid maximum block size, assuming 512 bytes
[    1.589071] mmc0: SDHCI controller on 700b0600.sdhci [700b0600.sdhci] using ADMA 64-bit
[    1.598631] ledtrig-cpu: registered to indicate activity on CPUs
[    1.605025] usbcore: registered new interface driver usbhid
[    1.610606] usbhid: USB HID core driver
[    1.621340] NET: Registered protocol family 10
[    1.626551] sit: IPv6 over IPv4 tunneling driver
[    1.631921] NET: Registered protocol family 17
[    1.636408] can: controller area network core (rev 20120528 abi 9)
[    1.642711] NET: Registered protocol family 29
[    1.647185] can: raw protocol (rev 20120528)
[    1.651527] can: broadcast manager protocol (rev 20120528 t)
[    1.657223] can: netlink gateway (rev 20130117) max_hops=1
[    1.663244] Key type dns_resolver registered
[    1.668168] ThumbEE CPU extension supported.
[    1.672523] Registering SWP/SWPB emulation handler
[    1.692293] tegra-pcie 1003000.pcie-controller: 2x1, 1x1 configuration
[    1.699267] +3.3V_SYS: supplied by +VDD_MUX
[    1.703512] +3.3V_LP0: supplied by +3.3V_SYS
[    1.708171] +1.35V_LP0(sd2): supplied by +5V_SYS
[    1.712874] +1.05V_RUN_AVDD: supplied by +1.35V_LP0(sd2)
[    1.713747] mmc0: MAN_BKOPS_EN bit is not set
[    1.718304] mmc0: new high speed MMC card at address 0001
[    1.719709] mmcblk0: mmc0:0001 SEM16G 14.6 GiB 
[    1.720852] mmcblk0boot0: mmc0:0001 SEM16G partition 1 4.00 MiB
[    1.721526] mmcblk0boot1: mmc0:0001 SEM16G partition 2 4.00 MiB
[    1.722355] mmcblk0rpmb: mmc0:0001 SEM16G partition 3 4.00 MiB
[    1.726235] Primary GPT is invalid, using alternate GPT.
[    1.726267]  mmcblk0: p1 p2 p3 p4 p5 p6 p7 p8 p9
[    1.761708] tegra-pcie 1003000.pcie-controller: probing port 0, using 2 lanes
[    1.771224] tegra-pcie 1003000.pcie-controller: Slot present pin change, signature: 00000008
[    2.204817] tegra-pcie 1003000.pcie-controller: link 0 down, retrying
[    2.640438] tegra-pcie 1003000.pcie-controller: link 0 down, retrying
[    3.076477] tegra-pcie 1003000.pcie-controller: link 0 down, retrying
[    3.085123] tegra-pcie 1003000.pcie-controller: link 0 down, ignoring
[    3.091633] tegra-pcie 1003000.pcie-controller: probing port 1, using 1 lanes
[    3.101138] tegra-pcie 1003000.pcie-controller: Slot present pin change, signature: 00000000
[    3.534637] tegra-pcie 1003000.pcie-controller: link 1 down, retrying
[    3.970382] tegra-pcie 1003000.pcie-controller: link 1 down, retrying
[    4.406262] tegra-pcie 1003000.pcie-controller: link 1 down, retrying
[    4.414905] tegra-pcie 1003000.pcie-controller: link 1 down, ignoring
[    4.421627] tegra-pcie 1003000.pcie-controller: PCI host bridge to bus 0000:00
[    4.428865] pci_bus 0000:00: root bus resource [mem 0x13000000-0x1fffffff]
[    4.435747] pci_bus 0000:00: root bus resource [mem 0x20000000-0x3fffffff pref]
[    4.443060] pci_bus 0000:00: root bus resource [bus 00-ff]
[    4.448552] pci_bus 0000:00: root bus resource [io  0x1000-0xffff]
[    4.454762] PCI: bus0: Fast back to back transfers enabled
[    4.461107] +5V_HDMI_CON: supplied by +5V_SYS
[    4.465612] +1.05V_RUN_AVDD_HDMI_PLL: supplied by +1.05V_RUN
[    4.471430] +3.3V_RUN: supplied by +3.3V_SYS
[    4.475759] +3.3V_AVDD_HDMI_AP_GATED: supplied by +3.3V_RUN
[    4.483907] [drm] Supports vblank timestamp caching Rev 2 (21.10.2013).
[    4.490560] [drm] No driver support for vblank timestamp query.
[    4.596357] tegra-hdmi 54280000.hdmi: cannot set audio to 44100 at 297000000 pclk
[    4.748511] Console: switching to colour frame buffer device 512x135
[    4.843179] drm drm: fb0:  frame buffer device
[    4.859204] [drm] Initialized tegra 0.0.0 20120330 on minor 0
[    4.866281] +5V_SATA: supplied by +5V_SYS
[    4.870526] +12V_SATA: supplied by +VDD_MUX
[    4.875478] tegra-ahci 70027000.sata: AHCI 0001.0301 32 slots 2 ports 3 Gbps 0x1 impl platform mode
[    4.884555] tegra-ahci 70027000.sata: flags: 64bit ncq sntf pm led pio slum part sadm sds apst 
[    4.895527] scsi host0: tegra-ahci
[    4.899871] scsi host1: tegra-ahci
[    4.903618] ata1: SATA max UDMA/133 mmio [mem 0x70027000-0x70028fff] port 0x100 irq 341
[    4.911655] ata2: DUMMY
[    4.915589] +5V_USB_HS: supplied by +5V_SYS
[    4.921249] tegra-ehci 7d008000.usb: EHCI Host Controller
[    4.926711] tegra-ehci 7d008000.usb: new USB bus registered, assigned bus number 2
[    4.934516] tegra-ehci 7d008000.usb: irq 349, io mem 0x7d008000
[    4.949205] tegra-ehci 7d008000.usb: USB 2.0 started, EHCI 1.10
[    4.956376] hub 2-0:1.0: USB hub found
[    4.960230] hub 2-0:1.0: 1 port detected
[    4.965804] dev_pm_opp_of_cpumask_add_table: couldn't find opp table for cpu:0, -19
[    4.973581] cpufreq: cpufreq_online: CPU0: Running at unlisted freq: 696000 KHz
[    4.980949] cpufreq: cpufreq_online: CPU0: Unlisted initial frequency changed to: 714000 KHz
[    4.990160] sdhci-tegra 700b0400.sdhci: Got CD GPIO
[    4.995068] sdhci-tegra 700b0400.sdhci: Got WP GPIO
[    5.000002] mmc1: Unknown controller version (3). You may experience problems.
[    5.007365] +VDDIO_SDMMC3: supplied by +3.3V_RUN
[    5.012074] sdhci-tegra 700b0400.sdhci: No vmmc regulator found
[    5.018015] mmc1: Invalid maximum block size, assuming 512 bytes
[    5.059349] mmc1: SDHCI controller on 700b0400.sdhci [700b0400.sdhci] using ADMA 64-bit
[    5.067884] input: gpio-keys as /devices/soc0/gpio-keys/input/input0
[    5.075014] as3722-rtc as3722-rtc: setting system clock to 2000-01-01 00:00:18 UTC (946684818)
[    5.087509] +1.8V_RUN_CAM: disabling
[    5.091292] +2.8V_RUN_CAM: disabling
[    5.095078] +1.2V_RUN_CAM_FRONT: disabling
[    5.099382] +1.05V_RUN_CAM_REAR: disabling
[    5.103663] +3.3V_RUN_TOUCH: disabling
[    5.107627] +2.8V_RUN_CAM_AF: disabling
[    5.111633] +1.8V_RUN_VPP_FUSE: disabling
[    5.115809] +USB0_VBUS_SW: disabling
[    5.239132] ata1: SATA link down (SStatus 0 SControl 300)
[    5.245230] EXT4-fs (mmcblk0p1): couldn't mount as ext3 due to feature incompatibilities
[    5.253866] EXT4-fs (mmcblk0p1): couldn't mount as ext2 due to feature incompatibilities
[    5.274144] usb 2-1: new high-speed USB device number 2 using tegra-ehci
[    5.284580] EXT4-fs (mmcblk0p1): recovery complete
[    5.290311] EXT4-fs (mmcblk0p1): mounted filesystem with ordered data mode. Opts: (null)
[    5.298435] VFS: Mounted root (ext4 filesystem) on device 179:1.
[    5.308591] devtmpfs: mounted
[    5.311852] Freeing unused kernel memory: 1052K (c0dc3000 - c0eca000)
bash: cannot set terminal process group (-1): Inappropriate ioctl for device
bash: no job control in this shell
root@(none):/# 