
U-Boot SPL 2015.04-rc3-00209-ga74ef40 (Mar 16 2015 - 14:43:39)


U-Boot 2015.04-rc3-00209-ga74ef40 (Mar 16 2015 - 14:43:39)

TEGRA20
Model: Compulab TrimSlice board
DRAM:  1 GiB
MMC:   Tegra SD/MMC: 0, Tegra SD/MMC: 1
SF: Detected W25Q80BL with page size 256 Bytes, erase size 4 KiB, total 1 MiB
tegra-pcie: PCI regions:
tegra-pcie:   I/O: 0x82000000-0x82010000
tegra-pcie:   non-prefetchable memory: 0xa0000000-0xa8000000
tegra-pcie:   prefetchable memory: 0xa8000000-0xc0000000
tegra-pcie: dual-mode configuration
tegra-pcie: probing port 0, using 2 lanes
In:    serial
Out:   serial
Err:   serial
Net:   RTL8169#0
Hit any key to stop autoboot:  2  0 
Tegra20 (TrimSlice) # 
Tegra20 (TrimSlice) # usb reset
resetting USB...
USB0:   USB EHCI 1.00
scanning bus 0 for devices... 3 USB Device(s) found
USB1:   USB EHCI 1.00
scanning bus 1 for devices... 1 USB Device(s) found
USB2:   lowlevel init failed
       scanning usb for storage devices... 0 Storage Device(s) found
       scanning usb for ethernet devices... 
Warning: asx0 using MAC address from net device
1 Ethernet Device(s) found
Tegra20 (TrimSlice) # setenv bootargs 'ignore_loglevel console=ttyS0,115200n8 rw root=PARTUUID=11eb23c1-01 rootwait gpt debug noinitrd earlyprintk init=/bin/bash'
Tegra20 (TrimSlice) # setenv ipaddr 192.168.100.103; setenv serverip 192.168.100.1; setenv tftpserverip 192.168.100.1
Tegra20 (TrimSlice) # tftpboot 0x00408000 zImage.multi_v7_defconfig
Using RTL8169#0 device
TFTP from server 192.168.100.1; our IP address is 192.168.100.103
Filename 'zImage.multi_v7_defconfig'.
Load address: 0x408000
Loading: *#################################################################
	 #################################################################
	 #################################################################
	 #################################################################
	 #################################################################
	 #################################################################
	 #################################################################
	 #################################################################
	 ####################
	 4.1 MiB/s
done
Bytes transferred = 7915464 (78c7c8 hex)
Tegra20 (TrimSlice) # tftpboot 0x02408000 tegra20-trimslice.dtb
Using RTL8169#0 device
TFTP from server 192.168.100.1; our IP address is 192.168.100.103
Filename 'tegra20-trimslice.dtb'.
Load address: 0x2408000
Loading: *##
	 3.4 MiB/s
done
Bytes transferred = 21426 (53b2 hex)
Tegra20 (TrimSlice) # bootz 0x00408000 - 0x02408000
Kernel image @ 0x408000 [ 0x000000 - 0x78c7c8 ]
## Flattened Device Tree blob at 02408000
   Booting using the fdt blob at 0x2408000
   Using Device Tree in place at 02408000, end 024103b1

Starting kernel ...

[    0.000000] Booting Linux on physical CPU 0x0
[    0.000000] Linux version 4.12.0-rc1-170893-ge99b6f1 (jonathanh@sellafield) (gcc version 4.7.3 20130328 (prerelease) (crosstool-NG linaro-1.13.1-4.7-2013.04-20130415 - Linaro GCC 2013.04) ) #1 SMP Tue May 30 03:52:36 PDT 2017
[    0.000000] CPU: ARMv7 Processor [411fc090] revision 0 (ARMv7), cr=10c5387d
[    0.000000] CPU: PIPT / VIPT nonaliasing data cache, VIPT aliasing instruction cache
[    0.000000] OF: fdt: Machine model: Compulab TrimSlice board
[    0.000000] debug: ignoring loglevel setting.
[    0.000000] Memory policy: Data cache writealloc
[    0.000000] efi: Getting EFI parameters from FDT:
[    0.000000] efi: UEFI not found.
[    0.000000] cma: Reserved 64 MiB at 0x3c000000
[    0.000000] On node 0 totalpages: 262144
[    0.000000] free_area_init_node: node 0, pgdat c157fd40, node_mem_map ef7f8000
[    0.000000]   DMA zone: 1536 pages used for memmap
[    0.000000]   DMA zone: 0 pages reserved
[    0.000000]   DMA zone: 196608 pages, LIFO batch:31
[    0.000000]   HighMem zone: 65536 pages, LIFO batch:15
[    0.000000] percpu: Embedded 17 pages/cpu @ef7c4000 s39168 r8192 d22272 u69632
[    0.000000] pcpu-alloc: s39168 r8192 d22272 u69632 alloc=17*4096
[    0.000000] pcpu-alloc: [0] 0 [0] 1 
[    0.000000] Built 1 zonelists in Zone order, mobility grouping on.  Total pages: 260608
[    0.000000] Kernel command line: ignore_loglevel console=ttyS0,115200n8 rw root=PARTUUID=11eb23c1-01 rootwait gpt debug noinitrd earlyprintk init=/bin/bash
[    0.000000] PID hash table entries: 4096 (order: 2, 16384 bytes)
[    0.000000] Dentry cache hash table entries: 131072 (order: 7, 524288 bytes)
[    0.000000] Inode-cache hash table entries: 65536 (order: 6, 262144 bytes)
[    0.000000] Memory: 954368K/1048576K available (10240K kernel code, 1566K rwdata, 4388K rodata, 2048K init, 409K bss, 28672K reserved, 65536K cma-reserved, 196608K highmem)
[    0.000000] Virtual kernel memory layout:
[    0.000000]     vector  : 0xffff0000 - 0xffff1000   (   4 kB)
[    0.000000]     fixmap  : 0xffc00000 - 0xfff00000   (3072 kB)
[    0.000000]     vmalloc : 0xf0800000 - 0xff800000   ( 240 MB)
[    0.000000]     lowmem  : 0xc0000000 - 0xf0000000   ( 768 MB)
[    0.000000]     pkmap   : 0xbfe00000 - 0xc0000000   (   2 MB)
[    0.000000]     modules : 0xbf000000 - 0xbfe00000   (  14 MB)
[    0.000000]       .text : 0xc0208000 - 0xc0d00000   (11232 kB)
[    0.000000]       .init : 0xc1200000 - 0xc1400000   (2048 kB)
[    0.000000]       .data : 0xc1400000 - 0xc15879b0   (1567 kB)
[    0.000000]        .bss : 0xc1590d04 - 0xc15f74d8   ( 410 kB)
[    0.000000] SLUB: HWalign=64, Order=0-3, MinObjects=0, CPUs=2, Nodes=1
[    0.000000] Hierarchical RCU implementation.
[    0.000000] 	RCU debugfs-based tracing is enabled.
[    0.000000] 	RCU restricting CPUs from NR_CPUS=16 to nr_cpu_ids=2.
[    0.000000] RCU: Adjusting geometry for rcu_fanout_leaf=16, nr_cpu_ids=2
[    0.000000] NR_IRQS:16 nr_irqs:16 16
[    0.000000] /interrupt-controller@60004000: 128 interrupts forwarded to /interrupt-controller@50041000
[    0.000000] L2C: platform modifies aux control register: 0x02080000 -> 0x3e480001
[    0.000000] L2C: DT/platform modifies aux control register: 0x02080000 -> 0x3e480001
[    0.000000] L2C-310 errata 727915 769419 enabled
[    0.000000] L2C-310 enabling early BRESP for Cortex-A9
[    0.000000] L2C-310: enabling full line of zeros but not enabled in Cortex-A9
[    0.000000] L2C-310 ID prefetch enabled, offset 1 lines
[    0.000000] L2C-310 cache controller enabled, 8 ways, 1024 kB
[    0.000000] L2C-310: CACHE_ID 0x410000c4, AUX_CTRL 0x7e480001
[    0.000009] sched_clock: 32 bits at 1000kHz, resolution 1000ns, wraps every 2147483647500ns
[    0.000025] clocksource: timer_us: mask: 0xffffffff max_cycles: 0xffffffff, max_idle_ns: 1911260446275 ns
[    0.000036] Switching to timer-based delay loop, resolution 1000ns
[    0.001600] Console: colour dummy device 80x30
[    0.001627] Calibrating delay loop (skipped), value calculated using timer frequency.. 2.00 BogoMIPS (lpj=10000)
[    0.001638] pid_max: default: 32768 minimum: 301
[    0.001709] Mount-cache hash table entries: 2048 (order: 1, 8192 bytes)
[    0.001718] Mountpoint-cache hash table entries: 2048 (order: 1, 8192 bytes)
[    0.002158] CPU: Testing write buffer coherency: ok
[    0.002366] CPU0: thread -1, cpu 0, socket 0, mpidr 80000000
[    0.002595] Setting up static identity map for 0x300000 - 0x3000a0
[    0.004023] Tegra Revision: A03 prime SKU: 8 CPU Process: 1 SoC Process: 2
[    0.004467] EFI services will not be available.
[    0.004632] smp: Bringing up secondary CPUs ...
[    0.005183] CPU1: thread -1, cpu 1, socket 0, mpidr 80000001
[    0.005247] smp: Brought up 1 node, 2 CPUs
[    0.005259] SMP: Total of 2 processors activated (4.00 BogoMIPS).
[    0.005264] CPU: All CPU(s) started in SVC mode.
[    0.005926] devtmpfs: initialized
[    0.009617] VFP support v0.3: implementor 41 architecture 3 part 30 variant 9 rev 1
[    0.009830] clocksource: jiffies: mask: 0xffffffff max_cycles: 0xffffffff, max_idle_ns: 19112604462750000 ns
[    0.009844] futex hash table entries: 512 (order: 3, 32768 bytes)
[    0.012888] pinctrl core: initialized pinctrl subsystem
[    0.014097] NET: Registered protocol family 16
[    0.016363] DMA: preallocated 256 KiB pool for atomic coherent allocations
[    0.017799] cpuidle: using governor menu
[    0.034917] No ATAGs?
[    0.034986] hw-breakpoint: found 5 (+1 reserved) breakpoint and 1 watchpoint registers.
[    0.034997] hw-breakpoint: maximum watchpoint size is 4 bytes.
[    0.040488] Serial: AMBA PL011 UART driver
[    0.051652] AT91: Could not find identification node
[    0.052201] usb1_vbus: Failed to request enable GPIO170: -517
[    0.052217] reg-fixed-voltage regulators:regulator@2: Failed to register regulator: -517
[    0.055594] vgaarb: loaded
[    0.056163] SCSI subsystem initialized
[    0.056282] libata version 3.00 loaded.
[    0.056468] usbcore: registered new interface driver usbfs
[    0.056509] usbcore: registered new interface driver hub
[    0.056547] usbcore: registered new device driver usb
[    0.058511] pps_core: LinuxPPS API ver. 1 registered
[    0.058519] pps_core: Software ver. 5.3.6 - Copyright 2005-2007 Rodolfo Giometti <giometti@linux.it>
[    0.058536] PTP clock support registered
[    0.058674] EDAC MC: Ver: 3.0.0
[    0.060438] clocksource: Switched to clocksource timer_us
[    0.100529] NET: Registered protocol family 2
[    0.100963] TCP established hash table entries: 8192 (order: 3, 32768 bytes)
[    0.101034] TCP bind hash table entries: 8192 (order: 4, 65536 bytes)
[    0.101148] TCP: Hash tables configured (established 8192 bind 8192)
[    0.101234] UDP hash table entries: 512 (order: 2, 16384 bytes)
[    0.101284] UDP-Lite hash table entries: 512 (order: 2, 16384 bytes)
[    0.101435] NET: Registered protocol family 1
[    0.101722] RPC: Registered named UNIX socket transport module.
[    0.101730] RPC: Registered udp transport module.
[    0.101735] RPC: Registered tcp transport module.
[    0.101740] RPC: Registered tcp NFSv4.1 backchannel transport module.
[    0.101750] PCI: CLS 0 bytes, default 64
[    0.102556] hw perfevents: no interrupt-affinity property for /pmu, guessing.
[    0.102707] hw perfevents: enabled with armv7_cortex_a9 PMU driver, 7 counters available
[    0.104051] workingset: timestamp_bits=30 max_order=18 bucket_order=0
[    0.110658] squashfs: version 4.0 (2009/01/31) Phillip Lougher
[    0.111280] NFS: Registering the id_resolver key type
[    0.111301] Key type id_resolver registered
[    0.111307] Key type id_legacy registered
[    0.111338] ntfs: driver 2.1.32 [Flags: R/O].
[    0.112626] bounce: pool size: 64 pages
[    0.112664] Block layer SCSI generic (bsg) driver version 0.4 loaded (major 248)
[    0.112673] io scheduler noop registered
[    0.112679] io scheduler deadline registered
[    0.112706] io scheduler cfq registered (default)
[    0.112713] io scheduler mq-deadline registered
[    0.112718] io scheduler kyber registered
[    0.123846] tegra-pcie 80003000.pcie-controller: dual-mode configuration
[    0.124530] tegra-pcie 80003000.pcie-controller: probing port 0, using 2 lanes
[    0.206610] tegra-pcie 80003000.pcie-controller: PCI host bridge to bus 0000:00
[    0.206623] pci_bus 0000:00: root bus resource [io  0x0000-0xffff]
[    0.206632] pci_bus 0000:00: root bus resource [mem 0xa0000000-0xa7ffffff]
[    0.206640] pci_bus 0000:00: root bus resource [mem 0xa8000000-0xbfffffff pref]
[    0.206648] pci_bus 0000:00: root bus resource [bus 00-ff]
[    0.206677] pci 0000:00:01.0: [10de:0bf0] type 01 class 0x060000
[    0.206706] pci_bus 0000:00: 2-byte config write to 0000:00:01.0 offset 0x88 may corrupt adjacent RW1C bits
[    0.206732] pci_bus 0000:00: 2-byte config write to 0000:00:01.0 offset 0x52 may corrupt adjacent RW1C bits
[    0.206755] pci 0000:00:01.0: PME# supported from D0 D1 D2 D3hot D3cold
[    0.206766] pci_bus 0000:00: 2-byte config write to 0000:00:01.0 offset 0x4c may corrupt adjacent RW1C bits
[    0.206943] pci_bus 0000:00: 2-byte config write to 0000:00:01.0 offset 0x3e may corrupt adjacent RW1C bits
[    0.206955] pci_bus 0000:00: 2-byte config write to 0000:00:01.0 offset 0x4 may corrupt adjacent RW1C bits
[    0.206966] pci_bus 0000:00: 1-byte config write to 0000:00:01.0 offset 0xc may corrupt adjacent RW1C bits
[    0.206972] PCI: bus0: Fast back to back transfers disabled
[    0.206982] pci 0000:00:01.0: bridge configuration invalid ([bus 00-00]), reconfiguring
[    0.206991] pci_bus 0000:00: 2-byte config write to 0000:00:01.0 offset 0x3e may corrupt adjacent RW1C bits
[    0.207002] pci_bus 0000:00: 2-byte config write to 0000:00:01.0 offset 0x3e may corrupt adjacent RW1C bits
[    0.207012] pci_bus 0000:00: 2-byte config write to 0000:00:01.0 offset 0x3e may corrupt adjacent RW1C bits
[    0.207022] pci_bus 0000:00: 2-byte config write to 0000:00:01.0 offset 0x6 may corrupt adjacent RW1C bits
[    0.207138] pci 0000:01:00.0: [10ec:8168] type 00 class 0x020000
[    0.207164] pci 0000:01:00.0: reg 0x10: [io  0x0000-0x00ff]
[    0.207189] pci 0000:01:00.0: reg 0x18: [mem 0x00000000-0x00000fff 64bit pref]
[    0.207207] pci 0000:01:00.0: reg 0x20: [mem 0x00000000-0x00003fff 64bit pref]
[    0.207221] pci 0000:01:00.0: reg 0x30: [mem 0x00000000-0x0001ffff pref]
[    0.207294] pci 0000:01:00.0: supports D1 D2
[    0.207302] pci 0000:01:00.0: PME# supported from D0 D1 D2 D3hot D3cold
[    0.230486] PCI: bus1: Fast back to back transfers disabled
[    0.230498] pci_bus 0000:01: busn_res: [bus 01-ff] end is updated to 01
[    0.230511] Disabling cpuidle LP2 state, since PCIe IRQs are in use
[    0.230571] pci 0000:00:01.0: BAR 8: assigned [mem 0xa0000000-0xa00fffff]
[    0.230582] pci 0000:00:01.0: BAR 9: assigned [mem 0xa8000000-0xa80fffff 64bit pref]
[    0.230591] pci 0000:00:01.0: BAR 7: assigned [io  0x1000-0x1fff]
[    0.230604] pci 0000:01:00.0: BAR 6: assigned [mem 0xa0000000-0xa001ffff pref]
[    0.230614] pci 0000:01:00.0: BAR 4: assigned [mem 0xa8000000-0xa8003fff 64bit pref]
[    0.230634] pci 0000:01:00.0: BAR 2: assigned [mem 0xa8004000-0xa8004fff 64bit pref]
[    0.230652] pci 0000:01:00.0: BAR 0: assigned [io  0x1000-0x10ff]
[    0.230663] pci 0000:00:01.0: PCI bridge to [bus 01]
[    0.230671] pci 0000:00:01.0:   bridge window [io  0x1000-0x1fff]
[    0.230680] pci 0000:00:01.0:   bridge window [mem 0xa0000000-0xa00fffff]
[    0.230689] pci 0000:00:01.0:   bridge window [mem 0xa8000000-0xa80fffff 64bit pref]
[    0.230712] pci 0000:00:01.0: nv_msi_ht_cap_quirk didn't locate host bridge
[    0.230769] pcieport 0000:00:01.0: enabling device (0140 -> 0143)
[    0.230951] pcieport 0000:00:01.0: Signaling PME with IRQ 295
[    0.235659] tegra_dma_runtime_resume-1507
[    0.236909] tegra-apbdma 6000a000.dma: Tegra20 APB DMA driver register 16 channels
[    0.285855] Serial: 8250/16550 driver, 4 ports, IRQ sharing disabled
[    0.288081] console [ttyS0] disabled
[    0.288118] 70006000.serial: ttyS0 at MMIO 0x70006000 (irq = 279, base_baud = 13500000) is a Tegra
[    1.357297] console [ttyS0] enabled
[    1.361361] SuperH (H)SCI(F) driver initialized
[    1.366583] msm_serial: driver initialized
[    1.370831] STMicroelectronics ASC driver initialized
[    1.380146] tegra-hdmi 54280000.hdmi: 54280000.hdmi supply hdmi not found, using dummy regulator
[    1.390900] [drm] Supports vblank timestamp caching Rev 2 (21.10.2013).
[    1.397499] [drm] No driver support for vblank timestamp query.
[    1.403461] [drm] Cannot find any crtc or sizes - going 1024x768
[    1.425704] Console: switching to colour frame buffer device 128x48
[    1.440387] drm drm: fb0:  frame buffer device
[    1.444905] [drm] Initialized tegra 0.0.0 20120330 for drm on minor 0
[    1.460572] brd: module loaded
[    1.469219] loop: module loaded
[    1.478297] m25p80 spi32766.0: found s25fl008k, expected w25q80bl
[    1.484409] m25p80 spi32766.0: s25fl008k (1024 Kbytes)
[    1.491861] libphy: Fixed MDIO Bus: probed
[    1.496738] CAN device driver interface
[    1.501245] bgmac_bcma: Broadcom 47xx GBit MAC driver loaded
[    1.507815] e1000e: Intel(R) PRO/1000 Network Driver - 3.2.6-k
[    1.513649] e1000e: Copyright(c) 1999 - 2015 Intel Corporation.
[    1.519611] igb: Intel(R) Gigabit Ethernet Network Driver - version 5.4.0-k
[    1.526565] igb: Copyright (c) 2007-2014 Intel Corporation.
[    1.532668] r8169 Gigabit Ethernet driver 2.3LK-NAPI loaded
[    1.538253] r8169 0000:01:00.0: enabling device (0140 -> 0143)
[    1.544895] r8169 0000:01:00.0 eth0: RTL8168d/8111d at 0xf08fc000, 00:01:c0:13:7d:63, XID 081000c0 IRQ 296
[    1.554561] r8169 0000:01:00.0 eth0: jumbo features [frames: 9200 bytes, tx checksumming: ko]
[    1.565195] pegasus: v0.9.3 (2013/04/25), Pegasus/Pegasus II USB Ethernet driver
[    1.572655] usbcore: registered new interface driver pegasus
[    1.578346] usbcore: registered new interface driver asix
[    1.583780] usbcore: registered new interface driver ax88179_178a
[    1.589886] usbcore: registered new interface driver cdc_ether
[    1.595759] usbcore: registered new interface driver smsc75xx
[    1.601549] usbcore: registered new interface driver smsc95xx
[    1.607307] usbcore: registered new interface driver net1080
[    1.612994] usbcore: registered new interface driver cdc_subset
[    1.618933] usbcore: registered new interface driver zaurus
[    1.624558] usbcore: registered new interface driver cdc_ncm
[    1.630497] tegra-phy c5004000.usb-phy: no vbus regulator
[    1.636971] tegra-phy c5008000.usb-phy: no vbus regulator
[    1.643683] ehci_hcd: USB 2.0 'Enhanced' Host Controller (EHCI) Driver
[    1.650195] ehci-pci: EHCI PCI platform driver
[    1.654679] ehci-platform: EHCI generic platform driver
[    1.660042] ehci-orion: EHCI orion driver
[    1.664175] SPEAr-ehci: EHCI SPEAr driver
[    1.668273] ehci-st: EHCI STMicroelectronics driver
[    1.673256] ehci-exynos: EHCI EXYNOS driver
[    1.677542] ehci-atmel: EHCI Atmel driver
[    1.681662] tegra-ehci: Tegra EHCI driver
[    1.741641] ulpi_phy_power_on: ulpi write failed
[    1.746249] tegra-ehci c5004000.usb: Failed to power on the phy
[    1.752184] tegra-ehci: probe of c5004000.usb failed with error -110
[    1.761161] tegra-ehci c5008000.usb: EHCI Host Controller
[    1.766571] tegra-ehci c5008000.usb: new USB bus registered, assigned bus number 1
[    1.774383] tegra-ehci c5008000.usb: irq 290, io mem 0xc5008000
[    1.800455] tegra-ehci c5008000.usb: USB 2.0 started, EHCI 1.00
[    1.806979] hub 1-0:1.0: USB hub found
[    1.810760] hub 1-0:1.0: 1 port detected
[    1.814979] ohci_hcd: USB 1.1 'Open' Host Controller (OHCI) Driver
[    1.821170] ohci-pci: OHCI PCI platform driver
[    1.825649] ohci-platform: OHCI generic platform driver
[    1.831032] ohci-omap3: OHCI OMAP3 driver
[    1.835135] SPEAr-ohci: OHCI SPEAr driver
[    1.839236] ohci-st: OHCI STMicroelectronics driver
[    1.844219] ohci-atmel: OHCI Atmel driver
[    1.848811] usbcore: registered new interface driver usb-storage
[    1.857401] rtc-em3027 2-0056: rtc core: registered rtc-em3027 as rtc0
[    1.865091] tegra_rtc 7000e000.rtc: rtc core: registered 7000e000.rtc as rtc1
[    1.872255] tegra_rtc 7000e000.rtc: Tegra internal Real Time Clock
[    1.878821] i2c /dev entries driver
[    1.891581] sdhci: Secure Digital Host Controller Interface driver
[    1.897746] sdhci: Copyright(c) Pierre Ossman
[    1.903265] Synopsys Designware Multimedia Card Interface Driver
[    1.910186] sdhci-pltfm: SDHCI platform and OF driver helper
[    1.924664] mmc0: Invalid maximum block size, assuming 512 bytes
[    1.990454] mmc0: SDHCI controller on c8000000.sdhci [c8000000.sdhci] using ADMA
[    1.997937] sdhci-tegra c8000600.sdhci: Got CD GPIO
[    2.002837] sdhci-tegra c8000600.sdhci: Got WP GPIO
[    2.015876] mmc1: Invalid maximum block size, assuming 512 bytes
[    2.080552] mmc1: SDHCI controller on c8000600.sdhci [c8000600.sdhci] using ADMA
[    2.089363] ledtrig-cpu: registered to indicate activity on CPUs
[    2.095656] usbcore: registered new interface driver usbhid
[    2.101231] usbhid: USB HID core driver
[    2.108189] NET: Registered protocol family 10
[    2.113621] Segment Routing with IPv6
[    2.117318] sit: IPv6, IPv4 and MPLS over IPv4 tunneling driver
[    2.123742] NET: Registered protocol family 17
[    2.128179] can: controller area network core (rev 20170425 abi 9)
[    2.134406] NET: Registered protocol family 29
[    2.138838] can: raw protocol (rev 20170425)
[    2.143110] can: broadcast manager protocol (rev 20170425 t)
[    2.148758] can: netlink gateway (rev 20170425) max_hops=1
[    2.154569] Key type dns_resolver registered
[    2.159217] ThumbEE CPU extension supported.
[    2.163503] Registering SWP/SWPB emulation handler
[    2.176474] utmi_phy_clk_enable: timeout waiting for phy to stabilize
[    2.180472] usb 1-1: new high-speed USB device number 2 using tegra-ehci
[    2.189634] tegra-ehci c5000000.usb: EHCI Host Controller
[    2.195049] tegra-ehci c5000000.usb: new USB bus registered, assigned bus number 2
[    2.202917] tegra-ehci c5000000.usb: irq 288, io mem 0xc5000000
[    2.299449] mmc1: new high speed SD card at address b368
[    2.305314] mmcblk1: mmc1:b368 NCard 1.83 GiB (ro)
[    2.312834]  mmcblk1: p1 p2
[    2.350479] tegra-ehci c5000000.usb: USB 2.0 started, EHCI 1.00
[    2.357237] hub 2-0:1.0: USB hub found
[    2.361059] hub 2-0:1.0: 1 port detected
[    2.366230] input: gpio-keys as /devices/soc0/gpio-keys/input/input0
[    2.373257] hub 1-1:1.0: USB hub found
[    2.377038] rtc-em3027 2-0056: hctosys: unable to read the hardware clock
[    2.377160] hub 1-1:1.0: 4 ports detected
[    2.388739] Waiting for root device PARTUUID=11eb23c1-01...
[    2.690523] usb 1-1.2: new high-speed USB device number 3 using tegra-ehci
[    3.258366] mmc0: host does not support reading read-only switch, assuming write-enable
[    3.268492] mmc0: new high speed SDHC card at address b368
[    3.275448] mmcblk0: mmc0:b368 NCard 3.70 GiB 
[    3.283426]  mmcblk0: p1
[    3.315493] asix 1-1.2:1.0 eth1: register 'asix' at usb-c5008000.usb-1.2, ASIX AX88772 USB 2.0 Ethernet, 00:60:6e:60:6c:68
[    3.351915] EXT4-fs (mmcblk0p1): mounting ext3 file system using the ext4 subsystem
[    3.383892] random: fast init done
[    3.597385] EXT4-fs (mmcblk0p1): recovery complete
[    3.681891] EXT4-fs (mmcblk0p1): mounted filesystem with ordered data mode. Opts: (null)
[    3.690039] VFS: Mounted root (ext3 filesystem) on device 179:17.
[    3.700349] devtmpfs: mounted
[    3.709056] Freeing unused kernel memory: 2048K
bash: cannot set terminal process group (-1): Inappropriate ioctl for device
bash: no job control in this shell
root@(none):/#  
root@(none):/# mount -t sysfs none /sys
root@(none):/# 
root@(none):/# mount -t debugfs none /sys/kernel/debug
root@(none):/# 
root@(none):/# rtcwake -d rtc1 -m mem -s 3
rtcwake: assuming RTC uses UTC ...
rtcwake: wakeup from "mem" using /dev/rtc1 at Thu Jan  1 00:00:32 1970
[   15.158411] PM: Syncing filesystems ... done.
[   15.204543] Freezing user space processes ... (elapsed 0.001 seconds) done.
[   15.213005] OOM killer disabled.
[   15.216248] Freezing remaining freezable tasks ... (elapsed 0.001 seconds) done.
[   15.225272] Suspending console(s) (use no_console_suspend to debug)
[   15.266266] pci_generic_config_write32: 38 callbacks suppressed
[   15.266311] pci_bus 0000:00: 2-byte config write to 0000:00:01.0 offset 0x9c may corrupt adjacent RW1C bits
[   15.278448] tegra_dma_pm_suspend-1523
[   15.278471] tegra_dma_pm_suspend-1551
[   15.278773] PM: suspend of devices complete after 44.744 msecs
[   15.283253] PM: late suspend of devices complete after 4.447 msecs
[   15.287060] pci_bus 0000:01: 2-byte config write to 0000:01:00.0 offset 0x44 may corrupt adjacent RW1C bits
[   15.287118] pci_bus 0000:01: 2-byte config write to 0000:01:00.0 offset 0x44 may corrupt adjacent RW1C bits
[   15.311068] PM: noirq suspend of devices complete after 27.782 msecs
[   15.311080] Disabling non-boot CPUs ...
[   15.312630] IRQ294 no longer affine to CPU1
[   15.380272] Entering suspend state LP1
[   15.380272] Suspended for 1.746 seconds
[   15.380320] Enabling non-boot CPUs ...
[   15.410035] CPU1 is up
[   15.412518] pci_bus 0000:00: 2-byte config write to 0000:00:01.0 offset 0x4c may corrupt adjacent RW1C bits
[   15.412566] pci_bus 0000:00: 2-byte config write to 0000:00:01.0 offset 0x88 may corrupt adjacent RW1C bits
[   15.412598] pci_bus 0000:00: 2-byte config write to 0000:00:01.0 offset 0x90 may corrupt adjacent RW1C bits
[   15.412628] pci_bus 0000:00: 2-byte config write to 0000:00:01.0 offset 0x98 may corrupt adjacent RW1C bits
[   15.412656] pci_bus 0000:00: 2-byte config write to 0000:00:01.0 offset 0x9c may corrupt adjacent RW1C bits
[   15.412736] pci_bus 0000:00: 2-byte config write to 0000:00:01.0 offset 0x52 may corrupt adjacent RW1C bits
[   15.412770] pci_bus 0000:00: 2-byte config write to 0000:00:01.0 offset 0x52 may corrupt adjacent RW1C bits
[   15.412845] pcieport 0000:00:01.0: nv_msi_ht_cap_quirk didn't locate host bridge
[   15.441303] PM: noirq resume of devices complete after 31.234 msecs
[   15.445249] PM: early resume of devices complete after 3.197 msecs
[   15.995582] PM: resume of devices complete after 550.299 msecs
[   16.175635] OOM killer enabled.
[   16.178764] Restarting tasks ... done.
root@(none):/# 
root@(none):/# rtcwake -d rtc1 -m mem -s 3
rtcwake: assuming RTC uses UTC ...
rtcwake: wakeup from "mem" using /dev/rtc1 at Thu Jan  1 00:00:37 1970
[   16.945145] PM: Syncing filesystems ... done.
[   16.990237] Freezing user space processes ... (elapsed 0.001 seconds) done.
[   16.998735] OOM killer disabled.
[   17.002055] Freezing remaining freezable tasks ... (elapsed 0.001 seconds) done.
[   17.011100] Suspending console(s) (use no_console_suspend to debug)
[   17.067739] tegra_dma_pm_suspend-1523
[   17.067762] tegra_dma_pm_suspend-1551
[   17.068062] PM: suspend of devices complete after 48.351 msecs
[   17.072593] PM: late suspend of devices complete after 4.500 msecs
[   17.101026] PM: noirq suspend of devices complete after 28.401 msecs
[   17.101039] Disabling non-boot CPUs ...
[   17.102539] IRQ294 no longer affine to CPU1
[   17.168951] Entering suspend state LP1
[   17.168951] Suspended for 3.211 seconds
[   17.168999] Enabling non-boot CPUs ...
[   17.199978] CPU1 is up
[   17.200941] pcieport 0000:00:01.0: nv_msi_ht_cap_quirk didn't locate host bridge
[   17.230778] PM: noirq resume of devices complete after 30.765 msecs
[   17.234402] PM: early resume of devices complete after 3.048 msecs
[   17.779546] PM: resume of devices complete after 545.110 msecs
[   17.856299] OOM killer enabled.
[   17.859427] Restarting tasks ... done.
root@(none):/# 
root@(none):/# rtcwake -d rtc1 -m mem -s 3
rtcwake: assuming RTC uses UTC ...
rtcwake: wakeup from "mem" using /dev/rtc1 at Thu Jan  1 00:00:42 1970
[   18.735146] PM: Syncing filesystems ... done.
[   18.780236] Freezing user space processes ... (elapsed 0.001 seconds) done.
[   18.788741] OOM killer disabled.
[   18.792064] Freezing remaining freezable tasks ... (elapsed 0.001 seconds) done.
[   18.801123] Suspending console(s) (use no_console_suspend to debug)
[   18.857838] tegra_dma_pm_suspend-1523
[   18.857861] tegra_dma_pm_suspend-1551
[   18.858163] PM: suspend of devices complete after 48.285 msecs
[   18.862740] PM: late suspend of devices complete after 4.545 msecs
[   18.890947] PM: noirq suspend of devices complete after 28.175 msecs
[   18.890961] Disabling non-boot CPUs ...
[   18.892349] IRQ294 no longer affine to CPU1
[   18.928849] Entering suspend state LP1
[   18.928849] Suspended for 3.240 seconds
[   18.928897] Enabling non-boot CPUs ...
[   18.959880] CPU1 is up
[   18.961427] pcieport 0000:00:01.0: nv_msi_ht_cap_quirk didn't locate host bridge
[   18.990679] PM: noirq resume of devices complete after 30.764 msecs
[   18.994260] PM: early resume of devices complete after 3.006 msecs
[   19.539085] PM: resume of devices complete after 544.791 msecs
[   19.615789] OOM killer enabled.
[   19.618918] Restarting tasks ... done.
root@(none):/# 
root@(none):/# rtcwake -d rtc1 -m mem -s 3
rtcwake: assuming RTC uses UTC ...
rtcwake: wakeup from "mem" using /dev/rtc1 at Thu Jan  1 00:00:47 1970
[   20.494953] PM: Syncing filesystems ... done.
[   20.540057] Freezing user space processes ... (elapsed 0.001 seconds) done.
[   20.548575] OOM killer disabled.
[   20.551899] Freezing remaining freezable tasks ... (elapsed 0.001 seconds) done.
[   20.560959] Suspending console(s) (use no_console_suspend to debug)
[   20.604959] pci_generic_config_write32: 65 callbacks suppressed
[   20.605005] pci_bus 0000:00: 2-byte config write to 0000:00:01.0 offset 0x9c may corrupt adjacent RW1C bits
[   20.617054] tegra_dma_pm_suspend-1523
[   20.617077] tegra_dma_pm_suspend-1551
[   20.617376] PM: suspend of devices complete after 47.799 msecs
[   20.621856] PM: late suspend of devices complete after 4.448 msecs
[   20.625656] pci_bus 0000:01: 2-byte config write to 0000:01:00.0 offset 0x44 may corrupt adjacent RW1C bits
[   20.625714] pci_bus 0000:01: 2-byte config write to 0000:01:00.0 offset 0x44 may corrupt adjacent RW1C bits
[   20.650854] PM: noirq suspend of devices complete after 28.965 msecs
[   20.650867] Disabling non-boot CPUs ...
[   20.652265] IRQ294 no longer affine to CPU1
[   20.688740] Entering suspend state LP1
[   20.688740] Suspended for 3.240 seconds
[   20.688789] Enabling non-boot CPUs ...
[   20.719853] CPU1 is up
[   20.721237] pci_bus 0000:00: 2-byte config write to 0000:00:01.0 offset 0x4c may corrupt adjacent RW1C bits
[   20.721286] pci_bus 0000:00: 2-byte config write to 0000:00:01.0 offset 0x88 may corrupt adjacent RW1C bits
[   20.721318] pci_bus 0000:00: 2-byte config write to 0000:00:01.0 offset 0x90 may corrupt adjacent RW1C bits
[   20.721350] pci_bus 0000:00: 2-byte config write to 0000:00:01.0 offset 0x98 may corrupt adjacent RW1C bits
[   20.721379] pci_bus 0000:00: 2-byte config write to 0000:00:01.0 offset 0x9c may corrupt adjacent RW1C bits
[   20.721460] pci_bus 0000:00: 2-byte config write to 0000:00:01.0 offset 0x52 may corrupt adjacent RW1C bits
[   20.721496] pci_bus 0000:00: 2-byte config write to 0000:00:01.0 offset 0x52 may corrupt adjacent RW1C bits
[   20.721571] pcieport 0000:00:01.0: nv_msi_ht_cap_quirk didn't locate host bridge
[   20.750588] PM: noirq resume of devices complete after 30.702 msecs
[   20.754256] PM: early resume of devices complete after 3.094 msecs
[   21.299170] PM: resume of devices complete after 544.882 msecs
[   21.479011] OOM killer enabled.
[   21.482149] Restarting tasks ... done.
root@(none):/# 
root@(none):/# rtcwake -d rtc1 -m mem -s 3
rtcwake: assuming RTC uses UTC ...
rtcwake: wakeup from "mem" using /dev/rtc1 at Thu Jan  1 00:00:52 1970
[   22.254933] PM: Syncing filesystems ... done.
[   22.300038] Freezing user space processes ... (elapsed 0.001 seconds) done.
[   22.308475] OOM killer disabled.
[   22.311767] Freezing remaining freezable tasks ... (elapsed 0.001 seconds) done.
[   22.320633] Suspending console(s) (use no_console_suspend to debug)
[   22.349171] tegra_dma_pm_suspend-1523
[   22.349193] tegra_dma_pm_suspend-1551
[   22.349495] PM: suspend of devices complete after 20.917 msecs
[   22.353968] PM: late suspend of devices complete after 4.441 msecs
[   22.380767] PM: noirq suspend of devices complete after 26.766 msecs
[   22.380780] Disabling non-boot CPUs ...
[   22.382178] IRQ294 no longer affine to CPU1
[   22.418754] Entering suspend state LP1
[   22.418754] Suspended for 3.269 seconds
[   22.418803] Enabling non-boot CPUs ...
[   22.449718] CPU1 is up
[   22.451210] pcieport 0000:00:01.0: nv_msi_ht_cap_quirk didn't locate host bridge
[   22.480509] PM: noirq resume of devices complete after 30.756 msecs
[   22.484141] PM: early resume of devices complete after 3.060 msecs
[   23.029160] PM: resume of devices complete after 544.985 msecs
[   23.105818] OOM killer enabled.
[   23.108946] Restarting tasks ... done.
root@(none):/# 
root@(none):/# rtcwake -d rtc1 -m mem -s 3
rtcwake: assuming RTC uses UTC ...
rtcwake: wakeup from "mem" using /dev/rtc1 at Thu Jan  1 00:00:57 1970
[   23.984832] PM: Syncing filesystems ... done.
[   24.029969] Freezing user space processes ... (elapsed 0.001 seconds) done.
[   24.038482] OOM killer disabled.
[   24.041804] Freezing remaining freezable tasks ... (elapsed 0.001 seconds) done.
[   24.050876] Suspending console(s) (use no_console_suspend to debug)
[   24.108148] tegra_dma_pm_suspend-1523
[   24.108170] tegra_dma_pm_suspend-1551
[   24.108469] PM: suspend of devices complete after 48.981 msecs
[   24.113031] PM: late suspend of devices complete after 4.530 msecs
[   24.140683] PM: noirq suspend of devices complete after 27.620 msecs
[   24.140696] Disabling non-boot CPUs ...
[   24.142079] IRQ294 no longer affine to CPU1
[   24.178539] Entering suspend state LP1
[   24.178539] Suspended for 3.240 seconds
[   24.178589] Enabling non-boot CPUs ...
[   24.209680] CPU1 is up
[   24.210667] pcieport 0000:00:01.0: nv_msi_ht_cap_quirk didn't locate host bridge
[   24.240416] PM: noirq resume of devices complete after 30.702 msecs
[   24.244041] PM: early resume of devices complete after 3.051 msecs
[   24.788922] PM: resume of devices complete after 544.846 msecs
[   24.865582] OOM killer enabled.
[   24.868711] Restarting tasks ... done.
root@(none):/# 
root@(none):/# rtcwake -d rtc1 -m mem -s 3
rtcwake: assuming RTC uses UTC ...
rtcwake: wakeup from "mem" using /dev/rtc1 at Thu Jan  1 00:01:02 1970
[   25.744726] PM: Syncing filesystems ... done.
[   25.789836] Freezing user space processes ... (elapsed 0.001 seconds) done.
[   25.798356] OOM killer disabled.
[   25.801681] Freezing remaining freezable tasks ... (elapsed 0.001 seconds) done.
[   25.810755] Suspending console(s) (use no_console_suspend to debug)
[   25.854666] pci_generic_config_write32: 65 callbacks suppressed
[   25.854710] pci_bus 0000:00: 2-byte config write to 0000:00:01.0 offset 0x9c may corrupt adjacent RW1C bits
[   25.866789] tegra_dma_pm_suspend-1523
[   25.866810] tegra_dma_pm_suspend-1551
[   25.867107] PM: suspend of devices complete after 47.738 msecs
[   25.871585] PM: late suspend of devices complete after 4.447 msecs
[   25.875378] pci_bus 0000:01: 2-byte config write to 0000:01:00.0 offset 0x44 may corrupt adjacent RW1C bits
[   25.875436] pci_bus 0000:01: 2-byte config write to 0000:01:00.0 offset 0x44 may corrupt adjacent RW1C bits
[   25.900591] PM: noirq suspend of devices complete after 28.975 msecs
[   25.900604] Disabling non-boot CPUs ...
[   25.902013] IRQ294 no longer affine to CPU1
[   25.938477] Entering suspend state LP1
[   25.938477] Suspended for 3.239 seconds
[   25.938526] Enabling non-boot CPUs ...
[   25.969503] CPU1 is up
[   25.970361] pci_bus 0000:00: 2-byte config write to 0000:00:01.0 offset 0x4c may corrupt adjacent RW1C bits
[   25.970410] pci_bus 0000:00: 2-byte config write to 0000:00:01.0 offset 0x88 may corrupt adjacent RW1C bits
[   25.970441] pci_bus 0000:00: 2-byte config write to 0000:00:01.0 offset 0x90 may corrupt adjacent RW1C bits
[   25.970473] pci_bus 0000:00: 2-byte config write to 0000:00:01.0 offset 0x98 may corrupt adjacent RW1C bits
[   25.970502] pci_bus 0000:00: 2-byte config write to 0000:00:01.0 offset 0x9c may corrupt adjacent RW1C bits
[   25.970583] pci_bus 0000:00: 2-byte config write to 0000:00:01.0 offset 0x52 may corrupt adjacent RW1C bits
[   25.970616] pci_bus 0000:00: 2-byte config write to 0000:00:01.0 offset 0x52 may corrupt adjacent RW1C bits
[   25.970692] pcieport 0000:00:01.0: nv_msi_ht_cap_quirk didn't locate host bridge
[   26.000194] PM: noirq resume of devices complete after 30.656 msecs
[   26.003783] PM: early resume of devices complete after 3.015 msecs
[   26.538989] PM: resume of devices complete after 535.172 msecs
[   26.718767] OOM killer enabled.
[   26.721905] Restarting tasks ... done.
root@(none):/# 
root@(none):/# rtcwake -d rtc1 -m mem -s 3
rtcwake: assuming RTC uses UTC ...
rtcwake: wakeup from "mem" using /dev/rtc1 at Thu Jan  1 00:01:07 1970
[   27.504615] PM: Syncing filesystems ... done.
[   27.549681] Freezing user space processes ... (elapsed 0.001 seconds) done.
[   27.558195] OOM killer disabled.
[   27.561515] Freezing remaining freezable tasks ... (elapsed 0.001 seconds) done.
[   27.570584] Suspending console(s) (use no_console_suspend to debug)
[   27.627145] tegra_dma_pm_suspend-1523
[   27.627166] tegra_dma_pm_suspend-1551
[   27.627468] PM: suspend of devices complete after 48.270 msecs
[   27.631939] PM: late suspend of devices complete after 4.440 msecs
[   27.660550] PM: noirq suspend of devices complete after 28.577 msecs
[   27.660563] Disabling non-boot CPUs ...
[   27.661955] IRQ294 no longer affine to CPU1
[   27.698422] Entering suspend state LP1
[   27.698422] Suspended for 3.239 seconds
[   27.698471] Enabling non-boot CPUs ...
[   27.729506] CPU1 is up
[   27.731020] pcieport 0000:00:01.0: nv_msi_ht_cap_quirk didn't locate host bridge
[   27.760108] PM: noirq resume of devices complete after 30.569 msecs
[   27.763748] PM: early resume of devices complete after 3.067 msecs
[   28.309060] PM: resume of devices complete after 545.279 msecs
[   28.385756] OOM killer enabled.
[   28.388884] Restarting tasks ... done.
root@(none):/# 
root@(none):/# rtcwake -d rtc1 -m mem -s 3
rtcwake: assuming RTC uses UTC ...
rtcwake: wakeup from "mem" using /dev/rtc1 at Thu Jan  1 00:01:12 1970
[   29.264589] PM: Syncing filesystems ... done.
[   29.309658] Freezing user space processes ... (elapsed 0.001 seconds) done.
[   29.318173] OOM killer disabled.
[   29.321497] Freezing remaining freezable tasks ... (elapsed 0.001 seconds) done.
[   29.330572] Suspending console(s) (use no_console_suspend to debug)
[   29.387156] tegra_dma_pm_suspend-1523
[   29.387178] tegra_dma_pm_suspend-1551
[   29.387482] PM: suspend of devices complete after 48.300 msecs
[   29.392084] PM: late suspend of devices complete after 4.571 msecs
[   29.420385] PM: noirq suspend of devices complete after 28.269 msecs
[   29.420398] Disabling non-boot CPUs ...
[   29.421948] IRQ294 no longer affine to CPU1
[   29.468265] Entering suspend state LP1
[   29.468265] Suspended for 3.230 seconds
[   29.468315] Enabling non-boot CPUs ...
[   29.499363] CPU1 is up
[   29.500891] pcieport 0000:00:01.0: nv_msi_ht_cap_quirk didn't locate host bridge
[   29.530014] PM: noirq resume of devices complete after 30.617 msecs
[   29.533638] PM: early resume of devices complete after 3.048 msecs
[   30.068968] PM: resume of devices complete after 535.296 msecs
[   30.145652] OOM killer enabled.
[   30.148780] Restarting tasks ... done.
root@(none):/# 
root@(none):/# rtcwake -d rtc1 -m mem -s 3
rtcwake: assuming RTC uses UTC ...
rtcwake: wakeup from "mem" using /dev/rtc1 at Thu Jan  1 00:01:17 1970
[   31.034725] PM: Syncing filesystems ... done.
[   31.079890] Freezing user space processes ... (elapsed 0.001 seconds) done.
[   31.088319] OOM killer disabled.
[   31.091643] Freezing remaining freezable tasks ... (elapsed 0.001 seconds) done.
[   31.100716] Suspending console(s) (use no_console_suspend to debug)
[   31.145583] pci_generic_config_write32: 65 callbacks suppressed
[   31.145629] pci_bus 0000:00: 2-byte config write to 0000:00:01.0 offset 0x9c may corrupt adjacent RW1C bits
[   31.157218] tegra_dma_pm_suspend-1523
[   31.157240] tegra_dma_pm_suspend-1551
[   31.157543] PM: suspend of devices complete after 48.168 msecs
[   31.162333] PM: late suspend of devices complete after 4.757 msecs
[   31.165755] pci_bus 0000:01: 2-byte config write to 0000:01:00.0 offset 0x44 may corrupt adjacent RW1C bits
[   31.165812] pci_bus 0000:01: 2-byte config write to 0000:01:00.0 offset 0x44 may corrupt adjacent RW1C bits
[   31.190320] PM: noirq suspend of devices complete after 27.954 msecs
[   31.190333] Disabling non-boot CPUs ...
[   31.191711] IRQ294 no longer affine to CPU1
[   31.228300] Entering suspend state LP1
[   31.228300] Suspended for 3.239 seconds
[   31.228350] Enabling non-boot CPUs ...
[   31.259325] CPU1 is up
[   31.261854] pci_bus 0000:00: 2-byte config write to 0000:00:01.0 offset 0x4c may corrupt adjacent RW1C bits
[   31.261902] pci_bus 0000:00: 2-byte config write to 0000:00:01.0 offset 0x88 may corrupt adjacent RW1C bits
[   31.261933] pci_bus 0000:00: 2-byte config write to 0000:00:01.0 offset 0x90 may corrupt adjacent RW1C bits
[   31.261964] pci_bus 0000:00: 2-byte config write to 0000:00:01.0 offset 0x98 may corrupt adjacent RW1C bits
[   31.261992] pci_bus 0000:00: 2-byte config write to 0000:00:01.0 offset 0x9c may corrupt adjacent RW1C bits
[   31.262072] pci_bus 0000:00: 2-byte config write to 0000:00:01.0 offset 0x52 may corrupt adjacent RW1C bits
[   31.262107] pci_bus 0000:00: 2-byte config write to 0000:00:01.0 offset 0x52 may corrupt adjacent RW1C bits
[   31.262181] pcieport 0000:00:01.0: nv_msi_ht_cap_quirk didn't locate host bridge
[   31.290517] PM: noirq resume of devices complete after 31.159 msecs
[   31.294521] PM: early resume of devices complete after 3.245 msecs
[   31.838238] PM: resume of devices complete after 543.682 msecs
[   32.018062] OOM killer enabled.
[   32.021200] Restarting tasks ... done.
root@(none):/# 
root@(none):/# NVTB SYSTEM SUSPEND TEST COMPLETE
