
U-Boot SPL 2015.04-rc3-00209-ga74ef40 (Mar 16 2015 - 14:43:39)


U-Boot 2015.04-rc3-00209-ga74ef40 (Mar 16 2015 - 14:43:39)

TEGRA20
Model: Compulab TrimSlice board
DRAM:  1 GiB
MMC:   Tegra SD/MMC: 0, Tegra SD/MMC: 1
SF: Detected W25Q80BL with page size 256 Bytes, erase size 4 KiB, total 1 MiB
tegra-pcie: PCI regions:
tegra-pcie:   I/O: 0x82000000-0x82010000
tegra-pcie:   non-prefetchable memory: 0xa0000000-0xa8000000
tegra-pcie:   prefetchable memory: 0xa8000000-0xc0000000
tegra-pcie: dual-mode configuration
tegra-pcie: probing port 0, using 2 lanes
In:    serial
Out:   serial
Err:   serial
Net:   RTL8169#0
Hit any key to stop autoboot:  2  0 
Tegra20 (TrimSlice) # 
Tegra20 (TrimSlice) # usb reset
resetting USB...
USB0:   USB EHCI 1.00
scanning bus 0 for devices... 2 USB Device(s) found
USB1:   USB EHCI 1.00
scanning bus 1 for devices... 1 USB Device(s) found
USB2:   lowlevel init failed
       scanning usb for storage devices... 0 Storage Device(s) found
       scanning usb for ethernet devices... 0 Ethernet Device(s) found
Tegra20 (TrimSlice) # setenv bootargs 'ignore_loglevel console=ttyS0,115200n8 rw root=/dev/mmcblk0p1 rootwait gpt debug noinitrd earlyprintk init=/bin/bash'
Tegra20 (TrimSlice) # setenv ipaddr 192.168.100.103; setenv serverip 192.168.100.1; setenv tftpserverip 192.168.100.1
Tegra20 (TrimSlice) # tftpboot 0x00408000 zImage.multi_v7_defconfig
Using RTL8169#0 device
TFTP from server 192.168.100.1; our IP address is 192.168.100.103
Filename 'zImage.multi_v7_defconfig'.
Load address: 0x408000
Loading: *#################################################################
	 #################################################################
	 #################################################################
	 #################################################################
	 #################################################################
	 #################################################################
	 ################################################
	 4 MiB/s
done
Bytes transferred = 6421680 (61fcb0 hex)
Tegra20 (TrimSlice) # tftpboot 0x02408000 tegra20-trimslice.dtb
Using RTL8169#0 device
TFTP from server 192.168.100.1; our IP address is 192.168.100.103
Filename 'tegra20-trimslice.dtb'.
Load address: 0x2408000
Loading: *##
	 3.4 MiB/s
done
Bytes transferred = 21130 (528a hex)
Tegra20 (TrimSlice) # bootz 0x00408000 - 0x02408000
Kernel image @ 0x408000 [ 0x000000 - 0x61fcb0 ]
## Flattened Device Tree blob at 02408000
   Booting using the fdt blob at 0x2408000
   Using Device Tree in place at 02408000, end 02410289

Starting kernel ...

[    0.000000] Booting Linux on physical CPU 0x0
[    0.000000] Linux version 4.1.0-rc5-next-20150526-19918-gb031599 (pwalmsley@sellafield) (gcc version 4.7.3 20130328 (prerelease) (crosstool-NG linaro-1.13.1-4.7-2013.04-20130415 - Linaro GCC 2013.04) ) #1 SMP Wed May 27 05:57:12 PDT 2015
[    0.000000] CPU: ARMv7 Processor [411fc090] revision 0 (ARMv7), cr=10c5387d
[    0.000000] CPU: PIPT / VIPT nonaliasing data cache, VIPT aliasing instruction cache
[    0.000000] Machine model: Compulab TrimSlice board
[    0.000000] debug: ignoring loglevel setting.
[    0.000000] cma: Reserved 64 MiB at 0x3c000000
[    0.000000] Memory policy: Data cache writealloc
[    0.000000] On node 0 totalpages: 262144
[    0.000000] free_area_init_node: node 0, pgdat c0f9f900, node_mem_map eeff8000
[    0.000000]   DMA zone: 1520 pages used for memmap
[    0.000000]   DMA zone: 0 pages reserved
[    0.000000]   DMA zone: 194560 pages, LIFO batch:31
[    0.000000]   HighMem zone: 67584 pages, LIFO batch:15
[    0.000000] PERCPU: Embedded 12 pages/cpu @eefca000 s16896 r8192 d24064 u49152
[    0.000000] pcpu-alloc: s16896 r8192 d24064 u49152 alloc=12*4096
[    0.000000] pcpu-alloc: [0] 0 [0] 1 
[    0.000000] Built 1 zonelists in Zone order, mobility grouping on.  Total pages: 260624
[    0.000000] Kernel command line: ignore_loglevel console=ttyS0,115200n8 rw root=/dev/mmcblk0p1 rootwait gpt debug noinitrd earlyprintk init=/bin/bash
[    0.000000] PID hash table entries: 4096 (order: 2, 16384 bytes)
[    0.000000] Dentry cache hash table entries: 131072 (order: 7, 524288 bytes)
[    0.000000] Inode-cache hash table entries: 65536 (order: 6, 262144 bytes)
[    0.000000] Memory: 959548K/1048576K available (8157K kernel code, 1078K rwdata, 3748K rodata, 936K init, 334K bss, 23492K reserved, 65536K cma-reserved, 204800K highmem)
[    0.000000] Virtual kernel memory layout:
[    0.000000]     vector  : 0xffff0000 - 0xffff1000   (   4 kB)
[    0.000000]     fixmap  : 0xffc00000 - 0xfff00000   (3072 kB)
[    0.000000]     vmalloc : 0xf0000000 - 0xff000000   ( 240 MB)
[    0.000000]     lowmem  : 0xc0000000 - 0xef800000   ( 760 MB)
[    0.000000]     pkmap   : 0xbfe00000 - 0xc0000000   (   2 MB)
[    0.000000]     modules : 0xbf000000 - 0xbfe00000   (  14 MB)
[    0.000000]       .text : 0xc0208000 - 0xc0da9708   (11910 kB)
[    0.000000]       .init : 0xc0daa000 - 0xc0e94000   ( 936 kB)
[    0.000000]       .data : 0xc0e94000 - 0xc0fa18e0   (1079 kB)
[    0.000000]        .bss : 0xc0fa4000 - 0xc0ff7aa8   ( 335 kB)
[    0.000000] SLUB: HWalign=64, Order=0-3, MinObjects=0, CPUs=2, Nodes=1
[    0.000000] Hierarchical RCU implementation.
[    0.000000] 	Additional per-CPU info printed with stalls.
[    0.000000] 	Build-time adjustment of leaf fanout to 32.
[    0.000000] 	RCU restricting CPUs from NR_CPUS=16 to nr_cpu_ids=2.
[    0.000000] RCU: Adjusting geometry for rcu_fanout_leaf=32, nr_cpu_ids=2
[    0.000000] NR_IRQS:16 nr_irqs:16 16
[    0.000000] /interrupt-controller@60004000: 128 interrupts forwarded to /interrupt-controller@50041000
[    0.000000] L2C: platform modifies aux control register: 0x02080000 -> 0x3e480001
[    0.000000] L2C: DT/platform modifies aux control register: 0x02080000 -> 0x3e480001
[    0.000000] L2C-310 errata 727915 769419 enabled
[    0.000000] L2C-310 enabling early BRESP for Cortex-A9
[    0.000000] L2C-310: enabling full line of zeros but not enabled in Cortex-A9
[    0.000000] L2C-310 ID prefetch enabled, offset 1 lines
[    0.000000] L2C-310 cache controller enabled, 8 ways, 1024 kB
[    0.000000] L2C-310: CACHE_ID 0x410000c4, AUX_CTRL 0x7e480001
[    0.000010] sched_clock: 32 bits at 1000kHz, resolution 1000ns, wraps every 2147483647500ns
[    0.000026] clocksource timer_us: mask: 0xffffffff max_cycles: 0xffffffff, max_idle_ns: 1911260446275 ns
[    0.000036] Switching to timer-based delay loop, resolution 1000ns
[    0.001407] Console: colour dummy device 80x30
[    0.001427] Calibrating delay loop (skipped), value calculated using timer frequency.. 2.00 BogoMIPS (lpj=5000)
[    0.001437] pid_max: default: 32768 minimum: 301
[    0.001523] Mount-cache hash table entries: 2048 (order: 1, 8192 bytes)
[    0.001532] Mountpoint-cache hash table entries: 2048 (order: 1, 8192 bytes)
[    0.001999] CPU: Testing write buffer coherency: ok
[    0.002168] CPU0: thread -1, cpu 0, socket 0, mpidr 80000000
[    0.002210] Setting up static identity map for 0x209000 - 0x209098
[    0.003544] Tegra Revision: A03 prime SKU: 8 CPU Process: 1 SoC Process: 2
[    0.004677] CPU1: thread -1, cpu 1, socket 0, mpidr 80000001
[    0.004730] Brought up 2 CPUs
[    0.004741] SMP: Total of 2 processors activated (4.00 BogoMIPS).
[    0.004746] CPU: All CPU(s) started in SVC mode.
[    0.005135] devtmpfs: initialized
[    0.005828] VFP support v0.3: implementor 41 architecture 3 part 30 variant 9 rev 1
[    0.006104] clocksource jiffies: mask: 0xffffffff max_cycles: 0xffffffff, max_idle_ns: 9556302231375000 ns
[    0.009183] pinctrl core: initialized pinctrl subsystem
[    0.014002] NET: Registered protocol family 16
[    0.016273] DMA: preallocated 256 KiB pool for atomic coherent allocations
[    0.029931] cpuidle: using governor ladder
[    0.044929] cpuidle: using governor menu
[    0.055351] No ATAGs?
[    0.055377] hw-breakpoint: found 5 (+1 reserved) breakpoint and 1 watchpoint registers.
[    0.055384] hw-breakpoint: maximum watchpoint size is 4 bytes.
[    0.058210] Serial: AMBA PL011 UART driver
[    0.083315] usb1_vbus: Failed to request enable GPIO170: -517
[    0.083400] reg-fixed-voltage regulators:regulator@2: Failed to register regulator: -517
[    0.086923] vgaarb: loaded
[    0.087505] SCSI subsystem initialized
[    0.087635] libata version 3.00 loaded.
[    0.087861] usbcore: registered new interface driver usbfs
[    0.087916] usbcore: registered new interface driver hub
[    0.087961] usbcore: registered new device driver usb
[    0.089898] media: Linux media interface: v0.10
[    0.089964] Linux video capture interface: v2.00
[    0.090000] pps_core: LinuxPPS API ver. 1 registered
[    0.090006] pps_core: Software ver. 5.3.6 - Copyright 2005-2007 Rodolfo Giometti <giometti@linux.it>
[    0.090027] PTP clock support registered
[    0.090213] EDAC MC: Ver: 3.0.0
[    0.091189] Advanced Linux Sound Architecture Driver Initialized.
[    0.092039] Switched to clocksource timer_us
[    0.099906] NET: Registered protocol family 2
[    0.100326] TCP established hash table entries: 8192 (order: 3, 32768 bytes)
[    0.100388] TCP bind hash table entries: 8192 (order: 4, 65536 bytes)
[    0.100502] TCP: Hash tables configured (established 8192 bind 8192)
[    0.100578] UDP hash table entries: 512 (order: 2, 16384 bytes)
[    0.100622] UDP-Lite hash table entries: 512 (order: 2, 16384 bytes)
[    0.100797] NET: Registered protocol family 1
[    0.101012] RPC: Registered named UNIX socket transport module.
[    0.101020] RPC: Registered udp transport module.
[    0.101025] RPC: Registered tcp transport module.
[    0.101030] RPC: Registered tcp NFSv4.1 backchannel transport module.
[    0.101051] PCI: CLS 0 bytes, default 64
[    0.101865] CPU PMU: Failed to parse /pmu/interrupt-affinity[0]
[    0.101896] hw perfevents: enabled with armv7_cortex_a9 PMU driver, 7 counters available
[    0.102969] futex hash table entries: 512 (order: 3, 32768 bytes)
[    0.111371] squashfs: version 4.0 (2009/01/31) Phillip Lougher
[    0.112092] NFS: Registering the id_resolver key type
[    0.112125] Key type id_resolver registered
[    0.112131] Key type id_legacy registered
[    0.112188] ntfs: driver 2.1.32 [Flags: R/O].
[    0.113053] bounce: pool size: 64 pages
[    0.113229] Block layer SCSI generic (bsg) driver version 0.4 loaded (major 248)
[    0.113245] io scheduler noop registered
[    0.113257] io scheduler deadline registered
[    0.113415] io scheduler cfq registered (default)
[    0.122023] tegra-pcie 80003000.pcie-controller: dual-mode configuration
[    0.122603] tegra-pcie 80003000.pcie-controller: probing port 0, using 2 lanes
[    0.206553] tegra-pcie 80003000.pcie-controller: PCI host bridge to bus 0000:00
[    0.206566] pci_bus 0000:00: root bus resource [mem 0xa0000000-0xa7ffffff]
[    0.206576] pci_bus 0000:00: root bus resource [mem 0xa8000000-0xbfffffff pref]
[    0.206585] pci_bus 0000:00: root bus resource [bus 00-ff]
[    0.206593] pci_bus 0000:00: root bus resource [io  0x1000-0xffff]
[    0.206620] pci 0000:00:01.0: [10de:0bf0] type 01 class 0x060000
[    0.206654] pci 0000:00:01.0: IOMMU is currently not supported for PCI
[    0.206686] pci 0000:00:01.0: PME# supported from D0 D1 D2 D3hot D3cold
[    0.206871] PCI: bus0: Fast back to back transfers disabled
[    0.206883] pci 0000:00:01.0: bridge configuration invalid ([bus 00-00]), reconfiguring
[    0.207018] pci 0000:01:00.0: [10ec:8168] type 00 class 0x020000
[    0.207081] pci 0000:01:00.0: reg 0x10: [io  0x0000-0x00ff]
[    0.207104] pci 0000:01:00.0: reg 0x18: [mem 0x00000000-0x00000fff 64bit pref]
[    0.207122] pci 0000:01:00.0: reg 0x20: [mem 0x00000000-0x00003fff 64bit pref]
[    0.207135] pci 0000:01:00.0: reg 0x30: [mem 0x00000000-0x0001ffff pref]
[    0.207150] pci 0000:01:00.0: IOMMU is currently not supported for PCI
[    0.207194] pci 0000:01:00.0: supports D1 D2
[    0.207202] pci 0000:01:00.0: PME# supported from D0 D1 D2 D3hot D3cold
[    0.217069] PCI: bus1: Fast back to back transfers disabled
[    0.217082] pci_bus 0000:01: busn_res: [bus 01-ff] end is updated to 01
[    0.217094] Disabling cpuidle LP2 state, since PCIe IRQs are in use
[    0.217158] pci 0000:00:01.0: BAR 8: assigned [mem 0xa0000000-0xa00fffff]
[    0.217171] pci 0000:00:01.0: BAR 9: assigned [mem 0xa8000000-0xa80fffff 64bit pref]
[    0.217181] pci 0000:00:01.0: BAR 7: assigned [io  0x1000-0x1fff]
[    0.217194] pci 0000:01:00.0: BAR 6: assigned [mem 0xa0000000-0xa001ffff pref]
[    0.217204] pci 0000:01:00.0: BAR 4: assigned [mem 0xa8000000-0xa8003fff 64bit pref]
[    0.217222] pci 0000:01:00.0: BAR 2: assigned [mem 0xa8004000-0xa8004fff 64bit pref]
[    0.217238] pci 0000:01:00.0: BAR 0: assigned [io  0x1000-0x10ff]
[    0.217249] pci 0000:00:01.0: PCI bridge to [bus 01]
[    0.217258] pci 0000:00:01.0:   bridge window [io  0x1000-0x1fff]
[    0.217267] pci 0000:00:01.0:   bridge window [mem 0xa0000000-0xa00fffff]
[    0.217276] pci 0000:00:01.0:   bridge window [mem 0xa8000000-0xa80fffff 64bit pref]
[    0.217295] pci 0000:00:01.0: nv_msi_ht_cap_quirk didn't locate host bridge
[    0.217357] pcieport 0000:00:01.0: enabling device (0140 -> 0143)
[    0.217507] pcieport 0000:00:01.0: Signaling PME through PCIe PME interrupt
[    0.217516] pci 0000:01:00.0: Signaling PME through PCIe PME interrupt
[    0.217526] pcie_pme 0000:00:01.0:pcie01: service driver pcie_pme loaded
[    0.218794] tegra-ahb 6000c004.ahb: incorrect AHB base address in DT data - enabling workaround
[    0.220904] tegra-apbdma 6000a000.dma: Tegra20 APB DMA driver register 16 channels
[    0.269212] Serial: 8250/16550 driver, 4 ports, IRQ sharing disabled
[    0.270956] SuperH (H)SCI(F) driver initialized
[    0.271646] msm_serial: driver initialized
[    0.272341] console [ttyS0] disabled
[    0.272376] 70006000.serial: ttyS0 at MMIO 0x70006000 (irq = 279, base_baud = 13500000) is a Tegra
[    1.269416] console [ttyS0] enabled
[    1.273465] STMicroelectronics ASC driver initialized
[    1.280112] [drm] Initialized drm 1.1.0 20060810
[    1.286069] 54280000.hdmi supply hdmi not found, using dummy regulator
[    1.295186] [drm] Supports vblank timestamp caching Rev 2 (21.10.2013).
[    1.301808] [drm] No driver support for vblank timestamp query.
[    1.307742] drm drm: No connectors reported connected with modes
[    1.313748] [drm] Cannot find any crtc or sizes - going 1024x768
[    1.335745] Console: switching to colour frame buffer device 128x48
[    1.350423] drm drm: fb0:  frame buffer device
[    1.354863] drm drm: registered panic notifier
[    1.372058] [drm] Initialized tegra 0.0.0 20120330 on minor 0
[    1.382244] loop: module loaded
[    1.389676] m25p80 spi32766.0: found s25fl008k, expected w25q80bl
[    1.395776] m25p80 spi32766.0: s25fl008k (1024 Kbytes)
[    1.403202] CAN device driver interface
[    1.407956] igb: Intel(R) Gigabit Ethernet Network Driver - version 5.2.15-k
[    1.415000] igb: Copyright (c) 2007-2014 Intel Corporation.
[    1.421081] r8169 Gigabit Ethernet driver 2.3LK-NAPI loaded
[    1.426674] r8169 0000:01:00.0: enabling device (0140 -> 0143)
[    1.433134] r8169 0000:01:00.0 eth0: RTL8168d/8111d at 0xf005e000, 00:01:c0:13:7d:63, XID 081000c0 IRQ 296
[    1.442792] r8169 0000:01:00.0 eth0: jumbo features [frames: 9200 bytes, tx checksumming: ko]
[    1.452893] pegasus: v0.9.3 (2013/04/25), Pegasus/Pegasus II USB Ethernet driver
[    1.460352] usbcore: registered new interface driver pegasus
[    1.466063] usbcore: registered new interface driver asix
[    1.471502] usbcore: registered new interface driver ax88179_178a
[    1.477631] usbcore: registered new interface driver cdc_ether
[    1.483512] usbcore: registered new interface driver smsc75xx
[    1.489315] usbcore: registered new interface driver smsc95xx
[    1.495098] usbcore: registered new interface driver net1080
[    1.500793] usbcore: registered new interface driver cdc_subset
[    1.506746] usbcore: registered new interface driver zaurus
[    1.512390] usbcore: registered new interface driver cdc_ncm
[    1.518321] tegra-phy c5004000.usb-phy: no vbus regulator
[    1.524810] tegra-phy c5008000.usb-phy: no vbus regulator
[    1.531313] ehci_hcd: USB 2.0 'Enhanced' Host Controller (EHCI) Driver
[    1.537845] ehci-pci: EHCI PCI platform driver
[    1.542338] ehci-platform: EHCI generic platform driver
[    1.547721] ehci-omap: OMAP-EHCI Host Controller driver
[    1.553048] ehci-orion: EHCI orion driver
[    1.557169] SPEAr-ehci: EHCI SPEAr driver
[    1.561271] ehci-st: EHCI STMicroelectronics driver
[    1.566254] ehci-exynos: EHCI EXYNOS driver
[    1.570560] ehci-atmel: EHCI Atmel driver
[    1.574678] tegra-ehci: Tegra EHCI driver
[    1.598246] ulpi_phy_power_on: ulpi write failed
[    1.602864] tegra-ehci c5004000.usb: Failed to power on the phy
[    1.608792] tegra-ehci: probe of c5004000.usb failed with error -110
[    1.617775] tegra-ehci c5008000.usb: EHCI Host Controller
[    1.623187] tegra-ehci c5008000.usb: new USB bus registered, assigned bus number 1
[    1.631022] tegra-ehci c5008000.usb: irq 290, io mem 0xc5008000
[    1.642057] tegra-ehci c5008000.usb: USB 2.0 started, EHCI 1.00
[    1.648563] hub 1-0:1.0: USB hub found
[    1.652360] hub 1-0:1.0: 1 port detected
[    1.656576] ohci_hcd: USB 1.1 'Open' Host Controller (OHCI) Driver
[    1.662774] ohci-pci: OHCI PCI platform driver
[    1.667269] ohci-platform: OHCI generic platform driver
[    1.672641] ohci-omap3: OHCI OMAP3 driver
[    1.676753] SPEAr-ohci: OHCI SPEAr driver
[    1.680872] ohci-st: OHCI STMicroelectronics driver
[    1.685853] ohci-atmel: OHCI Atmel driver
[    1.690044] usbcore: registered new interface driver usb-storage
[    1.697156] mousedev: PS/2 mouse device common for all mice
[    1.704787] rtc-em3027 2-0056: rtc core: registered rtc-em3027 as rtc0
[    1.712413] tegra_rtc 7000e000.rtc: rtc core: registered 7000e000.rtc as rtc1
[    1.719580] tegra_rtc 7000e000.rtc: Tegra internal Real Time Clock
[    1.726288] i2c /dev entries driver
[    1.731635] usbcore: registered new interface driver uvcvideo
[    1.737381] USB Video Class driver (1.1.1)
[    1.741469] gspca_main: v2.14.0 registered
[    1.749757] sdhci: Secure Digital Host Controller Interface driver
[    1.755939] sdhci: Copyright(c) Pierre Ossman
[    1.761495] Synopsys Designware Multimedia Card Interface Driver
[    1.768342] sdhci-pltfm: SDHCI platform and OF driver helper
[    1.774746] sdhci-tegra c8000000.sdhci: No vmmc regulator found
[    1.780672] sdhci-tegra c8000000.sdhci: No vqmmc regulator found
[    1.786672] mmc0: Invalid maximum block size, assuming 512 bytes
[    1.822057] mmc0: SDHCI controller on c8000000.sdhci [c8000000.sdhci] using ADMA
[    1.829537] sdhci-tegra c8000600.sdhci: Got CD GPIO
[    1.834423] sdhci-tegra c8000600.sdhci: Got WP GPIO
[    1.839412] sdhci-tegra c8000600.sdhci: No vmmc regulator found
[    1.845331] sdhci-tegra c8000600.sdhci: No vqmmc regulator found
[    1.851328] mmc1: Invalid maximum block size, assuming 512 bytes
[    1.887136] mmc1: SDHCI controller on c8000600.sdhci [c8000600.sdhci] using ADMA
[    1.895378] ledtrig-cpu: registered to indicate activity on CPUs
[    1.901560] usbcore: registered new interface driver usbhid
[    1.907129] usbhid: USB HID core driver
[    1.914018] usbcore: registered new interface driver snd-usb-audio
[    1.923840] tlv320aic23-codec 2-001a: Control not supported for path LLINEIN -> [NULL] -> Line Input
[    1.932992] tlv320aic23-codec 2-001a: ASoC: no dapm match for LLINEIN --> NULL --> Line Input
[    1.941522] tlv320aic23-codec 2-001a: ASoC: Failed to add route LLINEIN -> NULL -> Line Input
[    1.950049] tlv320aic23-codec 2-001a: Control not supported for path RLINEIN -> [NULL] -> Line Input
[    1.959178] tlv320aic23-codec 2-001a: ASoC: no dapm match for RLINEIN --> NULL --> Line Input
[    1.967700] tlv320aic23-codec 2-001a: ASoC: Failed to add route RLINEIN -> NULL -> Line Input
[    1.976223] tlv320aic23-codec 2-001a: Control not supported for path MICIN -> [NULL] -> Mic Input
[    1.985086] tlv320aic23-codec 2-001a: ASoC: no dapm match for MICIN --> NULL --> Mic Input
[    1.993341] tlv320aic23-codec 2-001a: ASoC: Failed to add route MICIN -> NULL -> Mic Input
[    2.002344] tegra-snd-trimslice sound: tlv320aic23-hifi <-> 70002800.i2s mapping ok
[    2.011577] NET: Registered protocol family 17
[    2.016056] can: controller area network core (rev 20120528 abi 9)
[    2.022302] NET: Registered protocol family 29
[    2.026741] can: raw protocol (rev 20120528)
[    2.031023] can: broadcast manager protocol (rev 20120528 t)
[    2.036692] can: netlink gateway (rev 20130117) max_hops=1
[    2.042497] Key type dns_resolver registered
[    2.047164] ThumbEE CPU extension supported.
[    2.051446] mmc0: host does not support reading read-only switch, assuming write-enable
[    2.051448] Registering SWP/SWPB emulation handler
[    2.064394] usb 1-1: new high-speed USB device number 2 using tegra-ehci
[    2.075819] utmi_phy_clk_enable: timeout waiting for phy to stabilize
[    2.077150] mmc0: new high speed SDHC card at address b368
[    2.077531] mmcblk0: mmc0:b368 NCard 3.70 GiB 
[    2.089003]  mmcblk0: p1
[    2.094787] tegra-ehci c5000000.usb: EHCI Host Controller
[    2.100224] tegra-ehci c5000000.usb: new USB bus registered, assigned bus number 2
[    2.108213] tegra-ehci c5000000.usb: irq 288, io mem 0xc5000000
[    2.187079] tegra-ehci c5000000.usb: USB 2.0 started, EHCI 1.00
[    2.193936] hub 2-0:1.0: USB hub found
[    2.197742] hub 2-0:1.0: 1 port detected
[    2.198246] hub 1-1:1.0: USB hub found
[    2.198414] hub 1-1:1.0: 4 ports detected
[    2.207436] mmc1: new high speed SD card at address b368
[    2.207801] mmcblk1: mmc1:b368 NCard 1.83 GiB (ro)
[    2.210488]  mmcblk1: p1 p2
[    2.223914] input: gpio-keys as /devices/soc0/gpio-keys/input/input0
[    2.230986] rtc-em3027 2-0056: setting system clock to 2014-12-25 20:36:13 UTC (1419539773)
[    2.244740] ALSA device list:
[    2.247740]   #0: tegra-trimslice
[    2.252677] EXT4-fs (mmcblk0p1): mounting ext3 file system using the ext4 subsystem
[    2.345351] EXT4-fs (mmcblk0p1): recovery complete
[    2.350200] EXT4-fs (mmcblk0p1): mounted filesystem with ordered data mode. Opts: (null)
[    2.358341] VFS: Mounted root (ext3 filesystem) on device 179:1.
[    2.373208] devtmpfs: mounted
[    2.377604] Freeing unused kernel memory: 936K (c0daa000 - c0e94000)
bash: cannot set terminal process group (-1): Inappropriate ioctl for device
bash: no job control in this shell
root@(none):/# 