
U-Boot SPL 2016.05-rc2 (Apr 21 2016 - 16:23:00)
Trying to boot from RAM


U-Boot 2016.05-rc2 (Apr 21 2016 - 16:23:00 -0700)

TEGRA124
Model: NVIDIA Jetson TK1
Board: NVIDIA Jetson TK1
DRAM:  2 GiB
MC:   Tegra SD/MMC: 0, Tegra SD/MMC: 1
In:    serial
Out:   serial
Err:   serial
Net:   No ethernet found.
Hit any key to stop autoboot:  2  0 
Tegra124 (Jetson TK1) # 
Tegra124 (Jetson TK1) # pci enum
Tegra124 (Jetson TK1) # setenv bootargs 'ignore_loglevel console=ttyS0,115200n8 rw root=PARTUUID=b1791faa-84e8-4e27-83a1-9fb0a77e8803 rootwait gpt debug noinitrd earlyprintk init=/bin/bash'
Tegra124 (Jetson TK1) # setenv ipaddr 192.168.100.102; setenv serverip 192.168.100.1; setenv tftpserverip 192.168.100.1
Tegra124 (Jetson TK1) # tftpboot 0x82000000 zImage.multi_v7_defconfig

Warning: eth_rtl8169 using MAC address from ROM
Using eth_rtl8169 device
TFTP from server 192.168.100.1; our IP address is 192.168.100.102
Filename 'zImage.multi_v7_defconfig'.
Load address: 0x82000000
Loading: *#################################################################
	 #################################################################
	 #################################################################
	 #################################################################
	 #################################################################
	 #################################################################
	 #################################################################
	 ############################
	 4 MiB/s
done
Bytes transferred = 7076728 (6bfb78 hex)
Tegra124 (Jetson TK1) # tftpboot 0x83000000 tegra124-jetson-tk1.dtb
Using eth_rtl8169 device
TFTP from server 192.168.100.1; our IP address is 192.168.100.102
Filename 'tegra124-jetson-tk1.dtb'.
Load address: 0x83000000
Loading: *#####
	 3.7 MiB/s
done
Bytes transferred = 66737 (104b1 hex)
Tegra124 (Jetson TK1) # bootz 0x82000000 - 0x83000000
Kernel image @ 0x82000000 [ 0x000000 - 0x6bfb78 ]
## Flattened Device Tree blob at 83000000
   Booting using the fdt blob at 0x83000000
   Using Device Tree in place at 83000000, end 830134b0

Starting kernel ...

[    0.000000] Booting Linux on physical CPU 0x0
[    0.000000] Linux version 4.6.0-rc7-next-20160516-94924-gb0dc27a (pwalmsley@sellafield) (gcc version 4.7.3 20130328 (prerelease) (crosstool-NG linaro-1.13.1-4.7-2013.04-20130415 - Linaro GCC 2013.04) ) #1 SMP Mon May 23 11:58:58 PDT 2016
[    0.000000] CPU: ARMv7 Processor [413fc0f3] revision 3 (ARMv7), cr=10c5387d
[    0.000000] CPU: div instructions available: patching division code
[    0.000000] CPU: PIPT / VIPT nonaliasing data cache, PIPT instruction cache
[    0.000000] Machine model: NVIDIA Tegra124 Jetson TK1
[    0.000000] debug: ignoring loglevel setting.
[    0.000000] cma: Reserved 64 MiB at 0xfb800000
[    0.000000] Memory policy: Data cache writealloc
[    0.000000] On node 0 totalpages: 524032
[    0.000000] free_area_init_node: node 0, pgdat c141bb40, node_mem_map eeff8000
[    0.000000]   DMA zone: 1536 pages used for memmap
[    0.000000]   DMA zone: 0 pages reserved
[    0.000000]   DMA zone: 196608 pages, LIFO batch:31
[    0.000000]   HighMem zone: 327424 pages, LIFO batch:31
[    0.000000] percpu: Embedded 13 pages/cpu @eef89000 s23808 r8192 d21248 u53248
[    0.000000] pcpu-alloc: s23808 r8192 d21248 u53248 alloc=13*4096
[    0.000000] pcpu-alloc: [0] 0 [0] 1 [0] 2 [0] 3 
[    0.000000] Built 1 zonelists in Zone order, mobility grouping on.  Total pages: 522496
[    0.000000] Kernel command line: ignore_loglevel console=ttyS0,115200n8 rw root=PARTUUID=b1791faa-84e8-4e27-83a1-9fb0a77e8803 rootwait gpt debug noinitrd earlyprintk init=/bin/bash
[    0.000000] PID hash table entries: 4096 (order: 2, 16384 bytes)
[    0.000000] Dentry cache hash table entries: 131072 (order: 7, 524288 bytes)
[    0.000000] Inode-cache hash table entries: 65536 (order: 6, 262144 bytes)
[    0.000000] Memory: 1994996K/2096128K available (9529K kernel code, 1142K rwdata, 4216K rodata, 2048K init, 343K bss, 35596K reserved, 65536K cma-reserved, 1244160K highmem)
[    0.000000] Virtual kernel memory layout:
[    0.000000]     vector  : 0xffff0000 - 0xffff1000   (   4 kB)
[    0.000000]     fixmap  : 0xffc00000 - 0xfff00000   (3072 kB)
[    0.000000]     vmalloc : 0xf0800000 - 0xff800000   ( 240 MB)
[    0.000000]     lowmem  : 0xc0000000 - 0xf0000000   ( 768 MB)
[    0.000000]     pkmap   : 0xbfe00000 - 0xc0000000   (   2 MB)
[    0.000000]     modules : 0xbf000000 - 0xbfe00000   (  14 MB)
[    0.000000]       .text : 0xc0208000 - 0xc106c518   (14738 kB)
[    0.000000]       .init : 0xc1100000 - 0xc1300000   (2048 kB)
[    0.000000]       .data : 0xc1300000 - 0xc141dba0   (1143 kB)
[    0.000000]        .bss : 0xc141f000 - 0xc1474ca0   ( 344 kB)
[    0.000000] SLUB: HWalign=64, Order=0-3, MinObjects=0, CPUs=4, Nodes=1
[    0.000000] Hierarchical RCU implementation.
[    0.000000] 	Build-time adjustment of leaf fanout to 32.
[    0.000000] 	RCU restricting CPUs from NR_CPUS=16 to nr_cpu_ids=4.
[    0.000000] RCU: Adjusting geometry for rcu_fanout_leaf=32, nr_cpu_ids=4
[    0.000000] NR_IRQS:16 nr_irqs:16 16
[    0.000000] /interrupt-controller@60004000: 160 interrupts forwarded to /interrupt-controller@0,50041000
[    0.000000] Tegra clk 127: register failed with -17
[    0.000008] sched_clock: 32 bits at 1000kHz, resolution 1000ns, wraps every 2147483647500ns
[    0.000031] clocksource: timer_us: mask: 0xffffffff max_cycles: 0xffffffff, max_idle_ns: 1911260446275 ns
[    0.000045] Switching to timer-based delay loop, resolution 1000ns
[    0.005297] Architected cp15 timer(s) running at 12.00MHz (virt).
[    0.005314] clocksource: arch_sys_counter: mask: 0xffffffffffffff max_cycles: 0x2c47f4ee7, max_idle_ns: 440795202497 ns
[    0.005333] sched_clock: 56 bits at 12MHz, resolution 83ns, wraps every 4398046511096ns
[    0.005345] Switching to timer-based delay loop, resolution 83ns
[    0.005853] Console: colour dummy device 80x30
[    0.005879] Calibrating delay loop (skipped), value calculated using timer frequency.. 24.00 BogoMIPS (lpj=60000)
[    0.005894] pid_max: default: 32768 minimum: 301
[    0.005990] Mount-cache hash table entries: 2048 (order: 1, 8192 bytes)
[    0.006001] Mountpoint-cache hash table entries: 2048 (order: 1, 8192 bytes)
[    0.006599] CPU: Testing write buffer coherency: ok
[    0.006818] /cpus/cpu@0 missing clock-frequency property
[    0.006860] /cpus/cpu@1 missing clock-frequency property
[    0.006901] /cpus/cpu@2 missing clock-frequency property
[    0.006944] /cpus/cpu@3 missing clock-frequency property
[    0.006956] CPU0: thread -1, cpu 0, socket 0, mpidr 80000000
[    0.006976] Setting up static identity map for 0x80300000 - 0x80300098
[    0.010543] Tegra Revision: A01 SKU: 129 CPU Process: 1 SoC Process: 1
[    0.011986] CPU1: thread -1, cpu 1, socket 0, mpidr 80000001
[    0.015682] CPU2: thread -1, cpu 2, socket 0, mpidr 80000002
[    0.020682] CPU3: thread -1, cpu 3, socket 0, mpidr 80000003
[    0.025132] Brought up 4 CPUs
[    0.025152] SMP: Total of 4 processors activated (96.00 BogoMIPS).
[    0.025159] CPU: All CPU(s) started in SVC mode.
[    0.026630] devtmpfs: initialized
[    0.045447] VFP support v0.3: implementor 41 architecture 4 part 30 variant f rev 0
[    0.046144] clocksource: jiffies: mask: 0xffffffff max_cycles: 0xffffffff, max_idle_ns: 9556302231375000 ns
[    0.047492] pinctrl core: initialized pinctrl subsystem
[    0.049163] NET: Registered protocol family 16
[    0.051126] DMA: preallocated 256 KiB pool for atomic coherent allocations
[    0.065262] cpuidle: using governor menu
[    0.085178] No ATAGs?
[    0.085206] hw-breakpoint: found 5 (+1 reserved) breakpoint and 4 watchpoint registers.
[    0.085216] hw-breakpoint: maximum watchpoint size is 8 bytes.
[    0.091574] Serial: AMBA PL011 UART driver
[    0.125533] +5V_SYS: supplied by +VDD_MUX
[    0.125856] +3.3V_SYS: supplied by +VDD_MUX
[    0.126543] +USB0_VBUS_SW: Failed to request enable GPIO108: -517
[    0.126558] reg-fixed-voltage regulators:regulator@7: Failed to register regulator: -517
[    0.126649] +5V_USB_HS: Failed to request enable GPIO109: -517
[    0.126662] reg-fixed-voltage regulators:regulator@8: Failed to register regulator: -517
[    0.126830] +1.05V_RUN_AVDD_HDMI_PLL: Failed to request enable GPIO63: -517
[    0.126842] reg-fixed-voltage regulators:regulator@11: Failed to register regulator: -517
[    0.126929] +5V_HDMI_CON: Failed to request enable GPIO86: -517
[    0.126940] reg-fixed-voltage regulators:regulator@12: Failed to register regulator: -517
[    0.127028] +5V_SATA: Failed to request enable GPIO242: -517
[    0.127039] reg-fixed-voltage regulators:regulator@13: Failed to register regulator: -517
[    0.127125] +12V_SATA: Failed to request enable GPIO242: -517
[    0.127136] reg-fixed-voltage regulators:regulator@14: Failed to register regulator: -517
[    0.130571] vgaarb: loaded
[    0.131427] SCSI subsystem initialized
[    0.131592] libata version 3.00 loaded.
[    0.131894] usbcore: registered new interface driver usbfs
[    0.131971] usbcore: registered new interface driver hub
[    0.132037] usbcore: registered new device driver usb
[    0.135862] pps_core: LinuxPPS API ver. 1 registered
[    0.135872] pps_core: Software ver. 5.3.6 - Copyright 2005-2007 Rodolfo Giometti <giometti@linux.it>
[    0.135894] PTP clock support registered
[    0.136096] EDAC MC: Ver: 3.0.0
[    0.139267] clocksource: Switched to clocksource arch_sys_counter
[    0.150351] NET: Registered protocol family 2
[    0.150867] TCP established hash table entries: 8192 (order: 3, 32768 bytes)
[    0.150965] TCP bind hash table entries: 8192 (order: 4, 65536 bytes)
[    0.151151] TCP: Hash tables configured (established 8192 bind 8192)
[    0.151203] UDP hash table entries: 512 (order: 2, 16384 bytes)
[    0.151244] UDP-Lite hash table entries: 512 (order: 2, 16384 bytes)
[    0.151400] NET: Registered protocol family 1
[    0.151629] RPC: Registered named UNIX socket transport module.
[    0.151637] RPC: Registered udp transport module.
[    0.151645] RPC: Registered tcp transport module.
[    0.151652] RPC: Registered tcp NFSv4.1 backchannel transport module.
[    0.151662] PCI: CLS 0 bytes, default 64
[    0.152846] hw perfevents: enabled with armv7_cortex_a15 PMU driver, 7 counters available
[    0.154370] futex hash table entries: 1024 (order: 4, 65536 bytes)
[    0.155079] workingset: timestamp_bits=28 max_order=19 bucket_order=0
[    0.166384] squashfs: version 4.0 (2009/01/31) Phillip Lougher
[    0.167225] NFS: Registering the id_resolver key type
[    0.167253] Key type id_resolver registered
[    0.167261] Key type id_legacy registered
[    0.167304] ntfs: driver 2.1.32 [Flags: R/O].
[    0.168562] bounce: pool size: 64 pages
[    0.168764] Block layer SCSI generic (bsg) driver version 0.4 loaded (major 248)
[    0.168774] io scheduler noop registered
[    0.168781] io scheduler deadline registered
[    0.168817] io scheduler cfq registered (default)
[    0.174644] usb2-0 supply vbus not found, using dummy regulator
[    0.174769] usb2-1 supply vbus not found, using dummy regulator
[    0.175165] tegra-xusb-padctl 7009f000.padctl: failed to setup XUSB ports: -517
[    0.191845] tegra-pcie 1003000.pcie-controller: 2x1, 1x1 configuration
[    0.191899] tegra-pcie 1003000.pcie-controller: Failed to get supply 'avddio-pex': -517
[    0.199233] tegra-apbdma 60020000.dma: Tegra20 APB DMA driver register 32 channels
[    0.201302] tegra-pmc 7000e400.pmc: emergency thermal reset enabled
[    0.264264] Serial: 8250/16550 driver, 4 ports, IRQ sharing disabled
[    0.267219] console [ttyS0] disabled
[    0.267255] 70006300.serial: ttyS0 at MMIO 0x70006300 (irq = 333, base_baud = 25500000) is a Tegra
[    1.119201] console [ttyS0] enabled
[    1.123651] SuperH (H)SCI(F) driver initialized
[    1.129306] msm_serial: driver initialized
[    1.133599] STMicroelectronics ASC driver initialized
[    1.139605] serial-tegra serial@70006000: failed to get alias id, errno -19
[    1.146633] serial-tegra serial@70006040: failed to get alias id, errno -19
[    1.156751] [drm] Initialized drm 1.1.0 20060810
[    1.164874] tegra-hdmi 54280000.hdmi: failed to get HDMI regulator
[    1.184395] brd: module loaded
[    1.193392] loop: module loaded
[    1.197010] at24 0-0056: 256 byte 24c02 EEPROM, writable, 8 bytes/write
[    1.205335] as3722 4-0040: AS3722 with revision 0x1 found
[    1.216418] as3722-sd2: supplied by +5V_SYS
[    1.221112] as3722-sd3: supplied by +5V_SYS
[    1.225536] +1.35V_LP0(sd3): Bringing 0uV into 1350000-1350000uV
[    1.231920] as3722-sd4: supplied by +5V_SYS
[    1.236565] as3722-sd5: supplied by +5V_SYS
[    1.242643] as3722-ldo0: supplied by +1.35V_LP0(sd2)
[    1.248728] +1.8V_RUN_CAM: Bringing 0uV into 1800000-1800000uV
[    1.254988] as3722-ldo2: supplied by +1.8V_VDDIO
[    1.260930] as3722-ldo3: supplied by +3.3V_SYS
[    1.265428] +1.05V_LP0_VDD_RTC: Bringing 1100000uV into 1000000-1000000uV
[    1.273242] as3722-ldo4: supplied by +3.3V_SYS
[    1.277913] +2.8V_RUN_CAM: Bringing 0uV into 2800000-2800000uV
[    1.284166] as3722-ldo5: supplied by +1.8V_VDDIO
[    1.289011] +1.2V_RUN_CAM_FRONT: Bringing 0uV into 1200000-1200000uV
[    1.295987] +VDDIO_SDMMC3: bypassed regulator has no supply!
[    1.301658] +VDDIO_SDMMC3: failed to get the current voltage(-517)
[    1.307848] as3722-regulator as3722-regulator: regulator 13 register failed -517
[    1.320113] tegra-ahci 70027000.sata: couldn't get PHY in node sata: -517
[    1.341944] m25p80 spi32765.0: w25q32dw (4096 Kbytes)
[    1.350476] libphy: Fixed MDIO Bus: probed
[    1.355262] CAN device driver interface
[    1.361268] igb: Intel(R) Gigabit Ethernet Network Driver - version 5.3.0-k
[    1.368234] igb: Copyright (c) 2007-2014 Intel Corporation.
[    1.377345] pegasus: v0.9.3 (2013/04/25), Pegasus/Pegasus II USB Ethernet driver
[    1.384800] usbcore: registered new interface driver pegasus
[    1.390522] usbcore: registered new interface driver asix
[    1.395971] usbcore: registered new interface driver ax88179_178a
[    1.402115] usbcore: registered new interface driver cdc_ether
[    1.408014] usbcore: registered new interface driver smsc75xx
[    1.413827] usbcore: registered new interface driver smsc95xx
[    1.419621] usbcore: registered new interface driver net1080
[    1.425327] usbcore: registered new interface driver cdc_subset
[    1.431293] usbcore: registered new interface driver zaurus
[    1.436942] usbcore: registered new interface driver cdc_ncm
[    1.442866] tegra-phy 7d004000.usb-phy: no vbus regulator
[    1.450540] ehci_hcd: USB 2.0 'Enhanced' Host Controller (EHCI) Driver
[    1.457075] ehci-pci: EHCI PCI platform driver
[    1.461570] ehci-platform: EHCI generic platform driver
[    1.467032] ehci-omap: OMAP-EHCI Host Controller driver
[    1.472416] ehci-orion: EHCI orion driver
[    1.476587] SPEAr-ehci: EHCI SPEAr driver
[    1.480764] ehci-st: EHCI STMicroelectronics driver
[    1.485806] ehci-exynos: EHCI EXYNOS driver
[    1.490178] ehci-atmel: EHCI Atmel driver
[    1.494353] tegra-ehci: Tegra EHCI driver
[    1.498604] ------------[ cut here ]------------
[    1.503243] WARNING: CPU: 1 PID: 1 at drivers/reset/core.c:187 __of_reset_control_get+0x1bc/0x228
[    1.512111] Modules linked in:
[    1.515189] CPU: 1 PID: 1 Comm: swapper/0 Not tainted 4.6.0-rc7-next-20160516-94924-gb0dc27a #1
[    1.523872] Hardware name: NVIDIA Tegra SoC (Flattened Device Tree)
[    1.530151] [<c030f9d0>] (unwind_backtrace) from [<c030b0c8>] (show_stack+0x10/0x14)
[    1.537891] [<c030b0c8>] (show_stack) from [<c05861c8>] (dump_stack+0x84/0xa4)
[    1.545111] [<c05861c8>] (dump_stack) from [<c0341b6c>] (__warn+0xd4/0x100)
[    1.552068] [<c0341b6c>] (__warn) from [<c0341bb8>] (warn_slowpath_null+0x20/0x28)
[    1.559631] [<c0341bb8>] (warn_slowpath_null) from [<c06a0280>] (__of_reset_control_get+0x1bc/0x228)
[    1.568757] [<c06a0280>] (__of_reset_control_get) from [<c0911d14>] (tegra_ehci_probe+0x2d0/0x51c)
[    1.577713] [<c0911d14>] (tegra_ehci_probe) from [<c0778df8>] (platform_drv_probe+0x50/0xb0)
[    1.586146] [<c0778df8>] (platform_drv_probe) from [<c077775c>] (driver_probe_device+0x1f4/0x2b0)
[    1.595011] [<c077775c>] (driver_probe_device) from [<c07778c4>] (__driver_attach+0xac/0xb0)
[    1.603440] [<c07778c4>] (__driver_attach) from [<c0775d70>] (bus_for_each_dev+0x54/0x88)
[    1.611610] [<c0775d70>] (bus_for_each_dev) from [<c0776d50>] (bus_add_driver+0xe8/0x1f4)
[    1.619780] [<c0776d50>] (bus_add_driver) from [<c07780e0>] (driver_register+0x78/0xf4)
[    1.627775] [<c07780e0>] (driver_register) from [<c0301e7c>] (do_one_initcall+0x3c/0x16c)
[    1.635946] [<c0301e7c>] (do_one_initcall) from [<c1100d80>] (kernel_init_freeable+0x120/0x1ec)
[    1.644641] [<c1100d80>] (kernel_init_freeable) from [<c0b5b920>] (kernel_init+0x8/0x118)
[    1.652813] [<c0b5b920>] (kernel_init) from [<c0307fb8>] (ret_from_fork+0x14/0x3c)
[    1.660402] ---[ end trace 40c156ef35a90b34 ]---
[    1.665031] tegra-ehci 7d004000.usb: can't get utmi-pads reset from the PHY
[    1.671998] tegra-ehci 7d004000.usb: continuing, but please update your DT
[    1.678976] tegra-ehci 7d004000.usb: EHCI Host Controller
[    1.684407] tegra-ehci 7d004000.usb: new USB bus registered, assigned bus number 1
[    1.692151] tegra-ehci 7d004000.usb: irq 352, io mem 0x7d004000
[    1.704281] tegra-ehci 7d004000.usb: USB 2.0 started, EHCI 1.10
[    1.711047] hub 1-0:1.0: USB hub found
[    1.714845] hub 1-0:1.0: 1 port detected
[    1.719416] ohci_hcd: USB 1.1 'Open' Host Controller (OHCI) Driver
[    1.725612] ohci-pci: OHCI PCI platform driver
[    1.730115] ohci-platform: OHCI generic platform driver
[    1.735536] ohci-omap3: OHCI OMAP3 driver
[    1.739708] SPEAr-ohci: OHCI SPEAr driver
[    1.743865] ohci-st: OHCI STMicroelectronics driver
[    1.748908] ohci-atmel: OHCI Atmel driver
[    1.753762] usbcore: registered new interface driver usb-storage
[    1.761530] mousedev: PS/2 mouse device common for all mice
[    1.770661] as3722-rtc as3722-rtc: rtc core: registered as3722-rtc as rtc0
[    1.777546] as3722-rtc as3722-rtc: RTC interrupt 375
[    1.785932] tegra_rtc 7000e000.rtc: rtc core: registered 7000e000.rtc as rtc1
[    1.793118] tegra_rtc 7000e000.rtc: Tegra internal Real Time Clock
[    1.799904] i2c /dev entries driver
[    1.810487] 0-004c supply vcc not found, using dummy regulator
[    1.826106] sdhci: Secure Digital Host Controller Interface driver
[    1.832299] sdhci: Copyright(c) Pierre Ossman
[    1.838363] Synopsys Designware Multimedia Card Interface Driver
[    1.845583] sdhci-pltfm: SDHCI platform and OF driver helper
[    1.852068] sdhci-tegra 700b0400.sdhci: Got CD GPIO
[    1.856976] sdhci-tegra 700b0400.sdhci: Got WP GPIO
[    1.861915] mmc0: Unknown controller version (3). You may experience problems.
[    1.869423] mmc0: Unknown controller version (3). You may experience problems.
[    1.876710] mmc0: Invalid maximum block size, assuming 512 bytes
[    1.914282] mmc0: SDHCI controller on 700b0600.sdhci [700b0600.sdhci] using ADMA 64-bit
[    1.924016] ledtrig-cpu: registered to indicate activity on CPUs
[    1.930529] usbcore: registered new interface driver usbhid
[    1.936110] usbhid: USB HID core driver
[    1.944524] tegra124-dfll 70110000.clock: couldn't get vdd_cpu regulator
[    1.956181] NET: Registered protocol family 10
[    1.961335] sit: IPv6 over IPv4 tunneling driver
[    1.966651] NET: Registered protocol family 17
[    1.971138] can: controller area network core (rev 20120528 abi 9)
[    1.977403] NET: Registered protocol family 29
[    1.981868] can: raw protocol (rev 20120528)
[    1.986156] can: broadcast manager protocol (rev 20120528 t)
[    1.991840] can: netlink gateway (rev 20130117) max_hops=1
[    1.997732] Key type dns_resolver registered
[    2.002658] ThumbEE CPU extension supported.
[    2.006956] Registering SWP/SWPB emulation handler
[    2.017586] +3.3V_RUN: supplied by +3.3V_SYS
[    2.023554] +3.3V_AVDD_HDMI_AP_GATED: supplied by +3.3V_RUN
[    2.029820] +USB0_VBUS_SW: supplied by +5V_SYS
[    2.035019] +5V_USB_HS: supplied by +5V_SYS
[    2.041155] +3.3V_LP0: supplied by +3.3V_SYS
[    2.047706] +5V_HDMI_CON: supplied by +5V_SYS
[    2.052861] +5V_SATA: supplied by +5V_SYS
[    2.057591] +12V_SATA: supplied by +VDD_MUX
[    2.063663] usb2-0 supply vbus not found, using dummy regulator
[    2.069803] usb2-1 supply vbus not found, using dummy regulator
[    2.076109] usb3-0 supply vbus not found, using dummy regulator
[    2.083547] tegra-pcie 1003000.pcie-controller: 2x1, 1x1 configuration
[    2.090218] tegra-pcie 1003000.pcie-controller: Failed to get supply 'avddio-pex': -517
[    2.100260] tegra-hdmi 54280000.hdmi: failed to get PLL regulator
[    2.115655] as3722-sd2: supplied by +5V_SYS
[    2.120260] as3722-sd3: supplied by +5V_SYS
[    2.124834] as3722-sd4: supplied by +5V_SYS
[    2.129336] +1.05V_RUN_AVDD_HDMI_PLL: supplied by +1.05V_RUN
[    2.135162] as3722-sd5: supplied by +5V_SYS
[    2.141426] as3722-ldo0: supplied by +1.35V_LP0(sd2)
[    2.147002] mmc0: new MMC card at address 0001
[    2.147444] as3722-ldo1: supplied by +3.3V_RUN
[    2.147891] as3722-ldo2: supplied by +1.8V_VDDIO
[    2.148914] as3722-ldo3: supplied by +3.3V_SYS
[    2.149865] as3722-ldo4: supplied by +3.3V_SYS
[    2.150199] as3722-ldo5: supplied by +1.8V_VDDIO
[    2.150533] as3722-ldo6: supplied by +3.3V_RUN
[    2.150878] as3722-ldo7: supplied by +1.8V_VDDIO
[    2.151740] +1.05V_RUN_CAM_REAR: Bringing 0uV into 1050000-1050000uV
[    2.152581] as3722-ldo9: supplied by +5V_SYS
[    2.153947] +3.3V_RUN_TOUCH: Bringing 0uV into 2800000-2800000uV
[    2.154803] as3722-ldo10: supplied by +5V_SYS
[    2.155685] +2.8V_RUN_CAM_AF: Bringing 0uV into 2800000-2800000uV
[    2.156520] as3722-ldo11: supplied by +3.3V_RUN
[    2.157393] +1.8V_RUN_VPP_FUSE: Bringing 0uV into 1800000-1800000uV
[    2.161459] tegra-ahci 70027000.sata: AHCI 0001.0301 32 slots 2 ports 3 Gbps 0x1 impl platform mode
[    2.161472] tegra-ahci 70027000.sata: flags: 64bit ncq sntf pm led pio slum part sadm sds apst 
[    2.163977] scsi host0: tegra-ahci
[    2.165522] scsi host1: tegra-ahci
[    2.165995] ata1: SATA max UDMA/133 mmio [mem 0x70027000-0x70028fff] port 0x100 irq 343
[    2.166001] ata2: DUMMY
[    2.169929] tegra-ehci 7d008000.usb: EHCI Host Controller
[    2.169959] tegra-ehci 7d008000.usb: new USB bus registered, assigned bus number 2
[    2.170168] tegra-ehci 7d008000.usb: irq 353, io mem 0x7d008000
[    2.179378] tegra-ehci 7d008000.usb: USB 2.0 started, EHCI 1.10
[    2.180395] hub 2-0:1.0: USB hub found
[    2.180438] hub 2-0:1.0: 1 port detected
[    2.183608] sdhci-tegra 700b0400.sdhci: Got CD GPIO
[    2.183631] sdhci-tegra 700b0400.sdhci: Got WP GPIO
[    2.183701] mmc1: Unknown controller version (3). You may experience problems.
[    2.183935] mmc1: Invalid maximum block size, assuming 512 bytes
[    2.234557] mmc1: SDHCI controller on 700b0400.sdhci [700b0400.sdhci] using ADMA 64-bit
[    2.240751] tegra-pcie 1003000.pcie-controller: 2x1, 1x1 configuration
[    2.245427] tegra-pcie 1003000.pcie-controller: probing port 0, using 2 lanes
[    2.247596] tegra-pcie 1003000.pcie-controller: Slot present pin change, signature: 00000008
[    2.277761] tegra-pcie 1003000.pcie-controller: probing port 1, using 1 lanes
[    2.279352] tegra-pcie 1003000.pcie-controller: Slot present pin change, signature: 00000000
[    2.293873] tegra-pcie 1003000.pcie-controller: PCI host bridge to bus 0000:00
[    2.293882] pci_bus 0000:00: root bus resource [io  0x0000-0xffff]
[    2.293889] pci_bus 0000:00: root bus resource [mem 0x13000000-0x1fffffff]
[    2.293896] pci_bus 0000:00: root bus resource [mem 0x20000000-0x3fffffff pref]
[    2.293903] pci_bus 0000:00: root bus resource [bus 00-ff]
[    2.293946] pci 0000:00:01.0: [10de:0e12] type 01 class 0x060400
[    2.294074] pci 0000:00:01.0: PME# supported from D0 D1 D2 D3hot D3cold
[    2.294468] pci 0000:00:02.0: [10de:0e13] type 01 class 0x060400
[    2.294603] pci 0000:00:02.0: PME# supported from D0 D1 D2 D3hot D3cold
[    2.295009] PCI: bus0: Fast back to back transfers disabled
[    2.295020] pci 0000:00:01.0: bridge configuration invalid ([bus 00-00]), reconfiguring
[    2.295036] pci 0000:00:02.0: bridge configuration invalid ([bus 00-00]), reconfiguring
[    2.295286] pci 0000:01:00.0: [8086:4232] type 00 class 0x028000
[    2.295343] pci 0000:01:00.0: reg 0x10: [mem 0x00000000-0x00001fff 64bit]
[    2.295576] pci 0000:01:00.0: PME# supported from D0 D3hot D3cold
[    2.309428] PCI: bus1: Fast back to back transfers disabled
[    2.309443] pci_bus 0000:01: busn_res: [bus 01-ff] end is updated to 01
[    2.309747] pci 0000:02:00.0: [10ec:8168] type 00 class 0x020000
[    2.309784] pci 0000:02:00.0: reg 0x10: [io  0x0000-0x00ff]
[    2.309826] pci 0000:02:00.0: reg 0x18: [mem 0x00000000-0x00000fff 64bit]
[    2.309853] pci 0000:02:00.0: reg 0x20: [mem 0x00000000-0x00003fff 64bit pref]
[    2.310031] pci 0000:02:00.0: supports D1 D2
[    2.310037] pci 0000:02:00.0: PME# supported from D0 D1 D2 D3hot D3cold
[    2.324412] PCI: bus2: Fast back to back transfers disabled
[    2.324429] pci_bus 0000:02: busn_res: [bus 02-ff] end is updated to 02
[    2.324626] pci 0000:00:01.0: BAR 8: assigned [mem 0x13000000-0x130fffff]
[    2.324634] pci 0000:00:02.0: BAR 8: assigned [mem 0x13100000-0x131fffff]
[    2.324643] pci 0000:00:02.0: BAR 9: assigned [mem 0x20000000-0x200fffff 64bit pref]
[    2.324650] pci 0000:00:02.0: BAR 7: assigned [io  0x1000-0x1fff]
[    2.324665] pci 0000:01:00.0: BAR 0: assigned [mem 0x13000000-0x13001fff 64bit]
[    2.324708] pci 0000:00:01.0: PCI bridge to [bus 01]
[    2.324725] pci 0000:00:01.0:   bridge window [mem 0x13000000-0x130fffff]
[    2.324744] pci 0000:02:00.0: BAR 4: assigned [mem 0x20000000-0x20003fff 64bit pref]
[    2.324772] pci 0000:02:00.0: BAR 2: assigned [mem 0x13100000-0x13100fff 64bit]
[    2.324799] pci 0000:02:00.0: BAR 0: assigned [io  0x1000-0x10ff]
[    2.324811] pci 0000:00:02.0: PCI bridge to [bus 02]
[    2.324819] pci 0000:00:02.0:   bridge window [io  0x1000-0x1fff]
[    2.324830] pci 0000:00:02.0:   bridge window [mem 0x13100000-0x131fffff]
[    2.324839] pci 0000:00:02.0:   bridge window [mem 0x20000000-0x200fffff 64bit pref]
[    2.324884] pci 0000:00:01.0: nv_msi_ht_cap_quirk didn't locate host bridge
[    2.325018] pcieport 0000:00:01.0: enabling device (0140 -> 0142)
[    2.325302] pcieport 0000:00:01.0: Signaling PME through PCIe PME interrupt
[    2.325307] pci 0000:01:00.0: Signaling PME through PCIe PME interrupt
[    2.325318] pcie_pme 0000:00:01.0:pcie001: service driver pcie_pme loaded
[    2.325414] pci 0000:00:02.0: nv_msi_ht_cap_quirk didn't locate host bridge
[    2.325507] pcieport 0000:00:02.0: enabling device (0140 -> 0143)
[    2.325769] pcieport 0000:00:02.0: Signaling PME through PCIe PME interrupt
[    2.325775] pci 0000:02:00.0: Signaling PME through PCIe PME interrupt
[    2.325785] pcie_pme 0000:00:02.0:pcie001: service driver pcie_pme loaded
[    2.326100] r8169 Gigabit Ethernet driver 2.3LK-NAPI loaded
[    2.326123] r8169 0000:02:00.0: enabling device (0140 -> 0143)
[    2.336147] r8169 0000:02:00.0 eth0: RTL8168g/8111g at 0xf0a48000, 00:04:4b:3a:d9:81, XID 0c000800 IRQ 393
[    2.336156] r8169 0000:02:00.0 eth0: jumbo features [frames: 9200 bytes, tx checksumming: ko]
[    2.339586] [drm] Supports vblank timestamp caching Rev 2 (21.10.2013).
[    2.339590] [drm] No driver support for vblank timestamp query.
[    2.339637] drm drm: No connectors reported connected with modes
[    2.339647] [drm] Cannot find any crtc or sizes - going 1024x768
[    2.476687] ata1: SATA link down (SStatus 0 SControl 300)
[    2.500354] mmc1: new high speed SDHC card at address aaaa
[    2.501392] mmcblk1: mmc1:aaaa SD04G 3.69 GiB 
[    2.515729]  mmcblk1: p1 p2 p3
[    2.755142] mmcblk0: mmc0:0001 SEM16G 14.7 GiB 
[    2.756256] mmcblk0boot0: mmc0:0001 SEM16G partition 1 4.00 MiB
[    2.757292] mmcblk0boot1: mmc0:0001 SEM16G partition 2 4.00 MiB
[    2.757909] mmcblk0rpmb: mmc0:0001 SEM16G partition 3 4.00 MiB
[    2.759063] Console: switching to colour frame buffer device 128x48
[    2.762389]  mmcblk0: p1
[    2.797784] drm drm: fb0:  frame buffer device
[    2.814372] [drm] Initialized tegra 0.0.0 20120330 on minor 0
[    2.821811] of: dev_pm_opp_of_cpumask_add_table: couldn't find opp table for cpu:0, -19
[    2.829867] cpufreq: cpufreq_online: CPU0: Running at unlisted freq: 696000 KHz
[    2.837193] cpufreq: cpufreq_online: CPU0: Unlisted initial frequency changed to: 714000 KHz
[    2.845815] cpu cpu1: cpufreq_init: failed to get clk: -2
[    2.851295] cpu cpu2: cpufreq_init: failed to get clk: -2
[    2.856768] cpu cpu3: cpufreq_init: failed to get clk: -2
[    2.863196] input: gpio-keys as /devices/soc0/gpio-keys/input/input0
[    2.870795] as3722-rtc as3722-rtc: setting system clock to 2000-01-01 00:00:43 UTC (946684843)
[    2.885407] +USB0_VBUS_SW: disabling
[    2.888990] +1.8V_RUN_CAM: disabling
[    2.892904] +2.8V_RUN_CAM: disabling
[    2.896865] +1.2V_RUN_CAM_FRONT: disabling
[    2.901196] +1.05V_RUN_CAM_REAR: disabling
[    2.905512] +3.3V_RUN_TOUCH: disabling
[    2.909484] +2.8V_RUN_CAM_AF: disabling
[    2.913509] +1.8V_RUN_VPP_FUSE: disabling
[    2.919752] EXT4-fs (mmcblk0p1): mounting ext3 file system using the ext4 subsystem
[    2.990159] EXT4-fs (mmcblk0p1): recovery complete
[    2.994997] EXT4-fs (mmcblk0p1): mounted filesystem with ordered data mode. Opts: (null)
[    3.003116] VFS: Mounted root (ext3 filesystem) on device 179:17.
[    3.043891] devtmpfs: mounted
[    3.051756] Freeing unused kernel memory: 2048K (c1100000 - c1300000)
bash: cannot set terminal process group (-1): Inappropriate ioctl for device
bash: no job control in this shell
root@(none):/# mount -t sysfs none /sys
root@(none):/# 
root@(none):/# mount -t debugfs none /sys/kernel/debug
root@(none):/# 
root@(none):/# rtcwake -d rtc1 -m mem -s 3
rtcwake: assuming RTC uses UTC ...
rtcwake: wakeup from "mem" using /dev/rtc1 at Thu Jan  1 00:00:20 1970
[    7.645707] PM: Syncing filesystems ... done.
[    7.671082] Freezing user space processes ... (elapsed 0.001 seconds) done.
[    7.679720] Freezing remaining freezable tasks ... (elapsed 0.001 seconds) done.
[    7.688844] Suspending console(s) (use no_console_suspend to debug)
[    7.761650] PM: suspend of devices complete after 63.763 msecs
[    7.769004] PM: late suspend of devices complete after 7.325 msecs
[    7.787750] PM: noirq suspend of devices complete after 18.726 msecs
[    7.787757] Disabling non-boot CPUs ...
[    7.788658] IRQ17 no longer affine to CPU1
[    7.789428] CPU1: shutdown
[    7.809783] CPU2: shutdown
[    7.828809] CPU3: shutdown
[    7.846669] Entering suspend state LP1
[    7.846684] Enabling non-boot CPUs ...
[    7.870046] cpu cpu1: cpufreq_init: failed to get clk: -2
[    7.870143] CPU1 is up
[    7.895097] cpu cpu2: cpufreq_init: failed to get clk: -2
[    7.895195] CPU2 is up
[    7.920221] cpu cpu3: cpufreq_init: failed to get clk: -2
[    7.920328] CPU3 is up
[    7.921074] pcieport 0000:00:01.0: nv_msi_ht_cap_quirk didn't locate host bridge
[    7.921076] pcieport 0000:00:02.0: nv_msi_ht_cap_quirk didn't locate host bridge
[    7.934346] PM: noirq resume of devices complete after 14.012 msecs
[    7.936300] PM: early resume of devices complete after 1.648 msecs
[    7.965282] PM: resume of devices complete after 28.972 msecs
[    8.064129] Restarting tasks ... done.
root@(none):/# 
root@(none):/# [    8.251999] ata1: SATA link down (SStatus 0 SControl 300)
rtcwake -d rtc1 -m mem -s 3
rtcwake: assuming RTC uses UTC ...
rtcwake: wakeup from "mem" using /dev/rtc1 at Thu Jan  1 00:00:25 1970
[    9.322478] PM: Syncing filesystems ... done.
[    9.355174] Freezing user space processes ... (elapsed 0.001 seconds) done.
[    9.364114] Freezing remaining freezable tasks ... (elapsed 0.001 seconds) done.
[    9.373684] Suspending console(s) (use no_console_suspend to debug)
[    9.447112] PM: suspend of devices complete after 63.133 msecs
[    9.457431] PM: late suspend of devices complete after 10.278 msecs
[    9.474580] PM: noirq suspend of devices complete after 17.120 msecs
[    9.474590] Disabling non-boot CPUs ...
[    9.476898] CPU1: shutdown
[    9.496972] CPU2: shutdown
[    9.514957] IRQ17 no longer affine to CPU3
[    9.516002] CPU3: shutdown
[    9.542769] Entering suspend state LP1
[    9.542784] Enabling non-boot CPUs ...
[    9.560021] cpu cpu1: cpufreq_init: failed to get clk: -2
[    9.560122] CPU1 is up
[    9.585078] cpu cpu2: cpufreq_init: failed to get clk: -2
[    9.585175] CPU2 is up
[    9.610198] cpu cpu3: cpufreq_init: failed to get clk: -2
[    9.610305] CPU3 is up
[    9.611020] pcieport 0000:00:01.0: nv_msi_ht_cap_quirk didn't locate host bridge
[    9.611089] pcieport 0000:00:02.0: nv_msi_ht_cap_quirk didn't locate host bridge
[    9.624333] PM: noirq resume of devices complete after 14.023 msecs
[    9.626139] PM: early resume of devices complete after 1.479 msecs
[    9.655411] PM: resume of devices complete after 29.263 msecs
[    9.754371] Restarting tasks ... done.
root@(none):/# 
root@(none):/# [    9.942000] ata1: SATA link down (SStatus 0 SControl 300)
rtcwake -d rtc1 -m mem -s 3
rtcwake: assuming RTC uses UTC ...
rtcwake: wakeup from "mem" using /dev/rtc1 at Thu Jan  1 00:00:30 1970
[   11.016225] PM: Syncing filesystems ... done.
[   11.048036] Freezing user space processes ... (elapsed 0.001 seconds) done.
[   11.057026] Freezing remaining freezable tasks ... (elapsed 0.001 seconds) done.
[   11.066271] Suspending console(s) (use no_console_suspend to debug)
[   11.136278] PM: suspend of devices complete after 62.355 msecs
[   11.140169] PM: late suspend of devices complete after 3.874 msecs
[   11.155955] PM: noirq suspend of devices complete after 15.775 msecs
[   11.155958] Disabling non-boot CPUs ...
[   11.156812] CPU1: shutdown
[   11.186563] IRQ17 no longer affine to CPU2
[   11.186961] CPU2: shutdown
[   11.201555] CPU3: shutdown
[   11.215425] Entering suspend state LP1
[   11.215440] Enabling non-boot CPUs ...
[   11.239997] cpu cpu1: cpufreq_init: failed to get clk: -2
[   11.240094] CPU1 is up
[   11.265048] cpu cpu2: cpufreq_init: failed to get clk: -2
[   11.265143] CPU2 is up
[   11.290178] cpu cpu3: cpufreq_init: failed to get clk: -2
[   11.290283] CPU3 is up
[   11.290968] pcieport 0000:00:02.0: nv_msi_ht_cap_quirk didn't locate host bridge
[   11.291035] pcieport 0000:00:01.0: nv_msi_ht_cap_quirk didn't locate host bridge
[   11.304296] PM: noirq resume of devices complete after 14.007 msecs
[   11.305749] PM: early resume of devices complete after 1.117 msecs
[   11.334435] PM: resume of devices complete after 28.675 msecs
[   11.433581] Restarting tasks ... done.
root@(none):/# 
root@(none):/# [   11.621911] ata1: SATA link down (SStatus 0 SControl 300)
rtcwake -d rtc1 -m mem -s 3
rtcwake: assuming RTC uses UTC ...
rtcwake: wakeup from "mem" using /dev/rtc1 at Thu Jan  1 00:00:35 1970
[   12.690471] PM: Syncing filesystems ... done.
[   12.721767] Freezing user space processes ... (elapsed 0.001 seconds) done.
[   12.730755] Freezing remaining freezable tasks ... (elapsed 0.001 seconds) done.
[   12.740297] Suspending console(s) (use no_console_suspend to debug)
[   12.816998] PM: suspend of devices complete after 66.509 msecs
[   12.825313] PM: late suspend of devices complete after 8.276 msecs
[   12.844468] PM: noirq suspend of devices complete after 19.126 msecs
[   12.844478] Disabling non-boot CPUs ...
[   12.845724] IRQ17 no longer affine to CPU1
[   12.846874] CPU1: shutdown
[   12.867138] CPU2: shutdown
[   12.885792] CPU3: shutdown
[   12.912768] Entering suspend state LP1
[   12.912782] Enabling non-boot CPUs ...
[   12.934964] cpu cpu1: cpufreq_init: failed to get clk: -2
[   12.935062] CPU1 is up
[   12.960015] cpu cpu2: cpufreq_init: failed to get clk: -2
[   12.960112] CPU2 is up
[   12.985139] cpu cpu3: cpufreq_init: failed to get clk: -2
[   12.985244] CPU3 is up
[   12.985925] pcieport 0000:00:02.0: nv_msi_ht_cap_quirk didn't locate host bridge
[   12.986024] pcieport 0000:00:01.0: nv_msi_ht_cap_quirk didn't locate host bridge
[   12.999268] PM: noirq resume of devices complete after 14.019 msecs
[   13.001119] PM: early resume of devices complete after 1.521 msecs
[   13.030554] PM: resume of devices complete after 29.425 msecs
[   13.129423] Restarting tasks ... done.
root@(none):/# 
root@(none):/# [   13.316959] ata1: SATA link down (SStatus 0 SControl 300)
rtcwake -d rtc1 -m mem -s 3
rtcwake: assuming RTC uses UTC ...
rtcwake: wakeup from "mem" using /dev/rtc1 at Thu Jan  1 00:00:40 1970
[   14.389704] PM: Syncing filesystems ... done.
[   14.422123] Freezing user space processes ... (elapsed 0.001 seconds) done.
[   14.431140] Freezing remaining freezable tasks ... (elapsed 0.001 seconds) done.
[   14.440733] Suspending console(s) (use no_console_suspend to debug)
[   14.517767] PM: suspend of devices complete after 66.743 msecs
[   14.528454] PM: late suspend of devices complete after 10.646 msecs
[   14.549375] PM: noirq suspend of devices complete after 20.891 msecs
[   14.549385] Disabling non-boot CPUs ...
[   14.551682] CPU1: shutdown
[   14.572026] CPU2: shutdown
[   14.589775] IRQ17 no longer affine to CPU3
[   14.590800] CPU3: shutdown
[   14.617737] Entering suspend state LP1
[   14.617752] Enabling non-boot CPUs ...
[   14.639927] cpu cpu1: cpufreq_init: failed to get clk: -2
[   14.640023] CPU1 is up
[   14.664980] cpu cpu2: cpufreq_init: failed to get clk: -2
[   14.665076] CPU2 is up
[   14.690115] cpu cpu3: cpufreq_init: failed to get clk: -2
[   14.690219] CPU3 is up
[   14.690952] pcieport 0000:00:01.0: nv_msi_ht_cap_quirk didn't locate host bridge
[   14.690954] pcieport 0000:00:02.0: nv_msi_ht_cap_quirk didn't locate host bridge
[   14.704234] PM: noirq resume of devices complete after 14.009 msecs
[   14.706029] PM: early resume of devices complete after 1.460 msecs
[   14.734875] PM: resume of devices complete after 28.836 msecs
[   14.833853] Restarting tasks ... done.
root@(none):/# 
root@(none):/# [   15.021915] ata1: SATA link down (SStatus 0 SControl 300)
rtcwake -d rtc1 -m mem -s 3
rtcwake: assuming RTC uses UTC ...
rtcwake: wakeup from "mem" using /dev/rtc1 at Thu Jan  1 00:00:45 1970
[   16.084070] PM: Syncing filesystems ... done.
[   16.115874] Freezing user space processes ... (elapsed 0.001 seconds) done.
[   16.124848] Freezing remaining freezable tasks ... (elapsed 0.002 seconds) done.
[   16.134497] Suspending console(s) (use no_console_suspend to debug)
[   16.212590] PM: suspend of devices complete after 67.848 msecs
[   16.220214] PM: late suspend of devices complete after 7.585 msecs
[   16.239516] PM: noirq suspend of devices complete after 19.268 msecs
[   16.239526] Disabling non-boot CPUs ...
[   16.241766] CPU1: shutdown
[   16.271903] CPU2: shutdown
[   16.289723] IRQ17 no longer affine to CPU3
[   16.290772] CPU3: shutdown
[   16.317675] Entering suspend state LP1
[   16.317689] Enabling non-boot CPUs ...
[   16.339899] cpu cpu1: cpufreq_init: failed to get clk: -2
[   16.339995] CPU1 is up
[   16.364950] cpu cpu2: cpufreq_init: failed to get clk: -2
[   16.365045] CPU2 is up
[   16.390074] cpu cpu3: cpufreq_init: failed to get clk: -2
[   16.390179] CPU3 is up
[   16.390920] pcieport 0000:00:01.0: nv_msi_ht_cap_quirk didn't locate host bridge
[   16.390922] pcieport 0000:00:02.0: nv_msi_ht_cap_quirk didn't locate host bridge
[   16.404203] PM: noirq resume of devices complete after 14.018 msecs
[   16.405946] PM: early resume of devices complete after 1.415 msecs
[   16.434720] PM: resume of devices complete after 28.764 msecs
[   16.533586] Restarting tasks ... done.
root@(none):/# 
root@(none):/# [   16.721893] ata1: SATA link down (SStatus 0 SControl 300)
rtcwake -d rtc1 -m mem -s 3
rtcwake: assuming RTC uses UTC ...
rtcwake: wakeup from "mem" using /dev/rtc1 at Thu Jan  1 00:00:50 1970
[   17.789937] PM: Syncing filesystems ... done.
[   17.822382] Freezing user space processes ... (elapsed 0.001 seconds) done.
[   17.831443] Freezing remaining freezable tasks ... (elapsed 0.001 seconds) done.
[   17.840708] Suspending console(s) (use no_console_suspend to debug)
[   17.911095] PM: suspend of devices complete after 62.718 msecs
[   17.913712] PM: late suspend of devices complete after 2.600 msecs
[   17.930867] PM: noirq suspend of devices complete after 17.145 msecs
[   17.930871] Disabling non-boot CPUs ...
[   17.931723] CPU1: shutdown
[   17.956802] CPU2: shutdown
[   17.981023] IRQ17 no longer affine to CPU3
[   17.981425] CPU3: shutdown
[   17.995310] Entering suspend state LP1
[   17.995324] Enabling non-boot CPUs ...
[   18.019882] cpu cpu1: cpufreq_init: failed to get clk: -2
[   18.019981] CPU1 is up
[   18.044931] cpu cpu2: cpufreq_init: failed to get clk: -2
[   18.045029] CPU2 is up
[   18.070061] cpu cpu3: cpufreq_init: failed to get clk: -2
[   18.070168] CPU3 is up
[   18.070901] pcieport 0000:00:01.0: nv_msi_ht_cap_quirk didn't locate host bridge
[   18.070903] pcieport 0000:00:02.0: nv_msi_ht_cap_quirk didn't locate host bridge
[   18.084177] PM: noirq resume of devices complete after 14.003 msecs
[   18.085640] PM: early resume of devices complete after 1.154 msecs
[   18.115177] PM: resume of devices complete after 29.526 msecs
[   18.214072] Restarting tasks ... done.
root@(none):/# 
root@(none):/# [   18.401873] ata1: SATA link down (SStatus 0 SControl 300)
rtcwake -d rtc1 -m mem -s 3
rtcwake: assuming RTC uses UTC ...
rtcwake: wakeup from "mem" using /dev/rtc1 at Thu Jan  1 00:00:55 1970
[   19.465060] PM: Syncing filesystems ... done.
[   19.497172] Freezing user space processes ... (elapsed 0.001 seconds) done.
[   19.506155] Freezing remaining freezable tasks ... (elapsed 0.001 seconds) done.
[   19.515783] Suspending console(s) (use no_console_suspend to debug)
[   19.586732] PM: suspend of devices complete after 60.719 msecs
[   19.593799] PM: late suspend of devices complete after 7.030 msecs
[   19.614283] PM: noirq suspend of devices complete after 20.457 msecs
[   19.614293] Disabling non-boot CPUs ...
[   19.616672] CPU1: shutdown
[   19.641700] CPU2: shutdown
[   19.659670] IRQ17 no longer affine to CPU3
[   19.660776] CPU3: shutdown
[   19.687637] Entering suspend state LP1
[   19.687651] Enabling non-boot CPUs ...
[   19.709838] cpu cpu1: cpufreq_init: failed to get clk: -2
[   19.709936] CPU1 is up
[   19.734888] cpu cpu2: cpufreq_init: failed to get clk: -2
[   19.734984] CPU2 is up
[   19.760028] cpu cpu3: cpufreq_init: failed to get clk: -2
[   19.760140] CPU3 is up
[   19.760882] pcieport 0000:00:01.0: nv_msi_ht_cap_quirk didn't locate host bridge
[   19.760884] pcieport 0000:00:02.0: nv_msi_ht_cap_quirk didn't locate host bridge
[   19.774148] PM: noirq resume of devices complete after 14.003 msecs
[   19.775705] PM: early resume of devices complete after 1.211 msecs
[   19.805539] PM: resume of devices complete after 29.823 msecs
[   19.904694] Restarting tasks ... done.
root@(none):/# 
root@(none):/# [   20.091777] ata1: SATA link down (SStatus 0 SControl 300)
rtcwake -d rtc1 -m mem -s 3
rtcwake: assuming RTC uses UTC ...
rtcwake: wakeup from "mem" using /dev/rtc1 at Thu Jan  1 00:01:00 1970
[   21.159832] PM: Syncing filesystems ... done.
[   21.192276] Freezing user space processes ... (elapsed 0.001 seconds) done.
[   21.201316] Freezing remaining freezable tasks ... (elapsed 0.001 seconds) done.
[   21.210885] Suspending console(s) (use no_console_suspend to debug)
[   21.287616] PM: suspend of devices complete after 66.438 msecs
[   21.298301] PM: late suspend of devices complete after 10.644 msecs
[   21.319230] PM: noirq suspend of devices complete after 20.900 msecs
[   21.319240] Disabling non-boot CPUs ...
[   21.321567] CPU1: shutdown
[   21.346784] CPU2: shutdown
[   21.364608] IRQ17 no longer affine to CPU3
[   21.365652] CPU3: shutdown
[   21.382544] Entering suspend state LP1
[   21.382559] Enabling non-boot CPUs ...
[   21.404815] cpu cpu1: cpufreq_init: failed to get clk: -2
[   21.404911] CPU1 is up
[   21.429863] cpu cpu2: cpufreq_init: failed to get clk: -2
[   21.429959] CPU2 is up
[   21.454989] cpu cpu3: cpufreq_init: failed to get clk: -2
[   21.455094] CPU3 is up
[   21.455844] pcieport 0000:00:02.0: nv_msi_ht_cap_quirk didn't locate host bridge
[   21.455846] pcieport 0000:00:01.0: nv_msi_ht_cap_quirk didn't locate host bridge
[   21.469126] PM: noirq resume of devices complete after 14.026 msecs
[   21.470938] PM: early resume of devices complete after 1.475 msecs
[   21.500084] PM: resume of devices complete after 29.136 msecs
[   21.599127] Restarting tasks ... done.
root@(none):/# 
root@(none):/# [   21.786753] ata1: SATA link down (SStatus 0 SControl 300)
rtcwake -d rtc1 -m mem -s 3
rtcwake: assuming RTC uses UTC ...
rtcwake: wakeup from "mem" using /dev/rtc1 at Thu Jan  1 00:01:05 1970
[   22.849957] PM: Syncing filesystems ... done.
[   22.881931] Freezing user space processes ... (elapsed 0.001 seconds) done.
[   22.890903] Freezing remaining freezable tasks ... (elapsed 0.001 seconds) done.
[   22.900523] Suspending console(s) (use no_console_suspend to debug)
[   22.977302] PM: suspend of devices complete after 66.543 msecs
[   22.984533] PM: late suspend of devices complete after 7.193 msecs
[   23.004302] PM: noirq suspend of devices complete after 19.736 msecs
[   23.004312] Disabling non-boot CPUs ...
[   23.006736] CPU1: shutdown
[   23.026651] CPU2: shutdown
[   23.044798] IRQ17 no longer affine to CPU3
[   23.045852] CPU3: shutdown
[   23.072505] Entering suspend state LP1
[   23.072520] Enabling non-boot CPUs ...
[   23.089781] cpu cpu1: cpufreq_init: failed to get clk: -2
[   23.089878] CPU1 is up
[   23.114837] cpu cpu2: cpufreq_init: failed to get clk: -2
[   23.114935] CPU2 is up
[   23.139960] cpu cpu3: cpufreq_init: failed to get clk: -2
[   23.140067] CPU3 is up
[   23.140802] pcieport 0000:00:01.0: nv_msi_ht_cap_quirk didn't locate host bridge
[   23.140804] pcieport 0000:00:02.0: nv_msi_ht_cap_quirk didn't locate host bridge
[   23.154086] PM: noirq resume of devices complete after 14.013 msecs
[   23.155798] PM: early resume of devices complete after 1.378 msecs
[   23.184646] PM: resume of devices complete after 28.839 msecs
[   23.283523] Restarting tasks ... done.
root@(none):/# 
root@(none):/# [   23.471769] ata1: SATA link down (SStatus 0 SControl 300)
NVTB SYSTEM SUSPEND TEST COMPLETE
