
U-Boot SPL 2014.01-00219-gc4d376f (Feb 18 2014 - 19:57:18)


U-Boot 2014.01-00219-gc4d376f (Feb 18 2014 - 19:57:18)

TEGRA30
Board: NVIDIA Beaver
I2C:   ready
DRAM:  2 GiB
MMC:   Tegra SD/MMC: 0, Tegra SD/MMC: 1
In:    serial
Out:   serial
Err:   serial
Net:   Net Initialization Skipped
No ethernet found.
Hit any key to stop autoboot:  2  0 
Tegra30 (Beaver) # 
Tegra30 (Beaver) # usb reset
(Re)start USB...
USB0:   USB EHCI 1.00
scanning bus 0 for devices... 2 USB Device(s) found
       scanning usb for storage devices... 0 Storage Device(s) found
       scanning usb for ethernet devices... 
Warning: asx0 using MAC address from net device
1 Ethernet Device(s) found
Tegra30 (Beaver) # setenv bootargs 'ignore_loglevel console=ttyS0,115200n8 rw root=/dev/mmcblk0p1 rootwait gpt debug noinitrd earlyprintk init=/bin/bash'
Tegra30 (Beaver) # setenv ipaddr 192.168.100.101; setenv serverip 192.168.100.1; setenv tftpserverip 192.168.100.1
Tegra30 (Beaver) # tftpboot 0x81000000 zImage.tegra_defconfig
Using asx0 device
TFTP from server 192.168.100.1; our IP address is 192.168.100.101
Filename 'zImage.tegra_defconfig'.
Load address: 0x81000000
Loading: *
TFTP error: 'File not found' (1)
Not retrying...
Tegra30 (Beaver) # tftpboot 0x82000000 tegra30-beaver.dtb
Using asx0 device
TFTP from server 192.168.100.1; our IP address is 192.168.100.101
Filename 'tegra30-beaver.dtb'.
Load address: 0x82000000
Loading: *####
	 2.6 MiB/s
done
Bytes transferred = 51467 (c90b hex)
Tegra30 (Beaver) # bootz 0x81000000 - 0x82000000
Bad Linux ARM zImage magic!
Tegra30 (Beaver) # mount -t sysfs none /sys
Unknown command 'mount' - try 'help'
Tegra30 (Beaver) # 
Unknown command 'mount' - try 'help'
Tegra30 (Beaver) # mount -t debugfs none /sys/kernel/debug
Unknown command 'mount' - try 'help'
Tegra30 (Beaver) # 
Unknown command 'mount' - try 'help'
Tegra30 (Beaver) # rtcwake -d rtc1 -m mem -s 3
Unknown command 'rtcwake' - try 'help'
Tegra30 (Beaver) # 
Unknown command 'rtcwake' - try 'help'
Tegra30 (Beaver) # 