

U-Boot 2015.04-00466-gedec83e90172 (Mar 14 2016 - 10:42:01)

TEGRA124
Model: Acer Chromebook 13 CB5-311
DRAM:  4 GiB
C:   Tegra SD/MMC: 0, Tegra SD/MMC: 1, Tegra SD/MMC: 2
MMC init failed
Using default environment

In:    serial
Out:   serial
Err:   serial
Net:   Net Initialization Skipped
No ethernet found.
Hit any key to stop autoboot:  2  0 
Tegra124 (Nyan-big) # 
Tegra124 (Nyan-big) # usb start
starting USB...
USB0:   USB EHCI 1.10
scanning bus 0 for devices... 2 USB Device(s) found
USB1:   USB EHCI 1.10
scanning bus 1 for devices... 2 USB Device(s) found
       scanning usb for storage devices... 1 Storage Device(s) found
       scanning usb for ethernet devices... 
Warning: asx0 using MAC address from net device
1 Ethernet Device(s) found
Tegra124 (Nyan-big) # mw 0x7000e4a0 0x00080000
Tegra124 (Nyan-big) # setenv bootargs 'ignore_loglevel console=ttyS0,115200n8 rw root=PARTUUID=4d36e82a-b3c0-4b4b-bfcd-afe5217ac023 rootwait gpt debug noinitrd earlyprintk init=/bin/bash'
Tegra124 (Nyan-big) # setenv ipaddr 192.168.100.102; setenv serverip 192.168.100.1; setenv tftpserverip 192.168.100.1
Tegra124 (Nyan-big) # tftpboot 0x82000000 zImage.multi_v7_defconfig
Using asx0 device
TFTP from server 192.168.100.1; our IP address is 192.168.100.102
Filename 'zImage.multi_v7_defconfig'.
Load address: 0x82000000
Loading: *#################################################################
	 #################################################################
	 #################################################################
	 #################################################################
	 #################################################################
	 #################################################################
	 #################################################################
	 #################################################################
	 ###############
	 2.8 MiB/s
done
Bytes transferred = 7850056 (77c848 hex)
Tegra124 (Nyan-big) # tftpboot 0x83000000 tegra124-nyan-big.dtb
Using asx0 device
TFTP from server 192.168.100.1; our IP address is 192.168.100.102
Filename 'tegra124-nyan-big.dtb'.
Load address: 0x83000000
Loading: *#####
	 2.7 MiB/s
done
Bytes transferred = 68155 (10a3b hex)
Tegra124 (Nyan-big) # bootz 0x82000000 - 0x83000000
Kernel image @ 0x82000000 [ 0x000000 - 0x77c848 ]
## Flattened Device Tree blob at 83000000
   Booting using the fdt blob at 0x83000000
   Using Device Tree in place at 83000000, end 83013a3a

Starting kernel ...

[    0.000000] Booting Linux on physical CPU 0x0
[    0.000000] Linux version 4.11.0-rc2-next-20170320-159700-g4f4f972 (jonathanh@sellafield) (gcc version 4.7.3 20130328 (prerelease) (crosstool-NG linaro-1.13.1-4.7-2013.04-20130415 - Linaro GCC 2013.04) ) #1 SMP Wed Mar 22 15:12:25 PDT 2017
[    0.000000] CPU: ARMv7 Processor [413fc0f3] revision 3 (ARMv7), cr=10c5387d
[    0.000000] CPU: div instructions available: patching division code
[    0.000000] CPU: PIPT / VIPT nonaliasing data cache, PIPT instruction cache
[    0.000000] OF: fdt: Machine model: Acer Chromebook 13 CB5-311
[    0.000000] OF: fdt: Ignoring memory range 0x100000000 - 0x17ffff000
[    0.000000] debug: ignoring loglevel setting.
[    0.000000] efi: Getting EFI parameters from FDT:
[    0.000000] efi: UEFI not found.
[    0.000000] cma: Reserved 64 MiB at 0xfb800000
[    0.000000] Memory policy: Data cache writealloc
[    0.000000] On node 0 totalpages: 524287
[    0.000000] free_area_init_node: node 0, pgdat c157b940, node_mem_map eeff8000
[    0.000000]   DMA zone: 1536 pages used for memmap
[    0.000000]   DMA zone: 0 pages reserved
[    0.000000]   DMA zone: 196608 pages, LIFO batch:31
[    0.000000]   HighMem zone: 327679 pages, LIFO batch:31
[    0.000000] percpu: Embedded 17 pages/cpu @eef81000 s38528 r8192 d22912 u69632
[    0.000000] pcpu-alloc: s38528 r8192 d22912 u69632 alloc=17*4096
[    0.000000] pcpu-alloc: [0] 0 [0] 1 [0] 2 [0] 3 
[    0.000000] Built 1 zonelists in Zone order, mobility grouping on.  Total pages: 522751
[    0.000000] Kernel command line: ignore_loglevel console=ttyS0,115200n8 rw root=PARTUUID=4d36e82a-b3c0-4b4b-bfcd-afe5217ac023 rootwait gpt debug noinitrd earlyprintk init=/bin/bash
[    0.000000] PID hash table entries: 4096 (order: 2, 16384 bytes)
[    0.000000] Dentry cache hash table entries: 131072 (order: 7, 524288 bytes)
[    0.000000] Inode-cache hash table entries: 65536 (order: 6, 262144 bytes)
[    0.000000] Memory: 1994476K/2097148K available (10240K kernel code, 1548K rwdata, 4388K rodata, 2048K init, 417K bss, 37136K reserved, 65536K cma-reserved, 1245180K highmem)
[    0.000000] Virtual kernel memory layout:
[    0.000000]     vector  : 0xffff0000 - 0xffff1000   (   4 kB)
[    0.000000]     fixmap  : 0xffc00000 - 0xfff00000   (3072 kB)
[    0.000000]     vmalloc : 0xf0800000 - 0xff800000   ( 240 MB)
[    0.000000]     lowmem  : 0xc0000000 - 0xf0000000   ( 768 MB)
[    0.000000]     pkmap   : 0xbfe00000 - 0xc0000000   (   2 MB)
[    0.000000]     modules : 0xbf000000 - 0xbfe00000   (  14 MB)
[    0.000000]       .text : 0xc0208000 - 0xc0d00000   (11232 kB)
[    0.000000]       .init : 0xc1200000 - 0xc1400000   (2048 kB)
[    0.000000]       .data : 0xc1400000 - 0xc1583390   (1549 kB)
[    0.000000]        .bss : 0xc1585000 - 0xc15ed5c8   ( 418 kB)
[    0.000000] SLUB: HWalign=64, Order=0-3, MinObjects=0, CPUs=4, Nodes=1
[    0.000000] Hierarchical RCU implementation.
[    0.000000] 	RCU debugfs-based tracing is enabled.
[    0.000000] 	RCU restricting CPUs from NR_CPUS=16 to nr_cpu_ids=4.
[    0.000000] RCU: Adjusting geometry for rcu_fanout_leaf=16, nr_cpu_ids=4
[    0.000000] NR_IRQS:16 nr_irqs:16 16
[    0.000000] /interrupt-controller@60004000: 160 interrupts forwarded to /interrupt-controller@50041000
[    0.000000] Tegra clk 127: register failed with -17
[    0.000004] sched_clock: 32 bits at 1000kHz, resolution 1000ns, wraps every 2147483647500ns
[    0.000012] clocksource: timer_us: mask: 0xffffffff max_cycles: 0xffffffff, max_idle_ns: 1911260446275 ns
[    0.000018] Switching to timer-based delay loop, resolution 1000ns
[    0.001735] arm_arch_timer: Architected cp15 timer(s) running at 12.00MHz (virt).
[    0.001742] clocksource: arch_sys_counter: mask: 0xffffffffffffff max_cycles: 0x2c47f4ee7, max_idle_ns: 440795202497 ns
[    0.001749] sched_clock: 56 bits at 12MHz, resolution 83ns, wraps every 4398046511096ns
[    0.001754] Switching to timer-based delay loop, resolution 83ns
[    0.001953] Console: colour dummy device 80x30
[    0.001967] Calibrating delay loop (skipped), value calculated using timer frequency.. 24.00 BogoMIPS (lpj=120000)
[    0.001974] pid_max: default: 32768 minimum: 301
[    0.002013] Mount-cache hash table entries: 2048 (order: 1, 8192 bytes)
[    0.002018] Mountpoint-cache hash table entries: 2048 (order: 1, 8192 bytes)
[    0.002216] CPU: Testing write buffer coherency: ok
[    0.002340] /cpus/cpu@0 missing clock-frequency property
[    0.002356] /cpus/cpu@1 missing clock-frequency property
[    0.002370] /cpus/cpu@2 missing clock-frequency property
[    0.002384] /cpus/cpu@3 missing clock-frequency property
[    0.002390] CPU0: thread -1, cpu 0, socket 0, mpidr 80000000
[    0.002505] Setting up static identity map for 0x80300000 - 0x80300098
[    0.003825] Tegra Revision: A01 SKU: 131 CPU Process: 1 SoC Process: 1
[    0.004081] EFI services will not be available.
[    0.004173] smp: Bringing up secondary CPUs ...
[    0.004466] CPU1: thread -1, cpu 1, socket 0, mpidr 80000001
[    0.011906] CPU2: thread -1, cpu 2, socket 0, mpidr 80000002
[    0.021911] CPU3: thread -1, cpu 3, socket 0, mpidr 80000003
[    0.031631] smp: Brought up 1 node, 4 CPUs
[    0.031639] SMP: Total of 4 processors activated (96.00 BogoMIPS).
[    0.031642] CPU: All CPU(s) started in SVC mode.
[    0.032192] devtmpfs: initialized
[    0.037860] VFP support v0.3: implementor 41 architecture 4 part 30 variant f rev 0
[    0.038048] clocksource: jiffies: mask: 0xffffffff max_cycles: 0xffffffff, max_idle_ns: 19112604462750000 ns
[    0.038057] futex hash table entries: 1024 (order: 4, 65536 bytes)
[    0.038618] pinctrl core: initialized pinctrl subsystem
[    0.039378] NET: Registered protocol family 16
[    0.040120] DMA: preallocated 256 KiB pool for atomic coherent allocations
[    0.041011] cpuidle: using governor menu
[    0.049876] No ATAGs?
[    0.049930] hw-breakpoint: found 5 (+1 reserved) breakpoint and 4 watchpoint registers.
[    0.049936] hw-breakpoint: maximum watchpoint size is 8 bytes.
[    0.052508] Serial: AMBA PL011 UART driver
[    0.052856] tegra-mc 70019000.memory-controller: no memory timings for RAM code 0 registered
[    0.058017] AT91: Could not find identification node
[    0.058210] +5V_SYS: supplied by +VDD_MUX
[    0.058309] +3.3V_SYS: supplied by +VDD_MUX
[    0.058516] +VDD_LED: Failed to request enable GPIO122: -517
[    0.058522] reg-fixed-voltage regulators:regulator@5: Failed to register regulator: -517
[    0.058553] +5V_VDD_TS_SW: Failed to request enable GPIO81: -517
[    0.058558] reg-fixed-voltage regulators:regulator@6: Failed to register regulator: -517
[    0.058589] +5V_USB_HS: Failed to request enable GPIO108: -517
[    0.058593] reg-fixed-voltage regulators:regulator@7: Failed to register regulator: -517
[    0.058623] +5V_USB_SS: Failed to request enable GPIO109: -517
[    0.058628] reg-fixed-voltage regulators:regulator@8: Failed to register regulator: -517
[    0.058706] +1.05V_RUN_AVDD_HDMI_PLL: Failed to request enable GPIO63: -517
[    0.058711] reg-fixed-voltage regulators:regulator@11: Failed to register regulator: -517
[    0.058740] +5V_HDMI_CON: Failed to request enable GPIO86: -517
[    0.058744] reg-fixed-voltage regulators:regulator@12: Failed to register regulator: -517
[    0.059790] vgaarb: loaded
[    0.060062] SCSI subsystem initialized
[    0.060130] libata version 3.00 loaded.
[    0.060218] usbcore: registered new interface driver usbfs
[    0.060238] usbcore: registered new interface driver hub
[    0.060259] usbcore: registered new device driver usb
[    0.061529] pps_core: LinuxPPS API ver. 1 registered
[    0.061534] pps_core: Software ver. 5.3.6 - Copyright 2005-2007 Rodolfo Giometti <giometti@linux.it>
[    0.061542] PTP clock support registered
[    0.061608] EDAC MC: Ver: 3.0.0
[    0.062018] tegra-emc 7001b000.emc: no memory timings for RAM code 0 found in DT
[    0.062027] tegra-emc: probe of 7001b000.emc failed with error -2
[    0.062454] clocksource: Switched to clocksource arch_sys_counter
[    0.081635] NET: Registered protocol family 2
[    0.081833] TCP established hash table entries: 8192 (order: 3, 32768 bytes)
[    0.081867] TCP bind hash table entries: 8192 (order: 4, 65536 bytes)
[    0.081929] TCP: Hash tables configured (established 8192 bind 8192)
[    0.081965] UDP hash table entries: 512 (order: 2, 16384 bytes)
[    0.081980] UDP-Lite hash table entries: 512 (order: 2, 16384 bytes)
[    0.082042] NET: Registered protocol family 1
[    0.082191] RPC: Registered named UNIX socket transport module.
[    0.082195] RPC: Registered udp transport module.
[    0.082198] RPC: Registered tcp transport module.
[    0.082201] RPC: Registered tcp NFSv4.1 backchannel transport module.
[    0.082206] PCI: CLS 0 bytes, default 64
[    0.082707] hw perfevents: enabled with armv7_cortex_a15 PMU driver, 7 counters available
[    0.083409] workingset: timestamp_bits=30 max_order=19 bucket_order=0
[    0.086193] squashfs: version 4.0 (2009/01/31) Phillip Lougher
[    0.086437] NFS: Registering the id_resolver key type
[    0.086450] Key type id_resolver registered
[    0.086454] Key type id_legacy registered
[    0.086471] ntfs: driver 2.1.32 [Flags: R/O].
[    0.087027] bounce: pool size: 64 pages
[    0.087046] Block layer SCSI generic (bsg) driver version 0.4 loaded (major 248)
[    0.087050] io scheduler noop registered
[    0.087054] io scheduler deadline registered
[    0.087109] io scheduler cfq registered (default)
[    0.087113] io scheduler mq-deadline registered
[    0.088909] tegra-xusb-padctl 7009f000.padctl: failed to setup XUSB ports: -517
[    0.098429] tegra-apbdma 60020000.dma: Tegra20 APB DMA driver register 32 channels
[    0.099285] tegra-pmc 7000e400.pmc: i2c-thermtrip node not found, emergency thermal reset disabled.
[    0.117344] Serial: 8250/16550 driver, 4 ports, IRQ sharing disabled
[    0.118373] console [ttyS0] disabled
[    0.118392] 70006000.serial: ttyS0 at MMIO 0x70006000 (irq = 333, base_baud = 25500000) is a Tegra
[    1.002638] console [ttyS0] enabled
[    1.006399] SuperH (H)SCI(F) driver initialized
[    1.011242] msm_serial: driver initialized
[    1.015395] STMicroelectronics ASC driver initialized
[    1.022584] tegra-hdmi 54280000.hdmi: failed to get HDMI regulator
[    1.029112] tegra-dpaux 545c0000.dpaux: failed to get VDD supply: -517
[    1.036412] panel-simple panel: panel supply power not found, using dummy regulator
[    1.047559] brd: module loaded
[    1.053240] loop: module loaded
[    1.057290] as3722 4-0040: AS3722 with revision 0x1 found
[    1.067251] as3722-sd2: supplied by +5V_SYS
[    1.071663] as3722-sd3: supplied by +5V_SYS
[    1.076000] +1.35V_LP0(sd3): Bringing 0uV into 1350000-1350000uV
[    1.082165] as3722-sd4: supplied by +5V_SYS
[    1.086547] +1.05V_RUN: Bringing 0uV into 1050000-1050000uV
[    1.092281] as3722-sd5: supplied by +5V_SYS
[    1.097860] as3722-ldo0: supplied by +1.35V_LP0(sd2)
[    1.103574] +1.8V_RUN_CAM: Bringing 0uV into 1800000-1800000uV
[    1.109580] as3722-ldo2: supplied by +1.8V_VDDIO
[    1.115210] as3722-ldo3: supplied by +3.3V_SYS
[    1.119655] +1.00V_LP0_VDD_RTC: Bringing 1100000uV into 1000000-1000000uV
[    1.127221] as3722-ldo4: supplied by +3.3V_SYS
[    1.131810] +3.3V_RUN_CAM: Bringing 0uV into 2800000-2800000uV
[    1.137818] as3722-ldo5: supplied by +1.8V_VDDIO
[    1.142582] +1.2V_RUN_CAM_FRONT: Bringing 0uV into 1200000-1200000uV
[    1.149255] +VDDIO_SDMMC3: Bringing 0uV into 1800000-1800000uV
[    1.155275] as3722-ldo7: supplied by +1.8V_VDDIO
[    1.160037] +1.05V_RUN_CAM_REAR: Bringing 0uV into 1050000-1050000uV
[    1.166584] as3722-ldo9: supplied by +5V_SYS
[    1.171143] +2.8V_RUN_TOUCH: Bringing 0uV into 2800000-2800000uV
[    1.177333] as3722-ldo10: supplied by +5V_SYS
[    1.181835] +2.8V_RUN_CAM_AF: Bringing 0uV into 2800000-2800000uV
[    1.188265] +1.8V_RUN_VPP_FUSE: Bringing 0uV into 1800000-1800000uV
[    1.200519] random: fast init done
[    1.206328] m25p80 spi32765.0: w25q32dw (4096 Kbytes)
[    1.212401] libphy: Fixed MDIO Bus: probed
[    1.216880] CAN device driver interface
[    1.221011] bgmac_bcma: Broadcom 47xx GBit MAC driver loaded
[    1.227112] e1000e: Intel(R) PRO/1000 Network Driver - 3.2.6-k
[    1.232934] e1000e: Copyright(c) 1999 - 2015 Intel Corporation.
[    1.238856] igb: Intel(R) Gigabit Ethernet Network Driver - version 5.4.0-k
[    1.245803] igb: Copyright (c) 2007-2014 Intel Corporation.
[    1.252559] pegasus: v0.9.3 (2013/04/25), Pegasus/Pegasus II USB Ethernet driver
[    1.259958] usbcore: registered new interface driver pegasus
[    1.265624] usbcore: registered new interface driver asix
[    1.271018] usbcore: registered new interface driver ax88179_178a
[    1.277113] usbcore: registered new interface driver cdc_ether
[    1.282952] usbcore: registered new interface driver smsc75xx
[    1.288697] usbcore: registered new interface driver smsc95xx
[    1.294444] usbcore: registered new interface driver net1080
[    1.300097] usbcore: registered new interface driver cdc_subset
[    1.306016] usbcore: registered new interface driver zaurus
[    1.311594] usbcore: registered new interface driver cdc_ncm
[    1.317874] ehci_hcd: USB 2.0 'Enhanced' Host Controller (EHCI) Driver
[    1.324391] ehci-pci: EHCI PCI platform driver
[    1.328834] ehci-platform: EHCI generic platform driver
[    1.334119] ehci-orion: EHCI orion driver
[    1.338168] SPEAr-ehci: EHCI SPEAr driver
[    1.342210] ehci-st: EHCI STMicroelectronics driver
[    1.347125] ehci-exynos: EHCI EXYNOS driver
[    1.351347] ehci-atmel: EHCI Atmel driver
[    1.355394] tegra-ehci: Tegra EHCI driver
[    1.359451] ohci_hcd: USB 1.1 'Open' Host Controller (OHCI) Driver
[    1.365625] ohci-pci: OHCI PCI platform driver
[    1.370068] ohci-platform: OHCI generic platform driver
[    1.375340] ohci-omap3: OHCI OMAP3 driver
[    1.379381] SPEAr-ohci: OHCI SPEAr driver
[    1.383432] ohci-st: OHCI STMicroelectronics driver
[    1.388343] ohci-atmel: OHCI Atmel driver
[    1.392598] usbcore: registered new interface driver usb-storage
[    1.399363] elan_i2c 1-0015: 1-0015 supply vcc not found, using dummy regulator
[    1.406732] as3722-rtc as3722-rtc: rtc core: registered as3722-rtc as rtc0
[    1.413604] as3722-rtc as3722-rtc: RTC interrupt 372
[    1.420483] tegra_rtc 7000e000.rtc: rtc core: registered 7000e000.rtc as rtc1
[    1.427620] tegra_rtc 7000e000.rtc: Tegra internal Real Time Clock
[    1.433966] i2c /dev entries driver
[    1.439757] lm90 0-004c: 0-004c supply vcc not found, using dummy regulator
[    1.451034] sdhci: Secure Digital Host Controller Interface driver
[    1.457213] sdhci: Copyright(c) Pierre Ossman
[    1.462084] Synopsys Designware Multimedia Card Interface Driver
[    1.468514] sdhci-pltfm: SDHCI platform and OF driver helper
[    1.474435] sdhci-tegra 700b0000.sdhci: allocated mmc-pwrseq
[    1.486583] sdhci-tegra 700b0400.sdhci: Got CD GPIO
[    1.491454] sdhci-tegra 700b0400.sdhci: Got WP GPIO
[    1.510568] mmc0: Unknown controller version (3). You may experience problems.
[    1.517811] mmc0: Invalid maximum block size, assuming 512 bytes
[    1.578916] elan_i2c 1-0015: Elan Touchpad: Module ID: 0x002a, Firmware: 0x0005, Sample: 0x0007, IAP: 0x0009
[    1.582466] mmc0: SDHCI controller on 700b0600.sdhci [700b0600.sdhci] using ADMA
[    1.596242] input: Elan Touchpad as /devices/soc0/7000c400.i2c/i2c-1/1-0015/input/input0
[    1.597500] ledtrig-cpu: registered to indicate activity on CPUs
[    1.597666] usbcore: registered new interface driver usbhid
[    1.597667] usbhid: USB HID core driver
[    1.599438] NET: Registered protocol family 10
[    1.624326] Segment Routing with IPv6
[    1.627996] sit: IPv6, IPv4 and MPLS over IPv4 tunneling driver
[    1.634124] NET: Registered protocol family 17
[    1.638557] can: controller area network core (rev 20120528 abi 9)
[    1.644741] NET: Registered protocol family 29
[    1.649173] can: raw protocol (rev 20120528)
[    1.653436] can: broadcast manager protocol (rev 20161123 t)
[    1.659081] can: netlink gateway (rev 20130117) max_hops=1
[    1.664681] Key type dns_resolver registered
[    1.669146] ThumbEE CPU extension supported.
[    1.673414] Registering SWP/SWPB emulation handler
[    1.683539] +3.3V_RUN: supplied by +3.3V_SYS
[    1.688610] +VDD_LED: supplied by +VDD_MUX
[    1.692804] +3.3V_AVDD_HDMI_AP_GATED: supplied by +3.3V_RUN
[    1.698452] +1.8V_RUN_CAM: supplied by +3.3V_RUN
[    1.699665] mmc0: new high speed MMC card at address 0001
[    1.700268] mmcblk0: mmc0:0001 MMC16G 14.4 GiB 
[    1.700980] mmcblk0boot0: mmc0:0001 MMC16G partition 1 2.00 MiB
[    1.701185] mmcblk0boot1: mmc0:0001 MMC16G partition 2 2.00 MiB
[    1.701475] mmcblk0rpmb: mmc0:0001 MMC16G partition 3 128 KiB
[    1.708965]  mmcblk0: p1 p2 p3 p4 p5 p6 p7 p8 p9 p10 p11 p12
[    1.736323] +VDDIO_SDMMC3: supplied by +3.3V_RUN
[    1.741021] +1.8V_RUN_VPP_FUSE: supplied by +3.3V_RUN
[    1.746354] +5V_VDD_TS_SW: supplied by +5V_SYS
[    1.750974] +5V_USB_HS: supplied by +5V_SYS
[    1.755540] +5V_USB_SS: supplied by +5V_SYS
[    1.760541] +3.3V_PANEL: supplied by +3.3V_RUN
[    1.766025] +3.3V_LP0: supplied by +3.3V_SYS
[    1.770896] +1.05V_RUN_AVDD_HDMI_PLL: supplied by +1.05V_RUN
[    1.771208] elan_i2c 1-0015: failed to read report data: -121
[    1.782703] +5V_HDMI_CON: supplied by +5V_SYS
[    1.787836]  usb3-0: usb3-0 supply vbus not found, using dummy regulator
[    1.794650]  usb3-1: usb3-1 supply vbus not found, using dummy regulator
[    1.804992] tegra-sor 54540000.sor: failed to probe output: -517
[    1.811502] panel-simple panel: panel supply power not found, using dummy regulator
[    1.819877] sdhci-tegra 700b0000.sdhci: allocated mmc-pwrseq
[    1.832598] mmc1: Unknown controller version (3). You may experience problems.
[    1.839839] mmc1: Invalid maximum block size, assuming 512 bytes
[    1.846311] mmc1: Switching to 3.3V signalling voltage failed
[    1.902540] mmc1: SDHCI controller on 700b0000.sdhci [700b0000.sdhci] using ADMA
[    1.908942] elan_i2c 1-0015: invalid report id data (ff)
[    1.915960] sdhci-tegra 700b0400.sdhci: Got CD GPIO
[    1.920830] sdhci-tegra 700b0400.sdhci: Got WP GPIO
[    1.936189] mmc2: Unknown controller version (3). You may experience problems.
[    1.943522] mmc2: Invalid maximum block size, assuming 512 bytes
[    1.976895] mmc1: new high speed SDIO card at address 0001
[    2.012574] mmc2: SDHCI controller on 700b0400.sdhci [700b0400.sdhci] using ADMA
[    2.118004] [drm] Supports vblank timestamp caching Rev 2 (21.10.2013).
[    2.124624] [drm] No driver support for vblank timestamp query.
[    2.174212] mmc2: new high speed SDHC card at address 0007
[    2.174587] mmcblk2: mmc2:0007 SD08G 7.42 GiB 
[    2.184596] GPT:Primary header alternate_lba != Alt. header my_lba
[    2.184600] GPT:3014591 != 15564799
[    2.184602] GPT:Primary header thinks Alt. header is not at the end of the disk.
[    2.184603] GPT:3014591 != 15564799
[    2.184604] GPT: Use GNU Parted to correct GPT errors.
[    2.184634]  mmcblk2: p1 p2 p3 p4 p5 p6 p7 p8 p9 p10 p11 p12
[    2.213394] Console: switching to colour frame buffer device 170x48
[    2.277496] drm drm: fb0:  frame buffer device
[    2.281981] [drm] Initialized tegra 0.0.0 20120330 for drm on minor 0
[    2.289393] input: gpio-keys as /devices/soc0/gpio-keys/input/input1
[    2.296975] as3722-rtc as3722-rtc: setting system clock to 2000-01-02 11:55:23 UTC (946814123)
[    2.306117] +1.8V_RUN_CAM: disabling
[    2.309849] +3.3V_RUN_CAM: disabling
[    2.313700] +1.2V_RUN_CAM_FRONT: disabling
[    2.317955] +1.05V_RUN_CAM_REAR: disabling
[    2.322206] +2.8V_RUN_TOUCH: disabling
[    2.326197] +2.8V_RUN_CAM_AF: disabling
[    2.330189] +1.8V_RUN_VPP_FUSE: disabling
[    2.334440] +5V_VDD_TS_SW: disabling
[    2.338011] +5V_USB_HS: disabling
[    2.341316] +5V_USB_SS: disabling
[    2.345556] EXT4-fs (mmcblk0p3): couldn't mount as ext3 due to feature incompatibilities
[    2.354201] EXT4-fs (mmcblk0p3): couldn't mount as ext2 due to feature incompatibilities
[    2.830457] EXT4-fs (mmcblk0p3): recovery complete
[    2.836022] EXT4-fs (mmcblk0p3): mounted filesystem with ordered data mode. Opts: (null)
[    2.844151] VFS: Mounted root (ext4 filesystem) on device 179:3.
[    2.850844] devtmpfs: mounted
[    2.854509] Freeing unused kernel memory: 2048K
bash: cannot set terminal process group (-1): Inappropriate ioctl for device
bash: no job control in this shell
root@(none):/# 