
U-Boot SPL 2014.07-00097-g772e173 (Jul 25 2014 - 20:02:52)


U-Boot 2014.07-00097-g772e173 (Jul 25 2014 - 20:02:52)

TEGRA124
Board: NVIDIA Jetson TK1
I2C:   ready
DRAM:  2 GiB
MMC:   Tegra SD/MMC: 0, Tegra SD/MMC: 1
In:    serial
Out:   serial
Err:   serial
Net:   Net Initialization Skipped
No ethernet found.
Hit any key to stop autoboot:  2  0 
Tegra124 (Jetson TK1) # 
Tegra124 (Jetson TK1) # usb reset
(Re)start USB...
USB0:   USB EHCI 1.10
scanning bus 0 for devices... 1 USB Device(s) found
USB1:   USB EHCI 1.10
scanning bus 1 for devices... 2 USB Device(s) found
       scanning usb for storage devices... 0 Storage Device(s) found
       scanning usb for ethernet devices... 
Warning: asx0 using MAC address from net device
1 Ethernet Device(s) found
Tegra124 (Jetson TK1) # setenv bootargs 'ignore_loglevel console=ttyS0,115200n8 rw root=/dev/mmcblk0p1 rootwait gpt debug init=/bin/bash noinitrd'
Tegra124 (Jetson TK1) # setenv ipaddr 192.168.100.102; setenv serverip 192.168.100.1; setenv tftpserverip 192.168.100.1
Tegra124 (Jetson TK1) # tftpboot 0x81000000 zImage.multi_v7_defconfig
Using asx0 device
TFTP from server 192.168.100.1; our IP address is 192.168.100.102
Filename 'zImage.multi_v7_defconfig'.
Load address: 0x81000000
Loading: *#################################################################
	 #################################################################
	 #################################################################
	 #################################################################
	 #################################################################
	 #################################################################
	 ###############################################
	 3.3 MiB/s
done
Bytes transferred = 6401640 (61ae68 hex)
Tegra124 (Jetson TK1) # tftpboot 0x82000000 tegra124-jetson-tk1.dtb
Using asx0 device
TFTP from server 192.168.100.1; our IP address is 192.168.100.102
Filename 'tegra124-jetson-tk1.dtb'.
Load address: 0x82000000
Loading: *#####
	 2.9 MiB/s
done
Bytes transferred = 64210 (fad2 hex)
Tegra124 (Jetson TK1) # bootz 0x81000000 - 0x82000000
Kernel image @ 0x81000000 [ 0x000000 - 0x61ae68 ]
## Flattened Device Tree blob at 82000000
   Booting using the fdt blob at 0x82000000
   Using Device Tree in place at 82000000, end 82012ad1

Starting kernel ...

[    0.000000] Booting Linux on physical CPU 0x0
[    0.000000] Linux version 4.2.0-38352-g4e4adb2 (pwalmsley@sellafield) (gcc version 4.7.3 20130328 (prerelease) (crosstool-NG linaro-1.13.1-4.7-2013.04-20130415 - Linaro GCC 2013.04) ) #1 SMP Tue Sep 8 03:23:21 PDT 2015
[    0.000000] CPU: ARMv7 Processor [413fc0f3] revision 3 (ARMv7), cr=10c5387d
[    0.000000] CPU: PIPT / VIPT nonaliasing data cache, PIPT instruction cache
[    0.000000] Machine model: NVIDIA Tegra124 Jetson TK1
[    0.000000] debug: ignoring loglevel setting.
[    0.000000] cma: Reserved 64 MiB at 0xfb800000
[    0.000000] Memory policy: Data cache writealloc
[    0.000000] On node 0 totalpages: 524032
[    0.000000] free_area_init_node: node 0, pgdat c0f6b200, node_mem_map ee7f8000
[    0.000000]   DMA zone: 1520 pages used for memmap
[    0.000000]   DMA zone: 0 pages reserved
[    0.000000]   DMA zone: 194560 pages, LIFO batch:31
[    0.000000]   HighMem zone: 329472 pages, LIFO batch:31
[    0.000000] PERCPU: Embedded 11 pages/cpu @ee793000 s14976 r8192 d21888 u45056
[    0.000000] pcpu-alloc: s14976 r8192 d21888 u45056 alloc=11*4096
[    0.000000] pcpu-alloc: [0] 0 [0] 1 [0] 2 [0] 3 
[    0.000000] Built 1 zonelists in Zone order, mobility grouping on.  Total pages: 522512
[    0.000000] Kernel command line: ignore_loglevel console=ttyS0,115200n8 rw root=/dev/mmcblk0p1 rootwait gpt debug init=/bin/bash noinitrd
[    0.000000] PID hash table entries: 4096 (order: 2, 16384 bytes)
[    0.000000] Dentry cache hash table entries: 131072 (order: 7, 524288 bytes)
[    0.000000] Inode-cache hash table entries: 65536 (order: 6, 262144 bytes)
[    0.000000] Memory: 1998848K/2096128K available (8062K kernel code, 1012K rwdata, 3616K rodata, 1020K init, 340K bss, 31744K reserved, 65536K cma-reserved, 1252352K highmem)
[    0.000000] Virtual kernel memory layout:
[    0.000000]     vector  : 0xffff0000 - 0xffff1000   (   4 kB)
[    0.000000]     fixmap  : 0xffc00000 - 0xfff00000   (3072 kB)
[    0.000000]     vmalloc : 0xf0000000 - 0xff000000   ( 240 MB)
[    0.000000]     lowmem  : 0xc0000000 - 0xef800000   ( 760 MB)
[    0.000000]     pkmap   : 0xbfe00000 - 0xc0000000   (   2 MB)
[    0.000000]     modules : 0xbf000000 - 0xbfe00000   (  14 MB)
[    0.000000]       .text : 0xc0208000 - 0xc0d70bb4   (11683 kB)
[    0.000000]       .init : 0xc0d71000 - 0xc0e70000   (1020 kB)
[    0.000000]       .data : 0xc0e70000 - 0xc0f6d1c0   (1013 kB)
[    0.000000]        .bss : 0xc0f70000 - 0xc0fc52e8   ( 341 kB)
[    0.000000] SLUB: HWalign=64, Order=0-3, MinObjects=0, CPUs=4, Nodes=1
[    0.000000] Hierarchical RCU implementation.
[    0.000000] 	Build-time adjustment of leaf fanout to 32.
[    0.000000] 	RCU restricting CPUs from NR_CPUS=16 to nr_cpu_ids=4.
[    0.000000] RCU: Adjusting geometry for rcu_fanout_leaf=32, nr_cpu_ids=4
[    0.000000] NR_IRQS:16 nr_irqs:16 16
[    0.000000] /interrupt-controller@60004000: 160 interrupts forwarded to /interrupt-controller@0,50041000
[    0.000000] L2C: failed to init: -19
[    0.000009] sched_clock: 32 bits at 1000kHz, resolution 1000ns, wraps every 2147483647500ns
[    0.000028] clocksource: timer_us: mask: 0xffffffff max_cycles: 0xffffffff, max_idle_ns: 1911260446275 ns
[    0.000041] Switching to timer-based delay loop, resolution 1000ns
[    0.004426] Architected cp15 timer(s) running at 12.00MHz (virt).
[    0.004444] clocksource: arch_sys_counter: mask: 0xffffffffffffff max_cycles: 0x2c47f4ee7, max_idle_ns: 440795202497 ns
[    0.004462] sched_clock: 56 bits at 12MHz, resolution 83ns, wraps every 4398046511096ns
[    0.004475] Switching to timer-based delay loop, resolution 83ns
[    0.004897] Console: colour dummy device 80x30
[    0.004920] Calibrating delay loop (skipped), value calculated using timer frequency.. 24.00 BogoMIPS (lpj=60000)
[    0.004934] pid_max: default: 32768 minimum: 301
[    0.005043] Mount-cache hash table entries: 2048 (order: 1, 8192 bytes)
[    0.005055] Mountpoint-cache hash table entries: 2048 (order: 1, 8192 bytes)
[    0.005643] CPU: Testing write buffer coherency: ok
[    0.005854] /cpus/cpu@0 missing clock-frequency property
[    0.005892] /cpus/cpu@1 missing clock-frequency property
[    0.005929] /cpus/cpu@2 missing clock-frequency property
[    0.005967] /cpus/cpu@3 missing clock-frequency property
[    0.005979] CPU0: thread -1, cpu 0, socket 0, mpidr 80000000
[    0.006022] Setting up static identity map for 0x80209000 - 0x80209098
[    0.009137] Tegra Revision: A01 SKU: 129 CPU Process: 1 SoC Process: 1
[    0.010396] CPU1: thread -1, cpu 1, socket 0, mpidr 80000001
[    0.010909] CPU2: thread -1, cpu 2, socket 0, mpidr 80000002
[    0.011420] CPU3: thread -1, cpu 3, socket 0, mpidr 80000003
[    0.011485] Brought up 4 CPUs
[    0.011504] SMP: Total of 4 processors activated (96.00 BogoMIPS).
[    0.011512] CPU: All CPU(s) started in SVC mode.
[    0.012965] devtmpfs: initialized
[    0.032303] VFP support v0.3: implementor 41 architecture 4 part 30 variant f rev 0
[    0.033086] clocksource: jiffies: mask: 0xffffffff max_cycles: 0xffffffff, max_idle_ns: 9556302231375000 ns
[    0.034802] pinctrl core: initialized pinctrl subsystem
[    0.036384] NET: Registered protocol family 16
[    0.038355] DMA: preallocated 256 KiB pool for atomic coherent allocations
[    0.054253] cpuidle: using governor ladder
[    0.069272] cpuidle: using governor menu
[    0.073195] gpiochip_add: GPIOs 0..255 (tegra-gpio) failed to register
[    0.084756] No ATAGs?
[    0.084791] hw-breakpoint: found 5 (+1 reserved) breakpoint and 4 watchpoint registers.
[    0.084801] hw-breakpoint: maximum watchpoint size is 8 bytes.
[    0.089518] Serial: AMBA PL011 UART driver
[    0.123246] vgaarb: loaded
[    0.124055] SCSI subsystem initialized
[    0.124246] libata version 3.00 loaded.
[    0.124592] usbcore: registered new interface driver usbfs
[    0.124661] usbcore: registered new interface driver hub
[    0.124727] usbcore: registered new device driver usb
[    0.128325] pps_core: LinuxPPS API ver. 1 registered
[    0.128335] pps_core: Software ver. 5.3.6 - Copyright 2005-2007 Rodolfo Giometti <giometti@linux.it>
[    0.128367] PTP clock support registered
[    0.128602] EDAC MC: Ver: 3.0.0
[    0.131940] clocksource: Switched to clocksource arch_sys_counter
[    0.143736] NET: Registered protocol family 2
[    0.144260] TCP established hash table entries: 8192 (order: 3, 32768 bytes)
[    0.144359] TCP bind hash table entries: 8192 (order: 4, 65536 bytes)
[    0.144545] TCP: Hash tables configured (established 8192 bind 8192)
[    0.144595] UDP hash table entries: 512 (order: 2, 16384 bytes)
[    0.144636] UDP-Lite hash table entries: 512 (order: 2, 16384 bytes)
[    0.144805] NET: Registered protocol family 1
[    0.145058] RPC: Registered named UNIX socket transport module.
[    0.145067] RPC: Registered udp transport module.
[    0.145075] RPC: Registered tcp transport module.
[    0.145082] RPC: Registered tcp NFSv4.1 backchannel transport module.
[    0.145104] PCI: CLS 0 bytes, default 64
[    0.146093] hw perfevents: enabled with armv7_cortex_a15 PMU driver, 7 counters available
[    0.147744] futex hash table entries: 1024 (order: 4, 65536 bytes)
[    0.160308] squashfs: version 4.0 (2009/01/31) Phillip Lougher
[    0.161269] NFS: Registering the id_resolver key type
[    0.161301] Key type id_resolver registered
[    0.161310] Key type id_legacy registered
[    0.161394] ntfs: driver 2.1.32 [Flags: R/O].
[    0.162836] bounce: pool size: 64 pages
[    0.163061] Block layer SCSI generic (bsg) driver version 0.4 loaded (major 249)
[    0.163080] io scheduler noop registered
[    0.163098] io scheduler deadline registered
[    0.163142] io scheduler cfq registered (default)
[    0.180411] tegra-pcie 1003000.pcie-controller: 2x1, 1x1 configuration
[    0.180460] tegra-pcie 1003000.pcie-controller: Failed to get supply 'avddio-pex': -517
[    0.187872] tegra-apbdma 60020000.dma: Tegra20 APB DMA driver register 32 channels
[    0.189256] tegra-pmc 7000e400.pmc: emergency thermal reset enabled
[    0.253778] Serial: 8250/16550 driver, 4 ports, IRQ sharing disabled
[    0.256242] SuperH (H)SCI(F) driver initialized
[    0.257239] msm_serial: driver initialized
[    0.258070] console [ttyS0] disabled
[    0.258106] 70006300.serial: ttyS0 at MMIO 0x70006300 (irq = 75, base_baud = 25500000) is a Tegra
[    0.997159] console [ttyS0] enabled
[    1.001473] STMicroelectronics ASC driver initialized
[    1.009012] [drm] Initialized drm 1.1.0 20060810
[    1.016049] tegra-hdmi 54280000.hdmi: failed to get HDMI regulator
[    1.030432] loop: module loaded
[    1.033915] at24 0-0056: 256 byte 24c02 EEPROM, writable, 8 bytes/write
[    1.041832] as3722 4-0040: AS3722 with revision 0x1 found
[    1.065237] +5V_SYS: supplied by +VDD_MUX
[    1.069307] +1.05V_RUN: supplied by +5V_SYS
[    1.073615] tegra-ahci 70027000.sata: Failed to get supply 'hvdd': -517
[    1.080290] tegra-ahci 70027000.sata: Failed to get regulators
[    1.091334] m25p80 spi32765.0: w25q32dw (4096 Kbytes)
[    1.099939] CAN device driver interface
[    1.105136] igb: Intel(R) Gigabit Ethernet Network Driver - version 5.3.0-k
[    1.112107] igb: Copyright (c) 2007-2014 Intel Corporation.
[    1.120775] pegasus: v0.9.3 (2013/04/25), Pegasus/Pegasus II USB Ethernet driver
[    1.128236] usbcore: registered new interface driver pegasus
[    1.133973] usbcore: registered new interface driver asix
[    1.139429] usbcore: registered new interface driver ax88179_178a
[    1.145587] usbcore: registered new interface driver cdc_ether
[    1.151504] usbcore: registered new interface driver smsc75xx
[    1.157333] usbcore: registered new interface driver smsc95xx
[    1.163137] usbcore: registered new interface driver net1080
[    1.168855] usbcore: registered new interface driver cdc_subset
[    1.174833] usbcore: registered new interface driver zaurus
[    1.180505] usbcore: registered new interface driver cdc_ncm
[    1.186438] tegra-phy 7d004000.usb-phy: no vbus regulator
[    1.194159] ehci_hcd: USB 2.0 'Enhanced' Host Controller (EHCI) Driver
[    1.200701] ehci-pci: EHCI PCI platform driver
[    1.205209] ehci-platform: EHCI generic platform driver
[    1.210666] ehci-omap: OMAP-EHCI Host Controller driver
[    1.216050] ehci-orion: EHCI orion driver
[    1.220220] SPEAr-ehci: EHCI SPEAr driver
[    1.224394] ehci-st: EHCI STMicroelectronics driver
[    1.229435] ehci-exynos: EHCI EXYNOS driver
[    1.233803] ehci-atmel: EHCI Atmel driver
[    1.237986] tegra-ehci: Tegra EHCI driver
[    1.242312] tegra-ehci 7d004000.usb: EHCI Host Controller
[    1.247747] tegra-ehci 7d004000.usb: new USB bus registered, assigned bus number 1
[    1.255490] tegra-ehci 7d004000.usb: irq 92, io mem 0x7d004000
[    1.266963] tegra-ehci 7d004000.usb: USB 2.0 started, EHCI 1.10
[    1.273736] hub 1-0:1.0: USB hub found
[    1.277533] hub 1-0:1.0: 1 port detected
[    1.282103] ohci_hcd: USB 1.1 'Open' Host Controller (OHCI) Driver
[    1.288307] ohci-pci: OHCI PCI platform driver
[    1.292821] ohci-platform: OHCI generic platform driver
[    1.298241] ohci-omap3: OHCI OMAP3 driver
[    1.302413] SPEAr-ohci: OHCI SPEAr driver
[    1.306570] ohci-st: OHCI STMicroelectronics driver
[    1.311611] ohci-atmel: OHCI Atmel driver
[    1.315881] usbcore: registered new interface driver usb-storage
[    1.323468] mousedev: PS/2 mouse device common for all mice
[    1.332986] as3722-rtc as3722-rtc: rtc core: registered as3722-rtc as rtc0
[    1.339874] as3722-rtc as3722-rtc: RTC interrupt 115
[    1.348260] tegra_rtc 7000e000.rtc: rtc core: registered 7000e000.rtc as rtc1
[    1.355444] tegra_rtc 7000e000.rtc: Tegra internal Real Time Clock
[    1.362268] i2c /dev entries driver
[    1.375595] sdhci: Secure Digital Host Controller Interface driver
[    1.381799] sdhci: Copyright(c) Pierre Ossman
[    1.387894] Synopsys Designware Multimedia Card Interface Driver
[    1.395108] sdhci-pltfm: SDHCI platform and OF driver helper
[    1.401633] mmc0: Unknown controller version (3). You may experience problems.
[    1.408965] sdhci-tegra 700b0600.sdhci: No vmmc regulator found
[    1.414905] sdhci-tegra 700b0600.sdhci: No vqmmc regulator found
[    1.420917] mmc0: Invalid maximum block size, assuming 512 bytes
[    1.461957] mmc0: SDHCI controller on 700b0600.sdhci [700b0600.sdhci] using ADMA 64-bit
[    1.471469] ledtrig-cpu: registered to indicate activity on CPUs
[    1.477713] usbcore: registered new interface driver usbhid
[    1.483294] usbhid: USB HID core driver
[    1.496024] NET: Registered protocol family 10
[    1.501164] sit: IPv6 over IPv4 tunneling driver
[    1.505938] mmc0: MAN_BKOPS_EN bit is not set
[    1.506575] NET: Registered protocol family 17
[    1.506592] can: controller area network core (rev 20120528 abi 9)
[    1.506667] NET: Registered protocol family 29
[    1.506678] can: raw protocol (rev 20120528)
[    1.506687] can: broadcast manager protocol (rev 20120528 t)
[    1.506701] can: netlink gateway (rev 20130117) max_hops=1
[    1.507195] Key type dns_resolver registered
[    1.510805] ThumbEE CPU extension supported.
[    1.510822] Registering SWP/SWPB emulation handler
[    1.557566] tegra-pcie 1003000.pcie-controller: 2x1, 1x1 configuration
[    1.564516] +3.3V_SYS: supplied by +VDD_MUX
[    1.568837] +3.3V_LP0: supplied by +3.3V_SYS
[    1.573570] +1.35V_LP0(sd2): supplied by +5V_SYS
[    1.578353] +1.05V_RUN_AVDD: supplied by +1.35V_LP0(sd2)
[    1.585391] mmc0: new high speed MMC card at address 0001
[    1.586087] tegra-pcie 1003000.pcie-controller: probing port 0, using 2 lanes
[    1.588152] tegra-pcie 1003000.pcie-controller: Slot present pin change, signature: 00000008
[    1.607798] mmcblk0: mmc0:0001 SEM16G 14.6 GiB 
[    1.612986] mmcblk0boot0: mmc0:0001 SEM16G partition 1 4.00 MiB
[    1.619258] mmcblk0boot1: mmc0:0001 SEM16G partition 2 4.00 MiB
[    1.625734] mmcblk0rpmb: mmc0:0001 SEM16G partition 3 4.00 MiB
[    1.635336] Primary GPT is invalid, using alternate GPT.
[    1.640717]  mmcblk0: p1 p2 p3 p4 p5 p6 p7 p8 p9
[    2.006963] tegra-pcie 1003000.pcie-controller: link 0 down, retrying
[    2.435718] tegra-pcie 1003000.pcie-controller: link 0 down, retrying
[    2.864258] tegra-pcie 1003000.pcie-controller: link 0 down, retrying
[    2.872855] tegra-pcie 1003000.pcie-controller: link 0 down, ignoring
[    2.879344] tegra-pcie 1003000.pcie-controller: probing port 1, using 1 lanes
[    2.888607] tegra-pcie 1003000.pcie-controller: Slot present pin change, signature: 00000000
[    3.317203] tegra-pcie 1003000.pcie-controller: link 1 down, retrying
[    3.745575] tegra-pcie 1003000.pcie-controller: link 1 down, retrying
[    4.173810] tegra-pcie 1003000.pcie-controller: link 1 down, retrying
[    4.182392] tegra-pcie 1003000.pcie-controller: link 1 down, ignoring
[    4.189092] tegra-pcie 1003000.pcie-controller: PCI host bridge to bus 0000:00
[    4.196326] pci_bus 0000:00: root bus resource [mem 0x13000000-0x1fffffff]
[    4.203219] pci_bus 0000:00: root bus resource [mem 0x20000000-0x3fffffff pref]
[    4.210533] pci_bus 0000:00: root bus resource [bus 00-ff]
[    4.216028] pci_bus 0000:00: root bus resource [io  0x1000-0xffff]
[    4.222242] PCI: bus0: Fast back to back transfers enabled
[    4.228527] +5V_HDMI_CON: supplied by +5V_SYS
[    4.233006] +1.05V_RUN_AVDD_HDMI_PLL: supplied by +1.05V_RUN
[    4.238818] +3.3V_RUN: supplied by +3.3V_SYS
[    4.243140] +3.3V_AVDD_HDMI_AP_GATED: supplied by +3.3V_RUN
[    4.251149] [drm] Supports vblank timestamp caching Rev 2 (21.10.2013).
[    4.257823] [drm] No driver support for vblank timestamp query.
[    4.362600] tegra-hdmi 54280000.hdmi: cannot set audio to 44100 at 297000000 pclk
[    4.473139] Console: switching to colour frame buffer device 512x135
[    4.568070] drm drm: fb0:  frame buffer device
[    4.587091] [drm] Initialized tegra 0.0.0 20120330 on minor 0
[    4.594040] +5V_SATA: supplied by +5V_SYS
[    4.598198] +12V_SATA: supplied by +VDD_MUX
[    4.602807] tegra-ahci 70027000.sata: AHCI 0001.0301 32 slots 2 ports 3 Gbps 0x1 impl platform mode
[    4.611897] tegra-ahci 70027000.sata: flags: 64bit ncq sntf pm led pio slum part sadm sds apst 
[    4.623227] scsi host0: tegra-ahci
[    4.627863] scsi host1: tegra-ahci
[    4.631619] ata1: SATA max UDMA/133 mmio [mem 0x70027000-0x70028fff] port 0x100 irq 85
[    4.639597] ata2: DUMMY
[    4.643363] +5V_USB_HS: supplied by +5V_SYS
[    4.649015] tegra-ehci 7d008000.usb: EHCI Host Controller
[    4.654494] tegra-ehci 7d008000.usb: new USB bus registered, assigned bus number 2
[    4.662410] tegra-ehci 7d008000.usb: irq 93, io mem 0x7d008000
[    4.677098] tegra-ehci 7d008000.usb: USB 2.0 started, EHCI 1.10
[    4.684275] hub 2-0:1.0: USB hub found
[    4.688157] hub 2-0:1.0: 1 port detected
[    4.692841] 0-004c supply vcc not found, using dummy regulator
[    4.702632] of_cpumask_init_opp_table: couldn't find opp table for cpu:0, -19
[    4.709822] cpufreq: cpufreq_online: CPU0: Running at unlisted freq: 696000 KHz
[    4.717208] cpufreq: cpufreq_online: CPU0: Unlisted initial frequency changed to: 714000 KHz
[    4.726459] sdhci-tegra 700b0400.sdhci: Got CD GPIO
[    4.731370] sdhci-tegra 700b0400.sdhci: Got WP GPIO
[    4.736321] mmc1: Unknown controller version (3). You may experience problems.
[    4.743710] +VDDIO_SDMMC3: supplied by +3.3V_RUN
[    4.748404] sdhci-tegra 700b0400.sdhci: No vmmc regulator found
[    4.754346] mmc1: Invalid maximum block size, assuming 512 bytes
[    4.792278] mmc1: SDHCI controller on 700b0400.sdhci [700b0400.sdhci] using ADMA 64-bit
[    4.800790] input: gpio-keys as /devices/soc0/gpio-keys/input/input0
[    4.808053] as3722-rtc as3722-rtc: setting system clock to 2000-02-01 00:00:18 UTC (949363218)
[    4.820727] +1.8V_RUN_CAM: disabling
[    4.824527] +2.8V_RUN_CAM: disabling
[    4.828318] +1.2V_RUN_CAM_FRONT: disabling
[    4.832627] +1.05V_RUN_CAM_REAR: disabling
[    4.836911] +3.3V_RUN_TOUCH: disabling
[    4.840832] +2.8V_RUN_CAM_AF: disabling
[    4.844837] +1.8V_RUN_VPP_FUSE: disabling
[    4.849014] +USB0_VBUS_SW: disabling
[    4.967051] ata1: SATA link down (SStatus 0 SControl 300)
[    4.973199] EXT4-fs (mmcblk0p1): couldn't mount as ext3 due to feature incompatibilities
[    4.981756] EXT4-fs (mmcblk0p1): couldn't mount as ext2 due to feature incompatibilities
[    4.999666] EXT4-fs (mmcblk0p1): recovery complete
[    5.004489] EXT4-fs (mmcblk0p1): mounted filesystem with ordered data mode. Opts: (null)
[    5.007037] usb 2-1: new high-speed USB device number 2 using tegra-ehci
[    5.019336] VFS: Mounted root (ext4 filesystem) on device 179:1.
[    5.027283] devtmpfs: mounted
[    5.030778] Freeing unused kernel memory: 1020K (c0d71000 - c0e70000)
bash: cannot set terminal process group (-1): Inappropriate ioctl for device
bash: no job control in this shell
root@(none):/# [    5.959866] asix 2-1:1.0 eth0: register 'asix' at usb-7d008000.usb-1, ASIX AX88772 USB 2.0 Ethernet, 00:50:b6:11:31:3b
