
U-Boot SPL 2014.07-00097-g772e173 (Jul 25 2014 - 20:02:52)


U-Boot 2014.07-00097-g772e173 (Jul 25 2014 - 20:02:52)

TEGRA124
Board: NVIDIA Jetson TK1
I2C:   ready
DRAM:  2 GiB
MMC:   Tegra SD/MMC: 0, Tegra SD/MMC: 1
In:    serial
Out:   serial
Err:   serial
Net:   Net Initialization Skipped
No ethernet found.
Hit any key to stop autoboot:  2  0 
Tegra124 (Jetson TK1) # 
Tegra124 (Jetson TK1) # usb reset
(Re)start USB...
USB0:   USB EHCI 1.10
scanning bus 0 for devices... 1 USB Device(s) found
USB1:   USB EHCI 1.10
scanning bus 1 for devices... 2 USB Device(s) found
       scanning usb for storage devices... 0 Storage Device(s) found
       scanning usb for ethernet devices... 
Warning: asx0 using MAC address from net device
1 Ethernet Device(s) found
Tegra124 (Jetson TK1) # setenv bootargs 'ignore_loglevel console=ttyS0,115200n8 rw root=/dev/mmcblk0p1 rootwait gpt debug init=/bin/bash noinitrd'
Tegra124 (Jetson TK1) # setenv ipaddr 192.168.100.102; setenv serverip 192.168.100.1; setenv tftpserverip 192.168.100.1
Tegra124 (Jetson TK1) # tftpboot 0x81000000 zImage.tegra_defconfig
Using asx0 device
TFTP from server 192.168.100.1; our IP address is 192.168.100.102
Filename 'zImage.tegra_defconfig'.
Load address: 0x81000000
Loading: *#################################################################
	 #################################################################
	 #################################################################
	 #################################################################
	 #################################################################
	 ##################
	 2.9 MiB/s
done
Bytes transferred = 5030168 (4cc118 hex)
Tegra124 (Jetson TK1) # tftpboot 0x82000000 tegra124-jetson-tk1.dtb
Using asx0 device
TFTP from server 192.168.100.1; our IP address is 192.168.100.102
Filename 'tegra124-jetson-tk1.dtb'.
Load address: 0x82000000
Loading: *#####
	 3.3 MiB/s
done
Bytes transferred = 62999 (f617 hex)
Tegra124 (Jetson TK1) # bootz 0x81000000 - 0x82000000
Kernel image @ 0x81000000 [ 0x000000 - 0x4cc118 ]
## Flattened Device Tree blob at 82000000
   Booting using the fdt blob at 0x82000000
   Using Device Tree in place at 82000000, end 82012616

Starting kernel ...

Uncompressing Linux... done, booting the kernel.
[    0.000000] Booting Linux on physical CPU 0x0
[    0.000000] Initializing cgroup subsys cpu
[    0.000000] Initializing cgroup subsys cpuacct
[    0.000000] Linux version 4.1.0-rc4-next-20150519-18250-g1e662ab (pwalmsley@kaivo) (gcc version 4.7.3 20130328 (prerelease) (crosstool-NG linaro-1.13.1-4.7-2013.04-20130415 - Linaro GCC 2013.04) ) #1 SMP PREEMPT Tue May 19 05:43:35 PDT 2015
[    0.000000] CPU: ARMv7 Processor [413fc0f3] revision 3 (ARMv7), cr=10c5387d
[    0.000000] CPU: PIPT / VIPT nonaliasing data cache, PIPT instruction cache
[    0.000000] Machine model: NVIDIA Tegra124 Jetson TK1
[    0.000000] debug: ignoring loglevel setting.
[    0.000000] cma: Reserved 64 MiB at 0xfbc00000
[    0.000000] Memory policy: Data cache writealloc
[    0.000000] On node 0 totalpages: 524032
[    0.000000] free_area_init_node: node 0, pgdat c09ac480, node_mem_map ee7f7000
[    0.000000]   Normal zone: 1520 pages used for memmap
[    0.000000]   Normal zone: 0 pages reserved
[    0.000000]   Normal zone: 194560 pages, LIFO batch:31
[    0.000000]   HighMem zone: 329472 pages, LIFO batch:31
[    0.000000] PERCPU: Embedded 12 pages/cpu @ee78f000 s17216 r8192 d23744 u49152
[    0.000000] pcpu-alloc: s17216 r8192 d23744 u49152 alloc=12*4096
[    0.000000] pcpu-alloc: [0] 0 [0] 1 [0] 2 [0] 3 
[    0.000000] Built 1 zonelists in Zone order, mobility grouping on.  Total pages: 522512
[    0.000000] Kernel command line: ignore_loglevel console=ttyS0,115200n8 rw root=/dev/mmcblk0p1 rootwait gpt debug init=/bin/bash noinitrd
[    0.000000] PID hash table entries: 4096 (order: 2, 16384 bytes)
[    0.000000] Dentry cache hash table entries: 131072 (order: 7, 524288 bytes)
[    0.000000] Inode-cache hash table entries: 65536 (order: 6, 262144 bytes)
[    0.000000] Memory: 2002660K/2096128K available (6902K kernel code, 328K rwdata, 2340K rodata, 308K init, 351K bss, 27932K reserved, 65536K cma-reserved, 1252352K highmem)
[    0.000000] Virtual kernel memory layout:
[    0.000000]     vector  : 0xffff0000 - 0xffff1000   (   4 kB)
[    0.000000]     fixmap  : 0xffc00000 - 0xfff00000   (3072 kB)
[    0.000000]     vmalloc : 0xf0000000 - 0xff000000   ( 240 MB)
[    0.000000]     lowmem  : 0xc0000000 - 0xef800000   ( 760 MB)
[    0.000000]     pkmap   : 0xbfe00000 - 0xc0000000   (   2 MB)
[    0.000000]     modules : 0xbf000000 - 0xbfe00000   (  14 MB)
[    0.000000]       .text : 0xc0008000 - 0xc090ef48   (9244 kB)
[    0.000000]       .init : 0xc090f000 - 0xc095c000   ( 308 kB)
[    0.000000]       .data : 0xc095c000 - 0xc09ae000   ( 328 kB)
[    0.000000]        .bss : 0xc09b0000 - 0xc0a07fd4   ( 352 kB)
[    0.000000] Preemptible hierarchical RCU implementation.
[    0.000000] 	Additional per-CPU info printed with stalls.
[    0.000000] 	Build-time adjustment of leaf fanout to 32.
[    0.000000] NR_IRQS:16 nr_irqs:16 16
[    0.000000] /interrupt-controller@60004000: 160 interrupts forwarded to /interrupt-controller@0,50041000
[    0.000000] L2C: failed to init: -19
[    0.000009] sched_clock: 32 bits at 1000kHz, resolution 1000ns, wraps every 2147483647500ns
[    0.000030] clocksource timer_us: mask: 0xffffffff max_cycles: 0xffffffff, max_idle_ns: 1911260446275 ns
[    0.000044] Switching to timer-based delay loop, resolution 1000ns
[    0.001200] Architected cp15 timer(s) running at 12.00MHz (virt).
[    0.001218] clocksource arch_sys_counter: mask: 0xffffffffffffff max_cycles: 0x2c47f4ee7, max_idle_ns: 440795202497 ns
[    0.001237] sched_clock: 56 bits at 12MHz, resolution 83ns, wraps every 4398046511096ns
[    0.001249] Switching to timer-based delay loop, resolution 83ns
[    0.001663] Console: colour dummy device 80x30
[    0.001688] Calibrating delay loop (skipped), value calculated using timer frequency.. 24.00 BogoMIPS (lpj=120000)
[    0.001703] pid_max: default: 32768 minimum: 301
[    0.002102] Mount-cache hash table entries: 2048 (order: 1, 8192 bytes)
[    0.002114] Mountpoint-cache hash table entries: 2048 (order: 1, 8192 bytes)
[    0.003486] Initializing cgroup subsys freezer
[    0.003513] Initializing cgroup subsys debug
[    0.003568] CPU: Testing write buffer coherency: ok
[    0.003878] /cpus/cpu@0 missing clock-frequency property
[    0.003917] /cpus/cpu@1 missing clock-frequency property
[    0.003954] /cpus/cpu@2 missing clock-frequency property
[    0.003994] /cpus/cpu@3 missing clock-frequency property
[    0.004006] CPU0: thread -1, cpu 0, socket 0, mpidr 80000000
[    0.004051] Setting up static identity map for 0x80008440 - 0x800084d8
[    0.021555] Tegra Revision: A01 SKU: 129 CPU Process: 1 SoC Process: 1
[    0.031697] CPU1: thread -1, cpu 1, socket 0, mpidr 80000001
[    0.041702] CPU2: thread -1, cpu 2, socket 0, mpidr 80000002
[    0.051714] CPU3: thread -1, cpu 3, socket 0, mpidr 80000003
[    0.051793] Brought up 4 CPUs
[    0.051814] SMP: Total of 4 processors activated (96.00 BogoMIPS).
[    0.051822] CPU: All CPU(s) started in SVC mode.
[    0.052688] devtmpfs: initialized
[    0.054331] VFP support v0.3: implementor 41 architecture 4 part 30 variant f rev 0
[    0.054992] clocksource jiffies: mask: 0xffffffff max_cycles: 0xffffffff, max_idle_ns: 19112604462750000 ns
[    0.056752] pinctrl core: initialized pinctrl subsystem
[    0.105424] NET: Registered protocol family 16
[    0.106711] DMA: preallocated 256 KiB pool for atomic coherent allocations
[    0.131087] cpuidle: using governor ladder
[    0.161112] cpuidle: using governor menu
[    0.183187] No ATAGs?
[    0.183221] hw-breakpoint: found 5 (+1 reserved) breakpoint and 4 watchpoint registers.
[    0.183232] hw-breakpoint: maximum watchpoint size is 8 bytes.
[    0.236078] +USB0_VBUS_SW: Failed to request enable GPIO108: -517
[    0.236301] reg-fixed-voltage regulators:regulator@7: Failed to register regulator: -517
[    0.236752] +5V_USB_HS: Failed to request enable GPIO109: -517
[    0.236963] reg-fixed-voltage regulators:regulator@8: Failed to register regulator: -517
[    0.237512] +1.05V_RUN_AVDD_HDMI_PLL: Failed to request enable GPIO63: -517
[    0.237722] reg-fixed-voltage regulators:regulator@11: Failed to register regulator: -517
[    0.238167] +5V_HDMI_CON: Failed to request enable GPIO86: -517
[    0.238375] reg-fixed-voltage regulators:regulator@12: Failed to register regulator: -517
[    0.238819] +5V_SATA: Failed to request enable GPIO242: -517
[    0.239026] reg-fixed-voltage regulators:regulator@13: Failed to register regulator: -517
[    0.239467] +12V_SATA: Failed to request enable GPIO242: -517
[    0.239673] reg-fixed-voltage regulators:regulator@14: Failed to register regulator: -517
[    0.241705] vgaarb: loaded
[    0.243152] SCSI subsystem initialized
[    0.243459] libata version 3.00 loaded.
[    0.244168] usbcore: registered new interface driver usbfs
[    0.244343] usbcore: registered new interface driver hub
[    0.244506] usbcore: registered new device driver usb
[    0.248701] Linux video capture interface: v2.00
[    0.248823] pps_core: LinuxPPS API ver. 1 registered
[    0.248831] pps_core: Software ver. 5.3.6 - Copyright 2005-2007 Rodolfo Giometti <giometti@linux.it>
[    0.248895] PTP clock support registered
[    0.250809] Advanced Linux Sound Architecture Driver Initialized.
[    0.252443] Bluetooth: Core ver 2.20
[    0.252521] NET: Registered protocol family 31
[    0.252529] Bluetooth: HCI device and connection manager initialized
[    0.252552] Bluetooth: HCI socket layer initialized
[    0.252572] Bluetooth: L2CAP socket layer initialized
[    0.252626] Bluetooth: SCO socket layer initialized
[    0.253365] cfg80211: Calling CRDA to update world regulatory domain
[    0.254165] Switched to clocksource arch_sys_counter
[    0.278580] NET: Registered protocol family 2
[    0.279779] TCP established hash table entries: 8192 (order: 3, 32768 bytes)
[    0.279887] TCP bind hash table entries: 8192 (order: 4, 65536 bytes)
[    0.280074] TCP: Hash tables configured (established 8192 bind 8192)
[    0.280492] UDP hash table entries: 512 (order: 2, 16384 bytes)
[    0.280535] UDP-Lite hash table entries: 512 (order: 2, 16384 bytes)
[    0.280912] NET: Registered protocol family 1
[    0.281581] RPC: Registered named UNIX socket transport module.
[    0.281592] RPC: Registered udp transport module.
[    0.281600] RPC: Registered tcp transport module.
[    0.281607] RPC: Registered tcp NFSv4.1 backchannel transport module.
[    0.281628] PCI: CLS 0 bytes, default 64
[    0.286023] futex hash table entries: 1024 (order: 4, 65536 bytes)
[    0.288423] squashfs: version 4.0 (2009/01/31) Phillip Lougher
[    0.291622] bounce: pool size: 64 pages
[    0.291646] io scheduler noop registered (default)
[    0.293463] tegra124-pinctrl 70000868.pinmux: try to register 201 pins ...
[    0.293477] pinctrl core: registered pin 0 (CLK_32K_OUT PA0) on 70000868.pinmux
[    0.293491] pinctrl core: registered pin 1 (UART3_CTS_N PA1) on 70000868.pinmux
[    0.293501] pinctrl core: registered pin 2 (DAP2_FS PA2) on 70000868.pinmux
[    0.293510] pinctrl core: registered pin 3 (DAP2_SCLK PA3) on 70000868.pinmux
[    0.293519] pinctrl core: registered pin 4 (DAP2_DIN PA4) on 70000868.pinmux
[    0.293527] pinctrl core: registered pin 5 (DAP2_DOUT PA5) on 70000868.pinmux
[    0.293536] pinctrl core: registered pin 6 (SDMMC3_CLK PA6) on 70000868.pinmux
[    0.293545] pinctrl core: registered pin 7 (SDMMC3_CMD PA7) on 70000868.pinmux
[    0.293553] pinctrl core: registered pin 8 (PB0) on 70000868.pinmux
[    0.293561] pinctrl core: registered pin 9 (PB1) on 70000868.pinmux
[    0.293570] pinctrl core: registered pin 12 (SDMMC3_DAT3 PB4) on 70000868.pinmux
[    0.293578] pinctrl core: registered pin 13 (SDMMC3_DAT2 PB5) on 70000868.pinmux
[    0.293587] pinctrl core: registered pin 14 (SDMMC3_DAT1 PB6) on 70000868.pinmux
[    0.293595] pinctrl core: registered pin 15 (SDMMC3_DAT0 PB7) on 70000868.pinmux
[    0.293604] pinctrl core: registered pin 16 (UART3_RTS_N PC0) on 70000868.pinmux
[    0.293612] pinctrl core: registered pin 18 (UART2_TXD PC2) on 70000868.pinmux
[    0.293622] pinctrl core: registered pin 19 (UART2_RXD PC3) on 70000868.pinmux
[    0.293630] pinctrl core: registered pin 20 (GEN1_I2C_SCL PC4) on 70000868.pinmux
[    0.293639] pinctrl core: registered pin 21 (GEN1_I2C_SDA PC5) on 70000868.pinmux
[    0.293647] pinctrl core: registered pin 23 (PC7) on 70000868.pinmux
[    0.293656] pinctrl core: registered pin 48 (PG0) on 70000868.pinmux
[    0.293664] pinctrl core: registered pin 49 (PG1) on 70000868.pinmux
[    0.293672] pinctrl core: registered pin 50 (PG2) on 70000868.pinmux
[    0.293680] pinctrl core: registered pin 51 (PG3) on 70000868.pinmux
[    0.293688] pinctrl core: registered pin 52 (PG4) on 70000868.pinmux
[    0.293696] pinctrl core: registered pin 53 (PG5) on 70000868.pinmux
[    0.293704] pinctrl core: registered pin 54 (PG6) on 70000868.pinmux
[    0.293712] pinctrl core: registered pin 55 (PG7) on 70000868.pinmux
[    0.293720] pinctrl core: registered pin 56 (PH0) on 70000868.pinmux
[    0.293728] pinctrl core: registered pin 57 (PH1) on 70000868.pinmux
[    0.293736] pinctrl core: registered pin 58 (PH2) on 70000868.pinmux
[    0.293744] pinctrl core: registered pin 59 (PH3) on 70000868.pinmux
[    0.293752] pinctrl core: registered pin 60 (PH4) on 70000868.pinmux
[    0.293760] pinctrl core: registered pin 61 (PH5) on 70000868.pinmux
[    0.293768] pinctrl core: registered pin 62 (PH6) on 70000868.pinmux
[    0.293776] pinctrl core: registered pin 63 (PH7) on 70000868.pinmux
[    0.293790] pinctrl core: registered pin 64 (PI0) on 70000868.pinmux
[    0.293799] pinctrl core: registered pin 65 (PI1) on 70000868.pinmux
[    0.293807] pinctrl core: registered pin 66 (PI2) on 70000868.pinmux
[    0.293815] pinctrl core: registered pin 67 (PI3) on 70000868.pinmux
[    0.293823] pinctrl core: registered pin 68 (PI4) on 70000868.pinmux
[    0.293831] pinctrl core: registered pin 69 (PI5) on 70000868.pinmux
[    0.293839] pinctrl core: registered pin 70 (PI6) on 70000868.pinmux
[    0.293848] pinctrl core: registered pin 71 (PI7) on 70000868.pinmux
[    0.293855] pinctrl core: registered pin 72 (PJ0) on 70000868.pinmux
[    0.293863] pinctrl core: registered pin 74 (PJ2) on 70000868.pinmux
[    0.293872] pinctrl core: registered pin 77 (UART2_CTS_N PJ5) on 70000868.pinmux
[    0.293889] pinctrl core: registered pin 78 (UART2_RTS_N PJ6) on 70000868.pinmux
[    0.293897] pinctrl core: registered pin 79 (PJ7) on 70000868.pinmux
[    0.293905] pinctrl core: registered pin 80 (PK0) on 70000868.pinmux
[    0.293913] pinctrl core: registered pin 81 (PK1) on 70000868.pinmux
[    0.293921] pinctrl core: registered pin 82 (PK2) on 70000868.pinmux
[    0.293929] pinctrl core: registered pin 83 (PK3) on 70000868.pinmux
[    0.293937] pinctrl core: registered pin 84 (PK4) on 70000868.pinmux
[    0.293945] pinctrl core: registered pin 85 (SPDIF_OUT PK5) on 70000868.pinmux
[    0.293954] pinctrl core: registered pin 86 (SPDIF_IN PK6) on 70000868.pinmux
[    0.293962] pinctrl core: registered pin 87 (PK7) on 70000868.pinmux
[    0.293971] pinctrl core: registered pin 104 (DAP1_FS PN0) on 70000868.pinmux
[    0.293979] pinctrl core: registered pin 105 (DAP1_DIN PN1) on 70000868.pinmux
[    0.293987] pinctrl core: registered pin 106 (DAP1_DOUT PN2) on 70000868.pinmux
[    0.293996] pinctrl core: registered pin 107 (DAP1_SCLK PN3) on 70000868.pinmux
[    0.294004] pinctrl core: registered pin 108 (USB_VBUS_EN0 PN4) on 70000868.pinmux
[    0.294013] pinctrl core: registered pin 109 (USB_VBUS_EN1 PN5) on 70000868.pinmux
[    0.294022] pinctrl core: registered pin 111 (HDMI_INT PN7) on 70000868.pinmux
[    0.294031] pinctrl core: registered pin 112 (ULPI_DATA7 PO0) on 70000868.pinmux
[    0.294039] pinctrl core: registered pin 113 (ULPI_DATA0 PO1) on 70000868.pinmux
[    0.294048] pinctrl core: registered pin 114 (ULPI_DATA1 PO2) on 70000868.pinmux
[    0.294056] pinctrl core: registered pin 115 (ULPI_DATA2 PO3) on 70000868.pinmux
[    0.294064] pinctrl core: registered pin 116 (ULPI_DATA3 PO4) on 70000868.pinmux
[    0.294073] pinctrl core: registered pin 117 (ULPI_DATA4 PO5) on 70000868.pinmux
[    0.294081] pinctrl core: registered pin 118 (ULPI_DATA5 PO6) on 70000868.pinmux
[    0.294089] pinctrl core: registered pin 119 (ULPI_DATA6 PO7) on 70000868.pinmux
[    0.294098] pinctrl core: registered pin 120 (DAP3_FS PP0) on 70000868.pinmux
[    0.294106] pinctrl core: registered pin 121 (DAP3_DIN PP1) on 70000868.pinmux
[    0.294114] pinctrl core: registered pin 122 (DAP3_DOUT PP2) on 70000868.pinmux
[    0.294122] pinctrl core: registered pin 123 (DAP3_SCLK PP3) on 70000868.pinmux
[    0.294131] pinctrl core: registered pin 124 (DAP4_FS PP4) on 70000868.pinmux
[    0.294139] pinctrl core: registered pin 125 (DAP4_DIN PP5) on 70000868.pinmux
[    0.294148] pinctrl core: registered pin 126 (DAP4_DOUT PP6) on 70000868.pinmux
[    0.294222] pinctrl core: registered pin 127 (DAP4_SCLK PP7) on 70000868.pinmux
[    0.294234] pinctrl core: registered pin 128 (KB_COL0 PQ0) on 70000868.pinmux
[    0.294243] pinctrl core: registered pin 129 (KB_COL1 PQ1) on 70000868.pinmux
[    0.294252] pinctrl core: registered pin 130 (KB_COL2 PQ2) on 70000868.pinmux
[    0.294260] pinctrl core: registered pin 131 (KB_COL3 PQ3) on 70000868.pinmux
[    0.294268] pinctrl core: registered pin 132 (KB_COL4 PQ4) on 70000868.pinmux
[    0.294276] pinctrl core: registered pin 133 (KB_COL5 PQ5) on 70000868.pinmux
[    0.294284] pinctrl core: registered pin 134 (KB_COL6 PQ6) on 70000868.pinmux
[    0.294293] pinctrl core: registered pin 135 (KB_COL7 PQ7) on 70000868.pinmux
[    0.294301] pinctrl core: registered pin 136 (KB_ROW0 PR0) on 70000868.pinmux
[    0.294309] pinctrl core: registered pin 137 (KB_ROW1 PR1) on 70000868.pinmux
[    0.294318] pinctrl core: registered pin 138 (KB_ROW2 PR2) on 70000868.pinmux
[    0.294326] pinctrl core: registered pin 139 (KB_ROW3 PR3) on 70000868.pinmux
[    0.294335] pinctrl core: registered pin 140 (KB_ROW4 PR4) on 70000868.pinmux
[    0.294343] pinctrl core: registered pin 141 (KB_ROW5 PR5) on 70000868.pinmux
[    0.294352] pinctrl core: registered pin 142 (KB_ROW6 PR6) on 70000868.pinmux
[    0.294361] pinctrl core: registered pin 143 (KB_ROW7 PR7) on 70000868.pinmux
[    0.294369] pinctrl core: registered pin 144 (KB_ROW8 PS0) on 70000868.pinmux
[    0.294377] pinctrl core: registered pin 145 (KB_ROW9 PS1) on 70000868.pinmux
[    0.294386] pinctrl core: registered pin 146 (KB_ROW10 PS2) on 70000868.pinmux
[    0.294394] pinctrl core: registered pin 147 (KB_ROW11 PS3) on 70000868.pinmux
[    0.294402] pinctrl core: registered pin 148 (KB_ROW12 PS4) on 70000868.pinmux
[    0.294410] pinctrl core: registered pin 149 (KB_ROW13 PS5) on 70000868.pinmux
[    0.294419] pinctrl core: registered pin 150 (KB_ROW14 PS6) on 70000868.pinmux
[    0.294427] pinctrl core: registered pin 151 (KB_ROW15 PS7) on 70000868.pinmux
[    0.294435] pinctrl core: registered pin 152 (KB_ROW16 PT0) on 70000868.pinmux
[    0.294444] pinctrl core: registered pin 153 (KB_ROW17 PT1) on 70000868.pinmux
[    0.294452] pinctrl core: registered pin 157 (GEN2_I2C_SCL PT5) on 70000868.pinmux
[    0.294461] pinctrl core: registered pin 158 (GEN2_I2C_SDA PT6) on 70000868.pinmux
[    0.294469] pinctrl core: registered pin 159 (SDMMC4_CMD PT7) on 70000868.pinmux
[    0.294478] pinctrl core: registered pin 160 (PU0) on 70000868.pinmux
[    0.294494] pinctrl core: registered pin 161 (PU1) on 70000868.pinmux
[    0.294503] pinctrl core: registered pin 162 (PU2) on 70000868.pinmux
[    0.294511] pinctrl core: registered pin 163 (PU3) on 70000868.pinmux
[    0.294519] pinctrl core: registered pin 164 (PU4) on 70000868.pinmux
[    0.294528] pinctrl core: registered pin 165 (PU5) on 70000868.pinmux
[    0.294536] pinctrl core: registered pin 166 (PU6) on 70000868.pinmux
[    0.294544] pinctrl core: registered pin 168 (PV0) on 70000868.pinmux
[    0.294552] pinctrl core: registered pin 169 (PV1) on 70000868.pinmux
[    0.294560] pinctrl core: registered pin 170 (SDMMC3_CD_N PV2) on 70000868.pinmux
[    0.294569] pinctrl core: registered pin 171 (SDMMC1_WP_N PV3) on 70000868.pinmux
[    0.294577] pinctrl core: registered pin 172 (DDC_SCL PV4) on 70000868.pinmux
[    0.294585] pinctrl core: registered pin 173 (DDC_SDA PV5) on 70000868.pinmux
[    0.294594] pinctrl core: registered pin 178 (GPIO_W2_AUD PW2) on 70000868.pinmux
[    0.294602] pinctrl core: registered pin 179 (GPIO_W3_AUD PW3) on 70000868.pinmux
[    0.294611] pinctrl core: registered pin 180 (DAP_MCLK1 PW4) on 70000868.pinmux
[    0.294619] pinctrl core: registered pin 181 (CLK2_OUT PW5) on 70000868.pinmux
[    0.294628] pinctrl core: registered pin 182 (UART3_TXD PW6) on 70000868.pinmux
[    0.294637] pinctrl core: registered pin 183 (UART3_RXD PW7) on 70000868.pinmux
[    0.294645] pinctrl core: registered pin 184 (DVFS_PWM PX0) on 70000868.pinmux
[    0.294653] pinctrl core: registered pin 185 (GPIO_X1_AUD PX1) on 70000868.pinmux
[    0.294662] pinctrl core: registered pin 186 (DVFS_CLK PX2) on 70000868.pinmux
[    0.294670] pinctrl core: registered pin 187 (GPIO_X3_AUD PX3) on 70000868.pinmux
[    0.294678] pinctrl core: registered pin 188 (GPIO_X4_AUD PX4) on 70000868.pinmux
[    0.294687] pinctrl core: registered pin 189 (GPIO_X5_AUD PX5) on 70000868.pinmux
[    0.294695] pinctrl core: registered pin 190 (GPIO_X6_AUD PX6) on 70000868.pinmux
[    0.294703] pinctrl core: registered pin 191 (GPIO_X7_AUD PX7) on 70000868.pinmux
[    0.294714] pinctrl core: registered pin 192 (ULPI_CLK PY0) on 70000868.pinmux
[    0.294723] pinctrl core: registered pin 193 (ULPI_DIR PY1) on 70000868.pinmux
[    0.294731] pinctrl core: registered pin 194 (ULPI_NXT PY2) on 70000868.pinmux
[    0.294740] pinctrl core: registered pin 195 (ULPI_STP PY3) on 70000868.pinmux
[    0.294748] pinctrl core: registered pin 196 (SDMMC1_DAT3 PY4) on 70000868.pinmux
[    0.294757] pinctrl core: registered pin 197 (SDMMC1_DAT2 PY5) on 70000868.pinmux
[    0.294766] pinctrl core: registered pin 198 (SDMMC1_DAT1 PY6) on 70000868.pinmux
[    0.294775] pinctrl core: registered pin 199 (SDMMC1_DAT0 PY7) on 70000868.pinmux
[    0.294783] pinctrl core: registered pin 200 (SDMMC1_CLK PZ0) on 70000868.pinmux
[    0.294791] pinctrl core: registered pin 201 (SDMMC1_CMD PZ1) on 70000868.pinmux
[    0.294800] pinctrl core: registered pin 206 (PWR_I2C_SCL PZ6) on 70000868.pinmux
[    0.294809] pinctrl core: registered pin 207 (PWR_I2C_SDA PZ7) on 70000868.pinmux
[    0.294817] pinctrl core: registered pin 208 (SDMMC4_DAT0 PAA0) on 70000868.pinmux
[    0.294826] pinctrl core: registered pin 209 (SDMMC4_DAT1 PAA1) on 70000868.pinmux
[    0.294834] pinctrl core: registered pin 210 (SDMMC4_DAT2 PAA2) on 70000868.pinmux
[    0.294842] pinctrl core: registered pin 211 (SDMMC4_DAT3 PAA3) on 70000868.pinmux
[    0.294850] pinctrl core: registered pin 212 (SDMMC4_DAT4 PAA4) on 70000868.pinmux
[    0.294858] pinctrl core: registered pin 213 (SDMMC4_DAT5 PAA5) on 70000868.pinmux
[    0.294867] pinctrl core: registered pin 214 (SDMMC4_DAT6 PAA6) on 70000868.pinmux
[    0.294875] pinctrl core: registered pin 215 (SDMMC4_DAT7 PAA7) on 70000868.pinmux
[    0.294883] pinctrl core: registered pin 216 (PBB0) on 70000868.pinmux
[    0.294891] pinctrl core: registered pin 217 (CAM_I2C_SCL PBB1) on 70000868.pinmux
[    0.294901] pinctrl core: registered pin 218 (CAM_I2C_SDA PBB2) on 70000868.pinmux
[    0.294909] pinctrl core: registered pin 219 (PBB3) on 70000868.pinmux
[    0.294917] pinctrl core: registered pin 220 (PBB4) on 70000868.pinmux
[    0.294925] pinctrl core: registered pin 221 (PBB5) on 70000868.pinmux
[    0.294933] pinctrl core: registered pin 222 (PBB6) on 70000868.pinmux
[    0.294941] pinctrl core: registered pin 223 (PBB7) on 70000868.pinmux
[    0.294949] pinctrl core: registered pin 224 (CAM_MCLK PCC0) on 70000868.pinmux
[    0.294958] pinctrl core: registered pin 225 (PCC1) on 70000868.pinmux
[    0.294966] pinctrl core: registered pin 226 (PCC2) on 70000868.pinmux
[    0.294974] pinctrl core: registered pin 228 (SDMMC4_CLK PCC4) on 70000868.pinmux
[    0.294982] pinctrl core: registered pin 229 (CLK2_REQ PCC5) on 70000868.pinmux
[    0.294991] pinctrl core: registered pin 233 (PEX_L0_RST_N PDD1) on 70000868.pinmux
[    0.294999] pinctrl core: registered pin 234 (PEX_L0_CLKREQ_N PDD2) on 70000868.pinmux
[    0.295008] pinctrl core: registered pin 235 (PEX_WAKE_N PDD3) on 70000868.pinmux
[    0.295016] pinctrl core: registered pin 237 (PEX_L1_RST_N PDD5) on 70000868.pinmux
[    0.295032] pinctrl core: registered pin 238 (PEX_L1_CLKREQ_N PDD6) on 70000868.pinmux
[    0.295041] pinctrl core: registered pin 240 (CLK3_OUT PEE0) on 70000868.pinmux
[    0.295049] pinctrl core: registered pin 241 (CLK3_REQ PEE1) on 70000868.pinmux
[    0.295058] pinctrl core: registered pin 242 (DAP_MCLK1_REQ PEE2) on 70000868.pinmux
[    0.295066] pinctrl core: registered pin 243 (HDMI_CEC PEE3) on 70000868.pinmux
[    0.295075] pinctrl core: registered pin 244 (SDMMC3_CLK_LB_OUT PEE4) on 70000868.pinmux
[    0.295083] pinctrl core: registered pin 245 (SDMMC3_CLK_LB_IN PEE5) on 70000868.pinmux
[    0.295091] pinctrl core: registered pin 248 (DP_HPD PFF0) on 70000868.pinmux
[    0.295100] pinctrl core: registered pin 249 (USB_VBUS_EN2 PFF1) on 70000868.pinmux
[    0.295108] pinctrl core: registered pin 250 (PFF2) on 70000868.pinmux
[    0.295117] pinctrl core: registered pin 251 (CORE_PWR_REQ) on 70000868.pinmux
[    0.295125] pinctrl core: registered pin 252 (CPU_PWR_REQ) on 70000868.pinmux
[    0.295133] pinctrl core: registered pin 253 (PWR_INT_N) on 70000868.pinmux
[    0.295142] pinctrl core: registered pin 254 (GMI_CLK_LB) on 70000868.pinmux
[    0.295151] pinctrl core: registered pin 255 (RESET_OUT_N) on 70000868.pinmux
[    0.295169] pinctrl core: registered pin 256 (OWR) on 70000868.pinmux
[    0.295178] pinctrl core: registered pin 257 (CLK_32K_IN) on 70000868.pinmux
[    0.295187] pinctrl core: registered pin 258 (JTAG_RTCK) on 70000868.pinmux
[    0.295195] pinctrl core: registered pin 259 (DSI_B_CLK_P) on 70000868.pinmux
[    0.295204] pinctrl core: registered pin 260 (DSI_B_CLK_N) on 70000868.pinmux
[    0.295212] pinctrl core: registered pin 261 (DSI_B_D0_P) on 70000868.pinmux
[    0.295221] pinctrl core: registered pin 262 (DSI_B_D0_N) on 70000868.pinmux
[    0.295229] pinctrl core: registered pin 263 (DSI_B_D1_P) on 70000868.pinmux
[    0.295237] pinctrl core: registered pin 264 (DSI_B_D1_N) on 70000868.pinmux
[    0.295246] pinctrl core: registered pin 265 (DSI_B_D2_P) on 70000868.pinmux
[    0.295254] pinctrl core: registered pin 266 (DSI_B_D2_N) on 70000868.pinmux
[    0.295263] pinctrl core: registered pin 267 (DSI_B_D3_P) on 70000868.pinmux
[    0.295271] pinctrl core: registered pin 268 (DSI_B_D3_N) on 70000868.pinmux
[    0.301686] tegra-xusb-padctl 7009f000.padctl: try to register 12 pins ...
[    0.301698] pinctrl core: registered pin 0 (otg-0) on 7009f000.padctl
[    0.301710] pinctrl core: registered pin 1 (otg-1) on 7009f000.padctl
[    0.301719] pinctrl core: registered pin 2 (otg-2) on 7009f000.padctl
[    0.301735] pinctrl core: registered pin 3 (ulpi-0) on 7009f000.padctl
[    0.301744] pinctrl core: registered pin 4 (hsic-0) on 7009f000.padctl
[    0.301752] pinctrl core: registered pin 5 (hsic-1) on 7009f000.padctl
[    0.301760] pinctrl core: registered pin 6 (pcie-0) on 7009f000.padctl
[    0.301768] pinctrl core: registered pin 7 (pcie-1) on 7009f000.padctl
[    0.301776] pinctrl core: registered pin 8 (pcie-2) on 7009f000.padctl
[    0.301784] pinctrl core: registered pin 9 (pcie-3) on 7009f000.padctl
[    0.301793] pinctrl core: registered pin 10 (pcie-4) on 7009f000.padctl
[    0.301801] pinctrl core: registered pin 11 (sata-0) on 7009f000.padctl
[    0.301931] tegra-xusb-padctl 7009f000.padctl: request pin 6 (pcie-0) for 7009f000.padctl
[    0.301948] tegra-xusb-padctl 7009f000.padctl: request pin 7 (pcie-1) for 7009f000.padctl
[    0.301962] tegra-xusb-padctl 7009f000.padctl: request pin 8 (pcie-2) for 7009f000.padctl
[    0.301976] tegra-xusb-padctl 7009f000.padctl: request pin 9 (pcie-3) for 7009f000.padctl
[    0.301989] tegra-xusb-padctl 7009f000.padctl: request pin 10 (pcie-4) for 7009f000.padctl
[    0.302002] tegra-xusb-padctl 7009f000.padctl: request pin 11 (sata-0) for 7009f000.padctl
[    0.303722] tegra-pcie 1003000.pcie-controller: 2x1, 1x1 configuration
[    0.303773] tegra-pcie 1003000.pcie-controller: Failed to get supply 'avddio-pex': -517
[    0.315174] tegra-apbdma 60020000.dma: Tegra20 APB DMA driver register 32 channels
[    0.316093] tegra-pmc 7000e400.pmc: emergency thermal reset enabled
[    0.316897] Serial: 8250/16550 driver, 4 ports, IRQ sharing disabled
[    0.320636] console [ttyS0] disabled
[    0.320692] 70006300.serial: ttyS0 at MMIO 0x70006300 (irq = 331, base_baud = 25500000) is a Tegra
[    2.692254] console [ttyS0] enabled
[    2.698642] [drm] Initialized drm 1.1.0 20060810
[    2.704785] tegra-hdmi 54280000.hdmi: failed to get HDMI regulator
[    2.726457] loop: module loaded
[    2.730197] at24 0-0056: 256 byte 24c02 EEPROM, writable, 8 bytes/write
[    2.737658] as3722 4-0040: AS3722 with revision 0x1 found
[    2.744759] as3722-pinctrl as3722-pinctrl: try to register 8 pins ...
[    2.751194] pinctrl core: registered pin 0 (gpio0) on as3722-pinctrl
[    2.757565] pinctrl core: registered pin 1 (gpio1) on as3722-pinctrl
[    2.763910] pinctrl core: registered pin 2 (gpio2) on as3722-pinctrl
[    2.770271] pinctrl core: registered pin 3 (gpio3) on as3722-pinctrl
[    2.776632] pinctrl core: registered pin 4 (gpio4) on as3722-pinctrl
[    2.782975] pinctrl core: registered pin 5 (gpio5) on as3722-pinctrl
[    2.789335] pinctrl core: registered pin 6 (gpio6) on as3722-pinctrl
[    2.795693] pinctrl core: registered pin 7 (gpio7) on as3722-pinctrl
[    2.802204] as3722-pinctrl as3722-pinctrl: request pin 0 (gpio0) for as3722-pinctrl
[    2.810059] as3722-pinctrl as3722-pinctrl: request pin 1 (gpio1) for as3722-pinctrl
[    2.817908] as3722-pinctrl as3722-pinctrl: request pin 2 (gpio2) for as3722-pinctrl
[    2.825756] as3722-pinctrl as3722-pinctrl: request pin 4 (gpio4) for as3722-pinctrl
[    2.833582] as3722-pinctrl as3722-pinctrl: request pin 7 (gpio7) for as3722-pinctrl
[    2.861503] +5V_SYS: supplied by +VDD_MUX
[    2.865604] +1.05V_RUN: supplied by +5V_SYS
[    2.869947] tegra-ahci 70027000.sata: Failed to get supply 'hvdd': -517
[    2.876629] tegra-ahci 70027000.sata: Failed to get regulators
[    2.885398] m25p80 spi32765.0: w25q32dw (4096 Kbytes)
[    2.893834] CAN device driver interface
[    2.897840] igb: Intel(R) Gigabit Ethernet Network Driver - version 5.2.15-k
[    2.904920] igb: Copyright (c) 2007-2014 Intel Corporation.
[    2.910854] pegasus: v0.9.3 (2013/04/25), Pegasus/Pegasus II USB Ethernet driver
[    2.918432] usbcore: registered new interface driver pegasus
[    2.924316] usbcore: registered new interface driver asix
[    2.929852] usbcore: registered new interface driver ax88179_178a
[    2.936118] usbcore: registered new interface driver cdc_ether
[    2.942124] usbcore: registered new interface driver smsc75xx
[    2.948065] usbcore: registered new interface driver smsc95xx
[    2.953934] usbcore: registered new interface driver net1080
[    2.959749] usbcore: registered new interface driver cdc_subset
[    2.965828] usbcore: registered new interface driver zaurus
[    2.971589] usbcore: registered new interface driver cdc_ncm
[    2.977581] tegra-phy 7d004000.usb-phy: no vbus regulator
[    2.983572] ehci_hcd: USB 2.0 'Enhanced' Host Controller (EHCI) Driver
[    2.990121] ehci-pci: EHCI PCI platform driver
[    2.994712] tegra-ehci: Tegra EHCI driver
[    2.999081] tegra-ehci 7d004000.usb: EHCI Host Controller
[    3.004540] tegra-ehci 7d004000.usb: new USB bus registered, assigned bus number 1
[    3.012403] tegra-ehci 7d004000.usb: irq 347, io mem 0x7d004000
[    3.034195] tegra-ehci 7d004000.usb: USB 2.0 started, EHCI 1.10
[    3.041807] hub 1-0:1.0: USB hub found
[    3.045665] hub 1-0:1.0: 1 port detected
[    3.050918] usbcore: registered new interface driver cdc_acm
[    3.056623] cdc_acm: USB Abstract Control Model driver for USB modems and ISDN adapters
[    3.064798] usbcore: registered new interface driver cdc_wdm
[    3.070648] usbcore: registered new interface driver usb-storage
[    3.077442] mousedev: PS/2 mouse device common for all mice
[    3.086666] as3722-rtc as3722-rtc: rtc core: registered as3722-rtc as rtc0
[    3.093535] as3722-rtc as3722-rtc: RTC interrupt 366
[    3.101703] tegra_rtc 7000e000.rtc: rtc core: registered 7000e000.rtc as rtc1
[    3.108938] tegra_rtc 7000e000.rtc: Tegra internal Real Time Clock
[    3.115543] i2c /dev entries driver
[    3.121371] usbcore: registered new interface driver uvcvideo
[    3.127127] USB Video Class driver (1.1.1)
[    3.131223] gspca_main: v2.14.0 registered
[    3.136195] 0-004c supply vcc not found, using dummy regulator
[    3.144840] sdhci: Secure Digital Host Controller Interface driver
[    3.151011] sdhci: Copyright(c) Pierre Ossman
[    3.155391] sdhci-pltfm: SDHCI platform and OF driver helper
[    3.161364] tegra124-pinctrl 70000868.pinmux: request pin 170 (SDMMC3_CD_N PV2) for Tegra GPIOs:170
[    3.170422] sdhci-tegra 700b0400.sdhci: Got CD GPIO
[    3.175327] tegra124-pinctrl 70000868.pinmux: request pin 132 (KB_COL4 PQ4) for Tegra GPIOs:132
[    3.184015] sdhci-tegra 700b0400.sdhci: Got WP GPIO
[    3.188932] tegra124-pinctrl 70000868.pinmux: request pin 136 (KB_ROW0 PR0) for Tegra GPIOs:136
[    3.197656] mmc0: Unknown controller version (3). You may experience problems.
[    3.204989] as3722-regulator as3722-regulator: Failed to resolve vin-ldo1-6-supply for as3722-ldo6
[    3.213937] sdhci-tegra 700b0400.sdhci: No vmmc regulator found
[    3.220093] mmc0: Unknown controller version (3). You may experience problems.
[    3.227394] sdhci-tegra 700b0600.sdhci: No vmmc regulator found
[    3.233305] sdhci-tegra 700b0600.sdhci: No vqmmc regulator found
[    3.239323] mmc0: Invalid maximum block size, assuming 512 bytes
[    3.284196] mmc0: SDHCI controller on 700b0600.sdhci [700b0600.sdhci] using ADMA 64-bit
[    3.293380] usbcore: registered new interface driver usbhid
[    3.298984] usbhid: USB HID core driver
[    3.338207] mmc0: MAN_BKOPS_EN bit is not set
[    3.345857] mmc0: new high speed MMC card at address 0001
[    3.352022] mmcblk0: mmc0:0001 SEM16G 14.6 GiB 
[    3.356838] mmcblk0boot0: mmc0:0001 SEM16G partition 1 4.00 MiB
[    3.362994] mmcblk0boot1: mmc0:0001 SEM16G partition 2 4.00 MiB
[    3.369141] mmcblk0rpmb: mmc0:0001 SEM16G partition 3 4.00 MiB
[    3.377469] Primary GPT is invalid, using alternate GPT.
[    3.382801]  mmcblk0: p1 p2 p3 p4 p5 p6 p7 p8 p9
[    3.414198] cfg80211: Calling CRDA to update world regulatory domain
[    3.806053] input: tegra-hda HDMI/DP,pcm=3 as /devices/soc0/70030000.hda/sound/card0/input0
[    4.015698] tegra124-pinctrl 70000868.pinmux: request pin 138 (KB_ROW2 PR2) for Tegra GPIOs:138
[    4.447515] tegra30-i2s 70301100.i2s: DMA channels sourced from device 70300000.ahub
[    4.463706] tegra124-pinctrl 70000868.pinmux: request pin 143 (KB_ROW7 PR7) for Tegra GPIOs:143
[    4.473210] tegra-snd-rt5640 sound: rt5640-aif1 <-> 70301100.i2s mapping ok
[    4.485048] input: NVIDIA Tegra Jetson TK1 Headphones as /devices/soc0/sound/sound/card1/input1
[    4.495988] NET: Registered protocol family 10
[    4.501933] mip6: Mobile IPv6
[    4.504929] sit: IPv6 over IPv4 tunneling driver
[    4.512505] NET: Registered protocol family 17
[    4.517011] NET: Registered protocol family 15
[    4.521454] can: controller area network core (rev 20120528 abi 9)
[    4.527802] NET: Registered protocol family 29
[    4.532252] can: raw protocol (rev 20120528)
[    4.536544] can: broadcast manager protocol (rev 20120528 t)
[    4.542216] can: netlink gateway (rev 20130117) max_hops=1
[    4.547899] Bluetooth: RFCOMM socket layer initialized
[    4.553047] Bluetooth: RFCOMM ver 1.11
[    4.556836] Bluetooth: BNEP (Ethernet Emulation) ver 1.3
[    4.562153] Bluetooth: BNEP socket layer initialized
[    4.567137] Bluetooth: HIDP (Human Interface Emulation) ver 1.2
[    4.573060] Bluetooth: HIDP socket layer initialized
[    4.579456] Registering SWP/SWPB emulation handler
[    4.586406] as3722-pinctrl as3722-pinctrl: request pin 1 (gpio1) for as3722-gpio:1017
[    4.595305] tegra124-pinctrl 70000868.pinmux: request pin 108 (USB_VBUS_EN0 PN4) for Tegra GPIOs:108
[    4.604991] tegra124-pinctrl 70000868.pinmux: request pin 109 (USB_VBUS_EN1 PN5) for Tegra GPIOs:109
[    4.614919] as3722-pinctrl as3722-pinctrl: request pin 2 (gpio2) for as3722-gpio:1018
[    4.623750] tegra124-pinctrl 70000868.pinmux: request pin 63 (PH7) for Tegra GPIOs:63
[    4.632129] tegra124-pinctrl 70000868.pinmux: request pin 86 (SPDIF_IN PK6) for Tegra GPIOs:86
[    4.641283] tegra124-pinctrl 70000868.pinmux: request pin 242 (DAP_MCLK1_REQ PEE2) for Tegra GPIOs:242
[    4.651372] tegra-pcie 1003000.pcie-controller: 2x1, 1x1 configuration
[    4.658260] +3.3V_SYS: supplied by +VDD_MUX
[    4.662508] +3.3V_LP0: supplied by +3.3V_SYS
[    4.667161] +1.35V_LP0(sd2): supplied by +5V_SYS
[    4.671851] +1.05V_RUN_AVDD: supplied by +1.35V_LP0(sd2)
[    4.678643] tegra-pcie 1003000.pcie-controller: probing port 0, using 2 lanes
[    4.687906] tegra-pcie 1003000.pcie-controller: Slot present pin change, signature: 00000008
[    5.115769] tegra-pcie 1003000.pcie-controller: link 0 down, retrying
[    5.544112] tegra-pcie 1003000.pcie-controller: link 0 down, retrying
[    5.972507] tegra-pcie 1003000.pcie-controller: link 0 down, retrying
[    5.981097] tegra-pcie 1003000.pcie-controller: link 0 down, ignoring
[    5.987596] tegra-pcie 1003000.pcie-controller: probing port 1, using 1 lanes
[    5.996853] tegra-pcie 1003000.pcie-controller: Slot present pin change, signature: 00000000
[    6.424205] tegra-pcie 1003000.pcie-controller: link 1 down, retrying
[    6.574229] cfg80211: Calling CRDA to update world regulatory domain
[    6.855622] tegra-pcie 1003000.pcie-controller: link 1 down, retrying
[    7.283665] tegra-pcie 1003000.pcie-controller: link 1 down, retrying
[    7.292245] tegra-pcie 1003000.pcie-controller: link 1 down, ignoring
[    7.299208] tegra-pcie 1003000.pcie-controller: PCI host bridge to bus 0000:00
[    7.306448] pci_bus 0000:00: root bus resource [mem 0x13000000-0x1fffffff]
[    7.313316] pci_bus 0000:00: root bus resource [mem 0x20000000-0x3fffffff pref]
[    7.320636] pci_bus 0000:00: root bus resource [bus 00-ff]
[    7.326132] pci_bus 0000:00: root bus resource [io  0x1000-0xffff]
[    7.332332] PCI: bus0: Fast back to back transfers enabled
[    7.338202] +5V_HDMI_CON: supplied by +5V_SYS
[    7.342743] +1.05V_RUN_AVDD_HDMI_PLL: supplied by +1.05V_RUN
[    7.348608] +3.3V_RUN: supplied by +3.3V_SYS
[    7.352933] +3.3V_AVDD_HDMI_AP_GATED: supplied by +3.3V_RUN
[    7.358692] tegra124-pinctrl 70000868.pinmux: request pin 111 (HDMI_INT PN7) for Tegra GPIOs:111
[    7.370848] [drm] Supports vblank timestamp caching Rev 2 (21.10.2013).
[    7.377639] [drm] No driver support for vblank timestamp query.
[    7.597336] Console: switching to colour frame buffer device 512x135
[    7.684400] drm drm: fb0:  frame buffer device
[    7.688838] drm drm: registered panic notifier
[    7.714359] [drm] Initialized tegra 0.0.0 20120330 on minor 0
[    7.720897] +5V_SATA: supplied by +5V_SYS
[    7.725124] +12V_SATA: supplied by +VDD_MUX
[    7.730303] tegra-ahci 70027000.sata: AHCI 0001.0301 32 slots 2 ports 3 Gbps 0x1 impl platform mode
[    7.739371] tegra-ahci 70027000.sata: flags: 64bit ncq sntf pm led pio slum part sadm sds apst 
[    7.752030] scsi host0: tegra-ahci
[    7.757614] scsi host1: tegra-ahci
[    7.761816] ata1: SATA max UDMA/133 mmio [mem 0x70027000-0x70028fff] port 0x100 irq 341
[    7.769894] ata2: DUMMY
[    7.772954] +5V_USB_HS: supplied by +5V_SYS
[    7.777989] tegra-ehci 7d008000.usb: EHCI Host Controller
[    7.783458] tegra-ehci 7d008000.usb: new USB bus registered, assigned bus number 2
[    7.791421] tegra-ehci 7d008000.usb: irq 348, io mem 0x7d008000
[    7.814332] tegra-ehci 7d008000.usb: USB 2.0 started, EHCI 1.10
[    7.821996] hub 2-0:1.0: USB hub found
[    7.825886] hub 2-0:1.0: 1 port detected
[    7.831088] tegra124-pinctrl 70000868.pinmux: request pin 170 (SDMMC3_CD_N PV2) for Tegra GPIOs:170
[    7.840178] sdhci-tegra 700b0400.sdhci: Got CD GPIO
[    7.845112] tegra124-pinctrl 70000868.pinmux: request pin 132 (KB_COL4 PQ4) for Tegra GPIOs:132
[    7.853800] sdhci-tegra 700b0400.sdhci: Got WP GPIO
[    7.858759] tegra124-pinctrl 70000868.pinmux: request pin 136 (KB_ROW0 PR0) for Tegra GPIOs:136
[    7.867522] mmc1: Unknown controller version (3). You may experience problems.
[    7.874958] +VDDIO_SDMMC3: supplied by +3.3V_RUN
[    7.879734] sdhci-tegra 700b0400.sdhci: No vmmc regulator found
[    7.885745] mmc1: Invalid maximum block size, assuming 512 bytes
[    7.934886] mmc1: SDHCI controller on 700b0400.sdhci [700b0400.sdhci] using ADMA 64-bit
[    7.943294] tegra124-pinctrl 70000868.pinmux: request pin 128 (KB_COL0 PQ0) for Tegra GPIOs:128
[    7.952805] input: gpio-keys as /devices/soc0/gpio-keys/input/input2
[    7.960492] as3722-rtc as3722-rtc: setting system clock to 2000-02-01 00:00:56 UTC (949363256)
[    7.987691] +USB0_VBUS_SW: disabling
[    7.991285] +1.8V_RUN_VPP_FUSE: disabling
[    7.995794] +2.8V_RUN_CAM_AF: disabling
[    7.999985] +3.3V_RUN_TOUCH: disabling
[    8.004086] +1.05V_RUN_CAM_REAR: disabling
[    8.008603] +1.2V_RUN_CAM_FRONT: disabling
[    8.013050] +2.8V_RUN_CAM: disabling
[    8.016811] +1.8V_RUN_CAM: disabling
[    8.021078] ALSA device list:
[    8.024048]   #0: tegra-hda at 0x70038000 irq 342
[    8.028792]   #1: NVIDIA Tegra Jetson TK1
[    8.114349] ata1: SATA link down (SStatus 0 SControl 300)
[    8.135576] EXT3-fs (mmcblk0p1): error: couldn't mount because of unsupported optional features (240)
[    8.144977] usb 2-1: new high-speed USB device number 2 using tegra-ehci
[    8.145672] EXT2-fs (mmcblk0p1): error: couldn't mount because of unsupported optional features (244)
[    8.166230] EXT4-fs (mmcblk0p1): recovery complete
[    8.171071] EXT4-fs (mmcblk0p1): mounted filesystem with ordered data mode. Opts: (null)
[    8.179289] VFS: Mounted root (ext4 filesystem) on device 179:1.
[    8.190663] devtmpfs: mounted
[    8.193947] Freeing unused kernel memory: 308K (c090f000 - c095c000)
bash: cannot set terminal process group (-1): Inappropriate ioctl for device
bash: no job control in this shell
root@(none):/# 