
U-Boot SPL 2015.04-rc3-00209-ga74ef40 (Mar 16 2015 - 14:43:39)


U-Boot 2015.04-rc3-00209-ga74ef40 (Mar 16 2015 - 14:43:39)

TEGRA20
Model: Compulab TrimSlice board
DRAM:  1 GiB
MMC:   Tegra SD/MMC: 0, Tegra SD/MMC: 1
SF: Detected W25Q80BL with page size 256 Bytes, erase size 4 KiB, total 1 MiB
tegra-pcie: PCI regions:
tegra-pcie:   I/O: 0x82000000-0x82010000
tegra-pcie:   non-prefetchable memory: 0xa0000000-0xa8000000
tegra-pcie:   prefetchable memory: 0xa8000000-0xc0000000
tegra-pcie: dual-mode configuration
tegra-pcie: probing port 0, using 2 lanes
In:    serial
Out:   serial
Err:   serial
Net:   RTL8169#0
Hit any key to stop autoboot:  2  1  0 
Tegra20 (TrimSlice) # 
Tegra20 (TrimSlice) # usb reset
resetting USB...
USB0:   USB EHCI 1.00
scanning bus 0 for devices... 3 USB Device(s) found
USB1:   USB EHCI 1.00
scanning bus 1 for devices... 1 USB Device(s) found
USB2:   lowlevel init failed
       scanning usb for storage devices... 0 Storage Device(s) found
       scanning usb for ethernet devices... 
Warning: asx0 using MAC address from net device
1 Ethernet Device(s) found
Tegra20 (TrimSlice) # setenv bootargs 'ignore_loglevel console=ttyS0,115200n8 rw root=PARTUUID=11eb23c1-01 rootwait gpt debug noinitrd earlyprintk init=/bin/bash'
Tegra20 (TrimSlice) # setenv ipaddr 192.168.100.103; setenv serverip 192.168.100.1; setenv tftpserverip 192.168.100.1
Tegra20 (TrimSlice) # tftpboot 0x00408000 zImage.multi_v7_defconfig
Using RTL8169#0 device
TFTP from server 192.168.100.1; our IP address is 192.168.100.103
Filename 'zImage.multi_v7_defconfig'.
Load address: 0x408000
Loading: *#################################################################
	 #################################################################
	 #################################################################
	 #################################################################
	 #################################################################
	 #################################################################
	 #################################################################
	 ############################
	 4.1 MiB/s
done
Bytes transferred = 7076736 (6bfb80 hex)
Tegra20 (TrimSlice) # tftpboot 0x02408000 tegra20-trimslice.dtb
Using RTL8169#0 device
TFTP from server 192.168.100.1; our IP address is 192.168.100.103
Filename 'tegra20-trimslice.dtb'.
Load address: 0x2408000
Loading: *##
	 4 MiB/s
done
Bytes transferred = 21172 (52b4 hex)
Tegra20 (TrimSlice) # bootz 0x00408000 - 0x02408000
Kernel image @ 0x408000 [ 0x000000 - 0x6bfb80 ]
## Flattened Device Tree blob at 02408000
   Booting using the fdt blob at 0x2408000
   Using Device Tree in place at 02408000, end 024102b3

Starting kernel ...

[    0.000000] Booting Linux on physical CPU 0x0
[    0.000000] Linux version 4.6.0-rc7-next-20160516-94924-gb0dc27a (pwalmsley@sellafield) (gcc version 4.7.3 20130328 (prerelease) (crosstool-NG linaro-1.13.1-4.7-2013.04-20130415 - Linaro GCC 2013.04) ) #1 SMP Mon May 16 02:58:48 PDT 2016
[    0.000000] CPU: ARMv7 Processor [411fc090] revision 0 (ARMv7), cr=10c5387d
[    0.000000] CPU: PIPT / VIPT nonaliasing data cache, VIPT aliasing instruction cache
[    0.000000] Machine model: Compulab TrimSlice board
[    0.000000] debug: ignoring loglevel setting.
[    0.000000] cma: Reserved 64 MiB at 0x3c000000
[    0.000000] Memory policy: Data cache writealloc
[    0.000000] On node 0 totalpages: 262144
[    0.000000] free_area_init_node: node 0, pgdat c141bb40, node_mem_map ef7f8000
[    0.000000]   DMA zone: 1536 pages used for memmap
[    0.000000]   DMA zone: 0 pages reserved
[    0.000000]   DMA zone: 196608 pages, LIFO batch:31
[    0.000000]   HighMem zone: 65536 pages, LIFO batch:15
[    0.000000] percpu: Embedded 13 pages/cpu @ef7c9000 s23808 r8192 d21248 u53248
[    0.000000] pcpu-alloc: s23808 r8192 d21248 u53248 alloc=13*4096
[    0.000000] pcpu-alloc: [0] 0 [0] 1 
[    0.000000] Built 1 zonelists in Zone order, mobility grouping on.  Total pages: 260608
[    0.000000] Kernel command line: ignore_loglevel console=ttyS0,115200n8 rw root=PARTUUID=11eb23c1-01 rootwait gpt debug noinitrd earlyprintk init=/bin/bash
[    0.000000] PID hash table entries: 4096 (order: 2, 16384 bytes)
[    0.000000] Dentry cache hash table entries: 131072 (order: 7, 524288 bytes)
[    0.000000] Inode-cache hash table entries: 65536 (order: 6, 262144 bytes)
[    0.000000] Memory: 955932K/1048576K available (9529K kernel code, 1142K rwdata, 4216K rodata, 2048K init, 343K bss, 27108K reserved, 65536K cma-reserved, 196608K highmem)
[    0.000000] Virtual kernel memory layout:
[    0.000000]     vector  : 0xffff0000 - 0xffff1000   (   4 kB)
[    0.000000]     fixmap  : 0xffc00000 - 0xfff00000   (3072 kB)
[    0.000000]     vmalloc : 0xf0800000 - 0xff800000   ( 240 MB)
[    0.000000]     lowmem  : 0xc0000000 - 0xf0000000   ( 768 MB)
[    0.000000]     pkmap   : 0xbfe00000 - 0xc0000000   (   2 MB)
[    0.000000]     modules : 0xbf000000 - 0xbfe00000   (  14 MB)
[    0.000000]       .text : 0xc0208000 - 0xc106c518   (14738 kB)
[    0.000000]       .init : 0xc1100000 - 0xc1300000   (2048 kB)
[    0.000000]       .data : 0xc1300000 - 0xc141dba0   (1143 kB)
[    0.000000]        .bss : 0xc141f000 - 0xc1474ca0   ( 344 kB)
[    0.000000] SLUB: HWalign=64, Order=0-3, MinObjects=0, CPUs=2, Nodes=1
[    0.000000] Hierarchical RCU implementation.
[    0.000000] 	Build-time adjustment of leaf fanout to 32.
[    0.000000] 	RCU restricting CPUs from NR_CPUS=16 to nr_cpu_ids=2.
[    0.000000] RCU: Adjusting geometry for rcu_fanout_leaf=32, nr_cpu_ids=2
[    0.000000] NR_IRQS:16 nr_irqs:16 16
[    0.000000] /interrupt-controller@60004000: 128 interrupts forwarded to /interrupt-controller@50041000
[    0.000000] L2C: platform modifies aux control register: 0x02080000 -> 0x3e480001
[    0.000000] L2C: DT/platform modifies aux control register: 0x02080000 -> 0x3e480001
[    0.000000] L2C-310 errata 727915 769419 enabled
[    0.000000] L2C-310 enabling early BRESP for Cortex-A9
[    0.000000] L2C-310: enabling full line of zeros but not enabled in Cortex-A9
[    0.000000] L2C-310 ID prefetch enabled, offset 1 lines
[    0.000000] L2C-310 cache controller enabled, 8 ways, 1024 kB
[    0.000000] L2C-310: CACHE_ID 0x410000c4, AUX_CTRL 0x7e480001
[    0.000011] sched_clock: 32 bits at 1000kHz, resolution 1000ns, wraps every 2147483647500ns
[    0.000027] clocksource: timer_us: mask: 0xffffffff max_cycles: 0xffffffff, max_idle_ns: 1911260446275 ns
[    0.000037] Switching to timer-based delay loop, resolution 1000ns
[    0.001614] Console: colour dummy device 80x30
[    0.001636] Calibrating delay loop (skipped), value calculated using timer frequency.. 2.00 BogoMIPS (lpj=5000)
[    0.001646] pid_max: default: 32768 minimum: 301
[    0.001722] Mount-cache hash table entries: 2048 (order: 1, 8192 bytes)
[    0.001731] Mountpoint-cache hash table entries: 2048 (order: 1, 8192 bytes)
[    0.002216] CPU: Testing write buffer coherency: ok
[    0.002399] CPU0: thread -1, cpu 0, socket 0, mpidr 80000000
[    0.002422] Setting up static identity map for 0x300000 - 0x300098
[    0.003866] Tegra Revision: A03 prime SKU: 8 CPU Process: 1 SoC Process: 2
[    0.004888] CPU1: thread -1, cpu 1, socket 0, mpidr 80000001
[    0.004957] Brought up 2 CPUs
[    0.004969] SMP: Total of 2 processors activated (4.00 BogoMIPS).
[    0.004975] CPU: All CPU(s) started in SVC mode.
[    0.005627] devtmpfs: initialized
[    0.009473] VFP support v0.3: implementor 41 architecture 3 part 30 variant 9 rev 1
[    0.009784] clocksource: jiffies: mask: 0xffffffff max_cycles: 0xffffffff, max_idle_ns: 9556302231375000 ns
[    0.012680] pinctrl core: initialized pinctrl subsystem
[    0.013849] NET: Registered protocol family 16
[    0.016034] DMA: preallocated 256 KiB pool for atomic coherent allocations
[    0.029915] cpuidle: using governor menu
[    0.041407] No ATAGs?
[    0.041427] hw-breakpoint: found 5 (+1 reserved) breakpoint and 1 watchpoint registers.
[    0.041434] hw-breakpoint: maximum watchpoint size is 4 bytes.
[    0.044877] Serial: AMBA PL011 UART driver
[    0.068229] usb1_vbus: Failed to request enable GPIO170: -517
[    0.068244] reg-fixed-voltage regulators:regulator@2: Failed to register regulator: -517
[    0.071909] vgaarb: loaded
[    0.072481] SCSI subsystem initialized
[    0.072599] libata version 3.00 loaded.
[    0.072796] usbcore: registered new interface driver usbfs
[    0.072841] usbcore: registered new interface driver hub
[    0.072880] usbcore: registered new device driver usb
[    0.074997] pps_core: LinuxPPS API ver. 1 registered
[    0.075004] pps_core: Software ver. 5.3.6 - Copyright 2005-2007 Rodolfo Giometti <giometti@linux.it>
[    0.075020] PTP clock support registered
[    0.075168] EDAC MC: Ver: 3.0.0
[    0.076940] clocksource: Switched to clocksource timer_us
[    0.084588] NET: Registered protocol family 2
[    0.085035] TCP established hash table entries: 8192 (order: 3, 32768 bytes)
[    0.085105] TCP bind hash table entries: 8192 (order: 4, 65536 bytes)
[    0.085219] TCP: Hash tables configured (established 8192 bind 8192)
[    0.085286] UDP hash table entries: 512 (order: 2, 16384 bytes)
[    0.085333] UDP-Lite hash table entries: 512 (order: 2, 16384 bytes)
[    0.085469] NET: Registered protocol family 1
[    0.085687] RPC: Registered named UNIX socket transport module.
[    0.085694] RPC: Registered udp transport module.
[    0.085700] RPC: Registered tcp transport module.
[    0.085705] RPC: Registered tcp NFSv4.1 backchannel transport module.
[    0.085714] PCI: CLS 0 bytes, default 64
[    0.086507] hw perfevents: enabled with armv7_cortex_a9 PMU driver, 7 counters available
[    0.087472] futex hash table entries: 512 (order: 3, 32768 bytes)
[    0.088030] workingset: timestamp_bits=28 max_order=18 bucket_order=0
[    0.095370] squashfs: version 4.0 (2009/01/31) Phillip Lougher
[    0.095954] NFS: Registering the id_resolver key type
[    0.095986] Key type id_resolver registered
[    0.095991] Key type id_legacy registered
[    0.096023] ntfs: driver 2.1.32 [Flags: R/O].
[    0.096969] bounce: pool size: 64 pages
[    0.097120] Block layer SCSI generic (bsg) driver version 0.4 loaded (major 248)
[    0.097129] io scheduler noop registered
[    0.097135] io scheduler deadline registered
[    0.097161] io scheduler cfq registered (default)
[    0.108531] tegra-pcie 80003000.pcie-controller: dual-mode configuration
[    0.109238] tegra-pcie 80003000.pcie-controller: probing port 0, using 2 lanes
[    0.193145] tegra-pcie 80003000.pcie-controller: PCI host bridge to bus 0000:00
[    0.193158] pci_bus 0000:00: root bus resource [io  0x0000-0xffff]
[    0.193167] pci_bus 0000:00: root bus resource [mem 0xa0000000-0xa7ffffff]
[    0.193176] pci_bus 0000:00: root bus resource [mem 0xa8000000-0xbfffffff pref]
[    0.193184] pci_bus 0000:00: root bus resource [bus 00-ff]
[    0.193216] pci 0000:00:01.0: [10de:0bf0] type 01 class 0x060000
[    0.193274] pci 0000:00:01.0: PME# supported from D0 D1 D2 D3hot D3cold
[    0.193465] PCI: bus0: Fast back to back transfers disabled
[    0.193477] pci 0000:00:01.0: bridge configuration invalid ([bus 00-00]), reconfiguring
[    0.193603] pci 0000:01:00.0: [10ec:8168] type 00 class 0x020000
[    0.193625] pci 0000:01:00.0: reg 0x10: [io  0x0000-0x00ff]
[    0.193647] pci 0000:01:00.0: reg 0x18: [mem 0x00000000-0x00000fff 64bit pref]
[    0.193663] pci 0000:01:00.0: reg 0x20: [mem 0x00000000-0x00003fff 64bit pref]
[    0.193675] pci 0000:01:00.0: reg 0x30: [mem 0x00000000-0x0001ffff pref]
[    0.193751] pci 0000:01:00.0: supports D1 D2
[    0.193759] pci 0000:01:00.0: PME# supported from D0 D1 D2 D3hot D3cold
[    0.201975] PCI: bus1: Fast back to back transfers disabled
[    0.201988] pci_bus 0000:01: busn_res: [bus 01-ff] end is updated to 01
[    0.201999] Disabling cpuidle LP2 state, since PCIe IRQs are in use
[    0.202056] pci 0000:00:01.0: BAR 8: assigned [mem 0xa0000000-0xa00fffff]
[    0.202067] pci 0000:00:01.0: BAR 9: assigned [mem 0xa8000000-0xa80fffff 64bit pref]
[    0.202077] pci 0000:00:01.0: BAR 7: assigned [io  0x1000-0x1fff]
[    0.202089] pci 0000:01:00.0: BAR 6: assigned [mem 0xa0000000-0xa001ffff pref]
[    0.202099] pci 0000:01:00.0: BAR 4: assigned [mem 0xa8000000-0xa8003fff 64bit pref]
[    0.202117] pci 0000:01:00.0: BAR 2: assigned [mem 0xa8004000-0xa8004fff 64bit pref]
[    0.202132] pci 0000:01:00.0: BAR 0: assigned [io  0x1000-0x10ff]
[    0.202143] pci 0000:00:01.0: PCI bridge to [bus 01]
[    0.202151] pci 0000:00:01.0:   bridge window [io  0x1000-0x1fff]
[    0.202160] pci 0000:00:01.0:   bridge window [mem 0xa0000000-0xa00fffff]
[    0.202168] pci 0000:00:01.0:   bridge window [mem 0xa8000000-0xa80fffff 64bit pref]
[    0.202189] pci 0000:00:01.0: nv_msi_ht_cap_quirk didn't locate host bridge
[    0.202257] pcieport 0000:00:01.0: enabling device (0140 -> 0143)
[    0.202405] pcieport 0000:00:01.0: Signaling PME through PCIe PME interrupt
[    0.202414] pci 0000:01:00.0: Signaling PME through PCIe PME interrupt
[    0.202423] pcie_pme 0000:00:01.0:pcie001: service driver pcie_pme loaded
[    0.206130] tegra-apbdma 6000a000.dma: Tegra20 APB DMA driver register 16 channels
[    0.251642] Serial: 8250/16550 driver, 4 ports, IRQ sharing disabled
[    0.253971] console [ttyS0] disabled
[    0.253999] 70006000.serial: ttyS0 at MMIO 0x70006000 (irq = 279, base_baud = 13500000) is a Tegra
[    1.198948] console [ttyS0] enabled
[    1.203069] SuperH (H)SCI(F) driver initialized
[    1.208369] msm_serial: driver initialized
[    1.212620] STMicroelectronics ASC driver initialized
[    1.220322] [drm] Initialized drm 1.1.0 20060810
[    1.227220] 54280000.hdmi supply hdmi not found, using dummy regulator
[    1.236907] [drm] Supports vblank timestamp caching Rev 2 (21.10.2013).
[    1.243527] [drm] No driver support for vblank timestamp query.
[    1.249465] drm drm: No connectors reported connected with modes
[    1.255471] [drm] Cannot find any crtc or sizes - going 1024x768
[    1.277523] Console: switching to colour frame buffer device 128x48
[    1.292215] drm drm: fb0:  frame buffer device
[    1.306951] [drm] Initialized tegra 0.0.0 20120330 on minor 0
[    1.321291] brd: module loaded
[    1.328532] loop: module loaded
[    1.337151] m25p80 spi32766.0: found s25fl008k, expected w25q80bl
[    1.343256] m25p80 spi32766.0: s25fl008k (1024 Kbytes)
[    1.350732] libphy: Fixed MDIO Bus: probed
[    1.355354] CAN device driver interface
[    1.360640] igb: Intel(R) Gigabit Ethernet Network Driver - version 5.3.0-k
[    1.367602] igb: Copyright (c) 2007-2014 Intel Corporation.
[    1.373688] r8169 Gigabit Ethernet driver 2.3LK-NAPI loaded
[    1.379285] r8169 0000:01:00.0: enabling device (0140 -> 0143)
[    1.385866] r8169 0000:01:00.0 eth0: RTL8168d/8111d at 0xf0878000, 00:01:c0:13:7d:63, XID 081000c0 IRQ 296
[    1.395521] r8169 0000:01:00.0 eth0: jumbo features [frames: 9200 bytes, tx checksumming: ko]
[    1.405990] pegasus: v0.9.3 (2013/04/25), Pegasus/Pegasus II USB Ethernet driver
[    1.413443] usbcore: registered new interface driver pegasus
[    1.419145] usbcore: registered new interface driver asix
[    1.424574] usbcore: registered new interface driver ax88179_178a
[    1.430699] usbcore: registered new interface driver cdc_ether
[    1.436575] usbcore: registered new interface driver smsc75xx
[    1.442369] usbcore: registered new interface driver smsc95xx
[    1.448154] usbcore: registered new interface driver net1080
[    1.453844] usbcore: registered new interface driver cdc_subset
[    1.459792] usbcore: registered new interface driver zaurus
[    1.465418] usbcore: registered new interface driver cdc_ncm
[    1.471367] tegra-phy c5004000.usb-phy: no vbus regulator
[    1.477887] tegra-phy c5008000.usb-phy: no vbus regulator
[    1.484684] ehci_hcd: USB 2.0 'Enhanced' Host Controller (EHCI) Driver
[    1.491215] ehci-pci: EHCI PCI platform driver
[    1.495696] ehci-platform: EHCI generic platform driver
[    1.501095] ehci-omap: OMAP-EHCI Host Controller driver
[    1.506428] ehci-orion: EHCI orion driver
[    1.510544] SPEAr-ehci: EHCI SPEAr driver
[    1.514663] ehci-st: EHCI STMicroelectronics driver
[    1.519648] ehci-exynos: EHCI EXYNOS driver
[    1.523958] ehci-atmel: EHCI Atmel driver
[    1.528075] tegra-ehci: Tegra EHCI driver
[    1.532259] ------------[ cut here ]------------
[    1.536877] WARNING: CPU: 0 PID: 1 at drivers/reset/core.c:187 __of_reset_control_get+0x1bc/0x228
[    1.545742] Modules linked in:
[    1.548806] CPU: 0 PID: 1 Comm: swapper/0 Not tainted 4.6.0-rc7-next-20160516-94924-gb0dc27a #1
[    1.557482] Hardware name: NVIDIA Tegra SoC (Flattened Device Tree)
[    1.563758] [<c030f9d0>] (unwind_backtrace) from [<c030b0c8>] (show_stack+0x10/0x14)
[    1.571490] [<c030b0c8>] (show_stack) from [<c05861c8>] (dump_stack+0x84/0xa4)
[    1.578703] [<c05861c8>] (dump_stack) from [<c0341b6c>] (__warn+0xd4/0x100)
[    1.585652] [<c0341b6c>] (__warn) from [<c0341bb8>] (warn_slowpath_null+0x20/0x28)
[    1.593207] [<c0341bb8>] (warn_slowpath_null) from [<c06a0280>] (__of_reset_control_get+0x1bc/0x228)
[    1.602328] [<c06a0280>] (__of_reset_control_get) from [<c0911d14>] (tegra_ehci_probe+0x2d0/0x51c)
[    1.611279] [<c0911d14>] (tegra_ehci_probe) from [<c0778df8>] (platform_drv_probe+0x50/0xb0)
[    1.619703] [<c0778df8>] (platform_drv_probe) from [<c077775c>] (driver_probe_device+0x1f4/0x2b0)
[    1.628559] [<c077775c>] (driver_probe_device) from [<c07778c4>] (__driver_attach+0xac/0xb0)
[    1.636981] [<c07778c4>] (__driver_attach) from [<c0775d70>] (bus_for_each_dev+0x54/0x88)
[    1.645142] [<c0775d70>] (bus_for_each_dev) from [<c0776d50>] (bus_add_driver+0xe8/0x1f4)
[    1.653303] [<c0776d50>] (bus_add_driver) from [<c07780e0>] (driver_register+0x78/0xf4)
[    1.661290] [<c07780e0>] (driver_register) from [<c0301e7c>] (do_one_initcall+0x3c/0x16c)
[    1.669457] [<c0301e7c>] (do_one_initcall) from [<c1100d80>] (kernel_init_freeable+0x120/0x1ec)
[    1.678147] [<c1100d80>] (kernel_init_freeable) from [<c0b5b920>] (kernel_init+0x8/0x118)
[    1.686311] [<c0b5b920>] (kernel_init) from [<c0307fb8>] (ret_from_fork+0x14/0x3c)
[    1.693893] ---[ end trace 5d4094c04fd19b3b ]---
[    1.698512] tegra-ehci c5000000.usb: can't get utmi-pads reset from the PHY
[    1.705468] tegra-ehci c5000000.usb: continuing, but please update your DT
[    1.733145] ulpi_phy_power_on: ulpi write failed
[    1.737766] tegra-ehci c5004000.usb: Failed to power on the phy
[    1.743695] tegra-ehci: probe of c5004000.usb failed with error -110
[    1.752688] tegra-ehci c5008000.usb: EHCI Host Controller
[    1.758103] tegra-ehci c5008000.usb: new USB bus registered, assigned bus number 1
[    1.765913] tegra-ehci c5008000.usb: irq 290, io mem 0xc5008000
[    1.776957] tegra-ehci c5008000.usb: USB 2.0 started, EHCI 1.00
[    1.783501] hub 1-0:1.0: USB hub found
[    1.787286] hub 1-0:1.0: 1 port detected
[    1.791489] ohci_hcd: USB 1.1 'Open' Host Controller (OHCI) Driver
[    1.797679] ohci-pci: OHCI PCI platform driver
[    1.802174] ohci-platform: OHCI generic platform driver
[    1.807560] ohci-omap3: OHCI OMAP3 driver
[    1.811664] SPEAr-ohci: OHCI SPEAr driver
[    1.815780] ohci-st: OHCI STMicroelectronics driver
[    1.820760] ohci-atmel: OHCI Atmel driver
[    1.825355] usbcore: registered new interface driver usb-storage
[    1.832634] mousedev: PS/2 mouse device common for all mice
[    1.840064] rtc-em3027 2-0056: rtc core: registered rtc-em3027 as rtc0
[    1.847766] tegra_rtc 7000e000.rtc: rtc core: registered 7000e000.rtc as rtc1
[    1.854935] tegra_rtc 7000e000.rtc: Tegra internal Real Time Clock
[    1.861516] i2c /dev entries driver
[    1.874072] sdhci: Secure Digital Host Controller Interface driver
[    1.880266] sdhci: Copyright(c) Pierre Ossman
[    1.885817] Synopsys Designware Multimedia Card Interface Driver
[    1.892690] sdhci-pltfm: SDHCI platform and OF driver helper
[    1.899196] mmc0: Invalid maximum block size, assuming 512 bytes
[    1.931959] mmc0: SDHCI controller on c8000000.sdhci [c8000000.sdhci] using ADMA
[    1.939460] sdhci-tegra c8000600.sdhci: Got CD GPIO
[    1.944353] sdhci-tegra c8000600.sdhci: Got WP GPIO
[    1.949390] mmc1: Invalid maximum block size, assuming 512 bytes
[    1.982036] mmc1: SDHCI controller on c8000600.sdhci [c8000600.sdhci] using ADMA
[    1.990620] ledtrig-cpu: registered to indicate activity on CPUs
[    1.997025] usbcore: registered new interface driver usbhid
[    2.002599] usbhid: USB HID core driver
[    2.010813] NET: Registered protocol family 10
[    2.015925] sit: IPv6 over IPv4 tunneling driver
[    2.021027] NET: Registered protocol family 17
[    2.025487] can: controller area network core (rev 20120528 abi 9)
[    2.031723] NET: Registered protocol family 29
[    2.036170] can: raw protocol (rev 20120528)
[    2.040438] can: broadcast manager protocol (rev 20120528 t)
[    2.046099] can: netlink gateway (rev 20130117) max_hops=1
[    2.051916] Key type dns_resolver registered
[    2.056533] ThumbEE CPU extension supported.
[    2.060813] Registering SWP/SWPB emulation handler
[    2.071574] utmi_phy_clk_enable: timeout waiting for phy to stabilize
[    2.078071] tegra-ehci c5000000.usb: EHCI Host Controller
[    2.083515] tegra-ehci c5000000.usb: new USB bus registered, assigned bus number 2
[    2.091414] tegra-ehci c5000000.usb: irq 288, io mem 0xc5000000
[    2.106968] usb 1-1: new high-speed USB device number 2 using tegra-ehci
[    2.120412] mmc0: host does not support reading read-only switch, assuming write-enable
[    2.128456] tegra-ehci c5000000.usb: USB 2.0 started, EHCI 1.00
[    2.134830] mmc0: new high speed SDHC card at address b368
[    2.140820] hub 2-0:1.0: USB hub found
[    2.144601] hub 2-0:1.0: 1 port detected
[    2.148894] mmcblk0: mmc0:b368 NCard 3.70 GiB 
[    2.154177] input: gpio-keys as /devices/soc0/gpio-keys/input/input0
[    2.161090] rtc-em3027 2-0056: hctosys: unable to read the hardware clock
[    2.167973]  mmcblk0: p1
[    2.172467] EXT4-fs (mmcblk0p1): mounting ext3 file system using the ext4 subsystem
[    2.186780] mmc1: new high speed SD card at address b368
[    2.192957] mmcblk1: mmc1:b368 NCard 1.83 GiB (ro)
[    2.200551]  mmcblk1: p1 p2
[    2.258261] hub 1-1:1.0: USB hub found
[    2.262189] hub 1-1:1.0: 4 ports detected
[    2.267974] EXT4-fs (mmcblk0p1): recovery complete
[    2.272805] EXT4-fs (mmcblk0p1): mounted filesystem with ordered data mode. Opts: (null)
[    2.280944] VFS: Mounted root (ext3 filesystem) on device 179:1.
[    2.290523] devtmpfs: mounted
[    2.296114] Freeing unused kernel memory: 2048K (c1100000 - c1300000)
bash: cannot set terminal process group (-1): Inappropriate ioctl for device
bash: no job control in this shell
[    2.572044] usb 1-1.2: new high-speed USB device number 3 using tegra-ehci
root@(none):/# [    3.490345] asix 1-1.2:1.0 eth1: register 'asix' at usb-c5008000.usb-1.2, ASIX AX88772 USB 2.0 Ethernet, 00:60:6e:60:6c:68
mount -t sysfs none /sys
root@(none):/# 
root@(none):/# mount -t debugfs none /sys/kernel/debug
root@(none):/# 
root@(none):/# rtcwake -d rtc1 -m mem -s 3
rtcwake: assuming RTC uses UTC ...
rtcwake: wakeup from "mem" using /dev/rtc1 at Thu Jan  1 00:00:23 1970
[    7.910991] PM: Syncing filesystems ... done.
[    7.957490] Freezing user space processes ... (elapsed 0.001 seconds) done.
[    7.965960] Freezing remaining freezable tasks ... (elapsed 0.001 seconds) done.
[    7.975006] Suspending console(s) (use no_console_suspend to debug)
[    8.010391] PM: suspend of devices complete after 26.425 msecs
[    8.014279] PM: late suspend of devices complete after 3.857 msecs
[    8.032574] PM: noirq suspend of devices complete after 18.264 msecs
[    8.032585] Disabling non-boot CPUs ...
[    8.034371] CPU1: shutdown
[    8.055076] Entering suspend state LP1
[    8.055125] Enabling non-boot CPUs ...
[    8.076148] CPU1 is up
[    8.078760] pcieport 0000:00:01.0: nv_msi_ht_cap_quirk didn't locate host bridge
[    8.092180] PM: noirq resume of devices complete after 15.999 msecs
[    8.095793] PM: early resume of devices complete after 2.893 msecs
[    8.160212] PM: resume of devices complete after 64.385 msecs
[    8.224206] Restarting tasks ... done.
root@(none):/# 
root@(none):/# rtcwake -d rtc1 -m mem -s 3
rtcwake: assuming RTC uses UTC ...
rtcwake: wakeup from "mem" using /dev/rtc1 at Thu Jan  1 00:00:27 1970
[    8.831714] PM: Syncing filesystems ... done.
[    8.877366] Freezing user space processes ... (elapsed 0.001 seconds) done.
[    8.885896] Freezing remaining freezable tasks ... (elapsed 0.001 seconds) done.
[    8.894983] Suspending console(s) (use no_console_suspend to debug)
[    8.929193] PM: suspend of devices complete after 25.266 msecs
[    8.932922] PM: late suspend of devices complete after 3.698 msecs
[    8.947507] PM: noirq suspend of devices complete after 14.554 msecs
[    8.947519] Disabling non-boot CPUs ...
[    8.949311] CPU1: shutdown
[    8.974989] Entering suspend state LP1
[    8.975039] Enabling non-boot CPUs ...
[    8.996079] CPU1 is up
[    8.996904] pcieport 0000:00:01.0: nv_msi_ht_cap_quirk didn't locate host bridge
[    9.012115] PM: noirq resume of devices complete after 16.004 msecs
[    9.015534] PM: early resume of devices complete after 2.890 msecs
[    9.077895] PM: resume of devices complete after 62.327 msecs
[    9.141223] Restarting tasks ... done.
root@(none):/# 
root@(none):/# rtcwake -d rtc1 -m mem -s 3
rtcwake: assuming RTC uses UTC ...
rtcwake: wakeup from "mem" using /dev/rtc1 at Thu Jan  1 00:00:31 1970
[    9.747310] PM: Syncing filesystems ... done.
[    9.780078] Freezing user space processes ... (elapsed 0.001 seconds) done.
[    9.788513] Freezing remaining freezable tasks ... (elapsed 0.001 seconds) done.
[    9.797415] Suspending console(s) (use no_console_suspend to debug)
[    9.833449] PM: suspend of devices complete after 27.907 msecs
[    9.837167] PM: late suspend of devices complete after 3.686 msecs
[    9.852473] PM: noirq suspend of devices complete after 15.275 msecs
[    9.852485] Disabling non-boot CPUs ...
[    9.854328] CPU1: shutdown
[    9.879968] Entering suspend state LP1
[    9.880018] Enabling non-boot CPUs ...
[    9.906105] CPU1 is up
[    9.907153] pcieport 0000:00:01.0: nv_msi_ht_cap_quirk didn't locate host bridge
[    9.922129] PM: noirq resume of devices complete after 15.990 msecs
[    9.925773] PM: early resume of devices complete after 2.941 msecs
[    9.990381] PM: resume of devices complete after 64.575 msecs
[   10.054355] Restarting tasks ... done.
root@(none):/# 
root@(none):/# rtcwake -d rtc1 -m mem -s 3
rtcwake: assuming RTC uses UTC ...
rtcwake: wakeup from "mem" using /dev/rtc1 at Thu Jan  1 00:00:35 1970
[   10.656426] PM: Syncing filesystems ... done.
[   10.701975] Freezing user space processes ... (elapsed 0.001 seconds) done.
[   10.710459] Freezing remaining freezable tasks ... (elapsed 0.001 seconds) done.
[   10.719584] Suspending console(s) (use no_console_suspend to debug)
[   10.753739] PM: suspend of devices complete after 25.251 msecs
[   10.757434] PM: late suspend of devices complete after 3.663 msecs
[   10.772377] PM: noirq suspend of devices complete after 14.912 msecs
[   10.772389] Disabling non-boot CPUs ...
[   10.774307] CPU1: shutdown
[   10.799878] Entering suspend state LP1
[   10.799927] Enabling non-boot CPUs ...
[   10.820949] CPU1 is up
[   10.822291] pcieport 0000:00:01.0: nv_msi_ht_cap_quirk didn't locate host bridge
[   10.837033] PM: noirq resume of devices complete after 16.049 msecs
[   10.840686] PM: early resume of devices complete after 2.920 msecs
[   10.905317] PM: resume of devices complete after 64.598 msecs
[   10.969289] Restarting tasks ... done.
root@(none):/# 
root@(none):/# rtcwake -d rtc1 -m mem -s 3
rtcwake: assuming RTC uses UTC ...
rtcwake: wakeup from "mem" using /dev/rtc1 at Thu Jan  1 00:00:39 1970
[   11.572271] PM: Syncing filesystems ... done.
[   11.605043] Freezing user space processes ... (elapsed 0.001 seconds) done.
[   11.613474] Freezing remaining freezable tasks ... (elapsed 0.001 seconds) done.
[   11.622373] Suspending console(s) (use no_console_suspend to debug)
[   11.654458] PM: suspend of devices complete after 23.977 msecs
[   11.658192] PM: late suspend of devices complete after 3.702 msecs
[   11.672319] PM: noirq suspend of devices complete after 14.097 msecs
[   11.672330] Disabling non-boot CPUs ...
[   11.674089] CPU1: shutdown
[   11.699821] Entering suspend state LP1
[   11.699871] Enabling non-boot CPUs ...
[   11.725916] CPU1 is up
[   11.726975] pcieport 0000:00:01.0: nv_msi_ht_cap_quirk didn't locate host bridge
[   11.741991] PM: noirq resume of devices complete after 16.041 msecs
[   11.745630] PM: early resume of devices complete after 2.920 msecs
[   11.815133] PM: resume of devices complete after 69.470 msecs
[   11.879125] Restarting tasks ... done.
root@(none):/# 
root@(none):/# rtcwake -d rtc1 -m mem -s 3
rtcwake: assuming RTC uses UTC ...
rtcwake: wakeup from "mem" using /dev/rtc1 at Thu Jan  1 00:00:43 1970
[   12.472441] PM: Syncing filesystems ... done.
[   12.505211] Freezing user space processes ... (elapsed 0.001 seconds) done.
[   12.513631] Freezing remaining freezable tasks ... (elapsed 0.001 seconds) done.
[   12.522567] Suspending console(s) (use no_console_suspend to debug)
[   12.559151] PM: suspend of devices complete after 28.474 msecs
[   12.562914] PM: late suspend of devices complete after 3.731 msecs
[   12.577241] PM: noirq suspend of devices complete after 14.297 msecs
[   12.577253] Disabling non-boot CPUs ...
[   12.579173] CPU1: shutdown
[   12.604745] Entering suspend state LP1
[   12.604794] Enabling non-boot CPUs ...
[   12.625816] CPU1 is up
[   12.626815] pcieport 0000:00:01.0: nv_msi_ht_cap_quirk didn't locate host bridge
[   12.641905] PM: noirq resume of devices complete after 16.053 msecs
[   12.645545] PM: early resume of devices complete after 2.912 msecs
[   12.710062] PM: resume of devices complete after 64.483 msecs
[   12.774034] Restarting tasks ... done.
root@(none):/# 
root@(none):/# rtcwake -d rtc1 -m mem -s 3
rtcwake: assuming RTC uses UTC ...
rtcwake: wakeup from "mem" using /dev/rtc1 at Thu Jan  1 00:00:47 1970
[   13.376986] PM: Syncing filesystems ... done.
[   13.409758] Freezing user space processes ... (elapsed 0.001 seconds) done.
[   13.418119] Freezing remaining freezable tasks ... (elapsed 0.001 seconds) done.
[   13.427028] Suspending console(s) (use no_console_suspend to debug)
[   13.454617] PM: suspend of devices complete after 19.475 msecs
[   13.458309] PM: late suspend of devices complete after 3.662 msecs
[   13.477187] PM: noirq suspend of devices complete after 18.846 msecs
[   13.477198] Disabling non-boot CPUs ...
[   13.479081] CPU1: shutdown
[   13.494692] Entering suspend state LP1
[   13.494742] Enabling non-boot CPUs ...
[   13.520832] CPU1 is up
[   13.521934] pcieport 0000:00:01.0: nv_msi_ht_cap_quirk didn't locate host bridge
[   13.536871] PM: noirq resume of devices complete after 16.005 msecs
[   13.540481] PM: early resume of devices complete after 2.894 msecs
[   13.605024] PM: resume of devices complete after 64.510 msecs
[   13.668998] Restarting tasks ... done.
root@(none):/# 
root@(none):/# rtcwake -d rtc1 -m mem -s 3
rtcwake: assuming RTC uses UTC ...
rtcwake: wakeup from "mem" using /dev/rtc1 at Thu Jan  1 00:00:51 1970
[   14.266970] PM: Syncing filesystems ... done.
[   14.299726] Freezing user space processes ... (elapsed 0.001 seconds) done.
[   14.308156] Freezing remaining freezable tasks ... (elapsed 0.001 seconds) done.
[   14.317074] Suspending console(s) (use no_console_suspend to debug)
[   14.344090] PM: suspend of devices complete after 18.900 msecs
[   14.347805] PM: late suspend of devices complete after 3.684 msecs
[   14.362129] PM: noirq suspend of devices complete after 14.292 msecs
[   14.362140] Disabling non-boot CPUs ...
[   14.363987] CPU1: shutdown
[   14.389629] Entering suspend state LP1
[   14.389678] Enabling non-boot CPUs ...
[   14.415672] CPU1 is up
[   14.418213] pcieport 0000:00:01.0: nv_msi_ht_cap_quirk didn't locate host bridge
[   14.431725] PM: noirq resume of devices complete after 16.021 msecs
[   14.435684] PM: early resume of devices complete after 3.253 msecs
[   14.500286] PM: resume of devices complete after 64.568 msecs
[   14.564291] Restarting tasks ... done.
root@(none):/# 
root@(none):/# rtcwake -d rtc1 -m mem -s 3
rtcwake: assuming RTC uses UTC ...
rtcwake: wakeup from "mem" using /dev/rtc1 at Thu Jan  1 00:00:55 1970
[   15.161870] PM: Syncing filesystems ... done.
[   15.194656] Freezing user space processes ... (elapsed 0.001 seconds) done.
[   15.203096] Freezing remaining freezable tasks ... (elapsed 0.001 seconds) done.
[   15.212028] Suspending console(s) (use no_console_suspend to debug)
[   15.244055] PM: suspend of devices complete after 23.912 msecs
[   15.247944] PM: late suspend of devices complete after 3.857 msecs
[   15.262063] PM: noirq suspend of devices complete after 14.089 msecs
[   15.262074] Disabling non-boot CPUs ...
[   15.263931] CPU1: shutdown
[   15.289589] Entering suspend state LP1
[   15.289639] Enabling non-boot CPUs ...
[   15.315684] CPU1 is up
[   15.316508] pcieport 0000:00:01.0: nv_msi_ht_cap_quirk didn't locate host bridge
[   15.331695] PM: noirq resume of devices complete after 15.976 msecs
[   15.335393] PM: early resume of devices complete after 2.971 msecs
[   15.399839] PM: resume of devices complete after 64.412 msecs
[   15.463823] Restarting tasks ... done.
root@(none):/# 
root@(none):/# rtcwake -d rtc1 -m mem -s 3
rtcwake: assuming RTC uses UTC ...
rtcwake: wakeup from "mem" using /dev/rtc1 at Thu Jan  1 00:00:59 1970
[   16.062059] PM: Syncing filesystems ... done.
[   16.094851] Freezing user space processes ... (elapsed 0.001 seconds) done.
[   16.103288] Freezing remaining freezable tasks ... (elapsed 0.001 seconds) done.
[   16.112213] Suspending console(s) (use no_console_suspend to debug)
[   16.139518] PM: suspend of devices complete after 19.194 msecs
[   16.143239] PM: late suspend of devices complete after 3.689 msecs
[   16.161999] PM: noirq suspend of devices complete after 18.729 msecs
[   16.162010] Disabling non-boot CPUs ...
[   16.163959] CPU1: shutdown
[   16.179497] Entering suspend state LP1
[   16.179547] Enabling non-boot CPUs ...
[   16.200556] CPU1 is up
[   16.201943] pcieport 0000:00:01.0: nv_msi_ht_cap_quirk didn't locate host bridge
[   16.216637] PM: noirq resume of devices complete after 16.048 msecs
[   16.220044] PM: early resume of devices complete after 2.879 msecs
[   16.282632] PM: resume of devices complete after 62.554 msecs
[   16.346646] Restarting tasks ... done.
root@(none):/# 
root@(none):/# NVTB SYSTEM SUSPEND TEST COMPLETE
