
U-Boot SPL 2014.01-00219-gc4d376f (Feb 18 2014 - 19:57:32)


U-Boot 2014.01-00219-gc4d376f (Feb 18 2014 - 19:57:32)

TEGRA114
Board: NVIDIA Dalmore
I2C:   ready
DRAM:  2 GiB
MMC:   Tegra SD/MMC: 0, Tegra SD/MMC: 1
In:    serial
Out:   serial
Err:   serial
Net:   Net Initialization Skipped
No ethernet found.
Hit any key to stop autoboot:  2  1  0 
Tegra114 (Dalmore) # 
Tegra114 (Dalmore) # usb reset
(Re)start USB...
USB0:   USB EHCI 1.10
scanning bus 0 for devices... 2 USB Device(s) found
       scanning usb for storage devices... 0 Storage Device(s) found
       scanning usb for ethernet devices... 
Warning: asx0 using MAC address from net device
1 Ethernet Device(s) found
Tegra114 (Dalmore) # setenv bootargs 'ignore_loglevel console=ttyS0,115200n8 rw root=PARTUUID=7369c667-ff51-ec4a-29cd-baabf2fbe346 rootwait gpt debug earlyprintk init=/bin/bash'
Tegra114 (Dalmore) # setenv ipaddr 192.168.100.100; setenv serverip 192.168.100.1; setenv tftpserverip 192.168.100.1
Tegra114 (Dalmore) # tftpboot 0x81000000 zImage.multi_v7_defconfig
Using asx0 device
TFTP from server 192.168.100.1; our IP address is 192.168.100.100
Filename 'zImage.multi_v7_defconfig'.
Load address: 0x81000000
Loading: *#################################################################
	 #################################################################
	 #################################################################
	 #################################################################
	 #################################################################
	 #################################################################
	 #################################################################
	 ############################
	 3.1 MiB/s
done
Bytes transferred = 7076736 (6bfb80 hex)
Tegra114 (Dalmore) # tftpboot 0x82000000 tegra114-dalmore.dtb
Using asx0 device
TFTP from server 192.168.100.1; our IP address is 192.168.100.100
Filename 'tegra114-dalmore.dtb'.
Load address: 0x82000000
Loading: *###
	 3 MiB/s
done
Bytes transferred = 34956 (888c hex)
Tegra114 (Dalmore) # bootz 0x81000000 - 0x82000000
Kernel image @ 0x81000000 [ 0x000000 - 0x6bfb80 ]
## Flattened Device Tree blob at 82000000
   Booting using the fdt blob at 0x82000000
   Loading Device Tree to 8fff4000, end 8ffff88b ... OK

Starting kernel ...

[    0.000000] Booting Linux on physical CPU 0x0
[    0.000000] Linux version 4.6.0-rc7-next-20160516-94924-gb0dc27a (pwalmsley@sellafield) (gcc version 4.7.3 20130328 (prerelease) (crosstool-NG linaro-1.13.1-4.7-2013.04-20130415 - Linaro GCC 2013.04) ) #1 SMP Mon May 16 02:58:48 PDT 2016
[    0.000000] CPU: ARMv7 Processor [412fc0f2] revision 2 (ARMv7), cr=10c5387d
[    0.000000] CPU: div instructions available: patching division code
[    0.000000] CPU: PIPT / VIPT nonaliasing data cache, PIPT instruction cache
[    0.000000] Machine model: NVIDIA Tegra114 Dalmore evaluation board
[    0.000000] debug: ignoring loglevel setting.
[    0.000000] cma: Reserved 64 MiB at 0xfb800000
[    0.000000] Memory policy: Data cache writealloc
[    0.000000] On node 0 totalpages: 524032
[    0.000000] free_area_init_node: node 0, pgdat c141bb40, node_mem_map eeff8000
[    0.000000]   DMA zone: 1536 pages used for memmap
[    0.000000]   DMA zone: 0 pages reserved
[    0.000000]   DMA zone: 196608 pages, LIFO batch:31
[    0.000000]   HighMem zone: 327424 pages, LIFO batch:31
[    0.000000] percpu: Embedded 13 pages/cpu @eef9f000 s23808 r8192 d21248 u53248
[    0.000000] pcpu-alloc: s23808 r8192 d21248 u53248 alloc=13*4096
[    0.000000] pcpu-alloc: [0] 0 [0] 1 [0] 2 [0] 3 
[    0.000000] Built 1 zonelists in Zone order, mobility grouping on.  Total pages: 522496
[    0.000000] Kernel command line: ignore_loglevel console=ttyS0,115200n8 rw root=PARTUUID=7369c667-ff51-ec4a-29cd-baabf2fbe346 rootwait gpt debug earlyprintk init=/bin/bash
[    0.000000] PID hash table entries: 4096 (order: 2, 16384 bytes)
[    0.000000] Dentry cache hash table entries: 131072 (order: 7, 524288 bytes)
[    0.000000] Inode-cache hash table entries: 65536 (order: 6, 262144 bytes)
[    0.000000] Memory: 1995116K/2096128K available (9529K kernel code, 1142K rwdata, 4216K rodata, 2048K init, 343K bss, 35476K reserved, 65536K cma-reserved, 1244160K highmem)
[    0.000000] Virtual kernel memory layout:
[    0.000000]     vector  : 0xffff0000 - 0xffff1000   (   4 kB)
[    0.000000]     fixmap  : 0xffc00000 - 0xfff00000   (3072 kB)
[    0.000000]     vmalloc : 0xf0800000 - 0xff800000   ( 240 MB)
[    0.000000]     lowmem  : 0xc0000000 - 0xf0000000   ( 768 MB)
[    0.000000]     pkmap   : 0xbfe00000 - 0xc0000000   (   2 MB)
[    0.000000]     modules : 0xbf000000 - 0xbfe00000   (  14 MB)
[    0.000000]       .text : 0xc0208000 - 0xc106c518   (14738 kB)
[    0.000000]       .init : 0xc1100000 - 0xc1300000   (2048 kB)
[    0.000000]       .data : 0xc1300000 - 0xc141dba0   (1143 kB)
[    0.000000]        .bss : 0xc141f000 - 0xc1474ca0   ( 344 kB)
[    0.000000] SLUB: HWalign=64, Order=0-3, MinObjects=0, CPUs=4, Nodes=1
[    0.000000] Hierarchical RCU implementation.
[    0.000000] 	Build-time adjustment of leaf fanout to 32.
[    0.000000] 	RCU restricting CPUs from NR_CPUS=16 to nr_cpu_ids=4.
[    0.000000] RCU: Adjusting geometry for rcu_fanout_leaf=32, nr_cpu_ids=4
[    0.000000] NR_IRQS:16 nr_irqs:16 16
[    0.000000] /interrupt-controller@60004000: 160 interrupts forwarded to /interrupt-controller@50041000
[    0.000000] Tegra clk 127: register failed with -17
[    0.000009] sched_clock: 32 bits at 1000kHz, resolution 1000ns, wraps every 2147483647500ns
[    0.000027] clocksource: timer_us: mask: 0xffffffff max_cycles: 0xffffffff, max_idle_ns: 1911260446275 ns
[    0.000041] Switching to timer-based delay loop, resolution 1000ns
[    0.003114] Architected cp15 timer(s) running at 12.00MHz (virt).
[    0.003132] clocksource: arch_sys_counter: mask: 0xffffffffffffff max_cycles: 0x2c47f4ee7, max_idle_ns: 440795202497 ns
[    0.003150] sched_clock: 56 bits at 12MHz, resolution 83ns, wraps every 4398046511096ns
[    0.003163] Switching to timer-based delay loop, resolution 83ns
[    0.003543] Console: colour dummy device 80x30
[    0.003570] Calibrating delay loop (skipped), value calculated using timer frequency.. 24.00 BogoMIPS (lpj=60000)
[    0.003586] pid_max: default: 32768 minimum: 301
[    0.003686] Mount-cache hash table entries: 2048 (order: 1, 8192 bytes)
[    0.003698] Mountpoint-cache hash table entries: 2048 (order: 1, 8192 bytes)
[    0.004321] CPU: Testing write buffer coherency: ok
[    0.004537] /cpus/cpu@0 missing clock-frequency property
[    0.004566] /cpus/cpu@1 missing clock-frequency property
[    0.004596] /cpus/cpu@2 missing clock-frequency property
[    0.004626] /cpus/cpu@3 missing clock-frequency property
[    0.004639] CPU0: thread -1, cpu 0, socket 0, mpidr 80000000
[    0.004661] Setting up static identity map for 0x80300000 - 0x80300098
[    0.007117] Tegra Revision: A01 SKU: 0 CPU Process: 1 SoC Process: 0
[    0.008523] CPU1: thread -1, cpu 1, socket 0, mpidr 80000001
[    0.009226] CPU2: thread -1, cpu 2, socket 0, mpidr 80000002
[    0.009909] CPU3: thread -1, cpu 3, socket 0, mpidr 80000003
[    0.009994] Brought up 4 CPUs
[    0.010014] SMP: Total of 4 processors activated (96.00 BogoMIPS).
[    0.010022] CPU: All CPU(s) started in SVC mode.
[    0.011494] devtmpfs: initialized
[    0.022200] VFP support v0.3: implementor 41 architecture 4 part 30 variant f rev 0
[    0.022724] clocksource: jiffies: mask: 0xffffffff max_cycles: 0xffffffff, max_idle_ns: 9556302231375000 ns
[    0.024115] pinctrl core: initialized pinctrl subsystem
[    0.025706] NET: Registered protocol family 16
[    0.027741] DMA: preallocated 256 KiB pool for atomic coherent allocations
[    0.043058] cpuidle: using governor menu
[    0.059134] No ATAGs?
[    0.059163] hw-breakpoint: found 5 (+1 reserved) breakpoint and 4 watchpoint registers.
[    0.059174] hw-breakpoint: maximum watchpoint size is 8 bytes.
[    0.064355] Serial: AMBA PL011 UART driver
[    0.065742] tegra-mc 70019000.memory-controller: no memory timings for RAM code 3 registered
[    0.092574] dvdd_ts: Failed to request enable GPIO61: -517
[    0.092590] reg-fixed-voltage regulators:regulator@1: Failed to register regulator: -517
[    0.092689] usb1_vbus: Failed to request enable GPIO108: -517
[    0.092703] reg-fixed-voltage regulators:regulator@3: Failed to register regulator: -517
[    0.092798] usb2_vbus: Failed to request enable GPIO86: -517
[    0.092811] reg-fixed-voltage regulators:regulator@4: Failed to register regulator: -517
[    0.093285] VDD_5V0_HDMI_CON: Failed to request enable GPIO81: -517
[    0.093299] reg-fixed-voltage regulators:regulator@7: Failed to register regulator: -517
[    0.096116] vgaarb: loaded
[    0.096973] SCSI subsystem initialized
[    0.097142] libata version 3.00 loaded.
[    0.097471] usbcore: registered new interface driver usbfs
[    0.097547] usbcore: registered new interface driver hub
[    0.097628] usbcore: registered new device driver usb
[    0.101305] tps65090 2-0048: No cache defaults, reading back from HW
[    0.103229] TPS65090_RAILSDCDC1: supplied by vdd_ac_bat
[    0.103768] vdd_hdmi_5v0: supplied by vdd-sys-5v0
[    0.104519] TPS65090_RAILSDCDC2: supplied by vdd_ac_bat
[    0.105592] TPS65090_RAILSDCDC3: supplied by vdd_ac_bat
[    0.106127] TPS65090_RAILSFET1: supplied by vdd_ac_bat
[    0.106516] TPS65090_RAILSFET2: supplied by vdd_ac_bat
[    0.106888] TPS65090_RAILSFET3: supplied by vdd-sys-3v3
[    0.107417] TPS65090_RAILSFET4: supplied by vdd-sys-3v3
[    0.107959] TPS65090_RAILSFET5: supplied by vdd-sys-3v3
[    0.108505] TPS65090_RAILSFET6: supplied by vdd-sys-3v3
[    0.109337] TPS65090_RAILSFET7: supplied by vdd-sys-3v3
[    0.109884] TPS65090_RAILSLDO1: supplied by vdd_ac_bat
[    0.110108] TPS65090_RAILSLDO2: supplied by vdd_ac_bat
[    0.110960] genirq: Setting trigger mode 8 for irq 341 failed (irq_chip_set_type_parent+0x0/0x28)
[    0.110983] palmas 2-0058: Irq flag is 0x00000000
[    0.114171] palmas 2-0058: Muxing GPIO ff, PWM 0, LED 0
[    0.116732] SMPS12: supplied by vdd-ao
[    0.118349] SMPS3: supplied by vdd-ao
[    0.120096] SMPS457: supplied by vdd-sys-3v3
[    0.122989] SMPS8: supplied by vdd-sys-3v3
[    0.124602] SMPS9: supplied by vdd-sys-3v3
[    0.125105] sdhci-vdd-sd-slot: Bringing 2840000uV into 2800000-2800000uV
[    0.125835] sdhci-vdd-sd-slot: ramp_delay not set
[    0.127825] LDO1: supplied by vdd-sys-3v3
[    0.129030] LDO2: supplied by vdd-sys-3v3
[    0.130225] LDO3: supplied by vddio-1v8
[    0.131428] LDO4: supplied by vdd-sys-3v3
[    0.132633] LDO5: supplied by vdd_ac_bat
[    0.133419] LDO6: supplied by vdd-sys-3v3
[    0.133939] vdd-sensor-2v85: Bringing 2900000uV into 2850000-2850000uV
[    0.135227] LDO7: supplied by vdd-sys-3v3
[    0.136949] LDO8: supplied by vdd-ao
[    0.137454] vdd-rtc: Bringing 675000uV into 900000-900000uV
[    0.139071] LDO9: supplied by sdhci-vdd-sd-slot
[    0.144373] LDOLN: supplied by vdd-sys-5v0
[    0.145594] LDOUSB: supplied by vdd-sys-5v0
[    0.152303] pps_core: LinuxPPS API ver. 1 registered
[    0.152313] pps_core: Software ver. 5.3.6 - Copyright 2005-2007 Rodolfo Giometti <giometti@linux.it>
[    0.152337] PTP clock support registered
[    0.152536] EDAC MC: Ver: 3.0.0
[    0.154965] clocksource: Switched to clocksource arch_sys_counter
[    0.165537] NET: Registered protocol family 2
[    0.166065] TCP established hash table entries: 8192 (order: 3, 32768 bytes)
[    0.166163] TCP bind hash table entries: 8192 (order: 4, 65536 bytes)
[    0.166349] TCP: Hash tables configured (established 8192 bind 8192)
[    0.166403] UDP hash table entries: 512 (order: 2, 16384 bytes)
[    0.166444] UDP-Lite hash table entries: 512 (order: 2, 16384 bytes)
[    0.166604] NET: Registered protocol family 1
[    0.166847] RPC: Registered named UNIX socket transport module.
[    0.166856] RPC: Registered udp transport module.
[    0.166864] RPC: Registered tcp transport module.
[    0.166872] RPC: Registered tcp NFSv4.1 backchannel transport module.
[    0.166883] PCI: CLS 0 bytes, default 64
[    0.169033] futex hash table entries: 1024 (order: 4, 65536 bytes)
[    0.169533] workingset: timestamp_bits=28 max_order=19 bucket_order=0
[    0.181332] squashfs: version 4.0 (2009/01/31) Phillip Lougher
[    0.182223] NFS: Registering the id_resolver key type
[    0.182252] Key type id_resolver registered
[    0.182260] Key type id_legacy registered
[    0.182306] ntfs: driver 2.1.32 [Flags: R/O].
[    0.183656] bounce: pool size: 64 pages
[    0.183884] Block layer SCSI generic (bsg) driver version 0.4 loaded (major 248)
[    0.183895] io scheduler noop registered
[    0.183903] io scheduler deadline registered
[    0.183936] io scheduler cfq registered (default)
[    0.212675] tegra-apbdma 6000a000.dma: Tegra20 APB DMA driver register 32 channels
[    0.214559] tegra-pmc 7000e400.pmc: i2c-thermtrip node not found, emergency thermal reset disabled.
[    0.280312] Serial: 8250/16550 driver, 4 ports, IRQ sharing disabled
[    0.283391] console [ttyS0] disabled
[    0.283429] 70006300.serial: ttyS0 at MMIO 0x70006300 (irq = 329, base_baud = 25500000) is a Tegra
[    1.246825] console [ttyS0] enabled
[    1.251120] SuperH (H)SCI(F) driver initialized
[    1.256649] msm_serial: driver initialized
[    1.260949] STMicroelectronics ASC driver initialized
[    1.269633] [drm] Initialized drm 1.1.0 20060810
[    1.277626] tegra-hdmi 54280000.hdmi: failed to get HDMI regulator
[    1.299252] brd: module loaded
[    1.308492] loop: module loaded
[    1.327899] m25p80 spi32766.0: w25q32dw (4096 Kbytes)
[    1.336505] libphy: Fixed MDIO Bus: probed
[    1.341302] CAN device driver interface
[    1.347032] igb: Intel(R) Gigabit Ethernet Network Driver - version 5.3.0-k
[    1.353999] igb: Copyright (c) 2007-2014 Intel Corporation.
[    1.362704] pegasus: v0.9.3 (2013/04/25), Pegasus/Pegasus II USB Ethernet driver
[    1.370162] usbcore: registered new interface driver pegasus
[    1.375888] usbcore: registered new interface driver asix
[    1.381337] usbcore: registered new interface driver ax88179_178a
[    1.387486] usbcore: registered new interface driver cdc_ether
[    1.393390] usbcore: registered new interface driver smsc75xx
[    1.399206] usbcore: registered new interface driver smsc95xx
[    1.405002] usbcore: registered new interface driver net1080
[    1.410710] usbcore: registered new interface driver cdc_subset
[    1.416678] usbcore: registered new interface driver zaurus
[    1.422331] usbcore: registered new interface driver cdc_ncm
[    1.430153] ehci_hcd: USB 2.0 'Enhanced' Host Controller (EHCI) Driver
[    1.436688] ehci-pci: EHCI PCI platform driver
[    1.441186] ehci-platform: EHCI generic platform driver
[    1.446617] ehci-omap: OMAP-EHCI Host Controller driver
[    1.451989] ehci-orion: EHCI orion driver
[    1.456146] SPEAr-ehci: EHCI SPEAr driver
[    1.460311] ehci-st: EHCI STMicroelectronics driver
[    1.465339] ehci-exynos: EHCI EXYNOS driver
[    1.469668] ehci-atmel: EHCI Atmel driver
[    1.473828] tegra-ehci: Tegra EHCI driver
[    1.478073] ------------[ cut here ]------------
[    1.482712] WARNING: CPU: 1 PID: 1 at drivers/reset/core.c:187 __of_reset_control_get+0x1bc/0x228
[    1.491581] Modules linked in:
[    1.494647] CPU: 1 PID: 1 Comm: swapper/0 Not tainted 4.6.0-rc7-next-20160516-94924-gb0dc27a #1
[    1.503329] Hardware name: NVIDIA Tegra SoC (Flattened Device Tree)
[    1.509614] [<c030f9d0>] (unwind_backtrace) from [<c030b0c8>] (show_stack+0x10/0x14)
[    1.517355] [<c030b0c8>] (show_stack) from [<c05861c8>] (dump_stack+0x84/0xa4)
[    1.524575] [<c05861c8>] (dump_stack) from [<c0341b6c>] (__warn+0xd4/0x100)
[    1.531532] [<c0341b6c>] (__warn) from [<c0341bb8>] (warn_slowpath_null+0x20/0x28)
[    1.539095] [<c0341bb8>] (warn_slowpath_null) from [<c06a0280>] (__of_reset_control_get+0x1bc/0x228)
[    1.548221] [<c06a0280>] (__of_reset_control_get) from [<c0911d14>] (tegra_ehci_probe+0x2d0/0x51c)
[    1.557178] [<c0911d14>] (tegra_ehci_probe) from [<c0778df8>] (platform_drv_probe+0x50/0xb0)
[    1.565611] [<c0778df8>] (platform_drv_probe) from [<c077775c>] (driver_probe_device+0x1f4/0x2b0)
[    1.574476] [<c077775c>] (driver_probe_device) from [<c07778c4>] (__driver_attach+0xac/0xb0)
[    1.582906] [<c07778c4>] (__driver_attach) from [<c0775d70>] (bus_for_each_dev+0x54/0x88)
[    1.591077] [<c0775d70>] (bus_for_each_dev) from [<c0776d50>] (bus_add_driver+0xe8/0x1f4)
[    1.599246] [<c0776d50>] (bus_add_driver) from [<c07780e0>] (driver_register+0x78/0xf4)
[    1.607243] [<c07780e0>] (driver_register) from [<c0301e7c>] (do_one_initcall+0x3c/0x16c)
[    1.615415] [<c0301e7c>] (do_one_initcall) from [<c1100d80>] (kernel_init_freeable+0x120/0x1ec)
[    1.624110] [<c1100d80>] (kernel_init_freeable) from [<c0b5b920>] (kernel_init+0x8/0x118)
[    1.632283] [<c0b5b920>] (kernel_init) from [<c0307fb8>] (ret_from_fork+0x14/0x3c)
[    1.639873] ---[ end trace 14deb4dcfa8e831f ]---
[    1.644504] tegra-ehci 7d008000.usb: can't get utmi-pads reset from the PHY
[    1.651471] tegra-ehci 7d008000.usb: continuing, but please update your DT
[    1.658462] ohci_hcd: USB 1.1 'Open' Host Controller (OHCI) Driver
[    1.664672] ohci-pci: OHCI PCI platform driver
[    1.669180] ohci-platform: OHCI generic platform driver
[    1.674581] ohci-omap3: OHCI OMAP3 driver
[    1.678741] SPEAr-ohci: OHCI SPEAr driver
[    1.682906] ohci-st: OHCI STMicroelectronics driver
[    1.687934] ohci-atmel: OHCI Atmel driver
[    1.692676] usbcore: registered new interface driver usb-storage
[    1.700335] mousedev: PS/2 mouse device common for all mice
[    1.710904] palmas-rtc 7000d000.i2c:tps65913@58:rtc: rtc core: registered 7000d000.i2c:tps659 as rtc0
[    1.722029] tegra_rtc 7000e000.rtc: rtc core: registered 7000e000.rtc as rtc1
[    1.729215] tegra_rtc 7000e000.rtc: Tegra internal Real Time Clock
[    1.735937] i2c /dev entries driver
[    1.743595] sbs-battery 0-000b: sbs_probe: Failed to get device status
[    1.750149] sbs-battery: probe of 0-000b failed with error -121
[    1.768048] sdhci: Secure Digital Host Controller Interface driver
[    1.774245] sdhci: Copyright(c) Pierre Ossman
[    1.780121] Synopsys Designware Multimedia Card Interface Driver
[    1.787192] sdhci-pltfm: SDHCI platform and OF driver helper
[    1.793627] sdhci-tegra 78000400.sdhci: Got CD GPIO
[    1.798536] sdhci-tegra 78000400.sdhci: Got WP GPIO
[    1.804637] mmc0: Invalid maximum block size, assuming 512 bytes
[    1.845100] mmc0: SDHCI controller on 78000400.sdhci [78000400.sdhci] using ADMA
[    1.852828] mmc1: Invalid maximum block size, assuming 512 bytes
[    1.894987] mmc1: SDHCI controller on 78000600.sdhci [78000600.sdhci] using ADMA
[    1.903913] ledtrig-cpu: registered to indicate activity on CPUs
[    1.910410] usbcore: registered new interface driver usbhid
[    1.915992] usbhid: USB HID core driver
[    1.925544] NET: Registered protocol family 10
[    1.930700] sit: IPv6 over IPv4 tunneling driver
[    1.936020] NET: Registered protocol family 17
[    1.940491] can: controller area network core (rev 20120528 abi 9)
[    1.946742] NET: Registered protocol family 29
[    1.951196] can: raw protocol (rev 20120528)
[    1.955476] can: broadcast manager protocol (rev 20120528 t)
[    1.961147] can: netlink gateway (rev 20130117) max_hops=1
[    1.967036] Key type dns_resolver registered
[    1.971953] ThumbEE CPU extension supported.
[    1.976244] Registering SWP/SWPB emulation handler
[    1.984775] usb1_vbus: supplied by vdd-sys-5v0
[    1.990823] usb2_vbus: supplied by vdd-sys-5v0
[    2.003240] VDD_5V0_HDMI_CON: supplied by vdd-sys-5v0
[    2.016480] [drm] Supports vblank timestamp caching Rev 2 (21.10.2013).
[    2.019073] mmc0: new high speed SDHC card at address aaaa
[    2.026116] mmcblk0: mmc0:aaaa SL16G 14.8 GiB 
[    2.033150] [drm] No driver support for vblank timestamp query.
[    2.045103] mmc1: new MMC card at address 0001
[    2.051153] mmcblk1: mmc1:0001 SEM32G 29.1 GiB 
[    2.056066]  mmcblk0: p1 p2 p3
[    2.060027] mmcblk1boot0: mmc1:0001 SEM32G partition 1 4.00 MiB
[    2.067556] mmcblk1boot1: mmc1:0001 SEM32G partition 2 4.00 MiB
[    2.068304] mmcblk1rpmb: mmc1:0001 SEM32G partition 3 4.00 MiB
[    2.079149]  mmcblk1: p1 p2 p3 p4 p5 p6 p7 p8
[    2.099686] Console: switching to colour frame buffer device 240x75
[    2.143707] drm drm: fb0:  frame buffer device
[    2.160085] [drm] Initialized tegra 0.0.0 20120330 on minor 0
[    2.168647] tegra-ehci 7d008000.usb: EHCI Host Controller
[    2.174128] tegra-ehci 7d008000.usb: new USB bus registered, assigned bus number 1
[    2.182472] tegra-ehci 7d008000.usb: irq 339, io mem 0x7d008000
[    2.195091] tegra-ehci 7d008000.usb: USB 2.0 started, EHCI 1.10
[    2.202297] hub 1-0:1.0: USB hub found
[    2.206160] hub 1-0:1.0: 1 port detected
[    2.212093] input: gpio-keys as /devices/soc0/gpio-keys/input/input0
[    2.221313] palmas-rtc 7000d000.i2c:tps65913@58:rtc: setting system clock to 2000-03-09 21:18:50 UTC (952636730)
[    2.245930] dvdd_ts: disabling
[    2.248989] usb1_vbus: disabling
[    2.252252] vdd_cam_1v8_reg: disabling
[    2.257925] EXT4-fs (mmcblk1p1): mounting ext3 file system using the ext4 subsystem
[    2.326170] EXT4-fs (mmcblk1p1): recovery complete
[    2.331033] EXT4-fs (mmcblk1p1): mounted filesystem with ordered data mode. Opts: (null)
[    2.339167] VFS: Mounted root (ext3 filesystem) on device 179:17.
[    2.379773] devtmpfs: mounted
[    2.384668] Freeing unused kernel memory: 2048K (c1100000 - c1300000)
[    2.520092] usb 1-1: new high-speed USB device number 2 using tegra-ehci
bash: cannot set terminal process group (-1): Inappropriate ioctl for device
bash: no job control in this shell
[    3.465381] asix 1-1:1.0 eth0: register 'asix' at usb-7d008000.usb-1, ASIX AX88772 USB 2.0 Ethernet, 00:50:b6:0d:b5:16
root@(none):/# mount -t sysfs none /sys
root@(none):/# 
root@(none):/# mount -t debugfs none /sys/kernel/debug
root@(none):/# 
root@(none):/# rtcwake -d rtc1 -m mem -s 3
rtcwake: assuming RTC uses UTC ...
rtcwake: wakeup from "mem" using /dev/rtc1 at Thu Jan  1 00:00:21 1970
[    6.522394] PM: Syncing filesystems ... done.
