
U-Boot SPL 2014.01-00219-gc4d376f (Feb 18 2014 - 19:57:32)


U-Boot 2014.01-00219-gc4d376f (Feb 18 2014 - 19:57:32)

TEGRA114
Board: NVIDIA Dalmore
I2C:   ready
DRAM:  2 GiB
MMC:   Tegra SD/MMC: 0, Tegra SD/MMC: 1
In:    serial
Out:   serial
Err:   serial
Net:   Net Initialization Skipped
No ethernet found.
Hit any key to stop autoboot:  2  0 
Tegra114 (Dalmore) # 
Tegra114 (Dalmore) # usb reset
(Re)start USB...
USB0:   USB EHCI 1.10
scanning bus 0 for devices... 2 USB Device(s) found
       scanning usb for storage devices... 0 Storage Device(s) found
       scanning usb for ethernet devices... 
Warning: asx0 using MAC address from net device
1 Ethernet Device(s) found
Tegra114 (Dalmore) # setenv bootargs 'ignore_loglevel console=ttyS0,115200n8 rw root=PARTUUID=7369c667-ff51-ec4a-29cd-baabf2fbe346 rootwait gpt debug earlyprintk init=/bin/bash'
Tegra114 (Dalmore) # setenv ipaddr 192.168.100.100; setenv serverip 192.168.100.1; setenv tftpserverip 192.168.100.1
Tegra114 (Dalmore) # tftpboot 0x81000000 zImage.tegra_defconfig
Using asx0 device
TFTP from server 192.168.100.1; our IP address is 192.168.100.100
Filename 'zImage.tegra_defconfig'.
Load address: 0x81000000
Loading: *#################################################################
	 #################################################################
	 #################################################################
	 #################################################################
	 #################################################################
	 #################################################################
	 ##################################
	 2.9 MiB/s
done
Bytes transferred = 6222056 (5ef0e8 hex)
Tegra114 (Dalmore) # tftpboot 0x82000000 tegra114-dalmore.dtb
Using asx0 device
TFTP from server 192.168.100.1; our IP address is 192.168.100.100
Filename 'tegra114-dalmore.dtb'.
Load address: 0x82000000
Loading: *###
	 2.7 MiB/s
done
Bytes transferred = 34502 (86c6 hex)
Tegra114 (Dalmore) # bootz 0x81000000 - 0x82000000
Kernel image @ 0x81000000 [ 0x000000 - 0x5ef0e8 ]
## Flattened Device Tree blob at 82000000
   Booting using the fdt blob at 0x82000000
   Loading Device Tree to 8fff4000, end 8ffff6c5 ... OK

Starting kernel ...

[    0.000000] Booting Linux on physical CPU 0x0
[    0.000000] Linux version 4.15.0-next-20180131-28676-gd957d62 (jonathanh@kaivo) (gcc version 4.7.3 20130328 (prerelease) (crosstool-NG linaro-1.13.1-4.7-2013.04-20130415 - Linaro GCC 2013.04)) #1 SMP PREEMPT Wed Jan 31 02:16:45 PST 2018
[    0.000000] CPU: ARMv7 Processor [412fc0f2] revision 2 (ARMv7), cr=10c5387d
[    0.000000] CPU: div instructions available: patching division code
[    0.000000] CPU: PIPT / VIPT nonaliasing data cache, PIPT instruction cache
[    0.000000] OF: fdt: Machine model: NVIDIA Tegra114 Dalmore evaluation board
[    0.000000] debug: ignoring loglevel setting.
[    0.000000] bootconsole [earlycon0] enabled
[    0.000000] Memory policy: Data cache writealloc
[    0.000000] cma: Reserved 64 MiB at 0xfbc00000
[    0.000000] On node 0 totalpages: 524032
[    0.000000]   Normal zone: 1536 pages used for memmap
[    0.000000]   Normal zone: 0 pages reserved
[    0.000000]   Normal zone: 196608 pages, LIFO batch:31
[    0.000000]   HighMem zone: 327424 pages, LIFO batch:31
[    0.000000] random: fast init done
[    0.000000] percpu: Embedded 17 pages/cpu @(ptrval) s39296 r8192 d22144 u69632
[    0.000000] pcpu-alloc: s39296 r8192 d22144 u69632 alloc=17*4096
[    0.000000] pcpu-alloc: [0] 0 [0] 1 [0] 2 [0] 3 
[    0.000000] Built 1 zonelists, mobility grouping on.  Total pages: 522496
[    0.000000] Kernel command line: ignore_loglevel console=ttyS0,115200n8 rw root=PARTUUID=7369c667-ff51-ec4a-29cd-baabf2fbe346 rootwait gpt debug earlyprintk init=/bin/bash
[    0.000000] Dentry cache hash table entries: 131072 (order: 7, 524288 bytes)
[    0.000000] Inode-cache hash table entries: 65536 (order: 6, 262144 bytes)
[    0.000000] Memory: 1998580K/2096128K available (9216K kernel code, 797K rwdata, 2584K rodata, 1024K init, 298K bss, 32012K reserved, 65536K cma-reserved, 1244160K highmem)
[    0.000000] Virtual kernel memory layout:
[    0.000000]     vector  : 0xffff0000 - 0xffff1000   (   4 kB)
[    0.000000]     fixmap  : 0xffc00000 - 0xfff00000   (3072 kB)
[    0.000000]     vmalloc : 0xf0800000 - 0xff800000   ( 240 MB)
[    0.000000]     lowmem  : 0xc0000000 - 0xf0000000   ( 768 MB)
[    0.000000]     pkmap   : 0xbfe00000 - 0xc0000000   (   2 MB)
[    0.000000]     modules : 0xbf000000 - 0xbfe00000   (  14 MB)
[    0.000000]       .text : 0x(ptrval) - 0x(ptrval)   (10208 kB)
[    0.000000]       .init : 0x(ptrval) - 0x(ptrval)   (1024 kB)
[    0.000000]       .data : 0x(ptrval) - 0x(ptrval)   ( 798 kB)
[    0.000000]        .bss : 0x(ptrval) - 0x(ptrval)   ( 299 kB)
[    0.000000] Preemptible hierarchical RCU implementation.
[    0.000000] 	Tasks RCU enabled.
[    0.000000] NR_IRQS: 16, nr_irqs: 16, preallocated irqs: 16
[    0.000000] /interrupt-controller@60004000: 160 interrupts forwarded to /interrupt-controller@50041000
[    0.000000] Tegra clk 127: register failed with -17
[    0.000008] sched_clock: 32 bits at 1000kHz, resolution 1000ns, wraps every 2147483647500ns
[    0.007662] clocksource: timer_us: mask: 0xffffffff max_cycles: 0xffffffff, max_idle_ns: 1911260446275 ns
[    0.017190] Switching to timer-based delay loop, resolution 1000ns
[    0.024055] arch_timer: cp15 timer(s) running at 12.00MHz (virt).
[    0.029415] clocksource: arch_sys_counter: mask: 0xffffffffffffff max_cycles: 0x2c47f4ee7, max_idle_ns: 440795202497 ns
[    0.040162] sched_clock: 56 bits at 12MHz, resolution 83ns, wraps every 4398046511096ns
[    0.048129] Switching to timer-based delay loop, resolution 83ns
[    0.054598] Console: colour dummy device 80x30
[    0.058545] Calibrating delay loop (skipped), value calculated using timer frequency.. 24.00 BogoMIPS (lpj=120000)
[    0.068855] pid_max: default: 32768 minimum: 301
[    0.073936] Mount-cache hash table entries: 2048 (order: 1, 8192 bytes)
[    0.080040] Mountpoint-cache hash table entries: 2048 (order: 1, 8192 bytes)
[    0.087907] CPU: Testing write buffer coherency: ok
[    0.092202] /cpus/cpu@0 missing clock-frequency property
[    0.097200] /cpus/cpu@1 missing clock-frequency property
[    0.102509] /cpus/cpu@2 missing clock-frequency property
[    0.107772] /cpus/cpu@3 missing clock-frequency property
[    0.113058] CPU0: thread -1, cpu 0, socket 0, mpidr 80000000
[    0.153172] Setting up static identity map for 0x80100000 - 0x801000a0
[    0.157932] Hierarchical SRCU implementation.
[    0.173642] Tegra Revision: A01 SKU: 0 CPU Process: 1 SoC Process: 0
[    0.193204] smp: Bringing up secondary CPUs ...
[    0.243781] CPU1: thread -1, cpu 1, socket 0, mpidr 80000001
[    0.313880] CPU2: thread -1, cpu 2, socket 0, mpidr 80000002
[    0.383983] CPU3: thread -1, cpu 3, socket 0, mpidr 80000003
[    0.384098] smp: Brought up 1 node, 4 CPUs
[    0.403202] SMP: Total of 4 processors activated (96.00 BogoMIPS).
[    0.409355] CPU: All CPU(s) started in SVC mode.
[    0.415812] devtmpfs: initialized
[    0.429099] Built 1 zonelists, mobility grouping on.  Total pages: 516029
[    0.434382] VFP support v0.3: implementor 41 architecture 4 part 30 variant f rev 0
[    0.441969] clocksource: jiffies: mask: 0xffffffff max_cycles: 0xffffffff, max_idle_ns: 19112604462750000 ns
[    0.451430] futex hash table entries: 1024 (order: 4, 65536 bytes)
[    0.457811] pinctrl core: initialized pinctrl subsystem
[    0.464019] NET: Registered protocol family 16
[    0.468460] DMA: preallocated 256 KiB pool for atomic coherent allocations
[    0.475495] cpuidle: using governor menu
[    0.498037] No ATAGs?
[    0.498177] hw-breakpoint: found 5 (+1 reserved) breakpoint and 4 watchpoint registers.
[    0.506540] hw-breakpoint: maximum watchpoint size is 8 bytes.
[    0.513321] tegra-mc 70019000.memory-controller: no memory timings for RAM code 3 registered
[    0.520971] iommu: Adding device 54200000.dc to group 0
[    0.525982] iommu: Adding device 54240000.dc to group 0
[    0.548072] dvdd_ts: Failed to request enable GPIO61: -517
[    0.551683] reg-fixed-voltage regulators:regulator@1: Failed to register regulator: -517
[    0.559823] usb1_vbus: Failed to request enable GPIO108: -517
[    0.565481] reg-fixed-voltage regulators:regulator@3: Failed to register regulator: -517
[    0.573600] usb2_vbus: Failed to request enable GPIO86: -517
[    0.579148] reg-fixed-voltage regulators:regulator@4: Failed to register regulator: -517
[    0.587706] VDD_5V0_HDMI_CON: Failed to request enable GPIO81: -517
[    0.593459] reg-fixed-voltage regulators:regulator@7: Failed to register regulator: -517
[    0.602671] vgaarb: loaded
[    0.604977] SCSI subsystem initialized
[    0.608162] libata version 3.00 loaded.
[    0.612038] usbcore: registered new interface driver usbfs
[    0.617262] usbcore: registered new interface driver hub
[    0.622566] usbcore: registered new device driver usb
[    0.630684] tps65090 2-0048: No cache defaults, reading back from HW
[    0.637101] TPS65090_RAILSDCDC1: supplied by vdd_ac_bat
[    0.641578] TPS65090_RAILSDCDC2: supplied by vdd_ac_bat
[    0.646735] TPS65090_RAILSDCDC3: supplied by vdd_ac_bat
[    0.651421] TPS65090_RAILSFET1: supplied by vdd_ac_bat
[    0.656351] TPS65090_RAILSFET2: supplied by vdd_ac_bat
[    0.661487] TPS65090_RAILSFET3: supplied by vdd-sys-3v3
[    0.666837] TPS65090_RAILSFET4: supplied by vdd-sys-3v3
[    0.672046] TPS65090_RAILSFET5: supplied by vdd-sys-3v3
[    0.677220] TPS65090_RAILSFET6: supplied by vdd-sys-3v3
[    0.682775] TPS65090_RAILSFET7: supplied by vdd-sys-3v3
[    0.687633] TPS65090_RAILSLDO1: supplied by vdd_ac_bat
[    0.692447] TPS65090_RAILSLDO2: supplied by vdd_ac_bat
[    0.698095] palmas 2-0058: Irq flag is 0x00000004
[    0.704171] palmas 2-0058: Muxing GPIO ff, PWM 0, LED 0
[    0.709917] SMPS12: supplied by vdd-ao
[    0.712831] vdd_hdmi_5v0: supplied by vdd-sys-5v0
[    0.717271] SMPS3: supplied by vdd-ao
[    0.721874] SMPS457: supplied by vdd-sys-3v3
[    0.726066] SMPS6: supplied by regulator-dummy
[    0.730216] SMPS8: supplied by vdd-sys-3v3
[    0.734478] SMPS9: supplied by vdd-sys-3v3
[    0.737424] sdhci-vdd-sd-slot: Bringing 2840000uV into 2800000-2800000uV
[    0.744994] SMPS10_OUT2: supplied by regulator-dummy
[    0.749407] SMPS10_OUT1: supplied by regulator-dummy
[    0.754346] LDO1: supplied by vdd-sys-3v3
[    0.758636] LDO2: supplied by vdd-sys-3v3
[    0.762600] LDO3: supplied by vddio-1v8
[    0.766418] LDO4: supplied by vdd-sys-3v3
[    0.770408] LDO5: supplied by vdd_ac_bat
[    0.773861] LDO6: supplied by vdd-sys-3v3
[    0.777636] vdd-sensor-2v85: Bringing 2900000uV into 2850000-2850000uV
[    0.785013] LDO7: supplied by vdd-sys-3v3
[    0.789293] LDO8: supplied by vdd-ao
[    0.791673] vdd-rtc: Bringing 675000uV into 900000-900000uV
[    0.807398] LDO9: supplied by sdhci-vdd-sd-slot
[    0.817715] LDOLN: supplied by vdd-sys-5v0
[    0.821077] LDOUSB: supplied by vdd-sys-5v0
[    0.830043] Linux video capture interface: v2.00
[    0.832831] pps_core: LinuxPPS API ver. 1 registered
[    0.837712] pps_core: Software ver. 5.3.6 - Copyright 2005-2007 Rodolfo Giometti <giometti@linux.it>
[    0.846831] PTP clock support registered
[    0.851317] Advanced Linux Sound Architecture Driver Initialized.
[    0.857431] Bluetooth: Core ver 2.22
[    0.860363] NET: Registered protocol family 31
[    0.864751] Bluetooth: HCI device and connection manager initialized
[    0.871063] Bluetooth: HCI socket layer initialized
[    0.875930] Bluetooth: L2CAP socket layer initialized
[    0.880985] Bluetooth: SCO socket layer initialized
[    0.886450] clocksource: Switched to clocksource arch_sys_counter
[    0.988969] NET: Registered protocol family 2
[    0.992427] tcp_listen_portaddr_hash hash table entries: 512 (order: 0, 6144 bytes)
[    0.999155] TCP established hash table entries: 8192 (order: 3, 32768 bytes)
[    1.006158] TCP bind hash table entries: 8192 (order: 4, 65536 bytes)
[    1.012680] TCP: Hash tables configured (established 8192 bind 8192)
[    1.019337] UDP hash table entries: 512 (order: 2, 16384 bytes)
[    1.024740] UDP-Lite hash table entries: 512 (order: 2, 16384 bytes)
[    1.031376] NET: Registered protocol family 1
[    1.036074] RPC: Registered named UNIX socket transport module.
[    1.041282] RPC: Registered udp transport module.
[    1.045931] RPC: Registered tcp transport module.
[    1.050631] RPC: Registered tcp NFSv4.1 backchannel transport module.
[    1.057677] PCI: CLS 0 bytes, default 64
[    1.063542] Initialise system trusted keyrings
[    1.066244] workingset: timestamp_bits=30 max_order=19 bucket_order=0
[    1.073936] squashfs: version 4.0 (2009/01/31) Phillip Lougher
[    1.089125] NFS: Registering the id_resolver key type
[    1.092280] Key type id_resolver registered
[    1.096425] Key type id_legacy registered
[    1.105623] Key type asymmetric registered
[    1.107841] Asymmetric key parser 'x509' registered
[    1.112800] bounce: pool size: 64 pages
[    1.116566] io scheduler noop registered (default)
[    1.121245] io scheduler mq-deadline registered
[    1.125750] io scheduler kyber registered
[    1.147279] tegra-apbdma 6000a000.dma: Tegra20 APB DMA driver register 32 channels
[    1.154131] tegra-pmc 7000e400.pmc: i2c-thermtrip node not found, emergency thermal reset disabled.
[    1.162568] Serial: 8250/16550 driver, 4 ports, IRQ sharing disabled
[    1.170267] console [ttyS0] disabled
[    1.171983] 70006300.serial: ttyS0 at MMIO 0x70006300 (irq = 329, base_baud = 25500000) is a Tegra
[    1.180973] console [ttyS0] enabled
[    1.180973] console [ttyS0] enabled
[    1.187134] bootconsole [earlycon0] disabled
[    1.187134] bootconsole [earlycon0] disabled
[    1.215086] tegra-hdmi 54280000.hdmi: failed to get HDMI regulator
[    1.240737] loop: module loaded
[    1.255490] m25p80 spi0.0: w25q32dw (4096 Kbytes)
[    1.262447] libphy: Fixed MDIO Bus: probed
[    1.266582] CAN device driver interface
[    1.270469] igb: Intel(R) Gigabit Ethernet Network Driver - version 5.4.0-k
[    1.277445] igb: Copyright (c) 2007-2014 Intel Corporation.
[    1.283153] pegasus: v0.9.3 (2013/04/25), Pegasus/Pegasus II USB Ethernet driver
[    1.290630] usbcore: registered new interface driver pegasus
[    1.296361] usbcore: registered new interface driver asix
[    1.301853] usbcore: registered new interface driver ax88179_178a
[    1.308019] usbcore: registered new interface driver cdc_ether
[    1.313912] usbcore: registered new interface driver smsc75xx
[    1.319746] usbcore: registered new interface driver smsc95xx
[    1.325542] usbcore: registered new interface driver net1080
[    1.331274] usbcore: registered new interface driver cdc_subset
[    1.337265] usbcore: registered new interface driver zaurus
[    1.342902] usbcore: registered new interface driver cdc_ncm
[    1.348819] tegra-phy 7d000000.usb-phy: no vbus regulator
[    1.354683] ehci_hcd: USB 2.0 'Enhanced' Host Controller (EHCI) Driver
[    1.361228] ehci-pci: EHCI PCI platform driver
[    1.365736] tegra-ehci: Tegra EHCI driver
[    1.370428] usbcore: registered new interface driver cdc_acm
[    1.376082] cdc_acm: USB Abstract Control Model driver for USB modems and ISDN adapters
[    1.384153] usbcore: registered new interface driver cdc_wdm
[    1.389902] usbcore: registered new interface driver usb-storage
[    1.408058] palmas-rtc 7000d000.i2c:tps65913@58:rtc: rtc core: registered 7000d000.i2c:tps65913@58:rtc as rtc0
[    1.419602] tegra_rtc 7000e000.rtc: rtc core: registered 7000e000.rtc as rtc1
[    1.426809] tegra_rtc 7000e000.rtc: Tegra internal Real Time Clock
[    1.433300] i2c /dev entries driver
[    1.437768] usbcore: registered new interface driver uvcvideo
[    1.443508] USB Video Class driver (1.1.1)
[    1.447623] gspca_main: v2.14.0 registered
[    1.452650] sbs-battery 0-000b: sbs_probe: Failed to get device status
[    1.459211] sbs-battery: probe of 0-000b failed with error -121
[    1.470374] tegra-wdt 60005000.timer: initialized (heartbeat = 120 sec, nowayout = 0)
[    1.478995] sdhci: Secure Digital Host Controller Interface driver
[    1.485167] sdhci: Copyright(c) Pierre Ossman
[    1.489540] sdhci-pltfm: SDHCI platform and OF driver helper
[    1.495502] sdhci-tegra 78000400.sdhci: Got CD GPIO
[    1.500418] sdhci-tegra 78000400.sdhci: Got WP GPIO
[    1.513541] mmc0: Invalid maximum block size, assuming 512 bytes
[    1.550864] mmc0: SDHCI controller on 78000400.sdhci [78000400.sdhci] using ADMA
[    1.565720] mmc1: Invalid maximum block size, assuming 512 bytes
[    1.600737] mmc1: SDHCI controller on 78000600.sdhci [78000600.sdhci] using ADMA
[    1.609146] usbcore: registered new interface driver usbhid
[    1.614749] usbhid: USB HID core driver
[    1.658097] mmc1: new high speed MMC card at address 0001
[    1.669480] mmcblk1: mmc1:0001 SEM32G 29.1 GiB 
[    1.676930] mmc0: new high speed SDHC card at address aaaa
[    1.689006] mmcblk1boot0: mmc1:0001 SEM32G partition 1 4.00 MiB
[    1.697790] mmcblk0: mmc0:aaaa SL16G 14.8 GiB 
[    1.706550] mmcblk1boot1: mmc1:0001 SEM32G partition 2 4.00 MiB
[    1.712694] mmcblk1rpmb: mmc1:0001 SEM32G partition 3 4.00 MiB, chardev (247:0)
[    1.723230]  mmcblk1: p1 p2 p3 p4 p5 p6 p7 p8
[    1.730203]  mmcblk0: p1 p2 p3
[    2.050283] tegra30-i2s 70080400.i2s: DMA channels sourced from device 70080000.ahub
[    2.066968] tegra-snd-rt5640 sound: rt5640-aif1 <-> 70080400.i2s mapping ok
[    2.078590] input: NVIDIA Tegra Dalmore Headphones as /devices/soc0/sound/sound/card0/input0
[    2.089454] NET: Registered protocol family 10
[    2.095323] Segment Routing with IPv6
[    2.099190] mip6: Mobile IPv6
[    2.102158] sit: IPv6, IPv4 and MPLS over IPv4 tunneling driver
[    2.109629] NET: Registered protocol family 17
[    2.114086] NET: Registered protocol family 15
[    2.118548] can: controller area network core (rev 20170425 abi 9)
[    2.124925] NET: Registered protocol family 29
[    2.129385] can: raw protocol (rev 20170425)
[    2.133651] can: broadcast manager protocol (rev 20170425 t)
[    2.139329] can: netlink gateway (rev 20170425) max_hops=1
[    2.145001] Bluetooth: RFCOMM socket layer initialized
[    2.150177] Bluetooth: RFCOMM ver 1.11
[    2.153934] Bluetooth: BNEP (Ethernet Emulation) ver 1.3
[    2.159264] Bluetooth: BNEP socket layer initialized
[    2.164224] Bluetooth: HIDP (Human Interface Emulation) ver 1.2
[    2.170160] Bluetooth: HIDP socket layer initialized
[    2.175335] Key type dns_resolver registered
[    2.180120] Registering SWP/SWPB emulation handler
[    2.185719] Loading compiled-in X.509 certificates
[    2.209863] usb1_vbus: supplied by vdd-sys-5v0
[    2.214944] usb2_vbus: supplied by vdd-sys-5v0
[    2.221042] VDD_5V0_HDMI_CON: supplied by vdd-sys-5v0
[    2.230736] [drm] Supports vblank timestamp caching Rev 2 (21.10.2013).
[    2.237385] [drm] No driver support for vblank timestamp query.
[    2.338403] Console: switching to colour frame buffer device 240x75
[    2.376942] drm drm: fb0:  frame buffer device
[    2.381557] [drm] Initialized tegra 0.0.0 20120330 for drm on minor 0
[    2.389196] tegra-ehci 7d008000.usb: EHCI Host Controller
[    2.394619] tegra-ehci 7d008000.usb: new USB bus registered, assigned bus number 1
[    2.402493] alloc_contig_range: [fbc4b, fbc4c) PFNs busy
[    2.408010] alloc_contig_range: [fbc60, fbc61) PFNs busy
[    2.413498] alloc_contig_range: [fbc61, fbc62) PFNs busy
[    2.419020] alloc_contig_range: [fbc62, fbc63) PFNs busy
[    2.424507] alloc_contig_range: [fbc63, fbc64) PFNs busy
[    2.430019] alloc_contig_range: [fbc64, fbc65) PFNs busy
[    2.435516] alloc_contig_range: [fbc65, fbc66) PFNs busy
[    2.441029] alloc_contig_range: [fbc66, fbc67) PFNs busy
[    2.446541] alloc_contig_range: [fbc67, fbc68) PFNs busy
[    2.452039] alloc_contig_range: [fbc68, fbc69) PFNs busy
[    2.953013] tegra-ehci 7d008000.usb: irq 340, io mem 0x7d008000
[    2.986591] tegra-ehci 7d008000.usb: USB 2.0 started, EHCI 1.10
[    2.993788] hub 1-0:1.0: USB hub found
[    2.997675] hub 1-0:1.0: 1 port detected
[    3.002979] input: gpio-keys as /devices/soc0/gpio-keys/input/input1
[    3.011847] palmas-rtc 7000d000.i2c:tps65913@58:rtc: setting system clock to 2000-06-23 17:20:33 UTC (961780833)
[    3.022376] cfg80211: Loading compiled-in X.509 certificates for regulatory database
[    3.034399] cfg80211: Loaded X.509 cert 'sforshee: 00b28ddf47aef9cea7'
[    3.041246] platform regulatory.0: Direct firmware load for regulatory.db failed with error -2
[    3.049937] cfg80211: failed to load regulatory.db
[    3.056562] dvdd_ts: disabling
[    3.059637] usb1_vbus: disabling
[    3.062867] vdd_cam_1v8_reg: disabling
[    3.066676] ALSA device list:
[    3.069653]   #0: NVIDIA Tegra Dalmore
[    3.074986] EXT4-fs (mmcblk1p1): mounting ext3 file system using the ext4 subsystem
[    3.097736] EXT4-fs (mmcblk1p1): recovery complete
[    3.102556] EXT4-fs (mmcblk1p1): mounted filesystem with ordered data mode. Opts: (null)
[    3.110784] VFS: Mounted root (ext3 filesystem) on device 179:1.
[    3.123059] devtmpfs: mounted
[    3.127168] Freeing unused kernel memory: 1024K
bash: cannot set terminal process group (-1): Inappropriate ioctl for device
bash: no job control in this shell
root@(none):/# [    3.376599] usb 1-1: new high-speed USB device number 2 using tegra-ehci
[    4.061957] asix 1-1:1.0 eth0: register 'asix' at usb-7d008000.usb-1, ASIX AX88772 USB 2.0 Ethernet, 00:50:b6:0d:b5:16
mount -t sysfs none /sys
root@(none):/# 
root@(none):/# mount -t debugfs none /sys/kernel/debug
root@(none):/# 
root@(none):/# rtcwake -d rtc1 -m mem -s 3
rtcwake: assuming RTC uses UTC ...
rtcwake: wakeup from "mem" using /dev/rtc1 at Thu Jan  1 00:00:21 1970
[    6.283270] PM: suspend entry (deep)
[    6.286927] PM: Syncing filesystems ... done.
[    6.293583] Freezing user space processes ... (elapsed 0.001 seconds) done.
[    6.294798] OOM killer disabled.
[    6.294803] Freezing remaining freezable tasks ... (elapsed 0.001 seconds) done.
[    6.296101] Suspending console(s) (use no_console_suspend to debug)
[    6.434422] Disabling non-boot CPUs ...
[    6.566898] IRQ17 no longer affine to CPU2
[    6.627989] Entering suspend state LP1
[    6.628036] Enabling non-boot CPUs ...
[    6.629704] CPU1 is up
[    6.631280] CPU2 is up
[    6.633020] CPU3 is up
[    7.272898] OOM killer enabled.
[    7.276035] Restarting tasks ... done.
root@(none):/# 
root@(none):/# [    7.280790] PM: suspend exit
rtcwake -d rtc1 -m mem -s 3
rtcwake: assuming RTC uses UTC ...
rtcwake: wakeup from "mem" using /dev/rtc1 at Thu Jan  1 00:00:31 1970
[    8.521886] PM: suspend entry (deep)
[    8.525465] PM: Syncing filesystems ... done.
[    8.530765] Freezing user space processes ... (elapsed 0.001 seconds) done.
[    8.532102] OOM killer disabled.
[    8.532106] Freezing remaining freezable tasks ... (elapsed 0.001 seconds) done.
[    8.533455] Suspending console(s) (use no_console_suspend to debug)
[    8.674639] Disabling non-boot CPUs ...
[    8.807792] Entering suspend state LP1
[    8.807839] Enabling non-boot CPUs ...
[    8.809527] CPU1 is up
[    8.811125] CPU2 is up
[    8.812880] CPU3 is up
[    9.449368] OOM killer enabled.
[    9.452512] Restarting tasks ... done.
root@(none):/# 
root@(none):/# [    9.457197] PM: suspend exit
rtcwake -d rtc1 -m mem -s 3
rtcwake: assuming RTC uses UTC ...
rtcwake: wakeup from "mem" using /dev/rtc1 at Thu Jan  1 00:00:41 1970
[   10.121874] PM: suspend entry (deep)
[   10.125453] PM: Syncing filesystems ... done.
[   10.130998] Freezing user space processes ... (elapsed 0.001 seconds) done.
[   10.132308] OOM killer disabled.
[   10.132312] Freezing remaining freezable tasks ... (elapsed 0.014 seconds) done.
[   10.146572] Suspending console(s) (use no_console_suspend to debug)
[   10.274192] Disabling non-boot CPUs ...
[   10.326854] IRQ17 no longer affine to CPU1
[   10.437766] Entering suspend state LP1
[   10.437812] Enabling non-boot CPUs ...
[   10.439503] CPU1 is up
[   10.441095] CPU2 is up
[   10.442851] CPU3 is up
[   11.082779] OOM killer enabled.
[   11.085914] Restarting tasks ... done.
root@(none):/# 
root@(none):/# [   11.090560] PM: suspend exit
rtcwake -d rtc1 -m mem -s 3
rtcwake: assuming RTC uses UTC ...
rtcwake: wakeup from "mem" using /dev/rtc1 at Thu Jan  1 00:00:51 1970
[   12.337675] PM: suspend entry (deep)
[   12.341254] PM: Syncing filesystems ... done.
[   12.346505] Freezing user space processes ... (elapsed 0.001 seconds) done.
[   12.347805] OOM killer disabled.
[   12.347810] Freezing remaining freezable tasks ... (elapsed 0.001 seconds) done.
[   12.349162] Suspending console(s) (use no_console_suspend to debug)
[   12.504524] Disabling non-boot CPUs ...
[   12.556821] IRQ17 no longer affine to CPU1
[   12.697695] Entering suspend state LP1
[   12.697741] Enabling non-boot CPUs ...
[   12.699435] CPU1 is up
[   12.701032] CPU2 is up
[   12.702791] CPU3 is up
[   13.341866] OOM killer enabled.
[   13.345002] Restarting tasks ... done.
root@(none):/# 
root@(none):/# [   13.349694] PM: suspend exit
rtcwake -d rtc1 -m mem -s 3
rtcwake: assuming RTC uses UTC ...
rtcwake: wakeup from "mem" using /dev/rtc1 at Thu Jan  1 00:01:01 1970
[   14.022969] PM: suspend entry (deep)
[   14.026591] PM: Syncing filesystems ... done.
[   14.031675] Freezing user space processes ... (elapsed 0.001 seconds) done.
[   14.032977] OOM killer disabled.
[   14.032982] Freezing remaining freezable tasks ... (elapsed 0.001 seconds) done.
[   14.034338] Suspending console(s) (use no_console_suspend to debug)
[   14.174414] Disabling non-boot CPUs ...
[   14.226806] IRQ17 no longer affine to CPU1
[   14.347685] Entering suspend state LP1
[   14.347732] Enabling non-boot CPUs ...
[   14.349423] CPU1 is up
[   14.351013] CPU2 is up
[   14.352766] CPU3 is up
[   14.992987] OOM killer enabled.
[   14.996123] Restarting tasks ... done.
root@(none):/# 
root@(none):/# [   15.000764] PM: suspend exit
rtcwake -d rtc1 -m mem -s 3
rtcwake: assuming RTC uses UTC ...
rtcwake: wakeup from "mem" using /dev/rtc1 at Thu Jan  1 00:01:11 1970
[   16.251812] PM: suspend entry (deep)
[   16.255395] PM: Syncing filesystems ... done.
[   16.260853] Freezing user space processes ... (elapsed 0.001 seconds) done.
[   16.262188] OOM killer disabled.
[   16.262193] Freezing remaining freezable tasks ... (elapsed 0.001 seconds) done.
[   16.263525] Suspending console(s) (use no_console_suspend to debug)
[   16.414655] Disabling non-boot CPUs ...
[   16.566607] IRQ17 no longer affine to CPU3
[   16.567651] Entering suspend state LP1
[   16.567698] Enabling non-boot CPUs ...
[   16.569393] CPU1 is up
[   16.570998] CPU2 is up
[   16.572748] CPU3 is up
[   17.211900] OOM killer enabled.
[   17.215036] Restarting tasks ... done.
root@(none):/# 
root@(none):/# [   17.219716] PM: suspend exit
rtcwake -d rtc1 -m mem -s 3
rtcwake: assuming RTC uses UTC ...
rtcwake: wakeup from "mem" using /dev/rtc1 at Thu Jan  1 00:01:21 1970
[   17.878841] PM: suspend entry (deep)
[   17.882420] PM: Syncing filesystems ... done.
[   17.887643] Freezing user space processes ... (elapsed 0.001 seconds) done.
[   17.888959] OOM killer disabled.
[   17.888964] Freezing remaining freezable tasks ... (elapsed 0.001 seconds) done.
[   17.890300] Suspending console(s) (use no_console_suspend to debug)
[   18.034344] Disabling non-boot CPUs ...
[   18.197645] Entering suspend state LP1
[   18.197691] Enabling non-boot CPUs ...
[   18.199389] CPU1 is up
[   18.200987] CPU2 is up
[   18.202744] CPU3 is up
[   18.838530] OOM killer enabled.
[   18.841675] Restarting tasks ... done.
root@(none):/# 
root@(none):/# [   18.846339] PM: suspend exit
rtcwake -d rtc1 -m mem -s 3
rtcwake: assuming RTC uses UTC ...
rtcwake: wakeup from "mem" using /dev/rtc1 at Thu Jan  1 00:01:31 1970
[   20.101510] PM: suspend entry (deep)
[   20.105088] PM: Syncing filesystems ... done.
[   20.110577] Freezing user space processes ... (elapsed 0.001 seconds) done.
[   20.111797] OOM killer disabled.
[   20.111801] Freezing remaining freezable tasks ... (elapsed 0.001 seconds) done.
[   20.113146] Suspending console(s) (use no_console_suspend to debug)
[   20.263981] Disabling non-boot CPUs ...
[   20.296649] IRQ17 no longer affine to CPU1
[   20.417522] Entering suspend state LP1
[   20.417568] Enabling non-boot CPUs ...
[   20.419272] CPU1 is up
[   20.420868] CPU2 is up
[   20.422615] CPU3 is up
[   21.062678] OOM killer enabled.
[   21.065813] Restarting tasks ... done.
root@(none):/# 
root@(none):/# [   21.070477] PM: suspend exit
rtcwake -d rtc1 -m mem -s 3
rtcwake: assuming RTC uses UTC ...
rtcwake: wakeup from "mem" using /dev/rtc1 at Thu Jan  1 00:01:41 1970
[   21.741225] PM: suspend entry (deep)
[   21.744803] PM: Syncing filesystems ... done.
[   21.750295] Freezing user space processes ... (elapsed 0.001 seconds) done.
[   21.751609] OOM killer disabled.
[   21.751614] Freezing remaining freezable tasks ... (elapsed 0.001 seconds) done.
[   21.752949] Suspending console(s) (use no_console_suspend to debug)
[   21.893902] Disabling non-boot CPUs ...
[   22.046478] IRQ17 no longer affine to CPU3
[   22.047496] Entering suspend state LP1
[   22.047542] Enabling non-boot CPUs ...
[   22.049237] CPU1 is up
[   22.050827] CPU2 is up
[   22.052572] CPU3 is up
[   22.692734] OOM killer enabled.
[   22.695869] Restarting tasks ... done.
root@(none):/# 
root@(none):/# [   22.700513] PM: suspend exit
rtcwake -d rtc1 -m mem -s 3
rtcwake: assuming RTC uses UTC ...
rtcwake: wakeup from "mem" using /dev/rtc1 at Thu Jan  1 00:01:51 1970
[   23.950354] PM: suspend entry (deep)
[   23.953932] PM: Syncing filesystems ... done.
[   23.959592] Freezing user space processes ... (elapsed 0.001 seconds) done.
[   23.960946] OOM killer disabled.
[   23.960951] Freezing remaining freezable tasks ... (elapsed 0.001 seconds) done.
[   23.962305] Suspending console(s) (use no_console_suspend to debug)
[   24.113883] Disabling non-boot CPUs ...
[   24.166573] IRQ17 no longer affine to CPU1
[   24.287641] Entering suspend state LP1
[   24.287687] Enabling non-boot CPUs ...
[   24.289394] CPU1 is up
[   24.290997] CPU2 is up
[   24.292760] CPU3 is up
[   24.932947] OOM killer enabled.
[   24.936100] Restarting tasks ... done.
root@(none):/# 
root@(none):/# [   24.940705] PM: suspend exit
NVTB SYSTEM SUSPEND TEST COMPLETE
