
U-Boot SPL 2014.01-00219-gc4d376f (Feb 18 2014 - 19:57:18)


U-Boot 2014.01-00219-gc4d376f (Feb 18 2014 - 19:57:18)

TEGRA30
Board: NVIDIA Beaver
I2C:   ready
DRAM:  2 GiB
MMC:   Tegra SD/MMC: 0, Tegra SD/MMC: 1
In:    serial
Out:   serial
Err:   serial
Net:   Net Initialization Skipped
No ethernet found.
Hit any key to stop autoboot:  2  0 
Tegra30 (Beaver) # 
Tegra30 (Beaver) # usb reset
(Re)start USB...
USB0:   USB EHCI 1.00
scanning bus 0 for devices... 2 USB Device(s) found
       scanning usb for storage devices... 0 Storage Device(s) found
       scanning usb for ethernet devices... 
Warning: asx0 using MAC address from net device
1 Ethernet Device(s) found
Tegra30 (Beaver) # setenv bootargs 'ignore_loglevel console=ttyS0,115200n8 rw root=PARTUUID=edbe1840-3633-c751-7993-b0ac834f81e0 rootwait gpt debug noinitrd earlyprintk init=/bin/bash'
Tegra30 (Beaver) # setenv ipaddr 192.168.100.101; setenv serverip 192.168.100.1; setenv tftpserverip 192.168.100.1
Tegra30 (Beaver) # tftpboot 0x81000000 zImage.multi_v7_defconfig
Using asx0 device
TFTP from server 192.168.100.1; our IP address is 192.168.100.101
Filename 'zImage.multi_v7_defconfig'.
Load address: 0x81000000
Loading: *#################################################################
	 #################################################################
	 #################################################################
	 #################################################################
	 #################################################################
	 #################################################################
	 #################################################################
	 #################################################################
	 ####################################
	 3.4 MiB/s
done
Bytes transferred = 8159752 (7c8208 hex)
Tegra30 (Beaver) # tftpboot 0x82000000 tegra30-beaver.dtb
Using asx0 device
TFTP from server 192.168.100.1; our IP address is 192.168.100.101
Filename 'tegra30-beaver.dtb'.
Load address: 0x82000000
Loading: *####
	 3.3 MiB/s
done
Bytes transferred = 51860 (ca94 hex)
Tegra30 (Beaver) # bootz 0x81000000 - 0x82000000
Kernel image @ 0x81000000 [ 0x000000 - 0x7c8200 ]
## Flattened Device Tree blob at 82000000
   Booting using the fdt blob at 0x82000000
   Loading Device Tree to 8fff0000, end 8ffffa93 ... OK

Starting kernel ...

[    0.000000] Booting Linux on physical CPU 0x0
[    0.000000] Linux version 4.13.0-next-20170908-199620-gda52d78 (jonathanh@sellafield) (gcc version 4.7.3 20130328 (prerelease) (crosstool-NG linaro-1.13.1-4.7-2013.04-20130415 - Linaro GCC 2013.04)) #1 SMP Mon Sep 11 15:35:44 PDT 2017
[    0.000000] CPU: ARMv7 Processor [412fc099] revision 9 (ARMv7), cr=10c5387d
[    0.000000] CPU: PIPT / VIPT nonaliasing data cache, VIPT aliasing instruction cache
[    0.000000] OF: fdt: Machine model: NVIDIA Tegra30 Beaver evaluation board
[    0.000000] debug: ignoring loglevel setting.
[    0.000000] Memory policy: Data cache writealloc
[    0.000000] efi: Getting EFI parameters from FDT:
[    0.000000] efi: UEFI not found.
[    0.000000] cma: Reserved 64 MiB at 0xfb800000
[    0.000000] On node 0 totalpages: 524032
[    0.000000] free_area_init_node: node 0, pgdat c158e5c0, node_mem_map eeff8000
[    0.000000]   DMA zone: 1536 pages used for memmap
[    0.000000]   DMA zone: 0 pages reserved
[    0.000000]   DMA zone: 196608 pages, LIFO batch:31
[    0.000000]   HighMem zone: 327424 pages, LIFO batch:31
[    0.000000] random: fast init done
[    0.000000] percpu: Embedded 17 pages/cpu @eef88000 s39424 r8192 d22016 u69632
[    0.000000] pcpu-alloc: s39424 r8192 d22016 u69632 alloc=17*4096
[    0.000000] pcpu-alloc: [0] 0 [0] 1 [0] 2 [0] 3 
[    0.000000] Built 1 zonelists, mobility grouping on.  Total pages: 522496
[    0.000000] Kernel command line: ignore_loglevel console=ttyS0,115200n8 rw root=PARTUUID=edbe1840-3633-c751-7993-b0ac834f81e0 rootwait gpt debug noinitrd earlyprintk init=/bin/bash
[    0.000000] PID hash table entries: 4096 (order: 2, 16384 bytes)
[    0.000000] Dentry cache hash table entries: 131072 (order: 7, 524288 bytes)
[    0.000000] Inode-cache hash table entries: 65536 (order: 6, 262144 bytes)
[    0.000000] Memory: 1993400K/2096128K available (10240K kernel code, 1626K rwdata, 4508K rodata, 2048K init, 405K bss, 37192K reserved, 65536K cma-reserved, 1244160K highmem)
[    0.000000] Virtual kernel memory layout:
[    0.000000]     vector  : 0xffff0000 - 0xffff1000   (   4 kB)
[    0.000000]     fixmap  : 0xffc00000 - 0xfff00000   (3072 kB)
[    0.000000]     vmalloc : 0xf0800000 - 0xff800000   ( 240 MB)
[    0.000000]     lowmem  : 0xc0000000 - 0xf0000000   ( 768 MB)
[    0.000000]     pkmap   : 0xbfe00000 - 0xc0000000   (   2 MB)
[    0.000000]     modules : 0xbf000000 - 0xbfe00000   (  14 MB)
[    0.000000]       .text : 0xc0208000 - 0xc0d00000   (11232 kB)
[    0.000000]       .init : 0xc1200000 - 0xc1400000   (2048 kB)
[    0.000000]       .data : 0xc1400000 - 0xc1596910   (1627 kB)
[    0.000000]        .bss : 0xc159fbc0 - 0xc160537c   ( 406 kB)
[    0.000000] SLUB: HWalign=64, Order=0-3, MinObjects=0, CPUs=4, Nodes=1
[    0.000000] Hierarchical RCU implementation.
[    0.000000] 	RCU event tracing is enabled.
[    0.000000] 	RCU restricting CPUs from NR_CPUS=16 to nr_cpu_ids=4.
[    0.000000] RCU: Adjusting geometry for rcu_fanout_leaf=16, nr_cpu_ids=4
[    0.000000] NR_IRQS: 16, nr_irqs: 16, preallocated irqs: 16
[    0.000000] /interrupt-controller@60004000: 160 interrupts forwarded to /interrupt-controller@50041000
[    0.000000] L2C: platform modifies aux control register: 0x02080000 -> 0x3e480001
[    0.000000] L2C: DT/platform modifies aux control register: 0x02080000 -> 0x3e480001
[    0.000000] L2C-310 erratum 769419 enabled
[    0.000000] L2C-310 enabling early BRESP for Cortex-A9
[    0.000000] L2C-310: enabling full line of zeros but not enabled in Cortex-A9
[    0.000000] L2C-310 dynamic clock gating enabled, standby mode enabled
[    0.000000] L2C-310 cache controller enabled, 8 ways, 1024 kB
[    0.000000] L2C-310: CACHE_ID 0x410000c7, AUX_CTRL 0x4e480001
[    0.000013] sched_clock: 32 bits at 1000kHz, resolution 1000ns, wraps every 2147483647500ns
[    0.000031] clocksource: timer_us: mask: 0xffffffff max_cycles: 0xffffffff, max_idle_ns: 1911260446275 ns
[    0.000040] Switching to timer-based delay loop, resolution 1000ns
[    0.002878] Console: colour dummy device 80x30
[    0.002909] Calibrating delay loop (skipped), value calculated using timer frequency.. 2.00 BogoMIPS (lpj=10000)
[    0.002919] pid_max: default: 32768 minimum: 301
[    0.003002] Mount-cache hash table entries: 2048 (order: 1, 8192 bytes)
[    0.003011] Mountpoint-cache hash table entries: 2048 (order: 1, 8192 bytes)
[    0.003415] CPU: Testing write buffer coherency: ok
[    0.003722] CPU0: thread -1, cpu 0, socket 0, mpidr 80000000
[    0.003946] Setting up static identity map for 0x80300000 - 0x803000a0
[    0.005272] Hierarchical SRCU implementation.
[    0.006587] Tegra Revision: A03 SKU: 128 CPU Process: 4 SoC Process: 0
[    0.007143] EFI services will not be available.
[    0.007243] smp: Bringing up secondary CPUs ...
[    0.010377] CPU1: thread -1, cpu 1, socket 0, mpidr 80000001
[    0.020352] CPU2: thread -1, cpu 2, socket 0, mpidr 80000002
[    0.030334] CPU3: thread -1, cpu 3, socket 0, mpidr 80000003
[    0.030388] smp: Brought up 1 node, 4 CPUs
[    0.030401] SMP: Total of 4 processors activated (8.00 BogoMIPS).
[    0.030406] CPU: All CPU(s) started in SVC mode.
[    0.031122] devtmpfs: initialized
[    0.041490] Built 1 zonelists, mobility grouping on.  Total pages: 514734
[    0.041901] VFP support v0.3: implementor 41 architecture 3 part 30 variant 9 rev 4
[    0.042552] clocksource: jiffies: mask: 0xffffffff max_cycles: 0xffffffff, max_idle_ns: 19112604462750000 ns
[    0.042575] futex hash table entries: 1024 (order: 4, 65536 bytes)
[    0.042793] pinctrl core: initialized pinctrl subsystem
[    0.043955] DMI not present or invalid.
[    0.044183] NET: Registered protocol family 16
[    0.046801] DMA: preallocated 256 KiB pool for atomic coherent allocations
[    0.048592] cpuidle: using governor menu
[    0.062078] No ATAGs?
[    0.062188] hw-breakpoint: found 5 (+1 reserved) breakpoint and 1 watchpoint registers.
[    0.062200] hw-breakpoint: maximum watchpoint size is 4 bytes.
[    0.066433] Serial: AMBA PL011 UART driver
[    0.066909] tegra-mc 7000f000.memory-controller: no memory timings for RAM code 3 registered
[    0.067012] iommu: Adding device reg-dummy to group 0
[    0.067047] iommu: Adding device 3000.pcie to group 1
[    0.067068] iommu: Adding device 50000000.host1x to group 2
[    0.067087] iommu: Adding device 54040000.mpe to group 3
[    0.067105] iommu: Adding device 54080000.vi to group 4
[    0.067124] iommu: Adding device 540c0000.epp to group 5
[    0.067142] iommu: Adding device 54100000.isp to group 6
[    0.067160] iommu: Adding device 54140000.gr2d to group 7
[    0.067178] iommu: Adding device 54180000.gr3d to group 8
[    0.067250] iommu: Adding device 54200000.dc to group 9
[    0.067300] iommu: Adding device 54240000.dc to group 10
[    0.067321] iommu: Adding device 54280000.hdmi to group 11
[    0.067340] iommu: Adding device 50040600.timer to group 12
[    0.067359] iommu: Adding device 50043000.cache-controller to group 13
[    0.067376] iommu: Adding device 60005000.timer to group 14
[    0.067394] iommu: Adding device 60007000.flow-controller to group 15
[    0.067413] iommu: Adding device 6000a000.dma to group 16
[    0.067435] iommu: Adding device 6000c000.ahb to group 17
[    0.067454] iommu: Adding device 6000d000.gpio to group 18
[    0.067472] iommu: Adding device 70000800.apbmisc to group 19
[    0.067496] iommu: Adding device 70000868.pinmux to group 20
[    0.067515] iommu: Adding device 70006000.serial to group 21
[    0.067532] iommu: Adding device 7000e000.rtc to group 22
[    0.067550] iommu: Adding device 7000c000.i2c to group 23
[    0.067568] iommu: Adding device 7000c400.i2c to group 24
[    0.067592] iommu: Adding device 7000c500.i2c to group 25
[    0.067613] iommu: Adding device 7000c700.i2c to group 26
[    0.067631] iommu: Adding device 7000d000.i2c to group 27
[    0.067650] iommu: Adding device 7000da00.spi to group 28
[    0.067669] iommu: Adding device 7000e400.pmc to group 29
[    0.067688] iommu: Adding device 7000f000.memory-controller to group 30
[    0.067713] iommu: Adding device 7000f800.fuse to group 31
[    0.067735] iommu: Adding device 70080000.ahub to group 32
[    0.067755] iommu: Adding device 78000000.sdhci to group 33
[    0.067778] iommu: Adding device 78000600.sdhci to group 34
[    0.067795] iommu: Adding device 7d000000.usb to group 35
[    0.067815] iommu: Adding device 7d000000.usb-phy to group 36
[    0.067833] iommu: Adding device 7d004000.usb to group 37
[    0.067852] iommu: Adding device 7d004000.usb-phy to group 38
[    0.067870] iommu: Adding device 7d008000.usb to group 39
[    0.067890] iommu: Adding device 7d008000.usb-phy to group 40
[    0.067907] iommu: Adding device pmu to group 41
[    0.067935] iommu: Adding device clocks to group 42
[    0.067954] iommu: Adding device gpio-leds to group 43
[    0.067971] iommu: Adding device regulators to group 44
[    0.067990] iommu: Adding device regulators:regulator@0 to group 45
[    0.068009] iommu: Adding device regulators:regulator@1 to group 46
[    0.068027] iommu: Adding device regulators:regulator@2 to group 47
[    0.068044] iommu: Adding device regulators:regulator@3 to group 48
[    0.068061] iommu: Adding device regulators:regulator@4 to group 49
[    0.068079] iommu: Adding device regulators:regulator@5 to group 50
[    0.068103] iommu: Adding device regulators:regulator@6 to group 51
[    0.068127] iommu: Adding device regulators:regulator@7 to group 52
[    0.068145] iommu: Adding device regulators:regulator@8 to group 53
[    0.068163] iommu: Adding device sound to group 54
[    0.076592] AT91: Could not find identification node
[    0.077095] vdd_5v_sata: Failed to request enable GPIO30: -517
[    0.077109] reg-fixed-voltage regulators:regulator@3: Failed to register regulator: -517
[    0.077160] usb1_vbus: Failed to request enable GPIO238: -517
[    0.077167] reg-fixed-voltage regulators:regulator@4: Failed to register regulator: -517
[    0.077216] usb3_vbus: Failed to request enable GPIO236: -517
[    0.077223] reg-fixed-voltage regulators:regulator@5: Failed to register regulator: -517
[    0.077324] sys_3v3_pexs: Failed to request enable GPIO95: -517
[    0.077332] reg-fixed-voltage regulators:regulator@7: Failed to register regulator: -517
[    0.079135] vgaarb: loaded
[    0.079602] SCSI subsystem initialized
[    0.079737] libata version 3.00 loaded.
[    0.079867] usbcore: registered new interface driver usbfs
[    0.079903] usbcore: registered new interface driver hub
[    0.079976] usbcore: registered new device driver usb
[    0.084297] iommu: Adding device tps65910-gpio to group 55
[    0.084570] iommu: Adding device tps65910-pmic to group 56
[    0.087044] vrtc: supplied by vdd_5v_in
[    0.090327] vio: supplied by vdd_5v_in
[    0.101801] vdd1: supplied by vdd_5v_in
[    0.103157] vddio_ddr_1v2: Bringing 600000uV into 1200000-1200000uV
[    0.111820] vdd2: supplied by vdd_5v_in
[    0.131810] ldo1: supplied by vdd_1v5_gen
[    0.134186] ldo2: supplied by vdd_1v5_gen
[    0.134655] vdd_sata,avdd_plle: Bringing 1200000uV into 1050000-1050000uV
[    0.136872] ldo3: supplied by vdd_5v_in
[    0.139219] ldo4: supplied by vdd_5v_in
[    0.141801] ldo5: supplied by vdd_5v_in
[    0.151807] ldo6: supplied by vdd_1v8_gen
[    0.152279] avdd_dsi_csi,pwrdet_mipi: Bringing 1000000uV into 1200000-1200000uV
[    0.154515] ldo7: supplied by vdd_1v8_gen
[    0.161805] ldo8: supplied by vdd_1v8_gen
[    0.170082] iommu: Adding device tps65910-rtc to group 57
[    0.170199] iommu: Adding device tps65910-power to group 58
[    0.171976] pps_core: LinuxPPS API ver. 1 registered
[    0.171983] pps_core: Software ver. 5.3.6 - Copyright 2005-2007 Rodolfo Giometti <giometti@linux.it>
[    0.171999] PTP clock support registered
[    0.172134] EDAC MC: Ver: 3.0.0
[    0.172329] dmi: Firmware registration failed.
[    0.173638] clocksource: Switched to clocksource timer_us
[    0.205772] NET: Registered protocol family 2
[    0.206184] TCP established hash table entries: 8192 (order: 3, 32768 bytes)
[    0.206241] TCP bind hash table entries: 8192 (order: 4, 65536 bytes)
[    0.206325] TCP: Hash tables configured (established 8192 bind 8192)
[    0.206476] UDP hash table entries: 512 (order: 2, 16384 bytes)
[    0.206558] UDP-Lite hash table entries: 512 (order: 2, 16384 bytes)
[    0.206729] NET: Registered protocol family 1
[    0.207067] RPC: Registered named UNIX socket transport module.
[    0.207075] RPC: Registered udp transport module.
[    0.207079] RPC: Registered tcp transport module.
[    0.207084] RPC: Registered tcp NFSv4.1 backchannel transport module.
[    0.207094] PCI: CLS 0 bytes, default 64
[    0.207950] hw perfevents: no interrupt-affinity property for /pmu, guessing.
[    0.208180] hw perfevents: enabled with armv7_cortex_a9 PMU driver, 7 counters available
[    0.208675] iommu: Adding device alarmtimer to group 59
[    0.209365] workingset: timestamp_bits=30 max_order=19 bucket_order=0
[    0.212745] squashfs: version 4.0 (2009/01/31) Phillip Lougher
[    0.213142] NFS: Registering the id_resolver key type
[    0.213175] Key type id_resolver registered
[    0.213180] Key type id_legacy registered
[    0.213209] ntfs: driver 2.1.32 [Flags: R/O].
[    0.214219] bounce: pool size: 64 pages
[    0.214257] Block layer SCSI generic (bsg) driver version 0.4 loaded (major 248)
[    0.214265] io scheduler noop registered
[    0.214270] io scheduler deadline registered
[    0.214433] io scheduler cfq registered (default)
[    0.214440] io scheduler mq-deadline registered
[    0.214445] io scheduler kyber registered
[    0.220696] tegra30-pinctrl 70000868.pinmux: invalid group "sdmmc3_dat6_pd3" for function "rsvd1"
[    0.220711] tegra30-pinctrl 70000868.pinmux: invalid group "sdmmc3_dat7_pd4" for function "rsvd1"
[    0.220725] tegra30-pinctrl 70000868.pinmux: invalid group "vi_vsync_pd6" for function "rsvd1"
[    0.220735] tegra30-pinctrl 70000868.pinmux: invalid group "vi_hsync_pd7" for function "rsvd1"
[    0.221169] tegra30-pinctrl 70000868.pinmux: invalid group "hdmi_int_pn7" for function "rsvd1"
[    0.221211] tegra30-pinctrl 70000868.pinmux: invalid group "ulpi_data3_po4" for function "rsvd1"
[    0.221536] tegra30-pinctrl 70000868.pinmux: invalid group "vi_d10_pt2" for function "rsvd1"
[    0.221548] tegra30-pinctrl 70000868.pinmux: invalid group "vi_d11_pt3" for function "rsvd1"
[    0.221560] tegra30-pinctrl 70000868.pinmux: invalid group "vi_d0_pt4" for function "rsvd1"
[    0.221599] tegra30-pinctrl 70000868.pinmux: invalid group "pu0" for function "rsvd1"
[    0.221628] tegra30-pinctrl 70000868.pinmux: invalid group "pu3" for function "rsvd1"
[    0.221657] tegra30-pinctrl 70000868.pinmux: invalid group "pu6" for function "rsvd1"
[    0.221696] tegra30-pinctrl 70000868.pinmux: invalid group "pv3" for function "rsvd1"
[    0.222164] tegra30-pinctrl 70000868.pinmux: invalid group "pbb0" for function "rsvd1"
[    0.222286] tegra30-pinctrl 70000868.pinmux: invalid group "pcc1" for function "rsvd1"
[    0.227580] tegra-pcie 3000.pcie: 2x3 configuration
[    0.227749] tegra-pcie 3000.pcie: Failed to get supply 'hvdd-pex': -517
[    0.233431] tegra-apbdma 6000a000.dma: Tegra20 APB DMA driver register 32 channels
[    0.235464] tegra-pmc 7000e400.pmc: i2c-thermtrip node not found, emergency thermal reset disabled.
[    0.264138] Serial: 8250/16550 driver, 4 ports, IRQ sharing disabled
[    0.264228] iommu: Adding device serial8250 to group 60
[    0.266242] console [ttyS0] disabled
[    0.266279] 70006000.serial: ttyS0 at MMIO 0x70006000 (irq = 331, base_baud = 25500000) is a Tegra
[    1.647206] console [ttyS0] enabled
[    1.651223] SuperH (H)SCI(F) driver initialized
[    1.656362] msm_serial: driver initialized
[    1.660558] STMicroelectronics ASC driver initialized
[    1.669544] tegra-hdmi 54280000.hdmi: failed to get HDMI regulator
[    1.682482] brd: module loaded
[    1.690826] loop: module loaded
[    1.699724] m25p80 spi0.1: w25q32 (4096 Kbytes)
[    1.705526] iommu: Adding device Fixed MDIO bus.0 to group 61
[    1.711672] libphy: Fixed MDIO Bus: probed
[    1.716414] CAN device driver interface
[    1.720791] bgmac_bcma: Broadcom 47xx GBit MAC driver loaded
[    1.727198] e1000e: Intel(R) PRO/1000 Network Driver - 3.2.6-k
[    1.733014] e1000e: Copyright(c) 1999 - 2015 Intel Corporation.
[    1.738963] igb: Intel(R) Gigabit Ethernet Network Driver - version 5.4.0-k
[    1.745914] igb: Copyright (c) 2007-2014 Intel Corporation.
[    1.753526] pegasus: v0.9.3 (2013/04/25), Pegasus/Pegasus II USB Ethernet driver
[    1.760970] usbcore: registered new interface driver pegasus
[    1.766647] usbcore: registered new interface driver asix
[    1.772049] usbcore: registered new interface driver ax88179_178a
[    1.778153] usbcore: registered new interface driver cdc_ether
[    1.784008] usbcore: registered new interface driver smsc75xx
[    1.789761] usbcore: registered new interface driver smsc95xx
[    1.795521] usbcore: registered new interface driver net1080
[    1.801181] usbcore: registered new interface driver cdc_subset
[    1.807114] usbcore: registered new interface driver zaurus
[    1.812701] usbcore: registered new interface driver cdc_ncm
[    1.818548] tegra-phy 7d000000.usb-phy: no vbus regulator
[    1.826296] ehci_hcd: USB 2.0 'Enhanced' Host Controller (EHCI) Driver
[    1.832808] ehci-pci: EHCI PCI platform driver
[    1.837280] ehci-platform: EHCI generic platform driver
[    1.842612] ehci-orion: EHCI orion driver
[    1.846710] SPEAr-ehci: EHCI SPEAr driver
[    1.850782] ehci-st: EHCI STMicroelectronics driver
[    1.855734] ehci-exynos: EHCI EXYNOS driver
[    1.859990] ehci-atmel: EHCI Atmel driver
[    1.864072] tegra-ehci: Tegra EHCI driver
[    1.868376] ohci_hcd: USB 1.1 'Open' Host Controller (OHCI) Driver
[    1.874564] ohci-pci: OHCI PCI platform driver
[    1.879023] ohci-platform: OHCI generic platform driver
[    1.884357] SPEAr-ohci: OHCI SPEAr driver
[    1.888431] ohci-st: OHCI STMicroelectronics driver
[    1.893369] ohci-atmel: OHCI Atmel driver
[    1.897815] usbcore: registered new interface driver usb-storage
[    1.906078] utmi_phy_clk_enable: timeout waiting for phy to stabilize
[    1.912580] iommu: Adding device ci_hdrc.0 to group 62
[    1.923251] tegra_rtc 7000e000.rtc: rtc core: registered 7000e000.rtc as rtc1
[    1.930423] tegra_rtc 7000e000.rtc: Tegra internal Real Time Clock
[    1.949172] tps65910-rtc tps65910-rtc: rtc core: registered tps65910-rtc as rtc0
[    1.956770] i2c /dev entries driver
[    1.962394] IR NEC protocol handler initialized
[    1.966929] IR RC5(x/sz) protocol handler initialized
[    1.971965] IR RC6 protocol handler initialized
[    1.976489] IR JVC protocol handler initialized
[    1.981004] IR Sony protocol handler initialized
[    1.985612] IR SANYO protocol handler initialized
[    1.990300] IR Sharp protocol handler initialized
[    1.994996] IR MCE Keyboard/mouse protocol handler initialized
[    2.000811] IR XMP protocol handler initialized
[    2.011361] sdhci: Secure Digital Host Controller Interface driver
[    2.017550] sdhci: Copyright(c) Pierre Ossman
[    2.022825] Synopsys Designware Multimedia Card Interface Driver
[    2.029578] sdhci-pltfm: SDHCI platform and OF driver helper
[    2.035770] sdhci-tegra 78000000.sdhci: Got CD GPIO
[    2.040642] sdhci-tegra 78000000.sdhci: Got WP GPIO
[    2.053818] mmc0: Invalid maximum block size, assuming 512 bytes
[    2.123731] mmc0: SDHCI controller on 78000000.sdhci [78000000.sdhci] using ADMA
[    2.140095] mmc1: Invalid maximum block size, assuming 512 bytes
[    2.203659] mmc1: SDHCI controller on 78000600.sdhci [78000600.sdhci] using ADMA
[    2.212487] ledtrig-cpu: registered to indicate activity on CPUs
[    2.218754] usbcore: registered new interface driver usbhid
[    2.224325] usbhid: USB HID core driver
[    2.230678] NET: Registered protocol family 10
[    2.235861] Segment Routing with IPv6
[    2.239571] sit: IPv6, IPv4 and MPLS over IPv4 tunneling driver
[    2.245889] NET: Registered protocol family 17
[    2.250326] can: controller area network core (rev 20170425 abi 9)
[    2.256556] NET: Registered protocol family 29
[    2.260987] can: raw protocol (rev 20170425)
[    2.265261] can: broadcast manager protocol (rev 20170425 t)
[    2.270909] can: netlink gateway (rev 20170425) max_hops=1
[    2.276645] Key type dns_resolver registered
[    2.281286] ThumbEE CPU extension supported.
[    2.285568] Registering SWP/SWPB emulation handler
[    2.300418] vdd_ddr: supplied by vdd_5v_in
[    2.305397] vdd_5v_sata: supplied by vdd_5v_in
[    2.310138] usb1_vbus: supplied by vdd_5v_in
[    2.314757] usb3_vbus: supplied by vdd_5v_in
[    2.320257] sys_3v3,vdd_3v3_alw: supplied by vdd_5v_in
[    2.326218] sys_3v3_pexs: supplied by sys_3v3,vdd_3v3_alw
[    2.331758] +VDD_5V_HDMI: supplied by sys_3v3,vdd_3v3_alw
[    2.337880] tegra-pcie 3000.pcie: 2x3 configuration
[    2.346042] tegra-pcie 3000.pcie: probing port 0, using 2 lanes
[    2.359440] mmc1: new high speed MMC card at address 0001
[    2.365643] mmcblk1: mmc1:0001 SEM16G 14.8 GiB 
[    2.370724] mmcblk1boot0: mmc1:0001 SEM16G partition 1 1.00 MiB
[    2.377217] mmcblk1boot1: mmc1:0001 SEM16G partition 2 1.00 MiB
[    2.383684] mmcblk1rpmb: mmc1:0001 SEM16G partition 3 128 KiB
[    2.393331] Primary GPT is invalid, using alternate GPT.
[    2.398666]  mmcblk1: p1 p2 p3 p4 p5
[    2.404173] mmc0: new ultra high speed DDR50 SDHC card at address aaaa
[    2.410305] tegra-pcie 3000.pcie: probing port 2, using 2 lanes
[    2.418054] mmcblk0: mmc0:aaaa SS04G 3.69 GiB 
[    2.452176]  mmcblk0: p1 p2 p3
[    2.814223] tegra-pcie 3000.pcie: link 2 down, retrying
[    3.223275] tegra-pcie 3000.pcie: link 2 down, retrying
[    3.632368] tegra-pcie 3000.pcie: link 2 down, retrying
[    3.639605] tegra-pcie 3000.pcie: link 2 down, ignoring
[    3.644942] tegra-pcie 3000.pcie: PCI host bridge to bus 0000:00
[    3.650937] pci_bus 0000:00: root bus resource [io  0x0000-0xffff]
[    3.657116] pci_bus 0000:00: root bus resource [mem 0x20000000-0x27ffffff]
[    3.663983] pci_bus 0000:00: root bus resource [mem 0x28000000-0x3fffffff pref]
[    3.671276] pci_bus 0000:00: root bus resource [bus 00-ff]
[    3.676781] pci 0000:00:01.0: [10de:0e1c] type 01 class 0x060400
[    3.682785] pci_bus 0000:00: 2-byte config write to 0000:00:01.0 offset 0x4 may corrupt adjacent RW1C bits
[    3.692429] pci_bus 0000:00: 2-byte config write to 0000:00:01.0 offset 0x4 may corrupt adjacent RW1C bits
[    3.702082] pci 0000:00:01.0: enabling Extended Tags
[    3.707044] pci_bus 0000:00: 2-byte config write to 0000:00:01.0 offset 0x88 may corrupt adjacent RW1C bits
[    3.716790] pci_bus 0000:00: 2-byte config write to 0000:00:01.0 offset 0x52 may corrupt adjacent RW1C bits
[    3.726533] pci 0000:00:01.0: PME# supported from D0 D1 D2 D3hot D3cold
[    3.733135] pci_bus 0000:00: 2-byte config write to 0000:00:01.0 offset 0x4c may corrupt adjacent RW1C bits
[    3.743003] pci_bus 0000:00: 2-byte config write to 0000:00:01.0 offset 0x3e may corrupt adjacent RW1C bits
[    3.752736] pci_bus 0000:00: 2-byte config write to 0000:00:01.0 offset 0x4 may corrupt adjacent RW1C bits
[    3.762378] pci_bus 0000:00: 1-byte config write to 0000:00:01.0 offset 0xc may corrupt adjacent RW1C bits
[    3.772016] PCI: bus0: Fast back to back transfers disabled
[    3.777583] pci 0000:00:01.0: bridge configuration invalid ([bus 00-00]), reconfiguring
[    3.785576] pci_bus 0000:00: 2-byte config write to 0000:00:01.0 offset 0x3e may corrupt adjacent RW1C bits
[    3.795304] pci_bus 0000:00: 2-byte config write to 0000:00:01.0 offset 0x3e may corrupt adjacent RW1C bits
[    3.805116] pci 0000:01:00.0: [10ec:8168] type 00 class 0x020000
[    3.811131] pci 0000:01:00.0: reg 0x10: [io  0x0000-0x00ff]
[    3.816716] pci 0000:01:00.0: reg 0x18: [mem 0x00000000-0x00000fff 64bit pref]
[    3.823938] pci 0000:01:00.0: reg 0x20: [mem 0x00000000-0x00003fff 64bit pref]
[    3.831213] pci 0000:01:00.0: supports D1 D2
[    3.835479] pci 0000:01:00.0: PME# supported from D0 D1 D2 D3hot D3cold
[    3.863671] PCI: bus1: Fast back to back transfers disabled
[    3.869233] pci_bus 0000:01: busn_res: [bus 01-ff] end is updated to 01
[    3.875863] pci 0000:00:01.0: BAR 9: assigned [mem 0x28000000-0x280fffff 64bit pref]
[    3.883590] pci 0000:00:01.0: BAR 7: assigned [io  0x1000-0x1fff]
[    3.889683] pci 0000:01:00.0: BAR 4: assigned [mem 0x28000000-0x28003fff 64bit pref]
[    3.897427] pci 0000:01:00.0: BAR 2: assigned [mem 0x28004000-0x28004fff 64bit pref]
[    3.905172] pci 0000:01:00.0: BAR 0: assigned [io  0x1000-0x10ff]
[    3.911254] pci 0000:00:01.0: PCI bridge to [bus 01]
[    3.916215] pci 0000:00:01.0:   bridge window [io  0x1000-0x1fff]
[    3.922294] pci 0000:00:01.0:   bridge window [mem 0x28000000-0x280fffff 64bit pref]
[    3.930046] pci 0000:00:01.0: nv_msi_ht_cap_quirk didn't locate host bridge
[    3.937109] pcieport 0000:00:01.0: enabling device (0140 -> 0143)
[    3.943380] pcieport 0000:00:01.0: Signaling PME with IRQ 375
[    3.949377] r8169 Gigabit Ethernet driver 2.3LK-NAPI loaded
[    3.954972] r8169 0000:01:00.0: enabling device (0140 -> 0143)
[    3.961698] r8169 0000:01:00.0 eth0: RTL8168evl/8111evl at 0xf0a2a000, 02:04:4b:01:60:a6, XID 0c900800 IRQ 376
[    3.971701] r8169 0000:01:00.0 eth0: jumbo features [frames: 9200 bytes, tx checksumming: ko]
[    3.983728] [drm] Supports vblank timestamp caching Rev 2 (21.10.2013).
[    3.990332] [drm] No driver support for vblank timestamp query.
[    3.996283] [drm] Cannot find any crtc or sizes
[    4.000822] [drm] Initialized tegra 0.0.0 20120330 for drm on minor 0
[    4.010185] tegra-ehci 7d004000.usb: EHCI Host Controller
[    4.015617] tegra-ehci 7d004000.usb: new USB bus registered, assigned bus number 1
[    4.023367] tegra-ehci 7d004000.usb: irq 344, io mem 0x7d004000
[    4.029324] [drm] Cannot find any crtc or sizes
[    4.053650] tegra-ehci 7d004000.usb: USB 2.0 started, EHCI 1.00
[    4.060473] hub 1-0:1.0: USB hub found
[    4.064254] hub 1-0:1.0: 1 port detected
[    4.069414] tegra-ehci 7d008000.usb: EHCI Host Controller
[    4.074830] tegra-ehci 7d008000.usb: new USB bus registered, assigned bus number 2
[    4.082575] tegra-ehci 7d008000.usb: irq 345, io mem 0x7d008000
[    4.113650] tegra-ehci 7d008000.usb: USB 2.0 started, EHCI 1.00
[    4.120370] hub 2-0:1.0: USB hub found
[    4.124145] hub 2-0:1.0: 1 port detected
[    4.132693] tps65910-rtc tps65910-rtc: setting system clock to 2000-01-01 00:00:02 UTC (946684802)
[    4.142196] vdd_sata,avdd_plle: disabling
[    4.146568] usb1_vbus: disabling
[    4.151347] EXT4-fs (mmcblk1p1): mounting ext3 file system using the ext4 subsystem
[    4.206962] EXT4-fs (mmcblk1p1): warning: mounting fs with errors, running e2fsck is recommended
[    4.217190] EXT4-fs (mmcblk1p1): recovery complete
[    4.223167] EXT4-fs (mmcblk1p1): mounted filesystem with ordered data mode. Opts: (null)
[    4.231299] VFS: Mounted root (ext3 filesystem) on device 179:1.
[    4.247530] devtmpfs: mounted
[    4.253085] Freeing unused kernel memory: 2048K
bash: cannot set terminal process group (-1): Inappropriate ioctl for device
bash: no job control in this shell
root@(none):/# [    4.503665] usb 2-1: new high-speed USB device number 2 using tegra-ehci
72] asix 2-1:1.0 eth1: register 'asix' at usb-7d008000.usb-1, ASIX AX88772 USB 2.0 Ethernet, 00:50:b6:0f:67:60
mount -t sysfs none /sys
root@(none):/# 
root@(none):/# mount -t debugfs none /sys/kernel/debug
root@(none):/# 
root@(none):/# rtcwake -d rtc1 -m mem -s 3
rtcwake: wakeup from "mem" using /dev/rtc1 at Thu Jan  1 00:00:22 1970
[    7.452087] PM: suspend entry (deep)
[    7.455684] PM: Syncing filesystems ... done.
[    7.462067] Freezing user space processes ... (elapsed 0.001 seconds) done.
[    7.470127] OOM killer disabled.
[    7.473344] Freezing remaining freezable tasks ... (elapsed 0.001 seconds) done.
[    7.481843] Suspending console(s) (use no_console_suspend to debug)
[    7.594314] Disabling non-boot CPUs ...
[    7.763780] IRQ17 no longer affine to CPU3
[    7.764273] Entering suspend state LP1
[    7.764286] Enabling non-boot CPUs ...
[    7.764919] CPU1 is up
[    7.765541] CPU2 is up
[    7.766160] CPU3 is up
[    7.766749] pcieport 0000:00:01.0: nv_msi_ht_cap_quirk didn't locate host bridge
[    8.383359] OOM killer enabled.
[    8.386495] Restarting tasks ... done.
[    8.390538] PM: suspend exit
root@(none):/# 
root@(none):/# rtcwake -d rtc1 -m mem -s 3
rtcwake: wakeup from "mem" using /dev/rtc1 at Thu Jan  1 00:00:27 1970
[    9.437437] PM: suspend entry (deep)
[    9.441011] PM: Syncing filesystems ... done.
[    9.446758] Freezing user space processes ... (elapsed 0.001 seconds) done.
[    9.454819] OOM killer disabled.
[    9.458035] Freezing remaining freezable tasks ... (elapsed 0.001 seconds) done.
[    9.466542] Suspending console(s) (use no_console_suspend to debug)
[    9.504558] pci_generic_config_write32: 70 callbacks suppressed
[    9.504570] pci_bus 0000:00: 2-byte config write to 0000:00:01.0 offset 0x9c may corrupt adjacent RW1C bits
[    9.548231] pci_bus 0000:01: 2-byte config write to 0000:01:00.0 offset 0x44 may corrupt adjacent RW1C bits
[    9.548246] pci_bus 0000:01: 2-byte config write to 0000:01:00.0 offset 0x44 may corrupt adjacent RW1C bits
[    9.574293] Disabling non-boot CPUs ...
[    9.743763] IRQ17 no longer affine to CPU3
[    9.744168] Entering suspend state LP1
[    9.744185] Enabling non-boot CPUs ...
[    9.744997] CPU1 is up
[    9.745741] CPU2 is up
[    9.746504] CPU3 is up
[    9.747164] pci_bus 0000:00: 2-byte config write to 0000:00:01.0 offset 0x4c may corrupt adjacent RW1C bits
[    9.747183] pci_bus 0000:00: 2-byte config write to 0000:00:01.0 offset 0x88 may corrupt adjacent RW1C bits
[    9.747190] pci_bus 0000:00: 2-byte config write to 0000:00:01.0 offset 0x90 may corrupt adjacent RW1C bits
[    9.747197] pci_bus 0000:00: 2-byte config write to 0000:00:01.0 offset 0x98 may corrupt adjacent RW1C bits
[    9.747201] pci_bus 0000:00: 2-byte config write to 0000:00:01.0 offset 0x9c may corrupt adjacent RW1C bits
[    9.747218] pci_bus 0000:00: 2-byte config write to 0000:00:01.0 offset 0x52 may corrupt adjacent RW1C bits
[    9.747225] pci_bus 0000:00: 2-byte config write to 0000:00:01.0 offset 0x52 may corrupt adjacent RW1C bits
[    9.747251] pcieport 0000:00:01.0: nv_msi_ht_cap_quirk didn't locate host bridge
[   10.461948] OOM killer enabled.
[   10.465085] Restarting tasks ... done.
[   10.469174] PM: suspend exit
root@(none):/# 
root@(none):/# rtcwake -d rtc1 -m mem -s 3
rtcwake: wakeup from "mem" using /dev/rtc1 at Thu Jan  1 00:00:32 1970
[   11.415506] PM: suspend entry (deep)
[   11.419085] PM: Syncing filesystems ... done.
[   11.425283] Freezing user space processes ... (elapsed 0.001 seconds) done.
[   11.433359] OOM killer disabled.
[   11.436596] Freezing remaining freezable tasks ... (elapsed 0.001 seconds) done.
[   11.445130] Suspending console(s) (use no_console_suspend to debug)
[   11.554405] Disabling non-boot CPUs ...
[   11.603955] IRQ17 no longer affine to CPU1
[   11.724223] Entering suspend state LP1
[   11.724238] Enabling non-boot CPUs ...
[   11.725059] CPU1 is up
[   11.725812] CPU2 is up
[   11.726568] CPU3 is up
[   11.727275] pcieport 0000:00:01.0: nv_msi_ht_cap_quirk didn't locate host bridge
[   12.349073] OOM killer enabled.
[   12.352201] Restarting tasks ... done.
[   12.356316] PM: suspend exit
root@(none):/# 
root@(none):/# rtcwake -d rtc1 -m mem -s 3
rtcwake: wakeup from "mem" using /dev/rtc1 at Thu Jan  1 00:00:37 1970
[   13.394213] PM: suspend entry (deep)
[   13.397793] PM: Syncing filesystems ... done.
[   13.403945] Freezing user space processes ... (elapsed 0.001 seconds) done.
[   13.412024] OOM killer disabled.
[   13.415256] Freezing remaining freezable tasks ... (elapsed 0.001 seconds) done.
[   13.423792] Suspending console(s) (use no_console_suspend to debug)
[   13.534392] Disabling non-boot CPUs ...
[   13.643799] IRQ17 no longer affine to CPU2
[   13.704208] Entering suspend state LP1
[   13.704224] Enabling non-boot CPUs ...
[   13.705043] CPU1 is up
[   13.705810] CPU2 is up
[   13.706580] CPU3 is up
[   13.707262] pcieport 0000:00:01.0: nv_msi_ht_cap_quirk didn't locate host bridge
[   14.311743] OOM killer enabled.
[   14.314880] Restarting tasks ... done.
[   14.319042] PM: suspend exit
root@(none):/# 
root@(none):/# rtcwake -d rtc1 -m mem -s 3
rtcwake: wakeup from "mem" using /dev/rtc1 at Thu Jan  1 00:00:42 1970
[   15.373932] PM: suspend entry (deep)
[   15.377511] PM: Syncing filesystems ... done.
[   15.383711] Freezing user space processes ... (elapsed 0.001 seconds) done.
[   15.391788] OOM killer disabled.
[   15.395020] Freezing remaining freezable tasks ... (elapsed 0.001 seconds) done.
[   15.403550] Suspending console(s) (use no_console_suspend to debug)
[   15.444789] pci_generic_config_write32: 71 callbacks suppressed
[   15.444804] pci_bus 0000:00: 2-byte config write to 0000:00:01.0 offset 0x9c may corrupt adjacent RW1C bits
[   15.489131] pci_bus 0000:01: 2-byte config write to 0000:01:00.0 offset 0x44 may corrupt adjacent RW1C bits
[   15.489149] pci_bus 0000:01: 2-byte config write to 0000:01:00.0 offset 0x44 may corrupt adjacent RW1C bits
[   15.514394] Disabling non-boot CPUs ...
[   15.553900] IRQ17 no longer affine to CPU1
[   15.674167] Entering suspend state LP1
[   15.674182] Enabling non-boot CPUs ...
[   15.674992] CPU1 is up
[   15.675751] CPU2 is up
[   15.676502] CPU3 is up
[   15.677155] pci_bus 0000:00: 2-byte config write to 0000:00:01.0 offset 0x4c may corrupt adjacent RW1C bits
[   15.677171] pci_bus 0000:00: 2-byte config write to 0000:00:01.0 offset 0x88 may corrupt adjacent RW1C bits
[   15.677176] pci_bus 0000:00: 2-byte config write to 0000:00:01.0 offset 0x90 may corrupt adjacent RW1C bits
[   15.677182] pci_bus 0000:00: 2-byte config write to 0000:00:01.0 offset 0x98 may corrupt adjacent RW1C bits
[   15.677187] pci_bus 0000:00: 2-byte config write to 0000:00:01.0 offset 0x9c may corrupt adjacent RW1C bits
[   15.677206] pci_bus 0000:00: 2-byte config write to 0000:00:01.0 offset 0x52 may corrupt adjacent RW1C bits
[   15.677214] pci_bus 0000:00: 2-byte config write to 0000:00:01.0 offset 0x52 may corrupt adjacent RW1C bits
[   15.677242] pcieport 0000:00:01.0: nv_msi_ht_cap_quirk didn't locate host bridge
[   16.402287] OOM killer enabled.
[   16.405425] Restarting tasks ... done.
[   16.409537] PM: suspend exit
root@(none):/# 
root@(none):/# rtcwake -d rtc1 -m mem -s 3
rtcwake: wakeup from "mem" using /dev/rtc1 at Thu Jan  1 00:00:47 1970
[   17.357953] PM: suspend entry (deep)
[   17.361531] PM: Syncing filesystems ... done.
[   17.367690] Freezing user space processes ... (elapsed 0.001 seconds) done.
[   17.375785] OOM killer disabled.
[   17.379003] Freezing remaining freezable tasks ... (elapsed 0.001 seconds) done.
[   17.387536] Suspending console(s) (use no_console_suspend to debug)
[   17.504350] Disabling non-boot CPUs ...
[   17.613749] IRQ17 no longer affine to CPU2
[   17.674157] Entering suspend state LP1
[   17.674173] Enabling non-boot CPUs ...
[   17.674995] CPU1 is up
[   17.675748] CPU2 is up
[   17.676502] CPU3 is up
[   17.677218] pcieport 0000:00:01.0: nv_msi_ht_cap_quirk didn't locate host bridge
[   18.298713] OOM killer enabled.
[   18.301842] Restarting tasks ... done.
[   18.306002] PM: suspend exit
root@(none):/# 
root@(none):/# rtcwake -d rtc1 -m mem -s 3
rtcwake: wakeup from "mem" using /dev/rtc1 at Thu Jan  1 00:00:52 1970
[   19.344117] PM: suspend entry (deep)
[   19.347695] PM: Syncing filesystems ... done.
[   19.353856] Freezing user space processes ... (elapsed 0.001 seconds) done.
[   19.361934] OOM killer disabled.
[   19.365166] Freezing remaining freezable tasks ... (elapsed 0.001 seconds) done.
[   19.373701] Suspending console(s) (use no_console_suspend to debug)
[   19.484314] Disabling non-boot CPUs ...
[   19.533857] IRQ17 no longer affine to CPU1
[   19.654122] Entering suspend state LP1
[   19.654138] Enabling non-boot CPUs ...
[   19.654950] CPU1 is up
[   19.655703] CPU2 is up
[   19.656465] CPU3 is up
[   19.657160] pcieport 0000:00:01.0: nv_msi_ht_cap_quirk didn't locate host bridge
[   20.278675] OOM killer enabled.
[   20.281805] Restarting tasks ... done.
[   20.285914] PM: suspend exit
root@(none):/# 
root@(none):/# rtcwake -d rtc1 -m mem -s 3
rtcwake: wakeup from "mem" using /dev/rtc1 at Thu Jan  1 00:00:57 1970
[   21.323802] PM: suspend entry (deep)
[   21.327379] PM: Syncing filesystems ... done.
[   21.333563] Freezing user space processes ... (elapsed 0.001 seconds) done.
[   21.341649] OOM killer disabled.
[   21.344877] Freezing remaining freezable tasks ... (elapsed 0.001 seconds) done.
[   21.353402] Suspending console(s) (use no_console_suspend to debug)
[   21.394694] pci_generic_config_write32: 71 callbacks suppressed
[   21.394711] pci_bus 0000:00: 2-byte config write to 0000:00:01.0 offset 0x9c may corrupt adjacent RW1C bits
[   21.439095] pci_bus 0000:01: 2-byte config write to 0000:01:00.0 offset 0x44 may corrupt adjacent RW1C bits
[   21.439114] pci_bus 0000:01: 2-byte config write to 0000:01:00.0 offset 0x44 may corrupt adjacent RW1C bits
[   21.464284] Disabling non-boot CPUs ...
[   21.563699] IRQ17 no longer affine to CPU2
[   21.624106] Entering suspend state LP1
[   21.624121] Enabling non-boot CPUs ...
[   21.624938] CPU1 is up
[   21.625691] CPU2 is up
[   21.626458] CPU3 is up
[   21.627111] pci_bus 0000:00: 2-byte config write to 0000:00:01.0 offset 0x4c may corrupt adjacent RW1C bits
[   21.627125] pci_bus 0000:00: 2-byte config write to 0000:00:01.0 offset 0x88 may corrupt adjacent RW1C bits
[   21.627135] pci_bus 0000:00: 2-byte config write to 0000:00:01.0 offset 0x90 may corrupt adjacent RW1C bits
[   21.627142] pci_bus 0000:00: 2-byte config write to 0000:00:01.0 offset 0x98 may corrupt adjacent RW1C bits
[   21.627146] pci_bus 0000:00: 2-byte config write to 0000:00:01.0 offset 0x9c may corrupt adjacent RW1C bits
[   21.627166] pci_bus 0000:00: 2-byte config write to 0000:00:01.0 offset 0x52 may corrupt adjacent RW1C bits
[   21.627172] pci_bus 0000:00: 2-byte config write to 0000:00:01.0 offset 0x52 may corrupt adjacent RW1C bits
[   21.627199] pcieport 0000:00:01.0: nv_msi_ht_cap_quirk didn't locate host bridge
[   22.344445] OOM killer enabled.
[   22.347575] Restarting tasks ... done.
[   22.351666] PM: suspend exit
root@(none):/# 
root@(none):/# rtcwake -d rtc1 -m mem -s 3
rtcwake: wakeup from "mem" using /dev/rtc1 at Thu Jan  1 00:01:02 1970
[   23.293983] PM: suspend entry (deep)
[   23.297561] PM: Syncing filesystems ... done.
[   23.303722] Freezing user space processes ... (elapsed 0.001 seconds) done.
[   23.311808] OOM killer disabled.
[   23.315040] Freezing remaining freezable tasks ... (elapsed 0.001 seconds) done.
[   23.323569] Suspending console(s) (use no_console_suspend to debug)
[   23.434255] Disabling non-boot CPUs ...
[   23.603624] IRQ17 no longer affine to CPU3
[   23.604099] Entering suspend state LP1
[   23.604115] Enabling non-boot CPUs ...
[   23.604935] CPU1 is up
[   23.605681] CPU2 is up
[   23.606434] CPU3 is up
[   23.607158] pcieport 0000:00:01.0: nv_msi_ht_cap_quirk didn't locate host bridge
[   24.213281] OOM killer enabled.
[   24.216417] Restarting tasks ... done.
[   24.220508] PM: suspend exit
root@(none):/# 
root@(none):/# rtcwake -d rtc1 -m mem -s 3
rtcwake: wakeup from "mem" using /dev/rtc1 at Thu Jan  1 00:01:07 1970
[   25.273785] PM: suspend entry (deep)
[   25.277364] PM: Syncing filesystems ... done.
[   25.283556] Freezing user space processes ... (elapsed 0.001 seconds) done.
[   25.291638] OOM killer disabled.
[   25.294871] Freezing remaining freezable tasks ... (elapsed 0.001 seconds) done.
[   25.303395] Suspending console(s) (use no_console_suspend to debug)
[   25.414240] Disabling non-boot CPUs ...
[   25.463796] IRQ17 no longer affine to CPU1
[   25.584063] Entering suspend state LP1
[   25.584078] Enabling non-boot CPUs ...
[   25.584904] CPU1 is up
[   25.585648] CPU2 is up
[   25.586401] CPU3 is up
[   25.587094] pcieport 0000:00:01.0: nv_msi_ht_cap_quirk didn't locate host bridge
[   26.198559] OOM killer enabled.
[   26.201692] Restarting tasks ... done.
[   26.205804] PM: suspend exit
root@(none):/# 
root@(none):/# NVTB SYSTEM SUSPEND TEST COMPLETE
