
U-Boot SPL 2014.01-00219-gc4d376f (Feb 18 2014 - 19:57:32)


U-Boot 2014.01-00219-gc4d376f (Feb 18 2014 - 19:57:32)

TEGRA114
Board: NVIDIA Dalmore
I2C:   ready
DRAM:  2 GiB
MMC:   Tegra SD/MMC: 0, Tegra SD/MMC: 1
In:    serial
Out:   serial
Err:   serial
Net:   Net Initialization Skipped
No ethernet found.
Hit any key to stop autoboot:  2  0 
Tegra114 (Dalmore) # 
Tegra114 (Dalmore) # usb reset
(Re)start USB...
USB0:   USB EHCI 1.10
scanning bus 0 for devices... 2 USB Device(s) found
       scanning usb for storage devices... 0 Storage Device(s) found
       scanning usb for ethernet devices... 
Warning: asx0 using MAC address from net device
1 Ethernet Device(s) found
Tegra114 (Dalmore) # setenv bootargs 'ignore_loglevel console=ttyS0,115200n8 rw root=/dev/mmcblk0p1 rootwait gpt debug init=/bin/bash'
Tegra114 (Dalmore) # setenv ipaddr 192.168.100.100; setenv serverip 192.168.100.1; setenv tftpserverip 192.168.100.1
Tegra114 (Dalmore) # tftpboot 0x81000000 zImage.multi_v7_defconfig
Using asx0 device
TFTP from server 192.168.100.1; our IP address is 192.168.100.100
Filename 'zImage.multi_v7_defconfig'.
Load address: 0x81000000
Loading: *#################################################################
	 #################################################################
	 #################################################################
	 #################################################################
	 #################################################################
	 #################################################################
	 ###############################################
	 3.3 MiB/s
done
Bytes transferred = 6401640 (61ae68 hex)
Tegra114 (Dalmore) # tftpboot 0x82000000 tegra114-dalmore.dtb
Using asx0 device
TFTP from server 192.168.100.1; our IP address is 192.168.100.100
Filename 'tegra114-dalmore.dtb'.
Load address: 0x82000000
Loading: *###
	 2.8 MiB/s
done
Bytes transferred = 34966 (8896 hex)
Tegra114 (Dalmore) # bootz 0x81000000 - 0x82000000
Kernel image @ 0x81000000 [ 0x000000 - 0x61ae68 ]
## Flattened Device Tree blob at 82000000
   Booting using the fdt blob at 0x82000000
   Loading Device Tree to 8fff4000, end 8ffff895 ... OK

Starting kernel ...

[    0.000000] Booting Linux on physical CPU 0x0
[    0.000000] Linux version 4.2.0-38352-g4e4adb2 (pwalmsley@sellafield) (gcc version 4.7.3 20130328 (prerelease) (crosstool-NG linaro-1.13.1-4.7-2013.04-20130415 - Linaro GCC 2013.04) ) #1 SMP Tue Sep 8 01:59:01 PDT 2015
[    0.000000] CPU: ARMv7 Processor [412fc0f2] revision 2 (ARMv7), cr=10c5387d
[    0.000000] CPU: PIPT / VIPT nonaliasing data cache, PIPT instruction cache
[    0.000000] Machine model: NVIDIA Tegra114 Dalmore evaluation board
[    0.000000] debug: ignoring loglevel setting.
[    0.000000] cma: Reserved 64 MiB at 0xfb800000
[    0.000000] Memory policy: Data cache writealloc
[    0.000000] On node 0 totalpages: 524032
[    0.000000] free_area_init_node: node 0, pgdat c0f6b200, node_mem_map ee7f8000
[    0.000000]   DMA zone: 1520 pages used for memmap
[    0.000000]   DMA zone: 0 pages reserved
[    0.000000]   DMA zone: 194560 pages, LIFO batch:31
[    0.000000]   HighMem zone: 329472 pages, LIFO batch:31
[    0.000000] PERCPU: Embedded 11 pages/cpu @ee7a7000 s14976 r8192 d21888 u45056
[    0.000000] pcpu-alloc: s14976 r8192 d21888 u45056 alloc=11*4096
[    0.000000] pcpu-alloc: [0] 0 [0] 1 [0] 2 [0] 3 
[    0.000000] Built 1 zonelists in Zone order, mobility grouping on.  Total pages: 522512
[    0.000000] Kernel command line: ignore_loglevel console=ttyS0,115200n8 rw root=/dev/mmcblk0p1 rootwait gpt debug init=/bin/bash
[    0.000000] PID hash table entries: 4096 (order: 2, 16384 bytes)
[    0.000000] Dentry cache hash table entries: 131072 (order: 7, 524288 bytes)
[    0.000000] Inode-cache hash table entries: 65536 (order: 6, 262144 bytes)
[    0.000000] Memory: 1998956K/2096128K available (8062K kernel code, 1012K rwdata, 3616K rodata, 1020K init, 340K bss, 31636K reserved, 65536K cma-reserved, 1252352K highmem)
[    0.000000] Virtual kernel memory layout:
[    0.000000]     vector  : 0xffff0000 - 0xffff1000   (   4 kB)
[    0.000000]     fixmap  : 0xffc00000 - 0xfff00000   (3072 kB)
[    0.000000]     vmalloc : 0xf0000000 - 0xff000000   ( 240 MB)
[    0.000000]     lowmem  : 0xc0000000 - 0xef800000   ( 760 MB)
[    0.000000]     pkmap   : 0xbfe00000 - 0xc0000000   (   2 MB)
[    0.000000]     modules : 0xbf000000 - 0xbfe00000   (  14 MB)
[    0.000000]       .text : 0xc0208000 - 0xc0d70bb4   (11683 kB)
[    0.000000]       .init : 0xc0d71000 - 0xc0e70000   (1020 kB)
[    0.000000]       .data : 0xc0e70000 - 0xc0f6d1c0   (1013 kB)
[    0.000000]        .bss : 0xc0f70000 - 0xc0fc52e8   ( 341 kB)
[    0.000000] SLUB: HWalign=64, Order=0-3, MinObjects=0, CPUs=4, Nodes=1
[    0.000000] Hierarchical RCU implementation.
[    0.000000] 	Build-time adjustment of leaf fanout to 32.
[    0.000000] 	RCU restricting CPUs from NR_CPUS=16 to nr_cpu_ids=4.
[    0.000000] RCU: Adjusting geometry for rcu_fanout_leaf=32, nr_cpu_ids=4
[    0.000000] NR_IRQS:16 nr_irqs:16 16
[    0.000000] /interrupt-controller@60004000: 160 interrupts forwarded to /interrupt-controller@50041000
[    0.000000] L2C: failed to init: -19
[    0.000008] sched_clock: 32 bits at 1000kHz, resolution 1000ns, wraps every 2147483647500ns
[    0.000028] clocksource: timer_us: mask: 0xffffffff max_cycles: 0xffffffff, max_idle_ns: 1911260446275 ns
[    0.000042] Switching to timer-based delay loop, resolution 1000ns
[    0.002908] Architected cp15 timer(s) running at 12.00MHz (virt).
[    0.002926] clocksource: arch_sys_counter: mask: 0xffffffffffffff max_cycles: 0x2c47f4ee7, max_idle_ns: 440795202497 ns
[    0.002944] sched_clock: 56 bits at 12MHz, resolution 83ns, wraps every 4398046511096ns
[    0.002957] Switching to timer-based delay loop, resolution 83ns
[    0.003320] Console: colour dummy device 80x30
[    0.003345] Calibrating delay loop (skipped), value calculated using timer frequency.. 24.00 BogoMIPS (lpj=60000)
[    0.003360] pid_max: default: 32768 minimum: 301
[    0.003473] Mount-cache hash table entries: 2048 (order: 1, 8192 bytes)
[    0.003486] Mountpoint-cache hash table entries: 2048 (order: 1, 8192 bytes)
[    0.004093] CPU: Testing write buffer coherency: ok
[    0.004305] /cpus/cpu@0 missing clock-frequency property
[    0.004333] /cpus/cpu@1 missing clock-frequency property
[    0.004360] /cpus/cpu@2 missing clock-frequency property
[    0.004388] /cpus/cpu@3 missing clock-frequency property
[    0.004401] CPU0: thread -1, cpu 0, socket 0, mpidr 80000000
[    0.004447] Setting up static identity map for 0x80209000 - 0x80209098
[    0.006813] Tegra Revision: A01 SKU: 0 CPU Process: 1 SoC Process: 0
[    0.008016] CPU1: thread -1, cpu 1, socket 0, mpidr 80000001
[    0.008555] CPU2: thread -1, cpu 2, socket 0, mpidr 80000002
[    0.009095] CPU3: thread -1, cpu 3, socket 0, mpidr 80000003
[    0.009172] Brought up 4 CPUs
[    0.009194] SMP: Total of 4 processors activated (96.00 BogoMIPS).
[    0.009201] CPU: All CPU(s) started in SVC mode.
[    0.010663] devtmpfs: initialized
[    0.022301] VFP support v0.3: implementor 41 architecture 4 part 30 variant f rev 0
[    0.022974] clocksource: jiffies: mask: 0xffffffff max_cycles: 0xffffffff, max_idle_ns: 9556302231375000 ns
[    0.024678] pinctrl core: initialized pinctrl subsystem
[    0.026249] NET: Registered protocol family 16
[    0.028365] DMA: preallocated 256 KiB pool for atomic coherent allocations
[    0.042830] cpuidle: using governor ladder
[    0.057851] cpuidle: using governor menu
[    0.063537] gpiochip_add: GPIOs 0..255 (tegra-gpio) failed to register
[    0.070794] No ATAGs?
[    0.070827] hw-breakpoint: found 5 (+1 reserved) breakpoint and 4 watchpoint registers.
[    0.070837] hw-breakpoint: maximum watchpoint size is 8 bytes.
[    0.074903] Serial: AMBA PL011 UART driver
[    0.076059] tegra-mc 70019000.memory-controller: no memory timings for RAM code 3 registered
[    0.105411] vgaarb: loaded
[    0.106247] SCSI subsystem initialized
[    0.106442] libata version 3.00 loaded.
[    0.106781] usbcore: registered new interface driver usbfs
[    0.106854] usbcore: registered new interface driver hub
[    0.106939] usbcore: registered new device driver usb
[    0.110844] palmas 2-0058: Irq flag is 0x00000000
[    0.114085] palmas 2-0058: Muxing GPIO ff, PWM 0, LED 0
[    0.123852] sdhci-vdd-sd-slot: ramp_delay not set
[    0.145964] pps_core: LinuxPPS API ver. 1 registered
[    0.145974] pps_core: Software ver. 5.3.6 - Copyright 2005-2007 Rodolfo Giometti <giometti@linux.it>
[    0.146007] PTP clock support registered
[    0.146242] EDAC MC: Ver: 3.0.0
[    0.148881] clocksource: Switched to clocksource arch_sys_counter
[    0.160282] NET: Registered protocol family 2
[    0.160821] TCP established hash table entries: 8192 (order: 3, 32768 bytes)
[    0.160922] TCP bind hash table entries: 8192 (order: 4, 65536 bytes)
[    0.161108] TCP: Hash tables configured (established 8192 bind 8192)
[    0.161164] UDP hash table entries: 512 (order: 2, 16384 bytes)
[    0.161206] UDP-Lite hash table entries: 512 (order: 2, 16384 bytes)
[    0.161380] NET: Registered protocol family 1
[    0.161637] RPC: Registered named UNIX socket transport module.
[    0.161646] RPC: Registered udp transport module.
[    0.161654] RPC: Registered tcp transport module.
[    0.161662] RPC: Registered tcp NFSv4.1 backchannel transport module.
[    0.161686] PCI: CLS 0 bytes, default 64
[    0.164066] futex hash table entries: 1024 (order: 4, 65536 bytes)
[    0.177150] squashfs: version 4.0 (2009/01/31) Phillip Lougher
[    0.178129] NFS: Registering the id_resolver key type
[    0.178161] Key type id_resolver registered
[    0.178171] Key type id_legacy registered
[    0.178253] ntfs: driver 2.1.32 [Flags: R/O].
[    0.179780] bounce: pool size: 64 pages
[    0.180014] Block layer SCSI generic (bsg) driver version 0.4 loaded (major 249)
[    0.180036] io scheduler noop registered
[    0.180055] io scheduler deadline registered
[    0.180098] io scheduler cfq registered (default)
[    0.205056] tegra-apbdma 6000a000.dma: Tegra20 APB DMA driver register 32 channels
[    0.206360] tegra-pmc 7000e400.pmc: i2c-thermtrip node not found, emergency thermal reset disabled.
[    0.271987] Serial: 8250/16550 driver, 4 ports, IRQ sharing disabled
[    0.274495] SuperH (H)SCI(F) driver initialized
[    0.275404] msm_serial: driver initialized
[    0.276324] console [ttyS0] disabled
[    0.276362] 70006300.serial: ttyS0 at MMIO 0x70006300 (irq = 73, base_baud = 25500000) is a Tegra
[    1.018608] console [ttyS0] enabled
[    1.022880] STMicroelectronics ASC driver initialized
[    1.030202] [drm] Initialized drm 1.1.0 20060810
[    1.036894] vddio-1v8: supplied by regulator-dummy
[    1.041927] avdd-dsi-csi: supplied by vddio-1v8
[    1.048651] tegra-hdmi 54280000.hdmi: failed to get HDMI regulator
[    1.063379] loop: module loaded
[    1.073034] m25p80 spi32766.0: w25q32dw (4096 Kbytes)
[    1.081670] CAN device driver interface
[    1.086735] igb: Intel(R) Gigabit Ethernet Network Driver - version 5.3.0-k
[    1.093705] igb: Copyright (c) 2007-2014 Intel Corporation.
[    1.102122] pegasus: v0.9.3 (2013/04/25), Pegasus/Pegasus II USB Ethernet driver
[    1.109587] usbcore: registered new interface driver pegasus
[    1.115333] usbcore: registered new interface driver asix
[    1.120795] usbcore: registered new interface driver ax88179_178a
[    1.126950] usbcore: registered new interface driver cdc_ether
[    1.132866] usbcore: registered new interface driver smsc75xx
[    1.138694] usbcore: registered new interface driver smsc95xx
[    1.144503] usbcore: registered new interface driver net1080
[    1.150233] usbcore: registered new interface driver cdc_subset
[    1.156221] usbcore: registered new interface driver zaurus
[    1.161893] usbcore: registered new interface driver cdc_ncm
[    1.169712] ehci_hcd: USB 2.0 'Enhanced' Host Controller (EHCI) Driver
[    1.176256] ehci-pci: EHCI PCI platform driver
[    1.180766] ehci-platform: EHCI generic platform driver
[    1.186201] ehci-omap: OMAP-EHCI Host Controller driver
[    1.191580] ehci-orion: EHCI orion driver
[    1.195745] SPEAr-ehci: EHCI SPEAr driver
[    1.199920] ehci-st: EHCI STMicroelectronics driver
[    1.204954] ehci-exynos: EHCI EXYNOS driver
[    1.209311] ehci-atmel: EHCI Atmel driver
[    1.213453] tegra-ehci: Tegra EHCI driver
[    1.217783] ohci_hcd: USB 1.1 'Open' Host Controller (OHCI) Driver
[    1.223992] ohci-pci: OHCI PCI platform driver
[    1.228485] ohci-platform: OHCI generic platform driver
[    1.233901] ohci-omap3: OHCI OMAP3 driver
[    1.238043] SPEAr-ohci: OHCI SPEAr driver
[    1.242210] ohci-st: OHCI STMicroelectronics driver
[    1.247244] ohci-atmel: OHCI Atmel driver
[    1.251498] usbcore: registered new interface driver usb-storage
[    1.259071] mousedev: PS/2 mouse device common for all mice
[    1.269942] palmas-rtc 7000d000.i2c:tps65913@58:rtc: rtc core: registered 7000d000.i2c:tps659 as rtc0
[    1.281112] tegra_rtc 7000e000.rtc: rtc core: registered 7000e000.rtc as rtc1
[    1.288298] tegra_rtc 7000e000.rtc: Tegra internal Real Time Clock
[    1.295059] i2c /dev entries driver
[    1.301982] sbs-battery 0-000b: sbs_probe: Failed to get device status
[    1.308536] sbs-battery: probe of 0-000b failed with error -121
[    1.319950] sdhci: Secure Digital Host Controller Interface driver
[    1.326138] sdhci: Copyright(c) Pierre Ossman
[    1.332033] Synopsys Designware Multimedia Card Interface Driver
[    1.339152] sdhci-pltfm: SDHCI platform and OF driver helper
[    1.345711] sdhci-tegra 78000600.sdhci: No vmmc regulator found
[    1.351653] sdhci-tegra 78000600.sdhci: No vqmmc regulator found
[    1.357668] mmc0: Invalid maximum block size, assuming 512 bytes
[    1.398902] mmc0: SDHCI controller on 78000600.sdhci [78000600.sdhci] using ADMA
[    1.407498] ledtrig-cpu: registered to indicate activity on CPUs
[    1.413727] usbcore: registered new interface driver usbhid
[    1.419309] usbhid: USB HID core driver
[    1.427885] NET: Registered protocol family 10
[    1.433790] sit: IPv6 over IPv4 tunneling driver
[    1.439136] NET: Registered protocol family 17
[    1.443587] can: controller area network core (rev 20120528 abi 9)
[    1.449840] NET: Registered protocol family 29
[    1.454304] can: raw protocol (rev 20120528)
[    1.458573] can: broadcast manager protocol (rev 20120528 t)
[    1.462904] mmc0: MAN_BKOPS_EN bit is not set
[    1.465895] mmc0: new high speed MMC card at address 0001
[    1.466437] mmcblk0: mmc0:0001 SEM32G 29.1 GiB 
[    1.466667] mmcblk0boot0: mmc0:0001 SEM32G partition 1 4.00 MiB
[    1.466890] mmcblk0boot1: mmc0:0001 SEM32G partition 2 4.00 MiB
[    1.467095] mmcblk0rpmb: mmc0:0001 SEM32G partition 3 4.00 MiB
[    1.469612]  mmcblk0: p1 p2 p3 p4 p5 p6 p7 p8
[    1.500552] can: netlink gateway (rev 20130117) max_hops=1
[    1.506475] Key type dns_resolver registered
[    1.511405] ThumbEE CPU extension supported.
[    1.515704] Registering SWP/SWPB emulation handler
[    1.527960] tps65090 2-0048: No cache defaults, reading back from HW
[    1.543349] vdd-lcd-bl: supplied by vdd_ac_bat
[    1.549484] vdd-sys-5v0: supplied by vdd_ac_bat
[    1.554279] VDD_5V0_HDMI_CON: supplied by vdd-sys-5v0
[    1.559946] vdd_hdmi_5v0: supplied by vdd-sys-5v0
[    1.567278] [drm] Supports vblank timestamp caching Rev 2 (21.10.2013).
[    1.573937] [drm] No driver support for vblank timestamp query.
[    1.579974] drm drm: No connectors reported connected with modes
[    1.586063] [drm] Cannot find any crtc or sizes - going 1024x768
[    1.607443] Console: switching to colour frame buffer device 128x48
[    1.621298] drm drm: fb0:  frame buffer device
[    1.639001] [drm] Initialized tegra 0.0.0 20120330 on minor 0
[    1.645000] vdd-sys-3v3: supplied by vdd_ac_bat
[    1.650309] avdd-lcd: supplied by vdd-sys-3v3
[    1.657237] usb2_vbus: supplied by vdd-sys-5v0
[    1.663494] tegra-ehci 7d008000.usb: EHCI Host Controller
[    1.668956] tegra-ehci 7d008000.usb: new USB bus registered, assigned bus number 1
[    1.676834] tegra-ehci 7d008000.usb: irq 83, io mem 0x7d008000
[    1.689002] tegra-ehci 7d008000.usb: USB 2.0 started, EHCI 1.10
[    1.696214] hub 1-0:1.0: USB hub found
[    1.700065] hub 1-0:1.0: 1 port detected
[    1.704851] vdd-sensor-2v85: supplied by vdd-sys-3v3
[    1.717169] sdhci-tegra 78000400.sdhci: Got CD GPIO
[    1.722115] sdhci-tegra 78000400.sdhci: Got WP GPIO
[    1.728131] sdhci-tegra 78000400.sdhci: No vmmc regulator found
[    1.734063] sdhci-tegra 78000400.sdhci: No vqmmc regulator found
[    1.740075] mmc1: Invalid maximum block size, assuming 512 bytes
[    1.779451] mmc1: SDHCI controller on 78000400.sdhci [78000400.sdhci] using ADMA
[    1.788607] input: gpio-keys as /devices/soc0/gpio-keys/input/input0
[    1.797351] palmas-rtc 7000d000.i2c:tps65913@58:rtc: setting system clock to 2000-03-20 17:53:48 UTC (953574828)
[    1.821757] dvdd_ts: disabling
[    1.824862] usb1_vbus: disabling
[    1.828088] vdd_cam_1v8_reg: disabling
[    1.836187] EXT4-fs (mmcblk0p1): mounting ext3 file system using the ext4 subsystem
[    1.865773] EXT4-fs (mmcblk0p1): recovery complete
[    1.870621] EXT4-fs (mmcblk0p1): mounted filesystem with ordered data mode. Opts: (null)
[    1.878747] VFS: Mounted root (ext3 filesystem) on device 179:1.
[    1.889265] devtmpfs: mounted
[    1.893038] Freeing unused kernel memory: 1020K (c0d71000 - c0e70000)
[    2.013943] usb 1-1: new high-speed USB device number 2 using tegra-ehci
bash: cannot set terminal process group (-1): Inappropriate ioctl for device
bash: no job control in this shell
root@(none):/# [    2.959477] asix 1-1:1.0 eth0: register 'asix' at usb-7d008000.usb-1, ASIX AX88772 USB 2.0 Ethernet, 00:50:b6:0d:b5:16
