
U-Boot SPL 2016.05-rc2 (Apr 21 2016 - 16:23:00)
Trying to boot from RAM


U-Boot 2016.05-rc2 (Apr 21 2016 - 16:23:00 -0700)

TEGRA124
Model: NVIDIA Jetson TK1
Board: NVIDIA Jetson TK1
DRAM:  2 GiB
MC:   Tegra SD/MMC: 0, Tegra SD/MMC: 1
In:    serial
Out:   serial
Err:   serial
Net:   No ethernet found.
Hit any key to stop autoboot:  2  0 
Tegra124 (Jetson TK1) # 
Tegra124 (Jetson TK1) # pci enum
Tegra124 (Jetson TK1) # setenv bootargs 'ignore_loglevel console=ttyS0,115200n8 rw root=PARTUUID=b1791faa-84e8-4e27-83a1-9fb0a77e8803 rootwait gpt debug noinitrd earlyprintk init=/bin/bash'
Tegra124 (Jetson TK1) # setenv ipaddr 192.168.100.102; setenv serverip 192.168.100.1; setenv tftpserverip 192.168.100.1
Tegra124 (Jetson TK1) # tftpboot 0x82000000 zImage.multi_v7_defconfig

Warning: eth_rtl8169 using MAC address from ROM
Using eth_rtl8169 device
TFTP from server 192.168.100.1; our IP address is 192.168.100.102
Filename 'zImage.multi_v7_defconfig'.
Load address: 0x82000000
Loading: *#################################################################
	 #################################################################
	 #################################################################
	 #################################################################
	 #################################################################
	 #################################################################
	 #################################################################
	 ############################
	 4 MiB/s
done
Bytes transferred = 7077928 (6c0028 hex)
Tegra124 (Jetson TK1) # tftpboot 0x83000000 tegra124-jetson-tk1.dtb
Using eth_rtl8169 device
TFTP from server 192.168.100.1; our IP address is 192.168.100.102
Filename 'tegra124-jetson-tk1.dtb'.
Load address: 0x83000000
Loading: *#####
	 3.7 MiB/s
done
Bytes transferred = 66737 (104b1 hex)
Tegra124 (Jetson TK1) # bootz 0x82000000 - 0x83000000
Kernel image @ 0x82000000 [ 0x000000 - 0x6c0028 ]
## Flattened Device Tree blob at 83000000
   Booting using the fdt blob at 0x83000000
   Using Device Tree in place at 83000000, end 830134b0

Starting kernel ...

[    0.000000] Booting Linux on physical CPU 0x0
[    0.000000] Linux version 4.6.0-next-20160523-95490-gcbafe21 (pwalmsley@sellafield) (gcc version 4.7.3 20130328 (prerelease) (crosstool-NG linaro-1.13.1-4.7-2013.04-20130415 - Linaro GCC 2013.04) ) #1 SMP Mon May 23 12:18:04 PDT 2016
[    0.000000] CPU: ARMv7 Processor [413fc0f3] revision 3 (ARMv7), cr=10c5387d
[    0.000000] CPU: div instructions available: patching division code
[    0.000000] CPU: PIPT / VIPT nonaliasing data cache, PIPT instruction cache
[    0.000000] Machine model: NVIDIA Tegra124 Jetson TK1
[    0.000000] debug: ignoring loglevel setting.
[    0.000000] cma: Reserved 64 MiB at 0xfb800000
[    0.000000] Memory policy: Data cache writealloc
[    0.000000] On node 0 totalpages: 524032
[    0.000000] free_area_init_node: node 0, pgdat c141bb00, node_mem_map eeff8000
[    0.000000]   DMA zone: 1536 pages used for memmap
[    0.000000]   DMA zone: 0 pages reserved
[    0.000000]   DMA zone: 196608 pages, LIFO batch:31
[    0.000000]   HighMem zone: 327424 pages, LIFO batch:31
[    0.000000] percpu: Embedded 13 pages/cpu @eef89000 s23808 r8192 d21248 u53248
[    0.000000] pcpu-alloc: s23808 r8192 d21248 u53248 alloc=13*4096
[    0.000000] pcpu-alloc: [0] 0 [0] 1 [0] 2 [0] 3 
[    0.000000] Built 1 zonelists in Zone order, mobility grouping on.  Total pages: 522496
[    0.000000] Kernel command line: ignore_loglevel console=ttyS0,115200n8 rw root=PARTUUID=b1791faa-84e8-4e27-83a1-9fb0a77e8803 rootwait gpt debug noinitrd earlyprintk init=/bin/bash
[    0.000000] PID hash table entries: 4096 (order: 2, 16384 bytes)
[    0.000000] Dentry cache hash table entries: 131072 (order: 7, 524288 bytes)
[    0.000000] Inode-cache hash table entries: 65536 (order: 6, 262144 bytes)
[    0.000000] Memory: 1994996K/2096128K available (9529K kernel code, 1142K rwdata, 4216K rodata, 2048K init, 343K bss, 35596K reserved, 65536K cma-reserved, 1244160K highmem)
[    0.000000] Virtual kernel memory layout:
[    0.000000]     vector  : 0xffff0000 - 0xffff1000   (   4 kB)
[    0.000000]     fixmap  : 0xffc00000 - 0xfff00000   (3072 kB)
[    0.000000]     vmalloc : 0xf0800000 - 0xff800000   ( 240 MB)
[    0.000000]     lowmem  : 0xc0000000 - 0xf0000000   ( 768 MB)
[    0.000000]     pkmap   : 0xbfe00000 - 0xc0000000   (   2 MB)
[    0.000000]     modules : 0xbf000000 - 0xbfe00000   (  14 MB)
[    0.000000]       .text : 0xc0208000 - 0xc106c574   (14738 kB)
[    0.000000]       .init : 0xc1100000 - 0xc1300000   (2048 kB)
[    0.000000]       .data : 0xc1300000 - 0xc141db60   (1143 kB)
[    0.000000]        .bss : 0xc141f000 - 0xc1474ca0   ( 344 kB)
[    0.000000] SLUB: HWalign=64, Order=0-3, MinObjects=0, CPUs=4, Nodes=1
[    0.000000] Hierarchical RCU implementation.
[    0.000000] 	Build-time adjustment of leaf fanout to 32.
[    0.000000] 	RCU restricting CPUs from NR_CPUS=16 to nr_cpu_ids=4.
[    0.000000] RCU: Adjusting geometry for rcu_fanout_leaf=32, nr_cpu_ids=4
[    0.000000] NR_IRQS:16 nr_irqs:16 16
[    0.000000] /interrupt-controller@60004000: 160 interrupts forwarded to /interrupt-controller@0,50041000
[    0.000000] Tegra clk 127: register failed with -17
[    0.000008] sched_clock: 32 bits at 1000kHz, resolution 1000ns, wraps every 2147483647500ns
[    0.000031] clocksource: timer_us: mask: 0xffffffff max_cycles: 0xffffffff, max_idle_ns: 1911260446275 ns
[    0.000045] Switching to timer-based delay loop, resolution 1000ns
[    0.005310] Architected cp15 timer(s) running at 12.00MHz (virt).
[    0.005327] clocksource: arch_sys_counter: mask: 0xffffffffffffff max_cycles: 0x2c47f4ee7, max_idle_ns: 440795202497 ns
[    0.005345] sched_clock: 56 bits at 12MHz, resolution 83ns, wraps every 4398046511096ns
[    0.005358] Switching to timer-based delay loop, resolution 83ns
[    0.005868] Console: colour dummy device 80x30
[    0.005893] Calibrating delay loop (skipped), value calculated using timer frequency.. 24.00 BogoMIPS (lpj=60000)
[    0.005908] pid_max: default: 32768 minimum: 301
[    0.006003] Mount-cache hash table entries: 2048 (order: 1, 8192 bytes)
[    0.006014] Mountpoint-cache hash table entries: 2048 (order: 1, 8192 bytes)
[    0.006616] CPU: Testing write buffer coherency: ok
[    0.006833] /cpus/cpu@0 missing clock-frequency property
[    0.006874] /cpus/cpu@1 missing clock-frequency property
[    0.006915] /cpus/cpu@2 missing clock-frequency property
[    0.006958] /cpus/cpu@3 missing clock-frequency property
[    0.006970] CPU0: thread -1, cpu 0, socket 0, mpidr 80000000
[    0.006992] Setting up static identity map for 0x80300000 - 0x80300098
[    0.010550] Tegra Revision: A01 SKU: 129 CPU Process: 1 SoC Process: 1
[    0.012003] CPU1: thread -1, cpu 1, socket 0, mpidr 80000001
[    0.015700] CPU2: thread -1, cpu 2, socket 0, mpidr 80000002
[    0.020695] CPU3: thread -1, cpu 3, socket 0, mpidr 80000003
[    0.025140] Brought up 4 CPUs
[    0.025161] SMP: Total of 4 processors activated (96.00 BogoMIPS).
[    0.025169] CPU: All CPU(s) started in SVC mode.
[    0.026642] devtmpfs: initialized
[    0.045624] VFP support v0.3: implementor 41 architecture 4 part 30 variant f rev 0
[    0.046324] clocksource: jiffies: mask: 0xffffffff max_cycles: 0xffffffff, max_idle_ns: 9556302231375000 ns
[    0.047690] pinctrl core: initialized pinctrl subsystem
[    0.049360] NET: Registered protocol family 16
[    0.051325] DMA: preallocated 256 KiB pool for atomic coherent allocations
[    0.065267] cpuidle: using governor menu
[    0.084578] No ATAGs?
[    0.084604] hw-breakpoint: found 5 (+1 reserved) breakpoint and 4 watchpoint registers.
[    0.084614] hw-breakpoint: maximum watchpoint size is 8 bytes.
[    0.090873] Serial: AMBA PL011 UART driver
[    0.120506] +5V_SYS: supplied by +VDD_MUX
[    0.120832] +3.3V_SYS: supplied by +VDD_MUX
[    0.121467] +USB0_VBUS_SW: Failed to request enable GPIO108: -517
[    0.121483] reg-fixed-voltage regulators:regulator@7: Failed to register regulator: -517
[    0.121572] +5V_USB_HS: Failed to request enable GPIO109: -517
[    0.121585] reg-fixed-voltage regulators:regulator@8: Failed to register regulator: -517
[    0.121752] +1.05V_RUN_AVDD_HDMI_PLL: Failed to request enable GPIO63: -517
[    0.121765] reg-fixed-voltage regulators:regulator@11: Failed to register regulator: -517
[    0.121851] +5V_HDMI_CON: Failed to request enable GPIO86: -517
[    0.121863] reg-fixed-voltage regulators:regulator@12: Failed to register regulator: -517
[    0.121950] +5V_SATA: Failed to request enable GPIO242: -517
[    0.121962] reg-fixed-voltage regulators:regulator@13: Failed to register regulator: -517
[    0.122047] +12V_SATA: Failed to request enable GPIO242: -517
[    0.122060] reg-fixed-voltage regulators:regulator@14: Failed to register regulator: -517
[    0.125420] vgaarb: loaded
[    0.126265] SCSI subsystem initialized
[    0.126428] libata version 3.00 loaded.
[    0.126702] usbcore: registered new interface driver usbfs
[    0.126774] usbcore: registered new interface driver hub
[    0.126838] usbcore: registered new device driver usb
[    0.130655] pps_core: LinuxPPS API ver. 1 registered
[    0.130665] pps_core: Software ver. 5.3.6 - Copyright 2005-2007 Rodolfo Giometti <giometti@linux.it>
[    0.130687] PTP clock support registered
[    0.130893] EDAC MC: Ver: 3.0.0
[    0.134081] clocksource: Switched to clocksource arch_sys_counter
[    0.145240] NET: Registered protocol family 2
[    0.145770] TCP established hash table entries: 8192 (order: 3, 32768 bytes)
[    0.145869] TCP bind hash table entries: 8192 (order: 4, 65536 bytes)
[    0.146056] TCP: Hash tables configured (established 8192 bind 8192)
[    0.146109] UDP hash table entries: 512 (order: 2, 16384 bytes)
[    0.146150] UDP-Lite hash table entries: 512 (order: 2, 16384 bytes)
[    0.146306] NET: Registered protocol family 1
[    0.146539] RPC: Registered named UNIX socket transport module.
[    0.146548] RPC: Registered udp transport module.
[    0.146555] RPC: Registered tcp transport module.
[    0.146563] RPC: Registered tcp NFSv4.1 backchannel transport module.
[    0.146573] PCI: CLS 0 bytes, default 64
[    0.147769] hw perfevents: enabled with armv7_cortex_a15 PMU driver, 7 counters available
[    0.149304] futex hash table entries: 1024 (order: 4, 65536 bytes)
[    0.150018] workingset: timestamp_bits=28 max_order=19 bucket_order=0
[    0.161470] squashfs: version 4.0 (2009/01/31) Phillip Lougher
[    0.162318] NFS: Registering the id_resolver key type
[    0.162351] Key type id_resolver registered
[    0.162359] Key type id_legacy registered
[    0.162401] ntfs: driver 2.1.32 [Flags: R/O].
[    0.163696] bounce: pool size: 64 pages
[    0.163904] Block layer SCSI generic (bsg) driver version 0.4 loaded (major 248)
[    0.163915] io scheduler noop registered
[    0.163923] io scheduler deadline registered
[    0.163958] io scheduler cfq registered (default)
[    0.169818] usb2-0 supply vbus not found, using dummy regulator
[    0.169943] usb2-1 supply vbus not found, using dummy regulator
[    0.170341] tegra-xusb-padctl 7009f000.padctl: failed to setup XUSB ports: -517
[    0.187046] tegra-pcie 1003000.pcie-controller: 2x1, 1x1 configuration
[    0.187100] tegra-pcie 1003000.pcie-controller: Failed to get supply 'avddio-pex': -517
[    0.194462] tegra-apbdma 60020000.dma: Tegra20 APB DMA driver register 32 channels
[    0.196509] tegra-pmc 7000e400.pmc: emergency thermal reset enabled
[    0.259359] Serial: 8250/16550 driver, 4 ports, IRQ sharing disabled
[    0.262319] console [ttyS0] disabled
[    0.262354] 70006300.serial: ttyS0 at MMIO 0x70006300 (irq = 333, base_baud = 25500000) is a Tegra
[    1.114069] console [ttyS0] enabled
[    1.118497] SuperH (H)SCI(F) driver initialized
[    1.124151] msm_serial: driver initialized
[    1.128444] STMicroelectronics ASC driver initialized
[    1.134456] serial-tegra serial@70006000: failed to get alias id, errno -19
[    1.141483] serial-tegra serial@70006040: failed to get alias id, errno -19
[    1.151590] [drm] Initialized drm 1.1.0 20060810
[    1.159744] tegra-hdmi 54280000.hdmi: failed to get HDMI regulator
[    1.179350] brd: module loaded
[    1.188397] loop: module loaded
[    1.192014] at24 0-0056: 256 byte 24c02 EEPROM, writable, 8 bytes/write
[    1.200351] as3722 4-0040: AS3722 with revision 0x1 found
[    1.211540] as3722-sd2: supplied by +5V_SYS
[    1.216200] as3722-sd3: supplied by +5V_SYS
[    1.220633] +1.35V_LP0(sd3): Bringing 0uV into 1350000-1350000uV
[    1.227019] as3722-sd4: supplied by +5V_SYS
[    1.231670] as3722-sd5: supplied by +5V_SYS
[    1.237745] as3722-ldo0: supplied by +1.35V_LP0(sd2)
[    1.243836] +1.8V_RUN_CAM: Bringing 0uV into 1800000-1800000uV
[    1.250093] as3722-ldo2: supplied by +1.8V_VDDIO
[    1.256036] as3722-ldo3: supplied by +3.3V_SYS
[    1.260535] +1.05V_LP0_VDD_RTC: Bringing 1100000uV into 1000000-1000000uV
[    1.268350] as3722-ldo4: supplied by +3.3V_SYS
[    1.273022] +2.8V_RUN_CAM: Bringing 0uV into 2800000-2800000uV
[    1.279291] as3722-ldo5: supplied by +1.8V_VDDIO
[    1.284114] +1.2V_RUN_CAM_FRONT: Bringing 0uV into 1200000-1200000uV
[    1.291091] +VDDIO_SDMMC3: bypassed regulator has no supply!
[    1.296762] +VDDIO_SDMMC3: failed to get the current voltage(-517)
[    1.302953] as3722-regulator as3722-regulator: regulator 13 register failed -517
[    1.315208] tegra-ahci 70027000.sata: couldn't get PHY in node sata: -517
[    1.337055] m25p80 spi32765.0: w25q32dw (4096 Kbytes)
[    1.345610] libphy: Fixed MDIO Bus: probed
[    1.350404] CAN device driver interface
[    1.356417] igb: Intel(R) Gigabit Ethernet Network Driver - version 5.3.0-k
[    1.363384] igb: Copyright (c) 2007-2014 Intel Corporation.
[    1.372505] pegasus: v0.9.3 (2013/04/25), Pegasus/Pegasus II USB Ethernet driver
[    1.379963] usbcore: registered new interface driver pegasus
[    1.385689] usbcore: registered new interface driver asix
[    1.391138] usbcore: registered new interface driver ax88179_178a
[    1.397286] usbcore: registered new interface driver cdc_ether
[    1.403188] usbcore: registered new interface driver smsc75xx
[    1.409003] usbcore: registered new interface driver smsc95xx
[    1.414798] usbcore: registered new interface driver net1080
[    1.420507] usbcore: registered new interface driver cdc_subset
[    1.426475] usbcore: registered new interface driver zaurus
[    1.432127] usbcore: registered new interface driver cdc_ncm
[    1.438050] tegra-phy 7d004000.usb-phy: no vbus regulator
[    1.445733] ehci_hcd: USB 2.0 'Enhanced' Host Controller (EHCI) Driver
[    1.452269] ehci-pci: EHCI PCI platform driver
[    1.456766] ehci-platform: EHCI generic platform driver
[    1.462231] ehci-omap: OMAP-EHCI Host Controller driver
[    1.467619] ehci-orion: EHCI orion driver
[    1.471791] SPEAr-ehci: EHCI SPEAr driver
[    1.475969] ehci-st: EHCI STMicroelectronics driver
[    1.481015] ehci-exynos: EHCI EXYNOS driver
[    1.485389] ehci-atmel: EHCI Atmel driver
[    1.489564] tegra-ehci: Tegra EHCI driver
[    1.493813] ------------[ cut here ]------------
[    1.498453] WARNING: CPU: 1 PID: 1 at drivers/reset/core.c:187 __of_reset_control_get+0x1bc/0x228
[    1.507323] Modules linked in:
[    1.510402] CPU: 1 PID: 1 Comm: swapper/0 Not tainted 4.6.0-next-20160523-95490-gcbafe21 #1
[    1.518737] Hardware name: NVIDIA Tegra SoC (Flattened Device Tree)
[    1.525017] [<c030f9d0>] (unwind_backtrace) from [<c030b0c8>] (show_stack+0x10/0x14)
[    1.532757] [<c030b0c8>] (show_stack) from [<c0586548>] (dump_stack+0x84/0xa4)
[    1.539978] [<c0586548>] (dump_stack) from [<c0341b88>] (__warn+0xd4/0x100)
[    1.546936] [<c0341b88>] (__warn) from [<c0341bd4>] (warn_slowpath_null+0x20/0x28)
[    1.554499] [<c0341bd4>] (warn_slowpath_null) from [<c06a109c>] (__of_reset_control_get+0x1bc/0x228)
[    1.563626] [<c06a109c>] (__of_reset_control_get) from [<c0912c28>] (tegra_ehci_probe+0x2d0/0x51c)
[    1.572579] [<c0912c28>] (tegra_ehci_probe) from [<c0779bcc>] (platform_drv_probe+0x50/0xb0)
[    1.581011] [<c0779bcc>] (platform_drv_probe) from [<c0778530>] (driver_probe_device+0x1f4/0x2b0)
[    1.589875] [<c0778530>] (driver_probe_device) from [<c0778698>] (__driver_attach+0xac/0xb0)
[    1.598306] [<c0778698>] (__driver_attach) from [<c0776b44>] (bus_for_each_dev+0x54/0x88)
[    1.606475] [<c0776b44>] (bus_for_each_dev) from [<c0777b24>] (bus_add_driver+0xe8/0x1f4)
[    1.614646] [<c0777b24>] (bus_add_driver) from [<c0778eb4>] (driver_register+0x78/0xf4)
[    1.622643] [<c0778eb4>] (driver_register) from [<c0301e7c>] (do_one_initcall+0x3c/0x16c)
[    1.630813] [<c0301e7c>] (do_one_initcall) from [<c1100d80>] (kernel_init_freeable+0x120/0x1ec)
[    1.639508] [<c1100d80>] (kernel_init_freeable) from [<c0b5c2d0>] (kernel_init+0x8/0x118)
[    1.647680] [<c0b5c2d0>] (kernel_init) from [<c0307fb8>] (ret_from_fork+0x14/0x3c)
[    1.655271] ---[ end trace 08968cbb53b7ebcb ]---
[    1.659901] tegra-ehci 7d004000.usb: can't get utmi-pads reset from the PHY
[    1.666869] tegra-ehci 7d004000.usb: continuing, but please update your DT
[    1.673847] tegra-ehci 7d004000.usb: EHCI Host Controller
[    1.679280] tegra-ehci 7d004000.usb: new USB bus registered, assigned bus number 1
[    1.687020] tegra-ehci 7d004000.usb: irq 352, io mem 0x7d004000
[    1.699096] tegra-ehci 7d004000.usb: USB 2.0 started, EHCI 1.10
[    1.705877] hub 1-0:1.0: USB hub found
[    1.709675] hub 1-0:1.0: 1 port detected
[    1.714249] ohci_hcd: USB 1.1 'Open' Host Controller (OHCI) Driver
[    1.720445] ohci-pci: OHCI PCI platform driver
[    1.724950] ohci-platform: OHCI generic platform driver
[    1.730381] ohci-omap3: OHCI OMAP3 driver
[    1.734556] SPEAr-ohci: OHCI SPEAr driver
[    1.738715] ohci-st: OHCI STMicroelectronics driver
[    1.743760] ohci-atmel: OHCI Atmel driver
[    1.748617] usbcore: registered new interface driver usb-storage
[    1.756399] mousedev: PS/2 mouse device common for all mice
[    1.765504] as3722-rtc as3722-rtc: rtc core: registered as3722-rtc as rtc0
[    1.772391] as3722-rtc as3722-rtc: RTC interrupt 375
[    1.780788] tegra_rtc 7000e000.rtc: rtc core: registered 7000e000.rtc as rtc1
[    1.787975] tegra_rtc 7000e000.rtc: Tegra internal Real Time Clock
[    1.794760] i2c /dev entries driver
[    1.805393] 0-004c supply vcc not found, using dummy regulator
[    1.821028] sdhci: Secure Digital Host Controller Interface driver
[    1.827221] sdhci: Copyright(c) Pierre Ossman
[    1.833291] Synopsys Designware Multimedia Card Interface Driver
[    1.840516] sdhci-pltfm: SDHCI platform and OF driver helper
[    1.847006] sdhci-tegra 700b0400.sdhci: Got CD GPIO
[    1.851915] sdhci-tegra 700b0400.sdhci: Got WP GPIO
[    1.856856] mmc0: Unknown controller version (3). You may experience problems.
[    1.864345] mmc0: Unknown controller version (3). You may experience problems.
[    1.871634] mmc0: Invalid maximum block size, assuming 512 bytes
[    1.909099] mmc0: SDHCI controller on 700b0600.sdhci [700b0600.sdhci] using ADMA 64-bit
[    1.918852] ledtrig-cpu: registered to indicate activity on CPUs
[    1.925211] usbcore: registered new interface driver usbhid
[    1.930793] usbhid: USB HID core driver
[    1.939218] tegra124-dfll 70110000.clock: couldn't get vdd_cpu regulator
[    1.950854] NET: Registered protocol family 10
[    1.956011] sit: IPv6 over IPv4 tunneling driver
[    1.961329] NET: Registered protocol family 17
[    1.965816] can: controller area network core (rev 20120528 abi 9)
[    1.972075] NET: Registered protocol family 29
[    1.976543] can: raw protocol (rev 20120528)
[    1.980832] can: broadcast manager protocol (rev 20120528 t)
[    1.986513] can: netlink gateway (rev 20130117) max_hops=1
[    1.992407] Key type dns_resolver registered
[    1.997346] ThumbEE CPU extension supported.
[    2.001647] Registering SWP/SWPB emulation handler
[    2.010880] +3.3V_RUN: supplied by +3.3V_SYS
[    2.016533] +3.3V_AVDD_HDMI_AP_GATED: supplied by +3.3V_RUN
[    2.022733] +USB0_VBUS_SW: supplied by +5V_SYS
[    2.027866] +5V_USB_HS: supplied by +5V_SYS
[    2.033718] +3.3V_LP0: supplied by +3.3V_SYS
[    2.040008] +5V_HDMI_CON: supplied by +5V_SYS
[    2.045098] +5V_SATA: supplied by +5V_SYS
[    2.049639] +12V_SATA: supplied by +VDD_MUX
[    2.056042] usb2-0 supply vbus not found, using dummy regulator
[    2.060746] mmc0: new high speed MMC card at address 0001
[    2.061825] mmcblk0: mmc0:0001 SEM16G 14.7 GiB 
[    2.062861] mmcblk0boot0: mmc0:0001 SEM16G partition 1 4.00 MiB
[    2.063938] mmcblk0boot1: mmc0:0001 SEM16G partition 2 4.00 MiB
[    2.064991] mmcblk0rpmb: mmc0:0001 SEM16G partition 3 4.00 MiB
[    2.067604]  mmcblk0: p1
[    2.092442] usb2-1 supply vbus not found, using dummy regulator
[    2.098747] usb3-0 supply vbus not found, using dummy regulator
[    2.105980] tegra-pcie 1003000.pcie-controller: 2x1, 1x1 configuration
[    2.112618] tegra-pcie 1003000.pcie-controller: Failed to get supply 'avddio-pex': -517
[    2.122469] tegra-hdmi 54280000.hdmi: failed to get PLL regulator
[    2.133440] as3722-sd2: supplied by +5V_SYS
[    2.138093] as3722-sd3: supplied by +5V_SYS
[    2.142709] as3722-sd4: supplied by +5V_SYS
[    2.147248] +1.05V_RUN_AVDD_HDMI_PLL: supplied by +1.05V_RUN
[    2.153082] as3722-sd5: supplied by +5V_SYS
[    2.159144] as3722-ldo0: supplied by +1.35V_LP0(sd2)
[    2.165266] as3722-ldo1: supplied by +3.3V_RUN
[    2.170105] as3722-ldo2: supplied by +1.8V_VDDIO
[    2.175661] as3722-ldo3: supplied by +3.3V_SYS
[    2.180994] as3722-ldo4: supplied by +3.3V_SYS
[    2.185717] as3722-ldo5: supplied by +1.8V_VDDIO
[    2.190616] as3722-ldo6: supplied by +3.3V_RUN
[    2.195349] as3722-ldo7: supplied by +1.8V_VDDIO
[    2.200728] +1.05V_RUN_CAM_REAR: Bringing 0uV into 1050000-1050000uV
[    2.207832] as3722-ldo9: supplied by +5V_SYS
[    2.213328] +3.3V_RUN_TOUCH: Bringing 0uV into 2800000-2800000uV
[    2.219930] as3722-ldo10: supplied by +5V_SYS
[    2.224827] +2.8V_RUN_CAM_AF: Bringing 0uV into 2800000-2800000uV
[    2.231666] as3722-ldo11: supplied by +3.3V_RUN
[    2.236987] +1.8V_RUN_VPP_FUSE: Bringing 0uV into 1800000-1800000uV
[    2.246678] tegra-ahci 70027000.sata: AHCI 0001.0301 32 slots 2 ports 3 Gbps 0x1 impl platform mode
[    2.255754] tegra-ahci 70027000.sata: flags: 64bit ncq sntf pm led pio slum part sadm sds apst 
[    2.266422] scsi host0: tegra-ahci
[    2.271173] scsi host1: tegra-ahci
[    2.274954] ata1: SATA max UDMA/133 mmio [mem 0x70027000-0x70028fff] port 0x100 irq 343
[    2.282970] ata2: DUMMY
[    2.288652] tegra-ehci 7d008000.usb: EHCI Host Controller
[    2.294107] tegra-ehci 7d008000.usb: new USB bus registered, assigned bus number 2
[    2.301865] tegra-ehci 7d008000.usb: irq 353, io mem 0x7d008000
[    2.314197] tegra-ehci 7d008000.usb: USB 2.0 started, EHCI 1.10
[    2.321315] hub 2-0:1.0: USB hub found
[    2.325177] hub 2-0:1.0: 1 port detected
[    2.331834] sdhci-tegra 700b0400.sdhci: Got CD GPIO
[    2.336794] sdhci-tegra 700b0400.sdhci: Got WP GPIO
[    2.341808] mmc1: Unknown controller version (3). You may experience problems.
[    2.349423] mmc1: Invalid maximum block size, assuming 512 bytes
[    2.389624] mmc1: SDHCI controller on 700b0400.sdhci [700b0400.sdhci] using ADMA 64-bit
[    2.402141] tegra-pcie 1003000.pcie-controller: 2x1, 1x1 configuration
[    2.410669] tegra-pcie 1003000.pcie-controller: probing port 0, using 2 lanes
[    2.420016] tegra-pcie 1003000.pcie-controller: Slot present pin change, signature: 00000008
[    2.443592] tegra-pcie 1003000.pcie-controller: probing port 1, using 1 lanes
[    2.452829] tegra-pcie 1003000.pcie-controller: Slot present pin change, signature: 00000000
[    2.466948] tegra-pcie 1003000.pcie-controller: PCI host bridge to bus 0000:00
[    2.474210] pci_bus 0000:00: root bus resource [io  0x0000-0xffff]
[    2.480405] pci_bus 0000:00: root bus resource [mem 0x13000000-0x1fffffff]
[    2.487320] pci_bus 0000:00: root bus resource [mem 0x20000000-0x3fffffff pref]
[    2.494655] pci_bus 0000:00: root bus resource [bus 00-ff]
[    2.500216] pci 0000:00:01.0: [10de:0e12] type 01 class 0x060400
[    2.506365] pci 0000:00:01.0: PME# supported from D0 D1 D2 D3hot D3cold
[    2.513343] pci 0000:00:02.0: [10de:0e13] type 01 class 0x060400
[    2.519499] pci 0000:00:02.0: PME# supported from D0 D1 D2 D3hot D3cold
[    2.526511] PCI: bus0: Fast back to back transfers disabled
[    2.532125] pci 0000:00:01.0: bridge configuration invalid ([bus 00-00]), reconfiguring
[    2.540194] pci 0000:00:02.0: bridge configuration invalid ([bus 00-00]), reconfiguring
[    2.548494] pci 0000:01:00.0: [8086:4232] type 00 class 0x028000
[    2.554595] pci 0000:01:00.0: reg 0x10: [mem 0x00000000-0x00001fff 64bit]
[    2.561635] pci 0000:01:00.0: PME# supported from D0 D3hot D3cold
[    2.574224] PCI: bus1: Fast back to back transfers disabled
[    2.579850] pci_bus 0000:01: busn_res: [bus 01-ff] end is updated to 01
[    2.586785] pci 0000:02:00.0: [10ec:8168] type 00 class 0x020000
[    2.592861] pci 0000:02:00.0: reg 0x10: [io  0x0000-0x00ff]
[    2.598511] pci 0000:02:00.0: reg 0x18: [mem 0x00000000-0x00000fff 64bit]
[    2.605368] pci 0000:02:00.0: reg 0x20: [mem 0x00000000-0x00003fff 64bit pref]
[    2.612776] pci 0000:02:00.0: supports D1 D2
[    2.617093] pci 0000:02:00.0: PME# supported from D0 D1 D2 D3hot D3cold
[    2.628087] ata1: SATA link down (SStatus 0 SControl 300)
[    2.634220] PCI: bus2: Fast back to back transfers disabled
[    2.639824] pci_bus 0000:02: busn_res: [bus 02-ff] end is updated to 02
[    2.646617] pci 0000:00:01.0: BAR 8: assigned [mem 0x13000000-0x130fffff]
[    2.653450] pci 0000:00:02.0: BAR 8: assigned [mem 0x13100000-0x131fffff]
[    2.660291] pci 0000:00:02.0: BAR 9: assigned [mem 0x20000000-0x200fffff 64bit pref]
[    2.668082] pci 0000:00:02.0: BAR 7: assigned [io  0x1000-0x1fff]
[    2.674236] pci 0000:01:00.0: BAR 0: assigned [mem 0x13000000-0x13001fff 64bit]
[    2.681618] pci 0000:00:01.0: PCI bridge to [bus 01]
[    2.686638] pci 0000:00:01.0:   bridge window [mem 0x13000000-0x130fffff]
[    2.693489] pci 0000:02:00.0: BAR 4: assigned [mem 0x20000000-0x20003fff 64bit pref]
[    2.701299] pci 0000:02:00.0: BAR 2: assigned [mem 0x13100000-0x13100fff 64bit]
[    2.708677] pci 0000:02:00.0: BAR 0: assigned [io  0x1000-0x10ff]
[    2.714823] pci 0000:00:02.0: PCI bridge to [bus 02]
[    2.719837] pci 0000:00:02.0:   bridge window [io  0x1000-0x1fff]
[    2.725983] pci 0000:00:02.0:   bridge window [mem 0x13100000-0x131fffff]
[    2.732818] pci 0000:00:02.0:   bridge window [mem 0x20000000-0x200fffff 64bit pref]
[    2.740647] pci 0000:00:01.0: nv_msi_ht_cap_quirk didn't locate host bridge
[    2.747781] pcieport 0000:00:01.0: enabling device (0140 -> 0142)
[    2.754231] pcieport 0000:00:01.0: Signaling PME through PCIe PME interrupt
[    2.761240] pci 0000:01:00.0: Signaling PME through PCIe PME interrupt
[    2.767816] pcie_pme 0000:00:01.0:pcie001: service driver pcie_pme loaded
[    2.774754] pci 0000:00:02.0: nv_msi_ht_cap_quirk didn't locate host bridge
[    2.781883] pcieport 0000:00:02.0: enabling device (0140 -> 0143)
[    2.788293] pcieport 0000:00:02.0: Signaling PME through PCIe PME interrupt
[    2.795293] pci 0000:02:00.0: Signaling PME through PCIe PME interrupt
[    2.801872] pcie_pme 0000:00:02.0:pcie001: service driver pcie_pme loaded
[    2.809040] r8169 Gigabit Ethernet driver 2.3LK-NAPI loaded
[    2.814685] r8169 0000:02:00.0: enabling device (0140 -> 0143)
[    2.830877] r8169 0000:02:00.0 eth0: RTL8168g/8111g at 0xf0a52000, 00:04:4b:3a:d9:81, XID 0c000800 IRQ 393
[    2.840593] r8169 0000:02:00.0 eth0: jumbo features [frames: 9200 bytes, tx checksumming: ko]
[    2.853162] [drm] Supports vblank timestamp caching Rev 2 (21.10.2013).
[    2.859829] [drm] No driver support for vblank timestamp query.
[    2.867697] mmc1: new high speed SDHC card at address aaaa
[    2.874038] mmcblk1: mmc1:aaaa SD04G 3.69 GiB 
[    2.892244]  mmcblk1: p1 p2 p3
[    2.984405] tegra-hdmi 54280000.hdmi: cannot set audio to 44100 at 297000000 pclk
[    3.154514] Console: switching to colour frame buffer device 512x135
[    3.249356] drm drm: fb0:  frame buffer device
[    3.264202] [drm] Initialized tegra 0.0.0 20120330 on minor 0
[    3.271746] of: dev_pm_opp_of_cpumask_add_table: couldn't find opp table for cpu:0, -19
[    3.279800] cpufreq: cpufreq_online: CPU0: Running at unlisted freq: 696000 KHz
[    3.287126] cpufreq: cpufreq_online: CPU0: Unlisted initial frequency changed to: 714000 KHz
[    3.295720] cpu cpu1: cpufreq_init: failed to get clk: -2
[    3.301204] cpu cpu2: cpufreq_init: failed to get clk: -2
[    3.306677] cpu cpu3: cpufreq_init: failed to get clk: -2
[    3.312864] input: gpio-keys as /devices/soc0/gpio-keys/input/input0
[    3.320184] as3722-rtc as3722-rtc: setting system clock to 2000-01-01 00:00:13 UTC (946684813)
[    3.334775] +USB0_VBUS_SW: disabling
[    3.338354] +1.8V_RUN_CAM: disabling
[    3.342308] +2.8V_RUN_CAM: disabling
[    3.346270] +1.2V_RUN_CAM_FRONT: disabling
[    3.350756] +1.05V_RUN_CAM_REAR: disabling
[    3.355078] +3.3V_RUN_TOUCH: disabling
[    3.359018] +2.8V_RUN_CAM_AF: disabling
[    3.363075] +1.8V_RUN_VPP_FUSE: disabling
[    3.369887] EXT4-fs (mmcblk0p1): mounting ext3 file system using the ext4 subsystem
[    3.402347] EXT4-fs (mmcblk0p1): recovery complete
[    3.407314] EXT4-fs (mmcblk0p1): mounted filesystem with ordered data mode. Opts: (null)
[    3.415553] VFS: Mounted root (ext3 filesystem) on device 179:1.
[    3.429175] devtmpfs: mounted
[    3.437740] Freeing unused kernel memory: 2048K (c1100000 - c1300000)
bash: cannot set terminal process group (-1): Inappropriate ioctl for device
bash: no job control in this shell
root@(none):/# mount -t sysfs none /sys
root@(none):/# 
root@(none):/# mount -t debugfs none /sys/kernel/debug
root@(none):/# 
root@(none):/# rtcwake -d rtc1 -m mem -s 3
rtcwake: assuming RTC uses UTC ...
rtcwake: wakeup from "mem" using /dev/rtc1 at Thu Jan  1 00:00:19 1970
[    6.471612] PM: Syncing filesystems ... done.
[    6.650737] Freezing user space processes ... (elapsed 0.001 seconds) done.
[    6.659407] Freezing remaining freezable tasks ... (elapsed 0.001 seconds) done.
[    6.668523] Suspending console(s) (use no_console_suspend to debug)
[    6.776922] PM: suspend of devices complete after 99.406 msecs
[    6.784437] PM: late suspend of devices complete after 7.488 msecs
[    6.802757] PM: noirq suspend of devices complete after 18.296 msecs
[    6.802765] Disabling non-boot CPUs ...
[    6.804666] CPU1: shutdown
[    6.823640] IRQ17 no longer affine to CPU2
[    6.824387] CPU2: shutdown
[    6.843551] CPU3: shutdown
[    6.861488] Entering suspend state LP1
[    6.861503] Enabling non-boot CPUs ...
[    6.884861] cpu cpu1: cpufreq_init: failed to get clk: -2
[    6.884958] CPU1 is up
[    6.909919] cpu cpu2: cpufreq_init: failed to get clk: -2
[    6.910015] CPU2 is up
[    6.935042] cpu cpu3: cpufreq_init: failed to get clk: -2
[    6.935152] CPU3 is up
[    6.935935] pcieport 0000:00:02.0: nv_msi_ht_cap_quirk didn't locate host bridge
[    6.935937] pcieport 0000:00:01.0: nv_msi_ht_cap_quirk didn't locate host bridge
[    6.949162] PM: noirq resume of devices complete after 14.005 msecs
[    6.951103] PM: early resume of devices complete after 1.631 msecs
[    6.953643] tegra-hdmi 54280000.hdmi: cannot set audio to 44100 at 297000000 pclk
[    7.033513] PM: resume of devices complete after 82.399 msecs
[    7.139902] Restarting tasks ... done.
root@(none):/# 
root@(none):/# [    7.266690] ata1: SATA link down (SStatus 0 SControl 300)
rtcwake -d rtc1 -m mem -s 3
rtcwake: assuming RTC uses UTC ...
rtcwake: wakeup from "mem" using /dev/rtc1 at Thu Jan  1 00:00:24 1970
[    8.370104] PM: Syncing filesystems ... done.
[    8.631565] Freezing user space processes ... (elapsed 0.001 seconds) done.
[    8.640153] Freezing remaining freezable tasks ... (elapsed 0.001 seconds) done.
[    8.648809] Suspending console(s) (use no_console_suspend to debug)
[    8.735459] PM: suspend of devices complete after 79.683 msecs
[    8.737440] PM: late suspend of devices complete after 1.970 msecs
[    8.749855] PM: noirq suspend of devices complete after 12.409 msecs
[    8.749857] Disabling non-boot CPUs ...
[    8.750295] CPU1: shutdown
[    8.765338] CPU2: shutdown
[    8.780161] CPU3: shutdown
[    8.794598] Entering suspend state LP1
[    8.794613] Enabling non-boot CPUs ...
[    8.819846] cpu cpu1: cpufreq_init: failed to get clk: -2
[    8.819942] CPU1 is up
[    8.844901] cpu cpu2: cpufreq_init: failed to get clk: -2
[    8.844995] CPU2 is up
[    8.870029] cpu cpu3: cpufreq_init: failed to get clk: -2
[    8.870139] CPU3 is up
[    8.870877] pcieport 0000:00:01.0: nv_msi_ht_cap_quirk didn't locate host bridge
[    8.870879] pcieport 0000:00:02.0: nv_msi_ht_cap_quirk didn't locate host bridge
[    8.884140] PM: noirq resume of devices complete after 13.994 msecs
[    8.885746] PM: early resume of devices complete after 1.271 msecs
[    8.888360] tegra-hdmi 54280000.hdmi: cannot set audio to 44100 at 297000000 pclk
[    8.968199] PM: resume of devices complete after 82.442 msecs
[    9.070528] Restarting tasks ... done.
root@(none):/# 
root@(none):/# [    9.201629] ata1: SATA link down (SStatus 0 SControl 300)
rtcwake -d rtc1 -m mem -s 3
rtcwake: assuming RTC uses UTC ...
rtcwake: wakeup from "mem" using /dev/rtc1 at Thu Jan  1 00:00:29 1970
[   10.306051] PM: Syncing filesystems ... done.
[   10.568224] Freezing user space processes ... (elapsed 0.001 seconds) done.
[   10.576803] Freezing remaining freezable tasks ... (elapsed 0.001 seconds) done.
[   10.585496] Suspending console(s) (use no_console_suspend to debug)
[   10.670475] PM: suspend of devices complete after 78.026 msecs
[   10.672277] PM: late suspend of devices complete after 1.792 msecs
[   10.684794] PM: noirq suspend of devices complete after 12.512 msecs
[   10.684796] Disabling non-boot CPUs ...
[   10.685016] IRQ17 no longer affine to CPU1
[   10.685212] CPU1: shutdown
[   10.700249] CPU2: shutdown
[   10.715063] CPU3: shutdown
[   10.729546] Entering suspend state LP1
[   10.729560] Enabling non-boot CPUs ...
[   10.754775] cpu cpu1: cpufreq_init: failed to get clk: -2
[   10.754867] CPU1 is up
[   10.779822] cpu cpu2: cpufreq_init: failed to get clk: -2
[   10.779912] CPU2 is up
[   10.804943] cpu cpu3: cpufreq_init: failed to get clk: -2
[   10.805046] CPU3 is up
[   10.805750] pcieport 0000:00:01.0: nv_msi_ht_cap_quirk didn't locate host bridge
[   10.805752] pcieport 0000:00:02.0: nv_msi_ht_cap_quirk didn't locate host bridge
[   10.819110] PM: noirq resume of devices complete after 14.058 msecs
[   10.820720] PM: early resume of devices complete after 1.294 msecs
[   10.823828] tegra-hdmi 54280000.hdmi: cannot set audio to 44100 at 297000000 pclk
[   10.902849] PM: resume of devices complete after 82.119 msecs
[   11.009218] Restarting tasks ... done.
root@(none):/# 
root@(none):/# [   11.136608] ata1: SATA link down (SStatus 0 SControl 300)
rtcwake -d rtc1 -m mem -s 3
rtcwake: assuming RTC uses UTC ...
rtcwake: wakeup from "mem" using /dev/rtc1 at Thu Jan  1 00:00:34 1970
[   12.239256] PM: Syncing filesystems ... done.
[   12.495347] Freezing user space processes ... (elapsed 0.001 seconds) done.
[   12.504003] Freezing remaining freezable tasks ... (elapsed 0.001 seconds) done.
[   12.512667] Suspending console(s) (use no_console_suspend to debug)
[   12.605488] PM: suspend of devices complete after 85.872 msecs
[   12.606806] PM: late suspend of devices complete after 1.309 msecs
[   12.619682] PM: noirq suspend of devices complete after 12.870 msecs
[   12.619683] Disabling non-boot CPUs ...
[   12.619888] IRQ17 no longer affine to CPU1
[   12.620072] CPU1: shutdown
[   12.635107] CPU2: shutdown
[   12.649966] CPU3: shutdown
[   12.664464] Entering suspend state LP1
[   12.664477] Enabling non-boot CPUs ...
[   12.689692] cpu cpu1: cpufreq_init: failed to get clk: -2
[   12.689774] CPU1 is up
[   12.714720] cpu cpu2: cpufreq_init: failed to get clk: -2
[   12.714799] CPU2 is up
[   12.739824] cpu cpu3: cpufreq_init: failed to get clk: -2
[   12.739910] CPU3 is up
[   12.740513] pcieport 0000:00:01.0: nv_msi_ht_cap_quirk didn't locate host bridge
[   12.740661] pcieport 0000:00:02.0: nv_msi_ht_cap_quirk didn't locate host bridge
[   12.754095] PM: noirq resume of devices complete after 14.179 msecs
[   12.755683] PM: early resume of devices complete after 1.275 msecs
[   12.758547] tegra-hdmi 54280000.hdmi: cannot set audio to 44100 at 297000000 pclk
[   12.838446] PM: resume of devices complete after 82.752 msecs
[   12.944812] Restarting tasks ... done.
root@(none):/# 
root@(none):/# [   13.071603] ata1: SATA link down (SStatus 0 SControl 300)
rtcwake -d rtc1 -m mem -s 3
rtcwake: assuming RTC uses UTC ...
rtcwake: wakeup from "mem" using /dev/rtc1 at Thu Jan  1 00:00:39 1970
[   14.170326] PM: Syncing filesystems ... done.
[   14.426418] Freezing user space processes ... (elapsed 0.001 seconds) done.
[   14.434985] Freezing remaining freezable tasks ... (elapsed 0.001 seconds) done.
[   14.443657] Suspending console(s) (use no_console_suspend to debug)
[   14.550559] PM: suspend of devices complete after 99.952 msecs
[   14.552548] PM: late suspend of devices complete after 1.978 msecs
[   14.564780] PM: noirq suspend of devices complete after 12.226 msecs
[   14.564782] Disabling non-boot CPUs ...
[   14.565019] IRQ17 no longer affine to CPU1
[   14.565225] CPU1: shutdown
[   14.580261] CPU2: shutdown
[   14.595082] CPU3: shutdown
[   14.609529] Entering suspend state LP1
[   14.609543] Enabling non-boot CPUs ...
[   14.634771] cpu cpu1: cpufreq_init: failed to get clk: -2
[   14.634868] CPU1 is up
[   14.659819] cpu cpu2: cpufreq_init: failed to get clk: -2
[   14.659912] CPU2 is up
[   14.684949] cpu cpu3: cpufreq_init: failed to get clk: -2
[   14.685052] CPU3 is up
[   14.685745] pcieport 0000:00:02.0: nv_msi_ht_cap_quirk didn't locate host bridge
[   14.685842] pcieport 0000:00:01.0: nv_msi_ht_cap_quirk didn't locate host bridge
[   14.699072] PM: noirq resume of devices complete after 14.014 msecs
[   14.700713] PM: early resume of devices complete after 1.299 msecs
[   14.703550] tegra-hdmi 54280000.hdmi: cannot set audio to 44100 at 297000000 pclk
[   14.783410] PM: resume of devices complete after 82.686 msecs
[   14.889809] Restarting tasks ... done.
root@(none):/# 
root@(none):/# [   15.016547] ata1: SATA link down (SStatus 0 SControl 300)
rtcwake -d rtc1 -m mem -s 3
rtcwake: assuming RTC uses UTC ...
rtcwake: wakeup from "mem" using /dev/rtc1 at Thu Jan  1 00:00:44 1970
[   16.117852] PM: Syncing filesystems ... done.
[   16.380265] Freezing user space processes ... (elapsed 0.001 seconds) done.
[   16.388895] Freezing remaining freezable tasks ... (elapsed 0.001 seconds) done.
[   16.397587] Suspending console(s) (use no_console_suspend to debug)
[   16.490462] PM: suspend of devices complete after 85.907 msecs
[   16.491874] PM: late suspend of devices complete after 1.403 msecs
[   16.504623] PM: noirq suspend of devices complete after 12.744 msecs
[   16.504625] Disabling non-boot CPUs ...
[   16.504819] IRQ17 no longer affine to CPU1
[   16.504995] CPU1: shutdown
[   16.520007] CPU2: shutdown
[   16.534864] CPU3: shutdown
[   16.549403] Entering suspend state LP1
[   16.549416] Enabling non-boot CPUs ...
[   16.574617] cpu cpu1: cpufreq_init: failed to get clk: -2
[   16.574699] CPU1 is up
[   16.599641] cpu cpu2: cpufreq_init: failed to get clk: -2
[   16.599717] CPU2 is up
[   16.624737] cpu cpu3: cpufreq_init: failed to get clk: -2
[   16.624826] CPU3 is up
[   16.625411] pcieport 0000:00:02.0: nv_msi_ht_cap_quirk didn't locate host bridge
[   16.625510] pcieport 0000:00:01.0: nv_msi_ht_cap_quirk didn't locate host bridge
[   16.639047] PM: noirq resume of devices complete after 14.216 msecs
[   16.640634] PM: early resume of devices complete after 1.284 msecs
[   16.643451] tegra-hdmi 54280000.hdmi: cannot set audio to 44100 at 297000000 pclk
[   16.723367] PM: resume of devices complete after 82.723 msecs
[   16.829750] Restarting tasks ... done.
root@(none):/# 
root@(none):/# [   16.956584] ata1: SATA link down (SStatus 0 SControl 300)
rtcwake -d rtc1 -m mem -s 3
rtcwake: assuming RTC uses UTC ...
rtcwake: wakeup from "mem" using /dev/rtc1 at Thu Jan  1 00:00:49 1970
[   18.052606] PM: Syncing filesystems ... done.
[   18.308252] Freezing user space processes ... (elapsed 0.001 seconds) done.
[   18.317143] Freezing remaining freezable tasks ... (elapsed 0.002 seconds) done.
[   18.326773] Suspending console(s) (use no_console_suspend to debug)
[   18.442432] PM: suspend of devices complete after 105.506 msecs
[   18.449946] PM: late suspend of devices complete after 7.470 msecs
[   18.469519] PM: noirq suspend of devices complete after 19.536 msecs
[   18.469530] Disabling non-boot CPUs ...
[   18.471840] CPU1: shutdown
[   18.501565] CPU2: shutdown
[   18.520721] CPU3: shutdown
[   18.547478] Entering suspend state LP1
[   18.547493] Enabling non-boot CPUs ...
[   18.569733] cpu cpu1: cpufreq_init: failed to get clk: -2
[   18.569836] CPU1 is up
[   18.594787] cpu cpu2: cpufreq_init: failed to get clk: -2
[   18.594886] CPU2 is up
[   18.619918] cpu cpu3: cpufreq_init: failed to get clk: -2
[   18.620031] CPU3 is up
[   18.620763] pcieport 0000:00:02.0: nv_msi_ht_cap_quirk didn't locate host bridge
[   18.620766] pcieport 0000:00:01.0: nv_msi_ht_cap_quirk didn't locate host bridge
[   18.634031] PM: noirq resume of devices complete after 13.995 msecs
[   18.635662] PM: early resume of devices complete after 1.322 msecs
[   18.639046] tegra-hdmi 54280000.hdmi: cannot set audio to 44100 at 297000000 pclk
[   18.718848] PM: resume of devices complete after 83.176 msecs
[   18.821251] Restarting tasks ... done.
root@(none):/# 
root@(none):/# [   18.951511] ata1: SATA link down (SStatus 0 SControl 300)
rtcwake -d rtc1 -m mem -s 3
rtcwake: assuming RTC uses UTC ...
rtcwake: wakeup from "mem" using /dev/rtc1 at Thu Jan  1 00:00:54 1970
[   20.057618] PM: Syncing filesystems ... done.
[   20.319353] Freezing user space processes ... (elapsed 0.001 seconds) done.
[   20.327946] Freezing remaining freezable tasks ... (elapsed 0.001 seconds) done.
[   20.336642] Suspending console(s) (use no_console_suspend to debug)
[   20.425455] PM: suspend of devices complete after 81.862 msecs
[   20.427083] PM: late suspend of devices complete after 1.618 msecs
[   20.439542] PM: noirq suspend of devices complete after 12.455 msecs
[   20.439544] Disabling non-boot CPUs ...
[   20.439739] IRQ17 no longer affine to CPU1
[   20.439921] CPU1: shutdown
[   20.455017] CPU2: shutdown
[   20.469878] CPU3: shutdown
[   20.484384] Entering suspend state LP1
[   20.484398] Enabling non-boot CPUs ...
[   20.509607] cpu cpu1: cpufreq_init: failed to get clk: -2
[   20.509690] CPU1 is up
[   20.534634] cpu cpu2: cpufreq_init: failed to get clk: -2
[   20.534714] CPU2 is up
[   20.559739] cpu cpu3: cpufreq_init: failed to get clk: -2
[   20.559827] CPU3 is up
[   20.560478] pcieport 0000:00:02.0: nv_msi_ht_cap_quirk didn't locate host bridge
[   20.560480] pcieport 0000:00:01.0: nv_msi_ht_cap_quirk didn't locate host bridge
[   20.574002] PM: noirq resume of devices complete after 14.170 msecs
[   20.575496] PM: early resume of devices complete after 1.166 msecs
[   20.578079] tegra-hdmi 54280000.hdmi: cannot set audio to 44100 at 297000000 pclk
[   20.657968] PM: resume of devices complete after 82.461 msecs
[   20.764314] Restarting tasks ... done.
root@(none):/# 
root@(none):/# [   20.891423] ata1: SATA link down (SStatus 0 SControl 300)
rtcwake -d rtc1 -m mem -s 3
rtcwake: assuming RTC uses UTC ...
rtcwake: wakeup from "mem" using /dev/rtc1 at Thu Jan  1 00:00:59 1970
[   21.987409] PM: Syncing filesystems ... done.
[   22.243317] Freezing user space processes ... (elapsed 0.001 seconds) done.
[   22.251894] Freezing remaining freezable tasks ... (elapsed 0.001 seconds) done.
[   22.260595] Suspending console(s) (use no_console_suspend to debug)
[   22.360494] PM: suspend of devices complete after 92.964 msecs
[   22.362451] PM: late suspend of devices complete after 1.946 msecs
[   22.374711] PM: noirq suspend of devices complete after 12.254 msecs
[   22.374713] Disabling non-boot CPUs ...
[   22.375157] CPU1: shutdown
[   22.394958] IRQ17 no longer affine to CPU2
[   22.395178] CPU2: shutdown
[   22.410013] CPU3: shutdown
[   22.424443] Entering suspend state LP1
[   22.424458] Enabling non-boot CPUs ...
[   22.449685] cpu cpu1: cpufreq_init: failed to get clk: -2
[   22.449782] CPU1 is up
[   22.474735] cpu cpu2: cpufreq_init: failed to get clk: -2
[   22.474828] CPU2 is up
[   22.499867] cpu cpu3: cpufreq_init: failed to get clk: -2
[   22.499971] CPU3 is up
[   22.500706] pcieport 0000:00:01.0: nv_msi_ht_cap_quirk didn't locate host bridge
[   22.500709] pcieport 0000:00:02.0: nv_msi_ht_cap_quirk didn't locate host bridge
[   22.513997] PM: noirq resume of devices complete after 14.020 msecs
[   22.515871] PM: early resume of devices complete after 1.552 msecs
[   22.518765] tegra-hdmi 54280000.hdmi: cannot set audio to 44100 at 297000000 pclk
[   22.598703] PM: resume of devices complete after 82.821 msecs
[   22.705116] Restarting tasks ... done.
root@(none):/# 
root@(none):/# [   22.831500] ata1: SATA link down (SStatus 0 SControl 300)
rtcwake -d rtc1 -m mem -s 3
rtcwake: assuming RTC uses UTC ...
rtcwake: wakeup from "mem" using /dev/rtc1 at Thu Jan  1 00:01:04 1970
[   23.932765] PM: Syncing filesystems ... done.
[   24.196000] Freezing user space processes ... (elapsed 0.001 seconds) done.
[   24.204611] Freezing remaining freezable tasks ... (elapsed 0.001 seconds) done.
[   24.213282] Suspending console(s) (use no_console_suspend to debug)
[   24.300399] PM: suspend of devices complete after 80.151 msecs
[   24.301833] PM: late suspend of devices complete after 1.425 msecs
[   24.314546] PM: noirq suspend of devices complete after 12.708 msecs
[   24.314548] Disabling non-boot CPUs ...
[   24.314762] IRQ17 no longer affine to CPU1
[   24.314946] CPU1: shutdown
[   24.329965] CPU2: shutdown
[   24.344831] CPU3: shutdown
[   24.359335] Entering suspend state LP1
[   24.359349] Enabling non-boot CPUs ...
[   24.384560] cpu cpu1: cpufreq_init: failed to get clk: -2
[   24.384644] CPU1 is up
[   24.409586] cpu cpu2: cpufreq_init: failed to get clk: -2
[   24.409664] CPU2 is up
[   24.434696] cpu cpu3: cpufreq_init: failed to get clk: -2
[   24.434785] CPU3 is up
[   24.435422] pcieport 0000:00:01.0: nv_msi_ht_cap_quirk didn't locate host bridge
[   24.435424] pcieport 0000:00:02.0: nv_msi_ht_cap_quirk didn't locate host bridge
[   24.448964] PM: noirq resume of devices complete after 14.174 msecs
[   24.450625] PM: early resume of devices complete after 1.342 msecs
[   24.453300] tegra-hdmi 54280000.hdmi: cannot set audio to 44100 at 297000000 pclk
[   24.532340] PM: resume of devices complete after 81.706 msecs
[   24.638727] Restarting tasks ... done.
root@(none):/# 
root@(none):/# [   24.766614] ata1: SATA link down (SStatus 0 SControl 300)
NVTB SYSTEM SUSPEND TEST COMPLETE
