
U-Boot SPL 2016.05-rc2 (Apr 21 2016 - 16:23:00)
Trying to boot from RAM


U-Boot 2016.05-rc2 (Apr 21 2016 - 16:23:00 -0700)

TEGRA124
Model: NVIDIA Jetson TK1
Board: NVIDIA Jetson TK1
DRAM:  2 GiB
MC:   Tegra SD/MMC: 0, Tegra SD/MMC: 1
In:    serial
Out:   serial
Err:   serial
Net:   No ethernet found.
Hit any key to stop autoboot:  2  0 
Tegra124 (Jetson TK1) # 
Tegra124 (Jetson TK1) # pci enum
Tegra124 (Jetson TK1) # setenv bootargs 'ignore_loglevel console=ttyS0,115200n8 rw root=PARTUUID=b1791faa-84e8-4e27-83a1-9fb0a77e8803 rootwait gpt debug noinitrd earlyprintk init=/bin/bash'
Tegra124 (Jetson TK1) # setenv ipaddr 192.168.100.102; setenv serverip 192.168.100.1; setenv tftpserverip 192.168.100.1
Tegra124 (Jetson TK1) # tftpboot 0x82000000 zImage.tegra_defconfig

Warning: eth_rtl8169 using MAC address from ROM
Using eth_rtl8169 device
TFTP from server 192.168.100.1; our IP address is 192.168.100.102
Filename 'zImage.tegra_defconfig'.
Load address: 0x82000000
Loading: *#################################################################
	 #################################################################
	 #################################################################
	 #################################################################
	 #################################################################
	 ##########################################
	 3.9 MiB/s
done
Bytes transferred = 5378336 (521120 hex)
Tegra124 (Jetson TK1) # tftpboot 0x83000000 tegra124-jetson-tk1.dtb
Using eth_rtl8169 device
TFTP from server 192.168.100.1; our IP address is 192.168.100.102
Filename 'tegra124-jetson-tk1.dtb'.
Load address: 0x83000000
Loading: *#####
	 3.7 MiB/s
done
Bytes transferred = 66737 (104b1 hex)
Tegra124 (Jetson TK1) # bootz 0x82000000 - 0x83000000
Kernel image @ 0x82000000 [ 0x000000 - 0x521120 ]
## Flattened Device Tree blob at 83000000
   Booting using the fdt blob at 0x83000000
   Using Device Tree in place at 83000000, end 830134b0

Starting kernel ...

Uncompressing Linux... done, booting the kernel.
[    0.000000] Booting Linux on physical CPU 0x0
[    0.000000] Linux version 4.6.0-next-20160523-95490-gcbafe21 (pwalmsley@kaivo) (gcc version 4.7.3 20130328 (prerelease) (crosstool-NG linaro-1.13.1-4.7-2013.04-20130415 - Linaro GCC 2013.04) ) #1 SMP PREEMPT Mon May 23 12:18:13 PDT 2016
[    0.000000] CPU: ARMv7 Processor [413fc0f3] revision 3 (ARMv7), cr=10c5387d
[    0.000000] CPU: div instructions available: patching division code
[    0.000000] CPU: PIPT / VIPT nonaliasing data cache, PIPT instruction cache
[    0.000000] Machine model: NVIDIA Tegra124 Jetson TK1
[    0.000000] debug: ignoring loglevel setting.
[    0.000000] bootconsole [earlycon0] enabled
[    0.000000] cma: Reserved 64 MiB at 0xfbc00000
[    0.000000] Memory policy: Data cache writealloc
[    0.000000] On node 0 totalpages: 524032
[    0.000000] free_area_init_node: node 0, pgdat c0c5bd80, node_mem_map eeff7000
[    0.000000]   Normal zone: 1536 pages used for memmap
[    0.000000]   Normal zone: 0 pages reserved
[    0.000000]   Normal zone: 196608 pages, LIFO batch:31
[    0.000000]   HighMem zone: 327424 pages, LIFO batch:31
[    0.000000] percpu: Embedded 13 pages/cpu @eef88000 s23936 r8192 d21120 u53248
[    0.000000] pcpu-alloc: s23936 r8192 d21120 u53248 alloc=13*4096
[    0.000000] pcpu-alloc: [0] 0 [0] 1 [0] 2 [0] 3 
[    0.000000] Built 1 zonelists in Zone order, mobility grouping on.  Total pages: 522496
[    0.000000] Kernel command line: ignore_loglevel console=ttyS0,115200n8 rw root=PARTUUID=b1791faa-84e8-4e27-83a1-9fb0a77e8803 rootwait gpt debug noinitrd earlyprintk init=/bin/bash
[    0.000000] PID hash table entries: 4096 (order: 2, 16384 bytes)
[    0.000000] Dentry cache hash table entries: 131072 (order: 7, 524288 bytes)
[    0.000000] Inode-cache hash table entries: 65536 (order: 6, 262144 bytes)
[    0.000000] Memory: 2000856K/2096128K available (7416K kernel code, 374K rwdata, 2560K rodata, 1024K init, 366K bss, 29736K reserved, 65536K cma-reserved, 1244160K highmem)
[    0.000000] Virtual kernel memory layout:
[    0.000000]     vector  : 0xffff0000 - 0xffff1000   (   4 kB)
[    0.000000]     fixmap  : 0xffc00000 - 0xfff00000   (3072 kB)
[    0.000000]     vmalloc : 0xf0800000 - 0xff800000   ( 240 MB)
[    0.000000]     lowmem  : 0xc0000000 - 0xf0000000   ( 768 MB)
[    0.000000]     pkmap   : 0xbfe00000 - 0xc0000000   (   2 MB)
[    0.000000]     modules : 0xbf000000 - 0xbfe00000   (  14 MB)
[    0.000000]       .text : 0xc0008000 - 0xc0abe058   (10969 kB)
[    0.000000]       .init : 0xc0b00000 - 0xc0c00000   (1024 kB)
[    0.000000]       .data : 0xc0c00000 - 0xc0c5d900   ( 375 kB)
[    0.000000]        .bss : 0xc0c5f000 - 0xc0cbab18   ( 367 kB)
[    0.000000] Preemptible hierarchical RCU implementation.
[    0.000000] 	Build-time adjustment of leaf fanout to 32.
[    0.000000] NR_IRQS:16 nr_irqs:16 16
[    0.000000] /interrupt-controller@60004000: 160 interrupts forwarded to /interrupt-controller@0,50041000
[    0.000000] Tegra clk 127: register failed with -17
[    0.000008] sched_clock: 32 bits at 1000kHz, resolution 1000ns, wraps every 2147483647500ns
[    0.007298] clocksource: timer_us: mask: 0xffffffff max_cycles: 0xffffffff, max_idle_ns: 1911260446275 ns
[    0.016909] Switching to timer-based delay loop, resolution 1000ns
[    0.024384] Architected cp15 timer(s) running at 12.00MHz (virt).
[    0.029304] clocksource: arch_sys_counter: mask: 0xffffffffffffff max_cycles: 0x2c47f4ee7, max_idle_ns: 440795202497 ns
[    0.040139] sched_clock: 56 bits at 12MHz, resolution 83ns, wraps every 4398046511096ns
[    0.048194] Switching to timer-based delay loop, resolution 83ns
[    0.054715] Console: colour dummy device 80x30
[    0.058778] Calibrating delay loop (skipped), value calculated using timer frequency.. 24.00 BogoMIPS (lpj=120000)
[    0.069163] pid_max: default: 32768 minimum: 301
[    0.074410] Mount-cache hash table entries: 2048 (order: 1, 8192 bytes)
[    0.080532] Mountpoint-cache hash table entries: 2048 (order: 1, 8192 bytes)
[    0.089061] CPU: Testing write buffer coherency: ok
[    0.092846] /cpus/cpu@0 missing clock-frequency property
[    0.097967] /cpus/cpu@1 missing clock-frequency property
[    0.103361] /cpus/cpu@2 missing clock-frequency property
[    0.108715] /cpus/cpu@3 missing clock-frequency property
[    0.114073] CPU0: thread -1, cpu 0, socket 0, mpidr 80000000
[    0.119790] Setting up static identity map for 0x80100000 - 0x80100098
[    0.176976] Tegra Revision: A01 SKU: 129 CPU Process: 1 SoC Process: 1
[    0.226997] CPU1: thread -1, cpu 1, socket 0, mpidr 80000001
[    0.277067] CPU2: thread -1, cpu 2, socket 0, mpidr 80000002
[    0.327142] CPU3: thread -1, cpu 3, socket 0, mpidr 80000003
[    0.336726] Brought up 4 CPUs
[    0.355032] SMP: Total of 4 processors activated (96.00 BogoMIPS).
[    0.361269] CPU: All CPU(s) started in SVC mode.
[    0.397505] devtmpfs: initialized
[    0.450492] VFP support v0.3: implementor 41 architecture 4 part 30 variant f rev 0
[    0.456925] clocksource: jiffies: mask: 0xffffffff max_cycles: 0xffffffff, max_idle_ns: 19112604462750000 ns
[    0.526475] pinctrl core: initialized pinctrl subsystem
[    0.617031] NET: Registered protocol family 16
[    0.620906] DMA: preallocated 256 KiB pool for atomic coherent allocations
[    0.656667] cpuidle: using governor menu
[    0.683718] No ATAGs?
[    0.683925] hw-breakpoint: found 5 (+1 reserved) breakpoint and 4 watchpoint registers.
[    0.692246] hw-breakpoint: maximum watchpoint size is 8 bytes.
[    1.044275] +5V_SYS: supplied by +VDD_MUX
[    1.047046] +3.3V_SYS: supplied by +VDD_MUX
[    1.051914] +USB0_VBUS_SW: Failed to request enable GPIO108: -517
[    1.056889] reg-fixed-voltage regulators:regulator@7: Failed to register regulator: -517
[    1.065134] +5V_USB_HS: Failed to request enable GPIO109: -517
[    1.070923] reg-fixed-voltage regulators:regulator@8: Failed to register regulator: -517
[    1.079288] +1.05V_RUN_AVDD_HDMI_PLL: Failed to request enable GPIO63: -517
[    1.086090] reg-fixed-voltage regulators:regulator@11: Failed to register regulator: -517
[    1.094425] +5V_HDMI_CON: Failed to request enable GPIO86: -517
[    1.100301] reg-fixed-voltage regulators:regulator@12: Failed to register regulator: -517
[    1.108637] +5V_SATA: Failed to request enable GPIO242: -517
[    1.114254] reg-fixed-voltage regulators:regulator@13: Failed to register regulator: -517
[    1.122591] +12V_SATA: Failed to request enable GPIO242: -517
[    1.128295] reg-fixed-voltage regulators:regulator@14: Failed to register regulator: -517
[    1.138468] vgaarb: loaded
[    1.168893] SCSI subsystem initialized
[    1.171107] libata version 3.00 loaded.
[    1.175375] usbcore: registered new interface driver usbfs
[    1.180441] usbcore: registered new interface driver hub
[    1.185792] usbcore: registered new device driver usb
[    1.195086] Linux video capture interface: v2.00
[    1.197974] pps_core: LinuxPPS API ver. 1 registered
[    1.202922] pps_core: Software ver. 5.3.6 - Copyright 2005-2007 Rodolfo Giometti <giometti@linux.it>
[    1.212146] PTP clock support registered
[    1.217886] Advanced Linux Sound Architecture Driver Initialized.
[    1.223878] Bluetooth: Core ver 2.21
[    1.225942] NET: Registered protocol family 31
[    1.230396] Bluetooth: HCI device and connection manager initialized
[    1.236804] Bluetooth: HCI socket layer initialized
[    1.241757] Bluetooth: L2CAP socket layer initialized
[    1.246885] Bluetooth: SCO socket layer initialized
[    1.253337] clocksource: Switched to clocksource arch_sys_counter
[    1.483361] NET: Registered protocol family 2
[    1.643366] TCP established hash table entries: 8192 (order: 3, 32768 bytes)
[    1.648675] TCP bind hash table entries: 8192 (order: 4, 65536 bytes)
[    1.655301] TCP: Hash tables configured (established 8192 bind 8192)
[    1.661937] UDP hash table entries: 512 (order: 2, 16384 bytes)
[    1.667557] UDP-Lite hash table entries: 512 (order: 2, 16384 bytes)
[    1.763372] NET: Registered protocol family 1
[    1.853375] RPC: Registered named UNIX socket transport module.
[    1.857465] RPC: Registered udp transport module.
[    1.862231] RPC: Registered tcp transport module.
[    1.867020] RPC: Registered tcp NFSv4.1 backchannel transport module.
[    1.873538] PCI: CLS 0 bytes, default 64
[    1.879600] hw perfevents: enabled with armv7_cortex_a15 PMU driver, 7 counters available
[    1.915555] futex hash table entries: 1024 (order: 4, 65536 bytes)
[    1.921570] workingset: timestamp_bits=28 max_order=19 bucket_order=0
[    2.523369] squashfs: version 4.0 (2009/01/31) Phillip Lougher
[    2.763427] NFS: Registering the id_resolver key type
[    2.766681] Key type id_resolver registered
[    2.770897] Key type id_legacy registered
[    2.779239] bounce: pool size: 64 pages
[    2.781252] io scheduler noop registered (default)
[    2.896062] usb2-0 supply vbus not found, using dummy regulator
[    2.900389] usb2-1 supply vbus not found, using dummy regulator
[    2.906833] tegra-xusb-padctl 7009f000.padctl: failed to setup XUSB ports: -517
[    2.924255] tegra-pcie 1003000.pcie-controller: 2x1, 1x1 configuration
[    2.928998] tegra-pcie 1003000.pcie-controller: Failed to get supply 'avddio-pex': -517
[    2.948450] tegra-apbdma 60020000.dma: Tegra20 APB DMA driver register 32 channels
[    2.955148] tegra-pmc 7000e400.pmc: emergency thermal reset enabled
[    2.961307] Serial: 8250/16550 driver, 4 ports, IRQ sharing disabled
[    2.970677] console [ttyS0] disabled
[    2.972474] 70006300.serial: ttyS0 at MMIO 0x70006300 (irq = 333, base_baud = 25500000) is a Tegra
[    2.981510] console [ttyS0] enabled
[    2.981510] console [ttyS0] enabled
[    2.987789] bootconsole [earlycon0] disabled
[    2.987789] bootconsole [earlycon0] disabled
[    2.997670] serial-tegra serial@70006000: failed to get alias id, errno -19
[    3.006000] serial-tegra serial@70006040: failed to get alias id, errno -19
[    3.014766] [drm] Initialized drm 1.1.0 20060810
[    3.020851] tegra-hdmi 54280000.hdmi: failed to get HDMI regulator
[    3.075811] loop: module loaded
[    3.079769] at24 0-0056: 256 byte 24c02 EEPROM, writable, 8 bytes/write
[    3.087205] as3722 4-0040: AS3722 with revision 0x1 found
[    3.099737] as3722-sd2: supplied by +5V_SYS
[    3.104691] as3722-sd3: supplied by +5V_SYS
[    3.109105] +1.35V_LP0(sd3): Bringing 0uV into 1350000-1350000uV
[    3.115764] as3722-sd4: supplied by +5V_SYS
[    3.120668] as3722-sd5: supplied by +5V_SYS
[    3.127307] as3722-ldo0: supplied by +1.35V_LP0(sd2)
[    3.133690] +1.8V_RUN_CAM: Bringing 0uV into 1800000-1800000uV
[    3.140210] as3722-ldo2: supplied by +1.8V_VDDIO
[    3.146539] as3722-ldo3: supplied by +3.3V_SYS
[    3.151033] +1.05V_LP0_VDD_RTC: Bringing 1100000uV into 1000000-1000000uV
[    3.159128] as3722-ldo4: supplied by +3.3V_SYS
[    3.163820] +2.8V_RUN_CAM: Bringing 0uV into 2800000-2800000uV
[    3.170354] as3722-ldo5: supplied by +1.8V_VDDIO
[    3.175230] +1.2V_RUN_CAM_FRONT: Bringing 0uV into 1200000-1200000uV
[    3.182452] +VDDIO_SDMMC3: bypassed regulator has no supply!
[    3.188126] +VDDIO_SDMMC3: failed to get the current voltage(-517)
[    3.194321] as3722-regulator as3722-regulator: regulator 13 register failed -517
[    3.234027] tegra-ahci 70027000.sata: couldn't get PHY in node sata: -517
[    3.253996] m25p80 spi32765.0: w25q32dw (4096 Kbytes)
[    3.262265] CAN device driver interface
[    3.266240] igb: Intel(R) Gigabit Ethernet Network Driver - version 5.3.0-k
[    3.273190] igb: Copyright (c) 2007-2014 Intel Corporation.
[    3.279104] pegasus: v0.9.3 (2013/04/25), Pegasus/Pegasus II USB Ethernet driver
[    3.286640] usbcore: registered new interface driver pegasus
[    3.292452] usbcore: registered new interface driver asix
[    3.298007] usbcore: registered new interface driver ax88179_178a
[    3.304237] usbcore: registered new interface driver cdc_ether
[    3.310223] usbcore: registered new interface driver smsc75xx
[    3.316147] usbcore: registered new interface driver smsc95xx
[    3.321998] usbcore: registered new interface driver net1080
[    3.327792] usbcore: registered new interface driver cdc_subset
[    3.333854] usbcore: registered new interface driver zaurus
[    3.339588] usbcore: registered new interface driver cdc_ncm
[    3.345566] tegra-phy 7d004000.usb-phy: no vbus regulator
[    3.351349] ehci_hcd: USB 2.0 'Enhanced' Host Controller (EHCI) Driver
[    3.357889] ehci-pci: EHCI PCI platform driver
[    3.362446] tegra-ehci: Tegra EHCI driver
[    3.366719] ------------[ cut here ]------------
[    3.371344] WARNING: CPU: 0 PID: 1 at drivers/reset/core.c:187 __of_reset_control_get+0x1b4/0x218
[    3.380218] Modules linked in:
[    3.383284] CPU: 0 PID: 1 Comm: swapper/0 Not tainted 4.6.0-next-20160523-95490-gcbafe21 #1
[    3.391620] Hardware name: NVIDIA Tegra SoC (Flattened Device Tree)
[    3.397897] [<c010f1e8>] (unwind_backtrace) from [<c010a864>] (show_stack+0x10/0x14)
[    3.405638] [<c010a864>] (show_stack) from [<c033ddd4>] (dump_stack+0x84/0xa4)
[    3.412858] [<c033ddd4>] (dump_stack) from [<c011f320>] (__warn+0xd4/0x100)
[    3.419816] [<c011f320>] (__warn) from [<c011f36c>] (warn_slowpath_null+0x20/0x28)
[    3.427381] [<c011f36c>] (warn_slowpath_null) from [<c03c1324>] (__of_reset_control_get+0x1b4/0x218)
[    3.436507] [<c03c1324>] (__of_reset_control_get) from [<c0513ff4>] (tegra_ehci_probe+0x2c8/0x514)
[    3.445460] [<c0513ff4>] (tegra_ehci_probe) from [<c04416e8>] (platform_drv_probe+0x50/0xb0)
[    3.453888] [<c04416e8>] (platform_drv_probe) from [<c0440114>] (driver_probe_device+0x1f4/0x2b0)
[    3.462750] [<c0440114>] (driver_probe_device) from [<c044027c>] (__driver_attach+0xac/0xb0)
[    3.471181] [<c044027c>] (__driver_attach) from [<c043e738>] (bus_for_each_dev+0x54/0x88)
[    3.479353] [<c043e738>] (bus_for_each_dev) from [<c043f708>] (bus_add_driver+0xe8/0x1f4)
[    3.487524] [<c043f708>] (bus_add_driver) from [<c0440a78>] (driver_register+0x78/0xf4)
[    3.495519] [<c0440a78>] (driver_register) from [<c010179c>] (do_one_initcall+0x3c/0x16c)
[    3.503689] [<c010179c>] (do_one_initcall) from [<c0b00d94>] (kernel_init_freeable+0x11c/0x1e8)
[    3.512385] [<c0b00d94>] (kernel_init_freeable) from [<c07f1be4>] (kernel_init+0x8/0x118)
[    3.520557] [<c07f1be4>] (kernel_init) from [<c0107938>] (ret_from_fork+0x14/0x3c)
[    3.528142] ---[ end trace a10db2d0c267a610 ]---
[    3.532756] tegra-ehci 7d004000.usb: can't get utmi-pads reset from the PHY
[    3.539724] tegra-ehci 7d004000.usb: continuing, but please update your DT
[    3.546709] tegra-ehci 7d004000.usb: EHCI Host Controller
[    3.552145] tegra-ehci 7d004000.usb: new USB bus registered, assigned bus number 1
[    3.560033] tegra-ehci 7d004000.usb: irq 352, io mem 0x7d004000
[    3.583367] tegra-ehci 7d004000.usb: USB 2.0 started, EHCI 1.10
[    3.591008] hub 1-0:1.0: USB hub found
[    3.594813] hub 1-0:1.0: 1 port detected
[    3.600643] usbcore: registered new interface driver cdc_acm
[    3.606320] cdc_acm: USB Abstract Control Model driver for USB modems and ISDN adapters
[    3.614449] usbcore: registered new interface driver cdc_wdm
[    3.620279] usbcore: registered new interface driver usb-storage
[    3.627075] mousedev: PS/2 mouse device common for all mice
[    3.636293] as3722-rtc as3722-rtc: rtc core: registered as3722-rtc as rtc0
[    3.643161] as3722-rtc as3722-rtc: RTC interrupt 375
[    3.651237] tegra_rtc 7000e000.rtc: rtc core: registered 7000e000.rtc as rtc1
[    3.658475] tegra_rtc 7000e000.rtc: Tegra internal Real Time Clock
[    3.665073] i2c /dev entries driver
[    3.670840] usbcore: registered new interface driver uvcvideo
[    3.676603] USB Video Class driver (1.1.1)
[    3.680692] gspca_main: v2.14.0 registered
[    3.685618] 0-004c supply vcc not found, using dummy regulator
[    3.695526] tegra-wdt 60005000.timer: initialized (heartbeat = 120 sec, nowayout = 0)
[    3.704750] sdhci: Secure Digital Host Controller Interface driver
[    3.710920] sdhci: Copyright(c) Pierre Ossman
[    3.715289] sdhci-pltfm: SDHCI platform and OF driver helper
[    3.721334] sdhci-tegra 700b0400.sdhci: Got CD GPIO
[    3.726248] sdhci-tegra 700b0400.sdhci: Got WP GPIO
[    3.731178] mmc0: Unknown controller version (3). You may experience problems.
[    3.738744] mmc0: Unknown controller version (3). You may experience problems.
[    3.746045] mmc0: Invalid maximum block size, assuming 512 bytes
[    3.793370] mmc0: SDHCI controller on 700b0600.sdhci [700b0600.sdhci] using ADMA 64-bit
[    3.802374] usbcore: registered new interface driver usbhid
[    3.807965] usbhid: USB HID core driver
[    3.820888] tegra124-dfll 70110000.clock: couldn't get vdd_cpu regulator
[    3.871069] mmc0: new high speed MMC card at address 0001
[    3.877510] mmcblk0: mmc0:0001 SEM16G 14.7 GiB 
[    3.882490] mmcblk0boot0: mmc0:0001 SEM16G partition 1 4.00 MiB
[    3.898939] mmcblk0boot1: mmc0:0001 SEM16G partition 2 4.00 MiB
[    3.905344] mmcblk0rpmb: mmc0:0001 SEM16G partition 3 4.00 MiB
[    3.913311]  mmcblk0: p1
[    4.253407] tegra30-i2s 70301100.i2s: DMA channels sourced from device 70300000.ahub
[    4.272516] rt5640 0-001c: ASoC: no source widget found for DAC L2 Power
[    4.279237] rt5640 0-001c: ASoC: Failed to add route DAC L2 Power -> direct -> IF2 DAC L
[    4.287374] rt5640 0-001c: ASoC: no source widget found for DAC R2 Power
[    4.294099] rt5640 0-001c: ASoC: Failed to add route DAC R2 Power -> direct -> IF2 DAC R
[    4.304635] tegra-snd-rt5640 sound: rt5640-aif1 <-> 70301100.i2s mapping ok
[    4.316282] input: NVIDIA Tegra Jetson TK1 Headphones as /devices/soc0/sound/sound/card1/input0
[    4.345164] input: tegra-hda HDMI/DP,pcm=3 as /devices/soc0/70030000.hda/sound/card0/input1
[    4.563354] NET: Registered protocol family 10
[    4.693397] mip6: Mobile IPv6
[    4.696364] sit: IPv6 over IPv4 tunneling driver
[    4.704052] NET: Registered protocol family 17
[    4.708525] NET: Registered protocol family 15
[    4.712961] can: controller area network core (rev 20120528 abi 9)
[    4.743472] NET: Registered protocol family 29
[    4.747911] can: raw protocol (rev 20120528)
[    4.752176] can: broadcast manager protocol (rev 20120528 t)
[    4.757868] can: netlink gateway (rev 20130117) max_hops=1
[    4.793470] Bluetooth: RFCOMM socket layer initialized
[    4.798621] Bluetooth: RFCOMM ver 1.11
[    4.802373] Bluetooth: BNEP (Ethernet Emulation) ver 1.3
[    4.807773] Bluetooth: BNEP socket layer initialized
[    4.812732] Bluetooth: HIDP (Human Interface Emulation) ver 1.2
[    4.818676] Bluetooth: HIDP socket layer initialized
[    4.823971] Key type dns_resolver registered
[    4.829540] Registering SWP/SWPB emulation handler
[    4.837057] +3.3V_RUN: supplied by +3.3V_SYS
[    4.842041] +3.3V_AVDD_HDMI_AP_GATED: supplied by +3.3V_RUN
[    4.847950] +USB0_VBUS_SW: supplied by +5V_SYS
[    4.853154] +5V_USB_HS: supplied by +5V_SYS
[    4.858558] +3.3V_LP0: supplied by +3.3V_SYS
[    4.864427] +5V_HDMI_CON: supplied by +5V_SYS
[    4.869496] +5V_SATA: supplied by +5V_SYS
[    4.874417] +12V_SATA: supplied by +VDD_MUX
[    4.881650] usb2-0 supply vbus not found, using dummy regulator
[    4.887905] usb2-1 supply vbus not found, using dummy regulator
[    4.894406] usb3-0 supply vbus not found, using dummy regulator
[    4.901112] tegra-pcie 1003000.pcie-controller: 2x1, 1x1 configuration
[    4.907702] tegra-pcie 1003000.pcie-controller: Failed to get supply 'avddio-pex': -517
[    4.916305] tegra-hdmi 54280000.hdmi: failed to get PLL regulator
[    4.925307] as3722-sd2: supplied by +5V_SYS
[    4.930073] as3722-sd3: supplied by +5V_SYS
[    4.934986] as3722-sd4: supplied by +5V_SYS
[    4.939672] +1.05V_RUN_AVDD_HDMI_PLL: supplied by +1.05V_RUN
[    4.945600] as3722-sd5: supplied by +5V_SYS
[    4.951836] as3722-ldo0: supplied by +1.35V_LP0(sd2)
[    4.957720] as3722-ldo1: supplied by +3.3V_RUN
[    4.962750] as3722-ldo2: supplied by +1.8V_VDDIO
[    4.968780] as3722-ldo3: supplied by +3.3V_SYS
[    4.974533] as3722-ldo4: supplied by +3.3V_SYS
[    4.979563] as3722-ldo5: supplied by +1.8V_VDDIO
[    4.984778] as3722-ldo6: supplied by +3.3V_RUN
[    4.989806] as3722-ldo7: supplied by +1.8V_VDDIO
[    4.995176] +1.05V_RUN_CAM_REAR: Bringing 0uV into 1050000-1050000uV
[    5.002506] as3722-ldo9: supplied by +5V_SYS
[    5.007968] +3.3V_RUN_TOUCH: Bringing 0uV into 2800000-2800000uV
[    5.014963] as3722-ldo10: supplied by +5V_SYS
[    5.020054] +2.8V_RUN_CAM_AF: Bringing 0uV into 2800000-2800000uV
[    5.027156] as3722-ldo11: supplied by +3.3V_RUN
[    5.032425] +1.8V_RUN_VPP_FUSE: Bringing 0uV into 1800000-1800000uV
[    5.042306] tegra-ahci 70027000.sata: AHCI 0001.0301 32 slots 2 ports 3 Gbps 0x1 impl platform mode
[    5.051385] tegra-ahci 70027000.sata: flags: 64bit ncq sntf pm led pio slum part sadm sds apst 
[    5.063955] scsi host0: tegra-ahci
[    5.125184] scsi host1: tegra-ahci
[    5.129415] ata1: SATA max UDMA/133 mmio [mem 0x70027000-0x70028fff] port 0x100 irq 343
[    5.137458] ata2: DUMMY
[    5.141247] tegra-ehci 7d008000.usb: EHCI Host Controller
[    5.146898] tegra-ehci 7d008000.usb: new USB bus registered, assigned bus number 2
[    5.154875] tegra-ehci 7d008000.usb: irq 353, io mem 0x7d008000
[    5.173468] tegra-ehci 7d008000.usb: USB 2.0 started, EHCI 1.10
[    5.181383] hub 2-0:1.0: USB hub found
[    5.185250] hub 2-0:1.0: 1 port detected
[    5.192722] tegra-xusb 70090000.usb: Direct firmware load for nvidia/tegra124/xusb.bin failed with error -2
[    5.202524] tegra-xusb 70090000.usb: failed to request firmware: -2
[    5.208837] tegra-xusb 70090000.usb: failed to load firmware: -2
[    5.215604] tegra-xusb: probe of 70090000.usb failed with error -2
[    5.222671] sdhci-tegra 700b0400.sdhci: Got CD GPIO
[    5.227652] sdhci-tegra 700b0400.sdhci: Got WP GPIO
[    5.232591] mmc1: Unknown controller version (3). You may experience problems.
[    5.240252] mmc1: Invalid maximum block size, assuming 512 bytes
[    5.284091] mmc1: SDHCI controller on 700b0400.sdhci [700b0400.sdhci] using ADMA 64-bit
[    5.299240] tegra-pcie 1003000.pcie-controller: 2x1, 1x1 configuration
[    5.308967] tegra-pcie 1003000.pcie-controller: probing port 0, using 2 lanes
[    5.318735] tegra-pcie 1003000.pcie-controller: Slot present pin change, signature: 00000008
[    5.341872] tegra-pcie 1003000.pcie-controller: probing port 1, using 1 lanes
[    5.351119] tegra-pcie 1003000.pcie-controller: Slot present pin change, signature: 00000000
[    5.365985] tegra-pcie 1003000.pcie-controller: PCI host bridge to bus 0000:00
[    5.373236] pci_bus 0000:00: root bus resource [io  0x0000-0xffff]
[    5.379498] pci_bus 0000:00: root bus resource [mem 0x13000000-0x1fffffff]
[    5.386468] pci_bus 0000:00: root bus resource [mem 0x20000000-0x3fffffff pref]
[    5.393864] pci_bus 0000:00: root bus resource [bus 00-ff]
[    5.399455] pci 0000:00:01.0: [10de:0e12] type 01 class 0x060400
[    5.405631] pci 0000:00:01.0: PME# supported from D0 D1 D2 D3hot D3cold
[    5.412991] pci 0000:00:02.0: [10de:0e13] type 01 class 0x060400
[    5.419169] pci 0000:00:02.0: PME# supported from D0 D1 D2 D3hot D3cold
[    5.426589] PCI: bus0: Fast back to back transfers disabled
[    5.432211] pci 0000:00:01.0: bridge configuration invalid ([bus 00-00]), reconfiguring
[    5.440273] pci 0000:00:02.0: bridge configuration invalid ([bus 00-00]), reconfiguring
[    5.448953] pci 0000:01:00.0: [8086:4232] type 00 class 0x028000
[    5.453552] ata1: SATA link down (SStatus 0 SControl 300)
[    5.460871] pci 0000:01:00.0: reg 0x10: [mem 0x00000000-0x00001fff 64bit]
[    5.467911] pci 0000:01:00.0: PME# supported from D0 D3hot D3cold
[    5.493533] PCI: bus1: Fast back to back transfers disabled
[    5.499124] pci_bus 0000:01: busn_res: [bus 01-ff] end is updated to 01
[    5.506235] pci 0000:02:00.0: [10ec:8168] type 00 class 0x020000
[    5.512261] pci 0000:02:00.0: reg 0x10: [io  0x0000-0x00ff]
[    5.517901] pci 0000:02:00.0: reg 0x18: [mem 0x00000000-0x00000fff 64bit]
[    5.524722] pci 0000:02:00.0: reg 0x20: [mem 0x00000000-0x00003fff 64bit pref]
[    5.532085] pci 0000:02:00.0: supports D1 D2
[    5.536390] pci 0000:02:00.0: PME# supported from D0 D1 D2 D3hot D3cold
[    5.563494] PCI: bus2: Fast back to back transfers disabled
[    5.569083] pci_bus 0000:02: busn_res: [bus 02-ff] end is updated to 02
[    5.569352] mmc1: new high speed SDHC card at address aaaa
[    5.581313] mmcblk1: mmc1:aaaa SD04G 3.69 GiB 
[    5.581514] pci 0000:00:01.0: BAR 8: assigned [mem 0x13000000-0x130fffff]
[    5.581525] pci 0000:00:02.0: BAR 8: assigned [mem 0x13100000-0x131fffff]
[    5.581537] pci 0000:00:02.0: BAR 9: assigned [mem 0x20000000-0x200fffff 64bit pref]
[    5.581547] pci 0000:00:02.0: BAR 7: assigned [io  0x1000-0x1fff]
[    5.581569] pci 0000:01:00.0: BAR 0: assigned [mem 0x13000000-0x13001fff 64bit]
[    5.581606] pci 0000:00:01.0: PCI bridge to [bus 01]
[    5.581618] pci 0000:00:01.0:   bridge window [mem 0x13000000-0x130fffff]
[    5.581640] pci 0000:02:00.0: BAR 4: assigned [mem 0x20000000-0x20003fff 64bit pref]
[    5.581670] pci 0000:02:00.0: BAR 2: assigned [mem 0x13100000-0x13100fff 64bit]
[    5.581698] pci 0000:02:00.0: BAR 0: assigned [io  0x1000-0x10ff]
[    5.581711] pci 0000:00:02.0: PCI bridge to [bus 02]
[    5.581719] pci 0000:00:02.0:   bridge window [io  0x1000-0x1fff]
[    5.581730] pci 0000:00:02.0:   bridge window [mem 0x13100000-0x131fffff]
[    5.581739] pci 0000:00:02.0:   bridge window [mem 0x20000000-0x200fffff 64bit pref]
[    5.581800] pci 0000:00:01.0: nv_msi_ht_cap_quirk didn't locate host bridge
[    5.581996] pcieport 0000:00:01.0: enabling device (0140 -> 0142)
[    5.582534] pcieport 0000:00:01.0: Signaling PME through PCIe PME interrupt
[    5.582540] pci 0000:01:00.0: Signaling PME through PCIe PME interrupt
[    5.582550] pcie_pme 0000:00:01.0:pcie001: service driver pcie_pme loaded
[    5.582657] pci 0000:00:02.0: nv_msi_ht_cap_quirk didn't locate host bridge
[    5.582802] pcieport 0000:00:02.0: enabling device (0140 -> 0143)
[    5.583274] pcieport 0000:00:02.0: Signaling PME through PCIe PME interrupt
[    5.583281] pci 0000:02:00.0: Signaling PME through PCIe PME interrupt
[    5.583291] pcie_pme 0000:00:02.0:pcie001: service driver pcie_pme loaded
[    5.583873] r8169 Gigabit Ethernet driver 2.3LK-NAPI loaded
[    5.583938] r8169 0000:02:00.0: enabling device (0140 -> 0143)
[    5.606173] r8169 0000:02:00.0 eth0: RTL8168g/8111g at 0xf09ca000, 00:04:4b:3a:d9:81, XID 0c000800 IRQ 393
[    5.606181] r8169 0000:02:00.0 eth0: jumbo features [frames: 9200 bytes, tx checksumming: ko]
[    5.611467] [drm] Supports vblank timestamp caching Rev 2 (21.10.2013).
[    5.611470] [drm] No driver support for vblank timestamp query.
[    5.611603] drm drm: No connectors reported connected with modes
[    5.611615] [drm] Cannot find any crtc or sizes - going 1024x768
[    5.814832]  mmcblk1: p1 p2 p3
[    5.877236] Console: switching to colour frame buffer device 128x48
[    5.893962] drm drm: fb0:  frame buffer device
[    5.923487] [drm] Initialized tegra 0.0.0 20120330 on minor 0
[    5.930400] of: dev_pm_opp_of_cpumask_add_table: couldn't find opp table for cpu:0, -19
[    5.938458] cpufreq: cpufreq_online: CPU0: Running at unlisted freq: 696000 KHz
[    5.945792] cpufreq: cpufreq_online: CPU0: Unlisted initial frequency changed to: 714000 KHz
[    5.954622] cpu cpu1: cpufreq_init: failed to get clk: -2
[    5.960187] cpu cpu2: cpufreq_init: failed to get clk: -2
[    5.965769] cpu cpu3: cpufreq_init: failed to get clk: -2
[    5.972057] input: gpio-keys as /devices/soc0/gpio-keys/input/input2
[    5.979934] as3722-rtc as3722-rtc: setting system clock to 2000-01-01 00:02:13 UTC (946684933)
[    5.997958] +USB0_VBUS_SW: disabling
[    6.001545] +1.8V_RUN_CAM: disabling
[    6.005473] +2.8V_RUN_CAM: disabling
[    6.009405] +1.2V_RUN_CAM_FRONT: disabling
[    6.013899] +1.05V_RUN_CAM_REAR: disabling
[    6.018242] +3.3V_RUN_TOUCH: disabling
[    6.022190] +2.8V_RUN_CAM_AF: disabling
[    6.026266] +1.8V_RUN_VPP_FUSE: disabling
[    6.030759] ALSA device list:
[    6.033769]   #0: tegra-hda at 0x70038000 irq 344
[    6.038464]   #1: NVIDIA Tegra Jetson TK1
[    6.043960] EXT4-fs (mmcblk0p1): mounting ext3 file system using the ext4 subsystem
[    6.105764] EXT4-fs (mmcblk0p1): recovery complete
[    6.110617] EXT4-fs (mmcblk0p1): mounted filesystem with ordered data mode. Opts: (null)
[    6.119026] VFS: Mounted root (ext3 filesystem) on device 179:1.
[    6.132575] devtmpfs: mounted
[    6.138821] Freeing unused kernel memory: 1024K (c0b00000 - c0c00000)
bash: cannot set terminal process group (-1): Inappropriate ioctl for device
bash: no job control in this shell
root@(none):/# mount -t sysfs none /sys
root@(none):/# 
root@(none):/# mount -t debugfs none /sys/kernel/debug
root@(none):/# 
root@(none):/# rtcwake -d rtc1 -m mem -s 3
rtcwake: assuming RTC uses UTC ...
rtcwake: wakeup from "mem" using /dev/rtc1 at Thu Jan  1 00:00:22 1970
[    9.296659] PM: Syncing filesystems ... done.
[    9.331826] Freezing user space processes ... [    9.336892] Freezing remaining freezable tasks ... (elapsed 0.005 seconds) done.
[    9.342573] Suspending console(s) (use no_console_suspend to debug)
(elapsed 0.005 seconds) done.
[    9.536153] PM: suspend of devices complete after 180.309 msecs
[    9.544829] PM: late suspend of devices complete after 8.637 msecs
[    9.567540] PM: noirq suspend of devices complete after 22.683 msecs
[    9.567552] Disabling non-boot CPUs ...
[    9.615867] CPU1: shutdown
[    9.715714] CPU2: shutdown
[    9.774502] IRQ17 no longer affine to CPU3
[    9.775531] CPU3: shutdown
[    9.810267] Entering suspend state LP1
[    9.810290] Enabling non-boot CPUs ...
[    9.844795] cpu cpu1: cpufreq_init: failed to get clk: -2
[    9.844935] CPU1 is up
[    9.895045] cpu cpu2: cpufreq_init: failed to get clk: -2
[    9.895189] CPU2 is up
[    9.945351] cpu cpu3: cpufreq_init: failed to get clk: -2
[    9.945515] CPU3 is up
[    9.946133] pcieport 0000:00:01.0: nv_msi_ht_cap_quirk didn't locate host bridge
[    9.946299] pcieport 0000:00:02.0: nv_msi_ht_cap_quirk didn't locate host bridge
[    9.963432] PM: noirq resume of devices complete after 17.911 msecs
[    9.965292] PM: early resume of devices complete after 1.517 msecs
[   10.023455] PM: resume of devices complete after 58.153 msecs
[   10.125047] Restarting tasks ... done.
root@(none):/# 
root@(none):/# [   10.286182] ata1: SATA link down (SStatus 0 SControl 300)
rtcwake -d rtc1 -m mem -s 3
rtcwake: assuming RTC uses UTC ...
rtcwake: wakeup from "mem" using /dev/rtc1 at Thu Jan  1 00:00:27 1970
[   11.312020] PM: Syncing filesystems ... done.
[   11.342795] Freezing user space processes ... [   11.347784] Freezing remaining freezable tasks ... (elapsed 0.005 seconds) done.
[   11.353602] Suspending console(s) (use no_console_suspend to debug)
(elapsed 0.004 seconds) done.
[   11.546114] PM: suspend of devices complete after 179.294 msecs
[   11.554811] PM: late suspend of devices complete after 8.658 msecs
[   11.577478] PM: noirq suspend of devices complete after 22.639 msecs
[   11.577490] Disabling non-boot CPUs ...
[   11.605836] CPU1: shutdown
[   11.675597] CPU2: shutdown
[   11.745464] CPU3: shutdown
[   11.780187] Entering suspend state LP1
[   11.780243] Enabling non-boot CPUs ...
[   11.824763] cpu cpu1: cpufreq_init: failed to get clk: -2
[   11.824904] CPU1 is up
[   11.875000] cpu cpu2: cpufreq_init: failed to get clk: -2
[   11.875149] CPU2 is up
[   11.925304] cpu cpu3: cpufreq_init: failed to get clk: -2
[   11.925467] CPU3 is up
[   11.926062] pcieport 0000:00:01.0: nv_msi_ht_cap_quirk didn't locate host bridge
[   11.926132] pcieport 0000:00:02.0: nv_msi_ht_cap_quirk didn't locate host bridge
[   11.943405] PM: noirq resume of devices complete after 17.932 msecs
[   11.945201] PM: early resume of devices complete after 1.470 msecs
[   12.003548] PM: resume of devices complete after 58.336 msecs
[   12.101027] Restarting tasks ... done.
root@(none):/# 
root@(none):/# [   12.276122] ata1: SATA link down (SStatus 0 SControl 300)
rtcwake -d rtc1 -m mem -s 3
rtcwake: assuming RTC uses UTC ...
rtcwake: wakeup from "mem" using /dev/rtc1 at Thu Jan  1 00:00:32 1970
[   13.270524] PM: Syncing filesystems ... done.
[   13.302790] Freezing user space processes ... [   13.307771] Freezing remaining freezable tasks ... (elapsed 0.005 seconds) done.
[   13.313634] Suspending console(s) (use no_console_suspend to debug)
(elapsed 0.004 seconds) done.
[   13.515995] PM: suspend of devices complete after 189.151 msecs
[   13.521594] PM: late suspend of devices complete after 5.558 msecs
[   13.537491] PM: noirq suspend of devices complete after 15.867 msecs
[   13.537503] Disabling non-boot CPUs ...
[   13.575698] CPU1: shutdown
[   13.665770] CPU2: shutdown
[   13.725441] CPU3: shutdown
[   13.760310] Entering suspend state LP1
[   13.760339] Enabling non-boot CPUs ...
[   13.804740] cpu cpu1: cpufreq_init: failed to get clk: -2
[   13.804883] CPU1 is up
[   13.854974] cpu cpu2: cpufreq_init: failed to get clk: -2
[   13.855120] CPU2 is up
[   13.905273] cpu cpu3: cpufreq_init: failed to get clk: -2
[   13.905437] CPU3 is up
[   13.906066] pcieport 0000:00:02.0: nv_msi_ht_cap_quirk didn't locate host bridge
[   13.906068] pcieport 0000:00:01.0: nv_msi_ht_cap_quirk didn't locate host bridge
[   13.923367] PM: noirq resume of devices complete after 17.924 msecs
[   13.925148] PM: early resume of devices complete after 1.447 msecs
[   13.983388] PM: resume of devices complete after 58.230 msecs
[   14.080911] Restarting tasks ... done.
root@(none):/# 
root@(none):/# [   14.246129] ata1: SATA link down (SStatus 0 SControl 300)
rtcwake -d rtc1 -m mem -s 3
rtcwake: assuming RTC uses UTC ...
rtcwake: wakeup from "mem" using /dev/rtc1 at Thu Jan  1 00:00:37 1970
[   15.270386] PM: Syncing filesystems ... done.
[   15.302709] Freezing user space processes ... [   15.307681] Freezing remaining freezable tasks ... (elapsed 0.005 seconds) done.
[   15.313469] Suspending console(s) (use no_console_suspend to debug)
(elapsed 0.004 seconds) done.
[   15.505897] PM: suspend of devices complete after 179.200 msecs
[   15.512936] PM: late suspend of devices complete after 7.001 msecs
[   15.537893] PM: noirq suspend of devices complete after 24.927 msecs
[   15.537906] Disabling non-boot CPUs ...
[   15.565635] CPU1: shutdown
[   15.644571] IRQ17 no longer affine to CPU2
[   15.645625] CPU2: shutdown
[   15.715453] CPU3: shutdown
[   15.750225] Entering suspend state LP1
[   15.750254] Enabling non-boot CPUs ...
[   15.794704] cpu cpu1: cpufreq_init: failed to get clk: -2
[   15.794845] CPU1 is up
[   15.844933] cpu cpu2: cpufreq_init: failed to get clk: -2
[   15.845079] CPU2 is up
[   15.895261] cpu cpu3: cpufreq_init: failed to get clk: -2
[   15.895419] CPU3 is up
[   15.896043] pcieport 0000:00:01.0: nv_msi_ht_cap_quirk didn't locate host bridge
[   15.896046] pcieport 0000:00:02.0: nv_msi_ht_cap_quirk didn't locate host bridge
[   15.913339] PM: noirq resume of devices complete after 17.915 msecs
[   15.915182] PM: early resume of devices complete after 1.503 msecs
[   15.973358] PM: resume of devices complete after 58.165 msecs
[   16.075208] Restarting tasks ... done.
root@(none):/# 
root@(none):/# [   16.236027] ata1: SATA link down (SStatus 0 SControl 300)
rtcwake -d rtc1 -m mem -s 3
rtcwake: assuming RTC uses UTC ...
rtcwake: wakeup from "mem" using /dev/rtc1 at Thu Jan  1 00:00:42 1970
[   17.266003] PM: Syncing filesystems ... done.
[   17.297271] Freezing user space processes ... [   17.302327] Freezing remaining freezable tasks ... (elapsed 0.005 seconds) done.
[   17.308051] Suspending console(s) (use no_console_suspend to debug)
(elapsed 0.004 seconds) done.
[   17.516022] PM: suspend of devices complete after 194.833 msecs
[   17.523961] PM: late suspend of devices complete after 7.900 msecs
[   17.547610] PM: noirq suspend of devices complete after 23.620 msecs
[   17.547623] Disabling non-boot CPUs ...
[   17.575754] CPU1: shutdown
[   17.645540] CPU2: shutdown
[   17.725399] CPU3: shutdown
[   17.760239] Entering suspend state LP1
[   17.760267] Enabling non-boot CPUs ...
[   17.804669] cpu cpu1: cpufreq_init: failed to get clk: -2
[   17.804811] CPU1 is up
[   17.854908] cpu cpu2: cpufreq_init: failed to get clk: -2
[   17.855053] CPU2 is up
[   17.905221] cpu cpu3: cpufreq_init: failed to get clk: -2
[   17.905380] CPU3 is up
[   17.905995] pcieport 0000:00:02.0: nv_msi_ht_cap_quirk didn't locate host bridge
[   17.905997] pcieport 0000:00:01.0: nv_msi_ht_cap_quirk didn't locate host bridge
[   17.923306] PM: noirq resume of devices complete after 17.920 msecs
[   17.924911] PM: early resume of devices complete after 1.252 msecs
[   17.983323] PM: resume of devices complete after 58.401 msecs
[   18.081043] Restarting tasks ... done.
root@(none):/# 
root@(none):/# [   18.245994] ata1: SATA link down (SStatus 0 SControl 300)
rtcwake -d rtc1 -m mem -s 3
rtcwake: assuming RTC uses UTC ...
rtcwake: wakeup from "mem" using /dev/rtc1 at Thu Jan  1 00:00:47 1970
[   19.270440] PM: Syncing filesystems ... done.
[   19.301129] Freezing user space processes ... [   19.306276] Freezing remaining freezable tasks ... (elapsed 0.005 seconds) done.
[   19.311996] Suspending console(s) (use no_console_suspend to debug)
(elapsed 0.005 seconds) done.
[   19.515981] PM: suspend of devices complete after 190.714 msecs
[   19.524795] PM: late suspend of devices complete after 8.774 msecs
[   19.547345] PM: noirq suspend of devices complete after 22.522 msecs
[   19.547357] Disabling non-boot CPUs ...
[   19.575622] CPU1: shutdown
[   19.655557] CPU2: shutdown
[   19.725391] CPU3: shutdown
[   19.760197] Entering suspend state LP1
[   19.760225] Enabling non-boot CPUs ...
[   19.804650] cpu cpu1: cpufreq_init: failed to get clk: -2
[   19.804791] CPU1 is up
[   19.854870] cpu cpu2: cpufreq_init: failed to get clk: -2
[   19.855020] CPU2 is up
[   19.905195] cpu cpu3: cpufreq_init: failed to get clk: -2
[   19.905354] CPU3 is up
[   19.905972] pcieport 0000:00:01.0: nv_msi_ht_cap_quirk didn't locate host bridge
[   19.905977] pcieport 0000:00:02.0: nv_msi_ht_cap_quirk didn't locate host bridge
[   19.923273] PM: noirq resume of devices complete after 17.914 msecs
[   19.924849] PM: early resume of devices complete after 1.231 msecs
[   19.983291] PM: resume of devices complete after 58.430 msecs
[   20.080990] Restarting tasks ... done.
root@(none):/# 
root@(none):/# [   20.245995] ata1: SATA link down (SStatus 0 SControl 300)
rtcwake -d rtc1 -m mem -s 3
rtcwake: assuming RTC uses UTC ...
rtcwake: wakeup from "mem" using /dev/rtc1 at Thu Jan  1 00:00:52 1970
[   21.251029] PM: Syncing filesystems ... done.
[   21.281521] Freezing user space processes ... [   21.286672] Freezing remaining freezable tasks ... (elapsed 0.005 seconds) done.
[   21.292399] Suspending console(s) (use no_console_suspend to debug)
(elapsed 0.005 seconds) done.
[   21.475885] PM: suspend of devices complete after 170.224 msecs
[   21.480994] PM: late suspend of devices complete after 5.081 msecs
[   21.497380] PM: noirq suspend of devices complete after 16.358 msecs
[   21.497392] Disabling non-boot CPUs ...
[   21.525688] CPU1: shutdown
[   21.595432] CPU2: shutdown
[   21.665313] CPU3: shutdown
[   21.700188] Entering suspend state LP1
[   21.700216] Enabling non-boot CPUs ...
[   21.744606] cpu cpu1: cpufreq_init: failed to get clk: -2
[   21.744749] CPU1 is up
[   21.794840] cpu cpu2: cpufreq_init: failed to get clk: -2
[   21.794985] CPU2 is up
[   21.845160] cpu cpu3: cpufreq_init: failed to get clk: -2
[   21.845325] CPU3 is up
[   21.845944] pcieport 0000:00:02.0: nv_msi_ht_cap_quirk didn't locate host bridge
[   21.845946] pcieport 0000:00:01.0: nv_msi_ht_cap_quirk didn't locate host bridge
[   21.863236] PM: noirq resume of devices complete after 17.906 msecs
[   21.864832] PM: early resume of devices complete after 1.255 msecs
[   21.923257] PM: resume of devices complete after 58.415 msecs
[   22.020760] Restarting tasks ... done.
root@(none):/# 
root@(none):/# [   22.186024] ata1: SATA link down (SStatus 0 SControl 300)
rtcwake -d rtc1 -m mem -s 3
rtcwake: assuming RTC uses UTC ...
rtcwake: wakeup from "mem" using /dev/rtc1 at Thu Jan  1 00:00:57 1970
[   23.188874] PM: Syncing filesystems ... done.
[   23.219149] Freezing user space processes ... [   23.224286] Freezing remaining freezable tasks ... (elapsed 0.005 seconds) done.
[   23.230087] Suspending console(s) (use no_console_suspend to debug)
(elapsed 0.005 seconds) done.
[   23.415986] PM: suspend of devices complete after 172.763 msecs
[   23.423862] PM: late suspend of devices complete after 7.837 msecs
[   23.447557] PM: noirq suspend of devices complete after 23.660 msecs
[   23.447570] Disabling non-boot CPUs ...
[   23.475677] CPU1: shutdown
[   23.545399] CPU2: shutdown
[   23.615284] CPU3: shutdown
[   23.650151] Entering suspend state LP1
[   23.650179] Enabling non-boot CPUs ...
[   23.694567] cpu cpu1: cpufreq_init: failed to get clk: -2
[   23.694710] CPU1 is up
[   23.744808] cpu cpu2: cpufreq_init: failed to get clk: -2
[   23.744954] CPU2 is up
[   23.795124] cpu cpu3: cpufreq_init: failed to get clk: -2
[   23.795286] CPU3 is up
[   23.795899] pcieport 0000:00:02.0: nv_msi_ht_cap_quirk didn't locate host bridge
[   23.795901] pcieport 0000:00:01.0: nv_msi_ht_cap_quirk didn't locate host bridge
[   23.813209] PM: noirq resume of devices complete after 17.917 msecs
[   23.814761] PM: early resume of devices complete after 1.217 msecs
[   23.873227] PM: resume of devices complete after 58.456 msecs
[   23.970732] Restarting tasks ... done.
root@(none):/# 
root@(none):/# [   24.135989] ata1: SATA link down (SStatus 0 SControl 300)
rtcwake -d rtc1 -m mem -s 3
rtcwake: assuming RTC uses UTC ...
rtcwake: wakeup from "mem" using /dev/rtc1 at Thu Jan  1 00:01:02 1970
[   25.141575] PM: Syncing filesystems ... done.
[   25.173463] Freezing user space processes ... [   25.178532] Freezing remaining freezable tasks ... (elapsed 0.005 seconds) done.
[   25.184406] Suspending console(s) (use no_console_suspend to debug)
(elapsed 0.005 seconds) done.
[   25.395897] PM: suspend of devices complete after 198.399 msecs
[   25.404672] PM: late suspend of devices complete after 8.736 msecs
[   25.427231] PM: noirq suspend of devices complete after 22.532 msecs
[   25.427243] Disabling non-boot CPUs ...
[   25.455513] CPU1: shutdown
[   25.535483] CPU2: shutdown
[   25.605246] CPU3: shutdown
[   25.640095] Entering suspend state LP1
[   25.640123] Enabling non-boot CPUs ...
[   25.684557] cpu cpu1: cpufreq_init: failed to get clk: -2
[   25.684698] CPU1 is up
[   25.734791] cpu cpu2: cpufreq_init: failed to get clk: -2
[   25.734944] CPU2 is up
[   25.785095] cpu cpu3: cpufreq_init: failed to get clk: -2
[   25.785254] CPU3 is up
[   25.785877] pcieport 0000:00:02.0: nv_msi_ht_cap_quirk didn't locate host bridge
[   25.785879] pcieport 0000:00:01.0: nv_msi_ht_cap_quirk didn't locate host bridge
[   25.803176] PM: noirq resume of devices complete after 17.916 msecs
[   25.804701] PM: early resume of devices complete after 1.185 msecs
[   25.863195] PM: resume of devices complete after 58.483 msecs
[   25.960693] Restarting tasks ... done.
root@(none):/# 
root@(none):/# [   26.125953] ata1: SATA link down (SStatus 0 SControl 300)
rtcwake -d rtc1 -m mem -s 3
rtcwake: assuming RTC uses UTC ...
rtcwake: wakeup from "mem" using /dev/rtc1 at Thu Jan  1 00:01:07 1970
[   27.150964] PM: Syncing filesystems ... done.
[   27.175775] Freezing user space processes ... (elapsed 0.001 seconds) done.
[   27.177743] Freezing remaining freezable tasks ... (elapsed 0.001 seconds) done.
[   27.177754] Suspending console(s) (use no_console_suspend to debug)
[   27.405771] PM: suspend of devices complete after 197.524 msecs
[   27.411415] PM: late suspend of devices complete after 5.606 msecs
[   27.427694] PM: noirq suspend of devices complete after 16.250 msecs
[   27.427706] Disabling non-boot CPUs ...
[   27.455599] CPU1: shutdown
[   27.525326] CPU2: shutdown
[   27.595231] CPU3: shutdown
[   27.630132] Entering suspend state LP1
[   27.630160] Enabling non-boot CPUs ...
[   27.674509] cpu cpu1: cpufreq_init: failed to get clk: -2
[   27.674650] CPU1 is up
[   27.724762] cpu cpu2: cpufreq_init: failed to get clk: -2
[   27.724908] CPU2 is up
[   27.775069] cpu cpu3: cpufreq_init: failed to get clk: -2
[   27.775229] CPU3 is up
[   27.775838] pcieport 0000:00:02.0: nv_msi_ht_cap_quirk didn't locate host bridge
[   27.775840] pcieport 0000:00:01.0: nv_msi_ht_cap_quirk didn't locate host bridge
[   27.793143] PM: noirq resume of devices complete after 17.909 msecs
[   27.794774] PM: early resume of devices complete after 1.284 msecs
[   27.863162] PM: resume of devices complete after 68.378 msecs
[   27.957990] Restarting tasks ... done.
root@(none):/# 
root@(none):/# [   28.115734] ata1: SATA link down (SStatus 0 SControl 300)
NVTB SYSTEM SUSPEND TEST COMPLETE
