

U-Boot 2015.04-00466-gedec83e90172 (Mar 14 2016 - 10:42:01)

TEGRA124
Model: Acer Chromebook 13 CB5-311
DRAM:  4 GiB
:   Tegra SD/MMC: 0, Tegra SD/MMC: 1, Tegra SD/MMC: 2
MMC init failed
Using default environment

In:    serial
Out:   serial
Err:   serial
Net:   Net Initialization Skipped
No ethernet found.
Hit any key to stop autoboot:  2  0 
Tegra124 (Nyan-big) # 
Tegra124 (Nyan-big) # usb start
starting USB...
USB0:   USB EHCI 1.10
scanning bus 0 for devices... 2 USB Device(s) found
USB1:   USB EHCI 1.10
scanning bus 1 for devices... 2 USB Device(s) found
       scanning usb for storage devices... 1 Storage Device(s) found
       scanning usb for ethernet devices... 
Warning: asx0 using MAC address from net device
1 Ethernet Device(s) found
Tegra124 (Nyan-big) # mw 0x7000e4a0 0x00080000
Tegra124 (Nyan-big) # setenv bootargs 'ignore_loglevel console=ttyS0,115200n8 rw root=PARTUUID=4d36e82a-b3c0-4b4b-bfcd-afe5217ac023 rootwait gpt debug noinitrd earlyprintk init=/bin/bash'
Tegra124 (Nyan-big) # setenv ipaddr 192.168.100.102; setenv serverip 192.168.100.1; setenv tftpserverip 192.168.100.1
Tegra124 (Nyan-big) # tftpboot 0x82000000 zImage.multi_v7_defconfig
Using asx0 device
TFTP from server 192.168.100.1; our IP address is 192.168.100.102
Filename 'zImage.multi_v7_defconfig'.
Load address: 0x82000000
Loading: *#################################################################
	 #################################################################
	 #################################################################
	 #################################################################
	 #################################################################
	 #################################################################
	 #################################################################
	 #################################################################
	 ###################
	 3.5 MiB/s
done
Bytes transferred = 7906728 (78a5a8 hex)
Tegra124 (Nyan-big) # tftpboot 0x83000000 tegra124-nyan-big.dtb
Using asx0 device
TFTP from server 192.168.100.1; our IP address is 192.168.100.102
Filename 'tegra124-nyan-big.dtb'.
Load address: 0x83000000
Loading: *#####
	 3.4 MiB/s
done
Bytes transferred = 68155 (10a3b hex)
Tegra124 (Nyan-big) # bootz 0x82000000 - 0x83000000
Kernel image @ 0x82000000 [ 0x000000 - 0x78a5a8 ]
## Flattened Device Tree blob at 83000000
   Booting using the fdt blob at 0x83000000
   Using Device Tree in place at 83000000, end 83013a3a

Starting kernel ...

[    0.000000] Booting Linux on physical CPU 0x0
[    0.000000] Linux version 4.12.0-rc3-next-20170530-175078-g056c138 (jonathanh@sellafield) (gcc version 4.7.3 20130328 (prerelease) (crosstool-NG linaro-1.13.1-4.7-2013.04-20130415 - Linaro GCC 2013.04) ) #1 SMP Tue May 30 07:42:30 PDT 2017
[    0.000000] CPU: ARMv7 Processor [413fc0f3] revision 3 (ARMv7), cr=10c5387d
[    0.000000] CPU: div instructions available: patching division code
[    0.000000] CPU: PIPT / VIPT nonaliasing data cache, PIPT instruction cache
[    0.000000] OF: fdt: Machine model: Acer Chromebook 13 CB5-311
[    0.000000] OF: fdt: Ignoring memory range 0x100000000 - 0x17ffff000
[    0.000000] debug: ignoring loglevel setting.
[    0.000000] Memory policy: Data cache writealloc
[    0.000000] efi: Getting EFI parameters from FDT:
[    0.000000] efi: UEFI not found.
[    0.000000] cma: Reserved 64 MiB at 0xfb800000
[    0.000000] On node 0 totalpages: 524287
[    0.000000] free_area_init_node: node 0, pgdat c157ef80, node_mem_map eeff8000
[    0.000000]   DMA zone: 1536 pages used for memmap
[    0.000000]   DMA zone: 0 pages reserved
[    0.000000]   DMA zone: 196608 pages, LIFO batch:31
[    0.000000]   HighMem zone: 327679 pages, LIFO batch:31
[    0.000000] percpu: Embedded 17 pages/cpu @eef81000 s39232 r8192 d22208 u69632
[    0.000000] pcpu-alloc: s39232 r8192 d22208 u69632 alloc=17*4096
[    0.000000] pcpu-alloc: [0] 0 [0] 1 [0] 2 [0] 3 
[    0.000000] Built 1 zonelists in Zone order, mobility grouping on.  Total pages: 522751
[    0.000000] Kernel command line: ignore_loglevel console=ttyS0,115200n8 rw root=PARTUUID=4d36e82a-b3c0-4b4b-bfcd-afe5217ac023 rootwait gpt debug noinitrd earlyprintk init=/bin/bash
[    0.000000] PID hash table entries: 4096 (order: 2, 16384 bytes)
[    0.000000] Dentry cache hash table entries: 131072 (order: 7, 524288 bytes)
[    0.000000] Inode-cache hash table entries: 65536 (order: 6, 262144 bytes)
[    0.000000] Memory: 1994448K/2097148K available (10240K kernel code, 1562K rwdata, 4380K rodata, 2048K init, 401K bss, 37164K reserved, 65536K cma-reserved, 1245180K highmem)
[    0.000000] Virtual kernel memory layout:
[    0.000000]     vector  : 0xffff0000 - 0xffff1000   (   4 kB)
[    0.000000]     fixmap  : 0xffc00000 - 0xfff00000   (3072 kB)
[    0.000000]     vmalloc : 0xf0800000 - 0xff800000   ( 240 MB)
[    0.000000]     lowmem  : 0xc0000000 - 0xf0000000   ( 768 MB)
[    0.000000]     pkmap   : 0xbfe00000 - 0xc0000000   (   2 MB)
[    0.000000]     modules : 0xbf000000 - 0xbfe00000   (  14 MB)
[    0.000000]       .text : 0xc0208000 - 0xc0d00000   (11232 kB)
[    0.000000]       .init : 0xc1200000 - 0xc1400000   (2048 kB)
[    0.000000]       .data : 0xc1400000 - 0xc1586bf0   (1563 kB)
[    0.000000]        .bss : 0xc158fcb0 - 0xc15f4158   ( 402 kB)
[    0.000000] SLUB: HWalign=64, Order=0-3, MinObjects=0, CPUs=4, Nodes=1
[    0.000000] Hierarchical RCU implementation.
[    0.000000] 	RCU event tracing is enabled.
[    0.000000] 	RCU restricting CPUs from NR_CPUS=16 to nr_cpu_ids=4.
[    0.000000] RCU: Adjusting geometry for rcu_fanout_leaf=16, nr_cpu_ids=4
[    0.000000] NR_IRQS: 16, nr_irqs: 16, preallocated irqs: 16
[    0.000000] /interrupt-controller@60004000: 160 interrupts forwarded to /interrupt-controller@50041000
[    0.000000] Tegra clk 127: register failed with -17
[    0.000004] sched_clock: 32 bits at 1000kHz, resolution 1000ns, wraps every 2147483647500ns
[    0.000012] clocksource: timer_us: mask: 0xffffffff max_cycles: 0xffffffff, max_idle_ns: 1911260446275 ns
[    0.000018] Switching to timer-based delay loop, resolution 1000ns
[    0.001799] arch_timer: cp15 timer(s) running at 12.00MHz (virt).
[    0.001806] clocksource: arch_sys_counter: mask: 0xffffffffffffff max_cycles: 0x2c47f4ee7, max_idle_ns: 440795202497 ns
[    0.001813] sched_clock: 56 bits at 12MHz, resolution 83ns, wraps every 4398046511096ns
[    0.001817] Switching to timer-based delay loop, resolution 83ns
[    0.002038] Console: colour dummy device 80x30
[    0.002052] Calibrating delay loop (skipped), value calculated using timer frequency.. 24.00 BogoMIPS (lpj=120000)
[    0.002059] pid_max: default: 32768 minimum: 301
[    0.002096] Mount-cache hash table entries: 2048 (order: 1, 8192 bytes)
[    0.002102] Mountpoint-cache hash table entries: 2048 (order: 1, 8192 bytes)
[    0.002299] CPU: Testing write buffer coherency: ok
[    0.002417] /cpus/cpu@0 missing clock-frequency property
[    0.002433] /cpus/cpu@1 missing clock-frequency property
[    0.002447] /cpus/cpu@2 missing clock-frequency property
[    0.002461] /cpus/cpu@3 missing clock-frequency property
[    0.002467] CPU0: thread -1, cpu 0, socket 0, mpidr 80000000
[    0.002583] Setting up static identity map for 0x80300000 - 0x803000a0
[    0.003281] Hierarchical SRCU implementation.
[    0.003966] Tegra Revision: A01 SKU: 131 CPU Process: 1 SoC Process: 1
[    0.004236] EFI services will not be available.
[    0.004328] smp: Bringing up secondary CPUs ...
[    0.004627] CPU1: thread -1, cpu 1, socket 0, mpidr 80000001
[    0.012052] CPU2: thread -1, cpu 2, socket 0, mpidr 80000002
[    0.022066] CPU3: thread -1, cpu 3, socket 0, mpidr 80000003
[    0.031777] smp: Brought up 1 node, 4 CPUs
[    0.031785] SMP: Total of 4 processors activated (96.00 BogoMIPS).
[    0.031789] CPU: All CPU(s) started in SVC mode.
[    0.032339] devtmpfs: initialized
[    0.038098] VFP support v0.3: implementor 41 architecture 4 part 30 variant f rev 0
[    0.038289] clocksource: jiffies: mask: 0xffffffff max_cycles: 0xffffffff, max_idle_ns: 19112604462750000 ns
[    0.038297] futex hash table entries: 1024 (order: 4, 65536 bytes)
[    0.038872] pinctrl core: initialized pinctrl subsystem
[    0.039630] NET: Registered protocol family 16
[    0.040375] DMA: preallocated 256 KiB pool for atomic coherent allocations
[    0.041263] cpuidle: using governor menu
[    0.050078] No ATAGs?
[    0.050134] hw-breakpoint: found 5 (+1 reserved) breakpoint and 4 watchpoint registers.
[    0.050140] hw-breakpoint: maximum watchpoint size is 8 bytes.
[    0.052943] Serial: AMBA PL011 UART driver
[    0.053295] tegra-mc 70019000.memory-controller: no memory timings for RAM code 0 registered
[    0.058702] AT91: Could not find identification node
[    0.058908] +5V_SYS: supplied by +VDD_MUX
[    0.059008] +3.3V_SYS: supplied by +VDD_MUX
[    0.059223] +VDD_LED: Failed to request enable GPIO122: -517
[    0.059229] reg-fixed-voltage regulators:regulator@5: Failed to register regulator: -517
[    0.059264] +5V_VDD_TS_SW: Failed to request enable GPIO81: -517
[    0.059269] reg-fixed-voltage regulators:regulator@6: Failed to register regulator: -517
[    0.059302] +5V_USB_HS: Failed to request enable GPIO108: -517
[    0.059307] reg-fixed-voltage regulators:regulator@7: Failed to register regulator: -517
[    0.059340] +5V_USB_SS: Failed to request enable GPIO109: -517
[    0.059344] reg-fixed-voltage regulators:regulator@8: Failed to register regulator: -517
[    0.059433] +1.05V_RUN_AVDD_HDMI_PLL: Failed to request enable GPIO63: -517
[    0.059438] reg-fixed-voltage regulators:regulator@11: Failed to register regulator: -517
[    0.059471] +5V_HDMI_CON: Failed to request enable GPIO86: -517
[    0.059475] reg-fixed-voltage regulators:regulator@12: Failed to register regulator: -517
[    0.060452] vgaarb: loaded
[    0.060725] SCSI subsystem initialized
[    0.060796] libata version 3.00 loaded.
[    0.060886] usbcore: registered new interface driver usbfs
[    0.060906] usbcore: registered new interface driver hub
[    0.060928] usbcore: registered new device driver usb
[    0.062233] pps_core: LinuxPPS API ver. 1 registered
[    0.062238] pps_core: Software ver. 5.3.6 - Copyright 2005-2007 Rodolfo Giometti <giometti@linux.it>
[    0.062246] PTP clock support registered
[    0.062311] EDAC MC: Ver: 3.0.0
[    0.062709] tegra-emc 7001b000.emc: no memory timings for RAM code 0 found in DT
[    0.062719] tegra-emc: probe of 7001b000.emc failed with error -2
[    0.063157] clocksource: Switched to clocksource arch_sys_counter
[    0.082789] NET: Registered protocol family 2
[    0.082986] TCP established hash table entries: 8192 (order: 3, 32768 bytes)
[    0.083020] TCP bind hash table entries: 8192 (order: 4, 65536 bytes)
[    0.083083] TCP: Hash tables configured (established 8192 bind 8192)
[    0.083119] UDP hash table entries: 512 (order: 2, 16384 bytes)
[    0.083134] UDP-Lite hash table entries: 512 (order: 2, 16384 bytes)
[    0.083214] NET: Registered protocol family 1
[    0.083358] RPC: Registered named UNIX socket transport module.
[    0.083362] RPC: Registered udp transport module.
[    0.083365] RPC: Registered tcp transport module.
[    0.083368] RPC: Registered tcp NFSv4.1 backchannel transport module.
[    0.083374] PCI: CLS 0 bytes, default 64
[    0.083919] hw perfevents: enabled with armv7_cortex_a15 PMU driver, 7 counters available
[    0.084577] workingset: timestamp_bits=30 max_order=19 bucket_order=0
[    0.087445] squashfs: version 4.0 (2009/01/31) Phillip Lougher
[    0.087693] NFS: Registering the id_resolver key type
[    0.087708] Key type id_resolver registered
[    0.087711] Key type id_legacy registered
[    0.087727] ntfs: driver 2.1.32 [Flags: R/O].
[    0.088332] bounce: pool size: 64 pages
[    0.088349] Block layer SCSI generic (bsg) driver version 0.4 loaded (major 248)
[    0.088354] io scheduler noop registered
[    0.088357] io scheduler deadline registered
[    0.088368] io scheduler cfq registered (default)
[    0.088371] io scheduler mq-deadline registered
[    0.088374] io scheduler kyber registered
[    0.089537] tegra-xusb-padctl 7009f000.padctl: failed to setup XUSB ports: -517
[    0.099802] tegra-apbdma 60020000.dma: Tegra20 APB DMA driver register 32 channels
[    0.100645] tegra-pmc 7000e400.pmc: i2c-thermtrip node not found, emergency thermal reset disabled.
[    0.119081] Serial: 8250/16550 driver, 4 ports, IRQ sharing disabled
[    0.120115] console [ttyS0] disabled
[    0.120133] 70006000.serial: ttyS0 at MMIO 0x70006000 (irq = 333, base_baud = 25500000) is a Tegra
[    1.012594] console [ttyS0] enabled
[    1.016361] SuperH (H)SCI(F) driver initialized
[    1.021196] msm_serial: driver initialized
[    1.025350] STMicroelectronics ASC driver initialized
[    1.032348] tegra-hdmi 54280000.hdmi: failed to get HDMI regulator
[    1.038884] tegra-dpaux 545c0000.dpaux: failed to get VDD supply: -517
[    1.046308] panel-simple panel: panel supply power not found, using dummy regulator
[    1.057526] brd: module loaded
[    1.063278] loop: module loaded
[    1.067341] as3722 4-0040: AS3722 with revision 0x1 found
[    1.077328] as3722-sd2: supplied by +5V_SYS
[    1.081740] as3722-sd3: supplied by +5V_SYS
[    1.086076] +1.35V_LP0(sd3): Bringing 0uV into 1350000-1350000uV
[    1.092240] as3722-sd4: supplied by +5V_SYS
[    1.096625] +1.05V_RUN: Bringing 0uV into 1050000-1050000uV
[    1.102361] as3722-sd5: supplied by +5V_SYS
[    1.107933] as3722-ldo0: supplied by +1.35V_LP0(sd2)
[    1.113675] +1.8V_RUN_CAM: Bringing 0uV into 1800000-1800000uV
[    1.119686] as3722-ldo2: supplied by +1.8V_VDDIO
[    1.125306] as3722-ldo3: supplied by +3.3V_SYS
[    1.129750] +1.00V_LP0_VDD_RTC: Bringing 1100000uV into 1000000-1000000uV
[    1.137325] as3722-ldo4: supplied by +3.3V_SYS
[    1.141915] +3.3V_RUN_CAM: Bringing 0uV into 2800000-2800000uV
[    1.147934] as3722-ldo5: supplied by +1.8V_VDDIO
[    1.152698] +1.2V_RUN_CAM_FRONT: Bringing 0uV into 1200000-1200000uV
[    1.159378] +VDDIO_SDMMC3: Bringing 0uV into 1800000-1800000uV
[    1.165400] as3722-ldo7: supplied by +1.8V_VDDIO
[    1.170166] +1.05V_RUN_CAM_REAR: Bringing 0uV into 1050000-1050000uV
[    1.176712] as3722-ldo9: supplied by +5V_SYS
[    1.181272] +2.8V_RUN_TOUCH: Bringing 0uV into 2800000-2800000uV
[    1.187462] as3722-ldo10: supplied by +5V_SYS
[    1.191964] +2.8V_RUN_CAM_AF: Bringing 0uV into 2800000-2800000uV
[    1.198394] +1.8V_RUN_VPP_FUSE: Bringing 0uV into 1800000-1800000uV
[    1.210799] random: fast init done
[    1.216598] m25p80 spi32765.0: w25q32dw (4096 Kbytes)
[    1.222661] libphy: Fixed MDIO Bus: probed
[    1.227151] CAN device driver interface
[    1.231288] bgmac_bcma: Broadcom 47xx GBit MAC driver loaded
[    1.237385] e1000e: Intel(R) PRO/1000 Network Driver - 3.2.6-k
[    1.243207] e1000e: Copyright(c) 1999 - 2015 Intel Corporation.
[    1.249129] igb: Intel(R) Gigabit Ethernet Network Driver - version 5.4.0-k
[    1.256078] igb: Copyright (c) 2007-2014 Intel Corporation.
[    1.262823] pegasus: v0.9.3 (2013/04/25), Pegasus/Pegasus II USB Ethernet driver
[    1.270228] usbcore: registered new interface driver pegasus
[    1.275892] usbcore: registered new interface driver asix
[    1.281285] usbcore: registered new interface driver ax88179_178a
[    1.287380] usbcore: registered new interface driver cdc_ether
[    1.293219] usbcore: registered new interface driver smsc75xx
[    1.298967] usbcore: registered new interface driver smsc95xx
[    1.304714] usbcore: registered new interface driver net1080
[    1.310368] usbcore: registered new interface driver cdc_subset
[    1.316287] usbcore: registered new interface driver zaurus
[    1.321862] usbcore: registered new interface driver cdc_ncm
[    1.328155] ehci_hcd: USB 2.0 'Enhanced' Host Controller (EHCI) Driver
[    1.334671] ehci-pci: EHCI PCI platform driver
[    1.339115] ehci-platform: EHCI generic platform driver
[    1.344399] ehci-orion: EHCI orion driver
[    1.348448] SPEAr-ehci: EHCI SPEAr driver
[    1.352492] ehci-st: EHCI STMicroelectronics driver
[    1.357407] ehci-exynos: EHCI EXYNOS driver
[    1.361629] ehci-atmel: EHCI Atmel driver
[    1.365677] tegra-ehci: Tegra EHCI driver
[    1.369734] ohci_hcd: USB 1.1 'Open' Host Controller (OHCI) Driver
[    1.375910] ohci-pci: OHCI PCI platform driver
[    1.380354] ohci-platform: OHCI generic platform driver
[    1.385624] ohci-omap3: OHCI OMAP3 driver
[    1.389666] SPEAr-ohci: OHCI SPEAr driver
[    1.393715] ohci-st: OHCI STMicroelectronics driver
[    1.398626] ohci-atmel: OHCI Atmel driver
[    1.402872] usbcore: registered new interface driver usb-storage
[    1.409647] elan_i2c 1-0015: 1-0015 supply vcc not found, using dummy regulator
[    1.411309] as3722-rtc as3722-rtc: rtc core: registered as3722-rtc as rtc0
[    1.411312] as3722-rtc as3722-rtc: RTC interrupt 372
[    1.413565] tegra_rtc 7000e000.rtc: rtc core: registered 7000e000.rtc as rtc1
[    1.413583] tegra_rtc 7000e000.rtc: Tegra internal Real Time Clock
[    1.413829] i2c /dev entries driver
[    1.416919] lm90 0-004c: 0-004c supply vcc not found, using dummy regulator
[    1.455472] sdhci: Secure Digital Host Controller Interface driver
[    1.461637] sdhci: Copyright(c) Pierre Ossman
[    1.466523] Synopsys Designware Multimedia Card Interface Driver
[    1.472942] sdhci-pltfm: SDHCI platform and OF driver helper
[    1.478871] sdhci-tegra 700b0000.sdhci: allocated mmc-pwrseq
[    1.492671] sdhci-tegra 700b0400.sdhci: Got CD GPIO
[    1.497553] sdhci-tegra 700b0400.sdhci: Got WP GPIO
[    1.517183] mmc0: Unknown controller version (3). You may experience problems.
[    1.524425] mmc0: Invalid maximum block size, assuming 512 bytes
[    1.593163] mmc0: SDHCI controller on 700b0600.sdhci [700b0600.sdhci] using ADMA
[    1.601217] ledtrig-cpu: registered to indicate activity on CPUs
[    1.607397] usbcore: registered new interface driver usbhid
[    1.612960] usbhid: USB HID core driver
[    1.618192] NET: Registered protocol family 10
[    1.622964] Segment Routing with IPv6
[    1.626672] sit: IPv6, IPv4 and MPLS over IPv4 tunneling driver
[    1.632801] NET: Registered protocol family 17
[    1.637248] can: controller area network core (rev 20170425 abi 9)
[    1.643449] NET: Registered protocol family 29
[    1.647886] can: raw protocol (rev 20170425)
[    1.652149] can: broadcast manager protocol (rev 20170425 t)
[    1.657806] can: netlink gateway (rev 20170425) max_hops=1
[    1.663417] Key type dns_resolver registered
[    1.667905] ThumbEE CPU extension supported.
[    1.672171] Registering SWP/SWPB emulation handler
[    1.682965] +3.3V_RUN: supplied by +3.3V_SYS
[    1.688091] +VDD_LED: supplied by +VDD_MUX
[    1.689690] elan_i2c 1-0015: Elan Touchpad: Module ID: 0x002a, Firmware: 0x0005, Sample: 0x0007, IAP: 0x0009
[    1.689947] input: Elan Touchpad as /devices/soc0/7000c400.i2c/i2c-1/1-0015/input/input0
[    1.710259] +3.3V_AVDD_HDMI_AP_GATED: supplied by +3.3V_RUN
[    1.715945] +1.8V_RUN_CAM: supplied by +3.3V_RUN
[    1.720641] +VDDIO_SDMMC3: supplied by +3.3V_RUN
[    1.725360] +1.8V_RUN_VPP_FUSE: supplied by +3.3V_RUN
[    1.730676] +5V_VDD_TS_SW: supplied by +5V_SYS
[    1.732979] mmc0: new high speed MMC card at address 0001
[    1.733808] mmcblk0: mmc0:0001 MMC16G 14.4 GiB 
[    1.734283] mmcblk0boot0: mmc0:0001 MMC16G partition 1 2.00 MiB
[    1.734501] mmcblk0boot1: mmc0:0001 MMC16G partition 2 2.00 MiB
[    1.735114] mmcblk0rpmb: mmc0:0001 MMC16G partition 3 128 KiB
[    1.740696]  mmcblk0: p1 p2 p3 p4 p5 p6 p7 p8 p9 p10 p11 p12
[    1.768637] +5V_USB_HS: supplied by +5V_SYS
[    1.772972] +5V_USB_SS: supplied by +5V_SYS
[    1.778251] +3.3V_PANEL: supplied by +3.3V_RUN
[    1.783737] +3.3V_LP0: supplied by +3.3V_SYS
[    1.788798] +1.05V_RUN_AVDD_HDMI_PLL: supplied by +1.05V_RUN
[    1.789026] elan_i2c 1-0015: failed to read report data: -121
[    1.800547] +5V_HDMI_CON: supplied by +5V_SYS
[    1.805695]  usb3-0: usb3-0 supply vbus not found, using dummy regulator
[    1.812422]  usb3-1: usb3-1 supply vbus not found, using dummy regulator
[    1.822579] tegra-sor 54540000.sor: failed to probe output: -517
[    1.829367] panel-simple panel: panel supply power not found, using dummy regulator
[    1.838069] sdhci-tegra 700b0000.sdhci: allocated mmc-pwrseq
[    1.852012] mmc1: Unknown controller version (3). You may experience problems.
[    1.859276] mmc1: Invalid maximum block size, assuming 512 bytes
[    1.865666] mmc1: Switching to 3.3V signalling voltage failed
[    1.923243] mmc1: SDHCI controller on 700b0000.sdhci [700b0000.sdhci] using ADMA
[    1.927205] elan_i2c 1-0015: invalid report id data (ff)
[    1.936674] sdhci-tegra 700b0400.sdhci: Got CD GPIO
[    1.941544] sdhci-tegra 700b0400.sdhci: Got WP GPIO
[    1.954944] mmc2: Unknown controller version (3). You may experience problems.
[    1.962238] mmc2: Invalid maximum block size, assuming 512 bytes
[    1.994448] mmc1: new high speed SDIO card at address 0001
[    2.033237] mmc2: SDHCI controller on 700b0400.sdhci [700b0400.sdhci] using ADMA
[    2.046515] input: gpio-keys as /devices/soc0/gpio-keys/input/input1
[    2.054214] as3722-rtc as3722-rtc: setting system clock to 2000-01-01 04:48:46 UTC (946702126)
[    2.063261] +3.3V_AVDD_HDMI_AP_GATED: disabling
[    2.067790] +1.05V_RUN: disabling
[    2.071255] +1.8V_RUN_CAM: disabling
[    2.075090] +3.3V_RUN_CAM: disabling
[    2.078828] +1.2V_RUN_CAM_FRONT: disabling
[    2.083277] +1.05V_RUN_CAM_REAR: disabling
[    2.087584] +2.8V_RUN_TOUCH: disabling
[    2.091533] +2.8V_RUN_CAM_AF: disabling
[    2.095640] +1.8V_RUN_VPP_FUSE: disabling
[    2.099850] +VDD_LED: disabling
[    2.102990] +5V_VDD_TS_SW: disabling
[    2.106590] +5V_USB_HS: disabling
[    2.109906] +5V_USB_SS: disabling
[    2.113237] +3.3V_PANEL: disabling
[    2.116637] +1.05V_RUN_AVDD_HDMI_PLL: disabling
[    2.121155] +5V_HDMI_CON: disabling
[    2.125580] EXT4-fs (mmcblk0p3): couldn't mount as ext3 due to feature incompatibilities
[    2.134264] EXT4-fs (mmcblk0p3): couldn't mount as ext2 due to feature incompatibilities
[    2.214950] mmc2: new high speed SDHC card at address 0007
[    2.221085] mmcblk2: mmc2:0007 SD08G 7.42 GiB 
[    2.235864] GPT:Primary header alternate_lba != Alt. header my_lba
[    2.242038] GPT:3014591 != 15564799
[    2.245545] GPT:Primary header thinks Alt. header is not at the end of the disk.
[    2.252923] GPT:3014591 != 15564799
[    2.256403] GPT: Use GNU Parted to correct GPT errors.
[    2.261549]  mmcblk2: p1 p2 p3 p4 p5 p6 p7 p8 p9 p10 p11 p12
[    2.523779] EXT4-fs (mmcblk0p3): recovery complete
[    2.529467] EXT4-fs (mmcblk0p3): mounted filesystem with ordered data mode. Opts: (null)
[    2.537605] VFS: Mounted root (ext4 filesystem) on device 179:3.
[    2.544873] devtmpfs: mounted
[    2.548539] Freeing unused kernel memory: 2048K
bash: cannot set terminal process group (-1): Inappropriate ioctl for device
bash: no job control in this shell
root@(none):/# 