
U-Boot SPL 2016.05-rc2 (Apr 21 2016 - 16:23:00)
Trying to boot from RAM


U-Boot 2016.05-rc2 (Apr 21 2016 - 16:23:00 -0700)

TEGRA124
Model: NVIDIA Jetson TK1
Board: NVIDIA Jetson TK1
DRAM:  2 GiB
MMC:   Tegra SD/MMC: 0, Tegra SD/MMC: 1
In:    serial
Out:   serial
Err:   serial
Net:   No ethernet found.
Hit any key to stop autoboot:  2  0 
Tegra124 (Jetson TK1) # 
Tegra124 (Jetson TK1) # pci enum
Tegra124 (Jetson TK1) # setenv bootargs 'ignore_loglevel console=ttyS0,115200n8 rw root=PARTUUID=b1791faa-84e8-4e27-83a1-9fb0a77e8803 rootwait gpt debug noinitrd earlyprintk init=/bin/bash'
Tegra124 (Jetson TK1) # setenv ipaddr 192.168.100.102; setenv serverip 192.168.100.1; setenv tftpserverip 192.168.100.1
Tegra124 (Jetson TK1) # tftpboot 0x82000000 zImage.multi_v7_defconfig

Warning: eth_rtl8169 using MAC address from ROM
Using eth_rtl8169 device
TFTP from server 192.168.100.1; our IP address is 192.168.100.102
Filename 'zImage.multi_v7_defconfig'.
Load address: 0x82000000
Loading: *#################################################################
	 #################################################################
	 #################################################################
	 #################################################################
	 #################################################################
	 #################################################################
	 #################################################################
	 #################################################################
	 ###################
	 3.9 MiB/s
done
Bytes transferred = 7906728 (78a5a8 hex)
Tegra124 (Jetson TK1) # tftpboot 0x83000000 tegra124-jetson-tk1.dtb
Using eth_rtl8169 device
TFTP from server 192.168.100.1; our IP address is 192.168.100.102
Filename 'tegra124-jetson-tk1.dtb'.
Load address: 0x83000000
Loading: *#####
	 3.6 MiB/s
done
Bytes transferred = 67133 (1063d hex)
Tegra124 (Jetson TK1) # bootz 0x82000000 - 0x83000000
Kernel image @ 0x82000000 [ 0x000000 - 0x78a5a8 ]
## Flattened Device Tree blob at 83000000
   Booting using the fdt blob at 0x83000000
   Using Device Tree in place at 83000000, end 8301363c

Starting kernel ...

[    0.000000] Booting Linux on physical CPU 0x0
[    0.000000] Linux version 4.12.0-rc3-next-20170530-175078-g056c138 (jonathanh@sellafield) (gcc version 4.7.3 20130328 (prerelease) (crosstool-NG linaro-1.13.1-4.7-2013.04-20130415 - Linaro GCC 2013.04) ) #1 SMP Tue May 30 07:42:30 PDT 2017
[    0.000000] CPU: ARMv7 Processor [413fc0f3] revision 3 (ARMv7), cr=10c5387d
[    0.000000] CPU: div instructions available: patching division code
[    0.000000] CPU: PIPT / VIPT nonaliasing data cache, PIPT instruction cache
[    0.000000] OF: fdt: Machine model: NVIDIA Tegra124 Jetson TK1
[    0.000000] debug: ignoring loglevel setting.
[    0.000000] Memory policy: Data cache writealloc
[    0.000000] efi: Getting EFI parameters from FDT:
[    0.000000] efi: UEFI not found.
[    0.000000] cma: Reserved 64 MiB at 0xfb800000
[    0.000000] On node 0 totalpages: 524032
[    0.000000] free_area_init_node: node 0, pgdat c157ef80, node_mem_map eeff8000
[    0.000000]   DMA zone: 1536 pages used for memmap
[    0.000000]   DMA zone: 0 pages reserved
[    0.000000]   DMA zone: 196608 pages, LIFO batch:31
[    0.000000]   HighMem zone: 327424 pages, LIFO batch:31
[    0.000000] percpu: Embedded 17 pages/cpu @eef82000 s39232 r8192 d22208 u69632
[    0.000000] pcpu-alloc: s39232 r8192 d22208 u69632 alloc=17*4096
[    0.000000] pcpu-alloc: [0] 0 [0] 1 [0] 2 [0] 3 
[    0.000000] Built 1 zonelists in Zone order, mobility grouping on.  Total pages: 522496
[    0.000000] Kernel command line: ignore_loglevel console=ttyS0,115200n8 rw root=PARTUUID=b1791faa-84e8-4e27-83a1-9fb0a77e8803 rootwait gpt debug noinitrd earlyprintk init=/bin/bash
[    0.000000] PID hash table entries: 4096 (order: 2, 16384 bytes)
[    0.000000] Dentry cache hash table entries: 131072 (order: 7, 524288 bytes)
[    0.000000] Inode-cache hash table entries: 65536 (order: 6, 262144 bytes)
[    0.000000] Memory: 1993432K/2096128K available (10240K kernel code, 1562K rwdata, 4380K rodata, 2048K init, 401K bss, 37160K reserved, 65536K cma-reserved, 1244160K highmem)
[    0.000000] Virtual kernel memory layout:
[    0.000000]     vector  : 0xffff0000 - 0xffff1000   (   4 kB)
[    0.000000]     fixmap  : 0xffc00000 - 0xfff00000   (3072 kB)
[    0.000000]     vmalloc : 0xf0800000 - 0xff800000   ( 240 MB)
[    0.000000]     lowmem  : 0xc0000000 - 0xf0000000   ( 768 MB)
[    0.000000]     pkmap   : 0xbfe00000 - 0xc0000000   (   2 MB)
[    0.000000]     modules : 0xbf000000 - 0xbfe00000   (  14 MB)
[    0.000000]       .text : 0xc0208000 - 0xc0d00000   (11232 kB)
[    0.000000]       .init : 0xc1200000 - 0xc1400000   (2048 kB)
[    0.000000]       .data : 0xc1400000 - 0xc1586bf0   (1563 kB)
[    0.000000]        .bss : 0xc158fcb0 - 0xc15f4158   ( 402 kB)
[    0.000000] SLUB: HWalign=64, Order=0-3, MinObjects=0, CPUs=4, Nodes=1
[    0.000000] Hierarchical RCU implementation.
[    0.000000] 	RCU event tracing is enabled.
[    0.000000] 	RCU restricting CPUs from NR_CPUS=16 to nr_cpu_ids=4.
[    0.000000] RCU: Adjusting geometry for rcu_fanout_leaf=16, nr_cpu_ids=4
[    0.000000] NR_IRQS: 16, nr_irqs: 16, preallocated irqs: 16
[    0.000000] /interrupt-controller@60004000: 160 interrupts forwarded to /interrupt-controller@50041000
[    0.000000] Tegra clk 127: register failed with -17
[    0.000008] sched_clock: 32 bits at 1000kHz, resolution 1000ns, wraps every 2147483647500ns
[    0.000029] clocksource: timer_us: mask: 0xffffffff max_cycles: 0xffffffff, max_idle_ns: 1911260446275 ns
[    0.000045] Switching to timer-based delay loop, resolution 1000ns
[    0.005362] arch_timer: cp15 timer(s) running at 12.00MHz (virt).
[    0.005381] clocksource: arch_sys_counter: mask: 0xffffffffffffff max_cycles: 0x2c47f4ee7, max_idle_ns: 440795202497 ns
[    0.005400] sched_clock: 56 bits at 12MHz, resolution 83ns, wraps every 4398046511096ns
[    0.005414] Switching to timer-based delay loop, resolution 83ns
[    0.005886] Console: colour dummy device 80x30
[    0.005916] Calibrating delay loop (skipped), value calculated using timer frequency.. 24.00 BogoMIPS (lpj=120000)
[    0.005935] pid_max: default: 32768 minimum: 301
[    0.006023] Mount-cache hash table entries: 2048 (order: 1, 8192 bytes)
[    0.006039] Mountpoint-cache hash table entries: 2048 (order: 1, 8192 bytes)
[    0.006521] CPU: Testing write buffer coherency: ok
[    0.006763] /cpus/cpu@0 missing clock-frequency property
[    0.006807] /cpus/cpu@1 missing clock-frequency property
[    0.006849] /cpus/cpu@2 missing clock-frequency property
[    0.006893] /cpus/cpu@3 missing clock-frequency property
[    0.006907] CPU0: thread -1, cpu 0, socket 0, mpidr 80000000
[    0.007191] Setting up static identity map for 0x80300000 - 0x803000a0
[    0.009148] Hierarchical SRCU implementation.
[    0.011041] Tegra Revision: A01 SKU: 129 CPU Process: 1 SoC Process: 1
[    0.011803] EFI services will not be available.
[    0.012034] smp: Bringing up secondary CPUs ...
[    0.012634] CPU1: thread -1, cpu 1, socket 0, mpidr 80000001
[    0.015839] CPU2: thread -1, cpu 2, socket 0, mpidr 80000002
[    0.025867] CPU3: thread -1, cpu 3, socket 0, mpidr 80000003
[    0.035282] smp: Brought up 1 node, 4 CPUs
[    0.035303] SMP: Total of 4 processors activated (96.00 BogoMIPS).
[    0.035312] CPU: All CPU(s) started in SVC mode.
[    0.036815] devtmpfs: initialized
[    0.053225] VFP support v0.3: implementor 41 architecture 4 part 30 variant f rev 0
[    0.053623] clocksource: jiffies: mask: 0xffffffff max_cycles: 0xffffffff, max_idle_ns: 19112604462750000 ns
[    0.053643] futex hash table entries: 1024 (order: 4, 65536 bytes)
[    0.055076] pinctrl core: initialized pinctrl subsystem
[    0.057012] NET: Registered protocol family 16
[    0.059120] DMA: preallocated 256 KiB pool for atomic coherent allocations
[    0.061593] cpuidle: using governor menu
[    0.087972] No ATAGs?
[    0.088098] hw-breakpoint: found 5 (+1 reserved) breakpoint and 4 watchpoint registers.
[    0.088114] hw-breakpoint: maximum watchpoint size is 8 bytes.
[    0.095313] Serial: AMBA PL011 UART driver
[    0.112051] AT91: Could not find identification node
[    0.112618] +5V_SYS: supplied by +VDD_MUX
[    0.112906] +3.3V_SYS: supplied by +VDD_MUX
[    0.113533] +USB0_VBUS_SW: Failed to request enable GPIO108: -517
[    0.113549] reg-fixed-voltage regulators:regulator@7: Failed to register regulator: -517
[    0.113651] +5V_USB_HS: Failed to request enable GPIO109: -517
[    0.113665] reg-fixed-voltage regulators:regulator@8: Failed to register regulator: -517
[    0.113851] +1.05V_RUN_AVDD_HDMI_PLL: Failed to request enable GPIO63: -517
[    0.113865] reg-fixed-voltage regulators:regulator@11: Failed to register regulator: -517
[    0.113964] +5V_HDMI_CON: Failed to request enable GPIO86: -517
[    0.113978] reg-fixed-voltage regulators:regulator@12: Failed to register regulator: -517
[    0.114077] +5V_SATA: Failed to request enable GPIO242: -517
[    0.114091] reg-fixed-voltage regulators:regulator@13: Failed to register regulator: -517
[    0.114188] +12V_SATA: Failed to request enable GPIO242: -517
[    0.114201] reg-fixed-voltage regulators:regulator@14: Failed to register regulator: -517
[    0.117169] vgaarb: loaded
[    0.117944] SCSI subsystem initialized
[    0.118108] libata version 3.00 loaded.
[    0.118356] usbcore: registered new interface driver usbfs
[    0.118417] usbcore: registered new interface driver hub
[    0.118489] usbcore: registered new device driver usb
[    0.121938] pps_core: LinuxPPS API ver. 1 registered
[    0.121950] pps_core: Software ver. 5.3.6 - Copyright 2005-2007 Rodolfo Giometti <giometti@linux.it>
[    0.121974] PTP clock support registered
[    0.122161] EDAC MC: Ver: 3.0.0
[    0.125058] clocksource: Switched to clocksource arch_sys_counter
[    0.179847] NET: Registered protocol family 2
[    0.180348] TCP established hash table entries: 8192 (order: 3, 32768 bytes)
[    0.180449] TCP bind hash table entries: 8192 (order: 4, 65536 bytes)
[    0.180636] TCP: Hash tables configured (established 8192 bind 8192)
[    0.180720] UDP hash table entries: 512 (order: 2, 16384 bytes)
[    0.180766] UDP-Lite hash table entries: 512 (order: 2, 16384 bytes)
[    0.180916] NET: Registered protocol family 1
[    0.181230] RPC: Registered named UNIX socket transport module.
[    0.181240] RPC: Registered udp transport module.
[    0.181248] RPC: Registered tcp transport module.
[    0.181257] RPC: Registered tcp NFSv4.1 backchannel transport module.
[    0.181269] PCI: CLS 0 bytes, default 64
[    0.182671] hw perfevents: enabled with armv7_cortex_a15 PMU driver, 7 counters available
[    0.184413] workingset: timestamp_bits=30 max_order=19 bucket_order=0
[    0.192876] squashfs: version 4.0 (2009/01/31) Phillip Lougher
[    0.193579] NFS: Registering the id_resolver key type
[    0.193602] Key type id_resolver registered
[    0.193612] Key type id_legacy registered
[    0.193653] ntfs: driver 2.1.32 [Flags: R/O].
[    0.195403] bounce: pool size: 64 pages
[    0.195444] Block layer SCSI generic (bsg) driver version 0.4 loaded (major 248)
[    0.195456] io scheduler noop registered
[    0.195466] io scheduler deadline registered
[    0.195496] io scheduler cfq registered (default)
[    0.195506] io scheduler mq-deadline registered
[    0.195515] io scheduler kyber registered
[    0.198880]  usb2-0: usb2-0 supply vbus not found, using dummy regulator
[    0.198991]  usb2-1: usb2-1 supply vbus not found, using dummy regulator
[    0.199440] tegra-xusb-padctl 7009f000.padctl: failed to setup XUSB ports: -517
[    0.217461] tegra-pcie 1003000.pcie-controller: 2x1, 1x1 configuration
[    0.217515] tegra-pcie 1003000.pcie-controller: Failed to get supply 'avddio-pex': -517
[    0.223838] tegra124-dfll 70110000.clock: couldn't get vdd_cpu regulator
[    0.231682] tegra-apbdma 60020000.dma: Tegra20 APB DMA driver register 32 channels
[    0.234168] tegra-pmc 7000e400.pmc: emergency thermal reset enabled
[    0.287140] Serial: 8250/16550 driver, 4 ports, IRQ sharing disabled
[    0.289712] console [ttyS0] disabled
[    0.289752] 70006300.serial: ttyS0 at MMIO 0x70006300 (irq = 335, base_baud = 25500000) is a Tegra
[    1.187217] console [ttyS0] enabled
[    1.191508] SuperH (H)SCI(F) driver initialized
[    1.197025] msm_serial: driver initialized
[    1.201298] STMicroelectronics ASC driver initialized
[    1.207211] 70006000.serial: ttyTHS1 at MMIO 0x70006000 (irq = 333, base_baud = 0) is a TEGRA_UART
[    1.216476] 70006040.serial: ttyTHS2 at MMIO 0x70006040 (irq = 334, base_baud = 0) is a TEGRA_UART
[    1.230480] tegra-hdmi 54280000.hdmi: failed to get HDMI regulator
[    1.249674] brd: module loaded
[    1.259831] loop: module loaded
[    1.264170] at24 0-0056: 256 byte 24c02 EEPROM, writable, 8 bytes/write
[    1.272514] as3722 4-0040: AS3722 with revision 0x1 found
[    1.284428] as3722-sd2: supplied by +5V_SYS
[    1.289074] as3722-sd3: supplied by +5V_SYS
[    1.293462] +1.35V_LP0(sd3): Bringing 0uV into 1350000-1350000uV
[    1.299881] as3722-sd4: supplied by +5V_SYS
[    1.304513] as3722-sd5: supplied by +5V_SYS
[    1.310550] as3722-ldo0: supplied by +1.35V_LP0(sd2)
[    1.316635] +1.8V_RUN_CAM: Bringing 0uV into 1800000-1800000uV
[    1.322841] as3722-ldo2: supplied by +1.8V_VDDIO
[    1.328740] as3722-ldo3: supplied by +3.3V_SYS
[    1.333226] +1.05V_LP0_VDD_RTC: Bringing 1100000uV into 1000000-1000000uV
[    1.341003] as3722-ldo4: supplied by +3.3V_SYS
[    1.345677] +2.8V_RUN_CAM: Bringing 0uV into 2800000-2800000uV
[    1.351863] as3722-ldo5: supplied by +1.8V_VDDIO
[    1.356712] +1.2V_RUN_CAM_FRONT: Bringing 0uV into 1200000-1200000uV
[    1.363620] +VDDIO_SDMMC3: bypassed regulator has no supply!
[    1.369294] +VDDIO_SDMMC3: failed to get the current voltage(-517)
[    1.375485] as3722-regulator as3722-regulator: regulator 13 register failed -517
[    1.388565] tegra-ahci 70027000.sata: couldn't get PHY in node sata: -517
[    1.408406] random: fast init done
[    1.412004] m25p80 spi32765.0: w25q32dw (4096 Kbytes)
[    1.419765] libphy: Fixed MDIO Bus: probed
[    1.424918] CAN device driver interface
[    1.429694] bgmac_bcma: Broadcom 47xx GBit MAC driver loaded
[    1.436808] e1000e: Intel(R) PRO/1000 Network Driver - 3.2.6-k
[    1.442632] e1000e: Copyright(c) 1999 - 2015 Intel Corporation.
[    1.448612] igb: Intel(R) Gigabit Ethernet Network Driver - version 5.4.0-k
[    1.455580] igb: Copyright (c) 2007-2014 Intel Corporation.
[    1.464743] pegasus: v0.9.3 (2013/04/25), Pegasus/Pegasus II USB Ethernet driver
[    1.472192] usbcore: registered new interface driver pegasus
[    1.477920] usbcore: registered new interface driver asix
[    1.483347] usbcore: registered new interface driver ax88179_178a
[    1.489484] usbcore: registered new interface driver cdc_ether
[    1.495376] usbcore: registered new interface driver smsc75xx
[    1.501163] usbcore: registered new interface driver smsc95xx
[    1.506949] usbcore: registered new interface driver net1080
[    1.512635] usbcore: registered new interface driver cdc_subset
[    1.518600] usbcore: registered new interface driver zaurus
[    1.524222] usbcore: registered new interface driver cdc_ncm
[    1.530112] tegra-phy 7d004000.usb-phy: no vbus regulator
[    1.537532] ehci_hcd: USB 2.0 'Enhanced' Host Controller (EHCI) Driver
[    1.544051] ehci-pci: EHCI PCI platform driver
[    1.548544] ehci-platform: EHCI generic platform driver
[    1.553968] ehci-orion: EHCI orion driver
[    1.558150] SPEAr-ehci: EHCI SPEAr driver
[    1.562298] ehci-st: EHCI STMicroelectronics driver
[    1.567323] ehci-exynos: EHCI EXYNOS driver
[    1.571659] ehci-atmel: EHCI Atmel driver
[    1.575817] tegra-ehci: Tegra EHCI driver
[    1.582653] tegra-ehci 7d004000.usb: EHCI Host Controller
[    1.588084] tegra-ehci 7d004000.usb: new USB bus registered, assigned bus number 1
[    1.595862] tegra-ehci 7d004000.usb: irq 354, io mem 0x7d004000
[    1.625086] tegra-ehci 7d004000.usb: USB 2.0 started, EHCI 1.10
[    1.631808] hub 1-0:1.0: USB hub found
[    1.635613] hub 1-0:1.0: 1 port detected
[    1.640106] ohci_hcd: USB 1.1 'Open' Host Controller (OHCI) Driver
[    1.646325] ohci-pci: OHCI PCI platform driver
[    1.650808] ohci-platform: OHCI generic platform driver
[    1.656215] ohci-omap3: OHCI OMAP3 driver
[    1.660351] SPEAr-ohci: OHCI SPEAr driver
[    1.664494] ohci-st: OHCI STMicroelectronics driver
[    1.669519] ohci-atmel: OHCI Atmel driver
[    1.674287] usbcore: registered new interface driver usb-storage
[    1.684735] as3722-rtc as3722-rtc: rtc core: registered as3722-rtc as rtc0
[    1.691635] as3722-rtc as3722-rtc: RTC interrupt 377
[    1.699868] tegra_rtc 7000e000.rtc: rtc core: registered 7000e000.rtc as rtc1
[    1.707050] tegra_rtc 7000e000.rtc: Tegra internal Real Time Clock
[    1.713742] i2c /dev entries driver
[    1.723956] lm90 0-004c: 0-004c supply vcc not found, using dummy regulator
[    1.741377] sdhci: Secure Digital Host Controller Interface driver
[    1.747577] sdhci: Copyright(c) Pierre Ossman
[    1.753521] Synopsys Designware Multimedia Card Interface Driver
[    1.760853] sdhci-pltfm: SDHCI platform and OF driver helper
[    1.767304] sdhci-tegra 700b0400.sdhci: Got CD GPIO
[    1.772193] sdhci-tegra 700b0400.sdhci: Got WP GPIO
[    1.793453] mmc0: Unknown controller version (3). You may experience problems.
[    1.800728] mmc0: Invalid maximum block size, assuming 512 bytes
[    1.865080] mmc0: SDHCI controller on 700b0600.sdhci [700b0600.sdhci] using ADMA
[    1.874373] ledtrig-cpu: registered to indicate activity on CPUs
[    1.880705] usbcore: registered new interface driver usbhid
[    1.886291] usbhid: USB HID core driver
[    1.894190] NET: Registered protocol family 10
[    1.899507] Segment Routing with IPv6
[    1.903220] sit: IPv6, IPv4 and MPLS over IPv4 tunneling driver
[    1.909707] NET: Registered protocol family 17
[    1.914152] can: controller area network core (rev 20170425 abi 9)
[    1.920396] NET: Registered protocol family 29
[    1.924835] can: raw protocol (rev 20170425)
[    1.929117] can: broadcast manager protocol (rev 20170425 t)
[    1.934773] can: netlink gateway (rev 20170425) max_hops=1
[    1.940567] Key type dns_resolver registered
[    1.945410] ThumbEE CPU extension supported.
[    1.949681] Registering SWP/SWPB emulation handler
[    1.968930] +3.3V_RUN: supplied by +3.3V_SYS
[    1.974482] +USB0_VBUS_SW: supplied by +5V_SYS
[    1.979223] +3.3V_AVDD_HDMI_AP_GATED: supplied by +3.3V_RUN
[    1.985176] +5V_USB_HS: supplied by +5V_SYS
[    1.991117] +3.3V_LP0: supplied by +3.3V_SYS
[    1.997597] +5V_HDMI_CON: supplied by +5V_SYS
[    2.002631] +5V_SATA: supplied by +5V_SYS
[    2.007338] +12V_SATA: supplied by +VDD_MUX
[    2.013369]  usb2-0: usb2-0 supply vbus not found, using dummy regulator
[    2.013374] mmc0: new high speed MMC card at address 0001
[    2.013991] mmcblk0: mmc0:0001 SEM16G 14.7 GiB 
[    2.014585] mmcblk0boot0: mmc0:0001 SEM16G partition 1 4.00 MiB
[    2.015551] mmcblk0boot1: mmc0:0001 SEM16G partition 2 4.00 MiB
[    2.016596] mmcblk0rpmb: mmc0:0001 SEM16G partition 3 4.00 MiB
[    2.021868]  mmcblk0: p1
[    2.050461]  usb2-1: usb2-1 supply vbus not found, using dummy regulator
[    2.057558]  usb3-0: usb3-0 supply vbus not found, using dummy regulator
[    2.065580] tegra-pcie 1003000.pcie-controller: 2x1, 1x1 configuration
[    2.072169] tegra-pcie 1003000.pcie-controller: Failed to get supply 'avddio-pex': -517
[    2.083297] tegra124-dfll 70110000.clock: couldn't get vdd_cpu regulator
[    2.094653] tegra-hdmi 54280000.hdmi: failed to get PLL regulator
[    2.106136] as3722-sd2: supplied by +5V_SYS
[    2.110607] as3722-sd3: supplied by +5V_SYS
[    2.115025] as3722-sd4: supplied by +5V_SYS
[    2.119530] as3722-sd5: supplied by +5V_SYS
[    2.125856] as3722-ldo0: supplied by +1.35V_LP0(sd2)
[    2.131578] as3722-ldo1: supplied by +3.3V_RUN
[    2.136401] as3722-ldo2: supplied by +1.8V_VDDIO
[    2.141913] as3722-ldo3: supplied by +3.3V_SYS
[    2.147245] as3722-ldo4: supplied by +3.3V_SYS
[    2.151930] as3722-ldo5: supplied by +1.8V_VDDIO
[    2.156933] as3722-ldo6: supplied by +3.3V_RUN
[    2.161627] as3722-ldo7: supplied by +1.8V_VDDIO
[    2.167028] +1.05V_RUN_CAM_REAR: Bringing 0uV into 1050000-1050000uV
[    2.174102] as3722-ldo9: supplied by +5V_SYS
[    2.179701] +3.3V_RUN_TOUCH: Bringing 0uV into 2800000-2800000uV
[    2.186298] as3722-ldo10: supplied by +5V_SYS
[    2.191211] +2.8V_RUN_CAM_AF: Bringing 0uV into 2800000-2800000uV
[    2.198071] as3722-ldo11: supplied by +3.3V_RUN
[    2.203369] +1.8V_RUN_VPP_FUSE: Bringing 0uV into 1800000-1800000uV
[    2.213323] tegra-ahci 70027000.sata: AHCI 0001.0301 32 slots 2 ports 3 Gbps 0x1 impl platform mode
[    2.222398] tegra-ahci 70027000.sata: flags: 64bit ncq sntf pm led pio slum part sadm sds apst 
[    2.232930] scsi host0: tegra-ahci
[    2.237485] scsi host1: tegra-ahci
[    2.241180] ata1: SATA max UDMA/133 mmio [mem 0x70027000-0x70028fff] port 0x100 irq 345
[    2.249220] ata2: DUMMY
[    2.254964] tegra-ehci 7d008000.usb: EHCI Host Controller
[    2.260421] tegra-ehci 7d008000.usb: new USB bus registered, assigned bus number 2
[    2.268160] tegra-ehci 7d008000.usb: irq 355, io mem 0x7d008000
[    2.295178] tegra-ehci 7d008000.usb: USB 2.0 started, EHCI 1.10
[    2.302223] hub 2-0:1.0: USB hub found
[    2.306078] hub 2-0:1.0: 1 port detected
[    2.312444] sdhci-tegra 700b0400.sdhci: Got CD GPIO
[    2.317397] sdhci-tegra 700b0400.sdhci: Got WP GPIO
[    2.329279] mmc1: Unknown controller version (3). You may experience problems.
[    2.336617] mmc1: Invalid maximum block size, assuming 512 bytes
[    2.405597] mmc1: SDHCI controller on 700b0400.sdhci [700b0400.sdhci] using ADMA
[    2.413693] tegra-pcie 1003000.pcie-controller: 2x1, 1x1 configuration
[    2.422349] tegra-pcie 1003000.pcie-controller: probing port 0, using 2 lanes
[    2.433034] tegra-pcie 1003000.pcie-controller: Slot present pin change, signature: 00000008
[    2.455915] tegra-pcie 1003000.pcie-controller: probing port 1, using 1 lanes
[    2.465240] tegra-pcie 1003000.pcie-controller: Slot present pin change, signature: 00000000
[    2.479493] tegra-pcie 1003000.pcie-controller: PCI host bridge to bus 0000:00
[    2.486765] pci_bus 0000:00: root bus resource [io  0x0000-0xffff]
[    2.492954] pci_bus 0000:00: root bus resource [mem 0x13000000-0x1fffffff]
[    2.499862] pci_bus 0000:00: root bus resource [mem 0x20000000-0x3fffffff pref]
[    2.507213] pci_bus 0000:00: root bus resource [bus 00-ff]
[    2.512748] pci 0000:00:01.0: [10de:0e12] type 01 class 0x060400
[    2.518847] pci_bus 0000:00: 2-byte config write to 0000:00:01.0 offset 0x88 may corrupt adjacent RW1C bits
[    2.528651] pci_bus 0000:00: 2-byte config write to 0000:00:01.0 offset 0x52 may corrupt adjacent RW1C bits
[    2.538473] pci 0000:00:01.0: PME# supported from D0 D1 D2 D3hot D3cold
[    2.545136] pci_bus 0000:00: 2-byte config write to 0000:00:01.0 offset 0x4c may corrupt adjacent RW1C bits
[    2.555185] pci 0000:00:02.0: [10de:0e13] type 01 class 0x060400
[    2.561241] pci_bus 0000:00: 2-byte config write to 0000:00:02.0 offset 0x88 may corrupt adjacent RW1C bits
[    2.571040] pci_bus 0000:00: 2-byte config write to 0000:00:02.0 offset 0x52 may corrupt adjacent RW1C bits
[    2.578840] ata1: SATA link down (SStatus 0 SControl 300)
[    2.586244] pci 0000:00:02.0: PME# supported from D0 D1 D2 D3hot D3cold
[    2.592856] pci_bus 0000:00: 2-byte config write to 0000:00:02.0 offset 0x4c may corrupt adjacent RW1C bits
[    2.602857] pci_bus 0000:00: 2-byte config write to 0000:00:01.0 offset 0x3e may corrupt adjacent RW1C bits
[    2.612638] pci_bus 0000:00: 2-byte config write to 0000:00:02.0 offset 0x3e may corrupt adjacent RW1C bits
[    2.622386] pci_bus 0000:00: 2-byte config write to 0000:00:01.0 offset 0x4 may corrupt adjacent RW1C bits
[    2.632047] pci_bus 0000:00: 1-byte config write to 0000:00:01.0 offset 0xc may corrupt adjacent RW1C bits
[    2.641737] PCI: bus0: Fast back to back transfers disabled
[    2.647324] pci 0000:00:01.0: bridge configuration invalid ([bus 00-00]), reconfiguring
[    2.655343] pci 0000:00:02.0: bridge configuration invalid ([bus 00-00]), reconfiguring
[    2.663559] pci 0000:01:00.0: [8086:4232] type 00 class 0x028000
[    2.669638] pci 0000:01:00.0: reg 0x10: [mem 0x00000000-0x00001fff 64bit]
[    2.676664] pci 0000:01:00.0: PME# supported from D0 D3hot D3cold
[    2.697837] mmc1: new high speed SDHC card at address aaaa
[    2.704116] mmcblk1: mmc1:aaaa SD04G 3.69 GiB 
[    2.708937] PCI: bus1: Fast back to back transfers disabled
[    2.714537] pci_bus 0000:01: busn_res: [bus 01-ff] end is updated to 01
[    2.721396] pci 0000:02:00.0: [10ec:8168] type 00 class 0x020000
[    2.727463] pci 0000:02:00.0: reg 0x10: [io  0x0000-0x00ff]
[    2.733075] pci 0000:02:00.0: reg 0x18: [mem 0x00000000-0x00000fff 64bit]
[    2.739924] pci 0000:02:00.0: reg 0x20: [mem 0x00000000-0x00003fff 64bit pref]
[    2.747328] pci 0000:02:00.0: supports D1 D2
[    2.751598] pci 0000:02:00.0: PME# supported from D0 D1 D2 D3hot D3cold
[    2.771758]  mmcblk1: p1 p2 p3
[    2.785216] PCI: bus2: Fast back to back transfers disabled
[    2.790796] pci_bus 0000:02: busn_res: [bus 02-ff] end is updated to 02
[    2.797634] pci 0000:00:01.0: BAR 8: assigned [mem 0x13000000-0x130fffff]
[    2.804425] pci 0000:00:02.0: BAR 8: assigned [mem 0x13100000-0x131fffff]
[    2.811262] pci 0000:00:02.0: BAR 9: assigned [mem 0x20000000-0x200fffff 64bit pref]
[    2.819042] pci 0000:00:02.0: BAR 7: assigned [io  0x1000-0x1fff]
[    2.825156] pci 0000:01:00.0: BAR 0: assigned [mem 0x13000000-0x13001fff 64bit]
[    2.832486] pci 0000:00:01.0: PCI bridge to [bus 01]
[    2.837493] pci 0000:00:01.0:   bridge window [mem 0x13000000-0x130fffff]
[    2.844293] pci 0000:02:00.0: BAR 4: assigned [mem 0x20000000-0x20003fff 64bit pref]
[    2.852068] pci 0000:02:00.0: BAR 2: assigned [mem 0x13100000-0x13100fff 64bit]
[    2.859432] pci 0000:02:00.0: BAR 0: assigned [io  0x1000-0x10ff]
[    2.865545] pci 0000:00:02.0: PCI bridge to [bus 02]
[    2.870506] pci 0000:00:02.0:   bridge window [io  0x1000-0x1fff]
[    2.876636] pci 0000:00:02.0:   bridge window [mem 0x13100000-0x131fffff]
[    2.883419] pci 0000:00:02.0:   bridge window [mem 0x20000000-0x200fffff 64bit pref]
[    2.891204] pci 0000:00:01.0: nv_msi_ht_cap_quirk didn't locate host bridge
[    2.898308] pcieport 0000:00:01.0: enabling device (0140 -> 0142)
[    2.904649] pcieport 0000:00:01.0: Signaling PME with IRQ 393
[    2.910512] pci 0000:00:02.0: nv_msi_ht_cap_quirk didn't locate host bridge
[    2.917609] pcieport 0000:00:02.0: enabling device (0140 -> 0143)
[    2.923937] pcieport 0000:00:02.0: Signaling PME with IRQ 394
[    2.929983] r8169 Gigabit Ethernet driver 2.3LK-NAPI loaded
[    2.935618] r8169 0000:02:00.0: enabling device (0140 -> 0143)
[    2.966775] r8169 0000:02:00.0 eth0: RTL8168g/8111g at 0xf0b72000, 00:04:4b:3a:d9:81, XID 0c000800 IRQ 395
[    2.976449] r8169 0000:02:00.0 eth0: jumbo features [frames: 9200 bytes, tx checksumming: ko]
[    2.989259] +1.05V_RUN_AVDD_HDMI_PLL: supplied by +1.05V_RUN
[    2.997189] of: dev_pm_opp_of_cpumask_add_table: couldn't find opp table for cpu:0, -19
[    3.005283] cpufreq: cpufreq_online: CPU0: Running at unlisted freq: 696000 KHz
[    3.012598] cpufreq: cpufreq_online: CPU0: Unlisted initial frequency changed to: 714000 KHz
[    3.021751] input: gpio-keys as /devices/soc0/gpio-keys/input/input0
[    3.029047] as3722-rtc as3722-rtc: setting system clock to 2000-01-01 00:00:14 UTC (946684814)
[    3.038049] +3.3V_AVDD_HDMI_AP_GATED: disabling
[    3.042572] +USB0_VBUS_SW: disabling
[    3.046172] +1.05V_RUN_AVDD_HDMI_PLL: disabling
[    3.050699] +5V_HDMI_CON: disabling
[    3.054187] +1.8V_RUN_CAM: disabling
[    3.058055] +2.8V_RUN_CAM: disabling
[    3.061866] +1.2V_RUN_CAM_FRONT: disabling
[    3.066228] +1.05V_RUN_CAM_REAR: disabling
[    3.070486] +3.3V_RUN_TOUCH: disabling
[    3.074393] +2.8V_RUN_CAM_AF: disabling
[    3.078486] +1.8V_RUN_VPP_FUSE: disabling
[    3.083637] EXT4-fs (mmcblk0p1): mounting ext3 file system using the ext4 subsystem
[    3.105644] EXT4-fs (mmcblk0p1): recovery complete
[    3.110433] EXT4-fs (mmcblk0p1): mounted filesystem with ordered data mode. Opts: (null)
[    3.118573] VFS: Mounted root (ext3 filesystem) on device 179:1.
[    3.128162] devtmpfs: mounted
[    3.132025] Freeing unused kernel memory: 2048K
bash: cannot set terminal process group (-1): Inappropriate ioctl for device
bash: no job control in this shell
root@(none):/# mount -t sysfs none /sys
root@(none):/# 
root@(none):/# mount -t debugfs none /sys/kernel/debug
root@(none):/# 
root@(none):/# rtcwake -d rtc1 -m mem -s 3
rtcwake: assuming RTC uses UTC ...
rtcwake: wakeup from "mem" using /dev/rtc1 at Thu Jan  1 00:00:20 1970
[    6.422032] PM: Syncing filesystems ... done.
[    6.432761] Freezing user space processes ... (elapsed 0.001 seconds) done.
[    6.441594] OOM killer disabled.
[    6.444841] Freezing remaining freezable tasks ... (elapsed 0.001 seconds) done.
[    6.454062] Suspending console(s) (use no_console_suspend to debug)
[    6.578720] PM: suspend of devices complete after 114.680 msecs
[    6.589701] PM: late suspend of devices complete after 10.940 msecs
[    6.620587] PM: noirq suspend of devices complete after 30.855 msecs
[    6.620603] Disabling non-boot CPUs ...
[    6.656900] IRQ357 no longer affine to CPU1
[    6.777038] IRQ358 no longer affine to CPU2
[    6.896894] IRQ359 no longer affine to CPU3
[    6.955219] Entering suspend state LP1
[    6.955219] Suspended for 3.022 seconds
[    6.955230] Enabling non-boot CPUs ...
[    6.976951] CPU1 is up
[    7.016858] CPU2 is up
[    7.057135] CPU3 is up
[    7.057807] pcieport 0000:00:02.0: nv_msi_ht_cap_quirk didn't locate host bridge
[    7.057809] pcieport 0000:00:01.0: nv_msi_ht_cap_quirk didn't locate host bridge
[    7.095148] PM: noirq resume of devices complete after 38.007 msecs
[    7.096687] PM: early resume of devices complete after 1.376 msecs
[    7.125271] PM: resume of devices complete after 28.574 msecs
[    7.212153] OOM killer enabled.
[    7.215285] Restarting tasks ... done.
root@(none):/# 
root@(none):/# [    7.427612] ata1: SATA link down (SStatus 0 SControl 300)
rtcwake -d rtc1 -m mem -s 3
rtcwake: assuming RTC uses UTC ...
rtcwake: wakeup from "mem" using /dev/rtc1 at Thu Jan  1 00:00:25 1970
[    8.417833] PM: Syncing filesystems ... done.
[    8.424303] Freezing user space processes ... (elapsed 0.001 seconds) done.
[    8.432882] OOM killer disabled.
[    8.436170] Freezing remaining freezable tasks ... (elapsed 0.001 seconds) done.
[    8.445152] Suspending console(s) (use no_console_suspend to debug)
[    8.454374] pci_generic_config_write32: 118 callbacks suppressed
[    8.454401] pci_bus 0000:00: 2-byte config write to 0000:00:02.0 offset 0x9c may corrupt adjacent RW1C bits
[    8.454486] pci_bus 0000:00: 2-byte config write to 0000:00:01.0 offset 0x9c may corrupt adjacent RW1C bits
[    8.568625] PM: suspend of devices complete after 114.766 msecs
[    8.578698] PM: late suspend of devices complete after 10.032 msecs
[    8.580096] pci_bus 0000:02: 2-byte config write to 0000:02:00.0 offset 0x44 may corrupt adjacent RW1C bits
[    8.580158] pci_bus 0000:02: 2-byte config write to 0000:02:00.0 offset 0x44 may corrupt adjacent RW1C bits
[    8.610464] PM: noirq suspend of devices complete after 31.735 msecs
[    8.610479] Disabling non-boot CPUs ...
[    8.656865] IRQ357 no longer affine to CPU1
[    8.776940] IRQ358 no longer affine to CPU2
[    8.896123] IRQ17 no longer affine to CPU3
[    8.896671] IRQ359 no longer affine to CPU3
[    8.934802] Entering suspend state LP1
[    8.934802] Suspended for 3.020 seconds
[    8.934814] Enabling non-boot CPUs ...
[    8.956970] CPU1 is up
[    8.996872] CPU2 is up
[    9.037151] CPU3 is up
[    9.037733] pci_bus 0000:00: 2-byte config write to 0000:00:01.0 offset 0x4c may corrupt adjacent RW1C bits
[    9.037743] pci_bus 0000:00: 2-byte config write to 0000:00:01.0 offset 0x88 may corrupt adjacent RW1C bits
[    9.037749] pci_bus 0000:00: 2-byte config write to 0000:00:01.0 offset 0x90 may corrupt adjacent RW1C bits
[    9.037754] pci_bus 0000:00: 2-byte config write to 0000:00:01.0 offset 0x98 may corrupt adjacent RW1C bits
[    9.037760] pci_bus 0000:00: 2-byte config write to 0000:00:01.0 offset 0x9c may corrupt adjacent RW1C bits
[    9.037765] pci_bus 0000:00: 2-byte config write to 0000:00:01.0 offset 0xa8 may corrupt adjacent RW1C bits
[    9.037820] pcieport 0000:00:01.0: nv_msi_ht_cap_quirk didn't locate host bridge
[    9.037884] pcieport 0000:00:02.0: nv_msi_ht_cap_quirk didn't locate host bridge
[    9.065105] PM: noirq resume of devices complete after 27.948 msecs
[    9.066169] PM: early resume of devices complete after 0.729 msecs
[    9.095273] PM: resume of devices complete after 29.095 msecs
[    9.289546] OOM killer enabled.
[    9.292683] Restarting tasks ... done.
root@(none):/# 
root@(none):/# [    9.397542] ata1: SATA link down (SStatus 0 SControl 300)
rtcwake -d rtc1 -m mem -s 3
rtcwake: assuming RTC uses UTC ...
rtcwake: wakeup from "mem" using /dev/rtc1 at Thu Jan  1 00:00:30 1970
[   10.374591] PM: Syncing filesystems ... done.
[   10.379790] Freezing user space processes ... (elapsed 0.001 seconds) done.
[   10.387951] OOM killer disabled.
[   10.391168] Freezing remaining freezable tasks ... (elapsed 0.001 seconds) done.
[   10.399665] Suspending console(s) (use no_console_suspend to debug)
[   10.517385] PM: suspend of devices complete after 110.949 msecs
[   10.523423] PM: late suspend of devices complete after 6.015 msecs
[   10.547734] PM: noirq suspend of devices complete after 24.295 msecs
[   10.547742] Disabling non-boot CPUs ...
[   10.595928] IRQ357 no longer affine to CPU1
[   10.696345] IRQ358 no longer affine to CPU2
[   10.815802] IRQ359 no longer affine to CPU3
[   10.849935] Entering suspend state LP1
[   10.849935] Suspended for 3.084 seconds
[   10.849946] Enabling non-boot CPUs ...
[   10.876945] CPU1 is up
[   10.916835] CPU2 is up
[   10.957139] CPU3 is up
[   10.957842] pcieport 0000:00:01.0: nv_msi_ht_cap_quirk didn't locate host bridge
[   10.957865] pcieport 0000:00:02.0: nv_msi_ht_cap_quirk didn't locate host bridge
[   10.985073] PM: noirq resume of devices complete after 27.927 msecs
[   10.987063] PM: early resume of devices complete after 1.666 msecs
[   11.015299] PM: resume of devices complete after 28.226 msecs
[   11.102172] OOM killer enabled.
[   11.105306] Restarting tasks ... done.
root@(none):/# 
root@(none):/# [   11.317614] ata1: SATA link down (SStatus 0 SControl 300)
rtcwake -d rtc1 -m mem -s 3
rtcwake: assuming RTC uses UTC ...
rtcwake: wakeup from "mem" using /dev/rtc1 at Thu Jan  1 00:00:35 1970
[   12.293199] PM: Syncing filesystems ... done.
[   12.298351] Freezing user space processes ... (elapsed 0.001 seconds) done.
[   12.306571] OOM killer disabled.
[   12.309790] Freezing remaining freezable tasks ... (elapsed 0.001 seconds) done.
[   12.318355] Suspending console(s) (use no_console_suspend to debug)
[   12.437452] PM: suspend of devices complete after 112.070 msecs
[   12.443610] PM: late suspend of devices complete after 6.136 msecs
[   12.467716] PM: noirq suspend of devices complete after 24.090 msecs
[   12.467724] Disabling non-boot CPUs ...
[   12.535650] IRQ17 no longer affine to CPU1
[   12.535908] IRQ357 no longer affine to CPU1
[   12.636304] IRQ358 no longer affine to CPU2
[   12.735956] IRQ359 no longer affine to CPU3
[   12.789864] Entering suspend state LP1
[   12.789864] Suspended for 3.059 seconds
[   12.789876] Enabling non-boot CPUs ...
[   12.816899] CPU1 is up
[   12.856801] CPU2 is up
[   12.897081] CPU3 is up
[   12.897719] pcieport 0000:00:01.0: nv_msi_ht_cap_quirk didn't locate host bridge
[   12.897894] pcieport 0000:00:02.0: nv_msi_ht_cap_quirk didn't locate host bridge
[   12.925039] PM: noirq resume of devices complete after 27.952 msecs
[   12.926724] PM: early resume of devices complete after 1.365 msecs
[   12.965224] PM: resume of devices complete after 38.490 msecs
[   13.056221] OOM killer enabled.
[   13.059349] Restarting tasks ... done.
root@(none):/# 
root@(none):/# [   13.267545] ata1: SATA link down (SStatus 0 SControl 300)
rtcwake -d rtc1 -m mem -s 3
rtcwake: assuming RTC uses UTC ...
rtcwake: wakeup from "mem" using /dev/rtc1 at Thu Jan  1 00:00:40 1970
[   14.240821] PM: Syncing filesystems ... done.
[   14.246336] Freezing user space processes ... (elapsed 0.001 seconds) done.
[   14.254543] OOM killer disabled.
[   14.257783] Freezing remaining freezable tasks ... (elapsed 0.001 seconds) done.
[   14.266463] Suspending console(s) (use no_console_suspend to debug)
[   14.273598] pci_generic_config_write32: 116 callbacks suppressed
[   14.273608] pci_bus 0000:00: 2-byte config write to 0000:00:02.0 offset 0x9c may corrupt adjacent RW1C bits
[   14.273631] pci_bus 0000:00: 2-byte config write to 0000:00:01.0 offset 0x9c may corrupt adjacent RW1C bits
[   14.386855] PM: suspend of devices complete after 113.422 msecs
[   14.390042] PM: late suspend of devices complete after 3.174 msecs
[   14.390576] pci_bus 0000:02: 2-byte config write to 0000:02:00.0 offset 0x44 may corrupt adjacent RW1C bits
[   14.390598] pci_bus 0000:02: 2-byte config write to 0000:02:00.0 offset 0x44 may corrupt adjacent RW1C bits
[   14.416334] PM: noirq suspend of devices complete after 26.282 msecs
[   14.416338] Disabling non-boot CPUs ...
[   14.465277] IRQ17 no longer affine to CPU1
[   14.465408] IRQ357 no longer affine to CPU1
[   14.555526] IRQ358 no longer affine to CPU2
[   14.655459] IRQ359 no longer affine to CPU3
[   14.707520] Entering suspend state LP1
[   14.707520] Suspended for 3.082 seconds
[   14.707531] Enabling non-boot CPUs ...
[   14.736862] CPU1 is up
[   14.776772] CPU2 is up
[   14.817058] CPU3 is up
[   14.817652] pci_bus 0000:00: 2-byte config write to 0000:00:01.0 offset 0x4c may corrupt adjacent RW1C bits
[   14.817660] pci_bus 0000:00: 2-byte config write to 0000:00:02.0 offset 0x4c may corrupt adjacent RW1C bits
[   14.817672] pci_bus 0000:00: 2-byte config write to 0000:00:01.0 offset 0x88 may corrupt adjacent RW1C bits
[   14.817679] pci_bus 0000:00: 2-byte config write to 0000:00:02.0 offset 0x88 may corrupt adjacent RW1C bits
[   14.817685] pci_bus 0000:00: 2-byte config write to 0000:00:01.0 offset 0x90 may corrupt adjacent RW1C bits
[   14.817690] pci_bus 0000:00: 2-byte config write to 0000:00:02.0 offset 0x90 may corrupt adjacent RW1C bits
[   14.817796] pcieport 0000:00:01.0: nv_msi_ht_cap_quirk didn't locate host bridge
[   14.817798] pcieport 0000:00:02.0: nv_msi_ht_cap_quirk didn't locate host bridge
[   14.845010] PM: noirq resume of devices complete after 27.945 msecs
[   14.846764] PM: early resume of devices complete after 1.426 msecs
[   14.885198] PM: resume of devices complete after 38.423 msecs
[   15.079345] OOM killer enabled.
[   15.082481] Restarting tasks ... done.
root@(none):/# 
root@(none):/# [   15.177493] ata1: SATA link down (SStatus 0 SControl 300)
rtcwake -d rtc1 -m mem -s 3
rtcwake: assuming RTC uses UTC ...
rtcwake: wakeup from "mem" using /dev/rtc1 at Thu Jan  1 00:00:45 1970
[   16.172265] PM: Syncing filesystems ... done.
[   16.179631] Freezing user space processes ... (elapsed 0.001 seconds) done.
[   16.188260] OOM killer disabled.
[   16.191495] Freezing remaining freezable tasks ... (elapsed 0.001 seconds) done.
[   16.200492] Suspending console(s) (use no_console_suspend to debug)
[   16.317923] PM: suspend of devices complete after 108.703 msecs
[   16.329747] PM: late suspend of devices complete after 11.783 msecs
[   16.360404] PM: noirq suspend of devices complete after 30.622 msecs
[   16.360421] Disabling non-boot CPUs ...
[   16.406588] IRQ357 no longer affine to CPU1
[   16.516659] IRQ358 no longer affine to CPU2
[   16.694502] Entering suspend state LP1
[   16.694502] Suspended for 3.012 seconds
[   16.694513] Enabling non-boot CPUs ...
[   16.716791] CPU1 is up
[   16.756714] CPU2 is up
[   16.796985] CPU3 is up
[   16.797620] pcieport 0000:00:02.0: nv_msi_ht_cap_quirk didn't locate host bridge
[   16.797689] pcieport 0000:00:01.0: nv_msi_ht_cap_quirk didn't locate host bridge
[   16.824971] PM: noirq resume of devices complete after 27.980 msecs
[   16.826393] PM: early resume of devices complete after 1.091 msecs
[   16.855191] PM: resume of devices complete after 28.787 msecs
[   16.937978] OOM killer enabled.
[   16.941106] Restarting tasks ... done.
root@(none):/# 
root@(none):/# [   17.157472] ata1: SATA link down (SStatus 0 SControl 300)
rtcwake -d rtc1 -m mem -s 3
rtcwake: assuming RTC uses UTC ...
rtcwake: wakeup from "mem" using /dev/rtc1 at Thu Jan  1 00:00:50 1970
[   18.144944] PM: Syncing filesystems ... done.
[   18.150493] Freezing user space processes ... (elapsed 0.001 seconds) done.
[   18.158719] OOM killer disabled.
[   18.161937] Freezing remaining freezable tasks ... (elapsed 0.001 seconds) done.
[   18.170616] Suspending console(s) (use no_console_suspend to debug)
[   18.286687] PM: suspend of devices complete after 109.097 msecs
[   18.289803] PM: late suspend of devices complete after 3.103 msecs
[   18.316258] PM: noirq suspend of devices complete after 26.445 msecs
[   18.316262] Disabling non-boot CPUs ...
[   18.355213] migrate_irqs: 1 callbacks suppressed
[   18.355218] IRQ17 no longer affine to CPU1
[   18.355348] IRQ357 no longer affine to CPU1
[   18.445454] IRQ358 no longer affine to CPU2
[   18.545390] IRQ359 no longer affine to CPU3
[   18.597439] Entering suspend state LP1
[   18.597439] Suspended for 3.096 seconds
[   18.597451] Enabling non-boot CPUs ...
[   18.626796] CPU1 is up
[   18.666720] CPU2 is up
[   18.706983] CPU3 is up
[   18.707630] pcieport 0000:00:01.0: nv_msi_ht_cap_quirk didn't locate host bridge
[   18.707793] pcieport 0000:00:02.0: nv_msi_ht_cap_quirk didn't locate host bridge
[   18.734943] PM: noirq resume of devices complete after 27.953 msecs
[   18.736732] PM: early resume of devices complete after 1.449 msecs
[   18.775128] PM: resume of devices complete after 38.386 msecs
[   18.870717] OOM killer enabled.
[   18.873845] Restarting tasks ... done.
root@(none):/# 
root@(none):/# [   19.067397] ata1: SATA link down (SStatus 0 SControl 300)
rtcwake -d rtc1 -m mem -s 3
rtcwake: assuming RTC uses UTC ...
rtcwake: wakeup from "mem" using /dev/rtc1 at Thu Jan  1 00:00:55 1970
[   20.044965] PM: Syncing filesystems ... done.
[   20.050613] Freezing user space processes ... (elapsed 0.001 seconds) done.
[   20.058856] OOM killer disabled.
[   20.062074] Freezing remaining freezable tasks ... (elapsed 0.001 seconds) done.
[   20.070776] Suspending console(s) (use no_console_suspend to debug)
[   20.078034] pci_generic_config_write32: 116 callbacks suppressed
[   20.078044] pci_bus 0000:00: 2-byte config write to 0000:00:02.0 offset 0x9c may corrupt adjacent RW1C bits
[   20.078067] pci_bus 0000:00: 2-byte config write to 0000:00:01.0 offset 0x9c may corrupt adjacent RW1C bits
[   20.186849] PM: suspend of devices complete after 109.012 msecs
[   20.190653] PM: late suspend of devices complete after 3.789 msecs
[   20.191227] pci_bus 0000:02: 2-byte config write to 0000:02:00.0 offset 0x44 may corrupt adjacent RW1C bits
[   20.191252] pci_bus 0000:02: 2-byte config write to 0000:02:00.0 offset 0x44 may corrupt adjacent RW1C bits
[   20.216425] PM: noirq suspend of devices complete after 25.761 msecs
[   20.216430] Disabling non-boot CPUs ...
[   20.255232] IRQ17 no longer affine to CPU1
[   20.255380] IRQ357 no longer affine to CPU1
[   20.345501] IRQ358 no longer affine to CPU2
[   20.445417] IRQ359 no longer affine to CPU3
[   20.497732] Entering suspend state LP1
[   20.497732] Suspended for 3.099 seconds
[   20.497743] Enabling non-boot CPUs ...
[   20.526767] CPU1 is up
[   20.566671] CPU2 is up
[   20.606970] CPU3 is up
[   20.607553] pci_bus 0000:00: 2-byte config write to 0000:00:02.0 offset 0x4c may corrupt adjacent RW1C bits
[   20.607562] pci_bus 0000:00: 2-byte config write to 0000:00:01.0 offset 0x4c may corrupt adjacent RW1C bits
[   20.607574] pci_bus 0000:00: 2-byte config write to 0000:00:02.0 offset 0x88 may corrupt adjacent RW1C bits
[   20.607580] pci_bus 0000:00: 2-byte config write to 0000:00:01.0 offset 0x88 may corrupt adjacent RW1C bits
[   20.607586] pci_bus 0000:00: 2-byte config write to 0000:00:02.0 offset 0x90 may corrupt adjacent RW1C bits
[   20.607592] pci_bus 0000:00: 2-byte config write to 0000:00:01.0 offset 0x90 may corrupt adjacent RW1C bits
[   20.607698] pcieport 0000:00:02.0: nv_msi_ht_cap_quirk didn't locate host bridge
[   20.607700] pcieport 0000:00:01.0: nv_msi_ht_cap_quirk didn't locate host bridge
[   20.634912] PM: noirq resume of devices complete after 27.936 msecs
[   20.636657] PM: early resume of devices complete after 1.414 msecs
[   20.665161] PM: resume of devices complete after 28.492 msecs
[   20.859301] OOM killer enabled.
[   20.862437] Restarting tasks ... done.
root@(none):/# 
root@(none):/# [   20.967365] ata1: SATA link down (SStatus 0 SControl 300)
rtcwake -d rtc1 -m mem -s 3
rtcwake: assuming RTC uses UTC ...
rtcwake: wakeup from "mem" using /dev/rtc1 at Thu Jan  1 00:01:00 1970
[   21.943349] PM: Syncing filesystems ... done.
[   21.948536] Freezing user space processes ... (elapsed 0.001 seconds) done.
[   21.956700] OOM killer disabled.
[   21.959916] Freezing remaining freezable tasks ... (elapsed 0.001 seconds) done.
[   21.968520] Suspending console(s) (use no_console_suspend to debug)
[   22.086574] PM: suspend of devices complete after 111.334 msecs
[   22.088194] PM: late suspend of devices complete after 1.610 msecs
[   22.115622] PM: noirq suspend of devices complete after 27.421 msecs
[   22.115624] Disabling non-boot CPUs ...
[   22.155003] IRQ17 no longer affine to CPU1
[   22.155079] IRQ357 no longer affine to CPU1
[   22.406494] Entering suspend state LP1
[   22.406494] Suspended for 3.091 seconds
[   22.406506] Enabling non-boot CPUs ...
[   22.436734] CPU1 is up
[   22.476657] CPU2 is up
[   22.516934] CPU3 is up
[   22.517579] pcieport 0000:00:02.0: nv_msi_ht_cap_quirk didn't locate host bridge
[   22.517649] pcieport 0000:00:01.0: nv_msi_ht_cap_quirk didn't locate host bridge
[   22.544884] PM: noirq resume of devices complete after 27.944 msecs
[   22.546649] PM: early resume of devices complete after 1.424 msecs
[   22.585069] PM: resume of devices complete after 38.410 msecs
[   22.667727] OOM killer enabled.
[   22.670855] Restarting tasks ... done.
root@(none):/# 
root@(none):/# [   22.877312] ata1: SATA link down (SStatus 0 SControl 300)
rtcwake -d rtc1 -m mem -s 3
rtcwake: assuming RTC uses UTC ...
rtcwake: wakeup from "mem" using /dev/rtc1 at Thu Jan  1 00:01:05 1970
[   23.872819] PM: Syncing filesystems ... done.
[   23.880364] Freezing user space processes ... (elapsed 0.001 seconds) done.
[   23.889006] OOM killer disabled.
[   23.892242] Freezing remaining freezable tasks ... (elapsed 0.001 seconds) done.
[   23.901415] Suspending console(s) (use no_console_suspend to debug)
[   24.018608] PM: suspend of devices complete after 108.453 msecs
[   24.030226] PM: late suspend of devices complete after 11.577 msecs
[   24.060214] PM: noirq suspend of devices complete after 29.956 msecs
[   24.060229] Disabling non-boot CPUs ...
[   24.096113] migrate_irqs: 2 callbacks suppressed
[   24.096131] IRQ17 no longer affine to CPU1
[   24.096637] IRQ357 no longer affine to CPU1
[   24.196535] IRQ358 no longer affine to CPU2
[   24.316347] IRQ359 no longer affine to CPU3
[   24.354319] Entering suspend state LP1
[   24.354319] Suspended for 3.051 seconds
[   24.354331] Enabling non-boot CPUs ...
[   24.376699] CPU1 is up
[   24.416622] CPU2 is up
[   24.456901] CPU3 is up
[   24.457587] pcieport 0000:00:01.0: nv_msi_ht_cap_quirk didn't locate host bridge
[   24.457592] pcieport 0000:00:02.0: nv_msi_ht_cap_quirk didn't locate host bridge
[   24.484846] PM: noirq resume of devices complete after 27.938 msecs
[   24.486892] PM: early resume of devices complete after 1.717 msecs
[   24.515085] PM: resume of devices complete after 28.183 msecs
[   24.610737] OOM killer enabled.
[   24.613866] Restarting tasks ... done.
root@(none):/# 
root@(none):/# [   24.817245] ata1: SATA link down (SStatus 0 SControl 300)
NVTB SYSTEM SUSPEND TEST COMPLETE
