[    0.000000] Booting Linux on physical CPU 0x0
[    0.000000] Linux version 4.12.0-rc3-next-20170530-293319-g056c138 (jonathanh@tamien) (gcc version 4.9.2 20140904 (prerelease) (crosstool-NG linaro-1.13.1-4.9-2014.09 - Linaro GCC 4.9-2014.09) ) #1 SMP PREEMPT Tue May 30 07:46:36 PDT 2017
[    0.000000] Boot CPU: AArch64 Processor [411fd070]
[    0.000000] Machine model: linux,dummy-virt
[    0.000000] Memory limited to 1024MB
[    0.000000] efi: Getting EFI parameters from FDT:
[    0.000000] efi: UEFI not found.
[    0.000000] cma: Reserved 16 MiB at 0x000000007f000000
[    0.000000] NUMA: No NUMA configuration found
[    0.000000] NUMA: Faking a node at [mem 0x0000000000000000-0x000000007fffffff]
[    0.000000] NUMA: Adding memblock [0x40000000 - 0x7fffffff] on node 0
[    0.000000] NUMA: Initmem setup node 0 [mem 0x40000000-0x7fffffff]
[    0.000000] NUMA: NODE_DATA [mem 0x7efeae80-0x7efec97f]
[    0.000000] Zone ranges:
[    0.000000]   DMA      [mem 0x0000000040000000-0x000000007fffffff]
[    0.000000]   Normal   empty
[    0.000000] Movable zone start for each node
[    0.000000] Early memory node ranges
[    0.000000]   node   0: [mem 0x0000000040000000-0x000000007fffffff]
[    0.000000] Initmem setup node 0 [mem 0x0000000040000000-0x000000007fffffff]
[    0.000000] psci: probing for conduit method from DT.
[    0.000000] psci: PSCIv0.2 detected in firmware.
[    0.000000] psci: Using standard PSCI v0.2 function IDs
[    0.000000] psci: Trusted OS migration not required
[    0.000000] percpu: Embedded 24 pages/cpu @ffff80003efcf000 s59776 r8192 d30336 u98304
[    0.000000] Detected PIPT I-cache on CPU0
[    0.000000] CPU features: enabling workaround for ARM erratum 832075
[    0.000000] CPU features: enabling workaround for ARM erratum 834220
[    0.000000] Built 1 zonelists in Node order, mobility grouping on.  Total pages: 258048
[    0.000000] Policy zone: DMA
[    0.000000] Kernel command line: root=/dev/vda2 rw rootwait mem=1024M console=ttyAMA0,38400n8 init=/bin/bash
[    0.000000] PID hash table entries: 4096 (order: 3, 32768 bytes)
[    0.000000] Memory: 999880K/1048576K available (8828K kernel code, 1076K rwdata, 4260K rodata, 1024K init, 397K bss, 32312K reserved, 16384K cma-reserved)
[    0.000000] Virtual kernel memory layout:
[    0.000000]     modules : 0xffff000000000000 - 0xffff000008000000   (   128 MB)
[    0.000000]     vmalloc : 0xffff000008000000 - 0xffff7dffbfff0000   (129022 GB)
[    0.000000]       .text : 0xffff000008080000 - 0xffff000008920000   (  8832 KB)
[    0.000000]     .rodata : 0xffff000008920000 - 0xffff000008d50000   (  4288 KB)
[    0.000000]       .init : 0xffff000008d50000 - 0xffff000008e50000   (  1024 KB)
[    0.000000]       .data : 0xffff000008e50000 - 0xffff000008f5d200   (  1077 KB)
[    0.000000]        .bss : 0xffff000008f5d200 - 0xffff000008fc06c0   (   398 KB)
[    0.000000]     fixed   : 0xffff7dfffe7fd000 - 0xffff7dfffec00000   (  4108 KB)
[    0.000000]     PCI I/O : 0xffff7dfffee00000 - 0xffff7dffffe00000   (    16 MB)
[    0.000000]     vmemmap : 0xffff7e0000000000 - 0xffff800000000000   (  2048 GB maximum)
[    0.000000]               0xffff7e0000000000 - 0xffff7e0001000000   (    16 MB actual)
[    0.000000]     memory  : 0xffff800000000000 - 0xffff800040000000   (  1024 MB)
[    0.000000] SLUB: HWalign=64, Order=0-3, MinObjects=0, CPUs=1, Nodes=1
[    0.000000] Preemptible hierarchical RCU implementation.
[    0.000000] 	RCU restricting CPUs from NR_CPUS=64 to nr_cpu_ids=1.
[    0.000000] 	Tasks RCU enabled.
[    0.000000] RCU: Adjusting geometry for rcu_fanout_leaf=16, nr_cpu_ids=1
[    0.000000] NR_IRQS: 64, nr_irqs: 64, preallocated irqs: 0
[    0.000000] GICv2m: range[mem 0x08020000-0x08020fff], SPI[80:143]
[    0.000000] arch_timer: WARNING: Invalid trigger for IRQ3, assuming level low
[    0.000000] arch_timer: WARNING: Please fix your firmware
[    0.000000] arch_timer: cp15 timer(s) running at 62.50MHz (virt).
[    0.000000] clocksource: arch_sys_counter: mask: 0xffffffffffffff max_cycles: 0x1cd42e208c, max_idle_ns: 881590405314 ns
[    0.000169] sched_clock: 56 bits at 62MHz, resolution 16ns, wraps every 4398046511096ns
[    0.006907] Console: colour dummy device 80x25
[    0.008218] Calibrating delay loop (skipped), value calculated using timer frequency.. 125.00 BogoMIPS (lpj=250000)
[    0.008390] pid_max: default: 32768 minimum: 301
[    0.009757] Security Framework initialized
[    0.012520] Dentry cache hash table entries: 131072 (order: 8, 1048576 bytes)
[    0.013723] Inode-cache hash table entries: 65536 (order: 7, 524288 bytes)
[    0.013949] Mount-cache hash table entries: 2048 (order: 2, 16384 bytes)
[    0.014035] Mountpoint-cache hash table entries: 2048 (order: 2, 16384 bytes)
[    0.059760] ASID allocator initialised with 65536 entries
[    0.067178] Hierarchical SRCU implementation.
[    0.080390] EFI services will not be available.
[    0.096940] smp: Bringing up secondary CPUs ...
[    0.097054] smp: Brought up 1 node, 1 CPU
[    0.097097] SMP: Total of 1 processors activated.
[    0.097212] CPU features: detected feature: 32-bit EL0 Support
[    0.098361] CPU: All CPU(s) started at EL1
[    0.099538] alternatives: patching kernel code
[    0.115665] devtmpfs: initialized
[    0.130463] DMI not present or invalid.
[    0.132296] clocksource: jiffies: mask: 0xffffffff max_cycles: 0xffffffff, max_idle_ns: 7645041785100000 ns
[    0.132498] futex hash table entries: 256 (order: 3, 32768 bytes)
[    0.136747] pinctrl core: initialized pinctrl subsystem
[    0.176060] NET: Registered protocol family 16
[    0.201238] cpuidle: using governor menu
[    0.202458] vdso: 2 pages (1 code @ ffff000008927000, 1 data @ ffff000008e55000)
[    0.202714] hw-breakpoint: found 6 breakpoint and 4 watchpoint registers.
[    0.225191] DMA: preallocated 256 KiB pool for atomic allocations
[    0.229560] Serial: AMBA PL011 UART driver
[    0.297584] 9000000.pl011: ttyAMA0 at MMIO 0x9000000 (irq = 39, base_baud = 0) is a PL011 rev1
[    0.325554] console [ttyAMA0] enabled
[    0.332002] irq: type mismatch, failed to map hwirq-27 for /intc!
[    0.515410] HugeTLB registered 2 MB page size, pre-allocated 0 pages
[    0.534800] ACPI: Interpreter disabled.
[    0.544303] vgaarb: loaded
[    0.548609] SCSI subsystem initialized
[    0.557457] usbcore: registered new interface driver usbfs
[    0.559024] usbcore: registered new interface driver hub
[    0.559811] usbcore: registered new device driver usb
[    0.569003] pps_core: LinuxPPS API ver. 1 registered
[    0.569444] pps_core: Software ver. 5.3.6 - Copyright 2005-2007 Rodolfo Giometti <giometti@linux.it>
[    0.570924] PTP clock support registered
[    0.574431] dmi: Firmware registration failed.
[    0.578209] Advanced Linux Sound Architecture Driver Initialized.
[    0.593423] clocksource: Switched to clocksource arch_sys_counter
[    0.594978] VFS: Disk quotas dquot_6.6.0
[    0.597092] VFS: Dquot-cache hash table entries: 512 (order 0, 4096 bytes)
[    0.600990] pnp: PnP ACPI: disabled
[    0.686465] NET: Registered protocol family 2
[    0.694036] TCP established hash table entries: 8192 (order: 4, 65536 bytes)
[    0.695101] TCP bind hash table entries: 8192 (order: 5, 131072 bytes)
[    0.696284] TCP: Hash tables configured (established 8192 bind 8192)
[    0.698548] UDP hash table entries: 512 (order: 2, 16384 bytes)
[    0.699419] UDP-Lite hash table entries: 512 (order: 2, 16384 bytes)
[    0.701908] NET: Registered protocol family 1
[    0.715701] RPC: Registered named UNIX socket transport module.
[    0.716230] RPC: Registered udp transport module.
[    0.716658] RPC: Registered tcp transport module.
[    0.717073] RPC: Registered tcp NFSv4.1 backchannel transport module.
[    0.723723] kvm [1]: HYP mode not available
[    0.742896] audit: initializing netlink subsys (disabled)
[    0.747292] audit: type=2000 audit(0.701:1): state=initialized audit_enabled=0 res=1
[    0.751482] workingset: timestamp_bits=44 max_order=18 bucket_order=0
[    0.833103] squashfs: version 4.0 (2009/01/31) Phillip Lougher
[    0.844155] NFS: Registering the id_resolver key type
[    0.846261] Key type id_resolver registered
[    0.846653] Key type id_legacy registered
[    0.847174] nfs4filelayout_init: NFSv4 File Layout Driver Registering...
[    0.849662] 9p: Installing v9fs 9p2000 file system support
[    0.868173] Block layer SCSI generic (bsg) driver version 0.4 loaded (major 247)
[    0.868912] io scheduler noop registered
[    0.871404] io scheduler cfq registered (default)
[    0.871829] io scheduler mq-deadline registered
[    0.872215] io scheduler kyber registered
[    0.920353] pl061_gpio 9030000.pl061: PL061 GPIO chip @0x0000000009030000 registered
[    0.934586] OF: PCI: host bridge /pcie@10000000 ranges:
[    0.935445] OF: PCI:    IO 0x3eff0000..0x3effffff -> 0x00000000
[    0.936035] OF: PCI:   MEM 0x10000000..0x3efeffff -> 0x10000000
[    0.936371] OF: PCI:   MEM 0x8000000000..0xffffffffff -> 0x8000000000
[    0.937332] pci-host-generic 3f000000.pcie: ECAM at [mem 0x3f000000-0x3fffffff] for [bus 00-0f]
[    0.940312] pci-host-generic 3f000000.pcie: PCI host bridge to bus 0000:00
[    0.940845] pci_bus 0000:00: root bus resource [bus 00-0f]
[    0.941209] pci_bus 0000:00: root bus resource [io  0x0000-0xffff]
[    0.941886] pci_bus 0000:00: root bus resource [mem 0x10000000-0x3efeffff]
[    0.942263] pci_bus 0000:00: root bus resource [mem 0x8000000000-0xffffffffff]
[    1.019654] xenfs: not registering filesystem on non-xen platform
[    1.064832] Serial: 8250/16550 driver, 4 ports, IRQ sharing enabled
[    1.082619] SuperH (H)SCI(F) driver initialized
[    1.086137] msm_serial: driver initialized
[    1.094308] cacheinfo: Unable to detect cache hierarchy for CPU 0
[    1.183392] loop: module loaded
[    1.262833]  vda: vda1 vda2
[    1.280953] hisi_sas: driver version v1.6
[    1.314349] libphy: Fixed MDIO Bus: probed
[    1.320105] tun: Universal TUN/TAP device driver, 1.6
[    1.341925] e1000e: Intel(R) PRO/1000 Network Driver - 3.2.6-k
[    1.342380] e1000e: Copyright(c) 1999 - 2015 Intel Corporation.
[    1.344041] igb: Intel(R) Gigabit Ethernet Network Driver - version 5.4.0-k
[    1.344598] igb: Copyright (c) 2007-2014 Intel Corporation.
[    1.345980] igbvf: Intel(R) Gigabit Virtual Function Network Driver - version 2.4.0-k
[    1.346570] igbvf: Copyright (c) 2009 - 2012 Intel Corporation.
[    1.351076] sky2: driver version 1.30
[    1.356722] VFIO - User Level meta-driver version: 0.3
[    1.379104] ehci_hcd: USB 2.0 'Enhanced' Host Controller (EHCI) Driver
[    1.379472] ehci-pci: EHCI PCI platform driver
[    1.380886] ehci-platform: EHCI generic platform driver
[    1.382767] ehci-orion: EHCI orion driver
[    1.383764] ehci-exynos: EHCI EXYNOS driver
[    1.384743] ehci-msm: Qualcomm On-Chip EHCI Host Controller
[    1.386775] ohci_hcd: USB 1.1 'Open' Host Controller (OHCI) Driver
[    1.387206] ohci-pci: OHCI PCI platform driver
[    1.388209] ohci-platform: OHCI generic platform driver
[    1.390054] ohci-exynos: OHCI EXYNOS driver
[    1.395356] usbcore: registered new interface driver usb-storage
[    1.417922] rtc-pl031 9010000.pl031: rtc core: registered pl031 as rtc0
[    1.424651] i2c /dev entries driver
[    1.456316] sdhci: Secure Digital Host Controller Interface driver
[    1.456624] sdhci: Copyright(c) Pierre Ossman
[    1.460686] Synopsys Designware Multimedia Card Interface Driver
[    1.469761] sdhci-pltfm: SDHCI platform and OF driver helper
[    1.481002] ledtrig-cpu: registered to indicate activity on CPUs
[    1.496151] usbcore: registered new interface driver usbhid
[    1.496473] usbhid: USB HID core driver
[    1.515593] NET: Registered protocol family 17
[    1.517039] 9pnet: Installing 9P2000 support
[    1.518791] Key type dns_resolver registered
[    1.523531] registered taskstats version 1
[    1.533185] input: gpio-keys as /devices/platform/gpio-keys/input/input0
[    1.537648] rtc-pl031 9010000.pl031: setting system clock to 2017-05-30 14:47:27 UTC (1496155647)
[    1.539036] ALSA device list:
[    1.539255]   No soundcards found.
[    1.543302] uart-pl011 9000000.pl011: no DMA platform data
[    1.549991] EXT4-fs (vda2): couldn't mount as ext3 due to feature incompatibilities
[    1.838264] EXT4-fs (vda2): recovery complete
[    1.839156] EXT4-fs (vda2): mounted filesystem with ordered data mode. Opts: (null)
[    1.840253] VFS: Mounted root (ext4 filesystem) on device 254:2.
[    1.844544] devtmpfs: mounted
[    1.890844] Freeing unused kernel memory: 1024K
bash: cannot set terminal process group (-1): Inappropriate ioctl for device
bash: no job control in this shell
bash-4.3# 