
U-Boot SPL 2015.04-rc3-00209-ga74ef40 (Mar 16 2015 - 14:43:39)


U-Boot 2015.04-rc3-00209-ga74ef40 (Mar 16 2015 - 14:43:39)

TEGRA20
Model: Compulab TrimSlice board
DRAM:  1 GiB
MMC:   Tegra SD/MMC: 0, Tegra SD/MMC: 1
SF: Detected W25Q80BL with page size 256 Bytes, erase size 4 KiB, total 1 MiB
tegra-pcie: PCI regions:
tegra-pcie:   I/O: 0x82000000-0x82010000
tegra-pcie:   non-prefetchable memory: 0xa0000000-0xa8000000
tegra-pcie:   prefetchable memory: 0xa8000000-0xc0000000
tegra-pcie: dual-mode configuration
tegra-pcie: probing port 0, using 2 lanes
In:    serial
Out:   serial
Err:   serial
Net:   RTL8169#0
Hit any key to stop autoboot:  2  0 
Tegra20 (TrimSlice) # 
Tegra20 (TrimSlice) # usb reset
resetting USB...
USB0:   USB EHCI 1.00
scanning bus 0 for devices... 3 USB Device(s) found
USB1:   USB EHCI 1.00
scanning bus 1 for devices... 1 USB Device(s) found
USB2:   lowlevel init failed
       scanning usb for storage devices... 0 Storage Device(s) found
       scanning usb for ethernet devices... 
Warning: asx0 using MAC address from net device
1 Ethernet Device(s) found
Tegra20 (TrimSlice) # setenv bootargs 'ignore_loglevel console=ttyS0,115200n8 rw root=/dev/mmcblk0p1 rootwait gpt debug noinitrd earlyprintk init=/bin/bash'
Tegra20 (TrimSlice) # setenv ipaddr 192.168.100.103; setenv serverip 192.168.100.1; setenv tftpserverip 192.168.100.1
Tegra20 (TrimSlice) # tftpboot 0x00408000 zImage.multi_v7_defconfig
Using RTL8169#0 device
TFTP from server 192.168.100.1; our IP address is 192.168.100.103
Filename 'zImage.multi_v7_defconfig'.
Load address: 0x408000
Loading: *#################################################################
	 #################################################################
	 #################################################################
	 #################################################################
	 #################################################################
	 #################################################################
	 ###############################################
	 4.1 MiB/s
done
Bytes transferred = 6401640 (61ae68 hex)
Tegra20 (TrimSlice) # tftpboot 0x02408000 tegra20-trimslice.dtb
Using RTL8169#0 device
TFTP from server 192.168.100.1; our IP address is 192.168.100.103
Filename 'tegra20-trimslice.dtb'.
Load address: 0x2408000
Loading: *##
	 3.4 MiB/s
done
Bytes transferred = 21202 (52d2 hex)
Tegra20 (TrimSlice) # bootz 0x00408000 - 0x02408000
Kernel image @ 0x408000 [ 0x000000 - 0x61ae68 ]
## Flattened Device Tree blob at 02408000
   Booting using the fdt blob at 0x2408000
   Using Device Tree in place at 02408000, end 024102d1

Starting kernel ...

[    0.000000] Booting Linux on physical CPU 0x0
[    0.000000] Linux version 4.2.0-38352-g4e4adb2 (pwalmsley@sellafield) (gcc version 4.7.3 20130328 (prerelease) (crosstool-NG linaro-1.13.1-4.7-2013.04-20130415 - Linaro GCC 2013.04) ) #1 SMP Tue Sep 8 01:59:01 PDT 2015
[    0.000000] CPU: ARMv7 Processor [411fc090] revision 0 (ARMv7), cr=10c5387d
[    0.000000] CPU: PIPT / VIPT nonaliasing data cache, VIPT aliasing instruction cache
[    0.000000] Machine model: Compulab TrimSlice board
[    0.000000] debug: ignoring loglevel setting.
[    0.000000] cma: Reserved 64 MiB at 0x3c000000
[    0.000000] Memory policy: Data cache writealloc
[    0.000000] On node 0 totalpages: 262144
[    0.000000] free_area_init_node: node 0, pgdat c0f6b200, node_mem_map eeff8000
[    0.000000]   DMA zone: 1520 pages used for memmap
[    0.000000]   DMA zone: 0 pages reserved
[    0.000000]   DMA zone: 194560 pages, LIFO batch:31
[    0.000000]   HighMem zone: 67584 pages, LIFO batch:15
[    0.000000] PERCPU: Embedded 11 pages/cpu @eefcc000 s14976 r8192 d21888 u45056
[    0.000000] pcpu-alloc: s14976 r8192 d21888 u45056 alloc=11*4096
[    0.000000] pcpu-alloc: [0] 0 [0] 1 
[    0.000000] Built 1 zonelists in Zone order, mobility grouping on.  Total pages: 260624
[    0.000000] Kernel command line: ignore_loglevel console=ttyS0,115200n8 rw root=/dev/mmcblk0p1 rootwait gpt debug noinitrd earlyprintk init=/bin/bash
[    0.000000] PID hash table entries: 4096 (order: 2, 16384 bytes)
[    0.000000] Dentry cache hash table entries: 131072 (order: 7, 524288 bytes)
[    0.000000] Inode-cache hash table entries: 65536 (order: 6, 262144 bytes)
[    0.000000] Memory: 959756K/1048576K available (8062K kernel code, 1012K rwdata, 3616K rodata, 1020K init, 340K bss, 23284K reserved, 65536K cma-reserved, 204800K highmem)
[    0.000000] Virtual kernel memory layout:
[    0.000000]     vector  : 0xffff0000 - 0xffff1000   (   4 kB)
[    0.000000]     fixmap  : 0xffc00000 - 0xfff00000   (3072 kB)
[    0.000000]     vmalloc : 0xf0000000 - 0xff000000   ( 240 MB)
[    0.000000]     lowmem  : 0xc0000000 - 0xef800000   ( 760 MB)
[    0.000000]     pkmap   : 0xbfe00000 - 0xc0000000   (   2 MB)
[    0.000000]     modules : 0xbf000000 - 0xbfe00000   (  14 MB)
[    0.000000]       .text : 0xc0208000 - 0xc0d70bb4   (11683 kB)
[    0.000000]       .init : 0xc0d71000 - 0xc0e70000   (1020 kB)
[    0.000000]       .data : 0xc0e70000 - 0xc0f6d1c0   (1013 kB)
[    0.000000]        .bss : 0xc0f70000 - 0xc0fc52e8   ( 341 kB)
[    0.000000] SLUB: HWalign=64, Order=0-3, MinObjects=0, CPUs=2, Nodes=1
[    0.000000] Hierarchical RCU implementation.
[    0.000000] 	Build-time adjustment of leaf fanout to 32.
[    0.000000] 	RCU restricting CPUs from NR_CPUS=16 to nr_cpu_ids=2.
[    0.000000] RCU: Adjusting geometry for rcu_fanout_leaf=32, nr_cpu_ids=2
[    0.000000] NR_IRQS:16 nr_irqs:16 16
[    0.000000] /interrupt-controller@60004000: 128 interrupts forwarded to /interrupt-controller@50041000
[    0.000000] L2C: platform modifies aux control register: 0x02080000 -> 0x3e480001
[    0.000000] L2C: DT/platform modifies aux control register: 0x02080000 -> 0x3e480001
[    0.000000] L2C-310 errata 727915 769419 enabled
[    0.000000] L2C-310 enabling early BRESP for Cortex-A9
[    0.000000] L2C-310: enabling full line of zeros but not enabled in Cortex-A9
[    0.000000] L2C-310 ID prefetch enabled, offset 1 lines
[    0.000000] L2C-310 cache controller enabled, 8 ways, 1024 kB
[    0.000000] L2C-310: CACHE_ID 0x410000c4, AUX_CTRL 0x7e480001
[    0.000010] sched_clock: 32 bits at 1000kHz, resolution 1000ns, wraps every 2147483647500ns
[    0.000026] clocksource: timer_us: mask: 0xffffffff max_cycles: 0xffffffff, max_idle_ns: 1911260446275 ns
[    0.000036] Switching to timer-based delay loop, resolution 1000ns
[    0.001467] Console: colour dummy device 80x30
[    0.001488] Calibrating delay loop (skipped), value calculated using timer frequency.. 2.00 BogoMIPS (lpj=5000)
[    0.001498] pid_max: default: 32768 minimum: 301
[    0.001582] Mount-cache hash table entries: 2048 (order: 1, 8192 bytes)
[    0.001592] Mountpoint-cache hash table entries: 2048 (order: 1, 8192 bytes)
[    0.002051] CPU: Testing write buffer coherency: ok
[    0.002226] CPU0: thread -1, cpu 0, socket 0, mpidr 80000000
[    0.002268] Setting up static identity map for 0x209000 - 0x209098
[    0.003695] Tegra Revision: A03 prime SKU: 8 CPU Process: 1 SoC Process: 2
[    0.004634] CPU1: thread -1, cpu 1, socket 0, mpidr 80000001
[    0.004689] Brought up 2 CPUs
[    0.004701] SMP: Total of 2 processors activated (4.00 BogoMIPS).
[    0.004706] CPU: All CPU(s) started in SVC mode.
[    0.005366] devtmpfs: initialized
[    0.009615] VFP support v0.3: implementor 41 architecture 3 part 30 variant 9 rev 1
[    0.010032] clocksource: jiffies: mask: 0xffffffff max_cycles: 0xffffffff, max_idle_ns: 9556302231375000 ns
[    0.013276] pinctrl core: initialized pinctrl subsystem
[    0.014437] NET: Registered protocol family 16
[    0.016665] DMA: preallocated 256 KiB pool for atomic coherent allocations
[    0.029936] cpuidle: using governor ladder
[    0.044934] cpuidle: using governor menu
[    0.049000] gpiochip_add: GPIOs 0..223 (tegra-gpio) failed to register
[    0.054557] No ATAGs?
[    0.054582] hw-breakpoint: found 5 (+1 reserved) breakpoint and 1 watchpoint registers.
[    0.054589] hw-breakpoint: maximum watchpoint size is 4 bytes.
[    0.057436] Serial: AMBA PL011 UART driver
[    0.086798] vgaarb: loaded
[    0.087393] SCSI subsystem initialized
[    0.087524] libata version 3.00 loaded.
[    0.087750] usbcore: registered new interface driver usbfs
[    0.087796] usbcore: registered new interface driver hub
[    0.087837] usbcore: registered new device driver usb
[    0.089850] pps_core: LinuxPPS API ver. 1 registered
[    0.089857] pps_core: Software ver. 5.3.6 - Copyright 2005-2007 Rodolfo Giometti <giometti@linux.it>
[    0.089879] PTP clock support registered
[    0.090073] EDAC MC: Ver: 3.0.0
[    0.092000] clocksource: Switched to clocksource timer_us
[    0.100209] NET: Registered protocol family 2
[    0.100632] TCP established hash table entries: 8192 (order: 3, 32768 bytes)
[    0.100707] TCP bind hash table entries: 8192 (order: 4, 65536 bytes)
[    0.100812] TCP: Hash tables configured (established 8192 bind 8192)
[    0.100891] UDP hash table entries: 512 (order: 2, 16384 bytes)
[    0.100937] UDP-Lite hash table entries: 512 (order: 2, 16384 bytes)
[    0.101100] NET: Registered protocol family 1
[    0.101336] RPC: Registered named UNIX socket transport module.
[    0.101344] RPC: Registered udp transport module.
[    0.101349] RPC: Registered tcp transport module.
[    0.101354] RPC: Registered tcp NFSv4.1 backchannel transport module.
[    0.101375] PCI: CLS 0 bytes, default 64
[    0.102192] hw perfevents: enabled with armv7_cortex_a9 PMU driver, 7 counters available
[    0.103235] futex hash table entries: 512 (order: 3, 32768 bytes)
[    0.111668] squashfs: version 4.0 (2009/01/31) Phillip Lougher
[    0.112381] NFS: Registering the id_resolver key type
[    0.112411] Key type id_resolver registered
[    0.112418] Key type id_legacy registered
[    0.112472] ntfs: driver 2.1.32 [Flags: R/O].
[    0.113556] bounce: pool size: 64 pages
[    0.113734] Block layer SCSI generic (bsg) driver version 0.4 loaded (major 249)
[    0.113750] io scheduler noop registered
[    0.113761] io scheduler deadline registered
[    0.113792] io scheduler cfq registered (default)
[    0.122978] tegra-pcie 80003000.pcie-controller: dual-mode configuration
[    0.123540] tegra-pcie 80003000.pcie-controller: probing port 0, using 2 lanes
[    0.207450] tegra-pcie 80003000.pcie-controller: PCI host bridge to bus 0000:00
[    0.207463] pci_bus 0000:00: root bus resource [mem 0xa0000000-0xa7ffffff]
[    0.207472] pci_bus 0000:00: root bus resource [mem 0xa8000000-0xbfffffff pref]
[    0.207481] pci_bus 0000:00: root bus resource [bus 00-ff]
[    0.207489] pci_bus 0000:00: root bus resource [io  0x1000-0xffff]
[    0.207516] pci 0000:00:01.0: [10de:0bf0] type 01 class 0x060000
[    0.207550] pci 0000:00:01.0: IOMMU is currently not supported for PCI
[    0.207581] pci 0000:00:01.0: PME# supported from D0 D1 D2 D3hot D3cold
[    0.207770] PCI: bus0: Fast back to back transfers disabled
[    0.207780] pci 0000:00:01.0: bridge configuration invalid ([bus 00-00]), reconfiguring
[    0.207878] pci 0000:00:01.0: PCI bridge to [bus 01-ff]
[    0.207890] pci 0000:00:01.0:   bridge window [io  0x0000-0x0fff]
[    0.207933] pci 0000:01:00.0: [10ec:8168] type 00 class 0x020000
[    0.207969] pci 0000:01:00.0: reg 0x10: [io  0x0000-0x00ff]
[    0.207991] pci 0000:01:00.0: reg 0x18: [mem 0x00000000-0x00000fff 64bit pref]
[    0.208008] pci 0000:01:00.0: reg 0x20: [mem 0x00000000-0x00003fff 64bit pref]
[    0.208021] pci 0000:01:00.0: reg 0x30: [mem 0x00000000-0x0001ffff pref]
[    0.208038] pci 0000:01:00.0: IOMMU is currently not supported for PCI
[    0.208082] pci 0000:01:00.0: supports D1 D2
[    0.208090] pci 0000:01:00.0: PME# supported from D0 D1 D2 D3hot D3cold
[    0.217032] PCI: bus1: Fast back to back transfers disabled
[    0.217045] pci_bus 0000:01: busn_res: [bus 01-ff] end is updated to 01
[    0.217057] Disabling cpuidle LP2 state, since PCIe IRQs are in use
[    0.217110] pci 0000:00:01.0: BAR 8: assigned [mem 0xa0000000-0xa00fffff]
[    0.217121] pci 0000:00:01.0: BAR 9: assigned [mem 0xa8000000-0xa80fffff 64bit pref]
[    0.217131] pci 0000:00:01.0: BAR 7: assigned [io  0x1000-0x1fff]
[    0.217142] pci 0000:01:00.0: BAR 6: assigned [mem 0xa0000000-0xa001ffff pref]
[    0.217152] pci 0000:01:00.0: BAR 4: assigned [mem 0xa8000000-0xa8003fff 64bit pref]
[    0.217169] pci 0000:01:00.0: BAR 2: assigned [mem 0xa8004000-0xa8004fff 64bit pref]
[    0.217185] pci 0000:01:00.0: BAR 0: assigned [io  0x1000-0x10ff]
[    0.217195] pci 0000:00:01.0: PCI bridge to [bus 01]
[    0.217203] pci 0000:00:01.0:   bridge window [io  0x1000-0x1fff]
[    0.217212] pci 0000:00:01.0:   bridge window [mem 0xa0000000-0xa00fffff]
[    0.217220] pci 0000:00:01.0:   bridge window [mem 0xa8000000-0xa80fffff 64bit pref]
[    0.217241] pci 0000:00:01.0: nv_msi_ht_cap_quirk didn't locate host bridge
[    0.217306] pcieport 0000:00:01.0: enabling device (0140 -> 0143)
[    0.217451] pcieport 0000:00:01.0: Signaling PME through PCIe PME interrupt
[    0.217460] pci 0000:01:00.0: Signaling PME through PCIe PME interrupt
[    0.217469] pcie_pme 0000:00:01.0:pcie01: service driver pcie_pme loaded
[    0.221230] tegra-apbdma 6000a000.dma: Tegra20 APB DMA driver register 16 channels
[    0.267319] Serial: 8250/16550 driver, 4 ports, IRQ sharing disabled
[    0.269207] SuperH (H)SCI(F) driver initialized
[    0.269918] msm_serial: driver initialized
[    0.270577] console [ttyS0] disabled
[    0.270610] 70006000.serial: ttyS0 at MMIO 0x70006000 (irq = 55, base_baud = 13500000) is a Tegra
[    1.236570] console [ttyS0] enabled
[    1.240647] STMicroelectronics ASC driver initialized
[    1.247374] [drm] Initialized drm 1.1.0 20060810
[    1.253696] 54280000.hdmi supply hdmi not found, using dummy regulator
[    1.262786] [drm] Supports vblank timestamp caching Rev 2 (21.10.2013).
[    1.269394] [drm] No driver support for vblank timestamp query.
[    1.275329] drm drm: No connectors reported connected with modes
[    1.281334] [drm] Cannot find any crtc or sizes - going 1024x768
[    1.303179] Console: switching to colour frame buffer device 128x48
[    1.317841] drm drm: fb0:  frame buffer device
[    1.337008] [drm] Initialized tegra 0.0.0 20120330 on minor 0
[    1.348018] loop: module loaded
[    1.355891] m25p80 spi32766.0: found s25fl008k, expected w25q80bl
[    1.362007] m25p80 spi32766.0: s25fl008k (1024 Kbytes)
[    1.369547] CAN device driver interface
[    1.374330] igb: Intel(R) Gigabit Ethernet Network Driver - version 5.3.0-k
[    1.381289] igb: Copyright (c) 2007-2014 Intel Corporation.
[    1.387430] r8169 Gigabit Ethernet driver 2.3LK-NAPI loaded
[    1.393026] r8169 0000:01:00.0: enabling device (0140 -> 0143)
[    1.399486] r8169 0000:01:00.0 eth0: RTL8168d/8111d at 0xf005e000, 00:01:c0:13:7d:63, XID 081000c0 IRQ 72
[    1.409054] r8169 0000:01:00.0 eth0: jumbo features [frames: 9200 bytes, tx checksumming: ko]
[    1.419293] pegasus: v0.9.3 (2013/04/25), Pegasus/Pegasus II USB Ethernet driver
[    1.426754] usbcore: registered new interface driver pegasus
[    1.432467] usbcore: registered new interface driver asix
[    1.437905] usbcore: registered new interface driver ax88179_178a
[    1.444037] usbcore: registered new interface driver cdc_ether
[    1.449922] usbcore: registered new interface driver smsc75xx
[    1.455719] usbcore: registered new interface driver smsc95xx
[    1.461500] usbcore: registered new interface driver net1080
[    1.467208] usbcore: registered new interface driver cdc_subset
[    1.473166] usbcore: registered new interface driver zaurus
[    1.478806] usbcore: registered new interface driver cdc_ncm
[    1.484741] tegra-phy c5004000.usb-phy: invalid gpio: -517
[    1.490293] tegra-phy c5008000.usb-phy: no vbus regulator
[    1.498187] ehci_hcd: USB 2.0 'Enhanced' Host Controller (EHCI) Driver
[    1.504719] ehci-pci: EHCI PCI platform driver
[    1.509205] ehci-platform: EHCI generic platform driver
[    1.514588] ehci-omap: OMAP-EHCI Host Controller driver
[    1.519919] ehci-orion: EHCI orion driver
[    1.524042] SPEAr-ehci: EHCI SPEAr driver
[    1.528162] ehci-st: EHCI STMicroelectronics driver
[    1.533147] ehci-exynos: EHCI EXYNOS driver
[    1.537454] ehci-atmel: EHCI Atmel driver
[    1.541556] tegra-ehci: Tegra EHCI driver
[    1.548445] tegra-ehci c5008000.usb: EHCI Host Controller
[    1.553860] tegra-ehci c5008000.usb: new USB bus registered, assigned bus number 1
[    1.561747] tegra-ehci c5008000.usb: irq 66, io mem 0xc5008000
[    1.577018] tegra-ehci c5008000.usb: USB 2.0 started, EHCI 1.00
[    1.583553] hub 1-0:1.0: USB hub found
[    1.587349] hub 1-0:1.0: 1 port detected
[    1.591580] ohci_hcd: USB 1.1 'Open' Host Controller (OHCI) Driver
[    1.597780] ohci-pci: OHCI PCI platform driver
[    1.602278] ohci-platform: OHCI generic platform driver
[    1.607659] ohci-omap3: OHCI OMAP3 driver
[    1.611765] SPEAr-ohci: OHCI SPEAr driver
[    1.615888] ohci-st: OHCI STMicroelectronics driver
[    1.620874] ohci-atmel: OHCI Atmel driver
[    1.625074] usbcore: registered new interface driver usb-storage
[    1.632229] mousedev: PS/2 mouse device common for all mice
[    1.639946] rtc-em3027 2-0056: rtc core: registered rtc-em3027 as rtc0
[    1.647706] tegra_rtc 7000e000.rtc: rtc core: registered 7000e000.rtc as rtc1
[    1.654868] tegra_rtc 7000e000.rtc: Tegra internal Real Time Clock
[    1.661481] i2c /dev entries driver
[    1.671431] sdhci: Secure Digital Host Controller Interface driver
[    1.677616] sdhci: Copyright(c) Pierre Ossman
[    1.683190] Synopsys Designware Multimedia Card Interface Driver
[    1.690059] sdhci-pltfm: SDHCI platform and OF driver helper
[    1.696500] sdhci-tegra c8000000.sdhci: No vmmc regulator found
[    1.702425] sdhci-tegra c8000000.sdhci: No vqmmc regulator found
[    1.708430] mmc0: Invalid maximum block size, assuming 512 bytes
[    1.742017] mmc0: SDHCI controller on c8000000.sdhci [c8000000.sdhci] using ADMA
[    1.750458] ledtrig-cpu: registered to indicate activity on CPUs
[    1.756662] usbcore: registered new interface driver usbhid
[    1.762244] usbhid: USB HID core driver
[    1.769845] NET: Registered protocol family 10
[    1.774974] sit: IPv6 over IPv4 tunneling driver
[    1.780111] NET: Registered protocol family 17
[    1.784571] can: controller area network core (rev 20120528 abi 9)
[    1.790801] NET: Registered protocol family 29
[    1.795255] can: raw protocol (rev 20120528)
[    1.799537] can: broadcast manager protocol (rev 20120528 t)
[    1.805205] can: netlink gateway (rev 20130117) max_hops=1
[    1.811015] Key type dns_resolver registered
[    1.815662] ThumbEE CPU extension supported.
[    1.819947] Registering SWP/SWPB emulation handler
[    1.828969] tegra-phy c5004000.usb-phy: no vbus regulator
[    1.836315] utmi_phy_clk_enable: timeout waiting for phy to stabilize
[    1.842776] tegra-ehci c5000000.usb: EHCI Host Controller
[    1.848212] tegra-ehci c5000000.usb: new USB bus registered, assigned bus number 2
[    1.856060] tegra-ehci c5000000.usb: irq 64, io mem 0xc5000000
[    1.904550] mmc0: host does not support reading read-only switch, assuming write-enable
[    1.914512] mmc0: new high speed SDHC card at address b368
[    1.920336] mmcblk0: mmc0:b368 NCard 3.70 GiB 
[    1.926673]  mmcblk0: p1
[    1.932031] usb 1-1: new high-speed USB device number 2 using tegra-ehci
[    1.947022] tegra-ehci c5000000.usb: USB 2.0 started, EHCI 1.00
[    1.953529] hub 2-0:1.0: USB hub found
[    1.957314] hub 2-0:1.0: 1 port detected
[    1.983209] ulpi_phy_power_on: ulpi write failed
[    1.987831] tegra-ehci c5004000.usb: Failed to power on the phy
[    1.993763] tegra-ehci: probe of c5004000.usb failed with error -110
[    2.001825] sdhci-tegra c8000600.sdhci: Got CD GPIO
[    2.006715] sdhci-tegra c8000600.sdhci: Got WP GPIO
[    2.011741] sdhci-tegra c8000600.sdhci: No vmmc regulator found
[    2.017672] sdhci-tegra c8000600.sdhci: No vqmmc regulator found
[    2.023676] mmc1: Invalid maximum block size, assuming 512 bytes
[    2.057209] mmc1: SDHCI controller on c8000600.sdhci [c8000600.sdhci] using ADMA
[    2.065980] input: gpio-keys as /devices/soc0/gpio-keys/input/input0
[    2.076058] rtc-em3027 2-0056: setting system clock to 2014-12-26 22:07:19 UTC (1419631639)
[    2.091018] hub 1-1:1.0: USB hub found
[    2.094897] hub 1-1:1.0: 4 ports detected
[    2.103336] EXT4-fs (mmcblk0p1): mounting ext3 file system using the ext4 subsystem
[    2.190338] EXT4-fs (mmcblk0p1): recovery complete
[    2.191692] mmc1: new high speed SD card at address b368
[    2.192211] mmcblk1: mmc1:b368 NCard 1.83 GiB (ro)
[    2.199603]  mmcblk1: p1 p2
[    2.208077] EXT4-fs (mmcblk0p1): mounted filesystem with ordered data mode. Opts: (null)
[    2.216199] VFS: Mounted root (ext3 filesystem) on device 179:1.
[    2.225300] devtmpfs: mounted
[    2.229412] Freeing unused kernel memory: 1020K (c0d71000 - c0e70000)
[    2.382065] usb 1-1.2: new high-speed USB device number 3 using tegra-ehci
bash: cannot set terminal process group (-1): Inappropriate ioctl for device
bash: no job control in this shell
root@(none):/# 