
U-Boot SPL 2014.01-00219-gc4d376f (Feb 18 2014 - 19:57:32)


U-Boot 2014.01-00219-gc4d376f (Feb 18 2014 - 19:57:32)

TEGRA114
Board: NVIDIA Dalmore
I2C:   ready
DRAM:  2 GiB
MMC:   Tegra SD/MMC: 0, Tegra SD/MMC: 1
In:    serial
Out:   serial
Err:   serial
Net:   Net Initialization Skipped
No ethernet found.
Hit any key to stop autoboot:  2  0 
Tegra114 (Dalmore) # 
Tegra114 (Dalmore) # usb reset
(Re)start USB...
USB0:   USB EHCI 1.10
scanning bus 0 for devices... 2 USB Device(s) found
       scanning usb for storage devices... 0 Storage Device(s) found
       scanning usb for ethernet devices... 
Warning: asx0 using MAC address from net device
1 Ethernet Device(s) found
Tegra114 (Dalmore) # setenv bootargs 'ignore_loglevel console=ttyS0,115200n8 rw root=PARTUUID=7369c667-ff51-ec4a-29cd-baabf2fbe346 rootwait gpt debug earlyprintk init=/bin/bash'
Tegra114 (Dalmore) # setenv ipaddr 192.168.100.100; setenv serverip 192.168.100.1; setenv tftpserverip 192.168.100.1
Tegra114 (Dalmore) # tftpboot 0x81000000 zImage.multi_v7_defconfig
Using asx0 device
TFTP from server 192.168.100.1; our IP address is 192.168.100.100
Filename 'zImage.multi_v7_defconfig'.
Load address: 0x81000000
Loading: *#################################################################
	 #################################################################
	 #################################################################
	 #################################################################
	 #################################################################
	 #################################################################
	 #################################################################
	 #################################################################
	 ########################################
	 3.1 MiB/s
done
Bytes transferred = 8217088 (7d6200 hex)
Tegra114 (Dalmore) # tftpboot 0x82000000 tegra114-dalmore.dtb
Using asx0 device
TFTP from server 192.168.100.1; our IP address is 192.168.100.100
Filename 'tegra114-dalmore.dtb'.
Load address: 0x82000000
Loading: *###
	 2.7 MiB/s
done
Bytes transferred = 34502 (86c6 hex)
Tegra114 (Dalmore) # bootz 0x81000000 - 0x82000000
Kernel image @ 0x81000000 [ 0x000000 - 0x7d6200 ]
## Flattened Device Tree blob at 82000000
   Booting using the fdt blob at 0x82000000
   Loading Device Tree to 8fff4000, end 8ffff6c5 ... OK

Starting kernel ...

[    0.000000] Booting Linux on physical CPU 0x0
[    0.000000] Linux version 4.14.0-rc8-next-20171109-214194-g5515cf1 (jonathanh@sellafield) (gcc version 4.7.3 20130328 (prerelease) (crosstool-NG linaro-1.13.1-4.7-2013.04-20130415 - Linaro GCC 2013.04)) #1 SMP Thu Nov 9 03:00:22 PST 2017
[    0.000000] CPU: ARMv7 Processor [412fc0f2] revision 2 (ARMv7), cr=10c5387d
[    0.000000] CPU: div instructions available: patching division code
[    0.000000] CPU: PIPT / VIPT nonaliasing data cache, PIPT instruction cache
[    0.000000] OF: fdt: Machine model: NVIDIA Tegra114 Dalmore evaluation board
[    0.000000] debug: ignoring loglevel setting.
[    0.000000] Memory policy: Data cache writealloc
[    0.000000] efi: Getting EFI parameters from FDT:
[    0.000000] efi: UEFI not found.
[    0.000000] cma: Reserved 64 MiB at 0xfb800000
[    0.000000] On node 0 totalpages: 524032
[    0.000000] free_area_init_node: node 0, pgdat c1680280, node_mem_map eeff8000
[    0.000000]   DMA zone: 1536 pages used for memmap
[    0.000000]   DMA zone: 0 pages reserved
[    0.000000]   DMA zone: 196608 pages, LIFO batch:31
[    0.000000]   HighMem zone: 327424 pages, LIFO batch:31
[    0.000000] random: fast init done
[    0.000000] percpu: Embedded 17 pages/cpu @eef9b000 s39424 r8192 d22016 u69632
[    0.000000] pcpu-alloc: s39424 r8192 d22016 u69632 alloc=17*4096
[    0.000000] pcpu-alloc: [0] 0 [0] 1 [0] 2 [0] 3 
[    0.000000] Built 1 zonelists, mobility grouping on.  Total pages: 522496
[    0.000000] Kernel command line: ignore_loglevel console=ttyS0,115200n8 rw root=PARTUUID=7369c667-ff51-ec4a-29cd-baabf2fbe346 rootwait gpt debug earlyprintk init=/bin/bash
[    0.000000] Dentry cache hash table entries: 131072 (order: 7, 524288 bytes)
[    0.000000] Inode-cache hash table entries: 65536 (order: 6, 262144 bytes)
[    0.000000] Memory: 1992548K/2096128K available (11264K kernel code, 1600K rwdata, 4556K rodata, 2048K init, 404K bss, 38044K reserved, 65536K cma-reserved, 1244160K highmem)
[    0.000000] Virtual kernel memory layout:
[    0.000000]     vector  : 0xffff0000 - 0xffff1000   (   4 kB)
[    0.000000]     fixmap  : 0xffc00000 - 0xfff00000   (3072 kB)
[    0.000000]     vmalloc : 0xf0800000 - 0xff800000   ( 240 MB)
[    0.000000]     lowmem  : 0xc0000000 - 0xf0000000   ( 768 MB)
[    0.000000]     pkmap   : 0xbfe00000 - 0xc0000000   (   2 MB)
[    0.000000]     modules : 0xbf000000 - 0xbfe00000   (  14 MB)
[    0.000000]       .text : 0xc0208000 - 0xc0e00000   (12256 kB)
[    0.000000]       .init : 0xc1300000 - 0xc1500000   (2048 kB)
[    0.000000]       .data : 0xc1500000 - 0xc1690280   (1601 kB)
[    0.000000]        .bss : 0xc1690280 - 0xc16f5634   ( 405 kB)
[    0.000000] SLUB: HWalign=64, Order=0-3, MinObjects=0, CPUs=4, Nodes=1
[    0.000000] Hierarchical RCU implementation.
[    0.000000] 	RCU event tracing is enabled.
[    0.000000] 	RCU restricting CPUs from NR_CPUS=16 to nr_cpu_ids=4.
[    0.000000] RCU: Adjusting geometry for rcu_fanout_leaf=16, nr_cpu_ids=4
[    0.000000] NR_IRQS: 16, nr_irqs: 16, preallocated irqs: 16
[    0.000000] /interrupt-controller@60004000: 160 interrupts forwarded to /interrupt-controller@50041000
[    0.000000] Tegra clk 127: register failed with -17
[    0.000009] sched_clock: 32 bits at 1000kHz, resolution 1000ns, wraps every 2147483647500ns
[    0.000029] clocksource: timer_us: mask: 0xffffffff max_cycles: 0xffffffff, max_idle_ns: 1911260446275 ns
[    0.000045] Switching to timer-based delay loop, resolution 1000ns
[    0.003170] arch_timer: cp15 timer(s) running at 12.00MHz (virt).
[    0.003190] clocksource: arch_sys_counter: mask: 0xffffffffffffff max_cycles: 0x2c47f4ee7, max_idle_ns: 440795202497 ns
[    0.003210] sched_clock: 56 bits at 12MHz, resolution 83ns, wraps every 4398046511096ns
[    0.003225] Switching to timer-based delay loop, resolution 83ns
[    0.003642] Console: colour dummy device 80x30
[    0.003678] Calibrating delay loop (skipped), value calculated using timer frequency.. 24.00 BogoMIPS (lpj=120000)
[    0.003697] pid_max: default: 32768 minimum: 301
[    0.003818] Mount-cache hash table entries: 2048 (order: 1, 8192 bytes)
[    0.003833] Mountpoint-cache hash table entries: 2048 (order: 1, 8192 bytes)
[    0.004354] CPU: Testing write buffer coherency: ok
[    0.004604] /cpus/cpu@0 missing clock-frequency property
[    0.004636] /cpus/cpu@1 missing clock-frequency property
[    0.004669] /cpus/cpu@2 missing clock-frequency property
[    0.004700] /cpus/cpu@3 missing clock-frequency property
[    0.004715] CPU0: thread -1, cpu 0, socket 0, mpidr 80000000
[    0.005024] Setting up static identity map for 0x80300000 - 0x803000a0
[    0.006260] Hierarchical SRCU implementation.
[    0.007645] Tegra Revision: A01 SKU: 0 CPU Process: 1 SoC Process: 0
[    0.008305] EFI services will not be available.
[    0.008463] smp: Bringing up secondary CPUs ...
[    0.008970] CPU1: thread -1, cpu 1, socket 0, mpidr 80000001
[    0.009569] CPU2: thread -1, cpu 2, socket 0, mpidr 80000002
[    0.010159] CPU3: thread -1, cpu 3, socket 0, mpidr 80000003
[    0.010266] smp: Brought up 1 node, 4 CPUs
[    0.010289] SMP: Total of 4 processors activated (96.00 BogoMIPS).
[    0.010299] CPU: All CPU(s) started in SVC mode.
[    0.011814] devtmpfs: initialized
[    0.019654] VFP support v0.3: implementor 41 architecture 4 part 30 variant f rev 0
[    0.019970] clocksource: jiffies: mask: 0xffffffff max_cycles: 0xffffffff, max_idle_ns: 19112604462750000 ns
[    0.019990] futex hash table entries: 1024 (order: 4, 65536 bytes)
[    0.021469] pinctrl core: initialized pinctrl subsystem
[    0.022759] DMI not present or invalid.
[    0.023019] NET: Registered protocol family 16
[    0.025304] DMA: preallocated 256 KiB pool for atomic coherent allocations
[    0.027261] cpuidle: using governor menu
[    0.048776] No ATAGs?
[    0.048909] hw-breakpoint: found 5 (+1 reserved) breakpoint and 4 watchpoint registers.
[    0.048925] hw-breakpoint: maximum watchpoint size is 8 bytes.
[    0.054482] Serial: AMBA PL011 UART driver
[    0.055394] tegra-mc 70019000.memory-controller: no memory timings for RAM code 3 registered
[    0.055525] iommu: Adding device reg-dummy to group 0
[    0.055561] iommu: Adding device 50000000.host1x to group 1
[    0.055599] iommu: Adding device 54140000.gr2d to group 2
[    0.055632] iommu: Adding device 54180000.gr3d to group 3
[    0.055700] iommu: Adding device 54200000.dc to group 4
[    0.055769] iommu: Adding device 54240000.dc to group 5
[    0.055801] iommu: Adding device 54280000.hdmi to group 6
[    0.055833] iommu: Adding device 54300000.dsi to group 7
[    0.055863] iommu: Adding device 60005000.timer to group 8
[    0.055895] iommu: Adding device 60007000.flow-controller to group 9
[    0.055927] iommu: Adding device 6000a000.dma to group 10
[    0.055958] iommu: Adding device 6000c000.ahb to group 11
[    0.055989] iommu: Adding device 6000d000.gpio to group 12
[    0.056025] iommu: Adding device 70000800.apbmisc to group 13
[    0.056066] iommu: Adding device 70000868.pinmux to group 14
[    0.056098] iommu: Adding device 70006300.serial to group 15
[    0.056128] iommu: Adding device 7000a000.pwm to group 16
[    0.056160] iommu: Adding device 7000c000.i2c to group 17
[    0.056191] iommu: Adding device 7000c700.i2c to group 18
[    0.056224] iommu: Adding device 7000d000.i2c to group 19
[    0.056255] iommu: Adding device 7000da00.spi to group 20
[    0.056289] iommu: Adding device 7000e000.rtc to group 21
[    0.056324] iommu: Adding device 7000e400.pmc to group 22
[    0.056360] iommu: Adding device 7000f800.fuse to group 23
[    0.056392] iommu: Adding device 70019000.memory-controller to group 24
[    0.056423] iommu: Adding device 70080000.ahub to group 25
[    0.056455] iommu: Adding device 700e3000.mipi to group 26
[    0.056486] iommu: Adding device 78000400.sdhci to group 27
[    0.056517] iommu: Adding device 78000600.sdhci to group 28
[    0.056548] iommu: Adding device 7d000000.usb to group 29
[    0.056579] iommu: Adding device 7d000000.usb-phy to group 30
[    0.056614] iommu: Adding device 7d008000.usb to group 31
[    0.056647] iommu: Adding device 7d008000.usb-phy to group 32
[    0.056678] iommu: Adding device timer to group 33
[    0.056714] iommu: Adding device backlight to group 34
[    0.056745] iommu: Adding device clocks to group 35
[    0.056776] iommu: Adding device gpio-keys to group 36
[    0.056808] iommu: Adding device regulators to group 37
[    0.056838] iommu: Adding device regulators:regulator@0 to group 38
[    0.056874] iommu: Adding device regulators:regulator@1 to group 39
[    0.056906] iommu: Adding device regulators:regulator@3 to group 40
[    0.056939] iommu: Adding device regulators:regulator@4 to group 41
[    0.056970] iommu: Adding device regulators:regulator@5 to group 42
[    0.057002] iommu: Adding device regulators:regulator@6 to group 43
[    0.057033] iommu: Adding device regulators:regulator@7 to group 44
[    0.057069] iommu: Adding device sound to group 45
[    0.070959] AT91: Could not find identification node
[    0.071446] dvdd_ts: Failed to request enable GPIO61: -517
[    0.071467] reg-fixed-voltage regulators:regulator@1: Failed to register regulator: -517
[    0.071573] usb1_vbus: Failed to request enable GPIO108: -517
[    0.071588] reg-fixed-voltage regulators:regulator@3: Failed to register regulator: -517
[    0.071692] usb2_vbus: Failed to request enable GPIO86: -517
[    0.071707] reg-fixed-voltage regulators:regulator@4: Failed to register regulator: -517
[    0.072125] VDD_5V0_HDMI_CON: Failed to request enable GPIO81: -517
[    0.072140] reg-fixed-voltage regulators:regulator@7: Failed to register regulator: -517
[    0.074555] vgaarb: loaded
[    0.075260] SCSI subsystem initialized
[    0.075435] libata version 3.00 loaded.
[    0.075632] usbcore: registered new interface driver usbfs
[    0.075680] usbcore: registered new interface driver hub
[    0.075744] usbcore: registered new device driver usb
[    0.078952] tps65090 2-0048: No cache defaults, reading back from HW
[    0.079956] iommu: Adding device tps65090-pmic to group 46
[    0.080909] TPS65090_RAILSDCDC1: supplied by vdd_ac_bat
[    0.081971] TPS65090_RAILSDCDC2: supplied by vdd_ac_bat
[    0.083022] TPS65090_RAILSDCDC3: supplied by vdd_ac_bat
[    0.083560] TPS65090_RAILSFET1: supplied by vdd_ac_bat
[    0.083918] TPS65090_RAILSFET2: supplied by vdd_ac_bat
[    0.084268] TPS65090_RAILSFET3: supplied by vdd-sys-3v3
[    0.084772] TPS65090_RAILSFET4: supplied by vdd-sys-3v3
[    0.085293] TPS65090_RAILSFET5: supplied by vdd-sys-3v3
[    0.085795] TPS65090_RAILSFET6: supplied by vdd-sys-3v3
[    0.086626] TPS65090_RAILSFET7: supplied by vdd-sys-3v3
[    0.087134] TPS65090_RAILSLDO1: supplied by vdd_ac_bat
[    0.087320] TPS65090_RAILSLDO2: supplied by vdd_ac_bat
[    0.087639] iommu: Adding device tps65090-charger to group 47
[    0.088250] palmas 2-0058: Irq flag is 0x00000004
[    0.090212] palmas 2-0058: Muxing GPIO ff, PWM 0, LED 0
[    0.090444] iommu: Adding device 7000d000.i2c:tps65913@58:gpio to group 48
[    0.090988] iommu: Adding device 7000d000.i2c:tps65913@58:pmic to group 49
[    0.092791] SMPS12: supplied by vdd-ao
[    0.093821] vdd_hdmi_5v0: supplied by vdd-sys-5v0
[    0.094634] SMPS3: supplied by vdd-ao
[    0.096357] SMPS457: supplied by vdd-sys-3v3
[    0.097987] SMPS6: supplied by regulator-dummy
[    0.099378] SMPS8: supplied by vdd-sys-3v3
[    0.100960] SMPS9: supplied by vdd-sys-3v3
[    0.101481] sdhci-vdd-sd-slot: Bringing 2840000uV into 2800000-2800000uV
[    0.102856] SMPS10_OUT2: supplied by regulator-dummy
[    0.103741] SMPS10_OUT1: supplied by regulator-dummy
[    0.104574] LDO1: supplied by vdd-sys-3v3
[    0.105676] LDO2: supplied by vdd-sys-3v3
[    0.106789] LDO3: supplied by vddio-1v8
[    0.107885] LDO4: supplied by vdd-sys-3v3
[    0.108986] LDO5: supplied by vdd_ac_bat
[    0.109663] LDO6: supplied by vdd-sys-3v3
[    0.110177] vdd-sensor-2v85: Bringing 2900000uV into 2850000-2850000uV
[    0.111496] LDO7: supplied by vdd-sys-3v3
[    0.113118] LDO8: supplied by vdd-ao
[    0.113650] vdd-rtc: Bringing 675000uV into 900000-900000uV
[    0.123910] LDO9: supplied by sdhci-vdd-sd-slot
[    0.134227] LDOLN: supplied by vdd-sys-5v0
[    0.135344] LDOUSB: supplied by vdd-sys-5v0
[    0.145637] iommu: Adding device 7000d000.i2c:tps65913@58:rtc to group 50
[    0.146043] iommu: Adding device 7000d000.i2c:tps65913@58:pinmux to group 51
[    0.146610] pps_core: LinuxPPS API ver. 1 registered
[    0.146620] pps_core: Software ver. 5.3.6 - Copyright 2005-2007 Rodolfo Giometti <giometti@linux.it>
[    0.146643] PTP clock support registered
[    0.146826] EDAC MC: Ver: 3.0.0
[    0.148919] clocksource: Switched to clocksource arch_sys_counter
[    0.200013] NET: Registered protocol family 2
[    0.200524] TCP established hash table entries: 8192 (order: 3, 32768 bytes)
[    0.200625] TCP bind hash table entries: 8192 (order: 4, 65536 bytes)
[    0.200813] TCP: Hash tables configured (established 8192 bind 8192)
[    0.200899] UDP hash table entries: 512 (order: 2, 16384 bytes)
[    0.200943] UDP-Lite hash table entries: 512 (order: 2, 16384 bytes)
[    0.201099] NET: Registered protocol family 1
[    0.201452] RPC: Registered named UNIX socket transport module.
[    0.201464] RPC: Registered udp transport module.
[    0.201473] RPC: Registered tcp transport module.
[    0.201482] RPC: Registered tcp NFSv4.1 backchannel transport module.
[    0.201496] PCI: CLS 0 bytes, default 64
[    0.202960] iommu: Adding device alarmtimer to group 52
[    0.203669] Initialise system trusted keyrings
[    0.203817] workingset: timestamp_bits=30 max_order=19 bucket_order=0
[    0.210547] squashfs: version 4.0 (2009/01/31) Phillip Lougher
[    0.211144] NFS: Registering the id_resolver key type
[    0.211172] Key type id_resolver registered
[    0.211182] Key type id_legacy registered
[    0.211225] ntfs: driver 2.1.32 [Flags: R/O].
[    0.212879] Key type asymmetric registered
[    0.212891] Asymmetric key parser 'x509' registered
[    0.212945] bounce: pool size: 64 pages
[    0.212994] Block layer SCSI generic (bsg) driver version 0.4 loaded (major 247)
[    0.213006] io scheduler noop registered
[    0.213016] io scheduler deadline registered
[    0.213243] io scheduler cfq registered (default)
[    0.213255] io scheduler mq-deadline registered
[    0.213265] io scheduler kyber registered
[    0.245363] tegra-apbdma 6000a000.dma: Tegra20 APB DMA driver register 32 channels
[    0.248244] tegra-pmc 7000e400.pmc: i2c-thermtrip node not found, emergency thermal reset disabled.
[    0.300385] Serial: 8250/16550 driver, 4 ports, IRQ sharing disabled
[    0.300491] iommu: Adding device serial8250 to group 53
[    0.303074] console [ttyS0] disabled
[    0.303117] 70006300.serial: ttyS0 at MMIO 0x70006300 (irq = 329, base_baud = 25500000) is a Tegra
[    1.622443] console [ttyS0] enabled
[    1.626695] SuperH (H)SCI(F) driver initialized
[    1.632210] msm_serial: driver initialized
[    1.636477] STMicroelectronics ASC driver initialized
[    1.663451] tegra-hdmi 54280000.hdmi: failed to get HDMI regulator
[    1.685440] brd: module loaded
[    1.695138] loop: module loaded
[    1.715511] m25p80 spi0.0: w25q32dw (4096 Kbytes)
[    1.722374] iommu: Adding device Fixed MDIO bus.0 to group 54
[    1.728551] libphy: Fixed MDIO Bus: probed
[    1.733645] CAN device driver interface
[    1.738280] bgmac_bcma: Broadcom 47xx GBit MAC driver loaded
[    1.745150] e1000e: Intel(R) PRO/1000 Network Driver - 3.2.6-k
[    1.750995] e1000e: Copyright(c) 1999 - 2015 Intel Corporation.
[    1.756952] igb: Intel(R) Gigabit Ethernet Network Driver - version 5.4.0-k
[    1.763916] igb: Copyright (c) 2007-2014 Intel Corporation.
[    1.773003] pegasus: v0.9.3 (2013/04/25), Pegasus/Pegasus II USB Ethernet driver
[    1.780446] usbcore: registered new interface driver pegasus
[    1.786135] usbcore: registered new interface driver asix
[    1.791577] usbcore: registered new interface driver ax88179_178a
[    1.797693] usbcore: registered new interface driver cdc_ether
[    1.803574] usbcore: registered new interface driver smsc75xx
[    1.809378] usbcore: registered new interface driver smsc95xx
[    1.815142] usbcore: registered new interface driver net1080
[    1.820839] usbcore: registered new interface driver cdc_subset
[    1.826777] usbcore: registered new interface driver zaurus
[    1.832409] usbcore: registered new interface driver cdc_ncm
[    1.838284] tegra-phy 7d000000.usb-phy: no vbus regulator
[    1.845693] ehci_hcd: USB 2.0 'Enhanced' Host Controller (EHCI) Driver
[    1.852236] ehci-pci: EHCI PCI platform driver
[    1.856707] ehci-platform: EHCI generic platform driver
[    1.862125] ehci-orion: EHCI orion driver
[    1.866271] SPEAr-ehci: EHCI SPEAr driver
[    1.870424] ehci-st: EHCI STMicroelectronics driver
[    1.875421] ehci-exynos: EHCI EXYNOS driver
[    1.879760] ehci-atmel: EHCI Atmel driver
[    1.883886] tegra-ehci: Tegra EHCI driver
[    1.888183] ohci_hcd: USB 1.1 'Open' Host Controller (OHCI) Driver
[    1.894386] ohci-pci: OHCI PCI platform driver
[    1.898859] ohci-platform: OHCI generic platform driver
[    1.904259] SPEAr-ohci: OHCI SPEAr driver
[    1.908390] ohci-st: OHCI STMicroelectronics driver
[    1.913411] ohci-atmel: OHCI Atmel driver
[    1.918093] usbcore: registered new interface driver usb-storage
[    1.928185] iommu: Adding device ci_hdrc.0 to group 55
[    1.941972] palmas-rtc 7000d000.i2c:tps65913@58:rtc: rtc core: registered 7000d000.i2c:tps65913@58:rtc as rtc0
[    1.953888] tegra_rtc 7000e000.rtc: rtc core: registered 7000e000.rtc as rtc1
[    1.961081] tegra_rtc 7000e000.rtc: Tegra internal Real Time Clock
[    1.967766] i2c /dev entries driver
[    1.977699] sbs-battery 0-000b: sbs_probe: Failed to get device status
[    1.984256] sbs-battery: probe of 0-000b failed with error -121
[    2.000547] sdhci: Secure Digital Host Controller Interface driver
[    2.006720] sdhci: Copyright(c) Pierre Ossman
[    2.012627] Synopsys Designware Multimedia Card Interface Driver
[    2.019992] sdhci-pltfm: SDHCI platform and OF driver helper
[    2.026373] sdhci-tegra 78000400.sdhci: Got CD GPIO
[    2.031286] sdhci-tegra 78000400.sdhci: Got WP GPIO
[    2.044392] mmc0: Invalid maximum block size, assuming 512 bytes
[    2.109066] mmc0: SDHCI controller on 78000400.sdhci [78000400.sdhci] using ADMA
[    2.125753] mmc1: Invalid maximum block size, assuming 512 bytes
[    2.188962] mmc1: SDHCI controller on 78000600.sdhci [78000600.sdhci] using ADMA
[    2.198359] ledtrig-cpu: registered to indicate activity on CPUs
[    2.204738] usbcore: registered new interface driver usbhid
[    2.210326] usbhid: USB HID core driver
[    2.218098] NET: Registered protocol family 10
[    2.223453] Segment Routing with IPv6
[    2.227181] sit: IPv6, IPv4 and MPLS over IPv4 tunneling driver
[    2.233631] NET: Registered protocol family 17
[    2.238077] can: controller area network core (rev 20170425 abi 9)
[    2.244325] NET: Registered protocol family 29
[    2.248765] can: raw protocol (rev 20170425)
[    2.253054] can: broadcast manager protocol (rev 20170425 t)
[    2.258712] can: netlink gateway (rev 20170425) max_hops=1
[    2.264500] Key type dns_resolver registered
[    2.269298] ThumbEE CPU extension supported.
[    2.273570] Registering SWP/SWPB emulation handler
[    2.278873] Loading compiled-in X.509 certificates
[    2.294889] mmc0: new high speed SDHC card at address aaaa
[    2.296936] usb1_vbus: supplied by vdd-sys-5v0
[    2.305565] usb2_vbus: supplied by vdd-sys-5v0
[    2.309206] mmcblk0: mmc0:aaaa SL16G 14.8 GiB 
[    2.317598] VDD_5V0_HDMI_CON: supplied by vdd-sys-5v0
[    2.327126]  mmcblk0: p1 p2 p3
[    2.331487] [drm] Supports vblank timestamp caching Rev 2 (21.10.2013).
[    2.338107] [drm] No driver support for vblank timestamp query.
[    2.347452] mmc1: new high speed MMC card at address 0001
[    2.353410] mmcblk1: mmc1:0001 SEM32G 29.1 GiB 
[    2.358240] mmcblk1boot0: mmc1:0001 SEM32G partition 1 4.00 MiB
[    2.364557] mmcblk1boot1: mmc1:0001 SEM32G partition 2 4.00 MiB
[    2.371121] mmcblk1rpmb: mmc1:0001 SEM32G partition 3 4.00 MiB, chardev (237:0)
[    2.374168]  mmcblk1: p1 p2 p3 p4 p5 p6 p7 p8
[    2.440201] Console: switching to colour frame buffer device 240x75
[    2.491501] drm drm: fb0:  frame buffer device
[    2.496041] [drm] Initialized tegra 0.0.0 20120330 for drm on minor 0
[    2.505851] tegra-ehci 7d008000.usb: EHCI Host Controller
[    2.511290] tegra-ehci 7d008000.usb: new USB bus registered, assigned bus number 1
[    2.519571] tegra-ehci 7d008000.usb: irq 340, io mem 0x7d008000
[    2.549044] tegra-ehci 7d008000.usb: USB 2.0 started, EHCI 1.10
[    2.556117] hub 1-0:1.0: USB hub found
[    2.559985] hub 1-0:1.0: 1 port detected
[    2.563937] hub 1-0:1.0: config failed, can't get hub status (err 2)
[    2.571898] input: gpio-keys as /devices/soc0/gpio-keys/input/input0
[    2.580989] palmas-rtc 7000d000.i2c:tps65913@58:rtc: setting system clock to 2000-04-01 17:58:39 UTC (954611919)
[    2.596441] dvdd_ts: disabling
[    2.599578] usb1_vbus: disabling
[    2.602820] vdd_cam_1v8_reg: disabling
[    2.608166] EXT4-fs (mmcblk1p1): mounting ext3 file system using the ext4 subsystem
[    2.689469] EXT4-fs (mmcblk1p1): recovery complete
[    2.695561] EXT4-fs (mmcblk1p1): mounted filesystem with ordered data mode. Opts: (null)
[    2.703745] VFS: Mounted root (ext3 filesystem) on device 179:17.
[    2.714262] devtmpfs: mounted
[    2.719219] Freeing unused kernel memory: 2048K
bash: cannot set terminal process group (-1): Inappropriate ioctl for device
bash: no job control in this shell
root@(none):/# 