
U-Boot SPL 2015.04-rc3-00209-ga74ef40 (Mar 16 2015 - 14:43:39)


U-Boot 2015.04-rc3-00209-ga74ef40 (Mar 16 2015 - 14:43:39)

TEGRA20
Model: Compulab TrimSlice board
DRAM:  1 GiB
MMC:   Tegra SD/MMC: 0, Tegra SD/MMC: 1
SF: Detected W25Q80BL with page size 256 Bytes, erase size 4 KiB, total 1 MiB
tegra-pcie: PCI regions:
tegra-pcie:   I/O: 0x82000000-0x82010000
tegra-pcie:   non-prefetchable memory: 0xa0000000-0xa8000000
tegra-pcie:   prefetchable memory: 0xa8000000-0xc0000000
tegra-pcie: dual-mode configuration
tegra-pcie: probing port 0, using 2 lanes
In:    serial
Out:   serial
Err:   serial
Net:   RTL8169#0
Hit any key to stop autoboot:  2  1  0 
Tegra20 (TrimSlice) # 
Tegra20 (TrimSlice) # usb reset
resetting USB...
USB0:   USB EHCI 1.00
scanning bus 0 for devices... 2 USB Device(s) found
USB1:   USB EHCI 1.00
scanning bus 1 for devices... 1 USB Device(s) found
USB2:   lowlevel init failed
       scanning usb for storage devices... 0 Storage Device(s) found
       scanning usb for ethernet devices... 0 Ethernet Device(s) found
Tegra20 (TrimSlice) # setenv bootargs 'ignore_loglevel console=ttyS0,115200n8 rw root=/dev/mmcblk0p1 rootwait gpt debug noinitrd earlyprintk init=/bin/bash'
Tegra20 (TrimSlice) # setenv ipaddr 192.168.100.103; setenv serverip 192.168.100.1; setenv tftpserverip 192.168.100.1
Tegra20 (TrimSlice) # tftpboot 0x00408000 zImage.tegra_defconfig
Using RTL8169#0 device
TFTP from server 192.168.100.1; our IP address is 192.168.100.103
Filename 'zImage.tegra_defconfig'.
Load address: 0x408000
Loading: *#################################################################
	 #################################################################
	 #################################################################
	 #################################################################
	 #################################################################
	 ##################
	 3.4 MiB/s
done
Bytes transferred = 5030168 (4cc118 hex)
Tegra20 (TrimSlice) # tftpboot 0x02408000 tegra20-trimslice.dtb
Using RTL8169#0 device
TFTP from server 192.168.100.1; our IP address is 192.168.100.103
Filename 'tegra20-trimslice.dtb'.
Load address: 0x2408000
Loading: *##
	 2.9 MiB/s
done
Bytes transferred = 21130 (528a hex)
Tegra20 (TrimSlice) # bootz 0x00408000 - 0x02408000
Kernel image @ 0x408000 [ 0x000000 - 0x4cc118 ]
## Flattened Device Tree blob at 02408000
   Booting using the fdt blob at 0x2408000
   Using Device Tree in place at 02408000, end 02410289

Starting kernel ...

Uncompressing Linux... done, booting the kernel.
[    0.000000] Booting Linux on physical CPU 0x0
[    0.000000] Initializing cgroup subsys cpu
[    0.000000] Initializing cgroup subsys cpuacct
[    0.000000] Linux version 4.1.0-rc4-next-20150519-18250-g1e662ab (pwalmsley@kaivo) (gcc version 4.7.3 20130328 (prerelease) (crosstool-NG linaro-1.13.1-4.7-2013.04-20130415 - Linaro GCC 2013.04) ) #1 SMP PREEMPT Tue May 19 05:43:35 PDT 2015
[    0.000000] CPU: ARMv7 Processor [411fc090] revision 0 (ARMv7), cr=10c5387d
[    0.000000] CPU: PIPT / VIPT nonaliasing data cache, VIPT aliasing instruction cache
[    0.000000] Machine model: Compulab TrimSlice board
[    0.000000] debug: ignoring loglevel setting.
[    0.000000] bootconsole [earlycon0] enabled
[    0.000000] cma: Reserved 64 MiB at 0x3c000000
[    0.000000] Memory policy: Data cache writealloc
[    0.000000] On node 0 totalpages: 262144
[    0.000000] free_area_init_node: node 0, pgdat c09ac480, node_mem_map eeff7000
[    0.000000]   Normal zone: 1520 pages used for memmap
[    0.000000]   Normal zone: 0 pages reserved
[    0.000000]   Normal zone: 194560 pages, LIFO batch:31
[    0.000000]   HighMem zone: 67584 pages, LIFO batch:15
[    0.000000] PERCPU: Embedded 12 pages/cpu @eefc9000 s17216 r8192 d23744 u49152
[    0.000000] pcpu-alloc: s17216 r8192 d23744 u49152 alloc=12*4096
[    0.000000] pcpu-alloc: [0] 0 [0] 1 
[    0.000000] Built 1 zonelists in Zone order, mobility grouping on.  Total pages: 260624
[    0.000000] Kernel command line: ignore_loglevel console=ttyS0,115200n8 rw root=/dev/mmcblk0p1 rootwait gpt debug noinitrd earlyprintk init=/bin/bash
[    0.000000] PID hash table entries: 4096 (order: 2, 16384 bytes)
[    0.000000] Dentry cache hash table entries: 131072 (order: 7, 524288 bytes)
[    0.000000] Inode-cache hash table entries: 65536 (order: 6, 262144 bytes)
[    0.000000] Memory: 963572K/1048576K available (6902K kernel code, 328K rwdata, 2340K rodata, 308K init, 351K bss, 19468K reserved, 65536K cma-reserved, 204800K highmem)
[    0.000000] Virtual kernel memory layout:
[    0.000000]     vector  : 0xffff0000 - 0xffff1000   (   4 kB)
[    0.000000]     fixmap  : 0xffc00000 - 0xfff00000   (3072 kB)
[    0.000000]     vmalloc : 0xf0000000 - 0xff000000   ( 240 MB)
[    0.000000]     lowmem  : 0xc0000000 - 0xef800000   ( 760 MB)
[    0.000000]     pkmap   : 0xbfe00000 - 0xc0000000   (   2 MB)
[    0.000000]     modules : 0xbf000000 - 0xbfe00000   (  14 MB)
[    0.000000]       .text : 0xc0008000 - 0xc090ef48   (9244 kB)
[    0.000000]       .init : 0xc090f000 - 0xc095c000   ( 308 kB)
[    0.000000]       .data : 0xc095c000 - 0xc09ae000   ( 328 kB)
[    0.000000]        .bss : 0xc09b0000 - 0xc0a07fd4   ( 352 kB)
[    0.000000] Preemptible hierarchical RCU implementation.
[    0.000000] 	Additional per-CPU info printed with stalls.
[    0.000000] 	Build-time adjustment of leaf fanout to 32.
[    0.000000] 	RCU restricting CPUs from NR_CPUS=4 to nr_cpu_ids=2.
[    0.000000] RCU: Adjusting geometry for rcu_fanout_leaf=32, nr_cpu_ids=2
[    0.000000] NR_IRQS:16 nr_irqs:16 16
[    0.000000] /interrupt-controller@60004000: 128 interrupts forwarded to /interrupt-controller@50041000
[    0.000000] L2C: platform modifies aux control register: 0x02080000 -> 0x3e480001
[    0.000000] L2C: DT/platform modifies aux control register: 0x02080000 -> 0x3e480001
[    0.000000] L2C-310 errata 727915 769419 enabled
[    0.000000] L2C-310 enabling early BRESP for Cortex-A9
[    0.000000] L2C-310: enabling full line of zeros but not enabled in Cortex-A9
[    0.000000] L2C-310 ID prefetch enabled, offset 1 lines
[    0.000000] L2C-310 cache controller enabled, 8 ways, 1024 kB
[    0.000000] L2C-310: CACHE_ID 0x410000c4, AUX_CTRL 0x7e480001
[    0.000010] sched_clock: 32 bits at 1000kHz, resolution 1000ns, wraps every 2147483647500ns
[    0.008354] clocksource timer_us: mask: 0xffffffff max_cycles: 0xffffffff, max_idle_ns: 1911260446275 ns
[    0.017882] Switching to timer-based delay loop, resolution 1000ns
[    0.024734] Console: colour dummy device 80x30
[    0.029177] Calibrating delay loop (skipped), value calculated using timer frequency.. 2.00 BogoMIPS (lpj=10000)
[    0.039393] pid_max: default: 32768 minimum: 301
[    0.044468] Mount-cache hash table entries: 2048 (order: 1, 8192 bytes)
[    0.051080] Mountpoint-cache hash table entries: 2048 (order: 1, 8192 bytes)
[    0.059693] Initializing cgroup subsys freezer
[    0.064155] Initializing cgroup subsys debug
[    0.068509] CPU: Testing write buffer coherency: ok
[    0.073663] CPU0: thread -1, cpu 0, socket 0, mpidr 80000000
[    0.079347] Setting up static identity map for 0x8440 - 0x84d8
[    0.100341] Tegra Revision: A03 prime SKU: 8 CPU Process: 1 SoC Process: 2
[    0.111052] CPU1: thread -1, cpu 1, socket 0, mpidr 80000001
[    0.111113] Brought up 2 CPUs
[    0.119794] SMP: Total of 2 processors activated (4.00 BogoMIPS).
[    0.125957] CPU: All CPU(s) started in SVC mode.
[    0.131417] devtmpfs: initialized
[    0.136295] VFP support v0.3: implementor 41 architecture 3 part 30 variant 9 rev 1
[    0.144576] clocksource jiffies: mask: 0xffffffff max_cycles: 0xffffffff, max_idle_ns: 19112604462750000 ns
[    0.157616] pinctrl core: initialized pinctrl subsystem
[    0.180474] NET: Registered protocol family 16
[    0.186446] DMA: preallocated 256 KiB pool for atomic coherent allocations
[    0.219983] cpuidle: using governor ladder
[    0.249981] cpuidle: using governor menu
[    0.273355] No ATAGs?
[    0.275381] hw-breakpoint: found 5 (+1 reserved) breakpoint and 1 watchpoint registers.
[    0.283696] hw-breakpoint: maximum watchpoint size is 4 bytes.
[    0.343733] usb1_vbus: Failed to request enable GPIO170: -517
[    0.349616] reg-fixed-voltage regulators:regulator@2: Failed to register regulator: -517
[    0.361821] vgaarb: loaded
[    0.366073] SCSI subsystem initialized
[    0.370156] libata version 3.00 loaded.
[    0.374789] usbcore: registered new interface driver usbfs
[    0.380451] usbcore: registered new interface driver hub
[    0.385895] usbcore: registered new device driver usb
[    0.393707] Linux video capture interface: v2.00
[    0.398450] pps_core: LinuxPPS API ver. 1 registered
[    0.403418] pps_core: Software ver. 5.3.6 - Copyright 2005-2007 Rodolfo Giometti <giometti@linux.it>
[    0.412669] PTP clock support registered
[    0.417783] Advanced Linux Sound Architecture Driver Initialized.
[    0.425658] Bluetooth: Core ver 2.20
[    0.429305] NET: Registered protocol family 31
[    0.433753] Bluetooth: HCI device and connection manager initialized
[    0.440175] Bluetooth: HCI socket layer initialized
[    0.445106] Bluetooth: L2CAP socket layer initialized
[    0.450266] Bluetooth: SCO socket layer initialized
[    0.455968] cfg80211: Calling CRDA to update world regulatory domain
[    0.463188] Switched to clocksource timer_us
[    0.493230] NET: Registered protocol family 2
[    0.498848] TCP established hash table entries: 8192 (order: 3, 32768 bytes)
[    0.505967] TCP bind hash table entries: 8192 (order: 4, 65536 bytes)
[    0.512499] TCP: Hash tables configured (established 8192 bind 8192)
[    0.519521] UDP hash table entries: 512 (order: 2, 16384 bytes)
[    0.525491] UDP-Lite hash table entries: 512 (order: 2, 16384 bytes)
[    0.532214] NET: Registered protocol family 1
[    0.537273] RPC: Registered named UNIX socket transport module.
[    0.543222] RPC: Registered udp transport module.
[    0.547946] RPC: Registered tcp transport module.
[    0.552712] RPC: Registered tcp NFSv4.1 backchannel transport module.
[    0.559240] PCI: CLS 0 bytes, default 64
[    0.565611] CPU PMU: Failed to parse /pmu/interrupt-affinity[0]
[    0.571543] hw perfevents: enabled with armv7_cortex_a9 PMU driver, 7 counters available
[    0.582034] futex hash table entries: 512 (order: 3, 32768 bytes)
[    0.590768] squashfs: version 4.0 (2009/01/31) Phillip Lougher
[    0.599709] bounce: pool size: 64 pages
[    0.603595] io scheduler noop registered (default)
[    0.609342] tegra20-pinctrl 70000014.pinmux: try to register 318 pins ...
[    0.616157] pinctrl core: registered pin 0 (VI_GP6 PA0) on 70000014.pinmux
[    0.623055] pinctrl core: registered pin 1 (UART3_CTS_N PA1) on 70000014.pinmux
[    0.630444] pinctrl core: registered pin 2 (DAP2_FS PA2) on 70000014.pinmux
[    0.637448] pinctrl core: registered pin 3 (DAP2_SCLK PA3) on 70000014.pinmux
[    0.644643] pinctrl core: registered pin 4 (DAP2_DIN PA4) on 70000014.pinmux
[    0.651736] pinctrl core: registered pin 5 (DAP2_DOUT PA5) on 70000014.pinmux
[    0.658939] pinctrl core: registered pin 6 (SDIO3_CLK PA6) on 70000014.pinmux
[    0.666139] pinctrl core: registered pin 7 (SDIO3_CMD PA7) on 70000014.pinmux
[    0.673330] pinctrl core: registered pin 8 (GMI_AD17 PB0) on 70000014.pinmux
[    0.680423] pinctrl core: registered pin 9 (GMI_AD18 PB1) on 70000014.pinmux
[    0.687538] pinctrl core: registered pin 10 (LCD_PWR0 PB2) on 70000014.pinmux
[    0.694733] pinctrl core: registered pin 11 (LCD_PCLK PB3) on 70000014.pinmux
[    0.701916] pinctrl core: registered pin 12 (SDIO3_DAT3 PB4) on 70000014.pinmux
[    0.709292] pinctrl core: registered pin 13 (SDIO3_DAT2 PB5) on 70000014.pinmux
[    0.716660] pinctrl core: registered pin 14 (SDIO3_DAT1 PB6) on 70000014.pinmux
[    0.724025] pinctrl core: registered pin 15 (SDIO3_DAT0 PB7) on 70000014.pinmux
[    0.731383] pinctrl core: registered pin 16 (UART3_RTS_N PC0) on 70000014.pinmux
[    0.738845] pinctrl core: registered pin 17 (LCD_PWR1 PC1) on 70000014.pinmux
[    0.746038] pinctrl core: registered pin 18 (UART2_TXD PC2) on 70000014.pinmux
[    0.753318] pinctrl core: registered pin 19 (UART2_RXD PC3) on 70000014.pinmux
[    0.760589] pinctrl core: registered pin 20 (GEN1_I2C_SCL PC4) on 70000014.pinmux
[    0.768139] pinctrl core: registered pin 21 (GEN1_I2C_SDA PC5) on 70000014.pinmux
[    0.775678] pinctrl core: registered pin 22 (LCD_PWR2 PC6) on 70000014.pinmux
[    0.782863] pinctrl core: registered pin 23 (GMI_WP_N PC7) on 70000014.pinmux
[    0.790065] pinctrl core: registered pin 24 (SDIO3_DAT5 PD0) on 70000014.pinmux
[    0.797436] pinctrl core: registered pin 25 (SDIO3_DAT4 PD1) on 70000014.pinmux
[    0.804800] pinctrl core: registered pin 26 (VI_GP5 PD2) on 70000014.pinmux
[    0.811809] pinctrl core: registered pin 27 (SDIO3_DAT6 PD3) on 70000014.pinmux
[    0.819186] pinctrl core: registered pin 28 (SDIO3_DAT7 PD4) on 70000014.pinmux
[    0.826552] pinctrl core: registered pin 29 (VI_D1 PD5) on 70000014.pinmux
[    0.833486] pinctrl core: registered pin 30 (VI_VSYNC PD6) on 70000014.pinmux
[    0.840669] pinctrl core: registered pin 31 (VI_HSYNC PD7) on 70000014.pinmux
[    0.847872] pinctrl core: registered pin 32 (LCD_D0 PE0) on 70000014.pinmux
[    0.854892] pinctrl core: registered pin 33 (LCD_D1 PE1) on 70000014.pinmux
[    0.861903] pinctrl core: registered pin 34 (LCD_D2 PE2) on 70000014.pinmux
[    0.868932] pinctrl core: registered pin 35 (LCD_D3 PE3) on 70000014.pinmux
[    0.875952] pinctrl core: registered pin 36 (LCD_D4 PE4) on 70000014.pinmux
[    0.882963] pinctrl core: registered pin 37 (LCD_D5 PE5) on 70000014.pinmux
[    0.889992] pinctrl core: registered pin 38 (LCD_D6 PE6) on 70000014.pinmux
[    0.897012] pinctrl core: registered pin 39 (LCD_D7 PE7) on 70000014.pinmux
[    0.904032] pinctrl core: registered pin 40 (LCD_D8 PF0) on 70000014.pinmux
[    0.911043] pinctrl core: registered pin 41 (LCD_D9 PF1) on 70000014.pinmux
[    0.918072] pinctrl core: registered pin 42 (LCD_D10 PF2) on 70000014.pinmux
[    0.925183] pinctrl core: registered pin 43 (LCD_D11 PF3) on 70000014.pinmux
[    0.932276] pinctrl core: registered pin 44 (LCD_D12 PF4) on 70000014.pinmux
[    0.939399] pinctrl core: registered pin 45 (LCD_D13 PF5) on 70000014.pinmux
[    0.946500] pinctrl core: registered pin 46 (LCD_D14 PF6) on 70000014.pinmux
[    0.953606] pinctrl core: registered pin 47 (LCD_D15 PF7) on 70000014.pinmux
[    0.960703] pinctrl core: registered pin 48 (GMI_AD0 PG0) on 70000014.pinmux
[    0.967819] pinctrl core: registered pin 49 (GMI_AD1 PG1) on 70000014.pinmux
[    0.974925] pinctrl core: registered pin 50 (GMI_AD2 PG2) on 70000014.pinmux
[    0.982023] pinctrl core: registered pin 51 (GMI_AD3 PG3) on 70000014.pinmux
[    0.989139] pinctrl core: registered pin 52 (GMI_AD4 PG4) on 70000014.pinmux
[    0.996244] pinctrl core: registered pin 53 (GMI_AD5 PG5) on 70000014.pinmux
[    1.003352] pinctrl core: registered pin 54 (GMI_AD6 PG6) on 70000014.pinmux
[    1.010449] pinctrl core: registered pin 55 (GMI_AD7 PG7) on 70000014.pinmux
[    1.017566] pinctrl core: registered pin 56 (GMI_AD8 PH0) on 70000014.pinmux
[    1.024672] pinctrl core: registered pin 57 (GMI_AD9 PH1) on 70000014.pinmux
[    1.031769] pinctrl core: registered pin 58 (GMI_AD10 PH2) on 70000014.pinmux
[    1.038972] pinctrl core: registered pin 59 (GMI_AD11 PH3) on 70000014.pinmux
[    1.046165] pinctrl core: registered pin 60 (GMI_AD12 PH4) on 70000014.pinmux
[    1.053363] pinctrl core: registered pin 61 (GMI_AD13 PH5) on 70000014.pinmux
[    1.060543] pinctrl core: registered pin 62 (GMI_AD14 PH6) on 70000014.pinmux
[    1.067746] pinctrl core: registered pin 63 (GMI_AD15 PH7) on 70000014.pinmux
[    1.074945] pinctrl core: registered pin 64 (GMI_HIOW_N PI0) on 70000014.pinmux
[    1.082296] pinctrl core: registered pin 65 (GMI_HIOR_N PI1) on 70000014.pinmux
[    1.089672] pinctrl core: registered pin 66 (GMI_CS5_N PI2) on 70000014.pinmux
[    1.096952] pinctrl core: registered pin 67 (GMI_CS6_N PI3) on 70000014.pinmux
[    1.104232] pinctrl core: registered pin 68 (GMI_RST_N PI4) on 70000014.pinmux
[    1.111503] pinctrl core: registered pin 69 (GMI_IORDY PI5) on 70000014.pinmux
[    1.118792] pinctrl core: registered pin 70 (GMI_CS7_N PI6) on 70000014.pinmux
[    1.126072] pinctrl core: registered pin 71 (GMI_WAIT PI7) on 70000014.pinmux
[    1.133265] pinctrl core: registered pin 72 (GMI_CS0_N PJ0) on 70000014.pinmux
[    1.140536] pinctrl core: registered pin 73 (LCD_DE PJ1) on 70000014.pinmux
[    1.147565] pinctrl core: registered pin 74 (GMI_CS1_N PJ2) on 70000014.pinmux
[    1.154845] pinctrl core: registered pin 75 (LCD_HSYNC PJ3) on 70000014.pinmux
[    1.162116] pinctrl core: registered pin 76 (LCD_VSYNC PJ4) on 70000014.pinmux
[    1.169406] pinctrl core: registered pin 77 (UART2_CTS_N PJ5) on 70000014.pinmux
[    1.176859] pinctrl core: registered pin 78 (UART2_RTS_N PJ6) on 70000014.pinmux
[    1.184316] pinctrl core: registered pin 79 (GMI_AD16 PJ7) on 70000014.pinmux
[    1.191496] pinctrl core: registered pin 80 (GMI_ADV_N PK0) on 70000014.pinmux
[    1.198786] pinctrl core: registered pin 81 (GMI_CLK PK1) on 70000014.pinmux
[    1.205892] pinctrl core: registered pin 82 (GMI_CS4_N PK2) on 70000014.pinmux
[    1.213163] pinctrl core: registered pin 83 (GMI_CS2_N PK3) on 70000014.pinmux
[    1.220452] pinctrl core: registered pin 84 (GMI_CS3_N PK4) on 70000014.pinmux
[    1.227732] pinctrl core: registered pin 85 (SPDIF_OUT PK5) on 70000014.pinmux
[    1.235012] pinctrl core: registered pin 86 (SPDIF_IN PK6) on 70000014.pinmux
[    1.242196] pinctrl core: registered pin 87 (GMI_AD19 PK7) on 70000014.pinmux
[    1.249399] pinctrl core: registered pin 88 (VI_D2 PL0) on 70000014.pinmux
[    1.256331] pinctrl core: registered pin 89 (VI_D3 PL1) on 70000014.pinmux
[    1.263265] pinctrl core: registered pin 90 (VI_D4 PL2) on 70000014.pinmux
[    1.270189] pinctrl core: registered pin 91 (VI_D5 PL3) on 70000014.pinmux
[    1.277132] pinctrl core: registered pin 92 (VI_D6 PL4) on 70000014.pinmux
[    1.284066] pinctrl core: registered pin 93 (VI_D7 PL5) on 70000014.pinmux
[    1.290990] pinctrl core: registered pin 94 (VI_D8 PL6) on 70000014.pinmux
[    1.297932] pinctrl core: registered pin 95 (VI_D9 PL7) on 70000014.pinmux
[    1.304865] pinctrl core: registered pin 96 (LCD_D16 PM0) on 70000014.pinmux
[    1.311963] pinctrl core: registered pin 97 (LCD_D17 PM1) on 70000014.pinmux
[    1.319082] pinctrl core: registered pin 98 (LCD_D18 PM2) on 70000014.pinmux
[    1.326186] pinctrl core: registered pin 99 (LCD_D19 PM3) on 70000014.pinmux
[    1.333292] pinctrl core: registered pin 100 (LCD_D20 PM4) on 70000014.pinmux
[    1.340476] pinctrl core: registered pin 101 (LCD_D21 PM5) on 70000014.pinmux
[    1.347679] pinctrl core: registered pin 102 (LCD_D22 PM6) on 70000014.pinmux
[    1.354872] pinctrl core: registered pin 103 (LCD_D23 PM7) on 70000014.pinmux
[    1.362056] pinctrl core: registered pin 104 (DAP1_FS PN0) on 70000014.pinmux
[    1.369259] pinctrl core: registered pin 105 (DAP1_DIN PN1) on 70000014.pinmux
[    1.376539] pinctrl core: registered pin 106 (DAP1_DOUT PN2) on 70000014.pinmux
[    1.383905] pinctrl core: registered pin 107 (DAP1_SCLK PN3) on 70000014.pinmux
[    1.391272] pinctrl core: registered pin 108 (LCD_CS0_N PN4) on 70000014.pinmux
[    1.398640] pinctrl core: registered pin 109 (LCD_SDOUT PN5) on 70000014.pinmux
[    1.406006] pinctrl core: registered pin 110 (LCD_DC0 PN6) on 70000014.pinmux
[    1.413199] pinctrl core: registered pin 111 (HDMI_INT_N PN7) on 70000014.pinmux
[    1.420643] pinctrl core: registered pin 112 (ULPI_DATA7 PO0) on 70000014.pinmux
[    1.428105] pinctrl core: registered pin 113 (ULPI_DATA0 PO1) on 70000014.pinmux
[    1.435558] pinctrl core: registered pin 114 (ULPI_DATA1 PO2) on 70000014.pinmux
[    1.443003] pinctrl core: registered pin 115 (ULPI_DATA2 PO3) on 70000014.pinmux
[    1.450470] pinctrl core: registered pin 116 (ULPI_DATA3 PO4) on 70000014.pinmux
[    1.457919] pinctrl core: registered pin 117 (ULPI_DATA4 PO5) on 70000014.pinmux
[    1.465372] pinctrl core: registered pin 118 (ULPI_DATA5 PO6) on 70000014.pinmux
[    1.472816] pinctrl core: registered pin 119 (ULPI_DATA6 PO7) on 70000014.pinmux
[    1.480279] pinctrl core: registered pin 120 (DAP3_FS PP0) on 70000014.pinmux
[    1.487472] pinctrl core: registered pin 121 (DAP3_DIN PP1) on 70000014.pinmux
[    1.494751] pinctrl core: registered pin 122 (DAP3_DOUT PP2) on 70000014.pinmux
[    1.502109] pinctrl core: registered pin 123 (DAP3_SCLK PP3) on 70000014.pinmux
[    1.509486] pinctrl core: registered pin 124 (DAP4_FS PP4) on 70000014.pinmux
[    1.516678] pinctrl core: registered pin 125 (DAP4_DIN PP5) on 70000014.pinmux
[    1.523959] pinctrl core: registered pin 126 (DAP4_DOUT PP6) on 70000014.pinmux
[    1.531316] pinctrl core: registered pin 127 (DAP4_SCLK PP7) on 70000014.pinmux
[    1.538695] pinctrl core: registered pin 128 (KB_COL0 PQ0) on 70000014.pinmux
[    1.545885] pinctrl core: registered pin 129 (KB_COL1 PQ1) on 70000014.pinmux
[    1.553069] pinctrl core: registered pin 130 (KB_COL2 PQ2) on 70000014.pinmux
[    1.560272] pinctrl core: registered pin 131 (KB_COL3 PQ3) on 70000014.pinmux
[    1.567465] pinctrl core: registered pin 132 (KB_COL4 PQ4) on 70000014.pinmux
[    1.574663] pinctrl core: registered pin 133 (KB_COL5 PQ5) on 70000014.pinmux
[    1.581843] pinctrl core: registered pin 134 (KB_COL6 PQ6) on 70000014.pinmux
[    1.589046] pinctrl core: registered pin 135 (KB_COL7 PQ7) on 70000014.pinmux
[    1.596239] pinctrl core: registered pin 136 (KB_ROW0 PR0) on 70000014.pinmux
[    1.603432] pinctrl core: registered pin 137 (KB_ROW1 PR1) on 70000014.pinmux
[    1.610616] pinctrl core: registered pin 138 (KB_ROW2 PR2) on 70000014.pinmux
[    1.617819] pinctrl core: registered pin 139 (KB_ROW3 PR3) on 70000014.pinmux
[    1.625013] pinctrl core: registered pin 140 (KB_ROW4 PR4) on 70000014.pinmux
[    1.632196] pinctrl core: registered pin 141 (KB_ROW5 PR5) on 70000014.pinmux
[    1.639399] pinctrl core: registered pin 142 (KB_ROW6 PR6) on 70000014.pinmux
[    1.646592] pinctrl core: registered pin 143 (KB_ROW7 PR7) on 70000014.pinmux
[    1.653785] pinctrl core: registered pin 144 (KB_ROW8 PS0) on 70000014.pinmux
[    1.660970] pinctrl core: registered pin 145 (KB_ROW9 PS1) on 70000014.pinmux
[    1.668172] pinctrl core: registered pin 146 (KB_ROW10 PS2) on 70000014.pinmux
[    1.675452] pinctrl core: registered pin 147 (KB_ROW11 PS3) on 70000014.pinmux
[    1.682723] pinctrl core: registered pin 148 (KB_ROW12 PS4) on 70000014.pinmux
[    1.690012] pinctrl core: registered pin 149 (KB_ROW13 PS5) on 70000014.pinmux
[    1.697292] pinctrl core: registered pin 150 (KB_ROW14 PS6) on 70000014.pinmux
[    1.704576] pinctrl core: registered pin 151 (KB_ROW15 PS7) on 70000014.pinmux
[    1.711843] pinctrl core: registered pin 152 (VI_PCLK PT0) on 70000014.pinmux
[    1.719046] pinctrl core: registered pin 153 (VI_MCLK PT1) on 70000014.pinmux
[    1.726239] pinctrl core: registered pin 154 (VD_D10 PT2) on 70000014.pinmux
[    1.733345] pinctrl core: registered pin 155 (VI_D11 PT3) on 70000014.pinmux
[    1.740444] pinctrl core: registered pin 156 (VI_D0 PT4) on 70000014.pinmux
[    1.747472] pinctrl core: registered pin 157 (GEN2_I2C_SCL PT5) on 70000014.pinmux
[    1.755098] pinctrl core: registered pin 158 (GEN2_I2C_SDA PT6) on 70000014.pinmux
[    1.762716] pinctrl core: registered pin 159 (GMI_DPD PT7) on 70000014.pinmux
[    1.769918] pinctrl core: registered pin 160 (PU0) on 70000014.pinmux
[    1.776418] pinctrl core: registered pin 161 (PU1) on 70000014.pinmux
[    1.782909] pinctrl core: registered pin 162 (PU2) on 70000014.pinmux
[    1.789418] pinctrl core: registered pin 163 (PU3) on 70000014.pinmux
[    1.795918] pinctrl core: registered pin 164 (PU4) on 70000014.pinmux
[    1.802409] pinctrl core: registered pin 165 (PU5) on 70000014.pinmux
[    1.808918] pinctrl core: registered pin 166 (PU6) on 70000014.pinmux
[    1.815418] pinctrl core: registered pin 167 (JTAG_RTCK PU7) on 70000014.pinmux
[    1.822776] pinctrl core: registered pin 168 (PV0) on 70000014.pinmux
[    1.829285] pinctrl core: registered pin 169 (PV1) on 70000014.pinmux
[    1.835789] pinctrl core: registered pin 170 (PV2) on 70000014.pinmux
[    1.842283] pinctrl core: registered pin 171 (PV3) on 70000014.pinmux
[    1.848787] pinctrl core: registered pin 172 (PV4) on 70000014.pinmux
[    1.855286] pinctrl core: registered pin 173 (PV5) on 70000014.pinmux
[    1.861776] pinctrl core: registered pin 174 (PV6) on 70000014.pinmux
[    1.868285] pinctrl core: registered pin 175 (LCD_DC1 PV7) on 70000014.pinmux
[    1.875479] pinctrl core: registered pin 176 (LCD_CS1_N PW0) on 70000014.pinmux
[    1.882836] pinctrl core: registered pin 177 (LCD_M1 PW1) on 70000014.pinmux
[    1.889952] pinctrl core: registered pin 178 (SPI2_CS1_N PW2) on 70000014.pinmux
[    1.897405] pinctrl core: registered pin 179 (SPI2_CS2_N PW3) on 70000014.pinmux
[    1.904858] pinctrl core: registered pin 180 (DAP_MCLK1 PW4) on 70000014.pinmux
[    1.912216] pinctrl core: registered pin 181 (DAP_MCLK2 PW5) on 70000014.pinmux
[    1.919592] pinctrl core: registered pin 182 (UART3_TXD PW6) on 70000014.pinmux
[    1.926958] pinctrl core: registered pin 183 (UART3_RXD PW7) on 70000014.pinmux
[    1.934325] pinctrl core: registered pin 184 (SPI2_MOSI PX0) on 70000014.pinmux
[    1.941682] pinctrl core: registered pin 185 (SPI2_MISO PX1) on 70000014.pinmux
[    1.949059] pinctrl core: registered pin 186 (SPI2_SCK PX2) on 70000014.pinmux
[    1.956339] pinctrl core: registered pin 187 (SPI2_CS0_N PX3) on 70000014.pinmux
[    1.963796] pinctrl core: registered pin 188 (SPI1_MOSI PX4) on 70000014.pinmux
[    1.971149] pinctrl core: registered pin 189 (SPI1_SCK PX5) on 70000014.pinmux
[    1.978440] pinctrl core: registered pin 190 (SPI1_CS0_N PX6) on 70000014.pinmux
[    1.985892] pinctrl core: registered pin 191 (SPI1_MISO PX7) on 70000014.pinmux
[    1.993262] pinctrl core: registered pin 192 (ULPI_CLK PY0) on 70000014.pinmux
[    2.000530] pinctrl core: registered pin 193 (ULPI_DIR PY1) on 70000014.pinmux
[    2.007819] pinctrl core: registered pin 194 (ULPI_NXT PY2) on 70000014.pinmux
[    2.015099] pinctrl core: registered pin 195 (ULPI_STP PY3) on 70000014.pinmux
[    2.022369] pinctrl core: registered pin 196 (SDIO1_DAT3 PY4) on 70000014.pinmux
[    2.029855] pinctrl core: registered pin 197 (SDIO1_DAT2 PY5) on 70000014.pinmux
[    2.037289] pinctrl core: registered pin 198 (SDIO1_DAT1 PY6) on 70000014.pinmux
[    2.044740] pinctrl core: registered pin 199 (SDIO1_DAT0 PY7) on 70000014.pinmux
[    2.052183] pinctrl core: registered pin 200 (SDIO1_CLK PZ0) on 70000014.pinmux
[    2.059606] pinctrl core: registered pin 201 (SDIO1_CMD PZ1) on 70000014.pinmux
[    2.066930] pinctrl core: registered pin 202 (LCD_SDIN PZ2) on 70000014.pinmux
[    2.074207] pinctrl core: registered pin 203 (LCD_WR_N PZ3) on 70000014.pinmux
[    2.081476] pinctrl core: registered pin 204 (LCD_SCK PZ4) on 70000014.pinmux
[    2.088680] pinctrl core: registered pin 205 (SYS_CLK_REQ PZ5) on 70000014.pinmux
[    2.096224] pinctrl core: registered pin 206 (PWR_I2C_SCL PZ6) on 70000014.pinmux
[    2.103760] pinctrl core: registered pin 207 (PWR_I2C_SDA PZ7) on 70000014.pinmux
[    2.111290] pinctrl core: registered pin 208 (GMI_AD20 PAA0) on 70000014.pinmux
[    2.118666] pinctrl core: registered pin 209 (GMI_AD21 PAA1) on 70000014.pinmux
[    2.126032] pinctrl core: registered pin 210 (GMI_AD22 PAA2) on 70000014.pinmux
[    2.133398] pinctrl core: registered pin 211 (GMI_AD23 PAA3) on 70000014.pinmux
[    2.140756] pinctrl core: registered pin 212 (GMI_AD24 PAA4) on 70000014.pinmux
[    2.148132] pinctrl core: registered pin 213 (GMI_AD25 PAA5) on 70000014.pinmux
[    2.155498] pinctrl core: registered pin 214 (GMI_AD26 PAA6) on 70000014.pinmux
[    2.162856] pinctrl core: registered pin 215 (GMI_AD27 PAA7) on 70000014.pinmux
[    2.170232] pinctrl core: registered pin 216 (LED_BLINK PBB0) on 70000014.pinmux
[    2.177685] pinctrl core: registered pin 217 (VI_GP0 PBB1) on 70000014.pinmux
[    2.184878] pinctrl core: registered pin 218 (CAM_I2C_SCL PBB2) on 70000014.pinmux
[    2.192497] pinctrl core: registered pin 219 (CAM_I2C_SDA PBB3) on 70000014.pinmux
[    2.200132] pinctrl core: registered pin 220 (VI_GP3 PBB4) on 70000014.pinmux
[    2.207325] pinctrl core: registered pin 221 (VI_GP4 PBB5) on 70000014.pinmux
[    2.214518] pinctrl core: registered pin 222 (PBB6) on 70000014.pinmux
[    2.221096] pinctrl core: registered pin 223 (PBB7) on 70000014.pinmux
[    2.227696] pinctrl core: registered pin 254 (CRT_HSYNC) on 70000014.pinmux
[    2.234713] pinctrl core: registered pin 255 (CRT_VSYNC) on 70000014.pinmux
[    2.241727] pinctrl core: registered pin 256 (DDC_SCL) on 70000014.pinmux
[    2.248579] pinctrl core: registered pin 257 (DDC_SDA) on 70000014.pinmux
[    2.255425] pinctrl core: registered pin 258 (OWC) on 70000014.pinmux
[    2.261916] pinctrl core: registered pin 259 (CORE_PWR_REQ) on 70000014.pinmux
[    2.269206] pinctrl core: registered pin 260 (CPU_PWR_REQ) on 70000014.pinmux
[    2.276398] pinctrl core: registered pin 261 (PWR_INT_N) on 70000014.pinmux
[    2.283418] pinctrl core: registered pin 262 (CLK_32_K_IN) on 70000014.pinmux
[    2.290603] pinctrl core: registered pin 263 (DDR_COMP_PD) on 70000014.pinmux
[    2.297815] pinctrl core: registered pin 264 (DDR_COMP_PU) on 70000014.pinmux
[    2.305000] pinctrl core: registered pin 265 (DDR_A0) on 70000014.pinmux
[    2.311749] pinctrl core: registered pin 266 (DDR_A1) on 70000014.pinmux
[    2.318519] pinctrl core: registered pin 267 (DDR_A2) on 70000014.pinmux
[    2.325279] pinctrl core: registered pin 268 (DDR_A3) on 70000014.pinmux
[    2.332029] pinctrl core: registered pin 269 (DDR_A4) on 70000014.pinmux
[    2.338799] pinctrl core: registered pin 270 (DDR_A5) on 70000014.pinmux
[    2.345559] pinctrl core: registered pin 271 (DDR_A6) on 70000014.pinmux
[    2.352309] pinctrl core: registered pin 272 (DDR_A7) on 70000014.pinmux
[    2.359083] pinctrl core: registered pin 273 (DDR_A8) on 70000014.pinmux
[    2.365839] pinctrl core: registered pin 274 (DDR_A9) on 70000014.pinmux
[    2.372590] pinctrl core: registered pin 275 (DDR_A10) on 70000014.pinmux
[    2.379446] pinctrl core: registered pin 276 (DDR_A11) on 70000014.pinmux
[    2.386292] pinctrl core: registered pin 277 (DDR_A12) on 70000014.pinmux
[    2.393129] pinctrl core: registered pin 278 (DDR_A13) on 70000014.pinmux
[    2.399985] pinctrl core: registered pin 279 (DDR_A14) on 70000014.pinmux
[    2.406833] pinctrl core: registered pin 280 (DDR_CAS_N) on 70000014.pinmux
[    2.413852] pinctrl core: registered pin 281 (DDR_BA0) on 70000014.pinmux
[    2.420690] pinctrl core: registered pin 282 (DDR_BA1) on 70000014.pinmux
[    2.427545] pinctrl core: registered pin 283 (DDR_BA2) on 70000014.pinmux
[    2.434392] pinctrl core: registered pin 284 (DDR_DQS0P) on 70000014.pinmux
[    2.441403] pinctrl core: registered pin 285 (DDR_DQS0N) on 70000014.pinmux
[    2.448432] pinctrl core: registered pin 286 (DDR_DQS1P) on 70000014.pinmux
[    2.455452] pinctrl core: registered pin 287 (DDR_DQS1N) on 70000014.pinmux
[    2.462463] pinctrl core: registered pin 288 (DDR_DQS2P) on 70000014.pinmux
[    2.469492] pinctrl core: registered pin 289 (DDR_DQS2N) on 70000014.pinmux
[    2.476511] pinctrl core: registered pin 290 (DDR_DQS3P) on 70000014.pinmux
[    2.483536] pinctrl core: registered pin 291 (DDR_DQS3N) on 70000014.pinmux
[    2.490543] pinctrl core: registered pin 292 (DDR_CKE0) on 70000014.pinmux
[    2.497486] pinctrl core: registered pin 293 (DDR_CKE1) on 70000014.pinmux
[    2.504419] pinctrl core: registered pin 294 (DDR_CLK) on 70000014.pinmux
[    2.511256] pinctrl core: registered pin 295 (DDR_CLK_N) on 70000014.pinmux
[    2.518286] pinctrl core: registered pin 296 (DDR_DM0) on 70000014.pinmux
[    2.525132] pinctrl core: registered pin 297 (DDR_DM1) on 70000014.pinmux
[    2.531969] pinctrl core: registered pin 298 (DDR_DM2) on 70000014.pinmux
[    2.538825] pinctrl core: registered pin 299 (DDR_DM3) on 70000014.pinmux
[    2.545672] pinctrl core: registered pin 300 (DDR_ODT) on 70000014.pinmux
[    2.552509] pinctrl core: registered pin 301 (DDR_QUSE0) on 70000014.pinmux
[    2.559538] pinctrl core: registered pin 302 (DDR_QUSE1) on 70000014.pinmux
[    2.566558] pinctrl core: registered pin 303 (DDR_QUSE2) on 70000014.pinmux
[    2.573578] pinctrl core: registered pin 304 (DDR_QUSE3) on 70000014.pinmux
[    2.580589] pinctrl core: registered pin 305 (DDR_RAS_N) on 70000014.pinmux
[    2.587619] pinctrl core: registered pin 306 (DDR_WE_N) on 70000014.pinmux
[    2.594552] pinctrl core: registered pin 307 (DDR_DQ0) on 70000014.pinmux
[    2.601389] pinctrl core: registered pin 308 (DDR_DQ1) on 70000014.pinmux
[    2.608245] pinctrl core: registered pin 309 (DDR_DQ2) on 70000014.pinmux
[    2.615096] pinctrl core: registered pin 310 (DDR_DQ3) on 70000014.pinmux
[    2.621929] pinctrl core: registered pin 311 (DDR_DQ4) on 70000014.pinmux
[    2.628787] pinctrl core: registered pin 312 (DDR_DQ5) on 70000014.pinmux
[    2.635632] pinctrl core: registered pin 313 (DDR_DQ6) on 70000014.pinmux
[    2.642469] pinctrl core: registered pin 314 (DDR_DQ7) on 70000014.pinmux
[    2.649325] pinctrl core: registered pin 315 (DDR_DQ8) on 70000014.pinmux
[    2.656172] pinctrl core: registered pin 316 (DDR_DQ9) on 70000014.pinmux
[    2.663009] pinctrl core: registered pin 317 (DDR_DQ10) on 70000014.pinmux
[    2.669952] pinctrl core: registered pin 318 (DDR_DQ11) on 70000014.pinmux
[    2.676885] pinctrl core: registered pin 319 (DDR_DQ12) on 70000014.pinmux
[    2.683830] pinctrl core: registered pin 320 (DDR_DQ13) on 70000014.pinmux
[    2.690743] pinctrl core: registered pin 321 (DDR_DQ14) on 70000014.pinmux
[    2.697687] pinctrl core: registered pin 322 (DDR_DQ15) on 70000014.pinmux
[    2.704619] pinctrl core: registered pin 323 (DDR_DQ16) on 70000014.pinmux
[    2.711543] pinctrl core: registered pin 324 (DDR_DQ17) on 70000014.pinmux
[    2.718486] pinctrl core: registered pin 325 (DDR_DQ18) on 70000014.pinmux
[    2.725418] pinctrl core: registered pin 326 (DDR_DQ19) on 70000014.pinmux
[    2.732349] pinctrl core: registered pin 327 (DDR_DQ20) on 70000014.pinmux
[    2.739286] pinctrl core: registered pin 328 (DDR_DQ21) on 70000014.pinmux
[    2.746223] pinctrl core: registered pin 329 (DDR_DQ22) on 70000014.pinmux
[    2.753143] pinctrl core: registered pin 330 (DDR_DQ23) on 70000014.pinmux
[    2.760087] pinctrl core: registered pin 331 (DDR_DQ24) on 70000014.pinmux
[    2.767019] pinctrl core: registered pin 332 (DDR_DQ25) on 70000014.pinmux
[    2.773952] pinctrl core: registered pin 333 (DDR_DQ26) on 70000014.pinmux
[    2.780876] pinctrl core: registered pin 334 (DDR_DQ27) on 70000014.pinmux
[    2.787819] pinctrl core: registered pin 335 (DDR_DQ28) on 70000014.pinmux
[    2.794752] pinctrl core: registered pin 336 (DDR_DQ29) on 70000014.pinmux
[    2.801676] pinctrl core: registered pin 337 (DDR_DQ30) on 70000014.pinmux
[    2.808619] pinctrl core: registered pin 338 (DDR_DQ31) on 70000014.pinmux
[    2.815552] pinctrl core: registered pin 339 (DDR_CS0_N) on 70000014.pinmux
[    2.822563] pinctrl core: registered pin 340 (DDR_CS1_N) on 70000014.pinmux
[    2.829592] pinctrl core: registered pin 341 (SYS_RESET) on 70000014.pinmux
[    2.836612] pinctrl core: registered pin 342 (JTAG_TRST_N) on 70000014.pinmux
[    2.843806] pinctrl core: registered pin 343 (JTAG_TDO) on 70000014.pinmux
[    2.850729] pinctrl core: registered pin 344 (JTAG_TMS) on 70000014.pinmux
[    2.857672] pinctrl core: registered pin 345 (JTAG_TCK) on 70000014.pinmux
[    2.864605] pinctrl core: registered pin 346 (JTAG_TDI) on 70000014.pinmux
[    2.871529] pinctrl core: registered pin 347 (TEST_MODE_EN) on 70000014.pinmux
[    2.880412] tegra20-pinctrl 70000014.pinmux: request pin 67 (GMI_CS6_N PI3) for 70000014.pinmux
[    2.889116] tegra20-pinctrl 70000014.pinmux: request pin 70 (GMI_CS7_N PI6) for 70000014.pinmux
[    2.897859] tegra20-pinctrl 70000014.pinmux: request pin 68 (GMI_RST_N PI4) for 70000014.pinmux
[    2.906613] tegra20-pinctrl 70000014.pinmux: request pin 66 (GMI_CS5_N PI2) for 70000014.pinmux
[    2.915364] tegra20-pinctrl 70000014.pinmux: request pin 159 (GMI_DPD PT7) for 70000014.pinmux
[    2.924032] tegra20-pinctrl 70000014.pinmux: request pin 208 (GMI_AD20 PAA0) for 70000014.pinmux
[    2.932861] tegra20-pinctrl 70000014.pinmux: request pin 209 (GMI_AD21 PAA1) for 70000014.pinmux
[    2.941711] tegra20-pinctrl 70000014.pinmux: request pin 210 (GMI_AD22 PAA2) for 70000014.pinmux
[    2.950550] tegra20-pinctrl 70000014.pinmux: request pin 211 (GMI_AD23 PAA3) for 70000014.pinmux
[    2.959391] tegra20-pinctrl 70000014.pinmux: request pin 69 (GMI_IORDY PI5) for 70000014.pinmux
[    2.968144] tegra20-pinctrl 70000014.pinmux: request pin 71 (GMI_WAIT PI7) for 70000014.pinmux
[    2.976810] tegra20-pinctrl 70000014.pinmux: request pin 80 (GMI_ADV_N PK0) for 70000014.pinmux
[    2.985563] tegra20-pinctrl 70000014.pinmux: request pin 81 (GMI_CLK PK1) for 70000014.pinmux
[    2.994143] tegra20-pinctrl 70000014.pinmux: request pin 83 (GMI_CS2_N PK3) for 70000014.pinmux
[    3.002888] tegra20-pinctrl 70000014.pinmux: request pin 84 (GMI_CS3_N PK4) for 70000014.pinmux
[    3.011656] tegra20-pinctrl 70000014.pinmux: request pin 82 (GMI_CS4_N PK2) for 70000014.pinmux
[    3.020405] tegra20-pinctrl 70000014.pinmux: request pin 48 (GMI_AD0 PG0) for 70000014.pinmux
[    3.028982] tegra20-pinctrl 70000014.pinmux: request pin 49 (GMI_AD1 PG1) for 70000014.pinmux
[    3.037564] tegra20-pinctrl 70000014.pinmux: request pin 50 (GMI_AD2 PG2) for 70000014.pinmux
[    3.046143] tegra20-pinctrl 70000014.pinmux: request pin 51 (GMI_AD3 PG3) for 70000014.pinmux
[    3.054747] tegra20-pinctrl 70000014.pinmux: request pin 52 (GMI_AD4 PG4) for 70000014.pinmux
[    3.063307] tegra20-pinctrl 70000014.pinmux: request pin 53 (GMI_AD5 PG5) for 70000014.pinmux
[    3.071874] tegra20-pinctrl 70000014.pinmux: request pin 54 (GMI_AD6 PG6) for 70000014.pinmux
[    3.080465] tegra20-pinctrl 70000014.pinmux: request pin 55 (GMI_AD7 PG7) for 70000014.pinmux
[    3.089044] tegra20-pinctrl 70000014.pinmux: request pin 64 (GMI_HIOW_N PI0) for 70000014.pinmux
[    3.097883] tegra20-pinctrl 70000014.pinmux: request pin 65 (GMI_HIOR_N PI1) for 70000014.pinmux
[    3.106726] tegra20-pinctrl 70000014.pinmux: request pin 23 (GMI_WP_N PC7) for 70000014.pinmux
[    3.115391] tegra20-pinctrl 70000014.pinmux: request pin 56 (GMI_AD8 PH0) for 70000014.pinmux
[    3.123970] tegra20-pinctrl 70000014.pinmux: request pin 57 (GMI_AD9 PH1) for 70000014.pinmux
[    3.132541] tegra20-pinctrl 70000014.pinmux: request pin 58 (GMI_AD10 PH2) for 70000014.pinmux
[    3.141221] tegra20-pinctrl 70000014.pinmux: request pin 59 (GMI_AD11 PH3) for 70000014.pinmux
[    3.149886] tegra20-pinctrl 70000014.pinmux: request pin 60 (GMI_AD12 PH4) for 70000014.pinmux
[    3.158551] tegra20-pinctrl 70000014.pinmux: request pin 61 (GMI_AD13 PH5) for 70000014.pinmux
[    3.167217] tegra20-pinctrl 70000014.pinmux: request pin 62 (GMI_AD14 PH6) for 70000014.pinmux
[    3.175884] tegra20-pinctrl 70000014.pinmux: request pin 63 (GMI_AD15 PH7) for 70000014.pinmux
[    3.184551] tegra20-pinctrl 70000014.pinmux: request pin 212 (GMI_AD24 PAA4) for 70000014.pinmux
[    3.193391] tegra20-pinctrl 70000014.pinmux: request pin 213 (GMI_AD25 PAA5) for 70000014.pinmux
[    3.202221] tegra20-pinctrl 70000014.pinmux: request pin 214 (GMI_AD26 PAA6) for 70000014.pinmux
[    3.211070] tegra20-pinctrl 70000014.pinmux: request pin 215 (GMI_AD27 PAA7) for 70000014.pinmux
[    3.219911] tegra20-pinctrl 70000014.pinmux: request pin 157 (GEN2_I2C_SCL PT5) for 70000014.pinmux
[    3.229010] tegra20-pinctrl 70000014.pinmux: request pin 158 (GEN2_I2C_SDA PT6) for 70000014.pinmux
[    3.238111] tegra20-pinctrl 70000014.pinmux: request pin 180 (DAP_MCLK1 PW4) for 70000014.pinmux
[    3.246951] tegra20-pinctrl 70000014.pinmux: request pin 181 (DAP_MCLK2 PW5) for 70000014.pinmux
[    3.255792] tegra20-pinctrl 70000014.pinmux: request pin 254 (CRT_HSYNC) for 70000014.pinmux
[    3.264288] tegra20-pinctrl 70000014.pinmux: request pin 255 (CRT_VSYNC) for 70000014.pinmux
[    3.272769] tegra20-pinctrl 70000014.pinmux: request pin 153 (VI_MCLK PT1) for 70000014.pinmux
[    3.281446] tegra20-pinctrl 70000014.pinmux: request pin 104 (DAP1_FS PN0) for 70000014.pinmux
[    3.290111] tegra20-pinctrl 70000014.pinmux: request pin 105 (DAP1_DIN PN1) for 70000014.pinmux
[    3.298864] tegra20-pinctrl 70000014.pinmux: request pin 106 (DAP1_DOUT PN2) for 70000014.pinmux
[    3.307703] tegra20-pinctrl 70000014.pinmux: request pin 107 (DAP1_SCLK PN3) for 70000014.pinmux
[    3.316544] tegra20-pinctrl 70000014.pinmux: request pin 2 (DAP2_FS PA2) for 70000014.pinmux
[    3.325037] tegra20-pinctrl 70000014.pinmux: request pin 3 (DAP2_SCLK PA3) for 70000014.pinmux
[    3.333703] tegra20-pinctrl 70000014.pinmux: request pin 4 (DAP2_DIN PA4) for 70000014.pinmux
[    3.342274] tegra20-pinctrl 70000014.pinmux: request pin 5 (DAP2_DOUT PA5) for 70000014.pinmux
[    3.350952] tegra20-pinctrl 70000014.pinmux: request pin 120 (DAP3_FS PP0) for 70000014.pinmux
[    3.359617] tegra20-pinctrl 70000014.pinmux: request pin 121 (DAP3_DIN PP1) for 70000014.pinmux
[    3.368370] tegra20-pinctrl 70000014.pinmux: request pin 122 (DAP3_DOUT PP2) for 70000014.pinmux
[    3.377210] tegra20-pinctrl 70000014.pinmux: request pin 123 (DAP3_SCLK PP3) for 70000014.pinmux
[    3.386051] tegra20-pinctrl 70000014.pinmux: request pin 124 (DAP4_FS PP4) for 70000014.pinmux
[    3.394721] tegra20-pinctrl 70000014.pinmux: request pin 125 (DAP4_DIN PP5) for 70000014.pinmux
[    3.403471] tegra20-pinctrl 70000014.pinmux: request pin 126 (DAP4_DOUT PP6) for 70000014.pinmux
[    3.412301] tegra20-pinctrl 70000014.pinmux: request pin 127 (DAP4_SCLK PP7) for 70000014.pinmux
[    3.421152] tegra20-pinctrl 70000014.pinmux: request pin 256 (DDC_SCL) for 70000014.pinmux
[    3.429470] tegra20-pinctrl 70000014.pinmux: request pin 257 (DDC_SDA) for 70000014.pinmux
[    3.437791] tegra20-pinctrl 70000014.pinmux: request pin 156 (VI_D0 PT4) for 70000014.pinmux
[    3.446284] tegra20-pinctrl 70000014.pinmux: request pin 29 (VI_D1 PD5) for 70000014.pinmux
[    3.454691] tegra20-pinctrl 70000014.pinmux: request pin 154 (VD_D10 PT2) for 70000014.pinmux
[    3.463270] tegra20-pinctrl 70000014.pinmux: request pin 155 (VI_D11 PT3) for 70000014.pinmux
[    3.471842] tegra20-pinctrl 70000014.pinmux: request pin 31 (VI_HSYNC PD7) for 70000014.pinmux
[    3.480517] tegra20-pinctrl 70000014.pinmux: request pin 30 (VI_VSYNC PD6) for 70000014.pinmux
[    3.489185] tegra20-pinctrl 70000014.pinmux: request pin 152 (VI_PCLK PT0) for 70000014.pinmux
[    3.497851] tegra20-pinctrl 70000014.pinmux: request pin 88 (VI_D2 PL0) for 70000014.pinmux
[    3.506256] tegra20-pinctrl 70000014.pinmux: request pin 89 (VI_D3 PL1) for 70000014.pinmux
[    3.514663] tegra20-pinctrl 70000014.pinmux: request pin 90 (VI_D4 PL2) for 70000014.pinmux
[    3.523061] tegra20-pinctrl 70000014.pinmux: request pin 91 (VI_D5 PL3) for 70000014.pinmux
[    3.531481] tegra20-pinctrl 70000014.pinmux: request pin 92 (VI_D6 PL4) for 70000014.pinmux
[    3.539884] tegra20-pinctrl 70000014.pinmux: request pin 93 (VI_D7 PL5) for 70000014.pinmux
[    3.548290] tegra20-pinctrl 70000014.pinmux: request pin 94 (VI_D8 PL6) for 70000014.pinmux
[    3.556697] tegra20-pinctrl 70000014.pinmux: request pin 95 (VI_D9 PL7) for 70000014.pinmux
[    3.565105] tegra20-pinctrl 70000014.pinmux: request pin 217 (VI_GP0 PBB1) for 70000014.pinmux
[    3.573770] tegra20-pinctrl 70000014.pinmux: request pin 220 (VI_GP3 PBB4) for 70000014.pinmux
[    3.582428] tegra20-pinctrl 70000014.pinmux: request pin 221 (VI_GP4 PBB5) for 70000014.pinmux
[    3.591104] tegra20-pinctrl 70000014.pinmux: request pin 26 (VI_GP5 PD2) for 70000014.pinmux
[    3.599597] tegra20-pinctrl 70000014.pinmux: request pin 0 (VI_GP6 PA0) for 70000014.pinmux
[    3.608005] tegra20-pinctrl 70000014.pinmux: request pin 218 (CAM_I2C_SCL PBB2) for 70000014.pinmux
[    3.617104] tegra20-pinctrl 70000014.pinmux: request pin 219 (CAM_I2C_SDA PBB3) for 70000014.pinmux
[    3.626223] cfg80211: Calling CRDA to update world regulatory domain
[    3.632670] tegra20-pinctrl 70000014.pinmux: request pin 79 (GMI_AD16 PJ7) for 70000014.pinmux
[    3.641295] tegra20-pinctrl 70000014.pinmux: request pin 8 (GMI_AD17 PB0) for 70000014.pinmux
[    3.649867] tegra20-pinctrl 70000014.pinmux: request pin 9 (GMI_AD18 PB1) for 70000014.pinmux
[    3.658454] tegra20-pinctrl 70000014.pinmux: request pin 87 (GMI_AD19 PK7) for 70000014.pinmux
[    3.667116] tegra20-pinctrl 70000014.pinmux: request pin 72 (GMI_CS0_N PJ0) for 70000014.pinmux
[    3.675869] tegra20-pinctrl 70000014.pinmux: request pin 74 (GMI_CS1_N PJ2) for 70000014.pinmux
[    3.684620] tegra20-pinctrl 70000014.pinmux: request pin 160 (PU0) for 70000014.pinmux
[    3.692581] tegra20-pinctrl 70000014.pinmux: request pin 161 (PU1) for 70000014.pinmux
[    3.700564] tegra20-pinctrl 70000014.pinmux: request pin 162 (PU2) for 70000014.pinmux
[    3.708537] tegra20-pinctrl 70000014.pinmux: request pin 163 (PU3) for 70000014.pinmux
[    3.716510] tegra20-pinctrl 70000014.pinmux: request pin 164 (PU4) for 70000014.pinmux
[    3.724483] tegra20-pinctrl 70000014.pinmux: request pin 165 (PU5) for 70000014.pinmux
[    3.732448] tegra20-pinctrl 70000014.pinmux: request pin 166 (PU6) for 70000014.pinmux
[    3.740432] tegra20-pinctrl 70000014.pinmux: request pin 167 (JTAG_RTCK PU7) for 70000014.pinmux
[    3.749271] tegra20-pinctrl 70000014.pinmux: request pin 172 (PV4) for 70000014.pinmux
[    3.757243] tegra20-pinctrl 70000014.pinmux: request pin 173 (PV5) for 70000014.pinmux
[    3.765216] tegra20-pinctrl 70000014.pinmux: request pin 174 (PV6) for 70000014.pinmux
[    3.773191] tegra20-pinctrl 70000014.pinmux: request pin 25 (SDIO3_DAT4 PD1) for 70000014.pinmux
[    3.782022] tegra20-pinctrl 70000014.pinmux: request pin 24 (SDIO3_DAT5 PD0) for 70000014.pinmux
[    3.790876] tegra20-pinctrl 70000014.pinmux: request pin 111 (HDMI_INT_N PN7) for 70000014.pinmux
[    3.799799] tegra20-pinctrl 70000014.pinmux: request pin 206 (PWR_I2C_SCL PZ6) for 70000014.pinmux
[    3.808811] tegra20-pinctrl 70000014.pinmux: request pin 207 (PWR_I2C_SDA PZ7) for 70000014.pinmux
[    3.817825] tegra20-pinctrl 70000014.pinmux: request pin 78 (UART2_RTS_N PJ6) for 70000014.pinmux
[    3.826751] tegra20-pinctrl 70000014.pinmux: request pin 77 (UART2_CTS_N PJ5) for 70000014.pinmux
[    3.835677] tegra20-pinctrl 70000014.pinmux: request pin 136 (KB_ROW0 PR0) for 70000014.pinmux
[    3.844343] tegra20-pinctrl 70000014.pinmux: request pin 137 (KB_ROW1 PR1) for 70000014.pinmux
[    3.853001] tegra20-pinctrl 70000014.pinmux: request pin 138 (KB_ROW2 PR2) for 70000014.pinmux
[    3.861678] tegra20-pinctrl 70000014.pinmux: request pin 143 (KB_ROW7 PR7) for 70000014.pinmux
[    3.870344] tegra20-pinctrl 70000014.pinmux: request pin 144 (KB_ROW8 PS0) for 70000014.pinmux
[    3.879010] tegra20-pinctrl 70000014.pinmux: request pin 145 (KB_ROW9 PS1) for 70000014.pinmux
[    3.887677] tegra20-pinctrl 70000014.pinmux: request pin 146 (KB_ROW10 PS2) for 70000014.pinmux
[    3.896430] tegra20-pinctrl 70000014.pinmux: request pin 147 (KB_ROW11 PS3) for 70000014.pinmux
[    3.905183] tegra20-pinctrl 70000014.pinmux: request pin 148 (KB_ROW12 PS4) for 70000014.pinmux
[    3.913941] tegra20-pinctrl 70000014.pinmux: request pin 149 (KB_ROW13 PS5) for 70000014.pinmux
[    3.922681] tegra20-pinctrl 70000014.pinmux: request pin 150 (KB_ROW14 PS6) for 70000014.pinmux
[    3.931445] tegra20-pinctrl 70000014.pinmux: request pin 151 (KB_ROW15 PS7) for 70000014.pinmux
[    3.940199] tegra20-pinctrl 70000014.pinmux: request pin 128 (KB_COL0 PQ0) for 70000014.pinmux
[    3.948864] tegra20-pinctrl 70000014.pinmux: request pin 129 (KB_COL1 PQ1) for 70000014.pinmux
[    3.957531] tegra20-pinctrl 70000014.pinmux: request pin 139 (KB_ROW3 PR3) for 70000014.pinmux
[    3.966197] tegra20-pinctrl 70000014.pinmux: request pin 140 (KB_ROW4 PR4) for 70000014.pinmux
[    3.974864] tegra20-pinctrl 70000014.pinmux: request pin 141 (KB_ROW5 PR5) for 70000014.pinmux
[    3.983530] tegra20-pinctrl 70000014.pinmux: request pin 142 (KB_ROW6 PR6) for 70000014.pinmux
[    3.992188] tegra20-pinctrl 70000014.pinmux: request pin 135 (KB_COL7 PQ7) for 70000014.pinmux
[    4.000865] tegra20-pinctrl 70000014.pinmux: request pin 130 (KB_COL2 PQ2) for 70000014.pinmux
[    4.009530] tegra20-pinctrl 70000014.pinmux: request pin 131 (KB_COL3 PQ3) for 70000014.pinmux
[    4.018197] tegra20-pinctrl 70000014.pinmux: request pin 132 (KB_COL4 PQ4) for 70000014.pinmux
[    4.026861] tegra20-pinctrl 70000014.pinmux: request pin 133 (KB_COL5 PQ5) for 70000014.pinmux
[    4.035530] tegra20-pinctrl 70000014.pinmux: request pin 134 (KB_COL6 PQ6) for 70000014.pinmux
[    4.044202] tegra20-pinctrl 70000014.pinmux: 