
U-Boot SPL 2014.01-00219-gc4d376f (Feb 18 2014 - 19:57:32)


U-Boot 2014.01-00219-gc4d376f (Feb 18 2014 - 19:57:32)

TEGRA114
Board: NVIDIA Dalmore
I2C:   ready
DRAM:  2 GiB
MMC:   Tegra SD/MMC: 0, Tegra SD/MMC: 1
In:    serial
Out:   serial
Err:   serial
Net:   Net Initialization Skipped
No ethernet found.
Hit any key to stop autoboot:  2  0 
Tegra114 (Dalmore) # 
Tegra114 (Dalmore) # usb reset
(Re)start USB...
USB0:   USB EHCI 1.10
scanning bus 0 for devices... 2 USB Device(s) found
       scanning usb for storage devices... 0 Storage Device(s) found
       scanning usb for ethernet devices... 
Warning: asx0 using MAC address from net device
1 Ethernet Device(s) found
Tegra114 (Dalmore) # setenv bootargs 'ignore_loglevel console=ttyS0,115200n8 rw root=/dev/mmcblk0p1 rootwait gpt debug earlyprintk init=/bin/bash'
Tegra114 (Dalmore) # setenv ipaddr 192.168.100.100; setenv serverip 192.168.100.1; setenv tftpserverip 192.168.100.1
Tegra114 (Dalmore) # tftpboot 0x81000000 zImage.multi_v7_defconfig
Using asx0 device
TFTP from server 192.168.100.1; our IP address is 192.168.100.100
Filename 'zImage.multi_v7_defconfig'.
Load address: 0x81000000
Loading: *#################################################################
	 #################################################################
	 #################################################################
	 #################################################################
	 #################################################################
	 #################################################################
	 ####################################################
	 3.3 MiB/s
done
Bytes transferred = 6477184 (62d580 hex)
Tegra114 (Dalmore) # tftpboot 0x82000000 tegra114-dalmore.dtb
Using asx0 device
TFTP from server 192.168.100.1; our IP address is 192.168.100.100
Filename 'tegra114-dalmore.dtb'.
Load address: 0x82000000
Loading: *###
	 3.3 MiB/s
done
Bytes transferred = 34894 (884e hex)
Tegra114 (Dalmore) # bootz 0x81000000 - 0x82000000
Kernel image @ 0x81000000 [ 0x000000 - 0x62d580 ]
## Flattened Device Tree blob at 82000000
   Booting using the fdt blob at 0x82000000
   Loading Device Tree to 8fff4000, end 8ffff84d ... OK

Starting kernel ...

[    0.000000] Booting Linux on physical CPU 0x0
[    0.000000] Linux version 4.3.0-51166-gbd4f203 (pwalmsley@sellafield) (gcc version 4.7.3 20130328 (prerelease) (crosstool-NG linaro-1.13.1-4.7-2013.04-20130415 - Linaro GCC 2013.04) ) #1 SMP Mon Nov 23 08:25:11 PST 2015
[    0.000000] CPU: ARMv7 Processor [412fc0f2] revision 2 (ARMv7), cr=10c5387d
[    0.000000] CPU: PIPT / VIPT nonaliasing data cache, PIPT instruction cache
[    0.000000] Machine model: NVIDIA Tegra114 Dalmore evaluation board
[    0.000000] debug: ignoring loglevel setting.
[    0.000000] cma: Reserved 64 MiB at 0xfb800000
[    0.000000] Memory policy: Data cache writealloc
[    0.000000] On node 0 totalpages: 524032
[    0.000000] free_area_init_node: node 0, pgdat c0f982c0, node_mem_map eeff8000
[    0.000000]   DMA zone: 1536 pages used for memmap
[    0.000000]   DMA zone: 0 pages reserved
[    0.000000]   DMA zone: 196608 pages, LIFO batch:31
[    0.000000]   HighMem zone: 327424 pages, LIFO batch:31
[    0.000000] PERCPU: Embedded 12 pages/cpu @eefa3000 s19136 r8192 d21824 u49152
[    0.000000] pcpu-alloc: s19136 r8192 d21824 u49152 alloc=12*4096
[    0.000000] pcpu-alloc: [0] 0 [0] 1 [0] 2 [0] 3 
[    0.000000] Built 1 zonelists in Zone order, mobility grouping on.  Total pages: 522496
[    0.000000] Kernel command line: ignore_loglevel console=ttyS0,115200n8 rw root=/dev/mmcblk0p1 rootwait gpt debug earlyprintk init=/bin/bash
[    0.000000] PID hash table entries: 4096 (order: 2, 16384 bytes)
[    0.000000] Dentry cache hash table entries: 131072 (order: 7, 524288 bytes)
[    0.000000] Inode-cache hash table entries: 65536 (order: 6, 262144 bytes)
[    0.000000] Memory: 1998760K/2096128K available (8156K kernel code, 1032K rwdata, 3660K rodata, 1040K init, 340K bss, 31832K reserved, 65536K cma-reserved, 1244160K highmem)
[    0.000000] Virtual kernel memory layout:
[    0.000000]     vector  : 0xffff0000 - 0xffff1000   (   4 kB)
[    0.000000]     fixmap  : 0xffc00000 - 0xfff00000   (3072 kB)
[    0.000000]     vmalloc : 0xf0800000 - 0xff800000   ( 240 MB)
[    0.000000]     lowmem  : 0xc0000000 - 0xf0000000   ( 768 MB)
[    0.000000]     pkmap   : 0xbfe00000 - 0xc0000000   (   2 MB)
[    0.000000]     modules : 0xbf000000 - 0xbfe00000   (  14 MB)
[    0.000000]       .text : 0xc0208000 - 0xc0d932ac   (11821 kB)
[    0.000000]       .init : 0xc0d94000 - 0xc0e98000   (1040 kB)
[    0.000000]       .data : 0xc0e98000 - 0xc0f9a220   (1033 kB)
[    0.000000]        .bss : 0xc0f9d000 - 0xc0ff23a8   ( 341 kB)
[    0.000000] SLUB: HWalign=64, Order=0-3, MinObjects=0, CPUs=4, Nodes=1
[    0.000000] Hierarchical RCU implementation.
[    0.000000] 	Build-time adjustment of leaf fanout to 32.
[    0.000000] 	RCU restricting CPUs from NR_CPUS=16 to nr_cpu_ids=4.
[    0.000000] RCU: Adjusting geometry for rcu_fanout_leaf=32, nr_cpu_ids=4
[    0.000000] NR_IRQS:16 nr_irqs:16 16
[    0.000000] /interrupt-controller@60004000: 160 interrupts forwarded to /interrupt-controller@50041000
[    0.000000] L2C: failed to init: -19
[    0.000010] sched_clock: 32 bits at 1000kHz, resolution 1000ns, wraps every 2147483647500ns
[    0.000030] clocksource: timer_us: mask: 0xffffffff max_cycles: 0xffffffff, max_idle_ns: 1911260446275 ns
[    0.000044] Switching to timer-based delay loop, resolution 1000ns
[    0.002895] Architected cp15 timer(s) running at 12.00MHz (virt).
[    0.002914] clocksource: arch_sys_counter: mask: 0xffffffffffffff max_cycles: 0x2c47f4ee7, max_idle_ns: 440795202497 ns
[    0.002931] sched_clock: 56 bits at 12MHz, resolution 83ns, wraps every 4398046511096ns
[    0.002944] Switching to timer-based delay loop, resolution 83ns
[    0.003305] Console: colour dummy device 80x30
[    0.003330] Calibrating delay loop (skipped), value calculated using timer frequency.. 24.00 BogoMIPS (lpj=60000)
[    0.003344] pid_max: default: 32768 minimum: 301
[    0.003454] Mount-cache hash table entries: 2048 (order: 1, 8192 bytes)
[    0.003466] Mountpoint-cache hash table entries: 2048 (order: 1, 8192 bytes)
[    0.004074] CPU: Testing write buffer coherency: ok
[    0.004291] /cpus/cpu@0 missing clock-frequency property
[    0.004319] /cpus/cpu@1 missing clock-frequency property
[    0.004347] /cpus/cpu@2 missing clock-frequency property
[    0.004377] /cpus/cpu@3 missing clock-frequency property
[    0.004390] CPU0: thread -1, cpu 0, socket 0, mpidr 80000000
[    0.004433] Setting up static identity map for 0x80209000 - 0x80209098
[    0.006705] Tegra Revision: A01 SKU: 0 CPU Process: 1 SoC Process: 0
[    0.007916] CPU1: thread -1, cpu 1, socket 0, mpidr 80000001
[    0.008466] CPU2: thread -1, cpu 2, socket 0, mpidr 80000002
[    0.009008] CPU3: thread -1, cpu 3, socket 0, mpidr 80000003
[    0.009076] Brought up 4 CPUs
[    0.009096] SMP: Total of 4 processors activated (96.00 BogoMIPS).
[    0.009104] CPU: All CPU(s) started in SVC mode.
[    0.010532] devtmpfs: initialized
[    0.021385] VFP support v0.3: implementor 41 architecture 4 part 30 variant f rev 0
[    0.022014] clocksource: jiffies: mask: 0xffffffff max_cycles: 0xffffffff, max_idle_ns: 9556302231375000 ns
[    0.023703] pinctrl core: initialized pinctrl subsystem
[    0.025282] NET: Registered protocol family 16
[    0.027404] DMA: preallocated 256 KiB pool for atomic coherent allocations
[    0.042819] cpuidle: using governor ladder
[    0.057839] cpuidle: using governor menu
[    0.071929] No ATAGs?
[    0.071967] hw-breakpoint: found 5 (+1 reserved) breakpoint and 4 watchpoint registers.
[    0.071977] hw-breakpoint: maximum watchpoint size is 8 bytes.
[    0.076072] Serial: AMBA PL011 UART driver
[    0.077220] tegra-mc 70019000.memory-controller: no memory timings for RAM code 3 registered
[    0.102320] dvdd_ts: Failed to request enable GPIO61: -517
[    0.102438] reg-fixed-voltage regulators:regulator@1: Failed to register regulator: -517
[    0.102658] usb1_vbus: Failed to request enable GPIO108: -517
[    0.102765] reg-fixed-voltage regulators:regulator@3: Failed to register regulator: -517
[    0.103005] usb2_vbus: Failed to request enable GPIO86: -517
[    0.103112] reg-fixed-voltage regulators:regulator@4: Failed to register regulator: -517
[    0.103625] VDD_5V0_HDMI_CON: Failed to request enable GPIO81: -517
[    0.103731] reg-fixed-voltage regulators:regulator@7: Failed to register regulator: -517
[    0.106277] vgaarb: loaded
[    0.107041] SCSI subsystem initialized
[    0.107219] libata version 3.00 loaded.
[    0.107537] usbcore: registered new interface driver usbfs
[    0.107606] usbcore: registered new interface driver hub
[    0.107683] usbcore: registered new device driver usb
[    0.111284] tps65090 2-0048: No cache defaults, reading back from HW
[    0.117458] genirq: Setting trigger mode 8 for irq 341 failed (irq_chip_set_type_parent+0x0/0x28)
[    0.117482] palmas 2-0058: Irq flag is 0x00000000
[    0.120680] palmas 2-0058: Muxing GPIO ff, PWM 0, LED 0
[    0.130343] sdhci-vdd-sd-slot: ramp_delay not set
[    0.155992] pps_core: LinuxPPS API ver. 1 registered
[    0.156003] pps_core: Software ver. 5.3.6 - Copyright 2005-2007 Rodolfo Giometti <giometti@linux.it>
[    0.156033] PTP clock support registered
[    0.156259] EDAC MC: Ver: 3.0.0
[    0.158753] clocksource: Switched to clocksource arch_sys_counter
[    0.169852] NET: Registered protocol family 2
[    0.170383] TCP established hash table entries: 8192 (order: 3, 32768 bytes)
[    0.170483] TCP bind hash table entries: 8192 (order: 4, 65536 bytes)
[    0.170670] TCP: Hash tables configured (established 8192 bind 8192)
[    0.170726] UDP hash table entries: 512 (order: 2, 16384 bytes)
[    0.170767] UDP-Lite hash table entries: 512 (order: 2, 16384 bytes)
[    0.170942] NET: Registered protocol family 1
[    0.171217] RPC: Registered named UNIX socket transport module.
[    0.171227] RPC: Registered udp transport module.
[    0.171235] RPC: Registered tcp transport module.
[    0.171243] RPC: Registered tcp NFSv4.1 backchannel transport module.
[    0.171264] PCI: CLS 0 bytes, default 64
[    0.173520] futex hash table entries: 1024 (order: 4, 65536 bytes)
[    0.185730] squashfs: version 4.0 (2009/01/31) Phillip Lougher
[    0.186667] NFS: Registering the id_resolver key type
[    0.186697] Key type id_resolver registered
[    0.186706] Key type id_legacy registered
[    0.186780] ntfs: driver 2.1.32 [Flags: R/O].
[    0.188198] bounce: pool size: 64 pages
[    0.188420] Block layer SCSI generic (bsg) driver version 0.4 loaded (major 249)
[    0.188440] io scheduler noop registered
[    0.188459] io scheduler deadline registered
[    0.188498] io scheduler cfq registered (default)
[    0.207206] vdd-lcd-bl: supplied by vdd_ac_bat
[    0.214331] tegra-apbdma 6000a000.dma: Tegra20 APB DMA driver register 32 channels
[    0.215642] tegra-pmc 7000e400.pmc: i2c-thermtrip node not found, emergency thermal reset disabled.
[    0.283303] Serial: 8250/16550 driver, 4 ports, IRQ sharing disabled
[    0.285805] SuperH (H)SCI(F) driver initialized
[    0.286719] msm_serial: driver initialized
[    0.287615] console [ttyS0] disabled
[    0.287652] 70006300.serial: ttyS0 at MMIO 0x70006300 (irq = 329, base_baud = 25500000) is a Tegra
[    1.099639] console [ttyS0] enabled
[    1.103889] STMicroelectronics ASC driver initialized
[    1.111172] [drm] Initialized drm 1.1.0 20060810
[    1.117911] vdd-ao: supplied by vdd_ac_bat
[    1.122251] vddio-1v8: supplied by vdd-ao
[    1.126647] avdd-dsi-csi: supplied by vddio-1v8
[    1.133389] tegra-hdmi 54280000.hdmi: failed to get HDMI regulator
[    1.141449] vdd-sys-3v3: supplied by vdd_ac_bat
[    1.146203] avdd-lcd: supplied by vdd-sys-3v3
[    1.157616] loop: module loaded
[    1.167380] m25p80 spi32766.0: w25q32dw (4096 Kbytes)
[    1.172457] spi32766.0: 'partitions' subnode not found on /spi@7000da00/spi-flash@0. Trying to parse direct subnodes as partitions.
[    1.187568] CAN device driver interface
[    1.192674] igb: Intel(R) Gigabit Ethernet Network Driver - version 5.3.0-k
[    1.199644] igb: Copyright (c) 2007-2014 Intel Corporation.
[    1.208297] pegasus: v0.9.3 (2013/04/25), Pegasus/Pegasus II USB Ethernet driver
[    1.215763] usbcore: registered new interface driver pegasus
[    1.221502] usbcore: registered new interface driver asix
[    1.226963] usbcore: registered new interface driver ax88179_178a
[    1.233115] usbcore: registered new interface driver cdc_ether
[    1.239030] usbcore: registered new interface driver smsc75xx
[    1.244856] usbcore: registered new interface driver smsc95xx
[    1.250664] usbcore: registered new interface driver net1080
[    1.256395] usbcore: registered new interface driver cdc_subset
[    1.262376] usbcore: registered new interface driver zaurus
[    1.268048] usbcore: registered new interface driver cdc_ncm
[    1.275556] ehci_hcd: USB 2.0 'Enhanced' Host Controller (EHCI) Driver
[    1.282098] ehci-pci: EHCI PCI platform driver
[    1.286598] ehci-platform: EHCI generic platform driver
[    1.292025] ehci-omap: OMAP-EHCI Host Controller driver
[    1.297404] ehci-orion: EHCI orion driver
[    1.301560] SPEAr-ehci: EHCI SPEAr driver
[    1.305720] ehci-st: EHCI STMicroelectronics driver
[    1.310751] ehci-exynos: EHCI EXYNOS driver
[    1.315101] ehci-atmel: EHCI Atmel driver
[    1.319259] tegra-ehci: Tegra EHCI driver
[    1.323562] ohci_hcd: USB 1.1 'Open' Host Controller (OHCI) Driver
[    1.329766] ohci-pci: OHCI PCI platform driver
[    1.334271] ohci-platform: OHCI generic platform driver
[    1.339659] ohci-omap3: OHCI OMAP3 driver
[    1.343816] SPEAr-ohci: OHCI SPEAr driver
[    1.347955] ohci-st: OHCI STMicroelectronics driver
[    1.352980] ohci-atmel: OHCI Atmel driver
[    1.357493] usbcore: registered new interface driver usb-storage
[    1.365037] mousedev: PS/2 mouse device common for all mice
[    1.375867] palmas-rtc 7000d000.i2c:tps65913@58:rtc: rtc core: registered 7000d000.i2c:tps659 as rtc0
[    1.386998] tegra_rtc 7000e000.rtc: rtc core: registered 7000e000.rtc as rtc1
[    1.394192] tegra_rtc 7000e000.rtc: Tegra internal Real Time Clock
[    1.400937] i2c /dev entries driver
[    1.407790] sbs-battery 0-000b: sbs_probe: Failed to get device status
[    1.414344] sbs-battery: probe of 0-000b failed with error -121
[    1.422993] vdd-sensor-2v85: supplied by vdd-sys-3v3
[    1.435031] sdhci: Secure Digital Host Controller Interface driver
[    1.441221] sdhci: Copyright(c) Pierre Ossman
[    1.447109] Synopsys Designware Multimedia Card Interface Driver
[    1.454230] sdhci-pltfm: SDHCI platform and OF driver helper
[    1.460606] sdhci-tegra 78000400.sdhci: Got CD GPIO
[    1.465511] sdhci-tegra 78000400.sdhci: Got WP GPIO
[    1.471563] sdhci-tegra 78000400.sdhci: No vmmc regulator found
[    1.477495] sdhci-tegra 78000400.sdhci: No vqmmc regulator found
[    1.483506] mmc0: Invalid maximum block size, assuming 512 bytes
[    1.523894] mmc0: SDHCI controller on 78000400.sdhci [78000400.sdhci] using ADMA
[    1.533587] sdhci-tegra 78000600.sdhci: No vmmc regulator found
[    1.539522] sdhci-tegra 78000600.sdhci: No vqmmc regulator found
[    1.545533] mmc1: Invalid maximum block size, assuming 512 bytes
[    1.583776] mmc1: SDHCI controller on 78000600.sdhci [78000600.sdhci] using ADMA
[    1.592461] ledtrig-cpu: registered to indicate activity on CPUs
[    1.598689] usbcore: registered new interface driver usbhid
[    1.604273] usbhid: USB HID core driver
[    1.616944] NET: Registered protocol family 10
[    1.622199] sit: IPv6 over IPv4 tunneling driver
[    1.629565] NET: Registered protocol family 17
[    1.634047] can: controller area network core (rev 20120528 abi 9)
[    1.642316] NET: Registered protocol family 29
[    1.646790] can: raw protocol (rev 20120528)
[    1.653093] can: broadcast manager protocol (rev 20120528 t)
[    1.660801] can: netlink gateway (rev 20130117) max_hops=1
[    1.666694] Key type dns_resolver registered
[    1.675679] ThumbEE CPU extension supported.
[    1.679987] Registering SWP/SWPB emulation handler
[    1.698226] vdd-sys-5v0: supplied by vdd_ac_bat
[    1.703107] VDD_5V0_HDMI_CON: supplied by vdd-sys-5v0
[    1.709914] vdd_hdmi_5v0: supplied by vdd-sys-5v0
[    1.718512] [drm] Supports vblank timestamp caching Rev 2 (21.10.2013).
[    1.725187] [drm] No driver support for vblank timestamp query.
[    1.728908] mmc1: MAN_BKOPS_EN bit is not set
[    1.734154] mmc1: new high speed MMC card at address 0001
[    1.735484] mmcblk0: mmc1:0001 SEM32G 29.1 GiB 
[    1.736282] mmcblk0boot0: mmc1:0001 SEM32G partition 1 4.00 MiB
[    1.736916] mmcblk0boot1: mmc1:0001 SEM32G partition 2 4.00 MiB
[    1.737695] mmcblk0rpmb: mmc1:0001 SEM32G partition 3 4.00 MiB
[    1.742405]  mmcblk0: p1 p2 p3 p4 p5 p6 p7 p8
[    1.810574] Console: switching to colour frame buffer device 240x75
[    1.838268] drm drm: fb0:  frame buffer device
[    1.853810] [drm] Initialized tegra 0.0.0 20120330 on minor 0
[    1.860727] usb2_vbus: supplied by vdd-sys-5v0
[    1.867347] tegra-ehci 7d008000.usb: EHCI Host Controller
[    1.872829] tegra-ehci 7d008000.usb: new USB bus registered, assigned bus number 1
[    1.880758] tegra-ehci 7d008000.usb: irq 339, io mem 0x7d008000
[    1.893912] tegra-ehci 7d008000.usb: USB 2.0 started, EHCI 1.10
[    1.901152] hub 1-0:1.0: USB hub found
[    1.905015] hub 1-0:1.0: 1 port detected
[    1.911052] input: gpio-keys as /devices/soc0/gpio-keys/input/input0
[    1.919814] palmas-rtc 7000d000.i2c:tps65913@58:rtc: setting system clock to 2000-06-05 01:23:25 UTC (960168205)
[    1.943253] dvdd_ts: disabling
[    1.946349] usb1_vbus: disabling
[    1.949584] vdd_cam_1v8_reg: disabling
[    1.955082] EXT4-fs (mmcblk0p1): mounting ext3 file system using the ext4 subsystem
[    1.984991] EXT4-fs (mmcblk0p1): recovery complete
[    1.989873] EXT4-fs (mmcblk0p1): mounted filesystem with ordered data mode. Opts: (null)
[    1.998048] VFS: Mounted root (ext3 filesystem) on device 179:1.
[    2.009556] devtmpfs: mounted
[    2.013393] Freeing unused kernel memory: 1040K (c0d94000 - c0e98000)
bash: cannot set terminal process group (-1): Inappropriate ioctl for device
bash: no job control in this shell
root@(none):/# [    2.218917] usb 1-1: new high-speed USB device number 2 using tegra-ehci
