
U-Boot SPL 2014.01-00219-gc4d376f (Feb 18 2014 - 19:57:32)


U-Boot 2014.01-00219-gc4d376f (Feb 18 2014 - 19:57:32)

TEGRA114
Board: NVIDIA Dalmore
I2C:   ready
DRAM:  2 GiB
MMC:   Tegra SD/MMC: 0, Tegra SD/MMC: 1
In:    serial
Out:   serial
Err:   serial
Net:   Net Initialization Skipped
No ethernet found.
Hit any key to stop autoboot:  2  0 
Tegra114 (Dalmore) # 
Tegra114 (Dalmore) # usb reset
(Re)start USB...
USB0:   USB EHCI 1.10
scanning bus 0 for devices... 2 USB Device(s) found
       scanning usb for storage devices... 0 Storage Device(s) found
       scanning usb for ethernet devices... 
Warning: asx0 using MAC address from net device
1 Ethernet Device(s) found
Tegra114 (Dalmore) # setenv bootargs 'ignore_loglevel console=ttyS0,115200n8 rw root=PARTUUID=7369c667-ff51-ec4a-29cd-baabf2fbe346 rootwait gpt debug earlyprintk init=/bin/bash'
Tegra114 (Dalmore) # setenv ipaddr 192.168.100.100; setenv serverip 192.168.100.1; setenv tftpserverip 192.168.100.1
Tegra114 (Dalmore) # tftpboot 0x81000000 zImage.multi_v7_defconfig
Using asx0 device
TFTP from server 192.168.100.1; our IP address is 192.168.100.100
Filename 'zImage.multi_v7_defconfig'.
Load address: 0x81000000
Loading: *#################################################################
	 #################################################################
	 #################################################################
	 #################################################################
	 #################################################################
	 #################################################################
	 #################################################################
	 #################################################################
	 ####################################
	 2.9 MiB/s
done
Bytes transferred = 8159752 (7c8208 hex)
Tegra114 (Dalmore) # tftpboot 0x82000000 tegra114-dalmore.dtb
Using asx0 device
TFTP from server 192.168.100.1; our IP address is 192.168.100.100
Filename 'tegra114-dalmore.dtb'.
Load address: 0x82000000
Loading: *###
	 2.6 MiB/s
done
Bytes transferred = 35036 (88dc hex)
Tegra114 (Dalmore) # bootz 0x81000000 - 0x82000000
Kernel image @ 0x81000000 [ 0x000000 - 0x7c8200 ]
## Flattened Device Tree blob at 82000000
   Booting using the fdt blob at 0x82000000
   Loading Device Tree to 8fff4000, end 8ffff8db ... OK

Starting kernel ...

[    0.000000] Booting Linux on physical CPU 0x0
[    0.000000] Linux version 4.13.0-next-20170908-199620-gda52d78 (jonathanh@sellafield) (gcc version 4.7.3 20130328 (prerelease) (crosstool-NG linaro-1.13.1-4.7-2013.04-20130415 - Linaro GCC 2013.04)) #1 SMP Tue Sep 12 06:17:15 PDT 2017
[    0.000000] CPU: ARMv7 Processor [412fc0f2] revision 2 (ARMv7), cr=10c5387d
[    0.000000] CPU: div instructions available: patching division code
[    0.000000] CPU: PIPT / VIPT nonaliasing data cache, PIPT instruction cache
[    0.000000] OF: fdt: Machine model: NVIDIA Tegra114 Dalmore evaluation board
[    0.000000] debug: ignoring loglevel setting.
[    0.000000] Memory policy: Data cache writealloc
[    0.000000] efi: Getting EFI parameters from FDT:
[    0.000000] efi: UEFI not found.
[    0.000000] cma: Reserved 64 MiB at 0xfb800000
[    0.000000] On node 0 totalpages: 524032
[    0.000000] free_area_init_node: node 0, pgdat c158e5c0, node_mem_map eeff8000
[    0.000000]   DMA zone: 1536 pages used for memmap
[    0.000000]   DMA zone: 0 pages reserved
[    0.000000]   DMA zone: 196608 pages, LIFO batch:31
[    0.000000]   HighMem zone: 327424 pages, LIFO batch:31
[    0.000000] random: fast init done
[    0.000000] percpu: Embedded 17 pages/cpu @eef98000 s39424 r8192 d22016 u69632
[    0.000000] pcpu-alloc: s39424 r8192 d22016 u69632 alloc=17*4096
[    0.000000] pcpu-alloc: [0] 0 [0] 1 [0] 2 [0] 3 
[    0.000000] Built 1 zonelists, mobility grouping on.  Total pages: 522496
[    0.000000] Kernel command line: ignore_loglevel console=ttyS0,115200n8 rw root=PARTUUID=7369c667-ff51-ec4a-29cd-baabf2fbe346 rootwait gpt debug earlyprintk init=/bin/bash
[    0.000000] PID hash table entries: 4096 (order: 2, 16384 bytes)
[    0.000000] Dentry cache hash table entries: 131072 (order: 7, 524288 bytes)
[    0.000000] Inode-cache hash table entries: 65536 (order: 6, 262144 bytes)
[    0.000000] Memory: 1993480K/2096128K available (10240K kernel code, 1626K rwdata, 4508K rodata, 2048K init, 405K bss, 37112K reserved, 65536K cma-reserved, 1244160K highmem)
[    0.000000] Virtual kernel memory layout:
[    0.000000]     vector  : 0xffff0000 - 0xffff1000   (   4 kB)
[    0.000000]     fixmap  : 0xffc00000 - 0xfff00000   (3072 kB)
[    0.000000]     vmalloc : 0xf0800000 - 0xff800000   ( 240 MB)
[    0.000000]     lowmem  : 0xc0000000 - 0xf0000000   ( 768 MB)
[    0.000000]     pkmap   : 0xbfe00000 - 0xc0000000   (   2 MB)
[    0.000000]     modules : 0xbf000000 - 0xbfe00000   (  14 MB)
[    0.000000]       .text : 0xc0208000 - 0xc0d00000   (11232 kB)
[    0.000000]       .init : 0xc1200000 - 0xc1400000   (2048 kB)
[    0.000000]       .data : 0xc1400000 - 0xc1596910   (1627 kB)
[    0.000000]        .bss : 0xc159fbc0 - 0xc160537c   ( 406 kB)
[    0.000000] SLUB: HWalign=64, Order=0-3, MinObjects=0, CPUs=4, Nodes=1
[    0.000000] Hierarchical RCU implementation.
[    0.000000] 	RCU event tracing is enabled.
[    0.000000] 	RCU restricting CPUs from NR_CPUS=16 to nr_cpu_ids=4.
[    0.000000] RCU: Adjusting geometry for rcu_fanout_leaf=16, nr_cpu_ids=4
[    0.000000] NR_IRQS: 16, nr_irqs: 16, preallocated irqs: 16
[    0.000000] /interrupt-controller@60004000: 160 interrupts forwarded to /interrupt-controller@50041000
[    0.000000] Tegra clk 127: register failed with -17
[    0.000009] sched_clock: 32 bits at 1000kHz, resolution 1000ns, wraps every 2147483647500ns
[    0.000028] clocksource: timer_us: mask: 0xffffffff max_cycles: 0xffffffff, max_idle_ns: 1911260446275 ns
[    0.000045] Switching to timer-based delay loop, resolution 1000ns
[    0.003183] arch_timer: cp15 timer(s) running at 12.00MHz (virt).
[    0.003203] clocksource: arch_sys_counter: mask: 0xffffffffffffff max_cycles: 0x2c47f4ee7, max_idle_ns: 440795202497 ns
[    0.003223] sched_clock: 56 bits at 12MHz, resolution 83ns, wraps every 4398046511096ns
[    0.003238] Switching to timer-based delay loop, resolution 83ns
[    0.003649] Console: colour dummy device 80x30
[    0.003684] Calibrating delay loop (skipped), value calculated using timer frequency.. 24.00 BogoMIPS (lpj=120000)
[    0.003702] pid_max: default: 32768 minimum: 301
[    0.003807] Mount-cache hash table entries: 2048 (order: 1, 8192 bytes)
[    0.003822] Mountpoint-cache hash table entries: 2048 (order: 1, 8192 bytes)
[    0.004340] CPU: Testing write buffer coherency: ok
[    0.004589] /cpus/cpu@0 missing clock-frequency property
[    0.004621] /cpus/cpu@1 missing clock-frequency property
[    0.004652] /cpus/cpu@2 missing clock-frequency property
[    0.004685] /cpus/cpu@3 missing clock-frequency property
[    0.004699] CPU0: thread -1, cpu 0, socket 0, mpidr 80000000
[    0.005004] Setting up static identity map for 0x80300000 - 0x803000a0
[    0.006244] Hierarchical SRCU implementation.
[    0.007590] Tegra Revision: A01 SKU: 0 CPU Process: 1 SoC Process: 0
[    0.008234] EFI services will not be available.
[    0.008388] smp: Bringing up secondary CPUs ...
[    0.008884] CPU1: thread -1, cpu 1, socket 0, mpidr 80000001
[    0.009458] CPU2: thread -1, cpu 2, socket 0, mpidr 80000002
[    0.010035] CPU3: thread -1, cpu 3, socket 0, mpidr 80000003
[    0.010126] smp: Brought up 1 node, 4 CPUs
[    0.010148] SMP: Total of 4 processors activated (96.00 BogoMIPS).
[    0.010158] CPU: All CPU(s) started in SVC mode.
[    0.011661] devtmpfs: initialized
[    0.020629] Built 1 zonelists, mobility grouping on.  Total pages: 514754
[    0.020975] VFP support v0.3: implementor 41 architecture 4 part 30 variant f rev 0
[    0.021315] clocksource: jiffies: mask: 0xffffffff max_cycles: 0xffffffff, max_idle_ns: 19112604462750000 ns
[    0.021335] futex hash table entries: 1024 (order: 4, 65536 bytes)
[    0.021525] pinctrl core: initialized pinctrl subsystem
[    0.022756] DMI not present or invalid.
[    0.023007] NET: Registered protocol family 16
[    0.025066] DMA: preallocated 256 KiB pool for atomic coherent allocations
[    0.027133] cpuidle: using governor menu
[    0.048648] No ATAGs?
[    0.048777] hw-breakpoint: found 5 (+1 reserved) breakpoint and 4 watchpoint registers.
[    0.048793] hw-breakpoint: maximum watchpoint size is 8 bytes.
[    0.054223] Serial: AMBA PL011 UART driver
[    0.054973] tegra-mc 70019000.memory-controller: no memory timings for RAM code 3 registered
[    0.055099] iommu: Adding device reg-dummy to group 0
[    0.055134] iommu: Adding device 50000000.host1x to group 1
[    0.055171] iommu: Adding device 54140000.gr2d to group 2
[    0.055204] iommu: Adding device 54180000.gr3d to group 3
[    0.055274] iommu: Adding device 54200000.dc to group 4
[    0.055341] iommu: Adding device 54240000.dc to group 5
[    0.055375] iommu: Adding device 54280000.hdmi to group 6
[    0.055412] iommu: Adding device 54300000.dsi to group 7
[    0.055446] iommu: Adding device 60005000.timer to group 8
[    0.055481] iommu: Adding device 60007000.flow-controller to group 9
[    0.055513] iommu: Adding device 6000a000.dma to group 10
[    0.055545] iommu: Adding device 6000c000.ahb to group 11
[    0.055578] iommu: Adding device 6000d000.gpio to group 12
[    0.055610] iommu: Adding device 70000800.apbmisc to group 13
[    0.055641] iommu: Adding device 70000868.pinmux to group 14
[    0.055673] iommu: Adding device 70006300.serial to group 15
[    0.055705] iommu: Adding device 7000a000.pwm to group 16
[    0.055741] iommu: Adding device 7000c000.i2c to group 17
[    0.055776] iommu: Adding device 7000c700.i2c to group 18
[    0.055809] iommu: Adding device 7000d000.i2c to group 19
[    0.055840] iommu: Adding device 7000da00.spi to group 20
[    0.055872] iommu: Adding device 7000e000.rtc to group 21
[    0.055904] iommu: Adding device 7000e400.pmc to group 22
[    0.055935] iommu: Adding device 7000f800.fuse to group 23
[    0.055968] iommu: Adding device 70019000.memory-controller to group 24
[    0.056000] iommu: Adding device 70080000.ahub to group 25
[    0.056035] iommu: Adding device 700e3000.mipi to group 26
[    0.056070] iommu: Adding device 78000400.sdhci to group 27
[    0.056106] iommu: Adding device 78000600.sdhci to group 28
[    0.056137] iommu: Adding device 7d000000.usb to group 29
[    0.056170] iommu: Adding device 7d000000.usb-phy to group 30
[    0.056203] iommu: Adding device 7d008000.usb to group 31
[    0.056236] iommu: Adding device 7d008000.usb-phy to group 32
[    0.056268] iommu: Adding device timer to group 33
[    0.056304] iommu: Adding device backlight to group 34
[    0.056336] iommu: Adding device clocks to group 35
[    0.056367] iommu: Adding device gpio-keys to group 36
[    0.056399] iommu: Adding device regulators to group 37
[    0.056433] iommu: Adding device regulators:regulator@0 to group 38
[    0.056469] iommu: Adding device regulators:regulator@1 to group 39
[    0.056502] iommu: Adding device regulators:regulator@3 to group 40
[    0.056535] iommu: Adding device regulators:regulator@4 to group 41
[    0.056567] iommu: Adding device regulators:regulator@5 to group 42
[    0.056603] iommu: Adding device regulators:regulator@6 to group 43
[    0.056636] iommu: Adding device regulators:regulator@7 to group 44
[    0.056668] iommu: Adding device sound to group 45
[    0.070446] AT91: Could not find identification node
[    0.070921] dvdd_ts: Failed to request enable GPIO61: -517
[    0.070942] reg-fixed-voltage regulators:regulator@1: Failed to register regulator: -517
[    0.071047] usb1_vbus: Failed to request enable GPIO108: -517
[    0.071063] reg-fixed-voltage regulators:regulator@3: Failed to register regulator: -517
[    0.071165] usb2_vbus: Failed to request enable GPIO86: -517
[    0.071180] reg-fixed-voltage regulators:regulator@4: Failed to register regulator: -517
[    0.071604] VDD_5V0_HDMI_CON: Failed to request enable GPIO81: -517
[    0.071618] reg-fixed-voltage regulators:regulator@7: Failed to register regulator: -517
[    0.074028] vgaarb: loaded
[    0.074711] SCSI subsystem initialized
[    0.074872] libata version 3.00 loaded.
[    0.075063] usbcore: registered new interface driver usbfs
[    0.075117] usbcore: registered new interface driver hub
[    0.075189] usbcore: registered new device driver usb
[    0.078398] tps65090 2-0048: No cache defaults, reading back from HW
[    0.079403] iommu: Adding device tps65090-pmic to group 46
[    0.080341] TPS65090_RAILSDCDC1: supplied by vdd_ac_bat
[    0.081390] TPS65090_RAILSDCDC2: supplied by vdd_ac_bat
[    0.082430] TPS65090_RAILSDCDC3: supplied by vdd_ac_bat
[    0.082939] TPS65090_RAILSFET1: supplied by vdd_ac_bat
[    0.083333] TPS65090_RAILSFET2: supplied by vdd_ac_bat
[    0.083671] TPS65090_RAILSFET3: supplied by vdd-sys-3v3
[    0.084182] TPS65090_RAILSFET4: supplied by vdd-sys-3v3
[    0.084699] TPS65090_RAILSFET5: supplied by vdd-sys-3v3
[    0.085206] TPS65090_RAILSFET6: supplied by vdd-sys-3v3
[    0.086026] TPS65090_RAILSFET7: supplied by vdd-sys-3v3
[    0.086543] TPS65090_RAILSLDO1: supplied by vdd_ac_bat
[    0.086733] TPS65090_RAILSLDO2: supplied by vdd_ac_bat
[    0.087051] iommu: Adding device tps65090-charger to group 47
[    0.087646] palmas 2-0058: Irq flag is 0x00000004
[    0.089584] palmas 2-0058: Muxing GPIO ff, PWM 0, LED 0
[    0.089822] iommu: Adding device 7000d000.i2c:tps65913@58:gpio to group 48
[    0.090342] iommu: Adding device 7000d000.i2c:tps65913@58:pmic to group 49
[    0.092144] SMPS12: supplied by vdd-ao
[    0.093128] vdd_hdmi_5v0: supplied by vdd-sys-5v0
[    0.093968] SMPS3: supplied by vdd-ao
[    0.095682] SMPS457: supplied by vdd-sys-3v3
[    0.097297] SMPS6: supplied by regulator-dummy
[    0.098690] SMPS8: supplied by vdd-sys-3v3
[    0.100260] SMPS9: supplied by vdd-sys-3v3
[    0.100777] sdhci-vdd-sd-slot: Bringing 2840000uV into 2800000-2800000uV
[    0.102147] SMPS10_OUT2: supplied by regulator-dummy
[    0.102962] SMPS10_OUT1: supplied by regulator-dummy
[    0.103837] LDO1: supplied by vdd-sys-3v3
[    0.104930] LDO2: supplied by vdd-sys-3v3
[    0.106042] LDO3: supplied by vddio-1v8
[    0.107139] LDO4: supplied by vdd-sys-3v3
[    0.108234] LDO5: supplied by vdd_ac_bat
[    0.108911] LDO6: supplied by vdd-sys-3v3
[    0.109424] vdd-sensor-2v85: Bringing 2900000uV into 2850000-2850000uV
[    0.110736] LDO7: supplied by vdd-sys-3v3
[    0.112350] LDO8: supplied by vdd-ao
[    0.112875] vdd-rtc: Bringing 675000uV into 900000-900000uV
[    0.123918] LDO9: supplied by sdhci-vdd-sd-slot
[    0.134234] LDOLN: supplied by vdd-sys-5v0
[    0.135345] LDOUSB: supplied by vdd-sys-5v0
[    0.145660] iommu: Adding device 7000d000.i2c:tps65913@58:rtc to group 50
[    0.146067] iommu: Adding device 7000d000.i2c:tps65913@58:pinmux to group 51
[    0.146637] pps_core: LinuxPPS API ver. 1 registered
[    0.146647] pps_core: Software ver. 5.3.6 - Copyright 2005-2007 Rodolfo Giometti <giometti@linux.it>
[    0.146670] PTP clock support registered
[    0.146852] EDAC MC: Ver: 3.0.0
[    0.147149] dmi: Firmware registration failed.
[    0.148952] clocksource: Switched to clocksource arch_sys_counter
[    0.205226] NET: Registered protocol family 2
[    0.205725] TCP established hash table entries: 8192 (order: 3, 32768 bytes)
[    0.205826] TCP bind hash table entries: 8192 (order: 4, 65536 bytes)
[    0.206014] TCP: Hash tables configured (established 8192 bind 8192)
[    0.206098] UDP hash table entries: 512 (order: 2, 16384 bytes)
[    0.206143] UDP-Lite hash table entries: 512 (order: 2, 16384 bytes)
[    0.206304] NET: Registered protocol family 1
[    0.206641] RPC: Registered named UNIX socket transport module.
[    0.206653] RPC: Registered udp transport module.
[    0.206663] RPC: Registered tcp transport module.
[    0.206672] RPC: Registered tcp NFSv4.1 backchannel transport module.
[    0.206685] PCI: CLS 0 bytes, default 64
[    0.208124] iommu: Adding device alarmtimer to group 52
[    0.208973] workingset: timestamp_bits=30 max_order=19 bucket_order=0
[    0.214838] squashfs: version 4.0 (2009/01/31) Phillip Lougher
[    0.215409] NFS: Registering the id_resolver key type
[    0.215433] Key type id_resolver registered
[    0.215443] Key type id_legacy registered
[    0.215487] ntfs: driver 2.1.32 [Flags: R/O].
[    0.216872] bounce: pool size: 64 pages
[    0.216920] Block layer SCSI generic (bsg) driver version 0.4 loaded (major 248)
[    0.216933] io scheduler noop registered
[    0.216943] io scheduler deadline registered
[    0.217157] io scheduler cfq registered (default)
[    0.217168] io scheduler mq-deadline registered
[    0.217178] io scheduler kyber registered
[    0.248213] tegra-apbdma 6000a000.dma: Tegra20 APB DMA driver register 32 channels
[    0.250936] tegra-pmc 7000e400.pmc: i2c-thermtrip node not found, emergency thermal reset disabled.
[    0.302767] Serial: 8250/16550 driver, 4 ports, IRQ sharing disabled
[    0.302871] iommu: Adding device serial8250 to group 53
[    0.305438] console [ttyS0] disabled
[    0.305479] 70006300.serial: ttyS0 at MMIO 0x70006300 (irq = 329, base_baud = 25500000) is a Tegra
[    1.628234] console [ttyS0] enabled
[    1.632509] SuperH (H)SCI(F) driver initialized
[    1.638004] msm_serial: driver initialized
[    1.642292] STMicroelectronics ASC driver initialized
[    1.653185] tegra-hdmi 54280000.hdmi: failed to get HDMI regulator
[    1.674931] brd: module loaded
[    1.684196] loop: module loaded
[    1.704379] m25p80 spi0.0: w25q32dw (4096 Kbytes)
[    1.711257] iommu: Adding device Fixed MDIO bus.0 to group 54
[    1.717425] libphy: Fixed MDIO Bus: probed
[    1.722567] CAN device driver interface
[    1.727211] bgmac_bcma: Broadcom 47xx GBit MAC driver loaded
[    1.734073] e1000e: Intel(R) PRO/1000 Network Driver - 3.2.6-k
[    1.739914] e1000e: Copyright(c) 1999 - 2015 Intel Corporation.
[    1.745875] igb: Intel(R) Gigabit Ethernet Network Driver - version 5.4.0-k
[    1.752838] igb: Copyright (c) 2007-2014 Intel Corporation.
[    1.761739] pegasus: v0.9.3 (2013/04/25), Pegasus/Pegasus II USB Ethernet driver
[    1.769182] usbcore: registered new interface driver pegasus
[    1.774871] usbcore: registered new interface driver asix
[    1.780313] usbcore: registered new interface driver ax88179_178a
[    1.786424] usbcore: registered new interface driver cdc_ether
[    1.792304] usbcore: registered new interface driver smsc75xx
[    1.798082] usbcore: registered new interface driver smsc95xx
[    1.803866] usbcore: registered new interface driver net1080
[    1.809561] usbcore: registered new interface driver cdc_subset
[    1.815504] usbcore: registered new interface driver zaurus
[    1.821130] usbcore: registered new interface driver cdc_ncm
[    1.827007] tegra-phy 7d000000.usb-phy: no vbus regulator
[    1.834356] ehci_hcd: USB 2.0 'Enhanced' Host Controller (EHCI) Driver
[    1.840895] ehci-pci: EHCI PCI platform driver
[    1.845366] ehci-platform: EHCI generic platform driver
[    1.850778] ehci-orion: EHCI orion driver
[    1.854925] SPEAr-ehci: EHCI SPEAr driver
[    1.859079] ehci-st: EHCI STMicroelectronics driver
[    1.864077] ehci-exynos: EHCI EXYNOS driver
[    1.868396] ehci-atmel: EHCI Atmel driver
[    1.872540] tegra-ehci: Tegra EHCI driver
[    1.876844] ohci_hcd: USB 1.1 'Open' Host Controller (OHCI) Driver
[    1.883045] ohci-pci: OHCI PCI platform driver
[    1.887516] ohci-platform: OHCI generic platform driver
[    1.892914] SPEAr-ohci: OHCI SPEAr driver
[    1.897045] ohci-st: OHCI STMicroelectronics driver
[    1.902060] ohci-atmel: OHCI Atmel driver
[    1.906721] usbcore: registered new interface driver usb-storage
[    1.916597] iommu: Adding device ci_hdrc.0 to group 55
[    1.930328] palmas-rtc 7000d000.i2c:tps65913@58:rtc: rtc core: registered 7000d000.i2c:tps65913@58:rtc as rtc0
[    1.942155] tegra_rtc 7000e000.rtc: rtc core: registered 7000e000.rtc as rtc1
[    1.949344] tegra_rtc 7000e000.rtc: Tegra internal Real Time Clock
[    1.956021] i2c /dev entries driver
[    1.962835] IR NEC protocol handler initialized
[    1.967360] IR RC5(x/sz) protocol handler initialized
[    1.972427] IR RC6 protocol handler initialized
[    1.976951] IR JVC protocol handler initialized
[    1.981488] IR Sony protocol handler initialized
[    1.986098] IR SANYO protocol handler initialized
[    1.990805] IR Sharp protocol handler initialized
[    1.995503] IR MCE Keyboard/mouse protocol handler initialized
[    2.001341] IR XMP protocol handler initialized
[    2.008991] sbs-battery 0-000b: sbs_probe: Failed to get device status
[    2.015525] sbs-battery: probe of 0-000b failed with error -121
[    2.031695] sdhci: Secure Digital Host Controller Interface driver
[    2.037868] sdhci: Copyright(c) Pierre Ossman
[    2.043703] Synopsys Designware Multimedia Card Interface Driver
[    2.050902] sdhci-pltfm: SDHCI platform and OF driver helper
[    2.057275] sdhci-tegra 78000400.sdhci: Got CD GPIO
[    2.062191] sdhci-tegra 78000400.sdhci: Got WP GPIO
[    2.075303] mmc0: Invalid maximum block size, assuming 512 bytes
[    2.139097] mmc0: SDHCI controller on 78000400.sdhci [78000400.sdhci] using ADMA
[    2.155799] mmc1: Invalid maximum block size, assuming 512 bytes
[    2.218995] mmc1: SDHCI controller on 78000600.sdhci [78000600.sdhci] using ADMA
[    2.228391] ledtrig-cpu: registered to indicate activity on CPUs
[    2.234698] usbcore: registered new interface driver usbhid
[    2.240282] usbhid: USB HID core driver
[    2.247909] NET: Registered protocol family 10
[    2.253174] Segment Routing with IPv6
[    2.256896] sit: IPv6, IPv4 and MPLS over IPv4 tunneling driver
[    2.263350] NET: Registered protocol family 17
[    2.267796] can: controller area network core (rev 20170425 abi 9)
[    2.274050] NET: Registered protocol family 29
[    2.278489] can: raw protocol (rev 20170425)
[    2.282778] can: broadcast manager protocol (rev 20170425 t)
[    2.288440] can: netlink gateway (rev 20170425) max_hops=1
[    2.294213] Key type dns_resolver registered
[    2.298997] ThumbEE CPU extension supported.
[    2.303269] Registering SWP/SWPB emulation handler
[    2.323808] usb1_vbus: supplied by vdd-sys-5v0
[    2.325858] mmc0: new high speed SDHC card at address aaaa
[    2.326639] mmcblk0: mmc0:aaaa SL16G 14.8 GiB 
[    2.339333] usb2_vbus: supplied by vdd-sys-5v0
[    2.347276] VDD_5V0_HDMI_CON: supplied by vdd-sys-5v0
[    2.355186]  mmcblk0: p1 p2 p3
[    2.360279] [drm] Supports vblank timestamp caching Rev 2 (21.10.2013).
[    2.366894] [drm] No driver support for vblank timestamp query.
[    2.378348] mmc1: new high speed MMC card at address 0001
[    2.384623] mmcblk1: mmc1:0001 SEM32G 29.1 GiB 
[    2.389829] mmcblk1boot0: mmc1:0001 SEM32G partition 1 4.00 MiB
[    2.396072] mmcblk1boot1: mmc1:0001 SEM32G partition 2 4.00 MiB
[    2.402676] mmcblk1rpmb: mmc1:0001 SEM32G partition 3 4.00 MiB
[    2.406941]  mmcblk1: p1 p2 p3 p4 p5 p6 p7 p8
[    2.470160] Console: switching to colour frame buffer device 240x75
[    2.519986] drm drm: fb0:  frame buffer device
[    2.524525] [drm] Initialized tegra 0.0.0 20120330 for drm on minor 0
[    2.534558] tegra-ehci 7d008000.usb: EHCI Host Controller
[    2.540018] tegra-ehci 7d008000.usb: new USB bus registered, assigned bus number 1
[    2.547850] alloc_contig_range: [fb84b, fb84c) PFNs busy
[    2.553441] alloc_contig_range: [fb850, fb851) PFNs busy
[    2.558929] alloc_contig_range: [fb851, fb852) PFNs busy
[    2.564442] alloc_contig_range: [fb852, fb853) PFNs busy
[    2.570032] alloc_contig_range: [fb853, fb854) PFNs busy
[    2.575519] alloc_contig_range: [fb854, fb855) PFNs busy
[    2.581024] alloc_contig_range: [fb855, fb856) PFNs busy
[    2.586572] alloc_contig_range: [fb856, fb857) PFNs busy
[    2.592102] alloc_contig_range: [fb857, fb858) PFNs busy
[    2.597587] alloc_contig_range: [fb858, fb859) PFNs busy
[    3.658082] tegra-ehci 7d008000.usb: irq 340, io mem 0x7d008000
[    3.689082] tegra-ehci 7d008000.usb: USB 2.0 started, EHCI 1.10
[    3.696090] hub 1-0:1.0: USB hub found
[    3.699961] hub 1-0:1.0: 1 port detected
[    3.705651] input: gpio-keys as /devices/soc0/gpio-keys/input/input0
[    3.714672] palmas-rtc 7000d000.i2c:tps65913@58:rtc: setting system clock to 2000-02-03 20:10:22 UTC (949608622)
[    3.730783] dvdd_ts: disabling
[    3.733842] usb1_vbus: disabling
[    3.737068] vdd_cam_1v8_reg: disabling
[    3.742598] EXT4-fs (mmcblk1p1): mounting ext3 file system using the ext4 subsystem
[    3.825394] EXT4-fs (mmcblk1p1): recovery complete
[    3.831600] EXT4-fs (mmcblk1p1): mounted filesystem with ordered data mode. Opts: (null)
[    3.839790] VFS: Mounted root (ext3 filesystem) on device 179:17.
[    3.850218] devtmpfs: mounted
[    3.855067] Freeing unused kernel memory: 2048K
bash: cannot set terminal process group (-1): Inappropriate ioctl for device
bash: no job control in this shell
root@(none):/# [    4.069110] usb 1-1: new high-speed USB device number 2 using tegra-ehci
[    4.753840] asix 1-1:1.0 eth0: register 'asix' at usb-7d008000.usb-1, ASIX AX88772 USB 2.0 Ethernet, 00:50:b6:0d:b5:16
