
U-Boot SPL 2014.01-00219-gc4d376f (Feb 18 2014 - 19:57:32)


U-Boot 2014.01-00219-gc4d376f (Feb 18 2014 - 19:57:32)

TEGRA114
Board: NVIDIA Dalmore
I2C:   ready
DRAM:  2 GiB
MMC:   Tegra SD/MMC: 0, Tegra SD/MMC: 1
In:    serial
Out:   serial
Err:   serial
Net:   Net Initialization Skipped
No ethernet found.
Hit any key to stop autoboot:  2  0 
Tegra114 (Dalmore) # 
Tegra114 (Dalmore) # usb reset
(Re)start USB...
USB0:   USB EHCI 1.10
scanning bus 0 for devices... 2 USB Device(s) found
       scanning usb for storage devices... 0 Storage Device(s) found
       scanning usb for ethernet devices... 
Warning: asx0 using MAC address from net device
1 Ethernet Device(s) found
Tegra114 (Dalmore) # setenv bootargs 'ignore_loglevel console=ttyS0,115200n8 rw root=PARTUUID=7369c667-ff51-ec4a-29cd-baabf2fbe346 rootwait gpt debug earlyprintk init=/bin/bash'
Tegra114 (Dalmore) # setenv ipaddr 192.168.100.100; setenv serverip 192.168.100.1; setenv tftpserverip 192.168.100.1
Tegra114 (Dalmore) # tftpboot 0x81000000 zImage.tegra_defconfig
Using asx0 device
TFTP from server 192.168.100.1; our IP address is 192.168.100.100
Filename 'zImage.tegra_defconfig'.
Load address: 0x81000000
Loading: *#################################################################
	 #################################################################
	 #################################################################
	 #################################################################
	 #################################################################
	 #################################################################
	 #######################################
	 3 MiB/s
done
Bytes transferred = 6288144 (5ff310 hex)
Tegra114 (Dalmore) # tftpboot 0x82000000 tegra114-dalmore.dtb
Using asx0 device
TFTP from server 192.168.100.1; our IP address is 192.168.100.100
Filename 'tegra114-dalmore.dtb'.
Load address: 0x82000000
Loading: *###
	 2.8 MiB/s
done
Bytes transferred = 35036 (88dc hex)
Tegra114 (Dalmore) # bootz 0x81000000 - 0x82000000
Kernel image @ 0x81000000 [ 0x000000 - 0x5ff310 ]
## Flattened Device Tree blob at 82000000
   Booting using the fdt blob at 0x82000000
   Loading Device Tree to 8fff4000, end 8ffff8db ... OK

Starting kernel ...

Uncompressing Linux... done, booting the kernel.
[    0.000000] Booting Linux on physical CPU 0x0
[    0.000000] Linux version 4.13.0-next-20170908-199620-gda52d78 (jonathanh@kaivo) (gcc version 4.7.3 20130328 (prerelease) (crosstool-NG linaro-1.13.1-4.7-2013.04-20130415 - Linaro GCC 2013.04)) #1 SMP PREEMPT Tue Sep 12 06:17:13 PDT 2017
[    0.000000] CPU: ARMv7 Processor [412fc0f2] revision 2 (ARMv7), cr=10c5387d
[    0.000000] CPU: div instructions available: patching division code
[    0.000000] CPU: PIPT / VIPT nonaliasing data cache, PIPT instruction cache
[    0.000000] OF: fdt: Machine model: NVIDIA Tegra114 Dalmore evaluation board
[    0.000000] debug: ignoring loglevel setting.
[    0.000000] bootconsole [earlycon0] enabled
[    0.000000] Memory policy: Data cache writealloc
[    0.000000] cma: Reserved 64 MiB at 0xfbc00000
[    0.000000] On node 0 totalpages: 524032
[    0.000000] free_area_init_node: node 0, pgdat c0fb7e80, node_mem_map eeff7000
[    0.000000]   Normal zone: 1536 pages used for memmap
[    0.000000]   Normal zone: 0 pages reserved
[    0.000000]   Normal zone: 196608 pages, LIFO batch:31
[    0.000000]   HighMem zone: 327424 pages, LIFO batch:31
[    0.000000] random: fast init done
[    0.000000] percpu: Embedded 17 pages/cpu @eef97000 s39488 r8192 d21952 u69632
[    0.000000] pcpu-alloc: s39488 r8192 d21952 u69632 alloc=17*4096
[    0.000000] pcpu-alloc: [0] 0 [0] 1 [0] 2 [0] 3 
[    0.000000] Built 1 zonelists, mobility grouping on.  Total pages: 522496
[    0.000000] Kernel command line: ignore_loglevel console=ttyS0,115200n8 rw root=PARTUUID=7369c667-ff51-ec4a-29cd-baabf2fbe346 rootwait gpt debug earlyprintk init=/bin/bash
[    0.000000] PID hash table entries: 4096 (order: 2, 16384 bytes)
[    0.000000] Dentry cache hash table entries: 131072 (order: 7, 524288 bytes)
[    0.000000] Inode-cache hash table entries: 65536 (order: 6, 262144 bytes)
[    0.000000] Memory: 1997500K/2096128K available (9216K kernel code, 779K rwdata, 2796K rodata, 1024K init, 300K bss, 33092K reserved, 65536K cma-reserved, 1244160K highmem)
[    0.000000] Virtual kernel memory layout:
[    0.000000]     vector  : 0xffff0000 - 0xffff1000   (   4 kB)
[    0.000000]     fixmap  : 0xffc00000 - 0xfff00000   (3072 kB)
[    0.000000]     vmalloc : 0xf0800000 - 0xff800000   ( 240 MB)
[    0.000000]     lowmem  : 0xc0000000 - 0xf0000000   ( 768 MB)
[    0.000000]     pkmap   : 0xbfe00000 - 0xc0000000   (   2 MB)
[    0.000000]     modules : 0xbf000000 - 0xbfe00000   (  14 MB)
[    0.000000]       .text : 0xc0008000 - 0xc0a00000   (10208 kB)
[    0.000000]       .init : 0xc0e00000 - 0xc0f00000   (1024 kB)
[    0.000000]       .data : 0xc0f00000 - 0xc0fc2e48   ( 780 kB)
[    0.000000]        .bss : 0xc0fcc52c - 0xc10176bc   ( 301 kB)
[    0.000000] Preemptible hierarchical RCU implementation.
[    0.000000] 	Tasks RCU enabled.
[    0.000000] NR_IRQS: 16, nr_irqs: 16, preallocated irqs: 16
[    0.000000] /interrupt-controller@60004000: 160 interrupts forwarded to /interrupt-controller@50041000
[    0.000000] Tegra clk 127: register failed with -17
[    0.000009] sched_clock: 32 bits at 1000kHz, resolution 1000ns, wraps every 2147483647500ns
[    0.007762] clocksource: timer_us: mask: 0xffffffff max_cycles: 0xffffffff, max_idle_ns: 1911260446275 ns
[    0.017378] Switching to timer-based delay loop, resolution 1000ns
[    0.024337] arch_timer: cp15 timer(s) running at 12.00MHz (virt).
[    0.029774] clocksource: arch_sys_counter: mask: 0xffffffffffffff max_cycles: 0x2c47f4ee7, max_idle_ns: 440795202497 ns
[    0.040607] sched_clock: 56 bits at 12MHz, resolution 83ns, wraps every 4398046511096ns
[    0.048662] Switching to timer-based delay loop, resolution 83ns
[    0.055220] Console: colour dummy device 80x30
[    0.059252] Calibrating delay loop (skipped), value calculated using timer frequency.. 24.00 BogoMIPS (lpj=120000)
[    0.069645] pid_max: default: 32768 minimum: 301
[    0.074937] Mount-cache hash table entries: 2048 (order: 1, 8192 bytes)
[    0.081005] Mountpoint-cache hash table entries: 2048 (order: 1, 8192 bytes)
[    0.088989] CPU: Testing write buffer coherency: ok
[    0.093327] /cpus/cpu@0 missing clock-frequency property
[    0.098425] /cpus/cpu@1 missing clock-frequency property
[    0.103822] /cpus/cpu@2 missing clock-frequency property
[    0.109174] /cpus/cpu@3 missing clock-frequency property
[    0.114543] CPU0: thread -1, cpu 0, socket 0, mpidr 80000000
[    0.154659] Setting up static identity map for 0x80100000 - 0x801000a0
[    0.159496] Hierarchical SRCU implementation.
[    0.175109] Tegra Revision: A01 SKU: 0 CPU Process: 1 SoC Process: 0
[    0.194685] smp: Bringing up secondary CPUs ...
[    0.245263] CPU1: thread -1, cpu 1, socket 0, mpidr 80000001
[    0.315368] CPU2: thread -1, cpu 2, socket 0, mpidr 80000002
[    0.385462] CPU3: thread -1, cpu 3, socket 0, mpidr 80000003
[    0.385562] smp: Brought up 1 node, 4 CPUs
[    0.404998] SMP: Total of 4 processors activated (96.00 BogoMIPS).
[    0.411274] CPU: All CPU(s) started in SVC mode.
[    0.417798] devtmpfs: initialized
[    0.431367] Built 1 zonelists, mobility grouping on.  Total pages: 515759
[    0.436702] VFP support v0.3: implementor 41 architecture 4 part 30 variant f rev 0
[    0.444318] clocksource: jiffies: mask: 0xffffffff max_cycles: 0xffffffff, max_idle_ns: 19112604462750000 ns
[    0.453929] futex hash table entries: 1024 (order: 4, 65536 bytes)
[    0.460459] pinctrl core: initialized pinctrl subsystem
[    0.466718] NET: Registered protocol family 16
[    0.471248] DMA: preallocated 256 KiB pool for atomic coherent allocations
[    0.478356] cpuidle: using governor menu
[    0.501278] No ATAGs?
[    0.501412] hw-breakpoint: found 5 (+1 reserved) breakpoint and 4 watchpoint registers.
[    0.509925] hw-breakpoint: maximum watchpoint size is 8 bytes.
[    0.516919] tegra-mc 70019000.memory-controller: no memory timings for RAM code 3 registered
[    0.524485] iommu: Adding device reg-dummy to group 0
[    0.529481] iommu: Adding device 50000000.host1x to group 1
[    0.535089] iommu: Adding device 54140000.gr2d to group 2
[    0.540574] iommu: Adding device 54180000.gr3d to group 3
[    0.546050] iommu: Adding device 54200000.dc to group 4
[    0.551351] iommu: Adding device 54240000.dc to group 5
[    0.556585] iommu: Adding device 54280000.hdmi to group 6
[    0.562065] iommu: Adding device 54300000.dsi to group 7
[    0.567415] iommu: Adding device 60005000.timer to group 8
[    0.572979] iommu: Adding device 60007000.flow-controller to group 9
[    0.579377] iommu: Adding device 6000a000.dma to group 10
[    0.584853] iommu: Adding device 6000c000.ahb to group 11
[    0.590294] iommu: Adding device 6000d000.gpio to group 12
[    0.595867] iommu: Adding device 70000800.apbmisc to group 13
[    0.601654] iommu: Adding device 70000868.pinmux to group 14
[    0.607387] iommu: Adding device 70006300.serial to group 15
[    0.613089] iommu: Adding device 7000a000.pwm to group 16
[    0.618567] iommu: Adding device 7000c000.i2c to group 17
[    0.624009] iommu: Adding device 7000c700.i2c to group 18
[    0.629488] iommu: Adding device 7000d000.i2c to group 19
[    0.634927] iommu: Adding device 7000da00.spi to group 20
[    0.640412] iommu: Adding device 7000e000.rtc to group 21
[    0.645847] iommu: Adding device 7000e400.pmc to group 22
[    0.651324] iommu: Adding device 7000f800.fuse to group 23
[    0.656862] iommu: Adding device 70019000.memory-controller to group 24
[    0.663546] iommu: Adding device 70080000.ahub to group 25
[    0.669074] iommu: Adding device 700e3000.mipi to group 26
[    0.674644] iommu: Adding device 78000400.sdhci to group 27
[    0.680260] iommu: Adding device 78000600.sdhci to group 28
[    0.685907] iommu: Adding device 7d000000.usb to group 29
[    0.691349] iommu: Adding device 7d000000.usb-phy to group 30
[    0.697182] iommu: Adding device 7d008000.usb to group 31
[    0.702618] iommu: Adding device 7d008000.usb-phy to group 32
[    0.708447] iommu: Adding device timer to group 33
[    0.713282] iommu: Adding device backlight to group 34
[    0.718492] iommu: Adding device clocks to group 35
[    0.723426] iommu: Adding device gpio-keys to group 36
[    0.728634] iommu: Adding device regulators to group 37
[    0.733902] iommu: Adding device regulators:regulator@0 to group 38
[    0.740245] iommu: Adding device regulators:regulator@1 to group 39
[    0.746555] iommu: Adding device regulators:regulator@3 to group 40
[    0.752897] iommu: Adding device regulators:regulator@4 to group 41
[    0.759210] iommu: Adding device regulators:regulator@5 to group 42
[    0.765557] iommu: Adding device regulators:regulator@6 to group 43
[    0.771864] iommu: Adding device regulators:regulator@7 to group 44
[    0.778214] iommu: Adding device sound to group 45
[    0.800132] dvdd_ts: Failed to request enable GPIO61: -517
[    0.803799] reg-fixed-voltage regulators:regulator@1: Failed to register regulator: -517
[    0.812112] usb1_vbus: Failed to request enable GPIO108: -517
[    0.817750] reg-fixed-voltage regulators:regulator@3: Failed to register regulator: -517
[    0.826059] usb2_vbus: Failed to request enable GPIO86: -517
[    0.831617] reg-fixed-voltage regulators:regulator@4: Failed to register regulator: -517
[    0.840342] VDD_5V0_HDMI_CON: Failed to request enable GPIO81: -517
[    0.846090] reg-fixed-voltage regulators:regulator@7: Failed to register regulator: -517
[    0.855463] vgaarb: loaded
[    0.857787] SCSI subsystem initialized
[    0.861072] libata version 3.00 loaded.
[    0.865088] usbcore: registered new interface driver usbfs
[    0.870334] usbcore: registered new interface driver hub
[    0.875763] usbcore: registered new device driver usb
[    0.883917] tps65090 2-0048: No cache defaults, reading back from HW
[    0.889574] iommu: Adding device tps65090-pmic to group 46
[    0.894903] TPS65090_RAILSDCDC1: supplied by vdd_ac_bat
[    0.900451] TPS65090_RAILSDCDC2: supplied by vdd_ac_bat
[    0.905686] TPS65090_RAILSDCDC3: supplied by vdd_ac_bat
[    0.910464] TPS65090_RAILSFET1: supplied by vdd_ac_bat
[    0.915483] TPS65090_RAILSFET2: supplied by vdd_ac_bat
[    0.920688] TPS65090_RAILSFET3: supplied by vdd-sys-3v3
[    0.926147] TPS65090_RAILSFET4: supplied by vdd-sys-3v3
[    0.931433] TPS65090_RAILSFET5: supplied by vdd-sys-3v3
[    0.936698] TPS65090_RAILSFET6: supplied by vdd-sys-3v3
[    0.942324] TPS65090_RAILSFET7: supplied by vdd-sys-3v3
[    0.947281] TPS65090_RAILSLDO1: supplied by vdd_ac_bat
[    0.952171] TPS65090_RAILSLDO2: supplied by vdd_ac_bat
[    0.957527] iommu: Adding device tps65090-charger to group 47
[    0.963329] palmas 2-0058: Irq flag is 0x00000004
[    0.969864] palmas 2-0058: Muxing GPIO ff, PWM 0, LED 0
[    0.973534] iommu: Adding device 7000d000.i2c:tps65913@58:gpio to group 48
[    0.980788] iommu: Adding device 7000d000.i2c:tps65913@58:pmic to group 49
[    0.988847] SMPS12: supplied by vdd-ao
[    0.992014] vdd_hdmi_5v0: supplied by vdd-sys-5v0
[    0.996559] SMPS3: supplied by vdd-ao
[    1.001270] SMPS457: supplied by vdd-sys-3v3
[    1.005479] SMPS6: supplied by regulator-dummy
[    1.009758] SMPS8: supplied by vdd-sys-3v3
[    1.014111] SMPS9: supplied by vdd-sys-3v3
[    1.017132] sdhci-vdd-sd-slot: Bringing 2840000uV into 2800000-2800000uV
[    1.024814] SMPS10_OUT2: supplied by regulator-dummy
[    1.029294] SMPS10_OUT1: supplied by regulator-dummy
[    1.034345] LDO1: supplied by vdd-sys-3v3
[    1.038678] LDO2: supplied by vdd-sys-3v3
[    1.042750] LDO3: supplied by vddio-1v8
[    1.046663] LDO4: supplied by vdd-sys-3v3
[    1.050722] LDO5: supplied by vdd_ac_bat
[    1.054267] LDO6: supplied by vdd-sys-3v3
[    1.058148] vdd-sensor-2v85: Bringing 2900000uV into 2850000-2850000uV
[    1.065568] LDO7: supplied by vdd-sys-3v3
[    1.069982] LDO8: supplied by vdd-ao
[    1.072421] vdd-rtc: Bringing 675000uV into 900000-900000uV
[    1.088977] LDO9: supplied by sdhci-vdd-sd-slot
[    1.099295] LDOLN: supplied by vdd-sys-5v0
[    1.102769] LDOUSB: supplied by vdd-sys-5v0
[    1.111077] iommu: Adding device 7000d000.i2c:tps65913@58:rtc to group 50
[    1.116232] iommu: Adding device 7000d000.i2c:tps65913@58:pinmux to group 51
[    1.123570] Linux video capture interface: v2.00
[    1.127946] pps_core: LinuxPPS API ver. 1 registered
[    1.132849] pps_core: Software ver. 5.3.6 - Copyright 2005-2007 Rodolfo Giometti <giometti@linux.it>
[    1.142094] PTP clock support registered
[    1.146631] Advanced Linux Sound Architecture Driver Initialized.
[    1.152866] Bluetooth: Core ver 2.22
[    1.155876] NET: Registered protocol family 31
[    1.160322] Bluetooth: HCI device and connection manager initialized
[    1.166763] Bluetooth: HCI socket layer initialized
[    1.171681] Bluetooth: L2CAP socket layer initialized
[    1.176841] Bluetooth: SCO socket layer initialized
[    1.182172] iommu: Adding device regulatory.0 to group 52
[    1.188144] clocksource: Switched to clocksource arch_sys_counter
[    1.291997] NET: Registered protocol family 2
[    1.295671] TCP established hash table entries: 8192 (order: 3, 32768 bytes)
[    1.301760] TCP bind hash table entries: 8192 (order: 4, 65536 bytes)
[    1.308333] TCP: Hash tables configured (established 8192 bind 8192)
[    1.315046] UDP hash table entries: 512 (order: 2, 16384 bytes)
[    1.320591] UDP-Lite hash table entries: 512 (order: 2, 16384 bytes)
[    1.327311] NET: Registered protocol family 1
[    1.332152] RPC: Registered named UNIX socket transport module.
[    1.337345] RPC: Registered udp transport module.
[    1.342137] RPC: Registered tcp transport module.
[    1.346879] RPC: Registered tcp NFSv4.1 backchannel transport module.
[    1.353400] PCI: CLS 0 bytes, default 64
[    1.359093] iommu: Adding device alarmtimer to group 53
[    1.363849] workingset: timestamp_bits=30 max_order=19 bucket_order=0
[    1.370913] squashfs: version 4.0 (2009/01/31) Phillip Lougher
[    1.375964] NFS: Registering the id_resolver key type
[    1.380252] Key type id_resolver registered
[    1.384406] Key type id_legacy registered
[    1.393362] bounce: pool size: 64 pages
[    1.395438] io scheduler noop registered (default)
[    1.400285] io scheduler mq-deadline registered
[    1.404822] io scheduler kyber registered
[    1.426372] tegra-apbdma 6000a000.dma: Tegra20 APB DMA driver register 32 channels
[    1.433312] tegra-pmc 7000e400.pmc: i2c-thermtrip node not found, emergency thermal reset disabled.
[    1.441833] Serial: 8250/16550 driver, 4 ports, IRQ sharing disabled
[    1.447753] iommu: Adding device serial8250 to group 54
[    1.454842] console [ttyS0] disabled
[    1.456642] 70006300.serial: ttyS0 at MMIO 0x70006300 (irq = 329, base_baud = 25500000) is a Tegra
[    1.465694] console [ttyS0] enabled
[    1.465694] console [ttyS0] enabled
[    1.471958] bootconsole [earlycon0] disabled
[    1.471958] bootconsole [earlycon0] disabled
[    1.483726] tegra-hdmi 54280000.hdmi: failed to get HDMI regulator
[    1.508451] loop: module loaded
[    1.523325] m25p80 spi0.0: w25q32dw (4096 Kbytes)
[    1.530098] iommu: Adding device Fixed MDIO bus.0 to group 55
[    1.536036] libphy: Fixed MDIO Bus: probed
[    1.540183] CAN device driver interface
[    1.544079] igb: Intel(R) Gigabit Ethernet Network Driver - version 5.4.0-k
[    1.551049] igb: Copyright (c) 2007-2014 Intel Corporation.
[    1.556761] pegasus: v0.9.3 (2013/04/25), Pegasus/Pegasus II USB Ethernet driver
[    1.564264] usbcore: registered new interface driver pegasus
[    1.570020] usbcore: registered new interface driver asix
[    1.575468] usbcore: registered new interface driver ax88179_178a
[    1.581660] usbcore: registered new interface driver cdc_ether
[    1.587556] usbcore: registered new interface driver smsc75xx
[    1.593386] usbcore: registered new interface driver smsc95xx
[    1.599233] usbcore: registered new interface driver net1080
[    1.604945] usbcore: registered new interface driver cdc_subset
[    1.610936] usbcore: registered new interface driver zaurus
[    1.616573] usbcore: registered new interface driver cdc_ncm
[    1.622508] tegra-phy 7d000000.usb-phy: no vbus regulator
[    1.628405] ehci_hcd: USB 2.0 'Enhanced' Host Controller (EHCI) Driver
[    1.634923] ehci-pci: EHCI PCI platform driver
[    1.639443] tegra-ehci: Tegra EHCI driver
[    1.644103] usbcore: registered new interface driver cdc_acm
[    1.649775] cdc_acm: USB Abstract Control Model driver for USB modems and ISDN adapters
[    1.657825] usbcore: registered new interface driver cdc_wdm
[    1.663571] usbcore: registered new interface driver usb-storage
[    1.673530] iommu: Adding device ci_hdrc.0 to group 56
[    1.686888] palmas-rtc 7000d000.i2c:tps65913@58:rtc: rtc core: registered 7000d000.i2c:tps65913@58:rtc as rtc0
[    1.698434] tegra_rtc 7000e000.rtc: rtc core: registered 7000e000.rtc as rtc1
[    1.705612] tegra_rtc 7000e000.rtc: Tegra internal Real Time Clock
[    1.712124] i2c /dev entries driver
[    1.716591] IR NEC protocol handler initialized
[    1.721142] IR RC5(x/sz) protocol handler initialized
[    1.726186] IR RC6 protocol handler initialized
[    1.730724] IR JVC protocol handler initialized
[    1.735248] IR Sony protocol handler initialized
[    1.739871] IR SANYO protocol handler initialized
[    1.744568] IR Sharp protocol handler initialized
[    1.749278] IR MCE Keyboard/mouse protocol handler initialized
[    1.755103] IR XMP protocol handler initialized
[    1.759729] usbcore: registered new interface driver uvcvideo
[    1.765466] USB Video Class driver (1.1.1)
[    1.769573] gspca_main: v2.14.0 registered
[    1.774606] sbs-battery 0-000b: sbs_probe: Failed to get device status
[    1.781162] sbs-battery: probe of 0-000b failed with error -121
[    1.792325] tegra-wdt 60005000.timer: initialized (heartbeat = 120 sec, nowayout = 0)
[    1.800871] sdhci: Secure Digital Host Controller Interface driver
[    1.807042] sdhci: Copyright(c) Pierre Ossman
[    1.811413] sdhci-pltfm: SDHCI platform and OF driver helper
[    1.817367] sdhci-tegra 78000400.sdhci: Got CD GPIO
[    1.822277] sdhci-tegra 78000400.sdhci: Got WP GPIO
[    1.835393] mmc0: Invalid maximum block size, assuming 512 bytes
[    1.898386] mmc0: SDHCI controller on 78000400.sdhci [78000400.sdhci] using ADMA
[    1.915584] mmc1: Invalid maximum block size, assuming 512 bytes
[    1.978223] mmc1: SDHCI controller on 78000600.sdhci [78000600.sdhci] using ADMA
[    1.989710] usbcore: registered new interface driver usbhid
[    1.995378] usbhid: USB HID core driver
[    2.001550] iommu: Adding device snd-soc-dummy to group 57
[    2.022405] mmc0: new high speed SDHC card at address aaaa
[    2.028532] mmcblk0: mmc0:aaaa SL16G 14.8 GiB 
[    2.049819]  mmcblk0: p1 p2 p3
[    2.066847] mmc1: new high speed MMC card at address 0001
[    2.072885] mmcblk1: mmc1:0001 SEM32G 29.1 GiB 
[    2.077841] mmcblk1boot0: mmc1:0001 SEM32G partition 1 4.00 MiB
[    2.084221] mmcblk1boot1: mmc1:0001 SEM32G partition 2 4.00 MiB
[    2.090562] mmcblk1rpmb: mmc1:0001 SEM32G partition 3 4.00 MiB
[    2.099188]  mmcblk1: p1 p2 p3 p4 p5 p6 p7 p8
[    2.440985] iommu: Adding device 70080400.i2s to group 58
[    2.447351] tegra30-i2s 70080400.i2s: DMA channels sourced from device 70080000.ahub
[    2.463931] tegra-snd-rt5640 sound: rt5640-aif1 <-> 70080400.i2s mapping ok
[    2.475505] input: NVIDIA Tegra Dalmore Headphones as /devices/soc0/sound/sound/card0/input0
[    2.486468] NET: Registered protocol family 10
[    2.492368] Segment Routing with IPv6
[    2.496220] mip6: Mobile IPv6
[    2.499209] sit: IPv6, IPv4 and MPLS over IPv4 tunneling driver
[    2.506673] NET: Registered protocol family 17
[    2.511183] NET: Registered protocol family 15
[    2.515623] can: controller area network core (rev 20170425 abi 9)
[    2.522034] NET: Registered protocol family 29
[    2.526475] can: raw protocol (rev 20170425)
[    2.530787] can: broadcast manager protocol (rev 20170425 t)
[    2.536446] can: netlink gateway (rev 20170425) max_hops=1
[    2.542159] Bluetooth: RFCOMM socket layer initialized
[    2.547310] Bluetooth: RFCOMM ver 1.11
[    2.551088] Bluetooth: BNEP (Ethernet Emulation) ver 1.3
[    2.556400] Bluetooth: BNEP socket layer initialized
[    2.561376] Bluetooth: HIDP (Human Interface Emulation) ver 1.2
[    2.567297] Bluetooth: HIDP socket layer initialized
[    2.572474] Key type dns_resolver registered
[    2.577247] Registering SWP/SWPB emulation handler
[    2.600503] usb1_vbus: supplied by vdd-sys-5v0
[    2.605589] usb2_vbus: supplied by vdd-sys-5v0
[    2.611461] VDD_5V0_HDMI_CON: supplied by vdd-sys-5v0
[    2.620923] [drm] Supports vblank timestamp caching Rev 2 (21.10.2013).
[    2.627534] [drm] No driver support for vblank timestamp query.
[    2.728814] Console: switching to colour frame buffer device 240x75
[    2.767358] drm drm: fb0:  frame buffer device
[    2.771922] [drm] Initialized tegra 0.0.0 20120330 for drm on minor 0
[    2.779543] tegra-ehci 7d008000.usb: EHCI Host Controller
[    2.784964] tegra-ehci 7d008000.usb: new USB bus registered, assigned bus number 1
[    2.792834] alloc_contig_range: [fbc4b, fbc4c) PFNs busy
[    2.798345] alloc_contig_range: [fbc60, fbc61) PFNs busy
[    2.803831] alloc_contig_range: [fbc61, fbc62) PFNs busy
[    2.809350] alloc_contig_range: [fbc62, fbc63) PFNs busy
[    2.814835] alloc_contig_range: [fbc63, fbc64) PFNs busy
[    2.820338] alloc_contig_range: [fbc64, fbc65) PFNs busy
[    2.825833] alloc_contig_range: [fbc65, fbc66) PFNs busy
[    2.831338] alloc_contig_range: [fbc66, fbc67) PFNs busy
[    2.836821] alloc_contig_range: [fbc67, fbc68) PFNs busy
[    2.842336] alloc_contig_range: [fbc68, fbc69) PFNs busy
[    3.331903] tegra-ehci 7d008000.usb: irq 340, io mem 0x7d008000
[    3.358228] tegra-ehci 7d008000.usb: USB 2.0 started, EHCI 1.10
[    3.365443] hub 1-0:1.0: USB hub found
[    3.369378] hub 1-0:1.0: 1 port detected
[    3.374702] input: gpio-keys as /devices/soc0/gpio-keys/input/input1
[    3.382705] palmas-rtc 7000d000.i2c:tps65913@58:rtc: setting system clock to 2000-02-03 20:13:15 UTC (949608795)
[    3.397260] dvdd_ts: disabling
[    3.400380] usb1_vbus: disabling
[    3.403611] vdd_cam_1v8_reg: disabling
[    3.407378] ALSA device list:
[    3.410443]   #0: NVIDIA Tegra Dalmore
[    3.415533] EXT4-fs (mmcblk1p1): mounting ext3 file system using the ext4 subsystem
[    3.496894] EXT4-fs (mmcblk1p1): recovery complete
[    3.503693] EXT4-fs (mmcblk1p1): mounted filesystem with ordered data mode. Opts: (null)
[    3.511921] VFS: Mounted root (ext3 filesystem) on device 179:17.
[    3.524332] devtmpfs: mounted
[    3.528428] Freeing unused kernel memory: 1024K
bash: cannot set terminal process group (-1): Inappropriate ioctl for device
bash: no job control in this shell
root@(none):/# [    3.738323] usb 1-1: new high-speed USB device number 2 using tegra-ehci
