
U-Boot SPL 2015.04-rc3-00209-ga74ef40 (Mar 16 2015 - 14:43:39)


U-Boot 2015.04-rc3-00209-ga74ef40 (Mar 16 2015 - 14:43:39)

TEGRA20
Model: Compulab TrimSlice board
DRAM:  1 GiB
MMC:   Tegra SD/MMC: 0, Tegra SD/MMC: 1
SF: Detected W25Q80BL with page size 256 Bytes, erase size 4 KiB, total 1 MiB
tegra-pcie: PCI regions:
tegra-pcie:   I/O: 0x82000000-0x82010000
tegra-pcie:   non-prefetchable memory: 0xa0000000-0xa8000000
tegra-pcie:   prefetchable memory: 0xa8000000-0xc0000000
tegra-pcie: dual-mode configuration
tegra-pcie: probing port 0, using 2 lanes
In:    serial
Out:   serial
Err:   serial
Net:   RTL8169#0
Hit any key to stop autoboot:  2  0 
Tegra20 (TrimSlice) # 
Tegra20 (TrimSlice) # usb reset
resetting USB...
USB0:   USB EHCI 1.00
scanning bus 0 for devices... 3 USB Device(s) found
USB1:   USB EHCI 1.00
scanning bus 1 for devices... 1 USB Device(s) found
USB2:   lowlevel init failed
       scanning usb for storage devices... 0 Storage Device(s) found
       scanning usb for ethernet devices... 
Warning: asx0 using MAC address from net device
1 Ethernet Device(s) found
Tegra20 (TrimSlice) # setenv bootargs 'ignore_loglevel console=ttyS0,115200n8 rw root=PARTUUID=11eb23c1-01 rootwait gpt debug noinitrd earlyprintk init=/bin/bash'
Tegra20 (TrimSlice) # setenv ipaddr 192.168.100.103; setenv serverip 192.168.100.1; setenv tftpserverip 192.168.100.1
Tegra20 (TrimSlice) # tftpboot 0x00408000 zImage.multi_v7_defconfig
Using RTL8169#0 device
TFTP from server 192.168.100.1; our IP address is 192.168.100.103
Filename 'zImage.multi_v7_defconfig'.
Load address: 0x408000
Loading: *#################################################################
	 #################################################################
	 #################################################################
	 #################################################################
	 #################################################################
	 #################################################################
	 #################################################################
	 #################################################################
	 ####################################
	 3.6 MiB/s
done
Bytes transferred = 8159752 (7c8208 hex)
Tegra20 (TrimSlice) # tftpboot 0x02408000 tegra20-trimslice.dtb
Using RTL8169#0 device
TFTP from server 192.168.100.1; our IP address is 192.168.100.103
Filename 'tegra20-trimslice.dtb'.
Load address: 0x2408000
Loading: *##
	 3.4 MiB/s
done
Bytes transferred = 21454 (53ce hex)
Tegra20 (TrimSlice) # bootz 0x00408000 - 0x02408000
Kernel image @ 0x408000 [ 0x000000 - 0x7c8200 ]
## Flattened Device Tree blob at 02408000
   Booting using the fdt blob at 0x2408000
   Using Device Tree in place at 02408000, end 024103cd

Starting kernel ...

[    0.000000] Booting Linux on physical CPU 0x0
[    0.000000] Linux version 4.13.0-next-20170908-199620-gda52d78 (jonathanh@sellafield) (gcc version 4.7.3 20130328 (prerelease) (crosstool-NG linaro-1.13.1-4.7-2013.04-20130415 - Linaro GCC 2013.04)) #1 SMP Mon Sep 11 15:05:03 PDT 2017
[    0.000000] CPU: ARMv7 Processor [411fc090] revision 0 (ARMv7), cr=10c5387d
[    0.000000] CPU: PIPT / VIPT nonaliasing data cache, VIPT aliasing instruction cache
[    0.000000] OF: fdt: Machine model: Compulab TrimSlice board
[    0.000000] debug: ignoring loglevel setting.
[    0.000000] Memory policy: Data cache writealloc
[    0.000000] efi: Getting EFI parameters from FDT:
[    0.000000] efi: UEFI not found.
[    0.000000] cma: Reserved 64 MiB at 0x3c000000
[    0.000000] On node 0 totalpages: 262144
[    0.000000] free_area_init_node: node 0, pgdat c158e5c0, node_mem_map ef7f8000
[    0.000000]   DMA zone: 1536 pages used for memmap
[    0.000000]   DMA zone: 0 pages reserved
[    0.000000]   DMA zone: 196608 pages, LIFO batch:31
[    0.000000]   HighMem zone: 65536 pages, LIFO batch:15
[    0.000000] random: fast init done
[    0.000000] percpu: Embedded 17 pages/cpu @ef7c4000 s39424 r8192 d22016 u69632
[    0.000000] pcpu-alloc: s39424 r8192 d22016 u69632 alloc=17*4096
[    0.000000] pcpu-alloc: [0] 0 [0] 1 
[    0.000000] Built 1 zonelists, mobility grouping on.  Total pages: 260608
[    0.000000] Kernel command line: ignore_loglevel console=ttyS0,115200n8 rw root=PARTUUID=11eb23c1-01 rootwait gpt debug noinitrd earlyprintk init=/bin/bash
[    0.000000] PID hash table entries: 4096 (order: 2, 16384 bytes)
[    0.000000] Dentry cache hash table entries: 131072 (order: 7, 524288 bytes)
[    0.000000] Inode-cache hash table entries: 65536 (order: 6, 262144 bytes)
[    0.000000] Memory: 954308K/1048576K available (10240K kernel code, 1626K rwdata, 4508K rodata, 2048K init, 405K bss, 28732K reserved, 65536K cma-reserved, 196608K highmem)
[    0.000000] Virtual kernel memory layout:
[    0.000000]     vector  : 0xffff0000 - 0xffff1000   (   4 kB)
[    0.000000]     fixmap  : 0xffc00000 - 0xfff00000   (3072 kB)
[    0.000000]     vmalloc : 0xf0800000 - 0xff800000   ( 240 MB)
[    0.000000]     lowmem  : 0xc0000000 - 0xf0000000   ( 768 MB)
[    0.000000]     pkmap   : 0xbfe00000 - 0xc0000000   (   2 MB)
[    0.000000]     modules : 0xbf000000 - 0xbfe00000   (  14 MB)
[    0.000000]       .text : 0xc0208000 - 0xc0d00000   (11232 kB)
[    0.000000]       .init : 0xc1200000 - 0xc1400000   (2048 kB)
[    0.000000]       .data : 0xc1400000 - 0xc1596910   (1627 kB)
[    0.000000]        .bss : 0xc159fbc0 - 0xc160537c   ( 406 kB)
[    0.000000] SLUB: HWalign=64, Order=0-3, MinObjects=0, CPUs=2, Nodes=1
[    0.000000] Hierarchical RCU implementation.
[    0.000000] 	RCU event tracing is enabled.
[    0.000000] 	RCU restricting CPUs from NR_CPUS=16 to nr_cpu_ids=2.
[    0.000000] RCU: Adjusting geometry for rcu_fanout_leaf=16, nr_cpu_ids=2
[    0.000000] NR_IRQS: 16, nr_irqs: 16, preallocated irqs: 16
[    0.000000] /interrupt-controller@60004000: 128 interrupts forwarded to /interrupt-controller@50041000
[    0.000000] L2C: platform modifies aux control register: 0x02080000 -> 0x3e480001
[    0.000000] L2C: DT/platform modifies aux control register: 0x02080000 -> 0x3e480001
[    0.000000] L2C-310 errata 727915 769419 enabled
[    0.000000] L2C-310 enabling early BRESP for Cortex-A9
[    0.000000] L2C-310: enabling full line of zeros but not enabled in Cortex-A9
[    0.000000] L2C-310 ID prefetch enabled, offset 1 lines
[    0.000000] L2C-310 cache controller enabled, 8 ways, 1024 kB
[    0.000000] L2C-310: CACHE_ID 0x410000c4, AUX_CTRL 0x7e480001
[    0.000009] sched_clock: 32 bits at 1000kHz, resolution 1000ns, wraps every 2147483647500ns
[    0.000026] clocksource: timer_us: mask: 0xffffffff max_cycles: 0xffffffff, max_idle_ns: 1911260446275 ns
[    0.000036] Switching to timer-based delay loop, resolution 1000ns
[    0.001703] Console: colour dummy device 80x30
[    0.001733] Calibrating delay loop (skipped), value calculated using timer frequency.. 2.00 BogoMIPS (lpj=10000)
[    0.001744] pid_max: default: 32768 minimum: 301
[    0.001833] Mount-cache hash table entries: 2048 (order: 1, 8192 bytes)
[    0.001844] Mountpoint-cache hash table entries: 2048 (order: 1, 8192 bytes)
[    0.002282] CPU: Testing write buffer coherency: ok
[    0.002489] CPU0: thread -1, cpu 0, socket 0, mpidr 80000000
[    0.002723] Setting up static identity map for 0x300000 - 0x3000a0
[    0.003355] Hierarchical SRCU implementation.
[    0.004195] Tegra Revision: A03 prime SKU: 8 CPU Process: 1 SoC Process: 2
[    0.004638] EFI services will not be available.
[    0.004730] smp: Bringing up secondary CPUs ...
[    0.005250] CPU1: thread -1, cpu 1, socket 0, mpidr 80000001
[    0.005325] smp: Brought up 1 node, 2 CPUs
[    0.005336] SMP: Total of 2 processors activated (4.00 BogoMIPS).
[    0.005342] CPU: All CPU(s) started in SVC mode.
[    0.006002] devtmpfs: initialized
[    0.012390] Built 1 zonelists, mobility grouping on.  Total pages: 254961
[    0.012753] VFP support v0.3: implementor 41 architecture 3 part 30 variant 9 rev 1
[    0.013018] clocksource: jiffies: mask: 0xffffffff max_cycles: 0xffffffff, max_idle_ns: 19112604462750000 ns
[    0.013040] futex hash table entries: 512 (order: 3, 32768 bytes)
[    0.013216] pinctrl core: initialized pinctrl subsystem
[    0.014107] DMI not present or invalid.
[    0.014322] NET: Registered protocol family 16
[    0.016452] DMA: preallocated 256 KiB pool for atomic coherent allocations
[    0.017872] cpuidle: using governor menu
[    0.033609] No ATAGs?
[    0.033672] hw-breakpoint: found 5 (+1 reserved) breakpoint and 1 watchpoint registers.
[    0.033684] hw-breakpoint: maximum watchpoint size is 4 bytes.
[    0.038478] Serial: AMBA PL011 UART driver
[    0.048792] AT91: Could not find identification node
[    0.049296] usb1_vbus: Failed to request enable GPIO170: -517
[    0.049313] reg-fixed-voltage regulators:regulator@2: Failed to register regulator: -517
[    0.052744] vgaarb: loaded
[    0.053308] SCSI subsystem initialized
[    0.053439] libata version 3.00 loaded.
[    0.053616] usbcore: registered new interface driver usbfs
[    0.053655] usbcore: registered new interface driver hub
[    0.053696] usbcore: registered new device driver usb
[    0.055663] pps_core: LinuxPPS API ver. 1 registered
[    0.055671] pps_core: Software ver. 5.3.6 - Copyright 2005-2007 Rodolfo Giometti <giometti@linux.it>
[    0.055687] PTP clock support registered
[    0.055836] EDAC MC: Ver: 3.0.0
[    0.056084] dmi: Firmware registration failed.
[    0.057519] clocksource: Switched to clocksource timer_us
[    0.095430] NET: Registered protocol family 2
[    0.095865] TCP established hash table entries: 8192 (order: 3, 32768 bytes)
[    0.095936] TCP bind hash table entries: 8192 (order: 4, 65536 bytes)
[    0.096050] TCP: Hash tables configured (established 8192 bind 8192)
[    0.096171] UDP hash table entries: 512 (order: 2, 16384 bytes)
[    0.096226] UDP-Lite hash table entries: 512 (order: 2, 16384 bytes)
[    0.096380] NET: Registered protocol family 1
[    0.096679] RPC: Registered named UNIX socket transport module.
[    0.096688] RPC: Registered udp transport module.
[    0.096694] RPC: Registered tcp transport module.
[    0.096699] RPC: Registered tcp NFSv4.1 backchannel transport module.
[    0.096708] PCI: CLS 0 bytes, default 64
[    0.097574] hw perfevents: no interrupt-affinity property for /pmu, guessing.
[    0.097737] hw perfevents: enabled with armv7_cortex_a9 PMU driver, 7 counters available
[    0.098908] workingset: timestamp_bits=30 max_order=18 bucket_order=0
[    0.103313] squashfs: version 4.0 (2009/01/31) Phillip Lougher
[    0.103784] NFS: Registering the id_resolver key type
[    0.103805] Key type id_resolver registered
[    0.103812] Key type id_legacy registered
[    0.103842] ntfs: driver 2.1.32 [Flags: R/O].
[    0.104939] bounce: pool size: 64 pages
[    0.104995] Block layer SCSI generic (bsg) driver version 0.4 loaded (major 248)
[    0.105003] io scheduler noop registered
[    0.105009] io scheduler deadline registered
[    0.105180] io scheduler cfq registered (default)
[    0.105188] io scheduler mq-deadline registered
[    0.105194] io scheduler kyber registered
[    0.116900] tegra-pcie 80003000.pcie: dual-mode configuration
[    0.117613] tegra-pcie 80003000.pcie: probing port 0, using 2 lanes
[    0.201663] tegra-pcie 80003000.pcie: PCI host bridge to bus 0000:00
[    0.201675] pci_bus 0000:00: root bus resource [io  0x0000-0xffff]
[    0.201684] pci_bus 0000:00: root bus resource [mem 0xa0000000-0xa7ffffff]
[    0.201693] pci_bus 0000:00: root bus resource [mem 0xa8000000-0xbfffffff pref]
[    0.201702] pci_bus 0000:00: root bus resource [bus 00-ff]
[    0.201735] pci 0000:00:01.0: [10de:0bf0] type 01 class 0x060000
[    0.201754] pci_bus 0000:00: 2-byte config write to 0000:00:01.0 offset 0x4 may corrupt adjacent RW1C bits
[    0.201765] pci_bus 0000:00: 2-byte config write to 0000:00:01.0 offset 0x4 may corrupt adjacent RW1C bits
[    0.201783] pci 0000:00:01.0: enabling Extended Tags
[    0.201794] pci_bus 0000:00: 2-byte config write to 0000:00:01.0 offset 0x88 may corrupt adjacent RW1C bits
[    0.201819] pci_bus 0000:00: 2-byte config write to 0000:00:01.0 offset 0x52 may corrupt adjacent RW1C bits
[    0.201843] pci 0000:00:01.0: PME# supported from D0 D1 D2 D3hot D3cold
[    0.201855] pci_bus 0000:00: 2-byte config write to 0000:00:01.0 offset 0x4c may corrupt adjacent RW1C bits
[    0.202010] pci_bus 0000:00: 2-byte config write to 0000:00:01.0 offset 0x3e may corrupt adjacent RW1C bits
[    0.202022] pci_bus 0000:00: 2-byte config write to 0000:00:01.0 offset 0x4 may corrupt adjacent RW1C bits
[    0.202033] pci_bus 0000:00: 1-byte config write to 0000:00:01.0 offset 0xc may corrupt adjacent RW1C bits
[    0.202039] PCI: bus0: Fast back to back transfers disabled
[    0.202049] pci 0000:00:01.0: bridge configuration invalid ([bus 00-00]), reconfiguring
[    0.202059] pci_bus 0000:00: 2-byte config write to 0000:00:01.0 offset 0x3e may corrupt adjacent RW1C bits
[    0.202069] pci_bus 0000:00: 2-byte config write to 0000:00:01.0 offset 0x3e may corrupt adjacent RW1C bits
[    0.202184] pci 0000:01:00.0: [10ec:8168] type 00 class 0x020000
[    0.202219] pci 0000:01:00.0: reg 0x10: [io  0x0000-0x00ff]
[    0.202244] pci 0000:01:00.0: reg 0x18: [mem 0x00000000-0x00000fff 64bit pref]
[    0.202262] pci 0000:01:00.0: reg 0x20: [mem 0x00000000-0x00003fff 64bit pref]
[    0.202276] pci 0000:01:00.0: reg 0x30: [mem 0x00000000-0x0001ffff pref]
[    0.202352] pci 0000:01:00.0: supports D1 D2
[    0.202361] pci 0000:01:00.0: PME# supported from D0 D1 D2 D3hot D3cold
[    0.227545] PCI: bus1: Fast back to back transfers disabled
[    0.227558] pci_bus 0000:01: busn_res: [bus 01-ff] end is updated to 01
[    0.227586] pci 0000:00:01.0: BAR 8: assigned [mem 0xa0000000-0xa00fffff]
[    0.227598] pci 0000:00:01.0: BAR 9: assigned [mem 0xa8000000-0xa80fffff 64bit pref]
[    0.227608] pci 0000:00:01.0: BAR 7: assigned [io  0x1000-0x1fff]
[    0.227620] pci 0000:01:00.0: BAR 6: assigned [mem 0xa0000000-0xa001ffff pref]
[    0.227630] pci 0000:01:00.0: BAR 4: assigned [mem 0xa8000000-0xa8003fff 64bit pref]
[    0.227650] pci 0000:01:00.0: BAR 2: assigned [mem 0xa8004000-0xa8004fff 64bit pref]
[    0.227668] pci 0000:01:00.0: BAR 0: assigned [io  0x1000-0x10ff]
[    0.227679] pci 0000:00:01.0: PCI bridge to [bus 01]
[    0.227687] pci 0000:00:01.0:   bridge window [io  0x1000-0x1fff]
[    0.227697] pci 0000:00:01.0:   bridge window [mem 0xa0000000-0xa00fffff]
[    0.227705] pci 0000:00:01.0:   bridge window [mem 0xa8000000-0xa80fffff 64bit pref]
[    0.227728] pci 0000:00:01.0: nv_msi_ht_cap_quirk didn't locate host bridge
[    0.227782] Disabling cpuidle LP2 state, since PCIe IRQs are in use
[    0.227818] pcieport 0000:00:01.0: enabling device (0140 -> 0143)
[    0.228006] pcieport 0000:00:01.0: Signaling PME with IRQ 295
[    0.234048] tegra-apbdma 6000a000.dma: Tegra20 APB DMA driver register 16 channels
[    0.274150] Serial: 8250/16550 driver, 4 ports, IRQ sharing disabled
[    0.276306] console [ttyS0] disabled
[    0.276343] 70006000.serial: ttyS0 at MMIO 0x70006000 (irq = 279, base_baud = 13500000) is a Tegra
[    1.367231] console [ttyS0] enabled
[    1.371299] SuperH (H)SCI(F) driver initialized
[    1.376572] msm_serial: driver initialized
[    1.380818] STMicroelectronics ASC driver initialized
[    1.390257] tegra-hdmi 54280000.hdmi: 54280000.hdmi supply hdmi not found, using dummy regulator
[    1.401286] [drm] Supports vblank timestamp caching Rev 2 (21.10.2013).
[    1.407919] [drm] No driver support for vblank timestamp query.
[    1.413854] [drm] Cannot find any crtc or sizes
[    1.418422] [drm] Initialized tegra 0.0.0 20120330 for drm on minor 0
[    1.426385] [drm] Cannot find any crtc or sizes
[    1.436565] brd: module loaded
[    1.444531] loop: module loaded
[    1.453716] m25p80 spi0.0: found s25fl008k, expected w25q80bl
[    1.459557] m25p80 spi0.0: s25fl008k (1024 Kbytes)
[    1.466247] libphy: Fixed MDIO Bus: probed
[    1.471133] CAN device driver interface
[    1.475617] bgmac_bcma: Broadcom 47xx GBit MAC driver loaded
[    1.482228] e1000e: Intel(R) PRO/1000 Network Driver - 3.2.6-k
[    1.488064] e1000e: Copyright(c) 1999 - 2015 Intel Corporation.
[    1.494025] igb: Intel(R) Gigabit Ethernet Network Driver - version 5.4.0-k
[    1.500983] igb: Copyright (c) 2007-2014 Intel Corporation.
[    1.507104] r8169 Gigabit Ethernet driver 2.3LK-NAPI loaded
[    1.512700] r8169 0000:01:00.0: enabling device (0140 -> 0143)
[    1.519140] r8169 0000:01:00.0 eth0: RTL8168d/8111d at 0xf0a5c000, 00:01:c0:13:7d:63, XID 081000c0 IRQ 296
[    1.528796] r8169 0000:01:00.0 eth0: jumbo features [frames: 9200 bytes, tx checksumming: ko]
[    1.539552] pegasus: v0.9.3 (2013/04/25), Pegasus/Pegasus II USB Ethernet driver
[    1.546978] usbcore: registered new interface driver pegasus
[    1.552675] usbcore: registered new interface driver asix
[    1.558112] usbcore: registered new interface driver ax88179_178a
[    1.564213] usbcore: registered new interface driver cdc_ether
[    1.570081] usbcore: registered new interface driver smsc75xx
[    1.575843] usbcore: registered new interface driver smsc95xx
[    1.581612] usbcore: registered new interface driver net1080
[    1.587277] usbcore: registered new interface driver cdc_subset
[    1.593225] usbcore: registered new interface driver zaurus
[    1.598837] usbcore: registered new interface driver cdc_ncm
[    1.604749] tegra-phy c5004000.usb-phy: no vbus regulator
[    1.611265] tegra-phy c5008000.usb-phy: no vbus regulator
[    1.617996] ehci_hcd: USB 2.0 'Enhanced' Host Controller (EHCI) Driver
[    1.624507] ehci-pci: EHCI PCI platform driver
[    1.628986] ehci-platform: EHCI generic platform driver
[    1.634348] ehci-orion: EHCI orion driver
[    1.638485] SPEAr-ehci: EHCI SPEAr driver
[    1.642584] ehci-st: EHCI STMicroelectronics driver
[    1.647565] ehci-exynos: EHCI EXYNOS driver
[    1.651849] ehci-atmel: EHCI Atmel driver
[    1.655941] tegra-ehci: Tegra EHCI driver
[    1.718722] ulpi_phy_power_on: ulpi write failed
[    1.723330] tegra-ehci c5004000.usb: Failed to power on the phy
[    1.729265] tegra-ehci: probe of c5004000.usb failed with error -110
[    1.738240] tegra-ehci c5008000.usb: EHCI Host Controller
[    1.743648] tegra-ehci c5008000.usb: new USB bus registered, assigned bus number 1
[    1.751371] tegra-ehci c5008000.usb: irq 290, io mem 0xc5008000
[    1.777537] tegra-ehci c5008000.usb: USB 2.0 started, EHCI 1.00
[    1.783993] hub 1-0:1.0: USB hub found
[    1.787776] hub 1-0:1.0: 1 port detected
[    1.791991] ohci_hcd: USB 1.1 'Open' Host Controller (OHCI) Driver
[    1.798183] ohci-pci: OHCI PCI platform driver
[    1.802654] ohci-platform: OHCI generic platform driver
[    1.808048] SPEAr-ohci: OHCI SPEAr driver
[    1.812150] ohci-st: OHCI STMicroelectronics driver
[    1.817113] ohci-atmel: OHCI Atmel driver
[    1.821700] usbcore: registered new interface driver usb-storage
[    1.830750] rtc-em3027 2-0056: rtc core: registered rtc-em3027 as rtc0
[    1.838406] tegra_rtc 7000e000.rtc: rtc core: registered 7000e000.rtc as rtc1
[    1.845558] tegra_rtc 7000e000.rtc: Tegra internal Real Time Clock
[    1.852142] i2c /dev entries driver
[    1.858266] IR NEC protocol handler initialized
[    1.862783] IR RC5(x/sz) protocol handler initialized
[    1.867836] IR RC6 protocol handler initialized
[    1.872352] IR JVC protocol handler initialized
[    1.876866] IR Sony protocol handler initialized
[    1.881479] IR SANYO protocol handler initialized
[    1.886168] IR Sharp protocol handler initialized
[    1.890866] IR MCE Keyboard/mouse protocol handler initialized
[    1.896681] IR XMP protocol handler initialized
[    1.908167] sdhci: Secure Digital Host Controller Interface driver
[    1.914331] sdhci: Copyright(c) Pierre Ossman
[    1.919866] Synopsys Designware Multimedia Card Interface Driver
[    1.926808] sdhci-pltfm: SDHCI platform and OF driver helper
[    1.941232] mmc0: Invalid maximum block size, assuming 512 bytes
[    2.007689] mmc0: SDHCI controller on c8000000.sdhci [c8000000.sdhci] using ADMA
[    2.015574] sdhci-tegra c8000600.sdhci: Got CD GPIO
[    2.020639] sdhci-tegra c8000600.sdhci: Got WP GPIO
[    2.034033] mmc1: Invalid maximum block size, assuming 512 bytes
[    2.098125] mmc1: SDHCI controller on c8000600.sdhci [c8000600.sdhci] using ADMA
[    2.114237] ledtrig-cpu: registered to indicate activity on CPUs
[    2.120540] usbcore: registered new interface driver usbhid
[    2.126097] usbhid: USB HID core driver
[    2.133536] NET: Registered protocol family 10
[    2.141265] Segment Routing with IPv6
[    2.144965] sit: IPv6, IPv4 and MPLS over IPv4 tunneling driver
[    2.151322] NET: Registered protocol family 17
[    2.155760] can: controller area network core (rev 20170425 abi 9)
[    2.161995] NET: Registered protocol family 29
[    2.166426] can: raw protocol (rev 20170425)
[    2.170703] can: broadcast manager protocol (rev 20170425 t)
[    2.176352] can: netlink gateway (rev 20170425) max_hops=1
[    2.182125] Key type dns_resolver registered
[    2.186756] ThumbEE CPU extension supported.
[    2.191044] Registering SWP/SWPB emulation handler
[    2.204168] utmi_phy_clk_enable: timeout waiting for phy to stabilize
[    2.210651] tegra-ehci c5000000.usb: EHCI Host Controller
[    2.216053] tegra-ehci c5000000.usb: new USB bus registered, assigned bus number 2
[    2.217534] usb 1-1: new high-speed USB device number 2 using tegra-ehci
[    2.230502] tegra-ehci c5000000.usb: irq 288, io mem 0xc5000000
[    2.246895] mmc1: new high speed SD card at address b368
[    2.253362] mmcblk1: mmc1:b368 NCard 1.83 GiB (ro)
[    2.260865]  mmcblk1: p1 p2
[    2.387685] tegra-ehci c5000000.usb: USB 2.0 started, EHCI 1.00
[    2.395915] hub 2-0:1.0: USB hub found
[    2.399939] hub 2-0:1.0: 1 port detected
[    2.407174] input: gpio-keys as /devices/soc0/gpio-keys/input/input0
[    2.415045] rtc-em3027 2-0056: hctosys: unable to read the hardware clock
[   2.422279] hub 1-1:1.0: USB hub found
[    2.426013] hub 1-1:1.0: 4 ports detected
[    2.431595] Waiting for root device PARTUUID=11eb23c1-01...
[    2.747670] usb 1-1.2: new high-speed USB device number 3 using tegra-ehci
[    3.275438] mmc0: host does not support reading read-only switch, assuming write-enable
[    3.285376] mmc0: new high speed SDHC card at address b368
[    3.291203] mmcblk0: mmc0:b368 NCard 3.70 GiB 
[    3.297587]  mmcblk0: p1
[    3.371307] asix 1-1.2:1.0 eth1: register 'asix' at usb-c5008000.usb-1.2, ASIX AX88772 USB 2.0 Ethernet, 00:60:6e:60:6c:68
[    3.388276] EXT4-fs (mmcblk0p1): mounting ext3 file system using the ext4 subsystem
[    3.912217] EXT4-fs (mmcblk0p1): recovery complete
[    3.988765] EXT4-fs (mmcblk0p1): mounted filesystem with ordered data mode. Opts: (null)
[    3.996947] VFS: Mounted root (ext3 filesystem) on device 179:17.
[    4.006986] devtmpfs: mounted
[    4.011531] Freeing unused kernel memory: 2048K
bash: cannot set terminal process group (-1): Inappropriate ioctl for device
bash: no job control in this shell
root@(none):/#  
root@(none):/# 