
U-Boot SPL 2016.05-rc2 (Apr 21 2016 - 16:23:00)
Trying to boot from RAM


U-Boot 2016.05-rc2 (Apr 21 2016 - 16:23:00 -0700)

TEGRA124
Model: NVIDIA Jetson TK1
Board: NVIDIA Jetson TK1
DRAM:  2 GiB
MC:   Tegra SD/MMC: 0, Tegra SD/MMC: 1
In:    serial
Out:   serial
Err:   serial
Net:   No ethernet found.
Hit any key to stop autoboot:  2  0 
Tegra124 (Jetson TK1) # 
Tegra124 (Jetson TK1) # pci enum
Tegra124 (Jetson TK1) # setenv bootargs 'ignore_loglevel console=ttyS0,115200n8 rw root=PARTUUID=b1791faa-84e8-4e27-83a1-9fb0a77e8803 rootwait gpt debug noinitrd earlyprintk init=/bin/bash'
Tegra124 (Jetson TK1) # setenv ipaddr 192.168.100.102; setenv serverip 192.168.100.1; setenv tftpserverip 192.168.100.1
Tegra124 (Jetson TK1) # tftpboot 0x82000000 zImage.multi_v7_defconfig

Warning: eth_rtl8169 using MAC address from ROM
Using eth_rtl8169 device
TFTP from server 192.168.100.1; our IP address is 192.168.100.102
Filename 'zImage.multi_v7_defconfig'.
Load address: 0x82000000
Loading: *#################################################################
	 #################################################################
	 #################################################################
	 #################################################################
	 #################################################################
	 #################################################################
	 #################################################################
	 #################
	 3.9 MiB/s
done
Bytes transferred = 6919032 (699378 hex)
Tegra124 (Jetson TK1) # tftpboot 0x83000000 tegra124-jetson-tk1.dtb
Using eth_rtl8169 device
TFTP from server 192.168.100.1; our IP address is 192.168.100.102
Filename 'tegra124-jetson-tk1.dtb'.
Load address: 0x83000000
Loading: *#####
	 3.6 MiB/s
done
Bytes transferred = 64138 (fa8a hex)
Tegra124 (Jetson TK1) # bootz 0x82000000 - 0x83000000
Kernel image @ 0x82000000 [ 0x000000 - 0x699378 ]
## Flattened Device Tree blob at 83000000
   Booting using the fdt blob at 0x83000000
   Using Device Tree in place at 83000000, end 83012a89

Starting kernel ...

[    0.000000] Booting Linux on physical CPU 0x0
[    0.000000] Linux version 4.6.0-83646-g2dcd0af (pwalmsley@sellafield) (gcc version 4.7.3 20130328 (prerelease) (crosstool-NG linaro-1.13.1-4.7-2013.04-20130415 - Linaro GCC 2013.04) ) #1 SMP Mon May 16 02:38:24 PDT 2016
[    0.000000] CPU: ARMv7 Processor [413fc0f3] revision 3 (ARMv7), cr=10c5387d
[    0.000000] CPU: div instructions available: patching division code
[    0.000000] CPU: PIPT / VIPT nonaliasing data cache, PIPT instruction cache
[    0.000000] Machine model: NVIDIA Tegra124 Jetson TK1
[    0.000000] debug: ignoring loglevel setting.
[    0.000000] cma: Reserved 64 MiB at 0xfb800000
[    0.000000] Memory policy: Data cache writealloc
[    0.000000] On node 0 totalpages: 524032
[    0.000000] free_area_init_node: node 0, pgdat c141b3c0, node_mem_map eeff8000
[    0.000000]   DMA zone: 1536 pages used for memmap
[    0.000000]   DMA zone: 0 pages reserved
[    0.000000]   DMA zone: 196608 pages, LIFO batch:31
[    0.000000]   HighMem zone: 327424 pages, LIFO batch:31
[    0.000000] percpu: Embedded 12 pages/cpu @eef8f000 s19776 r8192 d21184 u49152
[    0.000000] pcpu-alloc: s19776 r8192 d21184 u49152 alloc=12*4096
[    0.000000] pcpu-alloc: [0] 0 [0] 1 [0] 2 [0] 3 
[    0.000000] Built 1 zonelists in Zone order, mobility grouping on.  Total pages: 522496
[    0.000000] Kernel command line: ignore_loglevel console=ttyS0,115200n8 rw root=PARTUUID=b1791faa-84e8-4e27-83a1-9fb0a77e8803 rootwait gpt debug noinitrd earlyprintk init=/bin/bash
[    0.000000] PID hash table entries: 4096 (order: 2, 16384 bytes)
[    0.000000] Dentry cache hash table entries: 131072 (order: 7, 524288 bytes)
[    0.000000] Inode-cache hash table entries: 65536 (order: 6, 262144 bytes)
[    0.000000] Memory: 1995024K/2096128K available (9522K kernel code, 1141K rwdata, 4108K rodata, 2048K init, 341K bss, 35568K reserved, 65536K cma-reserved, 1244160K highmem)
[    0.000000] Virtual kernel memory layout:
[    0.000000]     vector  : 0xffff0000 - 0xffff1000   (   4 kB)
[    0.000000]     fixmap  : 0xffc00000 - 0xfff00000   (3072 kB)
[    0.000000]     vmalloc : 0xf0800000 - 0xff800000   ( 240 MB)
[    0.000000]     lowmem  : 0xc0000000 - 0xf0000000   ( 768 MB)
[    0.000000]     pkmap   : 0xbfe00000 - 0xc0000000   (   2 MB)
[    0.000000]     modules : 0xbf000000 - 0xbfe00000   (  14 MB)
[    0.000000]       .text : 0xc0208000 - 0xc104fa34   (14623 kB)
[    0.000000]       .init : 0xc1100000 - 0xc1300000   (2048 kB)
[    0.000000]       .data : 0xc1300000 - 0xc141d400   (1141 kB)
[    0.000000]        .bss : 0xc141f000 - 0xc1474518   ( 342 kB)
[    0.000000] SLUB: HWalign=64, Order=0-3, MinObjects=0, CPUs=4, Nodes=1
[    0.000000] Hierarchical RCU implementation.
[    0.000000] 	Build-time adjustment of leaf fanout to 32.
[    0.000000] 	RCU restricting CPUs from NR_CPUS=16 to nr_cpu_ids=4.
[    0.000000] RCU: Adjusting geometry for rcu_fanout_leaf=32, nr_cpu_ids=4
[    0.000000] NR_IRQS:16 nr_irqs:16 16
[    0.000000] /interrupt-controller@60004000: 160 interrupts forwarded to /interrupt-controller@0,50041000
[    0.000000] Tegra clk 127: register failed with -17
[    0.000008] sched_clock: 32 bits at 1000kHz, resolution 1000ns, wraps every 2147483647500ns
[    0.000032] clocksource: timer_us: mask: 0xffffffff max_cycles: 0xffffffff, max_idle_ns: 1911260446275 ns
[    0.000045] Switching to timer-based delay loop, resolution 1000ns
[    0.005095] Architected cp15 timer(s) running at 12.00MHz (virt).
[    0.005113] clocksource: arch_sys_counter: mask: 0xffffffffffffff max_cycles: 0x2c47f4ee7, max_idle_ns: 440795202497 ns
[    0.005130] sched_clock: 56 bits at 12MHz, resolution 83ns, wraps every 4398046511096ns
[    0.005142] Switching to timer-based delay loop, resolution 83ns
[    0.005583] Console: colour dummy device 80x30
[    0.005608] Calibrating delay loop (skipped), value calculated using timer frequency.. 24.00 BogoMIPS (lpj=60000)
[    0.005622] pid_max: default: 32768 minimum: 301
[    0.005719] Mount-cache hash table entries: 2048 (order: 1, 8192 bytes)
[    0.005731] Mountpoint-cache hash table entries: 2048 (order: 1, 8192 bytes)
[    0.006333] CPU: Testing write buffer coherency: ok
[    0.006552] /cpus/cpu@0 missing clock-frequency property
[    0.006588] /cpus/cpu@1 missing clock-frequency property
[    0.006624] /cpus/cpu@2 missing clock-frequency property
[    0.006662] /cpus/cpu@3 missing clock-frequency property
[    0.006673] CPU0: thread -1, cpu 0, socket 0, mpidr 80000000
[    0.006718] Setting up static identity map for 0x80300000 - 0x80300098
[    0.009749] Tegra Revision: A01 SKU: 129 CPU Process: 1 SoC Process: 1
[    0.011219] CPU1: thread -1, cpu 1, socket 0, mpidr 80000001
[    0.011890] CPU2: thread -1, cpu 2, socket 0, mpidr 80000002
[    0.012537] CPU3: thread -1, cpu 3, socket 0, mpidr 80000003
[    0.012622] Brought up 4 CPUs
[    0.012642] SMP: Total of 4 processors activated (96.00 BogoMIPS).
[    0.012649] CPU: All CPU(s) started in SVC mode.
[    0.014112] devtmpfs: initialized
[    0.032113] VFP support v0.3: implementor 41 architecture 4 part 30 variant f rev 0
[    0.032869] clocksource: jiffies: mask: 0xffffffff max_cycles: 0xffffffff, max_idle_ns: 9556302231375000 ns
[    0.034457] pinctrl core: initialized pinctrl subsystem
[    0.036271] NET: Registered protocol family 16
[    0.038341] DMA: preallocated 256 KiB pool for atomic coherent allocations
[    0.054904] cpuidle: using governor menu
[    0.072696] No ATAGs?
[    0.072731] hw-breakpoint: found 5 (+1 reserved) breakpoint and 4 watchpoint registers.
[    0.072741] hw-breakpoint: maximum watchpoint size is 8 bytes.
[    0.078825] Serial: AMBA PL011 UART driver
[    0.110894] +USB0_VBUS_SW: Failed to request enable GPIO108: -517
[    0.110910] reg-fixed-voltage regulators:regulator@7: Failed to register regulator: -517
[    0.110999] +5V_USB_HS: Failed to request enable GPIO109: -517
[    0.111012] reg-fixed-voltage regulators:regulator@8: Failed to register regulator: -517
[    0.111175] +1.05V_RUN_AVDD_HDMI_PLL: Failed to request enable GPIO63: -517
[    0.111188] reg-fixed-voltage regulators:regulator@11: Failed to register regulator: -517
[    0.111274] +5V_HDMI_CON: Failed to request enable GPIO86: -517
[    0.111285] reg-fixed-voltage regulators:regulator@12: Failed to register regulator: -517
[    0.111370] +5V_SATA: Failed to request enable GPIO242: -517
[    0.111381] reg-fixed-voltage regulators:regulator@13: Failed to register regulator: -517
[    0.111465] +12V_SATA: Failed to request enable GPIO242: -517
[    0.111476] reg-fixed-voltage regulators:regulator@14: Failed to register regulator: -517
[    0.115021] vgaarb: loaded
[    0.116058] SCSI subsystem initialized
[    0.116232] libata version 3.00 loaded.
[    0.116533] usbcore: registered new interface driver usbfs
[    0.116600] usbcore: registered new interface driver hub
[    0.116676] usbcore: registered new device driver usb
[    0.120440] pps_core: LinuxPPS API ver. 1 registered
[    0.120450] pps_core: Software ver. 5.3.6 - Copyright 2005-2007 Rodolfo Giometti <giometti@linux.it>
[    0.120478] PTP clock support registered
[    0.120707] EDAC MC: Ver: 3.0.0
[    0.123992] clocksource: Switched to clocksource arch_sys_counter
[    0.135432] NET: Registered protocol family 2
[    0.135959] TCP established hash table entries: 8192 (order: 3, 32768 bytes)
[    0.136058] TCP bind hash table entries: 8192 (order: 4, 65536 bytes)
[    0.136244] TCP: Hash tables configured (established 8192 bind 8192)
[    0.136294] UDP hash table entries: 512 (order: 2, 16384 bytes)
[    0.136335] UDP-Lite hash table entries: 512 (order: 2, 16384 bytes)
[    0.136507] NET: Registered protocol family 1
[    0.136751] RPC: Registered named UNIX socket transport module.
[    0.136760] RPC: Registered udp transport module.
[    0.136767] RPC: Registered tcp transport module.
[    0.136774] RPC: Registered tcp NFSv4.1 backchannel transport module.
[    0.136792] PCI: CLS 0 bytes, default 64
[    0.137792] hw perfevents: enabled with armv7_cortex_a15 PMU driver, 7 counters available
[    0.139441] futex hash table entries: 1024 (order: 4, 65536 bytes)
[    0.140238] workingset: timestamp_bits=28 max_order=19 bucket_order=0
[    0.152047] squashfs: version 4.0 (2009/01/31) Phillip Lougher
[    0.152917] NFS: Registering the id_resolver key type
[    0.152955] Key type id_resolver registered
[    0.152963] Key type id_legacy registered
[    0.153027] ntfs: driver 2.1.32 [Flags: R/O].
[    0.154411] bounce: pool size: 64 pages
[    0.154633] Block layer SCSI generic (bsg) driver version 0.4 loaded (major 248)
[    0.154651] io scheduler noop registered
[    0.154665] io scheduler deadline registered
[    0.154703] io scheduler cfq registered (default)
[    0.175207] tegra-pcie 1003000.pcie-controller: 2x1, 1x1 configuration
[    0.175259] tegra-pcie 1003000.pcie-controller: Failed to get supply 'avddio-pex': -517
[    0.182597] tegra-apbdma 60020000.dma: Tegra20 APB DMA driver register 32 channels
[    0.184631] tegra-pmc 7000e400.pmc: emergency thermal reset enabled
[    0.247526] Serial: 8250/16550 driver, 4 ports, IRQ sharing disabled
[    0.250551] console [ttyS0] disabled
[    0.250586] 70006300.serial: ttyS0 at MMIO 0x70006300 (irq = 333, base_baud = 25500000) is a Tegra
[    1.073708] console [ttyS0] enabled
[    1.078100] SuperH (H)SCI(F) driver initialized
[    1.083677] msm_serial: driver initialized
[    1.087995] STMicroelectronics ASC driver initialized
[    1.095607] [drm] Initialized drm 1.1.0 20060810
[    1.103268] tegra-hdmi 54280000.hdmi: failed to get HDMI regulator
[    1.122644] brd: module loaded
[    1.131754] loop: module loaded
[    1.135434] at24 0-0056: 256 byte 24c02 EEPROM, writable, 8 bytes/write
[    1.143695] as3722 4-0040: AS3722 with revision 0x1 found
[    1.167196] +5V_SYS: supplied by +VDD_MUX
[    1.171271] +1.05V_RUN: supplied by +5V_SYS
[    1.175583] tegra-ahci 70027000.sata: Failed to get supply 'hvdd': -517
[    1.182253] tegra-ahci 70027000.sata: Failed to get regulators
[    1.203175] m25p80 spi32765.0: w25q32dw (4096 Kbytes)
[    1.211706] libphy: Fixed MDIO Bus: probed
[    1.216555] CAN device driver interface
[    1.222588] igb: Intel(R) Gigabit Ethernet Network Driver - version 5.3.0-k
[    1.229556] igb: Copyright (c) 2007-2014 Intel Corporation.
[    1.238697] pegasus: v0.9.3 (2013/04/25), Pegasus/Pegasus II USB Ethernet driver
[    1.246152] usbcore: registered new interface driver pegasus
[    1.251883] usbcore: registered new interface driver asix
[    1.257338] usbcore: registered new interface driver ax88179_178a
[    1.263484] usbcore: registered new interface driver cdc_ether
[    1.269390] usbcore: registered new interface driver smsc75xx
[    1.275208] usbcore: registered new interface driver smsc95xx
[    1.281013] usbcore: registered new interface driver net1080
[    1.286727] usbcore: registered new interface driver cdc_subset
[    1.292699] usbcore: registered new interface driver zaurus
[    1.298358] usbcore: registered new interface driver cdc_ncm
[    1.304281] tegra-phy 7d004000.usb-phy: no vbus regulator
[    1.311613] ehci_hcd: USB 2.0 'Enhanced' Host Controller (EHCI) Driver
[    1.318155] ehci-pci: EHCI PCI platform driver
[    1.322657] ehci-platform: EHCI generic platform driver
[    1.328107] ehci-omap: OMAP-EHCI Host Controller driver
[    1.333490] ehci-orion: EHCI orion driver
[    1.337666] SPEAr-ehci: EHCI SPEAr driver
[    1.341842] ehci-st: EHCI STMicroelectronics driver
[    1.346884] ehci-exynos: EHCI EXYNOS driver
[    1.351254] ehci-atmel: EHCI Atmel driver
[    1.355428] tegra-ehci: Tegra EHCI driver
[    1.359779] tegra-ehci 7d004000.usb: EHCI Host Controller
[    1.365212] tegra-ehci 7d004000.usb: new USB bus registered, assigned bus number 1
[    1.372960] tegra-ehci 7d004000.usb: irq 350, io mem 0x7d004000
[    1.384017] tegra-ehci 7d004000.usb: USB 2.0 started, EHCI 1.10
[    1.390802] hub 1-0:1.0: USB hub found
[    1.394601] hub 1-0:1.0: 1 port detected
[    1.399167] ohci_hcd: USB 1.1 'Open' Host Controller (OHCI) Driver
[    1.405365] ohci-pci: OHCI PCI platform driver
[    1.409874] ohci-platform: OHCI generic platform driver
[    1.415298] ohci-omap3: OHCI OMAP3 driver
[    1.419471] SPEAr-ohci: OHCI SPEAr driver
[    1.423631] ohci-st: OHCI STMicroelectronics driver
[    1.428674] ohci-atmel: OHCI Atmel driver
[    1.433525] usbcore: registered new interface driver usb-storage
[    1.441329] mousedev: PS/2 mouse device common for all mice
[    1.450460] as3722-rtc as3722-rtc: rtc core: registered as3722-rtc as rtc0
[    1.457346] as3722-rtc as3722-rtc: RTC interrupt 373
[    1.465724] tegra_rtc 7000e000.rtc: rtc core: registered 7000e000.rtc as rtc1
[    1.472912] tegra_rtc 7000e000.rtc: Tegra internal Real Time Clock
[    1.479706] i2c /dev entries driver
[    1.489749] 0-004c supply vcc not found, using dummy regulator
[    1.504852] sdhci: Secure Digital Host Controller Interface driver
[    1.511044] sdhci: Copyright(c) Pierre Ossman
[    1.517155] Synopsys Designware Multimedia Card Interface Driver
[    1.524424] sdhci-pltfm: SDHCI platform and OF driver helper
[    1.530899] sdhci-tegra 700b0400.sdhci: Got CD GPIO
[    1.535811] sdhci-tegra 700b0400.sdhci: Got WP GPIO
[    1.540750] mmc0: Unknown controller version (3). You may experience problems.
[    1.548341] mmc0: Unknown controller version (3). You may experience problems.
[    1.555654] mmc0: Invalid maximum block size, assuming 512 bytes
[    1.594013] mmc0: SDHCI controller on 700b0600.sdhci [700b0600.sdhci] using ADMA 64-bit
[    1.604021] ledtrig-cpu: registered to indicate activity on CPUs
[    1.610435] usbcore: registered new interface driver usbhid
[    1.616016] usbhid: USB HID core driver
[    1.628665] NET: Registered protocol family 10
[    1.633874] sit: IPv6 over IPv4 tunneling driver
[    1.639353] NET: Registered protocol family 17
[    1.643803] can: controller area network core (rev 20120528 abi 9)
[    1.650058] NET: Registered protocol family 29
[    1.654520] can: raw protocol (rev 20120528)
[    1.658788] can: broadcast manager protocol (rev 20120528 t)
[    1.664471] can: netlink gateway (rev 20130117) max_hops=1
[    1.670377] Key type dns_resolver registered
[    1.675368] ThumbEE CPU extension supported.
[    1.679667] Registering SWP/SWPB emulation handler
[    1.697471] tegra-pcie 1003000.pcie-controller: 2x1, 1x1 configuration
[    1.704393] +3.3V_SYS: supplied by +VDD_MUX
[    1.708623] +3.3V_LP0: supplied by +3.3V_SYS
[    1.713273] +1.35V_LP0(sd2): supplied by +5V_SYS
[    1.717976] +1.05V_RUN_AVDD: supplied by +1.35V_LP0(sd2)
[    1.725393] tegra-pcie 1003000.pcie-controller: probing port 0, using 2 lanes
[    1.733489] mmc0: new high speed MMC card at address 0001
[    1.738921] tegra-pcie 1003000.pcie-controller: Slot present pin change, signature: 00000008
[    1.748575] mmcblk0: mmc0:0001 SEM16G 14.7 GiB 
[    1.754137] mmcblk0boot0: mmc0:0001 SEM16G partition 1 4.00 MiB
[    1.757731] tegra-pcie 1003000.pcie-controller: probing port 1, using 1 lanes
[    1.760089] tegra-pcie 1003000.pcie-controller: Slot present pin change, signature: 00000000
[    1.774942] tegra-pcie 1003000.pcie-controller: PCI host bridge to bus 0000:00
[    1.774952] pci_bus 0000:00: root bus resource [io  0x0000-0xffff]
[    1.774959] pci_bus 0000:00: root bus resource [mem 0x13000000-0x1fffffff]
[    1.774966] pci_bus 0000:00: root bus resource [mem 0x20000000-0x3fffffff pref]
[    1.774973] pci_bus 0000:00: root bus resource [bus 00-ff]
[    1.775015] pci 0000:00:01.0: [10de:0e12] type 01 class 0x060400
[    1.775142] pci 0000:00:01.0: PME# supported from D0 D1 D2 D3hot D3cold
[    1.775495] pci 0000:00:02.0: [10de:0e13] type 01 class 0x060400
[    1.775610] pci 0000:00:02.0: PME# supported from D0 D1 D2 D3hot D3cold
[    1.775978] PCI: bus0: Fast back to back transfers disabled
[    1.775987] pci 0000:00:01.0: bridge configuration invalid ([bus 00-00]), reconfiguring
[    1.776003] pci 0000:00:02.0: bridge configuration invalid ([bus 00-00]), reconfiguring
[    1.776257] pci 0000:01:00.0: [8086:4232] type 00 class 0x028000
[    1.776310] pci 0000:01:00.0: reg 0x10: [mem 0x00000000-0x00001fff 64bit]
[    1.776535] pci 0000:01:00.0: PME# supported from D0 D3hot D3cold
[    1.784149] PCI: bus1: Fast back to back transfers disabled
[    1.784164] pci_bus 0000:01: busn_res: [bus 01-ff] end is updated to 01
[    1.784447] pci 0000:02:00.0: [10ec:8168] type 00 class 0x020000
[    1.784483] pci 0000:02:00.0: reg 0x10: [io  0x0000-0x00ff]
[    1.784524] pci 0000:02:00.0: reg 0x18: [mem 0x00000000-0x00000fff 64bit]
[    1.784553] pci 0000:02:00.0: reg 0x20: [mem 0x00000000-0x00003fff 64bit pref]
[    1.784724] pci 0000:02:00.0: supports D1 D2
[    1.784730] pci 0000:02:00.0: PME# supported from D0 D1 D2 D3hot D3cold
[    1.794140] PCI: bus2: Fast back to back transfers disabled
[    1.794154] pci_bus 0000:02: busn_res: [bus 02-ff] end is updated to 02
[    1.794334] pci 0000:00:01.0: BAR 8: assigned [mem 0x13000000-0x130fffff]
[    1.794343] pci 0000:00:02.0: BAR 8: assigned [mem 0x13100000-0x131fffff]
[    1.794352] pci 0000:00:02.0: BAR 9: assigned [mem 0x20000000-0x200fffff 64bit pref]
[    1.794359] pci 0000:00:02.0: BAR 7: assigned [io  0x1000-0x1fff]
[    1.794372] pci 0000:01:00.0: BAR 0: assigned [mem 0x13000000-0x13001fff 64bit]
[    1.794407] pci 0000:00:01.0: PCI bridge to [bus 01]
[    1.794420] pci 0000:00:01.0:   bridge window [mem 0x13000000-0x130fffff]
[    1.794438] pci 0000:02:00.0: BAR 4: assigned [mem 0x20000000-0x20003fff 64bit pref]
[    1.794465] pci 0000:02:00.0: BAR 2: assigned [mem 0x13100000-0x13100fff 64bit]
[    1.794492] pci 0000:02:00.0: BAR 0: assigned [io  0x1000-0x10ff]
[    1.794504] pci 0000:00:02.0: PCI bridge to [bus 02]
[    1.794511] pci 0000:00:02.0:   bridge window [io  0x1000-0x1fff]
[    1.794522] pci 0000:00:02.0:   bridge window [mem 0x13100000-0x131fffff]
[    1.794531] pci 0000:00:02.0:   bridge window [mem 0x20000000-0x200fffff 64bit pref]
[    1.794571] pci 0000:00:01.0: nv_msi_ht_cap_quirk didn't locate host bridge
[    1.794707] pcieport 0000:00:01.0: enabling device (0140 -> 0142)
[    1.794983] pcieport 0000:00:01.0: Signaling PME through PCIe PME interrupt
[    1.794988] pci 0000:01:00.0: Signaling PME through PCIe PME interrupt
[    1.794999] pcie_pme 0000:00:01.0:pcie01: service driver pcie_pme loaded
[    1.795091] pci 0000:00:02.0: nv_msi_ht_cap_quirk didn't locate host bridge
[    1.795182] pcieport 0000:00:02.0: enabling device (0140 -> 0143)
[    1.795427] pcieport 0000:00:02.0: Signaling PME through PCIe PME interrupt
[    1.795432] pci 0000:02:00.0: Signaling PME through PCIe PME interrupt
[    1.795442] pcie_pme 0000:00:02.0:pcie01: service driver pcie_pme loaded
[    1.795763] r8169 Gigabit Ethernet driver 2.3LK-NAPI loaded
[    1.795785] r8169 0000:02:00.0: enabling device (0140 -> 0143)
[    1.805989] r8169 0000:02:00.0 eth0: RTL8168g/8111g at 0xf0a12000, 00:04:4b:3a:d9:81, XID 0c000800 IRQ 391
[    1.805998] r8169 0000:02:00.0 eth0: jumbo features [frames: 9200 bytes, tx checksumming: ko]
[    1.807202] +5V_HDMI_CON: supplied by +5V_SYS
[    1.807359] +1.05V_RUN_AVDD_HDMI_PLL: supplied by +1.05V_RUN
[    1.807536] +3.3V_RUN: supplied by +3.3V_SYS
[    1.807593] +3.3V_AVDD_HDMI_AP_GATED: supplied by +3.3V_RUN
[    1.810719] [drm] Supports vblank timestamp caching Rev 2 (21.10.2013).
[    1.810722] [drm] No driver support for vblank timestamp query.
[    1.810766] drm drm: No connectors reported connected with modes
[    1.810775] [drm] Cannot find any crtc or sizes - going 1024x768
[    2.172729] mmcblk0boot1: mmc0:0001 SEM16G partition 2 4.00 MiB
[    2.173278] mmcblk0rpmb: mmc0:0001 SEM16G partition 3 4.00 MiB
[    2.176204]  mmcblk0: p1
[    2.179882] Console: switching to colour frame buffer device 128x48
[    2.207904] drm drm: fb0:  frame buffer device
[    2.224128] [drm] Initialized tegra 0.0.0 20120330 on minor 0
[    2.231288] +5V_SATA: supplied by +5V_SYS
[    2.235520] +12V_SATA: supplied by +VDD_MUX
[    2.240126] tegra-ahci 70027000.sata: AHCI 0001.0301 32 slots 2 ports 3 Gbps 0x1 impl platform mode
[    2.249213] tegra-ahci 70027000.sata: flags: 64bit ncq sntf pm led pio slum part sadm sds apst 
[    2.260119] scsi host0: tegra-ahci
[    2.264828] scsi host1: tegra-ahci
[    2.268567] ata1: SATA max UDMA/133 mmio [mem 0x70027000-0x70028fff] port 0x100 irq 343
[    2.276606] ata2: DUMMY
[    2.280693] +5V_USB_HS: supplied by +5V_SYS
[    2.286496] tegra-ehci 7d008000.usb: EHCI Host Controller
[    2.291957] tegra-ehci 7d008000.usb: new USB bus registered, assigned bus number 2
[    2.299762] tegra-ehci 7d008000.usb: irq 351, io mem 0x7d008000
[    2.314112] tegra-ehci 7d008000.usb: USB 2.0 started, EHCI 1.10
[    2.321296] hub 2-0:1.0: USB hub found
[    2.325146] hub 2-0:1.0: 1 port detected
[    2.330902] cpu: dev_pm_opp_of_cpumask_add_table: couldn't find opp table for cpu:0, -19
[    2.339099] cpufreq: cpufreq_online: CPU0: Running at unlisted freq: 696000 KHz
[    2.346476] cpufreq: cpufreq_online: CPU0: Unlisted initial frequency changed to: 714000 KHz
[    2.356316] sdhci-tegra 700b0400.sdhci: Got CD GPIO
[    2.361231] sdhci-tegra 700b0400.sdhci: Got WP GPIO
[    2.366162] mmc1: Unknown controller version (3). You may experience problems.
[    2.373515] +VDDIO_SDMMC3: supplied by +3.3V_RUN
[    2.378228] mmc1: Invalid maximum block size, assuming 512 bytes
[    2.419267] mmc1: SDHCI controller on 700b0400.sdhci [700b0400.sdhci] using ADMA 64-bit
[    2.427909] input: gpio-keys as /devices/soc0/gpio-keys/input/input0
[    2.435158] as3722-rtc as3722-rtc: setting system clock to 2000-01-01 00:00:39 UTC (946684839)
[    2.447405] +1.8V_RUN_CAM: disabling
[    2.451185] +2.8V_RUN_CAM: disabling
[    2.454961] +1.2V_RUN_CAM_FRONT: disabling
[    2.459269] +1.05V_RUN_CAM_REAR: disabling
[    2.463549] +3.3V_RUN_TOUCH: disabling
[    2.467453] +2.8V_RUN_CAM_AF: disabling
[    2.471447] +1.8V_RUN_VPP_FUSE: disabling
[    2.475618] +USB0_VBUS_SW: disabling
[    2.591312] ata1: SATA link down (SStatus 0 SControl 300)
[    2.597445] EXT4-fs (mmcblk0p1): mounting ext3 file system using the ext4 subsystem
[    2.619378] EXT4-fs (mmcblk0p1): recovery complete
[    2.624199] EXT4-fs (mmcblk0p1): mounted filesystem with ordered data mode. Opts: (null)
[    2.632292] VFS: Mounted root (ext3 filesystem) on device 179:1.
[    2.642337] devtmpfs: mounted
[    2.645956] Freeing unused kernel memory: 2048K (c1100000 - c1300000)
[    2.668283] mmc1: new high speed SDHC card at address aaaa
[    2.674808] mmcblk1: mmc1:aaaa SD04G 3.69 GiB 
[    2.689843]  mmcblk1: p1 p2 p3
bash: cannot set terminal process group (-1): Inappropriate ioctl for device
bash: no job control in this shell
root@(none):/# mount -t sysfs none /sys
root@(none):/# 
root@(none):/# mount -t debugfs none /sys/kernel/debug
root@(none):/# 
root@(none):/# rtcwake -d rtc1 -m mem -s 3
rtcwake: assuming RTC uses UTC ...
rtcwake: wakeup from "mem" using /dev/rtc1 at Thu Jan  1 00:00:18 1970
[    5.495445] PM: Syncing filesystems ... done.
[    5.531130] Freezing user space processes ... (elapsed 0.001 seconds) done.
[    5.540079] Freezing remaining freezable tasks ... (elapsed 0.001 seconds) done.
[    5.549609] Suspending console(s) (use no_console_suspend to debug)
[    5.641769] PM: suspend of devices complete after 81.876 msecs
[    5.649936] PM: late suspend of devices complete after 8.129 msecs
[    5.668687] PM: noirq suspend of devices complete after 18.721 msecs
[    5.668698] Disabling non-boot CPUs ...
[    5.671227] CPU1: shutdown
[    5.700980] IRQ16 no longer affine to CPU2
[    5.702087] CPU2: shutdown
[    5.725574] CPU3: shutdown
[    5.752607] Entering suspend state LP1
[    5.752621] Enabling non-boot CPUs ...
[    5.774829] CPU1 is up
[    5.799897] CPU2 is up
[    5.825055] CPU3 is up
[    5.825905] pcieport 0000:00:01.0: nv_msi_ht_cap_quirk didn't locate host bridge
[    5.825907] pcieport 0000:00:02.0: nv_msi_ht_cap_quirk didn't locate host bridge
[    5.839074] PM: noirq resume of devices complete after 14.013 msecs
[    5.840500] PM: early resume of devices complete after 1.094 msecs
[    5.869381] PM: resume of devices complete after 28.871 msecs
[    5.952101] Restarting tasks ... done.
root@(none):/# 
root@(none):/# [    6.186534] ata1: SATA link down (SStatus 0 SControl 300)
rtcwake -d rtc1 -m mem -s 3
rtcwake: assuming RTC uses UTC ...
rtcwake: wakeup from "mem" using /dev/rtc1 at Thu Jan  1 00:00:22 1970
[    6.288268] PM: Syncing filesystems ... done.
[    6.299905] Freezing user space processes ... (elapsed 0.001 seconds) done.
[    6.308168] Freezing remaining freezable tasks ... (elapsed 0.001 seconds) done.
[    6.316884] Suspending console(s) (use no_console_suspend to debug)
[    6.410792] PM: suspend of devices complete after 86.562 msecs
[    6.413508] PM: late suspend of devices complete after 2.703 msecs
[    6.430269] PM: noirq suspend of devices complete after 16.751 msecs
[    6.430272] Disabling non-boot CPUs ...
[    6.430926] CPU1: shutdown
[    6.446108] CPU2: shutdown
[    6.460791] CPU3: shutdown
[    6.474899] Entering suspend state LP1
[    6.474912] Enabling non-boot CPUs ...
[    6.499794] CPU1 is up
[    6.524872] CPU2 is up
[    6.550031] CPU3 is up
[    6.550846] pcieport 0000:00:01.0: nv_msi_ht_cap_quirk didn't locate host bridge
[    6.550950] pcieport 0000:00:02.0: nv_msi_ht_cap_quirk didn't locate host bridge
[    6.564050] PM: noirq resume of devices complete after 14.014 msecs
[    6.565749] PM: early resume of devices complete after 1.371 msecs
[    6.594644] PM: resume of devices complete after 28.885 msecs
[    6.673236] Restarting tasks ... done.
root@(none):/# 
root@(none):/# [    6.906620] ata1: SATA link down (SStatus 0 SControl 300)
rtcwake -d rtc1 -m mem -s 3
rtcwake: assuming RTC uses UTC ...
rtcwake: wakeup from "mem" using /dev/rtc1 at Thu Jan  1 00:00:26 1970
[    7.008109] PM: Syncing filesystems ... done.
[    7.019750] Freezing user space processes ... (elapsed 0.001 seconds) done.
[    7.028011] Freezing remaining freezable tasks ... (elapsed 0.001 seconds) done.
[    7.036775] Suspending console(s) (use no_console_suspend to debug)
[    7.115505] PM: suspend of devices complete after 71.368 msecs
[    7.118252] PM: late suspend of devices complete after 2.734 msecs
[    7.130108] PM: noirq suspend of devices complete after 11.848 msecs
[    7.130111] Disabling non-boot CPUs ...
[    7.130816] CPU1: shutdown
[    7.145691] IRQ16 no longer affine to CPU2
[    7.146033] CPU2: shutdown
[    7.160811] CPU3: shutdown
[    7.174869] Entering suspend state LP1
[    7.174883] Enabling non-boot CPUs ...
[    7.199775] CPU1 is up
[    7.224848] CPU2 is up
[    7.250001] CPU3 is up
[    7.250822] pcieport 0000:00:01.0: nv_msi_ht_cap_quirk didn't locate host bridge
[    7.250824] pcieport 0000:00:02.0: nv_msi_ht_cap_quirk didn't locate host bridge
[    7.264025] PM: noirq resume of devices complete after 14.018 msecs
[    7.265486] PM: early resume of devices complete after 1.137 msecs
[    7.294345] PM: resume of devices complete after 28.850 msecs
[    7.376919] Restarting tasks ... done.
root@(none):/# 
root@(none):/# [    7.611395] ata1: SATA link down (SStatus 0 SControl 300)
rtcwake -d rtc1 -m mem -s 3
rtcwake: assuming RTC uses UTC ...
rtcwake: wakeup from "mem" using /dev/rtc1 at Thu Jan  1 00:00:30 1970
[    7.707364] PM: Syncing filesystems ... done.
[    7.718209] Freezing user space processes ... (elapsed 0.001 seconds) done.
[    7.726474] Freezing remaining freezable tasks ... (elapsed 0.001 seconds) done.
[    7.735101] Suspending console(s) (use no_console_suspend to debug)
[    7.815582] PM: suspend of devices complete after 73.229 msecs
[    7.817205] PM: late suspend of devices complete after 1.617 msecs
[    7.829903] PM: noirq suspend of devices complete after 12.692 msecs
[    7.829906] Disabling non-boot CPUs ...
[    7.830556] CPU1: shutdown
[    7.850502] IRQ16 no longer affine to CPU2
[    7.850807] CPU2: shutdown
[    7.875489] CPU3: shutdown
[    7.889760] Entering suspend state LP1
[    7.889774] Enabling non-boot CPUs ...
[    7.914746] CPU1 is up
[    7.939819] CPU2 is up
[    7.964971] CPU3 is up
[    7.965734] pcieport 0000:00:02.0: nv_msi_ht_cap_quirk didn't locate host bridge
[    7.965831] pcieport 0000:00:01.0: nv_msi_ht_cap_quirk didn't locate host bridge
[    7.979001] PM: noirq resume of devices complete after 14.024 msecs
[    7.980860] PM: early resume of devices complete after 1.524 msecs
[    8.009723] PM: resume of devices complete after 28.854 msecs
[    8.092282] Restarting tasks ... done.
root@(none):/# 
root@(none):/# [    8.326517] ata1: SATA link down (SStatus 0 SControl 300)
rtcwake -d rtc1 -m mem -s 3
rtcwake: assuming RTC uses UTC ...
rtcwake: wakeup from "mem" using /dev/rtc1 at Thu Jan  1 00:00:34 1970
[    8.427707] PM: Syncing filesystems ... done.
[    8.438810] Freezing user space processes ... (elapsed 0.001 seconds) done.
[    8.447053] Freezing remaining freezable tasks ... (elapsed 0.001 seconds) done.
[    8.455755] Suspending console(s) (use no_console_suspend to debug)
[    8.550656] PM: suspend of devices complete after 87.674 msecs
[    8.553287] PM: late suspend of devices complete after 2.619 msecs
[    8.564961] PM: noirq suspend of devices complete after 11.666 msecs
[    8.564963] Disabling non-boot CPUs ...
[    8.565590] CPU1: shutdown
[    8.580772] CPU2: shutdown
[    8.595464] CPU3: shutdown
[    8.609746] Entering suspend state LP1
[    8.609760] Enabling non-boot CPUs ...
[    8.634722] CPU1 is up
[    8.659792] CPU2 is up
[    8.684945] CPU3 is up
[    8.685768] pcieport 0000:00:02.0: nv_msi_ht_cap_quirk didn't locate host bridge
[    8.685770] pcieport 0000:00:01.0: nv_msi_ht_cap_quirk didn't locate host bridge
[    8.698976] PM: noirq resume of devices complete after 14.025 msecs
[    8.700472] PM: early resume of devices complete after 1.176 msecs
[    8.729907] PM: resume of devices complete after 29.423 msecs
[    8.808567] Restarting tasks ... done.
root@(none):/# 
root@(none):/# [    9.041415] ata1: SATA link down (SStatus 0 SControl 300)
rtcwake -d rtc1 -m mem -s 3
rtcwake: assuming RTC uses UTC ...
rtcwake: wakeup from "mem" using /dev/rtc1 at Thu Jan  1 00:00:38 1970
[    9.143390] PM: Syncing filesystems ... done.
[    9.154895] Freezing user space processes ... (elapsed 0.001 seconds) done.
[    9.163142] Freezing remaining freezable tasks ... (elapsed 0.001 seconds) done.
[    9.171901] Suspending console(s) (use no_console_suspend to debug)
[    9.250589] PM: suspend of devices complete after 71.322 msecs
[    9.252401] PM: late suspend of devices complete after 1.805 msecs
[    9.265038] PM: noirq suspend of devices complete after 12.630 msecs
[    9.265041] Disabling non-boot CPUs ...
[    9.265433] IRQ16 no longer affine to CPU1
[    9.265763] CPU1: shutdown
[    9.280936] CPU2: shutdown
[    9.295708] CPU3: shutdown
[    9.309797] Entering suspend state LP1
[    9.309810] Enabling non-boot CPUs ...
[    9.334700] CPU1 is up
[    9.359780] CPU2 is up
[    9.384927] CPU3 is up
[    9.385724] pcieport 0000:00:02.0: nv_msi_ht_cap_quirk didn't locate host bridge
[    9.385830] pcieport 0000:00:01.0: nv_msi_ht_cap_quirk didn't locate host bridge
[    9.398952] PM: noirq resume of devices complete after 14.020 msecs
[    9.400322] PM: early resume of devices complete after 1.047 msecs
[    9.429601] PM: resume of devices complete after 29.270 msecs
[    9.512195] Restarting tasks ... done.
root@(none):/# 
root@(none):/# [    9.741452] ata1: SATA link down (SStatus 0 SControl 300)
rtcwake -d rtc1 -m mem -s 3
rtcwake: assuming RTC uses UTC ...
rtcwake: wakeup from "mem" using /dev/rtc1 at Thu Jan  1 00:00:42 1970
[    9.842522] PM: Syncing filesystems ... done.
[    9.853347] Freezing user space processes ... (elapsed 0.001 seconds) done.
[    9.861616] Freezing remaining freezable tasks ... (elapsed 0.001 seconds) done.
[    9.870357] Suspending console(s) (use no_console_suspend to debug)
[    9.950399] PM: suspend of devices complete after 72.798 msecs
[    9.952139] PM: late suspend of devices complete after 1.729 msecs
[    9.964890] PM: noirq suspend of devices complete after 12.742 msecs
[    9.964892] Disabling non-boot CPUs ...
[    9.965537] CPU1: shutdown
[    9.990778] CPU2: shutdown
[   10.005514] CPU3: shutdown
[   10.019671] Entering suspend state LP1
[   10.019685] Enabling non-boot CPUs ...
[   10.044673] CPU1 is up
[   10.069755] CPU2 is up
[   10.094900] CPU3 is up
[   10.095667] pcieport 0000:00:01.0: nv_msi_ht_cap_quirk didn't locate host bridge
[   10.095833] pcieport 0000:00:02.0: nv_msi_ht_cap_quirk didn't locate host bridge
[   10.108928] PM: noirq resume of devices complete after 14.023 msecs
[   10.110722] PM: early resume of devices complete after 1.634 msecs
[   10.139982] PM: resume of devices complete after 29.250 msecs
[   10.218551] Restarting tasks ... done.
root@(none):/# 
root@(none):/# [   10.451366] ata1: SATA link down (SStatus 0 SControl 300)
rtcwake -d rtc1 -m mem -s 3
rtcwake: assuming RTC uses UTC ...
rtcwake: wakeup from "mem" using /dev/rtc1 at Thu Jan  1 00:00:46 1970
[   10.552705] PM: Syncing filesystems ... done.
[   10.564347] Freezing user space processes ... (elapsed 0.001 seconds) done.
[   10.572612] Freezing remaining freezable tasks ... (elapsed 0.001 seconds) done.
[   10.581390] Suspending console(s) (use no_console_suspend to debug)
[   10.660587] PM: suspend of devices complete after 71.851 msecs
[   10.662401] PM: late suspend of devices complete after 1.807 msecs
[   10.674951] PM: noirq suspend of devices complete after 12.543 msecs
[   10.674954] Disabling non-boot CPUs ...
[   10.675643] CPU1: shutdown
[   10.690860] CPU2: shutdown
[   10.705348] IRQ16 no longer affine to CPU3
[   10.705693] CPU3: shutdown
[   10.719743] Entering suspend state LP1
[   10.719756] Enabling non-boot CPUs ...
[   10.744643] CPU1 is up
[   10.769721] CPU2 is up
[   10.794870] CPU3 is up
[   10.795668] pcieport 0000:00:01.0: nv_msi_ht_cap_quirk didn't locate host bridge
[   10.795850] pcieport 0000:00:02.0: nv_msi_ht_cap_quirk didn't locate host bridge
[   10.808901] PM: noirq resume of devices complete after 14.026 msecs
[   10.810542] PM: early resume of devices complete after 1.321 msecs
[   10.840101] PM: resume of devices complete after 29.551 msecs
[   10.922816] Restarting tasks ... done.
root@(none):/# 
root@(none):/# [   11.151390] ata1: SATA link down (SStatus 0 SControl 300)
rtcwake -d rtc1 -m mem -s 3
rtcwake: assuming RTC uses UTC ...
rtcwake: wakeup from "mem" using /dev/rtc1 at Thu Jan  1 00:00:50 1970
[   11.252235] PM: Syncing filesystems ... done.
[   11.262944] Freezing user space processes ... (elapsed 0.001 seconds) done.
[   11.271211] Freezing remaining freezable tasks ... (elapsed 0.001 seconds) done.
[   11.279946] Suspending console(s) (use no_console_suspend to debug)
[   11.360462] PM: suspend of devices complete after 73.268 msecs
[   11.362083] PM: late suspend of devices complete after 1.614 msecs
[   11.374795] PM: noirq suspend of devices complete after 12.706 msecs
[   11.374798] Disabling non-boot CPUs ...
[   11.375448] CPU1: shutdown
[   11.390715] CPU2: shutdown
[   11.405432] CPU3: shutdown
[   11.419613] Entering suspend state LP1
[   11.419626] Enabling non-boot CPUs ...
[   11.444623] CPU1 is up
[   11.469699] CPU2 is up
[   11.494842] CPU3 is up
[   11.495666] pcieport 0000:00:02.0: nv_msi_ht_cap_quirk didn't locate host bridge
[   11.495668] pcieport 0000:00:01.0: nv_msi_ht_cap_quirk didn't locate host bridge
[   11.508878] PM: noirq resume of devices complete after 14.030 msecs
[   11.509983] PM: early resume of devices complete after 0.772 msecs
[   11.539616] PM: resume of devices complete after 29.624 msecs
[   11.618209] Restarting tasks ... done.
root@(none):/# 
root@(none):/# [   11.851434] ata1: SATA link down (SStatus 0 SControl 300)
rtcwake -d rtc1 -m mem -s 3
rtcwake: assuming RTC uses UTC ...
rtcwake: wakeup from "mem" using /dev/rtc1 at Thu Jan  1 00:00:54 1970
[   11.958277] PM: Syncing filesystems ... done.
[   11.970039] Freezing user space processes ... (elapsed 0.001 seconds) done.
[   11.978305] Freezing remaining freezable tasks ... (elapsed 0.001 seconds) done.
[   11.987117] Suspending console(s) (use no_console_suspend to debug)
[   12.085595] PM: suspend of devices complete after 91.110 msecs
[   12.088349] PM: late suspend of devices complete after 2.741 msecs
[   12.104932] PM: noirq suspend of devices complete after 16.574 msecs
[   12.104935] Disabling non-boot CPUs ...
[   12.105657] CPU1: shutdown
[   12.120833] CPU2: shutdown
[   12.135610] CPU3: shutdown
[   12.149691] Entering suspend state LP1
[   12.149705] Enabling non-boot CPUs ...
[   12.174598] CPU1 is up
[   12.199676] CPU2 is up
[   12.224816] CPU3 is up
[   12.225636] pcieport 0000:00:01.0: nv_msi_ht_cap_quirk didn't locate host bridge
[   12.225638] pcieport 0000:00:02.0: nv_msi_ht_cap_quirk didn't locate host bridge
[   12.238853] PM: noirq resume of devices complete after 14.031 msecs
[   12.240622] PM: early resume of devices complete after 1.448 msecs
[   12.270034] PM: resume of devices complete after 29.401 msecs
[   12.348451] Restarting tasks ... done.
root@(none):/# 
root@(none):/# NVTB SYSTEM SUSPEND TEST COMPLETE
[   12.581403] ata1: SATA link down (SStatus 0 SControl 300)
