
U-Boot SPL 2014.01-00219-gc4d376f (Feb 18 2014 - 19:57:18)


U-Boot 2014.01-00219-gc4d376f (Feb 18 2014 - 19:57:18)

TEGRA30
Board: NVIDIA Beaver
I2C:   ready
DRAM:  2 GiB
MMC:   Tegra SD/MMC: 0, Tegra SD/MMC: 1
In:    serial
Out:   serial
Err:   serial
Net:   Net Initialization Skipped
No ethernet found.
Hit any key to stop autoboot:  2  0 
Tegra30 (Beaver) # 
Tegra30 (Beaver) # usb reset
(Re)start USB...
USB0:   USB EHCI 1.00
scanning bus 0 for devices... 2 USB Device(s) found
       scanning usb for storage devices... 0 Storage Device(s) found
       scanning usb for ethernet devices... 
Warning: asx0 using MAC address from net device
1 Ethernet Device(s) found
Tegra30 (Beaver) # setenv bootargs 'ignore_loglevel console=ttyS0,115200n8 rw root=/dev/mmcblk0p1 rootwait gpt debug init=/bin/bash noinitrd'
Tegra30 (Beaver) # setenv ipaddr 192.168.100.101; setenv serverip 192.168.100.1; setenv tftpserverip 192.168.100.1
Tegra30 (Beaver) # tftpboot 0x81000000 zImage.multi_v7_defconfig
Using asx0 device
TFTP from server 192.168.100.1; our IP address is 192.168.100.101
Filename 'zImage.multi_v7_defconfig'.
Load address: 0x81000000
Loading: *#################################################################
	 #################################################################
	 #################################################################
	 #################################################################
	 #################################################################
	 #################################################################
	 ####################################
	 3.4 MiB/s
done
Bytes transferred = 6246920 (5f5208 hex)
Tegra30 (Beaver) # tftpboot 0x82000000 tegra30-beaver.dtb
Using asx0 device
TFTP from server 192.168.100.1; our IP address is 192.168.100.101
Filename 'tegra30-beaver.dtb'.
Load address: 0x82000000
Loading: *####
	 3.3 MiB/s
done
Bytes transferred = 51191 (c7f7 hex)
Tegra30 (Beaver) # bootz 0x81000000 - 0x82000000
Kernel image @ 0x81000000 [ 0x000000 - 0x5f5208 ]
## Flattened Device Tree blob at 82000000
   Booting using the fdt blob at 0x82000000
   Loading Device Tree to 8fff0000, end 8ffff7f6 ... OK

Starting kernel ...

[    0.000000] Booting Linux on physical CPU 0x0
[    0.000000] Linux version 4.0.0-next-20150427-13069-g30d4d27 (pwalmsley@sellafield) (gcc version 4.7.3 20130328 (prerelease) (crosstool-NG linaro-1.13.1-4.7-2013.04-20130415 - Linaro GCC 2013.04) ) #1 SMP Mon Apr 27 04:49:31 PDT 2015
[    0.000000] CPU: ARMv7 Processor [412fc099] revision 9 (ARMv7), cr=10c5387d
[    0.000000] CPU: PIPT / VIPT nonaliasing data cache, VIPT aliasing instruction cache
[    0.000000] Machine model: NVIDIA Tegra30 Beaver evaluation board
[    0.000000] debug: ignoring loglevel setting.
[    0.000000] earlycon: no match for ttyS0,115200n8
[    0.000000] cma: Reserved 64 MiB at 0xfb800000
[    0.000000] Memory policy: Data cache writealloc
[    0.000000] On node 0 totalpages: 524032
[    0.000000] free_area_init_node: node 0, pgdat c0f29540, node_mem_map ee7f8000
[    0.000000]   DMA zone: 1520 pages used for memmap
[    0.000000]   DMA zone: 0 pages reserved
[    0.000000]   DMA zone: 194560 pages, LIFO batch:31
[    0.000000]   HighMem zone: 329472 pages, LIFO batch:31
[    0.000000] PERCPU: Embedded 12 pages/cpu @ee793000 s17024 r8192 d23936 u49152
[    0.000000] pcpu-alloc: s17024 r8192 d23936 u49152 alloc=12*4096
[    0.000000] pcpu-alloc: [0] 0 [0] 1 [0] 2 [0] 3 
[    0.000000] Built 1 zonelists in Zone order, mobility grouping on.  Total pages: 522512
[    0.000000] Kernel command line: ignore_loglevel console=ttyS0,115200n8 rw root=/dev/mmcblk0p1 rootwait gpt debug init=/bin/bash noinitrd
[    0.000000] PID hash table entries: 4096 (order: 2, 16384 bytes)
[    0.000000] Dentry cache hash table entries: 131072 (order: 7, 524288 bytes)
[    0.000000] Inode-cache hash table entries: 65536 (order: 6, 262144 bytes)
[    0.000000] Memory: 1999148K/2096128K available (8020K kernel code, 1021K rwdata, 3584K rodata, 820K init, 317K bss, 31444K reserved, 65536K cma-reserved, 1252352K highmem)
[    0.000000] Virtual kernel memory layout:
[    0.000000]     vector  : 0xffff0000 - 0xffff1000   (   4 kB)
[    0.000000]     fixmap  : 0xffc00000 - 0xfff00000   (3072 kB)
[    0.000000]     vmalloc : 0xf0000000 - 0xff000000   ( 240 MB)
[    0.000000]     lowmem  : 0xc0000000 - 0xef800000   ( 760 MB)
[    0.000000]     pkmap   : 0xbfe00000 - 0xc0000000   (   2 MB)
[    0.000000]     modules : 0xbf000000 - 0xbfe00000   (  14 MB)
[    0.000000]       .text : 0xc0208000 - 0xc0d5e0e8   (11609 kB)
[    0.000000]       .init : 0xc0d5f000 - 0xc0e2c000   ( 820 kB)
[    0.000000]       .data : 0xc0e2c000 - 0xc0f2b500   (1022 kB)
[    0.000000]        .bss : 0xc0f2e000 - 0xc0f7d6a8   ( 318 kB)
[    0.000000] SLUB: HWalign=64, Order=0-3, MinObjects=0, CPUs=4, Nodes=1
[    0.000000] Hierarchical RCU implementation.
[    0.000000] 	Additional per-CPU info printed with stalls.
[    0.000000] 	RCU restricting CPUs from NR_CPUS=16 to nr_cpu_ids=4.
[    0.000000] RCU: Adjusting geometry for rcu_fanout_leaf=16, nr_cpu_ids=4
[    0.000000] NR_IRQS:16 nr_irqs:16 16
[    0.000000] /interrupt-controller@60004000: 160 interrupts forwarded to /interrupt-controller@50041000
[    0.000000] L2C: platform modifies aux control register: 0x02080000 -> 0x3e480001
[    0.000000] L2C: DT/platform modifies aux control register: 0x02080000 -> 0x3e480001
[    0.000000] L2C-310 erratum 769419 enabled
[    0.000000] L2C-310 enabling early BRESP for Cortex-A9
[    0.000000] L2C-310: enabling full line of zeros but not enabled in Cortex-A9
[    0.000000] L2C-310 ID prefetch enabled, offset 1 lines
[    0.000000] L2C-310 dynamic clock gating enabled, standby mode enabled
[    0.000000] L2C-310 cache controller enabled, 8 ways, 1024 kB
[    0.000000] L2C-310: CACHE_ID 0x410000c7, AUX_CTRL 0x7e480001
[    0.000012] sched_clock: 32 bits at 1000kHz, resolution 1000ns, wraps every 2147483647500ns
[    0.000028] clocksource timer_us: mask: 0xffffffff max_cycles: 0xffffffff, max_idle_ns: 1911260446275 ns
[    0.000036] Switching to timer-based delay loop, resolution 1000ns
[    0.002286] Console: colour dummy device 80x30
[    0.002307] Calibrating delay loop (skipped), value calculated using timer frequency.. 2.00 BogoMIPS (lpj=5000)
[    0.002315] pid_max: default: 32768 minimum: 301
[    0.002404] Mount-cache hash table entries: 2048 (order: 1, 8192 bytes)
[    0.002410] Mountpoint-cache hash table entries: 2048 (order: 1, 8192 bytes)
[    0.002811] CPU: Testing write buffer coherency: ok
[    0.003083] CPU0: thread -1, cpu 0, socket 0, mpidr 80000000
[    0.003153] Setting up static identity map for 0x80209000 - 0x80209098
[    0.005174] Tegra Revision: A03 SKU: 128 CPU Process: 4 Core Process: 0
[    0.006649] CPU1: thread -1, cpu 1, socket 0, mpidr 80000001
[    0.007667] CPU2: thread -1, cpu 2, socket 0, mpidr 80000002
[    0.008676] CPU3: thread -1, cpu 3, socket 0, mpidr 80000003
[    0.008716] Brought up 4 CPUs
[    0.008728] SMP: Total of 4 processors activated (8.00 BogoMIPS).
[    0.008732] CPU: All CPU(s) started in SVC mode.
[    0.009172] devtmpfs: initialized
[    0.009715] VFP support v0.3: implementor 41 architecture 3 part 30 variant 9 rev 4
[    0.010136] clocksource jiffies: mask: 0xffffffff max_cycles: 0xffffffff, max_idle_ns: 9556302231375000 ns
[    0.013448] pinctrl core: initialized pinctrl subsystem
[    0.022662] NET: Registered protocol family 16
[    0.025506] DMA: preallocated 256 KiB pool for atomic coherent allocations
[    0.039942] cpuidle: using governor ladder
[    0.054935] cpuidle: using governor menu
[    0.063046] No ATAGs?
[    0.063079] hw-breakpoint: found 5 (+1 reserved) breakpoint and 1 watchpoint registers.
[    0.063085] hw-breakpoint: maximum watchpoint size is 4 bytes.
[    0.065687] Serial: AMBA PL011 UART driver
[    0.066499] tegra-mc 7000f000.memory-controller: no memory timings for RAM code 3 registered
[    0.087518] vdd_5v_sata: Failed to request enable GPIO30: -517
[    0.087584] reg-fixed-voltage regulators:regulator@3: Failed to register regulator: -517
[    0.087691] usb1_vbus: Failed to request enable GPIO238: -517
[    0.087742] reg-fixed-voltage regulators:regulator@4: Failed to register regulator: -517
[    0.087844] usb3_vbus: Failed to request enable GPIO236: -517
[    0.087894] reg-fixed-voltage regulators:regulator@5: Failed to register regulator: -517
[    0.088039] sys_3v3_pexs: Failed to request enable GPIO95: -517
[    0.088090] reg-fixed-voltage regulators:regulator@7: Failed to register regulator: -517
[    0.089837] vgaarb: loaded
[    0.090266] SCSI subsystem initialized
[    0.090393] libata version 3.00 loaded.
[    0.090573] usbcore: registered new interface driver usbfs
[    0.090618] usbcore: registered new interface driver hub
[    0.090654] usbcore: registered new device driver usb
[    0.146707] media: Linux media interface: v0.10
[    0.146744] Linux video capture interface: v2.00
[    0.146771] pps_core: LinuxPPS API ver. 1 registered
[    0.146775] pps_core: Software ver. 5.3.6 - Copyright 2005-2007 Rodolfo Giometti <giometti@linux.it>
[    0.146789] PTP clock support registered
[    0.146941] EDAC MC: Ver: 3.0.0
[    0.147723] Advanced Linux Sound Architecture Driver Initialized.
[    0.148452] Switched to clocksource timer_us
[    0.154364] NET: Registered protocol family 2
[    0.154818] TCP established hash table entries: 8192 (order: 3, 32768 bytes)
[    0.154868] TCP bind hash table entries: 8192 (order: 4, 65536 bytes)
[    0.154945] TCP: Hash tables configured (established 8192 bind 8192)
[    0.155023] UDP hash table entries: 512 (order: 2, 16384 bytes)
[    0.155078] UDP-Lite hash table entries: 512 (order: 2, 16384 bytes)
[    0.155241] NET: Registered protocol family 1
[    0.155485] RPC: Registered named UNIX socket transport module.
[    0.155491] RPC: Registered udp transport module.
[    0.155495] RPC: Registered tcp transport module.
[    0.155498] RPC: Registered tcp NFSv4.1 backchannel transport module.
[    0.155517] PCI: CLS 0 bytes, default 64
[    0.156212] CPU PMU: Failed to parse <no-node>/interrupt-affinity[0]
[    0.156259] hw perfevents: enabled with armv7_cortex_a9 PMU driver, 7 counters available
[    0.157165] futex hash table entries: 1024 (order: 4, 65536 bytes)
[    0.163687] squashfs: version 4.0 (2009/01/31) Phillip Lougher
[    0.164220] NFS: Registering the id_resolver key type
[    0.164272] Key type id_resolver registered
[    0.164276] Key type id_legacy registered
[    0.164316] ntfs: driver 2.1.32 [Flags: R/O].
[    0.165044] bounce: pool size: 64 pages
[    0.165169] Block layer SCSI generic (bsg) driver version 0.4 loaded (major 248)
[    0.165181] io scheduler noop registered
[    0.165189] io scheduler deadline registered
[    0.165281] io scheduler cfq registered (default)
[    0.170073] tegra30-pinctrl 70000868.pinmux: invalid group "sdmmc3_dat6_pd3" for function "rsvd1"
[    0.170089] tegra30-pinctrl 70000868.pinmux: invalid group "sdmmc3_dat7_pd4" for function "rsvd1"
[    0.170104] tegra30-pinctrl 70000868.pinmux: invalid group "vi_vsync_pd6" for function "rsvd1"
[    0.170114] tegra30-pinctrl 70000868.pinmux: invalid group "vi_hsync_pd7" for function "rsvd1"
[    0.170642] tegra30-pinctrl 70000868.pinmux: invalid group "hdmi_int_pn7" for function "rsvd1"
[    0.170690] tegra30-pinctrl 70000868.pinmux: invalid group "ulpi_data3_po4" for function "rsvd1"
[    0.171062] tegra30-pinctrl 70000868.pinmux: invalid group "vi_d10_pt2" for function "rsvd1"
[    0.171075] tegra30-pinctrl 70000868.pinmux: invalid group "vi_d11_pt3" for function "rsvd1"
[    0.171088] tegra30-pinctrl 70000868.pinmux: invalid group "vi_d0_pt4" for function "rsvd1"
[    0.171132] tegra30-pinctrl 70000868.pinmux: invalid group "pu0" for function "rsvd1"
[    0.171165] tegra30-pinctrl 70000868.pinmux: invalid group "pu3" for function "rsvd1"
[    0.171196] tegra30-pinctrl 70000868.pinmux: invalid group "pu6" for function "rsvd1"
[    0.171240] tegra30-pinctrl 70000868.pinmux: invalid group "pv3" for function "rsvd1"
[    0.171756] tegra30-pinctrl 70000868.pinmux: invalid group "pbb0" for function "rsvd1"
[    0.171876] tegra30-pinctrl 70000868.pinmux: invalid group "pcc1" for function "rsvd1"
[    0.175723] tegra-pcie 3000.pcie-controller: 2x3 configuration
[    0.175834] vdd_1v5_gen: supplied by vdd_5v_in
[    0.175876] vdd_pexa,vdd_pexb: supplied by vdd_1v5_gen
[    0.175965] tegra-pcie 3000.pcie-controller: Failed to get supply 'hvdd-pex': -517
[    0.176954] tegra-ahb 6000c004.ahb: incorrect AHB base address in DT data - enabling workaround
[    0.179505] tegra-apbdma 6000a000.dma: Tegra20 APB DMA driver register 32 channels
[    0.180046] tegra-pmc 7000e400.pmc: i2c-thermtrip node not found, emergency thermal reset disabled.
[    0.214171] Serial: 8250/16550 driver, 4 ports, IRQ sharing disabled
[    0.215679] SuperH (H)SCI(F) driver initialized
[    0.216129] msm_serial: driver initialized
[    0.216767] console [ttyS0] disabled
[    0.216807] 70006000.serial: ttyS0 at MMIO 0x70006000 (irq = 331, base_baud = 25500000) is a Tegra
[    1.182527] console [ttyS0] enabled
[    1.186500] STMicroelectronics ASC driver initialized
[    1.192930] [drm] Initialized drm 1.1.0 20060810
[    1.198787] reg-fixed-voltage regulators:regulator@8: Failed to resolve vin-supply for +VDD_5V_HDMI
[    1.207830] tegra-hdmi 54280000.hdmi: failed to get HDMI regulator
[    1.218766] loop: module loaded
[    1.225836] m25p80 spi32766.1: w25q32 (4096 Kbytes)
[    1.232439] CAN device driver interface
[    1.236967] igb: Intel(R) Gigabit Ethernet Network Driver - version 5.2.15-k
[    1.244009] igb: Copyright (c) 2007-2014 Intel Corporation.
[    1.250766] pegasus: v0.9.3 (2013/04/25), Pegasus/Pegasus II USB Ethernet driver
[    1.258220] usbcore: registered new interface driver pegasus
[    1.263923] usbcore: registered new interface driver asix
[    1.269349] usbcore: registered new interface driver ax88179_178a
[    1.275463] usbcore: registered new interface driver cdc_ether
[    1.281326] usbcore: registered new interface driver smsc75xx
[    1.287103] usbcore: registered new interface driver smsc95xx
[    1.292871] usbcore: registered new interface driver net1080
[    1.298552] usbcore: registered new interface driver cdc_subset
[    1.304492] usbcore: registered new interface driver zaurus
[    1.310128] usbcore: registered new interface driver cdc_ncm
[    1.316987] ehci_hcd: USB 2.0 'Enhanced' Host Controller (EHCI) Driver
[    1.323520] ehci-pci: EHCI PCI platform driver
[    1.327996] ehci-platform: EHCI generic platform driver
[    1.333341] ehci-omap: OMAP-EHCI Host Controller driver
[    1.338637] ehci-orion: EHCI orion driver
[    1.342706] SPEAr-ehci: EHCI SPEAr driver
[    1.346789] ehci-st: EHCI STMicroelectronics driver
[    1.351738] ehci-exynos: EHCI EXYNOS driver
[    1.356006] tegra-ehci: Tegra EHCI driver
[    1.360323] ohci_hcd: USB 1.1 'Open' Host Controller (OHCI) Driver
[    1.366517] ohci-pci: OHCI PCI platform driver
[    1.370999] ohci-platform: OHCI generic platform driver
[    1.376329] ohci-omap3: OHCI OMAP3 driver
[    1.380414] SPEAr-ohci: OHCI SPEAr driver
[    1.384498] ohci-st: OHCI STMicroelectronics driver
[    1.389486] usbcore: registered new interface driver usb-storage
[    1.396333] mousedev: PS/2 mouse device common for all mice
[    1.404011] tegra_rtc 7000e000.rtc: rtc core: registered 7000e000.rtc as rtc1
[    1.411175] tegra_rtc 7000e000.rtc: Tegra internal Real Time Clock
[    1.429994] tps65910-rtc tps65910-rtc: rtc core: registered tps65910-rtc as rtc0
[    1.437514] i2c /dev entries driver
[    1.442573] usbcore: registered new interface driver uvcvideo
[    1.448320] USB Video Class driver (1.1.1)
[    1.452412] gspca_main: v2.14.0 registered
[    1.458916] sdhci: Secure Digital Host Controller Interface driver
[    1.465091] sdhci: Copyright(c) Pierre Ossman
[    1.470233] Synopsys Designware Multimedia Card Interface Driver
[    1.476831] sdhci-pltfm: SDHCI platform and OF driver helper
[    1.482944] sdhci-tegra 78000000.sdhci: Got CD GPIO
[    1.487832] sdhci-tegra 78000000.sdhci: Got WP GPIO
[    1.493915] sdhci-tegra 78000000.sdhci: No vmmc regulator found
[    1.499835] sdhci-tegra 78000000.sdhci: No vqmmc regulator found
[    1.505836] mmc0: Invalid maximum block size, assuming 512 bytes
[    1.548531] mmc0: SDHCI controller on 78000000.sdhci [78000000.sdhci] using ADMA
[    1.557125] sdhci-tegra 78000600.sdhci: No vmmc regulator found
[    1.563044] sdhci-tegra 78000600.sdhci: No vqmmc regulator found
[    1.569045] mmc1: Invalid maximum block size, assuming 512 bytes
[    1.613461] mmc1: SDHCI controller on 78000600.sdhci [78000600.sdhci] using ADMA
[    1.621652] ledtrig-cpu: registered to indicate activity on CPUs
[    1.627809] usbcore: registered new interface driver usbhid
[    1.633377] usbhid: USB HID core driver
[    1.639176] usbcore: registered new interface driver snd-usb-audio
[    1.724639] mmc1: new high speed MMC card at address 0001
[    1.730310] mmcblk0: mmc1:0001 SEM16G 14.8 GiB 
[    1.734915] mmcblk0boot0: mmc1:0001 SEM16G partition 1 1.00 MiB
[    1.740895] mmcblk0boot1: mmc1:0001 SEM16G partition 2 1.00 MiB
[    1.746883] mmcblk0rpmb: mmc1:0001 SEM16G partition 3 128 KiB
[    1.755380] Primary GPT is invalid, using alternate GPT.
[    1.760710]  mmcblk0: p1 p2 p3 p4 p5
[    2.059908] tegra30-i2s 70080400.i2s: DMA channels sourced from device 70080000.ahub
[    2.075861] tegra-snd-rt5640 sound: rt5640-aif1 <-> 70080400.i2s mapping ok
[    2.084795] input: NVIDIA Tegra Beaver Headphones as /devices/soc0/sound/sound/card0/input0
[    2.094114] NET: Registered protocol family 17
[    2.098578] can: controller area network core (rev 20120528 abi 9)
[    2.104799] NET: Registered protocol family 29
[    2.109246] can: raw protocol (rev 20120528)
[    2.113515] can: broadcast manager protocol (rev 20120528 t)
[    2.119172] can: netlink gateway (rev 20130117) max_hops=1
[    2.124944] Key type dns_resolver registered
[    2.129579] ThumbEE CPU extension supported.
[    2.133866] Registering SWP/SWPB emulation handler
[    2.146301] tegra-pcie 3000.pcie-controller: 2x3 configuration
[    2.152278] sys_3v3,vdd_3v3_alw: supplied by vdd_5v_in
[    2.157439] sys_3v3_pexs: supplied by sys_3v3,vdd_3v3_alw
[    2.164965] tegra-pcie 3000.pcie-controller: probing port 0, using 2 lanes
[    2.230119] tegra-pcie 3000.pcie-controller: probing port 2, using 2 lanes
[    2.640086] tegra-pcie 3000.pcie-controller: link 2 down, retrying
[    3.050096] tegra-pcie 3000.pcie-controller: link 2 down, retrying
[    3.460126] tegra-pcie 3000.pcie-controller: link 2 down, retrying
[    3.468317] tegra-pcie 3000.pcie-controller: link 2 down, ignoring
[    3.474633] tegra-pcie 3000.pcie-controller: PCI host bridge to bus 0000:00
[    3.481594] pci_bus 0000:00: root bus resource [mem 0x20000000-0x27ffffff]
[    3.488460] pci_bus 0000:00: root bus resource [mem 0x28000000-0x3fffffff pref]
[    3.495766] pci_bus 0000:00: root bus resource [bus 00-ff]
[    3.501245] pci_bus 0000:00: root bus resource [io  0x1000-0xffff]
[    3.507438] pci 0000:00:01.0: [10de:0e1c] type 01 class 0x060400
[    3.513477] pci 0000:00:01.0: IOMMU is currently not supported for PCI
[    3.520024] pci 0000:00:01.0: PME# supported from D0 D1 D2 D3hot D3cold
[    3.526781] PCI: bus0: Fast back to back transfers disabled
[    3.532354] pci 0000:00:01.0: bridge configuration invalid ([bus 00-00]), reconfiguring
[    3.540452] pci 0000:01:00.0: [10ec:8168] type 00 class 0x020000
[    3.546486] pci 0000:01:00.0: reg 0x10: [io  0x0000-0x00ff]
[    3.552068] pci 0000:01:00.0: reg 0x18: [mem 0x00000000-0x00000fff 64bit pref]
[    3.559289] pci 0000:01:00.0: reg 0x20: [mem 0x00000000-0x00003fff 64bit pref]
[    3.566512] pci 0000:01:00.0: IOMMU is currently not supported for PCI
[    3.573068] pci 0000:01:00.0: supports D1 D2
[    3.577334] pci 0000:01:00.0: PME# supported from D0 D1 D2 D3hot D3cold
[    3.593478] PCI: bus1: Fast back to back transfers disabled
[    3.599050] pci_bus 0000:01: busn_res: [bus 01-ff] end is updated to 01
[    3.605709] pci 0000:00:01.0: BAR 9: assigned [mem 0x28000000-0x280fffff 64bit pref]
[    3.613450] pci 0000:00:01.0: BAR 7: assigned [io  0x1000-0x1fff]
[    3.619540] pci 0000:01:00.0: BAR 4: assigned [mem 0x28000000-0x28003fff 64bit pref]
[    3.627282] pci 0000:01:00.0: BAR 2: assigned [mem 0x28004000-0x28004fff 64bit pref]
[    3.635022] pci 0000:01:00.0: BAR 0: assigned [io  0x1000-0x10ff]
[    3.641109] pci 0000:00:01.0: PCI bridge to [bus 01]
[    3.646068] pci 0000:00:01.0:   bridge window [io  0x1000-0x1fff]
[    3.652154] pci 0000:00:01.0:   bridge window [mem 0x28000000-0x280fffff 64bit pref]
[    3.659897] pci 0000:00:01.0: nv_msi_ht_cap_quirk didn't locate host bridge
[    3.666938] pcieport 0000:00:01.0: enabling device (0140 -> 0143)
[    3.673177] pcieport 0000:00:01.0: Signaling PME through PCIe PME interrupt
[    3.680136] pci 0000:01:00.0: Signaling PME through PCIe PME interrupt
[    3.686656] pcie_pme 0000:00:01.0:pcie01: service driver pcie_pme loaded
[    3.693523] r8169 Gigabit Ethernet driver 2.3LK-NAPI loaded
[    3.699109] r8169 0000:01:00.0: enabling device (0140 -> 0143)
[    3.705623] r8169 0000:01:00.0 eth0: RTL8168evl/8111evl at 0xf00e8000, 02:04:4b:01:60:a6, XID 0c900800 IRQ 375
[    3.715621] r8169 0000:01:00.0 eth0: jumbo features [frames: 9200 bytes, tx checksumming: ko]
[    3.724766] +VDD_5V_HDMI: supplied by sys_3v3,vdd_3v3_alw
[    3.730268] vdd_1v8_gen: supplied by vdd_5v_in
[    3.736393] [drm] Supports vblank timestamp caching Rev 2 (21.10.2013).
[    3.743028] [drm] No driver support for vblank timestamp query.
[    3.748966] drm drm: No connectors reported connected with modes
[    3.754976] [drm] Cannot find any crtc or sizes - going 1024x768
[    3.781326] Console: switching to colour frame buffer device 128x48
[    3.793839] drm drm: fb0:  frame buffer device
[    3.798271] drm drm: registered panic notifier
[    3.813850] [drm] Initialized tegra 0.0.0 20120330 on minor 0
[    3.822023] usb3_vbus: supplied by vdd_5v_in
[    3.828336] utmi_phy_clk_enable: timeout waiting for phy to stabilize
[    3.834803] tegra-ehci 7d004000.usb: EHCI Host Controller
[    3.840214] tegra-ehci 7d004000.usb: new USB bus registered, assigned bus number 1
[    3.848898] tegra-ehci 7d004000.usb: irq 343, io mem 0x7d004000
[    3.863468] tegra-ehci 7d004000.usb: USB 2.0 started, EHCI 1.00
[    3.869901] hub 1-0:1.0: USB hub found
[    3.873688] hub 1-0:1.0: 1 port detected
[    3.878437] tegra-ehci 7d008000.usb: EHCI Host Controller
[    3.883868] tegra-ehci 7d008000.usb: new USB bus registered, assigned bus number 2
[    3.891599] tegra-ehci 7d008000.usb: irq 344, io mem 0x7d008000
[    3.903849] tegra-ehci 7d008000.usb: USB 2.0 started, EHCI 1.00
[    3.910209] hub 2-0:1.0: USB hub found
[    3.913983] hub 2-0:1.0: 1 port detected
[    3.923358] tps65910-rtc tps65910-rtc: setting system clock to 2000-01-01 00:00:02 UTC (946684802)
[    3.937070] usb1_vbus: disabling
[    3.940383] vdd_sata,avdd_plle: disabling
[    3.944926] ALSA device list:
[    3.947885]   #0: NVIDIA Tegra Beaver
[    3.953348] EXT4-fs (mmcblk0p1): mounting ext3 file system using the ext4 subsystem
[    3.967957] EXT4-fs (mmcblk0p1): warning: mounting fs with errors, running e2fsck is recommended
[    3.978242] EXT4-fs (mmcblk0p1): recovery complete
[    3.983041] EXT4-fs (mmcblk0p1): mounted filesystem with ordered data mode. Opts: (null)
[    3.991155] VFS: Mounted root (ext3 filesystem) on device 179:1.
[    4.006644] devtmpfs: mounted
[    4.010523] Freeing unused kernel memory: 820K (c0d5f000 - c0e2c000)
bash: cannot set terminal process group (-1): Inappropriate ioctl for device
bash: no job control in this shell
root@(none):/# [    4.228899] usb 2-1: new high-speed USB device number 2 using tegra-ehci
