
U-Boot SPL 2016.05-rc2 (Apr 21 2016 - 16:23:00)
Trying to boot from RAM


U-Boot 2016.05-rc2 (Apr 21 2016 - 16:23:00 -0700)

TEGRA124
Model: NVIDIA Jetson TK1
Board: NVIDIA Jetson TK1
DRAM:  2 GiB
MC:   Tegra SD/MMC: 0, Tegra SD/MMC: 1
In:    serial
Out:   serial
Err:   serial
Net:   No ethernet found.
Hit any key to stop autoboot:  2  0 
Tegra124 (Jetson TK1) # 
Tegra124 (Jetson TK1) # pci enum
Tegra124 (Jetson TK1) # setenv bootargs 'ignore_loglevel console=ttyS0,115200n8 rw root=PARTUUID=b1791faa-84e8-4e27-83a1-9fb0a77e8803 rootwait gpt debug noinitrd earlyprintk init=/bin/bash'
Tegra124 (Jetson TK1) # setenv ipaddr 192.168.100.102; setenv serverip 192.168.100.1; setenv tftpserverip 192.168.100.1
Tegra124 (Jetson TK1) # tftpboot 0x82000000 zImage.multi_v7_defconfig

Warning: eth_rtl8169 using MAC address from ROM
Using eth_rtl8169 device
TFTP from server 192.168.100.1; our IP address is 192.168.100.102
Filename 'zImage.multi_v7_defconfig'.
Load address: 0x82000000
Loading: *#################################################################
	 #################################################################
	 #################################################################
	 #################################################################
	 #################################################################
	 #################################################################
	 #################################################################
	 #################################################################
	 ###############
	 3.9 MiB/s
done
Bytes transferred = 7850056 (77c848 hex)
Tegra124 (Jetson TK1) # tftpboot 0x83000000 tegra124-jetson-tk1.dtb
Using eth_rtl8169 device
TFTP from server 192.168.100.1; our IP address is 192.168.100.102
Filename 'tegra124-jetson-tk1.dtb'.
Load address: 0x83000000
Loading: *#####
	 3.8 MiB/s
done
Bytes transferred = 67133 (1063d hex)
Tegra124 (Jetson TK1) # bootz 0x82000000 - 0x83000000
Kernel image @ 0x82000000 [ 0x000000 - 0x77c848 ]
## Flattened Device Tree blob at 83000000
   Booting using the fdt blob at 0x83000000
   Using Device Tree in place at 83000000, end 8301363c

Starting kernel ...

[    0.000000] Booting Linux on physical CPU 0x0
[    0.000000] Linux version 4.11.0-rc2-next-20170320-159700-g4f4f972 (jonathanh@sellafield) (gcc version 4.7.3 20130328 (prerelease) (crosstool-NG linaro-1.13.1-4.7-2013.04-20130415 - Linaro GCC 2013.04) ) #1 SMP Wed Mar 22 15:12:25 PDT 2017
[    0.000000] CPU: ARMv7 Processor [413fc0f3] revision 3 (ARMv7), cr=10c5387d
[    0.000000] CPU: div instructions available: patching division code
[    0.000000] CPU: PIPT / VIPT nonaliasing data cache, PIPT instruction cache
[    0.000000] OF: fdt: Machine model: NVIDIA Tegra124 Jetson TK1
[    0.000000] debug: ignoring loglevel setting.
[    0.000000] efi: Getting EFI parameters from FDT:
[    0.000000] efi: UEFI not found.
[    0.000000] cma: Reserved 64 MiB at 0xfb800000
[    0.000000] Memory policy: Data cache writealloc
[    0.000000] On node 0 totalpages: 524032
[    0.000000] free_area_init_node: node 0, pgdat c157b940, node_mem_map eeff8000
[    0.000000]   DMA zone: 1536 pages used for memmap
[    0.000000]   DMA zone: 0 pages reserved
[    0.000000]   DMA zone: 196608 pages, LIFO batch:31
[    0.000000]   HighMem zone: 327424 pages, LIFO batch:31
[    0.000000] percpu: Embedded 17 pages/cpu @eef82000 s38528 r8192 d22912 u69632
[    0.000000] pcpu-alloc: s38528 r8192 d22912 u69632 alloc=17*4096
[    0.000000] pcpu-alloc: [0] 0 [0] 1 [0] 2 [0] 3 
[    0.000000] Built 1 zonelists in Zone order, mobility grouping on.  Total pages: 522496
[    0.000000] Kernel command line: ignore_loglevel console=ttyS0,115200n8 rw root=PARTUUID=b1791faa-84e8-4e27-83a1-9fb0a77e8803 rootwait gpt debug noinitrd earlyprintk init=/bin/bash
[    0.000000] PID hash table entries: 4096 (order: 2, 16384 bytes)
[    0.000000] Dentry cache hash table entries: 131072 (order: 7, 524288 bytes)
[    0.000000] Inode-cache hash table entries: 65536 (order: 6, 262144 bytes)
[    0.000000] Memory: 1993460K/2096128K available (10240K kernel code, 1548K rwdata, 4388K rodata, 2048K init, 417K bss, 37132K reserved, 65536K cma-reserved, 1244160K highmem)
[    0.000000] Virtual kernel memory layout:
[    0.000000]     vector  : 0xffff0000 - 0xffff1000   (   4 kB)
[    0.000000]     fixmap  : 0xffc00000 - 0xfff00000   (3072 kB)
[    0.000000]     vmalloc : 0xf0800000 - 0xff800000   ( 240 MB)
[    0.000000]     lowmem  : 0xc0000000 - 0xf0000000   ( 768 MB)
[    0.000000]     pkmap   : 0xbfe00000 - 0xc0000000   (   2 MB)
[    0.000000]     modules : 0xbf000000 - 0xbfe00000   (  14 MB)
[    0.000000]       .text : 0xc0208000 - 0xc0d00000   (11232 kB)
[    0.000000]       .init : 0xc1200000 - 0xc1400000   (2048 kB)
[    0.000000]       .data : 0xc1400000 - 0xc1583390   (1549 kB)
[    0.000000]        .bss : 0xc1585000 - 0xc15ed5c8   ( 418 kB)
[    0.000000] SLUB: HWalign=64, Order=0-3, MinObjects=0, CPUs=4, Nodes=1
[    0.000000] Hierarchical RCU implementation.
[    0.000000] 	RCU debugfs-based tracing is enabled.
[    0.000000] 	RCU restricting CPUs from NR_CPUS=16 to nr_cpu_ids=4.
[    0.000000] RCU: Adjusting geometry for rcu_fanout_leaf=16, nr_cpu_ids=4
[    0.000000] NR_IRQS:16 nr_irqs:16 16
[    0.000000] /interrupt-controller@60004000: 160 interrupts forwarded to /interrupt-controller@50041000
[    0.000000] Tegra clk 127: register failed with -17
[    0.000007] sched_clock: 32 bits at 1000kHz, resolution 1000ns, wraps every 2147483647500ns
[    0.000026] clocksource: timer_us: mask: 0xffffffff max_cycles: 0xffffffff, max_idle_ns: 1911260446275 ns
[    0.000042] Switching to timer-based delay loop, resolution 1000ns
[    0.005084] arm_arch_timer: Architected cp15 timer(s) running at 12.00MHz (virt).
[    0.005104] clocksource: arch_sys_counter: mask: 0xffffffffffffff max_cycles: 0x2c47f4ee7, max_idle_ns: 440795202497 ns
[    0.005123] sched_clock: 56 bits at 12MHz, resolution 83ns, wraps every 4398046511096ns
[    0.005137] Switching to timer-based delay loop, resolution 83ns
[    0.005601] Console: colour dummy device 80x30
[    0.005630] Calibrating delay loop (skipped), value calculated using timer frequency.. 24.00 BogoMIPS (lpj=120000)
[    0.005648] pid_max: default: 32768 minimum: 301
[    0.005741] Mount-cache hash table entries: 2048 (order: 1, 8192 bytes)
[    0.005756] Mountpoint-cache hash table entries: 2048 (order: 1, 8192 bytes)
[    0.006238] CPU: Testing write buffer coherency: ok
[    0.006488] /cpus/cpu@0 missing clock-frequency property
[    0.006532] /cpus/cpu@1 missing clock-frequency property
[    0.006575] /cpus/cpu@2 missing clock-frequency property
[    0.006618] /cpus/cpu@3 missing clock-frequency property
[    0.006632] CPU0: thread -1, cpu 0, socket 0, mpidr 80000000
[    0.006923] Setting up static identity map for 0x80300000 - 0x80300098
[    0.010585] Tegra Revision: A01 SKU: 129 CPU Process: 1 SoC Process: 1
[    0.011305] EFI services will not be available.
[    0.011534] smp: Bringing up secondary CPUs ...
[    0.012126] CPU1: thread -1, cpu 1, socket 0, mpidr 80000001
[    0.015317] CPU2: thread -1, cpu 2, socket 0, mpidr 80000002
[    0.025329] CPU3: thread -1, cpu 3, socket 0, mpidr 80000003
[    0.034768] smp: Brought up 1 node, 4 CPUs
[    0.034790] SMP: Total of 4 processors activated (96.00 BogoMIPS).
[    0.034798] CPU: All CPU(s) started in SVC mode.
[    0.036287] devtmpfs: initialized
[    0.052269] VFP support v0.3: implementor 41 architecture 4 part 30 variant f rev 0
[    0.052670] clocksource: jiffies: mask: 0xffffffff max_cycles: 0xffffffff, max_idle_ns: 19112604462750000 ns
[    0.052689] futex hash table entries: 1024 (order: 4, 65536 bytes)
[    0.054105] pinctrl core: initialized pinctrl subsystem
[    0.056014] NET: Registered protocol family 16
[    0.058079] DMA: preallocated 256 KiB pool for atomic coherent allocations
[    0.060536] cpuidle: using governor menu
[    0.087078] No ATAGs?
[    0.087204] hw-breakpoint: found 5 (+1 reserved) breakpoint and 4 watchpoint registers.
[    0.087220] hw-breakpoint: maximum watchpoint size is 8 bytes.
[    0.093764] Serial: AMBA PL011 UART driver
[    0.109713] AT91: Could not find identification node
[    0.110257] +5V_SYS: supplied by +VDD_MUX
[    0.110529] +3.3V_SYS: supplied by +VDD_MUX
[    0.111117] +USB0_VBUS_SW: Failed to request enable GPIO108: -517
[    0.111133] reg-fixed-voltage regulators:regulator@7: Failed to register regulator: -517
[    0.111225] +5V_USB_HS: Failed to request enable GPIO109: -517
[    0.111239] reg-fixed-voltage regulators:regulator@8: Failed to register regulator: -517
[    0.111408] +1.05V_RUN_AVDD_HDMI_PLL: Failed to request enable GPIO63: -517
[    0.111422] reg-fixed-voltage regulators:regulator@11: Failed to register regulator: -517
[    0.111511] +5V_HDMI_CON: Failed to request enable GPIO86: -517
[    0.111524] reg-fixed-voltage regulators:regulator@12: Failed to register regulator: -517
[    0.111613] +5V_SATA: Failed to request enable GPIO242: -517
[    0.111626] reg-fixed-voltage regulators:regulator@13: Failed to register regulator: -517
[    0.111714] +12V_SATA: Failed to request enable GPIO242: -517
[    0.111727] reg-fixed-voltage regulators:regulator@14: Failed to register regulator: -517
[    0.114849] vgaarb: loaded
[    0.115637] SCSI subsystem initialized
[    0.115799] libata version 3.00 loaded.
[    0.116043] usbcore: registered new interface driver usbfs
[    0.116101] usbcore: registered new interface driver hub
[    0.116170] usbcore: registered new device driver usb
[    0.119595] pps_core: LinuxPPS API ver. 1 registered
[    0.119607] pps_core: Software ver. 5.3.6 - Copyright 2005-2007 Rodolfo Giometti <giometti@linux.it>
[    0.119631] PTP clock support registered
[    0.119820] EDAC MC: Ver: 3.0.0
[    0.122659] clocksource: Switched to clocksource arch_sys_counter
[    0.176278] NET: Registered protocol family 2
[    0.176792] TCP established hash table entries: 8192 (order: 3, 32768 bytes)
[    0.176894] TCP bind hash table entries: 8192 (order: 4, 65536 bytes)
[    0.177082] TCP: Hash tables configured (established 8192 bind 8192)
[    0.177166] UDP hash table entries: 512 (order: 2, 16384 bytes)
[    0.177209] UDP-Lite hash table entries: 512 (order: 2, 16384 bytes)
[    0.177362] NET: Registered protocol family 1
[    0.177673] RPC: Registered named UNIX socket transport module.
[    0.177684] RPC: Registered udp transport module.
[    0.177692] RPC: Registered tcp transport module.
[    0.177701] RPC: Registered tcp NFSv4.1 backchannel transport module.
[    0.177713] PCI: CLS 0 bytes, default 64
[    0.178946] hw perfevents: enabled with armv7_cortex_a15 PMU driver, 7 counters available
[    0.180756] workingset: timestamp_bits=30 max_order=19 bucket_order=0
[    0.188950] squashfs: version 4.0 (2009/01/31) Phillip Lougher
[    0.189637] NFS: Registering the id_resolver key type
[    0.189662] Key type id_resolver registered
[    0.189671] Key type id_legacy registered
[    0.189712] ntfs: driver 2.1.32 [Flags: R/O].
[    0.191252] bounce: pool size: 64 pages
[    0.191293] Block layer SCSI generic (bsg) driver version 0.4 loaded (major 248)
[    0.191305] io scheduler noop registered
[    0.191314] io scheduler deadline registered
[    0.191476] io scheduler cfq registered (default)
[    0.191487] io scheduler mq-deadline registered
[    0.196769]  usb2-0: usb2-0 supply vbus not found, using dummy regulator
[    0.196898]  usb2-1: usb2-1 supply vbus not found, using dummy regulator
[    0.197333] tegra-xusb-padctl 7009f000.padctl: failed to setup XUSB ports: -517
[    0.213416] tegra-pcie 1003000.pcie-controller: 2x1, 1x1 configuration
[    0.213470] tegra-pcie 1003000.pcie-controller: Failed to get supply 'avddio-pex': -517
[    0.219692] tegra124-dfll 70110000.clock: couldn't get vdd_cpu regulator
[    0.227285] tegra-apbdma 60020000.dma: Tegra20 APB DMA driver register 32 channels
[    0.229798] tegra-pmc 7000e400.pmc: emergency thermal reset enabled
[    0.283565] Serial: 8250/16550 driver, 4 ports, IRQ sharing disabled
[    0.286103] console [ttyS0] disabled
[    0.286141] 70006300.serial: ttyS0 at MMIO 0x70006300 (irq = 335, base_baud = 25500000) is a Tegra
[    1.175398] console [ttyS0] enabled
[    1.179707] SuperH (H)SCI(F) driver initialized
[    1.185236] msm_serial: driver initialized
[    1.189511] STMicroelectronics ASC driver initialized
[    1.195415] 70006000.serial: ttyTHS1 at MMIO 0x70006000 (irq = 333, base_baud = 0) is a TEGRA_UART
[    1.204679] 70006040.serial: ttyTHS2 at MMIO 0x70006040 (irq = 334, base_baud = 0) is a TEGRA_UART
[    1.219047] tegra-hdmi 54280000.hdmi: failed to get HDMI regulator
[    1.237827] brd: module loaded
[    1.247776] loop: module loaded
[    1.252087] at24 0-0056: 256 byte 24c02 EEPROM, writable, 8 bytes/write
[    1.260432] as3722 4-0040: AS3722 with revision 0x1 found
[    1.272186] as3722-sd2: supplied by +5V_SYS
[    1.276830] as3722-sd3: supplied by +5V_SYS
[    1.281214] +1.35V_LP0(sd3): Bringing 0uV into 1350000-1350000uV
[    1.287644] as3722-sd4: supplied by +5V_SYS
[    1.292248] as3722-sd5: supplied by +5V_SYS
[    1.298289] as3722-ldo0: supplied by +1.35V_LP0(sd2)
[    1.304352] +1.8V_RUN_CAM: Bringing 0uV into 1800000-1800000uV
[    1.310540] as3722-ldo2: supplied by +1.8V_VDDIO
[    1.316431] as3722-ldo3: supplied by +3.3V_SYS
[    1.320911] +1.05V_LP0_VDD_RTC: Bringing 1100000uV into 1000000-1000000uV
[    1.328683] as3722-ldo4: supplied by +3.3V_SYS
[    1.333367] +2.8V_RUN_CAM: Bringing 0uV into 2800000-2800000uV
[    1.339548] as3722-ldo5: supplied by +1.8V_VDDIO
[    1.344399] +1.2V_RUN_CAM_FRONT: Bringing 0uV into 1200000-1200000uV
[    1.351288] +VDDIO_SDMMC3: bypassed regulator has no supply!
[    1.356960] +VDDIO_SDMMC3: failed to get the current voltage(-517)
[    1.363153] as3722-regulator as3722-regulator: regulator 13 register failed -517
[    1.376021] tegra-ahci 70027000.sata: couldn't get PHY in node sata: -517
[    1.395400] random: fast init done
[    1.398968] m25p80 spi32765.0: w25q32dw (4096 Kbytes)
[    1.406747] libphy: Fixed MDIO Bus: probed
[    1.411905] CAN device driver interface
[    1.416680] bgmac_bcma: Broadcom 47xx GBit MAC driver loaded
[    1.423718] e1000e: Intel(R) PRO/1000 Network Driver - 3.2.6-k
[    1.429541] e1000e: Copyright(c) 1999 - 2015 Intel Corporation.
[    1.435601] igb: Intel(R) Gigabit Ethernet Network Driver - version 5.4.0-k
[    1.442550] igb: Copyright (c) 2007-2014 Intel Corporation.
[    1.451738] pegasus: v0.9.3 (2013/04/25), Pegasus/Pegasus II USB Ethernet driver
[    1.459193] usbcore: registered new interface driver pegasus
[    1.464907] usbcore: registered new interface driver asix
[    1.470333] usbcore: registered new interface driver ax88179_178a
[    1.476474] usbcore: registered new interface driver cdc_ether
[    1.482348] usbcore: registered new interface driver smsc75xx
[    1.488154] usbcore: registered new interface driver smsc95xx
[    1.493944] usbcore: registered new interface driver net1080
[    1.499631] usbcore: registered new interface driver cdc_subset
[    1.505591] usbcore: registered new interface driver zaurus
[    1.511208] usbcore: registered new interface driver cdc_ncm
[    1.517100] tegra-phy 7d004000.usb-phy: no vbus regulator
[    1.524473] ehci_hcd: USB 2.0 'Enhanced' Host Controller (EHCI) Driver
[    1.530992] ehci-pci: EHCI PCI platform driver
[    1.535488] ehci-platform: EHCI generic platform driver
[    1.540914] ehci-orion: EHCI orion driver
[    1.545091] SPEAr-ehci: EHCI SPEAr driver
[    1.549237] ehci-st: EHCI STMicroelectronics driver
[    1.554270] ehci-exynos: EHCI EXYNOS driver
[    1.558608] ehci-atmel: EHCI Atmel driver
[    1.562764] tegra-ehci: Tegra EHCI driver
[    1.569597] tegra-ehci 7d004000.usb: EHCI Host Controller
[    1.575031] tegra-ehci 7d004000.usb: new USB bus registered, assigned bus number 1
[    1.582813] tegra-ehci 7d004000.usb: irq 354, io mem 0x7d004000
[    1.612684] tegra-ehci 7d004000.usb: USB 2.0 started, EHCI 1.10
[    1.619389] hub 1-0:1.0: USB hub found
[    1.623191] hub 1-0:1.0: 1 port detected
[    1.627631] ohci_hcd: USB 1.1 'Open' Host Controller (OHCI) Driver
[    1.633849] ohci-pci: OHCI PCI platform driver
[    1.638328] ohci-platform: OHCI generic platform driver
[    1.643735] ohci-omap3: OHCI OMAP3 driver
[    1.647870] SPEAr-ohci: OHCI SPEAr driver
[    1.652012] ohci-st: OHCI STMicroelectronics driver
[    1.657035] ohci-atmel: OHCI Atmel driver
[    1.661801] usbcore: registered new interface driver usb-storage
[    1.672147] as3722-rtc as3722-rtc: rtc core: registered as3722-rtc as rtc0
[    1.679047] as3722-rtc as3722-rtc: RTC interrupt 377
[    1.687255] tegra_rtc 7000e000.rtc: rtc core: registered 7000e000.rtc as rtc1
[    1.694438] tegra_rtc 7000e000.rtc: Tegra internal Real Time Clock
[    1.701126] i2c /dev entries driver
[    1.711305] lm90 0-004c: 0-004c supply vcc not found, using dummy regulator
[    1.728472] sdhci: Secure Digital Host Controller Interface driver
[    1.734671] sdhci: Copyright(c) Pierre Ossman
[    1.740610] Synopsys Designware Multimedia Card Interface Driver
[    1.747931] sdhci-pltfm: SDHCI platform and OF driver helper
[    1.754367] sdhci-tegra 700b0400.sdhci: Got CD GPIO
[    1.759255] sdhci-tegra 700b0400.sdhci: Got WP GPIO
[    1.780499] mmc0: Unknown controller version (3). You may experience problems.
[    1.787774] mmc0: Invalid maximum block size, assuming 512 bytes
[    1.852682] mmc0: SDHCI controller on 700b0600.sdhci [700b0600.sdhci] using ADMA
[    1.861985] ledtrig-cpu: registered to indicate activity on CPUs
[    1.868322] usbcore: registered new interface driver usbhid
[    1.873906] usbhid: USB HID core driver
[    1.881599] NET: Registered protocol family 10
[    1.886915] Segment Routing with IPv6
[    1.890626] sit: IPv6, IPv4 and MPLS over IPv4 tunneling driver
[    1.897111] NET: Registered protocol family 17
[    1.901557] can: controller area network core (rev 20120528 abi 9)
[    1.907796] NET: Registered protocol family 29
[    1.912236] can: raw protocol (rev 20120528)
[    1.916517] can: broadcast manager protocol (rev 20161123 t)
[    1.922172] can: netlink gateway (rev 20130117) max_hops=1
[    1.927966] Key type dns_resolver registered
[    1.932784] ThumbEE CPU extension supported.
[    1.937053] Registering SWP/SWPB emulation handler
[    1.956656] +3.3V_RUN: supplied by +3.3V_SYS
[    1.962218] +USB0_VBUS_SW: supplied by +5V_SYS
[    1.966941] +3.3V_AVDD_HDMI_AP_GATED: supplied by +3.3V_RUN
[    1.972878] +5V_USB_HS: supplied by +5V_SYS
[    1.978679] +3.3V_LP0: supplied by +3.3V_SYS
[    1.984748] +5V_HDMI_CON: supplied by +5V_SYS
[    1.989616] +5V_SATA: supplied by +5V_SYS
[    1.994459] +12V_SATA: supplied by +VDD_MUX
[    2.000201]  usb2-0: usb2-0 supply vbus not found, using dummy regulator
[    2.007107]  usb2-1: usb2-1 supply vbus not found, using dummy regulator
[    2.014113] mmc0: new high speed MMC card at address 0001
[    2.014308]  usb3-0: usb3-0 supply vbus not found, using dummy regulator
[    2.015684] tegra-pcie 1003000.pcie-controller: 2x1, 1x1 configuration
[    2.015761] tegra-pcie 1003000.pcie-controller: Failed to get supply 'avddio-pex': -517
[    2.019456] tegra124-dfll 70110000.clock: couldn't get vdd_cpu regulator
[    2.024607] tegra-hdmi 54280000.hdmi: failed to get PLL regulator
[    2.029718] as3722-sd2: supplied by +5V_SYS
[    2.030154] as3722-sd3: supplied by +5V_SYS
[    2.030470] as3722-sd4: supplied by +5V_SYS
[    2.030765] as3722-sd5: supplied by +5V_SYS
[    2.032731] as3722-ldo0: supplied by +1.35V_LP0(sd2)
[    2.033685] as3722-ldo1: supplied by +3.3V_RUN
[    2.034142] as3722-ldo2: supplied by +1.8V_VDDIO
[    2.035134] as3722-ldo3: supplied by +3.3V_SYS
[    2.036078] as3722-ldo4: supplied by +3.3V_SYS
[    2.036394] as3722-ldo5: supplied by +1.8V_VDDIO
[    2.036696] as3722-ldo6: supplied by +3.3V_RUN
[    2.037006] as3722-ldo7: supplied by +1.8V_VDDIO
[    2.037590] +1.05V_RUN_CAM_REAR: Bringing 0uV into 1050000-1050000uV
[    2.038318] as3722-ldo9: supplied by +5V_SYS
[    2.039606] +3.3V_RUN_TOUCH: Bringing 0uV into 2800000-2800000uV
[    2.040096] as3722-ldo10: supplied by +5V_SYS
[    2.040329] +2.8V_RUN_CAM_AF: Bringing 0uV into 2800000-2800000uV
[    2.041067] as3722-ldo11: supplied by +3.3V_RUN
[    2.041659] +1.8V_RUN_VPP_FUSE: Bringing 0uV into 1800000-1800000uV
[    2.085787] tegra-ahci 70027000.sata: AHCI 0001.0301 32 slots 2 ports 3 Gbps 0x1 impl platform mode
[    2.085799] tegra-ahci 70027000.sata: flags: 64bit ncq sntf pm led pio slum part sadm sds apst 
[    2.087813] scsi host0: tegra-ahci
[    2.089058] scsi host1: tegra-ahci
[    2.089400] ata1: SATA max UDMA/133 mmio [mem 0x70027000-0x70028fff] port 0x100 irq 345
[    2.089407] ata2: DUMMY
[    2.092784] tegra-ehci 7d008000.usb: EHCI Host Controller
[    2.092819] tegra-ehci 7d008000.usb: new USB bus registered, assigned bus number 2
[    2.093115] tegra-ehci 7d008000.usb: irq 355, io mem 0x7d008000
[    2.122709] tegra-ehci 7d008000.usb: USB 2.0 started, EHCI 1.10
[    2.123692] hub 2-0:1.0: USB hub found
[    2.123739] hub 2-0:1.0: 1 port detected
[    2.126589] sdhci-tegra 700b0400.sdhci: Got CD GPIO
[    2.126612] sdhci-tegra 700b0400.sdhci: Got WP GPIO
[    2.135090] mmc1: Unknown controller version (3). You may experience problems.
[    2.135188] mmc1: Invalid maximum block size, assuming 512 bytes
[    2.193257] mmc1: SDHCI controller on 700b0400.sdhci [700b0400.sdhci] using ADMA
[    2.194144] tegra-pcie 1003000.pcie-controller: 2x1, 1x1 configuration
[    2.196358] tegra-pcie 1003000.pcie-controller: probing port 0, using 2 lanes
[    2.198555] tegra-pcie 1003000.pcie-controller: Slot present pin change, signature: 00000008
[    2.229132] tegra-pcie 1003000.pcie-controller: probing port 1, using 1 lanes
[    2.231309] tegra-pcie 1003000.pcie-controller: Slot present pin change, signature: 00000000
[    2.245013] tegra-pcie 1003000.pcie-controller: PCI host bridge to bus 0000:00
[    2.245022] pci_bus 0000:00: root bus resource [io  0x0000-0xffff]
[    2.245031] pci_bus 0000:00: root bus resource [mem 0x13000000-0x1fffffff]
[    2.245038] pci_bus 0000:00: root bus resource [mem 0x20000000-0x3fffffff pref]
[    2.245047] pci_bus 0000:00: root bus resource [bus 00-ff]
[    2.245090] pci 0000:00:01.0: [10de:0e12] type 01 class 0x060400
[    2.245141] pci_bus 0000:00: 2-byte config write to 0000:00:01.0 offset 0x88 may corrupt adjacent RW1C bits
[    2.245189] pci_bus 0000:00: 2-byte config write to 0000:00:01.0 offset 0x52 may corrupt adjacent RW1C bits
[    2.245240] pci 0000:00:01.0: PME# supported from D0 D1 D2 D3hot D3cold
[    2.245252] pci_bus 0000:00: 2-byte config write to 0000:00:01.0 offset 0x4c may corrupt adjacent RW1C bits
[    2.245527] pci 0000:00:02.0: [10de:0e13] type 01 class 0x060400
[    2.245577] pci_bus 0000:00: 2-byte config write to 0000:00:02.0 offset 0x88 may corrupt adjacent RW1C bits
[    2.245621] pci_bus 0000:00: 2-byte config write to 0000:00:02.0 offset 0x52 may corrupt adjacent RW1C bits
[    2.245673] pci 0000:00:02.0: PME# supported from D0 D1 D2 D3hot D3cold
[    2.245685] pci_bus 0000:00: 2-byte config write to 0000:00:02.0 offset 0x4c may corrupt adjacent RW1C bits
[    2.245953] pci_bus 0000:00: 2-byte config write to 0000:00:01.0 offset 0x3e may corrupt adjacent RW1C bits
[    2.245967] pci_bus 0000:00: 2-byte config write to 0000:00:02.0 offset 0x3e may corrupt adjacent RW1C bits
[    2.245979] pci_bus 0000:00: 2-byte config write to 0000:00:01.0 offset 0x4 may corrupt adjacent RW1C bits
[    2.245989] pci_bus 0000:00: 1-byte config write to 0000:00:01.0 offset 0xc may corrupt adjacent RW1C bits
[    2.246004] PCI: bus0: Fast back to back transfers disabled
[    2.246015] pci 0000:00:01.0: bridge configuration invalid ([bus 00-00]), reconfiguring
[    2.246036] pci 0000:00:02.0: bridge configuration invalid ([bus 00-00]), reconfiguring
[    2.246267] pci 0000:01:00.0: [8086:4232] type 00 class 0x028000
[    2.246325] pci 0000:01:00.0: reg 0x10: [mem 0x00000000-0x00001fff 64bit]
[    2.246557] pci 0000:01:00.0: PME# supported from D0 D3hot D3cold
[    2.272824] PCI: bus1: Fast back to back transfers disabled
[    2.272838] pci_bus 0000:01: busn_res: [bus 01-ff] end is updated to 01
[    2.273093] pci 0000:02:00.0: [10ec:8168] type 00 class 0x020000
[    2.273131] pci 0000:02:00.0: reg 0x10: [io  0x0000-0x00ff]
[    2.273173] pci 0000:02:00.0: reg 0x18: [mem 0x00000000-0x00000fff 64bit]
[    2.273204] pci 0000:02:00.0: reg 0x20: [mem 0x00000000-0x00003fff 64bit pref]
[    2.273389] pci 0000:02:00.0: supports D1 D2
[    2.273396] pci 0000:02:00.0: PME# supported from D0 D1 D2 D3hot D3cold
[    2.302870] PCI: bus2: Fast back to back transfers disabled
[    2.302887] pci_bus 0000:02: busn_res: [bus 02-ff] end is updated to 02
[    2.303081] pci 0000:00:01.0: BAR 8: assigned [mem 0x13000000-0x130fffff]
[    2.303094] pci 0000:00:02.0: BAR 8: assigned [mem 0x13100000-0x131fffff]
[    2.303108] pci 0000:00:02.0: BAR 9: assigned [mem 0x20000000-0x200fffff 64bit pref]
[    2.303119] pci 0000:00:02.0: BAR 7: assigned [io  0x1000-0x1fff]
[    2.303136] pci 0000:01:00.0: BAR 0: assigned [mem 0x13000000-0x13001fff 64bit]
[    2.303176] pci 0000:00:01.0: PCI bridge to [bus 01]
[    2.303189] pci 0000:00:01.0:   bridge window [mem 0x13000000-0x130fffff]
[    2.303212] pci 0000:02:00.0: BAR 4: assigned [mem 0x20000000-0x20003fff 64bit pref]
[    2.303243] pci 0000:02:00.0: BAR 2: assigned [mem 0x13100000-0x13100fff 64bit]
[    2.303273] pci 0000:02:00.0: BAR 0: assigned [io  0x1000-0x10ff]
[    2.303286] pci 0000:00:02.0: PCI bridge to [bus 02]
[    2.303295] pci 0000:00:02.0:   bridge window [io  0x1000-0x1fff]
[    2.303307] pci 0000:00:02.0:   bridge window [mem 0x13100000-0x131fffff]
[    2.303317] pci 0000:00:02.0:   bridge window [mem 0x20000000-0x200fffff 64bit pref]
[    2.303363] pci 0000:00:01.0: nv_msi_ht_cap_quirk didn't locate host bridge
[    2.303477] pcieport 0000:00:01.0: enabling device (0140 -> 0142)
[    2.303775] pcieport 0000:00:01.0: Signaling PME with IRQ 393
[    2.303902] pci 0000:00:02.0: nv_msi_ht_cap_quirk didn't locate host bridge
[    2.303982] pcieport 0000:00:02.0: enabling device (0140 -> 0143)
[    2.304244] pcieport 0000:00:02.0: Signaling PME with IRQ 394
[    2.304574] r8169 Gigabit Ethernet driver 2.3LK-NAPI loaded
[    2.304601] r8169 0000:02:00.0: enabling device (0140 -> 0143)
[    2.334520] r8169 0000:02:00.0 eth0: RTL8168g/8111g at 0xf0b41000, 00:04:4b:3a:d9:81, XID 0c000800 IRQ 395
[    2.334530] r8169 0000:02:00.0 eth0: jumbo features [frames: 9200 bytes, tx checksumming: ko]
[    2.340369] +1.05V_RUN_AVDD_HDMI_PLL: supplied by +1.05V_RUN
[    2.342438] [drm] Supports vblank timestamp caching Rev 2 (21.10.2013).
[    2.342442] [drm] No driver support for vblank timestamp query.
[    2.342479] [drm] Cannot find any crtc or sizes - going 1024x768
[    2.425833] ata1: SATA link down (SStatus 0 SControl 300)
[    2.428314] mmc1: new high speed SDHC card at address aaaa
[    2.429222] mmcblk1: mmc1:aaaa SD04G 3.69 GiB 
[    2.444102]  mmcblk1: p1 p2 p3
[    2.741963] mmcblk0: mmc0:0001 SEM16G 14.7 GiB 
[    2.742257] mmcblk0boot0: mmc0:0001 SEM16G partition 1 4.00 MiB
[    2.743301] mmcblk0boot1: mmc0:0001 SEM16G partition 2 4.00 MiB
[    2.744010] mmcblk0rpmb: mmc0:0001 SEM16G partition 3 4.00 MiB
[    2.746484]  mmcblk0: p1
[    2.788626] Console: switching to colour frame buffer device 128x48
[    2.840835] drm drm: fb0:  frame buffer device
[    2.845396] [drm] Initialized tegra 0.0.0 20120330 for drm on minor 0
[    2.853303] of: dev_pm_opp_of_cpumask_add_table: couldn't find opp table for cpu:0, -19
[    2.861342] cpufreq: cpufreq_online: CPU0: Running at unlisted freq: 696000 KHz
[    2.868697] cpufreq: cpufreq_online: CPU0: Unlisted initial frequency changed to: 714000 KHz
[    2.877829] input: gpio-keys as /devices/soc0/gpio-keys/input/input0
[    2.885025] as3722-rtc as3722-rtc: setting system clock to 2000-01-01 00:02:37 UTC (946684957)
[    2.894124] +USB0_VBUS_SW: disabling
[    2.897698] +1.8V_RUN_CAM: disabling
[    2.901414] +2.8V_RUN_CAM: disabling
[    2.905224] +1.2V_RUN_CAM_FRONT: disabling
[    2.909513] +1.05V_RUN_CAM_REAR: disabling
[    2.913867] +3.3V_RUN_TOUCH: disabling
[    2.917766] +2.8V_RUN_CAM_AF: disabling
[    2.921748] +1.8V_RUN_VPP_FUSE: disabling
[    2.926852] EXT4-fs (mmcblk0p1): mounting ext3 file system using the ext4 subsystem
[    2.948515] EXT4-fs (mmcblk0p1): recovery complete
[    2.953334] EXT4-fs (mmcblk0p1): mounted filesystem with ordered data mode. Opts: (null)
[    2.961426] VFS: Mounted root (ext3 filesystem) on device 179:17.
[    2.971768] devtmpfs: mounted
[    2.975350] Freeing unused kernel memory: 2048K
bash: cannot set terminal process group (-1): Inappropriate ioctl for device
bash: no job control in this shell
root@(none):/# mount -t sysfs none /sys
root@(none):/# 
root@(none):/# mount -t debugfs none /sys/kernel/debug
root@(none):/# 
root@(none):/# rtcwake -d rtc1 -m mem -s 3
rtcwake: assuming RTC uses UTC ...
rtcwake: wakeup from "mem" using /dev/rtc1 at Thu Jan  1 00:00:20 1970
[    6.511543] PM: Syncing filesystems ... done.
[    6.545896] Freezing user space processes ... (elapsed 0.001 seconds) done.
[    6.554487] Freezing remaining freezable tasks ... (elapsed 0.001 seconds) done.
[    6.563611] Suspending console(s) (use no_console_suspend to debug)
[    6.656380] PM: suspend of devices complete after 84.037 msecs
[    6.665772] PM: late suspend of devices complete after 9.350 msecs
[    6.699196] PM: noirq suspend of devices complete after 33.391 msecs
[    6.699211] Disabling non-boot CPUs ...
[    6.827480] IRQ17 no longer affine to CPU3
[    6.864720] Entering suspend state LP1
[    6.864720] Suspended for 3.038 seconds
[    6.864732] Enabling non-boot CPUs ...
[    6.884660] CPU1 is up
[    6.924555] CPU2 is up
[    6.964833] CPU3 is up
[    6.965546] pcieport 0000:00:02.0: nv_msi_ht_cap_quirk didn't locate host bridge
[    6.965548] pcieport 0000:00:01.0: nv_msi_ht_cap_quirk didn't locate host bridge
[    6.992743] PM: noirq resume of devices complete after 27.905 msecs
[    6.994468] PM: early resume of devices complete after 1.391 msecs
[    7.044909] PM: resume of devices complete after 50.432 msecs
[    7.123210] Restarting tasks ... done.
root@(none):/# 
root@(none):/# [    7.335019] ata1: SATA link down (SStatus 0 SControl 300)
rtcwake -d rtc1 -m mem -s 3
rtcwake: assuming RTC uses UTC ...
rtcwake: wakeup from "mem" using /dev/rtc1 at Thu Jan  1 00:00:24 1970
[    7.493752] PM: Syncing filesystems ... done.
[    7.511724] Freezing user space processes ... (elapsed 0.001 seconds) done.
[    7.519840] Freezing remaining freezable tasks ... (elapsed 0.001 seconds) done.
[    7.528503] Suspending console(s) (use no_console_suspend to debug)
[    7.550276] pci_generic_config_write32: 118 callbacks suppressed
[    7.550285] pci_bus 0000:00: 2-byte config write to 0000:00:02.0 offset 0x9c may corrupt adjacent RW1C bits
[    7.550305] pci_bus 0000:00: 2-byte config write to 0000:00:01.0 offset 0x9c may corrupt adjacent RW1C bits
[    7.624689] PM: suspend of devices complete after 89.191 msecs
[    7.627061] PM: late suspend of devices complete after 2.358 msecs
[    7.627654] pci_bus 0000:02: 2-byte config write to 0000:02:00.0 offset 0x44 may corrupt adjacent RW1C bits
[    7.627671] pci_bus 0000:02: 2-byte config write to 0000:02:00.0 offset 0x44 may corrupt adjacent RW1C bits
[    7.654339] PM: noirq suspend of devices complete after 27.269 msecs
[    7.654343] Disabling non-boot CPUs ...
[    7.806175] Entering suspend state LP1
[    7.806175] Suspended for 3.058 seconds
[    7.806187] Enabling non-boot CPUs ...
[    7.834626] CPU1 is up
[    7.874517] CPU2 is up
[    7.914788] CPU3 is up
[    7.915358] pci_bus 0000:00: 2-byte config write to 0000:00:01.0 offset 0x4c may corrupt adjacent RW1C bits
[    7.915369] pci_bus 0000:00: 2-byte config write to 0000:00:02.0 offset 0x4c may corrupt adjacent RW1C bits
[    7.915379] pci_bus 0000:00: 2-byte config write to 0000:00:01.0 offset 0x88 may corrupt adjacent RW1C bits
[    7.915385] pci_bus 0000:00: 2-byte config write to 0000:00:01.0 offset 0x90 may corrupt adjacent RW1C bits
[    7.915392] pci_bus 0000:00: 2-byte config write to 0000:00:02.0 offset 0x88 may corrupt adjacent RW1C bits
[    7.915398] pci_bus 0000:00: 2-byte config write to 0000:00:01.0 offset 0x98 may corrupt adjacent RW1C bits
[    7.915504] pcieport 0000:00:01.0: nv_msi_ht_cap_quirk didn't locate host bridge
[    7.915505] pcieport 0000:00:02.0: nv_msi_ht_cap_quirk didn't locate host bridge
[    7.942710] PM: noirq resume of devices complete after 27.916 msecs
[    7.944859] PM: early resume of devices complete after 1.818 msecs
[    7.995014] PM: resume of devices complete after 50.145 msecs
[    8.172520] Restarting tasks ... done.
root@(none):/# 
root@(none):/# [    8.277717] ata1: SATA link down (SStatus 0 SControl 300)
rtcwake -d rtc1 -m mem -s 3
rtcwake: assuming RTC uses UTC ...
rtcwake: wakeup from "mem" using /dev/rtc1 at Thu Jan  1 00:00:29 1970
[    9.464993] PM: Syncing filesystems ... done.
[    9.490306] Freezing user space processes ... (elapsed 0.001 seconds) done.
[    9.498945] Freezing remaining freezable tasks ... (elapsed 0.001 seconds) done.
[    9.508109] Suspending console(s) (use no_console_suspend to debug)
[    9.596249] PM: suspend of devices complete after 79.382 msecs
[    9.607693] PM: late suspend of devices complete after 11.401 msecs
[    9.638970] PM: noirq suspend of devices complete after 31.244 msecs
[    9.638985] Disabling non-boot CPUs ...
[    9.786052] IRQ17 no longer affine to CPU3
[    9.852951] Entering suspend state LP1
[    9.852951] Suspended for 2.953 seconds
[    9.852963] Enabling non-boot CPUs ...
[    9.874590] CPU1 is up
[    9.914487] CPU2 is up
[    9.954780] CPU3 is up
[    9.955492] pcieport 0000:00:01.0: nv_msi_ht_cap_quirk didn't locate host bridge
[    9.955494] pcieport 0000:00:02.0: nv_msi_ht_cap_quirk didn't locate host bridge
[    9.982679] PM: noirq resume of devices complete after 27.893 msecs
[    9.984403] PM: early resume of devices complete after 1.388 msecs
[   10.034799] PM: resume of devices complete after 50.385 msecs
[   10.113205] Restarting tasks ... done.
root@(none):/# 
root@(none):/# [   10.324921] ata1: SATA link down (SStatus 0 SControl 300)
rtcwake -d rtc1 -m mem -s 3
rtcwake: assuming RTC uses UTC ...
rtcwake: wakeup from "mem" using /dev/rtc1 at Thu Jan  1 00:00:33 1970
[   10.485556] PM: Syncing filesystems ... done.
[   10.501536] Freezing user space processes ... (elapsed 0.001 seconds) done.
[   10.509725] Freezing remaining freezable tasks ... (elapsed 0.001 seconds) done.
[   10.518435] Suspending console(s) (use no_console_suspend to debug)
[   10.614253] PM: suspend of devices complete after 88.831 msecs
[   10.617615] PM: late suspend of devices complete after 3.349 msecs
[   10.644202] PM: noirq suspend of devices complete after 26.578 msecs
[   10.644206] Disabling non-boot CPUs ...
[   10.815687] Entering suspend state LP1
[   10.815687] Suspended for 3.037 seconds
[   10.815699] Enabling non-boot CPUs ...
[   10.844551] CPU1 is up
[   10.884463] CPU2 is up
[   10.924790] CPU3 is up
[   10.925473] pcieport 0000:00:02.0: nv_msi_ht_cap_quirk didn't locate host bridge
[   10.925475] pcieport 0000:00:01.0: nv_msi_ht_cap_quirk didn't locate host bridge
[   10.952649] PM: noirq resume of devices complete after 27.853 msecs
[   10.954614] PM: early resume of devices complete after 1.631 msecs
[   11.004739] PM: resume of devices complete after 50.115 msecs
[   11.078929] Restarting tasks ... done.
root@(none):/# 
root@(none):/# [   11.284960] ata1: SATA link down (SStatus 0 SControl 300)
rtcwake -d rtc1 -m mem -s 3
rtcwake: assuming RTC uses UTC ...
rtcwake: wakeup from "mem" using /dev/rtc1 at Thu Jan  1 00:00:37 1970
[   11.460430] PM: Syncing filesystems ... done.
[   11.471515] Freezing user space processes ... (elapsed 0.001 seconds) done.
[   11.479706] Freezing remaining freezable tasks ... (elapsed 0.001 seconds) done.
[   11.488363] Suspending console(s) (use no_console_suspend to debug)
[   11.574246] PM: suspend of devices complete after 78.892 msecs
[   11.576843] PM: late suspend of devices complete after 2.583 msecs
[   11.604301] PM: noirq suspend of devices complete after 27.446 msecs
[   11.604306] Disabling non-boot CPUs ...
[   11.604657] IRQ17 no longer affine to CPU1
[   11.775679] Entering suspend state LP1
[   11.775679] Suspended for 3.039 seconds
[   11.775691] Enabling non-boot CPUs ...
[   11.804527] CPU1 is up
[   11.844437] CPU2 is up
[   11.884723] CPU3 is up
[   11.885367] pcieport 0000:00:01.0: nv_msi_ht_cap_quirk didn't locate host bridge
[   11.885527] pcieport 0000:00:02.0: nv_msi_ht_cap_quirk didn't locate host bridge
[   11.912614] PM: noirq resume of devices complete after 27.885 msecs
[   11.914273] PM: early resume of devices complete after 1.329 msecs
[   11.965053] PM: resume of devices complete after 50.768 msecs
[   12.043377] Restarting tasks ... done.
root@(none):/# 
root@(none):/# [   12.244871] ata1: SATA link down (SStatus 0 SControl 300)
rtcwake -d rtc1 -m mem -s 3
rtcwake: assuming RTC uses UTC ...
rtcwake: wakeup from "mem" using /dev/rtc1 at Thu Jan  1 00:00:41 1970
[   12.415537] PM: Syncing filesystems ... done.
[   12.431838] Freezing user space processes ... (elapsed 0.001 seconds) done.
[   12.440036] Freezing remaining freezable tasks ... (elapsed 0.001 seconds) done.
[   12.448691] Suspending console(s) (use no_console_suspend to debug)
[   12.534229] PM: suspend of devices complete after 78.545 msecs
[   12.536835] PM: late suspend of devices complete after 2.592 msecs
[   12.564283] PM: noirq suspend of devices complete after 27.435 msecs
[   12.564288] Disabling non-boot CPUs ...
[   12.564641] IRQ17 no longer affine to CPU1
[   12.735637] Entering suspend state LP1
[   12.735637] Suspended for 3.040 seconds
[   12.735649] Enabling non-boot CPUs ...
[   12.764506] CPU1 is up
[   12.804410] CPU2 is up
[   12.844690] CPU3 is up
[   12.845258] pci_generic_config_write32: 162 callbacks suppressed
[   12.845266] pci_bus 0000:00: 2-byte config write to 0000:00:01.0 offset 0x4c may corrupt adjacent RW1C bits
[   12.845276] pci_bus 0000:00: 2-byte config write to 0000:00:02.0 offset 0x4c may corrupt adjacent RW1C bits
[   12.845286] pci_bus 0000:00: 2-byte config write to 0000:00:01.0 offset 0x88 may corrupt adjacent RW1C bits
[   12.845293] pci_bus 0000:00: 2-byte config write to 0000:00:01.0 offset 0x90 may corrupt adjacent RW1C bits
[   12.845299] pci_bus 0000:00: 2-byte config write to 0000:00:02.0 offset 0x88 may corrupt adjacent RW1C bits
[   12.845305] pci_bus 0000:00: 2-byte config write to 0000:00:01.0 offset 0x98 may corrupt adjacent RW1C bits
[   12.845311] pci_bus 0000:00: 2-byte config write to 0000:00:02.0 offset 0x90 may corrupt adjacent RW1C bits
[   12.845316] pci_bus 0000:00: 2-byte config write to 0000:00:01.0 offset 0x9c may corrupt adjacent RW1C bits
[   12.845322] pci_bus 0000:00: 2-byte config write to 0000:00:02.0 offset 0x98 may corrupt adjacent RW1C bits
[   12.845327] pci_bus 0000:00: 2-byte config write to 0000:00:01.0 offset 0xa8 may corrupt adjacent RW1C bits
[   12.845427] pcieport 0000:00:01.0: nv_msi_ht_cap_quirk didn't locate host bridge
[   12.845428] pcieport 0000:00:02.0: nv_msi_ht_cap_quirk didn't locate host bridge
[   12.872592] PM: noirq resume of devices complete after 27.895 msecs
[   12.874225] PM: early resume of devices complete after 1.289 msecs
[   12.924892] PM: resume of devices complete after 50.657 msecs
[   13.106498] Restarting tasks ... done.
root@(none):/# 
root@(none):/# [   13.214814] ata1: SATA link down (SStatus 0 SControl 300)
rtcwake -d rtc1 -m mem -s 3
rtcwake: assuming RTC uses UTC ...
rtcwake: wakeup from "mem" using /dev/rtc1 at Thu Jan  1 00:00:46 1970
[   14.390725] PM: Syncing filesystems ... done.
[   14.414963] Freezing user space processes ... (elapsed 0.001 seconds) done.
[   14.423402] Freezing remaining freezable tasks ... (elapsed 0.001 seconds) done.
[   14.432308] Suspending console(s) (use no_console_suspend to debug)
[   14.525728] PM: suspend of devices complete after 85.429 msecs
[   14.531391] PM: late suspend of devices complete after 5.634 msecs
[   14.566904] PM: noirq suspend of devices complete after 35.491 msecs
[   14.566913] Disabling non-boot CPUs ...
[   14.751369] Entering suspend state LP1
[   14.751369] Suspended for 2.983 seconds
[   14.751381] Enabling non-boot CPUs ...
[   14.774476] CPU1 is up
[   14.814377] CPU2 is up
[   14.854655] CPU3 is up
[   14.855349] pcieport 0000:00:01.0: nv_msi_ht_cap_quirk didn't locate host bridge
[   14.855351] pcieport 0000:00:02.0: nv_msi_ht_cap_quirk didn't locate host bridge
[   14.882553] PM: noirq resume of devices complete after 27.892 msecs
[   14.884513] PM: early resume of devices complete after 1.617 msecs
[   14.934478] PM: resume of devices complete after 49.956 msecs
[   15.008669] Restarting tasks ... done.
root@(none):/# 
root@(none):/# [   15.215000] ata1: SATA link down (SStatus 0 SControl 300)
rtcwake -d rtc1 -m mem -s 3
rtcwake: assuming RTC uses UTC ...
rtcwake: wakeup from "mem" using /dev/rtc1 at Thu Jan  1 00:00:50 1970
[   15.385193] PM: Syncing filesystems ... done.
[   15.401258] Freezing user space processes ... (elapsed 0.001 seconds) done.
[   15.409479] Freezing remaining freezable tasks ... (elapsed 0.001 seconds) done.
[   15.418041] Suspending console(s) (use no_console_suspend to debug)
[   15.504374] PM: suspend of devices complete after 79.333 msecs
[   15.507737] PM: late suspend of devices complete after 3.349 msecs
[   15.534130] PM: noirq suspend of devices complete after 26.384 msecs
[   15.534134] Disabling non-boot CPUs ...
[   15.705551] Entering suspend state LP1
[   15.705551] Suspended for 3.045 seconds
[   15.705563] Enabling non-boot CPUs ...
[   15.734446] CPU1 is up
[   15.774338] CPU2 is up
[   15.814612] CPU3 is up
[   15.815304] pcieport 0000:00:02.0: nv_msi_ht_cap_quirk didn't locate host bridge
[   15.815306] pcieport 0000:00:01.0: nv_msi_ht_cap_quirk didn't locate host bridge
[   15.842523] PM: noirq resume of devices complete after 27.905 msecs
[   15.844279] PM: early resume of devices complete after 1.431 msecs
[   15.894820] PM: resume of devices complete after 50.532 msecs
[   15.969009] Restarting tasks ... done.
root@(none):/# 
root@(none):/# [   16.174974] ata1: SATA link down (SStatus 0 SControl 300)
rtcwake -d rtc1 -m mem -s 3
rtcwake: assuming RTC uses UTC ...
rtcwake: wakeup from "mem" using /dev/rtc1 at Thu Jan  1 00:00:54 1970
[   16.345129] PM: Syncing filesystems ... done.
[   16.361600] Freezing user space processes ... (elapsed 0.001 seconds) done.
[   16.369798] Freezing remaining freezable tasks ... (elapsed 0.001 seconds) done.
[   16.378371] Suspending console(s) (use no_console_suspend to debug)
[   16.464054] PM: suspend of devices complete after 78.690 msecs
[   16.466434] PM: late suspend of devices complete after 2.366 msecs
[   16.494048] PM: noirq suspend of devices complete after 27.605 msecs
[   16.494052] Disabling non-boot CPUs ...
[   16.494403] IRQ17 no longer affine to CPU1
[   16.665527] Entering suspend state LP1
[   16.665527] Suspended for 3.039 seconds
[   16.665539] Enabling non-boot CPUs ...
[   16.694419] CPU1 is up
[   16.734323] CPU2 is up
[   16.774579] CPU3 is up
[   16.775270] pcieport 0000:00:02.0: nv_msi_ht_cap_quirk didn't locate host bridge
[   16.775272] pcieport 0000:00:01.0: nv_msi_ht_cap_quirk didn't locate host bridge
[   16.802495] PM: noirq resume of devices complete after 27.910 msecs
[   16.804206] PM: early resume of devices complete after 1.385 msecs
[   16.854553] PM: resume of devices complete after 50.337 msecs
[   16.932821] Restarting tasks ... done.
root@(none):/# 
root@(none):/# [   17.134980] ata1: SATA link down (SStatus 0 SControl 300)
rtcwake -d rtc1 -m mem -s 3
rtcwake: assuming RTC uses UTC ...
rtcwake: wakeup from "mem" using /dev/rtc1 at Thu Jan  1 00:00:58 1970
[   17.305431] PM: Syncing filesystems ... done.
[   17.321337] Freezing user space processes ... (elapsed 0.001 seconds) done.
[   17.329536] Freezing remaining freezable tasks ... (elapsed 0.001 seconds) done.
[   17.338110] Suspending console(s) (use no_console_suspend to debug)
[   17.424020] PM: suspend of devices complete after 78.918 msecs
[   17.426398] PM: late suspend of devices complete after 2.364 msecs
[   17.454023] PM: noirq suspend of devices complete after 27.616 msecs
[   17.454027] Disabling non-boot CPUs ...
[   17.454380] IRQ17 no longer affine to CPU1
[   17.625511] Entering suspend state LP1
[   17.625511] Suspended for 3.039 seconds
[   17.625523] Enabling non-boot CPUs ...
[   17.654380] CPU1 is up
[   17.694329] CPU2 is up
[   17.734569] CPU3 is up
[   17.735223] pcieport 0000:00:02.0: nv_msi_ht_cap_quirk didn't locate host bridge
[   17.735332] pcieport 0000:00:01.0: nv_msi_ht_cap_quirk didn't locate host bridge
[   17.762471] PM: noirq resume of devices complete after 27.897 msecs
[   17.763991] PM: early resume of devices complete after 1.182 msecs
[   17.814460] PM: resume of devices complete after 50.458 msecs
[   17.892740] Restarting tasks ... done.
root@(none):/# 
NVTB SYSTEM SUSPEND TEST COMPLETE
root@(none):/# [   18.094945] ata1: SATA link down (SStatus 0 SControl 300)
