
U-Boot SPL 2014.01-00219-gc4d376f (Feb 18 2014 - 19:57:18)


U-Boot 2014.01-00219-gc4d376f (Feb 18 2014 - 19:57:18)

TEGRA30
Board: NVIDIA Beaver
I2C:   ready
DRAM:  2 GiB
MMC:   Tegra SD/MMC: 0, Tegra SD/MMC: 1
In:    serial
Out:   serial
Err:   serial
Net:   Net Initialization Skipped
No ethernet found.
Hit any key to stop autoboot:  2  0 
Tegra30 (Beaver) # 
Tegra30 (Beaver) # usb reset
(Re)start USB...
USB0:   USB EHCI 1.00
scanning bus 0 for devices... 2 USB Device(s) found
       scanning usb for storage devices... 0 Storage Device(s) found
       scanning usb for ethernet devices... 
Warning: asx0 using MAC address from net device
1 Ethernet Device(s) found
Tegra30 (Beaver) # setenv bootargs 'ignore_loglevel console=ttyS0,115200n8 rw root=PARTUUID=edbe1840-3633-c751-7993-b0ac834f81e0 rootwait gpt debug noinitrd earlyprintk init=/bin/bash'
Tegra30 (Beaver) # setenv ipaddr 192.168.100.101; setenv serverip 192.168.100.1; setenv tftpserverip 192.168.100.1
Tegra30 (Beaver) # tftpboot 0x81000000 zImage.multi_v7_defconfig
Using asx0 device
TFTP from server 192.168.100.1; our IP address is 192.168.100.101
Filename 'zImage.multi_v7_defconfig'.
Load address: 0x81000000
Loading: *#################################################################
	 #################################################################
	 #################################################################
	 #################################################################
	 #################################################################
	 #################################################################
	 #################################################################
	 #################################################################
	 ####################################
	 2.8 MiB/s
done
Bytes transferred = 8159744 (7c8200 hex)
Tegra30 (Beaver) # tftpboot 0x82000000 tegra30-beaver.dtb
Using asx0 device
TFTP from server 192.168.100.1; our IP address is 192.168.100.101
Filename 'tegra30-beaver.dtb'.
Load address: 0x82000000
Loading: *####
	 2.9 MiB/s
done
Bytes transferred = 51470 (c90e hex)
Tegra30 (Beaver) # bootz 0x81000000 - 0x82000000
Kernel image @ 0x81000000 [ 0x000000 - 0x7c8200 ]
## Flattened Device Tree blob at 82000000
   Booting using the fdt blob at 0x82000000
   Loading Device Tree to 8fff0000, end 8ffff90d ... OK

Starting kernel ...

[    0.000000] Booting Linux on physical CPU 0x0
[    0.000000] Linux version 4.15.0-next-20180131-348625-gd957d62c868c (jonathanh@tamien) (gcc version 4.7.3 20130328 (prerelease) (crosstool-NG linaro-1.13.1-4.7-2013.04-20130415 - Linaro GCC 2013.04)) #1 SMP Wed Jan 31 02:17:20 PST 2018
[    0.000000] CPU: ARMv7 Processor [412fc099] revision 9 (ARMv7), cr=10c5387d
[    0.000000] CPU: PIPT / VIPT nonaliasing data cache, VIPT aliasing instruction cache
[    0.000000] OF: fdt: Machine model: NVIDIA Tegra30 Beaver evaluation board
[    0.000000] debug: ignoring loglevel setting.
[    0.000000] Memory policy: Data cache writealloc
[    0.000000] efi: Getting EFI parameters from FDT:
[    0.000000] efi: UEFI not found.
[    0.000000] cma: Reserved 64 MiB at 0xfb800000
[    0.000000] On node 0 totalpages: 524032
[    0.000000]   DMA zone: 1536 pages used for memmap
[    0.000000]   DMA zone: 0 pages reserved
[    0.000000]   DMA zone: 196608 pages, LIFO batch:31
[    0.000000]   HighMem zone: 327424 pages, LIFO batch:31
[    0.000000] random: fast init done
[    0.000000] percpu: Embedded 17 pages/cpu @(ptrval) s39232 r8192 d22208 u69632
[    0.000000] pcpu-alloc: s39232 r8192 d22208 u69632 alloc=17*4096
[    0.000000] pcpu-alloc: [0] 0 [0] 1 [0] 2 [0] 3 
[    0.000000] Built 1 zonelists, mobility grouping on.  Total pages: 522496
[    0.000000] Kernel command line: ignore_loglevel console=ttyS0,115200n8 rw root=PARTUUID=edbe1840-3633-c751-7993-b0ac834f81e0 rootwait gpt debug noinitrd earlyprintk init=/bin/bash
[    0.000000] Dentry cache hash table entries: 131072 (order: 7, 524288 bytes)
[    0.000000] Inode-cache hash table entries: 65536 (order: 6, 262144 bytes)
[    0.000000] Memory: 1992492K/2096128K available (11264K kernel code, 1584K rwdata, 4348K rodata, 2048K init, 405K bss, 38100K reserved, 65536K cma-reserved, 1244160K highmem)
[    0.000000] Virtual kernel memory layout:
[    0.000000]     vector  : 0xffff0000 - 0xffff1000   (   4 kB)
[    0.000000]     fixmap  : 0xffc00000 - 0xfff00000   (3072 kB)
[    0.000000]     vmalloc : 0xf0800000 - 0xff800000   ( 240 MB)
[    0.000000]     lowmem  : 0xc0000000 - 0xf0000000   ( 768 MB)
[    0.000000]     pkmap   : 0xbfe00000 - 0xc0000000   (   2 MB)
[    0.000000]     modules : 0xbf000000 - 0xbfe00000   (  14 MB)
[    0.000000]       .text : 0x(ptrval) - 0x(ptrval)   (12256 kB)
[    0.000000]       .init : 0x(ptrval) - 0x(ptrval)   (2048 kB)
[    0.000000]       .data : 0x(ptrval) - 0x(ptrval)   (1585 kB)
[    0.000000]        .bss : 0x(ptrval) - 0x(ptrval)   ( 406 kB)
[    0.000000] SLUB: HWalign=64, Order=0-3, MinObjects=0, CPUs=4, Nodes=1
[    0.000000] Hierarchical RCU implementation.
[    0.000000] 	RCU event tracing is enabled.
[    0.000000] 	RCU restricting CPUs from NR_CPUS=16 to nr_cpu_ids=4.
[    0.000000] RCU: Adjusting geometry for rcu_fanout_leaf=16, nr_cpu_ids=4
[    0.000000] NR_IRQS: 16, nr_irqs: 16, preallocated irqs: 16
[    0.000000] /interrupt-controller@60004000: 160 interrupts forwarded to /interrupt-controller@50041000
[    0.000000] L2C: platform modifies aux control register: 0x02080000 -> 0x3e480001
[    0.000000] L2C: DT/platform modifies aux control register: 0x02080000 -> 0x3e480001
[    0.000000] L2C-310 erratum 769419 enabled
[    0.000000] L2C-310 enabling early BRESP for Cortex-A9
[    0.000000] L2C-310: enabling full line of zeros but not enabled in Cortex-A9
[    0.000000] L2C-310 dynamic clock gating enabled, standby mode enabled
[    0.000000] L2C-310 cache controller enabled, 8 ways, 1024 kB
[    0.000000] L2C-310: CACHE_ID 0x410000c7, AUX_CTRL 0x4e480001
[    0.000012] sched_clock: 32 bits at 1000kHz, resolution 1000ns, wraps every 2147483647500ns
[    0.000031] clocksource: timer_us: mask: 0xffffffff max_cycles: 0xffffffff, max_idle_ns: 1911260446275 ns
[    0.000040] Switching to timer-based delay loop, resolution 1000ns
[    0.002952] Console: colour dummy device 80x30
[    0.002983] Calibrating delay loop (skipped), value calculated using timer frequency.. 2.00 BogoMIPS (lpj=10000)
[    0.002993] pid_max: default: 32768 minimum: 301
[    0.003084] Mount-cache hash table entries: 2048 (order: 1, 8192 bytes)
[    0.003093] Mountpoint-cache hash table entries: 2048 (order: 1, 8192 bytes)
[    0.003498] CPU: Testing write buffer coherency: ok
[    0.003811] CPU0: thread -1, cpu 0, socket 0, mpidr 80000000
[    0.004036] Setting up static identity map for 0x80300000 - 0x803000a0
[    0.005362] Hierarchical SRCU implementation.
[    0.007356] Tegra Revision: A03 SKU: 128 CPU Process: 4 SoC Process: 0
[    0.007978] EFI services will not be available.
[    0.008087] smp: Bringing up secondary CPUs ...
[    0.010380] CPU1: thread -1, cpu 1, socket 0, mpidr 80000001
[    0.020356] CPU2: thread -1, cpu 2, socket 0, mpidr 80000002
[    0.030339] CPU3: thread -1, cpu 3, socket 0, mpidr 80000003
[    0.030392] smp: Brought up 1 node, 4 CPUs
[    0.030406] SMP: Total of 4 processors activated (8.00 BogoMIPS).
[    0.030411] CPU: All CPU(s) started in SVC mode.
[    0.031138] devtmpfs: initialized
[    0.041356] Built 1 zonelists, mobility grouping on.  Total pages: 514507
[    0.041759] VFP support v0.3: implementor 41 architecture 3 part 30 variant 9 rev 4
[    0.042374] clocksource: jiffies: mask: 0xffffffff max_cycles: 0xffffffff, max_idle_ns: 19112604462750000 ns
[    0.042398] futex hash table entries: 1024 (order: 4, 65536 bytes)
[    0.042616] pinctrl core: initialized pinctrl subsystem
[    0.043777] DMI not present or invalid.
[    0.044017] NET: Registered protocol family 16
[    0.046520] DMA: preallocated 256 KiB pool for atomic coherent allocations
[    0.048289] cpuidle: using governor menu
[    0.061458] No ATAGs?
[    0.061566] hw-breakpoint: found 5 (+1 reserved) breakpoint and 1 watchpoint registers.
[    0.061578] hw-breakpoint: maximum watchpoint size is 4 bytes.
[    0.065949] Serial: AMBA PL011 UART driver
[    0.066545] tegra-mc 7000f000.memory-controller: no memory timings for RAM code 3 registered
[    0.066715] iommu: Adding device 54200000.dc to group 0
[    0.066753] iommu: Adding device 54240000.dc to group 0
[    0.075263] AT91: Could not find identification node
[    0.075751] vdd_5v_sata: Failed to request enable GPIO30: -517
[    0.075766] reg-fixed-voltage regulators:regulator@3: Failed to register regulator: -517
[    0.075815] usb1_vbus: Failed to request enable GPIO238: -517
[    0.075822] reg-fixed-voltage regulators:regulator@4: Failed to register regulator: -517
[    0.075870] usb3_vbus: Failed to request enable GPIO236: -517
[    0.075877] reg-fixed-voltage regulators:regulator@5: Failed to register regulator: -517
[    0.075976] sys_3v3_pexs: Failed to request enable GPIO95: -517
[    0.075984] reg-fixed-voltage regulators:regulator@7: Failed to register regulator: -517
[    0.077783] vgaarb: loaded
[    0.078259] SCSI subsystem initialized
[    0.078425] libata version 3.00 loaded.
[    0.078559] usbcore: registered new interface driver usbfs
[    0.078587] usbcore: registered new interface driver hub
[    0.078621] usbcore: registered new device driver usb
[    0.085683] vrtc: supplied by vdd_5v_in
[    0.088954] vio: supplied by vdd_5v_in
[    0.091819] vdd1: supplied by vdd_5v_in
[    0.093196] vddio_ddr_1v2: Bringing 600000uV into 1200000-1200000uV
[    0.101814] vdd2: supplied by vdd_5v_in
[    0.121844] ldo1: supplied by vdd_1v5_gen
[    0.124213] ldo2: supplied by vdd_1v5_gen
[    0.124683] vdd_sata,avdd_plle: Bringing 1200000uV into 1050000-1050000uV
[    0.126900] ldo3: supplied by vdd_5v_in
[    0.129246] ldo4: supplied by vdd_5v_in
[    0.131805] ldo5: supplied by vdd_5v_in
[    0.141818] ldo6: supplied by vdd_1v8_gen
[    0.142293] avdd_dsi_csi,pwrdet_mipi: Bringing 1000000uV into 1200000-1200000uV
[    0.144522] ldo7: supplied by vdd_1v8_gen
[    0.151804] ldo8: supplied by vdd_1v8_gen
[    0.161920] pps_core: LinuxPPS API ver. 1 registered
[    0.161927] pps_core: Software ver. 5.3.6 - Copyright 2005-2007 Rodolfo Giometti <giometti@linux.it>
[    0.161940] PTP clock support registered
[    0.162082] EDAC MC: Ver: 3.0.0
[    0.163616] clocksource: Switched to clocksource timer_us
[    0.194156] NET: Registered protocol family 2
[    0.194565] tcp_listen_portaddr_hash hash table entries: 512 (order: 0, 6144 bytes)
[    0.194586] TCP established hash table entries: 8192 (order: 3, 32768 bytes)
[    0.194640] TCP bind hash table entries: 8192 (order: 4, 65536 bytes)
[    0.194729] TCP: Hash tables configured (established 8192 bind 8192)
[    0.194878] UDP hash table entries: 512 (order: 2, 16384 bytes)
[    0.194941] UDP-Lite hash table entries: 512 (order: 2, 16384 bytes)
[    0.195125] NET: Registered protocol family 1
[    0.195480] RPC: Registered named UNIX socket transport module.
[    0.195488] RPC: Registered udp transport module.
[    0.195493] RPC: Registered tcp transport module.
[    0.195497] RPC: Registered tcp NFSv4.1 backchannel transport module.
[    0.195506] PCI: CLS 0 bytes, default 64
[    0.196319] hw perfevents: no interrupt-affinity property for /pmu, guessing.
[    0.196558] hw perfevents: enabled with armv7_cortex_a9 PMU driver, 7 counters available
[    0.197600] Initialise system trusted keyrings
[    0.197722] workingset: timestamp_bits=30 max_order=19 bucket_order=0
[    0.201329] squashfs: version 4.0 (2009/01/31) Phillip Lougher
[    0.201750] NFS: Registering the id_resolver key type
[    0.201770] Key type id_resolver registered
[    0.201775] Key type id_legacy registered
[    0.201805] ntfs: driver 2.1.32 [Flags: R/O].
[    0.202816] Key type asymmetric registered
[    0.202826] Asymmetric key parser 'x509' registered
[    0.202859] bounce: pool size: 64 pages
[    0.202905] Block layer SCSI generic (bsg) driver version 0.4 loaded (major 246)
[    0.202914] io scheduler noop registered
[    0.202919] io scheduler deadline registered
[    0.203054] io scheduler cfq registered (default)
[    0.203061] io scheduler mq-deadline registered
[    0.203066] io scheduler kyber registered
[    0.209735] tegra30-pinctrl 70000868.pinmux: invalid group "sdmmc3_dat6_pd3" for function "rsvd1"
[    0.209753] tegra30-pinctrl 70000868.pinmux: invalid group "sdmmc3_dat7_pd4" for function "rsvd1"
[    0.209774] tegra30-pinctrl 70000868.pinmux: invalid group "vi_vsync_pd6" for function "rsvd1"
[    0.209784] tegra30-pinctrl 70000868.pinmux: invalid group "vi_hsync_pd7" for function "rsvd1"
[    0.210221] tegra30-pinctrl 70000868.pinmux: invalid group "hdmi_int_pn7" for function "rsvd1"
[    0.210264] tegra30-pinctrl 70000868.pinmux: invalid group "ulpi_data3_po4" for function "rsvd1"
[    0.210581] tegra30-pinctrl 70000868.pinmux: invalid group "vi_d10_pt2" for function "rsvd1"
[    0.210594] tegra30-pinctrl 70000868.pinmux: invalid group "vi_d11_pt3" for function "rsvd1"
[    0.210605] tegra30-pinctrl 70000868.pinmux: invalid group "vi_d0_pt4" for function "rsvd1"
[    0.210645] tegra30-pinctrl 70000868.pinmux: invalid group "pu0" for function "rsvd1"
[    0.210673] tegra30-pinctrl 70000868.pinmux: invalid group "pu3" for function "rsvd1"
[    0.210701] tegra30-pinctrl 70000868.pinmux: invalid group "pu6" for function "rsvd1"
[    0.210747] tegra30-pinctrl 70000868.pinmux: invalid group "pv3" for function "rsvd1"
[    0.211212] tegra30-pinctrl 70000868.pinmux: invalid group "pbb0" for function "rsvd1"
[    0.211322] tegra30-pinctrl 70000868.pinmux: invalid group "pcc1" for function "rsvd1"
[    0.216727] tegra-pcie 3000.pcie: 2x3 configuration
[    0.216884] tegra-pcie 3000.pcie: Failed to get supply 'hvdd-pex': -517
[    0.222793] tegra-apbdma 6000a000.dma: Tegra20 APB DMA driver register 32 channels
[    0.225046] tegra-pmc 7000e400.pmc: i2c-thermtrip node not found, emergency thermal reset disabled.
[    0.253152] Serial: 8250/16550 driver, 4 ports, IRQ sharing disabled
[    0.255298] console [ttyS0] disabled
[    0.255335] 70006000.serial: ttyS0 at MMIO 0x70006000 (irq = 331, base_baud = 25500000) is a Tegra
[    1.311301] console [ttyS0] enabled
[    1.315342] SuperH (H)SCI(F) driver initialized
[    1.320489] msm_serial: driver initialized
[    1.324699] STMicroelectronics ASC driver initialized
[    1.333122] Failed to attached device 54200000.dc to IOMMU_mapping
[    1.347464] Failed to attached device 54240000.dc to IOMMU_mapping
[    1.362240] tegra-hdmi 54280000.hdmi: failed to get HDMI regulator
[    1.375354] brd: module loaded
[    1.383954] loop: module loaded
[    1.392884] m25p80 spi0.1: w25q32 (4096 Kbytes)
[    1.399092] libphy: Fixed MDIO Bus: probed
[    1.403816] CAN device driver interface
[    1.408182] bgmac_bcma: Broadcom 47xx GBit MAC driver loaded
[    1.414594] e1000e: Intel(R) PRO/1000 Network Driver - 3.2.6-k
[    1.420410] e1000e: Copyright(c) 1999 - 2015 Intel Corporation.
[    1.426357] igb: Intel(R) Gigabit Ethernet Network Driver - version 5.4.0-k
[    1.433300] igb: Copyright (c) 2007-2014 Intel Corporation.
[    1.441030] pegasus: v0.9.3 (2013/04/25), Pegasus/Pegasus II USB Ethernet driver
[    1.448473] usbcore: registered new interface driver pegasus
[    1.454150] usbcore: registered new interface driver asix
[    1.459550] usbcore: registered new interface driver ax88179_178a
[    1.465657] usbcore: registered new interface driver cdc_ether
[    1.471502] usbcore: registered new interface driver smsc75xx
[    1.477264] usbcore: registered new interface driver smsc95xx
[    1.483011] usbcore: registered new interface driver net1080
[    1.488682] usbcore: registered new interface driver cdc_subset
[    1.494610] usbcore: registered new interface driver zaurus
[    1.500198] usbcore: registered new interface driver cdc_ncm
[    1.506049] tegra-phy 7d000000.usb-phy: no vbus regulator
[    1.513860] ehci_hcd: USB 2.0 'Enhanced' Host Controller (EHCI) Driver
[    1.520372] ehci-pci: EHCI PCI platform driver
[    1.524838] ehci-platform: EHCI generic platform driver
[    1.530171] ehci-orion: EHCI orion driver
[    1.534270] SPEAr-ehci: EHCI SPEAr driver
[    1.538341] ehci-st: EHCI STMicroelectronics driver
[    1.543279] ehci-exynos: EHCI EXYNOS driver
[    1.547551] ehci-atmel: EHCI Atmel driver
[    1.551628] tegra-ehci: Tegra EHCI driver
[    1.555937] ohci_hcd: USB 1.1 'Open' Host Controller (OHCI) Driver
[    1.562111] ohci-pci: OHCI PCI platform driver
[    1.566581] ohci-platform: OHCI generic platform driver
[    1.571905] SPEAr-ohci: OHCI SPEAr driver
[    1.575992] ohci-st: OHCI STMicroelectronics driver
[    1.580931] ohci-atmel: OHCI Atmel driver
[    1.585380] usbcore: registered new interface driver usb-storage
[    1.600408] tegra_rtc 7000e000.rtc: rtc core: registered 7000e000.rtc as rtc1
[    1.607600] tegra_rtc 7000e000.rtc: Tegra internal Real Time Clock
[    1.626415] tps65910-rtc tps65910-rtc: rtc core: registered tps65910-rtc as rtc0
[    1.634019] i2c /dev entries driver
[    1.645885] sdhci: Secure Digital Host Controller Interface driver
[    1.652050] sdhci: Copyright(c) Pierre Ossman
[    1.657395] Synopsys Designware Multimedia Card Interface Driver
[    1.664242] sdhci-pltfm: SDHCI platform and OF driver helper
[    1.670412] sdhci-tegra 78000000.sdhci: Got CD GPIO
[    1.675307] sdhci-tegra 78000000.sdhci: Got WP GPIO
[    1.688468] mmc0: Invalid maximum block size, assuming 512 bytes
[    1.726436] mmc0: SDHCI controller on 78000000.sdhci [78000000.sdhci] using ADMA
[    1.738880] mmc1: Invalid maximum block size, assuming 512 bytes
[    1.771142] mmc1: SDHCI controller on 78000600.sdhci [78000600.sdhci] using ADMA
[    1.780074] ledtrig-cpu: registered to indicate activity on CPUs
[    1.786354] usbcore: registered new interface driver usbhid
[    1.791910] usbhid: USB HID core driver
[    1.798302] NET: Registered protocol family 10
[    1.803464] Segment Routing with IPv6
[    1.807196] sit: IPv6, IPv4 and MPLS over IPv4 tunneling driver
[    1.813501] NET: Registered protocol family 17
[    1.817963] can: controller area network core (rev 20170425 abi 9)
[    1.824181] NET: Registered protocol family 29
[    1.828613] can: raw protocol (rev 20170425)
[    1.832869] can: broadcast manager protocol (rev 20170425 t)
[    1.838527] can: netlink gateway (rev 20170425) max_hops=1
[    1.844287] Key type dns_resolver registered
[    1.848928] ThumbEE CPU extension supported.
[    1.853190] Registering SWP/SWPB emulation handler
[    1.858396] Loading compiled-in X.509 certificates
[    1.872788] vdd_ddr: supplied by vdd_5v_in
[    1.877716] vdd_5v_sata: supplied by vdd_5v_in
[    1.882489] usb1_vbus: supplied by vdd_5v_in
[    1.887115] usb3_vbus: supplied by vdd_5v_in
[    1.892612] sys_3v3,vdd_3v3_alw: supplied by vdd_5v_in
[    1.898560] sys_3v3_pexs: supplied by sys_3v3,vdd_3v3_alw
[    1.901501] mmc0: new ultra high speed DDR50 SDHC card at address aaaa
[    1.904089] +VDD_5V_HDMI: supplied by sys_3v3,vdd_3v3_alw
[    1.911566] mmcblk0: mmc0:aaaa SS04G 3.69 GiB 
[    1.916863] tegra-pcie 3000.pcie: 2x3 configuration
[    1.923761] mmc1: new high speed MMC card at address 0001
[    1.931701] mmcblk1: mmc1:0001 SEM16G 14.8 GiB 
[    1.933427] tegra-pcie 3000.pcie: probing port 0, using 2 lanes
[    1.937247] mmcblk1boot0: mmc1:0001 SEM16G partition 1 1.00 MiB
[    1.949163] mmcblk1boot1: mmc1:0001 SEM16G partition 2 1.00 MiB
[    1.955558] mmcblk1rpmb: mmc1:0001 SEM16G partition 3 128 KiB, chardev (236:0)
[    1.965663] Primary GPT is invalid, using alternate GPT.
[    1.970980]  mmcblk1: p1 p2 p3 p4 p5
[    1.984027]  mmcblk0: p1 p2 p3
[    2.000577] tegra-pcie 3000.pcie: probing port 2, using 2 lanes
[    2.410487] tegra-pcie 3000.pcie: link 2 down, retrying
[    2.819681] tegra-pcie 3000.pcie: link 2 down, retrying
[    3.228857] tegra-pcie 3000.pcie: link 2 down, retrying
[    3.236097] tegra-pcie 3000.pcie: link 2 down, ignoring
[    3.241438] tegra-pcie 3000.pcie: PCI host bridge to bus 0000:00
[    3.247451] pci_bus 0000:00: root bus resource [io  0x0000-0xffff]
[    3.253626] pci_bus 0000:00: root bus resource [mem 0x20000000-0x27ffffff]
[    3.260485] pci_bus 0000:00: root bus resource [mem 0x28000000-0x3fffffff pref]
[    3.267787] pci_bus 0000:00: root bus resource [bus 00-ff]
[    3.273286] pci 0000:00:01.0: [10de:0e1c] type 01 class 0x060400
[    3.279303] pci_bus 0000:00: 2-byte config write to 0000:00:01.0 offset 0x4 may corrupt adjacent RW1C bits
[    3.288947] pci_bus 0000:00: 2-byte config write to 0000:00:01.0 offset 0x4 may corrupt adjacent RW1C bits
[    3.298601] pci 0000:00:01.0: enabling Extended Tags
[    3.303554] pci_bus 0000:00: 2-byte config write to 0000:00:01.0 offset 0x88 may corrupt adjacent RW1C bits
[    3.313305] pci_bus 0000:00: 2-byte config write to 0000:00:01.0 offset 0x52 may corrupt adjacent RW1C bits
[    3.323048] pci 0000:00:01.0: PME# supported from D0 D1 D2 D3hot D3cold
[    3.329658] pci_bus 0000:00: 2-byte config write to 0000:00:01.0 offset 0x4c may corrupt adjacent RW1C bits
[    3.339522] pci_bus 0000:00: 2-byte config write to 0000:00:01.0 offset 0x3e may corrupt adjacent RW1C bits
[    3.349256] pci_bus 0000:00: 2-byte config write to 0000:00:01.0 offset 0x4 may corrupt adjacent RW1C bits
[    3.358898] pci_bus 0000:00: 1-byte config write to 0000:00:01.0 offset 0xc may corrupt adjacent RW1C bits
[    3.368537] PCI: bus0: Fast back to back transfers disabled
[    3.374105] pci 0000:00:01.0: bridge configuration invalid ([bus 00-00]), reconfiguring
[    3.382091] pci_bus 0000:00: 2-byte config write to 0000:00:01.0 offset 0x3e may corrupt adjacent RW1C bits
[    3.391819] pci_bus 0000:00: 2-byte config write to 0000:00:01.0 offset 0x3e may corrupt adjacent RW1C bits
[    3.401620] pci 0000:01:00.0: [10ec:8168] type 00 class 0x020000
[    3.407646] pci 0000:01:00.0: reg 0x10: [io  0x0000-0x00ff]
[    3.413218] pci 0000:01:00.0: reg 0x18: [mem 0x00000000-0x00000fff 64bit pref]
[    3.420441] pci 0000:01:00.0: reg 0x20: [mem 0x00000000-0x00003fff 64bit pref]
[    3.427729] pci 0000:01:00.0: supports D1 D2
[    3.431986] pci 0000:01:00.0: PME# supported from D0 D1 D2 D3hot D3cold
[    3.463644] PCI: bus1: Fast back to back transfers disabled
[    3.469205] pci_bus 0000:01: busn_res: [bus 01-ff] end is updated to 01
[    3.475839] pci 0000:00:01.0: BAR 9: assigned [mem 0x28000000-0x280fffff 64bit pref]
[    3.483565] pci 0000:00:01.0: BAR 7: assigned [io  0x1000-0x1fff]
[    3.489657] pci 0000:01:00.0: BAR 4: assigned [mem 0x28000000-0x28003fff 64bit pref]
[    3.497400] pci 0000:01:00.0: BAR 2: assigned [mem 0x28004000-0x28004fff 64bit pref]
[    3.505141] pci 0000:01:00.0: BAR 0: assigned [io  0x1000-0x10ff]
[    3.511221] pci 0000:00:01.0: PCI bridge to [bus 01]
[    3.516182] pci 0000:00:01.0:   bridge window [io  0x1000-0x1fff]
[    3.522262] pci 0000:00:01.0:   bridge window [mem 0x28000000-0x280fffff 64bit pref]
[    3.530015] pci 0000:00:01.0: nv_msi_ht_cap_quirk didn't locate host bridge
[    3.537090] pcieport 0000:00:01.0: enabling device (0140 -> 0143)
[    3.543401] pcieport 0000:00:01.0: Signaling PME with IRQ 375
[    3.549409] r8169 Gigabit Ethernet driver 2.3LK-NAPI loaded
[    3.555007] r8169 0000:01:00.0: enabling device (0140 -> 0143)
[    3.561740] r8169 0000:01:00.0 eth0: RTL8168evl/8111evl at 0xf6a1315c, 02:04:4b:01:60:a6, XID 0c900800 IRQ 376
[    3.571743] r8169 0000:01:00.0 eth0: jumbo features [frames: 9200 bytes, tx checksumming: ko]
[    3.583059] [drm] Supports vblank timestamp caching Rev 2 (21.10.2013).
[    3.589710] [drm] No driver support for vblank timestamp query.
[    3.595668] [drm] Cannot find any crtc or sizes
[    3.600288] [drm] Initialized tegra 0.0.0 20120330 for drm on minor 0
[    3.609789] tegra-ehci 7d004000.usb: EHCI Host Controller
[    3.615225] tegra-ehci 7d004000.usb: new USB bus registered, assigned bus number 1
[    3.622990] tegra-ehci 7d004000.usb: irq 344, io mem 0x7d004000
[    3.628952] [drm] Cannot find any crtc or sizes
[    3.654020] tegra-ehci 7d004000.usb: USB 2.0 started, EHCI 1.00
[    3.660415] hub 1-0:1.0: USB hub found
[    3.664206] hub 1-0:1.0: 1 port detected
[    3.669406] tegra-ehci 7d008000.usb: EHCI Host Controller
[    3.674831] tegra-ehci 7d008000.usb: new USB bus registered, assigned bus number 2
[    3.682569] tegra-ehci 7d008000.usb: irq 345, io mem 0x7d008000
[    3.714009] tegra-ehci 7d008000.usb: USB 2.0 started, EHCI 1.00
[    3.720289] hub 2-0:1.0: USB hub found
[    3.724079] hub 2-0:1.0: 1 port detected
[    3.733228] tps65910-rtc tps65910-rtc: setting system clock to 2000-01-01 00:00:02 UTC (946684802)
[    3.742801] vdd_sata,avdd_plle: disabling
[    3.747573] usb1_vbus: disabling
[    3.752863] EXT4-fs (mmcblk1p1): mounting ext3 file system using the ext4 subsystem
[    3.767897] EXT4-fs (mmcblk1p1): warning: mounting fs with errors, running e2fsck is recommended
[    3.778120] EXT4-fs (mmcblk1p1): recovery complete
[    3.782908] EXT4-fs (mmcblk1p1): mounted filesystem with ordered data mode. Opts: (null)
[    3.791032] VFS: Mounted root (ext3 filesystem) on device 179:17.
[    3.807433] devtmpfs: mounted
[    3.812939] Freeing unused kernel memory: 2048K
bash: cannot set terminal process group (-1): Inappropriate ioctl for device
bash: no job control in this shell
root@(none):/# [    4.093646] usb 2-1: new high-speed USB device number 2 using tegra-ehci
[    4.784424] asix 2-1:1.0 eth1: register 'asix' at usb-7d008000.usb-1, ASIX AX88772 USB 2.0 Ethernet, 00:50:b6:0f:67:60
mount -t sysfs none /sys
root@(none):/# 
root@(none):/# mount -t debugfs none /sys/kernel/debug
root@(none):/# 
root@(none):/# rtcwake -d rtc1 -m mem -s 3
rtcwake: wakeup from "mem" using /dev/rtc1 at Thu Jan  1 00:00:23 1970
[    7.434273] PM: suspend entry (deep)
[    7.437847] PM: Syncing filesystems ... done.
[    7.444255] Freezing user space processes ... (elapsed 0.001 seconds) done.
[    7.452303] OOM killer disabled.
[    7.455539] Freezing remaining freezable tasks ... (elapsed 0.001 seconds) done.
[    7.464055] Suspending console(s) (use no_console_suspend to debug)
[    7.554541] Disabling non-boot CPUs ...
[    7.623923] IRQ17 no longer affine to CPU1
[    7.744283] Entering suspend state LP1
[    7.744298] Enabling non-boot CPUs ...
[    7.744944] CPU1 is up
[    7.745567] CPU2 is up
[    7.746251] CPU3 is up
[    7.747275] pcieport 0000:00:01.0: nv_msi_ht_cap_quirk didn't locate host bridge
[    8.401890] OOM killer enabled.
[    8.405028] Restarting tasks ... done.
[    8.409087] PM: suspend exit
root@(none):/# 
root@(none):/# rtcwake -d rtc1 -m mem -s 3
rtcwake: wakeup from "mem" using /dev/rtc1 at Thu Jan  1 00:00:28 1970
[    9.441600] PM: suspend entry (deep)
[    9.445199] PM: Syncing filesystems ... done.
[    9.450542] Freezing user space processes ... (elapsed 0.001 seconds) done.
[    9.458617] OOM killer disabled.
[    9.461832] Freezing remaining freezable tasks ... (elapsed 0.001 seconds) done.
[    9.470345] Suspending console(s) (use no_console_suspend to debug)
[    9.514552] pci_generic_config_write32: 33 callbacks suppressed
[    9.514566] pci_bus 0000:00: 2-byte config write to 0000:00:01.0 offset 0x9c may corrupt adjacent RW1C bits
[    9.564516] Disabling non-boot CPUs ...
[    9.633873] IRQ17 no longer affine to CPU1
[    9.734145] Entering suspend state LP1
[    9.734164] Enabling non-boot CPUs ...
[    9.735014] CPU1 is up
[    9.735793] CPU2 is up
[    9.736623] CPU3 is up
[    9.737768] pci_bus 0000:00: 2-byte config write to 0000:00:01.0 offset 0x4c may corrupt adjacent RW1C bits
[    9.737784] pci_bus 0000:00: 2-byte config write to 0000:00:01.0 offset 0x88 may corrupt adjacent RW1C bits
[    9.737797] pci_bus 0000:00: 2-byte config write to 0000:00:01.0 offset 0x90 may corrupt adjacent RW1C bits
[    9.737803] pci_bus 0000:00: 2-byte config write to 0000:00:01.0 offset 0x98 may corrupt adjacent RW1C bits
[    9.737807] pci_bus 0000:00: 2-byte config write to 0000:00:01.0 offset 0x9c may corrupt adjacent RW1C bits
[    9.737829] pci_bus 0000:00: 2-byte config write to 0000:00:01.0 offset 0x52 may corrupt adjacent RW1C bits
[    9.737837] pci_bus 0000:00: 2-byte config write to 0000:00:01.0 offset 0x52 may corrupt adjacent RW1C bits
[    9.737844] pci_bus 0000:00: 2-byte config write to 0000:00:01.0 offset 0x5c may corrupt adjacent RW1C bits
[    9.737850] pci_bus 0000:00: 2-byte config write to 0000:00:01.0 offset 0x52 may corrupt adjacent RW1C bits
[    9.737871] pcieport 0000:00:01.0: nv_msi_ht_cap_quirk didn't locate host bridge
[   10.501369] OOM killer enabled.
[   10.504510] Restarting tasks ... done.
[   10.508644] PM: suspend exit
root@(none):/# 
root@(none):/# rtcwake -d rtc1 -m mem -s 3
rtcwake: wakeup from "mem" using /dev/rtc1 at Thu Jan  1 00:00:33 1970
[   11.433686] PM: suspend entry (deep)
[   11.437267] PM: Syncing filesystems ... done.
[   11.442917] Freezing user space processes ... (elapsed 0.001 seconds) done.
[   11.451010] OOM killer disabled.
[   11.454247] Freezing remaining freezable tasks ... (elapsed 0.001 seconds) done.
[   11.462768] Suspending console(s) (use no_console_suspend to debug)
[   11.554701] Disabling non-boot CPUs ...
[   11.603932] IRQ17 no longer affine to CPU1
[   11.724204] Entering suspend state LP1
[   11.724220] Enabling non-boot CPUs ...
[   11.725054] CPU1 is up
[   11.725813] CPU2 is up
[   11.726637] CPU3 is up
[   11.727835] pcieport 0000:00:01.0: nv_msi_ht_cap_quirk didn't locate host bridge
[   12.379423] OOM killer enabled.
[   12.382554] Restarting tasks ... done.
[   12.386706] PM: suspend exit
root@(none):/# 
root@(none):/# rtcwake -d rtc1 -m mem -s 3
rtcwake: wakeup from "mem" using /dev/rtc1 at Thu Jan  1 00:00:38 1970
[   13.416755] PM: suspend entry (deep)
[   13.420335] PM: Syncing filesystems ... done.
[   13.426002] Freezing user space processes ... (elapsed 0.001 seconds) done.
[   13.434103] OOM killer disabled.
[   13.437319] Freezing remaining freezable tasks ... (elapsed 0.001 seconds) done.
[   13.445869] Suspending console(s) (use no_console_suspend to debug)
[   13.534681] Disabling non-boot CPUs ...
[   13.583894] IRQ17 no longer affine to CPU1
[   13.704174] Entering suspend state LP1
[   13.704190] Enabling non-boot CPUs ...
[   13.705037] CPU1 is up
[   13.705818] CPU2 is up
[   13.706639] CPU3 is up
[   13.707810] pcieport 0000:00:01.0: nv_msi_ht_cap_quirk didn't locate host bridge
[   14.369078] OOM killer enabled.
[   14.372211] Restarting tasks ... done.
[   14.376360] PM: suspend exit
root@(none):/# 
root@(none):/# rtcwake -d rtc1 -m mem -s 3
rtcwake: wakeup from "mem" using /dev/rtc1 at Thu Jan  1 00:00:43 1970
[   15.396887] PM: suspend entry (deep)
[   15.400469] PM: Syncing filesystems ... done.
[   15.406151] Freezing user space processes ... (elapsed 0.001 seconds) done.
[   15.414256] OOM killer disabled.
[   15.417473] Freezing remaining freezable tasks ... (elapsed 0.001 seconds) done.
[   15.426017] Suspending console(s) (use no_console_suspend to debug)
[   15.464770] pci_generic_config_write32: 26 callbacks suppressed
[   15.464785] pci_bus 0000:00: 2-byte config write to 0000:00:01.0 offset 0x9c may corrupt adjacent RW1C bits
[   15.514651] Disabling non-boot CPUs ...
[   15.563874] IRQ17 no longer affine to CPU1
[   15.684158] Entering suspend state LP1
[   15.684174] Enabling non-boot CPUs ...
[   15.685021] CPU1 is up
[   15.685791] CPU2 is up
[   15.686614] CPU3 is up
[   15.687736] pci_bus 0000:00: 2-byte config write to 0000:00:01.0 offset 0x4c may corrupt adjacent RW1C bits
[   15.687750] pci_bus 0000:00: 2-byte config write to 0000:00:01.0 offset 0x88 may corrupt adjacent RW1C bits
[   15.687758] pci_bus 0000:00: 2-byte config write to 0000:00:01.0 offset 0x90 may corrupt adjacent RW1C bits
[   15.687763] pci_bus 0000:00: 2-byte config write to 0000:00:01.0 offset 0x98 may corrupt adjacent RW1C bits
[   15.687767] pci_bus 0000:00: 2-byte config write to 0000:00:01.0 offset 0x9c may corrupt adjacent RW1C bits
[   15.687789] pci_bus 0000:00: 2-byte config write to 0000:00:01.0 offset 0x52 may corrupt adjacent RW1C bits
[   15.687797] pci_bus 0000:00: 2-byte config write to 0000:00:01.0 offset 0x52 may corrupt adjacent RW1C bits
[   15.687805] pci_bus 0000:00: 2-byte config write to 0000:00:01.0 offset 0x5c may corrupt adjacent RW1C bits
[   15.687810] pci_bus 0000:00: 2-byte config write to 0000:00:01.0 offset 0x52 may corrupt adjacent RW1C bits
[   15.687832] pcieport 0000:00:01.0: nv_msi_ht_cap_quirk didn't locate host bridge
[   16.442666] OOM killer enabled.
[   16.445804] Restarting tasks ... done.
[   16.449932] PM: suspend exit
root@(none):/# 
root@(none):/# rtcwake -d rtc1 -m mem -s 3
rtcwake: wakeup from "mem" using /dev/rtc1 at Thu Jan  1 00:00:48 1970
[   17.376685] PM: suspend entry (deep)
[   17.380264] PM: Syncing filesystems ... done.
[   17.385935] Freezing user space processes ... (elapsed 0.001 seconds) done.
[   17.394047] OOM killer disabled.
[   17.397265] Freezing remaining freezable tasks ... (elapsed 0.001 seconds) done.
[   17.405806] Suspending console(s) (use no_console_suspend to debug)
[   17.494607] Disabling non-boot CPUs ...
[   17.543848] IRQ17 no longer affine to CPU1
[   17.664131] Entering suspend state LP1
[   17.664146] Enabling non-boot CPUs ...
[   17.664988] CPU1 is up
[   17.665765] CPU2 is up
[   17.666587] CPU3 is up
[   17.667778] pcieport 0000:00:01.0: nv_msi_ht_cap_quirk didn't locate host bridge
[   18.319035] OOM killer enabled.
[   18.322165] Restarting tasks ... done.
[   18.326320] PM: suspend exit
root@(none):/# 
root@(none):/# rtcwake -d rtc1 -m mem -s 3
rtcwake: wakeup from "mem" using /dev/rtc1 at Thu Jan  1 00:00:53 1970
[   19.356972] PM: suspend entry (deep)
[   19.360551] PM: Syncing filesystems ... done.
[   19.366222] Freezing user space processes ... (elapsed 0.001 seconds) done.
[   19.374334] OOM killer disabled.
[   19.377551] Freezing remaining freezable tasks ... (elapsed 0.001 seconds) done.
[   19.386095] Suspending console(s) (use no_console_suspend to debug)
[   19.484589] Disabling non-boot CPUs ...
[   19.533820] IRQ17 no longer affine to CPU1
[   19.654085] Entering suspend state LP1
[   19.654102] Enabling non-boot CPUs ...
[   19.654942] CPU1 is up
[   19.655720] CPU2 is up
[   19.656545] CPU3 is up
[   19.657734] pcieport 0000:00:01.0: nv_msi_ht_cap_quirk didn't locate host bridge
[   20.308904] OOM killer enabled.
[   20.312033] Restarting tasks ... done.
[   20.316189] PM: suspend exit
root@(none):/# 
root@(none):/# rtcwake -d rtc1 -m mem -s 3
rtcwake: wakeup from "mem" using /dev/rtc1 at Thu Jan  1 00:00:58 1970
[   21.346564] PM: suspend entry (deep)
[   21.350142] PM: Syncing filesystems ... done.
[   21.355808] Freezing user space processes ... (elapsed 0.001 seconds) done.
[   21.363912] OOM killer disabled.
[   21.367129] Freezing remaining freezable tasks ... (elapsed 0.001 seconds) done.
[   21.375675] Suspending console(s) (use no_console_suspend to debug)
[   21.414689] pci_generic_config_write32: 26 callbacks suppressed
[   21.414705] pci_bus 0000:00: 2-byte config write to 0000:00:01.0 offset 0x9c may corrupt adjacent RW1C bits
[   21.464553] Disabling non-boot CPUs ...
[   21.513805] IRQ17 no longer affine to CPU1
[   21.634087] Entering suspend state LP1
[   21.634102] Enabling non-boot CPUs ...
[   21.634950] CPU1 is up
[   21.635737] CPU2 is up
[   21.636545] CPU3 is up
[   21.637683] pci_bus 0000:00: 2-byte config write to 0000:00:01.0 offset 0x4c may corrupt adjacent RW1C bits
[   21.637696] pci_bus 0000:00: 2-byte config write to 0000:00:01.0 offset 0x88 may corrupt adjacent RW1C bits
[   21.637703] pci_bus 0000:00: 2-byte config write to 0000:00:01.0 offset 0x90 may corrupt adjacent RW1C bits
[   21.637708] pci_bus 0000:00: 2-byte config write to 0000:00:01.0 offset 0x98 may corrupt adjacent RW1C bits
[   21.637714] pci_bus 0000:00: 2-byte config write to 0000:00:01.0 offset 0x9c may corrupt adjacent RW1C bits
[   21.637735] pci_bus 0000:00: 2-byte config write to 0000:00:01.0 offset 0x52 may corrupt adjacent RW1C bits
[   21.637742] pci_bus 0000:00: 2-byte config write to 0000:00:01.0 offset 0x52 may corrupt adjacent RW1C bits
[   21.637750] pci_bus 0000:00: 2-byte config write to 0000:00:01.0 offset 0x5c may corrupt adjacent RW1C bits
[   21.637755] pci_bus 0000:00: 2-byte config write to 0000:00:01.0 offset 0x52 may corrupt adjacent RW1C bits
[   21.637776] pcieport 0000:00:01.0: nv_msi_ht_cap_quirk didn't locate host bridge
[   22.401489] OOM killer enabled.
[   22.404631] Restarting tasks ... done.
[   22.408752] PM: suspend exit
root@(none):/# 
root@(none):/# rtcwake -d rtc1 -m mem -s 3
rtcwake: wakeup from "mem" using /dev/rtc1 at Thu Jan  1 00:01:03 1970
[   23.328887] PM: suspend entry (deep)
[   23.332469] PM: Syncing filesystems ... done.
[   23.338135] Freezing user space processes ... (elapsed 0.001 seconds) done.
[   23.346246] OOM killer disabled.
[   23.349462] Freezing remaining freezable tasks ... (elapsed 0.001 seconds) done.
[   23.358000] Suspending console(s) (use no_console_suspend to debug)
[   23.454537] Disabling non-boot CPUs ...
[   23.503781] IRQ17 no longer affine to CPU1
[   23.624048] Entering suspend state LP1
[   23.624064] Enabling non-boot CPUs ...
[   23.624908] CPU1 is up
[   23.625676] CPU2 is up
[   23.626483] CPU3 is up
[   23.627691] pcieport 0000:00:01.0: nv_msi_ht_cap_quirk didn't locate host bridge
[   24.278386] OOM killer enabled.
[   24.281519] Restarting tasks ... done.
[   24.285659] PM: suspend exit
root@(none):/# 
root@(none):/# rtcwake -d rtc1 -m mem -s 3
rtcwake: wakeup from "mem" using /dev/rtc1 at Thu Jan  1 00:01:08 1970
[   25.316593] PM: suspend entry (deep)
[   25.320171] PM: Syncing filesystems ... done.
[   25.325847] Freezing user space processes ... (elapsed 0.001 seconds) done.
[   25.333955] OOM killer disabled.
[   25.337171] Freezing remaining freezable tasks ... (elapsed 0.001 seconds) done.
[   25.345711] Suspending console(s) (use no_console_suspend to debug)
[   25.434521] Disabling non-boot CPUs ...
[   25.483754] IRQ17 no longer affine to CPU1
[   25.604046] Entering suspend state LP1
[   25.604063] Enabling non-boot CPUs ...
[   25.604910] CPU1 is up
[   25.605688] CPU2 is up
[   25.606505] CPU3 is up
[   25.607709] pcieport 0000:00:01.0: nv_msi_ht_cap_quirk didn't locate host bridge
[   26.268845] OOM killer enabled.
[   26.271975] Restarting tasks ... done.
[   26.276136] PM: suspend exit
root@(none):/# 
root@(none):/# NVTB SYSTEM SUSPEND TEST COMPLETE
