
U-Boot SPL 2016.05-rc2 (Apr 21 2016 - 16:23:00)
Trying to boot from RAM


U-Boot 2016.05-rc2 (Apr 21 2016 - 16:23:00 -0700)

TEGRA124
Model: NVIDIA Jetson TK1
Board: NVIDIA Jetson TK1
DRAM:  2 GiB
MC:   Tegra SD/MMC: 0, Tegra SD/MMC: 1
In:    serial
Out:   serial
Err:   serial
Net:   No ethernet found.
Hit any key to stop autoboot:  2  0 
Tegra124 (Jetson TK1) # 
Tegra124 (Jetson TK1) # pci enum
Tegra124 (Jetson TK1) # setenv bootargs 'ignore_loglevel console=ttyS0,115200n8 rw root=PARTUUID=b1791faa-84e8-4e27-83a1-9fb0a77e8803 rootwait gpt debug noinitrd earlyprintk init=/bin/bash'
Tegra124 (Jetson TK1) # setenv ipaddr 192.168.100.102; setenv serverip 192.168.100.1; setenv tftpserverip 192.168.100.1
Tegra124 (Jetson TK1) # tftpboot 0x82000000 zImage.multi_v7_defconfig

Warning: eth_rtl8169 using MAC address from ROM
Using eth_rtl8169 device
TFTP from server 192.168.100.1; our IP address is 192.168.100.102
Filename 'zImage.multi_v7_defconfig'.
Load address: 0x82000000
Loading: *#################################################################
	 #################################################################
	 #################################################################
	 #################################################################
	 #################################################################
	 #################################################################
	 #################################################################
	 ############################
	 4 MiB/s
done
Bytes transferred = 7076736 (6bfb80 hex)
Tegra124 (Jetson TK1) # tftpboot 0x83000000 tegra124-jetson-tk1.dtb
Using eth_rtl8169 device
TFTP from server 192.168.100.1; our IP address is 192.168.100.102
Filename 'tegra124-jetson-tk1.dtb'.
Load address: 0x83000000
Loading: *#####
	 3.7 MiB/s
done
Bytes transferred = 66737 (104b1 hex)
Tegra124 (Jetson TK1) # bootz 0x82000000 - 0x83000000
Kernel image @ 0x82000000 [ 0x000000 - 0x6bfb80 ]
## Flattened Device Tree blob at 83000000
   Booting using the fdt blob at 0x83000000
   Using Device Tree in place at 83000000, end 830134b0

Starting kernel ...

[    0.000000] Booting Linux on physical CPU 0x0
[    0.000000] Linux version 4.6.0-rc7-next-20160516-94924-gb0dc27a (pwalmsley@sellafield) (gcc version 4.7.3 20130328 (prerelease) (crosstool-NG linaro-1.13.1-4.7-2013.04-20130415 - Linaro GCC 2013.04) ) #1 SMP Mon May 16 02:58:48 PDT 2016
[    0.000000] CPU: ARMv7 Processor [413fc0f3] revision 3 (ARMv7), cr=10c5387d
[    0.000000] CPU: div instructions available: patching division code
[    0.000000] CPU: PIPT / VIPT nonaliasing data cache, PIPT instruction cache
[    0.000000] Machine model: NVIDIA Tegra124 Jetson TK1
[    0.000000] debug: ignoring loglevel setting.
[    0.000000] cma: Reserved 64 MiB at 0xfb800000
[    0.000000] Memory policy: Data cache writealloc
[    0.000000] On node 0 totalpages: 524032
[    0.000000] free_area_init_node: node 0, pgdat c141bb40, node_mem_map eeff8000
[    0.000000]   DMA zone: 1536 pages used for memmap
[    0.000000]   DMA zone: 0 pages reserved
[    0.000000]   DMA zone: 196608 pages, LIFO batch:31
[    0.000000]   HighMem zone: 327424 pages, LIFO batch:31
[    0.000000] percpu: Embedded 13 pages/cpu @eef89000 s23808 r8192 d21248 u53248
[    0.000000] pcpu-alloc: s23808 r8192 d21248 u53248 alloc=13*4096
[    0.000000] pcpu-alloc: [0] 0 [0] 1 [0] 2 [0] 3 
[    0.000000] Built 1 zonelists in Zone order, mobility grouping on.  Total pages: 522496
[    0.000000] Kernel command line: ignore_loglevel console=ttyS0,115200n8 rw root=PARTUUID=b1791faa-84e8-4e27-83a1-9fb0a77e8803 rootwait gpt debug noinitrd earlyprintk init=/bin/bash
[    0.000000] PID hash table entries: 4096 (order: 2, 16384 bytes)
[    0.000000] Dentry cache hash table entries: 131072 (order: 7, 524288 bytes)
[    0.000000] Inode-cache hash table entries: 65536 (order: 6, 262144 bytes)
[    0.000000] Memory: 1994996K/2096128K available (9529K kernel code, 1142K rwdata, 4216K rodata, 2048K init, 343K bss, 35596K reserved, 65536K cma-reserved, 1244160K highmem)
[    0.000000] Virtual kernel memory layout:
[    0.000000]     vector  : 0xffff0000 - 0xffff1000   (   4 kB)
[    0.000000]     fixmap  : 0xffc00000 - 0xfff00000   (3072 kB)
[    0.000000]     vmalloc : 0xf0800000 - 0xff800000   ( 240 MB)
[    0.000000]     lowmem  : 0xc0000000 - 0xf0000000   ( 768 MB)
[    0.000000]     pkmap   : 0xbfe00000 - 0xc0000000   (   2 MB)
[    0.000000]     modules : 0xbf000000 - 0xbfe00000   (  14 MB)
[    0.000000]       .text : 0xc0208000 - 0xc106c518   (14738 kB)
[    0.000000]       .init : 0xc1100000 - 0xc1300000   (2048 kB)
[    0.000000]       .data : 0xc1300000 - 0xc141dba0   (1143 kB)
[    0.000000]        .bss : 0xc141f000 - 0xc1474ca0   ( 344 kB)
[    0.000000] SLUB: HWalign=64, Order=0-3, MinObjects=0, CPUs=4, Nodes=1
[    0.000000] Hierarchical RCU implementation.
[    0.000000] 	Build-time adjustment of leaf fanout to 32.
[    0.000000] 	RCU restricting CPUs from NR_CPUS=16 to nr_cpu_ids=4.
[    0.000000] RCU: Adjusting geometry for rcu_fanout_leaf=32, nr_cpu_ids=4
[    0.000000] NR_IRQS:16 nr_irqs:16 16
[    0.000000] /interrupt-controller@60004000: 160 interrupts forwarded to /interrupt-controller@0,50041000
[    0.000000] Tegra clk 127: register failed with -17
[    0.000008] sched_clock: 32 bits at 1000kHz, resolution 1000ns, wraps every 2147483647500ns
[    0.000031] clocksource: timer_us: mask: 0xffffffff max_cycles: 0xffffffff, max_idle_ns: 1911260446275 ns
[    0.000044] Switching to timer-based delay loop, resolution 1000ns
[    0.005325] Architected cp15 timer(s) running at 12.00MHz (virt).
[    0.005343] clocksource: arch_sys_counter: mask: 0xffffffffffffff max_cycles: 0x2c47f4ee7, max_idle_ns: 440795202497 ns
[    0.005361] sched_clock: 56 bits at 12MHz, resolution 83ns, wraps every 4398046511096ns
[    0.005373] Switching to timer-based delay loop, resolution 83ns
[    0.005880] Console: colour dummy device 80x30
[    0.005905] Calibrating delay loop (skipped), value calculated using timer frequency.. 24.00 BogoMIPS (lpj=60000)
[    0.005921] pid_max: default: 32768 minimum: 301
[    0.006017] Mount-cache hash table entries: 2048 (order: 1, 8192 bytes)
[    0.006028] Mountpoint-cache hash table entries: 2048 (order: 1, 8192 bytes)
[    0.006621] CPU: Testing write buffer coherency: ok
[    0.006843] /cpus/cpu@0 missing clock-frequency property
[    0.006884] /cpus/cpu@1 missing clock-frequency property
[    0.006925] /cpus/cpu@2 missing clock-frequency property
[    0.006968] /cpus/cpu@3 missing clock-frequency property
[    0.006980] CPU0: thread -1, cpu 0, socket 0, mpidr 80000000
[    0.007001] Setting up static identity map for 0x80300000 - 0x80300098
[    0.010572] Tegra Revision: A01 SKU: 129 CPU Process: 1 SoC Process: 1
[    0.012013] CPU1: thread -1, cpu 1, socket 0, mpidr 80000001
[    0.015704] CPU2: thread -1, cpu 2, socket 0, mpidr 80000002
[    0.020709] CPU3: thread -1, cpu 3, socket 0, mpidr 80000003
[    0.025159] Brought up 4 CPUs
[    0.025178] SMP: Total of 4 processors activated (96.00 BogoMIPS).
[    0.025186] CPU: All CPU(s) started in SVC mode.
[    0.026658] devtmpfs: initialized
[    0.045429] VFP support v0.3: implementor 41 architecture 4 part 30 variant f rev 0
[    0.046124] clocksource: jiffies: mask: 0xffffffff max_cycles: 0xffffffff, max_idle_ns: 9556302231375000 ns
[    0.047481] pinctrl core: initialized pinctrl subsystem
[    0.049155] NET: Registered protocol family 16
[    0.051118] DMA: preallocated 256 KiB pool for atomic coherent allocations
[    0.065287] cpuidle: using governor menu
[    0.085234] No ATAGs?
[    0.085262] hw-breakpoint: found 5 (+1 reserved) breakpoint and 4 watchpoint registers.
[    0.085272] hw-breakpoint: maximum watchpoint size is 8 bytes.
[    0.091634] Serial: AMBA PL011 UART driver
[    0.125597] +5V_SYS: supplied by +VDD_MUX
[    0.125921] +3.3V_SYS: supplied by +VDD_MUX
[    0.126608] +USB0_VBUS_SW: Failed to request enable GPIO108: -517
[    0.126623] reg-fixed-voltage regulators:regulator@7: Failed to register regulator: -517
[    0.126715] +5V_USB_HS: Failed to request enable GPIO109: -517
[    0.126728] reg-fixed-voltage regulators:regulator@8: Failed to register regulator: -517
[    0.126899] +1.05V_RUN_AVDD_HDMI_PLL: Failed to request enable GPIO63: -517
[    0.126912] reg-fixed-voltage regulators:regulator@11: Failed to register regulator: -517
[    0.126999] +5V_HDMI_CON: Failed to request enable GPIO86: -517
[    0.127011] reg-fixed-voltage regulators:regulator@12: Failed to register regulator: -517
[    0.127098] +5V_SATA: Failed to request enable GPIO242: -517
[    0.127110] reg-fixed-voltage regulators:regulator@13: Failed to register regulator: -517
[    0.127196] +12V_SATA: Failed to request enable GPIO242: -517
[    0.127207] reg-fixed-voltage regulators:regulator@14: Failed to register regulator: -517
[    0.130634] vgaarb: loaded
[    0.131495] SCSI subsystem initialized
[    0.131660] libata version 3.00 loaded.
[    0.131964] usbcore: registered new interface driver usbfs
[    0.132042] usbcore: registered new interface driver hub
[    0.132118] usbcore: registered new device driver usb
[    0.135940] pps_core: LinuxPPS API ver. 1 registered
[    0.135949] pps_core: Software ver. 5.3.6 - Copyright 2005-2007 Rodolfo Giometti <giometti@linux.it>
[    0.135972] PTP clock support registered
[    0.136175] EDAC MC: Ver: 3.0.0
[    0.139337] clocksource: Switched to clocksource arch_sys_counter
[    0.150393] NET: Registered protocol family 2
[    0.150909] TCP established hash table entries: 8192 (order: 3, 32768 bytes)
[    0.151009] TCP bind hash table entries: 8192 (order: 4, 65536 bytes)
[    0.151195] TCP: Hash tables configured (established 8192 bind 8192)
[    0.151246] UDP hash table entries: 512 (order: 2, 16384 bytes)
[    0.151287] UDP-Lite hash table entries: 512 (order: 2, 16384 bytes)
[    0.151441] NET: Registered protocol family 1
[    0.151672] RPC: Registered named UNIX socket transport module.
[    0.151681] RPC: Registered udp transport module.
[    0.151689] RPC: Registered tcp transport module.
[    0.151696] RPC: Registered tcp NFSv4.1 backchannel transport module.
[    0.151707] PCI: CLS 0 bytes, default 64
[    0.152902] hw perfevents: enabled with armv7_cortex_a15 PMU driver, 7 counters available
[    0.154433] futex hash table entries: 1024 (order: 4, 65536 bytes)
[    0.155149] workingset: timestamp_bits=28 max_order=19 bucket_order=0
[    0.166419] squashfs: version 4.0 (2009/01/31) Phillip Lougher
[    0.167265] NFS: Registering the id_resolver key type
[    0.167296] Key type id_resolver registered
[    0.167303] Key type id_legacy registered
[    0.167346] ntfs: driver 2.1.32 [Flags: R/O].
[    0.168628] bounce: pool size: 64 pages
[    0.168832] Block layer SCSI generic (bsg) driver version 0.4 loaded (major 248)
[    0.168842] io scheduler noop registered
[    0.168850] io scheduler deadline registered
[    0.168885] io scheduler cfq registered (default)
[    0.174697] usb2-0 supply vbus not found, using dummy regulator
[    0.174822] usb2-1 supply vbus not found, using dummy regulator
[    0.175215] tegra-xusb-padctl 7009f000.padctl: failed to setup XUSB ports: -517
[    0.192133] tegra-pcie 1003000.pcie-controller: 2x1, 1x1 configuration
[    0.192187] tegra-pcie 1003000.pcie-controller: Failed to get supply 'avddio-pex': -517
[    0.199628] tegra-apbdma 60020000.dma: Tegra20 APB DMA driver register 32 channels
[    0.201671] tegra-pmc 7000e400.pmc: emergency thermal reset enabled
[    0.263839] Serial: 8250/16550 driver, 4 ports, IRQ sharing disabled
[    0.266825] console [ttyS0] disabled
[    0.266860] 70006300.serial: ttyS0 at MMIO 0x70006300 (irq = 333, base_baud = 25500000) is a Tegra
[    1.118776] console [ttyS0] enabled
[    1.123229] SuperH (H)SCI(F) driver initialized
[    1.128857] msm_serial: driver initialized
[    1.133175] STMicroelectronics ASC driver initialized
[    1.139159] serial-tegra serial@70006000: failed to get alias id, errno -19
[    1.146188] serial-tegra serial@70006040: failed to get alias id, errno -19
[    1.156296] [drm] Initialized drm 1.1.0 20060810
[    1.164435] tegra-hdmi 54280000.hdmi: failed to get HDMI regulator
[    1.183903] brd: module loaded
[    1.192939] loop: module loaded
[    1.196560] at24 0-0056: 256 byte 24c02 EEPROM, writable, 8 bytes/write
[    1.204887] as3722 4-0040: AS3722 with revision 0x1 found
[    1.216030] as3722-sd2: supplied by +5V_SYS
[    1.220678] as3722-sd3: supplied by +5V_SYS
[    1.225104] +1.35V_LP0(sd3): Bringing 0uV into 1350000-1350000uV
[    1.231487] as3722-sd4: supplied by +5V_SYS
[    1.236135] as3722-sd5: supplied by +5V_SYS
[    1.242212] as3722-ldo0: supplied by +1.35V_LP0(sd2)
[    1.248301] +1.8V_RUN_CAM: Bringing 0uV into 1800000-1800000uV
[    1.254579] as3722-ldo2: supplied by +1.8V_VDDIO
[    1.260520] as3722-ldo3: supplied by +3.3V_SYS
[    1.265020] +1.05V_LP0_VDD_RTC: Bringing 1100000uV into 1000000-1000000uV
[    1.272835] as3722-ldo4: supplied by +3.3V_SYS
[    1.277508] +2.8V_RUN_CAM: Bringing 0uV into 2800000-2800000uV
[    1.283759] as3722-ldo5: supplied by +1.8V_VDDIO
[    1.288603] +1.2V_RUN_CAM_FRONT: Bringing 0uV into 1200000-1200000uV
[    1.295579] +VDDIO_SDMMC3: bypassed regulator has no supply!
[    1.301251] +VDDIO_SDMMC3: failed to get the current voltage(-517)
[    1.307441] as3722-regulator as3722-regulator: regulator 13 register failed -517
[    1.319715] tegra-ahci 70027000.sata: couldn't get PHY in node sata: -517
[    1.341565] m25p80 spi32765.0: w25q32dw (4096 Kbytes)
[    1.350093] libphy: Fixed MDIO Bus: probed
[    1.354883] CAN device driver interface
[    1.360887] igb: Intel(R) Gigabit Ethernet Network Driver - version 5.3.0-k
[    1.367853] igb: Copyright (c) 2007-2014 Intel Corporation.
[    1.376960] pegasus: v0.9.3 (2013/04/25), Pegasus/Pegasus II USB Ethernet driver
[    1.384414] usbcore: registered new interface driver pegasus
[    1.390138] usbcore: registered new interface driver asix
[    1.395585] usbcore: registered new interface driver ax88179_178a
[    1.401730] usbcore: registered new interface driver cdc_ether
[    1.407629] usbcore: registered new interface driver smsc75xx
[    1.413443] usbcore: registered new interface driver smsc95xx
[    1.419235] usbcore: registered new interface driver net1080
[    1.424943] usbcore: registered new interface driver cdc_subset
[    1.430910] usbcore: registered new interface driver zaurus
[    1.436559] usbcore: registered new interface driver cdc_ncm
[    1.442481] tegra-phy 7d004000.usb-phy: no vbus regulator
[    1.450149] ehci_hcd: USB 2.0 'Enhanced' Host Controller (EHCI) Driver
[    1.456684] ehci-pci: EHCI PCI platform driver
[    1.461178] ehci-platform: EHCI generic platform driver
[    1.466638] ehci-omap: OMAP-EHCI Host Controller driver
[    1.472024] ehci-orion: EHCI orion driver
[    1.476205] SPEAr-ehci: EHCI SPEAr driver
[    1.480384] ehci-st: EHCI STMicroelectronics driver
[    1.485426] ehci-exynos: EHCI EXYNOS driver
[    1.489796] ehci-atmel: EHCI Atmel driver
[    1.493952] tegra-ehci: Tegra EHCI driver
[    1.498217] ------------[ cut here ]------------
[    1.502856] WARNING: CPU: 1 PID: 1 at drivers/reset/core.c:187 __of_reset_control_get+0x1bc/0x228
[    1.511725] Modules linked in:
[    1.514805] CPU: 1 PID: 1 Comm: swapper/0 Not tainted 4.6.0-rc7-next-20160516-94924-gb0dc27a #1
[    1.523488] Hardware name: NVIDIA Tegra SoC (Flattened Device Tree)
[    1.529765] [<c030f9d0>] (unwind_backtrace) from [<c030b0c8>] (show_stack+0x10/0x14)
[    1.537506] [<c030b0c8>] (show_stack) from [<c05861c8>] (dump_stack+0x84/0xa4)
[    1.544725] [<c05861c8>] (dump_stack) from [<c0341b6c>] (__warn+0xd4/0x100)
[    1.551682] [<c0341b6c>] (__warn) from [<c0341bb8>] (warn_slowpath_null+0x20/0x28)
[    1.559245] [<c0341bb8>] (warn_slowpath_null) from [<c06a0280>] (__of_reset_control_get+0x1bc/0x228)
[    1.568372] [<c06a0280>] (__of_reset_control_get) from [<c0911d14>] (tegra_ehci_probe+0x2d0/0x51c)
[    1.577326] [<c0911d14>] (tegra_ehci_probe) from [<c0778df8>] (platform_drv_probe+0x50/0xb0)
[    1.585759] [<c0778df8>] (platform_drv_probe) from [<c077775c>] (driver_probe_device+0x1f4/0x2b0)
[    1.594623] [<c077775c>] (driver_probe_device) from [<c07778c4>] (__driver_attach+0xac/0xb0)
[    1.603052] [<c07778c4>] (__driver_attach) from [<c0775d70>] (bus_for_each_dev+0x54/0x88)
[    1.611222] [<c0775d70>] (bus_for_each_dev) from [<c0776d50>] (bus_add_driver+0xe8/0x1f4)
[    1.619392] [<c0776d50>] (bus_add_driver) from [<c07780e0>] (driver_register+0x78/0xf4)
[    1.627388] [<c07780e0>] (driver_register) from [<c0301e7c>] (do_one_initcall+0x3c/0x16c)
[    1.635559] [<c0301e7c>] (do_one_initcall) from [<c1100d80>] (kernel_init_freeable+0x120/0x1ec)
[    1.644254] [<c1100d80>] (kernel_init_freeable) from [<c0b5b920>] (kernel_init+0x8/0x118)
[    1.652427] [<c0b5b920>] (kernel_init) from [<c0307fb8>] (ret_from_fork+0x14/0x3c)
[    1.660011] ---[ end trace 14f5b5b9eed696c5 ]---
[    1.664639] tegra-ehci 7d004000.usb: can't get utmi-pads reset from the PHY
[    1.671604] tegra-ehci 7d004000.usb: continuing, but please update your DT
[    1.678580] tegra-ehci 7d004000.usb: EHCI Host Controller
[    1.684011] tegra-ehci 7d004000.usb: new USB bus registered, assigned bus number 1
[    1.691756] tegra-ehci 7d004000.usb: irq 352, io mem 0x7d004000
[    1.704358] tegra-ehci 7d004000.usb: USB 2.0 started, EHCI 1.10
[    1.711129] hub 1-0:1.0: USB hub found
[    1.714928] hub 1-0:1.0: 1 port detected
[    1.719499] ohci_hcd: USB 1.1 'Open' Host Controller (OHCI) Driver
[    1.725696] ohci-pci: OHCI PCI platform driver
[    1.730200] ohci-platform: OHCI generic platform driver
[    1.735627] ohci-omap3: OHCI OMAP3 driver
[    1.739801] SPEAr-ohci: OHCI SPEAr driver
[    1.743961] ohci-st: OHCI STMicroelectronics driver
[    1.749005] ohci-atmel: OHCI Atmel driver
[    1.753861] usbcore: registered new interface driver usb-storage
[    1.761635] mousedev: PS/2 mouse device common for all mice
[    1.770762] as3722-rtc as3722-rtc: rtc core: registered as3722-rtc as rtc0
[    1.777648] as3722-rtc as3722-rtc: RTC interrupt 375
[    1.786024] tegra_rtc 7000e000.rtc: rtc core: registered 7000e000.rtc as rtc1
[    1.793211] tegra_rtc 7000e000.rtc: Tegra internal Real Time Clock
[    1.799998] i2c /dev entries driver
[    1.810582] 0-004c supply vcc not found, using dummy regulator
[    1.826207] sdhci: Secure Digital Host Controller Interface driver
[    1.832398] sdhci: Copyright(c) Pierre Ossman
[    1.838453] Synopsys Designware Multimedia Card Interface Driver
[    1.845676] sdhci-pltfm: SDHCI platform and OF driver helper
[    1.852158] sdhci-tegra 700b0400.sdhci: Got CD GPIO
[    1.857066] sdhci-tegra 700b0400.sdhci: Got WP GPIO
[    1.862006] mmc0: Unknown controller version (3). You may experience problems.
[    1.869515] mmc0: Unknown controller version (3). You may experience problems.
[    1.876803] mmc0: Invalid maximum block size, assuming 512 bytes
[    1.914361] mmc0: SDHCI controller on 700b0600.sdhci [700b0600.sdhci] using ADMA 64-bit
[    1.924094] ledtrig-cpu: registered to indicate activity on CPUs
[    1.930604] usbcore: registered new interface driver usbhid
[    1.936185] usbhid: USB HID core driver
[    1.944605] tegra124-dfll 70110000.clock: couldn't get vdd_cpu regulator
[    1.956258] NET: Registered protocol family 10
[    1.961407] sit: IPv6 over IPv4 tunneling driver
[    1.966726] NET: Registered protocol family 17
[    1.971212] can: controller area network core (rev 20120528 abi 9)
[    1.977483] NET: Registered protocol family 29
[    1.981947] can: raw protocol (rev 20120528)
[    1.986235] can: broadcast manager protocol (rev 20120528 t)
[    1.991918] can: netlink gateway (rev 20130117) max_hops=1
[    1.997804] Key type dns_resolver registered
[    2.002728] ThumbEE CPU extension supported.
[    2.007027] Registering SWP/SWPB emulation handler
[    2.016118] +3.3V_RUN: supplied by +3.3V_SYS
[    2.021750] +3.3V_AVDD_HDMI_AP_GATED: supplied by +3.3V_RUN
[    2.027933] +USB0_VBUS_SW: supplied by +5V_SYS
[    2.033060] +5V_USB_HS: supplied by +5V_SYS
[    2.038905] +3.3V_LP0: supplied by +3.3V_SYS
[    2.045144] +5V_HDMI_CON: supplied by +5V_SYS
[    2.050236] +5V_SATA: supplied by +5V_SYS
[    2.054767] +12V_SATA: supplied by +VDD_MUX
[    2.061102] usb2-0 supply vbus not found, using dummy regulator
[    2.062139] mmc0: new MMC card at address 0001
[    2.063353] mmcblk0: mmc0:0001 SEM16G 14.7 GiB 
[    2.064429] mmcblk0boot0: mmc0:0001 SEM16G partition 1 4.00 MiB
[    2.065435] mmcblk0boot1: mmc0:0001 SEM16G partition 2 4.00 MiB
[    2.066524] mmcblk0rpmb: mmc0:0001 SEM16G partition 3 4.00 MiB
[    2.071790]  mmcblk0: p1
[    2.096602] usb2-1 supply vbus not found, using dummy regulator
[    2.102952] usb3-0 supply vbus not found, using dummy regulator
[    2.110212] tegra-pcie 1003000.pcie-controller: 2x1, 1x1 configuration
[    2.116853] tegra-pcie 1003000.pcie-controller: Failed to get supply 'avddio-pex': -517
[    2.126695] tegra-hdmi 54280000.hdmi: failed to get PLL regulator
[    2.137798] as3722-sd2: supplied by +5V_SYS
[    2.142450] as3722-sd3: supplied by +5V_SYS
[    2.147064] as3722-sd4: supplied by +5V_SYS
[    2.151609] +1.05V_RUN_AVDD_HDMI_PLL: supplied by +1.05V_RUN
[    2.157447] as3722-sd5: supplied by +5V_SYS
[    2.163451] as3722-ldo0: supplied by +1.35V_LP0(sd2)
[    2.169549] as3722-ldo1: supplied by +3.3V_RUN
[    2.174402] as3722-ldo2: supplied by +1.8V_VDDIO
[    2.180037] as3722-ldo3: supplied by +3.3V_SYS
[    2.185379] as3722-ldo4: supplied by +3.3V_SYS
[    2.190099] as3722-ldo5: supplied by +1.8V_VDDIO
[    2.194998] as3722-ldo6: supplied by +3.3V_RUN
[    2.199723] as3722-ldo7: supplied by +1.8V_VDDIO
[    2.205096] +1.05V_RUN_CAM_REAR: Bringing 0uV into 1050000-1050000uV
[    2.212206] as3722-ldo9: supplied by +5V_SYS
[    2.217697] +3.3V_RUN_TOUCH: Bringing 0uV into 2800000-2800000uV
[    2.224294] as3722-ldo10: supplied by +5V_SYS
[    2.229189] +2.8V_RUN_CAM_AF: Bringing 0uV into 2800000-2800000uV
[    2.235854] as3722-ldo11: supplied by +3.3V_RUN
[    2.240920] +1.8V_RUN_VPP_FUSE: Bringing 0uV into 1800000-1800000uV
[    2.251029] tegra-ahci 70027000.sata: AHCI 0001.0301 32 slots 2 ports 3 Gbps 0x1 impl platform mode
[    2.260114] tegra-ahci 70027000.sata: flags: 64bit ncq sntf pm led pio slum part sadm sds apst 
[    2.271010] scsi host0: tegra-ahci
[    2.275727] scsi host1: tegra-ahci
[    2.279522] ata1: SATA max UDMA/133 mmio [mem 0x70027000-0x70028fff] port 0x100 irq 343
[    2.287533] ata2: DUMMY
[    2.292975] tegra-ehci 7d008000.usb: EHCI Host Controller
[    2.298426] tegra-ehci 7d008000.usb: new USB bus registered, assigned bus number 2
[    2.306179] tegra-ehci 7d008000.usb: irq 353, io mem 0x7d008000
[    2.319455] tegra-ehci 7d008000.usb: USB 2.0 started, EHCI 1.10
[    2.326567] hub 2-0:1.0: USB hub found
[    2.330428] hub 2-0:1.0: 1 port detected
[    2.337097] sdhci-tegra 700b0400.sdhci: Got CD GPIO
[    2.342055] sdhci-tegra 700b0400.sdhci: Got WP GPIO
[    2.347074] mmc1: Unknown controller version (3). You may experience problems.
[    2.354632] mmc1: Invalid maximum block size, assuming 512 bytes
[    2.394892] mmc1: SDHCI controller on 700b0400.sdhci [700b0400.sdhci] using ADMA 64-bit
[    2.407487] tegra-pcie 1003000.pcie-controller: 2x1, 1x1 configuration
[    2.416057] tegra-pcie 1003000.pcie-controller: probing port 0, using 2 lanes
[    2.426023] tegra-pcie 1003000.pcie-controller: Slot present pin change, signature: 00000008
[    2.448659] tegra-pcie 1003000.pcie-controller: probing port 1, using 1 lanes
[    2.457894] tegra-pcie 1003000.pcie-controller: Slot present pin change, signature: 00000000
[    2.472151] tegra-pcie 1003000.pcie-controller: PCI host bridge to bus 0000:00
[    2.479414] pci_bus 0000:00: root bus resource [io  0x0000-0xffff]
[    2.485609] pci_bus 0000:00: root bus resource [mem 0x13000000-0x1fffffff]
[    2.492524] pci_bus 0000:00: root bus resource [mem 0x20000000-0x3fffffff pref]
[    2.499856] pci_bus 0000:00: root bus resource [bus 00-ff]
[    2.505409] pci 0000:00:01.0: [10de:0e12] type 01 class 0x060400
[    2.511575] pci 0000:00:01.0: PME# supported from D0 D1 D2 D3hot D3cold
[    2.518577] pci 0000:00:02.0: [10de:0e13] type 01 class 0x060400
[    2.524753] pci 0000:00:02.0: PME# supported from D0 D1 D2 D3hot D3cold
[    2.531770] PCI: bus0: Fast back to back transfers disabled
[    2.537384] pci 0000:00:01.0: bridge configuration invalid ([bus 00-00]), reconfiguring
[    2.545440] pci 0000:00:02.0: bridge configuration invalid ([bus 00-00]), reconfiguring
[    2.553728] pci 0000:01:00.0: [8086:4232] type 00 class 0x028000
[    2.559829] pci 0000:01:00.0: reg 0x10: [mem 0x00000000-0x00001fff 64bit]
[    2.566877] pci 0000:01:00.0: PME# supported from D0 D3hot D3cold
[    2.579487] PCI: bus1: Fast back to back transfers disabled
[    2.585113] pci_bus 0000:01: busn_res: [bus 01-ff] end is updated to 01
[    2.592023] pci 0000:02:00.0: [10ec:8168] type 00 class 0x020000
[    2.598090] pci 0000:02:00.0: reg 0x10: [io  0x0000-0x00ff]
[    2.603014] ata1: SATA link down (SStatus 0 SControl 300)
[    2.609161] pci 0000:02:00.0: reg 0x18: [mem 0x00000000-0x00000fff 64bit]
[    2.616015] pci 0000:02:00.0: reg 0x20: [mem 0x00000000-0x00003fff 64bit pref]
[    2.623441] pci 0000:02:00.0: supports D1 D2
[    2.627756] pci 0000:02:00.0: PME# supported from D0 D1 D2 D3hot D3cold
[    2.644483] PCI: bus2: Fast back to back transfers disabled
[    2.650088] pci_bus 0000:02: busn_res: [bus 02-ff] end is updated to 02
[    2.656885] pci 0000:00:01.0: BAR 8: assigned [mem 0x13000000-0x130fffff]
[    2.663721] pci 0000:00:02.0: BAR 8: assigned [mem 0x13100000-0x131fffff]
[    2.670561] pci 0000:00:02.0: BAR 9: assigned [mem 0x20000000-0x200fffff 64bit pref]
[    2.678353] pci 0000:00:02.0: BAR 7: assigned [io  0x1000-0x1fff]
[    2.684501] pci 0000:01:00.0: BAR 0: assigned [mem 0x13000000-0x13001fff 64bit]
[    2.691882] pci 0000:00:01.0: PCI bridge to [bus 01]
[    2.696902] pci 0000:00:01.0:   bridge window [mem 0x13000000-0x130fffff]
[    2.703757] pci 0000:02:00.0: BAR 4: assigned [mem 0x20000000-0x20003fff 64bit pref]
[    2.711567] pci 0000:02:00.0: BAR 2: assigned [mem 0x13100000-0x13100fff 64bit]
[    2.718941] pci 0000:02:00.0: BAR 0: assigned [io  0x1000-0x10ff]
[    2.725087] pci 0000:00:02.0: PCI bridge to [bus 02]
[    2.730100] pci 0000:00:02.0:   bridge window [io  0x1000-0x1fff]
[    2.736244] pci 0000:00:02.0:   bridge window [mem 0x13100000-0x131fffff]
[    2.743080] pci 0000:00:02.0:   bridge window [mem 0x20000000-0x200fffff 64bit pref]
[    2.750908] pci 0000:00:01.0: nv_msi_ht_cap_quirk didn't locate host bridge
[    2.758040] pcieport 0000:00:01.0: enabling device (0140 -> 0142)
[    2.764484] pcieport 0000:00:01.0: Signaling PME through PCIe PME interrupt
[    2.771490] pci 0000:01:00.0: Signaling PME through PCIe PME interrupt
[    2.778067] pcie_pme 0000:00:01.0:pcie001: service driver pcie_pme loaded
[    2.785005] pci 0000:00:02.0: nv_msi_ht_cap_quirk didn't locate host bridge
[    2.792128] pcieport 0000:00:02.0: enabling device (0140 -> 0143)
[    2.798537] pcieport 0000:00:02.0: Signaling PME through PCIe PME interrupt
[    2.805538] pci 0000:02:00.0: Signaling PME through PCIe PME interrupt
[    2.812115] pcie_pme 0000:00:02.0:pcie001: service driver pcie_pme loaded
[    2.819273] r8169 Gigabit Ethernet driver 2.3LK-NAPI loaded
[    2.824914] r8169 0000:02:00.0: enabling device (0140 -> 0143)
[    2.841131] r8169 0000:02:00.0 eth0: RTL8168g/8111g at 0xf0a52000, 00:04:4b:3a:d9:81, XID 0c000800 IRQ 393
[    2.850847] r8169 0000:02:00.0 eth0: jumbo features [frames: 9200 bytes, tx checksumming: ko]
[    2.862653] [drm] Supports vblank timestamp caching Rev 2 (21.10.2013).
[    2.869364] [drm] No driver support for vblank timestamp query.
[    2.876940] mmc1: new high speed SDHC card at address aaaa
[    2.883887] mmcblk1: mmc1:aaaa SD04G 3.69 GiB 
[    2.899100]  mmcblk1: p1 p2 p3
[    2.998183] tegra-hdmi 54280000.hdmi: cannot set audio to 44100 at 297000000 pclk
[    3.168723] Console: switching to colour frame buffer device 512x135
[    3.264066] drm drm: fb0:  frame buffer device
[    3.279479] [drm] Initialized tegra 0.0.0 20120330 on minor 0
[    3.286734] of: dev_pm_opp_of_cpumask_add_table: couldn't find opp table for cpu:0, -19
[    3.294784] cpufreq: cpufreq_online: CPU0: Running at unlisted freq: 696000 KHz
[    3.302111] cpufreq: cpufreq_online: CPU0: Unlisted initial frequency changed to: 714000 KHz
[    3.310707] cpu cpu1: cpufreq_init: failed to get clk: -2
[    3.316187] cpu cpu2: cpufreq_init: failed to get clk: -2
[    3.321660] cpu cpu3: cpufreq_init: failed to get clk: -2
[    3.327853] input: gpio-keys as /devices/soc0/gpio-keys/input/input0
[    3.335256] as3722-rtc as3722-rtc: setting system clock to 2000-01-01 00:00:46 UTC (946684846)
[    3.349828] +USB0_VBUS_SW: disabling
[    3.353409] +1.8V_RUN_CAM: disabling
[    3.357364] +2.8V_RUN_CAM: disabling
[    3.361330] +1.2V_RUN_CAM_FRONT: disabling
[    3.365819] +1.05V_RUN_CAM_REAR: disabling
[    3.370297] +3.3V_RUN_TOUCH: disabling
[    3.374244] +2.8V_RUN_CAM_AF: disabling
[    3.378303] +1.8V_RUN_VPP_FUSE: disabling
[    3.384657] EXT4-fs (mmcblk0p1): mounting ext3 file system using the ext4 subsystem
[    3.461089] EXT4-fs (mmcblk0p1): recovery complete
[    3.466026] EXT4-fs (mmcblk0p1): mounted filesystem with ordered data mode. Opts: (null)
[    3.474251] VFS: Mounted root (ext3 filesystem) on device 179:1.
[    3.515295] devtmpfs: mounted
[    3.523853] Freeing unused kernel memory: 2048K (c1100000 - c1300000)
bash: cannot set terminal process group (-1): Inappropriate ioctl for device
bash: no job control in this shell
root@(none):/# mount -t sysfs none /sys
root@(none):/# 
root@(none):/# mount -t debugfs none /sys/kernel/debug
root@(none):/# 
root@(none):/# rtcwake -d rtc1 -m mem -s 3
rtcwake: assuming RTC uses UTC ...
rtcwake: wakeup from "mem" using /dev/rtc1 at Thu Jan  1 00:00:20 1970
[    7.680080] PM: Syncing filesystems ... done.
[    7.945233] Freezing user space processes ... (elapsed 0.001 seconds) done.
[    7.953828] Freezing remaining freezable tasks ... (elapsed 0.001 seconds) done.
[    7.962981] Suspending console(s) (use no_console_suspend to debug)
[    8.046503] PM: suspend of devices complete after 74.510 msecs
[    8.052711] PM: late suspend of devices complete after 6.180 msecs
[    8.067842] PM: noirq suspend of devices complete after 15.111 msecs
[    8.067849] Disabling non-boot CPUs ...
[    8.069413] CPU1: shutdown
[    8.089862] CPU2: shutdown
[    8.108785] CPU3: shutdown
[    8.126729] Entering suspend state LP1
[    8.126744] Enabling non-boot CPUs ...
[    8.150121] cpu cpu1: cpufreq_init: failed to get clk: -2
[    8.150218] CPU1 is up
[    8.175173] cpu cpu2: cpufreq_init: failed to get clk: -2
[    8.175273] CPU2 is up
[    8.200300] cpu cpu3: cpufreq_init: failed to get clk: -2
[    8.200409] CPU3 is up
[    8.201108] pcieport 0000:00:02.0: nv_msi_ht_cap_quirk didn't locate host bridge
[    8.201110] pcieport 0000:00:01.0: nv_msi_ht_cap_quirk didn't locate host bridge
[    8.214422] PM: noirq resume of devices complete after 14.007 msecs
[    8.215530] PM: early resume of devices complete after 0.786 msecs
[    8.218486] tegra-hdmi 54280000.hdmi: cannot set audio to 44100 at 297000000 pclk
[    8.299323] PM: resume of devices complete after 83.785 msecs
[    8.401616] Restarting tasks ... done.
root@(none):/# 
root@(none):/# [    8.546852] ata1: SATA link down (SStatus 0 SControl 300)
rtcwake -d rtc1 -m mem -s 3
rtcwake: assuming RTC uses UTC ...
rtcwake: wakeup from "mem" using /dev/rtc1 at Thu Jan  1 00:00:25 1970
[    9.703739] PM: Syncing filesystems ... done.
[    9.967092] Freezing user space processes ... (elapsed 0.001 seconds) done.
[    9.976006] Freezing remaining freezable tasks ... (elapsed 0.001 seconds) done.
[    9.985631] Suspending console(s) (use no_console_suspend to debug)
[   10.097788] PM: suspend of devices complete after 101.767 msecs
[   10.106218] PM: late suspend of devices complete after 8.390 msecs
[   10.124596] PM: noirq suspend of devices complete after 18.350 msecs
[   10.124606] Disabling non-boot CPUs ...
[   10.126781] CPU1: shutdown
[   10.156042] IRQ17 no longer affine to CPU2
[   10.157093] CPU2: shutdown
[   10.175843] CPU3: shutdown
[   10.192777] Entering suspend state LP1
[   10.192791] Enabling non-boot CPUs ...
[   10.210078] cpu cpu1: cpufreq_init: failed to get clk: -2
[   10.210175] CPU1 is up
[   10.235137] cpu cpu2: cpufreq_init: failed to get clk: -2
[   10.235233] CPU2 is up
[   10.260265] cpu cpu3: cpufreq_init: failed to get clk: -2
[   10.260379] CPU3 is up
[   10.261089] pcieport 0000:00:01.0: nv_msi_ht_cap_quirk didn't locate host bridge
[   10.261245] pcieport 0000:00:02.0: nv_msi_ht_cap_quirk didn't locate host bridge
[   10.274394] PM: noirq resume of devices complete after 14.009 msecs
[   10.276372] PM: early resume of devices complete after 1.651 msecs
[   10.278982] tegra-hdmi 54280000.hdmi: cannot set audio to 44100 at 297000000 pclk
[   10.359136] PM: resume of devices complete after 82.754 msecs
[   10.465609] Restarting tasks ... done.
root@(none):/# 
root@(none):/# [   10.591873] ata1: SATA link down (SStatus 0 SControl 300)
rtcwake -d rtc1 -m mem -s 3
rtcwake: assuming RTC uses UTC ...
rtcwake: wakeup from "mem" using /dev/rtc1 at Thu Jan  1 00:00:30 1970
[   11.768677] PM: Syncing filesystems ... done.
[   12.032791] Freezing user space processes ... (elapsed 0.001 seconds) done.
[   12.041732] Freezing remaining freezable tasks ... (elapsed 0.001 seconds) done.
[   12.051256] Suspending console(s) (use no_console_suspend to debug)
[   12.157949] PM: suspend of devices complete after 96.457 msecs
[   12.168815] PM: late suspend of devices complete after 10.826 msecs
[   12.189676] PM: noirq suspend of devices complete after 20.832 msecs
[   12.189686] Disabling non-boot CPUs ...
[   12.191998] CPU1: shutdown
[   12.227182] CPU2: shutdown
[   12.245781] CPU3: shutdown
[   12.272854] Entering suspend state LP1
[   12.272869] Enabling non-boot CPUs ...
[   12.295054] cpu cpu1: cpufreq_init: failed to get clk: -2
[   12.295150] CPU1 is up
[   12.320115] cpu cpu2: cpufreq_init: failed to get clk: -2
[   12.320213] CPU2 is up
[   12.345239] cpu cpu3: cpufreq_init: failed to get clk: -2
[   12.345345] CPU3 is up
[   12.346077] pcieport 0000:00:01.0: nv_msi_ht_cap_quirk didn't locate host bridge
[   12.346080] pcieport 0000:00:02.0: nv_msi_ht_cap_quirk didn't locate host bridge
[   12.359373] PM: noirq resume of devices complete after 14.023 msecs
[   12.361475] PM: early resume of devices complete after 1.793 msecs
[   12.364705] tegra-hdmi 54280000.hdmi: cannot set audio to 44100 at 297000000 pclk
[   12.445514] PM: resume of devices complete after 84.029 msecs
[   12.547938] Restarting tasks ... done.
root@(none):/# 
root@(none):/# [   12.676636] ata1: SATA link down (SStatus 0 SControl 300)
rtcwake -d rtc1 -m mem -s 3
rtcwake: assuming RTC uses UTC ...
rtcwake: wakeup from "mem" using /dev/rtc1 at Thu Jan  1 00:00:35 1970
[   13.848625] PM: Syncing filesystems ... done.
[   14.112657] Freezing user space processes ... (elapsed 0.001 seconds) done.
[   14.121594] Freezing remaining freezable tasks ... (elapsed 0.001 seconds) done.
[   14.131225] Suspending console(s) (use no_console_suspend to debug)
[   14.242669] PM: suspend of devices complete after 101.200 msecs
[   14.250122] PM: late suspend of devices complete after 7.414 msecs
[   14.269599] PM: noirq suspend of devices complete after 19.442 msecs
[   14.269609] Disabling non-boot CPUs ...
[   14.271814] CPU1: shutdown
[   14.302056] CPU2: shutdown
[   14.319845] IRQ17 no longer affine to CPU3
[   14.320862] CPU3: shutdown
[   14.347751] Entering suspend state LP1
[   14.347766] Enabling non-boot CPUs ...
[   14.370025] cpu cpu1: cpufreq_init: failed to get clk: -2
[   14.370123] CPU1 is up
[   14.395080] cpu cpu2: cpufreq_init: failed to get clk: -2
[   14.395177] CPU2 is up
[   14.420208] cpu cpu3: cpufreq_init: failed to get clk: -2
[   14.420317] CPU3 is up
[   14.421006] pcieport 0000:00:02.0: nv_msi_ht_cap_quirk didn't locate host bridge
[   14.421073] pcieport 0000:00:01.0: nv_msi_ht_cap_quirk didn't locate host bridge
[   14.434342] PM: noirq resume of devices complete after 14.020 msecs
[   14.436346] PM: early resume of devices complete after 1.676 msecs
[   14.439414] tegra-hdmi 54280000.hdmi: cannot set audio to 44100 at 297000000 pclk
[   14.519567] PM: resume of devices complete after 83.209 msecs
[   14.626098] Restarting tasks ... done.
root@(none):/# 
root@(none):/# [   14.751780] ata1: SATA link down (SStatus 0 SControl 300)
rtcwake -d rtc1 -m mem -s 3
rtcwake: assuming RTC uses UTC ...
rtcwake: wakeup from "mem" using /dev/rtc1 at Thu Jan  1 00:00:40 1970
[   15.928379] PM: Syncing filesystems ... done.
[   16.192472] Freezing user space processes ... (elapsed 0.001 seconds) done.
[   16.201424] Freezing remaining freezable tasks ... (elapsed 0.001 seconds) done.
[   16.211037] Suspending console(s) (use no_console_suspend to debug)
[   16.317553] PM: suspend of devices complete after 96.285 msecs
[   16.326751] PM: late suspend of devices complete after 9.158 msecs
[   16.344430] PM: noirq suspend of devices complete after 17.650 msecs
[   16.344440] Disabling non-boot CPUs ...
[   16.346648] CPU1: shutdown
[   16.371053] IRQ17 no longer affine to CPU2
[   16.372085] CPU2: shutdown
[   16.390844] CPU3: shutdown
[   16.417740] Entering suspend state LP1
[   16.417755] Enabling non-boot CPUs ...
[   16.434991] cpu cpu1: cpufreq_init: failed to get clk: -2
[   16.435087] CPU1 is up
[   16.460045] cpu cpu2: cpufreq_init: failed to get clk: -2
[   16.460142] CPU2 is up
[   16.485176] cpu cpu3: cpufreq_init: failed to get clk: -2
[   16.485286] CPU3 is up
[   16.486028] pcieport 0000:00:02.0: nv_msi_ht_cap_quirk didn't locate host bridge
[   16.486030] pcieport 0000:00:01.0: nv_msi_ht_cap_quirk didn't locate host bridge
[   16.499300] PM: noirq resume of devices complete after 14.008 msecs
[   16.500985] PM: early resume of devices complete after 1.361 msecs
[   16.503604] tegra-hdmi 54280000.hdmi: cannot set audio to 44100 at 297000000 pclk
[   16.583805] PM: resume of devices complete after 82.810 msecs
[   16.690201] Restarting tasks ... done.
root@(none):/# 
root@(none):/# [   16.816799] ata1: SATA link down (SStatus 0 SControl 300)
rtcwake -d rtc1 -m mem -s 3
rtcwake: assuming RTC uses UTC ...
rtcwake: wakeup from "mem" using /dev/rtc1 at Thu Jan  1 00:00:45 1970
[   17.993331] PM: Syncing filesystems ... done.
[   18.257294] Freezing user space processes ... (elapsed 0.001 seconds) done.
[   18.266267] Freezing remaining freezable tasks ... (elapsed 0.001 seconds) done.
[   18.275797] Suspending console(s) (use no_console_suspend to debug)
[   18.383288] PM: suspend of devices complete after 97.248 msecs
[   18.392303] PM: late suspend of devices complete after 8.975 msecs
[   18.409401] PM: noirq suspend of devices complete after 17.070 msecs
[   18.409411] Disabling non-boot CPUs ...
[   18.411587] CPU1: shutdown
[   18.447026] CPU2: shutdown
[   18.464801] IRQ17 no longer affine to CPU3
[   18.465848] CPU3: shutdown
[   18.492717] Entering suspend state LP1
[   18.492731] Enabling non-boot CPUs ...
[   18.514965] cpu cpu1: cpufreq_init: failed to get clk: -2
[   18.515062] CPU1 is up
[   18.540015] cpu cpu2: cpufreq_init: failed to get clk: -2
[   18.540112] CPU2 is up
[   18.565147] cpu cpu3: cpufreq_init: failed to get clk: -2
[   18.565260] CPU3 is up
[   18.565953] pcieport 0000:00:02.0: nv_msi_ht_cap_quirk didn't locate host bridge
[   18.566021] pcieport 0000:00:01.0: nv_msi_ht_cap_quirk didn't locate host bridge
[   18.579268] PM: noirq resume of devices complete after 14.003 msecs
[   18.581178] PM: early resume of devices complete after 1.601 msecs
[   18.583797] tegra-hdmi 54280000.hdmi: cannot set audio to 44100 at 297000000 pclk
[   18.663970] PM: resume of devices complete after 82.783 msecs
[   18.770339] Restarting tasks ... done.
root@(none):/# 
root@(none):/# [   18.896748] ata1: SATA link down (SStatus 0 SControl 300)
rtcwake -d rtc1 -m mem -s 3
rtcwake: assuming RTC uses UTC ...
rtcwake: wakeup from "mem" using /dev/rtc1 at Thu Jan  1 00:00:50 1970
[   20.063796] PM: Syncing filesystems ... done.
[   20.327037] Freezing user space processes ... (elapsed 0.001 seconds) done.
[   20.335995] Freezing remaining freezable tasks ... (elapsed 0.001 seconds) done.
[   20.345549] Suspending console(s) (use no_console_suspend to debug)
[   20.462606] PM: suspend of devices complete after 106.812 msecs
[   20.470688] PM: late suspend of devices complete after 8.044 msecs
[   20.489639] PM: noirq suspend of devices complete after 18.923 msecs
[   20.489649] Disabling non-boot CPUs ...
[   20.491871] CPU1: shutdown
[   20.512020] CPU2: shutdown
[   20.529759] IRQ17 no longer affine to CPU3
[   20.530786] CPU3: shutdown
[   20.557708] Entering suspend state LP1
[   20.557723] Enabling non-boot CPUs ...
[   20.579938] cpu cpu1: cpufreq_init: failed to get clk: -2
[   20.580036] CPU1 is up
[   20.604991] cpu cpu2: cpufreq_init: failed to get clk: -2
[   20.605090] CPU2 is up
[   20.630118] cpu cpu3: cpufreq_init: failed to get clk: -2
[   20.630230] CPU3 is up
[   20.630973] pcieport 0000:00:01.0: nv_msi_ht_cap_quirk didn't locate host bridge
[   20.630978] pcieport 0000:00:02.0: nv_msi_ht_cap_quirk didn't locate host bridge
[   20.644243] PM: noirq resume of devices complete after 14.006 msecs
[   20.646044] PM: early resume of devices complete after 1.473 msecs
[   20.649505] tegra-hdmi 54280000.hdmi: cannot set audio to 44100 at 297000000 pclk
[   20.729656] PM: resume of devices complete after 83.602 msecs
[   20.836128] Restarting tasks ... done.
root@(none):/# 
root@(none):/# [   20.961955] ata1: SATA link down (SStatus 0 SControl 300)
rtcwake -d rtc1 -m mem -s 3
rtcwake: assuming RTC uses UTC ...
rtcwake: wakeup from "mem" using /dev/rtc1 at Thu Jan  1 00:00:55 1970
[   22.133534] PM: Syncing filesystems ... done.
[   22.397473] Freezing user space processes ... (elapsed 0.001 seconds) done.
[   22.406442] Freezing remaining freezable tasks ... (elapsed 0.001 seconds) done.
[   22.416088] Suspending console(s) (use no_console_suspend to debug)
[   22.522417] PM: suspend of devices complete after 96.084 msecs
[   22.529809] PM: late suspend of devices complete after 7.352 msecs
[   22.549745] PM: noirq suspend of devices complete after 19.904 msecs
[   22.549756] Disabling non-boot CPUs ...
[   22.552092] CPU1: shutdown
[   22.570891] IRQ17 no longer affine to CPU2
[   22.572003] CPU2: shutdown
[   22.590551] CPU3: shutdown
[   22.617695] Entering suspend state LP1
[   22.617709] Enabling non-boot CPUs ...
[   22.634904] cpu cpu1: cpufreq_init: failed to get clk: -2
[   22.635002] CPU1 is up
[   22.659959] cpu cpu2: cpufreq_init: failed to get clk: -2
[   22.660056] CPU2 is up
[   22.685092] cpu cpu3: cpufreq_init: failed to get clk: -2
[   22.685202] CPU3 is up
[   22.685892] pcieport 0000:00:01.0: nv_msi_ht_cap_quirk didn't locate host bridge
[   22.686048] pcieport 0000:00:02.0: nv_msi_ht_cap_quirk didn't locate host bridge
[   22.699223] PM: noirq resume of devices complete after 14.015 msecs
[   22.700900] PM: early resume of devices complete after 1.352 msecs
[   22.704127] tegra-hdmi 54280000.hdmi: cannot set audio to 44100 at 297000000 pclk
[   22.784853] PM: resume of devices complete after 83.943 msecs
[   22.891228] Restarting tasks ... done.
root@(none):/# 
root@(none):/# [   23.016651] ata1: SATA link down (SStatus 0 SControl 300)
rtcwake -d rtc1 -m mem -s 3
rtcwake: assuming RTC uses UTC ...
rtcwake: wakeup from "mem" using /dev/rtc1 at Thu Jan  1 00:01:00 1970
[   24.188347] PM: Syncing filesystems ... done.
[   24.451549] Freezing user space processes ... (elapsed 0.001 seconds) done.
[   24.460540] Freezing remaining freezable tasks ... (elapsed 0.002 seconds) done.
[   24.470207] Suspending console(s) (use no_console_suspend to debug)
[   24.582588] PM: suspend of devices complete after 102.141 msecs
[   24.589936] PM: late suspend of devices complete after 7.311 msecs
[   24.609504] PM: noirq suspend of devices complete after 19.534 msecs
[   24.609515] Disabling non-boot CPUs ...
[   24.611899] CPU1: shutdown
[   24.641758] CPU2: shutdown
[   24.660624] CPU3: shutdown
[   24.687707] Entering suspend state LP1
[   24.687722] Enabling non-boot CPUs ...
[   24.709874] cpu cpu1: cpufreq_init: failed to get clk: -2
[   24.709972] CPU1 is up
[   24.734929] cpu cpu2: cpufreq_init: failed to get clk: -2
[   24.735025] CPU2 is up
[   24.760056] cpu cpu3: cpufreq_init: failed to get clk: -2
[   24.760166] CPU3 is up
[   24.760903] pcieport 0000:00:01.0: nv_msi_ht_cap_quirk didn't locate host bridge
[   24.760907] pcieport 0000:00:02.0: nv_msi_ht_cap_quirk didn't locate host bridge
[   24.774181] PM: noirq resume of devices complete after 14.010 msecs
[   24.775854] PM: early resume of devices complete after 1.352 msecs
[   24.778377] tegra-hdmi 54280000.hdmi: cannot set audio to 44100 at 297000000 pclk
[   24.858558] PM: resume of devices complete after 82.694 msecs
[   24.960937] Restarting tasks ... done.
root@(none):/# 
root@(none):/# [   25.091616] ata1: SATA link down (SStatus 0 SControl 300)
rtcwake -d rtc1 -m mem -s 3
rtcwake: assuming RTC uses UTC ...
rtcwake: wakeup from "mem" using /dev/rtc1 at Thu Jan  1 00:01:05 1970
[   26.258962] PM: Syncing filesystems ... done.
[   26.522188] Freezing user space processes ... (elapsed 0.001 seconds) done.
[   26.531156] Freezing remaining freezable tasks ... (elapsed 0.002 seconds) done.
[   26.540810] Suspending console(s) (use no_console_suspend to debug)
[   26.652371] PM: suspend of devices complete after 101.321 msecs
[   26.659681] PM: late suspend of devices complete after 7.272 msecs
[   26.679525] PM: noirq suspend of devices complete after 19.811 msecs
[   26.679536] Disabling non-boot CPUs ...
[   26.681839] CPU1: shutdown
[   26.706780] CPU2: shutdown
[   26.724683] IRQ17 no longer affine to CPU3
[   26.725713] CPU3: shutdown
[   26.752598] Entering suspend state LP1
[   26.752612] Enabling non-boot CPUs ...
[   26.774845] cpu cpu1: cpufreq_init: failed to get clk: -2
[   26.774943] CPU1 is up
[   26.799895] cpu cpu2: cpufreq_init: failed to get clk: -2
[   26.799991] CPU2 is up
[   26.825021] cpu cpu3: cpufreq_init: failed to get clk: -2
[   26.825134] CPU3 is up
[   26.825877] pcieport 0000:00:01.0: nv_msi_ht_cap_quirk didn't locate host bridge
[   26.825882] pcieport 0000:00:02.0: nv_msi_ht_cap_quirk didn't locate host bridge
[   26.839150] PM: noirq resume of devices complete after 14.010 msecs
[   26.840780] PM: early resume of devices complete after 1.321 msecs
[   26.843375] tegra-hdmi 54280000.hdmi: cannot set audio to 44100 at 297000000 pclk
[   26.923550] PM: resume of devices complete after 82.760 msecs
[   27.030033] Restarting tasks ... done.
root@(none):/# 
root@(none):/# [   27.156653] ata1: SATA link down (SStatus 0 SControl 300)
NVTB SYSTEM SUSPEND TEST COMPLETE
