
U-Boot SPL 2014.01-00219-gc4d376f (Feb 18 2014 - 19:57:32)


U-Boot 2014.01-00219-gc4d376f (Feb 18 2014 - 19:57:32)

TEGRA114
Board: NVIDIA Dalmore
I2C:   ready
DRAM:  2 GiB
MMC:   Tegra SD/MMC: 0, Tegra SD/MMC: 1
In:    serial
Out:   serial
Err:   serial
Net:   Net Initialization Skipped
No ethernet found.
Hit any key to stop autoboot:  2  0 
Tegra114 (Dalmore) # 
Tegra114 (Dalmore) # usb reset
(Re)start USB...
USB0:   USB EHCI 1.10
scanning bus 0 for devices... 2 USB Device(s) found
       scanning usb for storage devices... 0 Storage Device(s) found
       scanning usb for ethernet devices... 
Warning: asx0 using MAC address from net device
1 Ethernet Device(s) found
Tegra114 (Dalmore) # setenv bootargs 'ignore_loglevel console=ttyS0,115200n8 rw root=PARTUUID=7369c667-ff51-ec4a-29cd-baabf2fbe346 rootwait gpt debug earlyprintk init=/bin/bash'
Tegra114 (Dalmore) # setenv ipaddr 192.168.100.100; setenv serverip 192.168.100.1; setenv tftpserverip 192.168.100.1
Tegra114 (Dalmore) # tftpboot 0x81000000 zImage.multi_v7_defconfig
Using asx0 device
TFTP from server 192.168.100.1; our IP address is 192.168.100.100
Filename 'zImage.multi_v7_defconfig'.
Load address: 0x81000000
Loading: *#################################################################
	 #################################################################
	 #################################################################
	 #################################################################
	 #################################################################
	 #################################################################
	 #################################################################
	 #################################################################
	 ####################################
	 2.8 MiB/s
done
Bytes transferred = 8159752 (7c8208 hex)
Tegra114 (Dalmore) # tftpboot 0x82000000 tegra114-dalmore.dtb
Using asx0 device
TFTP from server 192.168.100.1; our IP address is 192.168.100.100
Filename 'tegra114-dalmore.dtb'.
Load address: 0x82000000
Loading: *###
	 2.6 MiB/s
done
Bytes transferred = 35036 (88dc hex)
Tegra114 (Dalmore) # bootz 0x81000000 - 0x82000000
Kernel image @ 0x81000000 [ 0x000000 - 0x7c8200 ]
## Flattened Device Tree blob at 82000000
   Booting using the fdt blob at 0x82000000
   Loading Device Tree to 8fff4000, end 8ffff8db ... OK

Starting kernel ...

[    0.000000] Booting Linux on physical CPU 0x0
[    0.000000] Linux version 4.13.0-next-20170908-199620-gda52d78 (jonathanh@sellafield) (gcc version 4.7.3 20130328 (prerelease) (crosstool-NG linaro-1.13.1-4.7-2013.04-20130415 - Linaro GCC 2013.04)) #1 SMP Mon Sep 11 15:05:03 PDT 2017
[    0.000000] CPU: ARMv7 Processor [412fc0f2] revision 2 (ARMv7), cr=10c5387d
[    0.000000] CPU: div instructions available: patching division code
[    0.000000] CPU: PIPT / VIPT nonaliasing data cache, PIPT instruction cache
[    0.000000] OF: fdt: Machine model: NVIDIA Tegra114 Dalmore evaluation board
[    0.000000] debug: ignoring loglevel setting.
[    0.000000] Memory policy: Data cache writealloc
[    0.000000] efi: Getting EFI parameters from FDT:
[    0.000000] efi: UEFI not found.
[    0.000000] cma: Reserved 64 MiB at 0xfb800000
[    0.000000] On node 0 totalpages: 524032
[    0.000000] free_area_init_node: node 0, pgdat c158e5c0, node_mem_map eeff8000
[    0.000000]   DMA zone: 1536 pages used for memmap
[    0.000000]   DMA zone: 0 pages reserved
[    0.000000]   DMA zone: 196608 pages, LIFO batch:31
[    0.000000]   HighMem zone: 327424 pages, LIFO batch:31
[    0.000000] random: fast init done
[    0.000000] percpu: Embedded 17 pages/cpu @eef98000 s39424 r8192 d22016 u69632
[    0.000000] pcpu-alloc: s39424 r8192 d22016 u69632 alloc=17*4096
[    0.000000] pcpu-alloc: [0] 0 [0] 1 [0] 2 [0] 3 
[    0.000000] Built 1 zonelists, mobility grouping on.  Total pages: 522496
[    0.000000] Kernel command line: ignore_loglevel console=ttyS0,115200n8 rw root=PARTUUID=7369c667-ff51-ec4a-29cd-baabf2fbe346 rootwait gpt debug earlyprintk init=/bin/bash
[    0.000000] PID hash table entries: 4096 (order: 2, 16384 bytes)
[    0.000000] Dentry cache hash table entries: 131072 (order: 7, 524288 bytes)
[    0.000000] Inode-cache hash table entries: 65536 (order: 6, 262144 bytes)
[    0.000000] Memory: 1993480K/2096128K available (10240K kernel code, 1626K rwdata, 4508K rodata, 2048K init, 405K bss, 37112K reserved, 65536K cma-reserved, 1244160K highmem)
[    0.000000] Virtual kernel memory layout:
[    0.000000]     vector  : 0xffff0000 - 0xffff1000   (   4 kB)
[    0.000000]     fixmap  : 0xffc00000 - 0xfff00000   (3072 kB)
[    0.000000]     vmalloc : 0xf0800000 - 0xff800000   ( 240 MB)
[    0.000000]     lowmem  : 0xc0000000 - 0xf0000000   ( 768 MB)
[    0.000000]     pkmap   : 0xbfe00000 - 0xc0000000   (   2 MB)
[    0.000000]     modules : 0xbf000000 - 0xbfe00000   (  14 MB)
[    0.000000]       .text : 0xc0208000 - 0xc0d00000   (11232 kB)
[    0.000000]       .init : 0xc1200000 - 0xc1400000   (2048 kB)
[    0.000000]       .data : 0xc1400000 - 0xc1596910   (1627 kB)
[    0.000000]        .bss : 0xc159fbc0 - 0xc160537c   ( 406 kB)
[    0.000000] SLUB: HWalign=64, Order=0-3, MinObjects=0, CPUs=4, Nodes=1
[    0.000000] Hierarchical RCU implementation.
[    0.000000] 	RCU event tracing is enabled.
[    0.000000] 	RCU restricting CPUs from NR_CPUS=16 to nr_cpu_ids=4.
[    0.000000] RCU: Adjusting geometry for rcu_fanout_leaf=16, nr_cpu_ids=4
[    0.000000] NR_IRQS: 16, nr_irqs: 16, preallocated irqs: 16
[    0.000000] /interrupt-controller@60004000: 160 interrupts forwarded to /interrupt-controller@50041000
[    0.000000] Tegra clk 127: register failed with -17
[    0.000009] sched_clock: 32 bits at 1000kHz, resolution 1000ns, wraps every 2147483647500ns
[    0.000028] clocksource: timer_us: mask: 0xffffffff max_cycles: 0xffffffff, max_idle_ns: 1911260446275 ns
[    0.000044] Switching to timer-based delay loop, resolution 1000ns
[    0.003184] arch_timer: cp15 timer(s) running at 12.00MHz (virt).
[    0.003204] clocksource: arch_sys_counter: mask: 0xffffffffffffff max_cycles: 0x2c47f4ee7, max_idle_ns: 440795202497 ns
[    0.003224] sched_clock: 56 bits at 12MHz, resolution 83ns, wraps every 4398046511096ns
[    0.003239] Switching to timer-based delay loop, resolution 83ns
[    0.003656] Console: colour dummy device 80x30
[    0.003692] Calibrating delay loop (skipped), value calculated using timer frequency.. 24.00 BogoMIPS (lpj=120000)
[    0.003710] pid_max: default: 32768 minimum: 301
[    0.003814] Mount-cache hash table entries: 2048 (order: 1, 8192 bytes)
[    0.003829] Mountpoint-cache hash table entries: 2048 (order: 1, 8192 bytes)
[    0.004348] CPU: Testing write buffer coherency: ok
[    0.004593] /cpus/cpu@0 missing clock-frequency property
[    0.004627] /cpus/cpu@1 missing clock-frequency property
[    0.004658] /cpus/cpu@2 missing clock-frequency property
[    0.004691] /cpus/cpu@3 missing clock-frequency property
[    0.004704] CPU0: thread -1, cpu 0, socket 0, mpidr 80000000
[    0.005012] Setting up static identity map for 0x80300000 - 0x803000a0
[    0.006250] Hierarchical SRCU implementation.
[    0.007594] Tegra Revision: A01 SKU: 0 CPU Process: 1 SoC Process: 0
[    0.008233] EFI services will not be available.
[    0.008386] smp: Bringing up secondary CPUs ...
[    0.008888] CPU1: thread -1, cpu 1, socket 0, mpidr 80000001
[    0.009465] CPU2: thread -1, cpu 2, socket 0, mpidr 80000002
[    0.010041] CPU3: thread -1, cpu 3, socket 0, mpidr 80000003
[    0.010131] smp: Brought up 1 node, 4 CPUs
[    0.010153] SMP: Total of 4 processors activated (96.00 BogoMIPS).
[    0.010162] CPU: All CPU(s) started in SVC mode.
[    0.011662] devtmpfs: initialized
[    0.020651] Built 1 zonelists, mobility grouping on.  Total pages: 514754
[    0.020997] VFP support v0.3: implementor 41 architecture 4 part 30 variant f rev 0
[    0.021337] clocksource: jiffies: mask: 0xffffffff max_cycles: 0xffffffff, max_idle_ns: 19112604462750000 ns
[    0.021356] futex hash table entries: 1024 (order: 4, 65536 bytes)
[    0.021546] pinctrl core: initialized pinctrl subsystem
[    0.022780] DMI not present or invalid.
[    0.023031] NET: Registered protocol family 16
[    0.025079] DMA: preallocated 256 KiB pool for atomic coherent allocations
[    0.027139] cpuidle: using governor menu
[    0.048707] No ATAGs?
[    0.048837] hw-breakpoint: found 5 (+1 reserved) breakpoint and 4 watchpoint registers.
[    0.048854] hw-breakpoint: maximum watchpoint size is 8 bytes.
[    0.054276] Serial: AMBA PL011 UART driver
[    0.055023] tegra-mc 70019000.memory-controller: no memory timings for RAM code 3 registered
[    0.055150] iommu: Adding device reg-dummy to group 0
[    0.055185] iommu: Adding device 50000000.host1x to group 1
[    0.055224] iommu: Adding device 54140000.gr2d to group 2
[    0.055257] iommu: Adding device 54180000.gr3d to group 3
[    0.055327] iommu: Adding device 54200000.dc to group 4
[    0.055392] iommu: Adding device 54240000.dc to group 5
[    0.055427] iommu: Adding device 54280000.hdmi to group 6
[    0.055464] iommu: Adding device 54300000.dsi to group 7
[    0.055496] iommu: Adding device 60005000.timer to group 8
[    0.055533] iommu: Adding device 60007000.flow-controller to group 9
[    0.055566] iommu: Adding device 6000a000.dma to group 10
[    0.055599] iommu: Adding device 6000c000.ahb to group 11
[    0.055631] iommu: Adding device 6000d000.gpio to group 12
[    0.055663] iommu: Adding device 70000800.apbmisc to group 13
[    0.055695] iommu: Adding device 70000868.pinmux to group 14
[    0.055727] iommu: Adding device 70006300.serial to group 15
[    0.055759] iommu: Adding device 7000a000.pwm to group 16
[    0.055796] iommu: Adding device 7000c000.i2c to group 17
[    0.055831] iommu: Adding device 7000c700.i2c to group 18
[    0.055864] iommu: Adding device 7000d000.i2c to group 19
[    0.055896] iommu: Adding device 7000da00.spi to group 20
[    0.055927] iommu: Adding device 7000e000.rtc to group 21
[    0.055960] iommu: Adding device 7000e400.pmc to group 22
[    0.055992] iommu: Adding device 7000f800.fuse to group 23
[    0.056025] iommu: Adding device 70019000.memory-controller to group 24
[    0.056057] iommu: Adding device 70080000.ahub to group 25
[    0.056093] iommu: Adding device 700e3000.mipi to group 26
[    0.056129] iommu: Adding device 78000400.sdhci to group 27
[    0.056166] iommu: Adding device 78000600.sdhci to group 28
[    0.056198] iommu: Adding device 7d000000.usb to group 29
[    0.056232] iommu: Adding device 7d000000.usb-phy to group 30
[    0.056267] iommu: Adding device 7d008000.usb to group 31
[    0.056299] iommu: Adding device 7d008000.usb-phy to group 32
[    0.056331] iommu: Adding device timer to group 33
[    0.056368] iommu: Adding device backlight to group 34
[    0.056399] iommu: Adding device clocks to group 35
[    0.056431] iommu: Adding device gpio-keys to group 36
[    0.056463] iommu: Adding device regulators to group 37
[    0.056496] iommu: Adding device regulators:regulator@0 to group 38
[    0.056533] iommu: Adding device regulators:regulator@1 to group 39
[    0.056566] iommu: Adding device regulators:regulator@3 to group 40
[    0.056599] iommu: Adding device regulators:regulator@4 to group 41
[    0.056632] iommu: Adding device regulators:regulator@5 to group 42
[    0.056667] iommu: Adding device regulators:regulator@6 to group 43
[    0.056701] iommu: Adding device regulators:regulator@7 to group 44
[    0.056732] iommu: Adding device sound to group 45
[    0.070502] AT91: Could not find identification node
[    0.070981] dvdd_ts: Failed to request enable GPIO61: -517
[    0.071002] reg-fixed-voltage regulators:regulator@1: Failed to register regulator: -517
[    0.071106] usb1_vbus: Failed to request enable GPIO108: -517
[    0.071121] reg-fixed-voltage regulators:regulator@3: Failed to register regulator: -517
[    0.071223] usb2_vbus: Failed to request enable GPIO86: -517
[    0.071238] reg-fixed-voltage regulators:regulator@4: Failed to register regulator: -517
[    0.071664] VDD_5V0_HDMI_CON: Failed to request enable GPIO81: -517
[    0.071678] reg-fixed-voltage regulators:regulator@7: Failed to register regulator: -517
[    0.074090] vgaarb: loaded
[    0.074772] SCSI subsystem initialized
[    0.074946] libata version 3.00 loaded.
[    0.075138] usbcore: registered new interface driver usbfs
[    0.075192] usbcore: registered new interface driver hub
[    0.075263] usbcore: registered new device driver usb
[    0.078477] tps65090 2-0048: No cache defaults, reading back from HW
[    0.079479] iommu: Adding device tps65090-pmic to group 46
[    0.080416] TPS65090_RAILSDCDC1: supplied by vdd_ac_bat
[    0.081468] TPS65090_RAILSDCDC2: supplied by vdd_ac_bat
[    0.082512] TPS65090_RAILSDCDC3: supplied by vdd_ac_bat
[    0.083020] TPS65090_RAILSFET1: supplied by vdd_ac_bat
[    0.083416] TPS65090_RAILSFET2: supplied by vdd_ac_bat
[    0.083757] TPS65090_RAILSFET3: supplied by vdd-sys-3v3
[    0.084265] TPS65090_RAILSFET4: supplied by vdd-sys-3v3
[    0.084779] TPS65090_RAILSFET5: supplied by vdd-sys-3v3
[    0.085282] TPS65090_RAILSFET6: supplied by vdd-sys-3v3
[    0.086104] TPS65090_RAILSFET7: supplied by vdd-sys-3v3
[    0.086618] TPS65090_RAILSLDO1: supplied by vdd_ac_bat
[    0.086805] TPS65090_RAILSLDO2: supplied by vdd_ac_bat
[    0.087126] iommu: Adding device tps65090-charger to group 47
[    0.087719] palmas 2-0058: Irq flag is 0x00000004
[    0.089655] palmas 2-0058: Muxing GPIO ff, PWM 0, LED 0
[    0.089892] iommu: Adding device 7000d000.i2c:tps65913@58:gpio to group 48
[    0.090419] iommu: Adding device 7000d000.i2c:tps65913@58:pmic to group 49
[    0.092214] SMPS12: supplied by vdd-ao
[    0.093201] vdd_hdmi_5v0: supplied by vdd-sys-5v0
[    0.094043] SMPS3: supplied by vdd-ao
[    0.095758] SMPS457: supplied by vdd-sys-3v3
[    0.097373] SMPS6: supplied by regulator-dummy
[    0.098765] SMPS8: supplied by vdd-sys-3v3
[    0.100334] SMPS9: supplied by vdd-sys-3v3
[    0.100849] sdhci-vdd-sd-slot: Bringing 2840000uV into 2800000-2800000uV
[    0.102216] SMPS10_OUT2: supplied by regulator-dummy
[    0.103033] SMPS10_OUT1: supplied by regulator-dummy
[    0.103879] LDO1: supplied by vdd-sys-3v3
[    0.104979] LDO2: supplied by vdd-sys-3v3
[    0.106088] LDO3: supplied by vddio-1v8
[    0.107178] LDO4: supplied by vdd-sys-3v3
[    0.108270] LDO5: supplied by vdd_ac_bat
[    0.108948] LDO6: supplied by vdd-sys-3v3
[    0.109460] vdd-sensor-2v85: Bringing 2900000uV into 2850000-2850000uV
[    0.110774] LDO7: supplied by vdd-sys-3v3
[    0.112391] LDO8: supplied by vdd-ao
[    0.112916] vdd-rtc: Bringing 675000uV into 900000-900000uV
[    0.123910] LDO9: supplied by sdhci-vdd-sd-slot
[    0.134235] LDOLN: supplied by vdd-sys-5v0
[    0.135345] LDOUSB: supplied by vdd-sys-5v0
[    0.145662] iommu: Adding device 7000d000.i2c:tps65913@58:rtc to group 50
[    0.146080] iommu: Adding device 7000d000.i2c:tps65913@58:pinmux to group 51
[    0.146650] pps_core: LinuxPPS API ver. 1 registered
[    0.146660] pps_core: Software ver. 5.3.6 - Copyright 2005-2007 Rodolfo Giometti <giometti@linux.it>
[    0.146682] PTP clock support registered
[    0.146865] EDAC MC: Ver: 3.0.0
[    0.147139] dmi: Firmware registration failed.
[    0.148915] clocksource: Switched to clocksource arch_sys_counter
[    0.205207] NET: Registered protocol family 2
[    0.205707] TCP established hash table entries: 8192 (order: 3, 32768 bytes)
[    0.205807] TCP bind hash table entries: 8192 (order: 4, 65536 bytes)
[    0.205995] TCP: Hash tables configured (established 8192 bind 8192)
[    0.206081] UDP hash table entries: 512 (order: 2, 16384 bytes)
[    0.206125] UDP-Lite hash table entries: 512 (order: 2, 16384 bytes)
[    0.206277] NET: Registered protocol family 1
[    0.206616] RPC: Registered named UNIX socket transport module.
[    0.206627] RPC: Registered udp transport module.
[    0.206638] RPC: Registered tcp transport module.
[    0.206647] RPC: Registered tcp NFSv4.1 backchannel transport module.
[    0.206660] PCI: CLS 0 bytes, default 64
[    0.208096] iommu: Adding device alarmtimer to group 52
[    0.208941] workingset: timestamp_bits=30 max_order=19 bucket_order=0
[    0.214792] squashfs: version 4.0 (2009/01/31) Phillip Lougher
[    0.215361] NFS: Registering the id_resolver key type
[    0.215394] Key type id_resolver registered
[    0.215403] Key type id_legacy registered
[    0.215447] ntfs: driver 2.1.32 [Flags: R/O].
[    0.216834] bounce: pool size: 64 pages
[    0.216883] Block layer SCSI generic (bsg) driver version 0.4 loaded (major 248)
[    0.216896] io scheduler noop registered
[    0.216906] io scheduler deadline registered
[    0.217116] io scheduler cfq registered (default)
[    0.217127] io scheduler mq-deadline registered
[    0.217137] io scheduler kyber registered
[    0.248159] tegra-apbdma 6000a000.dma: Tegra20 APB DMA driver register 32 channels
[    0.250881] tegra-pmc 7000e400.pmc: i2c-thermtrip node not found, emergency thermal reset disabled.
[    0.302667] Serial: 8250/16550 driver, 4 ports, IRQ sharing disabled
[    0.302768] iommu: Adding device serial8250 to group 53
[    0.305328] console [ttyS0] disabled
[    0.305370] 70006300.serial: ttyS0 at MMIO 0x70006300 (irq = 329, base_baud = 25500000) is a Tegra
[    1.628102] console [ttyS0] enabled
[    1.632371] SuperH (H)SCI(F) driver initialized
[    1.637857] msm_serial: driver initialized
[    1.642144] STMicroelectronics ASC driver initialized
[    1.653039] tegra-hdmi 54280000.hdmi: failed to get HDMI regulator
[    1.674835] brd: module loaded
[    1.684088] loop: module loaded
[    1.704296] m25p80 spi0.0: w25q32dw (4096 Kbytes)
[    1.711261] iommu: Adding device Fixed MDIO bus.0 to group 54
[    1.717426] libphy: Fixed MDIO Bus: probed
[    1.722473] CAN device driver interface
[    1.727113] bgmac_bcma: Broadcom 47xx GBit MAC driver loaded
[    1.733979] e1000e: Intel(R) PRO/1000 Network Driver - 3.2.6-k
[    1.739821] e1000e: Copyright(c) 1999 - 2015 Intel Corporation.
[    1.745784] igb: Intel(R) Gigabit Ethernet Network Driver - version 5.4.0-k
[    1.752752] igb: Copyright (c) 2007-2014 Intel Corporation.
[    1.761638] pegasus: v0.9.3 (2013/04/25), Pegasus/Pegasus II USB Ethernet driver
[    1.769085] usbcore: registered new interface driver pegasus
[    1.774778] usbcore: registered new interface driver asix
[    1.780221] usbcore: registered new interface driver ax88179_178a
[    1.786333] usbcore: registered new interface driver cdc_ether
[    1.792217] usbcore: registered new interface driver smsc75xx
[    1.797994] usbcore: registered new interface driver smsc95xx
[    1.803778] usbcore: registered new interface driver net1080
[    1.809475] usbcore: registered new interface driver cdc_subset
[    1.815417] usbcore: registered new interface driver zaurus
[    1.821045] usbcore: registered new interface driver cdc_ncm
[    1.826914] tegra-phy 7d000000.usb-phy: no vbus regulator
[    1.834271] ehci_hcd: USB 2.0 'Enhanced' Host Controller (EHCI) Driver
[    1.840810] ehci-pci: EHCI PCI platform driver
[    1.845281] ehci-platform: EHCI generic platform driver
[    1.850697] ehci-orion: EHCI orion driver
[    1.854842] SPEAr-ehci: EHCI SPEAr driver
[    1.858993] ehci-st: EHCI STMicroelectronics driver
[    1.863989] ehci-exynos: EHCI EXYNOS driver
[    1.868307] ehci-atmel: EHCI Atmel driver
[    1.872452] tegra-ehci: Tegra EHCI driver
[    1.876757] ohci_hcd: USB 1.1 'Open' Host Controller (OHCI) Driver
[    1.882966] ohci-pci: OHCI PCI platform driver
[    1.887438] ohci-platform: OHCI generic platform driver
[    1.892846] SPEAr-ohci: OHCI SPEAr driver
[    1.896977] ohci-st: OHCI STMicroelectronics driver
[    1.901993] ohci-atmel: OHCI Atmel driver
[    1.906653] usbcore: registered new interface driver usb-storage
[    1.916530] iommu: Adding device ci_hdrc.0 to group 55
[    1.930303] palmas-rtc 7000d000.i2c:tps65913@58:rtc: rtc core: registered 7000d000.i2c:tps65913@58:rtc as rtc0
[    1.942101] tegra_rtc 7000e000.rtc: rtc core: registered 7000e000.rtc as rtc1
[    1.949299] tegra_rtc 7000e000.rtc: Tegra internal Real Time Clock
[    1.955975] i2c /dev entries driver
[    1.962800] IR NEC protocol handler initialized
[    1.967325] IR RC5(x/sz) protocol handler initialized
[    1.972388] IR RC6 protocol handler initialized
[    1.976911] IR JVC protocol handler initialized
[    1.981447] IR Sony protocol handler initialized
[    1.986057] IR SANYO protocol handler initialized
[    1.990769] IR Sharp protocol handler initialized
[    1.995466] IR MCE Keyboard/mouse protocol handler initialized
[    2.001304] IR XMP protocol handler initialized
[    2.008954] sbs-battery 0-000b: sbs_probe: Failed to get device status
[    2.015489] sbs-battery: probe of 0-000b failed with error -121
[    2.031638] sdhci: Secure Digital Host Controller Interface driver
[    2.037810] sdhci: Copyright(c) Pierre Ossman
[    2.043639] Synopsys Designware Multimedia Card Interface Driver
[    2.050841] sdhci-pltfm: SDHCI platform and OF driver helper
[    2.057215] sdhci-tegra 78000400.sdhci: Got CD GPIO
[    2.062131] sdhci-tegra 78000400.sdhci: Got WP GPIO
[    2.075237] mmc0: Invalid maximum block size, assuming 512 bytes
[    2.139063] mmc0: SDHCI controller on 78000400.sdhci [78000400.sdhci] using ADMA
[    2.155761] mmc1: Invalid maximum block size, assuming 512 bytes
[    2.218957] mmc1: SDHCI controller on 78000600.sdhci [78000600.sdhci] using ADMA
[    2.228351] ledtrig-cpu: registered to indicate activity on CPUs
[    2.234658] usbcore: registered new interface driver usbhid
[    2.240245] usbhid: USB HID core driver
[    2.247868] NET: Registered protocol family 10
[    2.253142] Segment Routing with IPv6
[    2.256869] sit: IPv6, IPv4 and MPLS over IPv4 tunneling driver
[    2.263327] NET: Registered protocol family 17
[    2.267774] can: controller area network core (rev 20170425 abi 9)
[    2.274027] NET: Registered protocol family 29
[    2.278466] can: raw protocol (rev 20170425)
[    2.282754] can: broadcast manager protocol (rev 20170425 t)
[    2.288411] can: netlink gateway (rev 20170425) max_hops=1
[    2.294187] Key type dns_resolver registered
[    2.298969] ThumbEE CPU extension supported.
[    2.303241] Registering SWP/SWPB emulation handler
[    2.323645] usb1_vbus: supplied by vdd-sys-5v0
[    2.325305] mmc0: new high speed SDHC card at address aaaa
[    2.326086] mmcblk0: mmc0:aaaa SL16G 14.8 GiB 
[    2.339165] usb2_vbus: supplied by vdd-sys-5v0
[    2.347108] VDD_5V0_HDMI_CON: supplied by vdd-sys-5v0
[    2.353910]  mmcblk0: p1 p2 p3
[    2.358275] [drm] Supports vblank timestamp caching Rev 2 (21.10.2013).
[    2.364937] [drm] No driver support for vblank timestamp query.
[    2.377954] mmc1: new high speed MMC card at address 0001
[    2.384300] mmcblk1: mmc1:0001 SEM32G 29.1 GiB 
[    2.389495] mmcblk1boot0: mmc1:0001 SEM32G partition 1 4.00 MiB
[    2.395692] mmcblk1boot1: mmc1:0001 SEM32G partition 2 4.00 MiB
[    2.402361] mmcblk1rpmb: mmc1:0001 SEM32G partition 3 4.00 MiB
[    2.407029]  mmcblk1: p1 p2 p3 p4 p5 p6 p7 p8
[    2.467696] Console: switching to colour frame buffer device 240x75
[    2.517451] drm drm: fb0:  frame buffer device
[    2.522043] [drm] Initialized tegra 0.0.0 20120330 for drm on minor 0
[    2.532071] tegra-ehci 7d008000.usb: EHCI Host Controller
[    2.537491] tegra-ehci 7d008000.usb: new USB bus registered, assigned bus number 1
[    2.545363] alloc_contig_range: [fb84b, fb84c) PFNs busy
[    2.550960] alloc_contig_range: [fb850, fb851) PFNs busy
[    2.556450] alloc_contig_range: [fb851, fb852) PFNs busy
[    2.561956] alloc_contig_range: [fb852, fb853) PFNs busy
[    2.567508] alloc_contig_range: [fb853, fb854) PFNs busy
[    2.573048] alloc_contig_range: [fb854, fb855) PFNs busy
[    2.578535] alloc_contig_range: [fb855, fb856) PFNs busy
[    2.584116] alloc_contig_range: [fb856, fb857) PFNs busy
[    2.589628] alloc_contig_range: [fb857, fb858) PFNs busy
[    2.595114] alloc_contig_range: [fb858, fb859) PFNs busy
[    3.668321] tegra-ehci 7d008000.usb: irq 340, io mem 0x7d008000
[    3.699043] tegra-ehci 7d008000.usb: USB 2.0 started, EHCI 1.10
[    3.706056] hub 1-0:1.0: USB hub found
[    3.709929] hub 1-0:1.0: 1 port detected
[    3.715672] input: gpio-keys as /devices/soc0/gpio-keys/input/input0
[    3.724694] palmas-rtc 7000d000.i2c:tps65913@58:rtc: setting system clock to 2000-02-03 04:58:48 UTC (949553928)
[    3.741061] dvdd_ts: disabling
[    3.744120] usb1_vbus: disabling
[    3.747346] vdd_cam_1v8_reg: disabling
[    3.752870] EXT4-fs (mmcblk1p1): mounting ext3 file system using the ext4 subsystem
[    3.780000] EXT4-fs (mmcblk1p1): recovery complete
[    3.784804] EXT4-fs (mmcblk1p1): mounted filesystem with ordered data mode. Opts: (null)
[    3.792995] VFS: Mounted root (ext3 filesystem) on device 179:17.
[    3.803851] devtmpfs: mounted
[    3.808699] Freeing unused kernel memory: 2048K
bash: cannot set terminal process group (-1): Inappropriate ioctl for device
bash: no job control in this shell
root@(none):/# [    4.079086] usb 1-1: new high-speed USB device number 2 using tegra-ehci
[    4.763522] asix 1-1:1.0 eth0: register 'asix' at usb-7d008000.usb-1, ASIX AX88772 USB 2.0 Ethernet, 00:50:b6:0d:b5:16
mount -t sysfs none /sys
root@(none):/# 
root@(none):/# mount -t debugfs none /sys/kernel/debug
root@(none):/# 
root@(none):/# rtcwake -d rtc1 -m mem -s 3
rtcwake: assuming RTC uses UTC ...
rtcwake: wakeup from "mem" using /dev/rtc1 at Thu Jan  1 00:00:22 1970
[    7.321036] PM: suspend entry (deep)
[    7.324615] PM: Syncing filesystems ... done.
[    7.365387] Freezing user space processes ... (elapsed 0.001 seconds) done.
[    7.373658] OOM killer disabled.
[    7.376882] Freezing remaining freezable tasks ... (elapsed 0.001 seconds) done.
[    7.385617] Suspending console(s) (use no_console_suspend to debug)
[    7.457512] Disabling non-boot CPUs ...
[    7.549305] IRQ17 no longer affine to CPU2
[    7.620565] Entering suspend state LP1
[    7.620588] Enabling non-boot CPUs ...
[    7.621147] CPU1 is up
[    7.621662] CPU2 is up
[    7.622198] CPU3 is up
[    8.239979] OOM killer enabled.
[    8.243115] Restarting tasks ... done.
[    8.269498] PM: suspend exit
root@(none):/# 
root@(none):/# rtcwake -d rtc1 -m mem -s 3
rtcwake: assuming RTC uses UTC ...
rtcwake: wakeup from "mem" using /dev/rtc1 at Thu Jan  1 00:00:32 1970
[    9.587557] PM: suspend entry (deep)
[    9.591173] PM: Syncing filesystems ... done.
[    9.619366] Freezing user space processes ... (elapsed 0.001 seconds) done.
[    9.627622] OOM killer disabled.
[    9.630883] Freezing remaining freezable tasks ... (elapsed 0.001 seconds) done.
[    9.639615] Suspending console(s) (use no_console_suspend to debug)
[    9.706983] Disabling non-boot CPUs ...
[    9.870248] Entering suspend state LP1
[    9.870272] Enabling non-boot CPUs ...
[    9.870834] CPU1 is up
[    9.871359] CPU2 is up
[    9.871894] CPU3 is up
[   10.489255] OOM killer enabled.
[   10.492392] Restarting tasks ... done.
[   10.519485] PM: suspend exit
root@(none):/# 
root@(none):/# rtcwake -d rtc1 -m mem -s 3
rtcwake: assuming RTC uses UTC ...
rtcwake: wakeup from "mem" using /dev/rtc1 at Thu Jan  1 00:00:42 1970
[   11.250847] PM: suspend entry (deep)
[   11.254430] PM: Syncing filesystems ... done.
[   11.286333] Freezing user space processes ... (elapsed 0.001 seconds) done.
[   11.294620] OOM killer disabled.
[   11.297843] Freezing remaining freezable tasks ... (elapsed 0.001 seconds) done.
[   11.306571] Suspending console(s) (use no_console_suspend to debug)
[   11.377080] Disabling non-boot CPUs ...
[   11.419288] IRQ17 no longer affine to CPU1
[   11.560225] Entering suspend state LP1
[   11.560249] Enabling non-boot CPUs ...
[   11.560818] CPU1 is up
[   11.561340] CPU2 is up
[   11.561893] CPU3 is up
[   12.180831] OOM killer enabled.
[   12.183967] Restarting tasks ... done.
[   12.210395] PM: suspend exit
root@(none):/# 
root@(none):/# rtcwake -d rtc1 -m mem -s 3
rtcwake: assuming RTC uses UTC ...
rtcwake: wakeup from "mem" using /dev/rtc1 at Thu Jan  1 00:00:52 1970
[   13.518654] PM: suspend entry (deep)
[   13.522279] PM: Syncing filesystems ... done.
[   13.559742] Freezing user space processes ... (elapsed 0.001 seconds) done.
[   13.567994] OOM killer disabled.
[   13.571252] Freezing remaining freezable tasks ... (elapsed 0.001 seconds) done.
[   13.580014] Suspending console(s) (use no_console_suspend to debug)
[   13.647362] Disabling non-boot CPUs ...
[   13.820224] Entering suspend state LP1
[   13.820248] Enabling non-boot CPUs ...
[   13.820816] CPU1 is up
[   13.821335] CPU2 is up
[   13.821871] CPU3 is up
[   14.439504] OOM killer enabled.
[   14.442640] Restarting tasks ... done.
[   14.470183] PM: suspend exit
root@(none):/# 
root@(none):/# rtcwake -d rtc1 -m mem -s 3
rtcwake: assuming RTC uses UTC ...
rtcwake: wakeup from "mem" using /dev/rtc1 at Thu Jan  1 00:01:02 1970
[   15.199750] PM: suspend entry (deep)
[   15.203331] PM: Syncing filesystems ... done.
[   15.236495] Freezing user space processes ... (elapsed 0.001 seconds) done.
[   15.244787] OOM killer disabled.
[   15.248009] Freezing remaining freezable tasks ... (elapsed 0.001 seconds) done.
[   15.256737] Suspending console(s) (use no_console_suspend to debug)
[   15.327222] Disabling non-boot CPUs ...
[   15.510184] Entering suspend state LP1
[   15.510207] Enabling non-boot CPUs ...
[   15.510780] CPU1 is up
[   15.511306] CPU2 is up
[   15.511846] CPU3 is up
[   16.127210] OOM killer enabled.
[   16.130369] Restarting tasks ... done.
[   16.159954] PM: suspend exit
root@(none):/# 
root@(none):/# rtcwake -d rtc1 -m mem -s 3
rtcwake: assuming RTC uses UTC ...
rtcwake: wakeup from "mem" using /dev/rtc1 at Thu Jan  1 00:01:12 1970
[   17.471030] PM: suspend entry (deep)
[   17.474611] PM: Syncing filesystems ... done.
[   17.509357] Freezing user space processes ... (elapsed 0.001 seconds) done.
[   17.517626] OOM killer disabled.
[   17.520896] Freezing remaining freezable tasks ... (elapsed 0.001 seconds) done.
[   17.529687] Suspending console(s) (use no_console_suspend to debug)
[   17.596996] Disabling non-boot CPUs ...
[   17.780142] Entering suspend state LP1
[   17.780165] Enabling non-boot CPUs ...
[   17.780739] CPU1 is up
[   17.781262] CPU2 is up
[   17.781796] CPU3 is up
[   18.399297] OOM killer enabled.
[   18.402432] Restarting tasks ... done.
[   18.430318] PM: suspend exit
root@(none):/# 
root@(none):/# rtcwake -d rtc1 -m mem -s 3
rtcwake: assuming RTC uses UTC ...
rtcwake: wakeup from "mem" using /dev/rtc1 at Thu Jan  1 00:01:22 1970
[   19.128294] PM: suspend entry (deep)
[   19.131907] PM: Syncing filesystems ... done.
[   19.163243] Freezing user space processes ... (elapsed 0.001 seconds) done.
[   19.171534] OOM killer disabled.
[   19.174757] Freezing remaining freezable tasks ... (elapsed 0.001 seconds) done.
[   19.183531] Suspending console(s) (use no_console_suspend to debug)
[   19.246621] Disabling non-boot CPUs ...
[   19.409018] IRQ17 no longer affine to CPU3
[   19.409939] Entering suspend state LP1
[   19.409962] Enabling non-boot CPUs ...
[   19.410536] CPU1 is up
[   19.411064] CPU2 is up
[   19.411603] CPU3 is up
[   20.030932] OOM killer enabled.
[   20.034068] Restarting tasks ... done.
[   20.076130] PM: suspend exit
root@(none):/# 
root@(none):/# rtcwake -d rtc1 -m mem -s 3
rtcwake: assuming RTC uses UTC ...
rtcwake: wakeup from "mem" using /dev/rtc1 at Thu Jan  1 00:01:32 1970
[   21.351549] PM: suspend entry (deep)
[   21.355156] PM: Syncing filesystems ... done.
[   21.392531] Freezing user space processes ... (elapsed 0.001 seconds) done.
[   21.400817] OOM killer disabled.
[   21.404040] Freezing remaining freezable tasks ... (elapsed 0.001 seconds) done.
[   21.412811] Suspending console(s) (use no_console_suspend to debug)
[   21.476223] Disabling non-boot CPUs ...
[   21.638984] IRQ17 no longer affine to CPU3
[   21.639915] Entering suspend state LP1
[   21.639939] Enabling non-boot CPUs ...
[   21.640511] CPU1 is up
[   21.641036] CPU2 is up
[   21.641575] CPU3 is up
[   22.263845] OOM killer enabled.
[   22.266986] Restarting tasks ... done.
[   22.305689] PM: suspend exit
root@(none):/# 
root@(none):/# rtcwake -d rtc1 -m mem -s 3
rtcwake: assuming RTC uses UTC ...
rtcwake: wakeup from "mem" using /dev/rtc1 at Thu Jan  1 00:01:42 1970
[   22.990678] PM: suspend entry (deep)
[   22.994259] PM: Syncing filesystems ... done.
[   23.022446] Freezing user space processes ... (elapsed 0.001 seconds) done.
[   23.030734] OOM killer disabled.
[   23.033958] Freezing remaining freezable tasks ... (elapsed 0.001 seconds) done.
[   23.042730] Suspending console(s) (use no_console_suspend to debug)
[   23.106173] Disabling non-boot CPUs ...
[   23.199012] IRQ17 no longer affine to CPU2
[   23.259863] Entering suspend state LP1
[   23.259886] Enabling non-boot CPUs ...
[   23.260460] CPU1 is up
[   23.260983] CPU2 is up
[   23.261522] CPU3 is up
[   23.883364] OOM killer enabled.
[   23.886506] Restarting tasks ... done.
[   23.926331] PM: suspend exit
root@(none):/# 
root@(none):/# rtcwake -d rtc1 -m mem -s 3
rtcwake: assuming RTC uses UTC ...
rtcwake: wakeup from "mem" using /dev/rtc1 at Thu Jan  1 00:01:52 1970
[   25.220715] PM: suspend entry (deep)
[   25.224293] PM: Syncing filesystems ... done.
[   25.259479] Freezing user space processes ... (elapsed 0.001 seconds) done.
[   25.267731] OOM killer disabled.
[   25.270986] Freezing remaining freezable tasks ... (elapsed 0.001 seconds) done.
[   25.279742] Suspending console(s) (use no_console_suspend to debug)
[   25.346688] Disabling non-boot CPUs ...
[   25.529999] Entering suspend state LP1
[   25.530023] Enabling non-boot CPUs ...
[   25.530595] CPU1 is up
[   25.531119] CPU2 is up
[   25.531659] CPU3 is up
[   26.149759] OOM killer enabled.
[   26.152896] Restarting tasks ... done.
[   26.179657] PM: suspend exit
root@(none):/# 
root@(none):/# NVTB SYSTEM SUSPEND TEST COMPLETE
