
U-Boot SPL 2015.04-rc3-00209-ga74ef40 (Mar 16 2015 - 14:43:39)


U-Boot 2015.04-rc3-00209-ga74ef40 (Mar 16 2015 - 14:43:39)

TEGRA20
Model: Compulab TrimSlice board
DRAM:  1 GiB
MMC:   Tegra SD/MMC: 0, Tegra SD/MMC: 1
SF: Detected W25Q80BL with page size 256 Bytes, erase size 4 KiB, total 1 MiB
tegra-pcie: PCI regions:
tegra-pcie:   I/O: 0x82000000-0x82010000
tegra-pcie:   non-prefetchable memory: 0xa0000000-0xa8000000
tegra-pcie:   prefetchable memory: 0xa8000000-0xc0000000
tegra-pcie: dual-mode configuration
tegra-pcie: probing port 0, using 2 lanes
In:    serial
Out:   serial
Err:   serial
Net:   RTL8169#0
Hit any key to stop autoboot:  2  1  0 
Tegra20 (TrimSlice) # 
Tegra20 (TrimSlice) # usb reset
resetting USB...
USB0:   USB EHCI 1.00
scanning bus 0 for devices... 3 USB Device(s) found
USB1:   USB EHCI 1.00
scanning bus 1 for devices... 1 USB Device(s) found
USB2:   lowlevel init failed
       scanning usb for storage devices... 0 Storage Device(s) found
       scanning usb for ethernet devices... 
Warning: asx0 using MAC address from net device
1 Ethernet Device(s) found
Tegra20 (TrimSlice) # setenv bootargs 'ignore_loglevel console=ttyS0,115200n8 rw root=PARTUUID=11eb23c1-01 rootwait gpt debug noinitrd earlyprintk init=/bin/bash'
Tegra20 (TrimSlice) # setenv ipaddr 192.168.100.103; setenv serverip 192.168.100.1; setenv tftpserverip 192.168.100.1
Tegra20 (TrimSlice) # tftpboot 0x00408000 zImage.tegra_defconfig
Using RTL8169#0 device
TFTP from server 192.168.100.1; our IP address is 192.168.100.103
Filename 'zImage.tegra_defconfig'.
Load address: 0x408000
Loading: *#################################################################
	 #################################################################
	 #################################################################
	 #################################################################
	 #################################################################
	 #####################
	 3.6 MiB/s
done
Bytes transferred = 5078808 (4d7f18 hex)
Tegra20 (TrimSlice) # tftpboot 0x02408000 tegra20-trimslice.dtb
Using RTL8169#0 device
TFTP from server 192.168.100.1; our IP address is 192.168.100.103
Filename 'tegra20-trimslice.dtb'.
Load address: 0x2408000
Loading: *##
	 2.2 MiB/s
done
Bytes transferred = 21130 (528a hex)
Tegra20 (TrimSlice) # bootz 0x00408000 - 0x02408000
Kernel image @ 0x408000 [ 0x000000 - 0x4d7f18 ]
## Flattened Device Tree blob at 02408000
   Booting using the fdt blob at 0x2408000
   Using Device Tree in place at 02408000, end 02410289

Starting kernel ...

Uncompressing Linux... done, booting the kernel.
[    0.000000] Booting Linux on physical CPU 0x0
[    0.000000] Initializing cgroup subsys cpu
[    0.000000] Initializing cgroup subsys cpuacct
[    0.000000] Linux version 4.3.0-51166-gbd4f203 (pwalmsley@kaivo) (gcc version 4.7.3 20130328 (prerelease) (crosstool-NG linaro-1.13.1-4.7-2013.04-20130415 - Linaro GCC 2013.04) ) #1 SMP PREEMPT Thu Jan 28 06:41:26 PST 2016
[    0.000000] CPU: ARMv7 Processor [411fc090] revision 0 (ARMv7), cr=10c5387d
[    0.000000] CPU: PIPT / VIPT nonaliasing data cache, VIPT aliasing instruction cache
[    0.000000] Machine model: Compulab TrimSlice board
[    0.000000] debug: ignoring loglevel setting.
[    0.000000] bootconsole [earlycon0] enabled
[    0.000000] cma: Reserved 64 MiB at 0x3c000000
[    0.000000] Memory policy: Data cache writealloc
[    0.000000] On node 0 totalpages: 262144
[    0.000000] free_area_init_node: node 0, pgdat c09cf800, node_mem_map ef7f7000
[    0.000000]   Normal zone: 1536 pages used for memmap
[    0.000000]   Normal zone: 0 pages reserved
[    0.000000]   Normal zone: 196608 pages, LIFO batch:31
[    0.000000]   HighMem zone: 65536 pages, LIFO batch:15
[    0.000000] PERCPU: Embedded 12 pages/cpu @ef7ca000 s19456 r8192 d21504 u49152
[    0.000000] pcpu-alloc: s19456 r8192 d21504 u49152 alloc=12*4096
[    0.000000] pcpu-alloc: [0] 0 [0] 1 
[    0.000000] Built 1 zonelists in Zone order, mobility grouping on.  Total pages: 260608
[    0.000000] Kernel command line: ignore_loglevel console=ttyS0,115200n8 rw root=PARTUUID=11eb23c1-01 rootwait gpt debug noinitrd earlyprintk init=/bin/bash
[    0.000000] PID hash table entries: 4096 (order: 2, 16384 bytes)
[    0.000000] Dentry cache hash table entries: 131072 (order: 7, 524288 bytes)
[    0.000000] Inode-cache hash table entries: 65536 (order: 6, 262144 bytes)
[    0.000000] Memory: 963416K/1048576K available (6944K kernel code, 340K rwdata, 2400K rodata, 332K init, 363K bss, 19624K reserved, 65536K cma-reserved, 196608K highmem)
[    0.000000] Virtual kernel memory layout:
[    0.000000]     vector  : 0xffff0000 - 0xffff1000   (   4 kB)
[    0.000000]     fixmap  : 0xffc00000 - 0xfff00000   (3072 kB)
[    0.000000]     vmalloc : 0xf0800000 - 0xff800000   ( 240 MB)
[    0.000000]     lowmem  : 0xc0000000 - 0xf0000000   ( 768 MB)
[    0.000000]     pkmap   : 0xbfe00000 - 0xc0000000   (   2 MB)
[    0.000000]     modules : 0xbf000000 - 0xbfe00000   (  14 MB)
[    0.000000]       .text : 0xc0008000 - 0xc092882c   (9347 kB)
[    0.000000]       .init : 0xc0929000 - 0xc097c000   ( 332 kB)
[    0.000000]       .data : 0xc097c000 - 0xc09d1300   ( 341 kB)
[    0.000000]        .bss : 0xc09d4000 - 0xc0a2ed7c   ( 364 kB)
[    0.000000] Preemptible hierarchical RCU implementation.
[    0.000000] 	Build-time adjustment of leaf fanout to 32.
[    0.000000] 	RCU restricting CPUs from NR_CPUS=4 to nr_cpu_ids=2.
[    0.000000] RCU: Adjusting geometry for rcu_fanout_leaf=32, nr_cpu_ids=2
[    0.000000] NR_IRQS:16 nr_irqs:16 16
[    0.000000] /interrupt-controller@60004000: 128 interrupts forwarded to /interrupt-controller@50041000
[    0.000000] L2C: platform modifies aux control register: 0x02080000 -> 0x3e480001
[    0.000000] L2C: DT/platform modifies aux control register: 0x02080000 -> 0x3e480001
[    0.000000] L2C-310 errata 727915 769419 enabled
[    0.000000] L2C-310 enabling early BRESP for Cortex-A9
[    0.000000] L2C-310: enabling full line of zeros but not enabled in Cortex-A9
[    0.000000] L2C-310 ID prefetch enabled, offset 1 lines
[    0.000000] L2C-310 cache controller enabled, 8 ways, 1024 kB
[    0.000000] L2C-310: CACHE_ID 0x410000c4, AUX_CTRL 0x7e480001
[    0.000010] sched_clock: 32 bits at 1000kHz, resolution 1000ns, wraps every 2147483647500ns
[    0.008354] clocksource: timer_us: mask: 0xffffffff max_cycles: 0xffffffff, max_idle_ns: 1911260446275 ns
[    0.017969] Switching to timer-based delay loop, resolution 1000ns
[    0.024834] Console: colour dummy device 80x30
[    0.029278] Calibrating delay loop (skipped), value calculated using timer frequency.. 2.00 BogoMIPS (lpj=10000)
[    0.039493] pid_max: default: 32768 minimum: 301
[    0.044620] Mount-cache hash table entries: 2048 (order: 1, 8192 bytes)
[    0.051233] Mountpoint-cache hash table entries: 2048 (order: 1, 8192 bytes)
[    0.059859] Initializing cgroup subsys freezer
[    0.064322] Initializing cgroup subsys debug
[    0.068672] CPU: Testing write buffer coherency: ok
[    0.073840] CPU0: thread -1, cpu 0, socket 0, mpidr 80000000
[    0.079529] Setting up static identity map for 0x8440 - 0x84d8
[    0.130288] Tegra Revision: A03 prime SKU: 8 CPU Process: 1 SoC Process: 2
[    0.160533] CPU1: thread -1, cpu 1, socket 0, mpidr 80000001
[    0.160594] Brought up 2 CPUs
[    0.169275] SMP: Total of 2 processors activated (4.00 BogoMIPS).
[    0.175439] CPU: All CPU(s) started in SVC mode.
[    0.181075] devtmpfs: initialized
[    0.201554] VFP support v0.3: implementor 41 architecture 3 part 30 variant 9 rev 1
[    0.209835] clocksource: jiffies: mask: 0xffffffff max_cycles: 0xffffffff, max_idle_ns: 19112604462750000 ns
[    0.222614] pinctrl core: initialized pinctrl subsystem
[    0.229822] NET: Registered protocol family 16
[    0.235847] DMA: preallocated 256 KiB pool for atomic coherent allocations
[    0.269981] cpuidle: using governor ladder
[    0.299980] cpuidle: using governor menu
[    0.323483] No ATAGs?
[    0.325510] hw-breakpoint: found 5 (+1 reserved) breakpoint and 1 watchpoint registers.
[    0.333824] hw-breakpoint: maximum watchpoint size is 4 bytes.
[    0.393808] usb1_vbus: Failed to request enable GPIO170: -517
[    0.399689] reg-fixed-voltage regulators:regulator@2: Failed to register regulator: -517
[    0.411908] vgaarb: loaded
[    0.416363] SCSI subsystem initialized
[    0.420482] libata version 3.00 loaded.
[    0.425084] usbcore: registered new interface driver usbfs
[    0.430745] usbcore: registered new interface driver hub
[    0.436197] usbcore: registered new device driver usb
[    0.444013] Linux video capture interface: v2.00
[    0.448751] pps_core: LinuxPPS API ver. 1 registered
[    0.453717] pps_core: Software ver. 5.3.6 - Copyright 2005-2007 Rodolfo Giometti <giometti@linux.it>
[    0.462969] PTP clock support registered
[    0.467968] Advanced Linux Sound Architecture Driver Initialized.
[    0.475789] Bluetooth: Core ver 2.21
[    0.479434] NET: Registered protocol family 31
[    0.483880] Bluetooth: HCI device and connection manager initialized
[    0.490304] Bluetooth: HCI socket layer initialized
[    0.495234] Bluetooth: L2CAP socket layer initialized
[    0.500393] Bluetooth: SCO socket layer initialized
[    0.506867] clocksource: Switched to clocksource timer_us
[    0.538762] NET: Registered protocol family 2
[    0.544288] TCP established hash table entries: 8192 (order: 3, 32768 bytes)
[    0.551416] TCP bind hash table entries: 8192 (order: 4, 65536 bytes)
[    0.557960] TCP: Hash tables configured (established 8192 bind 8192)
[    0.564975] UDP hash table entries: 512 (order: 2, 16384 bytes)
[    0.570943] UDP-Lite hash table entries: 512 (order: 2, 16384 bytes)
[    0.577710] NET: Registered protocol family 1
[    0.582834] RPC: Registered named UNIX socket transport module.
[    0.588764] RPC: Registered udp transport module.
[    0.593507] RPC: Registered tcp transport module.
[    0.598285] RPC: Registered tcp NFSv4.1 backchannel transport module.
[    0.604793] PCI: CLS 0 bytes, default 64
[    0.611159] hw perfevents: enabled with armv7_cortex_a9 PMU driver, 7 counters available
[    0.621603] futex hash table entries: 512 (order: 3, 32768 bytes)
[    0.630380] squashfs: version 4.0 (2009/01/31) Phillip Lougher
[    0.641487] bounce: pool size: 64 pages
[    0.645325] io scheduler noop registered (default)
[    0.655353] tegra-pcie 80003000.pcie-controller: dual-mode configuration
[    0.663055] tegra-pcie 80003000.pcie-controller: probing port 0, using 2 lanes
[    0.741157] tegra-pcie 80003000.pcie-controller: PCI host bridge to bus 0000:00
[    0.748474] pci_bus 0000:00: root bus resource [mem 0xa0000000-0xa7ffffff]
[    0.755387] pci_bus 0000:00: root bus resource [mem 0xa8000000-0xbfffffff pref]
[    0.762765] pci_bus 0000:00: root bus resource [bus 00-ff]
[    0.768309] pci_bus 0000:00: root bus resource [io  0x1000-0xffff]
[    0.774583] pci 0000:00:01.0: [10de:0bf0] type 01 class 0x060000
[    0.780670] pci 0000:00:01.0: PME# supported from D0 D1 D2 D3hot D3cold
[    0.787937] PCI: bus0: Fast back to back transfers disabled
[    0.793500] pci 0000:00:01.0: bridge configuration invalid ([bus 00-00]), reconfiguring
[    0.801952] pci 0000:01:00.0: [10ec:8168] type 00 class 0x020000
[    0.807991] pci 0000:01:00.0: reg 0x10: [io  0x0000-0x00ff]
[    0.813594] pci 0000:01:00.0: reg 0x18: [mem 0x00000000-0x00000fff 64bit pref]
[    0.820880] pci 0000:01:00.0: reg 0x20: [mem 0x00000000-0x00003fff 64bit pref]
[    0.828155] pci 0000:01:00.0: reg 0x30: [mem 0x00000000-0x0001ffff pref]
[    0.834956] pci 0000:01:00.0: supports D1 D2
[    0.839250] pci 0000:01:00.0: PME# supported from D0 D1 D2 D3hot D3cold
[    0.856902] PCI: bus1: Fast back to back transfers disabled
[    0.862466] pci_bus 0000:01: busn_res: [bus 01-ff] end is updated to 01
[    0.869155] Disabling cpuidle LP2 state, since PCIe IRQs are in use
[    0.875513] pci 0000:00:01.0: BAR 8: assigned [mem 0xa0000000-0xa00fffff]
[    0.882327] pci 0000:00:01.0: BAR 9: assigned [mem 0xa8000000-0xa80fffff 64bit pref]
[    0.890122] pci 0000:00:01.0: BAR 7: assigned [io  0x1000-0x1fff]
[    0.896272] pci 0000:01:00.0: BAR 6: assigned [mem 0xa0000000-0xa001ffff pref]
[    0.903556] pci 0000:01:00.0: BAR 4: assigned [mem 0xa8000000-0xa8003fff 64bit pref]
[    0.911363] pci 0000:01:00.0: BAR 2: assigned [mem 0xa8004000-0xa8004fff 64bit pref]
[    0.919162] pci 0000:01:00.0: BAR 0: assigned [io  0x1000-0x10ff]
[    0.925301] pci 0000:00:01.0: PCI bridge to [bus 01]
[    0.930335] pci 0000:00:01.0:   bridge window [io  0x1000-0x1fff]
[    0.936477] pci 0000:00:01.0:   bridge window [mem 0xa0000000-0xa00fffff]
[    0.943334] pci 0000:00:01.0:   bridge window [mem 0xa8000000-0xa80fffff 64bit pref]
[    0.951145] pci 0000:00:01.0: nv_msi_ht_cap_quirk didn't locate host bridge
[    0.958262] pcieport 0000:00:01.0: enabling device (0140 -> 0143)
[    0.964780] pcieport 0000:00:01.0: Signaling PME through PCIe PME interrupt
[    0.971744] pci 0000:01:00.0: Signaling PME through PCIe PME interrupt
[    0.978327] pcie_pme 0000:00:01.0:pcie01: service driver pcie_pme loaded
[    0.991756] tegra-apbdma 6000a000.dma: Tegra20 APB DMA driver register 16 channels
[    1.000987] Serial: 8250/16550 driver, 4 ports, IRQ sharing disabled
[    1.011227] console [ttyS0] disabled
[    1.014835] 70006000.serial: ttyS0 at MMIO 0x70006000 (irq = 279, base_baud = 13500000) is a Tegra
[    1.023871] console [ttyS0] enabled
[    1.023871] console [ttyS0] enabled
[    1.030859] bootconsole [earlycon0] disabled
[    1.030859] bootconsole [earlycon0] disabled
[    1.051962] [drm] Initialized drm 1.1.0 20060810
[    1.058066] 54280000.hdmi supply hdmi not found, using dummy regulator
[    1.069415] [drm] Supports vblank timestamp caching Rev 2 (21.10.2013).
[    1.076014] [drm] No driver support for vblank timestamp query.
[    1.082068] drm drm: No connectors reported connected with modes
[    1.088095] [drm] Cannot find any crtc or sizes - going 1024x768
[    1.111309] Console: switching to colour frame buffer device 128x48
[    1.125319] drm drm: fb0:  frame buffer device
[    1.156892] [drm] Initialized tegra 0.0.0 20120330 on minor 0
[    1.258669] loop: module loaded
[    1.266139] m25p80 spi32766.0: found s25fl008k, expected w25q80bl
[    1.272286] m25p80 spi32766.0: s25fl008k (1024 Kbytes)
[    1.277755] spi32766.0: 'partitions' subnode not found on /spi@7000c380/spi-flash@0. Trying to parse direct subnodes as partitions.
[    1.292437] CAN device driver interface
[    1.296390] igb: Intel(R) Gigabit Ethernet Network Driver - version 5.3.0-k
[    1.303379] igb: Copyright (c) 2007-2014 Intel Corporation.
[    1.309290] r8169 Gigabit Ethernet driver 2.3LK-NAPI loaded
[    1.314909] r8169 0000:01:00.0: enabling device (0140 -> 0143)
[    1.322589] r8169 0000:01:00.0 eth0: RTL8168d/8111d at 0xf085e000, 00:01:c0:13:7d:63, XID 081000c0 IRQ 296
[    1.332268] r8169 0000:01:00.0 eth0: jumbo features [frames: 9200 bytes, tx checksumming: ko]
[    1.341011] pegasus: v0.9.3 (2013/04/25), Pegasus/Pegasus II USB Ethernet driver
[    1.348562] usbcore: registered new interface driver pegasus
[    1.354397] usbcore: registered new interface driver asix
[    1.359945] usbcore: registered new interface driver ax88179_178a
[    1.366165] usbcore: registered new interface driver cdc_ether
[    1.372191] usbcore: registered new interface driver smsc75xx
[    1.378148] usbcore: registered new interface driver smsc95xx
[    1.384025] usbcore: registered new interface driver net1080
[    1.389832] usbcore: registered new interface driver cdc_subset
[    1.395887] usbcore: registered new interface driver zaurus
[    1.401668] usbcore: registered new interface driver cdc_ncm
[    1.407724] tegra-phy c5004000.usb-phy: no vbus regulator
[    1.414243] tegra-phy c5008000.usb-phy: no vbus regulator
[    1.419807] ehci_hcd: USB 2.0 'Enhanced' Host Controller (EHCI) Driver
[    1.426324] ehci-pci: EHCI PCI platform driver
[    1.430921] tegra-ehci: Tegra EHCI driver
[    1.468077] ulpi_phy_power_on: ulpi write failed
[    1.472685] tegra-ehci c5004000.usb: Failed to power on the phy
[    1.478623] tegra-ehci: probe of c5004000.usb failed with error -110
[    1.487647] tegra-ehci c5008000.usb: EHCI Host Controller
[    1.493069] tegra-ehci c5008000.usb: new USB bus registered, assigned bus number 1
[    1.501033] tegra-ehci c5008000.usb: irq 290, io mem 0xc5008000
[    1.526888] tegra-ehci c5008000.usb: USB 2.0 started, EHCI 1.00
[    1.534587] hub 1-0:1.0: USB hub found
[    1.538393] hub 1-0:1.0: 1 port detected
[    1.543580] usbcore: registered new interface driver cdc_acm
[    1.549260] cdc_acm: USB Abstract Control Model driver for USB modems and ISDN adapters
[    1.557420] usbcore: registered new interface driver cdc_wdm
[    1.563292] usbcore: registered new interface driver usb-storage
[    1.570160] mousedev: PS/2 mouse device common for all mice
[    1.578350] rtc-em3027 2-0056: rtc core: registered rtc-em3027 as rtc0
[    1.586075] tegra_rtc 7000e000.rtc: rtc core: registered 7000e000.rtc as rtc1
[    1.593345] tegra_rtc 7000e000.rtc: Tegra internal Real Time Clock
[    1.599937] i2c /dev entries driver
[    1.605132] usbcore: registered new interface driver uvcvideo
[    1.610881] USB Video Class driver (1.1.1)
[    1.614973] gspca_main: v2.14.0 registered
[    1.621024] sdhci: Secure Digital Host Controller Interface driver
[    1.627206] sdhci: Copyright(c) Pierre Ossman
[    1.631558] sdhci-pltfm: SDHCI platform and OF driver helper
[    1.637754] sdhci-tegra c8000000.sdhci: No vmmc regulator found
[    1.643661] sdhci-tegra c8000000.sdhci: No vqmmc regulator found
[    1.649689] mmc0: Invalid maximum block size, assuming 512 bytes
[    1.686890] mmc0: SDHCI controller on c8000000.sdhci [c8000000.sdhci] using ADMA
[    1.694425] sdhci-tegra c8000600.sdhci: Got CD GPIO
[    1.699351] sdhci-tegra c8000600.sdhci: Got WP GPIO
[    1.704388] sdhci-tegra c8000600.sdhci: No vmmc regulator found
[    1.711368] sdhci-tegra c8000600.sdhci: No vqmmc regulator found
[    1.719397] mmc1: Invalid maximum block size, assuming 512 bytes
[    1.757078] mmc1: SDHCI controller on c8000600.sdhci [c8000600.sdhci] using ADMA
[    1.765519] usbcore: registered new interface driver usbhid
[    1.771116] usbhid: USB HID core driver
[    1.782848] tlv320aic23-codec 2-001a: Control not supported for path LLINEIN -> [NULL] -> Line Input
[    1.792418] tlv320aic23-codec 2-001a: ASoC: no dapm match for LLINEIN --> NULL --> Line Input
[    1.801126] tlv320aic23-codec 2-001a: ASoC: Failed to add route LLINEIN -> NULL -> Line Input
[    1.809707] tlv320aic23-codec 2-001a: Control not supported for path RLINEIN -> [NULL] -> Line Input
[    1.818841] tlv320aic23-codec 2-001a: ASoC: no dapm match for RLINEIN --> NULL --> Line Input
[    1.827386] tlv320aic23-codec 2-001a: ASoC: Failed to add route RLINEIN -> NULL -> Line Input
[    1.835929] tlv320aic23-codec 2-001a: Control not supported for path MICIN -> [NULL] -> Mic Input
[    1.844827] tlv320aic23-codec 2-001a: ASoC: no dapm match for MICIN --> NULL --> Mic Input
[    1.853091] tlv320aic23-codec 2-001a: ASoC: Failed to add route MICIN -> NULL -> Mic Input
[    1.861384] usb 1-1: new high-speed USB device number 2 using tegra-ehci
[    1.869478] tegra-snd-trimslice sound: tlv320aic23-hifi <-> 70002800.i2s mapping ok
[    1.875492] mmc0: host does not support reading read-only switch, assuming write-enable
[    1.877481] mmc0: new high speed SDHC card at address b368
[    1.888707] mmcblk0: mmc0:b368 NCard 3.70 GiB 
[    1.892643]  mmcblk0: p1
[    1.911908] NET: Registered protocol family 10
[    1.918668] mip6: Mobile IPv6
[    1.921636] sit: IPv6 over IPv4 tunneling driver
[    1.930532] NET: Registered protocol family 17
[    1.935022] NET: Registered protocol family 15
[    1.939481] can: controller area network core (rev 20120528 abi 9)
[    1.945900] NET: Registered protocol family 29
[    1.950856] can: raw protocol (rev 20120528)
[    1.955129] can: broadcast manager protocol (rev 20120528 t)
[    1.960832] can: netlink gateway (rev 20130117) max_hops=1
[    1.966572] Bluetooth: RFCOMM socket layer initialized
[    1.971757] Bluetooth: RFCOMM ver 1.11
[    1.975527] Bluetooth: BNEP (Ethernet Emulation) ver 1.3
[    1.980873] Bluetooth: BNEP socket layer initialized
[    1.985836] Bluetooth: HIDP (Human Interface Emulation) ver 1.2
[    1.991791] Bluetooth: HIDP socket layer initialized
[    1.998320] Registering SWP/SWPB emulation handler
[    2.006766] mmc1: new high speed SD card at address b368
[    2.009754] utmi_phy_clk_enable: timeout waiting for phy to stabilize
[    2.009789] tegra-ehci c5000000.usb: EHCI Host Controller
[    2.009853] tegra-ehci c5000000.usb: new USB bus registered, assigned bus number 2
[    2.012624] tegra-ehci c5000000.usb: irq 288, io mem 0xc5000000
[    2.026912] tegra-ehci c5000000.usb: USB 2.0 started, EHCI 1.00
[    2.046958] hub 2-0:1.0: USB hub found
[    2.050896] hub 2-0:1.0: 1 port detected
[    2.057703] input: gpio-keys as /devices/soc0/gpio-keys/input/input0
[    2.059861] hub 1-1:1.0: USB hub found
[    2.060122] hub 1-1:1.0: 4 ports detected
[    2.067108] mmcblk1: mmc1:b368 NCard 1.83 GiB (ro)
[    2.070875]  mmcblk1: p1 p2
[    2.080839] rtc-em3027 2-0056: setting system clock to 2014-12-28 05:35:26 UTC (1419744926)
[    2.101940] ALSA device list:
[    2.104908]   #0: tegra-trimslice
[    2.110060] EXT4-fs (mmcblk0p1): mounting ext3 file system using the ext4 subsystem
[    2.336911] usb 1-1.2: new high-speed USB device number 3 using tegra-ehci
[    2.629878] EXT4-fs (mmcblk0p1): recovery complete
[    2.703221] EXT4-fs (mmcblk0p1): mounted filesystem with ordered data mode. Opts: (null)
[    2.711654] VFS: Mounted root (ext3 filesystem) on device 179:1.
[    2.728728] devtmpfs: mounted
[    2.733235] Freeing unused kernel memory: 332K (c0929000 - c097c000)
bash: cannot set terminal process group (-1): Inappropriate ioctl for device
bash: no job control in this shell
root@(none):/# [    3.308754] asix 1-1.2:1.0 eth1: register 'asix' at usb-c5008000.usb-1.2, ASIX AX88772 USB 2.0 Ethernet, 00:60:6e:60:6c:68
