

U-Boot 2015.04-00466-gedec83e90172 (Mar 14 2016 - 10:42:01)

TEGRA124
Model: Acer Chromebook 13 CB5-311
DRAM:  4 GiB
:   Tegra SD/MMC: 0, Tegra SD/MMC: 1, Tegra SD/MMC: 2
MMC init failed
Using default environment

In:    serial
Out:   serial
Err:   serial
Net:   Net Initialization Skipped
No ethernet found.
Hit any key to stop autoboot:  2  0 
Tegra124 (Nyan-big) # 
Tegra124 (Nyan-big) # usb start
starting USB...
USB0:   USB EHCI 1.10
scanning bus 0 for devices... 2 USB Device(s) found
USB1:   USB EHCI 1.10
scanning bus 1 for devices... 2 USB Device(s) found
       scanning usb for storage devices... 1 Storage Device(s) found
       scanning usb for ethernet devices... 
Warning: asx0 using MAC address from net device
1 Ethernet Device(s) found
Tegra124 (Nyan-big) # mw 0x7000e4a0 0x00080000
Tegra124 (Nyan-big) # setenv bootargs 'ignore_loglevel console=ttyS0,115200n8 rw root=PARTUUID=4d36e82a-b3c0-4b4b-bfcd-afe5217ac023 rootwait gpt debug noinitrd earlyprintk init=/bin/bash'
Tegra124 (Nyan-big) # setenv ipaddr 192.168.100.102; setenv serverip 192.168.100.1; setenv tftpserverip 192.168.100.1
Tegra124 (Nyan-big) # tftpboot 0x82000000 zImage.multi_v7_defconfig
Using asx0 device
TFTP from server 192.168.100.1; our IP address is 192.168.100.102
Filename 'zImage.multi_v7_defconfig'.
Load address: 0x82000000
Loading: *#################################################################
	 #################################################################
	 #################################################################
	 #################################################################
	 #################################################################
	 #################################################################
	 #################################################################
	 #########################################################
	 3.2 MiB/s
done
Bytes transferred = 7509488 (7295f0 hex)
Tegra124 (Nyan-big) # tftpboot 0x83000000 tegra124-nyan-big.dtb
Using asx0 device
TFTP from server 192.168.100.1; our IP address is 192.168.100.102
Filename 'tegra124-nyan-big.dtb'.
Load address: 0x83000000
Loading: *#####
	 2.7 MiB/s
done
Bytes transferred = 68155 (10a3b hex)
Tegra124 (Nyan-big) # bootz 0x82000000 - 0x83000000
Kernel image @ 0x82000000 [ 0x000000 - 0x7295f0 ]
## Flattened Device Tree blob at 83000000
   Booting using the fdt blob at 0x83000000
   Using Device Tree in place at 83000000, end 83013a3a

Starting kernel ...

[    0.000000] Booting Linux on physical CPU 0x0
[    0.000000] Linux version 4.11.0-rc1-next-20170309-157496-g2e62da1 (pwalmsley@sellafield) (gcc version 4.7.3 20130328 (prerelease) (crosstool-NG linaro-1.13.1-4.7-2013.04-20130415 - Linaro GCC 2013.04) ) #1 SMP Fri Mar 17 09:00:18 PDT 2017
[    0.000000] CPU: ARMv7 Processor [413fc0f3] revision 3 (ARMv7), cr=10c5387d
[    0.000000] CPU: div instructions available: patching division code
[    0.000000] CPU: PIPT / VIPT nonaliasing data cache, PIPT instruction cache
[    0.000000] OF: fdt: Machine model: Acer Chromebook 13 CB5-311
[    0.000000] OF: fdt: Ignoring memory range 0x100000000 - 0x17ffff000
[    0.000000] debug: ignoring loglevel setting.
[    0.000000] efi: Getting EFI parameters from FDT:
[    0.000000] efi: UEFI not found.
[    0.000000] cma: Reserved 64 MiB at 0xfb800000
[    0.000000] Memory policy: Data cache writealloc
[    0.000000] On node 0 totalpages: 524287
[    0.000000] free_area_init_node: node 0, pgdat c15397c0, node_mem_map eeff8000
[    0.000000]   DMA zone: 1536 pages used for memmap
[    0.000000]   DMA zone: 0 pages reserved
[    0.000000]   DMA zone: 196608 pages, LIFO batch:31
[    0.000000]   HighMem zone: 327679 pages, LIFO batch:31
[    0.000000] percpu: Embedded 16 pages/cpu @eef85000 s34368 r8192 d22976 u65536
[    0.000000] pcpu-alloc: s34368 r8192 d22976 u65536 alloc=16*4096
[    0.000000] pcpu-alloc: [0] 0 [0] 1 [0] 2 [0] 3 
[    0.000000] Built 1 zonelists in Zone order, mobility grouping on.  Total pages: 522751
[    0.000000] Kernel command line: ignore_loglevel console=ttyS0,115200n8 rw root=PARTUUID=4d36e82a-b3c0-4b4b-bfcd-afe5217ac023 rootwait gpt debug noinitrd earlyprintk init=/bin/bash
[    0.000000] PID hash table entries: 4096 (order: 2, 16384 bytes)
[    0.000000] Dentry cache hash table entries: 131072 (order: 7, 524288 bytes)
[    0.000000] Inode-cache hash table entries: 65536 (order: 6, 262144 bytes)
[    0.000000] Memory: 1994792K/2097148K available (10240K kernel code, 1260K rwdata, 4228K rodata, 2048K init, 407K bss, 36820K reserved, 65536K cma-reserved, 1245180K highmem)
[    0.000000] Virtual kernel memory layout:
[    0.000000]     vector  : 0xffff0000 - 0xffff1000   (   4 kB)
[    0.000000]     fixmap  : 0xffc00000 - 0xfff00000   (3072 kB)
[    0.000000]     vmalloc : 0xf0800000 - 0xff800000   ( 240 MB)
[    0.000000]     lowmem  : 0xc0000000 - 0xf0000000   ( 768 MB)
[    0.000000]     pkmap   : 0xbfe00000 - 0xc0000000   (   2 MB)
[    0.000000]     modules : 0xbf000000 - 0xbfe00000   (  14 MB)
[    0.000000]       .text : 0xc0208000 - 0xc0d00000   (11232 kB)
[    0.000000]       .init : 0xc1200000 - 0xc1400000   (2048 kB)
[    0.000000]       .data : 0xc1400000 - 0xc153b120   (1261 kB)
[    0.000000]        .bss : 0xc153d000 - 0xc15a2cb8   ( 408 kB)
[    0.000000] SLUB: HWalign=64, Order=0-3, MinObjects=0, CPUs=4, Nodes=1
[    0.000000] Hierarchical RCU implementation.
[    0.000000] 	RCU debugfs-based tracing is enabled.
[    0.000000] 	RCU restricting CPUs from NR_CPUS=16 to nr_cpu_ids=4.
[    0.000000] RCU: Adjusting geometry for rcu_fanout_leaf=16, nr_cpu_ids=4
[    0.000000] NR_IRQS:16 nr_irqs:16 16
[    0.000000] /interrupt-controller@60004000: 160 interrupts forwarded to /interrupt-controller@50041000
[    0.000000] Tegra clk 127: register failed with -17
[    0.000003] sched_clock: 32 bits at 1000kHz, resolution 1000ns, wraps every 2147483647500ns
[    0.000012] clocksource: timer_us: mask: 0xffffffff max_cycles: 0xffffffff, max_idle_ns: 1911260446275 ns
[    0.000018] Switching to timer-based delay loop, resolution 1000ns
[    0.001857] arm_arch_timer: Architected cp15 timer(s) running at 12.00MHz (virt).
[    0.001864] clocksource: arch_sys_counter: mask: 0xffffffffffffff max_cycles: 0x2c47f4ee7, max_idle_ns: 440795202497 ns
[    0.001870] sched_clock: 56 bits at 12MHz, resolution 83ns, wraps every 4398046511096ns
[    0.001874] Switching to timer-based delay loop, resolution 83ns
[    0.002083] Console: colour dummy device 80x30
[    0.002097] Calibrating delay loop (skipped), value calculated using timer frequency.. 24.00 BogoMIPS (lpj=120000)
[    0.002104] pid_max: default: 32768 minimum: 301
[    0.002149] Mount-cache hash table entries: 2048 (order: 1, 8192 bytes)
[    0.002155] Mountpoint-cache hash table entries: 2048 (order: 1, 8192 bytes)
[    0.002352] CPU: Testing write buffer coherency: ok
[    0.002472] /cpus/cpu@0 missing clock-frequency property
[    0.002488] /cpus/cpu@1 missing clock-frequency property
[    0.002502] /cpus/cpu@2 missing clock-frequency property
[    0.002517] /cpus/cpu@3 missing clock-frequency property
[    0.002523] CPU0: thread -1, cpu 0, socket 0, mpidr 80000000
[    0.002603] Setting up static identity map for 0x80300000 - 0x80300098
[    0.003976] Tegra Revision: A01 SKU: 131 CPU Process: 1 SoC Process: 1
[    0.004207] EFI services will not be available.
[    0.004304] smp: Bringing up secondary CPUs ...
[    0.004542] CPU1: thread -1, cpu 1, socket 0, mpidr 80000001
[    0.011969] CPU2: thread -1, cpu 2, socket 0, mpidr 80000002
[    0.021967] CPU3: thread -1, cpu 3, socket 0, mpidr 80000003
[    0.031749] smp: Brought up 1 node, 4 CPUs
[    0.031757] SMP: Total of 4 processors activated (96.00 BogoMIPS).
[    0.031761] CPU: All CPU(s) started in SVC mode.
[    0.032315] devtmpfs: initialized
[    0.038055] VFP support v0.3: implementor 41 architecture 4 part 30 variant f rev 0
[    0.038243] clocksource: jiffies: mask: 0xffffffff max_cycles: 0xffffffff, max_idle_ns: 19112604462750000 ns
[    0.038251] futex hash table entries: 1024 (order: 4, 65536 bytes)
[    0.038815] pinctrl core: initialized pinctrl subsystem
[    0.039589] NET: Registered protocol family 16
[    0.040335] DMA: preallocated 256 KiB pool for atomic coherent allocations
[    0.041235] cpuidle: using governor menu
[    0.050297] No ATAGs?
[    0.050354] hw-breakpoint: found 5 (+1 reserved) breakpoint and 4 watchpoint registers.
[    0.050360] hw-breakpoint: maximum watchpoint size is 8 bytes.
[    0.052943] Serial: AMBA PL011 UART driver
[    0.053294] tegra-mc 70019000.memory-controller: no memory timings for RAM code 0 registered
[    0.058608] AT91: Could not find identification node
[    0.058804] +5V_SYS: supplied by +VDD_MUX
[    0.058899] +3.3V_SYS: supplied by +VDD_MUX
[    0.059104] +VDD_LED: Failed to request enable GPIO122: -517
[    0.059110] reg-fixed-voltage regulators:regulator@5: Failed to register regulator: -517
[    0.059143] +5V_VDD_TS_SW: Failed to request enable GPIO81: -517
[    0.059148] reg-fixed-voltage regulators:regulator@6: Failed to register regulator: -517
[    0.059178] +5V_USB_HS: Failed to request enable GPIO108: -517
[    0.059183] reg-fixed-voltage regulators:regulator@7: Failed to register regulator: -517
[    0.059213] +5V_USB_SS: Failed to request enable GPIO109: -517
[    0.059218] reg-fixed-voltage regulators:regulator@8: Failed to register regulator: -517
[    0.059297] +1.05V_RUN_AVDD_HDMI_PLL: Failed to request enable GPIO63: -517
[    0.059302] reg-fixed-voltage regulators:regulator@11: Failed to register regulator: -517
[    0.059331] +5V_HDMI_CON: Failed to request enable GPIO86: -517
[    0.059336] reg-fixed-voltage regulators:regulator@12: Failed to register regulator: -517
[    0.060399] vgaarb: loaded
[    0.060667] SCSI subsystem initialized
[    0.060738] libata version 3.00 loaded.
[    0.060828] usbcore: registered new interface driver usbfs
[    0.060848] usbcore: registered new interface driver hub
[    0.060869] usbcore: registered new device driver usb
[    0.062155] pps_core: LinuxPPS API ver. 1 registered
[    0.062159] pps_core: Software ver. 5.3.6 - Copyright 2005-2007 Rodolfo Giometti <giometti@linux.it>
[    0.062167] PTP clock support registered
[    0.062233] EDAC MC: Ver: 3.0.0
[    0.062632] tegra-emc 7001b000.emc: no memory timings for RAM code 0 found in DT
[    0.062642] tegra-emc: probe of 7001b000.emc failed with error -2
[    0.063075] clocksource: Switched to clocksource arch_sys_counter
[    0.066311] NET: Registered protocol family 2
[    0.066502] TCP established hash table entries: 8192 (order: 3, 32768 bytes)
[    0.066536] TCP bind hash table entries: 8192 (order: 4, 65536 bytes)
[    0.066598] TCP: Hash tables configured (established 8192 bind 8192)
[    0.066632] UDP hash table entries: 512 (order: 2, 16384 bytes)
[    0.066647] UDP-Lite hash table entries: 512 (order: 2, 16384 bytes)
[    0.066706] NET: Registered protocol family 1
[    0.066829] RPC: Registered named UNIX socket transport module.
[    0.066833] RPC: Registered udp transport module.
[    0.066836] RPC: Registered tcp transport module.
[    0.066839] RPC: Registered tcp NFSv4.1 backchannel transport module.
[    0.066844] PCI: CLS 0 bytes, default 64
[    0.067282] hw perfevents: enabled with armv7_cortex_a15 PMU driver, 7 counters available
[    0.067974] workingset: timestamp_bits=30 max_order=19 bucket_order=0
[    0.070744] squashfs: version 4.0 (2009/01/31) Phillip Lougher
[    0.071000] NFS: Registering the id_resolver key type
[    0.071012] Key type id_resolver registered
[    0.071015] Key type id_legacy registered
[    0.071032] ntfs: driver 2.1.32 [Flags: R/O].
[    0.071596] bounce: pool size: 64 pages
[    0.071614] Block layer SCSI generic (bsg) driver version 0.4 loaded (major 248)
[    0.071619] io scheduler noop registered
[    0.071622] io scheduler deadline registered
[    0.071676] io scheduler cfq registered (default)
[    0.071680] io scheduler mq-deadline registered
[    0.073514] tegra-xusb-padctl 7009f000.padctl: failed to setup XUSB ports: -517
[    0.082958] tegra-apbdma 60020000.dma: Tegra20 APB DMA driver register 32 channels
[    0.083656] tegra-pmc 7000e400.pmc: i2c-thermtrip node not found, emergency thermal reset disabled.
[    0.101936] Serial: 8250/16550 driver, 4 ports, IRQ sharing disabled
[    0.102958] console [ttyS0] disabled
[    0.102976] 70006000.serial: ttyS0 at MMIO 0x70006000 (irq = 333, base_baud = 25500000) is a Tegra
[    0.987213] console [ttyS0] enabled
[    0.990980] SuperH (H)SCI(F) driver initialized
[    0.995835] msm_serial: driver initialized
[    0.999980] STMicroelectronics ASC driver initialized
[    1.007512] tegra-hdmi 54280000.hdmi: failed to get HDMI regulator
[    1.014044] tegra-dpaux 545c0000.dpaux: failed to get VDD supply: -517
[    1.021340] panel-simple panel: panel supply power not found, using dummy regulator
[    1.032507] brd: module loaded
[    1.038207] loop: module loaded
[    1.042261] as3722 4-0040: AS3722 with revision 0x1 found
[    1.052248] as3722-sd2: supplied by +5V_SYS
[    1.056668] as3722-sd3: supplied by +5V_SYS
[    1.060994] +1.35V_LP0(sd3): Bringing 0uV into 1350000-1350000uV
[    1.067212] as3722-sd4: supplied by +5V_SYS
[    1.071542] +1.05V_RUN: Bringing 0uV into 1050000-1050000uV
[    1.077282] as3722-sd5: supplied by +5V_SYS
[    1.082853] as3722-ldo0: supplied by +1.35V_LP0(sd2)
[    1.088582] +1.8V_RUN_CAM: Bringing 0uV into 1800000-1800000uV
[    1.094597] as3722-ldo2: supplied by +1.8V_VDDIO
[    1.100207] as3722-ldo3: supplied by +3.3V_SYS
[    1.104659] +1.00V_LP0_VDD_RTC: Bringing 1100000uV into 1000000-1000000uV
[    1.112224] as3722-ldo4: supplied by +3.3V_SYS
[    1.116833] +3.3V_RUN_CAM: Bringing 0uV into 2800000-2800000uV
[    1.122838] as3722-ldo5: supplied by +1.8V_VDDIO
[    1.127610] +1.2V_RUN_CAM_FRONT: Bringing 0uV into 1200000-1200000uV
[    1.134290] +VDDIO_SDMMC3: Bringing 0uV into 1800000-1800000uV
[    1.140301] as3722-ldo7: supplied by +1.8V_VDDIO
[    1.145072] +1.05V_RUN_CAM_REAR: Bringing 0uV into 1050000-1050000uV
[    1.151607] as3722-ldo9: supplied by +5V_SYS
[    1.156175] +2.8V_RUN_TOUCH: Bringing 0uV into 2800000-2800000uV
[    1.162361] as3722-ldo10: supplied by +5V_SYS
[    1.166871] +2.8V_RUN_CAM_AF: Bringing 0uV into 2800000-2800000uV
[    1.173301] +1.8V_RUN_VPP_FUSE: Bringing 0uV into 1800000-1800000uV
[    1.185602] random: fast init done
[    1.191420] m25p80 spi32765.0: w25q32dw (4096 Kbytes)
[    1.197502] libphy: Fixed MDIO Bus: probed
[    1.201972] CAN device driver interface
[    1.206118] bgmac_bcma: Broadcom 47xx GBit MAC driver loaded
[    1.212210] e1000e: Intel(R) PRO/1000 Network Driver - 3.2.6-k
[    1.218033] e1000e: Copyright(c) 1999 - 2015 Intel Corporation.
[    1.223963] igb: Intel(R) Gigabit Ethernet Network Driver - version 5.4.0-k
[    1.230907] igb: Copyright (c) 2007-2014 Intel Corporation.
[    1.237653] pegasus: v0.9.3 (2013/04/25), Pegasus/Pegasus II USB Ethernet driver
[    1.245058] usbcore: registered new interface driver pegasus
[    1.250716] usbcore: registered new interface driver asix
[    1.256118] usbcore: registered new interface driver ax88179_178a
[    1.262204] usbcore: registered new interface driver cdc_ether
[    1.268042] usbcore: registered new interface driver smsc75xx
[    1.273793] usbcore: registered new interface driver smsc95xx
[    1.279536] usbcore: registered new interface driver net1080
[    1.285196] usbcore: registered new interface driver cdc_subset
[    1.291109] usbcore: registered new interface driver zaurus
[    1.296689] usbcore: registered new interface driver cdc_ncm
[    1.302958] ehci_hcd: USB 2.0 'Enhanced' Host Controller (EHCI) Driver
[    1.309475] ehci-pci: EHCI PCI platform driver
[    1.313924] ehci-platform: EHCI generic platform driver
[    1.319202] ehci-orion: EHCI orion driver
[    1.323250] SPEAr-ehci: EHCI SPEAr driver
[    1.327293] ehci-st: EHCI STMicroelectronics driver
[    1.332201] ehci-exynos: EHCI EXYNOS driver
[    1.336430] ehci-atmel: EHCI Atmel driver
[    1.340475] tegra-ehci: Tegra EHCI driver
[    1.344540] ohci_hcd: USB 1.1 'Open' Host Controller (OHCI) Driver
[    1.350708] ohci-pci: OHCI PCI platform driver
[    1.355158] ohci-platform: OHCI generic platform driver
[    1.360423] ohci-omap3: OHCI OMAP3 driver
[    1.364471] SPEAr-ohci: OHCI SPEAr driver
[    1.368514] ohci-st: OHCI STMicroelectronics driver
[    1.373430] ohci-atmel: OHCI Atmel driver
[    1.377680] usbcore: registered new interface driver usb-storage
[    1.384454] elan_i2c 1-0015: 1-0015 supply vcc not found, using dummy regulator
[    1.391809] as3722-rtc as3722-rtc: rtc core: registered as3722-rtc as rtc0
[    1.398688] as3722-rtc as3722-rtc: RTC interrupt 372
[    1.405573] tegra_rtc 7000e000.rtc: rtc core: registered 7000e000.rtc as rtc1
[    1.412704] tegra_rtc 7000e000.rtc: Tegra internal Real Time Clock
[    1.419061] i2c /dev entries driver
[    1.424873] lm90 0-004c: 0-004c supply vcc not found, using dummy regulator
[    1.436171] sdhci: Secure Digital Host Controller Interface driver
[    1.442334] sdhci: Copyright(c) Pierre Ossman
[    1.447227] Synopsys Designware Multimedia Card Interface Driver
[    1.453606] sdhci-pltfm: SDHCI platform and OF driver helper
[    1.459517] sdhci-tegra 700b0000.sdhci: allocated mmc-pwrseq
[    1.465282] sdhci-tegra 700b0400.sdhci: Got CD GPIO
[    1.470151] sdhci-tegra 700b0400.sdhci: Got WP GPIO
[    1.475137] mmc0: Unknown controller version (3). You may experience problems.
[    1.482371] mmc0: Invalid maximum block size, assuming 512 bytes
[    1.553081] mmc0: SDHCI controller on 700b0600.sdhci [700b0600.sdhci] using ADMA
[    1.561155] ledtrig-cpu: registered to indicate activity on CPUs
[    1.567336] usbcore: registered new interface driver usbhid
[    1.572899] usbhid: USB HID core driver
[    1.578084] NET: Registered protocol family 10
[    1.582860] Segment Routing with IPv6
[    1.586561] sit: IPv6, IPv4 and MPLS over IPv4 tunneling driver
[    1.592698] NET: Registered protocol family 17
[    1.597145] can: controller area network core (rev 20120528 abi 9)
[    1.603332] elan_i2c 1-0015: Elan Touchpad: Module ID: 0x002a, Firmware: 0x0005, Sample: 0x0007, IAP: 0x0009
[    1.603417] NET: Registered protocol family 29
[    1.603421] can: raw protocol (rev 20120528)
[    1.603423] can: broadcast manager protocol (rev 20161123 t)
[    1.603428] can: netlink gateway (rev 20130117) max_hops=1
[    1.603593] Key type dns_resolver registered
[    1.613303] ThumbEE CPU extension supported.
[    1.613308] Registering SWP/SWPB emulation handler
[    1.625255] +3.3V_RUN: supplied by +3.3V_SYS
[    1.625789] +VDD_LED: supplied by +VDD_MUX
[    1.625886] +3.3V_AVDD_HDMI_AP_GATED: supplied by +3.3V_RUN
[    1.625926] +1.8V_RUN_CAM: supplied by +3.3V_RUN
[    1.625962] +VDDIO_SDMMC3: supplied by +3.3V_RUN
[    1.626006] +1.8V_RUN_VPP_FUSE: supplied by +3.3V_RUN
[    1.626183] +5V_VDD_TS_SW: supplied by +5V_SYS
[    1.626417] +5V_USB_HS: supplied by +5V_SYS
[    1.626654] +5V_USB_SS: supplied by +5V_SYS
[    1.627340] +3.3V_PANEL: supplied by +3.3V_RUN
[    1.628033] +3.3V_LP0: supplied by +3.3V_SYS
[    1.628679] +1.05V_RUN_AVDD_HDMI_PLL: supplied by +1.05V_RUN
[    1.628911] +5V_HDMI_CON: supplied by +5V_SYS
[    1.629746]  usb3-0: usb3-0 supply vbus not found, using dummy regulator
[    1.629809]  usb3-1: usb3-1 supply vbus not found, using dummy regulator
[    1.640686] tegra-sor 54540000.sor: failed to probe output: -517
[    1.641380] panel-simple panel: panel supply power not found, using dummy regulator
[    1.642320] sdhci-tegra 700b0000.sdhci: allocated mmc-pwrseq
[    1.642414] mmc1: Unknown controller version (3). You may experience problems.
[    1.642456] mmc1: Invalid maximum block size, assuming 512 bytes
[    1.642700] mmc1: Switching to 3.3V signalling voltage failed
[    1.686605] mmc0: new high speed MMC card at address 0001
[    1.687113] mmcblk0: mmc0:0001 MMC16G 14.4 GiB 
[    1.687461] mmcblk0boot0: mmc0:0001 MMC16G partition 1 2.00 MiB
[    1.687919] mmcblk0boot1: mmc0:0001 MMC16G partition 2 2.00 MiB
[    1.688324] mmcblk0rpmb: mmc0:0001 MMC16G partition 3 128 KiB
[    1.691445]  mmcblk0: p1 p2 p3 p4 p5 p6 p7 p8 p9 p10 p11 p12
[    1.693182] mmc1: SDHCI controller on 700b0000.sdhci [700b0000.sdhci] using ADMA
[    1.694122] sdhci-tegra 700b0400.sdhci: Got CD GPIO
[    1.694134] sdhci-tegra 700b0400.sdhci: Got WP GPIO
[    1.694250] mmc2: Unknown controller version (3). You may experience problems.
[    1.694298] mmc2: Invalid maximum block size, assuming 512 bytes
[    1.734435] mmc1: new high speed SDIO card at address 0001
[    1.753277] mmc2: SDHCI controller on 700b0400.sdhci [700b0400.sdhci] using ADMA
[    1.834343] input: Elan Touchpad as /devices/soc0/7000c400.i2c/i2c-1/1-0015/input/input0
[    1.850281] [drm] Supports vblank timestamp caching Rev 2 (21.10.2013).
[    1.856912] [drm] No driver support for vblank timestamp query.
[    1.905126] mmc2: new high speed SDHC card at address 0007
[    1.905547] mmcblk2: mmc2:0007 SD08G 7.42 GiB 
[    1.914012] GPT:Primary header alternate_lba != Alt. header my_lba
[    1.914016] GPT:3014591 != 15564799
[    1.914017] GPT:Primary header thinks Alt. header is not at the end of the disk.
[    1.914018] GPT:3014591 != 15564799
[    1.914020] GPT: Use GNU Parted to correct GPT errors.
[    1.914044]  mmcblk2: p1 p2 p3 p4 p5 p6 p7 p8 p9 p10 p11 p12
[    1.944814] Console: switching to colour frame buffer device 170x48
[    2.008972] drm drm: fb0:  frame buffer device
[    2.013483] [drm] Initialized tegra 0.0.0 20120330 for drm on minor 0
[    2.020649] input: gpio-keys as /devices/soc0/gpio-keys/input/input1
[    2.027974] as3722-rtc as3722-rtc: setting system clock to 2000-01-01 00:02:11 UTC (946684931)
[    2.037125] +1.8V_RUN_CAM: disabling
[    2.040813] +3.3V_RUN_CAM: disabling
[    2.044651] +1.2V_RUN_CAM_FRONT: disabling
[    2.048924] +1.05V_RUN_CAM_REAR: disabling
[    2.053253] +2.8V_RUN_TOUCH: disabling
[    2.057100] +2.8V_RUN_CAM_AF: disabling
[    2.061034] +1.8V_RUN_VPP_FUSE: disabling
[    2.065199] +5V_VDD_TS_SW: disabling
[    2.068774] +5V_USB_HS: disabling
[    2.072079] +5V_USB_SS: disabling
[    2.076238] EXT4-fs (mmcblk0p3): couldn't mount as ext3 due to feature incompatibilities
[    2.084892] EXT4-fs (mmcblk0p3): couldn't mount as ext2 due to feature incompatibilities
[    2.154466] EXT4-fs (mmcblk0p3): recovery complete
[    2.159826] EXT4-fs (mmcblk0p3): mounted filesystem with ordered data mode. Opts: (null)
[    2.167936] VFS: Mounted root (ext4 filesystem) on device 179:3.
[    2.174437] devtmpfs: mounted
[    2.178035] Freeing unused kernel memory: 2048K
bash: cannot set terminal process group (-1): Inappropriate ioctl for device
bash: no job control in this shell
root@(none):/# mount -t sysfs none /sys
root@(none):/# 
root@(none):/# mount -t debugfs none /sys/kernel/debug
root@(none):/# 
root@(none):/# rtcwake -d rtc1 -m mem -s 3
rtcwake: assuming RTC uses UTC ...
rtcwake: wakeup from "mem" using /dev/rtc1 at Thu Jan  1 00:00:27 1970
[    4.803134] PM: Syncing filesystems ... done.
[    4.827957] Freezing user space processes ... (elapsed 0.001 seconds) done.
[    4.836121] Freezing remaining freezable tasks ... (elapsed 0.001 seconds) done.
[    4.844794] Suspending console(s) (use no_console_suspend to debug)
[    4.891564] PM: suspend of devices complete after 39.994 msecs
[    4.892954] PM: late suspend of devices complete after 1.382 msecs
[    4.893909] PM: noirq suspend of devices complete after 0.950 msecs
[    4.893911] Disabling non-boot CPUs ...
[    4.965292] IRQ17 no longer affine to CPU2
[    5.054568] Entering suspend state LP1
[    5.054568] Suspended for 2.890 seconds
[    5.054578] Enabling non-boot CPUs ...
[    5.084807] CPU1 is up
[    5.124421] CPU2 is up
[    5.164631] CPU3 is up
[    5.165087] PM: noirq resume of devices complete after 0.450 msecs
[    5.166285] PM: early resume of devices complete after 0.892 msecs
[    5.322128] mmc1: Switching to 3.3V signalling voltage failed
[    5.573114] tegra-sor 54540000.sor: failed to attach SOR: -110
[    5.609691] PM: resume of devices complete after 443.399 msecs
[    5.685075] Restarting tasks ... done.
root@(none):/# 
root@(none):/# rtcwake -d rtc1 -m mem -s 3
rtcwake: assuming RTC uses UTC ...
rtcwake: wakeup from "mem" using /dev/rtc1 at Thu Jan  1 00:00:32 1970
[    6.993093] PM: Syncing filesystems ... done.
[    7.009845] Freezing user space processes ... (elapsed 0.001 seconds) done.
[    7.018020] Freezing remaining freezable tasks ... (elapsed 0.001 seconds) done.
[    7.026662] Suspending console(s) (use no_console_suspend to debug)
[    7.072422] PM: suspend of devices complete after 38.971 msecs
[    7.073565] PM: late suspend of devices complete after 1.136 msecs
[    7.074539] PM: noirq suspend of devices complete after 0.969 msecs
[    7.074541] Disabling non-boot CPUs ...
[    7.135076] IRQ17 no longer affine to CPU2
[    7.244515] Entering suspend state LP1
[    7.244515] Suspended for 2.809 seconds
[    7.244526] Enabling non-boot CPUs ...
[    7.274570] CPU1 is up
[    7.314410] CPU2 is up
[    7.354602] CPU3 is up
[    7.355039] PM: noirq resume of devices complete after 0.432 msecs
[    7.356447] PM: early resume of devices complete after 1.084 msecs
[    7.512146] mmc1: Switching to 3.3V signalling voltage failed
[    7.763091] tegra-sor 54540000.sor: failed to attach SOR: -110
[    7.799672] PM: resume of devices complete after 443.219 msecs
[    7.874935] Restarting tasks ... done.
root@(none):/# 
root@(none):/# rtcwake -d rtc1 -m mem -s 3
rtcwake: assuming RTC uses UTC ...
rtcwake: wakeup from "mem" using /dev/rtc1 at Thu Jan  1 00:00:37 1970
[    9.192891] PM: Syncing filesystems ... done.
[    9.216483] Freezing user space processes ... (elapsed 0.001 seconds) done.
[    9.224652] Freezing remaining freezable tasks ... (elapsed 0.001 seconds) done.
[    9.233338] Suspending console(s) (use no_console_suspend to debug)
[    9.279022] PM: suspend of devices complete after 38.906 msecs
[    9.280338] PM: late suspend of devices complete after 1.308 msecs
[    9.281258] PM: noirq suspend of devices complete after 0.915 msecs
[    9.281260] Disabling non-boot CPUs ...
[    9.434393] Entering suspend state LP1
[    9.434393] Suspended for 2.809 seconds
[    9.434403] Enabling non-boot CPUs ...
[    9.464753] CPU1 is up
[    9.504362] CPU2 is up
[    9.544562] CPU3 is up
[    9.544995] PM: noirq resume of devices complete after 0.428 msecs
[    9.546435] PM: early resume of devices complete after 1.126 msecs
[    9.702105] mmc1: Switching to 3.3V signalling voltage failed
[    9.953079] tegra-sor 54540000.sor: failed to attach SOR: -110
[    9.989616] PM: resume of devices complete after 443.175 msecs
[   10.060899] Restarting tasks ... done.
root@(none):/# 
root@(none):/# rtcwake -d rtc1 -m mem -s 3
rtcwake: assuming RTC uses UTC ...
rtcwake: wakeup from "mem" using /dev/rtc1 at Thu Jan  1 00:00:42 1970
[   11.382851] PM: Syncing filesystems ... done.
[   11.406464] Freezing user space processes ... (elapsed 0.001 seconds) done.
[   11.414542] Freezing remaining freezable tasks ... (elapsed 0.001 seconds) done.
[   11.423154] Suspending console(s) (use no_console_suspend to debug)
[   11.468967] PM: suspend of devices complete after 39.036 msecs
[   11.470257] PM: late suspend of devices complete after 1.281 msecs
[   11.471134] PM: noirq suspend of devices complete after 0.873 msecs
[   11.471136] Disabling non-boot CPUs ...
[   11.674736] Entering suspend state LP1
[   11.674736] Suspended for 2.759 seconds
[   11.674746] Enabling non-boot CPUs ...
[   11.704517] CPU1 is up
[   11.744355] CPU2 is up
[   11.784557] CPU3 is up
[   11.784995] PM: noirq resume of devices complete after 0.433 msecs
[   11.786354] PM: early resume of devices complete after 1.050 msecs
[   11.943025] mmc1: Switching to 3.3V signalling voltage failed
[   12.202975] tegra-sor 54540000.sor: failed to attach SOR: -110
[   12.230862] PM: resume of devices complete after 444.499 msecs
[   12.302244] Restarting tasks ... done.
root@(none):/# 
root@(none):/# rtcwake -d rtc1 -m mem -s 3
rtcwake: assuming RTC uses UTC ...
rtcwake: wakeup from "mem" using /dev/rtc1 at Thu Jan  1 00:00:47 1970
[   13.612833] PM: Syncing filesystems ... done.
[   13.630921] Freezing user space processes ... (elapsed 0.001 seconds) done.
[   13.639101] Freezing remaining freezable tasks ... (elapsed 0.001 seconds) done.
[   13.647731] Suspending console(s) (use no_console_suspend to debug)
[   13.693601] PM: suspend of devices complete after 39.082 msecs
[   13.695056] PM: late suspend of devices complete after 1.446 msecs
[   13.695968] PM: noirq suspend of devices complete after 0.907 msecs
[   13.695970] Disabling non-boot CPUs ...
[   13.864341] Entering suspend state LP1
[   13.864341] Suspended for 2.810 seconds
[   13.864352] Enabling non-boot CPUs ...
[   13.894713] CPU1 is up
[   13.934313] CPU2 is up
[   13.974513] CPU3 is up
[   13.974949] PM: noirq resume of devices complete after 0.431 msecs
[   13.976336] PM: early resume of devices complete after 1.089 msecs
[   14.132172] mmc1: Switching to 3.3V signalling voltage failed
[   14.382972] tegra-sor 54540000.sor: failed to attach SOR: -110
[   14.419530] PM: resume of devices complete after 443.188 msecs
[   14.490825] Restarting tasks ... done.
root@(none):/# 
root@(none):/# rtcwake -d rtc1 -m mem -s 3
rtcwake: assuming RTC uses UTC ...
rtcwake: wakeup from "mem" using /dev/rtc1 at Thu Jan  1 00:00:52 1970
[   15.812803] PM: Syncing filesystems ... done.
[   15.836370] Freezing user space processes ... (elapsed 0.001 seconds) done.
[   15.844544] Freezing remaining freezable tasks ... (elapsed 0.001 seconds) done.
[   15.853072] Suspending console(s) (use no_console_suspend to debug)
[   15.898943] PM: suspend of devices complete after 39.090 msecs
[   15.900383] PM: late suspend of devices complete after 1.431 msecs
[   15.901287] PM: noirq suspend of devices complete after 0.899 msecs
[   15.901289] Disabling non-boot CPUs ...
[   15.964955] IRQ17 no longer affine to CPU2
[   16.074433] Entering suspend state LP1
[   16.074433] Suspended for 2.789 seconds
[   16.074444] Enabling non-boot CPUs ...
[   16.104487] CPU1 is up
[   16.144307] CPU2 is up
[   16.184514] CPU3 is up
[   16.184947] PM: noirq resume of devices complete after 0.428 msecs
[   16.186371] PM: early resume of devices complete after 1.117 msecs
[   16.342036] mmc1: Switching to 3.3V signalling voltage failed
[   16.592936] tegra-sor 54540000.sor: failed to attach SOR: -110
[   16.629550] PM: resume of devices complete after 443.173 msecs
[   16.704819] Restarting tasks ... done.
root@(none):/# 
root@(none):/# rtcwake -d rtc1 -m mem -s 3
rtcwake: assuming RTC uses UTC ...
rtcwake: wakeup from "mem" using /dev/rtc1 at Thu Jan  1 00:00:57 1970
[   18.022786] PM: Syncing filesystems ... done.
[   18.046391] Freezing user space processes ... (elapsed 0.001 seconds) done.
[   18.054469] Freezing remaining freezable tasks ... (elapsed 0.001 seconds) done.
[   18.063090] Suspending console(s) (use no_console_suspend to debug)
[   18.109851] PM: suspend of devices complete after 39.985 msecs
[   18.111111] PM: late suspend of devices complete after 1.251 msecs
[   18.111977] PM: noirq suspend of devices complete after 0.861 msecs
[   18.111979] Disabling non-boot CPUs ...
[   18.284657] Entering suspend state LP1
[   18.284657] Suspended for 2.789 seconds
[   18.284668] Enabling non-boot CPUs ...
[   18.314472] CPU1 is up
[   18.354279] CPU2 is up
[   18.394493] CPU3 is up
[   18.394921] PM: noirq resume of devices complete after 0.423 msecs
[   18.396361] PM: early resume of devices complete after 1.129 msecs
[   18.551955] mmc1: Switching to 3.3V signalling voltage failed
[   18.802913] tegra-sor 54540000.sor: failed to attach SOR: -110
[   18.839529] PM: resume of devices complete after 443.162 msecs
[   18.910815] Restarting tasks ... done.
root@(none):/# 
root@(none):/# rtcwake -d rtc1 -m mem -s 3
rtcwake: assuming RTC uses UTC ...
rtcwake: wakeup from "mem" using /dev/rtc1 at Thu Jan  1 00:01:02 1970
[   20.232751] PM: Syncing filesystems ... done.
[   20.256371] Freezing user space processes ... (elapsed 0.001 seconds) done.
[   20.264545] Freezing remaining freezable tasks ... (elapsed 0.001 seconds) done.
[   20.273178] Suspending console(s) (use no_console_suspend to debug)
[   20.318746] PM: suspend of devices complete after 38.789 msecs
[   20.320066] PM: late suspend of devices complete after 1.311 msecs
[   20.320990] PM: noirq suspend of devices complete after 0.920 msecs
[   20.320992] Disabling non-boot CPUs ...
[   20.494624] Entering suspend state LP1
[   20.494624] Suspended for 2.789 seconds
[   20.494635] Enabling non-boot CPUs ...
[   20.524425] CPU1 is up
[   20.564254] CPU2 is up
[   20.604484] CPU3 is up
[   20.604917] PM: noirq resume of devices complete after 0.428 msecs
[   20.606259] PM: early resume of devices complete after 1.032 msecs
[   20.761947] mmc1: Switching to 3.3V signalling voltage failed
[   21.012933] tegra-sor 54540000.sor: failed to attach SOR: -110
[   21.049514] PM: resume of devices complete after 443.249 msecs
[   21.120824] Restarting tasks ... done.
root@(none):/# 
root@(none):/# rtcwake -d rtc1 -m mem -s 3
rtcwake: assuming RTC uses UTC ...
rtcwake: wakeup from "mem" using /dev/rtc1 at Thu Jan  1 00:01:07 1970
[   22.432901] PM: Syncing filesystems ... done.
[   22.449664] Freezing user space processes ... (elapsed 0.001 seconds) done.
[   22.457843] Freezing remaining freezable tasks ... (elapsed 0.001 seconds) done.
[   22.466475] Suspending console(s) (use no_console_suspend to debug)
[   22.512138] PM: suspend of devices complete after 38.882 msecs
[   22.513501] PM: late suspend of devices complete after 1.354 msecs
[   22.514457] PM: noirq suspend of devices complete after 0.951 msecs
[   22.514459] Disabling non-boot CPUs ...
[   22.514661] IRQ17 no longer affine to CPU1
[   22.674603] Entering suspend state LP1
[   22.674603] Suspended for 2.819 seconds
[   22.674613] Enabling non-boot CPUs ...
[   22.704401] CPU1 is up
[   22.744219] CPU2 is up
[   22.784437] CPU3 is up
[   22.784880] PM: noirq resume of devices complete after 0.438 msecs
[   22.786255] PM: early resume of devices complete after 1.048 msecs
[   22.941941] mmc1: Switching to 3.3V signalling voltage failed
[   23.192920] tegra-sor 54540000.sor: failed to attach SOR: -110
[   23.229467] PM: resume of devices complete after 443.206 msecs
[   23.304839] Restarting tasks ... done.
root@(none):/# 
root@(none):/# rtcwake -d rtc1 -m mem -s 3
rtcwake: assuming RTC uses UTC ...
rtcwake: wakeup from "mem" using /dev/rtc1 at Thu Jan  1 00:01:12 1970
[   24.622702] PM: Syncing filesystems ... done.
[   24.646315] Freezing user space processes ... (elapsed 0.001 seconds) done.
[   24.654395] Freezing remaining freezable tasks ... (elapsed 0.001 seconds) done.
[   24.663017] Suspending console(s) (use no_console_suspend to debug)
[   24.709990] PM: suspend of devices complete after 40.197 msecs
[   24.711404] PM: late suspend of devices complete after 1.407 msecs
[   24.712319] PM: noirq suspend of devices complete after 0.910 msecs
[   24.712321] Disabling non-boot CPUs ...
[   24.884178] Entering suspend state LP1
[   24.884178] Suspended for 2.790 seconds
[   24.884188] Enabling non-boot CPUs ...
[   24.914574] CPU1 is up
[   24.954178] CPU2 is up
[   24.994381] CPU3 is up
[   24.994811] PM: noirq resume of devices complete after 0.425 msecs
[   24.996368] PM: early resume of devices complete after 1.248 msecs
[   25.152536] mmc1: Switching to 3.3V signalling voltage failed
[   25.402810] tegra-sor 54540000.sor: failed to attach SOR: -110
[   25.440245] PM: resume of devices complete after 443.871 msecs
[   25.511551] Restarting tasks ... done.
root@(none):/# 
root@(none):/# NVTB SYSTEM SUSPEND TEST COMPLETE
