
U-Boot SPL 2016.05-rc2 (Apr 21 2016 - 16:23:00)
Trying to boot from RAM


U-Boot 2016.05-rc2 (Apr 21 2016 - 16:23:00 -0700)

TEGRA124
Model: NVIDIA Jetson TK1
Board: NVIDIA Jetson TK1
DRAM:  2 GiB
MC:   Tegra SD/MMC: 0, Tegra SD/MMC: 1
In:    serial
Out:   serial
Err:   serial
Net:   No ethernet found.
Hit any key to stop autoboot:  2  0 
Tegra124 (Jetson TK1) # 
Tegra124 (Jetson TK1) # pci enum
Tegra124 (Jetson TK1) # setenv bootargs 'ignore_loglevel console=ttyS0,115200n8 rw root=PARTUUID=b1791faa-84e8-4e27-83a1-9fb0a77e8803 rootwait gpt debug noinitrd earlyprintk init=/bin/bash'
Tegra124 (Jetson TK1) # setenv ipaddr 192.168.100.102; setenv serverip 192.168.100.1; setenv tftpserverip 192.168.100.1
Tegra124 (Jetson TK1) # tftpboot 0x82000000 zImage.multi_v7_defconfig

Warning: eth_rtl8169 using MAC address from ROM
Using eth_rtl8169 device
TFTP from server 192.168.100.1; our IP address is 192.168.100.102
Filename 'zImage.multi_v7_defconfig'.
Load address: 0x82000000
Loading: *#################################################################
	 #################################################################
	 #################################################################
	 #################################################################
	 #################################################################
	 #################################################################
	 #################################################################
	 #########################
	 3.7 MiB/s
done
Bytes transferred = 7043696 (6b7a70 hex)
Tegra124 (Jetson TK1) # tftpboot 0x83000000 tegra124-jetson-tk1.dtb
Using eth_rtl8169 device
TFTP from server 192.168.100.1; our IP address is 192.168.100.102
Filename 'tegra124-jetson-tk1.dtb'.
Load address: 0x83000000
Loading: *#####
	 3.5 MiB/s
done
Bytes transferred = 66737 (104b1 hex)
Tegra124 (Jetson TK1) # bootz 0x82000000 - 0x83000000
Kernel image @ 0x82000000 [ 0x000000 - 0x6b7a70 ]
## Flattened Device Tree blob at 83000000
   Booting using the fdt blob at 0x83000000
   Using Device Tree in place at 83000000, end 830134b0

Starting kernel ...

[    0.000000] Booting Linux on physical CPU 0x0
[    0.000000] Linux version 4.6.0-rc5-next-20160428-114809-gef413b9 (pwalmsley@tamien) (gcc version 4.7.3 20130328 (prerelease) (crosstool-NG linaro-1.13.1-4.7-2013.04-20130415 - Linaro GCC 2013.04) ) #1 SMP Thu Apr 28 04:23:30 PDT 2016
[    0.000000] CPU: ARMv7 Processor [413fc0f3] revision 3 (ARMv7), cr=10c5387d
[    0.000000] CPU: div instructions available: patching division code
[    0.000000] CPU: PIPT / VIPT nonaliasing data cache, PIPT instruction cache
[    0.000000] Machine model: NVIDIA Tegra124 Jetson TK1
[    0.000000] debug: ignoring loglevel setting.
[    0.000000] cma: Reserved 64 MiB at 0xfb800000
[    0.000000] Memory policy: Data cache writealloc
[    0.000000] On node 0 totalpages: 524032
[    0.000000] free_area_init_node: node 0, pgdat c1418040, node_mem_map eeff8000
[    0.000000]   DMA zone: 1536 pages used for memmap
[    0.000000]   DMA zone: 0 pages reserved
[    0.000000]   DMA zone: 196608 pages, LIFO batch:31
[    0.000000]   HighMem zone: 327424 pages, LIFO batch:31
[    0.000000] percpu: Embedded 13 pages/cpu @eef89000 s23744 r8192 d21312 u53248
[    0.000000] pcpu-alloc: s23744 r8192 d21312 u53248 alloc=13*4096
[    0.000000] pcpu-alloc: [0] 0 [0] 1 [0] 2 [0] 3 
[    0.000000] Built 1 zonelists in Zone order, mobility grouping on.  Total pages: 522496
[    0.000000] Kernel command line: ignore_loglevel console=ttyS0,115200n8 rw root=PARTUUID=b1791faa-84e8-4e27-83a1-9fb0a77e8803 rootwait gpt debug noinitrd earlyprintk init=/bin/bash
[    0.000000] PID hash table entries: 4096 (order: 2, 16384 bytes)
[    0.000000] Dentry cache hash table entries: 131072 (order: 7, 524288 bytes)
[    0.000000] Inode-cache hash table entries: 65536 (order: 6, 262144 bytes)
[    0.000000] Memory: 1995012K/2096128K available (9527K kernel code, 1128K rwdata, 4184K rodata, 2048K init, 338K bss, 35580K reserved, 65536K cma-reserved, 1244160K highmem)
[    0.000000] Virtual kernel memory layout:
[    0.000000]     vector  : 0xffff0000 - 0xffff1000   (   4 kB)
[    0.000000]     fixmap  : 0xffc00000 - 0xfff00000   (3072 kB)
[    0.000000]     vmalloc : 0xf0800000 - 0xff800000   ( 240 MB)
[    0.000000]     lowmem  : 0xc0000000 - 0xf0000000   ( 768 MB)
[    0.000000]     pkmap   : 0xbfe00000 - 0xc0000000   (   2 MB)
[    0.000000]     modules : 0xbf000000 - 0xbfe00000   (  14 MB)
[    0.000000]       .text : 0xc0208000 - 0xc1063fe4   (14704 kB)
[    0.000000]       .init : 0xc1100000 - 0xc1300000   (2048 kB)
[    0.000000]       .data : 0xc1300000 - 0xc141a080   (1129 kB)
[    0.000000]        .bss : 0xc141c000 - 0xc1470a98   ( 339 kB)
[    0.000000] SLUB: HWalign=64, Order=0-3, MinObjects=0, CPUs=4, Nodes=1
[    0.000000] Hierarchical RCU implementation.
[    0.000000] 	Build-time adjustment of leaf fanout to 32.
[    0.000000] 	RCU restricting CPUs from NR_CPUS=16 to nr_cpu_ids=4.
[    0.000000] RCU: Adjusting geometry for rcu_fanout_leaf=32, nr_cpu_ids=4
[    0.000000] NR_IRQS:16 nr_irqs:16 16
[    0.000000] /interrupt-controller@60004000: 160 interrupts forwarded to /interrupt-controller@0,50041000
[    0.000000] Tegra clk 127: register failed with -17
[    0.000009] sched_clock: 32 bits at 1000kHz, resolution 1000ns, wraps every 2147483647500ns
[    0.000031] clocksource: timer_us: mask: 0xffffffff max_cycles: 0xffffffff, max_idle_ns: 1911260446275 ns
[    0.000046] Switching to timer-based delay loop, resolution 1000ns
[    0.005386] Architected cp15 timer(s) running at 12.00MHz (virt).
[    0.005405] clocksource: arch_sys_counter: mask: 0xffffffffffffff max_cycles: 0x2c47f4ee7, max_idle_ns: 440795202497 ns
[    0.005424] sched_clock: 56 bits at 12MHz, resolution 83ns, wraps every 4398046511096ns
[    0.005436] Switching to timer-based delay loop, resolution 83ns
[    0.005913] Console: colour dummy device 80x30
[    0.005938] Calibrating delay loop (skipped), value calculated using timer frequency.. 24.00 BogoMIPS (lpj=60000)
[    0.005953] pid_max: default: 32768 minimum: 301
[    0.006044] Mount-cache hash table entries: 2048 (order: 1, 8192 bytes)
[    0.006056] Mountpoint-cache hash table entries: 2048 (order: 1, 8192 bytes)
[    0.006645] CPU: Testing write buffer coherency: ok
[    0.006864] /cpus/cpu@0 missing clock-frequency property
[    0.006907] /cpus/cpu@1 missing clock-frequency property
[    0.006948] /cpus/cpu@2 missing clock-frequency property
[    0.006990] /cpus/cpu@3 missing clock-frequency property
[    0.007002] CPU0: thread -1, cpu 0, socket 0, mpidr 80000000
[    0.007023] Setting up static identity map for 0x80300000 - 0x80300098
[    0.010607] Tegra Revision: A01 SKU: 129 CPU Process: 1 SoC Process: 1
[    0.012068] CPU1: thread -1, cpu 1, socket 0, mpidr 80000001
[    0.015754] CPU2: thread -1, cpu 2, socket 0, mpidr 80000002
[    0.020749] CPU3: thread -1, cpu 3, socket 0, mpidr 80000003
[    0.025194] Brought up 4 CPUs
[    0.025213] SMP: Total of 4 processors activated (96.00 BogoMIPS).
[    0.025221] CPU: All CPU(s) started in SVC mode.
[    0.026697] devtmpfs: initialized
[    0.046110] VFP support v0.3: implementor 41 architecture 4 part 30 variant f rev 0
[    0.046810] clocksource: jiffies: mask: 0xffffffff max_cycles: 0xffffffff, max_idle_ns: 9556302231375000 ns
[    0.048182] pinctrl core: initialized pinctrl subsystem
[    0.049803] NET: Registered protocol family 16
[    0.051764] DMA: preallocated 256 KiB pool for atomic coherent allocations
[    0.065326] cpuidle: using governor menu
[    0.084298] No ATAGs?
[    0.084325] hw-breakpoint: found 5 (+1 reserved) breakpoint and 4 watchpoint registers.
[    0.084335] hw-breakpoint: maximum watchpoint size is 8 bytes.
[    0.090489] Serial: AMBA PL011 UART driver
[    0.120360] +5V_SYS: supplied by +VDD_MUX
[    0.120691] +3.3V_SYS: supplied by +VDD_MUX
[    0.121326] +USB0_VBUS_SW: Failed to request enable GPIO108: -517
[    0.121341] reg-fixed-voltage regulators:regulator@7: Failed to register regulator: -517
[    0.121432] +5V_USB_HS: Failed to request enable GPIO109: -517
[    0.121445] reg-fixed-voltage regulators:regulator@8: Failed to register regulator: -517
[    0.121612] +1.05V_RUN_AVDD_HDMI_PLL: Failed to request enable GPIO63: -517
[    0.121625] reg-fixed-voltage regulators:regulator@11: Failed to register regulator: -517
[    0.121713] +5V_HDMI_CON: Failed to request enable GPIO86: -517
[    0.121725] reg-fixed-voltage regulators:regulator@12: Failed to register regulator: -517
[    0.121812] +5V_SATA: Failed to request enable GPIO242: -517
[    0.121825] reg-fixed-voltage regulators:regulator@13: Failed to register regulator: -517
[    0.121911] +12V_SATA: Failed to request enable GPIO242: -517
[    0.121923] reg-fixed-voltage regulators:regulator@14: Failed to register regulator: -517
[    0.125254] vgaarb: loaded
[    0.126092] SCSI subsystem initialized
[    0.126257] libata version 3.00 loaded.
[    0.126537] usbcore: registered new interface driver usbfs
[    0.126606] usbcore: registered new interface driver hub
[    0.126670] usbcore: registered new device driver usb
[    0.130423] pps_core: LinuxPPS API ver. 1 registered
[    0.130434] pps_core: Software ver. 5.3.6 - Copyright 2005-2007 Rodolfo Giometti <giometti@linux.it>
[    0.130458] PTP clock support registered
[    0.130689] EDAC MC: Ver: 3.0.0
[    0.133849] clocksource: Switched to clocksource arch_sys_counter
[    0.145071] NET: Registered protocol family 2
[    0.145588] TCP established hash table entries: 8192 (order: 3, 32768 bytes)
[    0.145686] TCP bind hash table entries: 8192 (order: 4, 65536 bytes)
[    0.145873] TCP: Hash tables configured (established 8192 bind 8192)
[    0.145924] UDP hash table entries: 512 (order: 2, 16384 bytes)
[    0.145964] UDP-Lite hash table entries: 512 (order: 2, 16384 bytes)
[    0.146118] NET: Registered protocol family 1
[    0.146347] RPC: Registered named UNIX socket transport module.
[    0.146357] RPC: Registered udp transport module.
[    0.146364] RPC: Registered tcp transport module.
[    0.146371] RPC: Registered tcp NFSv4.1 backchannel transport module.
[    0.146382] PCI: CLS 0 bytes, default 64
[    0.147535] hw perfevents: enabled with armv7_cortex_a15 PMU driver, 7 counters available
[    0.149081] futex hash table entries: 1024 (order: 4, 65536 bytes)
[    0.149798] workingset: timestamp_bits=28 max_order=19 bucket_order=0
[    0.161444] squashfs: version 4.0 (2009/01/31) Phillip Lougher
[    0.162287] NFS: Registering the id_resolver key type
[    0.162314] Key type id_resolver registered
[    0.162322] Key type id_legacy registered
[    0.162366] ntfs: driver 2.1.32 [Flags: R/O].
[    0.163649] bounce: pool size: 64 pages
[    0.163882] Block layer SCSI generic (bsg) driver version 0.4 loaded (major 248)
[    0.163893] io scheduler noop registered
[    0.163902] io scheduler deadline registered
[    0.163934] io scheduler cfq registered (default)
[    0.169310] usb2-0 supply vbus not found, using dummy regulator
[    0.169435] usb2-1 supply vbus not found, using dummy regulator
[    0.169822] tegra-xusb-padctl 7009f000.padctl: failed to setup XUSB ports: -517
[    0.186626] tegra-pcie 1003000.pcie-controller: 2x1, 1x1 configuration
[    0.186680] tegra-pcie 1003000.pcie-controller: Failed to get supply 'avddio-pex': -517
[    0.194000] tegra-apbdma 60020000.dma: Tegra20 APB DMA driver register 32 channels
[    0.195983] tegra-pmc 7000e400.pmc: emergency thermal reset enabled
[    0.260279] Serial: 8250/16550 driver, 4 ports, IRQ sharing disabled
[    0.263246] console [ttyS0] disabled
[    0.263280] 70006300.serial: ttyS0 at MMIO 0x70006300 (irq = 333, base_baud = 25500000) is a Tegra
[    1.115079] console [ttyS0] enabled
[    1.119512] SuperH (H)SCI(F) driver initialized
[    1.125128] msm_serial: driver initialized
[    1.129444] STMicroelectronics ASC driver initialized
[    1.135436] serial-tegra serial@70006000: failed to get alias id, errno -19
[    1.142461] serial-tegra serial@70006040: failed to get alias id, errno -19
[    1.152532] [drm] Initialized drm 1.1.0 20060810
[    1.160698] tegra-hdmi 54280000.hdmi: failed to get HDMI regulator
[    1.180396] brd: module loaded
[    1.189589] loop: module loaded
[    1.193209] at24 0-0056: 256 byte 24c02 EEPROM, writable, 8 bytes/write
[    1.201507] as3722 4-0040: AS3722 with revision 0x1 found
[    1.212603] as3722-sd2: supplied by +5V_SYS
[    1.217276] as3722-sd3: supplied by +5V_SYS
[    1.221691] +1.35V_LP0(sd3): Bringing 0uV into 1350000-1350000uV
[    1.228077] as3722-sd4: supplied by +5V_SYS
[    1.232737] as3722-sd5: supplied by +5V_SYS
[    1.238808] as3722-ldo0: supplied by +1.35V_LP0(sd2)
[    1.244922] +1.8V_RUN_CAM: Bringing 0uV into 1800000-1800000uV
[    1.251176] as3722-ldo2: supplied by +1.8V_VDDIO
[    1.257095] as3722-ldo3: supplied by +3.3V_SYS
[    1.261595] +1.05V_LP0_VDD_RTC: Bringing 1100000uV into 1000000-1000000uV
[    1.269425] as3722-ldo4: supplied by +3.3V_SYS
[    1.274101] +2.8V_RUN_CAM: Bringing 0uV into 2800000-2800000uV
[    1.280351] as3722-ldo5: supplied by +1.8V_VDDIO
[    1.285196] +1.2V_RUN_CAM_FRONT: Bringing 0uV into 1200000-1200000uV
[    1.292163] +VDDIO_SDMMC3: bypassed regulator has no supply!
[    1.297833] +VDDIO_SDMMC3: failed to get the current voltage(-517)
[    1.304026] as3722-regulator as3722-regulator: regulator 13 register failed -517
[    1.316272] tegra-ahci 70027000.sata: couldn't get PHY in node sata: -517
[    1.338216] m25p80 spi32765.0: w25q32dw (4096 Kbytes)
[    1.347564] CAN device driver interface
[    1.353546] igb: Intel(R) Gigabit Ethernet Network Driver - version 5.3.0-k
[    1.360513] igb: Copyright (c) 2007-2014 Intel Corporation.
[    1.369561] pegasus: v0.9.3 (2013/04/25), Pegasus/Pegasus II USB Ethernet driver
[    1.377022] usbcore: registered new interface driver pegasus
[    1.382749] usbcore: registered new interface driver asix
[    1.388198] usbcore: registered new interface driver ax88179_178a
[    1.394341] usbcore: registered new interface driver cdc_ether
[    1.400245] usbcore: registered new interface driver smsc75xx
[    1.406060] usbcore: registered new interface driver smsc95xx
[    1.411855] usbcore: registered new interface driver net1080
[    1.417568] usbcore: registered new interface driver cdc_subset
[    1.423536] usbcore: registered new interface driver zaurus
[    1.429188] usbcore: registered new interface driver cdc_ncm
[    1.435110] tegra-phy 7d004000.usb-phy: no vbus regulator
[    1.442707] ehci_hcd: USB 2.0 'Enhanced' Host Controller (EHCI) Driver
[    1.449244] ehci-pci: EHCI PCI platform driver
[    1.453726] ehci-platform: EHCI generic platform driver
[    1.459184] ehci-omap: OMAP-EHCI Host Controller driver
[    1.464570] ehci-orion: EHCI orion driver
[    1.468732] SPEAr-ehci: EHCI SPEAr driver
[    1.472908] ehci-st: EHCI STMicroelectronics driver
[    1.477950] ehci-exynos: EHCI EXYNOS driver
[    1.482318] ehci-atmel: EHCI Atmel driver
[    1.486492] tegra-ehci: Tegra EHCI driver
[    1.490731] ------------[ cut here ]------------
[    1.495376] WARNING: CPU: 0 PID: 1 at drivers/reset/core.c:187 __of_reset_control_get+0x1bc/0x228
[    1.504246] Modules linked in:
[    1.507310] CPU: 0 PID: 1 Comm: swapper/0 Not tainted 4.6.0-rc5-next-20160428-114809-gef413b9 #1
[    1.516080] Hardware name: NVIDIA Tegra SoC (Flattened Device Tree)
[    1.522359] [<c030f9a0>] (unwind_backtrace) from [<c030b088>] (show_stack+0x10/0x14)
[    1.530099] [<c030b088>] (show_stack) from [<c0584f08>] (dump_stack+0x84/0xa4)
[    1.537319] [<c0584f08>] (dump_stack) from [<c0341b64>] (__warn+0xd4/0x100)
[    1.544278] [<c0341b64>] (__warn) from [<c0341bb0>] (warn_slowpath_null+0x20/0x28)
[    1.551842] [<c0341bb0>] (warn_slowpath_null) from [<c069b5ec>] (__of_reset_control_get+0x1bc/0x228)
[    1.560970] [<c069b5ec>] (__of_reset_control_get) from [<c090bf54>] (tegra_ehci_probe+0x2d0/0x51c)
[    1.569924] [<c090bf54>] (tegra_ehci_probe) from [<c0774044>] (platform_drv_probe+0x50/0xb0)
[    1.578355] [<c0774044>] (platform_drv_probe) from [<c07729a8>] (driver_probe_device+0x1f4/0x2b0)
[    1.587219] [<c07729a8>] (driver_probe_device) from [<c0772b10>] (__driver_attach+0xac/0xb0)
[    1.595647] [<c0772b10>] (__driver_attach) from [<c0770fbc>] (bus_for_each_dev+0x54/0x88)
[    1.603816] [<c0770fbc>] (bus_for_each_dev) from [<c0771f9c>] (bus_add_driver+0xe8/0x1f4)
[    1.611985] [<c0771f9c>] (bus_add_driver) from [<c077332c>] (driver_register+0x78/0xf4)
[    1.619981] [<c077332c>] (driver_register) from [<c0301e5c>] (do_one_initcall+0x3c/0x16c)
[    1.628152] [<c0301e5c>] (do_one_initcall) from [<c1100d80>] (kernel_init_freeable+0x120/0x1ec)
[    1.636843] [<c1100d80>] (kernel_init_freeable) from [<c0b5253c>] (kernel_init+0x8/0x118)
[    1.645015] [<c0b5253c>] (kernel_init) from [<c0307f78>] (ret_from_fork+0x14/0x3c)
[    1.652615] ---[ end trace da02e3978e8335d2 ]---
[    1.657248] tegra-ehci 7d004000.usb: can't get utmi-pads reset from the PHY
[    1.664217] tegra-ehci 7d004000.usb: continuing, but please update your DT
[    1.671202] tegra-ehci 7d004000.usb: EHCI Host Controller
[    1.676639] tegra-ehci 7d004000.usb: new USB bus registered, assigned bus number 1
[    1.684495] tegra-ehci 7d004000.usb: irq 352, io mem 0x7d004000
[    1.698864] tegra-ehci 7d004000.usb: USB 2.0 started, EHCI 1.10
[    1.705643] hub 1-0:1.0: USB hub found
[    1.709442] hub 1-0:1.0: 1 port detected
[    1.714021] ohci_hcd: USB 1.1 'Open' Host Controller (OHCI) Driver
[    1.720234] ohci-pci: OHCI PCI platform driver
[    1.724739] ohci-platform: OHCI generic platform driver
[    1.730168] ohci-omap3: OHCI OMAP3 driver
[    1.734343] SPEAr-ohci: OHCI SPEAr driver
[    1.738502] ohci-st: OHCI STMicroelectronics driver
[    1.743545] ohci-atmel: OHCI Atmel driver
[    1.748402] usbcore: registered new interface driver usb-storage
[    1.756181] mousedev: PS/2 mouse device common for all mice
[    1.765434] as3722-rtc as3722-rtc: rtc core: registered as3722-rtc as rtc0
[    1.772322] as3722-rtc as3722-rtc: RTC interrupt 375
[    1.780684] tegra_rtc 7000e000.rtc: rtc core: registered 7000e000.rtc as rtc1
[    1.787876] tegra_rtc 7000e000.rtc: Tegra internal Real Time Clock
[    1.794664] i2c /dev entries driver
[    1.805226] 0-004c supply vcc not found, using dummy regulator
[    1.820499] sdhci: Secure Digital Host Controller Interface driver
[    1.826692] sdhci: Copyright(c) Pierre Ossman
[    1.832739] Synopsys Designware Multimedia Card Interface Driver
[    1.839972] sdhci-pltfm: SDHCI platform and OF driver helper
[    1.846462] sdhci-tegra 700b0400.sdhci: Got CD GPIO
[    1.851369] sdhci-tegra 700b0400.sdhci: Got WP GPIO
[    1.856309] mmc0: Unknown controller version (3). You may experience problems.
[    1.863784] mmc0: Unknown controller version (3). You may experience problems.
[    1.871072] mmc0: Invalid maximum block size, assuming 512 bytes
[    1.908865] mmc0: SDHCI controller on 700b0600.sdhci [700b0600.sdhci] using ADMA 64-bit
[    1.918565] ledtrig-cpu: registered to indicate activity on CPUs
[    1.925075] usbcore: registered new interface driver usbhid
[    1.930657] usbhid: USB HID core driver
[    1.939033] tegra124-dfll 70110000.clock: couldn't get vdd_cpu regulator
[    1.950608] NET: Registered protocol family 10
[    1.955786] sit: IPv6 over IPv4 tunneling driver
[    1.961102] NET: Registered protocol family 17
[    1.965588] can: controller area network core (rev 20120528 abi 9)
[    1.971850] NET: Registered protocol family 29
[    1.976326] can: raw protocol (rev 20120528)
[    1.980614] can: broadcast manager protocol (rev 20120528 t)
[    1.986295] can: netlink gateway (rev 20130117) max_hops=1
[    1.992181] Key type dns_resolver registered
[    1.997121] ThumbEE CPU extension supported.
[    2.001421] Registering SWP/SWPB emulation handler
[    2.010987] +3.3V_RUN: supplied by +3.3V_SYS
[    2.016570] +3.3V_AVDD_HDMI_AP_GATED: supplied by +3.3V_RUN
[    2.022781] +USB0_VBUS_SW: supplied by +5V_SYS
[    2.027953] +5V_USB_HS: supplied by +5V_SYS
[    2.033681] +3.3V_LP0: supplied by +3.3V_SYS
[    2.040009] +5V_HDMI_CON: supplied by +5V_SYS
[    2.045105] +5V_SATA: supplied by +5V_SYS
[    2.049809] +12V_SATA: supplied by +VDD_MUX
[    2.056416] usb2-0 supply vbus not found, using dummy regulator
[    2.060435] mmc0: new high speed MMC card at address 0001
[    2.061543] mmcblk0: mmc0:0001 SEM16G 14.7 GiB 
[    2.062325] mmcblk0boot0: mmc0:0001 SEM16G partition 1 4.00 MiB
[    2.062627] mmcblk0boot1: mmc0:0001 SEM16G partition 2 4.00 MiB
[    2.063811] mmcblk0rpmb: mmc0:0001 SEM16G partition 3 4.00 MiB
[    2.066278]  mmcblk0: p1
[    2.092825] usb2-1 supply vbus not found, using dummy regulator
[    2.099223] usb3-0 supply vbus not found, using dummy regulator
[    2.106459] tegra-pcie 1003000.pcie-controller: 2x1, 1x1 configuration
[    2.113099] tegra-pcie 1003000.pcie-controller: Failed to get supply 'avddio-pex': -517
[    2.122961] tegra-hdmi 54280000.hdmi: failed to get PLL regulator
[    2.133871] as3722-sd2: supplied by +5V_SYS
[    2.138439] as3722-sd3: supplied by +5V_SYS
[    2.143050] as3722-sd4: supplied by +5V_SYS
[    2.147586] +1.05V_RUN_AVDD_HDMI_PLL: supplied by +1.05V_RUN
[    2.153413] as3722-sd5: supplied by +5V_SYS
[    2.159429] as3722-ldo0: supplied by +1.35V_LP0(sd2)
[    2.165520] as3722-ldo1: supplied by +3.3V_RUN
[    2.170358] as3722-ldo2: supplied by +1.8V_VDDIO
[    2.175919] as3722-ldo3: supplied by +3.3V_SYS
[    2.181251] as3722-ldo4: supplied by +3.3V_SYS
[    2.185974] as3722-ldo5: supplied by +1.8V_VDDIO
[    2.190875] as3722-ldo6: supplied by +3.3V_RUN
[    2.195609] as3722-ldo7: supplied by +1.8V_VDDIO
[    2.200979] +1.05V_RUN_CAM_REAR: Bringing 0uV into 1050000-1050000uV
[    2.208084] as3722-ldo9: supplied by +5V_SYS
[    2.213576] +3.3V_RUN_TOUCH: Bringing 0uV into 2800000-2800000uV
[    2.220177] as3722-ldo10: supplied by +5V_SYS
[    2.225076] +2.8V_RUN_CAM_AF: Bringing 0uV into 2800000-2800000uV
[    2.231744] as3722-ldo11: supplied by +3.3V_RUN
[    2.236815] +1.8V_RUN_VPP_FUSE: Bringing 0uV into 1800000-1800000uV
[    2.246603] tegra-ahci 70027000.sata: AHCI 0001.0301 32 slots 2 ports 3 Gbps 0x1 impl platform mode
[    2.255681] tegra-ahci 70027000.sata: flags: 64bit ncq sntf pm led pio slum part sadm sds apst 
[    2.266485] scsi host0: tegra-ahci
[    2.271271] scsi host1: tegra-ahci
[    2.275065] ata1: SATA max UDMA/133 mmio [mem 0x70027000-0x70028fff] port 0x100 irq 343
[    2.283078] ata2: DUMMY
[    2.288697] tegra-ehci 7d008000.usb: EHCI Host Controller
[    2.294155] tegra-ehci 7d008000.usb: new USB bus registered, assigned bus number 2
[    2.301909] tegra-ehci 7d008000.usb: irq 353, io mem 0x7d008000
[    2.313967] tegra-ehci 7d008000.usb: USB 2.0 started, EHCI 1.10
[    2.321101] hub 2-0:1.0: USB hub found
[    2.324961] hub 2-0:1.0: 1 port detected
[    2.331461] sdhci-tegra 700b0400.sdhci: Got CD GPIO
[    2.336412] sdhci-tegra 700b0400.sdhci: Got WP GPIO
[    2.341406] mmc1: Unknown controller version (3). You may experience problems.
[    2.348939] mmc1: Invalid maximum block size, assuming 512 bytes
[    2.389402] mmc1: SDHCI controller on 700b0400.sdhci [700b0400.sdhci] using ADMA 64-bit
[    2.401987] tegra-pcie 1003000.pcie-controller: 2x1, 1x1 configuration
[    2.410760] tegra-pcie 1003000.pcie-controller: probing port 0, using 2 lanes
[    2.420152] tegra-pcie 1003000.pcie-controller: Slot present pin change, signature: 00000008
[    2.444632] tegra-pcie 1003000.pcie-controller: probing port 1, using 1 lanes
[    2.453868] tegra-pcie 1003000.pcie-controller: Slot present pin change, signature: 00000000
[    2.468689] tegra-pcie 1003000.pcie-controller: PCI host bridge to bus 0000:00
[    2.475955] pci_bus 0000:00: root bus resource [io  0x0000-0xffff]
[    2.482152] pci_bus 0000:00: root bus resource [mem 0x13000000-0x1fffffff]
[    2.489059] pci_bus 0000:00: root bus resource [mem 0x20000000-0x3fffffff pref]
[    2.496404] pci_bus 0000:00: root bus resource [bus 00-ff]
[    2.501967] pci 0000:00:01.0: [10de:0e12] type 01 class 0x060400
[    2.508113] pci 0000:00:01.0: PME# supported from D0 D1 D2 D3hot D3cold
[    2.515161] pci 0000:00:02.0: [10de:0e13] type 01 class 0x060400
[    2.521334] pci 0000:00:02.0: PME# supported from D0 D1 D2 D3hot D3cold
[    2.528351] PCI: bus0: Fast back to back transfers disabled
[    2.533973] pci 0000:00:01.0: bridge configuration invalid ([bus 00-00]), reconfiguring
[    2.542029] pci 0000:00:02.0: bridge configuration invalid ([bus 00-00]), reconfiguring
[    2.550336] pci 0000:01:00.0: [8086:4232] type 00 class 0x028000
[    2.556419] pci 0000:01:00.0: reg 0x10: [mem 0x00000000-0x00001fff 64bit]
[    2.563457] pci 0000:01:00.0: PME# supported from D0 D3hot D3cold
[    2.579001] PCI: bus1: Fast back to back transfers disabled
[    2.584639] pci_bus 0000:01: busn_res: [bus 01-ff] end is updated to 01
[    2.591573] pci 0000:02:00.0: [10ec:8168] type 00 class 0x020000
[    2.597642] ata1: SATA link down (SStatus 0 SControl 300)
[    2.597649] pci 0000:02:00.0: reg 0x10: [io  0x0000-0x00ff]
[    2.597696] pci 0000:02:00.0: reg 0x18: [mem 0x00000000-0x00000fff 64bit]
[    2.597736] pci 0000:02:00.0: reg 0x20: [mem 0x00000000-0x00003fff 64bit pref]
[    2.597916] pci 0000:02:00.0: supports D1 D2
[    2.597922] pci 0000:02:00.0: PME# supported from D0 D1 D2 D3hot D3cold
[    2.608959] PCI: bus2: Fast back to back transfers disabled
[    2.608973] pci_bus 0000:02: busn_res: [bus 02-ff] end is updated to 02
[    2.609182] pci 0000:00:01.0: BAR 8: assigned [mem 0x13000000-0x130fffff]
[    2.609191] pci 0000:00:02.0: BAR 8: assigned [mem 0x13100000-0x131fffff]
[    2.609200] pci 0000:00:02.0: BAR 9: assigned [mem 0x20000000-0x200fffff 64bit pref]
[    2.609207] pci 0000:00:02.0: BAR 7: assigned [io  0x1000-0x1fff]
[    2.609220] pci 0000:01:00.0: BAR 0: assigned [mem 0x13000000-0x13001fff 64bit]
[    2.609254] pci 0000:00:01.0: PCI bridge to [bus 01]
[    2.609266] pci 0000:00:01.0:   bridge window [mem 0x13000000-0x130fffff]
[    2.609284] pci 0000:02:00.0: BAR 4: assigned [mem 0x20000000-0x20003fff 64bit pref]
[    2.609311] pci 0000:02:00.0: BAR 2: assigned [mem 0x13100000-0x13100fff 64bit]
[    2.609338] pci 0000:02:00.0: BAR 0: assigned [io  0x1000-0x10ff]
[    2.609350] pci 0000:00:02.0: PCI bridge to [bus 02]
[    2.609357] pci 0000:00:02.0:   bridge window [io  0x1000-0x1fff]
[    2.609369] pci 0000:00:02.0:   bridge window [mem 0x13100000-0x131fffff]
[    2.609377] pci 0000:00:02.0:   bridge window [mem 0x20000000-0x200fffff 64bit pref]
[    2.609420] pci 0000:00:01.0: nv_msi_ht_cap_quirk didn't locate host bridge
[    2.609551] pcieport 0000:00:01.0: enabling device (0140 -> 0142)
[    2.609842] pcieport 0000:00:01.0: Signaling PME through PCIe PME interrupt
[    2.609849] pci 0000:01:00.0: Signaling PME through PCIe PME interrupt
[    2.609859] pcie_pme 0000:00:01.0:pcie01: service driver pcie_pme loaded
[    2.609953] pci 0000:00:02.0: nv_msi_ht_cap_quirk didn't locate host bridge
[    2.610048] pcieport 0000:00:02.0: enabling device (0140 -> 0143)
[    2.610294] pcieport 0000:00:02.0: Signaling PME through PCIe PME interrupt
[    2.610300] pci 0000:02:00.0: Signaling PME through PCIe PME interrupt
[    2.610310] pcie_pme 0000:00:02.0:pcie01: service driver pcie_pme loaded
[    2.610633] r8169 Gigabit Ethernet driver 2.3LK-NAPI loaded
[    2.610658] r8169 0000:02:00.0: enabling device (0140 -> 0143)
[    2.616013] r8169 0000:02:00.0 eth0: RTL8168g/8111g at 0xf0a52000, 00:04:4b:3a:d9:81, XID 0c000800 IRQ 393
[    2.616023] r8169 0000:02:00.0 eth0: jumbo features [frames: 9200 bytes, tx checksumming: ko]
[    2.632120] [drm] Supports vblank timestamp caching Rev 2 (21.10.2013).
[    2.632125] [drm] No driver support for vblank timestamp query.
[    2.632164] drm drm: No connectors reported connected with modes
[    2.632173] [drm] Cannot find any crtc or sizes - going 1024x768
[    2.665319] mmc1: new high speed SDHC card at address aaaa
[    2.666368] mmcblk1: mmc1:aaaa SD04G 3.69 GiB 
[    2.679190]  mmcblk1: p1 p2 p3
[    2.881722] Console: switching to colour frame buffer device 128x48
[    2.895522] drm drm: fb0:  frame buffer device
[    2.913981] [drm] Initialized tegra 0.0.0 20120330 on minor 0
[    2.921284] cpu: dev_pm_opp_of_cpumask_add_table: couldn't find opp table for cpu:0, -19
[    2.929448] cpu cpu0: dev_pm_opp_get_max_volt_latency: Invalid regulator (-6)
[    2.936589] cpufreq: cpufreq_online: CPU0: Running at unlisted freq: 696000 KHz
[    2.943952] cpufreq: cpufreq_online: CPU0: Unlisted initial frequency changed to: 714000 KHz
[    2.953020] input: gpio-keys as /devices/soc0/gpio-keys/input/input0
[    2.960134] as3722-rtc as3722-rtc: setting system clock to 2000-01-01 00:00:13 UTC (946684813)
[    2.971947] +USB0_VBUS_SW: disabling
[    2.975526] +1.8V_RUN_CAM: disabling
[    2.979310] +2.8V_RUN_CAM: disabling
[    2.983161] +1.2V_RUN_CAM_FRONT: disabling
[    2.987543] +1.05V_RUN_CAM_REAR: disabling
[    2.991941] +3.3V_RUN_TOUCH: disabling
[    2.995936] +2.8V_RUN_CAM_AF: disabling
[    2.999962] +1.8V_RUN_VPP_FUSE: disabling
[    3.005390] EXT4-fs (mmcblk0p1): mounting ext3 file system using the ext4 subsystem
[    3.045859] EXT4-fs (mmcblk0p1): recovery complete
[    3.051580] EXT4-fs (mmcblk0p1): mounted filesystem with ordered data mode. Opts: (null)
[    3.059713] VFS: Mounted root (ext3 filesystem) on device 179:1.
[    3.069914] devtmpfs: mounted
[    3.073731] Freeing unused kernel memory: 2048K (c1100000 - c1300000)
bash: cannot set terminal process group (-1): Inappropriate ioctl for device
bash: no job control in this shell
root@(none):/# 