
U-Boot SPL 2014.01-00219-gc4d376f (Feb 18 2014 - 19:57:18)


U-Boot 2014.01-00219-gc4d376f (Feb 18 2014 - 19:57:18)

TEGRA30
Board: NVIDIA Beaver
I2C:   ready
DRAM:  2 GiB
MMC:   Tegra SD/MMC: 0, Tegra SD/MMC: 1
In:    serial
Out:   serial
Err:   serial
Net:   Net Initialization Skipped
No ethernet found.
Hit any key to stop autoboot:  2  0 
Tegra30 (Beaver) # 
Tegra30 (Beaver) # usb reset
(Re)start USB...
USB0:   USB EHCI 1.00
scanning bus 0 for devices... 2 USB Device(s) found
       scanning usb for storage devices... 0 Storage Device(s) found
       scanning usb for ethernet devices... 
Warning: asx0 using MAC address from net device
1 Ethernet Device(s) found
Tegra30 (Beaver) # setenv bootargs 'ignore_loglevel console=ttyS0,115200n8 rw root=/dev/mmcblk0p1 rootwait gpt debug init=/bin/bash noinitrd'
Tegra30 (Beaver) # setenv ipaddr 192.168.100.101; setenv serverip 192.168.100.1; setenv tftpserverip 192.168.100.1
Tegra30 (Beaver) # tftpboot 0x81000000 zImage.multi_v7_defconfig
Using asx0 device
TFTP from server 192.168.100.1; our IP address is 192.168.100.101
Filename 'zImage.multi_v7_defconfig'.
Load address: 0x81000000
Loading: *#################################################################
	 #################################################################
	 #################################################################
	 #################################################################
	 #################################################################
	 #################################################################
	 ##############################
	 3.4 MiB/s
done
Bytes transferred = 6152088 (5ddf98 hex)
Tegra30 (Beaver) # tftpboot 0x82000000 tegra30-beaver.dtb
Using asx0 device
TFTP from server 192.168.100.1; our IP address is 192.168.100.101
Filename 'tegra30-beaver.dtb'.
Load address: 0x82000000
Loading: *####
	 3.1 MiB/s
done
Bytes transferred = 51467 (c90b hex)
Tegra30 (Beaver) # bootz 0x81000000 - 0x82000000
Kernel image @ 0x81000000 [ 0x000000 - 0x5ddf98 ]
## Flattened Device Tree blob at 82000000
   Booting using the fdt blob at 0x82000000
   Loading Device Tree to 8fff0000, end 8ffff90a ... OK

Starting kernel ...

[    0.000000] Booting Linux on physical CPU 0x0
[    0.000000] Linux version 4.2.0-rc1-26550-gd770e55 (pwalmsley@sellafield) (gcc version 4.7.3 20130328 (prerelease) (crosstool-NG linaro-1.13.1-4.7-2013.04-20130415 - Linaro GCC 2013.04) ) #1 SMP Tue Jul 7 02:42:34 PDT 2015
[    0.000000] CPU: ARMv7 Processor [412fc099] revision 9 (ARMv7), cr=10c5387d
[    0.000000] CPU: PIPT / VIPT nonaliasing data cache, VIPT aliasing instruction cache
[    0.000000] Machine model: NVIDIA Tegra30 Beaver evaluation board
[    0.000000] debug: ignoring loglevel setting.
[    0.000000] cma: Reserved 64 MiB at 0xfb800000
[    0.000000] Memory policy: Data cache writealloc
[    0.000000] On node 0 totalpages: 524032
[    0.000000] free_area_init_node: node 0, pgdat c0efda80, node_mem_map ee7f8000
[    0.000000]   DMA zone: 1520 pages used for memmap
[    0.000000]   DMA zone: 0 pages reserved
[    0.000000]   DMA zone: 194560 pages, LIFO batch:31
[    0.000000]   HighMem zone: 329472 pages, LIFO batch:31
[    0.000000] PERCPU: Embedded 11 pages/cpu @ee797000 s14784 r8192 d22080 u45056
[    0.000000] pcpu-alloc: s14784 r8192 d22080 u45056 alloc=11*4096
[    0.000000] pcpu-alloc: [0] 0 [0] 1 [0] 2 [0] 3 
[    0.000000] Built 1 zonelists in Zone order, mobility grouping on.  Total pages: 522512
[    0.000000] Kernel command line: ignore_loglevel console=ttyS0,115200n8 rw root=/dev/mmcblk0p1 rootwait gpt debug init=/bin/bash noinitrd
[    0.000000] PID hash table entries: 4096 (order: 2, 16384 bytes)
[    0.000000] Dentry cache hash table entries: 131072 (order: 7, 524288 bytes)
[    0.000000] Inode-cache hash table entries: 65536 (order: 6, 262144 bytes)
[    0.000000] Memory: 1999332K/2096128K available (7782K kernel code, 1038K rwdata, 3508K rodata, 944K init, 327K bss, 31260K reserved, 65536K cma-reserved, 1252352K highmem)
[    0.000000] Virtual kernel memory layout:
[    0.000000]     vector  : 0xffff0000 - 0xffff1000   (   4 kB)
[    0.000000]     fixmap  : 0xffc00000 - 0xfff00000   (3072 kB)
[    0.000000]     vmalloc : 0xf0000000 - 0xff000000   ( 240 MB)
[    0.000000]     lowmem  : 0xc0000000 - 0xef800000   ( 760 MB)
[    0.000000]     pkmap   : 0xbfe00000 - 0xc0000000   (   2 MB)
[    0.000000]     modules : 0xbf000000 - 0xbfe00000   (  14 MB)
[    0.000000]       .text : 0xc0208000 - 0xc0d0f9d4   (11295 kB)
[    0.000000]       .init : 0xc0d10000 - 0xc0dfc000   ( 944 kB)
[    0.000000]       .data : 0xc0dfc000 - 0xc0effa80   (1039 kB)
[    0.000000]        .bss : 0xc0f02000 - 0xc0f53c28   ( 328 kB)
[    0.000000] SLUB: HWalign=64, Order=0-3, MinObjects=0, CPUs=4, Nodes=1
[    0.000000] Hierarchical RCU implementation.
[    0.000000] 	Additional per-CPU info printed with stalls.
[    0.000000] 	Build-time adjustment of leaf fanout to 32.
[    0.000000] 	RCU restricting CPUs from NR_CPUS=16 to nr_cpu_ids=4.
[    0.000000] RCU: Adjusting geometry for rcu_fanout_leaf=32, nr_cpu_ids=4
[    0.000000] NR_IRQS:16 nr_irqs:16 16
[    0.000000] /interrupt-controller@60004000: 160 interrupts forwarded to /interrupt-controller@50041000
[    0.000000] L2C: platform modifies aux control register: 0x02080000 -> 0x3e480001
[    0.000000] L2C: DT/platform modifies aux control register: 0x02080000 -> 0x3e480001
[    0.000000] L2C-310 erratum 769419 enabled
[    0.000000] L2C-310 enabling early BRESP for Cortex-A9
[    0.000000] L2C-310: enabling full line of zeros but not enabled in Cortex-A9
[    0.000000] L2C-310 dynamic clock gating enabled, standby mode enabled
[    0.000000] L2C-310 cache controller enabled, 8 ways, 1024 kB
[    0.000000] L2C-310: CACHE_ID 0x410000c7, AUX_CTRL 0x4e480001
[    0.000014] sched_clock: 32 bits at 1000kHz, resolution 1000ns, wraps every 2147483647500ns
[    0.000031] clocksource: timer_us: mask: 0xffffffff max_cycles: 0xffffffff, max_idle_ns: 1911260446275 ns
[    0.000040] Switching to timer-based delay loop, resolution 1000ns
[    0.002649] Console: colour dummy device 80x30
[    0.002672] Calibrating delay loop (skipped), value calculated using timer frequency.. 2.00 BogoMIPS (lpj=5000)
[    0.002680] pid_max: default: 32768 minimum: 301
[    0.002776] Mount-cache hash table entries: 2048 (order: 1, 8192 bytes)
[    0.002783] Mountpoint-cache hash table entries: 2048 (order: 1, 8192 bytes)
[    0.003201] CPU: Testing write buffer coherency: ok
[    0.003469] CPU0: thread -1, cpu 0, socket 0, mpidr 80000000
[    0.003536] Setting up static identity map for 0x80209000 - 0x80209098
[    0.005648] Tegra Revision: A03 SKU: 128 CPU Process: 4 Core Process: 0
[    0.006754] CPU1: thread -1, cpu 1, socket 0, mpidr 80000001
[    0.007388] CPU2: thread -1, cpu 2, socket 0, mpidr 80000002
[    0.008015] CPU3: thread -1, cpu 3, socket 0, mpidr 80000003
[    0.008051] Brought up 4 CPUs
[    0.008063] SMP: Total of 4 processors activated (8.00 BogoMIPS).
[    0.008068] CPU: All CPU(s) started in SVC mode.
[    0.008494] devtmpfs: initialized
[    0.016950] VFP support v0.3: implementor 41 architecture 3 part 30 variant 9 rev 4
[    0.017651] clocksource: jiffies: mask: 0xffffffff max_cycles: 0xffffffff, max_idle_ns: 9556302231375000 ns
[    0.021216] pinctrl core: initialized pinctrl subsystem
[    0.022620] NET: Registered protocol family 16
[    0.025364] DMA: preallocated 256 KiB pool for atomic coherent allocations
[    0.039935] cpuidle: using governor ladder
[    0.054928] cpuidle: using governor menu
[    0.063152] No ATAGs?
[    0.063182] hw-breakpoint: found 5 (+1 reserved) breakpoint and 1 watchpoint registers.
[    0.063189] hw-breakpoint: maximum watchpoint size is 4 bytes.
[    0.065845] Serial: AMBA PL011 UART driver
[    0.066791] tegra-mc 7000f000.memory-controller: no memory timings for RAM code 3 registered
[    0.087828] vdd_5v_sata: Failed to request enable GPIO30: -517
[    0.087899] reg-fixed-voltage regulators:regulator@3: Failed to register regulator: -517
[    0.088003] usb1_vbus: Failed to request enable GPIO238: -517
[    0.088054] reg-fixed-voltage regulators:regulator@4: Failed to register regulator: -517
[    0.088157] usb3_vbus: Failed to request enable GPIO236: -517
[    0.088207] reg-fixed-voltage regulators:regulator@5: Failed to register regulator: -517
[    0.088354] sys_3v3_pexs: Failed to request enable GPIO95: -517
[    0.088405] reg-fixed-voltage regulators:regulator@7: Failed to register regulator: -517
[    0.090138] vgaarb: loaded
[    0.090597] SCSI subsystem initialized
[    0.090748] libata version 3.00 loaded.
[    0.090948] usbcore: registered new interface driver usbfs
[    0.090986] usbcore: registered new interface driver hub
[    0.091021] usbcore: registered new device driver usb
[    0.146698] pps_core: LinuxPPS API ver. 1 registered
[    0.146707] pps_core: Software ver. 5.3.6 - Copyright 2005-2007 Rodolfo Giometti <giometti@linux.it>
[    0.146723] PTP clock support registered
[    0.146872] EDAC MC: Ver: 3.0.0
[    0.148343] clocksource: Switched to clocksource timer_us
[    0.154254] NET: Registered protocol family 2
[    0.154687] TCP established hash table entries: 8192 (order: 3, 32768 bytes)
[    0.154740] TCP bind hash table entries: 8192 (order: 4, 65536 bytes)
[    0.154818] TCP: Hash tables configured (established 8192 bind 8192)
[    0.154912] UDP hash table entries: 512 (order: 2, 16384 bytes)
[    0.154969] UDP-Lite hash table entries: 512 (order: 2, 16384 bytes)
[    0.155143] NET: Registered protocol family 1
[    0.155391] RPC: Registered named UNIX socket transport module.
[    0.155399] RPC: Registered udp transport module.
[    0.155403] RPC: Registered tcp transport module.
[    0.155407] RPC: Registered tcp NFSv4.1 backchannel transport module.
[    0.155423] PCI: CLS 0 bytes, default 64
[    0.156084] hw perfevents: Failed to parse /pmu/interrupt-affinity[0]
[    0.156118] hw perfevents: enabled with armv7_cortex_a9 PMU driver, 7 counters available
[    0.157033] futex hash table entries: 1024 (order: 4, 65536 bytes)
[    0.162845] squashfs: version 4.0 (2009/01/31) Phillip Lougher
[    0.163369] NFS: Registering the id_resolver key type
[    0.163413] Key type id_resolver registered
[    0.163418] Key type id_legacy registered
[    0.163460] ntfs: driver 2.1.32 [Flags: R/O].
[    0.164070] bounce: pool size: 64 pages
[    0.164201] Block layer SCSI generic (bsg) driver version 0.4 loaded (major 249)
[    0.164214] io scheduler noop registered
[    0.164221] io scheduler deadline registered
[    0.164314] io scheduler cfq registered (default)
[    0.169218] tegra30-pinctrl 70000868.pinmux: invalid group "sdmmc3_dat6_pd3" for function "rsvd1"
[    0.169233] tegra30-pinctrl 70000868.pinmux: invalid group "sdmmc3_dat7_pd4" for function "rsvd1"
[    0.169250] tegra30-pinctrl 70000868.pinmux: invalid group "vi_vsync_pd6" for function "rsvd1"
[    0.169261] tegra30-pinctrl 70000868.pinmux: invalid group "vi_hsync_pd7" for function "rsvd1"
[    0.169768] tegra30-pinctrl 70000868.pinmux: invalid group "hdmi_int_pn7" for function "rsvd1"
[    0.169819] tegra30-pinctrl 70000868.pinmux: invalid group "ulpi_data3_po4" for function "rsvd1"
[    0.170171] tegra30-pinctrl 70000868.pinmux: invalid group "vi_d10_pt2" for function "rsvd1"
[    0.170185] tegra30-pinctrl 70000868.pinmux: invalid group "vi_d11_pt3" for function "rsvd1"
[    0.170199] tegra30-pinctrl 70000868.pinmux: invalid group "vi_d0_pt4" for function "rsvd1"
[    0.170242] tegra30-pinctrl 70000868.pinmux: invalid group "pu0" for function "rsvd1"
[    0.170275] tegra30-pinctrl 70000868.pinmux: invalid group "pu3" for function "rsvd1"
[    0.170307] tegra30-pinctrl 70000868.pinmux: invalid group "pu6" for function "rsvd1"
[    0.170350] tegra30-pinctrl 70000868.pinmux: invalid group "pv3" for function "rsvd1"
[    0.170871] tegra30-pinctrl 70000868.pinmux: invalid group "pbb0" for function "rsvd1"
[    0.170991] tegra30-pinctrl 70000868.pinmux: invalid group "pcc1" for function "rsvd1"
[    0.175101] tegra-pcie 3000.pcie-controller: 2x3 configuration
[    0.175213] vdd_1v5_gen: supplied by vdd_5v_in
[    0.175254] vdd_pexa,vdd_pexb: supplied by vdd_1v5_gen
[    0.175322] tegra-pcie 3000.pcie-controller: Failed to get supply 'hvdd-pex': -517
[    0.176350] tegra-ahb 6000c004.ahb: incorrect AHB base address in DT data - enabling workaround
[    0.178951] tegra-apbdma 6000a000.dma: Tegra20 APB DMA driver register 32 channels
[    0.179603] tegra-pmc 7000e400.pmc: i2c-thermtrip node not found, emergency thermal reset disabled.
[    0.212160] Serial: 8250/16550 driver, 4 ports, IRQ sharing disabled
[    0.213682] SuperH (H)SCI(F) driver initialized
[    0.214232] msm_serial: driver initialized
[    0.214874] console [ttyS0] disabled
[    0.214915] 70006000.serial: ttyS0 at MMIO 0x70006000 (irq = 331, base_baud = 25500000) is a Tegra
[    1.161362] console [ttyS0] enabled
[    1.165333] STMicroelectronics ASC driver initialized
[    1.171869] [drm] Initialized drm 1.1.0 20060810
[    1.177786] reg-fixed-voltage regulators:regulator@8: Failed to resolve vin-supply for +VDD_5V_HDMI
[    1.186831] tegra-hdmi 54280000.hdmi: failed to get HDMI regulator
[    1.197581] loop: module loaded
[    1.205107] m25p80 spi32766.1: w25q32 (4096 Kbytes)
[    1.211732] CAN device driver interface
[    1.216300] igb: Intel(R) Gigabit Ethernet Network Driver - version 5.2.18-k
[    1.223341] igb: Copyright (c) 2007-2014 Intel Corporation.
[    1.230541] pegasus: v0.9.3 (2013/04/25), Pegasus/Pegasus II USB Ethernet driver
[    1.237976] usbcore: registered new interface driver pegasus
[    1.243670] usbcore: registered new interface driver asix
[    1.249089] usbcore: registered new interface driver ax88179_178a
[    1.255199] usbcore: registered new interface driver cdc_ether
[    1.261066] usbcore: registered new interface driver smsc75xx
[    1.266847] usbcore: registered new interface driver smsc95xx
[    1.272612] usbcore: registered new interface driver net1080
[    1.278291] usbcore: registered new interface driver cdc_subset
[    1.284228] usbcore: registered new interface driver zaurus
[    1.289852] usbcore: registered new interface driver cdc_ncm
[    1.296880] ehci_hcd: USB 2.0 'Enhanced' Host Controller (EHCI) Driver
[    1.303414] ehci-pci: EHCI PCI platform driver
[    1.307883] ehci-platform: EHCI generic platform driver
[    1.313225] ehci-omap: OMAP-EHCI Host Controller driver
[    1.318523] ehci-orion: EHCI orion driver
[    1.322595] SPEAr-ehci: EHCI SPEAr driver
[    1.326680] ehci-st: EHCI STMicroelectronics driver
[    1.331630] ehci-exynos: EHCI EXYNOS driver
[    1.335901] ehci-atmel: EHCI Atmel driver
[    1.339993] tegra-ehci: Tegra EHCI driver
[    1.344314] ohci_hcd: USB 1.1 'Open' Host Controller (OHCI) Driver
[    1.350503] ohci-pci: OHCI PCI platform driver
[    1.354980] ohci-platform: OHCI generic platform driver
[    1.360301] ohci-omap3: OHCI OMAP3 driver
[    1.364392] SPEAr-ohci: OHCI SPEAr driver
[    1.368478] ohci-st: OHCI STMicroelectronics driver
[    1.373428] ohci-atmel: OHCI Atmel driver
[    1.377544] usbcore: registered new interface driver usb-storage
[    1.384410] mousedev: PS/2 mouse device common for all mice
[    1.392128] tegra_rtc 7000e000.rtc: rtc core: registered 7000e000.rtc as rtc1
[    1.399294] tegra_rtc 7000e000.rtc: Tegra internal Real Time Clock
[    1.418004] tps65910-rtc tps65910-rtc: rtc core: registered tps65910-rtc as rtc0
[    1.425596] i2c /dev entries driver
[    1.433552] sdhci: Secure Digital Host Controller Interface driver
[    1.439725] sdhci: Copyright(c) Pierre Ossman
[    1.444962] Synopsys Designware Multimedia Card Interface Driver
[    1.451576] sdhci-pltfm: SDHCI platform and OF driver helper
[    1.457710] sdhci-tegra 78000000.sdhci: Got CD GPIO
[    1.462596] sdhci-tegra 78000000.sdhci: Got WP GPIO
[    1.468600] sdhci-tegra 78000000.sdhci: No vmmc regulator found
[    1.474515] sdhci-tegra 78000000.sdhci: No vqmmc regulator found
[    1.480513] mmc0: Invalid maximum block size, assuming 512 bytes
[    1.518421] mmc0: SDHCI controller on 78000000.sdhci [78000000.sdhci] using ADMA
[    1.527002] sdhci-tegra 78000600.sdhci: No vmmc regulator found
[    1.532925] sdhci-tegra 78000600.sdhci: No vqmmc regulator found
[    1.538926] mmc1: Invalid maximum block size, assuming 512 bytes
[    1.583349] mmc1: SDHCI controller on 78000600.sdhci [78000600.sdhci] using ADMA
[    1.591575] ledtrig-cpu: registered to indicate activity on CPUs
[    1.597722] usbcore: registered new interface driver usbhid
[    1.603289] usbhid: USB HID core driver
[    1.609217] NET: Registered protocol family 17
[    1.613688] can: controller area network core (rev 20120528 abi 9)
[    1.621917] NET: Registered protocol family 29
[    1.626367] can: raw protocol (rev 20120528)
[    1.632640] can: broadcast manager protocol (rev 20120528 t)
[    1.638303] can: netlink gateway (rev 20130117) max_hops=1
[    1.644044] Key type dns_resolver registered
[    1.652707] ThumbEE CPU extension supported.
[    1.656989] Registering SWP/SWPB emulation handler
[    1.683632] tegra-pcie 3000.pcie-controller: 2x3 configuration
[    1.689604] sys_3v3,vdd_3v3_alw: supplied by vdd_5v_in
[    1.694762] sys_3v3_pexs: supplied by sys_3v3,vdd_3v3_alw
[    1.703092] tegra-pcie 3000.pcie-controller: probing port 0, using 2 lanes
[    1.745005] mmc1: new high speed MMC card at address 0001
[    1.751416] mmcblk0: mmc1:0001 SEM16G 14.8 GiB 
[    1.756796] mmcblk0boot0: mmc1:0001 SEM16G partition 1 1.00 MiB
[    1.763557] mmcblk0boot1: mmc1:0001 SEM16G partition 2 1.00 MiB
[    1.768266] tegra-pcie 3000.pcie-controller: probing port 2, using 2 lanes
[    1.777178] mmcblk0rpmb: mmc1:0001 SEM16G partition 3 128 KiB
[    1.785660] Primary GPT is invalid, using alternate GPT.
[    1.790988]  mmcblk0: p1 p2 p3 p4 p5
[    2.179949] tegra-pcie 3000.pcie-controller: link 2 down, retrying
[    2.589873] tegra-pcie 3000.pcie-controller: link 2 down, retrying
[    2.999783] tegra-pcie 3000.pcie-controller: link 2 down, retrying
[    3.007972] tegra-pcie 3000.pcie-controller: link 2 down, ignoring
[    3.014281] tegra-pcie 3000.pcie-controller: PCI host bridge to bus 0000:00
[    3.021242] pci_bus 0000:00: root bus resource [mem 0x20000000-0x27ffffff]
[    3.028108] pci_bus 0000:00: root bus resource [mem 0x28000000-0x3fffffff pref]
[    3.035408] pci_bus 0000:00: root bus resource [bus 00-ff]
[    3.040884] pci_bus 0000:00: root bus resource [io  0x1000-0xffff]
[    3.047076] pci 0000:00:01.0: [10de:0e1c] type 01 class 0x060400
[    3.053106] pci 0000:00:01.0: IOMMU is currently not supported for PCI
[    3.059652] pci 0000:00:01.0: PME# supported from D0 D1 D2 D3hot D3cold
[    3.066412] PCI: bus0: Fast back to back transfers disabled
[    3.071982] pci 0000:00:01.0: bridge configuration invalid ([bus 00-00]), reconfiguring
[    3.080079] pci 0000:01:00.0: [10ec:8168] type 00 class 0x020000
[    3.086108] pci 0000:01:00.0: reg 0x10: [io  0x0000-0x00ff]
[    3.091686] pci 0000:01:00.0: reg 0x18: [mem 0x00000000-0x00000fff 64bit pref]
[    3.098906] pci 0000:01:00.0: reg 0x20: [mem 0x00000000-0x00003fff 64bit pref]
[    3.106127] pci 0000:01:00.0: IOMMU is currently not supported for PCI
[    3.112679] pci 0000:01:00.0: supports D1 D2
[    3.116943] pci 0000:01:00.0: PME# supported from D0 D1 D2 D3hot D3cold
[    3.133366] PCI: bus1: Fast back to back transfers disabled
[    3.138937] pci_bus 0000:01: busn_res: [bus 01-ff] end is updated to 01
[    3.145604] pci 0000:00:01.0: BAR 9: assigned [mem 0x28000000-0x280fffff 64bit pref]
[    3.153341] pci 0000:00:01.0: BAR 7: assigned [io  0x1000-0x1fff]
[    3.159430] pci 0000:01:00.0: BAR 4: assigned [mem 0x28000000-0x28003fff 64bit pref]
[    3.167170] pci 0000:01:00.0: BAR 2: assigned [mem 0x28004000-0x28004fff 64bit pref]
[    3.174909] pci 0000:01:00.0: BAR 0: assigned [io  0x1000-0x10ff]
[    3.180996] pci 0000:00:01.0: PCI bridge to [bus 01]
[    3.185955] pci 0000:00:01.0:   bridge window [io  0x1000-0x1fff]
[    3.192040] pci 0000:00:01.0:   bridge window [mem 0x28000000-0x280fffff 64bit pref]
[    3.199782] pci 0000:00:01.0: nv_msi_ht_cap_quirk didn't locate host bridge
[    3.206836] pcieport 0000:00:01.0: enabling device (0140 -> 0143)
[    3.213065] pcieport 0000:00:01.0: Signaling PME through PCIe PME interrupt
[    3.220021] pci 0000:01:00.0: Signaling PME through PCIe PME interrupt
[    3.226540] pcie_pme 0000:00:01.0:pcie01: service driver pcie_pme loaded
[    3.233395] r8169 Gigabit Ethernet driver 2.3LK-NAPI loaded
[    3.238978] r8169 0000:01:00.0: enabling device (0140 -> 0143)
[    3.245478] r8169 0000:01:00.0 eth0: RTL8168evl/8111evl at 0xf00d6000, 02:04:4b:01:60:a6, XID 0c900800 IRQ 375
[    3.255474] r8169 0000:01:00.0 eth0: jumbo features [frames: 9200 bytes, tx checksumming: ko]
[    3.264717] +VDD_5V_HDMI: supplied by sys_3v3,vdd_3v3_alw
[    3.270210] vdd_1v8_gen: supplied by vdd_5v_in
[    3.277118] [drm] Supports vblank timestamp caching Rev 2 (21.10.2013).
[    3.283744] [drm] No driver support for vblank timestamp query.
[    3.289673] drm drm: No connectors reported connected with modes
[    3.295678] [drm] Cannot find any crtc or sizes - going 1024x768
[    3.322709] Console: switching to colour frame buffer device 128x48
[    3.335455] drm drm: fb0:  frame buffer device
[    3.339896] drm drm: registered panic notifier
[    3.358734] [drm] Initialized tegra 0.0.0 20120330 on minor 0
[    3.367124] usb3_vbus: supplied by vdd_5v_in
[    3.373502] utmi_phy_clk_enable: timeout waiting for phy to stabilize
[    3.379960] tegra-ehci 7d004000.usb: EHCI Host Controller
[    3.385372] tegra-ehci 7d004000.usb: new USB bus registered, assigned bus number 1
[    3.394428] tegra-ehci 7d004000.usb: irq 343, io mem 0x7d004000
[    3.408746] tegra-ehci 7d004000.usb: USB 2.0 started, EHCI 1.00
[    3.415178] hub 1-0:1.0: USB hub found
[    3.418958] hub 1-0:1.0: 1 port detected
[    3.423771] tegra-ehci 7d008000.usb: EHCI Host Controller
[    3.429177] tegra-ehci 7d008000.usb: new USB bus registered, assigned bus number 2
[    3.436912] tegra-ehci 7d008000.usb: irq 344, io mem 0x7d008000
[    3.448739] tegra-ehci 7d008000.usb: USB 2.0 started, EHCI 1.00
[    3.455074] hub 2-0:1.0: USB hub found
[    3.458847] hub 2-0:1.0: 1 port detected
[    3.468167] tps65910-rtc tps65910-rtc: setting system clock to 2000-01-01 00:00:02 UTC (946684802)
[    3.482073] usb1_vbus: disabling
[    3.485360] vdd_sata,avdd_plle: disabling
[    3.491537] EXT4-fs (mmcblk0p1): mounting ext3 file system using the ext4 subsystem
[    3.506827] EXT4-fs (mmcblk0p1): warning: mounting fs with errors, running e2fsck is recommended
[    3.517128] EXT4-fs (mmcblk0p1): recovery complete
[    3.521934] EXT4-fs (mmcblk0p1): mounted filesystem with ordered data mode. Opts: (null)
[    3.530053] VFS: Mounted root (ext3 filesystem) on device 179:1.
[    3.545555] devtmpfs: mounted
[    3.549437] Freeing unused kernel memory: 944K (c0d10000 - c0dfc000)
bash: cannot set terminal process group (-1): Inappropriate ioctl for device
bash: no job control in this shell
root@(none):/# [    3.768751] usb 2-1: new high-speed USB device number 2 using tegra-ehci
