
U-Boot SPL 2014.01-00219-gc4d376f (Feb 18 2014 - 19:57:32)


U-Boot 2014.01-00219-gc4d376f (Feb 18 2014 - 19:57:32)

TEGRA114
Board: NVIDIA Dalmore
I2C:   ready
DRAM:  2 GiB
MMC:   Tegra SD/MMC: 0, Tegra SD/MMC: 1
In:    serial
Out:   serial
Err:   serial
Net:   Net Initialization Skipped
No ethernet found.
Hit any key to stop autoboot:  2  1  0 
Tegra114 (Dalmore) # 
Tegra114 (Dalmore) # usb reset
(Re)start USB...
USB0:   USB EHCI 1.10
scanning bus 0 for devices... 2 USB Device(s) found
       scanning usb for storage devices... 0 Storage Device(s) found
       scanning usb for ethernet devices... 
Warning: asx0 using MAC address from net device
1 Ethernet Device(s) found
Tegra114 (Dalmore) # setenv bootargs 'ignore_loglevel console=ttyS0,115200n8 rw root=PARTUUID=7369c667-ff51-ec4a-29cd-baabf2fbe346 rootwait gpt debug earlyprintk init=/bin/bash'
Tegra114 (Dalmore) # setenv ipaddr 192.168.100.100; setenv serverip 192.168.100.1; setenv tftpserverip 192.168.100.1
Tegra114 (Dalmore) # tftpboot 0x81000000 zImage.multi_v7_defconfig
Using asx0 device
TFTP from server 192.168.100.1; our IP address is 192.168.100.100
Filename 'zImage.multi_v7_defconfig'.
Load address: 0x81000000
Loading: *#################################################################
	 #################################################################
	 #################################################################
	 #################################################################
	 #################################################################
	 #################################################################
	 #################################################################
	 #################################################################
	 ####################
	 3.1 MiB/s
done
Bytes transferred = 7915464 (78c7c8 hex)
Tegra114 (Dalmore) # tftpboot 0x82000000 tegra114-dalmore.dtb
Using asx0 device
TFTP from server 192.168.100.1; our IP address is 192.168.100.100
Filename 'tegra114-dalmore.dtb'.
Load address: 0x82000000
Loading: *###
	 2.8 MiB/s
done
Bytes transferred = 35044 (88e4 hex)
Tegra114 (Dalmore) # bootz 0x81000000 - 0x82000000
Kernel image @ 0x81000000 [ 0x000000 - 0x78c7c8 ]
## Flattened Device Tree blob at 82000000
   Booting using the fdt blob at 0x82000000
   Loading Device Tree to 8fff4000, end 8ffff8e3 ... OK

Starting kernel ...

[    0.000000] Booting Linux on physical CPU 0x0
[    0.000000] Linux version 4.12.0-rc1-170893-ge99b6f1 (jonathanh@sellafield) (gcc version 4.7.3 20130328 (prerelease) (crosstool-NG linaro-1.13.1-4.7-2013.04-20130415 - Linaro GCC 2013.04) ) #1 SMP Tue May 30 03:52:36 PDT 2017
[    0.000000] CPU: ARMv7 Processor [412fc0f2] revision 2 (ARMv7), cr=10c5387d
[    0.000000] CPU: div instructions available: patching division code
[    0.000000] CPU: PIPT / VIPT nonaliasing data cache, PIPT instruction cache
[    0.000000] OF: fdt: Machine model: NVIDIA Tegra114 Dalmore evaluation board
[    0.000000] debug: ignoring loglevel setting.
[    0.000000] Memory policy: Data cache writealloc
[    0.000000] efi: Getting EFI parameters from FDT:
[    0.000000] efi: UEFI not found.
[    0.000000] cma: Reserved 64 MiB at 0xfb800000
[    0.000000] On node 0 totalpages: 524032
[    0.000000] free_area_init_node: node 0, pgdat c157fd40, node_mem_map eeff8000
[    0.000000]   DMA zone: 1536 pages used for memmap
[    0.000000]   DMA zone: 0 pages reserved
[    0.000000]   DMA zone: 196608 pages, LIFO batch:31
[    0.000000]   HighMem zone: 327424 pages, LIFO batch:31
[    0.000000] percpu: Embedded 17 pages/cpu @eef98000 s39168 r8192 d22272 u69632
[    0.000000] pcpu-alloc: s39168 r8192 d22272 u69632 alloc=17*4096
[    0.000000] pcpu-alloc: [0] 0 [0] 1 [0] 2 [0] 3 
[    0.000000] Built 1 zonelists in Zone order, mobility grouping on.  Total pages: 522496
[    0.000000] Kernel command line: ignore_loglevel console=ttyS0,115200n8 rw root=PARTUUID=7369c667-ff51-ec4a-29cd-baabf2fbe346 rootwait gpt debug earlyprintk init=/bin/bash
[    0.000000] PID hash table entries: 4096 (order: 2, 16384 bytes)
[    0.000000] Dentry cache hash table entries: 131072 (order: 7, 524288 bytes)
[    0.000000] Inode-cache hash table entries: 65536 (order: 6, 262144 bytes)
[    0.000000] Memory: 1993540K/2096128K available (10240K kernel code, 1566K rwdata, 4388K rodata, 2048K init, 409K bss, 37052K reserved, 65536K cma-reserved, 1244160K highmem)
[    0.000000] Virtual kernel memory layout:
[    0.000000]     vector  : 0xffff0000 - 0xffff1000   (   4 kB)
[    0.000000]     fixmap  : 0xffc00000 - 0xfff00000   (3072 kB)
[    0.000000]     vmalloc : 0xf0800000 - 0xff800000   ( 240 MB)
[    0.000000]     lowmem  : 0xc0000000 - 0xf0000000   ( 768 MB)
[    0.000000]     pkmap   : 0xbfe00000 - 0xc0000000   (   2 MB)
[    0.000000]     modules : 0xbf000000 - 0xbfe00000   (  14 MB)
[    0.000000]       .text : 0xc0208000 - 0xc0d00000   (11232 kB)
[    0.000000]       .init : 0xc1200000 - 0xc1400000   (2048 kB)
[    0.000000]       .data : 0xc1400000 - 0xc15879b0   (1567 kB)
[    0.000000]        .bss : 0xc1590d04 - 0xc15f74d8   ( 410 kB)
[    0.000000] SLUB: HWalign=64, Order=0-3, MinObjects=0, CPUs=4, Nodes=1
[    0.000000] Hierarchical RCU implementation.
[    0.000000] 	RCU debugfs-based tracing is enabled.
[    0.000000] 	RCU restricting CPUs from NR_CPUS=16 to nr_cpu_ids=4.
[    0.000000] RCU: Adjusting geometry for rcu_fanout_leaf=16, nr_cpu_ids=4
[    0.000000] NR_IRQS:16 nr_irqs:16 16
[    0.000000] /interrupt-controller@60004000: 160 interrupts forwarded to /interrupt-controller@50041000
[    0.000000] Tegra clk 127: register failed with -17
[    0.000008] sched_clock: 32 bits at 1000kHz, resolution 1000ns, wraps every 2147483647500ns
[    0.000027] clocksource: timer_us: mask: 0xffffffff max_cycles: 0xffffffff, max_idle_ns: 1911260446275 ns
[    0.000043] Switching to timer-based delay loop, resolution 1000ns
[    0.003054] arch_timer: cp15 timer(s) running at 12.00MHz (virt).
[    0.003074] clocksource: arch_sys_counter: mask: 0xffffffffffffff max_cycles: 0x2c47f4ee7, max_idle_ns: 440795202497 ns
[    0.003094] sched_clock: 56 bits at 12MHz, resolution 83ns, wraps every 4398046511096ns
[    0.003109] Switching to timer-based delay loop, resolution 83ns
[    0.003512] Console: colour dummy device 80x30
[    0.003543] Calibrating delay loop (skipped), value calculated using timer frequency.. 24.00 BogoMIPS (lpj=120000)
[    0.003562] pid_max: default: 32768 minimum: 301
[    0.003656] Mount-cache hash table entries: 2048 (order: 1, 8192 bytes)
[    0.003669] Mountpoint-cache hash table entries: 2048 (order: 1, 8192 bytes)
[    0.004183] CPU: Testing write buffer coherency: ok
[    0.004418] /cpus/cpu@0 missing clock-frequency property
[    0.004449] /cpus/cpu@1 missing clock-frequency property
[    0.004479] /cpus/cpu@2 missing clock-frequency property
[    0.004511] /cpus/cpu@3 missing clock-frequency property
[    0.004525] CPU0: thread -1, cpu 0, socket 0, mpidr 80000000
[    0.004821] Setting up static identity map for 0x80300000 - 0x803000a0
[    0.007331] Tegra Revision: A01 SKU: 0 CPU Process: 1 SoC Process: 0
[    0.007953] EFI services will not be available.
[    0.008187] smp: Bringing up secondary CPUs ...
[    0.008813] CPU1: thread -1, cpu 1, socket 0, mpidr 80000001
[    0.009523] CPU2: thread -1, cpu 2, socket 0, mpidr 80000002
[    0.010217] CPU3: thread -1, cpu 3, socket 0, mpidr 80000003
[    0.010305] smp: Brought up 1 node, 4 CPUs
[    0.010327] SMP: Total of 4 processors activated (96.00 BogoMIPS).
[    0.010337] CPU: All CPU(s) started in SVC mode.
[    0.011822] devtmpfs: initialized
[    0.020944] VFP support v0.3: implementor 41 architecture 4 part 30 variant f rev 0
[    0.021284] clocksource: jiffies: mask: 0xffffffff max_cycles: 0xffffffff, max_idle_ns: 19112604462750000 ns
[    0.021304] futex hash table entries: 1024 (order: 4, 65536 bytes)
[    0.022791] pinctrl core: initialized pinctrl subsystem
[    0.024545] NET: Registered protocol family 16
[    0.026751] DMA: preallocated 256 KiB pool for atomic coherent allocations
[    0.028889] cpuidle: using governor menu
[    0.051643] No ATAGs?
[    0.051771] hw-breakpoint: found 5 (+1 reserved) breakpoint and 4 watchpoint registers.
[    0.051787] hw-breakpoint: maximum watchpoint size is 8 bytes.
[    0.057314] Serial: AMBA PL011 UART driver
[    0.058058] tegra-mc 70019000.memory-controller: no memory timings for RAM code 3 registered
[    0.072727] AT91: Could not find identification node
[    0.073237] dvdd_ts: Failed to request enable GPIO61: -517
[    0.073259] reg-fixed-voltage regulators:regulator@1: Failed to register regulator: -517
[    0.073367] usb1_vbus: Failed to request enable GPIO108: -517
[    0.073382] reg-fixed-voltage regulators:regulator@3: Failed to register regulator: -517
[    0.073486] usb2_vbus: Failed to request enable GPIO86: -517
[    0.073500] reg-fixed-voltage regulators:regulator@4: Failed to register regulator: -517
[    0.073935] VDD_5V0_HDMI_CON: Failed to request enable GPIO81: -517
[    0.073950] reg-fixed-voltage regulators:regulator@7: Failed to register regulator: -517
[    0.076389] vgaarb: loaded
[    0.077145] SCSI subsystem initialized
[    0.077309] libata version 3.00 loaded.
[    0.077531] usbcore: registered new interface driver usbfs
[    0.077585] usbcore: registered new interface driver hub
[    0.077658] usbcore: registered new device driver usb
[    0.080850] tps65090 2-0048: No cache defaults, reading back from HW
[    0.082739] TPS65090_RAILSDCDC1: supplied by vdd_ac_bat
[    0.083815] TPS65090_RAILSDCDC2: supplied by vdd_ac_bat
[    0.084881] TPS65090_RAILSDCDC3: supplied by vdd_ac_bat
[    0.085404] TPS65090_RAILSFET1: supplied by vdd_ac_bat
[    0.085772] TPS65090_RAILSFET2: supplied by vdd_ac_bat
[    0.086128] TPS65090_RAILSFET3: supplied by vdd-sys-3v3
[    0.086643] TPS65090_RAILSFET4: supplied by vdd-sys-3v3
[    0.087168] TPS65090_RAILSFET5: supplied by vdd-sys-3v3
[    0.087685] TPS65090_RAILSFET6: supplied by vdd-sys-3v3
[    0.088512] TPS65090_RAILSFET7: supplied by vdd-sys-3v3
[    0.089034] TPS65090_RAILSLDO1: supplied by vdd_ac_bat
[    0.089241] TPS65090_RAILSLDO2: supplied by vdd_ac_bat
[    0.090141] palmas 2-0058: Irq flag is 0x00000004
[    0.092087] palmas 2-0058: Muxing GPIO ff, PWM 0, LED 0
[    0.094572] SMPS12: supplied by vdd-ao
[    0.095588] vdd_hdmi_5v0: supplied by vdd-sys-5v0
[    0.096393] SMPS3: supplied by vdd-ao
[    0.098113] SMPS457: supplied by vdd-sys-3v3
[    0.099740] SMPS6: supplied by regulator-dummy
[    0.101133] SMPS8: supplied by vdd-sys-3v3
[    0.101915] random: fast init done
[    0.102733] SMPS9: supplied by vdd-sys-3v3
[    0.103250] sdhci-vdd-sd-slot: Bringing 2840000uV into 2800000-2800000uV
[    0.104631] SMPS10_OUT2: supplied by regulator-dummy
[    0.105471] SMPS10_OUT1: supplied by regulator-dummy
[    0.106325] LDO1: supplied by vdd-sys-3v3
[    0.107437] LDO2: supplied by vdd-sys-3v3
[    0.108565] LDO3: supplied by vddio-1v8
[    0.109677] LDO4: supplied by vdd-sys-3v3
[    0.110791] LDO5: supplied by vdd_ac_bat
[    0.111482] LDO6: supplied by vdd-sys-3v3
[    0.111991] vdd-sensor-2v85: Bringing 2900000uV into 2850000-2850000uV
[    0.113334] LDO7: supplied by vdd-sys-3v3
[    0.114955] LDO8: supplied by vdd-ao
[    0.115477] vdd-rtc: Bringing 675000uV into 900000-900000uV
[    0.123801] LDO9: supplied by sdhci-vdd-sd-slot
[    0.134122] LDOLN: supplied by vdd-sys-5v0
[    0.135245] LDOUSB: supplied by vdd-sys-5v0
[    0.146408] pps_core: LinuxPPS API ver. 1 registered
[    0.146419] pps_core: Software ver. 5.3.6 - Copyright 2005-2007 Rodolfo Giometti <giometti@linux.it>
[    0.146443] PTP clock support registered
[    0.146625] EDAC MC: Ver: 3.0.0
[    0.148729] clocksource: Switched to clocksource arch_sys_counter
[    0.205613] NET: Registered protocol family 2
[    0.206139] TCP established hash table entries: 8192 (order: 3, 32768 bytes)
[    0.206239] TCP bind hash table entries: 8192 (order: 4, 65536 bytes)
[    0.206428] TCP: Hash tables configured (established 8192 bind 8192)
[    0.206514] UDP hash table entries: 512 (order: 2, 16384 bytes)
[    0.206558] UDP-Lite hash table entries: 512 (order: 2, 16384 bytes)
[    0.206711] NET: Registered protocol family 1
[    0.207030] RPC: Registered named UNIX socket transport module.
[    0.207041] RPC: Registered udp transport module.
[    0.207050] RPC: Registered tcp transport module.
[    0.207059] RPC: Registered tcp NFSv4.1 backchannel transport module.
[    0.207073] PCI: CLS 0 bytes, default 64
[    0.209565] workingset: timestamp_bits=30 max_order=19 bucket_order=0
[    0.218174] squashfs: version 4.0 (2009/01/31) Phillip Lougher
[    0.218933] NFS: Registering the id_resolver key type
[    0.218962] Key type id_resolver registered
[    0.218972] Key type id_legacy registered
[    0.219014] ntfs: driver 2.1.32 [Flags: R/O].
[    0.220681] bounce: pool size: 64 pages
[    0.220723] Block layer SCSI generic (bsg) driver version 0.4 loaded (major 248)
[    0.220735] io scheduler noop registered
[    0.220746] io scheduler deadline registered
[    0.220776] io scheduler cfq registered (default)
[    0.220786] io scheduler mq-deadline registered
[    0.220796] io scheduler kyber registered
[    0.247694] tegra_dma_runtime_resume-1507
[    0.250872] tegra-apbdma 6000a000.dma: Tegra20 APB DMA driver register 32 channels
[    0.253393] tegra-pmc 7000e400.pmc: i2c-thermtrip node not found, emergency thermal reset disabled.
[    0.307898] Serial: 8250/16550 driver, 4 ports, IRQ sharing disabled
[    0.310584] console [ttyS0] disabled
[    0.310625] 70006300.serial: ttyS0 at MMIO 0x70006300 (irq = 329, base_baud = 25500000) is a Tegra
[    1.312400] console [ttyS0] enabled
[    1.316611] SuperH (H)SCI(F) driver initialized
[    1.322050] msm_serial: driver initialized
[    1.326310] STMicroelectronics ASC driver initialized
[    1.336620] tegra-hdmi 54280000.hdmi: failed to get HDMI regulator
[    1.361014] brd: module loaded
[    1.371484] loop: module loaded
[    1.381417] spi-tegra114 7000da00.spi: Dma channel is not available: -19
[    1.390053] libphy: Fixed MDIO Bus: probed
[    1.395308] CAN device driver interface
[    1.400039] bgmac_bcma: Broadcom 47xx GBit MAC driver loaded
[    1.406893] e1000e: Intel(R) PRO/1000 Network Driver - 3.2.6-k
[    1.412737] e1000e: Copyright(c) 1999 - 2015 Intel Corporation.
[    1.418722] igb: Intel(R) Gigabit Ethernet Network Driver - version 5.4.0-k
[    1.425673] igb: Copyright (c) 2007-2014 Intel Corporation.
[    1.434421] pegasus: v0.9.3 (2013/04/25), Pegasus/Pegasus II USB Ethernet driver
[    1.441869] usbcore: registered new interface driver pegasus
[    1.447563] usbcore: registered new interface driver asix
[    1.453007] usbcore: registered new interface driver ax88179_178a
[    1.459138] usbcore: registered new interface driver cdc_ether
[    1.465009] usbcore: registered new interface driver smsc75xx
[    1.470817] usbcore: registered new interface driver smsc95xx
[    1.476587] usbcore: registered new interface driver net1080
[    1.482286] usbcore: registered new interface driver cdc_subset
[    1.488230] usbcore: registered new interface driver zaurus
[    1.493863] usbcore: registered new interface driver cdc_ncm
[    1.501395] ehci_hcd: USB 2.0 'Enhanced' Host Controller (EHCI) Driver
[    1.507915] ehci-pci: EHCI PCI platform driver
[    1.512412] ehci-platform: EHCI generic platform driver
[    1.517807] ehci-orion: EHCI orion driver
[    1.521970] SPEAr-ehci: EHCI SPEAr driver
[    1.526104] ehci-st: EHCI STMicroelectronics driver
[    1.531117] ehci-exynos: EHCI EXYNOS driver
[    1.535434] ehci-atmel: EHCI Atmel driver
[    1.539575] tegra-ehci: Tegra EHCI driver
[    1.543867] ohci_hcd: USB 1.1 'Open' Host Controller (OHCI) Driver
[    1.550069] ohci-pci: OHCI PCI platform driver
[    1.554544] ohci-platform: OHCI generic platform driver
[    1.559918] ohci-omap3: OHCI OMAP3 driver
[    1.564044] SPEAr-ohci: OHCI SPEAr driver
[    1.568173] ohci-st: OHCI STMicroelectronics driver
[    1.573187] ohci-atmel: OHCI Atmel driver
[    1.577853] usbcore: registered new interface driver usb-storage
[    1.589436] palmas-rtc 7000d000.i2c:tps65913@58:rtc: rtc core: registered 7000d000.i2c:tps659 as rtc0
[    1.600464] tegra_rtc 7000e000.rtc: rtc core: registered 7000e000.rtc as rtc1
[    1.607625] tegra_rtc 7000e000.rtc: Tegra internal Real Time Clock
[    1.614291] i2c /dev entries driver
[    1.623962] sbs-battery 0-000b: sbs_probe: Failed to get device status
[    1.630515] sbs-battery: probe of 0-000b failed with error -121
[    1.646535] sdhci: Secure Digital Host Controller Interface driver
[    1.652738] sdhci: Copyright(c) Pierre Ossman
[    1.658503] Synopsys Designware Multimedia Card Interface Driver
[    1.665685] sdhci-pltfm: SDHCI platform and OF driver helper
[    1.672064] sdhci-tegra 78000400.sdhci: Got CD GPIO
[    1.676953] sdhci-tegra 78000400.sdhci: Got WP GPIO
[    1.690169] mmc0: Invalid maximum block size, assuming 512 bytes
[    1.758862] mmc0: SDHCI controller on 78000400.sdhci [78000400.sdhci] using ADMA
[    1.775509] mmc1: Invalid maximum block size, assuming 512 bytes
[    1.838773] mmc1: SDHCI controller on 78000600.sdhci [78000600.sdhci] using ADMA
[    1.847926] ledtrig-cpu: registered to indicate activity on CPUs
[    1.854331] usbcore: registered new interface driver usbhid
[    1.859917] usbhid: USB HID core driver
[    1.867341] NET: Registered protocol family 10
[    1.872732] Segment Routing with IPv6
[    1.876448] sit: IPv6, IPv4 and MPLS over IPv4 tunneling driver
[    1.882963] NET: Registered protocol family 17
[    1.887408] can: controller area network core (rev 20170425 abi 9)
[    1.893660] NET: Registered protocol family 29
[    1.898099] can: raw protocol (rev 20170425)
[    1.902389] can: broadcast manager protocol (rev 20170425 t)
[    1.908047] can: netlink gateway (rev 20170425) max_hops=1
[    1.913847] Key type dns_resolver registered
[    1.918674] ThumbEE CPU extension supported.
[    1.922968] Registering SWP/SWPB emulation handler
[    1.941789] usb1_vbus: supplied by vdd-sys-5v0
[    1.944483] mmc0: new high speed SDHC card at address aaaa
[    1.952832] mmcblk0: mmc0:aaaa SL16G 14.8 GiB 
[    1.953192] usb2_vbus: supplied by vdd-sys-5v0
[    1.964576] VDD_5V0_HDMI_CON: supplied by vdd-sys-5v0
[    1.979327] tegra-ehci 7d008000.usb: EHCI Host Controller
[    1.982717]  mmcblk0: p1 p2 p3
[    1.987806] tegra-ehci 7d008000.usb: new USB bus registered, assigned bus number 1
[    1.995603] tegra-ehci 7d008000.usb: irq 339, io mem 0x7d008000
[    1.996284] mmc1: new high speed MMC card at address 0001
[    1.997320] mmcblk1: mmc1:0001 SEM32G 29.1 GiB 
[    1.998188] mmcblk1boot0: mmc1:0001 SEM32G partition 1 4.00 MiB
[    1.999244] mmcblk1boot1: mmc1:0001 SEM32G partition 2 4.00 MiB
[    2.000273] mmcblk1rpmb: mmc1:0001 SEM32G partition 3 4.00 MiB
[    2.004423]  mmcblk1: p1 p2 p3 p4 p5 p6 p7 p8
[    2.058868] tegra-ehci 7d008000.usb: USB 2.0 started, EHCI 1.10
[    2.065960] hub 1-0:1.0: USB hub found
[    2.069840] hub 1-0:1.0: 1 port detected
[    2.075495] input: gpio-keys as /devices/soc0/gpio-keys/input/input0
[    2.084402] palmas-rtc 7000d000.i2c:tps65913@58:rtc: setting system clock to 2001-03-23 22:29:50 UTC (985386590)
[    2.095178] vdd_hdmi_5v0: disabling
[    2.105351] dvdd_ts: disabling
[    2.108411] usb1_vbus: disabling
[    2.111708] vdd_cam_1v8_reg: disabling
[    2.115467] VDD_5V0_HDMI_CON: disabling
[    2.120978] EXT4-fs (mmcblk1p1): mounting ext3 file system using the ext4 subsystem
[    2.144105] EXT4-fs (mmcblk1p1): recovery complete
[    2.148945] EXT4-fs (mmcblk1p1): mounted filesystem with ordered data mode. Opts: (null)
[    2.157071] VFS: Mounted root (ext3 filesystem) on device 179:17.
[    2.165861] devtmpfs: mounted
[    2.170866] Freeing unused kernel memory: 2048K
bash: cannot set terminal process group (-1): Inappropriate ioctl for device
bash: no job control in this shell
root@(none):/# [    2.438810] usb 1-1: new high-speed USB device number 2 using tegra-ehci
[    3.113700] asix 1-1:1.0 eth0: register 'asix' at usb-7d008000.usb-1, ASIX AX88772 USB 2.0 Ethernet, 00:50:b6:0d:b5:16
mount -t sysfs none /sys
root@(none):/# 
root@(none):/# mount -t debugfs none /sys/kernel/debug
root@(none):/# 
root@(none):/# rtcwake -d rtc1 -m mem -s 3
rtcwake: assuming RTC uses UTC ...
rtcwake: wakeup from "mem" using /dev/rtc1 at Thu Jan  1 00:00:20 1970
[    5.329923] PM: Syncing filesystems ... done.
[    5.336374] Freezing user space processes ... (elapsed 0.001 seconds) done.
[    5.344715] OOM killer disabled.
[    5.347938] Freezing remaining freezable tasks ... (elapsed 0.001 seconds) done.
[    5.356720] Suspending console(s) (use no_console_suspend to debug)
[    5.410408] tegra_dma_pm_suspend-1523
[    5.410418] tegra_dma_runtime_resume-1507
[    5.410435] tegra_dma_pm_suspend-1551
[    5.410549] PM: suspend of devices complete after 46.335 msecs
[    5.413593] PM: late suspend of devices complete after 3.027 msecs
[    5.415600] PM: noirq suspend of devices complete after 1.995 msecs
[    5.415605] Disabling non-boot CPUs ...
[    5.454451] IRQ17 no longer affine to CPU2
[    5.553330] Entering suspend state LP1
[    5.553330] Suspended for 7.122 seconds
[    5.553350] Enabling non-boot CPUs ...
[    5.582722] CPU1 is up
[    5.622851] CPU2 is up
[    5.663512] CPU3 is up
[    5.664630] PM: noirq resume of devices complete after 1.106 msecs
[    5.667446] PM: early resume of devices complete after 2.533 msecs
[    6.209815] PM: resume of devices complete after 542.351 msecs
[    6.285390] OOM killer enabled.
[    6.288524] Restarting tasks ... done.
root@(none):/# 
root@(none):/# rtcwake -d rtc1 -m mem -s 3
rtcwake: assuming RTC uses UTC ...
rtcwake: wakeup from "mem" using /dev/rtc1 at Thu Jan  1 00:00:29 1970
[    7.220584] PM: Syncing filesystems ... done.
[    7.226314] Freezing user space processes ... (elapsed 0.001 seconds) done.
[    7.234666] OOM killer disabled.
[    7.237890] Freezing remaining freezable tasks ... (elapsed 0.001 seconds) done.
[    7.246686] Suspending console(s) (use no_console_suspend to debug)
[    7.300971] tegra_dma_pm_suspend-1523
[    7.300980] tegra_dma_runtime_resume-1507
[    7.300998] tegra_dma_pm_suspend-1551
[    7.301104] PM: suspend of devices complete after 46.916 msecs
[    7.304134] PM: late suspend of devices complete after 3.013 msecs
[    7.306085] PM: noirq suspend of devices complete after 1.939 msecs
[    7.306090] Disabling non-boot CPUs ...
[    7.306600] IRQ17 no longer affine to CPU1
[    7.432371] Entering suspend state LP1
[    7.432371] Suspended for 7.121 seconds
[    7.432392] Enabling non-boot CPUs ...
[    7.463162] CPU1 is up
[    7.502818] CPU2 is up
[    7.543470] CPU3 is up
[    7.544594] PM: noirq resume of devices complete after 1.112 msecs
[    7.546862] PM: early resume of devices complete after 1.821 msecs
[    8.088610] PM: resume of devices complete after 541.728 msecs
[    8.164186] OOM killer enabled.
[    8.167321] Restarting tasks ... done.
root@(none):/# 
root@(none):/# rtcwake -d rtc1 -m mem -s 3
rtcwake: assuming RTC uses UTC ...
rtcwake: wakeup from "mem" using /dev/rtc1 at Thu Jan  1 00:00:38 1970
[    9.099799] PM: Syncing filesystems ... done.
[    9.105503] Freezing user space processes ... (elapsed 0.001 seconds) done.
[    9.113760] OOM killer disabled.
[    9.116983] Freezing remaining freezable tasks ... (elapsed 0.001 seconds) done.
[    9.125821] Suspending console(s) (use no_console_suspend to debug)
[    9.180598] tegra_dma_pm_suspend-1523
[    9.180608] tegra_dma_runtime_resume-1507
[    9.180625] tegra_dma_pm_suspend-1551
[    9.180734] PM: suspend of devices complete after 47.338 msecs
[    9.183788] PM: late suspend of devices complete after 3.036 msecs
[    9.185746] PM: noirq suspend of devices complete after 1.947 msecs
[    9.185751] Disabling non-boot CPUs ...
[    9.186194] IRQ17 no longer affine to CPU1
[    9.332505] Entering suspend state LP1
[    9.332505] Suspended for 7.100 seconds
[    9.332526] Enabling non-boot CPUs ...
[    9.362637] CPU1 is up
[    9.402790] CPU2 is up
[    9.443432] CPU3 is up
[    9.444543] PM: noirq resume of devices complete after 1.100 msecs
[    9.446929] PM: early resume of devices complete after 1.940 msecs
[    9.986365] PM: resume of devices complete after 539.418 msecs
[   10.061928] OOM killer enabled.
[   10.065064] Restarting tasks ... done.
root@(none):/# 
root@(none):/# rtcwake -d rtc1 -m mem -s 3
rtcwake: assuming RTC uses UTC ...
rtcwake: wakeup from "mem" using /dev/rtc1 at Thu Jan  1 00:00:47 1970
[   10.997006] PM: Syncing filesystems ... done.
[   11.002368] Freezing user space processes ... (elapsed 0.001 seconds) done.
[   11.010713] OOM killer disabled.
[   11.013937] Freezing remaining freezable tasks ... (elapsed 0.001 seconds) done.
[   11.022760] Suspending console(s) (use no_console_suspend to debug)
[   11.080721] tegra_dma_pm_suspend-1523
[   11.080730] tegra_dma_runtime_resume-1507
[   11.080748] tegra_dma_pm_suspend-1551
[   11.080854] PM: suspend of devices complete after 50.614 msecs
[   11.083592] PM: late suspend of devices complete after 2.722 msecs
[   11.085723] PM: noirq suspend of devices complete after 2.116 msecs
[   11.085729] Disabling non-boot CPUs ...
[   11.124072] IRQ17 no longer affine to CPU2
[   11.232458] Entering suspend state LP1
[   11.232458] Suspended for 7.100 seconds
[   11.232478] Enabling non-boot CPUs ...
[   11.262588] CPU1 is up
[   11.302762] CPU2 is up
[   11.343376] CPU3 is up
[   11.344531] PM: noirq resume of devices complete after 1.144 msecs
[   11.346980] PM: early resume of devices complete after 1.983 msecs
[   11.898009] PM: resume of devices complete after 551.011 msecs
[   11.973535] OOM killer enabled.
[   11.976670] Restarting tasks ... done.
root@(none):/# 
root@(none):/# rtcwake -d rtc1 -m mem -s 3
rtcwake: assuming RTC uses UTC ...
rtcwake: wakeup from "mem" using /dev/rtc1 at Thu Jan  1 00:00:56 1970
[   12.897285] PM: Syncing filesystems ... done.
[   12.902784] Freezing user space processes ... (elapsed 0.001 seconds) done.
[   12.911127] OOM killer disabled.
[   12.914350] Freezing remaining freezable tasks ... (elapsed 0.001 seconds) done.
[   12.923035] Suspending console(s) (use no_console_suspend to debug)
[   12.980775] tegra_dma_pm_suspend-1523
[   12.980785] tegra_dma_runtime_resume-1507
[   12.980803] tegra_dma_pm_suspend-1551
[   12.980913] PM: suspend of devices complete after 50.393 msecs
[   12.983642] PM: late suspend of devices complete after 2.712 msecs
[   12.985786] PM: noirq suspend of devices complete after 2.129 msecs
[   12.985792] Disabling non-boot CPUs ...
[   12.986306] IRQ17 no longer affine to CPU1
[   13.132978] Entering suspend state LP1
[   13.132978] Suspended for 7.099 seconds
[   13.132999] Enabling non-boot CPUs ...
[   13.162586] CPU1 is up
[   13.202696] CPU2 is up
[   13.243365] CPU3 is up
[   13.244482] PM: noirq resume of devices complete after 1.105 msecs
[   13.247198] PM: early resume of devices complete after 2.272 msecs
[   13.789501] PM: resume of devices complete after 542.286 msecs
[   13.865070] OOM killer enabled.
[   13.868204] Restarting tasks ... done.
root@(none):/# 
root@(none):/# rtcwake -d rtc1 -m mem -s 3
rtcwake: assuming RTC uses UTC ...
rtcwake: wakeup from "mem" using /dev/rtc1 at Thu Jan  1 00:01:05 1970
[   14.799432] PM: Syncing filesystems ... done.
[   14.805134] Freezing user space processes ... (elapsed 0.001 seconds) done.
[   14.813494] OOM killer disabled.
[   14.816717] Freezing remaining freezable tasks ... (elapsed 0.001 seconds) done.
[   14.825546] Suspending console(s) (use no_console_suspend to debug)
[   14.881009] tegra_dma_pm_suspend-1523
[   14.881019] tegra_dma_runtime_resume-1507
[   14.881036] tegra_dma_pm_suspend-1551
[   14.881142] PM: suspend of devices complete after 48.117 msecs
[   14.883841] PM: late suspend of devices complete after 2.683 msecs
[   14.885889] PM: noirq suspend of devices complete after 2.037 msecs
[   14.885894] Disabling non-boot CPUs ...
[   15.032466] Entering suspend state LP1
[   15.032466] Suspended for 7.100 seconds
[   15.032487] Enabling non-boot CPUs ...
[   15.062507] CPU1 is up
[   15.102635] CPU2 is up
[   15.143322] CPU3 is up
[   15.144440] PM: noirq resume of devices complete after 1.106 msecs
[   15.146881] PM: early resume of devices complete after 1.988 msecs
[   15.688025] PM: resume of devices complete after 541.126 msecs
[   15.759461] OOM killer enabled.
[   15.762596] Restarting tasks ... done.
root@(none):/# 
root@(none):/# rtcwake -d rtc1 -m mem -s 3
rtcwake: assuming RTC uses UTC ...
rtcwake: wakeup from "mem" using /dev/rtc1 at Thu Jan  1 00:01:14 1970
[   16.695122] PM: Syncing filesystems ... done.
[   16.700658] Freezing user space processes ... (elapsed 0.001 seconds) done.
[   16.708999] OOM killer disabled.
[   16.712223] Freezing remaining freezable tasks ... (elapsed 0.001 seconds) done.
[   16.720909] Suspending console(s) (use no_console_suspend to debug)
[   16.780688] tegra_dma_pm_suspend-1523
[   16.780698] tegra_dma_runtime_resume-1507
[   16.780717] tegra_dma_pm_suspend-1551
[   16.780827] PM: suspend of devices complete after 52.448 msecs
[   16.783556] PM: late suspend of devices complete after 2.712 msecs
[   16.785694] PM: noirq suspend of devices complete after 2.124 msecs
[   16.785700] Disabling non-boot CPUs ...
[   16.786213] IRQ17 no longer affine to CPU1
[   16.932879] Entering suspend state LP1
[   16.932879] Suspended for 7.099 seconds
[   16.932900] Enabling non-boot CPUs ...
[   16.962481] CPU1 is up
[   17.002614] CPU2 is up
[   17.043274] CPU3 is up
[   17.044391] PM: noirq resume of devices complete after 1.106 msecs
[   17.046741] PM: early resume of devices complete after 1.898 msecs
[   17.596239] PM: resume of devices complete after 549.479 msecs
[   17.671811] OOM killer enabled.
[   17.674946] Restarting tasks ... done.
root@(none):/# 
root@(none):/# rtcwake -d rtc1 -m mem -s 3
rtcwake: assuming RTC uses UTC ...
rtcwake: wakeup from "mem" using /dev/rtc1 at Thu Jan  1 00:01:23 1970
[   18.600197] PM: Syncing filesystems ... done.
[   18.605909] Freezing user space processes ... (elapsed 0.001 seconds) done.
[   18.614270] OOM killer disabled.
[   18.617494] Freezing remaining freezable tasks ... (elapsed 0.001 seconds) done.
[   18.626287] Suspending console(s) (use no_console_suspend to debug)
[   18.680145] tegra_dma_pm_suspend-1523
[   18.680155] tegra_dma_runtime_resume-1507
[   18.680173] tegra_dma_pm_suspend-1551
[   18.680286] PM: suspend of devices complete after 46.499 msecs
[   18.683295] PM: late suspend of devices complete after 2.991 msecs
[   18.685223] PM: noirq suspend of devices complete after 1.917 msecs
[   18.685228] Disabling non-boot CPUs ...
[   18.685678] IRQ17 no longer affine to CPU1
[   18.832285] Entering suspend state LP1
[   18.832285] Suspended for 7.100 seconds
[   18.832306] Enabling non-boot CPUs ...
[   18.862482] CPU1 is up
[   18.902588] CPU2 is up
[   18.943238] CPU3 is up
[   18.944360] PM: noirq resume of devices complete after 1.110 msecs
[   18.946792] PM: early resume of devices complete after 1.993 msecs
[   19.497613] PM: resume of devices complete after 550.800 msecs
[   19.573194] OOM killer enabled.
[   19.576329] Restarting tasks ... done.
root@(none):/# 
root@(none):/# rtcwake -d rtc1 -m mem -s 3
rtcwake: assuming RTC uses UTC ...
rtcwake: wakeup from "mem" using /dev/rtc1 at Thu Jan  1 00:01:32 1970
[   20.497459] PM: Syncing filesystems ... done.
[   20.502970] Freezing user space processes ... (elapsed 0.001 seconds) done.
[   20.511306] OOM killer disabled.
[   20.514530] Freezing remaining freezable tasks ... (elapsed 0.001 seconds) done.
[   20.523220] Suspending console(s) (use no_console_suspend to debug)
[   20.580645] tegra_dma_pm_suspend-1523
[   20.580655] tegra_dma_runtime_resume-1507
[   20.580674] tegra_dma_pm_suspend-1551
[   20.580788] PM: suspend of devices complete after 50.088 msecs
[   20.583779] PM: late suspend of devices complete after 2.973 msecs
[   20.585716] PM: noirq suspend of devices complete after 1.926 msecs
[   20.585721] Disabling non-boot CPUs ...
[   20.586227] IRQ17 no longer affine to CPU1
[   20.732809] Entering suspend state LP1
[   20.732809] Suspended for 7.099 seconds
[   20.732829] Enabling non-boot CPUs ...
[   20.762375] CPU1 is up
[   20.802523] CPU2 is up
[   20.843170] CPU3 is up
[   20.844289] PM: noirq resume of devices complete after 1.107 msecs
[   20.846816] PM: early resume of devices complete after 2.073 msecs
[   21.388610] PM: resume of devices complete after 541.776 msecs
[   21.464134] OOM killer enabled.
[   21.467268] Restarting tasks ... done.
root@(none):/# 
root@(none):/# rtcwake -d rtc1 -m mem -s 3
rtcwake: assuming RTC uses UTC ...
rtcwake: wakeup from "mem" using /dev/rtc1 at Thu Jan  1 00:01:41 1970
[   22.399335] PM: Syncing filesystems ... done.
[   22.404922] Freezing user space processes ... (elapsed 0.001 seconds) done.
[   22.413278] OOM killer disabled.
[   22.416502] Freezing remaining freezable tasks ... (elapsed 0.001 seconds) done.
[   22.425329] Suspending console(s) (use no_console_suspend to debug)
[   22.480618] tegra_dma_pm_suspend-1523
[   22.480627] tegra_dma_runtime_resume-1507
[   22.480645] tegra_dma_pm_suspend-1551
[   22.480752] PM: suspend of devices complete after 47.943 msecs
[   22.483763] PM: late suspend of devices complete after 2.994 msecs
[   22.485753] PM: noirq suspend of devices complete after 1.979 msecs
[   22.485758] Disabling non-boot CPUs ...
[   22.632198] Entering suspend state LP1
[   22.632198] Suspended for 7.100 seconds
[   22.632218] Enabling non-boot CPUs ...
[   22.662338] CPU1 is up
[   22.702474] CPU2 is up
[   22.743126] CPU3 is up
[   22.744243] PM: noirq resume of devices complete after 1.105 msecs
[   22.746725] PM: early resume of devices complete after 2.019 msecs
[   23.288620] PM: resume of devices complete after 541.876 msecs
[   23.360045] OOM killer enabled.
[   23.363180] Restarting tasks ... done.
root@(none):/# 
root@(none):/# NVTB SYSTEM SUSPEND TEST COMPLETE
