
U-Boot SPL 2015.04-rc3-00209-ga74ef40 (Mar 16 2015 - 14:43:39)


U-Boot 2015.04-rc3-00209-ga74ef40 (Mar 16 2015 - 14:43:39)

TEGRA20
Model: Compulab TrimSlice board
DRAM:  1 GiB
MMC:   Tegra SD/MMC: 0, Tegra SD/MMC: 1
SF: Detected W25Q80BL with page size 256 Bytes, erase size 4 KiB, total 1 MiB
tegra-pcie: PCI regions:
tegra-pcie:   I/O: 0x82000000-0x82010000
tegra-pcie:   non-prefetchable memory: 0xa0000000-0xa8000000
tegra-pcie:   prefetchable memory: 0xa8000000-0xc0000000
tegra-pcie: dual-mode configuration
tegra-pcie: probing port 0, using 2 lanes
In:    serial
Out:   serial
Err:   serial
Net:   RTL8169#0
Hit any key to stop autoboot:  2  0 
Tegra20 (TrimSlice) # 
Tegra20 (TrimSlice) # usb reset
resetting USB...
USB0:   USB EHCI 1.00
scanning bus 0 for devices... 3 USB Device(s) found
USB1:   USB EHCI 1.00
scanning bus 1 for devices... 1 USB Device(s) found
USB2:   lowlevel init failed
       scanning usb for storage devices... 0 Storage Device(s) found
       scanning usb for ethernet devices... 
Warning: asx0 using MAC address from net device
1 Ethernet Device(s) found
Tegra20 (TrimSlice) # setenv bootargs 'ignore_loglevel console=ttyS0,115200n8 rw root=PARTUUID=11eb23c1-01 rootwait gpt debug noinitrd earlyprintk init=/bin/bash'
Tegra20 (TrimSlice) # setenv ipaddr 192.168.100.103; setenv serverip 192.168.100.1; setenv tftpserverip 192.168.100.1
Tegra20 (TrimSlice) # tftpboot 0x00408000 zImage.multi_v7_defconfig
Using RTL8169#0 device
TFTP from server 192.168.100.1; our IP address is 192.168.100.103
Filename 'zImage.multi_v7_defconfig'.
Load address: 0x408000
Loading: *#################################################################
	 #################################################################
	 #################################################################
	 #################################################################
	 #################################################################
	 #################################################################
	 #################################################################
	 #################################################################
	 ####################################
	 3.5 MiB/s
done
Bytes transferred = 8159752 (7c8208 hex)
Tegra20 (TrimSlice) # tftpboot 0x02408000 tegra20-trimslice.dtb
Using RTL8169#0 device
TFTP from server 192.168.100.1; our IP address is 192.168.100.103
Filename 'tegra20-trimslice.dtb'.
Load address: 0x2408000
Loading: *##
	 3.4 MiB/s
done
Bytes transferred = 21454 (53ce hex)
Tegra20 (TrimSlice) # bootz 0x00408000 - 0x02408000
Kernel image @ 0x408000 [ 0x000000 - 0x7c8200 ]
## Flattened Device Tree blob at 02408000
   Booting using the fdt blob at 0x2408000
   Using Device Tree in place at 02408000, end 024103cd

Starting kernel ...

[    0.000000] Booting Linux on physical CPU 0x0
[    0.000000] Linux version 4.13.0-next-20170908-199620-gda52d78 (jonathanh@sellafield) (gcc version 4.7.3 20130328 (prerelease) (crosstool-NG linaro-1.13.1-4.7-2013.04-20130415 - Linaro GCC 2013.04)) #1 SMP Tue Sep 12 06:17:15 PDT 2017
[    0.000000] CPU: ARMv7 Processor [411fc090] revision 0 (ARMv7), cr=10c5387d
[    0.000000] CPU: PIPT / VIPT nonaliasing data cache, VIPT aliasing instruction cache
[    0.000000] OF: fdt: Machine model: Compulab TrimSlice board
[    0.000000] debug: ignoring loglevel setting.
[    0.000000] Memory policy: Data cache writealloc
[    0.000000] efi: Getting EFI parameters from FDT:
[    0.000000] efi: UEFI not found.
[    0.000000] cma: Reserved 64 MiB at 0x3c000000
[    0.000000] On node 0 totalpages: 262144
[    0.000000] free_area_init_node: node 0, pgdat c158e5c0, node_mem_map ef7f8000
[    0.000000]   DMA zone: 1536 pages used for memmap
[    0.000000]   DMA zone: 0 pages reserved
[    0.000000]   DMA zone: 196608 pages, LIFO batch:31
[    0.000000]   HighMem zone: 65536 pages, LIFO batch:15
[    0.000000] random: fast init done
[    0.000000] percpu: Embedded 17 pages/cpu @ef7c4000 s39424 r8192 d22016 u69632
[    0.000000] pcpu-alloc: s39424 r8192 d22016 u69632 alloc=17*4096
[    0.000000] pcpu-alloc: [0] 0 [0] 1 
[    0.000000] Built 1 zonelists, mobility grouping on.  Total pages: 260608
[    0.000000] Kernel command line: ignore_loglevel console=ttyS0,115200n8 rw root=PARTUUID=11eb23c1-01 rootwait gpt debug noinitrd earlyprintk init=/bin/bash
[    0.000000] PID hash table entries: 4096 (order: 2, 16384 bytes)
[    0.000000] Dentry cache hash table entries: 131072 (order: 7, 524288 bytes)
[    0.000000] Inode-cache hash table entries: 65536 (order: 6, 262144 bytes)
[    0.000000] Memory: 954308K/1048576K available (10240K kernel code, 1626K rwdata, 4508K rodata, 2048K init, 405K bss, 28732K reserved, 65536K cma-reserved, 196608K highmem)
[    0.000000] Virtual kernel memory layout:
[    0.000000]     vector  : 0xffff0000 - 0xffff1000   (   4 kB)
[    0.000000]     fixmap  : 0xffc00000 - 0xfff00000   (3072 kB)
[    0.000000]     vmalloc : 0xf0800000 - 0xff800000   ( 240 MB)
[    0.000000]     lowmem  : 0xc0000000 - 0xf0000000   ( 768 MB)
[    0.000000]     pkmap   : 0xbfe00000 - 0xc0000000   (   2 MB)
[    0.000000]     modules : 0xbf000000 - 0xbfe00000   (  14 MB)
[    0.000000]       .text : 0xc0208000 - 0xc0d00000   (11232 kB)
[    0.000000]       .init : 0xc1200000 - 0xc1400000   (2048 kB)
[    0.000000]       .data : 0xc1400000 - 0xc1596910   (1627 kB)
[    0.000000]        .bss : 0xc159fbc0 - 0xc160537c   ( 406 kB)
[    0.000000] SLUB: HWalign=64, Order=0-3, MinObjects=0, CPUs=2, Nodes=1
[    0.000000] Hierarchical RCU implementation.
[    0.000000] 	RCU event tracing is enabled.
[    0.000000] 	RCU restricting CPUs from NR_CPUS=16 to nr_cpu_ids=2.
[    0.000000] RCU: Adjusting geometry for rcu_fanout_leaf=16, nr_cpu_ids=2
[    0.000000] NR_IRQS: 16, nr_irqs: 16, preallocated irqs: 16
[    0.000000] /interrupt-controller@60004000: 128 interrupts forwarded to /interrupt-controller@50041000
[    0.000000] L2C: platform modifies aux control register: 0x02080000 -> 0x3e480001
[    0.000000] L2C: DT/platform modifies aux control register: 0x02080000 -> 0x3e480001
[    0.000000] L2C-310 errata 727915 769419 enabled
[    0.000000] L2C-310 enabling early BRESP for Cortex-A9
[    0.000000] L2C-310: enabling full line of zeros but not enabled in Cortex-A9
[    0.000000] L2C-310 ID prefetch enabled, offset 1 lines
[    0.000000] L2C-310 cache controller enabled, 8 ways, 1024 kB
[    0.000000] L2C-310: CACHE_ID 0x410000c4, AUX_CTRL 0x7e480001
[    0.000009] sched_clock: 32 bits at 1000kHz, resolution 1000ns, wraps every 2147483647500ns
[    0.000026] clocksource: timer_us: mask: 0xffffffff max_cycles: 0xffffffff, max_idle_ns: 1911260446275 ns
[    0.000037] Switching to timer-based delay loop, resolution 1000ns
[    0.001711] Console: colour dummy device 80x30
[    0.001741] Calibrating delay loop (skipped), value calculated using timer frequency.. 2.00 BogoMIPS (lpj=10000)
[    0.001752] pid_max: default: 32768 minimum: 301
[    0.001839] Mount-cache hash table entries: 2048 (order: 1, 8192 bytes)
[    0.001851] Mountpoint-cache hash table entries: 2048 (order: 1, 8192 bytes)
[    0.002288] CPU: Testing write buffer coherency: ok
[    0.002495] CPU0: thread -1, cpu 0, socket 0, mpidr 80000000
[    0.002730] Setting up static identity map for 0x300000 - 0x3000a0
[    0.003364] Hierarchical SRCU implementation.
[    0.004201] Tegra Revision: A03 prime SKU: 8 CPU Process: 1 SoC Process: 2
[    0.004646] EFI services will not be available.
[    0.004738] smp: Bringing up secondary CPUs ...
[    0.005257] CPU1: thread -1, cpu 1, socket 0, mpidr 80000001
[    0.005333] smp: Brought up 1 node, 2 CPUs
[    0.005344] SMP: Total of 2 processors activated (4.00 BogoMIPS).
[    0.005350] CPU: All CPU(s) started in SVC mode.
[    0.006007] devtmpfs: initialized
[    0.012418] Built 1 zonelists, mobility grouping on.  Total pages: 254961
[    0.012780] VFP support v0.3: implementor 41 architecture 3 part 30 variant 9 rev 1
[    0.013038] clocksource: jiffies: mask: 0xffffffff max_cycles: 0xffffffff, max_idle_ns: 19112604462750000 ns
[    0.013059] futex hash table entries: 512 (order: 3, 32768 bytes)
[    0.013241] pinctrl core: initialized pinctrl subsystem
[    0.014126] DMI not present or invalid.
[    0.014342] NET: Registered protocol family 16
[    0.016483] DMA: preallocated 256 KiB pool for atomic coherent allocations
[    0.017897] cpuidle: using governor menu
[    0.033664] No ATAGs?
[    0.033729] hw-breakpoint: found 5 (+1 reserved) breakpoint and 1 watchpoint registers.
[    0.033740] hw-breakpoint: maximum watchpoint size is 4 bytes.
[    0.038525] Serial: AMBA PL011 UART driver
[    0.048839] AT91: Could not find identification node
[    0.049344] usb1_vbus: Failed to request enable GPIO170: -517
[    0.049360] reg-fixed-voltage regulators:regulator@2: Failed to register regulator: -517
[    0.052793] vgaarb: loaded
[    0.053354] SCSI subsystem initialized
[    0.053484] libata version 3.00 loaded.
[    0.053663] usbcore: registered new interface driver usbfs
[    0.053701] usbcore: registered new interface driver hub
[    0.053742] usbcore: registered new device driver usb
[    0.055708] pps_core: LinuxPPS API ver. 1 registered
[    0.055716] pps_core: Software ver. 5.3.6 - Copyright 2005-2007 Rodolfo Giometti <giometti@linux.it>
[    0.055732] PTP clock support registered
[    0.055881] EDAC MC: Ver: 3.0.0
[    0.056129] dmi: Firmware registration failed.
[    0.057562] clocksource: Switched to clocksource timer_us
[    0.095480] NET: Registered protocol family 2
[    0.095917] TCP established hash table entries: 8192 (order: 3, 32768 bytes)
[    0.095988] TCP bind hash table entries: 8192 (order: 4, 65536 bytes)
[    0.096102] TCP: Hash tables configured (established 8192 bind 8192)
[    0.096225] UDP hash table entries: 512 (order: 2, 16384 bytes)
[    0.096280] UDP-Lite hash table entries: 512 (order: 2, 16384 bytes)
[    0.096437] NET: Registered protocol family 1
[    0.096734] RPC: Registered named UNIX socket transport module.
[    0.096743] RPC: Registered udp transport module.
[    0.096749] RPC: Registered tcp transport module.
[    0.096754] RPC: Registered tcp NFSv4.1 backchannel transport module.
[    0.096763] PCI: CLS 0 bytes, default 64
[    0.097621] hw perfevents: no interrupt-affinity property for /pmu, guessing.
[    0.097783] hw perfevents: enabled with armv7_cortex_a9 PMU driver, 7 counters available
[    0.098961] workingset: timestamp_bits=30 max_order=18 bucket_order=0
[    0.103383] squashfs: version 4.0 (2009/01/31) Phillip Lougher
[    0.103853] NFS: Registering the id_resolver key type
[    0.103877] Key type id_resolver registered
[    0.103884] Key type id_legacy registered
[    0.103915] ntfs: driver 2.1.32 [Flags: R/O].
[    0.105025] bounce: pool size: 64 pages
[    0.105080] Block layer SCSI generic (bsg) driver version 0.4 loaded (major 248)
[    0.105089] io scheduler noop registered
[    0.105095] io scheduler deadline registered
[    0.105266] io scheduler cfq registered (default)
[    0.105274] io scheduler mq-deadline registered
[    0.105281] io scheduler kyber registered
[    0.116957] tegra-pcie 80003000.pcie: dual-mode configuration
[    0.117728] tegra-pcie 80003000.pcie: probing port 0, using 2 lanes
[    0.201714] tegra-pcie 80003000.pcie: PCI host bridge to bus 0000:00
[    0.201726] pci_bus 0000:00: root bus resource [io  0x0000-0xffff]
[    0.201735] pci_bus 0000:00: root bus resource [mem 0xa0000000-0xa7ffffff]
[    0.201744] pci_bus 0000:00: root bus resource [mem 0xa8000000-0xbfffffff pref]
[    0.201753] pci_bus 0000:00: root bus resource [bus 00-ff]
[    0.201787] pci 0000:00:01.0: [10de:0bf0] type 01 class 0x060000
[    0.201806] pci_bus 0000:00: 2-byte config write to 0000:00:01.0 offset 0x4 may corrupt adjacent RW1C bits
[    0.201817] pci_bus 0000:00: 2-byte config write to 0000:00:01.0 offset 0x4 may corrupt adjacent RW1C bits
[    0.201835] pci 0000:00:01.0: enabling Extended Tags
[    0.201846] pci_bus 0000:00: 2-byte config write to 0000:00:01.0 offset 0x88 may corrupt adjacent RW1C bits
[    0.201872] pci_bus 0000:00: 2-byte config write to 0000:00:01.0 offset 0x52 may corrupt adjacent RW1C bits
[    0.201896] pci 0000:00:01.0: PME# supported from D0 D1 D2 D3hot D3cold
[    0.201907] pci_bus 0000:00: 2-byte config write to 0000:00:01.0 offset 0x4c may corrupt adjacent RW1C bits
[    0.202062] pci_bus 0000:00: 2-byte config write to 0000:00:01.0 offset 0x3e may corrupt adjacent RW1C bits
[    0.202074] pci_bus 0000:00: 2-byte config write to 0000:00:01.0 offset 0x4 may corrupt adjacent RW1C bits
[    0.202084] pci_bus 0000:00: 1-byte config write to 0000:00:01.0 offset 0xc may corrupt adjacent RW1C bits
[    0.202091] PCI: bus0: Fast back to back transfers disabled
[    0.202101] pci 0000:00:01.0: bridge configuration invalid ([bus 00-00]), reconfiguring
[    0.202110] pci_bus 0000:00: 2-byte config write to 0000:00:01.0 offset 0x3e may corrupt adjacent RW1C bits
[    0.202121] pci_bus 0000:00: 2-byte config write to 0000:00:01.0 offset 0x3e may corrupt adjacent RW1C bits
[    0.202233] pci 0000:01:00.0: [10ec:8168] type 00 class 0x020000
[    0.202267] pci 0000:01:00.0: reg 0x10: [io  0x0000-0x00ff]
[    0.202292] pci 0000:01:00.0: reg 0x18: [mem 0x00000000-0x00000fff 64bit pref]
[    0.202310] pci 0000:01:00.0: reg 0x20: [mem 0x00000000-0x00003fff 64bit pref]
[    0.202324] pci 0000:01:00.0: reg 0x30: [mem 0x00000000-0x0001ffff pref]
[    0.202399] pci 0000:01:00.0: supports D1 D2
[    0.202408] pci 0000:01:00.0: PME# supported from D0 D1 D2 D3hot D3cold
[    0.227595] PCI: bus1: Fast back to back transfers disabled
[    0.227608] pci_bus 0000:01: busn_res: [bus 01-ff] end is updated to 01
[    0.227637] pci 0000:00:01.0: BAR 8: assigned [mem 0xa0000000-0xa00fffff]
[    0.227648] pci 0000:00:01.0: BAR 9: assigned [mem 0xa8000000-0xa80fffff 64bit pref]
[    0.227658] pci 0000:00:01.0: BAR 7: assigned [io  0x1000-0x1fff]
[    0.227670] pci 0000:01:00.0: BAR 6: assigned [mem 0xa0000000-0xa001ffff pref]
[    0.227681] pci 0000:01:00.0: BAR 4: assigned [mem 0xa8000000-0xa8003fff 64bit pref]
[    0.227700] pci 0000:01:00.0: BAR 2: assigned [mem 0xa8004000-0xa8004fff 64bit pref]
[    0.227719] pci 0000:01:00.0: BAR 0: assigned [io  0x1000-0x10ff]
[    0.227730] pci 0000:00:01.0: PCI bridge to [bus 01]
[    0.227739] pci 0000:00:01.0:   bridge window [io  0x1000-0x1fff]
[    0.227748] pci 0000:00:01.0:   bridge window [mem 0xa0000000-0xa00fffff]
[    0.227757] pci 0000:00:01.0:   bridge window [mem 0xa8000000-0xa80fffff 64bit pref]
[    0.227780] pci 0000:00:01.0: nv_msi_ht_cap_quirk didn't locate host bridge
[    0.227833] Disabling cpuidle LP2 state, since PCIe IRQs are in use
[    0.227868] pcieport 0000:00:01.0: enabling device (0140 -> 0143)
[    0.228055] pcieport 0000:00:01.0: Signaling PME with IRQ 295
[    0.234106] tegra-apbdma 6000a000.dma: Tegra20 APB DMA driver register 16 channels
[    0.274191] Serial: 8250/16550 driver, 4 ports, IRQ sharing disabled
[    0.276350] console [ttyS0] disabled
[    0.276387] 70006000.serial: ttyS0 at MMIO 0x70006000 (irq = 279, base_baud = 13500000) is a Tegra
[    1.367272] console [ttyS0] enabled
[    1.371338] SuperH (H)SCI(F) driver initialized
[    1.376615] msm_serial: driver initialized
[    1.380862] STMicroelectronics ASC driver initialized
[    1.390302] tegra-hdmi 54280000.hdmi: 54280000.hdmi supply hdmi not found, using dummy regulator
[    1.401333] [drm] Supports vblank timestamp caching Rev 2 (21.10.2013).
[    1.407968] [drm] No driver support for vblank timestamp query.
[    1.413903] [drm] Cannot find any crtc or sizes
[    1.418470] [drm] Initialized tegra 0.0.0 20120330 for drm on minor 0
[    1.426433] [drm] Cannot find any crtc or sizes
[    1.436067] brd: module loaded
[    1.444054] loop: module loaded
[    1.453294] m25p80 spi0.0: found s25fl008k, expected w25q80bl
[    1.459140] m25p80 spi0.0: s25fl008k (1024 Kbytes)
[    1.465844] libphy: Fixed MDIO Bus: probed
[    1.470733] CAN device driver interface
[    1.475220] bgmac_bcma: Broadcom 47xx GBit MAC driver loaded
[    1.481828] e1000e: Intel(R) PRO/1000 Network Driver - 3.2.6-k
[    1.487665] e1000e: Copyright(c) 1999 - 2015 Intel Corporation.
[    1.493624] igb: Intel(R) Gigabit Ethernet Network Driver - version 5.4.0-k
[    1.500583] igb: Copyright (c) 2007-2014 Intel Corporation.
[    1.506704] r8169 Gigabit Ethernet driver 2.3LK-NAPI loaded
[    1.512300] r8169 0000:01:00.0: enabling device (0140 -> 0143)
[    1.518756] r8169 0000:01:00.0 eth0: RTL8168d/8111d at 0xf0a5c000, 00:01:c0:13:7d:63, XID 081000c0 IRQ 296
[    1.528412] r8169 0000:01:00.0 eth0: jumbo features [frames: 9200 bytes, tx checksumming: ko]
[    1.539160] pegasus: v0.9.3 (2013/04/25), Pegasus/Pegasus II USB Ethernet driver
[    1.546586] usbcore: registered new interface driver pegasus
[    1.552281] usbcore: registered new interface driver asix
[    1.557718] usbcore: registered new interface driver ax88179_178a
[    1.563818] usbcore: registered new interface driver cdc_ether
[    1.569687] usbcore: registered new interface driver smsc75xx
[    1.575448] usbcore: registered new interface driver smsc95xx
[    1.581218] usbcore: registered new interface driver net1080
[    1.586883] usbcore: registered new interface driver cdc_subset
[    1.592832] usbcore: registered new interface driver zaurus
[    1.598443] usbcore: registered new interface driver cdc_ncm
[    1.604356] tegra-phy c5004000.usb-phy: no vbus regulator
[    1.610872] tegra-phy c5008000.usb-phy: no vbus regulator
[    1.617591] ehci_hcd: USB 2.0 'Enhanced' Host Controller (EHCI) Driver
[    1.624103] ehci-pci: EHCI PCI platform driver
[    1.628579] ehci-platform: EHCI generic platform driver
[    1.633941] ehci-orion: EHCI orion driver
[    1.638077] SPEAr-ehci: EHCI SPEAr driver
[    1.642175] ehci-st: EHCI STMicroelectronics driver
[    1.647137] ehci-exynos: EHCI EXYNOS driver
[    1.651440] ehci-atmel: EHCI Atmel driver
[    1.655534] tegra-ehci: Tegra EHCI driver
[    1.718770] ulpi_phy_power_on: ulpi write failed
[    1.723378] tegra-ehci c5004000.usb: Failed to power on the phy
[    1.729314] tegra-ehci: probe of c5004000.usb failed with error -110
[    1.738289] tegra-ehci c5008000.usb: EHCI Host Controller
[    1.743697] tegra-ehci c5008000.usb: new USB bus registered, assigned bus number 1
[    1.751428] tegra-ehci c5008000.usb: irq 290, io mem 0xc5008000
[    1.777584] tegra-ehci c5008000.usb: USB 2.0 started, EHCI 1.00
[    1.784038] hub 1-0:1.0: USB hub found
[    1.787822] hub 1-0:1.0: 1 port detected
[    1.792038] ohci_hcd: USB 1.1 'Open' Host Controller (OHCI) Driver
[    1.798231] ohci-pci: OHCI PCI platform driver
[    1.802702] ohci-platform: OHCI generic platform driver
[    1.808095] SPEAr-ohci: OHCI SPEAr driver
[    1.812197] ohci-st: OHCI STMicroelectronics driver
[    1.817158] ohci-atmel: OHCI Atmel driver
[    1.821747] usbcore: registered new interface driver usb-storage
[    1.830799] rtc-em3027 2-0056: rtc core: registered rtc-em3027 as rtc0
[    1.838453] tegra_rtc 7000e000.rtc: rtc core: registered 7000e000.rtc as rtc1
[    1.845606] tegra_rtc 7000e000.rtc: Tegra internal Real Time Clock
[    1.852195] i2c /dev entries driver
[    1.858322] IR NEC protocol handler initialized
[    1.862840] IR RC5(x/sz) protocol handler initialized
[    1.867892] IR RC6 protocol handler initialized
[    1.872407] IR JVC protocol handler initialized
[    1.876922] IR Sony protocol handler initialized
[    1.881534] IR SANYO protocol handler initialized
[    1.886223] IR Sharp protocol handler initialized
[    1.890921] IR MCE Keyboard/mouse protocol handler initialized
[    1.896736] IR XMP protocol handler initialized
[    1.908225] sdhci: Secure Digital Host Controller Interface driver
[    1.914390] sdhci: Copyright(c) Pierre Ossman
[    1.919922] Synopsys Designware Multimedia Card Interface Driver
[    1.926864] sdhci-pltfm: SDHCI platform and OF driver helper
[    1.941291] mmc0: Invalid maximum block size, assuming 512 bytes
[    2.007739] mmc0: SDHCI controller on c8000000.sdhci [c8000000.sdhci] using ADMA
[    2.015620] sdhci-tegra c8000600.sdhci: Got CD GPIO
[    2.020699] sdhci-tegra c8000600.sdhci: Got WP GPIO
[    2.034414] mmc1: Invalid maximum block size, assuming 512 bytes
[    2.098171] mmc1: SDHCI controller on c8000600.sdhci [c8000600.sdhci] using ADMA
[    2.114283] ledtrig-cpu: registered to indicate activity on CPUs
[    2.120583] usbcore: registered new interface driver usbhid
[    2.126141] usbhid: USB HID core driver
[    2.133605] NET: Registered protocol family 10
[    2.141346] Segment Routing with IPv6
[    2.145047] sit: IPv6, IPv4 and MPLS over IPv4 tunneling driver
[    2.151404] NET: Registered protocol family 17
[    2.155842] can: controller area network core (rev 20170425 abi 9)
[    2.162078] NET: Registered protocol family 29
[    2.166510] can: raw protocol (rev 20170425)
[    2.170787] can: broadcast manager protocol (rev 20170425 t)
[    2.176435] can: netlink gateway (rev 20170425) max_hops=1
[    2.182199] Key type dns_resolver registered
[    2.186829] ThumbEE CPU extension supported.
[    2.191115] Registering SWP/SWPB emulation handler
[    2.204246] utmi_phy_clk_enable: timeout waiting for phy to stabilize
[    2.210727] tegra-ehci c5000000.usb: EHCI Host Controller
[    2.216131] tegra-ehci c5000000.usb: new USB bus registered, assigned bus number 2
[    2.217582] usb 1-1: new high-speed USB device number 2 using tegra-ehci
[    2.230580] tegra-ehci c5000000.usb: irq 288, io mem 0xc5000000
[    2.246936] mmc1: new high speed SD card at address b368
[    2.253396] mmcblk1: mmc1:b368 NCard 1.83 GiB (ro)
[    2.260909]  mmcblk1: p1 p2
[    2.387735] tegra-ehci c5000000.usb: USB 2.0 started, EHCI 1.00
[    2.395921] hub 2-0:1.0: USB hub found
[    2.399952] hub 2-0:1.0: 1 port detected
[    2.407177] input: gpio-keys as /devices/soc0/gpio-keys/input/input0
[    2.415047] rtc-em3027 2-0056: hctosys: unable to read the hardware clock
[   2.422338] hub 1-1:1.0: USB hub found
[    2.426640] hub 1-1:1.0: 4 ports detected
[    2.431758] Waiting for root device PARTUUID=11eb23c1-01...
[    2.747717] usb 1-1.2: new high-speed USB device number 3 using tegra-ehci
[    3.275473] mmc0: host does not support reading read-only switch, assuming write-enable
[    3.285412] mmc0: new high speed SDHC card at address b368
[    3.291241] mmcblk0: mmc0:b368 NCard 3.70 GiB 
[    3.297634]  mmcblk0: p1
[    3.371369] asix 1-1.2:1.0 eth1: register 'asix' at usb-c5008000.usb-1.2, ASIX AX88772 USB 2.0 Ethernet, 00:60:6e:60:6c:68
[    3.388318] EXT4-fs (mmcblk0p1): mounting ext3 file system using the ext4 subsystem
[    3.903004] EXT4-fs (mmcblk0p1): recovery complete
[    3.978716] EXT4-fs (mmcblk0p1): mounted filesystem with ordered data mode. Opts: (null)
[    3.986896] VFS: Mounted root (ext3 filesystem) on device 179:17.
[    3.996954] devtmpfs: mounted
[    4.001479] Freeing unused kernel memory: 2048K
bash: cannot set terminal process group (-1): Inappropriate ioctl for device
bash: no job control in this shell
root@(none):/#  
root@(none):/# 