
U-Boot SPL 2014.07-00097-g772e173 (Jul 25 2014 - 20:02:52)


U-Boot 2014.07-00097-g772e173 (Jul 25 2014 - 20:02:52)

TEGRA124
Board: NVIDIA Jetson TK1
I2C:   ready
DRAM:  2 GiB
MMC:   Tegra SD/MMC: 0, Tegra SD/MMC: 1
In:    serial
Out:   serial
Err:   serial
Net:   Net Initialization Skipped
No ethernet found.
Hit any key to stop autoboot:  2  0 
Tegra124 (Jetson TK1) # 
Tegra124 (Jetson TK1) # usb reset
(Re)start USB...
USB0:   USB EHCI 1.10
scanning bus 0 for devices... 1 USB Device(s) found
USB1:   USB EHCI 1.10
scanning bus 1 for devices... 2 USB Device(s) found
       scanning usb for storage devices... 0 Storage Device(s) found
       scanning usb for ethernet devices... 
Warning: asx0 using MAC address from net device
1 Ethernet Device(s) found
Tegra124 (Jetson TK1) # setenv bootargs 'ignore_loglevel console=ttyS0,115200n8 rw root=/dev/mmcblk0p1 rootwait gpt debug init=/bin/bash noinitrd'
Tegra124 (Jetson TK1) # setenv ipaddr 192.168.100.102; setenv serverip 192.168.100.1; setenv tftpserverip 192.168.100.1
Tegra124 (Jetson TK1) # tftpboot 0x81000000 zImage.multi_v7_defconfig
Waiting for Ethernet connection... done.
Using asx0 device
TFTP from server 192.168.100.1; our IP address is 192.168.100.102
Filename 'zImage.multi_v7_defconfig'.
Load address: 0x81000000
Loading: *#################################################################
	 #################################################################
	 #################################################################
	 #################################################################
	 #################################################################
	 #################################################################
	 #############################################
	 3.2 MiB/s
done
Bytes transferred = 6371712 (613980 hex)
Tegra124 (Jetson TK1) # tftpboot 0x82000000 tegra124-jetson-tk1.dtb
Using asx0 device
TFTP from server 192.168.100.1; our IP address is 192.168.100.102
Filename 'tegra124-jetson-tk1.dtb'.
Load address: 0x82000000
Loading: *#####
	 2.7 MiB/s
done
Bytes transferred = 64138 (fa8a hex)
Tegra124 (Jetson TK1) # bootz 0x81000000 - 0x82000000
Kernel image @ 0x81000000 [ 0x000000 - 0x613980 ]
## Flattened Device Tree blob at 82000000
   Booting using the fdt blob at 0x82000000
   Using Device Tree in place at 82000000, end 82012a89

Starting kernel ...

[    0.000000] Booting Linux on physical CPU 0x0
[    0.000000] Linux version 4.2.0-rc5-next-20150806-34438-g868205d (pwalmsley@sellafield) (gcc version 4.7.3 20130328 (prerelease) (crosstool-NG linaro-1.13.1-4.7-2013.04-20130415 - Linaro GCC 2013.04) ) #1 SMP Thu Aug 6 03:20:57 PDT 2015
[    0.000000] CPU: ARMv7 Processor [413fc0f3] revision 3 (ARMv7), cr=10c5387d
[    0.000000] CPU: PIPT / VIPT nonaliasing data cache, PIPT instruction cache
[    0.000000] Machine model: NVIDIA Tegra124 Jetson TK1
[    0.000000] debug: ignoring loglevel setting.
[    0.000000] cma: Reserved 64 MiB at 0xfb800000
[    0.000000] Memory policy: Data cache writealloc
[    0.000000] On node 0 totalpages: 524032
[    0.000000] free_area_init_node: node 0, pgdat c0f561c0, node_mem_map ee7f8000
[    0.000000]   DMA zone: 1520 pages used for memmap
[    0.000000]   DMA zone: 0 pages reserved
[    0.000000]   DMA zone: 194560 pages, LIFO batch:31
[    0.000000]   HighMem zone: 329472 pages, LIFO batch:31
[    0.000000] PERCPU: Embedded 12 pages/cpu @ee78f000 s19200 r8192 d21760 u49152
[    0.000000] pcpu-alloc: s19200 r8192 d21760 u49152 alloc=12*4096
[    0.000000] pcpu-alloc: [0] 0 [0] 1 [0] 2 [0] 3 
[    0.000000] Built 1 zonelists in Zone order, mobility grouping on.  Total pages: 522512
[    0.000000] Kernel command line: ignore_loglevel console=ttyS0,115200n8 rw root=/dev/mmcblk0p1 rootwait gpt debug init=/bin/bash noinitrd
[    0.000000] PID hash table entries: 4096 (order: 2, 16384 bytes)
[    0.000000] Dentry cache hash table entries: 131072 (order: 7, 524288 bytes)
[    0.000000] Inode-cache hash table entries: 65536 (order: 6, 262144 bytes)
[    0.000000] Memory: 1998916K/2096128K available (8002K kernel code, 1016K rwdata, 3600K rodata, 1008K init, 340K bss, 31676K reserved, 65536K cma-reserved, 1252352K highmem)
[    0.000000] Virtual kernel memory layout:
[    0.000000]     vector  : 0xffff0000 - 0xffff1000   (   4 kB)
[    0.000000]     fixmap  : 0xffc00000 - 0xfff00000   (3072 kB)
[    0.000000]     vmalloc : 0xf0000000 - 0xff000000   ( 240 MB)
[    0.000000]     lowmem  : 0xc0000000 - 0xef800000   ( 760 MB)
[    0.000000]     pkmap   : 0xbfe00000 - 0xc0000000   (   2 MB)
[    0.000000]     modules : 0xbf000000 - 0xbfe00000   (  14 MB)
[    0.000000]       .text : 0xc0208000 - 0xc0d5d9b8   (11607 kB)
[    0.000000]       .init : 0xc0d5e000 - 0xc0e5a000   (1008 kB)
[    0.000000]       .data : 0xc0e5a000 - 0xc0f58180   (1017 kB)
[    0.000000]        .bss : 0xc0f5b000 - 0xc0fb0268   ( 341 kB)
[    0.000000] SLUB: HWalign=64, Order=0-3, MinObjects=0, CPUs=4, Nodes=1
[    0.000000] Hierarchical RCU implementation.
[    0.000000] 	Build-time adjustment of leaf fanout to 32.
[    0.000000] 	RCU restricting CPUs from NR_CPUS=16 to nr_cpu_ids=4.
[    0.000000] RCU: Adjusting geometry for rcu_fanout_leaf=32, nr_cpu_ids=4
[    0.000000] NR_IRQS:16 nr_irqs:16 16
[    0.000000] /interrupt-controller@60004000: 160 interrupts forwarded to /interrupt-controller@0,50041000
[    0.000000] L2C: failed to init: -19
[    0.000009] sched_clock: 32 bits at 1000kHz, resolution 1000ns, wraps every 2147483647500ns
[    0.000027] clocksource: timer_us: mask: 0xffffffff max_cycles: 0xffffffff, max_idle_ns: 1911260446275 ns
[    0.000040] Switching to timer-based delay loop, resolution 1000ns
[    0.004362] Architected cp15 timer(s) running at 12.00MHz (virt).
[    0.004379] clocksource: arch_sys_counter: mask: 0xffffffffffffff max_cycles: 0x2c47f4ee7, max_idle_ns: 440795202497 ns
[    0.004396] sched_clock: 56 bits at 12MHz, resolution 83ns, wraps every 4398046511096ns
[    0.004408] Switching to timer-based delay loop, resolution 83ns
[    0.004798] Console: colour dummy device 80x30
[    0.004823] Calibrating delay loop (skipped), value calculated using timer frequency.. 24.00 BogoMIPS (lpj=60000)
[    0.004837] pid_max: default: 32768 minimum: 301
[    0.004951] Mount-cache hash table entries: 2048 (order: 1, 8192 bytes)
[    0.004962] Mountpoint-cache hash table entries: 2048 (order: 1, 8192 bytes)
[    0.005556] CPU: Testing write buffer coherency: ok
[    0.005767] /cpus/cpu@0 missing clock-frequency property
[    0.005805] /cpus/cpu@1 missing clock-frequency property
[    0.005842] /cpus/cpu@2 missing clock-frequency property
[    0.005881] /cpus/cpu@3 missing clock-frequency property
[    0.005893] CPU0: thread -1, cpu 0, socket 0, mpidr 80000000
[    0.005940] Setting up static identity map for 0x80209000 - 0x80209098
[    0.008831] Tegra Revision: A01 SKU: 129 CPU Process: 1 SoC Process: 1
[    0.010077] CPU1: thread -1, cpu 1, socket 0, mpidr 80000001
[    0.010577] CPU2: thread -1, cpu 2, socket 0, mpidr 80000002
[    0.011076] CPU3: thread -1, cpu 3, socket 0, mpidr 80000003
[    0.011138] Brought up 4 CPUs
[    0.011159] SMP: Total of 4 processors activated (96.00 BogoMIPS).
[    0.011166] CPU: All CPU(s) started in SVC mode.
[    0.011689] devtmpfs: initialized
[    0.030659] VFP support v0.3: implementor 41 architecture 4 part 30 variant f rev 0
[    0.031454] clocksource: jiffies: mask: 0xffffffff max_cycles: 0xffffffff, max_idle_ns: 9556302231375000 ns
[    0.033107] pinctrl core: initialized pinctrl subsystem
[    0.034831] NET: Registered protocol family 16
[    0.036806] DMA: preallocated 256 KiB pool for atomic coherent allocations
[    0.049436] cpuidle: using governor ladder
[    0.064457] cpuidle: using governor menu
[    0.081187] No ATAGs?
[    0.081224] hw-breakpoint: found 5 (+1 reserved) breakpoint and 4 watchpoint registers.
[    0.081234] hw-breakpoint: maximum watchpoint size is 8 bytes.
[    0.085941] Serial: AMBA PL011 UART driver
[    0.115120] +USB0_VBUS_SW: Failed to request enable GPIO108: -517
[    0.115245] reg-fixed-voltage regulators:regulator@7: Failed to register regulator: -517
[    0.115465] +5V_USB_HS: Failed to request enable GPIO109: -517
[    0.115578] reg-fixed-voltage regulators:regulator@8: Failed to register regulator: -517
[    0.115872] +1.05V_RUN_AVDD_HDMI_PLL: Failed to request enable GPIO63: -517
[    0.115984] reg-fixed-voltage regulators:regulator@11: Failed to register regulator: -517
[    0.116201] +5V_HDMI_CON: Failed to request enable GPIO86: -517
[    0.116310] reg-fixed-voltage regulators:regulator@12: Failed to register regulator: -517
[    0.116524] +5V_SATA: Failed to request enable GPIO242: -517
[    0.116635] reg-fixed-voltage regulators:regulator@13: Failed to register regulator: -517
[    0.116851] +12V_SATA: Failed to request enable GPIO242: -517
[    0.116960] reg-fixed-voltage regulators:regulator@14: Failed to register regulator: -517
[    0.119848] vgaarb: loaded
[    0.120637] SCSI subsystem initialized
[    0.120814] libata version 3.00 loaded.
[    0.121119] usbcore: registered new interface driver usbfs
[    0.121184] usbcore: registered new interface driver hub
[    0.121257] usbcore: registered new device driver usb
[    0.124931] pps_core: LinuxPPS API ver. 1 registered
[    0.124940] pps_core: Software ver. 5.3.6 - Copyright 2005-2007 Rodolfo Giometti <giometti@linux.it>
[    0.124973] PTP clock support registered
[    0.125211] EDAC MC: Ver: 3.0.0
[    0.128367] clocksource: Switched to clocksource arch_sys_counter
[    0.140036] NET: Registered protocol family 2
[    0.140563] TCP established hash table entries: 8192 (order: 3, 32768 bytes)
[    0.140662] TCP bind hash table entries: 8192 (order: 4, 65536 bytes)
[    0.140848] TCP: Hash tables configured (established 8192 bind 8192)
[    0.140899] UDP hash table entries: 512 (order: 2, 16384 bytes)
[    0.140940] UDP-Lite hash table entries: 512 (order: 2, 16384 bytes)
[    0.141111] NET: Registered protocol family 1
[    0.141345] RPC: Registered named UNIX socket transport module.
[    0.141354] RPC: Registered udp transport module.
[    0.141362] RPC: Registered tcp transport module.
[    0.141369] RPC: Registered tcp NFSv4.1 backchannel transport module.
[    0.141392] PCI: CLS 0 bytes, default 64
[    0.142349] hw perfevents: enabled with armv7_cortex_a15 PMU driver, 7 counters available
[    0.143915] futex hash table entries: 1024 (order: 4, 65536 bytes)
[    0.156547] squashfs: version 4.0 (2009/01/31) Phillip Lougher
[    0.157486] NFS: Registering the id_resolver key type
[    0.157514] Key type id_resolver registered
[    0.157522] Key type id_legacy registered
[    0.157611] ntfs: driver 2.1.32 [Flags: R/O].
[    0.158670] bounce: pool size: 64 pages
[    0.158892] Block layer SCSI generic (bsg) driver version 0.4 loaded (major 249)
[    0.158907] io scheduler noop registered
[    0.158921] io scheduler deadline registered
[    0.158957] io scheduler cfq registered (default)
[    0.175923] tegra-pcie 1003000.pcie-controller: 2x1, 1x1 configuration
[    0.175976] tegra-pcie 1003000.pcie-controller: Failed to get supply 'avddio-pex': -517
[    0.182818] tegra-apbdma 60020000.dma: Tegra20 APB DMA driver register 32 channels
[    0.184422] tegra-pmc 7000e400.pmc: emergency thermal reset enabled
[    0.247278] Serial: 8250/16550 driver, 4 ports, IRQ sharing disabled
[    0.249737] SuperH (H)SCI(F) driver initialized
[    0.250704] msm_serial: driver initialized
[    0.251530] console [ttyS0] disabled
[    0.251564] 70006300.serial: ttyS0 at MMIO 0x70006300 (irq = 331, base_baud = 25500000) is a Tegra
[    1.070576] console [ttyS0] enabled
[    1.074904] STMicroelectronics ASC driver initialized
[    1.082366] [drm] Initialized drm 1.1.0 20060810
[    1.089194] tegra-hdmi 54280000.hdmi: failed to get HDMI regulator
[    1.102456] loop: module loaded
[    1.105939] at24 0-0056: 256 byte 24c02 EEPROM, writable, 8 bytes/write
[    1.114027] as3722 4-0040: AS3722 with revision 0x1 found
[    1.137195] +5V_SYS: supplied by +VDD_MUX
[    1.141262] +1.05V_RUN: supplied by +5V_SYS
[    1.145555] tegra-ahci 70027000.sata: Failed to get supply 'hvdd': -517
[    1.152227] tegra-ahci 70027000.sata: Failed to get regulators
[    1.163118] m25p80 spi32765.0: w25q32dw (4096 Kbytes)
[    1.171522] CAN device driver interface
[    1.176714] igb: Intel(R) Gigabit Ethernet Network Driver - version 5.3.0-k
[    1.183685] igb: Copyright (c) 2007-2014 Intel Corporation.
[    1.192331] pegasus: v0.9.3 (2013/04/25), Pegasus/Pegasus II USB Ethernet driver
[    1.199797] usbcore: registered new interface driver pegasus
[    1.205546] usbcore: registered new interface driver asix
[    1.211006] usbcore: registered new interface driver ax88179_178a
[    1.217158] usbcore: registered new interface driver cdc_ether
[    1.223070] usbcore: registered new interface driver smsc75xx
[    1.228898] usbcore: registered new interface driver smsc95xx
[    1.234703] usbcore: registered new interface driver net1080
[    1.240421] usbcore: registered new interface driver cdc_subset
[    1.246404] usbcore: registered new interface driver zaurus
[    1.252074] usbcore: registered new interface driver cdc_ncm
[    1.257997] tegra-phy 7d004000.usb-phy: no vbus regulator
[    1.265705] ehci_hcd: USB 2.0 'Enhanced' Host Controller (EHCI) Driver
[    1.272249] ehci-pci: EHCI PCI platform driver
[    1.276756] ehci-platform: EHCI generic platform driver
[    1.282208] ehci-omap: OMAP-EHCI Host Controller driver
[    1.287592] ehci-orion: EHCI orion driver
[    1.291762] SPEAr-ehci: EHCI SPEAr driver
[    1.295942] ehci-st: EHCI STMicroelectronics driver
[    1.300984] ehci-exynos: EHCI EXYNOS driver
[    1.305352] ehci-atmel: EHCI Atmel driver
[    1.309529] tegra-ehci: Tegra EHCI driver
[    1.313874] tegra-ehci 7d004000.usb: EHCI Host Controller
[    1.319305] tegra-ehci 7d004000.usb: new USB bus registered, assigned bus number 1
[    1.327046] tegra-ehci 7d004000.usb: irq 348, io mem 0x7d004000
[    1.338387] tegra-ehci 7d004000.usb: USB 2.0 started, EHCI 1.10
[    1.345149] hub 1-0:1.0: USB hub found
[    1.348955] hub 1-0:1.0: 1 port detected
[    1.353524] ohci_hcd: USB 1.1 'Open' Host Controller (OHCI) Driver
[    1.359735] ohci-pci: OHCI PCI platform driver
[    1.364250] ohci-platform: OHCI generic platform driver
[    1.369674] ohci-omap3: OHCI OMAP3 driver
[    1.373848] SPEAr-ohci: OHCI SPEAr driver
[    1.378014] ohci-st: OHCI STMicroelectronics driver
[    1.383067] ohci-atmel: OHCI Atmel driver
[    1.387333] usbcore: registered new interface driver usb-storage
[    1.394948] mousedev: PS/2 mouse device common for all mice
[    1.404447] as3722-rtc as3722-rtc: rtc core: registered as3722-rtc as rtc0
[    1.411334] as3722-rtc as3722-rtc: RTC interrupt 371
[    1.419736] tegra_rtc 7000e000.rtc: rtc core: registered 7000e000.rtc as rtc1
[    1.426920] tegra_rtc 7000e000.rtc: Tegra internal Real Time Clock
[    1.433739] i2c /dev entries driver
[    1.442509] 0-004c supply vcc not found, using dummy regulator
[    1.454598] sdhci: Secure Digital Host Controller Interface driver
[    1.460795] sdhci: Copyright(c) Pierre Ossman
[    1.466797] Synopsys Designware Multimedia Card Interface Driver
[    1.473980] sdhci-pltfm: SDHCI platform and OF driver helper
[    1.480367] sdhci-tegra 700b0400.sdhci: Got CD GPIO
[    1.485274] sdhci-tegra 700b0400.sdhci: Got WP GPIO
[    1.490209] mmc0: Unknown controller version (3). You may experience problems.
[    1.497543] +VDDIO_SDMMC3: supplied by regulator-dummy
[    1.502784] sdhci-tegra 700b0400.sdhci: No vmmc regulator found
[    1.508756] mmc0: Invalid maximum block size, assuming 512 bytes
[    1.548496] mmc0: SDHCI controller on 700b0400.sdhci [700b0400.sdhci] using ADMA 64-bit
[    1.556635] mmc1: Unknown controller version (3). You may experience problems.
[    1.563953] sdhci-tegra 700b0600.sdhci: No vmmc regulator found
[    1.569892] sdhci-tegra 700b0600.sdhci: No vqmmc regulator found
[    1.575907] mmc1: Invalid maximum block size, assuming 512 bytes
[    1.618386] mmc1: SDHCI controller on 700b0600.sdhci [700b0600.sdhci] using ADMA 64-bit
[    1.627736] ledtrig-cpu: registered to indicate activity on CPUs
[    1.633983] usbcore: registered new interface driver usbhid
[    1.639564] usbhid: USB HID core driver
[    1.652256] NET: Registered protocol family 10
[    1.657417] sit: IPv6 over IPv4 tunneling driver
[    1.662785] NET: Registered protocol family 17
[    1.667267] can: controller area network core (rev 20120528 abi 9)
[    1.673572] NET: Registered protocol family 29
[    1.678076] can: raw protocol (rev 20120528)
[    1.682370] can: broadcast manager protocol (rev 20120528 t)
[    1.688101] can: netlink gateway (rev 20130117) max_hops=1
[    1.694118] Key type dns_resolver registered
[    1.699011] ThumbEE CPU extension supported.
[    1.703290] Registering SWP/SWPB emulation handler
[    1.720968] tegra-pcie 1003000.pcie-controller: 2x1, 1x1 configuration
[    1.727789] +3.3V_SYS: supplied by +VDD_MUX
[    1.732056] +3.3V_LP0: supplied by +3.3V_SYS
[    1.736665] +1.35V_LP0(sd2): supplied by +5V_SYS
[    1.741340] +1.05V_RUN_AVDD: supplied by +1.35V_LP0(sd2)
[    1.743238] mmc1: MAN_BKOPS_EN bit is not set
[    1.749547] mmc1: new high speed MMC card at address 0001
[    1.750390] mmcblk0: mmc1:0001 SEM16G 14.6 GiB 
[    1.750929] mmcblk0boot0: mmc1:0001 SEM16G partition 1 4.00 MiB
[    1.751348] mmcblk0boot1: mmc1:0001 SEM16G partition 2 4.00 MiB
[    1.751812] mmcblk0rpmb: mmc1:0001 SEM16G partition 3 4.00 MiB
[    1.781010] tegra-pcie 1003000.pcie-controller: probing port 0, using 2 lanes
[    1.782340] Primary GPT is invalid, using alternate GPT.
[    1.782372]  mmcblk0: p1 p2 p3 p4 p5 p6 p7 p8 p9
[    1.800232] tegra-pcie 1003000.pcie-controller: Slot present pin change, signature: 00000008
[    2.232000] tegra-pcie 1003000.pcie-controller: link 0 down, retrying
[    2.667319] tegra-pcie 1003000.pcie-controller: link 0 down, retrying
[    3.103439] tegra-pcie 1003000.pcie-controller: link 0 down, retrying
[    3.112065] tegra-pcie 1003000.pcie-controller: link 0 down, ignoring
[    3.118584] tegra-pcie 1003000.pcie-controller: probing port 1, using 1 lanes
[    3.128092] tegra-pcie 1003000.pcie-controller: Slot present pin change, signature: 00000000
[    3.561827] tegra-pcie 1003000.pcie-controller: link 1 down, retrying
[    3.997652] tegra-pcie 1003000.pcie-controller: link 1 down, retrying
[    4.433859] tegra-pcie 1003000.pcie-controller: link 1 down, retrying
[    4.442484] tegra-pcie 1003000.pcie-controller: link 1 down, ignoring
[    4.449207] tegra-pcie 1003000.pcie-controller: PCI host bridge to bus 0000:00
[    4.456444] pci_bus 0000:00: root bus resource [mem 0x13000000-0x1fffffff]
[    4.463325] pci_bus 0000:00: root bus resource [mem 0x20000000-0x3fffffff pref]
[    4.470640] pci_bus 0000:00: root bus resource [bus 00-ff]
[    4.476131] pci_bus 0000:00: root bus resource [io  0x1000-0xffff]
[    4.482344] PCI: bus0: Fast back to back transfers enabled
[    4.488626] +5V_HDMI_CON: supplied by +5V_SYS
[    4.493087] +1.05V_RUN_AVDD_HDMI_PLL: supplied by +1.05V_RUN
[    4.498902] +3.3V_RUN: supplied by +3.3V_SYS
[    4.503216] +3.3V_AVDD_HDMI_AP_GATED: supplied by +3.3V_RUN
[    4.511028] [drm] Supports vblank timestamp caching Rev 2 (21.10.2013).
[    4.517702] [drm] No driver support for vblank timestamp query.
[    4.622827] tegra-hdmi 54280000.hdmi: cannot set audio to 44100 at 297000000 pclk
[    4.733604] Console: switching to colour frame buffer device 512x135
[    4.828279] drm drm: fb0:  frame buffer device
[    4.843538] [drm] Initialized tegra 0.0.0 20120330 on minor 0
[    4.850439] +5V_SATA: supplied by +5V_SYS
[    4.854656] +12V_SATA: supplied by +VDD_MUX
[    4.859581] tegra-ahci 70027000.sata: AHCI 0001.0301 32 slots 2 ports 3 Gbps 0x1 impl platform mode
[    4.868656] tegra-ahci 70027000.sata: flags: 64bit ncq sntf pm led pio slum part sadm sds apst 
[    4.880112] scsi host0: tegra-ahci
[    4.884883] scsi host1: tegra-ahci
[    4.888661] ata1: SATA max UDMA/133 mmio [mem 0x70027000-0x70028fff] port 0x100 irq 341
[    4.896674] ata2: DUMMY
[    4.900321] +5V_USB_HS: supplied by +5V_SYS
[    4.905760] tegra-ehci 7d008000.usb: EHCI Host Controller
[    4.911220] tegra-ehci 7d008000.usb: new USB bus registered, assigned bus number 2
[    4.919015] tegra-ehci 7d008000.usb: irq 349, io mem 0x7d008000
[    4.933525] tegra-ehci 7d008000.usb: USB 2.0 started, EHCI 1.10
[    4.940507] hub 2-0:1.0: USB hub found
[    4.944351] hub 2-0:1.0: 1 port detected
[    4.949928] cpufreq: cpufreq_online: CPU0: Running at unlisted freq: 696000 KHz
[    4.957320] cpufreq: cpufreq_online: CPU0: Unlisted initial frequency changed to: 714000 KHz
[    4.966658] input: gpio-keys as /devices/soc0/gpio-keys/input/input0
[    4.973945] as3722-rtc as3722-rtc: setting system clock to 2000-02-01 00:00:19 UTC (949363219)
[    4.986677] +USB0_VBUS_SW: disabling
[    4.990251] +1.8V_RUN_VPP_FUSE: disabling
[    4.994467] +2.8V_RUN_CAM_AF: disabling
[    4.998462] +3.3V_RUN_TOUCH: disabling
[    5.002376] +1.05V_RUN_CAM_REAR: disabling
[    5.006647] +1.2V_RUN_CAM_FRONT: disabling
[    5.010933] +2.8V_RUN_CAM: disabling
[    5.014619] +1.8V_RUN_CAM: disabling
[    5.223453] ata1: SATA link down (SStatus 0 SControl 300)
[    5.229564] EXT4-fs (mmcblk0p1): couldn't mount as ext3 due to feature incompatibilities
[    5.238089] EXT4-fs (mmcblk0p1): couldn't mount as ext2 due to feature incompatibilities
[    5.255589] EXT4-fs (mmcblk0p1): recovery complete
[    5.260408] EXT4-fs (mmcblk0p1): mounted filesystem with ordered data mode. Opts: (null)
[    5.260456] usb 2-1: new high-speed USB device number 2 using tegra-ehci
[    5.275324] VFS: Mounted root (ext4 filesystem) on device 179:1.
[    5.285444] devtmpfs: mounted
[    5.288697] Freeing unused kernel memory: 1008K (c0d5e000 - c0e5a000)
bash: cannot set terminal process group (-1): Inappropriate ioctl for device
bash: no job control in this shell
root@(none):/# 