
U-Boot SPL 2014.07-00097-g772e173 (Jul 25 2014 - 20:02:52)


U-Boot 2014.07-00097-g772e173 (Jul 25 2014 - 20:02:52)

TEGRA124
Board: NVIDIA Jetson TK1
I2C:   ready
DRAM:  2 GiB
MMC:   Tegra SD/MMC: 0, Tegra SD/MMC: 1
In:    serial
Out:   serial
Err:   serial
Net:   Net Initialization Skipped
No ethernet found.
Hit any key to stop autoboot:  2  0 
Tegra124 (Jetson TK1) # 
Tegra124 (Jetson TK1) # usb reset
(Re)start USB...
USB0:   USB EHCI 1.10
scanning bus 0 for devices... 1 USB Device(s) found
USB1:   USB EHCI 1.10
scanning bus 1 for devices... 2 USB Device(s) found
       scanning usb for storage devices... 0 Storage Device(s) found
       scanning usb for ethernet devices... 
Warning: asx0 using MAC address from net device
1 Ethernet Device(s) found
Tegra124 (Jetson TK1) # setenv bootargs 'ignore_loglevel console=ttyS0,115200n8 rw root=/dev/mmcblk0p1 rootwait gpt debug noinitrd earlyprintk init=/bin/bash'
Tegra124 (Jetson TK1) # setenv ipaddr 192.168.100.102; setenv serverip 192.168.100.1; setenv tftpserverip 192.168.100.1
Tegra124 (Jetson TK1) # tftpboot 0x82000000 zImage.multi_v7_defconfig
Using asx0 device
TFTP from server 192.168.100.1; our IP address is 192.168.100.102
Filename 'zImage.multi_v7_defconfig'.
Load address: 0x82000000
Loading: *#################################################################
	 #################################################################
	 #################################################################
	 #################################################################
	 #################################################################
	 #################################################################
	 ####################################################
	 3.1 MiB/s
done
Bytes transferred = 6477184 (62d580 hex)
Tegra124 (Jetson TK1) # tftpboot 0x83000000 tegra124-jetson-tk1.dtb
Using asx0 device
TFTP from server 192.168.100.1; our IP address is 192.168.100.102
Filename 'tegra124-jetson-tk1.dtb'.
Load address: 0x83000000
Loading: *#####
	 3.1 MiB/s
done
Bytes transferred = 64138 (fa8a hex)
Tegra124 (Jetson TK1) # bootz 0x82000000 - 0x83000000
Kernel image @ 0x82000000 [ 0x000000 - 0x62d580 ]
## Flattened Device Tree blob at 83000000
   Booting using the fdt blob at 0x83000000
   Using Device Tree in place at 83000000, end 83012a89

Starting kernel ...

[    0.000000] Booting Linux on physical CPU 0x0
[    0.000000] Linux version 4.3.0-51166-gbd4f203 (pwalmsley@sellafield) (gcc version 4.7.3 20130328 (prerelease) (crosstool-NG linaro-1.13.1-4.7-2013.04-20130415 - Linaro GCC 2013.04) ) #1 SMP Mon Nov 23 14:12:03 PST 2015
[    0.000000] CPU: ARMv7 Processor [413fc0f3] revision 3 (ARMv7), cr=10c5387d
[    0.000000] CPU: PIPT / VIPT nonaliasing data cache, PIPT instruction cache
[    0.000000] Machine model: NVIDIA Tegra124 Jetson TK1
[    0.000000] debug: ignoring loglevel setting.
[    0.000000] cma: Reserved 64 MiB at 0xfb800000
[    0.000000] Memory policy: Data cache writealloc
[    0.000000] On node 0 totalpages: 524032
[    0.000000] free_area_init_node: node 0, pgdat c0f982c0, node_mem_map eeff8000
[    0.000000]   DMA zone: 1536 pages used for memmap
[    0.000000]   DMA zone: 0 pages reserved
[    0.000000]   DMA zone: 196608 pages, LIFO batch:31
[    0.000000]   HighMem zone: 327424 pages, LIFO batch:31
[    0.000000] PERCPU: Embedded 12 pages/cpu @eef8f000 s19136 r8192 d21824 u49152
[    0.000000] pcpu-alloc: s19136 r8192 d21824 u49152 alloc=12*4096
[    0.000000] pcpu-alloc: [0] 0 [0] 1 [0] 2 [0] 3 
[    0.000000] Built 1 zonelists in Zone order, mobility grouping on.  Total pages: 522496
[    0.000000] Kernel command line: ignore_loglevel console=ttyS0,115200n8 rw root=/dev/mmcblk0p1 rootwait gpt debug noinitrd earlyprintk init=/bin/bash
[    0.000000] PID hash table entries: 4096 (order: 2, 16384 bytes)
[    0.000000] Dentry cache hash table entries: 131072 (order: 7, 524288 bytes)
[    0.000000] Inode-cache hash table entries: 65536 (order: 6, 262144 bytes)
[    0.000000] Memory: 1998652K/2096128K available (8156K kernel code, 1032K rwdata, 3660K rodata, 1040K init, 340K bss, 31940K reserved, 65536K cma-reserved, 1244160K highmem)
[    0.000000] Virtual kernel memory layout:
[    0.000000]     vector  : 0xffff0000 - 0xffff1000   (   4 kB)
[    0.000000]     fixmap  : 0xffc00000 - 0xfff00000   (3072 kB)
[    0.000000]     vmalloc : 0xf0800000 - 0xff800000   ( 240 MB)
[    0.000000]     lowmem  : 0xc0000000 - 0xf0000000   ( 768 MB)
[    0.000000]     pkmap   : 0xbfe00000 - 0xc0000000   (   2 MB)
[    0.000000]     modules : 0xbf000000 - 0xbfe00000   (  14 MB)
[    0.000000]       .text : 0xc0208000 - 0xc0d932ac   (11821 kB)
[    0.000000]       .init : 0xc0d94000 - 0xc0e98000   (1040 kB)
[    0.000000]       .data : 0xc0e98000 - 0xc0f9a220   (1033 kB)
[    0.000000]        .bss : 0xc0f9d000 - 0xc0ff23a8   ( 341 kB)
[    0.000000] SLUB: HWalign=64, Order=0-3, MinObjects=0, CPUs=4, Nodes=1
[    0.000000] Hierarchical RCU implementation.
[    0.000000] 	Build-time adjustment of leaf fanout to 32.
[    0.000000] 	RCU restricting CPUs from NR_CPUS=16 to nr_cpu_ids=4.
[    0.000000] RCU: Adjusting geometry for rcu_fanout_leaf=32, nr_cpu_ids=4
[    0.000000] NR_IRQS:16 nr_irqs:16 16
[    0.000000] /interrupt-controller@60004000: 160 interrupts forwarded to /interrupt-controller@0,50041000
[    0.000000] L2C: failed to init: -19
[    0.000009] sched_clock: 32 bits at 1000kHz, resolution 1000ns, wraps every 2147483647500ns
[    0.000028] clocksource: timer_us: mask: 0xffffffff max_cycles: 0xffffffff, max_idle_ns: 1911260446275 ns
[    0.000041] Switching to timer-based delay loop, resolution 1000ns
[    0.004363] Architected cp15 timer(s) running at 12.00MHz (virt).
[    0.004381] clocksource: arch_sys_counter: mask: 0xffffffffffffff max_cycles: 0x2c47f4ee7, max_idle_ns: 440795202497 ns
[    0.004399] sched_clock: 56 bits at 12MHz, resolution 83ns, wraps every 4398046511096ns
[    0.004412] Switching to timer-based delay loop, resolution 83ns
[    0.004800] Console: colour dummy device 80x30
[    0.004824] Calibrating delay loop (skipped), value calculated using timer frequency.. 24.00 BogoMIPS (lpj=60000)
[    0.004838] pid_max: default: 32768 minimum: 301
[    0.004948] Mount-cache hash table entries: 2048 (order: 1, 8192 bytes)
[    0.004960] Mountpoint-cache hash table entries: 2048 (order: 1, 8192 bytes)
[    0.005545] CPU: Testing write buffer coherency: ok
[    0.005761] /cpus/cpu@0 missing clock-frequency property
[    0.005800] /cpus/cpu@1 missing clock-frequency property
[    0.005838] /cpus/cpu@2 missing clock-frequency property
[    0.005877] /cpus/cpu@3 missing clock-frequency property
[    0.005888] CPU0: thread -1, cpu 0, socket 0, mpidr 80000000
[    0.005929] Setting up static identity map for 0x80209000 - 0x80209098
[    0.008889] Tegra Revision: A01 SKU: 129 CPU Process: 1 SoC Process: 1
[    0.010176] CPU1: thread -1, cpu 1, socket 0, mpidr 80000001
[    0.010703] CPU2: thread -1, cpu 2, socket 0, mpidr 80000002
[    0.011221] CPU3: thread -1, cpu 3, socket 0, mpidr 80000003
[    0.011286] Brought up 4 CPUs
[    0.011307] SMP: Total of 4 processors activated (96.00 BogoMIPS).
[    0.011314] CPU: All CPU(s) started in SVC mode.
[    0.012746] devtmpfs: initialized
[    0.030959] VFP support v0.3: implementor 41 architecture 4 part 30 variant f rev 0
[    0.031729] clocksource: jiffies: mask: 0xffffffff max_cycles: 0xffffffff, max_idle_ns: 9556302231375000 ns
[    0.033366] pinctrl core: initialized pinctrl subsystem
[    0.035021] NET: Registered protocol family 16
[    0.037032] DMA: preallocated 256 KiB pool for atomic coherent allocations
[    0.049554] cpuidle: using governor ladder
[    0.064572] cpuidle: using governor menu
[    0.081070] No ATAGs?
[    0.081108] hw-breakpoint: found 5 (+1 reserved) breakpoint and 4 watchpoint registers.
[    0.081118] hw-breakpoint: maximum watchpoint size is 8 bytes.
[    0.085856] Serial: AMBA PL011 UART driver
[    0.115225] +USB0_VBUS_SW: Failed to request enable GPIO108: -517
[    0.115340] reg-fixed-voltage regulators:regulator@7: Failed to register regulator: -517
[    0.115559] +5V_USB_HS: Failed to request enable GPIO109: -517
[    0.115664] reg-fixed-voltage regulators:regulator@8: Failed to register regulator: -517
[    0.115960] +1.05V_RUN_AVDD_HDMI_PLL: Failed to request enable GPIO63: -517
[    0.116064] reg-fixed-voltage regulators:regulator@11: Failed to register regulator: -517
[    0.116281] +5V_HDMI_CON: Failed to request enable GPIO86: -517
[    0.116382] reg-fixed-voltage regulators:regulator@12: Failed to register regulator: -517
[    0.116597] +5V_SATA: Failed to request enable GPIO242: -517
[    0.116697] reg-fixed-voltage regulators:regulator@13: Failed to register regulator: -517
[    0.116912] +12V_SATA: Failed to request enable GPIO242: -517
[    0.117013] reg-fixed-voltage regulators:regulator@14: Failed to register regulator: -517
[    0.119935] vgaarb: loaded
[    0.120682] SCSI subsystem initialized
[    0.120863] libata version 3.00 loaded.
[    0.121156] usbcore: registered new interface driver usbfs
[    0.121221] usbcore: registered new interface driver hub
[    0.121295] usbcore: registered new device driver usb
[    0.124869] pps_core: LinuxPPS API ver. 1 registered
[    0.124879] pps_core: Software ver. 5.3.6 - Copyright 2005-2007 Rodolfo Giometti <giometti@linux.it>
[    0.124906] PTP clock support registered
[    0.125128] EDAC MC: Ver: 3.0.0
[    0.128236] clocksource: Switched to clocksource arch_sys_counter
[    0.139837] NET: Registered protocol family 2
[    0.140365] TCP established hash table entries: 8192 (order: 3, 32768 bytes)
[    0.140465] TCP bind hash table entries: 8192 (order: 4, 65536 bytes)
[    0.140651] TCP: Hash tables configured (established 8192 bind 8192)
[    0.140704] UDP hash table entries: 512 (order: 2, 16384 bytes)
[    0.140745] UDP-Lite hash table entries: 512 (order: 2, 16384 bytes)
[    0.140912] NET: Registered protocol family 1
[    0.141166] RPC: Registered named UNIX socket transport module.
[    0.141175] RPC: Registered udp transport module.
[    0.141183] RPC: Registered tcp transport module.
[    0.141190] RPC: Registered tcp NFSv4.1 backchannel transport module.
[    0.141210] PCI: CLS 0 bytes, default 64
[    0.142199] hw perfevents: enabled with armv7_cortex_a15 PMU driver, 7 counters available
[    0.143747] futex hash table entries: 1024 (order: 4, 65536 bytes)
[    0.155782] squashfs: version 4.0 (2009/01/31) Phillip Lougher
[    0.156706] NFS: Registering the id_resolver key type
[    0.156739] Key type id_resolver registered
[    0.156747] Key type id_legacy registered
[    0.156818] ntfs: driver 2.1.32 [Flags: R/O].
[    0.158262] bounce: pool size: 64 pages
[    0.158479] Block layer SCSI generic (bsg) driver version 0.4 loaded (major 249)
[    0.158498] io scheduler noop registered
[    0.158515] io scheduler deadline registered
[    0.158553] io scheduler cfq registered (default)
[    0.175304] tegra-pcie 1003000.pcie-controller: 2x1, 1x1 configuration
[    0.175358] tegra-pcie 1003000.pcie-controller: Failed to get supply 'avddio-pex': -517
[    0.182540] tegra-apbdma 60020000.dma: Tegra20 APB DMA driver register 32 channels
[    0.183919] tegra-pmc 7000e400.pmc: emergency thermal reset enabled
[    0.247487] Serial: 8250/16550 driver, 4 ports, IRQ sharing disabled
[    0.249893] SuperH (H)SCI(F) driver initialized
[    0.250830] msm_serial: driver initialized
[    0.251657] console [ttyS0] disabled
[    0.251691] 70006300.serial: ttyS0 at MMIO 0x70006300 (irq = 331, base_baud = 25500000) is a Tegra
[    1.070337] console [ttyS0] enabled
[    1.074654] STMicroelectronics ASC driver initialized
[    1.082093] [drm] Initialized drm 1.1.0 20060810
[    1.089085] tegra-hdmi 54280000.hdmi: failed to get HDMI regulator
[    1.103308] loop: module loaded
[    1.106742] at24 0-0056: 256 byte 24c02 EEPROM, writable, 8 bytes/write
[    1.114624] as3722 4-0040: AS3722 with revision 0x1 found
[    1.137919] +5V_SYS: supplied by +VDD_MUX
[    1.141998] +1.05V_RUN: supplied by +5V_SYS
[    1.146309] tegra-ahci 70027000.sata: Failed to get supply 'hvdd': -517
[    1.152982] tegra-ahci 70027000.sata: Failed to get regulators
[    1.164234] m25p80 spi32765.0: w25q32dw (4096 Kbytes)
[    1.169312] spi32765.0: 'partitions' subnode not found on /spi@0,7000da00/spi-flash@0. Trying to parse direct subnodes as partitions.
[    1.184703] CAN device driver interface
[    1.189928] igb: Intel(R) Gigabit Ethernet Network Driver - version 5.3.0-k
[    1.196894] igb: Copyright (c) 2007-2014 Intel Corporation.
[    1.205836] pegasus: v0.9.3 (2013/04/25), Pegasus/Pegasus II USB Ethernet driver
[    1.213291] usbcore: registered new interface driver pegasus
[    1.219032] usbcore: registered new interface driver asix
[    1.224493] usbcore: registered new interface driver ax88179_178a
[    1.230644] usbcore: registered new interface driver cdc_ether
[    1.236555] usbcore: registered new interface driver smsc75xx
[    1.242380] usbcore: registered new interface driver smsc95xx
[    1.248187] usbcore: registered new interface driver net1080
[    1.253909] usbcore: registered new interface driver cdc_subset
[    1.259887] usbcore: registered new interface driver zaurus
[    1.265562] usbcore: registered new interface driver cdc_ncm
[    1.271481] tegra-phy 7d004000.usb-phy: no vbus regulator
[    1.278839] ehci_hcd: USB 2.0 'Enhanced' Host Controller (EHCI) Driver
[    1.285377] ehci-pci: EHCI PCI platform driver
[    1.289878] ehci-platform: EHCI generic platform driver
[    1.295326] ehci-omap: OMAP-EHCI Host Controller driver
[    1.300703] ehci-orion: EHCI orion driver
[    1.304867] SPEAr-ehci: EHCI SPEAr driver
[    1.309036] ehci-st: EHCI STMicroelectronics driver
[    1.314073] ehci-exynos: EHCI EXYNOS driver
[    1.318435] ehci-atmel: EHCI Atmel driver
[    1.322589] tegra-ehci: Tegra EHCI driver
[    1.326928] tegra-ehci 7d004000.usb: EHCI Host Controller
[    1.332359] tegra-ehci 7d004000.usb: new USB bus registered, assigned bus number 1
[    1.340096] tegra-ehci 7d004000.usb: irq 348, io mem 0x7d004000
[    1.353259] tegra-ehci 7d004000.usb: USB 2.0 started, EHCI 1.10
[    1.360026] hub 1-0:1.0: USB hub found
[    1.363823] hub 1-0:1.0: 1 port detected
[    1.368358] ohci_hcd: USB 1.1 'Open' Host Controller (OHCI) Driver
[    1.374556] ohci-pci: OHCI PCI platform driver
[    1.379063] ohci-platform: OHCI generic platform driver
[    1.384472] ohci-omap3: OHCI OMAP3 driver
[    1.388639] SPEAr-ohci: OHCI SPEAr driver
[    1.392790] ohci-st: OHCI STMicroelectronics driver
[    1.397828] ohci-atmel: OHCI Atmel driver
[    1.402386] usbcore: registered new interface driver usb-storage
[    1.409980] mousedev: PS/2 mouse device common for all mice
[    1.419427] as3722-rtc as3722-rtc: rtc core: registered as3722-rtc as rtc0
[    1.426313] as3722-rtc as3722-rtc: RTC interrupt 371
[    1.434663] tegra_rtc 7000e000.rtc: rtc core: registered 7000e000.rtc as rtc1
[    1.441851] tegra_rtc 7000e000.rtc: Tegra internal Real Time Clock
[    1.448640] i2c /dev entries driver
[    1.457254] 0-004c supply vcc not found, using dummy regulator
[    1.469754] sdhci: Secure Digital Host Controller Interface driver
[    1.475954] sdhci: Copyright(c) Pierre Ossman
[    1.481993] Synopsys Designware Multimedia Card Interface Driver
[    1.489216] sdhci-pltfm: SDHCI platform and OF driver helper
[    1.495641] sdhci-tegra 700b0400.sdhci: Got CD GPIO
[    1.500553] sdhci-tegra 700b0400.sdhci: Got WP GPIO
[    1.505490] mmc0: Unknown controller version (3). You may experience problems.
[    1.512912] sdhci-tegra 700b0400.sdhci: No vmmc regulator found
[    1.519004] mmc0: Unknown controller version (3). You may experience problems.
[    1.526315] sdhci-tegra 700b0600.sdhci: No vmmc regulator found
[    1.532245] sdhci-tegra 700b0600.sdhci: No vqmmc regulator found
[    1.538257] mmc0: Invalid maximum block size, assuming 512 bytes
[    1.578257] mmc0: SDHCI controller on 700b0600.sdhci [700b0600.sdhci] using ADMA 64-bit
[    1.587880] ledtrig-cpu: registered to indicate activity on CPUs
[    1.594115] usbcore: registered new interface driver usbhid
[    1.599695] usbhid: USB HID core driver
[    1.610328] NET: Registered protocol family 10
[    1.615493] sit: IPv6 over IPv4 tunneling driver
[    1.620777] NET: Registered protocol family 17
[    1.622260] mmc0: MAN_BKOPS_EN bit is not set
[    1.625594] mmc0: new high speed MMC card at address 0001
[    1.626104] mmcblk0: mmc0:0001 SEM16G 14.6 GiB 
[    1.626346] mmcblk0boot0: mmc0:0001 SEM16G partition 1 4.00 MiB
[    1.626588] mmcblk0boot1: mmc0:0001 SEM16G partition 2 4.00 MiB
[    1.626832] mmcblk0rpmb: mmc0:0001 SEM16G partition 3 4.00 MiB
[    1.628774] Primary GPT is invalid, using alternate GPT.
[    1.628803]  mmcblk0: p1 p2 p3 p4 p5 p6 p7 p8 p9
[    1.667140] can: controller area network core (rev 20120528 abi 9)
[    1.673391] NET: Registered protocol family 29
[    1.677838] can: raw protocol (rev 20120528)
[    1.682128] can: broadcast manager protocol (rev 20120528 t)
[    1.687809] can: netlink gateway (rev 20130117) max_hops=1
[    1.693706] Key type dns_resolver registered
[    1.698629] ThumbEE CPU extension supported.
[    1.702908] Registering SWP/SWPB emulation handler
[    1.715453] tegra-pcie 1003000.pcie-controller: 2x1, 1x1 configuration
[    1.722361] +3.3V_SYS: supplied by +VDD_MUX
[    1.726648] +3.3V_LP0: supplied by +3.3V_SYS
[    1.731412] +1.35V_LP0(sd2): supplied by +5V_SYS
[    1.736167] +1.05V_RUN_AVDD: supplied by +1.35V_LP0(sd2)
[    1.743124] tegra-pcie 1003000.pcie-controller: probing port 0, using 2 lanes
[    1.752397] tegra-pcie 1003000.pcie-controller: Slot present pin change, signature: 00000008
[    2.180789] tegra-pcie 1003000.pcie-controller: link 0 down, retrying
[    2.609345] tegra-pcie 1003000.pcie-controller: link 0 down, retrying
[    3.038100] tegra-pcie 1003000.pcie-controller: link 0 down, retrying
[    3.046677] tegra-pcie 1003000.pcie-controller: link 0 down, ignoring
[    3.053168] tegra-pcie 1003000.pcie-controller: probing port 1, using 1 lanes
[    3.062421] tegra-pcie 1003000.pcie-controller: Slot present pin change, signature: 00000000
[    3.491028] tegra-pcie 1003000.pcie-controller: link 1 down, retrying
[    3.919130] tegra-pcie 1003000.pcie-controller: link 1 down, retrying
[    4.347414] tegra-pcie 1003000.pcie-controller: link 1 down, retrying
[    4.355990] tegra-pcie 1003000.pcie-controller: link 1 down, ignoring
[    4.362692] tegra-pcie 1003000.pcie-controller: PCI host bridge to bus 0000:00
[    4.369927] pci_bus 0000:00: root bus resource [mem 0x13000000-0x1fffffff]
[    4.376814] pci_bus 0000:00: root bus resource [mem 0x20000000-0x3fffffff pref]
[    4.384129] pci_bus 0000:00: root bus resource [bus 00-ff]
[    4.389621] pci_bus 0000:00: root bus resource [io  0x1000-0xffff]
[    4.395830] PCI: bus0: Fast back to back transfers enabled
[    4.402137] +5V_HDMI_CON: supplied by +5V_SYS
[    4.406640] +1.05V_RUN_AVDD_HDMI_PLL: supplied by +1.05V_RUN
[    4.412457] +3.3V_RUN: supplied by +3.3V_SYS
[    4.416770] +3.3V_AVDD_HDMI_AP_GATED: supplied by +3.3V_RUN
[    4.424958] [drm] Supports vblank timestamp caching Rev 2 (21.10.2013).
[    4.431635] [drm] No driver support for vblank timestamp query.
[    4.538042] tegra-hdmi 54280000.hdmi: cannot set audio to 44100 at 297000000 pclk
[    4.648117] Console: switching to colour frame buffer device 512x135
[    4.742577] drm drm: fb0:  frame buffer device
[    4.758393] [drm] Initialized tegra 0.0.0 20120330 on minor 0
[    4.765428] +5V_SATA: supplied by +5V_SYS
[    4.769675] +12V_SATA: supplied by +VDD_MUX
[    4.774601] tegra-ahci 70027000.sata: AHCI 0001.0301 32 slots 2 ports 3 Gbps 0x1 impl platform mode
[    4.783675] tegra-ahci 70027000.sata: flags: 64bit ncq sntf pm led pio slum part sadm sds apst 
[    4.794674] scsi host0: tegra-ahci
[    4.799015] scsi host1: tegra-ahci
[    4.802758] ata1: SATA max UDMA/133 mmio [mem 0x70027000-0x70028fff] port 0x100 irq 341
[    4.810793] ata2: DUMMY
[    4.814410] +5V_USB_HS: supplied by +5V_SYS
[    4.820125] tegra-ehci 7d008000.usb: EHCI Host Controller
[    4.825579] tegra-ehci 7d008000.usb: new USB bus registered, assigned bus number 2
[    4.833395] tegra-ehci 7d008000.usb: irq 349, io mem 0x7d008000
[    4.848395] tegra-ehci 7d008000.usb: USB 2.0 started, EHCI 1.10
[    4.855556] hub 2-0:1.0: USB hub found
[    4.859416] hub 2-0:1.0: 1 port detected
[    4.864916] dev_pm_opp_of_cpumask_add_table: couldn't find opp table for cpu:0, -19
[    4.872699] cpufreq: cpufreq_online: CPU0: Running at unlisted freq: 696000 KHz
[    4.880069] cpufreq: cpufreq_online: CPU0: Unlisted initial frequency changed to: 714000 KHz
[    4.889269] sdhci-tegra 700b0400.sdhci: Got CD GPIO
[    4.894177] sdhci-tegra 700b0400.sdhci: Got WP GPIO
[    4.899103] mmc1: Unknown controller version (3). You may experience problems.
[    4.906431] +VDDIO_SDMMC3: supplied by +3.3V_RUN
[    4.911105] sdhci-tegra 700b0400.sdhci: No vmmc regulator found
[    4.917045] mmc1: Invalid maximum block size, assuming 512 bytes
[    4.958568] mmc1: SDHCI controller on 700b0400.sdhci [700b0400.sdhci] using ADMA 64-bit
[    4.967252] input: gpio-keys as /devices/soc0/gpio-keys/input/input0
[    4.974505] as3722-rtc as3722-rtc: setting system clock to 2000-01-01 00:00:18 UTC (946684818)
[    4.986929] +1.8V_RUN_CAM: disabling
[    4.990713] +2.8V_RUN_CAM: disabling
[    4.994497] +1.2V_RUN_CAM_FRONT: disabling
[    4.998799] +1.05V_RUN_CAM_REAR: disabling
[    5.003080] +3.3V_RUN_TOUCH: disabling
[    5.006996] +2.8V_RUN_CAM_AF: disabling
[    5.010991] +1.8V_RUN_VPP_FUSE: disabling
[    5.015163] +USB0_VBUS_SW: disabling
[    5.143356] ata1: SATA link down (SStatus 0 SControl 300)
[    5.149724] EXT4-fs (mmcblk0p1): couldn't mount as ext3 due to feature incompatibilities
[    5.158460] EXT4-fs (mmcblk0p1): couldn't mount as ext2 due to feature incompatibilities
[    5.173311] usb 2-1: new high-speed USB device number 2 using tegra-ehci
[    5.184089] EXT4-fs (mmcblk0p1): recovery complete
[    5.188924] EXT4-fs (mmcblk0p1): mounted filesystem with ordered data mode. Opts: (null)
[    5.197069] VFS: Mounted root (ext4 filesystem) on device 179:1.
[    5.207538] devtmpfs: mounted
[    5.211177] Freeing unused kernel memory: 1040K (c0d94000 - c0e98000)
bash: cannot set terminal process group (-1): Inappropriate ioctl for device
bash: no job control in this shell
root@(none):/# 