
U-Boot SPL 2014.07-00097-g772e173 (Jul 25 2014 - 20:02:52)


U-Boot 2014.07-00097-g772e173 (Jul 25 2014 - 20:02:52)

TEGRA124
Board: NVIDIA Jetson TK1
I2C:   ready
DRAM:  2 GiB
MMC:   Tegra SD/MMC: 0, Tegra SD/MMC: 1
In:    serial
Out:   serial
Err:   serial
Net:   Net Initialization Skipped
No ethernet found.
Hit any key to stop autoboot:  2  0 
Tegra124 (Jetson TK1) # 
Tegra124 (Jetson TK1) # usb reset
(Re)start USB...
USB0:   USB EHCI 1.10
scanning bus 0 for devices... 1 USB Device(s) found
USB1:   USB EHCI 1.10
scanning bus 1 for devices... 2 USB Device(s) found
       scanning usb for storage devices... 0 Storage Device(s) found
       scanning usb for ethernet devices... 
Warning: asx0 using MAC address from net device
1 Ethernet Device(s) found
Tegra124 (Jetson TK1) # setenv bootargs 'ignore_loglevel console=ttyS0,115200n8 rw root=/dev/mmcblk0p1 rootwait gpt debug init=/bin/bash noinitrd'
Tegra124 (Jetson TK1) # setenv ipaddr 192.168.100.102; setenv serverip 192.168.100.1; setenv tftpserverip 192.168.100.1
Tegra124 (Jetson TK1) # tftpboot 0x81000000 zImage.multi_v7_defconfig
Using asx0 device
TFTP from server 192.168.100.1; our IP address is 192.168.100.102
Filename 'zImage.multi_v7_defconfig'.
Load address: 0x81000000
Loading: *#################################################################
	 #################################################################
	 #################################################################
	 #################################################################
	 #################################################################
	 #################################################################
	 ####################################
	 3.3 MiB/s
done
Bytes transferred = 6242720 (5f41a0 hex)
Tegra124 (Jetson TK1) # tftpboot 0x82000000 tegra124-jetson-tk1.dtb
Using asx0 device
TFTP from server 192.168.100.1; our IP address is 192.168.100.102
Filename 'tegra124-jetson-tk1.dtb'.
Load address: 0x82000000
Loading: *#####
	 3 MiB/s
done
Bytes transferred = 63003 (f61b hex)
Tegra124 (Jetson TK1) # bootz 0x81000000 - 0x82000000
Kernel image @ 0x81000000 [ 0x000000 - 0x5f41a0 ]
## Flattened Device Tree blob at 82000000
   Booting using the fdt blob at 0x82000000
   Using Device Tree in place at 82000000, end 8201261a

Starting kernel ...

[    0.000000] Booting Linux on physical CPU 0x0
[    0.000000] Linux version 4.1.0-rc1-next-20150430-13671-gfa94df1 (pwalmsley@sellafield) (gcc version 4.7.3 20130328 (prerelease) (crosstool-NG linaro-1.13.1-4.7-2013.04-20130415 - Linaro GCC 2013.04) ) #1 SMP Fri May 1 01:05:40 PDT 2015
[    0.000000] CPU: ARMv7 Processor [413fc0f3] revision 3 (ARMv7), cr=10c5387d
[    0.000000] CPU: PIPT / VIPT nonaliasing data cache, PIPT instruction cache
[    0.000000] Machine model: NVIDIA Tegra124 Jetson TK1
[    0.000000] debug: ignoring loglevel setting.
[    0.000000] earlycon: no match for ttyS0,115200n8
[    0.000000] cma: Reserved 64 MiB at 0xfb800000
[    0.000000] Memory policy: Data cache writealloc
[    0.000000] On node 0 totalpages: 524032
[    0.000000] free_area_init_node: node 0, pgdat c0f25500, node_mem_map ee7f8000
[    0.000000]   DMA zone: 1520 pages used for memmap
[    0.000000]   DMA zone: 0 pages reserved
[    0.000000]   DMA zone: 194560 pages, LIFO batch:31
[    0.000000]   HighMem zone: 329472 pages, LIFO batch:31
[    0.000000] PERCPU: Embedded 12 pages/cpu @ee790000 s17024 r8192 d23936 u49152
[    0.000000] pcpu-alloc: s17024 r8192 d23936 u49152 alloc=12*4096
[    0.000000] pcpu-alloc: [0] 0 [0] 1 [0] 2 [0] 3 
[    0.000000] Built 1 zonelists in Zone order, mobility grouping on.  Total pages: 522512
[    0.000000] Kernel command line: ignore_loglevel console=ttyS0,115200n8 rw root=/dev/mmcblk0p1 rootwait gpt debug init=/bin/bash noinitrd
[    0.000000] PID hash table entries: 4096 (order: 2, 16384 bytes)
[    0.000000] Dentry cache hash table entries: 131072 (order: 7, 524288 bytes)
[    0.000000] Inode-cache hash table entries: 65536 (order: 6, 262144 bytes)
[    0.000000] Memory: 1999140K/2096128K available (8012K kernel code, 1021K rwdata, 3580K rodata, 816K init, 317K bss, 31452K reserved, 65536K cma-reserved, 1252352K highmem)
[    0.000000] Virtual kernel memory layout:
[    0.000000]     vector  : 0xffff0000 - 0xffff1000   (   4 kB)
[    0.000000]     fixmap  : 0xffc00000 - 0xfff00000   (3072 kB)
[    0.000000]     vmalloc : 0xf0000000 - 0xff000000   ( 240 MB)
[    0.000000]     lowmem  : 0xc0000000 - 0xef800000   ( 760 MB)
[    0.000000]     pkmap   : 0xbfe00000 - 0xc0000000   (   2 MB)
[    0.000000]     modules : 0xbf000000 - 0xbfe00000   (  14 MB)
[    0.000000]       .text : 0xc0208000 - 0xc0d5b054   (11597 kB)
[    0.000000]       .init : 0xc0d5c000 - 0xc0e28000   ( 816 kB)
[    0.000000]       .data : 0xc0e28000 - 0xc0f274e0   (1022 kB)
[    0.000000]        .bss : 0xc0f2a000 - 0xc0f796a8   ( 318 kB)
[    0.000000] SLUB: HWalign=64, Order=0-3, MinObjects=0, CPUs=4, Nodes=1
[    0.000000] Hierarchical RCU implementation.
[    0.000000] 	Additional per-CPU info printed with stalls.
[    0.000000] 	RCU restricting CPUs from NR_CPUS=16 to nr_cpu_ids=4.
[    0.000000] RCU: Adjusting geometry for rcu_fanout_leaf=16, nr_cpu_ids=4
[    0.000000] NR_IRQS:16 nr_irqs:16 16
[    0.000000] /interrupt-controller@60004000: 160 interrupts forwarded to /interrupt-controller@0,50041000
[    0.000000] L2C: failed to init: -19
[    0.000009] sched_clock: 32 bits at 1000kHz, resolution 1000ns, wraps every 2147483647500ns
[    0.000027] clocksource timer_us: mask: 0xffffffff max_cycles: 0xffffffff, max_idle_ns: 1911260446275 ns
[    0.000041] Switching to timer-based delay loop, resolution 1000ns
[    0.004373] Architected cp15 timer(s) running at 12.00MHz (virt).
[    0.004389] clocksource arch_sys_counter: mask: 0xffffffffffffff max_cycles: 0x2c47f4ee7, max_idle_ns: 440795202497 ns
[    0.004407] sched_clock: 56 bits at 12MHz, resolution 83ns, wraps every 4398046511096ns
[    0.004419] Switching to timer-based delay loop, resolution 83ns
[    0.004811] Console: colour dummy device 80x30
[    0.004835] Calibrating delay loop (skipped), value calculated using timer frequency.. 24.00 BogoMIPS (lpj=60000)
[    0.004849] pid_max: default: 32768 minimum: 301
[    0.004960] Mount-cache hash table entries: 2048 (order: 1, 8192 bytes)
[    0.004971] Mountpoint-cache hash table entries: 2048 (order: 1, 8192 bytes)
[    0.005564] CPU: Testing write buffer coherency: ok
[    0.005775] /cpus/cpu@0 missing clock-frequency property
[    0.005812] /cpus/cpu@1 missing clock-frequency property
[    0.005849] /cpus/cpu@2 missing clock-frequency property
[    0.005887] /cpus/cpu@3 missing clock-frequency property
[    0.005899] CPU0: thread -1, cpu 0, socket 0, mpidr 80000000
[    0.005945] Setting up static identity map for 0x80209000 - 0x80209098
[    0.008718] Tegra Revision: A01 SKU: 129 CPU Process: 1 Core Process: 1
[    0.009946] CPU1: thread -1, cpu 1, socket 0, mpidr 80000001
[    0.010524] CPU2: thread -1, cpu 2, socket 0, mpidr 80000002
[    0.011095] CPU3: thread -1, cpu 3, socket 0, mpidr 80000003
[    0.011156] Brought up 4 CPUs
[    0.011176] SMP: Total of 4 processors activated (96.00 BogoMIPS).
[    0.011183] CPU: All CPU(s) started in SVC mode.
[    0.011699] devtmpfs: initialized
[    0.012558] VFP support v0.3: implementor 41 architecture 4 part 30 variant f rev 0
[    0.013069] clocksource jiffies: mask: 0xffffffff max_cycles: 0xffffffff, max_idle_ns: 9556302231375000 ns
[    0.014705] pinctrl core: initialized pinctrl subsystem
[    0.034028] NET: Registered protocol family 16
[    0.036040] DMA: preallocated 256 KiB pool for atomic coherent allocations
[    0.049220] cpuidle: using governor ladder
[    0.064240] cpuidle: using governor menu
[    0.080498] No ATAGs?
[    0.080534] hw-breakpoint: found 5 (+1 reserved) breakpoint and 4 watchpoint registers.
[    0.080545] hw-breakpoint: maximum watchpoint size is 8 bytes.
[    0.084732] Serial: AMBA PL011 UART driver
[    0.114189] +USB0_VBUS_SW: Failed to request enable GPIO108: -517
[    0.114312] reg-fixed-voltage regulators:regulator@7: Failed to register regulator: -517
[    0.114546] +5V_USB_HS: Failed to request enable GPIO109: -517
[    0.114660] reg-fixed-voltage regulators:regulator@8: Failed to register regulator: -517
[    0.114945] +1.05V_RUN_AVDD_HDMI_PLL: Failed to request enable GPIO63: -517
[    0.115057] reg-fixed-voltage regulators:regulator@11: Failed to register regulator: -517
[    0.115267] +5V_HDMI_CON: Failed to request enable GPIO86: -517
[    0.115377] reg-fixed-voltage regulators:regulator@12: Failed to register regulator: -517
[    0.115588] +5V_SATA: Failed to request enable GPIO242: -517
[    0.115699] reg-fixed-voltage regulators:regulator@13: Failed to register regulator: -517
[    0.115908] +12V_SATA: Failed to request enable GPIO242: -517
[    0.116018] reg-fixed-voltage regulators:regulator@14: Failed to register regulator: -517
[    0.118883] vgaarb: loaded
[    0.119592] SCSI subsystem initialized
[    0.119767] libata version 3.00 loaded.
[    0.120097] usbcore: registered new interface driver usbfs
[    0.120164] usbcore: registered new interface driver hub
[    0.120238] usbcore: registered new device driver usb
[    0.123702] media: Linux media interface: v0.10
[    0.123774] Linux video capture interface: v2.00
[    0.123826] pps_core: LinuxPPS API ver. 1 registered
[    0.123834] pps_core: Software ver. 5.3.6 - Copyright 2005-2007 Rodolfo Giometti <giometti@linux.it>
[    0.123867] PTP clock support registered
[    0.124109] EDAC MC: Ver: 3.0.0
[    0.125333] Advanced Linux Sound Architecture Driver Initialized.
[    0.126398] Switched to clocksource arch_sys_counter
[    0.137853] NET: Registered protocol family 2
[    0.138438] TCP established hash table entries: 8192 (order: 3, 32768 bytes)
[    0.138527] TCP bind hash table entries: 8192 (order: 4, 65536 bytes)
[    0.138714] TCP: Hash tables configured (established 8192 bind 8192)
[    0.138766] UDP hash table entries: 512 (order: 2, 16384 bytes)
[    0.138807] UDP-Lite hash table entries: 512 (order: 2, 16384 bytes)
[    0.138985] NET: Registered protocol family 1
[    0.139221] RPC: Registered named UNIX socket transport module.
[    0.139231] RPC: Registered udp transport module.
[    0.139239] RPC: Registered tcp transport module.
[    0.139246] RPC: Registered tcp NFSv4.1 backchannel transport module.
[    0.139264] PCI: CLS 0 bytes, default 64
[    0.141611] futex hash table entries: 1024 (order: 4, 65536 bytes)
[    0.153575] squashfs: version 4.0 (2009/01/31) Phillip Lougher
[    0.154522] NFS: Registering the id_resolver key type
[    0.154550] Key type id_resolver registered
[    0.154559] Key type id_legacy registered
[    0.154622] ntfs: driver 2.1.32 [Flags: R/O].
[    0.155788] bounce: pool size: 64 pages
[    0.156019] Block layer SCSI generic (bsg) driver version 0.4 loaded (major 248)
[    0.156037] io scheduler noop registered
[    0.156051] io scheduler deadline registered
[    0.156262] io scheduler cfq registered (default)
[    0.172870] tegra-pcie 1003000.pcie-controller: 2x1, 1x1 configuration
[    0.172920] tegra-pcie 1003000.pcie-controller: Failed to get supply 'avddio-pex': -517
[    0.179589] tegra-apbdma 60020000.dma: Tegra20 APB DMA driver register 32 channels
[    0.180443] tegra-pmc 7000e400.pmc: emergency thermal reset enabled
[    0.244689] Serial: 8250/16550 driver, 4 ports, IRQ sharing disabled
[    0.246952] SuperH (H)SCI(F) driver initialized
[    0.247698] msm_serial: driver initialized
[    0.248560] console [ttyS0] disabled
[    0.248595] 70006300.serial: ttyS0 at MMIO 0x70006300 (irq = 331, base_baud = 25500000) is a Tegra
[    1.078136] console [ttyS0] enabled
[    1.082438] STMicroelectronics ASC driver initialized
[    1.089661] [drm] Initialized drm 1.1.0 20060810
[    1.096212] tegra-hdmi 54280000.hdmi: failed to get HDMI regulator
[    1.109548] loop: module loaded
[    1.113007] at24 0-0056: 256 byte 24c02 EEPROM, writable, 8 bytes/write
[    1.120940] as3722 4-0040: AS3722 with revision 0x1 found
[    1.143878] +5V_SYS: supplied by +VDD_MUX
[    1.147944] +1.05V_RUN: supplied by +5V_SYS
[    1.152238] tegra-ahci 70027000.sata: Failed to get supply 'hvdd': -517
[    1.158909] tegra-ahci 70027000.sata: Failed to get regulators
[    1.168865] m25p80 spi32765.0: w25q32dw (4096 Kbytes)
[    1.177206] CAN device driver interface
[    1.182287] igb: Intel(R) Gigabit Ethernet Network Driver - version 5.2.15-k
[    1.189341] igb: Copyright (c) 2007-2014 Intel Corporation.
[    1.197130] pegasus: v0.9.3 (2013/04/25), Pegasus/Pegasus II USB Ethernet driver
[    1.204585] usbcore: registered new interface driver pegasus
[    1.210323] usbcore: registered new interface driver asix
[    1.215782] usbcore: registered new interface driver ax88179_178a
[    1.221933] usbcore: registered new interface driver cdc_ether
[    1.227846] usbcore: registered new interface driver smsc75xx
[    1.233676] usbcore: registered new interface driver smsc95xx
[    1.239485] usbcore: registered new interface driver net1080
[    1.245204] usbcore: registered new interface driver cdc_subset
[    1.251182] usbcore: registered new interface driver zaurus
[    1.256858] usbcore: registered new interface driver cdc_ncm
[    1.262759] tegra-phy 7d004000.usb-phy: no vbus regulator
[    1.269942] ehci_hcd: USB 2.0 'Enhanced' Host Controller (EHCI) Driver
[    1.276487] ehci-pci: EHCI PCI platform driver
[    1.280981] ehci-platform: EHCI generic platform driver
[    1.286441] ehci-omap: OMAP-EHCI Host Controller driver
[    1.291821] ehci-orion: EHCI orion driver
[    1.295969] SPEAr-ehci: EHCI SPEAr driver
[    1.300144] ehci-st: EHCI STMicroelectronics driver
[    1.305179] ehci-exynos: EHCI EXYNOS driver
[    1.309537] tegra-ehci: Tegra EHCI driver
[    1.313854] tegra-ehci 7d004000.usb: EHCI Host Controller
[    1.319285] tegra-ehci 7d004000.usb: new USB bus registered, assigned bus number 1
[    1.327037] tegra-ehci 7d004000.usb: irq 346, io mem 0x7d004000
[    1.341421] tegra-ehci 7d004000.usb: USB 2.0 started, EHCI 1.10
[    1.348152] hub 1-0:1.0: USB hub found
[    1.351958] hub 1-0:1.0: 1 port detected
[    1.356503] ohci_hcd: USB 1.1 'Open' Host Controller (OHCI) Driver
[    1.362713] ohci-pci: OHCI PCI platform driver
[    1.367228] ohci-platform: OHCI generic platform driver
[    1.372644] ohci-omap3: OHCI OMAP3 driver
[    1.376818] SPEAr-ohci: OHCI SPEAr driver
[    1.380978] ohci-st: OHCI STMicroelectronics driver
[    1.386117] usbcore: registered new interface driver usb-storage
[    1.393687] mousedev: PS/2 mouse device common for all mice
[    1.403182] as3722-rtc as3722-rtc: rtc core: registered as3722-rtc as rtc0
[    1.410069] as3722-rtc as3722-rtc: RTC interrupt 365
[    1.418293] tegra_rtc 7000e000.rtc: rtc core: registered 7000e000.rtc as rtc1
[    1.425486] tegra_rtc 7000e000.rtc: Tegra internal Real Time Clock
[    1.432283] i2c /dev entries driver
[    1.438705] usbcore: registered new interface driver uvcvideo
[    1.444461] USB Video Class driver (1.1.1)
[    1.448575] gspca_main: v2.14.0 registered
[    1.454230] 0-004c supply vcc not found, using dummy regulator
[    1.464836] sdhci: Secure Digital Host Controller Interface driver
[    1.471028] sdhci: Copyright(c) Pierre Ossman
[    1.476843] Synopsys Designware Multimedia Card Interface Driver
[    1.483956] sdhci-pltfm: SDHCI platform and OF driver helper
[    1.490315] sdhci-tegra 700b0400.sdhci: Got CD GPIO
[    1.495221] sdhci-tegra 700b0400.sdhci: Got WP GPIO
[    1.500154] mmc0: Unknown controller version (3). You may experience problems.
[    1.507518] as3722-regulator as3722-regulator: Failed to resolve vin-ldo1-6-supply for as3722-ldo6
[    1.516485] sdhci-tegra 700b0400.sdhci: No vmmc regulator found
[    1.522563] mmc0: Unknown controller version (3). You may experience problems.
[    1.529852] sdhci-tegra 700b0600.sdhci: No vmmc regulator found
[    1.535789] sdhci-tegra 700b0600.sdhci: No vqmmc regulator found
[    1.541803] mmc0: Invalid maximum block size, assuming 512 bytes
[    1.581418] mmc0: SDHCI controller on 700b0600.sdhci [700b0600.sdhci] using ADMA 64-bit
[    1.590534] ledtrig-cpu: registered to indicate activity on CPUs
[    1.596779] usbcore: registered new interface driver usbhid
[    1.602361] usbhid: USB HID core driver
[    1.609715] usbcore: registered new interface driver snd-usb-audio
[    1.655369] mmc0: MAN_BKOPS_EN bit is not set
[    1.662952] mmc0: new high speed MMC card at address 0001
[    1.668715] mmcblk0: mmc0:0001 SEM16G 14.6 GiB 
[    1.673358] mmcblk0boot0: mmc0:0001 SEM16G partition 1 4.00 MiB
[    1.679382] mmcblk0boot1: mmc0:0001 SEM16G partition 2 4.00 MiB
[    1.685408] mmcblk0rpmb: mmc0:0001 SEM16G partition 3 4.00 MiB
[    1.693228] Primary GPT is invalid, using alternate GPT.
[    1.698579]  mmcblk0: p1 p2 p3 p4 p5 p6 p7 p8 p9
[    2.034380] tegra30-i2s 70301100.i2s: DMA channels sourced from device 70300000.ahub
[    2.050912] tegra-snd-rt5640 sound: rt5640-aif1 <-> 70301100.i2s mapping ok
[    2.060751] input: NVIDIA Tegra Jetson TK1 Headphones as /devices/soc0/sound/sound/card0/input0
[    2.070876] NET: Registered protocol family 17
[    2.075355] can: controller area network core (rev 20120528 abi 9)
[    2.081611] NET: Registered protocol family 29
[    2.086059] can: raw protocol (rev 20120528)
[    2.090346] can: broadcast manager protocol (rev 20120528 t)
[    2.096025] can: netlink gateway (rev 20130117) max_hops=1
[    2.101913] Key type dns_resolver registered
[    2.106801] ThumbEE CPU extension supported.
[    2.111080] Registering SWP/SWPB emulation handler
[    2.121720] tegra-pcie 1003000.pcie-controller: 2x1, 1x1 configuration
[    2.128568] +3.3V_SYS: supplied by +VDD_MUX
[    2.132827] +3.3V_LP0: supplied by +3.3V_SYS
[    2.137475] +1.35V_LP0(sd2): supplied by +5V_SYS
[    2.142206] +1.05V_RUN_AVDD: supplied by +1.35V_LP0(sd2)
[    2.149021] tegra-pcie 1003000.pcie-controller: probing port 0, using 2 lanes
[    2.158265] tegra-pcie 1003000.pcie-controller: Slot present pin change, signature: 00000008
[    2.585209] tegra-pcie 1003000.pcie-controller: link 0 down, retrying
[    3.013417] tegra-pcie 1003000.pcie-controller: link 0 down, retrying
[    3.441646] tegra-pcie 1003000.pcie-controller: link 0 down, retrying
[    3.450224] tegra-pcie 1003000.pcie-controller: link 0 down, ignoring
[    3.456717] tegra-pcie 1003000.pcie-controller: probing port 1, using 1 lanes
[    3.465969] tegra-pcie 1003000.pcie-controller: Slot present pin change, signature: 00000000
[    3.893689] tegra-pcie 1003000.pcie-controller: link 1 down, retrying
[    4.321848] tegra-pcie 1003000.pcie-controller: link 1 down, retrying
[    4.749936] tegra-pcie 1003000.pcie-controller: link 1 down, retrying
[    4.758527] tegra-pcie 1003000.pcie-controller: link 1 down, ignoring
[    4.765232] tegra-pcie 1003000.pcie-controller: PCI host bridge to bus 0000:00
[    4.772468] pci_bus 0000:00: root bus resource [mem 0x13000000-0x1fffffff]
[    4.779352] pci_bus 0000:00: root bus resource [mem 0x20000000-0x3fffffff pref]
[    4.786668] pci_bus 0000:00: root bus resource [bus 00-ff]
[    4.792161] pci_bus 0000:00: root bus resource [io  0x1000-0xffff]
[    4.798373] PCI: bus0: Fast back to back transfers enabled
[    4.804614] +5V_HDMI_CON: supplied by +5V_SYS
[    4.809087] +1.05V_RUN_AVDD_HDMI_PLL: supplied by +1.05V_RUN
[    4.814883] +3.3V_RUN: supplied by +3.3V_SYS
[    4.819204] +3.3V_AVDD_HDMI_AP_GATED: supplied by +3.3V_RUN
[    4.826653] [drm] Supports vblank timestamp caching Rev 2 (21.10.2013).
[    4.833306] [drm] No driver support for vblank timestamp query.
[    4.937585] tegra-hdmi 54280000.hdmi: cannot set audio to 44100 at 297000000 pclk
[    5.048206] Console: switching to colour frame buffer device 512x135
[    5.143030] drm drm: fb0:  frame buffer device
[    5.147518] drm drm: registered panic notifier
[    5.166569] [drm] Initialized tegra 0.0.0 20120330 on minor 0
[    5.173424] +5V_SATA: supplied by +5V_SYS
[    5.177565] +12V_SATA: supplied by +VDD_MUX
[    5.182149] tegra-ahci 70027000.sata: AHCI 0001.0301 32 slots 2 ports 3 Gbps 0x1 impl platform mode
[    5.191225] tegra-ahci 70027000.sata: flags: 64bit ncq sntf pm led pio slum part sadm sds apst 
[    5.202372] scsi host0: tegra-ahci
[    5.207080] scsi host1: tegra-ahci
[    5.210815] ata1: SATA max UDMA/133 mmio [mem 0x70027000-0x70028fff] port 0x100 irq 341
[    5.218846] ata2: DUMMY
[    5.222517] +5V_USB_HS: supplied by +5V_SYS
[    5.227958] tegra-ehci 7d008000.usb: EHCI Host Controller
[    5.233417] tegra-ehci 7d008000.usb: new USB bus registered, assigned bus number 2
[    5.241186] tegra-ehci 7d008000.usb: irq 347, io mem 0x7d008000
[    5.256552] tegra-ehci 7d008000.usb: USB 2.0 started, EHCI 1.10
[    5.263369] hub 2-0:1.0: USB hub found
[    5.267190] hub 2-0:1.0: 1 port detected
[    5.272541] sdhci-tegra 700b0400.sdhci: Got CD GPIO
[    5.277499] sdhci-tegra 700b0400.sdhci: Got WP GPIO
[    5.282489] mmc1: Unknown controller version (3). You may experience problems.
[    5.289887] +VDDIO_SDMMC3: supplied by +3.3V_RUN
[    5.294635] sdhci-tegra 700b0400.sdhci: No vmmc regulator found
[    5.300619] mmc1: Invalid maximum block size, assuming 512 bytes
[    5.341971] mmc1: SDHCI controller on 700b0400.sdhci [700b0400.sdhci] using ADMA 64-bit
[    5.351142] input: gpio-keys as /devices/soc0/gpio-keys/input/input1
[    5.358664] as3722-rtc as3722-rtc: setting system clock to 2000-02-01 00:00:18 UTC (949363218)
[    5.378754] +USB0_VBUS_SW: disabling
[    5.382352] +1.8V_RUN_VPP_FUSE: disabling
[    5.386761] +2.8V_RUN_CAM_AF: disabling
[    5.390938] +3.3V_RUN_TOUCH: disabling
[    5.395059] +1.05V_RUN_CAM_REAR: disabling
[    5.399537] +1.2V_RUN_CAM_FRONT: disabling
[    5.403789] +2.8V_RUN_CAM: disabling
[    5.407493] +1.8V_RUN_CAM: disabling
[    5.411536] ALSA device list:
[    5.414501]   #0: NVIDIA Tegra Jetson TK1
[    5.546537] ata1: SATA link down (SStatus 0 SControl 300)
[    5.552954] EXT4-fs (mmcblk0p1): couldn't mount as ext3 due to feature incompatibilities
[    5.561775] EXT4-fs (mmcblk0p1): couldn't mount as ext2 due to feature incompatibilities
[    5.576533] usb 2-1: new high-speed USB device number 2 using tegra-ehci
[    5.577213] EXT4-fs (mmcblk0p1): recovery complete
[    5.577229] EXT4-fs (mmcblk0p1): mounted filesystem with ordered data mode. Opts: (null)
[    5.577270] VFS: Mounted root (ext4 filesystem) on device 179:1.
[    5.579194] devtmpfs: mounted
[    5.579891] Freeing unused kernel memory: 816K (c0d5c000 - c0e28000)
bash: cannot set terminal process group (-1): Inappropriate ioctl for device
bash: no job control in this shell
root@(none):/# 