[0000.731] [TegraBoot] (version 23.00.2015.14-mobile-1ef66670)
[0000.736] Processing in cold boot mode Bootloader 2
[0000.741] A01Q Bootrom Patch rev = 3
[0000.744] Power-up reason: pmu watchdog
[0000.748] No Battery Present
[0000.751] Platform has Ddr4 type ram
[0000.754] max77620 disabling SD1 Remote Sense
[0000.758] Setting Ddr voltage to 1125mv
[0000.763] Serial Number of Pmic Max77663: 0x40daf
[0000.770] Entering ramdump check
[0000.773] Get RamDumpCarveOut = 0x0
[0000.777] RamDumpCarveOut=0x0,  RamDumperFlag=0xe59ff3f8
[0000.782] Last reboot was clean, booting normally!
[0000.786] Sdram initialization is successful 
[0000.790] SecureOs Carveout Base=0xff800000 Size=0x00800000
[0000.796] GSC1 Carveout Base=0xff700000 Size=0x00100000
[0000.822] GSC2 Carveout Base=0xff600000 Size=0x00100000
[0000.848] GSC3 Carveout Base=0xff500000 Size=0x00100000
[0000.853] GSC4 Carveout Base=0xff400000 Size=0x00100000
[0000.858] GSC5 Carveout Base=0xff300000 Size=0x00100000
[0000.863] BpmpFw Carveout Base=0xff2c0000 Size=0x00040000
[0000.868] Lp0 Carveout Base=0xff2bf000 Size=0x00001000
[0000.884] RamDump Carveout Base=0xff23f000 Size=0x00080000
[0000.889] Platform-DebugCarveout: 0
[0000.892] Nck Carveout Base=0xff03f000 Size=0x00200000
[0000.942] Using GPT Primary to query partitions 
[0000.947] Loading Tboot-CPU binary
[0000.996] Verifying bootloader in OdmNonSecureSBK mode
[0001.006] Bootloader load address is 0xa0000000,                            entry address is 0xa0000258
[0001.015] Bootloader downloaded successfully.
[0001.019] Downloaded Tboot-CPU binary to 0xa0000258
[0001.025] MAX77620_GPIO1 Configured.
[0001.029] MAX77620_GPIO5 Configured.
[0001.032] CPU power rail is up
[0001.035] CPU clock enabled
[0001.039] Performing RAM repair
[0001.042] Updating A64 Warmreset Address to 0xa00002e9
[0001.061] Bootloader DTB Load Address: 0x83000000
[0001.078] Kernel DTB Load Address: 0x83080000
[0001.083] Loading cboot binary
[0001.177] Verifying bootloader in OdmNonSecureSBK mode
[0001.265] Bootloader load address is 0x8010fda8,                            entry address is 0x80110000
[0001.274] Bootloader downloaded successfully.
[0001.278] GPT: Partition NOT found ! 
[0001.282] Find Partition via GPT Failed
[0001.285] function NvTbootGetBinaryOffsets: 0x845208 error
[0001.290] Error in NvTbootLoadBinary: 0x845208 !
[0001.295] GPT: Partition NOT found ! 
[0001.298] No FB partition
[0001.301] Next binary entry address: 0x80110000 
[0001.305] BoardId: 2595
[0001.310] dram memory type is 3
[0001.316] WB0 init successful
[0001.342] Bpmp FW successfully loaded
[0001.346] Set NvDecSticky Bits
[0001.349] GSC1 address : ff700000
[0001.353] GSC2 address : ff600000
[0001.357] GSC3 address : ff500000
[0001.360] GSC4 address : ff400000
[0001.364] GSC5 address : ff300000
[0001.367] GSC MC Settings done
[0001.373] TOS old plaintext Image length 61440
[0001.379] *** Secure OS image signature not verified ***
[0001.384] Loading and Validation of Secure OS Successful
[0001.389] NvTbootPackSdramParams: start. 
[0001.394] NvTbootPackSdramParams: done. 
[0001.398] Tegraboot started after 723460 us
[0001.402] Basic modules init took 348834 us
[0001.406] Sec Bootdevice Read Time = 202 ms, Read Size = 8459 KB
[0001.412] Next stage binary read took 14365 us
[0001.416] Carveout took 252783 us
[0001.419] CPU initialization took 92291 us
[0001.423] Total time taken by TegraBoot 708273 us

[0001.428] Starting CPU & Halting co-processor 

64b[0001.563] LPDDR4 Training: Number of tables = 10
[0001.567] EMC Training (SRC-freq: 204000; DST-freq: 408000)
[0001.573] EMC Training Successful
[0001.576] EMC Training (SRC-freq: 204000; DST-freq: 665600)
[0001.582] EMC Training Successful
[0001.585] EMC Training (SRC-freq: 204000; DST-freq: 800000)
[0001.597] EMC Training Successful
[0001.600] EMC Training (SRC-freq: 204000; DST-freq: 1065600)
[0001.622] EMC Training Successful
[0001.625] EMC Training (SRC-freq: 204000; DST-freq: 1331200)
[0001.647] EMC Training Successful
[0001.650] EMC Training (SRC-freq: 204000; DST-freq: 1600000)
[0001.669] EMC Training Successful
[0001.673] Switching to 800000 KHz Success
[0001.706] LPDDR4 Training: Number of tables = 10


U-Boot 2015.07-rc2-g2ac3917 (Nov 09 2015 - 13:12:08 -0800)

TEGRA210
Model: NVIDIA P2371-0000
DRAM:  3 GiB
MC:   Tegra SD/MMC: 0, Tegra SD/MMC: 1
*** Warning - bad CRC, using default environment

In:    serial
Out:   serial
Err:   serial
Net:   Net Initialization Skipped
No ethernet found.
Hit any key to stop autoboot:  2  0 
Tegra210 (P2371-0000) # 
Tegra210 (P2371-0000) # ums 0 mmc 0
UMS: disk start sector: 0x0, count: 0x1d5a000
|/-\|/-\/-\|/-\/-\|/-\/-\|/-\/-\|/-\/-\|/-\/-\|/-\/-\|/-\/-\CTRL+C - Operation aborted
Tegra210 (P2371-0000) # 
Tegra210 (P2371-0000) # env set fdt_copy_node_names /cpus:/psci
Tegra210 (P2371-0000) # setenv rootpart 1
Tegra210 (P2371-0000) # setenv devtype mmc
Tegra210 (P2371-0000) # setenv devnum 0
Tegra210 (P2371-0000) # part uuid ${devtype} ${devnum}:${rootpart} uuid
Tegra210 (P2371-0000) # setenv bootargs ignore_loglevel console=ttyS0,115200n8 earlycon=uart8250,mmio32,0x70006000 rw root=PARTUUID=00000000-0001-0000-788f-a75600000000 rootwait debug earlyprintk init=/bin/bash
Tegra210 (P2371-0000) # load ${devtype} ${devnum}:${rootpart} ${kernel_addr_r} /boot/Image.defconfig
9069056 bytes read in 659 ms (13.1 MiB/s)
Tegra210 (P2371-0000) # load ${devtype} ${devnum}:${rootpart} ${fdt_addr_r} /boot/tegra210-p2371-0000.dtb
37108 bytes read in 454 ms (79.1 KiB/s)
Tegra210 (P2371-0000) # load ${devtype} ${devnum}:${rootpart} ${ramdisk_addr_r} /boot/tegra-ramdisk.img
1627787 bytes read in 500 ms (3.1 MiB/s)
Tegra210 (P2371-0000) # ramdisk_size=${filesize}
Tegra210 (P2371-0000) # booti ${kernel_addr_r} - ${fdt_addr_r}
## Flattened Device Tree blob at 82000000
   Booting using the fdt blob at 0x82000000
   Using Device Tree in place at 0000000082000000, end 000000008200c0f3

Starting kernel ...

Booting Linux on physical CPU 0x0
Initializing cgroup subsys cpu
Linux version 4.3.0+ (pwalmsley@tamien) (gcc version 4.9.2 20140904 (prerelease) (crosstool-NG linaro-1.13.1-4.9-2014.09 - Linaro GCC 4.9-2014.09) ) #1 SMP PREEMPT Thu Apr 28 02:08:22 PDT 2016
Boot CPU: AArch64 Processor [411fd071]
debug: ignoring loglevel setting.
earlycon: Early serial console at MMIO32 0x70006000 (options '')
bootconsole [uart0] enabled
efi: Getting EFI parameters from FDT:
efi: UEFI not found.
cma: Reserved 16 MiB at 0x00000000fe000000
On node 0 totalpages: 782848
  DMA zone: 8192 pages used for memmap
  DMA zone: 0 pages reserved
  DMA zone: 520704 pages, LIFO batch:31
  Normal zone: 4096 pages used for memmap
  Normal zone: 262144 pages, LIFO batch:31
psci: probing for conduit method from DT.
psci: PSCIv0.2 detected in firmware.
psci: Using standard PSCI v0.2 function IDs
psci: MIGRATE_INFO_TYPE not supported.
PERCPU: Embedded 15 pages/cpu @ffffffc0bff75000 s24576 r8192 d28672 u61440
pcpu-alloc: s24576 r8192 d28672 u61440 alloc=15*4096
pcpu-alloc: [0] 0 [0] 1 [0] 2 [0] 3 
Detected PIPT I-cache on CPU0
CPU features: enabling workaround for ARM erratum 832075
Built 1 zonelists in Zone order, mobility grouping on.  Total pages: 770560
Kernel command line: ignore_loglevel console=ttyS0,115200n8 earlycon=uart8250,mmio32,0x70006000 rw root=PARTUUID=00000000-0001-0000-788f-a75600000000 rootwait debug earlyprintk init=/bin/bash
log_buf_len individual max cpu contribution: 4096 bytes
log_buf_len total cpu_extra contributions: 12288 bytes
log_buf_len min size: 16384 bytes
log_buf_len: 32768 bytes
early log buf free: 14316(87%)
PID hash table entries: 4096 (order: 3, 32768 bytes)
Dentry cache hash table entries: 524288 (order: 10, 4194304 bytes)
Inode-cache hash table entries: 262144 (order: 9, 2097152 bytes)
software IO TLB [mem 0xfa000000-0xfe000000] (64MB) mapped at [ffffffc07a000000-ffffffc07dffffff]
Memory: 2984000K/3131392K available (5450K kernel code, 488K rwdata, 2300K rodata, 540K init, 211K bss, 131008K reserved, 16384K cma-reserved)
Virtual kernel memory layout:
    vmalloc : 0xffffff8000000000 - 0xffffffbdbfff0000   (   246 GB)
    vmemmap : 0xffffffbdc0000000 - 0xffffffbfc0000000   (     8 GB maximum)
              0xffffffbdc2000000 - 0xffffffbdc5000000   (    48 MB actual)
    fixed   : 0xffffffbffa7fd000 - 0xffffffbffac00000   (  4108 KB)
    PCI I/O : 0xffffffbffae00000 - 0xffffffbffbe00000   (    16 MB)
    modules : 0xffffffbffc000000 - 0xffffffc000000000   (    64 MB)
    memory  : 0xffffffc000000000 - 0xffffffc0c0000000   (  3072 MB)
      .init : 0xffffffc000814000 - 0xffffffc00089b000   (   540 KB)
      .text : 0xffffffc000080000 - 0xffffffc0008139f4   (  7759 KB)
      .data : 0xffffffc0008ac000 - 0xffffffc000926200   (   489 KB)
SLUB: HWalign=64, Order=0-3, MinObjects=0, CPUs=4, Nodes=1
Preemptible hierarchical RCU implementation.
	Build-time adjustment of leaf fanout to 64.
	RCU restricting CPUs from NR_CPUS=64 to nr_cpu_ids=4.
RCU: Adjusting geometry for rcu_fanout_leaf=64, nr_cpu_ids=4
NR_IRQS:64 nr_irqs:64 0
GIC: Using split EOI/Deactivate mode
/interrupt-controller@60004000: 192 interrupts forwarded to /interrupt-controller@50041000
Architected cp15 timer(s) running at 19.20MHz (phys).
clocksource: arch_sys_counter: mask: 0xffffffffffffff max_cycles: 0x46d987e47, max_idle_ns: 440795202767 ns
sched_clock: 56 bits at 19MHz, resolution 52ns, wraps every 4398046511078ns
Console: colour dummy device 80x25
Calibrating delay loop (skipped), value calculated using timer frequency.. 38.40 BogoMIPS (lpj=76800)
pid_max: default: 32768 minimum: 301
Security Framework initialized
Mount-cache hash table entries: 8192 (order: 4, 65536 bytes)
Mountpoint-cache hash table entries: 8192 (order: 4, 65536 bytes)
Initializing cgroup subsys memory
Initializing cgroup subsys hugetlb
EFI services will not be available.
ASID allocator initialised with 65536 entries
Detected PIPT I-cache on CPU1
CPU1: Booted secondary processor [411fd071]
Detected PIPT I-cache on CPU2
CPU2: Booted secondary processor [411fd071]
Detected PIPT I-cache on CPU3
CPU3: Booted secondary processor [411fd071]
Brought up 4 CPUs
SMP: Total of 4 processors activated.
CPU: All CPU(s) started at EL2
alternatives: patching kernel code
devtmpfs: initialized
DMI not present or invalid.
clocksource: jiffies: mask: 0xffffffff max_cycles: 0xffffffff, max_idle_ns: 7645041785100000 ns
pinctrl core: initialized pinctrl subsystem
NET: Registered protocol family 16
cpuidle: using governor ladder
cpuidle: using governor menu
vdso: 2 pages (1 code @ ffffffc0008b1000, 1 data @ ffffffc0008b0000)
hw-breakpoint: found 6 breakpoint and 4 watchpoint registers.
DMA: preallocated 256 KiB pool for atomic allocations
Serial: AMBA PL011 UART driver
vgaarb: loaded
SCSI subsystem initialized
libata version 3.00 loaded.
usbcore: registered new interface driver usbfs
usbcore: registered new interface driver hub
usbcore: registered new device driver usb
dmi: Firmware registration failed.
clocksource: Switched to clocksource arch_sys_counter
NET: Registered protocol family 2
TCP established hash table entries: 32768 (order: 6, 262144 bytes)
TCP bind hash table entries: 32768 (order: 7, 524288 bytes)
TCP: Hash tables configured (established 32768 bind 32768)
UDP hash table entries: 2048 (order: 4, 65536 bytes)
UDP-Lite hash table entries: 2048 (order: 4, 65536 bytes)
NET: Registered protocol family 1
RPC: Registered named UNIX socket transport module.
RPC: Registered udp transport module.
RPC: Registered tcp transport module.
RPC: Registered tcp NFSv4.1 backchannel transport module.
PCI: CLS 0 bytes, default 128
kvm [1]: interrupt-controller@50044000 IRQ9
kvm [1]: timer IRQ3
kvm [1]: Hyp mode initialized successfully
futex hash table entries: 1024 (order: 5, 131072 bytes)
audit: initializing netlink subsys (disabled)
audit: type=2000 audit(0.307:1): initialized
HugeTLB registered 2 MB page size, pre-allocated 0 pages
VFS: Disk quotas dquot_6.6.0
VFS: Dquot-cache hash table entries: 512 (order 0, 4096 bytes)
NFS: Registering the id_resolver key type
Key type id_resolver registered
Key type id_legacy registered
fuse init (API version 7.23)
9p: Installing v9fs 9p2000 file system support
io scheduler noop registered
io scheduler cfq registered (default)
tegra-pmc 7000e400.pmc: failed to get pclk: -517
Serial: 8250/16550 driver, 4 ports, IRQ sharing disabled
msm_serial: driver initialized
of_serial 70006000.serial: clk or clock-frequency not defined
Unable to detect cache hierarchy from DT for CPU 0
loop: module loaded
tun: Universal TUN/TAP device driver, 1.6
tun: (C) 1999-2004 Max Krasnyansky <maxk@qualcomm.com>
sky2: driver version 1.30
ehci_hcd: USB 2.0 'Enhanced' Host Controller (EHCI) Driver
ehci-pci: EHCI PCI platform driver
ehci-platform: EHCI generic platform driver
ohci_hcd: USB 1.1 'Open' Host Controller (OHCI) Driver
ohci-pci: OHCI PCI platform driver
ohci-platform: OHCI generic platform driver
usbcore: registered new interface driver usb-storage
mousedev: PS/2 mouse device common for all mice
sdhci: Secure Digital Host Controller Interface driver
sdhci: Copyright(c) Pierre Ossman
Synopsys Designware Multimedia Card Interface Driver
sdhci-pltfm: SDHCI platform and OF driver helper
ledtrig-cpu: registered to indicate activity on CPUs
usbcore: registered new interface driver usbhid
usbhid: USB HID core driver
NET: Registered protocol family 17
9pnet: Installing 9P2000 support
Key type dns_resolver registered
bootconsole [uart0] disabled
