
U-Boot SPL 2016.05-rc2 (Apr 21 2016 - 16:23:00)
Trying to boot from RAM


U-Boot 2016.05-rc2 (Apr 21 2016 - 16:23:00 -0700)

TEGRA124
Model: NVIDIA Jetson TK1
Board: NVIDIA Jetson TK1
DRAM:  2 GiB
MC:   Tegra SD/MMC: 0, Tegra SD/MMC: 1
In:    serial
Out:   serial
Err:   serial
Net:   No ethernet found.
Hit any key to stop autoboot:  2  0 
Tegra124 (Jetson TK1) # 
Tegra124 (Jetson TK1) # pci enum
Tegra124 (Jetson TK1) # setenv bootargs 'ignore_loglevel console=ttyS0,115200n8 rw root=PARTUUID=b1791faa-84e8-4e27-83a1-9fb0a77e8803 rootwait gpt debug noinitrd earlyprintk init=/bin/bash'
Tegra124 (Jetson TK1) # setenv ipaddr 192.168.100.102; setenv serverip 192.168.100.1; setenv tftpserverip 192.168.100.1
Tegra124 (Jetson TK1) # tftpboot 0x82000000 zImage.multi_v7_defconfig

Warning: eth_rtl8169 using MAC address from ROM
Using eth_rtl8169 device
TFTP from server 192.168.100.1; our IP address is 192.168.100.102
Filename 'zImage.multi_v7_defconfig'.
Load address: 0x82000000
Loading: *#################################################################
	 #################################################################
	 #################################################################
	 #################################################################
	 #################################################################
	 #################################################################
	 #################################################################
	 #################################################################
	 ####################################
	 4 MiB/s
done
Bytes transferred = 8159744 (7c8200 hex)
Tegra124 (Jetson TK1) # tftpboot 0x83000000 tegra124-jetson-tk1.dtb
Using eth_rtl8169 device
TFTP from server 192.168.100.1; our IP address is 192.168.100.102
Filename 'tegra124-jetson-tk1.dtb'.
Load address: 0x83000000
Loading: *#####
	 3.7 MiB/s
done
Bytes transferred = 66544 (103f0 hex)
Tegra124 (Jetson TK1) # bootz 0x82000000 - 0x83000000
Kernel image @ 0x82000000 [ 0x000000 - 0x7c8200 ]
## Flattened Device Tree blob at 83000000
   Booting using the fdt blob at 0x83000000
   Using Device Tree in place at 83000000, end 830133ef

Starting kernel ...

[    0.000000] Booting Linux on physical CPU 0x0
[    0.000000] Linux version 4.15.0-next-20180131-348625-gd957d62c868c (jonathanh@tamien) (gcc version 4.7.3 20130328 (prerelease) (crosstool-NG linaro-1.13.1-4.7-2013.04-20130415 - Linaro GCC 2013.04)) #1 SMP Wed Jan 31 02:17:20 PST 2018
[    0.000000] CPU: ARMv7 Processor [413fc0f3] revision 3 (ARMv7), cr=10c5387d
[    0.000000] CPU: div instructions available: patching division code
[    0.000000] CPU: PIPT / VIPT nonaliasing data cache, PIPT instruction cache
[    0.000000] OF: fdt: Machine model: NVIDIA Tegra124 Jetson TK1
[    0.000000] debug: ignoring loglevel setting.
[    0.000000] Memory policy: Data cache writealloc
[    0.000000] efi: Getting EFI parameters from FDT:
[    0.000000] efi: UEFI not found.
[    0.000000] cma: Reserved 64 MiB at 0xfb800000
[    0.000000] On node 0 totalpages: 524032
[    0.000000]   DMA zone: 1536 pages used for memmap
[    0.000000]   DMA zone: 0 pages reserved
[    0.000000]   DMA zone: 196608 pages, LIFO batch:31
[    0.000000]   HighMem zone: 327424 pages, LIFO batch:31
[    0.000000] random: fast init done
[    0.000000] percpu: Embedded 17 pages/cpu @(ptrval) s39232 r8192 d22208 u69632
[    0.000000] pcpu-alloc: s39232 r8192 d22208 u69632 alloc=17*4096
[    0.000000] pcpu-alloc: [0] 0 [0] 1 [0] 2 [0] 3 
[    0.000000] Built 1 zonelists, mobility grouping on.  Total pages: 522496
[    0.000000] Kernel command line: ignore_loglevel console=ttyS0,115200n8 rw root=PARTUUID=b1791faa-84e8-4e27-83a1-9fb0a77e8803 rootwait gpt debug noinitrd earlyprintk init=/bin/bash
[    0.000000] Dentry cache hash table entries: 131072 (order: 7, 524288 bytes)
[    0.000000] Inode-cache hash table entries: 65536 (order: 6, 262144 bytes)
[    0.000000] Memory: 1992456K/2096128K available (11264K kernel code, 1584K rwdata, 4348K rodata, 2048K init, 405K bss, 38136K reserved, 65536K cma-reserved, 1244160K highmem)
[    0.000000] Virtual kernel memory layout:
[    0.000000]     vector  : 0xffff0000 - 0xffff1000   (   4 kB)
[    0.000000]     fixmap  : 0xffc00000 - 0xfff00000   (3072 kB)
[    0.000000]     vmalloc : 0xf0800000 - 0xff800000   ( 240 MB)
[    0.000000]     lowmem  : 0xc0000000 - 0xf0000000   ( 768 MB)
[    0.000000]     pkmap   : 0xbfe00000 - 0xc0000000   (   2 MB)
[    0.000000]     modules : 0xbf000000 - 0xbfe00000   (  14 MB)
[    0.000000]       .text : 0x(ptrval) - 0x(ptrval)   (12256 kB)
[    0.000000]       .init : 0x(ptrval) - 0x(ptrval)   (2048 kB)
[    0.000000]       .data : 0x(ptrval) - 0x(ptrval)   (1585 kB)
[    0.000000]        .bss : 0x(ptrval) - 0x(ptrval)   ( 406 kB)
[    0.000000] SLUB: HWalign=64, Order=0-3, MinObjects=0, CPUs=4, Nodes=1
[    0.000000] Hierarchical RCU implementation.
[    0.000000] 	RCU event tracing is enabled.
[    0.000000] 	RCU restricting CPUs from NR_CPUS=16 to nr_cpu_ids=4.
[    0.000000] RCU: Adjusting geometry for rcu_fanout_leaf=16, nr_cpu_ids=4
[    0.000000] NR_IRQS: 16, nr_irqs: 16, preallocated irqs: 16
[    0.000000] /interrupt-controller@60004000: 160 interrupts forwarded to /interrupt-controller@50041000
[    0.000000] Tegra clk 127: register failed with -17
[    0.000008] sched_clock: 32 bits at 1000kHz, resolution 1000ns, wraps every 2147483647500ns
[    0.000028] clocksource: timer_us: mask: 0xffffffff max_cycles: 0xffffffff, max_idle_ns: 1911260446275 ns
[    0.000043] Switching to timer-based delay loop, resolution 1000ns
[    0.005612] arch_timer: cp15 timer(s) running at 12.00MHz (virt).
[    0.005632] clocksource: arch_sys_counter: mask: 0xffffffffffffff max_cycles: 0x2c47f4ee7, max_idle_ns: 440795202497 ns
[    0.005651] sched_clock: 56 bits at 12MHz, resolution 83ns, wraps every 4398046511096ns
[    0.005666] Switching to timer-based delay loop, resolution 83ns
[    0.006154] Console: colour dummy device 80x30
[    0.006189] Calibrating delay loop (skipped), value calculated using timer frequency.. 24.00 BogoMIPS (lpj=120000)
[    0.006209] pid_max: default: 32768 minimum: 301
[    0.006329] Mount-cache hash table entries: 2048 (order: 1, 8192 bytes)
[    0.006345] Mountpoint-cache hash table entries: 2048 (order: 1, 8192 bytes)
[    0.006842] CPU: Testing write buffer coherency: ok
[    0.007109] /cpus/cpu@0 missing clock-frequency property
[    0.007155] /cpus/cpu@1 missing clock-frequency property
[    0.007200] /cpus/cpu@2 missing clock-frequency property
[    0.007246] /cpus/cpu@3 missing clock-frequency property
[    0.007260] CPU0: thread -1, cpu 0, socket 0, mpidr 80000000
[    0.007563] Setting up static identity map for 0x80300000 - 0x803000a0
[    0.009571] Hierarchical SRCU implementation.
[    0.012678] Tegra Revision: A01 SKU: 129 CPU Process: 1 SoC Process: 1
[    0.013549] EFI services will not be available.
[    0.013711] smp: Bringing up secondary CPUs ...
[    0.014207] CPU1: thread -1, cpu 1, socket 0, mpidr 80000001
[    0.016049] CPU2: thread -1, cpu 2, socket 0, mpidr 80000002
[    0.026078] CPU3: thread -1, cpu 3, socket 0, mpidr 80000003
[    0.035613] smp: Brought up 1 node, 4 CPUs
[    0.035636] SMP: Total of 4 processors activated (96.00 BogoMIPS).
[    0.035645] CPU: All CPU(s) started in SVC mode.
[    0.037177] devtmpfs: initialized
[    0.052534] Built 1 zonelists, mobility grouping on.  Total pages: 514498
[    0.052907] VFP support v0.3: implementor 41 architecture 4 part 30 variant f rev 0
[    0.053347] clocksource: jiffies: mask: 0xffffffff max_cycles: 0xffffffff, max_idle_ns: 19112604462750000 ns
[    0.053368] futex hash table entries: 1024 (order: 4, 65536 bytes)
[    0.053557] pinctrl core: initialized pinctrl subsystem
[    0.055066] DMI not present or invalid.
[    0.055316] NET: Registered protocol family 16
[    0.057364] DMA: preallocated 256 KiB pool for atomic coherent allocations
[    0.059874] cpuidle: using governor menu
[    0.085240] No ATAGs?
[    0.085369] hw-breakpoint: found 5 (+1 reserved) breakpoint and 4 watchpoint registers.
[    0.085387] hw-breakpoint: maximum watchpoint size is 8 bytes.
[    0.093110] Serial: AMBA PL011 UART driver
[    0.094560] iommu: Adding device 50000000.host1x to group 0
[    0.094641] iommu: Adding device 54200000.dc to group 1
[    0.094702] iommu: Adding device 54240000.dc to group 1
[    0.094775] iommu: Adding device 57000000.gpu to group 2
[    0.110147] AT91: Could not find identification node
[    0.110700] +5V_SYS: supplied by +VDD_MUX
[    0.110983] +3.3V_SYS: supplied by +VDD_MUX
[    0.111592] +USB0_VBUS_SW: Failed to request enable GPIO108: -517
[    0.111607] reg-fixed-voltage regulators:regulator@7: Failed to register regulator: -517
[    0.111706] +5V_USB_HS: Failed to request enable GPIO109: -517
[    0.111721] reg-fixed-voltage regulators:regulator@8: Failed to register regulator: -517
[    0.111902] +1.05V_RUN_AVDD_HDMI_PLL: Failed to request enable GPIO63: -517
[    0.111916] reg-fixed-voltage regulators:regulator@11: Failed to register regulator: -517
[    0.112012] +5V_HDMI_CON: Failed to request enable GPIO86: -517
[    0.112025] reg-fixed-voltage regulators:regulator@12: Failed to register regulator: -517
[    0.112119] +5V_SATA: Failed to request enable GPIO242: -517
[    0.112133] reg-fixed-voltage regulators:regulator@13: Failed to register regulator: -517
[    0.112227] +12V_SATA: Failed to request enable GPIO242: -517
[    0.112240] reg-fixed-voltage regulators:regulator@14: Failed to register regulator: -517
[    0.115275] vgaarb: loaded
[    0.116039] SCSI subsystem initialized
[    0.116220] libata version 3.00 loaded.
[    0.116413] usbcore: registered new interface driver usbfs
[    0.116468] usbcore: registered new interface driver hub
[    0.116531] usbcore: registered new device driver usb
[    0.119990] pps_core: LinuxPPS API ver. 1 registered
[    0.120001] pps_core: Software ver. 5.3.6 - Copyright 2005-2007 Rodolfo Giometti <giometti@linux.it>
[    0.120024] PTP clock support registered
[    0.120216] EDAC MC: Ver: 3.0.0
[    0.123233] clocksource: Switched to clocksource arch_sys_counter
[    0.174809] NET: Registered protocol family 2
[    0.175317] tcp_listen_portaddr_hash hash table entries: 512 (order: 0, 6144 bytes)
[    0.175350] TCP established hash table entries: 8192 (order: 3, 32768 bytes)
[    0.175450] TCP bind hash table entries: 8192 (order: 4, 65536 bytes)
[    0.175638] TCP: Hash tables configured (established 8192 bind 8192)
[    0.175722] UDP hash table entries: 512 (order: 2, 16384 bytes)
[    0.175774] UDP-Lite hash table entries: 512 (order: 2, 16384 bytes)
[    0.175922] NET: Registered protocol family 1
[    0.176235] RPC: Registered named UNIX socket transport module.
[    0.176246] RPC: Registered udp transport module.
[    0.176255] RPC: Registered tcp transport module.
[    0.176264] RPC: Registered tcp NFSv4.1 backchannel transport module.
[    0.176277] PCI: CLS 0 bytes, default 64
[    0.177784] hw perfevents: enabled with armv7_cortex_a15 PMU driver, 7 counters available
[    0.179302] Initialise system trusted keyrings
[    0.179429] workingset: timestamp_bits=30 max_order=19 bucket_order=0
[    0.186250] squashfs: version 4.0 (2009/01/31) Phillip Lougher
[    0.186837] NFS: Registering the id_resolver key type
[    0.186859] Key type id_resolver registered
[    0.186869] Key type id_legacy registered
[    0.186912] ntfs: driver 2.1.32 [Flags: R/O].
[    0.188447] Key type asymmetric registered
[    0.188459] Asymmetric key parser 'x509' registered
[    0.188511] bounce: pool size: 64 pages
[    0.188558] Block layer SCSI generic (bsg) driver version 0.4 loaded (major 246)
[    0.188569] io scheduler noop registered
[    0.188578] io scheduler deadline registered
[    0.188800] io scheduler cfq registered (default)
[    0.188812] io scheduler mq-deadline registered
[    0.188821] io scheduler kyber registered
[    0.192940]  usb2-0: usb2-0 supply vbus not found, using dummy regulator
[    0.193049]  usb2-1: usb2-1 supply vbus not found, using dummy regulator
[    0.193483] tegra-xusb-padctl 7009f000.padctl: failed to setup XUSB ports: -517
[    0.212719] tegra-pcie 1003000.pcie: 2x1, 1x1 configuration
[    0.212777] tegra-pcie 1003000.pcie: Failed to get supply 'avddio-pex': -517
[    0.218604] tegra124-dfll 70110000.clock: offset uv not found, default to table value
[    0.218619] tegra124-dfll 70110000.clock: step uv not found, default to table value
[    0.219721] tegra124-dfll 70110000.clock: couldn't get vdd_cpu regulator
[    0.226281] tegra-apbdma 60020000.dma: Tegra20 APB DMA driver register 32 channels
[    0.229712] tegra-pmc 7000e400.pmc: emergency thermal reset enabled
[    0.279063] Serial: 8250/16550 driver, 4 ports, IRQ sharing disabled
[    0.281660] console [ttyS0] disabled
[    0.281701] 70006300.serial: ttyS0 at MMIO 0x70006300 (irq = 335, base_baud = 25500000) is a Tegra
[    1.234434] console [ttyS0] enabled
[    1.238805] SuperH (H)SCI(F) driver initialized
[    1.244478] msm_serial: driver initialized
[    1.248761] STMicroelectronics ASC driver initialized
[    1.254519] 70006000.serial: ttyTHS1 at MMIO 0x70006000 (irq = 333, base_baud = 0) is a TEGRA_UART
[    1.263786] 70006040.serial: ttyTHS2 at MMIO 0x70006040 (irq = 334, base_baud = 0) is a TEGRA_UART
[    1.278468] Failed to attached device 54200000.dc to IOMMU_mapping
[    1.292889] Failed to attached device 54240000.dc to IOMMU_mapping
[    1.307804] tegra-hdmi 54280000.hdmi: failed to get HDMI regulator
[    1.325046] brd: module loaded
[    1.334434] loop: module loaded
[    1.338865] at24 0-0056: 256 byte 24c02 EEPROM, writable, 8 bytes/write
[    1.347202] as3722 4-0040: AS3722 with revision 0x1 found
[    1.358682] as3722-sd2: supplied by +5V_SYS
[    1.363377] as3722-sd3: supplied by +5V_SYS
[    1.367757] +1.35V_LP0(sd3): Bringing 0uV into 1350000-1350000uV
[    1.374095] as3722-sd4: supplied by +5V_SYS
[    1.378668] as3722-sd5: supplied by +5V_SYS
[    1.384640] as3722-ldo0: supplied by +1.35V_LP0(sd2)
[    1.390629] +1.8V_RUN_CAM: Bringing 0uV into 1800000-1800000uV
[    1.396841] as3722-ldo2: supplied by +1.8V_VDDIO
[    1.402686] as3722-ldo3: supplied by +3.3V_SYS
[    1.407187] +1.05V_LP0_VDD_RTC: Bringing 1100000uV into 1000000-1000000uV
[    1.414952] as3722-ldo4: supplied by +3.3V_SYS
[    1.419608] +2.8V_RUN_CAM: Bringing 0uV into 2800000-2800000uV
[    1.425812] as3722-ldo5: supplied by +1.8V_VDDIO
[    1.430631] +1.2V_RUN_CAM_FRONT: Bringing 0uV into 1200000-1200000uV
[    1.437531] +VDDIO_SDMMC3: bypassed regulator has no supply!
[    1.443181] +VDDIO_SDMMC3: failed to get the current voltage(-517)
[    1.449378] as3722-regulator as3722-regulator: regulator 13 register failed -517
[    1.461990] tegra-ahci 70027000.sata: couldn't get PHY in node sata: -517
[    1.484515] m25p80 spi1.0: w25q32dw (4096 Kbytes)
[    1.491851] libphy: Fixed MDIO Bus: probed
[    1.496908] CAN device driver interface
[    1.501697] bgmac_bcma: Broadcom 47xx GBit MAC driver loaded
[    1.508876] e1000e: Intel(R) PRO/1000 Network Driver - 3.2.6-k
[    1.514721] e1000e: Copyright(c) 1999 - 2015 Intel Corporation.
[    1.520677] igb: Intel(R) Gigabit Ethernet Network Driver - version 5.4.0-k
[    1.527641] igb: Copyright (c) 2007-2014 Intel Corporation.
[    1.537298] pegasus: v0.9.3 (2013/04/25), Pegasus/Pegasus II USB Ethernet driver
[    1.544748] usbcore: registered new interface driver pegasus
[    1.550438] usbcore: registered new interface driver asix
[    1.555879] usbcore: registered new interface driver ax88179_178a
[    1.561991] usbcore: registered new interface driver cdc_ether
[    1.567873] usbcore: registered new interface driver smsc75xx
[    1.573671] usbcore: registered new interface driver smsc95xx
[    1.579441] usbcore: registered new interface driver net1080
[    1.585139] usbcore: registered new interface driver cdc_subset
[    1.591076] usbcore: registered new interface driver zaurus
[    1.596709] usbcore: registered new interface driver cdc_ncm
[    1.602590] tegra-phy 7d000000.usb-phy: no vbus regulator
[    1.608199] tegra-phy 7d004000.usb-phy: no vbus regulator
[    1.615707] ehci_hcd: USB 2.0 'Enhanced' Host Controller (EHCI) Driver
[    1.622226] ehci-pci: EHCI PCI platform driver
[    1.626718] ehci-platform: EHCI generic platform driver
[    1.632155] ehci-orion: EHCI orion driver
[    1.636346] SPEAr-ehci: EHCI SPEAr driver
[    1.640495] ehci-st: EHCI STMicroelectronics driver
[    1.645526] ehci-exynos: EHCI EXYNOS driver
[    1.649868] ehci-atmel: EHCI Atmel driver
[    1.654032] tegra-ehci: Tegra EHCI driver
[    1.660883] tegra-ehci 7d004000.usb: EHCI Host Controller
[    1.666313] tegra-ehci 7d004000.usb: new USB bus registered, assigned bus number 1
[    1.674110] tegra-ehci 7d004000.usb: irq 356, io mem 0x7d004000
[    1.703264] tegra-ehci 7d004000.usb: USB 2.0 started, EHCI 1.10
[    1.709854] hub 1-0:1.0: USB hub found
[    1.713660] hub 1-0:1.0: 1 port detected
[    1.718164] ohci_hcd: USB 1.1 'Open' Host Controller (OHCI) Driver
[    1.724388] ohci-pci: OHCI PCI platform driver
[    1.728869] ohci-platform: OHCI generic platform driver
[    1.734313] SPEAr-ohci: OHCI SPEAr driver
[    1.738465] ohci-st: OHCI STMicroelectronics driver
[    1.743504] ohci-atmel: OHCI Atmel driver
[    1.748311] usbcore: registered new interface driver usb-storage
[    1.763262] as3722-rtc as3722-rtc: rtc core: registered as3722-rtc as rtc0
[    1.770132] as3722-rtc as3722-rtc: RTC interrupt 379
[    1.778550] tegra_rtc 7000e000.rtc: rtc core: registered 7000e000.rtc as rtc1
[    1.785740] tegra_rtc 7000e000.rtc: Tegra internal Real Time Clock
[    1.792477] i2c /dev entries driver
[    1.803156] lm90 0-004c: 0-004c supply vcc not found, using dummy regulator
[    1.821001] sdhci: Secure Digital Host Controller Interface driver
[    1.827204] sdhci: Copyright(c) Pierre Ossman
[    1.833381] Synopsys Designware Multimedia Card Interface Driver
[    1.840941] sdhci-pltfm: SDHCI platform and OF driver helper
[    1.847430] sdhci-tegra 700b0400.sdhci: Got CD GPIO
[    1.852322] sdhci-tegra 700b0400.sdhci: Got WP GPIO
[    1.873602] mmc0: Unknown controller version (3). You may experience problems.
[    1.880861] mmc0: Invalid maximum block size, assuming 512 bytes
[    1.917842] mmc0: SDHCI controller on 700b0600.sdhci [700b0600.sdhci] using ADMA
[    1.927460] ledtrig-cpu: registered to indicate activity on CPUs
[    1.933769] usbcore: registered new interface driver usbhid
[    1.939334] usbhid: USB HID core driver
[    1.947434] NET: Registered protocol family 10
[    1.952733] Segment Routing with IPv6
[    1.956490] sit: IPv6, IPv4 and MPLS over IPv4 tunneling driver
[    1.962914] NET: Registered protocol family 17
[    1.967395] can: controller area network core (rev 20170425 abi 9)
[    1.973637] NET: Registered protocol family 29
[    1.978076] can: raw protocol (rev 20170425)
[    1.982341] can: broadcast manager protocol (rev 20170425 t)
[    1.988017] can: netlink gateway (rev 20170425) max_hops=1
[    1.993809] Key type dns_resolver registered
[    1.998597] ThumbEE CPU extension supported.
[    2.002867] Registering SWP/SWPB emulation handler
[    2.008216] Loading compiled-in X.509 certificates
[    2.028090] +3.3V_RUN: supplied by +3.3V_SYS
[    2.033705] +USB0_VBUS_SW: supplied by +5V_SYS
[    2.038411] +3.3V_AVDD_HDMI_AP_GATED: supplied by +3.3V_RUN
[    2.044499] +5V_USB_HS: supplied by +5V_SYS
[    2.050667] +3.3V_LP0: supplied by +3.3V_SYS
[    2.053766] mmc0: new high speed MMC card at address 0001
[    2.057226] +5V_HDMI_CON: supplied by +5V_SYS
[    2.061028] mmcblk0: mmc0:0001 SEM16G 14.7 GiB 
[    2.065581] +5V_SATA: supplied by +5V_SYS
[    2.069704] mmcblk0boot0: mmc0:0001 SEM16G partition 1 4.00 MiB
[    2.074187] +12V_SATA: supplied by +VDD_MUX
[    2.079661] mmcblk0boot1: mmc0:0001 SEM16G partition 2 4.00 MiB
[    2.085308]  usb2-0: usb2-0 supply vbus not found, using dummy regulator
[    2.096253]  usb2-1: usb2-1 supply vbus not found, using dummy regulator
[    2.096340] mmcblk0rpmb: mmc0:0001 SEM16G partition 3 4.00 MiB, chardev (236:0)
[    2.103370]  usb3-0: usb3-0 supply vbus not found, using dummy regulator
[    2.113430]  mmcblk0: p1
[    2.118474] tegra-pcie 1003000.pcie: 2x1, 1x1 configuration
[    2.125152] tegra-pcie 1003000.pcie: Failed to get supply 'avddio-pex': -517
[    2.133931] tegra124-dfll 70110000.clock: offset uv not found, default to table value
[    2.141756] tegra124-dfll 70110000.clock: step uv not found, default to table value
[    2.150556] tegra124-dfll 70110000.clock: couldn't get vdd_cpu regulator
[    2.160777] tegra-hdmi 54280000.hdmi: failed to get PLL regulator
[    2.171642] as3722-sd2: supplied by +5V_SYS
[    2.176220] as3722-sd3: supplied by +5V_SYS
[    2.180731] as3722-sd4: supplied by +5V_SYS
[    2.185271] as3722-sd5: supplied by +5V_SYS
[    2.191139] as3722-ldo0: supplied by +1.35V_LP0(sd2)
[    2.197025] as3722-ldo1: supplied by +3.3V_RUN
[    2.201783] as3722-ldo2: supplied by +1.8V_VDDIO
[    2.207427] as3722-ldo3: supplied by +3.3V_SYS
[    2.212717] as3722-ldo4: supplied by +3.3V_SYS
[    2.217509] as3722-ldo5: supplied by +1.8V_VDDIO
[    2.222375] as3722-ldo6: supplied by +3.3V_RUN
[    2.227077] as3722-ldo7: supplied by +1.8V_VDDIO
[    2.232468] +1.05V_RUN_CAM_REAR: Bringing 0uV into 1050000-1050000uV
[    2.239561] as3722-ldo9: supplied by +5V_SYS
[    2.245177] +3.3V_RUN_TOUCH: Bringing 0uV into 2800000-2800000uV
[    2.251726] as3722-ldo10: supplied by +5V_SYS
[    2.256695] +2.8V_RUN_CAM_AF: Bringing 0uV into 2800000-2800000uV
[    2.263547] as3722-ldo11: supplied by +3.3V_RUN
[    2.268851] +1.8V_RUN_VPP_FUSE: Bringing 0uV into 1800000-1800000uV
[    2.278957] tegra-ahci 70027000.sata: AHCI 0001.0301 32 slots 2 ports 3 Gbps 0x1 impl platform mode
[    2.288033] tegra-ahci 70027000.sata: flags: 64bit ncq sntf pm led pio slum part sadm sds apst 
[    2.298466] scsi host0: tegra-ahci
[    2.303026] scsi host1: tegra-ahci
[    2.306710] ata1: SATA max UDMA/133 mmio [mem 0x70027000-0x70028fff] port 0x100 irq 345
[    2.314724] ata2: DUMMY
[    2.320845] tegra-ehci 7d008000.usb: EHCI Host Controller
[    2.326301] tegra-ehci 7d008000.usb: new USB bus registered, assigned bus number 2
[    2.334061] tegra-ehci 7d008000.usb: irq 357, io mem 0x7d008000
[    2.363356] tegra-ehci 7d008000.usb: USB 2.0 started, EHCI 1.10
[    2.370319] hub 2-0:1.0: USB hub found
[    2.374177] hub 2-0:1.0: 1 port detected
[    2.380694] sdhci-tegra 700b0400.sdhci: Got CD GPIO
[    2.385652] sdhci-tegra 700b0400.sdhci: Got WP GPIO
[    2.397461] mmc1: Unknown controller version (3). You may experience problems.
[    2.404814] mmc1: Invalid maximum block size, assuming 512 bytes
[    2.442997] mmc1: SDHCI controller on 700b0400.sdhci [700b0400.sdhci] using ADMA
[    2.451221] tegra-pcie 1003000.pcie: 2x1, 1x1 configuration
[    2.458846] tegra-pcie 1003000.pcie: probing port 0, using 2 lanes
[    2.466550] tegra-pcie 1003000.pcie: Slot present pin change, signature: 00000008
[    2.492395] tegra-pcie 1003000.pcie: probing port 1, using 1 lanes
[    2.500739] tegra-pcie 1003000.pcie: Slot present pin change, signature: 00000000
[    2.515578] tegra-pcie 1003000.pcie: PCI host bridge to bus 0000:00
[    2.521847] pci_bus 0000:00: root bus resource [io  0x0000-0xffff]
[    2.528064] pci_bus 0000:00: root bus resource [mem 0x13000000-0x1fffffff]
[    2.534982] pci_bus 0000:00: root bus resource [mem 0x20000000-0x3fffffff pref]
[    2.542298] pci_bus 0000:00: root bus resource [bus 00-ff]
[    2.547866] pci 0000:00:01.0: [10de:0e12] type 01 class 0x060400
[    2.553944] pci_bus 0000:00: 2-byte config write to 0000:00:01.0 offset 0x4 may corrupt adjacent RW1C bits
[    2.563647] pci_bus 0000:00: 2-byte config write to 0000:00:01.0 offset 0x4 may corrupt adjacent RW1C bits
[    2.573368] pci 0000:00:01.0: enabling Extended Tags
[    2.578347] pci_bus 0000:00: 2-byte config write to 0000:00:01.0 offset 0x88 may corrupt adjacent RW1C bits
[    2.588158] pci_bus 0000:00: 2-byte config write to 0000:00:01.0 offset 0x52 may corrupt adjacent RW1C bits
[    2.597972] pci 0000:00:01.0: PME# supported from D0 D1 D2 D3hot D3cold
[    2.604635] pci_bus 0000:00: 2-byte config write to 0000:00:01.0 offset 0x4c may corrupt adjacent RW1C bits
[    2.614661] pci 0000:00:02.0: [10de:0e13] type 01 class 0x060400
[    2.620689] pci_bus 0000:00: 2-byte config write to 0000:00:02.0 offset 0x4 may corrupt adjacent RW1C bits
[    2.630382] pci_bus 0000:00: 2-byte config write to 0000:00:02.0 offset 0x4 may corrupt adjacent RW1C bits
[    2.640097] pci 0000:00:02.0: enabling Extended Tags
[    2.645113] pci_bus 0000:00: 2-byte config write to 0000:00:02.0 offset 0x88 may corrupt adjacent RW1C bits
[    2.647001] ata1: SATA link down (SStatus 0 SControl 300)
[    2.654892] pci_bus 0000:00: 2-byte config write to 0000:00:02.0 offset 0x52 may corrupt adjacent RW1C bits
[    2.670072] pci 0000:00:02.0: PME# supported from D0 D1 D2 D3hot D3cold
[    2.676735] pci_bus 0000:00: 2-byte config write to 0000:00:02.0 offset 0x4c may corrupt adjacent RW1C bits
[    2.686747] PCI: bus0: Fast back to back transfers disabled
[    2.692319] pci 0000:00:01.0: bridge configuration invalid ([bus 00-00]), reconfiguring
[    2.700350] pci 0000:00:02.0: bridge configuration invalid ([bus 00-00]), reconfiguring
[    2.708596] pci 0000:01:00.0: [8086:4232] type 00 class 0x028000
[    2.714689] pci 0000:01:00.0: reg 0x10: [mem 0x00000000-0x00001fff 64bit]
[    2.721694] pci 0000:01:00.0: PME# supported from D0 D3hot D3cold
[    2.743565] mmc1: new high speed SDHC card at address aaaa
[    2.749671] mmcblk1: mmc1:aaaa SD04G 3.69 GiB 
[    2.754429] PCI: bus1: Fast back to back transfers disabled
[    2.760026] pci_bus 0000:01: busn_res: [bus 01-ff] end is updated to 01
[    2.766869] pci 0000:02:00.0: [10ec:8168] type 00 class 0x020000
[    2.772921] pci 0000:02:00.0: reg 0x10: [io  0x0000-0x00ff]
[    2.778545] pci 0000:02:00.0: reg 0x18: [mem 0x00000000-0x00000fff 64bit]
[    2.785366] pci 0000:02:00.0: reg 0x20: [mem 0x00000000-0x00003fff 64bit pref]
[    2.792747] pci 0000:02:00.0: supports D1 D2
[    2.797035] pci 0000:02:00.0: PME# supported from D0 D1 D2 D3hot D3cold
[    2.815706]  mmcblk1: p1 p2 p3
[    2.833393] PCI: bus2: Fast back to back transfers disabled
[    2.838973] pci_bus 0000:02: busn_res: [bus 02-ff] end is updated to 02
[    2.845691] pci 0000:00:01.0: BAR 8: assigned [mem 0x13000000-0x130fffff]
[    2.852494] pci 0000:00:02.0: BAR 8: assigned [mem 0x13100000-0x131fffff]
[    2.859332] pci 0000:00:02.0: BAR 9: assigned [mem 0x20000000-0x200fffff 64bit pref]
[    2.867113] pci 0000:00:02.0: BAR 7: assigned [io  0x1000-0x1fff]
[    2.873210] pci 0000:01:00.0: BAR 0: assigned [mem 0x13000000-0x13001fff 64bit]
[    2.880556] pci 0000:00:01.0: PCI bridge to [bus 01]
[    2.885563] pci 0000:00:01.0:   bridge window [mem 0x13000000-0x130fffff]
[    2.892362] pci 0000:02:00.0: BAR 4: assigned [mem 0x20000000-0x20003fff 64bit pref]
[    2.900136] pci 0000:02:00.0: BAR 2: assigned [mem 0x13100000-0x13100fff 64bit]
[    2.907500] pci 0000:02:00.0: BAR 0: assigned [io  0x1000-0x10ff]
[    2.913617] pci 0000:00:02.0: PCI bridge to [bus 02]
[    2.918578] pci 0000:00:02.0:   bridge window [io  0x1000-0x1fff]
[    2.924712] pci 0000:00:02.0:   bridge window [mem 0x13100000-0x131fffff]
[    2.931496] pci 0000:00:02.0:   bridge window [mem 0x20000000-0x200fffff 64bit pref]
[    2.939284] pci 0000:00:01.0: nv_msi_ht_cap_quirk didn't locate host bridge
[    2.946424] pcieport 0000:00:01.0: enabling device (0140 -> 0142)
[    2.952761] pcieport 0000:00:01.0: Signaling PME with IRQ 395
[    2.958666] pci 0000:00:02.0: nv_msi_ht_cap_quirk didn't locate host bridge
[    2.965802] pcieport 0000:00:02.0: enabling device (0140 -> 0143)
[    2.972136] pcieport 0000:00:02.0: Signaling PME with IRQ 396
[    2.978244] r8169 Gigabit Ethernet driver 2.3LK-NAPI loaded
[    2.983891] r8169 0000:02:00.0: enabling device (0140 -> 0143)
[    3.014852] r8169 0000:02:00.0 eth0: RTL8168g/8111g at 0xd0f869b8, 00:04:4b:3a:d9:81, XID 0c000800 IRQ 397
[    3.024530] r8169 0000:02:00.0 eth0: jumbo features [frames: 9200 bytes, tx checksumming: ko]
[    3.033874] tegra124-dfll 70110000.clock: offset uv not found, default to table value
[    3.041698] tegra124-dfll 70110000.clock: step uv not found, default to table value
[    3.052905] +1.05V_RUN_AVDD_HDMI_PLL: supplied by +1.05V_RUN
[    3.061327] [drm] Supports vblank timestamp caching Rev 2 (21.10.2013).
[    3.067985] [drm] No driver support for vblank timestamp query.
[    3.203696] tegra-hdmi 54280000.hdmi: cannot set audio to 48000 Hz at 297000000 Hz pixel clock
[    3.366687] Console: switching to colour frame buffer device 512x135
[    3.465327] drm drm: fb0:  frame buffer device
[    3.469903] [drm] Initialized tegra 0.0.0 20120330 for drm on minor 0
[    3.478028] cpufreq: cpufreq_online: CPU0: Running at unlisted freq: 696000 KHz
[    3.485374] cpufreq: cpufreq_online: CPU0: Unlisted initial frequency changed to: 714000 KHz
[    3.494525] input: gpio-keys as /devices/soc0/gpio-keys/input/input0
[    3.501750] as3722-rtc as3722-rtc: setting system clock to 2000-01-01 00:04:40 UTC (946685080)
[    3.510696] +USB0_VBUS_SW: disabling
[    3.514316] +1.8V_RUN_CAM: disabling
[    3.518094] +2.8V_RUN_CAM: disabling
[    3.521868] +1.2V_RUN_CAM_FRONT: disabling
[    3.526203] +1.05V_RUN_CAM_REAR: disabling
[    3.530452] +3.3V_RUN_TOUCH: disabling
[    3.534418] +2.8V_RUN_CAM_AF: disabling
[    3.538400] +1.8V_RUN_VPP_FUSE: disabling
[    3.543474] EXT4-fs (mmcblk0p1): mounting ext3 file system using the ext4 subsystem
[    3.600586] EXT4-fs (mmcblk0p1): recovery complete
[    3.606441] EXT4-fs (mmcblk0p1): mounted filesystem with ordered data mode. Opts: (null)
[    3.614608] VFS: Mounted root (ext3 filesystem) on device 179:1.
[    3.625022] devtmpfs: mounted
[    3.628831] Freeing unused kernel memory: 2048K
bash: cannot set terminal process group (-1): Inappropriate ioctl for device
bash: no job control in this shell
root@(none):/# 