
U-Boot SPL 2016.05-rc2 (Apr 21 2016 - 16:23:00)
Trying to boot from RAM


U-Boot 2016.05-rc2 (Apr 21 2016 - 16:23:00 -0700)

TEGRA124
Model: NVIDIA Jetson TK1
Board: NVIDIA Jetson TK1
DRAM:  2 GiB
MC:   Tegra SD/MMC: 0, Tegra SD/MMC: 1
In:    serial
Out:   serial
Err:   serial
Net:   No ethernet found.
Hit any key to stop autoboot:  2  0 
Tegra124 (Jetson TK1) # 
Tegra124 (Jetson TK1) # pci enum
Tegra124 (Jetson TK1) # setenv bootargs 'ignore_loglevel console=ttyS0,115200n8 rw root=PARTUUID=b1791faa-84e8-4e27-83a1-9fb0a77e8803 rootwait gpt debug noinitrd earlyprintk init=/bin/bash'
Tegra124 (Jetson TK1) # setenv ipaddr 192.168.100.102; setenv serverip 192.168.100.1; setenv tftpserverip 192.168.100.1
Tegra124 (Jetson TK1) # tftpboot 0x82000000 zImage.tegra_defconfig%tegra-fw

Warning: eth_rtl8169 using MAC address from ROM
Using eth_rtl8169 device
TFTP from server 192.168.100.1; our IP address is 192.168.100.102
Filename 'zImage.tegra_defconfig%tegra-fw'.
Load address: 0x82000000
Loading: *#################################################################
	 #################################################################
	 #################################################################
	 #################################################################
	 #################################################################
	 #################################################################
	 #############################################
	 3.9 MiB/s
done
Bytes transferred = 6384136 (616a08 hex)
Tegra124 (Jetson TK1) # tftpboot 0x83000000 tegra124-jetson-tk1.dtb
Using eth_rtl8169 device
TFTP from server 192.168.100.1; our IP address is 192.168.100.102
Filename 'tegra124-jetson-tk1.dtb'.
Load address: 0x83000000
Loading: *#####
	 3.7 MiB/s
done
Bytes transferred = 66544 (103f0 hex)
Tegra124 (Jetson TK1) # bootz 0x82000000 - 0x83000000
Kernel image @ 0x82000000 [ 0x000000 - 0x616a08 ]
## Flattened Device Tree blob at 83000000
   Booting using the fdt blob at 0x83000000
   Using Device Tree in place at 83000000, end 830133ef

Starting kernel ...

[    0.000000] Booting Linux on physical CPU 0x0
[    0.000000] Linux version 4.15.0-next-20180131-230384-gd957d62 (jonathanh@sellafield) (gcc version 4.7.3 20130328 (prerelease) (crosstool-NG linaro-1.13.1-4.7-2013.04-20130415 - Linaro GCC 2013.04)) #1 SMP PREEMPT Wed Jan 31 02:17:09 PST 2018
[    0.000000] CPU: ARMv7 Processor [413fc0f3] revision 3 (ARMv7), cr=10c5387d
[    0.000000] CPU: div instructions available: patching division code
[    0.000000] CPU: PIPT / VIPT nonaliasing data cache, PIPT instruction cache
[    0.000000] OF: fdt: Machine model: NVIDIA Tegra124 Jetson TK1
[    0.000000] debug: ignoring loglevel setting.
[    0.000000] bootconsole [earlycon0] enabled
[    0.000000] Memory policy: Data cache writealloc
[    0.000000] cma: Reserved 64 MiB at 0xfbc00000
[    0.000000] On node 0 totalpages: 524032
[    0.000000]   Normal zone: 1536 pages used for memmap
[    0.000000]   Normal zone: 0 pages reserved
[    0.000000]   Normal zone: 196608 pages, LIFO batch:31
[    0.000000]   HighMem zone: 327424 pages, LIFO batch:31
[    0.000000] random: fast init done
[    0.000000] percpu: Embedded 17 pages/cpu @(ptrval) s39296 r8192 d22144 u69632
[    0.000000] pcpu-alloc: s39296 r8192 d22144 u69632 alloc=17*4096
[    0.000000] pcpu-alloc: [0] 0 [0] 1 [0] 2 [0] 3 
[    0.000000] Built 1 zonelists, mobility grouping on.  Total pages: 522496
[    0.000000] Kernel command line: ignore_loglevel console=ttyS0,115200n8 rw root=PARTUUID=b1791faa-84e8-4e27-83a1-9fb0a77e8803 rootwait gpt debug noinitrd earlyprintk init=/bin/bash
[    0.000000] Dentry cache hash table entries: 131072 (order: 7, 524288 bytes)
[    0.000000] Inode-cache hash table entries: 65536 (order: 6, 262144 bytes)
[    0.000000] Memory: 1997448K/2096128K available (9216K kernel code, 797K rwdata, 2844K rodata, 1024K init, 298K bss, 33144K reserved, 65536K cma-reserved, 1244160K highmem)
[    0.000000] Virtual kernel memory layout:
[    0.000000]     vector  : 0xffff0000 - 0xffff1000   (   4 kB)
[    0.000000]     fixmap  : 0xffc00000 - 0xfff00000   (3072 kB)
[    0.000000]     vmalloc : 0xf0800000 - 0xff800000   ( 240 MB)
[    0.000000]     lowmem  : 0xc0000000 - 0xf0000000   ( 768 MB)
[    0.000000]     pkmap   : 0xbfe00000 - 0xc0000000   (   2 MB)
[    0.000000]     modules : 0xbf000000 - 0xbfe00000   (  14 MB)
[    0.000000]       .text : 0x(ptrval) - 0x(ptrval)   (10208 kB)
[    0.000000]       .init : 0x(ptrval) - 0x(ptrval)   (1024 kB)
[    0.000000]       .data : 0x(ptrval) - 0x(ptrval)   ( 798 kB)
[    0.000000]        .bss : 0x(ptrval) - 0x(ptrval)   ( 299 kB)
[    0.000000] Preemptible hierarchical RCU implementation.
[    0.000000] 	Tasks RCU enabled.
[    0.000000] NR_IRQS: 16, nr_irqs: 16, preallocated irqs: 16
[    0.000000] /interrupt-controller@60004000: 160 interrupts forwarded to /interrupt-controller@50041000
[    0.000000] Tegra clk 127: register failed with -17
[    0.000009] sched_clock: 32 bits at 1000kHz, resolution 1000ns, wraps every 2147483647500ns
[    0.007459] clocksource: timer_us: mask: 0xffffffff max_cycles: 0xffffffff, max_idle_ns: 1911260446275 ns
[    0.016987] Switching to timer-based delay loop, resolution 1000ns
[    0.024228] arch_timer: cp15 timer(s) running at 12.00MHz (virt).
[    0.029210] clocksource: arch_sys_counter: mask: 0xffffffffffffff max_cycles: 0x2c47f4ee7, max_idle_ns: 440795202497 ns
[    0.039958] sched_clock: 56 bits at 12MHz, resolution 83ns, wraps every 4398046511096ns
[    0.047927] Switching to timer-based delay loop, resolution 83ns
[    0.054391] Console: colour dummy device 80x30
[    0.058342] Calibrating delay loop (skipped), value calculated using timer frequency.. 24.00 BogoMIPS (lpj=120000)
[    0.068652] pid_max: default: 32768 minimum: 301
[    0.073733] Mount-cache hash table entries: 2048 (order: 1, 8192 bytes)
[    0.079837] Mountpoint-cache hash table entries: 2048 (order: 1, 8192 bytes)
[    0.087672] CPU: Testing write buffer coherency: ok
[    0.092005] /cpus/cpu@0 missing clock-frequency property
[    0.097009] /cpus/cpu@1 missing clock-frequency property
[    0.102318] /cpus/cpu@2 missing clock-frequency property
[    0.107583] /cpus/cpu@3 missing clock-frequency property
[    0.112855] CPU0: thread -1, cpu 0, socket 0, mpidr 80000000
[    0.152969] Setting up static identity map for 0x80100000 - 0x801000a0
[    0.157724] Hierarchical SRCU implementation.
[    0.173522] Tegra Revision: A01 SKU: 129 CPU Process: 1 SoC Process: 1
[    0.192993] smp: Bringing up secondary CPUs ...
[    0.243548] CPU1: thread -1, cpu 1, socket 0, mpidr 80000001
[    0.323661] CPU2: thread -1, cpu 2, socket 0, mpidr 80000002
[    0.403778] CPU3: thread -1, cpu 3, socket 0, mpidr 80000003
[    0.413427] smp: Brought up 1 node, 4 CPUs
[    0.432531] SMP: Total of 4 processors activated (96.00 BogoMIPS).
[    0.438683] CPU: All CPU(s) started in SVC mode.
[    0.445131] devtmpfs: initialized
[    0.466432] Built 1 zonelists, mobility grouping on.  Total pages: 515746
[    0.471709] VFP support v0.3: implementor 41 architecture 4 part 30 variant f rev 0
[    0.479269] clocksource: jiffies: mask: 0xffffffff max_cycles: 0xffffffff, max_idle_ns: 19112604462750000 ns
[    0.488757] futex hash table entries: 1024 (order: 4, 65536 bytes)
[    0.495147] pinctrl core: initialized pinctrl subsystem
[    0.501298] NET: Registered protocol family 16
[    0.505750] DMA: preallocated 256 KiB pool for atomic coherent allocations
[    0.512804] cpuidle: using governor menu
[    0.538371] No ATAGs?
[    0.538510] hw-breakpoint: found 5 (+1 reserved) breakpoint and 4 watchpoint registers.
[    0.546870] hw-breakpoint: maximum watchpoint size is 8 bytes.
[    0.554637] iommu: Adding device 50000000.host1x to group 0
[    0.558404] iommu: Adding device 54200000.dc to group 1
[    0.563550] iommu: Adding device 54240000.dc to group 1
[    0.568789] iommu: Adding device 57000000.gpu to group 2
[    0.591174] +5V_SYS: supplied by +VDD_MUX
[    0.593675] +3.3V_SYS: supplied by +VDD_MUX
[    0.598231] +USB0_VBUS_SW: Failed to request enable GPIO108: -517
[    0.603542] reg-fixed-voltage regulators:regulator@7: Failed to register regulator: -517
[    0.611670] +5V_USB_HS: Failed to request enable GPIO109: -517
[    0.617398] reg-fixed-voltage regulators:regulator@8: Failed to register regulator: -517
[    0.625629] +1.05V_RUN_AVDD_HDMI_PLL: Failed to request enable GPIO63: -517
[    0.632423] reg-fixed-voltage regulators:regulator@11: Failed to register regulator: -517
[    0.640618] +5V_HDMI_CON: Failed to request enable GPIO86: -517
[    0.646431] reg-fixed-voltage regulators:regulator@12: Failed to register regulator: -517
[    0.654656] +5V_SATA: Failed to request enable GPIO242: -517
[    0.660207] reg-fixed-voltage regulators:regulator@13: Failed to register regulator: -517
[    0.668435] +12V_SATA: Failed to request enable GPIO242: -517
[    0.674077] reg-fixed-voltage regulators:regulator@14: Failed to register regulator: -517
[    0.683515] vgaarb: loaded
[    0.685667] SCSI subsystem initialized
[    0.688855] libata version 3.00 loaded.
[    0.692757] usbcore: registered new interface driver usbfs
[    0.697972] usbcore: registered new interface driver hub
[    0.703267] usbcore: registered new device driver usb
[    0.711481] Linux video capture interface: v2.00
[    0.714265] pps_core: LinuxPPS API ver. 1 registered
[    0.719150] pps_core: Software ver. 5.3.6 - Copyright 2005-2007 Rodolfo Giometti <giometti@linux.it>
[    0.728266] PTP clock support registered
[    0.733580] Advanced Linux Sound Architecture Driver Initialized.
[    0.738860] Bluetooth: Core ver 2.22
[    0.741803] NET: Registered protocol family 31
[    0.746195] Bluetooth: HCI device and connection manager initialized
[    0.752500] Bluetooth: HCI socket layer initialized
[    0.757377] Bluetooth: L2CAP socket layer initialized
[    0.762408] Bluetooth: SCO socket layer initialized
[    0.767857] clocksource: Switched to clocksource arch_sys_counter
[    0.865949] NET: Registered protocol family 2
[    0.869415] tcp_listen_portaddr_hash hash table entries: 512 (order: 0, 6144 bytes)
[    0.876089] TCP established hash table entries: 8192 (order: 3, 32768 bytes)
[    0.883171] TCP bind hash table entries: 8192 (order: 4, 65536 bytes)
[    0.889657] TCP: Hash tables configured (established 8192 bind 8192)
[    0.896268] UDP hash table entries: 512 (order: 2, 16384 bytes)
[    0.901741] UDP-Lite hash table entries: 512 (order: 2, 16384 bytes)
[    0.908347] NET: Registered protocol family 1
[    0.913040] RPC: Registered named UNIX socket transport module.
[    0.918258] RPC: Registered udp transport module.
[    0.922909] RPC: Registered tcp transport module.
[    0.927590] RPC: Registered tcp NFSv4.1 backchannel transport module.
[    0.934641] PCI: CLS 0 bytes, default 64
[    0.939749] hw perfevents: enabled with armv7_cortex_a15 PMU driver, 7 counters available
[    0.947795] Initialise system trusted keyrings
[    0.950676] workingset: timestamp_bits=30 max_order=19 bucket_order=0
[    0.958289] squashfs: version 4.0 (2009/01/31) Phillip Lougher
[    0.973489] NFS: Registering the id_resolver key type
[    0.976643] Key type id_resolver registered
[    0.980823] Key type id_legacy registered
[    0.989727] Key type asymmetric registered
[    0.991914] Asymmetric key parser 'x509' registered
[    0.996900] bounce: pool size: 64 pages
[    1.000680] io scheduler noop registered (default)
[    1.005348] io scheduler mq-deadline registered
[    1.009877] io scheduler kyber registered
[    1.015656]  usb2-0: usb2-0 supply vbus not found, using dummy regulator
[    1.020824]  usb2-1: usb2-1 supply vbus not found, using dummy regulator
[    1.027599] tegra-xusb-padctl 7009f000.padctl: failed to setup XUSB ports: -517
[    1.043762] tegra-pcie 1003000.pcie: 2x1, 1x1 configuration
[    1.047465] tegra-pcie 1003000.pcie: Failed to get supply 'avddio-pex': -517
[    1.055735] tegra124-dfll 70110000.clock: offset uv not found, default to table value
[    1.062363] tegra124-dfll 70110000.clock: step uv not found, default to table value
[    1.071594] tegra124-dfll 70110000.clock: couldn't get vdd_cpu regulator
[    1.082442] tegra-apbdma 60020000.dma: Tegra20 APB DMA driver register 32 channels
[    1.089443] tegra-pmc 7000e400.pmc: emergency thermal reset enabled
[    1.094972] Serial: 8250/16550 driver, 4 ports, IRQ sharing disabled
[    1.102577] console [ttyS0] disabled
[    1.104289] 70006300.serial: ttyS0 at MMIO 0x70006300 (irq = 335, base_baud = 25500000) is a Tegra
[    1.113234] console [ttyS0] enabled
[    1.113234] console [ttyS0] enabled
[    1.119762] bootconsole [earlycon0] disabled
[    1.119762] bootconsole [earlycon0] disabled
[    1.128803] 70006000.serial: ttyTHS1 at MMIO 0x70006000 (irq = 333, base_baud = 0) is a TEGRA_UART
[    1.139893] 70006040.serial: ttyTHS2 at MMIO 0x70006040 (irq = 334, base_baud = 0) is a TEGRA_UART
[    1.168713] tegra-hdmi 54280000.hdmi: failed to get HDMI regulator
[    1.188523] loop: module loaded
[    1.193124] at24 0-0056: 256 byte 24c02 EEPROM, writable, 8 bytes/write
[    1.200586] as3722 4-0040: AS3722 with revision 0x1 found
[    1.212815] as3722-sd2: supplied by +5V_SYS
[    1.217498] as3722-sd3: supplied by +5V_SYS
[    1.221951] +1.35V_LP0(sd3): Bringing 0uV into 1350000-1350000uV
[    1.228413] as3722-sd4: supplied by +5V_SYS
[    1.233089] as3722-sd5: supplied by +5V_SYS
[    1.239177] as3722-ldo0: supplied by +1.35V_LP0(sd2)
[    1.245286] +1.8V_RUN_CAM: Bringing 0uV into 1800000-1800000uV
[    1.251558] as3722-ldo2: supplied by +1.8V_VDDIO
[    1.257509] as3722-ldo3: supplied by +3.3V_SYS
[    1.262032] +1.05V_LP0_VDD_RTC: Bringing 1100000uV into 1000000-1000000uV
[    1.269854] as3722-ldo4: supplied by +3.3V_SYS
[    1.274536] +2.8V_RUN_CAM: Bringing 0uV into 2800000-2800000uV
[    1.280799] as3722-ldo5: supplied by +1.8V_VDDIO
[    1.285643] +1.2V_RUN_CAM_FRONT: Bringing 0uV into 1200000-1200000uV
[    1.292638] +VDDIO_SDMMC3: bypassed regulator has no supply!
[    1.298314] +VDDIO_SDMMC3: failed to get the current voltage(-517)
[    1.304494] as3722-regulator as3722-regulator: regulator 13 register failed -517
[    1.315820] tegra-ahci 70027000.sata: couldn't get PHY in node sata: -517
[    1.334185] m25p80 spi1.0: w25q32dw (4096 Kbytes)
[    1.351128] libphy: Fixed MDIO Bus: probed
[    1.355222] CAN device driver interface
[    1.359136] igb: Intel(R) Gigabit Ethernet Network Driver - version 5.4.0-k
[    1.366088] igb: Copyright (c) 2007-2014 Intel Corporation.
[    1.371810] pegasus: v0.9.3 (2013/04/25), Pegasus/Pegasus II USB Ethernet driver
[    1.379288] usbcore: registered new interface driver pegasus
[    1.385003] usbcore: registered new interface driver asix
[    1.390484] usbcore: registered new interface driver ax88179_178a
[    1.396636] usbcore: registered new interface driver cdc_ether
[    1.402553] usbcore: registered new interface driver smsc75xx
[    1.408389] usbcore: registered new interface driver smsc95xx
[    1.414180] usbcore: registered new interface driver net1080
[    1.419910] usbcore: registered new interface driver cdc_subset
[    1.425871] usbcore: registered new interface driver zaurus
[    1.431533] usbcore: registered new interface driver cdc_ncm
[    1.437436] tegra-phy 7d000000.usb-phy: no vbus regulator
[    1.443092] tegra-phy 7d004000.usb-phy: no vbus regulator
[    1.448815] ehci_hcd: USB 2.0 'Enhanced' Host Controller (EHCI) Driver
[    1.455335] ehci-pci: EHCI PCI platform driver
[    1.459853] tegra-ehci: Tegra EHCI driver
[    1.466704] tegra-ehci 7d004000.usb: EHCI Host Controller
[    1.472144] tegra-ehci 7d004000.usb: new USB bus registered, assigned bus number 1
[    1.479967] tegra-ehci 7d004000.usb: irq 356, io mem 0x7d004000
[    1.507890] tegra-ehci 7d004000.usb: USB 2.0 started, EHCI 1.10
[    1.514712] hub 1-0:1.0: USB hub found
[    1.518525] hub 1-0:1.0: 1 port detected
[    1.523705] usbcore: registered new interface driver cdc_acm
[    1.529379] cdc_acm: USB Abstract Control Model driver for USB modems and ISDN adapters
[    1.537432] usbcore: registered new interface driver cdc_wdm
[    1.543188] usbcore: registered new interface driver usb-storage
[    1.557487] as3722-rtc as3722-rtc: rtc core: registered as3722-rtc as rtc0
[    1.564382] as3722-rtc as3722-rtc: RTC interrupt 379
[    1.572210] tegra_rtc 7000e000.rtc: rtc core: registered 7000e000.rtc as rtc1
[    1.579419] tegra_rtc 7000e000.rtc: Tegra internal Real Time Clock
[    1.585934] i2c /dev entries driver
[    1.590715] usbcore: registered new interface driver uvcvideo
[    1.596455] USB Video Class driver (1.1.1)
[    1.600570] gspca_main: v2.14.0 registered
[    1.605302] lm90 0-004c: 0-004c supply vcc not found, using dummy regulator
[    1.615626] tegra-wdt 60005000.timer: initialized (heartbeat = 120 sec, nowayout = 0)
[    1.624581] sdhci: Secure Digital Host Controller Interface driver
[    1.630907] sdhci: Copyright(c) Pierre Ossman
[    1.635260] sdhci-pltfm: SDHCI platform and OF driver helper
[    1.641272] sdhci-tegra 700b0400.sdhci: Got CD GPIO
[    1.646165] sdhci-tegra 700b0400.sdhci: Got WP GPIO
[    1.667465] mmc0: Unknown controller version (3). You may experience problems.
[    1.674745] mmc0: Invalid maximum block size, assuming 512 bytes
[    1.711876] mmc0: SDHCI controller on 700b0600.sdhci [700b0600.sdhci] using ADMA
[    1.720269] usbcore: registered new interface driver usbhid
[    1.725876] usbhid: USB HID core driver
[    1.769852] mmc0: new high speed MMC card at address 0001
[    1.780542] mmcblk0: mmc0:0001 SEM16G 14.7 GiB 
[    1.790255] mmcblk0boot0: mmc0:0001 SEM16G partition 1 4.00 MiB
[    1.801294] mmcblk0boot1: mmc0:0001 SEM16G partition 2 4.00 MiB
[    1.807439] mmcblk0rpmb: mmc0:0001 SEM16G partition 3 4.00 MiB, chardev (247:0)
[    1.816610]  mmcblk0: p1
[    2.169287] tegra30-i2s 70301100.i2s: DMA channels sourced from device 70300000.ahub
[    2.189689] tegra-snd-rt5640 sound: rt5640-aif1 <-> 70301100.i2s mapping ok
[    2.200694] input: NVIDIA Tegra Jetson TK1 Headphones as /devices/soc0/sound/sound/card1/input0
[    2.211946] NET: Registered protocol family 10
[    2.217817] Segment Routing with IPv6
[    2.221680] mip6: Mobile IPv6
[    2.224647] sit: IPv6, IPv4 and MPLS over IPv4 tunneling driver
[    2.232093] NET: Registered protocol family 17
[    2.236549] NET: Registered protocol family 15
[    2.241051] can: controller area network core (rev 20170425 abi 9)
[    2.247446] NET: Registered protocol family 29
[    2.251906] can: raw protocol (rev 20170425)
[    2.256172] can: broadcast manager protocol (rev 20170425 t)
[    2.261850] can: netlink gateway (rev 20170425) max_hops=1
[    2.267514] Bluetooth: RFCOMM socket layer initialized
[    2.272728] Bluetooth: RFCOMM ver 1.11
[    2.276497] Bluetooth: BNEP (Ethernet Emulation) ver 1.3
[    2.281827] Bluetooth: BNEP socket layer initialized
[    2.286787] Bluetooth: HIDP (Human Interface Emulation) ver 1.2
[    2.292722] Bluetooth: HIDP socket layer initialized
[    2.297958] Key type dns_resolver registered
[    2.302728] Registering SWP/SWPB emulation handler
[    2.308362] Loading compiled-in X.509 certificates
[    2.332880] +3.3V_RUN: supplied by +3.3V_SYS
[    2.337970] +USB0_VBUS_SW: supplied by +5V_SYS
[    2.342779] +3.3V_AVDD_HDMI_AP_GATED: supplied by +3.3V_RUN
[    2.348691] +5V_USB_HS: supplied by +5V_SYS
[    2.353731] +3.3V_LP0: supplied by +3.3V_SYS
[    2.359310] +5V_HDMI_CON: supplied by +5V_SYS
[    2.364098] +5V_SATA: supplied by +5V_SYS
[    2.368587] +12V_SATA: supplied by +VDD_MUX
[    2.374171]  usb2-0: usb2-0 supply vbus not found, using dummy regulator
[    2.381091]  usb2-1: usb2-1 supply vbus not found, using dummy regulator
[    2.388218]  usb3-0: usb3-0 supply vbus not found, using dummy regulator
[    2.395715] tegra-pcie 1003000.pcie: 2x1, 1x1 configuration
[    2.401356] tegra-pcie 1003000.pcie: Failed to get supply 'avddio-pex': -517
[    2.408805] tegra124-dfll 70110000.clock: offset uv not found, default to table value
[    2.416628] tegra124-dfll 70110000.clock: step uv not found, default to table value
[    2.426325] tegra124-dfll 70110000.clock: couldn't get vdd_cpu regulator
[    2.435018] tegra-hdmi 54280000.hdmi: failed to get PLL regulator
[    2.443532] as3722-sd2: supplied by +5V_SYS
[    2.448157] as3722-sd3: supplied by +5V_SYS
[    2.452640] as3722-sd4: supplied by +5V_SYS
[    2.457110] as3722-sd5: supplied by +5V_SYS
[    2.462990] as3722-ldo0: supplied by +1.35V_LP0(sd2)
[    2.468902] as3722-ldo1: supplied by +3.3V_RUN
[    2.473647] as3722-ldo2: supplied by +1.8V_VDDIO
[    2.479588] input: tegra-hda HDMI/DP,pcm=3 as /devices/soc0/70030000.hda/sound/card0/input1
[    2.488523] as3722-ldo3: supplied by +3.3V_SYS
[    2.494009] as3722-ldo4: supplied by +3.3V_SYS
[    2.498901] as3722-ldo5: supplied by +1.8V_VDDIO
[    2.503851] as3722-ldo6: supplied by +3.3V_RUN
[    2.508636] as3722-ldo7: supplied by +1.8V_VDDIO
[    2.514010] +1.05V_RUN_CAM_REAR: Bringing 0uV into 1050000-1050000uV
[    2.521007] as3722-ldo9: supplied by +5V_SYS
[    2.526482] +3.3V_RUN_TOUCH: Bringing 0uV into 2800000-2800000uV
[    2.533251] as3722-ldo10: supplied by +5V_SYS
[    2.538102] +2.8V_RUN_CAM_AF: Bringing 0uV into 2800000-2800000uV
[    2.544925] as3722-ldo11: supplied by +3.3V_RUN
[    2.550245] +1.8V_RUN_VPP_FUSE: Bringing 0uV into 1800000-1800000uV
[    2.559536] tegra-ahci 70027000.sata: AHCI 0001.0301 32 slots 2 ports 3 Gbps 0x1 impl platform mode
[    2.568603] tegra-ahci 70027000.sata: flags: 64bit ncq sntf pm led pio slum part sadm sds apst 
[    2.578759] scsi host0: tegra-ahci
[    2.583450] scsi host1: tegra-ahci
[    2.587165] ata1: SATA max UDMA/133 mmio [mem 0x70027000-0x70028fff] port 0x100 irq 345
[    2.595210] ata2: DUMMY
[    2.599144] tegra-ehci 7d008000.usb: EHCI Host Controller
[    2.604567] tegra-ehci 7d008000.usb: new USB bus registered, assigned bus number 2
[    2.612426] tegra-ehci 7d008000.usb: irq 357, io mem 0x7d008000
[    2.647989] tegra-ehci 7d008000.usb: USB 2.0 started, EHCI 1.10
[    2.654970] hub 2-0:1.0: USB hub found
[    2.658938] hub 2-0:1.0: 1 port detected
[    2.738647] tegra-xusb 70090000.usb: Firmware timestamp: 2014-09-16 02:10:07 UTC
[    2.746072] tegra-xusb 70090000.usb: xHCI Host Controller
[    2.751560] tegra-xusb 70090000.usb: new USB bus registered, assigned bus number 3
[    2.761696] tegra-xusb 70090000.usb: hcc params 0x0184f525 hci version 0x100 quirks 0x00010010
[    2.770381] tegra-xusb 70090000.usb: irq 347, io mem 0x70090000
[    2.777739] hub 3-0:1.0: USB hub found
[    2.781618] hub 3-0:1.0: 6 ports detected
[    2.786501] tegra-xusb 70090000.usb: xHCI Host Controller
[    2.791970] tegra-xusb 70090000.usb: new USB bus registered, assigned bus number 4
[    2.799734] usb usb4: We don't know the algorithms for LPM for this host, disabling LPM.
[    2.809090] hub 4-0:1.0: USB hub found
[    2.812894] hub 4-0:1.0: 2 ports detected
[    2.819065] sdhci-tegra 700b0400.sdhci: Got CD GPIO
[    2.824001] sdhci-tegra 700b0400.sdhci: Got WP GPIO
[    2.837353] mmc1: Unknown controller version (3). You may experience problems.
[    2.844735] mmc1: Invalid maximum block size, assuming 512 bytes
[    2.881223] mmc1: SDHCI controller on 700b0400.sdhci [700b0400.sdhci] using ADMA
[    2.888991] tegra-pcie 1003000.pcie: 2x1, 1x1 configuration
[    2.896782] tegra-pcie 1003000.pcie: probing port 0, using 2 lanes
[    2.904630] tegra-pcie 1003000.pcie: Slot present pin change, signature: 00000008
[    2.929332] tegra-pcie 1003000.pcie: probing port 1, using 1 lanes
[    2.931370] ata1: SATA link down (SStatus 0 SControl 300)
[    2.937638] tegra-pcie 1003000.pcie: Slot present pin change, signature: 00000000
[    2.952875] tegra-pcie 1003000.pcie: PCI host bridge to bus 0000:00
[    2.959186] pci_bus 0000:00: root bus resource [io  0x0000-0xffff]
[    2.965417] pci_bus 0000:00: root bus resource [mem 0x13000000-0x1fffffff]
[    2.972365] pci_bus 0000:00: root bus resource [mem 0x20000000-0x3fffffff pref]
[    2.979730] pci_bus 0000:00: root bus resource [bus 00-ff]
[    2.985262] pci 0000:00:01.0: [10de:0e12] type 01 class 0x060400
[    2.991332] pci_bus 0000:00: 2-byte config write to 0000:00:01.0 offset 0x4 may corrupt adjacent RW1C bits
[    3.001052] pci_bus 0000:00: 2-byte config write to 0000:00:01.0 offset 0x4 may corrupt adjacent RW1C bits
[    3.010782] pci 0000:00:01.0: enabling Extended Tags
[    3.015747] pci_bus 0000:00: 2-byte config write to 0000:00:01.0 offset 0x88 may corrupt adjacent RW1C bits
[    3.025557] pci_bus 0000:00: 2-byte config write to 0000:00:01.0 offset 0x52 may corrupt adjacent RW1C bits
[    3.035394] pci 0000:00:01.0: PME# supported from D0 D1 D2 D3hot D3cold
[    3.042065] pci_bus 0000:00: 2-byte config write to 0000:00:01.0 offset 0x4c may corrupt adjacent RW1C bits
[    3.052086] pci 0000:00:02.0: [10de:0e13] type 01 class 0x060400
[    3.058161] pci_bus 0000:00: 2-byte config write to 0000:00:02.0 offset 0x4 may corrupt adjacent RW1C bits
[    3.067974] pci_bus 0000:00: 2-byte config write to 0000:00:02.0 offset 0x4 may corrupt adjacent RW1C bits
[    3.077744] pci 0000:00:02.0: enabling Extended Tags
[    3.082751] pci_bus 0000:00: 2-byte config write to 0000:00:02.0 offset 0x88 may corrupt adjacent RW1C bits
[    3.092567] pci_bus 0000:00: 2-byte config write to 0000:00:02.0 offset 0x52 may corrupt adjacent RW1C bits
[    3.102408] pci 0000:00:02.0: PME# supported from D0 D1 D2 D3hot D3cold
[    3.109081] pci_bus 0000:00: 2-byte config write to 0000:00:02.0 offset 0x4c may corrupt adjacent RW1C bits
[    3.119145] PCI: bus0: Fast back to back transfers disabled
[    3.124761] pci 0000:00:01.0: bridge configuration invalid ([bus 00-00]), reconfiguring
[    3.132842] pci 0000:00:02.0: bridge configuration invalid ([bus 00-00]), reconfiguring
[    3.141129] pci 0000:01:00.0: [8086:4232] type 00 class 0x028000
[    3.147281] pci 0000:01:00.0: reg 0x10: [mem 0x00000000-0x00001fff 64bit]
[    3.154361] pci 0000:01:00.0: PME# supported from D0 D3hot D3cold
[    3.172198] mmc1: new high speed SDHC card at address aaaa
[    3.183008] mmcblk1: mmc1:aaaa SD04G 3.69 GiB 
[    3.187953] PCI: bus1: Fast back to back transfers disabled
[    3.193535] pci_bus 0000:01: busn_res: [bus 01-ff] end is updated to 01
[    3.200735] pci 0000:02:00.0: [10ec:8168] type 00 class 0x020000
[    3.207115] pci 0000:02:00.0: reg 0x10: [io  0x0000-0x00ff]
[    3.212911] pci 0000:02:00.0: reg 0x18: [mem 0x00000000-0x00000fff 64bit]
[    3.219891] pci 0000:02:00.0: reg 0x20: [mem 0x00000000-0x00003fff 64bit pref]
[    3.227421] pci 0000:02:00.0: supports D1 D2
[    3.231950] pci 0000:02:00.0: PME# supported from D0 D1 D2 D3hot D3cold
[    3.242401]  mmcblk1: p1 p2 p3
[    3.268054] PCI: bus2: Fast back to back transfers disabled
[    3.273644] pci_bus 0000:02: busn_res: [bus 02-ff] end is updated to 02
[    3.280371] pci 0000:00:01.0: BAR 8: assigned [mem 0x13000000-0x130fffff]
[    3.287155] pci 0000:00:02.0: BAR 8: assigned [mem 0x13100000-0x131fffff]
[    3.294009] pci 0000:00:02.0: BAR 9: assigned [mem 0x20000000-0x200fffff 64bit pref]
[    3.301815] pci 0000:00:02.0: BAR 7: assigned [io  0x1000-0x1fff]
[    3.307941] pci 0000:01:00.0: BAR 0: assigned [mem 0x13000000-0x13001fff 64bit]
[    3.315286] pci 0000:00:01.0: PCI bridge to [bus 01]
[    3.320303] pci 0000:00:01.0:   bridge window [mem 0x13000000-0x130fffff]
[    3.327105] pci 0000:02:00.0: BAR 4: assigned [mem 0x20000000-0x20003fff 64bit pref]
[    3.334875] pci 0000:02:00.0: BAR 2: assigned [mem 0x13100000-0x13100fff 64bit]
[    3.342212] pci 0000:02:00.0: BAR 0: assigned [io  0x1000-0x10ff]
[    3.348324] pci 0000:00:02.0: PCI bridge to [bus 02]
[    3.353285] pci 0000:00:02.0:   bridge window [io  0x1000-0x1fff]
[    3.359393] pci 0000:00:02.0:   bridge window [mem 0x13100000-0x131fffff]
[    3.366175] pci 0000:00:02.0:   bridge window [mem 0x20000000-0x200fffff 64bit pref]
[    3.373957] pci 0000:00:01.0: nv_msi_ht_cap_quirk didn't locate host bridge
[    3.381082] pcieport 0000:00:01.0: enabling device (0140 -> 0142)
[    3.387475] pcieport 0000:00:01.0: Signaling PME with IRQ 395
[    3.393420] pci 0000:00:02.0: nv_msi_ht_cap_quirk didn't locate host bridge
[    3.400499] pcieport 0000:00:02.0: enabling device (0140 -> 0143)
[    3.406861] pcieport 0000:00:02.0: Signaling PME with IRQ 396
[    3.413005] r8169 Gigabit Ethernet driver 2.3LK-NAPI loaded
[    3.418642] r8169 0000:02:00.0: enabling device (0140 -> 0143)
[    3.449740] r8169 0000:02:00.0 eth0: RTL8168g/8111g at 0x9ed976ec, 00:04:4b:3a:d9:81, XID 0c000800 IRQ 397
[    3.459418] r8169 0000:02:00.0 eth0: jumbo features [frames: 9200 bytes, tx checksumming: ko]
[    3.468236] tegra124-dfll 70110000.clock: offset uv not found, default to table value
[    3.476058] tegra124-dfll 70110000.clock: step uv not found, default to table value
[    3.487431] +1.05V_RUN_AVDD_HDMI_PLL: supplied by +1.05V_RUN
[    3.496708] [drm] Supports vblank timestamp caching Rev 2 (21.10.2013).
[    3.503388] [drm] No driver support for vblank timestamp query.
[    3.642454] tegra-hdmi 54280000.hdmi: cannot set audio to 48000 Hz at 297000000 Hz pixel clock
[    3.805528] Console: switching to colour frame buffer device 512x135
[    3.901596] drm drm: fb0:  frame buffer device
[    3.906212] [drm] Initialized tegra 0.0.0 20120330 for drm on minor 0
[    3.913818] cpufreq: cpufreq_online: CPU0: Running at unlisted freq: 696000 KHz
[    3.921166] cpufreq: cpufreq_online: CPU0: Unlisted initial frequency changed to: 714000 KHz
[    3.930220] input: gpio-keys as /devices/soc0/gpio-keys/input/input2
[    3.937226] as3722-rtc as3722-rtc: setting system clock to 2000-01-01 00:02:27 UTC (946684947)
[    3.946055] cfg80211: Loading compiled-in X.509 certificates for regulatory database
[    3.955338] cfg80211: Loaded X.509 cert 'sforshee: 00b28ddf47aef9cea7'
[    3.961993] platform regulatory.0: Direct firmware load for regulatory.db failed with error -2
[    3.970860] +USB0_VBUS_SW: disabling
[    3.974437] +1.8V_RUN_CAM: disabling
[    3.978053] cfg80211: failed to load regulatory.db
[    3.982912] +2.8V_RUN_CAM: disabling
[    3.986590] +1.2V_RUN_CAM_FRONT: disabling
[    3.990842] +1.05V_RUN_CAM_REAR: disabling
[    3.995032] +3.3V_RUN_TOUCH: disabling
[    3.999075] +2.8V_RUN_CAM_AF: disabling
[    4.003013] +1.8V_RUN_VPP_FUSE: disabling
[    4.007116] ALSA device list:
[    4.010105]   #0: tegra-hda at 0x70038000 irq 346
[    4.014795]   #1: NVIDIA Tegra Jetson TK1
[    4.019612] EXT4-fs (mmcblk0p1): mounting ext3 file system using the ext4 subsystem
[    4.071508] EXT4-fs (mmcblk0p1): recovery complete
[    4.077208] EXT4-fs (mmcblk0p1): mounted filesystem with ordered data mode. Opts: (null)
[    4.085506] VFS: Mounted root (ext3 filesystem) on device 179:1.
[    4.096114] devtmpfs: mounted
[    4.099633] Freeing unused kernel memory: 1024K
bash: cannot set terminal process group (-1): Inappropriate ioctl for device
bash: no job control in this shell
root@(none):/# 