[    0.000000] Booting Linux on physical CPU 0x0
[    0.000000] Linux version 4.11.0-rc2-next-20170320-277941-g4f4f972 (jonathanh@tamien) (gcc version 4.9.2 20140904 (prerelease) (crosstool-NG linaro-1.13.1-4.9-2014.09 - Linaro GCC 4.9-2014.09) ) #1 SMP PREEMPT Wed Mar 22 14:27:13 PDT 2017
[    0.000000] Boot CPU: AArch64 Processor [411fd070]
[    0.000000] Memory limited to 1024MB
[    0.000000] efi: Getting EFI parameters from FDT:
[    0.000000] efi: UEFI not found.
[    0.000000] cma: Reserved 16 MiB at 0x000000007f000000
[    0.000000] NUMA: No NUMA configuration found
[    0.000000] NUMA: Faking a node at [mem 0x0000000000000000-0x000000007fffffff]
[    0.000000] NUMA: Adding memblock [0x40000000 - 0x7fffffff] on node 0
[    0.000000] NUMA: Initmem setup node 0 [mem 0x40000000-0x7fffffff]
[    0.000000] NUMA: NODE_DATA [mem 0x7efeae80-0x7efec97f]
[    0.000000] Zone ranges:
[    0.000000]   DMA      [mem 0x0000000040000000-0x000000007fffffff]
[    0.000000]   Normal   empty
[    0.000000] Movable zone start for each node
[    0.000000] Early memory node ranges
[    0.000000]   node   0: [mem 0x0000000040000000-0x000000007fffffff]
[    0.000000] Initmem setup node 0 [mem 0x0000000040000000-0x000000007fffffff]
[    0.000000] psci: probing for conduit method from DT.
[    0.000000] psci: PSCIv0.2 detected in firmware.
[    0.000000] psci: Using standard PSCI v0.2 function IDs
[    0.000000] psci: Trusted OS migration not required
[    0.000000] percpu: Embedded 23 pages/cpu @ffff80003efd0000 s56832 r8192 d29184 u94208
[    0.000000] Detected PIPT I-cache on CPU0
[    0.000000] CPU features: enabling workaround for ARM erratum 832075
[    0.000000] CPU features: enabling workaround for ARM erratum 834220
[    0.000000] Built 1 zonelists in Node order, mobility grouping on.  Total pages: 258048
[    0.000000] Policy zone: DMA
[    0.000000] Kernel command line: root=/dev/vda2 rw rootwait mem=1024M console=ttyAMA0,38400n8 init=/bin/bash
[    0.000000] PID hash table entries: 4096 (order: 3, 32768 bytes)
[    0.000000] Memory: 999956K/1048576K available (8764K kernel code, 1004K rwdata, 4240K rodata, 1088K init, 397K bss, 32236K reserved, 16384K cma-reserved)
[    0.000000] Virtual kernel memory layout:
[    0.000000]     modules : 0xffff000000000000 - 0xffff000008000000   (   128 MB)
[    0.000000]     vmalloc : 0xffff000008000000 - 0xffff7dffbfff0000   (129022 GB)
[    0.000000]       .text : 0xffff000008080000 - 0xffff000008910000   (  8768 KB)
[    0.000000]     .rodata : 0xffff000008910000 - 0xffff000008d40000   (  4288 KB)
[    0.000000]       .init : 0xffff000008d40000 - 0xffff000008e50000   (  1088 KB)
[    0.000000]       .data : 0xffff000008e50000 - 0xffff000008f4b200   (  1005 KB)
[    0.000000]        .bss : 0xffff000008f4b200 - 0xffff000008fae638   (   398 KB)
[    0.000000]     fixed   : 0xffff7dfffe7fd000 - 0xffff7dfffec00000   (  4108 KB)
[    0.000000]     PCI I/O : 0xffff7dfffee00000 - 0xffff7dffffe00000   (    16 MB)
[    0.000000]     vmemmap : 0xffff7e0000000000 - 0xffff800000000000   (  2048 GB maximum)
[    0.000000]               0xffff7e0000000000 - 0xffff7e0001000000   (    16 MB actual)
[    0.000000]     memory  : 0xffff800000000000 - 0xffff800040000000   (  1024 MB)
[    0.000000] SLUB: HWalign=64, Order=0-3, MinObjects=0, CPUs=1, Nodes=1
[    0.000000] Preemptible hierarchical RCU implementation.
[    0.000000] 	RCU restricting CPUs from NR_CPUS=64 to nr_cpu_ids=1.
[    0.000000] RCU: Adjusting geometry for rcu_fanout_leaf=16, nr_cpu_ids=1
[    0.000000] NR_IRQS:64 nr_irqs:64 0
[    0.000000] GICv2m: range[mem 0x08020000-0x08020fff], SPI[80:143]
[    0.000000] arm_arch_timer: WARNING: Invalid trigger for IRQ3, assuming level low
[    0.000000] arm_arch_timer: WARNING: Please fix your firmware
[    0.000000] arm_arch_timer: Architected cp15 timer(s) running at 62.50MHz (virt).
[    0.000000] clocksource: arch_sys_counter: mask: 0xffffffffffffff max_cycles: 0x1cd42e208c, max_idle_ns: 881590405314 ns
[    0.000179] sched_clock: 56 bits at 62MHz, resolution 16ns, wraps every 4398046511096ns
[    0.006853] Console: colour dummy device 80x25
[    0.008171] Calibrating delay loop (skipped), value calculated using timer frequency.. 125.00 BogoMIPS (lpj=250000)
[    0.008347] pid_max: default: 32768 minimum: 301
[    0.009762] Security Framework initialized
[    0.012833] Dentry cache hash table entries: 131072 (order: 8, 1048576 bytes)
[    0.014163] Inode-cache hash table entries: 65536 (order: 7, 524288 bytes)
[    0.014426] Mount-cache hash table entries: 2048 (order: 2, 16384 bytes)
[    0.014520] Mountpoint-cache hash table entries: 2048 (order: 2, 16384 bytes)
[    0.058721] ASID allocator initialised with 65536 entries
[    0.082536] EFI services will not be available.
[    0.100910] smp: Bringing up secondary CPUs ...
[    0.101117] smp: Brought up 1 node, 1 CPU
[    0.101196] SMP: Total of 1 processors activated.
[    0.101384] CPU features: detected feature: 32-bit EL0 Support
[    0.102288] CPU: All CPU(s) started at EL1
[    0.103441] alternatives: patching kernel code
[    0.122969] devtmpfs: initialized
[    0.134962] DMI not present or invalid.
[    0.136849] clocksource: jiffies: mask: 0xffffffff max_cycles: 0xffffffff, max_idle_ns: 7645041785100000 ns
[    0.137085] futex hash table entries: 256 (order: 3, 32768 bytes)
[    0.141195] pinctrl core: initialized pinctrl subsystem
[    0.178769] NET: Registered protocol family 16
[    0.206747] cpuidle: using governor menu
[    0.208357] vdso: 2 pages (1 code @ ffff000008917000, 1 data @ ffff000008e55000)
[    0.208736] hw-breakpoint: found 6 breakpoint and 4 watchpoint registers.
[    0.220757] DMA: preallocated 256 KiB pool for atomic allocations
[    0.225292] Serial: AMBA PL011 UART driver
[    0.294716] 9000000.pl011: ttyAMA0 at MMIO 0x9000000 (irq = 39, base_baud = 0) is a PL011 rev1
[    0.321305] console [ttyAMA0] enabled
[    0.328103] irq: type mismatch, failed to map hwirq-27 for /intc!
[    0.501691] HugeTLB registered 2 MB page size, pre-allocated 0 pages
[    0.522815] ACPI: Interpreter disabled.
[    0.541813] vgaarb: loaded
[    0.544984] SCSI subsystem initialized
[    0.554716] usbcore: registered new interface driver usbfs
[    0.558819] usbcore: registered new interface driver hub
[    0.560130] usbcore: registered new device driver usb
[    0.571223] pps_core: LinuxPPS API ver. 1 registered
[    0.571470] pps_core: Software ver. 5.3.6 - Copyright 2005-2007 Rodolfo Giometti <giometti@linux.it>
[    0.572451] PTP clock support registered
[    0.575713] dmi: Firmware registration failed.
[    0.577446] Advanced Linux Sound Architecture Driver Initialized.
[    0.592626] clocksource: Switched to clocksource arch_sys_counter
[    0.593909] VFS: Disk quotas dquot_6.6.0
[    0.594431] VFS: Dquot-cache hash table entries: 512 (order 0, 4096 bytes)
[    0.600121] pnp: PnP ACPI: disabled
[    0.685372] NET: Registered protocol family 2
[    0.692161] TCP established hash table entries: 8192 (order: 4, 65536 bytes)
[    0.693259] TCP bind hash table entries: 8192 (order: 5, 131072 bytes)
[    0.694926] TCP: Hash tables configured (established 8192 bind 8192)
[    0.697018] UDP hash table entries: 512 (order: 2, 16384 bytes)
[    0.697565] UDP-Lite hash table entries: 512 (order: 2, 16384 bytes)
[    0.699719] NET: Registered protocol family 1
[    0.711772] RPC: Registered named UNIX socket transport module.
[    0.712347] RPC: Registered udp transport module.
[    0.713639] RPC: Registered tcp transport module.
[    0.714065] RPC: Registered tcp NFSv4.1 backchannel transport module.
[    0.725944] kvm [1]: HYP mode not available
[    0.745095] audit: initializing netlink subsys (disabled)
[    0.748989] audit: type=2000 audit(0.708:1): state=initialized audit_enabled=0 res=1
[    0.751657] workingset: timestamp_bits=44 max_order=18 bucket_order=0
[    0.830532] squashfs: version 4.0 (2009/01/31) Phillip Lougher
[    0.841346] NFS: Registering the id_resolver key type
[    0.842344] Key type id_resolver registered
[    0.842596] Key type id_legacy registered
[    0.842916] nfs4filelayout_init: NFSv4 File Layout Driver Registering...
[    0.845145] 9p: Installing v9fs 9p2000 file system support
[    0.861419] Block layer SCSI generic (bsg) driver version 0.4 loaded (major 247)
[    0.861908] io scheduler noop registered
[    0.862995] io scheduler cfq registered (default)
[    0.863276] io scheduler mq-deadline registered
[    0.908041] pl061_gpio 9030000.pl061: PL061 GPIO chip @0x0000000009030000 registered
[    0.921384] OF: PCI: host bridge /pcie@10000000 ranges:
[    0.922064] OF: PCI:    IO 0x3eff0000..0x3effffff -> 0x00000000
[    0.922698] OF: PCI:   MEM 0x10000000..0x3efeffff -> 0x10000000
[    0.923040] OF: PCI:   MEM 0x8000000000..0xffffffffff -> 0x8000000000
[    0.923964] pci-host-generic 3f000000.pcie: ECAM at [mem 0x3f000000-0x3fffffff] for [bus 00-0f]
[    0.926887] pci-host-generic 3f000000.pcie: PCI host bridge to bus 0000:00
[    0.927403] pci_bus 0000:00: root bus resource [bus 00-0f]
[    0.927768] pci_bus 0000:00: root bus resource [io  0x0000-0xffff]
[    0.928090] pci_bus 0000:00: root bus resource [mem 0x10000000-0x3efeffff]
[    0.928407] pci_bus 0000:00: root bus resource [mem 0x8000000000-0xffffffffff]
[    1.001228] xenfs: not registering filesystem on non-xen platform
[    1.045556] Serial: 8250/16550 driver, 4 ports, IRQ sharing enabled
[    1.062882] SuperH (H)SCI(F) driver initialized
[    1.067039] msm_serial: driver initialized
[    1.072099] cacheinfo: Unable to detect cache hierarchy for CPU 0
[    1.165596] loop: module loaded
[    1.205775]  vda: vda1 vda2
[    1.223282] hisi_sas: driver version v1.6
[    1.258615] libphy: Fixed MDIO Bus: probed
[    1.264332] tun: Universal TUN/TAP device driver, 1.6
[    1.287219] e1000e: Intel(R) PRO/1000 Network Driver - 3.2.6-k
[    1.287686] e1000e: Copyright(c) 1999 - 2015 Intel Corporation.
[    1.290050] igb: Intel(R) Gigabit Ethernet Network Driver - version 5.4.0-k
[    1.290659] igb: Copyright (c) 2007-2014 Intel Corporation.
[    1.291742] igbvf: Intel(R) Gigabit Virtual Function Network Driver - version 2.4.0-k
[    1.292438] igbvf: Copyright (c) 2009 - 2012 Intel Corporation.
[    1.296244] sky2: driver version 1.30
[    1.303114] VFIO - User Level meta-driver version: 0.3
[    1.319576] ehci_hcd: USB 2.0 'Enhanced' Host Controller (EHCI) Driver
[    1.319984] ehci-pci: EHCI PCI platform driver
[    1.322657] ehci-platform: EHCI generic platform driver
[    1.324261] ehci-orion: EHCI orion driver
[    1.326132] ehci-exynos: EHCI EXYNOS driver
[    1.327687] ehci-msm: Qualcomm On-Chip EHCI Host Controller
[    1.329578] ohci_hcd: USB 1.1 'Open' Host Controller (OHCI) Driver
[    1.330014] ohci-pci: OHCI PCI platform driver
[    1.330837] ohci-platform: OHCI generic platform driver
[    1.332223] ohci-exynos: OHCI EXYNOS driver
[    1.338657] usbcore: registered new interface driver usb-storage
[    1.361181] rtc-pl031 9010000.pl031: rtc core: registered pl031 as rtc0
[    1.368164] i2c /dev entries driver
[    1.400480] sdhci: Secure Digital Host Controller Interface driver
[    1.401674] sdhci: Copyright(c) Pierre Ossman
[    1.405619] Synopsys Designware Multimedia Card Interface Driver
[    1.414968] sdhci-pltfm: SDHCI platform and OF driver helper
[    1.427173] ledtrig-cpu: registered to indicate activity on CPUs
[    1.440871] usbcore: registered new interface driver usbhid
[    1.441167] usbhid: USB HID core driver
[    1.462130] NET: Registered protocol family 17
[    1.463666] 9pnet: Installing 9P2000 support
[    1.465914] Key type dns_resolver registered
[    1.470367] registered taskstats version 1
[    1.480317] input: gpio-keys as /devices/platform/gpio-keys/input/input0
[    1.485648] rtc-pl031 9010000.pl031: setting system clock to 2017-03-22 21:27:56 UTC (1490218076)
[    1.487103] ALSA device list:
[    1.487317]   No soundcards found.
[    1.492436] uart-pl011 9000000.pl011: no DMA platform data
[    1.499075] EXT4-fs (vda2): couldn't mount as ext3 due to feature incompatibilities
[    1.551843] EXT4-fs (vda2): recovery complete
[    1.553372] EXT4-fs (vda2): mounted filesystem with ordered data mode. Opts: (null)
[    1.553988] VFS: Mounted root (ext4 filesystem) on device 254:2.
[    1.556980] devtmpfs: mounted
[    1.602293] Freeing unused kernel memory: 1088K
bash: cannot set terminal process group (-1): Inappropriate ioctl for device
bash: no job control in this shell
bash-4.3# 