
U-Boot SPL 2014.07-00097-g772e173 (Jul 25 2014 - 20:02:52)


U-Boot 2014.07-00097-g772e173 (Jul 25 2014 - 20:02:52)

TEGRA124
Board: NVIDIA Jetson TK1
I2C:   ready
DRAM:  2 GiB
MMC:   Tegra SD/MMC: 0, Tegra SD/MMC: 1
In:    serial
Out:   serial
Err:   serial
Net:   Net Initialization Skipped
No ethernet found.
Hit any key to stop autoboot:  2  0 
Tegra124 (Jetson TK1) # 
Tegra124 (Jetson TK1) # usb reset
(Re)start USB...
USB0:   USB EHCI 1.10
scanning bus 0 for devices... 1 USB Device(s) found
USB1:   USB EHCI 1.10
scanning bus 1 for devices... 2 USB Device(s) found
       scanning usb for storage devices... 0 Storage Device(s) found
       scanning usb for ethernet devices... 
Warning: asx0 using MAC address from net device
1 Ethernet Device(s) found
Tegra124 (Jetson TK1) # setenv bootargs 'ignore_loglevel console=ttyS0,115200n8 rw root=/dev/mmcblk0p1 rootwait gpt debug init=/bin/bash noinitrd'
Tegra124 (Jetson TK1) # setenv ipaddr 192.168.100.102; setenv serverip 192.168.100.1; setenv tftpserverip 192.168.100.1
Tegra124 (Jetson TK1) # tftpboot 0x81000000 zImage.multi_v7_defconfig
Using asx0 device
TFTP from server 192.168.100.1; our IP address is 192.168.100.102
Filename 'zImage.multi_v7_defconfig'.
Load address: 0x81000000
Loading: *#################################################################
	 #################################################################
	 #################################################################
	 #################################################################
	 #################################################################
	 #################################################################
	 ####################################
	 3.2 MiB/s
done
Bytes transferred = 6246928 (5f5210 hex)
Tegra124 (Jetson TK1) # tftpboot 0x82000000 tegra124-jetson-tk1.dtb
Using asx0 device
TFTP from server 192.168.100.1; our IP address is 192.168.100.102
Filename 'tegra124-jetson-tk1.dtb'.
Load address: 0x82000000
Loading: *#####
	 2.9 MiB/s
done
Bytes transferred = 63003 (f61b hex)
Tegra124 (Jetson TK1) # bootz 0x81000000 - 0x82000000
Kernel image @ 0x81000000 [ 0x000000 - 0x5f5210 ]
## Flattened Device Tree blob at 82000000
   Booting using the fdt blob at 0x82000000
   Using Device Tree in place at 82000000, end 8201261a

Starting kernel ...

[    0.000000] Booting Linux on physical CPU 0x0
[    0.000000] Linux version 4.0.0-next-20150427-13069-g30d4d27 (pwalmsley@sellafield) (gcc version 4.7.3 20130328 (prerelease) (crosstool-NG linaro-1.13.1-4.7-2013.04-20130415 - Linaro GCC 2013.04) ) #1 SMP Mon Apr 27 04:56:28 PDT 2015
[    0.000000] CPU: ARMv7 Processor [413fc0f3] revision 3 (ARMv7), cr=10c5387d
[    0.000000] CPU: PIPT / VIPT nonaliasing data cache, PIPT instruction cache
[    0.000000] Machine model: NVIDIA Tegra124 Jetson TK1
[    0.000000] debug: ignoring loglevel setting.
[    0.000000] earlycon: no match for ttyS0,115200n8
[    0.000000] cma: Reserved 64 MiB at 0xfb800000
[    0.000000] Memory policy: Data cache writealloc
[    0.000000] On node 0 totalpages: 524032
[    0.000000] free_area_init_node: node 0, pgdat c0f29540, node_mem_map ee7f8000
[    0.000000]   DMA zone: 1520 pages used for memmap
[    0.000000]   DMA zone: 0 pages reserved
[    0.000000]   DMA zone: 194560 pages, LIFO batch:31
[    0.000000]   HighMem zone: 329472 pages, LIFO batch:31
[    0.000000] PERCPU: Embedded 12 pages/cpu @ee790000 s17024 r8192 d23936 u49152
[    0.000000] pcpu-alloc: s17024 r8192 d23936 u49152 alloc=12*4096
[    0.000000] pcpu-alloc: [0] 0 [0] 1 [0] 2 [0] 3 
[    0.000000] Built 1 zonelists in Zone order, mobility grouping on.  Total pages: 522512
[    0.000000] Kernel command line: ignore_loglevel console=ttyS0,115200n8 rw root=/dev/mmcblk0p1 rootwait gpt debug init=/bin/bash noinitrd
[    0.000000] PID hash table entries: 4096 (order: 2, 16384 bytes)
[    0.000000] Dentry cache hash table entries: 131072 (order: 7, 524288 bytes)
[    0.000000] Inode-cache hash table entries: 65536 (order: 6, 262144 bytes)
[    0.000000] Memory: 1999124K/2096128K available (8020K kernel code, 1021K rwdata, 3584K rodata, 820K init, 317K bss, 31468K reserved, 65536K cma-reserved, 1252352K highmem)
[    0.000000] Virtual kernel memory layout:
[    0.000000]     vector  : 0xffff0000 - 0xffff1000   (   4 kB)
[    0.000000]     fixmap  : 0xffc00000 - 0xfff00000   (3072 kB)
[    0.000000]     vmalloc : 0xf0000000 - 0xff000000   ( 240 MB)
[    0.000000]     lowmem  : 0xc0000000 - 0xef800000   ( 760 MB)
[    0.000000]     pkmap   : 0xbfe00000 - 0xc0000000   (   2 MB)
[    0.000000]     modules : 0xbf000000 - 0xbfe00000   (  14 MB)
[    0.000000]       .text : 0xc0208000 - 0xc0d5e0e8   (11609 kB)
[    0.000000]       .init : 0xc0d5f000 - 0xc0e2c000   ( 820 kB)
[    0.000000]       .data : 0xc0e2c000 - 0xc0f2b500   (1022 kB)
[    0.000000]        .bss : 0xc0f2e000 - 0xc0f7d6a8   ( 318 kB)
[    0.000000] SLUB: HWalign=64, Order=0-3, MinObjects=0, CPUs=4, Nodes=1
[    0.000000] Hierarchical RCU implementation.
[    0.000000] 	Additional per-CPU info printed with stalls.
[    0.000000] 	RCU restricting CPUs from NR_CPUS=16 to nr_cpu_ids=4.
[    0.000000] RCU: Adjusting geometry for rcu_fanout_leaf=16, nr_cpu_ids=4
[    0.000000] NR_IRQS:16 nr_irqs:16 16
[    0.000000] /interrupt-controller@60004000: 160 interrupts forwarded to /interrupt-controller@0,50041000
[    0.000000] L2C: failed to init: -19
[    0.000010] sched_clock: 32 bits at 1000kHz, resolution 1000ns, wraps every 2147483647500ns
[    0.000028] clocksource timer_us: mask: 0xffffffff max_cycles: 0xffffffff, max_idle_ns: 1911260446275 ns
[    0.000042] Switching to timer-based delay loop, resolution 1000ns
[    0.004380] Architected cp15 timer(s) running at 12.00MHz (virt).
[    0.004397] clocksource arch_sys_counter: mask: 0xffffffffffffff max_cycles: 0x2c47f4ee7, max_idle_ns: 440795202497 ns
[    0.004415] sched_clock: 56 bits at 12MHz, resolution 83ns, wraps every 4398046511096ns
[    0.004428] Switching to timer-based delay loop, resolution 83ns
[    0.004813] Console: colour dummy device 80x30
[    0.004837] Calibrating delay loop (skipped), value calculated using timer frequency.. 24.00 BogoMIPS (lpj=60000)
[    0.004851] pid_max: default: 32768 minimum: 301
[    0.004965] Mount-cache hash table entries: 2048 (order: 1, 8192 bytes)
[    0.004976] Mountpoint-cache hash table entries: 2048 (order: 1, 8192 bytes)
[    0.005564] CPU: Testing write buffer coherency: ok
[    0.005768] /cpus/cpu@0 missing clock-frequency property
[    0.005806] /cpus/cpu@1 missing clock-frequency property
[    0.005843] /cpus/cpu@2 missing clock-frequency property
[    0.005881] /cpus/cpu@3 missing clock-frequency property
[    0.005893] CPU0: thread -1, cpu 0, socket 0, mpidr 80000000
[    0.005939] Setting up static identity map for 0x80209000 - 0x80209098
[    0.008717] Tegra Revision: A01 SKU: 129 CPU Process: 1 Core Process: 1
[    0.009941] CPU1: thread -1, cpu 1, socket 0, mpidr 80000001
[    0.010515] CPU2: thread -1, cpu 2, socket 0, mpidr 80000002
[    0.011082] CPU3: thread -1, cpu 3, socket 0, mpidr 80000003
[    0.011142] Brought up 4 CPUs
[    0.011162] SMP: Total of 4 processors activated (96.00 BogoMIPS).
[    0.011170] CPU: All CPU(s) started in SVC mode.
[    0.011692] devtmpfs: initialized
[    0.012582] VFP support v0.3: implementor 41 architecture 4 part 30 variant f rev 0
[    0.013074] clocksource jiffies: mask: 0xffffffff max_cycles: 0xffffffff, max_idle_ns: 9556302231375000 ns
[    0.014683] pinctrl core: initialized pinctrl subsystem
[    0.033797] NET: Registered protocol family 16
[    0.035835] DMA: preallocated 256 KiB pool for atomic coherent allocations
[    0.049218] cpuidle: using governor ladder
[    0.064237] cpuidle: using governor menu
[    0.080548] No ATAGs?
[    0.080585] hw-breakpoint: found 5 (+1 reserved) breakpoint and 4 watchpoint registers.
[    0.080595] hw-breakpoint: maximum watchpoint size is 8 bytes.
[    0.084761] Serial: AMBA PL011 UART driver
[    0.114215] +USB0_VBUS_SW: Failed to request enable GPIO108: -517
[    0.114360] reg-fixed-voltage regulators:regulator@7: Failed to register regulator: -517
[    0.114580] +5V_USB_HS: Failed to request enable GPIO109: -517
[    0.114695] reg-fixed-voltage regulators:regulator@8: Failed to register regulator: -517
[    0.114981] +1.05V_RUN_AVDD_HDMI_PLL: Failed to request enable GPIO63: -517
[    0.115095] reg-fixed-voltage regulators:regulator@11: Failed to register regulator: -517
[    0.115306] +5V_HDMI_CON: Failed to request enable GPIO86: -517
[    0.115418] reg-fixed-voltage regulators:regulator@12: Failed to register regulator: -517
[    0.115630] +5V_SATA: Failed to request enable GPIO242: -517
[    0.115740] reg-fixed-voltage regulators:regulator@13: Failed to register regulator: -517
[    0.115953] +12V_SATA: Failed to request enable GPIO242: -517
[    0.116063] reg-fixed-voltage regulators:regulator@14: Failed to register regulator: -517
[    0.118948] vgaarb: loaded
[    0.119677] SCSI subsystem initialized
[    0.119859] libata version 3.00 loaded.
[    0.120194] usbcore: registered new interface driver usbfs
[    0.120261] usbcore: registered new interface driver hub
[    0.120335] usbcore: registered new device driver usb
[    0.123800] media: Linux media interface: v0.10
[    0.123866] Linux video capture interface: v2.00
[    0.123914] pps_core: LinuxPPS API ver. 1 registered
[    0.123923] pps_core: Software ver. 5.3.6 - Copyright 2005-2007 Rodolfo Giometti <giometti@linux.it>
[    0.123950] PTP clock support registered
[    0.124186] EDAC MC: Ver: 3.0.0
[    0.126238] Advanced Linux Sound Architecture Driver Initialized.
[    0.127340] Switched to clocksource arch_sys_counter
[    0.137916] NET: Registered protocol family 2
[    0.138510] TCP established hash table entries: 8192 (order: 3, 32768 bytes)
[    0.138599] TCP bind hash table entries: 8192 (order: 4, 65536 bytes)
[    0.138786] TCP: Hash tables configured (established 8192 bind 8192)
[    0.138837] UDP hash table entries: 512 (order: 2, 16384 bytes)
[    0.138879] UDP-Lite hash table entries: 512 (order: 2, 16384 bytes)
[    0.139051] NET: Registered protocol family 1
[    0.139293] RPC: Registered named UNIX socket transport module.
[    0.139303] RPC: Registered udp transport module.
[    0.139310] RPC: Registered tcp transport module.
[    0.139318] RPC: Registered tcp NFSv4.1 backchannel transport module.
[    0.139337] PCI: CLS 0 bytes, default 64
[    0.141649] futex hash table entries: 1024 (order: 4, 65536 bytes)
[    0.153769] squashfs: version 4.0 (2009/01/31) Phillip Lougher
[    0.154726] NFS: Registering the id_resolver key type
[    0.154754] Key type id_resolver registered
[    0.154764] Key type id_legacy registered
[    0.154833] ntfs: driver 2.1.32 [Flags: R/O].
[    0.156026] bounce: pool size: 64 pages
[    0.156258] Block layer SCSI generic (bsg) driver version 0.4 loaded (major 248)
[    0.156275] io scheduler noop registered
[    0.156291] io scheduler deadline registered
[    0.156503] io scheduler cfq registered (default)
[    0.172820] tegra-pcie 1003000.pcie-controller: 2x1, 1x1 configuration
[    0.172870] tegra-pcie 1003000.pcie-controller: Failed to get supply 'avddio-pex': -517
[    0.179604] tegra-apbdma 60020000.dma: Tegra20 APB DMA driver register 32 channels
[    0.180466] tegra-pmc 7000e400.pmc: emergency thermal reset enabled
[    0.245553] Serial: 8250/16550 driver, 4 ports, IRQ sharing disabled
[    0.247807] SuperH (H)SCI(F) driver initialized
[    0.248561] msm_serial: driver initialized
[    0.249428] console [ttyS0] disabled
[    0.249462] 70006300.serial: ttyS0 at MMIO 0x70006300 (irq = 331, base_baud = 25500000) is a Tegra
[    1.078785] console [ttyS0] enabled
[    1.083093] STMicroelectronics ASC driver initialized
[    1.090327] [drm] Initialized drm 1.1.0 20060810
[    1.096922] tegra-hdmi 54280000.hdmi: failed to get HDMI regulator
[    1.110268] loop: module loaded
[    1.113722] at24 0-0056: 256 byte 24c02 EEPROM, writable, 8 bytes/write
[    1.121661] as3722 4-0040: AS3722 with revision 0x1 found
[    1.144667] +5V_SYS: supplied by +VDD_MUX
[    1.148735] +1.05V_RUN: supplied by +5V_SYS
[    1.153026] tegra-ahci 70027000.sata: Failed to get supply 'hvdd': -517
[    1.159700] tegra-ahci 70027000.sata: Failed to get regulators
[    1.169683] m25p80 spi32765.0: w25q32dw (4096 Kbytes)
[    1.178074] CAN device driver interface
[    1.183167] igb: Intel(R) Gigabit Ethernet Network Driver - version 5.2.15-k
[    1.190224] igb: Copyright (c) 2007-2014 Intel Corporation.
[    1.198022] pegasus: v0.9.3 (2013/04/25), Pegasus/Pegasus II USB Ethernet driver
[    1.205479] usbcore: registered new interface driver pegasus
[    1.211219] usbcore: registered new interface driver asix
[    1.216681] usbcore: registered new interface driver ax88179_178a
[    1.222835] usbcore: registered new interface driver cdc_ether
[    1.228751] usbcore: registered new interface driver smsc75xx
[    1.234586] usbcore: registered new interface driver smsc95xx
[    1.240394] usbcore: registered new interface driver net1080
[    1.246115] usbcore: registered new interface driver cdc_subset
[    1.252101] usbcore: registered new interface driver zaurus
[    1.257773] usbcore: registered new interface driver cdc_ncm
[    1.263676] tegra-phy 7d004000.usb-phy: no vbus regulator
[    1.270874] ehci_hcd: USB 2.0 'Enhanced' Host Controller (EHCI) Driver
[    1.277421] ehci-pci: EHCI PCI platform driver
[    1.281916] ehci-platform: EHCI generic platform driver
[    1.287383] ehci-omap: OMAP-EHCI Host Controller driver
[    1.292764] ehci-orion: EHCI orion driver
[    1.296918] SPEAr-ehci: EHCI SPEAr driver
[    1.301089] ehci-st: EHCI STMicroelectronics driver
[    1.306126] ehci-exynos: EHCI EXYNOS driver
[    1.310488] tegra-ehci: Tegra EHCI driver
[    1.314809] tegra-ehci 7d004000.usb: EHCI Host Controller
[    1.320245] tegra-ehci 7d004000.usb: new USB bus registered, assigned bus number 1
[    1.327987] tegra-ehci 7d004000.usb: irq 346, io mem 0x7d004000
[    1.342361] tegra-ehci 7d004000.usb: USB 2.0 started, EHCI 1.10
[    1.349097] hub 1-0:1.0: USB hub found
[    1.352904] hub 1-0:1.0: 1 port detected
[    1.357427] ohci_hcd: USB 1.1 'Open' Host Controller (OHCI) Driver
[    1.363634] ohci-pci: OHCI PCI platform driver
[    1.368148] ohci-platform: OHCI generic platform driver
[    1.373564] ohci-omap3: OHCI OMAP3 driver
[    1.377741] SPEAr-ohci: OHCI SPEAr driver
[    1.381897] ohci-st: OHCI STMicroelectronics driver
[    1.387029] usbcore: registered new interface driver usb-storage
[    1.394578] mousedev: PS/2 mouse device common for all mice
[    1.404039] as3722-rtc as3722-rtc: rtc core: registered as3722-rtc as rtc0
[    1.410924] as3722-rtc as3722-rtc: RTC interrupt 365
[    1.419160] tegra_rtc 7000e000.rtc: rtc core: registered 7000e000.rtc as rtc1
[    1.426344] tegra_rtc 7000e000.rtc: Tegra internal Real Time Clock
[    1.433146] i2c /dev entries driver
[    1.439572] usbcore: registered new interface driver uvcvideo
[    1.445332] USB Video Class driver (1.1.1)
[    1.449442] gspca_main: v2.14.0 registered
[    1.455046] 0-004c supply vcc not found, using dummy regulator
[    1.465704] sdhci: Secure Digital Host Controller Interface driver
[    1.471895] sdhci: Copyright(c) Pierre Ossman
[    1.477724] Synopsys Designware Multimedia Card Interface Driver
[    1.484854] sdhci-pltfm: SDHCI platform and OF driver helper
[    1.491210] sdhci-tegra 700b0400.sdhci: Got CD GPIO
[    1.496116] sdhci-tegra 700b0400.sdhci: Got WP GPIO
[    1.501049] mmc0: Unknown controller version (3). You may experience problems.
[    1.508420] as3722-regulator as3722-regulator: Failed to resolve vin-ldo1-6-supply for as3722-ldo6
[    1.517388] sdhci-tegra 700b0400.sdhci: No vmmc regulator found
[    1.523468] mmc0: Unknown controller version (3). You may experience problems.
[    1.530751] sdhci-tegra 700b0600.sdhci: No vmmc regulator found
[    1.536685] sdhci-tegra 700b0600.sdhci: No vqmmc regulator found
[    1.542697] mmc0: Invalid maximum block size, assuming 512 bytes
[    1.582360] mmc0: SDHCI controller on 700b0600.sdhci [700b0600.sdhci] using ADMA 64-bit
[    1.591487] ledtrig-cpu: registered to indicate activity on CPUs
[    1.597734] usbcore: registered new interface driver usbhid
[    1.603315] usbhid: USB HID core driver
[    1.610698] usbcore: registered new interface driver snd-usb-audio
[    1.656307] mmc0: MAN_BKOPS_EN bit is not set
[    1.663887] mmc0: new high speed MMC card at address 0001
[    1.669647] mmcblk0: mmc0:0001 SEM16G 14.6 GiB 
[    1.674290] mmcblk0boot0: mmc0:0001 SEM16G partition 1 4.00 MiB
[    1.680315] mmcblk0boot1: mmc0:0001 SEM16G partition 2 4.00 MiB
[    1.686344] mmcblk0rpmb: mmc0:0001 SEM16G partition 3 4.00 MiB
[    1.694169] Primary GPT is invalid, using alternate GPT.
[    1.699522]  mmcblk0: p1 p2 p3 p4 p5 p6 p7 p8 p9
[    2.035375] tegra30-i2s 70301100.i2s: DMA channels sourced from device 70300000.ahub
[    2.051835] tegra-snd-rt5640 sound: rt5640-aif1 <-> 70301100.i2s mapping ok
[    2.061639] input: NVIDIA Tegra Jetson TK1 Headphones as /devices/soc0/sound/sound/card0/input0
[    2.071774] NET: Registered protocol family 17
[    2.076256] can: controller area network core (rev 20120528 abi 9)
[    2.082510] NET: Registered protocol family 29
[    2.086960] can: raw protocol (rev 20120528)
[    2.091249] can: broadcast manager protocol (rev 20120528 t)
[    2.096929] can: netlink gateway (rev 20130117) max_hops=1
[    2.102810] Key type dns_resolver registered
[    2.107711] ThumbEE CPU extension supported.
[    2.111991] Registering SWP/SWPB emulation handler
[    2.122677] tegra-pcie 1003000.pcie-controller: 2x1, 1x1 configuration
[    2.129527] +3.3V_SYS: supplied by +VDD_MUX
[    2.133788] +3.3V_LP0: supplied by +3.3V_SYS
[    2.138446] +1.35V_LP0(sd2): supplied by +5V_SYS
[    2.143177] +1.05V_RUN_AVDD: supplied by +1.35V_LP0(sd2)
[    2.149975] tegra-pcie 1003000.pcie-controller: probing port 0, using 2 lanes
[    2.159218] tegra-pcie 1003000.pcie-controller: Slot present pin change, signature: 00000008
[    2.586170] tegra-pcie 1003000.pcie-controller: link 0 down, retrying
[    3.014556] tegra-pcie 1003000.pcie-controller: link 0 down, retrying
[    3.442953] tegra-pcie 1003000.pcie-controller: link 0 down, retrying
[    3.451522] tegra-pcie 1003000.pcie-controller: link 0 down, ignoring
[    3.458013] tegra-pcie 1003000.pcie-controller: probing port 1, using 1 lanes
[    3.467268] tegra-pcie 1003000.pcie-controller: Slot present pin change, signature: 00000000
[    3.894779] tegra-pcie 1003000.pcie-controller: link 1 down, retrying
[    4.323114] tegra-pcie 1003000.pcie-controller: link 1 down, retrying
[    4.751398] tegra-pcie 1003000.pcie-controller: link 1 down, retrying
[    4.759972] tegra-pcie 1003000.pcie-controller: link 1 down, ignoring
[    4.766680] tegra-pcie 1003000.pcie-controller: PCI host bridge to bus 0000:00
[    4.773917] pci_bus 0000:00: root bus resource [mem 0x13000000-0x1fffffff]
[    4.780800] pci_bus 0000:00: root bus resource [mem 0x20000000-0x3fffffff pref]
[    4.788117] pci_bus 0000:00: root bus resource [bus 00-ff]
[    4.793609] pci_bus 0000:00: root bus resource [io  0x1000-0xffff]
[    4.799821] PCI: bus0: Fast back to back transfers enabled
[    4.806065] +5V_HDMI_CON: supplied by +5V_SYS
[    4.810541] +1.05V_RUN_AVDD_HDMI_PLL: supplied by +1.05V_RUN
[    4.816336] +3.3V_RUN: supplied by +3.3V_SYS
[    4.820649] +3.3V_AVDD_HDMI_AP_GATED: supplied by +3.3V_RUN
[    4.828613] [drm] Supports vblank timestamp caching Rev 2 (21.10.2013).
[    4.835285] [drm] No driver support for vblank timestamp query.
[    4.939551] tegra-hdmi 54280000.hdmi: cannot set audio to 44100 at 297000000 pclk
[    5.049203] Console: switching to colour frame buffer device 512x135
[    5.143594] drm drm: fb0:  frame buffer device
[    5.148052] drm drm: registered panic notifier
[    5.167375] [drm] Initialized tegra 0.0.0 20120330 on minor 0
[    5.174204] +5V_SATA: supplied by +5V_SYS
[    5.178355] +12V_SATA: supplied by +VDD_MUX
[    5.182997] tegra-ahci 70027000.sata: AHCI 0001.0301 32 slots 2 ports 3 Gbps 0x1 impl platform mode
[    5.192098] tegra-ahci 70027000.sata: flags: 64bit ncq sntf pm led pio slum part sadm sds apst 
[    5.202876] scsi host0: tegra-ahci
[    5.207220] scsi host1: tegra-ahci
[    5.211091] ata1: SATA max UDMA/133 mmio [mem 0x70027000-0x70028fff] port 0x100 irq 341
[    5.219132] ata2: DUMMY
[    5.222909] +5V_USB_HS: supplied by +5V_SYS
[    5.228519] tegra-ehci 7d008000.usb: EHCI Host Controller
[    5.233992] tegra-ehci 7d008000.usb: new USB bus registered, assigned bus number 2
[    5.241761] tegra-ehci 7d008000.usb: irq 347, io mem 0x7d008000
[    5.257369] tegra-ehci 7d008000.usb: USB 2.0 started, EHCI 1.10
[    5.264212] hub 2-0:1.0: USB hub found
[    5.268023] hub 2-0:1.0: 1 port detected
[    5.273536] sdhci-tegra 700b0400.sdhci: Got CD GPIO
[    5.278490] sdhci-tegra 700b0400.sdhci: Got WP GPIO
[    5.283478] mmc1: Unknown controller version (3). You may experience problems.
[    5.290887] +VDDIO_SDMMC3: supplied by +3.3V_RUN
[    5.295640] sdhci-tegra 700b0400.sdhci: No vmmc regulator found
[    5.301626] mmc1: Invalid maximum block size, assuming 512 bytes
[    5.342746] mmc1: SDHCI controller on 700b0400.sdhci [700b0400.sdhci] using ADMA 64-bit
[    5.351857] input: gpio-keys as /devices/soc0/gpio-keys/input/input1
[    5.359146] as3722-rtc as3722-rtc: setting system clock to 2000-02-01 00:00:18 UTC (949363218)
[    5.379203] +USB0_VBUS_SW: disabling
[    5.382801] +1.8V_RUN_VPP_FUSE: disabling
[    5.386944] +2.8V_RUN_CAM_AF: disabling
[    5.390912] +3.3V_RUN_TOUCH: disabling
[    5.394793] +1.05V_RUN_CAM_REAR: disabling
[    5.399015] +1.2V_RUN_CAM_FRONT: disabling
[    5.403250] +2.8V_RUN_CAM: disabling
[    5.406937] +1.8V_RUN_CAM: disabling
[    5.410943] ALSA device list:
[    5.413919]   #0: NVIDIA Tegra Jetson TK1
[    5.542519] ata1: SATA link down (SStatus 0 SControl 300)
[    5.548870] EXT4-fs (mmcblk0p1): couldn't mount as ext3 due to feature incompatibilities
[    5.557712] EXT4-fs (mmcblk0p1): couldn't mount as ext2 due to feature incompatibilities
[    5.573129] EXT4-fs (mmcblk0p1): recovery complete
[    5.577982] EXT4-fs (mmcblk0p1): mounted filesystem with ordered data mode. Opts: (null)
[    5.586151] VFS: Mounted root (ext4 filesystem) on device 179:1.
[    5.592364] usb 2-1: new high-speed USB device number 2 using tegra-ehci
[    5.600890] devtmpfs: mounted
[    5.604568] Freeing unused kernel memory: 820K (c0d5f000 - c0e2c000)
bash: cannot set terminal process group (-1): Inappropriate ioctl for device
bash: no job control in this shell
root@(none):/# 