
U-Boot SPL 2014.01-00219-gc4d376f (Feb 18 2014 - 19:57:32)


U-Boot 2014.01-00219-gc4d376f (Feb 18 2014 - 19:57:32)

TEGRA114
Board: NVIDIA Dalmore
I2C:   ready
DRAM:  2 GiB
MMC:   Tegra SD/MMC: 0, Tegra SD/MMC: 1
In:    serial
Out:   serial
Err:   serial
Net:   Net Initialization Skipped
No ethernet found.
Hit any key to stop autoboot:  2  0 
Tegra114 (Dalmore) # 
Tegra114 (Dalmore) # usb reset
(Re)start USB...
USB0:   USB EHCI 1.10
scanning bus 0 for devices... 2 USB Device(s) found
       scanning usb for storage devices... 0 Storage Device(s) found
       scanning usb for ethernet devices... 
Warning: asx0 using MAC address from net device
1 Ethernet Device(s) found
Tegra114 (Dalmore) # setenv bootargs 'ignore_loglevel console=ttyS0,115200n8 rw root=/dev/mmcblk0p1 rootwait gpt debug init=/bin/bash'
Tegra114 (Dalmore) # setenv ipaddr 192.168.100.100; setenv serverip 192.168.100.1; setenv tftpserverip 192.168.100.1
Tegra114 (Dalmore) # tftpboot 0x81000000 zImage.multi_v7_defconfig
Using asx0 device
TFTP from server 192.168.100.1; our IP address is 192.168.100.100
Filename 'zImage.multi_v7_defconfig'.
Load address: 0x81000000
Loading: *#################################################################
	 #################################################################
	 #################################################################
	 #################################################################
	 #################################################################
	 #################################################################
	 ##############################
	 3.3 MiB/s
done
Bytes transferred = 6155136 (5deb80 hex)
Tegra114 (Dalmore) # tftpboot 0x82000000 tegra114-dalmore.dtb
Using asx0 device
TFTP from server 192.168.100.1; our IP address is 192.168.100.100
Filename 'tegra114-dalmore.dtb'.
Load address: 0x82000000
Loading: *###
	 3 MiB/s
done
Bytes transferred = 34894 (884e hex)
Tegra114 (Dalmore) # bootz 0x81000000 - 0x82000000
Kernel image @ 0x81000000 [ 0x000000 - 0x5deb80 ]
## Flattened Device Tree blob at 82000000
   Booting using the fdt blob at 0x82000000
   Loading Device Tree to 8fff4000, end 8ffff84d ... OK

Starting kernel ...

[    0.000000] Booting Linux on physical CPU 0x0
[    0.000000] Linux version 4.2.0-rc7-28329-gf4566ed (pwalmsley@sellafield) (gcc version 4.7.3 20130328 (prerelease) (crosstool-NG linaro-1.13.1-4.7-2013.04-20130415 - Linaro GCC 2013.04) ) #1 SMP Wed Aug 19 07:52:38 PDT 2015
[    0.000000] CPU: ARMv7 Processor [412fc0f2] revision 2 (ARMv7), cr=10c5387d
[    0.000000] CPU: PIPT / VIPT nonaliasing data cache, PIPT instruction cache
[    0.000000] Machine model: NVIDIA Tegra114 Dalmore evaluation board
[    0.000000] debug: ignoring loglevel setting.
[    0.000000] cma: Reserved 64 MiB at 0xfb800000
[    0.000000] Memory policy: Data cache writealloc
[    0.000000] On node 0 totalpages: 524032
[    0.000000] free_area_init_node: node 0, pgdat c0efdb00, node_mem_map ee7f8000
[    0.000000]   DMA zone: 1520 pages used for memmap
[    0.000000]   DMA zone: 0 pages reserved
[    0.000000]   DMA zone: 194560 pages, LIFO batch:31
[    0.000000]   HighMem zone: 329472 pages, LIFO batch:31
[    0.000000] PERCPU: Embedded 11 pages/cpu @ee7a7000 s14784 r8192 d22080 u45056
[    0.000000] pcpu-alloc: s14784 r8192 d22080 u45056 alloc=11*4096
[    0.000000] pcpu-alloc: [0] 0 [0] 1 [0] 2 [0] 3 
[    0.000000] Built 1 zonelists in Zone order, mobility grouping on.  Total pages: 522512
[    0.000000] Kernel command line: ignore_loglevel console=ttyS0,115200n8 rw root=/dev/mmcblk0p1 rootwait gpt debug init=/bin/bash
[    0.000000] PID hash table entries: 4096 (order: 2, 16384 bytes)
[    0.000000] Dentry cache hash table entries: 131072 (order: 7, 524288 bytes)
[    0.000000] Inode-cache hash table entries: 65536 (order: 6, 262144 bytes)
[    0.000000] Memory: 1999412K/2096128K available (7782K kernel code, 1038K rwdata, 3508K rodata, 944K init, 327K bss, 31180K reserved, 65536K cma-reserved, 1252352K highmem)
[    0.000000] Virtual kernel memory layout:
[    0.000000]     vector  : 0xffff0000 - 0xffff1000   (   4 kB)
[    0.000000]     fixmap  : 0xffc00000 - 0xfff00000   (3072 kB)
[    0.000000]     vmalloc : 0xf0000000 - 0xff000000   ( 240 MB)
[    0.000000]     lowmem  : 0xc0000000 - 0xef800000   ( 760 MB)
[    0.000000]     pkmap   : 0xbfe00000 - 0xc0000000   (   2 MB)
[    0.000000]     modules : 0xbf000000 - 0xbfe00000   (  14 MB)
[    0.000000]       .text : 0xc0208000 - 0xc0d0faa0   (11295 kB)
[    0.000000]       .init : 0xc0d10000 - 0xc0dfc000   ( 944 kB)
[    0.000000]       .data : 0xc0dfc000 - 0xc0effb00   (1039 kB)
[    0.000000]        .bss : 0xc0f02000 - 0xc0f53c28   ( 328 kB)
[    0.000000] SLUB: HWalign=64, Order=0-3, MinObjects=0, CPUs=4, Nodes=1
[    0.000000] Hierarchical RCU implementation.
[    0.000000] 	Additional per-CPU info printed with stalls.
[    0.000000] 	Build-time adjustment of leaf fanout to 32.
[    0.000000] 	RCU restricting CPUs from NR_CPUS=16 to nr_cpu_ids=4.
[    0.000000] RCU: Adjusting geometry for rcu_fanout_leaf=32, nr_cpu_ids=4
[    0.000000] NR_IRQS:16 nr_irqs:16 16
[    0.000000] /interrupt-controller@60004000: 160 interrupts forwarded to /interrupt-controller@50041000
[    0.000000] L2C: failed to init: -19
[    0.000009] sched_clock: 32 bits at 1000kHz, resolution 1000ns, wraps every 2147483647500ns
[    0.000029] clocksource: timer_us: mask: 0xffffffff max_cycles: 0xffffffff, max_idle_ns: 1911260446275 ns
[    0.000042] Switching to timer-based delay loop, resolution 1000ns
[    0.002831] Architected cp15 timer(s) running at 12.00MHz (virt).
[    0.002850] clocksource: arch_sys_counter: mask: 0xffffffffffffff max_cycles: 0x2c47f4ee7, max_idle_ns: 440795202497 ns
[    0.002869] sched_clock: 56 bits at 12MHz, resolution 83ns, wraps every 4398046511096ns
[    0.002881] Switching to timer-based delay loop, resolution 83ns
[    0.003243] Console: colour dummy device 80x30
[    0.003268] Calibrating delay loop (skipped), value calculated using timer frequency.. 24.00 BogoMIPS (lpj=60000)
[    0.003283] pid_max: default: 32768 minimum: 301
[    0.003398] Mount-cache hash table entries: 2048 (order: 1, 8192 bytes)
[    0.003410] Mountpoint-cache hash table entries: 2048 (order: 1, 8192 bytes)
[    0.004020] CPU: Testing write buffer coherency: ok
[    0.004226] /cpus/cpu@0 missing clock-frequency property
[    0.004255] /cpus/cpu@1 missing clock-frequency property
[    0.004284] /cpus/cpu@2 missing clock-frequency property
[    0.004313] /cpus/cpu@3 missing clock-frequency property
[    0.004325] CPU0: thread -1, cpu 0, socket 0, mpidr 80000000
[    0.004377] Setting up static identity map for 0x80209000 - 0x80209098
[    0.006534] Tegra Revision: A01 SKU: 0 CPU Process: 1 Core Process: 0
[    0.007689] CPU1: thread -1, cpu 1, socket 0, mpidr 80000001
[    0.008307] CPU2: thread -1, cpu 2, socket 0, mpidr 80000002
[    0.008915] CPU3: thread -1, cpu 3, socket 0, mpidr 80000003
[    0.008980] Brought up 4 CPUs
[    0.009001] SMP: Total of 4 processors activated (96.00 BogoMIPS).
[    0.009008] CPU: All CPU(s) started in SVC mode.
[    0.009558] devtmpfs: initialized
[    0.020696] VFP support v0.3: implementor 41 architecture 4 part 30 variant f rev 0
[    0.021348] clocksource: jiffies: mask: 0xffffffff max_cycles: 0xffffffff, max_idle_ns: 9556302231375000 ns
[    0.023083] pinctrl core: initialized pinctrl subsystem
[    0.024693] NET: Registered protocol family 16
[    0.026762] DMA: preallocated 256 KiB pool for atomic coherent allocations
[    0.042756] cpuidle: using governor ladder
[    0.057776] cpuidle: using governor menu
[    0.072546] No ATAGs?
[    0.072583] hw-breakpoint: found 5 (+1 reserved) breakpoint and 4 watchpoint registers.
[    0.072593] hw-breakpoint: maximum watchpoint size is 8 bytes.
[    0.076604] Serial: AMBA PL011 UART driver
[    0.077752] tegra-mc 70019000.memory-controller: no memory timings for RAM code 3 registered
[    0.107283] dvdd_ts: Failed to request enable GPIO61: -517
[    0.107412] reg-fixed-voltage regulators:regulator@1: Failed to register regulator: -517
[    0.107635] usb1_vbus: Failed to request enable GPIO108: -517
[    0.107750] reg-fixed-voltage regulators:regulator@3: Failed to register regulator: -517
[    0.107992] usb2_vbus: Failed to request enable GPIO86: -517
[    0.108108] reg-fixed-voltage regulators:regulator@4: Failed to register regulator: -517
[    0.108621] VDD_5V0_HDMI_CON: Failed to request enable GPIO81: -517
[    0.108736] reg-fixed-voltage regulators:regulator@7: Failed to register regulator: -517
[    0.111334] vgaarb: loaded
[    0.112135] SCSI subsystem initialized
[    0.112321] libata version 3.00 loaded.
[    0.112660] usbcore: registered new interface driver usbfs
[    0.112735] usbcore: registered new interface driver hub
[    0.112812] usbcore: registered new device driver usb
[    0.116445] tps65090 2-0048: No cache defaults, reading back from HW
[    0.122646] palmas 2-0058: Irq flag is 0x00000000
[    0.125845] palmas 2-0058: Muxing GPIO ff, PWM 0, LED 0
[    0.135471] sdhci-vdd-sd-slot: ramp_delay not set
[    0.160929] pps_core: LinuxPPS API ver. 1 registered
[    0.160940] pps_core: Software ver. 5.3.6 - Copyright 2005-2007 Rodolfo Giometti <giometti@linux.it>
[    0.160971] PTP clock support registered
[    0.161203] EDAC MC: Ver: 3.0.0
[    0.163769] clocksource: Switched to clocksource arch_sys_counter
[    0.175377] NET: Registered protocol family 2
[    0.175913] TCP established hash table entries: 8192 (order: 3, 32768 bytes)
[    0.176013] TCP bind hash table entries: 8192 (order: 4, 65536 bytes)
[    0.176200] TCP: Hash tables configured (established 8192 bind 8192)
[    0.176252] UDP hash table entries: 512 (order: 2, 16384 bytes)
[    0.176294] UDP-Lite hash table entries: 512 (order: 2, 16384 bytes)
[    0.176467] NET: Registered protocol family 1
[    0.176717] RPC: Registered named UNIX socket transport module.
[    0.176727] RPC: Registered udp transport module.
[    0.176734] RPC: Registered tcp transport module.
[    0.176742] RPC: Registered tcp NFSv4.1 backchannel transport module.
[    0.176761] PCI: CLS 0 bytes, default 64
[    0.179069] futex hash table entries: 1024 (order: 4, 65536 bytes)
[    0.191563] squashfs: version 4.0 (2009/01/31) Phillip Lougher
[    0.192518] NFS: Registering the id_resolver key type
[    0.192555] Key type id_resolver registered
[    0.192564] Key type id_legacy registered
[    0.192632] ntfs: driver 2.1.32 [Flags: R/O].
[    0.193713] bounce: pool size: 64 pages
[    0.193970] Block layer SCSI generic (bsg) driver version 0.4 loaded (major 249)
[    0.193989] io scheduler noop registered
[    0.194005] io scheduler deadline registered
[    0.194215] io scheduler cfq registered (default)
[    0.212860] vdd-lcd-bl: supplied by vdd_ac_bat
[    0.214503] tegra-ahb 6000c004.ahb: incorrect AHB base address in DT data - enabling workaround
[    0.219707] tegra-apbdma 6000a000.dma: Tegra20 APB DMA driver register 32 channels
[    0.220735] tegra-pmc 7000e400.pmc: i2c-thermtrip node not found, emergency thermal reset disabled.
[    0.288262] Serial: 8250/16550 driver, 4 ports, IRQ sharing disabled
[    0.290674] SuperH (H)SCI(F) driver initialized
[    0.291623] msm_serial: driver initialized
[    0.292527] console [ttyS0] disabled
[    0.292563] 70006300.serial: ttyS0 at MMIO 0x70006300 (irq = 329, base_baud = 25500000) is a Tegra
[    1.109097] console [ttyS0] enabled
[    1.113400] STMicroelectronics ASC driver initialized
[    1.120698] [drm] Initialized drm 1.1.0 20060810
[    1.127309] vdd-ao: supplied by vdd_ac_bat
[    1.131649] vddio-1v8: supplied by vdd-ao
[    1.136057] avdd-dsi-csi: supplied by vddio-1v8
[    1.142646] tegra-hdmi 54280000.hdmi: failed to get HDMI regulator
[    1.150603] vdd-sys-3v3: supplied by vdd_ac_bat
[    1.155360] avdd-lcd: supplied by vdd-sys-3v3
[    1.165901] loop: module loaded
[    1.175479] m25p80 spi32766.0: w25q32dw (4096 Kbytes)
[    1.183909] CAN device driver interface
[    1.189008] igb: Intel(R) Gigabit Ethernet Network Driver - version 5.2.18-k
[    1.196063] igb: Copyright (c) 2007-2014 Intel Corporation.
[    1.204608] pegasus: v0.9.3 (2013/04/25), Pegasus/Pegasus II USB Ethernet driver
[    1.212067] usbcore: registered new interface driver pegasus
[    1.217814] usbcore: registered new interface driver asix
[    1.223280] usbcore: registered new interface driver ax88179_178a
[    1.229442] usbcore: registered new interface driver cdc_ether
[    1.235361] usbcore: registered new interface driver smsc75xx
[    1.241194] usbcore: registered new interface driver smsc95xx
[    1.247002] usbcore: registered new interface driver net1080
[    1.252726] usbcore: registered new interface driver cdc_subset
[    1.258708] usbcore: registered new interface driver zaurus
[    1.264386] usbcore: registered new interface driver cdc_ncm
[    1.272102] ehci_hcd: USB 2.0 'Enhanced' Host Controller (EHCI) Driver
[    1.278650] ehci-pci: EHCI PCI platform driver
[    1.283173] ehci-platform: EHCI generic platform driver
[    1.288617] ehci-omap: OMAP-EHCI Host Controller driver
[    1.294001] ehci-orion: EHCI orion driver
[    1.298148] SPEAr-ehci: EHCI SPEAr driver
[    1.302318] ehci-st: EHCI STMicroelectronics driver
[    1.307354] ehci-exynos: EHCI EXYNOS driver
[    1.311716] ehci-atmel: EHCI Atmel driver
[    1.315886] tegra-ehci: Tegra EHCI driver
[    1.320222] ohci_hcd: USB 1.1 'Open' Host Controller (OHCI) Driver
[    1.326433] ohci-pci: OHCI PCI platform driver
[    1.330947] ohci-platform: OHCI generic platform driver
[    1.336346] ohci-omap3: OHCI OMAP3 driver
[    1.340514] SPEAr-ohci: OHCI SPEAr driver
[    1.344686] ohci-st: OHCI STMicroelectronics driver
[    1.349723] ohci-atmel: OHCI Atmel driver
[    1.353974] usbcore: registered new interface driver usb-storage
[    1.361576] mousedev: PS/2 mouse device common for all mice
[    1.372560] palmas-rtc 7000d000.i2c:tps65913@58:rtc: rtc core: registered 7000d000.i2c:tps659 as rtc0
[    1.383723] tegra_rtc 7000e000.rtc: rtc core: registered 7000e000.rtc as rtc1
[    1.390918] tegra_rtc 7000e000.rtc: Tegra internal Real Time Clock
[    1.397660] i2c /dev entries driver
[    1.404446] sbs-battery 0-000b: sbs_probe: Failed to get device status
[    1.410999] sbs-battery: probe of 0-000b failed with error -121
[    1.419643] vdd-sensor-2v85: supplied by vdd-sys-3v3
[    1.431203] sdhci: Secure Digital Host Controller Interface driver
[    1.437392] sdhci: Copyright(c) Pierre Ossman
[    1.443266] Synopsys Designware Multimedia Card Interface Driver
[    1.450350] sdhci-pltfm: SDHCI platform and OF driver helper
[    1.456708] sdhci-tegra 78000400.sdhci: Got CD GPIO
[    1.461614] sdhci-tegra 78000400.sdhci: Got WP GPIO
[    1.467614] sdhci-tegra 78000400.sdhci: No vmmc regulator found
[    1.473544] sdhci-tegra 78000400.sdhci: No vqmmc regulator found
[    1.479560] mmc0: Invalid maximum block size, assuming 512 bytes
[    1.518903] mmc0: SDHCI controller on 78000400.sdhci [78000400.sdhci] using ADMA
[    1.526559] sdhci-tegra 78000600.sdhci: No vmmc regulator found
[    1.532495] sdhci-tegra 78000600.sdhci: No vqmmc regulator found
[    1.538512] mmc1: Invalid maximum block size, assuming 512 bytes
[    1.578788] mmc1: SDHCI controller on 78000600.sdhci [78000600.sdhci] using ADMA
[    1.587291] ledtrig-cpu: registered to indicate activity on CPUs
[    1.593555] usbcore: registered new interface driver usbhid
[    1.599136] usbhid: USB HID core driver
[    1.606518] NET: Registered protocol family 17
[    1.611005] can: controller area network core (rev 20120528 abi 9)
[    1.619292] NET: Registered protocol family 29
[    1.625776] can: raw protocol (rev 20120528)
[    1.630071] can: broadcast manager protocol (rev 20120528 t)
[    1.635760] can: netlink gateway (rev 20130117) max_hops=1
[    1.641642] Key type dns_resolver registered
[    1.650596] ThumbEE CPU extension supported.
[    1.656918] Registering SWP/SWPB emulation handler
[    1.670618] vdd-sys-5v0: supplied by vdd_ac_bat
[    1.677432] VDD_5V0_HDMI_CON: supplied by vdd-sys-5v0
[    1.684614] vdd_hdmi_5v0: supplied by vdd-sys-5v0
[    1.693059] [drm] Supports vblank timestamp caching Rev 2 (21.10.2013).
[    1.699713] [drm] No driver support for vblank timestamp query.
[    1.713398] mmc1: MAN_BKOPS_EN bit is not set
[    1.721582] mmc1: new high speed MMC card at address 0001
[    1.727996] mmcblk0: mmc1:0001 SEM32G 29.1 GiB 
[    1.728463] mmcblk0boot0: mmc1:0001 SEM32G partition 1 4.00 MiB
[    1.728967] mmcblk0boot1: mmc1:0001 SEM32G partition 2 4.00 MiB
[    1.729829] mmcblk0rpmb: mmc1:0001 SEM32G partition 3 4.00 MiB
[    1.733684]  mmcblk0: p1 p2 p3 p4 p5 p6 p7 p8
[    1.752098] Console: switching to colour frame buffer device 240x75
[    1.806501] drm drm: fb0:  frame buffer device
[    1.810995] drm drm: registered panic notifier
[    1.828920] [drm] Initialized tegra 0.0.0 20120330 on minor 0
[    1.835786] usb2_vbus: supplied by vdd-sys-5v0
[    1.842390] tegra-ehci 7d008000.usb: EHCI Host Controller
[    1.847867] tegra-ehci 7d008000.usb: new USB bus registered, assigned bus number 1
[    1.855770] tegra-ehci 7d008000.usb: irq 339, io mem 0x7d008000
[    1.868924] tegra-ehci 7d008000.usb: USB 2.0 started, EHCI 1.10
[    1.876131] hub 1-0:1.0: USB hub found
[    1.879989] hub 1-0:1.0: 1 port detected
[    1.885884] input: gpio-keys as /devices/soc0/gpio-keys/input/input0
[    1.894263] palmas-rtc 7000d000.i2c:tps65913@58:rtc: setting system clock to 2000-02-29 23:46:24 UTC (951867984)
[    1.915349] vdd_cam_1v8_reg: disabling
[    1.919114] usb1_vbus: disabling
[    1.922335] dvdd_ts: disabling
[    1.930583] EXT4-fs (mmcblk0p1): mounting ext3 file system using the ext4 subsystem
[    1.959273] EXT4-fs (mmcblk0p1): recovery complete
[    1.964104] EXT4-fs (mmcblk0p1): mounted filesystem with ordered data mode. Opts: (null)
[    1.972231] VFS: Mounted root (ext3 filesystem) on device 179:1.
[    1.983010] devtmpfs: mounted
[    1.986789] Freeing unused kernel memory: 944K (c0d10000 - c0dfc000)
bash: cannot set terminal process group (-1): Inappropriate ioctl for device
bash: no job control in this shell
root@(none):/# [    2.193917] usb 1-1: new high-speed USB device number 2 using tegra-ehci
