
U-Boot SPL 2014.01-00219-gc4d376f (Feb 18 2014 - 19:57:32)


U-Boot 2014.01-00219-gc4d376f (Feb 18 2014 - 19:57:32)

TEGRA114
Board: NVIDIA Dalmore
I2C:   ready
DRAM:  2 GiB
MMC:   Tegra SD/MMC: 0, Tegra SD/MMC: 1
In:    serial
Out:   serial
Err:   serial
Net:   Net Initialization Skipped
No ethernet found.
Hit any key to stop autoboot:  2  0 
Tegra114 (Dalmore) # 
Tegra114 (Dalmore) # usb reset
(Re)start USB...
USB0:   USB EHCI 1.10
scanning bus 0 for devices... 2 USB Device(s) found
       scanning usb for storage devices... 0 Storage Device(s) found
       scanning usb for ethernet devices... 
Warning: asx0 using MAC address from net device
1 Ethernet Device(s) found
Tegra114 (Dalmore) # setenv bootargs 'ignore_loglevel console=ttyS0,115200n8 rw root=/dev/mmcblk0p1 rootwait gpt debug init=/bin/bash'
Tegra114 (Dalmore) # setenv ipaddr 192.168.100.100; setenv serverip 192.168.100.1; setenv tftpserverip 192.168.100.1
Tegra114 (Dalmore) # tftpboot 0x81000000 zImage.multi_v7_defconfig
Using asx0 device
TFTP from server 192.168.100.1; our IP address is 192.168.100.100
Filename 'zImage.multi_v7_defconfig'.
Load address: 0x81000000
Loading: *#################################################################
	 #################################################################
	 #################################################################
	 #################################################################
	 #################################################################
	 #################################################################
	 #########################################################
	 3.4 MiB/s
done
Bytes transferred = 6551632 (63f850 hex)
Tegra114 (Dalmore) # tftpboot 0x82000000 tegra114-dalmore.dtb
Using asx0 device
TFTP from server 192.168.100.1; our IP address is 192.168.100.100
Filename 'tegra114-dalmore.dtb'.
Load address: 0x82000000
Loading: *###
	 2.8 MiB/s
done
Bytes transferred = 34894 (884e hex)
Tegra114 (Dalmore) # bootz 0x81000000 - 0x82000000
Kernel image @ 0x81000000 [ 0x000000 - 0x63f850 ]
## Flattened Device Tree blob at 82000000
   Booting using the fdt blob at 0x82000000
   Loading Device Tree to 8fff4000, end 8ffff84d ... OK

Starting kernel ...

[    0.000000] Booting Linux on physical CPU 0x0
[    0.000000] Linux version 4.3.0-next-20151103-53646-g3aa8307 (pwalmsley@sellafield) (gcc version 4.7.3 20130328 (prerelease) (crosstool-NG linaro-1.13.1-4.7-2013.04-20130415 - Linaro GCC 2013.04) ) #1 SMP Sat Nov 7 14:32:26 PST 2015
[    0.000000] CPU: ARMv7 Processor [412fc0f2] revision 2 (ARMv7), cr=10c5387d
[    0.000000] CPU: PIPT / VIPT nonaliasing data cache, PIPT instruction cache
[    0.000000] Machine model: NVIDIA Tegra114 Dalmore evaluation board
[    0.000000] debug: ignoring loglevel setting.
[    0.000000] cma: Reserved 64 MiB at 0xfb800000
[    0.000000] Memory policy: Data cache writealloc
[    0.000000] On node 0 totalpages: 524032
[    0.000000] free_area_init_node: node 0, pgdat c0fcc0c0, node_mem_map eeff8000
[    0.000000]   DMA zone: 1536 pages used for memmap
[    0.000000]   DMA zone: 0 pages reserved
[    0.000000]   DMA zone: 196608 pages, LIFO batch:31
[    0.000000]   HighMem zone: 327424 pages, LIFO batch:31
[    0.000000] PERCPU: Embedded 12 pages/cpu @eefa3000 s19200 r8192 d21760 u49152
[    0.000000] pcpu-alloc: s19200 r8192 d21760 u49152 alloc=12*4096
[    0.000000] pcpu-alloc: [0] 0 [0] 1 [0] 2 [0] 3 
[    0.000000] Built 1 zonelists in Zone order, mobility grouping on.  Total pages: 522496
[    0.000000] Kernel command line: ignore_loglevel console=ttyS0,115200n8 rw root=/dev/mmcblk0p1 rootwait gpt debug init=/bin/bash
[    0.000000] PID hash table entries: 4096 (order: 2, 16384 bytes)
[    0.000000] Dentry cache hash table entries: 131072 (order: 7, 524288 bytes)
[    0.000000] Inode-cache hash table entries: 65536 (order: 6, 262144 bytes)
[    0.000000] Memory: 1998552K/2096128K available (8267K kernel code, 1040K rwdata, 3740K rodata, 1052K init, 341K bss, 32040K reserved, 65536K cma-reserved, 1244160K highmem)
[    0.000000] Virtual kernel memory layout:
[    0.000000]     vector  : 0xffff0000 - 0xffff1000   (   4 kB)
[    0.000000]     fixmap  : 0xffc00000 - 0xfff00000   (3072 kB)
[    0.000000]     vmalloc : 0xf0800000 - 0xff800000   ( 240 MB)
[    0.000000]     lowmem  : 0xc0000000 - 0xf0000000   ( 768 MB)
[    0.000000]     pkmap   : 0xbfe00000 - 0xc0000000   (   2 MB)
[    0.000000]     modules : 0xbf000000 - 0xbfe00000   (  14 MB)
[    0.000000]       .text : 0xc0208000 - 0xc0dc2e58   (12012 kB)
[    0.000000]       .init : 0xc0dc3000 - 0xc0eca000   (1052 kB)
[    0.000000]       .data : 0xc0eca000 - 0xc0fce020   (1041 kB)
[    0.000000]        .bss : 0xc0fd1000 - 0xc1026468   ( 342 kB)
[    0.000000] SLUB: HWalign=64, Order=0-3, MinObjects=0, CPUs=4, Nodes=1
[    0.000000] Hierarchical RCU implementation.
[    0.000000] 	Build-time adjustment of leaf fanout to 32.
[    0.000000] 	RCU restricting CPUs from NR_CPUS=16 to nr_cpu_ids=4.
[    0.000000] RCU: Adjusting geometry for rcu_fanout_leaf=32, nr_cpu_ids=4
[    0.000000] NR_IRQS:16 nr_irqs:16 16
[    0.000000] /interrupt-controller@60004000: 160 interrupts forwarded to /interrupt-controller@50041000
[    0.000000] L2C: failed to init: -19
[    0.000008] sched_clock: 32 bits at 1000kHz, resolution 1000ns, wraps every 2147483647500ns
[    0.000027] clocksource: timer_us: mask: 0xffffffff max_cycles: 0xffffffff, max_idle_ns: 1911260446275 ns
[    0.000041] Switching to timer-based delay loop, resolution 1000ns
[    0.002863] Architected cp15 timer(s) running at 12.00MHz (virt).
[    0.002880] clocksource: arch_sys_counter: mask: 0xffffffffffffff max_cycles: 0x2c47f4ee7, max_idle_ns: 440795202497 ns
[    0.002898] sched_clock: 56 bits at 12MHz, resolution 83ns, wraps every 4398046511096ns
[    0.002910] Switching to timer-based delay loop, resolution 83ns
[    0.003275] Console: colour dummy device 80x30
[    0.003299] Calibrating delay loop (skipped), value calculated using timer frequency.. 24.00 BogoMIPS (lpj=60000)
[    0.003313] pid_max: default: 32768 minimum: 301
[    0.003423] Mount-cache hash table entries: 2048 (order: 1, 8192 bytes)
[    0.003435] Mountpoint-cache hash table entries: 2048 (order: 1, 8192 bytes)
[    0.004037] CPU: Testing write buffer coherency: ok
[    0.004253] /cpus/cpu@0 missing clock-frequency property
[    0.004282] /cpus/cpu@1 missing clock-frequency property
[    0.004310] /cpus/cpu@2 missing clock-frequency property
[    0.004340] /cpus/cpu@3 missing clock-frequency property
[    0.004352] CPU0: thread -1, cpu 0, socket 0, mpidr 80000000
[    0.004401] Setting up static identity map for 0x80209000 - 0x80209098
[    0.006653] Tegra Revision: A01 SKU: 0 CPU Process: 1 SoC Process: 0
[    0.007855] CPU1: thread -1, cpu 1, socket 0, mpidr 80000001
[    0.008401] CPU2: thread -1, cpu 2, socket 0, mpidr 80000002
[    0.008941] CPU3: thread -1, cpu 3, socket 0, mpidr 80000003
[    0.009008] Brought up 4 CPUs
[    0.009028] SMP: Total of 4 processors activated (96.00 BogoMIPS).
[    0.009036] CPU: All CPU(s) started in SVC mode.
[    0.010463] devtmpfs: initialized
[    0.021078] VFP support v0.3: implementor 41 architecture 4 part 30 variant f rev 0
[    0.021714] clocksource: jiffies: mask: 0xffffffff max_cycles: 0xffffffff, max_idle_ns: 9556302231375000 ns
[    0.023457] pinctrl core: initialized pinctrl subsystem
[    0.025049] NET: Registered protocol family 16
[    0.027185] DMA: preallocated 256 KiB pool for atomic coherent allocations
[    0.042788] cpuidle: using governor ladder
[    0.057807] cpuidle: using governor menu
[    0.072030] No ATAGs?
[    0.072068] hw-breakpoint: found 5 (+1 reserved) breakpoint and 4 watchpoint registers.
[    0.072078] hw-breakpoint: maximum watchpoint size is 8 bytes.
[    0.076462] Serial: AMBA PL011 UART driver
[    0.077767] tegra-mc 70019000.memory-controller: no memory timings for RAM code 3 registered
[    0.107367] dvdd_ts: Failed to request enable GPIO61: -517
[    0.107492] reg-fixed-voltage regulators:regulator@1: Failed to register regulator: -517
[    0.107718] usb1_vbus: Failed to request enable GPIO108: -517
[    0.107829] reg-fixed-voltage regulators:regulator@3: Failed to register regulator: -517
[    0.108072] usb2_vbus: Failed to request enable GPIO86: -517
[    0.108181] reg-fixed-voltage regulators:regulator@4: Failed to register regulator: -517
[    0.108691] VDD_5V0_HDMI_CON: Failed to request enable GPIO81: -517
[    0.108799] reg-fixed-voltage regulators:regulator@7: Failed to register regulator: -517
[    0.111755] vgaarb: loaded
[    0.112711] SCSI subsystem initialized
[    0.112895] libata version 3.00 loaded.
[    0.113234] usbcore: registered new interface driver usbfs
[    0.113312] usbcore: registered new interface driver hub
[    0.113383] usbcore: registered new device driver usb
[    0.117010] tps65090 2-0048: No cache defaults, reading back from HW
[    0.123221] genirq: Setting trigger mode 8 for irq 341 failed (irq_chip_set_type_parent+0x0/0x28)
[    0.123244] palmas 2-0058: Irq flag is 0x00000000
[    0.126446] palmas 2-0058: Muxing GPIO ff, PWM 0, LED 0
[    0.136157] sdhci-vdd-sd-slot: ramp_delay not set
[    0.160996] pps_core: LinuxPPS API ver. 1 registered
[    0.161007] pps_core: Software ver. 5.3.6 - Copyright 2005-2007 Rodolfo Giometti <giometti@linux.it>
[    0.161036] PTP clock support registered
[    0.161266] EDAC MC: Ver: 3.0.0
[    0.163770] clocksource: Switched to clocksource arch_sys_counter
[    0.174841] NET: Registered protocol family 2
[    0.175353] TCP established hash table entries: 8192 (order: 3, 32768 bytes)
[    0.175456] TCP bind hash table entries: 8192 (order: 4, 65536 bytes)
[    0.175642] TCP: Hash tables configured (established 8192 bind 8192)
[    0.175701] UDP hash table entries: 512 (order: 2, 16384 bytes)
[    0.175743] UDP-Lite hash table entries: 512 (order: 2, 16384 bytes)
[    0.175917] NET: Registered protocol family 1
[    0.176182] RPC: Registered named UNIX socket transport module.
[    0.176191] RPC: Registered udp transport module.
[    0.176199] RPC: Registered tcp transport module.
[    0.176206] RPC: Registered tcp NFSv4.1 backchannel transport module.
[    0.176226] PCI: CLS 0 bytes, default 64
[    0.178451] futex hash table entries: 1024 (order: 4, 65536 bytes)
[    0.190867] squashfs: version 4.0 (2009/01/31) Phillip Lougher
[    0.191819] NFS: Registering the id_resolver key type
[    0.191849] Key type id_resolver registered
[    0.191858] Key type id_legacy registered
[    0.191930] ntfs: driver 2.1.32 [Flags: R/O].
[    0.193331] bounce: pool size: 64 pages
[    0.193552] Block layer SCSI generic (bsg) driver version 0.4 loaded (major 249)
[    0.193570] io scheduler noop registered
[    0.193586] io scheduler deadline registered
[    0.193625] io scheduler cfq registered (default)
[    0.213337] vdd-lcd-bl: supplied by vdd_ac_bat
[    0.220549] tegra-apbdma 6000a000.dma: Tegra20 APB DMA driver register 32 channels
[    0.221993] tegra-pmc 7000e400.pmc: i2c-thermtrip node not found, emergency thermal reset disabled.
[    0.289976] Serial: 8250/16550 driver, 4 ports, IRQ sharing disabled
[    0.292493] SuperH (H)SCI(F) driver initialized
[    0.293420] msm_serial: driver initialized
[    0.294348] console [ttyS0] disabled
[    0.294384] 70006300.serial: ttyS0 at MMIO 0x70006300 (irq = 329, base_baud = 25500000) is a Tegra
[    1.106422] console [ttyS0] enabled
[    1.110669] STMicroelectronics ASC driver initialized
[    1.117942] [drm] Initialized drm 1.1.0 20060810
[    1.124711] vdd-ao: supplied by vdd_ac_bat
[    1.129050] vddio-1v8: supplied by vdd-ao
[    1.133429] avdd-dsi-csi: supplied by vddio-1v8
[    1.140173] tegra-hdmi 54280000.hdmi: failed to get HDMI regulator
[    1.148213] vdd-sys-3v3: supplied by vdd_ac_bat
[    1.152973] avdd-lcd: supplied by vdd-sys-3v3
[    1.164403] loop: module loaded
[    1.174443] m25p80 spi32766.0: w25q32dw (4096 Kbytes)
[    1.179517] spi32766.0: 'partitions' subnode not found on /spi@7000da00/spi-flash@0. Trying to parse direct subnodes as partitions.
[    1.194491] libphy: Fixed MDIO Bus: probed
[    1.199310] CAN device driver interface
[    1.204541] igb: Intel(R) Gigabit Ethernet Network Driver - version 5.3.0-k
[    1.211507] igb: Copyright (c) 2007-2014 Intel Corporation.
[    1.220193] pegasus: v0.9.3 (2013/04/25), Pegasus/Pegasus II USB Ethernet driver
[    1.227646] usbcore: registered new interface driver pegasus
[    1.233389] usbcore: registered new interface driver asix
[    1.238854] usbcore: registered new interface driver ax88179_178a
[    1.245008] usbcore: registered new interface driver cdc_ether
[    1.250921] usbcore: registered new interface driver smsc75xx
[    1.256750] usbcore: registered new interface driver smsc95xx
[    1.262557] usbcore: registered new interface driver net1080
[    1.268278] usbcore: registered new interface driver cdc_subset
[    1.274264] usbcore: registered new interface driver zaurus
[    1.279938] usbcore: registered new interface driver cdc_ncm
[    1.287557] ehci_hcd: USB 2.0 'Enhanced' Host Controller (EHCI) Driver
[    1.294105] ehci-pci: EHCI PCI platform driver
[    1.298598] ehci-platform: EHCI generic platform driver
[    1.304046] ehci-omap: OMAP-EHCI Host Controller driver
[    1.309425] ehci-orion: EHCI orion driver
[    1.313571] SPEAr-ehci: EHCI SPEAr driver
[    1.317740] ehci-st: EHCI STMicroelectronics driver
[    1.322774] ehci-exynos: EHCI EXYNOS driver
[    1.327134] ehci-atmel: EHCI Atmel driver
[    1.331303] tegra-ehci: Tegra EHCI driver
[    1.335636] ohci_hcd: USB 1.1 'Open' Host Controller (OHCI) Driver
[    1.341844] ohci-pci: OHCI PCI platform driver
[    1.346357] ohci-platform: OHCI generic platform driver
[    1.351755] ohci-omap3: OHCI OMAP3 driver
[    1.355919] SPEAr-ohci: OHCI SPEAr driver
[    1.360088] ohci-st: OHCI STMicroelectronics driver
[    1.365116] ohci-atmel: OHCI Atmel driver
[    1.369631] usbcore: registered new interface driver usb-storage
[    1.377180] mousedev: PS/2 mouse device common for all mice
[    1.387968] palmas-rtc 7000d000.i2c:tps65913@58:rtc: rtc core: registered 7000d000.i2c:tps659 as rtc0
[    1.399130] tegra_rtc 7000e000.rtc: rtc core: registered 7000e000.rtc as rtc1
[    1.406323] tegra_rtc 7000e000.rtc: Tegra internal Real Time Clock
[    1.413060] i2c /dev entries driver
[    1.420438] sbs-battery 0-000b: sbs_probe: Failed to get device status
[    1.426988] sbs-battery: probe of 0-000b failed with error -121
[    1.435671] vdd-sensor-2v85: supplied by vdd-sys-3v3
[    1.447912] sdhci: Secure Digital Host Controller Interface driver
[    1.454106] sdhci: Copyright(c) Pierre Ossman
[    1.460013] Synopsys Designware Multimedia Card Interface Driver
[    1.467123] sdhci-pltfm: SDHCI platform and OF driver helper
[    1.473501] sdhci-tegra 78000400.sdhci: Got CD GPIO
[    1.478407] sdhci-tegra 78000400.sdhci: Got WP GPIO
[    1.484464] sdhci-tegra 78000400.sdhci: No vmmc regulator found
[    1.490394] sdhci-tegra 78000400.sdhci: No vqmmc regulator found
[    1.496404] mmc0: Invalid maximum block size, assuming 512 bytes
[    1.538915] mmc0: SDHCI controller on 78000400.sdhci [78000400.sdhci] using ADMA
[    1.548594] sdhci-tegra 78000600.sdhci: No vmmc regulator found
[    1.554530] sdhci-tegra 78000600.sdhci: No vqmmc regulator found
[    1.560540] mmc1: Invalid maximum block size, assuming 512 bytes
[    1.598789] mmc1: SDHCI controller on 78000600.sdhci [78000600.sdhci] using ADMA
[    1.607620] ledtrig-cpu: registered to indicate activity on CPUs
[    1.614026] usbcore: registered new interface driver usbhid
[    1.619606] usbhid: USB HID core driver
[    1.632341] NET: Registered protocol family 10
[    1.637567] sit: IPv6 over IPv4 tunneling driver
[    1.644916] NET: Registered protocol family 17
[    1.649400] can: controller area network core (rev 20120528 abi 9)
[    1.657668] NET: Registered protocol family 29
[    1.662142] can: raw protocol (rev 20120528)
[    1.668443] can: broadcast manager protocol (rev 20120528 t)
[    1.676149] can: netlink gateway (rev 20130117) max_hops=1
[    1.682055] Key type dns_resolver registered
[    1.691010] ThumbEE CPU extension supported.
[    1.695318] Registering SWP/SWPB emulation handler
[    1.713662] vdd-sys-5v0: supplied by vdd_ac_bat
[    1.718990] VDD_5V0_HDMI_CON: supplied by vdd-sys-5v0
[    1.725589] vdd_hdmi_5v0: supplied by vdd-sys-5v0
[    1.734628] [drm] Supports vblank timestamp caching Rev 2 (21.10.2013).
[    1.741285] [drm] No driver support for vblank timestamp query.
[    1.743729] mmc1: MAN_BKOPS_EN bit is not set
[    1.749143] mmc1: new high speed MMC card at address 0001
[    1.750565] mmcblk0: mmc1:0001 SEM32G 29.1 GiB 
[    1.751231] mmcblk0boot0: mmc1:0001 SEM32G partition 1 4.00 MiB
[    1.752086] mmcblk0boot1: mmc1:0001 SEM32G partition 2 4.00 MiB
[    1.752372] mmcblk0rpmb: mmc1:0001 SEM32G partition 3 4.00 MiB
[    1.756051]  mmcblk0: p1 p2 p3 p4 p5 p6 p7 p8
[    1.841111] Console: switching to colour frame buffer device 240x75
[    1.868633] drm drm: fb0:  frame buffer device
[    1.883926] [drm] Initialized tegra 0.0.0 20120330 on minor 0
[    1.890886] usb2_vbus: supplied by vdd-sys-5v0
[    1.897560] tegra-ehci 7d008000.usb: EHCI Host Controller
[    1.903043] tegra-ehci 7d008000.usb: new USB bus registered, assigned bus number 1
[    1.911323] tegra-ehci 7d008000.usb: irq 339, io mem 0x7d008000
[    1.923929] tegra-ehci 7d008000.usb: USB 2.0 started, EHCI 1.10
[    1.930801] hub 1-0:1.0: USB hub found
[    1.934632] hub 1-0:1.0: 1 port detected
[    1.940633] input: gpio-keys as /devices/soc0/gpio-keys/input/input0
[    1.949535] palmas-rtc 7000d000.i2c:tps65913@58:rtc: setting system clock to 2000-05-20 07:30:01 UTC (958807801)
[    1.973630] dvdd_ts: disabling
[    1.976724] usb1_vbus: disabling
[    1.979962] vdd_cam_1v8_reg: disabling
[    1.985473] EXT4-fs (mmcblk0p1): mounting ext3 file system using the ext4 subsystem
[    2.014983] EXT4-fs (mmcblk0p1): recovery complete
[    2.019855] EXT4-fs (mmcblk0p1): mounted filesystem with ordered data mode. Opts: (null)
[    2.027983] VFS: Mounted root (ext3 filesystem) on device 179:1.
[    2.037651] devtmpfs: mounted
[    2.041583] Freeing unused kernel memory: 1052K (c0dc3000 - c0eca000)
bash: cannot set terminal process group (-1): Inappropriate ioctl for device
bash: no job control in this shell
root@(none):/# [    2.248934] usb 1-1: new high-speed USB device number 2 using tegra-ehci
