
U-Boot SPL 2015.04-rc3-00209-ga74ef40 (Mar 16 2015 - 14:43:39)


U-Boot 2015.04-rc3-00209-ga74ef40 (Mar 16 2015 - 14:43:39)

TEGRA20
Model: Compulab TrimSlice board
DRAM:  1 GiB
MMC:   Tegra SD/MMC: 0, Tegra SD/MMC: 1
SF: Detected W25Q80BL with page size 256 Bytes, erase size 4 KiB, total 1 MiB
tegra-pcie: PCI regions:
tegra-pcie:   I/O: 0x82000000-0x82010000
tegra-pcie:   non-prefetchable memory: 0xa0000000-0xa8000000
tegra-pcie:   prefetchable memory: 0xa8000000-0xc0000000
tegra-pcie: dual-mode configuration
tegra-pcie: probing port 0, using 2 lanes
In:    serial
Out:   serial
Err:   serial
Net:   RTL8169#0
Hit any key to stop autoboot:  2  0 
Tegra20 (TrimSlice) # 
Tegra20 (TrimSlice) # usb reset
resetting USB...
USB0:   USB EHCI 1.00
scanning bus 0 for devices... 2 USB Device(s) found
USB1:   USB EHCI 1.00
scanning bus 1 for devices... 1 USB Device(s) found
USB2:   lowlevel init failed
       scanning usb for storage devices... 0 Storage Device(s) found
       scanning usb for ethernet devices... 0 Ethernet Device(s) found
Tegra20 (TrimSlice) # setenv bootargs 'ignore_loglevel console=ttyS0,115200n8 rw root=/dev/mmcblk0p1 rootwait gpt debug noinitrd earlyprintk init=/bin/bash'
Tegra20 (TrimSlice) # setenv ipaddr 192.168.100.103; setenv serverip 192.168.100.1; setenv tftpserverip 192.168.100.1
Tegra20 (TrimSlice) # tftpboot 0x00408000 zImage.multi_v7_defconfig
Using RTL8169#0 device
TFTP from server 192.168.100.1; our IP address is 192.168.100.103
Filename 'zImage.multi_v7_defconfig'.
Load address: 0x408000
Loading: *#################################################################
	 #################################################################
	 #################################################################
	 #################################################################
	 #################################################################
	 #################################################################
	 #######################################
	 3.8 MiB/s
done
Bytes transferred = 6291304 (5fff68 hex)
Tegra20 (TrimSlice) # tftpboot 0x02408000 tegra20-trimslice.dtb
Using RTL8169#0 device
TFTP from server 192.168.100.1; our IP address is 192.168.100.103
Filename 'tegra20-trimslice.dtb'.
Load address: 0x2408000
Loading: *##
	 3.4 MiB/s
done
Bytes transferred = 21130 (528a hex)
Tegra20 (TrimSlice) # bootz 0x00408000 - 0x02408000
Kernel image @ 0x408000 [ 0x000000 - 0x5fff68 ]
## Flattened Device Tree blob at 02408000
   Booting using the fdt blob at 0x2408000
   Using Device Tree in place at 02408000, end 02410289

Starting kernel ...

[    0.000000] Booting Linux on physical CPU 0x0
[    0.000000] Linux version 4.1.0-rc3-next-20150511-16424-gf17107c (pwalmsley@sellafield) (gcc version 4.7.3 20130328 (prerelease) (crosstool-NG linaro-1.13.1-4.7-2013.04-20130415 - Linaro GCC 2013.04) ) #1 SMP Mon May 11 20:28:33 PDT 2015
[    0.000000] CPU: ARMv7 Processor [411fc090] revision 0 (ARMv7), cr=10c5387d
[    0.000000] CPU: PIPT / VIPT nonaliasing data cache, VIPT aliasing instruction cache
[    0.000000] Machine model: Compulab TrimSlice board
[    0.000000] debug: ignoring loglevel setting.
[    0.000000] cma: Reserved 64 MiB at 0x3c000000
[    0.000000] Memory policy: Data cache writealloc
[    0.000000] On node 0 totalpages: 262144
[    0.000000] free_area_init_node: node 0, pgdat c0f4d940, node_mem_map eeff8000
[    0.000000]   DMA zone: 1520 pages used for memmap
[    0.000000]   DMA zone: 0 pages reserved
[    0.000000]   DMA zone: 194560 pages, LIFO batch:31
[    0.000000]   HighMem zone: 67584 pages, LIFO batch:15
[    0.000000] PERCPU: Embedded 12 pages/cpu @eefca000 s16960 r8192 d24000 u49152
[    0.000000] pcpu-alloc: s16960 r8192 d24000 u49152 alloc=12*4096
[    0.000000] pcpu-alloc: [0] 0 [0] 1 
[    0.000000] Built 1 zonelists in Zone order, mobility grouping on.  Total pages: 260624
[    0.000000] Kernel command line: ignore_loglevel console=ttyS0,115200n8 rw root=/dev/mmcblk0p1 rootwait gpt debug noinitrd earlyprintk init=/bin/bash
[    0.000000] PID hash table entries: 4096 (order: 2, 16384 bytes)
[    0.000000] Dentry cache hash table entries: 131072 (order: 7, 524288 bytes)
[    0.000000] Inode-cache hash table entries: 65536 (order: 6, 262144 bytes)
[    0.000000] Memory: 959892K/1048576K available (8024K kernel code, 1030K rwdata, 3636K rodata, 900K init, 318K bss, 23148K reserved, 65536K cma-reserved, 204800K highmem)
[    0.000000] Virtual kernel memory layout:
[    0.000000]     vector  : 0xffff0000 - 0xffff1000   (   4 kB)
[    0.000000]     fixmap  : 0xffc00000 - 0xfff00000   (3072 kB)
[    0.000000]     vmalloc : 0xf0000000 - 0xff000000   ( 240 MB)
[    0.000000]     lowmem  : 0xc0000000 - 0xef800000   ( 760 MB)
[    0.000000]     pkmap   : 0xbfe00000 - 0xc0000000   (   2 MB)
[    0.000000]     modules : 0xbf000000 - 0xbfe00000   (  14 MB)
[    0.000000]       .text : 0xc0208000 - 0xc0d6c30c   (11665 kB)
[    0.000000]       .init : 0xc0d6d000 - 0xc0e4e000   ( 900 kB)
[    0.000000]       .data : 0xc0e4e000 - 0xc0f4f920   (1031 kB)
[    0.000000]        .bss : 0xc0f52000 - 0xc0fa1b28   ( 319 kB)
[    0.000000] SLUB: HWalign=64, Order=0-3, MinObjects=0, CPUs=2, Nodes=1
[    0.000000] Hierarchical RCU implementation.
[    0.000000] 	Additional per-CPU info printed with stalls.
[    0.000000] 	Build-time adjustment of leaf fanout to 32.
[    0.000000] 	RCU restricting CPUs from NR_CPUS=16 to nr_cpu_ids=2.
[    0.000000] RCU: Adjusting geometry for rcu_fanout_leaf=32, nr_cpu_ids=2
[    0.000000] NR_IRQS:16 nr_irqs:16 16
[    0.000000] /interrupt-controller@60004000: 128 interrupts forwarded to /interrupt-controller@50041000
[    0.000000] L2C: platform modifies aux control register: 0x02080000 -> 0x3e480001
[    0.000000] L2C: DT/platform modifies aux control register: 0x02080000 -> 0x3e480001
[    0.000000] L2C-310 errata 727915 769419 enabled
[    0.000000] L2C-310 enabling early BRESP for Cortex-A9
[    0.000000] L2C-310: enabling full line of zeros but not enabled in Cortex-A9
[    0.000000] L2C-310 ID prefetch enabled, offset 1 lines
[    0.000000] L2C-310 cache controller enabled, 8 ways, 1024 kB
[    0.000000] L2C-310: CACHE_ID 0x410000c4, AUX_CTRL 0x7e480001
[    0.000010] sched_clock: 32 bits at 1000kHz, resolution 1000ns, wraps every 2147483647500ns
[    0.000026] clocksource timer_us: mask: 0xffffffff max_cycles: 0xffffffff, max_idle_ns: 1911260446275 ns
[    0.000036] Switching to timer-based delay loop, resolution 1000ns
[    0.001341] Console: colour dummy device 80x30
[    0.001360] Calibrating delay loop (skipped), value calculated using timer frequency.. 2.00 BogoMIPS (lpj=5000)
[    0.001370] pid_max: default: 32768 minimum: 301
[    0.001454] Mount-cache hash table entries: 2048 (order: 1, 8192 bytes)
[    0.001463] Mountpoint-cache hash table entries: 2048 (order: 1, 8192 bytes)
[    0.001922] CPU: Testing write buffer coherency: ok
[    0.002093] CPU0: thread -1, cpu 0, socket 0, mpidr 80000000
[    0.002138] Setting up static identity map for 0x209000 - 0x209098
[    0.003294] Tegra Revision: A03 prime SKU: 8 CPU Process: 1 Core Process: 2
[    0.004392] CPU1: thread -1, cpu 1, socket 0, mpidr 80000001
[    0.004449] Brought up 2 CPUs
[    0.004460] SMP: Total of 2 processors activated (4.00 BogoMIPS).
[    0.004465] CPU: All CPU(s) started in SVC mode.
[    0.004827] devtmpfs: initialized
[    0.005521] VFP support v0.3: implementor 41 architecture 3 part 30 variant 9 rev 1
[    0.005806] clocksource jiffies: mask: 0xffffffff max_cycles: 0xffffffff, max_idle_ns: 9556302231375000 ns
[    0.008842] pinctrl core: initialized pinctrl subsystem
[    0.013673] NET: Registered protocol family 16
[    0.015964] DMA: preallocated 256 KiB pool for atomic coherent allocations
[    0.029932] cpuidle: using governor ladder
[    0.044931] cpuidle: using governor menu
[    0.055311] No ATAGs?
[    0.055339] hw-breakpoint: found 5 (+1 reserved) breakpoint and 1 watchpoint registers.
[    0.055346] hw-breakpoint: maximum watchpoint size is 4 bytes.
[    0.057725] Serial: AMBA PL011 UART driver
[    0.082932] usb1_vbus: Failed to request enable GPIO170: -517
[    0.083016] reg-fixed-voltage regulators:regulator@2: Failed to register regulator: -517
[    0.086532] vgaarb: loaded
[    0.087061] SCSI subsystem initialized
[    0.087185] libata version 3.00 loaded.
[    0.087409] usbcore: registered new interface driver usbfs
[    0.087455] usbcore: registered new interface driver hub
[    0.087496] usbcore: registered new device driver usb
[    0.089428] media: Linux media interface: v0.10
[    0.089482] Linux video capture interface: v2.00
[    0.089518] pps_core: LinuxPPS API ver. 1 registered
[    0.089523] pps_core: Software ver. 5.3.6 - Copyright 2005-2007 Rodolfo Giometti <giometti@linux.it>
[    0.089544] PTP clock support registered
[    0.089729] EDAC MC: Ver: 3.0.0
[    0.090701] Advanced Linux Sound Architecture Driver Initialized.
[    0.091558] Switched to clocksource timer_us
[    0.099047] NET: Registered protocol family 2
[    0.099496] TCP established hash table entries: 8192 (order: 3, 32768 bytes)
[    0.099559] TCP bind hash table entries: 8192 (order: 4, 65536 bytes)
[    0.099672] TCP: Hash tables configured (established 8192 bind 8192)
[    0.099749] UDP hash table entries: 512 (order: 2, 16384 bytes)
[    0.099795] UDP-Lite hash table entries: 512 (order: 2, 16384 bytes)
[    0.099962] NET: Registered protocol family 1
[    0.100173] RPC: Registered named UNIX socket transport module.
[    0.100180] RPC: Registered udp transport module.
[    0.100185] RPC: Registered tcp transport module.
[    0.100190] RPC: Registered tcp NFSv4.1 backchannel transport module.
[    0.100205] PCI: CLS 0 bytes, default 64
[    0.100988] CPU PMU: Failed to parse /pmu/interrupt-affinity[0]
[    0.101019] hw perfevents: enabled with armv7_cortex_a9 PMU driver, 7 counters available
[    0.102061] futex hash table entries: 512 (order: 3, 32768 bytes)
[    0.110123] squashfs: version 4.0 (2009/01/31) Phillip Lougher
[    0.110781] NFS: Registering the id_resolver key type
[    0.110814] Key type id_resolver registered
[    0.110820] Key type id_legacy registered
[    0.110866] ntfs: driver 2.1.32 [Flags: R/O].
[    0.111743] bounce: pool size: 64 pages
[    0.111924] Block layer SCSI generic (bsg) driver version 0.4 loaded (major 248)
[    0.111938] io scheduler noop registered
[    0.111948] io scheduler deadline registered
[    0.112093] io scheduler cfq registered (default)
[    0.120733] tegra-pcie 80003000.pcie-controller: dual-mode configuration
[    0.121289] tegra-pcie 80003000.pcie-controller: probing port 0, using 2 lanes
[    0.204965] tegra-pcie 80003000.pcie-controller: PCI host bridge to bus 0000:00
[    0.204978] pci_bus 0000:00: root bus resource [mem 0xa0000000-0xa7ffffff]
[    0.204988] pci_bus 0000:00: root bus resource [mem 0xa8000000-0xbfffffff pref]
[    0.204998] pci_bus 0000:00: root bus resource [bus 00-ff]
[    0.205006] pci_bus 0000:00: root bus resource [io  0x1000-0xffff]
[    0.205032] pci 0000:00:01.0: [10de:0bf0] type 01 class 0x060000
[    0.205064] pci 0000:00:01.0: IOMMU is currently not supported for PCI
[    0.205093] pci 0000:00:01.0: PME# supported from D0 D1 D2 D3hot D3cold
[    0.205279] PCI: bus0: Fast back to back transfers disabled
[    0.205289] pci 0000:00:01.0: bridge configuration invalid ([bus 00-00]), reconfiguring
[    0.205416] pci 0000:01:00.0: [10ec:8168] type 00 class 0x020000
[    0.205455] pci 0000:01:00.0: reg 0x10: [io  0x0000-0x00ff]
[    0.205477] pci 0000:01:00.0: reg 0x18: [mem 0x00000000-0x00000fff 64bit pref]
[    0.205494] pci 0000:01:00.0: reg 0x20: [mem 0x00000000-0x00003fff 64bit pref]
[    0.205506] pci 0000:01:00.0: reg 0x30: [mem 0x00000000-0x0001ffff pref]
[    0.205521] pci 0000:01:00.0: IOMMU is currently not supported for PCI
[    0.205564] pci 0000:01:00.0: supports D1 D2
[    0.205572] pci 0000:01:00.0: PME# supported from D0 D1 D2 D3hot D3cold
[    0.211588] PCI: bus1: Fast back to back transfers disabled
[    0.211601] pci_bus 0000:01: busn_res: [bus 01-ff] end is updated to 01
[    0.211612] Disabling cpuidle LP2 state, since PCIe IRQs are in use
[    0.211665] pci 0000:00:01.0: BAR 8: assigned [mem 0xa0000000-0xa00fffff]
[    0.211677] pci 0000:00:01.0: BAR 9: assigned [mem 0xa8000000-0xa80fffff 64bit pref]
[    0.211686] pci 0000:00:01.0: BAR 7: assigned [io  0x1000-0x1fff]
[    0.211699] pci 0000:01:00.0: BAR 6: assigned [mem 0xa0000000-0xa001ffff pref]
[    0.211709] pci 0000:01:00.0: BAR 4: assigned [mem 0xa8000000-0xa8003fff 64bit pref]
[    0.211727] pci 0000:01:00.0: BAR 2: assigned [mem 0xa8004000-0xa8004fff 64bit pref]
[    0.211743] pci 0000:01:00.0: BAR 0: assigned [io  0x1000-0x10ff]
[    0.211754] pci 0000:00:01.0: PCI bridge to [bus 01]
[    0.211762] pci 0000:00:01.0:   bridge window [io  0x1000-0x1fff]
[    0.211771] pci 0000:00:01.0:   bridge window [mem 0xa0000000-0xa00fffff]
[    0.211779] pci 0000:00:01.0:   bridge window [mem 0xa8000000-0xa80fffff 64bit pref]
[    0.211798] pci 0000:00:01.0: nv_msi_ht_cap_quirk didn't locate host bridge
[    0.211859] pcieport 0000:00:01.0: enabling device (0140 -> 0143)
[    0.212002] pcieport 0000:00:01.0: Signaling PME through PCIe PME interrupt
[    0.212011] pci 0000:01:00.0: Signaling PME through PCIe PME interrupt
[    0.212020] pcie_pme 0000:00:01.0:pcie01: service driver pcie_pme loaded
[    0.213255] tegra-ahb 6000c004.ahb: incorrect AHB base address in DT data - enabling workaround
[    0.215331] tegra-apbdma 6000a000.dma: Tegra20 APB DMA driver register 16 channels
[    0.263547] Serial: 8250/16550 driver, 4 ports, IRQ sharing disabled
[    0.265342] SuperH (H)SCI(F) driver initialized
[    0.265883] msm_serial: driver initialized
[    0.266545] console [ttyS0] disabled
[    0.266604] 70006000.serial: ttyS0 at MMIO 0x70006000 (irq = 279, base_baud = 13500000) is a Tegra
[    1.263815] console [ttyS0] enabled
[    1.267879] STMicroelectronics ASC driver initialized
[    1.274372] [drm] Initialized drm 1.1.0 20060810
[    1.280337] 54280000.hdmi supply hdmi not found, using dummy regulator
[    1.289447] [drm] Supports vblank timestamp caching Rev 2 (21.10.2013).
[    1.296071] [drm] No driver support for vblank timestamp query.
[    1.302004] drm drm: No connectors reported connected with modes
[    1.308010] [drm] Cannot find any crtc or sizes - going 1024x768
[    1.329902] Console: switching to colour frame buffer device 128x48
[    1.344574] drm drm: fb0:  frame buffer device
[    1.349013] drm drm: registered panic notifier
[    1.366569] [drm] Initialized tegra 0.0.0 20120330 on minor 0
[    1.376703] loop: module loaded
[    1.383818] m25p80 spi32766.0: found s25fl008k, expected w25q80bl
[    1.389920] m25p80 spi32766.0: s25fl008k (1024 Kbytes)
[    1.397358] CAN device driver interface
[    1.402097] igb: Intel(R) Gigabit Ethernet Network Driver - version 5.2.15-k
[    1.409141] igb: Copyright (c) 2007-2014 Intel Corporation.
[    1.415203] r8169 Gigabit Ethernet driver 2.3LK-NAPI loaded
[    1.420798] r8169 0000:01:00.0: enabling device (0140 -> 0143)
[    1.427258] r8169 0000:01:00.0 eth0: RTL8168d/8111d at 0xf005c000, 00:01:c0:13:7d:63, XID 081000c0 IRQ 296
[    1.436916] r8169 0000:01:00.0 eth0: jumbo features [frames: 9200 bytes, tx checksumming: ko]
[    1.446582] pegasus: v0.9.3 (2013/04/25), Pegasus/Pegasus II USB Ethernet driver
[    1.454029] usbcore: registered new interface driver pegasus
[    1.459737] usbcore: registered new interface driver asix
[    1.465176] usbcore: registered new interface driver ax88179_178a
[    1.471305] usbcore: registered new interface driver cdc_ether
[    1.477188] usbcore: registered new interface driver smsc75xx
[    1.482983] usbcore: registered new interface driver smsc95xx
[    1.488771] usbcore: registered new interface driver net1080
[    1.494467] usbcore: registered new interface driver cdc_subset
[    1.500422] usbcore: registered new interface driver zaurus
[    1.506060] usbcore: registered new interface driver cdc_ncm
[    1.512001] tegra-phy c5004000.usb-phy: no vbus regulator
[    1.518483] tegra-phy c5008000.usb-phy: no vbus regulator
[    1.524978] ehci_hcd: USB 2.0 'Enhanced' Host Controller (EHCI) Driver
[    1.531509] ehci-pci: EHCI PCI platform driver
[    1.535997] ehci-platform: EHCI generic platform driver
[    1.541376] ehci-omap: OMAP-EHCI Host Controller driver
[    1.546709] ehci-orion: EHCI orion driver
[    1.550807] SPEAr-ehci: EHCI SPEAr driver
[    1.554921] ehci-st: EHCI STMicroelectronics driver
[    1.559910] ehci-exynos: EHCI EXYNOS driver
[    1.564216] tegra-ehci: Tegra EHCI driver
[    1.587762] ulpi_phy_power_on: ulpi write failed
[    1.592382] tegra-ehci c5004000.usb: Failed to power on the phy
[    1.598311] tegra-ehci: probe of c5004000.usb failed with error -110
[    1.607294] tegra-ehci c5008000.usb: EHCI Host Controller
[    1.612707] tegra-ehci c5008000.usb: new USB bus registered, assigned bus number 1
[    1.620572] tegra-ehci c5008000.usb: irq 290, io mem 0xc5008000
[    1.631573] tegra-ehci c5008000.usb: USB 2.0 started, EHCI 1.00
[    1.638108] hub 1-0:1.0: USB hub found
[    1.641910] hub 1-0:1.0: 1 port detected
[    1.646144] ohci_hcd: USB 1.1 'Open' Host Controller (OHCI) Driver
[    1.652339] ohci-pci: OHCI PCI platform driver
[    1.656832] ohci-platform: OHCI generic platform driver
[    1.662205] ohci-omap3: OHCI OMAP3 driver
[    1.666307] SPEAr-ohci: OHCI SPEAr driver
[    1.670433] ohci-st: OHCI STMicroelectronics driver
[    1.675493] usbcore: registered new interface driver usb-storage
[    1.682564] mousedev: PS/2 mouse device common for all mice
[    1.690183] rtc-em3027 2-0056: rtc core: registered rtc-em3027 as rtc0
[    1.697774] tegra_rtc 7000e000.rtc: rtc core: registered 7000e000.rtc as rtc1
[    1.704938] tegra_rtc 7000e000.rtc: Tegra internal Real Time Clock
[    1.711539] i2c /dev entries driver
[    1.716918] usbcore: registered new interface driver uvcvideo
[    1.722663] USB Video Class driver (1.1.1)
[    1.726761] gspca_main: v2.14.0 registered
[    1.734318] sdhci: Secure Digital Host Controller Interface driver
[    1.740498] sdhci: Copyright(c) Pierre Ossman
[    1.745881] Synopsys Designware Multimedia Card Interface Driver
[    1.752668] sdhci-pltfm: SDHCI platform and OF driver helper
[    1.759010] sdhci-tegra c8000000.sdhci: No vmmc regulator found
[    1.764933] sdhci-tegra c8000000.sdhci: No vqmmc regulator found
[    1.770933] mmc0: Invalid maximum block size, assuming 512 bytes
[    1.806574] mmc0: SDHCI controller on c8000000.sdhci [c8000000.sdhci] using ADMA
[    1.814053] sdhci-tegra c8000600.sdhci: Got CD GPIO
[    1.818944] sdhci-tegra c8000600.sdhci: Got WP GPIO
[    1.823998] sdhci-tegra c8000600.sdhci: No vmmc regulator found
[    1.829920] sdhci-tegra c8000600.sdhci: No vqmmc regulator found
[    1.835923] mmc1: Invalid maximum block size, assuming 512 bytes
[    1.871650] mmc1: SDHCI controller on c8000600.sdhci [c8000600.sdhci] using ADMA
[    1.879840] ledtrig-cpu: registered to indicate activity on CPUs
[    1.886033] usbcore: registered new interface driver usbhid
[    1.891613] usbhid: USB HID core driver
[    1.898124] usbcore: registered new interface driver snd-usb-audio
[    1.907919] tlv320aic23-codec 2-001a: Control not supported for path LLINEIN -> [NULL] -> Line Input
[    1.917053] tlv320aic23-codec 2-001a: ASoC: no dapm match for LLINEIN --> NULL --> Line Input
[    1.925575] tlv320aic23-codec 2-001a: ASoC: Failed to add route LLINEIN -> NULL -> Line Input
[    1.934096] tlv320aic23-codec 2-001a: Control not supported for path RLINEIN -> [NULL] -> Line Input
[    1.943222] tlv320aic23-codec 2-001a: ASoC: no dapm match for RLINEIN --> NULL --> Line Input
[    1.951598] usb 1-1: new high-speed USB device number 2 using tegra-ehci
[    1.958439] tlv320aic23-codec 2-001a: ASoC: Failed to add route RLINEIN -> NULL -> Line Input
[    1.966978] tlv320aic23-codec 2-001a: Control not supported for path MICIN -> [NULL] -> Mic Input
[    1.975847] tlv320aic23-codec 2-001a: ASoC: no dapm match for MICIN --> NULL --> Mic Input
[    1.984103] tlv320aic23-codec 2-001a: ASoC: Failed to add route MICIN -> NULL -> Mic Input
[    1.992999] tegra-snd-trimslice sound: tlv320aic23-hifi <-> 70002800.i2s mapping ok
[    2.002259] NET: Registered protocol family 17
[    2.006729] can: controller area network core (rev 20120528 abi 9)
[    2.012965] NET: Registered protocol family 29
[    2.017421] can: raw protocol (rev 20120528)
[    2.021698] can: broadcast manager protocol (rev 20120528 t)
[    2.027454] can: netlink gateway (rev 20130117) max_hops=1
[    2.033362] Key type dns_resolver registered
[    2.038096] ThumbEE CPU extension supported.
[    2.040557] mmc0: host does not support reading read-only switch, assuming write-enable
[    2.042545] mmc0: new high speed SDHC card at address b368
[    2.050458] mmcblk0: mmc0:b368 NCard 3.70 GiB 
[    2.057717]  mmcblk0: p1
[    2.062852] Registering SWP/SWPB emulation handler
[    2.073066] utmi_phy_clk_enable: timeout waiting for phy to stabilize
[    2.079536] tegra-ehci c5000000.usb: EHCI Host Controller
[    2.084962] tegra-ehci c5000000.usb: new USB bus registered, assigned bus number 2
[    2.092886] tegra-ehci c5000000.usb: irq 288, io mem 0xc5000000
[    2.131579] tegra-ehci c5000000.usb: USB 2.0 started, EHCI 1.00
[    2.138263] hub 2-0:1.0: USB hub found
[    2.142100] hub 2-0:1.0: 1 port detected
[    2.147508] input: gpio-keys as /devices/soc0/gpio-keys/input/input0
[    2.154168] hub 1-1:1.0: USB hub found
[    2.158103] hub 1-1:1.0: 4 ports detected
[    2.162121] rtc-em3027 2-0056: setting system clock to 2014-12-25 20:15:37 UTC (1419538537)
[    2.166665] ALSA device list:
[    2.166670]   #0: tegra-trimslice
[    2.178882] EXT4-fs (mmcblk0p1): mounting ext3 file system using the ext4 subsystem
[    2.188980] mmc1: new high speed SD card at address b368
[    2.194645] mmcblk1: mmc1:b368 NCard 1.83 GiB (ro)
[    2.202266]  mmcblk1: p1 p2
[    2.274545] EXT4-fs (mmcblk0p1): recovery complete
[    2.279370] EXT4-fs (mmcblk0p1): mounted filesystem with ordered data mode. Opts: (null)
[    2.287501] VFS: Mounted root (ext3 filesystem) on device 179:1.
[    2.296991] devtmpfs: mounted
[    2.300780] Freeing unused kernel memory: 900K (c0d6d000 - c0e4e000)
bash: cannot set terminal process group (-1): Inappropriate ioctl for device
bash: no job control in this shell
root@(none):/# 