
U-Boot SPL 2014.07-00097-g772e173 (Jul 25 2014 - 20:02:52)


U-Boot 2014.07-00097-g772e173 (Jul 25 2014 - 20:02:52)

TEGRA124
Board: NVIDIA Jetson TK1
I2C:   ready
DRAM:  2 GiB
MMC:   Tegra SD/MMC: 0, Tegra SD/MMC: 1
In:    serial
Out:   serial
Err:   serial
Net:   Net Initialization Skipped
No ethernet found.
Hit any key to stop autoboot:  2  0 
Tegra124 (Jetson TK1) # 
Tegra124 (Jetson TK1) # usb reset
(Re)start USB...
USB0:   USB EHCI 1.10
scanning bus 0 for devices... 1 USB Device(s) found
USB1:   USB EHCI 1.10
scanning bus 1 for devices... 2 USB Device(s) found
       scanning usb for storage devices... 0 Storage Device(s) found
       scanning usb for ethernet devices... 
Warning: asx0 using MAC address from net device
1 Ethernet Device(s) found
Tegra124 (Jetson TK1) # setenv bootargs 'ignore_loglevel console=ttyS0,115200n8 rw root=/dev/mmcblk0p1 rootwait gpt debug init=/bin/bash noinitrd'
Tegra124 (Jetson TK1) # setenv ipaddr 192.168.100.102; setenv serverip 192.168.100.1; setenv tftpserverip 192.168.100.1
Tegra124 (Jetson TK1) # tftpboot 0x81000000 zImage.multi_v7_defconfig
Using asx0 device
TFTP from server 192.168.100.1; our IP address is 192.168.100.102
Filename 'zImage.multi_v7_defconfig'.
Load address: 0x81000000
Loading: *#################################################################
	 #################################################################
	 #################################################################
	 #################################################################
	 #################################################################
	 #################################################################
	 ########################
	 2.9 MiB/s
done
Bytes transferred = 6076552 (5cb888 hex)
Tegra124 (Jetson TK1) # tftpboot 0x82000000 tegra124-jetson-tk1.dtb
Using asx0 device
TFTP from server 192.168.100.1; our IP address is 192.168.100.102
Filename 'tegra124-jetson-tk1.dtb'.
Load address: 0x82000000
Loading: *####
	 2.9 MiB/s
done
Bytes transferred = 49059 (bfa3 hex)
Tegra124 (Jetson TK1) # bootz 0x81000000 - 0x82000000
Kernel image @ 0x81000000 [ 0x000000 - 0x5cb888 ]
## Flattened Device Tree blob at 82000000
   Booting using the fdt blob at 0x82000000
   Using Device Tree in place at 82000000, end 8200efa2

Starting kernel ...

[    0.000000] Booting Linux on physical CPU 0x0
[    0.000000] Linux version 4.0.0-rc2-23674-g13a7a6a (pwalmsley@tamien) (gcc version 4.7.3 20130328 (prerelease) (crosstool-NG linaro-1.13.1-4.7-2013.04-20130415 - Linaro GCC 2013.04) ) #1 SMP Wed Mar 25 07:24:18 PDT 2015
[    0.000000] CPU: ARMv7 Processor [413fc0f3] revision 3 (ARMv7), cr=10c5387d
[    0.000000] CPU: PIPT / VIPT nonaliasing data cache, PIPT instruction cache
[    0.000000] Machine model: NVIDIA Tegra124 Jetson TK1
[    0.000000] debug: ignoring loglevel setting.
[    0.000000] cma: Reserved 64 MiB at 0xfb800000
[    0.000000] Memory policy: Data cache writealloc
[    0.000000] On node 0 totalpages: 524032
[    0.000000] free_area_init_node: node 0, pgdat c0ec7f00, node_mem_map ee7f8000
[    0.000000]   DMA zone: 1520 pages used for memmap
[    0.000000]   DMA zone: 0 pages reserved
[    0.000000]   DMA zone: 194560 pages, LIFO batch:31
[    0.000000]   HighMem zone: 329472 pages, LIFO batch:31
[    0.000000] PERCPU: Embedded 11 pages/cpu @ee79a000 s12480 r8192 d24384 u45056
[    0.000000] pcpu-alloc: s12480 r8192 d24384 u45056 alloc=11*4096
[    0.000000] pcpu-alloc: [0] 0 [0] 1 [0] 2 [0] 3 
[    0.000000] Built 1 zonelists in Zone order, mobility grouping on.  Total pages: 522512
[    0.000000] Kernel command line: ignore_loglevel console=ttyS0,115200n8 rw root=/dev/mmcblk0p1 rootwait gpt debug init=/bin/bash noinitrd
[    0.000000] PID hash table entries: 4096 (order: 2, 16384 bytes)
[    0.000000] Dentry cache hash table entries: 131072 (order: 7, 524288 bytes)
[    0.000000] Inode-cache hash table entries: 65536 (order: 6, 262144 bytes)
[    0.000000] Memory: 1999580K/2096128K available (7826K kernel code, 1015K rwdata, 3412K rodata, 804K init, 314K bss, 31012K reserved, 65536K cma-reserved, 1252352K highmem)
[    0.000000] Virtual kernel memory layout:
[    0.000000]     vector  : 0xffff0000 - 0xffff1000   (   4 kB)
[    0.000000]     fixmap  : 0xffc00000 - 0xfff00000   (3072 kB)
[    0.000000]     vmalloc : 0xf0000000 - 0xff000000   ( 240 MB)
[    0.000000]     lowmem  : 0xc0000000 - 0xef800000   ( 760 MB)
[    0.000000]     pkmap   : 0xbfe00000 - 0xc0000000   (   2 MB)
[    0.000000]     modules : 0xbf000000 - 0xbfe00000   (  14 MB)
[    0.000000]       .text : 0xc0208000 - 0xc0d02a80   (11243 kB)
[    0.000000]       .init : 0xc0d03000 - 0xc0dcc000   ( 804 kB)
[    0.000000]       .data : 0xc0dcc000 - 0xc0ec9e60   (1016 kB)
[    0.000000]        .bss : 0xc0ec9e60 - 0xc0f18968   ( 315 kB)
[    0.000000] SLUB: HWalign=64, Order=0-3, MinObjects=0, CPUs=4, Nodes=1
[    0.000000] Hierarchical RCU implementation.
[    0.000000] 	Additional per-CPU info printed with stalls.
[    0.000000] 	RCU restricting CPUs from NR_CPUS=8 to nr_cpu_ids=4.
[    0.000000] RCU: Adjusting geometry for rcu_fanout_leaf=16, nr_cpu_ids=4
[    0.000000] NR_IRQS:16 nr_irqs:16 16
[    0.000000] L2C: failed to init: -19
[    0.000009] sched_clock: 32 bits at 1000kHz, resolution 1000ns, wraps every 2147483648000ns
[    0.000029] Switching to timer-based delay loop, resolution 1000ns
[    0.003920] Architected cp15 timer(s) running at 12.00MHz (virt).
[    0.003942] sched_clock: 56 bits at 12MHz, resolution 83ns, wraps every 2863311536128ns
[    0.003955] Switching to timer-based delay loop, resolution 83ns
[    0.004336] Console: colour dummy device 80x30
[    0.004357] Calibrating delay loop (skipped), value calculated using timer frequency.. 24.00 BogoMIPS (lpj=60000)
[    0.004372] pid_max: default: 32768 minimum: 301
[    0.004481] Mount-cache hash table entries: 2048 (order: 1, 8192 bytes)
[    0.004493] Mountpoint-cache hash table entries: 2048 (order: 1, 8192 bytes)
[    0.005077] CPU: Testing write buffer coherency: ok
[    0.005278] /cpus/cpu@0 missing clock-frequency property
[    0.005312] /cpus/cpu@1 missing clock-frequency property
[    0.005345] /cpus/cpu@2 missing clock-frequency property
[    0.005379] /cpus/cpu@3 missing clock-frequency property
[    0.005391] CPU0: thread -1, cpu 0, socket 0, mpidr 80000000
[    0.005436] Setting up static identity map for 0x809668f8 - 0x80966990
[    0.008060] Tegra Revision: A01 SKU: 129 CPU Process: 1 Core Process: 1
[    0.009216] CPU1: thread -1, cpu 1, socket 0, mpidr 80000001
[    0.009727] CPU2: thread -1, cpu 2, socket 0, mpidr 80000002
[    0.010229] CPU3: thread -1, cpu 3, socket 0, mpidr 80000003
[    0.010292] Brought up 4 CPUs
[    0.010312] SMP: Total of 4 processors activated (96.00 BogoMIPS).
[    0.010320] CPU: All CPU(s) started in SVC mode.
[    0.010828] devtmpfs: initialized
[    0.011722] VFP support v0.3: implementor 41 architecture 4 part 30 variant f rev 0
[    0.013865] pinctrl core: initialized pinctrl subsystem
[    0.030899] NET: Registered protocol family 16
[    0.032987] DMA: preallocated 256 KiB pool for atomic coherent allocations
[    0.048744] cpuidle: using governor ladder
[    0.063746] cpuidle: using governor menu
[    0.078886] No ATAGs?
[    0.078921] hw-breakpoint: found 5 (+1 reserved) breakpoint and 4 watchpoint registers.
[    0.078931] hw-breakpoint: maximum watchpoint size is 8 bytes.
[    0.082532] Serial: AMBA PL011 UART driver
[    0.112804] +5V_SYS: supplied by +VDD_MUX
[    0.113083] +3.3V_SYS: supplied by +VDD_MUX
[    0.113226] platform regulators:regulator@3: Driver reg-fixed-voltage requests probe deferral
[    0.113422] reg-fixed-voltage regulators:regulator@4: Failed to find supply vin
[    0.113537] reg-fixed-voltage regulators:regulator@4: Failed to register regulator: -517
[    0.113558] platform regulators:regulator@4: Driver reg-fixed-voltage requests probe deferral
[    0.113740] +USB0_VBUS_SW: Failed to request enable GPIO108: -517
[    0.113865] reg-fixed-voltage regulators:regulator@7: Failed to register regulator: -517
[    0.113886] platform regulators:regulator@7: Driver reg-fixed-voltage requests probe deferral
[    0.114065] +5V_USB_HS: Failed to request enable GPIO109: -517
[    0.114168] reg-fixed-voltage regulators:regulator@8: Failed to register regulator: -517
[    0.114188] platform regulators:regulator@8: Driver reg-fixed-voltage requests probe deferral
[    0.114270] platform regulators:regulator@10: Driver reg-fixed-voltage requests probe deferral
[    0.114446] +1.05V_RUN_AVDD_HDMI_PLL: Failed to request enable GPIO63: -517
[    0.114548] reg-fixed-voltage regulators:regulator@11: Failed to register regulator: -517
[    0.114569] platform regulators:regulator@11: Driver reg-fixed-voltage requests probe deferral
[    0.114744] +5V_HDMI_CON: Failed to request enable GPIO86: -517
[    0.114846] reg-fixed-voltage regulators:regulator@12: Failed to register regulator: -517
[    0.114867] platform regulators:regulator@12: Driver reg-fixed-voltage requests probe deferral
[    0.115040] +5V_SATA: Failed to request enable GPIO242: -517
[    0.115142] reg-fixed-voltage regulators:regulator@13: Failed to register regulator: -517
[    0.115162] platform regulators:regulator@13: Driver reg-fixed-voltage requests probe deferral
[    0.115336] +12V_SATA: Failed to request enable GPIO242: -517
[    0.115438] reg-fixed-voltage regulators:regulator@14: Failed to register regulator: -517
[    0.115458] platform regulators:regulator@14: Driver reg-fixed-voltage requests probe deferral
[    0.118186] vgaarb: loaded
[    0.118919] SCSI subsystem initialized
[    0.119098] libata version 3.00 loaded.
[    0.119420] usbcore: registered new interface driver usbfs
[    0.119489] usbcore: registered new interface driver hub
[    0.119561] usbcore: registered new device driver usb
[    0.122953] media: Linux media interface: v0.10
[    0.123022] Linux video capture interface: v2.00
[    0.123080] pps_core: LinuxPPS API ver. 1 registered
[    0.123087] pps_core: Software ver. 5.3.6 - Copyright 2005-2007 Rodolfo Giometti <giometti@linux.it>
[    0.123120] PTP clock support registered
[    0.123378] EDAC MC: Ver: 3.0.0
[    0.124542] Advanced Linux Sound Architecture Driver Initialized.
[    0.125626] Switched to clocksource arch_sys_counter
[    0.136121] NET: Registered protocol family 2
[    0.136708] TCP established hash table entries: 8192 (order: 3, 32768 bytes)
[    0.136798] TCP bind hash table entries: 8192 (order: 4, 65536 bytes)
[    0.136984] TCP: Hash tables configured (established 8192 bind 8192)
[    0.137029] TCP: reno registered
[    0.137042] UDP hash table entries: 512 (order: 2, 16384 bytes)
[    0.137084] UDP-Lite hash table entries: 512 (order: 2, 16384 bytes)
[    0.137254] NET: Registered protocol family 1
[    0.137532] RPC: Registered named UNIX socket transport module.
[    0.137541] RPC: Registered udp transport module.
[    0.137548] RPC: Registered tcp transport module.
[    0.137555] RPC: Registered tcp NFSv4.1 backchannel transport module.
[    0.137572] PCI: CLS 0 bytes, default 64
[    0.139843] futex hash table entries: 1024 (order: 4, 65536 bytes)
[    0.152111] squashfs: version 4.0 (2009/01/31) Phillip Lougher
[    0.153047] NFS: Registering the id_resolver key type
[    0.153083] Key type id_resolver registered
[    0.153092] Key type id_legacy registered
[    0.153158] ntfs: driver 2.1.31 [Flags: R/O].
[    0.154272] bounce: pool size: 64 pages
[    0.154497] Block layer SCSI generic (bsg) driver version 0.4 loaded (major 248)
[    0.154518] io scheduler noop registered
[    0.154533] io scheduler deadline registered
[    0.154736] io scheduler cfq registered (default)
[    0.170385] tegra-pcie 1003000.pcie-controller: 2x1, 1x1 configuration
[    0.170433] tegra-pcie 1003000.pcie-controller: Failed to get supply 'avddio-pex': -517
[    0.170465] platform 1003000.pcie-controller: Driver tegra-pcie requests probe deferral
[    0.176826] tegra-apbdma 60020000.dma: Tegra20 APB DMA driver register 32 channels
[    0.177521] tegra-pmc 7000e400.pmc: emergency thermal reset enabled
[    0.240205] Serial: 8250/16550 driver, 4 ports, IRQ sharing disabled
[    0.242466] SuperH (H)SCI(F) driver initialized
[    0.243194] msm_serial: driver initialized
[    0.244041] console [ttyS0] disabled
[    0.244076] 70006300.serial: ttyS0 at MMIO 0x70006300 (irq = 330, base_baud = 25500000) is a Tegra
[    1.139947] console [ttyS0] enabled
[    1.144243] STMicroelectronics ASC driver initialized
[    1.151457] [drm] Initialized drm 1.1.0 20060810
[    1.157822] tegra-hdmi 54280000.hdmi: failed to get HDMI regulator
[    1.164027] platform 54280000.hdmi: Driver tegra-hdmi requests probe deferral
[    1.177916] loop: module loaded
[    1.181410] at24 0-0056: 256 byte 24c02 EEPROM, writable, 8 bytes/write
[    1.189362] as3722 4-0040: AS3722 with revision 0x1 found
[    1.200351] +1.35V_LP0(sd2): supplied by +5V_SYS
[    1.205506] +1.35V_LP0(sd3): supplied by +5V_SYS
[    1.210664] +1.05V_RUN: supplied by +5V_SYS
[    1.215233] +1.8V_VDDIO: supplied by +5V_SYS
[    1.221257] +1.05V_RUN_AVDD: supplied by +1.35V_LP0(sd2)
[    1.227552] as3722-regulator as3722-regulator: Failed to find supply vin-ldo1-6
[    1.234972] as3722-regulator as3722-regulator: regulator 8 register failed -517
[    1.243479] platform as3722-regulator: Driver as3722-regulator requests probe deferral
[    1.253663] tegra-ahci 70027000.sata: Failed to get supply 'avdd': -517
[    1.260291] tegra-ahci 70027000.sata: Failed to get regulators
[    1.266161] platform 70027000.sata: Driver tegra-ahci requests probe deferral
[    1.277497] m25p80 spi32765.0: w25q32dw (4096 Kbytes)
[    1.285876] CAN device driver interface
[    1.290884] igb: Intel(R) Gigabit Ethernet Network Driver - version 5.2.15-k
[    1.297933] igb: Copyright (c) 2007-2014 Intel Corporation.
[    1.305651] pegasus: v0.9.3 (2013/04/25), Pegasus/Pegasus II USB Ethernet driver
[    1.313099] usbcore: registered new interface driver pegasus
[    1.318830] usbcore: registered new interface driver asix
[    1.324287] usbcore: registered new interface driver ax88179_178a
[    1.330432] usbcore: registered new interface driver cdc_ether
[    1.336342] usbcore: registered new interface driver smsc75xx
[    1.342168] usbcore: registered new interface driver smsc95xx
[    1.347968] usbcore: registered new interface driver net1080
[    1.353682] usbcore: registered new interface driver cdc_subset
[    1.359655] usbcore: registered new interface driver zaurus
[    1.365317] usbcore: registered new interface driver cdc_ncm
[    1.372119] ehci_hcd: USB 2.0 'Enhanced' Host Controller (EHCI) Driver
[    1.378654] ehci-pci: EHCI PCI platform driver
[    1.383156] ehci-platform: EHCI generic platform driver
[    1.388589] ehci-omap: OMAP-EHCI Host Controller driver
[    1.393956] ehci-orion: EHCI orion driver
[    1.398109] SPEAr-ehci: EHCI SPEAr driver
[    1.402268] ehci-st: EHCI STMicroelectronics driver
[    1.407290] ehci-exynos: EHCI EXYNOS driver
[    1.411639] tegra-ehci: Tegra EHCI driver
[    1.415897] platform 7d004000.usb: Driver tegra-ehci requests probe deferral
[    1.423094] platform 7d008000.usb: Driver tegra-ehci requests probe deferral
[    1.430222] ohci_hcd: USB 1.1 'Open' Host Controller (OHCI) Driver
[    1.436419] ohci-pci: OHCI PCI platform driver
[    1.440928] ohci-platform: OHCI generic platform driver
[    1.446322] ohci-omap3: OHCI OMAP3 driver
[    1.450465] SPEAr-ohci: OHCI SPEAr driver
[    1.454622] ohci-st: OHCI STMicroelectronics driver
[    1.459722] usbcore: registered new interface driver usb-storage
[    1.465951] tegra-phy 7d004000.usb-phy: no vbus regulator
[    1.471637] platform 7d008000.usb-phy: Driver tegra-phy requests probe deferral
[    1.480727] mousedev: PS/2 mouse device common for all mice
[    1.489769] as3722-rtc as3722-rtc: rtc core: registered as3722-rtc as rtc0
[    1.496661] as3722-rtc as3722-rtc: RTC interrupt 364
[    1.504875] tegra_rtc 7000e000.rtc: rtc core: registered 7000e000.rtc as rtc1
[    1.512058] tegra_rtc 7000e000.rtc: Tegra internal Real Time Clock
[    1.518833] i2c /dev entries driver
[    1.525212] usbcore: registered new interface driver uvcvideo
[    1.530968] USB Video Class driver (1.1.1)
[    1.535067] gspca_main: v2.14.0 registered
[    1.540550] 0-004c supply vcc not found, using dummy regulator
[    1.551102] Driver 'mmcblk' needs updating - please use bus_type methods
[    1.557888] sdhci: Secure Digital Host Controller Interface driver
[    1.564071] sdhci: Copyright(c) Pierre Ossman
[    1.569635] Synopsys Designware Multimedia Card Interface Driver
[    1.576713] sdhci-pltfm: SDHCI platform and OF driver helper
[    1.583041] sdhci-tegra 700b0400.sdhci: Got CD GPIO
[    1.587945] sdhci-tegra 700b0400.sdhci: Got WP GPIO
[    1.592869] mmc0: Unknown controller version (3). You may experience problems.
[    1.600188] sdhci-tegra 700b0400.sdhci: No vmmc regulator found
[    1.606153] platform 700b0400.sdhci: Driver sdhci-tegra requests probe deferral
[    1.613590] mmc0: Unknown controller version (3). You may experience problems.
[    1.620866] sdhci-tegra 700b0600.sdhci: No vmmc regulator found
[    1.626794] sdhci-tegra 700b0600.sdhci: No vqmmc regulator found
[    1.632803] mmc0: Invalid maximum block size, assuming 512 bytes
[    1.670649] mmc0: SDHCI controller on 700b0600.sdhci [700b0600.sdhci] using ADMA 64-bit
[    1.679729] ledtrig-cpu: registered to indicate activity on CPUs
[    1.685973] usbcore: registered new interface driver usbhid
[    1.691558] usbhid: USB HID core driver
[    1.699493] usbcore: registered new interface driver snd-usb-audio
[    1.734635] mmc0: MAN_BKOPS_EN bit is not set
[    1.742230] mmc0: new high speed MMC card at address 0001
[    1.747975] mmcblk0: mmc0:0001 SEM16G 14.6 GiB 
[    1.752620] mmcblk0boot0: mmc0:0001 SEM16G partition 1 4.00 MiB
[    1.758642] mmcblk0boot1: mmc0:0001 SEM16G partition 2 4.00 MiB
[    1.764665] mmcblk0rpmb: mmc0:0001 SEM16G partition 3 4.00 MiB
[    1.772473] Primary GPT is invalid, using alternate GPT.
[    1.777824]  mmcblk0: p1 p2 p3 p4 p5 p6 p7 p8 p9
[    2.123606] tegra30-i2s 70301100.i2s: DMA channels sourced from device 70300000.ahub
[    2.140148] tegra-snd-rt5640 sound: rt5640-aif1 <-> 70301100.i2s mapping ok
[    2.149912] input: NVIDIA Tegra Jetson TK1 Headphones as /devices/soc0/sound/sound/card0/input0
[    2.160022] TCP: cubic registered
[    2.163367] NET: Registered protocol family 17
[    2.167837] can: controller area network core (rev 20120528 abi 9)
[    2.174092] NET: Registered protocol family 29
[    2.178554] can: raw protocol (rev 20120528)
[    2.182838] can: broadcast manager protocol (rev 20120528 t)
[    2.188513] can: netlink gateway (rev 20130117) max_hops=1
[    2.194385] Key type dns_resolver registered
[    2.199271] ThumbEE CPU extension supported.
[    2.203567] Registering SWP/SWPB emulation handler
[    2.210749] +3.3V_RUN: supplied by +3.3V_SYS
[    2.215425] +3.3V_AVDD_HDMI_AP_GATED: supplied by +3.3V_RUN
[    2.221590] +USB0_VBUS_SW: supplied by +5V_SYS
[    2.226627] +5V_USB_HS: supplied by +5V_SYS
[    2.232162] +3.3V_LP0: supplied by +3.3V_SYS
[    2.237085] reg-fixed-voltage regulators:regulator@11: Failed to find supply vin
[    2.244674] reg-fixed-voltage regulators:regulator@11: Failed to register regulator: -517
[    2.252922] platform regulators:regulator@11: Driver reg-fixed-voltage requests probe deferral
[    2.262823] +5V_HDMI_CON: supplied by +5V_SYS
[    2.267803] +5V_SATA: supplied by +5V_SYS
[    2.272469] +12V_SATA: supplied by +VDD_MUX
[    2.277410] tegra-pcie 1003000.pcie-controller: 2x1, 1x1 configuration
[    2.284038] tegra-pcie 1003000.pcie-controller: Failed to get supply 'avddio-pex': -517
[    2.292127] platform 1003000.pcie-controller: Driver tegra-pcie requests probe deferral
[    2.301546] tegra-hdmi 54280000.hdmi: failed to get PLL regulator
[    2.307776] platform 54280000.hdmi: Driver tegra-hdmi requests probe deferral
[    2.318759] +1.35V_LP0(sd2): supplied by +5V_SYS
[    2.323713] +1.35V_LP0(sd3): supplied by +5V_SYS
[    2.328644] +1.05V_RUN: supplied by +5V_SYS
[    2.333158] +1.8V_VDDIO: supplied by +5V_SYS
[    2.339365] +1.05V_RUN_AVDD: supplied by +1.35V_LP0(sd2)
[    2.345708] +1.8V_RUN_CAM: supplied by +3.3V_RUN
[    2.351972] +1.2V_GEN_AVDD: supplied by +1.8V_VDDIO
[    2.358683] +1.05V_LP0_VDD_RTC: supplied by +3.3V_SYS
[    2.365146] +2.8V_RUN_CAM: supplied by +3.3V_SYS
[    2.370990] +1.2V_RUN_CAM_FRONT: supplied by +1.8V_VDDIO
[    2.377349] +VDDIO_SDMMC3: supplied by +3.3V_RUN
[    2.383354] +1.05V_RUN_CAM_REAR: supplied by +1.8V_VDDIO
[    2.390571] +3.3V_RUN_TOUCH: supplied by +5V_SYS
[    2.396363] +2.8V_RUN_CAM_AF: supplied by +5V_SYS
[    2.402102] +1.8V_RUN_VPP_FUSE: supplied by +3.3V_RUN
[    2.409373] tegra-ahci 70027000.sata: AHCI 0001.0301 32 slots 2 ports 3 Gbps 0x1 impl platform mode
[    2.418441] tegra-ahci 70027000.sata: flags: 64bit ncq sntf pm led pio slum part sadm sds apst 
[    2.429365] scsi host0: tegra-ahci
[    2.434012] scsi host1: tegra-ahci
[    2.437839] ata1: SATA max UDMA/133 mmio [mem 0x70027000-0x70028fff] port 0x100 irq 340
[    2.445866] ata2: DUMMY
[    2.452006] tegra-ehci 7d004000.usb: EHCI Host Controller
[    2.457465] tegra-ehci 7d004000.usb: new USB bus registered, assigned bus number 1
[    2.465235] tegra-ehci 7d004000.usb: irq 345, io mem 0x7d004000
[    2.480665] tegra-ehci 7d004000.usb: USB 2.0 started, EHCI 1.10
[    2.487469] hub 1-0:1.0: USB hub found
[    2.491285] hub 1-0:1.0: 1 port detected
[    2.496794] platform 7d008000.usb: Driver tegra-ehci requests probe deferral
[    2.506185] sdhci-tegra 700b0400.sdhci: Got CD GPIO
[    2.511135] sdhci-tegra 700b0400.sdhci: Got WP GPIO
[    2.516102] mmc1: Unknown controller version (3). You may experience problems.
[    2.523544] sdhci-tegra 700b0400.sdhci: No vmmc regulator found
[    2.529527] mmc1: Invalid maximum block size, assuming 512 bytes
[    2.571153] mmc1: SDHCI controller on 700b0400.sdhci [700b0400.sdhci] using ADMA 64-bit
[    2.579718] +1.05V_RUN_AVDD_HDMI_PLL: supplied by +1.05V_RUN
[    2.586094] tegra-pcie 1003000.pcie-controller: 2x1, 1x1 configuration
[    2.594072] tegra-pcie 1003000.pcie-controller: probing port 0, using 2 lanes
[    2.603327] tegra-pcie 1003000.pcie-controller: Slot present pin change, signature: 00000008
[    2.770766] ata1: SATA link down (SStatus 0 SControl 300)
[    3.036509] tegra-pcie 1003000.pcie-controller: link 0 down, retrying
[    3.471870] tegra-pcie 1003000.pcie-controller: link 0 down, retrying
[    3.906726] tegra-pcie 1003000.pcie-controller: link 0 down, retrying
[    3.915356] tegra-pcie 1003000.pcie-controller: link 0 down, ignoring
[    3.921863] tegra-pcie 1003000.pcie-controller: probing port 1, using 1 lanes
[    3.931364] tegra-pcie 1003000.pcie-controller: Slot present pin change, signature: 00000000
[    3.944417] tegra-pcie 1003000.pcie-controller: PCI host bridge to bus 0000:00
[    3.951679] pci_bus 0000:00: root bus resource [mem 0x13000000-0x1fffffff]
[    3.958560] pci_bus 0000:00: root bus resource [mem 0x20000000-0x3fffffff pref]
[    3.965873] pci_bus 0000:00: root bus resource [bus 00-ff]
[    3.971363] pci_bus 0000:00: root bus resource [io  0x1000-0xffff]
[    3.977586] pci 0000:00:02.0: [10de:0e13] type 01 class 0x060400
[    3.983701] pci 0000:00:02.0: PME# supported from D0 D1 D2 D3hot D3cold
[    3.990633] PCI: bus0: Fast back to back transfers disabled
[    3.996214] pci 0000:00:02.0: bridge configuration invalid ([bus 00-00]), reconfiguring
[    4.004438] pci 0000:01:00.0: [10ec:8168] type 00 class 0x020000
[    4.010475] pci 0000:01:00.0: reg 0x10: [io  0x0000-0x00ff]
[    4.016132] pci 0000:01:00.0: reg 0x18: [mem 0x00000000-0x00000fff 64bit]
[    4.022976] pci 0000:01:00.0: reg 0x20: [mem 0x00000000-0x00003fff 64bit pref]
[    4.030362] pci 0000:01:00.0: supports D1 D2
[    4.034664] pci 0000:01:00.0: PME# supported from D0 D1 D2 D3hot D3cold
[    4.050691] PCI: bus1: Fast back to back transfers disabled
[    4.056281] pci_bus 0000:01: busn_res: [bus 01-ff] end is updated to 01
[    4.062985] pci 0000:00:02.0: BAR 8: assigned [mem 0x13000000-0x130fffff]
[    4.069783] pci 0000:00:02.0: BAR 9: assigned [mem 0x20000000-0x200fffff 64bit pref]
[    4.077532] pci 0000:00:02.0: BAR 7: assigned [io  0x1000-0x1fff]
[    4.083636] pci 0000:01:00.0: BAR 4: assigned [mem 0x20000000-0x20003fff 64bit pref]
[    4.091400] pci 0000:01:00.0: BAR 2: assigned [mem 0x13000000-0x13000fff 64bit]
[    4.098728] pci 0000:01:00.0: BAR 0: assigned [io  0x1000-0x10ff]
[    4.104831] pci 0000:00:02.0: PCI bridge to [bus 01]
[    4.109803] pci 0000:00:02.0:   bridge window [io  0x1000-0x1fff]
[    4.115904] pci 0000:00:02.0:   bridge window [mem 0x13000000-0x130fffff]
[    4.122697] pci 0000:00:02.0:   bridge window [mem 0x20000000-0x200fffff 64bit pref]
[    4.130467] pci 0000:00:02.0: nv_msi_ht_cap_quirk didn't locate host bridge
[    4.137539] pcieport 0000:00:02.0: enabling device (0140 -> 0143)
[    4.143864] pcieport 0000:00:02.0: Signaling PME through PCIe PME interrupt
[    4.150832] pci 0000:01:00.0: Signaling PME through PCIe PME interrupt
[    4.157366] pcie_pme 0000:00:02.0:pcie01: service driver pcie_pme loaded
[    4.164268] r8169 Gigabit Ethernet driver 2.3LK-NAPI loaded
[    4.169864] r8169 0000:01:00.0: enabling device (0140 -> 0143)
[    4.187031] r8169 0000:01:00.0 eth0: RTL8168g/8111g at 0xf017e000, 00:04:4b:25:b3:b4, XID 0c000800 IRQ 381
[    4.196695] r8169 0000:01:00.0 eth0: jumbo features [frames: 9200 bytes, tx checksumming: ko]
[    4.207900] [drm] Supports vblank timestamp caching Rev 2 (21.10.2013).
[    4.214547] [drm] No driver support for vblank timestamp query.
[    4.220526] drm drm: No connectors reported connected with modes
[    4.226570] [drm] Cannot find any crtc or sizes - going 1024x768
[    4.247363] Console: switching to colour frame buffer device 128x48
[    4.260896] drm drm: fb0:  frame buffer device
[    4.265346] drm drm: registered panic notifier
[    4.280760] [drm] Initialized tegra 0.0.0 20120330 on minor 0
[    4.287635] tegra-ehci 7d008000.usb: EHCI Host Controller
[    4.293068] tegra-ehci 7d008000.usb: new USB bus registered, assigned bus number 2
[    4.301269] tegra-ehci 7d008000.usb: irq 346, io mem 0x7d008000
[    4.315745] tegra-ehci 7d008000.usb: USB 2.0 started, EHCI 1.10
[    4.322531] hub 2-0:1.0: USB hub found
[    4.326343] hub 2-0:1.0: 1 port detected
[    4.331940] input: gpio-keys as /devices/soc0/gpio-keys/input/input1
[    4.339484] as3722-rtc as3722-rtc: setting system clock to 2000-02-01 00:00:49 UTC (949363249)
[    4.359181] +1.8V_RUN_VPP_FUSE: disabling
[    4.363636] +2.8V_RUN_CAM_AF: disabling
[    4.367841] +3.3V_RUN_TOUCH: disabling
[    4.371958] +1.05V_RUN_CAM_REAR: disabling
[    4.376422] +1.2V_RUN_CAM_FRONT: disabling
[    4.380863] +2.8V_RUN_CAM: disabling
[    4.384780] +1.8V_RUN_CAM: disabling
[    4.388515] +USB0_VBUS_SW: disabling
[    4.392425] ALSA device list:
[    4.395388]   #0: NVIDIA Tegra Jetson TK1
[    4.400691] EXT4-fs (mmcblk0p1): couldn't mount as ext3 due to feature incompatibilities
[    4.409459] EXT4-fs (mmcblk0p1): couldn't mount as ext2 due to feature incompatibilities
[    4.423602] EXT4-fs (mmcblk0p1): recovery complete
[    4.428457] EXT4-fs (mmcblk0p1): mounted filesystem with ordered data mode. Opts: (null)
[    4.436638] VFS: Mounted root (ext4 filesystem) on device 179:1.
[    4.444912] devtmpfs: mounted
[    4.448603] Freeing unused kernel memory: 804K (c0d03000 - c0dcc000)
bash: cannot set terminal process group (-1): Inappropriate ioctl for device
bash: no job control in this shell
root@(none):/# [    4.650784] usb 2-1: new high-speed USB device number 2 using tegra-ehci
