
U-Boot SPL 2015.04-rc3-00209-ga74ef40 (Mar 16 2015 - 14:43:39)


U-Boot 2015.04-rc3-00209-ga74ef40 (Mar 16 2015 - 14:43:39)

TEGRA20
Model: Compulab TrimSlice board
DRAM:  1 GiB
MMC:   Tegra SD/MMC: 0, Tegra SD/MMC: 1
SF: Detected W25Q80BL with page size 256 Bytes, erase size 4 KiB, total 1 MiB
tegra-pcie: PCI regions:
tegra-pcie:   I/O: 0x82000000-0x82010000
tegra-pcie:   non-prefetchable memory: 0xa0000000-0xa8000000
tegra-pcie:   prefetchable memory: 0xa8000000-0xc0000000
tegra-pcie: dual-mode configuration
tegra-pcie: probing port 0, using 2 lanes
In:    serial
Out:   serial
Err:   serial
Net:   RTL8169#0
Hit any key to stop autoboot:  2  0 
Tegra20 (TrimSlice) # 
Tegra20 (TrimSlice) # usb reset
resetting USB...
USB0:   USB EHCI 1.00
scanning bus 0 for devices... 3 USB Device(s) found
USB1:   USB EHCI 1.00
scanning bus 1 for devices... 1 USB Device(s) found
USB2:   lowlevel init failed
       scanning usb for storage devices... 0 Storage Device(s) found
       scanning usb for ethernet devices... 
Warning: asx0 using MAC address from net device
1 Ethernet Device(s) found
Tegra20 (TrimSlice) # setenv bootargs 'ignore_loglevel console=ttyS0,115200n8 rw root=PARTUUID=11eb23c1-01 rootwait gpt debug noinitrd earlyprintk init=/bin/bash'
Tegra20 (TrimSlice) # setenv ipaddr 192.168.100.103; setenv serverip 192.168.100.1; setenv tftpserverip 192.168.100.1
Tegra20 (TrimSlice) # tftpboot 0x00408000 zImage.multi_v7_defconfig
Using RTL8169#0 device
TFTP from server 192.168.100.1; our IP address is 192.168.100.103
Filename 'zImage.multi_v7_defconfig'.
Load address: 0x408000
Loading: *#################################################################
	 #################################################################
	 #################################################################
	 #################################################################
	 #################################################################
	 #################################################################
	 #################################################################
	 #################################################################
	 ####################
	 4 MiB/s
done
Bytes transferred = 7915264 (78c700 hex)
Tegra20 (TrimSlice) # tftpboot 0x02408000 tegra20-trimslice.dtb
Using RTL8169#0 device
TFTP from server 192.168.100.1; our IP address is 192.168.100.103
Filename 'tegra20-trimslice.dtb'.
Load address: 0x2408000
Loading: *##
	 2.9 MiB/s
done
Bytes transferred = 21426 (53b2 hex)
Tegra20 (TrimSlice) # bootz 0x00408000 - 0x02408000
Kernel image @ 0x408000 [ 0x000000 - 0x78c700 ]
## Flattened Device Tree blob at 02408000
   Booting using the fdt blob at 0x2408000
   Using Device Tree in place at 02408000, end 024103b1

Starting kernel ...

[    0.000000] Booting Linux on physical CPU 0x0
[    0.000000] Linux version 4.12.0-rc1-170893-ge99b6f1 (jonathanh@sellafield) (gcc version 4.7.3 20130328 (prerelease) (crosstool-NG linaro-1.13.1-4.7-2013.04-20130415 - Linaro GCC 2013.04) ) #1 SMP Tue May 30 04:10:12 PDT 2017
[    0.000000] CPU: ARMv7 Processor [411fc090] revision 0 (ARMv7), cr=10c5387d
[    0.000000] CPU: PIPT / VIPT nonaliasing data cache, VIPT aliasing instruction cache
[    0.000000] OF: fdt: Machine model: Compulab TrimSlice board
[    0.000000] debug: ignoring loglevel setting.
[    0.000000] Memory policy: Data cache writealloc
[    0.000000] efi: Getting EFI parameters from FDT:
[    0.000000] efi: UEFI not found.
[    0.000000] cma: Reserved 64 MiB at 0x3c000000
[    0.000000] On node 0 totalpages: 262144
[    0.000000] free_area_init_node: node 0, pgdat c157fd40, node_mem_map ef7f8000
[    0.000000]   DMA zone: 1536 pages used for memmap
[    0.000000]   DMA zone: 0 pages reserved
[    0.000000]   DMA zone: 196608 pages, LIFO batch:31
[    0.000000]   HighMem zone: 65536 pages, LIFO batch:15
[    0.000000] percpu: Embedded 17 pages/cpu @ef7c4000 s39168 r8192 d22272 u69632
[    0.000000] pcpu-alloc: s39168 r8192 d22272 u69632 alloc=17*4096
[    0.000000] pcpu-alloc: [0] 0 [0] 1 
[    0.000000] Built 1 zonelists in Zone order, mobility grouping on.  Total pages: 260608
[    0.000000] Kernel command line: ignore_loglevel console=ttyS0,115200n8 rw root=PARTUUID=11eb23c1-01 rootwait gpt debug noinitrd earlyprintk init=/bin/bash
[    0.000000] PID hash table entries: 4096 (order: 2, 16384 bytes)
[    0.000000] Dentry cache hash table entries: 131072 (order: 7, 524288 bytes)
[    0.000000] Inode-cache hash table entries: 65536 (order: 6, 262144 bytes)
[    0.000000] Memory: 954368K/1048576K available (10240K kernel code, 1566K rwdata, 4388K rodata, 2048K init, 409K bss, 28672K reserved, 65536K cma-reserved, 196608K highmem)
[    0.000000] Virtual kernel memory layout:
[    0.000000]     vector  : 0xffff0000 - 0xffff1000   (   4 kB)
[    0.000000]     fixmap  : 0xffc00000 - 0xfff00000   (3072 kB)
[    0.000000]     vmalloc : 0xf0800000 - 0xff800000   ( 240 MB)
[    0.000000]     lowmem  : 0xc0000000 - 0xf0000000   ( 768 MB)
[    0.000000]     pkmap   : 0xbfe00000 - 0xc0000000   (   2 MB)
[    0.000000]     modules : 0xbf000000 - 0xbfe00000   (  14 MB)
[    0.000000]       .text : 0xc0208000 - 0xc0d00000   (11232 kB)
[    0.000000]       .init : 0xc1200000 - 0xc1400000   (2048 kB)
[    0.000000]       .data : 0xc1400000 - 0xc15879b0   (1567 kB)
[    0.000000]        .bss : 0xc1590d04 - 0xc15f74d8   ( 410 kB)
[    0.000000] SLUB: HWalign=64, Order=0-3, MinObjects=0, CPUs=2, Nodes=1
[    0.000000] Hierarchical RCU implementation.
[    0.000000] 	RCU debugfs-based tracing is enabled.
[    0.000000] 	RCU restricting CPUs from NR_CPUS=16 to nr_cpu_ids=2.
[    0.000000] RCU: Adjusting geometry for rcu_fanout_leaf=16, nr_cpu_ids=2
[    0.000000] NR_IRQS:16 nr_irqs:16 16
[    0.000000] /interrupt-controller@60004000: 128 interrupts forwarded to /interrupt-controller@50041000
[    0.000000] L2C: platform modifies aux control register: 0x02080000 -> 0x3e480001
[    0.000000] L2C: DT/platform modifies aux control register: 0x02080000 -> 0x3e480001
[    0.000000] L2C-310 errata 727915 769419 enabled
[    0.000000] L2C-310 enabling early BRESP for Cortex-A9
[    0.000000] L2C-310: enabling full line of zeros but not enabled in Cortex-A9
[    0.000000] L2C-310 ID prefetch enabled, offset 1 lines
[    0.000000] L2C-310 cache controller enabled, 8 ways, 1024 kB
[    0.000000] L2C-310: CACHE_ID 0x410000c4, AUX_CTRL 0x7e480001
[    0.000009] sched_clock: 32 bits at 1000kHz, resolution 1000ns, wraps every 2147483647500ns
[    0.000025] clocksource: timer_us: mask: 0xffffffff max_cycles: 0xffffffff, max_idle_ns: 1911260446275 ns
[    0.000036] Switching to timer-based delay loop, resolution 1000ns
[    0.001550] Console: colour dummy device 80x30
[    0.001577] Calibrating delay loop (skipped), value calculated using timer frequency.. 2.00 BogoMIPS (lpj=10000)
[    0.001588] pid_max: default: 32768 minimum: 301
[    0.001660] Mount-cache hash table entries: 2048 (order: 1, 8192 bytes)
[    0.001668] Mountpoint-cache hash table entries: 2048 (order: 1, 8192 bytes)
[    0.002107] CPU: Testing write buffer coherency: ok
[    0.002311] CPU0: thread -1, cpu 0, socket 0, mpidr 80000000
[    0.002537] Setting up static identity map for 0x300000 - 0x3000a0
[    0.003960] Tegra Revision: A03 prime SKU: 8 CPU Process: 1 SoC Process: 2
[    0.004402] EFI services will not be available.
[    0.004569] smp: Bringing up secondary CPUs ...
[    0.005119] CPU1: thread -1, cpu 1, socket 0, mpidr 80000001
[    0.005182] smp: Brought up 1 node, 2 CPUs
[    0.005194] SMP: Total of 2 processors activated (4.00 BogoMIPS).
[    0.005200] CPU: All CPU(s) started in SVC mode.
[    0.005860] devtmpfs: initialized
[    0.009546] VFP support v0.3: implementor 41 architecture 3 part 30 variant 9 rev 1
[    0.009759] clocksource: jiffies: mask: 0xffffffff max_cycles: 0xffffffff, max_idle_ns: 19112604462750000 ns
[    0.009774] futex hash table entries: 512 (order: 3, 32768 bytes)
[    0.012822] pinctrl core: initialized pinctrl subsystem
[    0.014031] NET: Registered protocol family 16
[    0.016083] DMA: preallocated 256 KiB pool for atomic coherent allocations
[    0.017519] cpuidle: using governor menu
[    0.034643] No ATAGs?
[    0.034709] hw-breakpoint: found 5 (+1 reserved) breakpoint and 1 watchpoint registers.
[    0.034720] hw-breakpoint: maximum watchpoint size is 4 bytes.
[    0.040221] Serial: AMBA PL011 UART driver
[    0.051404] AT91: Could not find identification node
[    0.051951] usb1_vbus: Failed to request enable GPIO170: -517
[    0.051968] reg-fixed-voltage regulators:regulator@2: Failed to register regulator: -517
[    0.055341] vgaarb: loaded
[    0.055903] SCSI subsystem initialized
[    0.056023] libata version 3.00 loaded.
[    0.056203] usbcore: registered new interface driver usbfs
[    0.056245] usbcore: registered new interface driver hub
[    0.056284] usbcore: registered new device driver usb
[    0.058245] pps_core: LinuxPPS API ver. 1 registered
[    0.058253] pps_core: Software ver. 5.3.6 - Copyright 2005-2007 Rodolfo Giometti <giometti@linux.it>
[    0.058270] PTP clock support registered
[    0.058410] EDAC MC: Ver: 3.0.0
[    0.060181] clocksource: Switched to clocksource timer_us
[    0.100311] NET: Registered protocol family 2
[    0.100743] TCP established hash table entries: 8192 (order: 3, 32768 bytes)
[    0.100814] TCP bind hash table entries: 8192 (order: 4, 65536 bytes)
[    0.100919] TCP: Hash tables configured (established 8192 bind 8192)
[    0.101035] UDP hash table entries: 512 (order: 2, 16384 bytes)
[    0.101086] UDP-Lite hash table entries: 512 (order: 2, 16384 bytes)
[    0.101241] NET: Registered protocol family 1
[    0.101530] RPC: Registered named UNIX socket transport module.
[    0.101538] RPC: Registered udp transport module.
[    0.101543] RPC: Registered tcp transport module.
[    0.101548] RPC: Registered tcp NFSv4.1 backchannel transport module.
[    0.101557] PCI: CLS 0 bytes, default 64
[    0.102376] hw perfevents: no interrupt-affinity property for /pmu, guessing.
[    0.102528] hw perfevents: enabled with armv7_cortex_a9 PMU driver, 7 counters available
[    0.103876] workingset: timestamp_bits=30 max_order=18 bucket_order=0
[    0.110473] squashfs: version 4.0 (2009/01/31) Phillip Lougher
[    0.111073] NFS: Registering the id_resolver key type
[    0.111094] Key type id_resolver registered
[    0.111100] Key type id_legacy registered
[    0.111131] ntfs: driver 2.1.32 [Flags: R/O].
[    0.112376] bounce: pool size: 64 pages
[    0.112415] Block layer SCSI generic (bsg) driver version 0.4 loaded (major 248)
[    0.112423] io scheduler noop registered
[    0.112429] io scheduler deadline registered
[    0.112456] io scheduler cfq registered (default)
[    0.112463] io scheduler mq-deadline registered
[    0.112468] io scheduler kyber registered
[    0.123601] tegra-pcie 80003000.pcie-controller: dual-mode configuration
[    0.124304] tegra-pcie 80003000.pcie-controller: probing port 0, using 2 lanes
[    0.208355] tegra-pcie 80003000.pcie-controller: PCI host bridge to bus 0000:00
[    0.208369] pci_bus 0000:00: root bus resource [io  0x0000-0xffff]
[    0.208377] pci_bus 0000:00: root bus resource [mem 0xa0000000-0xa7ffffff]
[    0.208386] pci_bus 0000:00: root bus resource [mem 0xa8000000-0xbfffffff pref]
[    0.208394] pci_bus 0000:00: root bus resource [bus 00-ff]
[    0.208427] pci 0000:00:01.0: [10de:0bf0] type 01 class 0x060000
[    0.208456] pci_bus 0000:00: 2-byte config write to 0000:00:01.0 offset 0x88 may corrupt adjacent RW1C bits
[    0.208482] pci_bus 0000:00: 2-byte config write to 0000:00:01.0 offset 0x52 may corrupt adjacent RW1C bits
[    0.208506] pci 0000:00:01.0: PME# supported from D0 D1 D2 D3hot D3cold
[    0.208517] pci_bus 0000:00: 2-byte config write to 0000:00:01.0 offset 0x4c may corrupt adjacent RW1C bits
[    0.208694] pci_bus 0000:00: 2-byte config write to 0000:00:01.0 offset 0x3e may corrupt adjacent RW1C bits
[    0.208706] pci_bus 0000:00: 2-byte config write to 0000:00:01.0 offset 0x4 may corrupt adjacent RW1C bits
[    0.208716] pci_bus 0000:00: 1-byte config write to 0000:00:01.0 offset 0xc may corrupt adjacent RW1C bits
[    0.208723] PCI: bus0: Fast back to back transfers disabled
[    0.208732] pci 0000:00:01.0: bridge configuration invalid ([bus 00-00]), reconfiguring
[    0.208742] pci_bus 0000:00: 2-byte config write to 0000:00:01.0 offset 0x3e may corrupt adjacent RW1C bits
[    0.208752] pci_bus 0000:00: 2-byte config write to 0000:00:01.0 offset 0x3e may corrupt adjacent RW1C bits
[    0.208763] pci_bus 0000:00: 2-byte config write to 0000:00:01.0 offset 0x3e may corrupt adjacent RW1C bits
[    0.208773] pci_bus 0000:00: 2-byte config write to 0000:00:01.0 offset 0x6 may corrupt adjacent RW1C bits
[    0.208889] pci 0000:01:00.0: [10ec:8168] type 00 class 0x020000
[    0.208917] pci 0000:01:00.0: reg 0x10: [io  0x0000-0x00ff]
[    0.208941] pci 0000:01:00.0: reg 0x18: [mem 0x00000000-0x00000fff 64bit pref]
[    0.208959] pci 0000:01:00.0: reg 0x20: [mem 0x00000000-0x00003fff 64bit pref]
[    0.208973] pci 0000:01:00.0: reg 0x30: [mem 0x00000000-0x0001ffff pref]
[    0.209046] pci 0000:01:00.0: supports D1 D2
[    0.209053] pci 0000:01:00.0: PME# supported from D0 D1 D2 D3hot D3cold
[    0.230206] PCI: bus1: Fast back to back transfers disabled
[    0.230218] pci_bus 0000:01: busn_res: [bus 01-ff] end is updated to 01
[    0.230231] Disabling cpuidle LP2 state, since PCIe IRQs are in use
[    0.230291] pci 0000:00:01.0: BAR 8: assigned [mem 0xa0000000-0xa00fffff]
[    0.230302] pci 0000:00:01.0: BAR 9: assigned [mem 0xa8000000-0xa80fffff 64bit pref]
[    0.230311] pci 0000:00:01.0: BAR 7: assigned [io  0x1000-0x1fff]
[    0.230323] pci 0000:01:00.0: BAR 6: assigned [mem 0xa0000000-0xa001ffff pref]
[    0.230333] pci 0000:01:00.0: BAR 4: assigned [mem 0xa8000000-0xa8003fff 64bit pref]
[    0.230353] pci 0000:01:00.0: BAR 2: assigned [mem 0xa8004000-0xa8004fff 64bit pref]
[    0.230371] pci 0000:01:00.0: BAR 0: assigned [io  0x1000-0x10ff]
[    0.230382] pci 0000:00:01.0: PCI bridge to [bus 01]
[    0.230390] pci 0000:00:01.0:   bridge window [io  0x1000-0x1fff]
[    0.230399] pci 0000:00:01.0:   bridge window [mem 0xa0000000-0xa00fffff]
[    0.230408] pci 0000:00:01.0:   bridge window [mem 0xa8000000-0xa80fffff 64bit pref]
[    0.230431] pci 0000:00:01.0: nv_msi_ht_cap_quirk didn't locate host bridge
[    0.230488] pcieport 0000:00:01.0: enabling device (0140 -> 0143)
[    0.230679] pcieport 0000:00:01.0: Signaling PME with IRQ 295
[    0.235358] tegra_dma_runtime_resume-1507
[    0.236601] tegra-apbdma 6000a000.dma: Tegra20 APB DMA driver register 16 channels
[    0.285597] Serial: 8250/16550 driver, 4 ports, IRQ sharing disabled
[    0.287834] console [ttyS0] disabled
[    0.287869] 70006000.serial: ttyS0 at MMIO 0x70006000 (irq = 279, base_baud = 13500000) is a Tegra
[    1.356988] console [ttyS0] enabled
[    1.361043] SuperH (H)SCI(F) driver initialized
[    1.366284] msm_serial: driver initialized
[    1.370531] STMicroelectronics ASC driver initialized
[    1.379814] tegra-hdmi 54280000.hdmi: 54280000.hdmi supply hdmi not found, using dummy regulator
[    1.390616] [drm] Supports vblank timestamp caching Rev 2 (21.10.2013).
[    1.397215] [drm] No driver support for vblank timestamp query.
[    1.403164] [drm] Cannot find any crtc or sizes - going 1024x768
[    1.425390] Console: switching to colour frame buffer device 128x48
[    1.440070] drm drm: fb0:  frame buffer device
[    1.444565] [drm] Initialized tegra 0.0.0 20120330 for drm on minor 0
[    1.460281] brd: module loaded
[    1.468922] loop: module loaded
[    1.478035] m25p80 spi32766.0: found s25fl008k, expected w25q80bl
[    1.484147] m25p80 spi32766.0: s25fl008k (1024 Kbytes)
[    1.491581] libphy: Fixed MDIO Bus: probed
[    1.496478] CAN device driver interface
[    1.500978] bgmac_bcma: Broadcom 47xx GBit MAC driver loaded
[    1.507546] e1000e: Intel(R) PRO/1000 Network Driver - 3.2.6-k
[    1.513380] e1000e: Copyright(c) 1999 - 2015 Intel Corporation.
[    1.519337] igb: Intel(R) Gigabit Ethernet Network Driver - version 5.4.0-k
[    1.526292] igb: Copyright (c) 2007-2014 Intel Corporation.
[    1.532395] r8169 Gigabit Ethernet driver 2.3LK-NAPI loaded
[    1.537977] r8169 0000:01:00.0: enabling device (0140 -> 0143)
[    1.544623] r8169 0000:01:00.0 eth0: RTL8168d/8111d at 0xf08fc000, 00:01:c0:13:7d:63, XID 081000c0 IRQ 296
[    1.554290] r8169 0000:01:00.0 eth0: jumbo features [frames: 9200 bytes, tx checksumming: ko]
[    1.564922] pegasus: v0.9.3 (2013/04/25), Pegasus/Pegasus II USB Ethernet driver
[    1.572383] usbcore: registered new interface driver pegasus
[    1.578065] usbcore: registered new interface driver asix
[    1.583496] usbcore: registered new interface driver ax88179_178a
[    1.589599] usbcore: registered new interface driver cdc_ether
[    1.595473] usbcore: registered new interface driver smsc75xx
[    1.601262] usbcore: registered new interface driver smsc95xx
[    1.607021] usbcore: registered new interface driver net1080
[    1.612716] usbcore: registered new interface driver cdc_subset
[    1.618648] usbcore: registered new interface driver zaurus
[    1.624270] usbcore: registered new interface driver cdc_ncm
[    1.630214] tegra-phy c5004000.usb-phy: no vbus regulator
[    1.636690] tegra-phy c5008000.usb-phy: no vbus regulator
[    1.643401] ehci_hcd: USB 2.0 'Enhanced' Host Controller (EHCI) Driver
[    1.649913] ehci-pci: EHCI PCI platform driver
[    1.654399] ehci-platform: EHCI generic platform driver
[    1.659761] ehci-orion: EHCI orion driver
[    1.663893] SPEAr-ehci: EHCI SPEAr driver
[    1.667991] ehci-st: EHCI STMicroelectronics driver
[    1.672973] ehci-exynos: EHCI EXYNOS driver
[    1.677257] ehci-atmel: EHCI Atmel driver
[    1.681385] tegra-ehci: Tegra EHCI driver
[    1.741385] ulpi_phy_power_on: ulpi write failed
[    1.745993] tegra-ehci c5004000.usb: Failed to power on the phy
[    1.751929] tegra-ehci: probe of c5004000.usb failed with error -110
[    1.760905] tegra-ehci c5008000.usb: EHCI Host Controller
[    1.766309] tegra-ehci c5008000.usb: new USB bus registered, assigned bus number 1
[    1.774130] tegra-ehci c5008000.usb: irq 290, io mem 0xc5008000
[    1.800199] tegra-ehci c5008000.usb: USB 2.0 started, EHCI 1.00
[    1.806708] hub 1-0:1.0: USB hub found
[    1.810490] hub 1-0:1.0: 1 port detected
[    1.814710] ohci_hcd: USB 1.1 'Open' Host Controller (OHCI) Driver
[    1.820901] ohci-pci: OHCI PCI platform driver
[    1.825380] ohci-platform: OHCI generic platform driver
[    1.830764] ohci-omap3: OHCI OMAP3 driver
[    1.834865] SPEAr-ohci: OHCI SPEAr driver
[    1.838966] ohci-st: OHCI STMicroelectronics driver
[    1.843949] ohci-atmel: OHCI Atmel driver
[    1.848536] usbcore: registered new interface driver usb-storage
[    1.857143] rtc-em3027 2-0056: rtc core: registered rtc-em3027 as rtc0
[    1.864830] tegra_rtc 7000e000.rtc: rtc core: registered 7000e000.rtc as rtc1
[    1.872000] tegra_rtc 7000e000.rtc: Tegra internal Real Time Clock
[    1.878558] i2c /dev entries driver
[    1.891324] sdhci: Secure Digital Host Controller Interface driver
[    1.897489] sdhci: Copyright(c) Pierre Ossman
[    1.903009] Synopsys Designware Multimedia Card Interface Driver
[    1.909928] sdhci-pltfm: SDHCI platform and OF driver helper
[    1.924408] mmc0: Invalid maximum block size, assuming 512 bytes
[    1.990199] mmc0: SDHCI controller on c8000000.sdhci [c8000000.sdhci] using ADMA
[    1.997685] sdhci-tegra c8000600.sdhci: Got CD GPIO
[    2.002584] sdhci-tegra c8000600.sdhci: Got WP GPIO
[    2.015617] mmc1: Invalid maximum block size, assuming 512 bytes
[    2.080298] mmc1: SDHCI controller on c8000600.sdhci [c8000600.sdhci] using ADMA
[    2.089113] ledtrig-cpu: registered to indicate activity on CPUs
[    2.095400] usbcore: registered new interface driver usbhid
[    2.100975] usbhid: USB HID core driver
[    2.107920] NET: Registered protocol family 10
[    2.113359] Segment Routing with IPv6
[    2.117056] sit: IPv6, IPv4 and MPLS over IPv4 tunneling driver
[    2.123490] NET: Registered protocol family 17
[    2.127927] can: controller area network core (rev 20170425 abi 9)
[    2.134161] NET: Registered protocol family 29
[    2.138593] can: raw protocol (rev 20170425)
[    2.142866] can: broadcast manager protocol (rev 20170425 t)
[    2.148514] can: netlink gateway (rev 20170425) max_hops=1
[    2.154312] Key type dns_resolver registered
[    2.158962] ThumbEE CPU extension supported.
[    2.163248] Registering SWP/SWPB emulation handler
[    2.176213] utmi_phy_clk_enable: timeout waiting for phy to stabilize
[    2.180215] usb 1-1: new high-speed USB device number 2 using tegra-ehci
[    2.189371] tegra-ehci c5000000.usb: EHCI Host Controller
[    2.194791] tegra-ehci c5000000.usb: new USB bus registered, assigned bus number 2
[    2.202646] tegra-ehci c5000000.usb: irq 288, io mem 0xc5000000
[    2.299190] mmc1: new high speed SD card at address b368
[    2.305032] mmcblk1: mmc1:b368 NCard 1.83 GiB (ro)
[    2.312517]  mmcblk1: p1 p2
[    2.350213] tegra-ehci c5000000.usb: USB 2.0 started, EHCI 1.00
[    2.356975] hub 2-0:1.0: USB hub found
[    2.360815] hub 2-0:1.0: 1 port detected
[    2.366001] input: gpio-keys as /devices/soc0/gpio-keys/input/input0
[    2.373108] rtc-em3027 2-0056: hctosys: unable to read the hardware clock
[    2.373123] hub 1-1:1.0: USB hub found
[    2.373282] hub 1-1:1.0: 4 ports detected
[    2.388619] Waiting for root device PARTUUID=11eb23c1-01...
[    2.690267] usb 1-1.2: new high-speed USB device number 3 using tegra-ehci
[    3.258096] mmc0: host does not support reading read-only switch, assuming write-enable
[    3.268223] mmc0: new high speed SDHC card at address b368
[    3.275176] mmcblk0: mmc0:b368 NCard 3.70 GiB 
[    3.283148]  mmcblk0: p1
[    3.315272] asix 1-1.2:1.0 eth1: register 'asix' at usb-c5008000.usb-1.2, ASIX AX88772 USB 2.0 Ethernet, 00:60:6e:60:6c:68
[    3.331652] EXT4-fs (mmcblk0p1): mounting ext3 file system using the ext4 subsystem
[    3.363589] random: fast init done
[    3.577844] EXT4-fs (mmcblk0p1): recovery complete
[    3.655243] EXT4-fs (mmcblk0p1): mounted filesystem with ordered data mode. Opts: (null)
[    3.663442] VFS: Mounted root (ext3 filesystem) on device 179:17.
[    3.673712] devtmpfs: mounted
[    3.682353] Freeing unused kernel memory: 2048K
bash: cannot set terminal process group (-1): Inappropriate ioctl for device
bash: no job control in this shell
root@(none):/#  
root@(none):/# mount -t sysfs none /sys
root@(none):/# 
root@(none):/# mount -t debugfs none /sys/kernel/debug
root@(none):/# 
root@(none):/# rtcwake -d rtc1 -m mem -s 3
rtcwake: assuming RTC uses UTC ...
rtcwake: wakeup from "mem" using /dev/rtc1 at Thu Jan  1 00:00:32 1970
[   15.778719] PM: Syncing filesystems ... done.
[   15.824928] Freezing user space processes ... (elapsed 0.001 seconds) done.
[   15.833401] OOM killer disabled.
[   15.836643] Freezing remaining freezable tasks ... (elapsed 0.001 seconds) done.
[   15.845647] Suspending console(s) (use no_console_suspend to debug)
[   15.886040] pci_generic_config_write32: 38 callbacks suppressed
[   15.886084] pci_bus 0000:00: 2-byte config write to 0000:00:01.0 offset 0x9c may corrupt adjacent RW1C bits
[   15.898170] tegra_dma_pm_suspend-1523
[   15.898192] tegra_dma_pm_suspend-1551
[   15.898494] PM: suspend of devices complete after 44.153 msecs
[   15.903347] PM: late suspend of devices complete after 4.822 msecs
[   15.906704] pci_bus 0000:01: 2-byte config write to 0000:01:00.0 offset 0x44 may corrupt adjacent RW1C bits
[   15.906762] pci_bus 0000:01: 2-byte config write to 0000:01:00.0 offset 0x44 may corrupt adjacent RW1C bits
[   15.930825] PM: noirq suspend of devices complete after 27.447 msecs
[   15.930838] Disabling non-boot CPUs ...
[   15.932391] IRQ294 no longer affine to CPU1
[   15.999853] Entering suspend state LP1
[   15.999853] Suspended for 1.192 seconds
[   15.999902] Enabling non-boot CPUs ...
[   16.029744] CPU1 is up
[   16.030631] pci_bus 0000:00: 2-byte config write to 0000:00:01.0 offset 0x4c may corrupt adjacent RW1C bits
[   16.030678] pci_bus 0000:00: 2-byte config write to 0000:00:01.0 offset 0x88 may corrupt adjacent RW1C bits
[   16.030709] pci_bus 0000:00: 2-byte config write to 0000:00:01.0 offset 0x90 may corrupt adjacent RW1C bits
[   16.030738] pci_bus 0000:00: 2-byte config write to 0000:00:01.0 offset 0x98 may corrupt adjacent RW1C bits
[   16.030766] pci_bus 0000:00: 2-byte config write to 0000:00:01.0 offset 0x9c may corrupt adjacent RW1C bits
[   16.030845] pci_bus 0000:00: 2-byte config write to 0000:00:01.0 offset 0x52 may corrupt adjacent RW1C bits
[   16.030879] pci_bus 0000:00: 2-byte config write to 0000:00:01.0 offset 0x52 may corrupt adjacent RW1C bits
[   16.030956] pcieport 0000:00:01.0: nv_msi_ht_cap_quirk didn't locate host bridge
[   16.060593] PM: noirq resume of devices complete after 30.814 msecs
[   16.064344] PM: early resume of devices complete after 3.176 msecs
[   16.609303] PM: resume of devices complete after 544.924 msecs
[   16.789182] OOM killer enabled.
[   16.792320] Restarting tasks ... done.
root@(none):/# 
root@(none):/# rtcwake -d rtc1 -m mem -s 3
rtcwake: assuming RTC uses UTC ...
rtcwake: wakeup from "mem" using /dev/rtc1 at Thu Jan  1 00:00:37 1970
[   17.525140] PM: Syncing filesystems ... done.
[   17.570316] Freezing user space processes ... (elapsed 0.001 seconds) done.
[   17.578725] OOM killer disabled.
[   17.582079] Freezing remaining freezable tasks ... (elapsed 0.001 seconds) done.
[   17.591133] Suspending console(s) (use no_console_suspend to debug)
[   17.647367] tegra_dma_pm_suspend-1523
[   17.647390] tegra_dma_pm_suspend-1551
[   17.647692] PM: suspend of devices complete after 47.877 msecs
[   17.652194] PM: late suspend of devices complete after 4.470 msecs
[   17.680736] PM: noirq suspend of devices complete after 28.509 msecs
[   17.680750] Disabling non-boot CPUs ...
[   17.682287] IRQ294 no longer affine to CPU1
[   17.728673] Entering suspend state LP1
[   17.728673] Suspended for 3.271 seconds
[   17.728723] Enabling non-boot CPUs ...
[   17.759666] CPU1 is up
[   17.760946] pcieport 0000:00:01.0: nv_msi_ht_cap_quirk didn't locate host bridge
[   17.790437] PM: noirq resume of devices complete after 30.736 msecs
[   17.794056] PM: early resume of devices complete after 3.046 msecs
[   18.339289] PM: resume of devices complete after 545.200 msecs
[   18.416019] OOM killer enabled.
[   18.419148] Restarting tasks ... done.
root@(none):/# 
root@(none):/# rtcwake -d rtc1 -m mem -s 3
rtcwake: assuming RTC uses UTC ...
rtcwake: wakeup from "mem" using /dev/rtc1 at Thu Jan  1 00:00:42 1970
[   19.254994] PM: Syncing filesystems ... done.
[   19.300183] Freezing user space processes ... (elapsed 0.001 seconds) done.
[   19.308620] OOM killer disabled.
[   19.311945] Freezing remaining freezable tasks ... (elapsed 0.001 seconds) done.
[   19.321011] Suspending console(s) (use no_console_suspend to debug)
[   19.377195] tegra_dma_pm_suspend-1523
[   19.377217] tegra_dma_pm_suspend-1551
[   19.377519] PM: suspend of devices complete after 47.884 msecs
[   19.382105] PM: late suspend of devices complete after 4.554 msecs
[   19.410671] PM: noirq suspend of devices complete after 28.534 msecs
[   19.410685] Disabling non-boot CPUs ...
[   19.412087] IRQ294 no longer affine to CPU1
[   19.448552] Entering suspend state LP1
[   19.448552] Suspended for 3.280 seconds
[   19.448602] Enabling non-boot CPUs ...
[   19.479646] CPU1 is up
[   19.480674] pcieport 0000:00:01.0: nv_msi_ht_cap_quirk didn't locate host bridge
[   19.510408] PM: noirq resume of devices complete after 30.728 msecs
[   19.514114] PM: early resume of devices complete after 3.134 msecs
[   20.059150] PM: resume of devices complete after 545.002 msecs
[   20.135935] OOM killer enabled.
[   20.139063] Restarting tasks ... done.
root@(none):/# 
root@(none):/# rtcwake -d rtc1 -m mem -s 3
rtcwake: assuming RTC uses UTC ...
rtcwake: wakeup from "mem" using /dev/rtc1 at Thu Jan  1 00:00:47 1970
[   20.974866] PM: Syncing filesystems ... done.
[   21.020033] Freezing user space processes ... (elapsed 0.001 seconds) done.
[   21.028468] OOM killer disabled.
[   21.031792] Freezing remaining freezable tasks ... (elapsed 0.001 seconds) done.
[   21.040826] Suspending console(s) (use no_console_suspend to debug)
[   21.055998] pci_generic_config_write32: 65 callbacks suppressed
[   21.056044] pci_bus 0000:00: 2-byte config write to 0000:00:01.0 offset 0x9c may corrupt adjacent RW1C bits
[   21.073859] tegra_dma_pm_suspend-1523
[   21.073881] tegra_dma_pm_suspend-1551
[   21.074183] PM: suspend of devices complete after 25.901 msecs
[   21.078690] PM: late suspend of devices complete after 4.475 msecs
[   21.082683] pci_bus 0000:01: 2-byte config write to 0000:01:00.0 offset 0x44 may corrupt adjacent RW1C bits
[   21.082740] pci_bus 0000:01: 2-byte config write to 0000:01:00.0 offset 0x44 may corrupt adjacent RW1C bits
[   21.110651] PM: noirq suspend of devices complete after 31.928 msecs
[   21.110664] Disabling non-boot CPUs ...
[   21.112059] IRQ294 no longer affine to CPU1
[   21.168475] Entering suspend state LP1
[   21.168475] Suspended for 3.279 seconds
[   21.168524] Enabling non-boot CPUs ...
[   21.199539] CPU1 is up
[   21.200391] pci_bus 0000:00: 2-byte config write to 0000:00:01.0 offset 0x4c may corrupt adjacent RW1C bits
[   21.200438] pci_bus 0000:00: 2-byte config write to 0000:00:01.0 offset 0x88 may corrupt adjacent RW1C bits
[   21.200469] pci_bus 0000:00: 2-byte config write to 0000:00:01.0 offset 0x90 may corrupt adjacent RW1C bits
[   21.200498] pci_bus 0000:00: 2-byte config write to 0000:00:01.0 offset 0x98 may corrupt adjacent RW1C bits
[   21.200526] pci_bus 0000:00: 2-byte config write to 0000:00:01.0 offset 0x9c may corrupt adjacent RW1C bits
[   21.200605] pci_bus 0000:00: 2-byte config write to 0000:00:01.0 offset 0x52 may corrupt adjacent RW1C bits
[   21.200639] pci_bus 0000:00: 2-byte config write to 0000:00:01.0 offset 0x52 may corrupt adjacent RW1C bits
[   21.200714] pcieport 0000:00:01.0: nv_msi_ht_cap_quirk didn't locate host bridge
[   21.230183] PM: noirq resume of devices complete after 30.610 msecs
[   21.233749] PM: early resume of devices complete after 3.001 msecs
[   21.769082] PM: resume of devices complete after 535.299 msecs
[   21.948910] OOM killer enabled.
[   21.952048] Restarting tasks ... done.
root@(none):/# 
root@(none):/# rtcwake -d rtc1 -m mem -s 3
rtcwake: assuming RTC uses UTC ...
rtcwake: wakeup from "mem" using /dev/rtc1 at Thu Jan  1 00:00:52 1970
[   22.694815] PM: Syncing filesystems ... done.
[   22.739999] Freezing user space processes ... (elapsed 0.001 seconds) done.
[   22.748363] OOM killer disabled.
[   22.751654] Freezing remaining freezable tasks ... (elapsed 0.001 seconds) done.
[   22.760516] Suspending console(s) (use no_console_suspend to debug)
[   22.793659] tegra_dma_pm_suspend-1523
[   22.793681] tegra_dma_pm_suspend-1551
[   22.793983] PM: suspend of devices complete after 25.523 msecs
[   22.798754] PM: late suspend of devices complete after 4.739 msecs
[   22.830457] PM: noirq suspend of devices complete after 31.672 msecs
[   22.830470] Disabling non-boot CPUs ...
[   22.831838] IRQ294 no longer affine to CPU1
[   22.888401] Entering suspend state LP1
[   22.888401] Suspended for 3.279 seconds
[   22.888450] Enabling non-boot CPUs ...
[   22.919456] CPU1 is up
[   22.920846] pcieport 0000:00:01.0: nv_msi_ht_cap_quirk didn't locate host bridge
[   22.950238] PM: noirq resume of devices complete after 30.746 msecs
[   22.953918] PM: early resume of devices complete after 3.107 msecs
[   23.498952] PM: resume of devices complete after 545.000 msecs
[   23.575703] OOM killer enabled.
[   23.578830] Restarting tasks ... done.
root@(none):/# 
root@(none):/# rtcwake -d rtc1 -m mem -s 3
rtcwake: assuming RTC uses UTC ...
rtcwake: wakeup from "mem" using /dev/rtc1 at Thu Jan  1 00:00:57 1970
[   24.414597] PM: Syncing filesystems ... done.
[   24.459684] Freezing user space processes ... (elapsed 0.001 seconds) done.
[   24.468202] OOM killer disabled.
[   24.471524] Freezing remaining freezable tasks ... (elapsed 0.001 seconds) done.
[   24.480592] Suspending console(s) (use no_console_suspend to debug)
[   24.537011] tegra_dma_pm_suspend-1523
[   24.537034] tegra_dma_pm_suspend-1551
[   24.537334] PM: suspend of devices complete after 48.064 msecs
[   24.541769] PM: late suspend of devices complete after 4.403 msecs
[   24.570404] PM: noirq suspend of devices complete after 28.602 msecs
[   24.570418] Disabling non-boot CPUs ...
[   24.571824] IRQ294 no longer affine to CPU1
[   24.608290] Entering suspend state LP1
[   24.608290] Suspended for 3.280 seconds
[   24.608339] Enabling non-boot CPUs ...
[   24.639343] CPU1 is up
[   24.640839] pcieport 0000:00:01.0: nv_msi_ht_cap_quirk didn't locate host bridge
[   24.670143] PM: noirq resume of devices complete after 30.765 msecs
[   24.673816] PM: early resume of devices complete after 3.100 msecs
[   25.218631] PM: resume of devices complete after 544.782 msecs
[   25.295341] OOM killer enabled.
[   25.298470] Restarting tasks ... done.
root@(none):/# 
root@(none):/# rtcwake -d rtc1 -m mem -s 3
rtcwake: assuming RTC uses UTC ...
rtcwake: wakeup from "mem" using /dev/rtc1 at Thu Jan  1 00:01:02 1970
[   26.134659] PM: Syncing filesystems ... done.
[   26.179824] Freezing user space processes ... (elapsed 0.001 seconds) done.
[   26.188257] OOM killer disabled.
[   26.191585] Freezing remaining freezable tasks ... (elapsed 0.001 seconds) done.
[   26.200679] Suspending console(s) (use no_console_suspend to debug)
[   26.245189] pci_generic_config_write32: 65 callbacks suppressed
[   26.245233] pci_bus 0000:00: 2-byte config write to 0000:00:01.0 offset 0x9c may corrupt adjacent RW1C bits
[   26.257293] tegra_dma_pm_suspend-1523
[   26.257315] tegra_dma_pm_suspend-1551
[   26.257615] PM: suspend of devices complete after 48.212 msecs
[   26.262099] PM: late suspend of devices complete after 4.451 msecs
[   26.265876] pci_bus 0000:01: 2-byte config write to 0000:01:00.0 offset 0x44 may corrupt adjacent RW1C bits
[   26.265933] pci_bus 0000:01: 2-byte config write to 0000:01:00.0 offset 0x44 may corrupt adjacent RW1C bits
[   26.290317] PM: noirq suspend of devices complete after 28.187 msecs
[   26.290330] Disabling non-boot CPUs ...
[   26.291723] IRQ294 no longer affine to CPU1
[   26.328196] Entering suspend state LP1
[   26.328196] Suspended for 3.280 seconds
[   26.328244] Enabling non-boot CPUs ...
[   26.359308] CPU1 is up
[   26.360149] pci_bus 0000:00: 2-byte config write to 0000:00:01.0 offset 0x4c may corrupt adjacent RW1C bits
[   26.360197] pci_bus 0000:00: 2-byte config write to 0000:00:01.0 offset 0x88 may corrupt adjacent RW1C bits
[   26.360229] pci_bus 0000:00: 2-byte config write to 0000:00:01.0 offset 0x90 may corrupt adjacent RW1C bits
[   26.360258] pci_bus 0000:00: 2-byte config write to 0000:00:01.0 offset 0x98 may corrupt adjacent RW1C bits
[   26.360286] pci_bus 0000:00: 2-byte config write to 0000:00:01.0 offset 0x9c may corrupt adjacent RW1C bits
[   26.360366] pci_bus 0000:00: 2-byte config write to 0000:00:01.0 offset 0x52 may corrupt adjacent RW1C bits
[   26.360401] pci_bus 0000:00: 2-byte config write to 0000:00:01.0 offset 0x52 may corrupt adjacent RW1C bits
[   26.360478] pcieport 0000:00:01.0: nv_msi_ht_cap_quirk didn't locate host bridge
[   26.389916] PM: noirq resume of devices complete after 30.575 msecs
[   26.393505] PM: early resume of devices complete after 3.022 msecs
[   26.928828] PM: resume of devices complete after 535.289 msecs
[   27.108642] OOM killer enabled.
[   27.111783] Restarting tasks ... done.
root@(none):/# 
root@(none):/# rtcwake -d rtc1 -m mem -s 3
rtcwake: assuming RTC uses UTC ...
rtcwake: wakeup from "mem" using /dev/rtc1 at Thu Jan  1 00:01:07 1970
[   27.854568] PM: Syncing filesystems ... done.
[   27.899755] Freezing user space processes ... (elapsed 0.001 seconds) done.
[   27.908189] OOM killer disabled.
[   27.911516] Freezing remaining freezable tasks ... (elapsed 0.001 seconds) done.
[   27.920582] Suspending console(s) (use no_console_suspend to debug)
[   27.977055] tegra_dma_pm_suspend-1523
[   27.977077] tegra_dma_pm_suspend-1551
[   27.977380] PM: suspend of devices complete after 48.182 msecs
[   27.981988] PM: late suspend of devices complete after 4.576 msecs
[   28.010192] PM: noirq suspend of devices complete after 28.171 msecs
[   28.010204] Disabling non-boot CPUs ...
[   28.011733] IRQ294 no longer affine to CPU1
[   28.048112] Entering suspend state LP1
[   28.048112] Suspended for 3.279 seconds
[   28.048161] Enabling non-boot CPUs ...
[   28.079254] CPU1 is up
[   28.081893] pcieport 0000:00:01.0: nv_msi_ht_cap_quirk didn't locate host bridge
[   28.110424] PM: noirq resume of devices complete after 31.137 msecs
[   28.114368] PM: early resume of devices complete after 3.193 msecs
[   28.658324] PM: resume of devices complete after 543.923 msecs
[   28.735051] OOM killer enabled.
[   28.738180] Restarting tasks ... done.
root@(none):/# 
root@(none):/# rtcwake -d rtc1 -m mem -s 3
rtcwake: assuming RTC uses UTC ...
rtcwake: wakeup from "mem" using /dev/rtc1 at Thu Jan  1 00:01:12 1970
[   29.574650] PM: Syncing filesystems ... done.
[   29.619885] Freezing user space processes ... (elapsed 0.001 seconds) done.
[   29.628318] OOM killer disabled.
[   29.631647] Freezing remaining freezable tasks ... (elapsed 0.001 seconds) done.
[   29.640692] Suspending console(s) (use no_console_suspend to debug)
[   29.696813] tegra_dma_pm_suspend-1523
[   29.696836] tegra_dma_pm_suspend-1551
[   29.697135] PM: suspend of devices complete after 47.830 msecs
[   29.701594] PM: late suspend of devices complete after 4.427 msecs
[   29.730117] PM: noirq suspend of devices complete after 28.492 msecs
[   29.730131] Disabling non-boot CPUs ...
[   29.731653] IRQ294 no longer affine to CPU1
[   29.778099] Entering suspend state LP1
[   29.778099] Suspended for 3.269 seconds
[   29.778148] Enabling non-boot CPUs ...
[   29.809120] CPU1 is up
[   29.811750] pcieport 0000:00:01.0: nv_msi_ht_cap_quirk didn't locate host bridge
[   29.840051] PM: noirq resume of devices complete after 30.897 msecs
[   29.843889] PM: early resume of devices complete after 3.095 msecs
[   30.388252] PM: resume of devices complete after 544.329 msecs
[   30.465022] OOM killer enabled.
[   30.468151] Restarting tasks ... done.
root@(none):/# 
root@(none):/# rtcwake -d rtc1 -m mem -s 3
rtcwake: assuming RTC uses UTC ...
rtcwake: wakeup from "mem" using /dev/rtc1 at Thu Jan  1 00:01:17 1970
[   31.304522] PM: Syncing filesystems ... done.
[   31.343690] Freezing user space processes ... (elapsed 0.001 seconds) done.
[   31.352056] OOM killer disabled.
[   31.355289] Freezing remaining freezable tasks ... (elapsed 0.001 seconds) done.
[   31.364148] Suspending console(s) (use no_console_suspend to debug)
[   31.404124] pci_generic_config_write32: 65 callbacks suppressed
[   31.404170] pci_bus 0000:00: 2-byte config write to 0000:00:01.0 offset 0x9c may corrupt adjacent RW1C bits
[   31.416295] tegra_dma_pm_suspend-1523
[   31.416318] tegra_dma_pm_suspend-1551
[   31.416622] PM: suspend of devices complete after 44.508 msecs
[   31.421118] PM: late suspend of devices complete after 4.465 msecs
[   31.424915] pci_bus 0000:01: 2-byte config write to 0000:01:00.0 offset 0x44 may corrupt adjacent RW1C bits
[   31.424972] pci_bus 0000:01: 2-byte config write to 0000:01:00.0 offset 0x44 may corrupt adjacent RW1C bits
[   31.450075] PM: noirq suspend of devices complete after 28.925 msecs
[   31.450088] Disabling non-boot CPUs ...
[   31.451479] IRQ294 no longer affine to CPU1
[   31.517866] Entering suspend state LP1
[   31.517866] Suspended for 3.260 seconds
[   31.517915] Enabling non-boot CPUs ...
[   31.548981] CPU1 is up
[   31.549834] pci_bus 0000:00: 2-byte config write to 0000:00:01.0 offset 0x4c may corrupt adjacent RW1C bits
[   31.549884] pci_bus 0000:00: 2-byte config write to 0000:00:01.0 offset 0x88 may corrupt adjacent RW1C bits
[   31.549915] pci_bus 0000:00: 2-byte config write to 0000:00:01.0 offset 0x90 may corrupt adjacent RW1C bits
[   31.549945] pci_bus 0000:00: 2-byte config write to 0000:00:01.0 offset 0x98 may corrupt adjacent RW1C bits
[   31.549974] pci_bus 0000:00: 2-byte config write to 0000:00:01.0 offset 0x9c may corrupt adjacent RW1C bits
[   31.550054] pci_bus 0000:00: 2-byte config write to 0000:00:01.0 offset 0x52 may corrupt adjacent RW1C bits
[   31.550089] pci_bus 0000:00: 2-byte config write to 0000:00:01.0 offset 0x52 may corrupt adjacent RW1C bits
[   31.550163] pcieport 0000:00:01.0: nv_msi_ht_cap_quirk didn't locate host bridge
[   31.579654] PM: noirq resume of devices complete after 30.639 msecs
[   31.583287] PM: early resume of devices complete after 3.064 msecs
[   32.127876] PM: resume of devices complete after 544.553 msecs
[   32.307716] OOM killer enabled.
[   32.310854] Restarting tasks ... done.
root@(none):/# 
root@(none):/# NVTB SYSTEM SUSPEND TEST COMPLETE
