
U-Boot SPL 2014.01-00219-gc4d376f (Feb 18 2014 - 19:57:18)


U-Boot 2014.01-00219-gc4d376f (Feb 18 2014 - 19:57:18)

TEGRA30
Board: NVIDIA Beaver
I2C:   ready
DRAM:  2 GiB
MMC:   Tegra SD/MMC: 0, Tegra SD/MMC: 1
In:    serial
Out:   serial
Err:   serial
Net:   Net Initialization Skipped
No ethernet found.
Hit any key to stop autoboot:  2  0 
Tegra30 (Beaver) # 
Tegra30 (Beaver) # usb reset
(Re)start USB...
USB0:   USB EHCI 1.00
scanning bus 0 for devices... 2 USB Device(s) found
       scanning usb for storage devices... 0 Storage Device(s) found
       scanning usb for ethernet devices... 
Warning: asx0 using MAC address from net device
1 Ethernet Device(s) found
Tegra30 (Beaver) # setenv bootargs 'ignore_loglevel console=ttyS0,115200n8 rw root=/dev/mmcblk0p1 rootwait gpt debug init=/bin/bash noinitrd'
Tegra30 (Beaver) # setenv ipaddr 192.168.100.101; setenv serverip 192.168.100.1; setenv tftpserverip 192.168.100.1
Tegra30 (Beaver) # tftpboot 0x81000000 zImage.multi_v7_defconfig
Waiting for Ethernet connection... done.
Using asx0 device
TFTP from server 192.168.100.1; our IP address is 192.168.100.101
Filename 'zImage.multi_v7_defconfig'.
Load address: 0x81000000
Loading: *#################################################################
	 #################################################################
	 #################################################################
	 #################################################################
	 #################################################################
	 #################################################################
	 ########################
	 3.4 MiB/s
done
Bytes transferred = 6076648 (5cb8e8 hex)
Tegra30 (Beaver) # tftpboot 0x82000000 tegra30-beaver.dtb
Using asx0 device
TFTP from server 192.168.100.1; our IP address is 192.168.100.101
Filename 'tegra30-beaver.dtb'.
Load address: 0x82000000
Loading: *##
	 2.9 MiB/s
done
Bytes transferred = 24641 (6041 hex)
Tegra30 (Beaver) # bootz 0x81000000 - 0x82000000
Kernel image @ 0x81000000 [ 0x000000 - 0x5cb8e8 ]
## Flattened Device Tree blob at 82000000
   Booting using the fdt blob at 0x82000000
   Loading Device Tree to 8fff6000, end 8ffff040 ... OK

Starting kernel ...

[    0.000000] Booting Linux on physical CPU 0x0
[    0.000000] Linux version 4.0.0-rc2 (pwalmsley@sellafield) (gcc version 4.7.3 20130328 (prerelease) (crosstool-NG linaro-1.13.1-4.7-2013.04-20130415 - Linaro GCC 2013.04) ) #1 SMP Wed Mar 25 07:30:48 PDT 2015
[    0.000000] CPU: ARMv7 Processor [412fc099] revision 9 (ARMv7), cr=10c5387d
[    0.000000] CPU: PIPT / VIPT nonaliasing data cache, VIPT aliasing instruction cache
[    0.000000] Machine model: NVIDIA Tegra30 Beaver evaluation board
[    0.000000] debug: ignoring loglevel setting.
[    0.000000] cma: Reserved 64 MiB at 0xfb800000
[    0.000000] Memory policy: Data cache writealloc
[    0.000000] On node 0 totalpages: 524032
[    0.000000] free_area_init_node: node 0, pgdat c0ec7f00, node_mem_map ee7f8000
[    0.000000]   DMA zone: 1520 pages used for memmap
[    0.000000]   DMA zone: 0 pages reserved
[    0.000000]   DMA zone: 194560 pages, LIFO batch:31
[    0.000000]   HighMem zone: 329472 pages, LIFO batch:31
[    0.000000] PERCPU: Embedded 11 pages/cpu @ee7b1000 s12480 r8192 d24384 u45056
[    0.000000] pcpu-alloc: s12480 r8192 d24384 u45056 alloc=11*4096
[    0.000000] pcpu-alloc: [0] 0 [0] 1 [0] 2 [0] 3 
[    0.000000] Built 1 zonelists in Zone order, mobility grouping on.  Total pages: 522512
[    0.000000] Kernel command line: ignore_loglevel console=ttyS0,115200n8 rw root=/dev/mmcblk0p1 rootwait gpt debug init=/bin/bash noinitrd
[    0.000000] PID hash table entries: 4096 (order: 2, 16384 bytes)
[    0.000000] Dentry cache hash table entries: 131072 (order: 7, 524288 bytes)
[    0.000000] Inode-cache hash table entries: 65536 (order: 6, 262144 bytes)
[    0.000000] Memory: 1999696K/2096128K available (7826K kernel code, 1015K rwdata, 3412K rodata, 804K init, 314K bss, 30896K reserved, 65536K cma-reserved, 1252352K highmem)
[    0.000000] Virtual kernel memory layout:
[    0.000000]     vector  : 0xffff0000 - 0xffff1000   (   4 kB)
[    0.000000]     fixmap  : 0xffc00000 - 0xfff00000   (3072 kB)
[    0.000000]     vmalloc : 0xf0000000 - 0xff000000   ( 240 MB)
[    0.000000]     lowmem  : 0xc0000000 - 0xef800000   ( 760 MB)
[    0.000000]     pkmap   : 0xbfe00000 - 0xc0000000   (   2 MB)
[    0.000000]     modules : 0xbf000000 - 0xbfe00000   (  14 MB)
[    0.000000]       .text : 0xc0208000 - 0xc0d02a80   (11243 kB)
[    0.000000]       .init : 0xc0d03000 - 0xc0dcc000   ( 804 kB)
[    0.000000]       .data : 0xc0dcc000 - 0xc0ec9e60   (1016 kB)
[    0.000000]        .bss : 0xc0ec9e60 - 0xc0f18968   ( 315 kB)
[    0.000000] SLUB: HWalign=64, Order=0-3, MinObjects=0, CPUs=4, Nodes=1
[    0.000000] Hierarchical RCU implementation.
[    0.000000] 	Additional per-CPU info printed with stalls.
[    0.000000] 	RCU restricting CPUs from NR_CPUS=8 to nr_cpu_ids=4.
[    0.000000] RCU: Adjusting geometry for rcu_fanout_leaf=16, nr_cpu_ids=4
[    0.000000] NR_IRQS:16 nr_irqs:16 16
[    0.000000] L2C: platform modifies aux control register: 0x02080000 -> 0x3e480001
[    0.000000] L2C: DT/platform modifies aux control register: 0x02080000 -> 0x3e480001
[    0.000000] L2C-310 erratum 769419 enabled
[    0.000000] L2C-310 enabling early BRESP for Cortex-A9
[    0.000000] L2C-310: enabling full line of zeros but not enabled in Cortex-A9
[    0.000000] L2C-310 ID prefetch enabled, offset 1 lines
[    0.000000] L2C-310 dynamic clock gating enabled, standby mode enabled
[    0.000000] L2C-310 cache controller enabled, 8 ways, 1024 kB
[    0.000000] L2C-310: CACHE_ID 0x410000c7, AUX_CTRL 0x7e480001
[    0.000013] sched_clock: 32 bits at 1000kHz, resolution 1000ns, wraps every 2147483648000ns
[    0.000031] Switching to timer-based delay loop, resolution 1000ns
[    0.001182] Console: colour dummy device 80x30
[    0.001202] Calibrating delay loop (skipped), value calculated using timer frequency.. 2.00 BogoMIPS (lpj=5000)
[    0.001210] pid_max: default: 32768 minimum: 301
[    0.001298] Mount-cache hash table entries: 2048 (order: 1, 8192 bytes)
[    0.001304] Mountpoint-cache hash table entries: 2048 (order: 1, 8192 bytes)
[    0.001714] CPU: Testing write buffer coherency: ok
[    0.001918] CPU0: thread -1, cpu 0, socket 0, mpidr 80000000
[    0.001986] Setting up static identity map for 0x809668f8 - 0x80966990
[    0.003083] Tegra Revision: A03 SKU: 128 CPU Process: 4 Core Process: 0
[    0.004255] CPU1: thread -1, cpu 1, socket 0, mpidr 80000001
[    0.005125] CPU2: thread -1, cpu 2, socket 0, mpidr 80000002
[    0.005995] CPU3: thread -1, cpu 3, socket 0, mpidr 80000003
[    0.006037] Brought up 4 CPUs
[    0.006048] SMP: Total of 4 processors activated (8.00 BogoMIPS).
[    0.006053] CPU: All CPU(s) started in SVC mode.
[    0.006477] devtmpfs: initialized
[    0.007006] VFP support v0.3: implementor 41 architecture 3 part 30 variant 9 rev 4
[    0.010618] pinctrl core: initialized pinctrl subsystem
[    0.014717] NET: Registered protocol family 16
[    0.017679] DMA: preallocated 256 KiB pool for atomic coherent allocations
[    0.029980] cpuidle: using governor ladder
[    0.044957] cpuidle: using governor menu
[    0.052618] No ATAGs?
[    0.052644] hw-breakpoint: found 5 (+1 reserved) breakpoint and 1 watchpoint registers.
[    0.052650] hw-breakpoint: maximum watchpoint size is 4 bytes.
[    0.054357] Serial: AMBA PL011 UART driver
[    0.077169] platform regulators:regulator@1: Driver reg-fixed-voltage requests probe deferral
[    0.077210] platform regulators:regulator@2: Driver reg-fixed-voltage requests probe deferral
[    0.077308] vdd_5v_sata: Failed to request enable GPIO30: -517
[    0.077365] reg-fixed-voltage regulators:regulator@3: Failed to register regulator: -517
[    0.077376] platform regulators:regulator@3: Driver reg-fixed-voltage requests probe deferral
[    0.077467] usb1_vbus: Failed to request enable GPIO238: -517
[    0.077515] reg-fixed-voltage regulators:regulator@4: Failed to register regulator: -517
[    0.077525] platform regulators:regulator@4: Driver reg-fixed-voltage requests probe deferral
[    0.077616] usb3_vbus: Failed to request enable GPIO236: -517
[    0.077663] reg-fixed-voltage regulators:regulator@5: Failed to register regulator: -517
[    0.077673] platform regulators:regulator@5: Driver reg-fixed-voltage requests probe deferral
[    0.077713] platform regulators:regulator@6: Driver reg-fixed-voltage requests probe deferral
[    0.077802] sys_3v3_pexs: Failed to request enable GPIO95: -517
[    0.077849] reg-fixed-voltage regulators:regulator@7: Failed to register regulator: -517
[    0.077859] platform regulators:regulator@7: Driver reg-fixed-voltage requests probe deferral
[    0.077958] reg-fixed-voltage regulators:regulator@8: Failed to find supply vin
[    0.078007] reg-fixed-voltage regulators:regulator@8: Failed to register regulator: -517
[    0.078018] platform regulators:regulator@8: Driver reg-fixed-voltage requests probe deferral
[    0.079608] vgaarb: loaded
[    0.080055] SCSI subsystem initialized
[    0.080225] libata version 3.00 loaded.
[    0.080436] usbcore: registered new interface driver usbfs
[    0.080480] usbcore: registered new interface driver hub
[    0.080518] usbcore: registered new device driver usb
[    0.087902] vrtc: supplied by vdd_5v_in
[    0.094961] vdd_1v8_gen: supplied by vdd_5v_in
[    0.099957] vddio_ddr_1v2: supplied by vdd_5v_in
[    0.104958] vdd_1v5_gen: supplied by vdd_5v_in
[    0.112261] vdd_pexa,vdd_pexb: supplied by vdd_1v5_gen
[    0.114947] vdd_sata,avdd_plle: supplied by vdd_1v5_gen
[    0.117276] ldo3: supplied by vdd_5v_in
[    0.119959] vdd_rtc: supplied by vdd_5v_in
[    0.124959] vddio_sdmmc,avdd_vdac: supplied by vdd_5v_in
[    0.127619] avdd_dsi_csi,pwrdet_mipi: supplied by vdd_1v8_gen
[    0.134955] vdd_pllm,x,u,a_p_c_s: supplied by vdd_1v8_gen
[    0.139957] vdd_ddr_hs: supplied by vdd_1v8_gen
[    0.141749] media: Linux media interface: v0.10
[    0.141786] Linux video capture interface: v2.00
[    0.141821] pps_core: LinuxPPS API ver. 1 registered
[    0.141825] pps_core: Software ver. 5.3.6 - Copyright 2005-2007 Rodolfo Giometti <giometti@linux.it>
[    0.141841] PTP clock support registered
[    0.142011] EDAC MC: Ver: 3.0.0
[    0.142664] Advanced Linux Sound Architecture Driver Initialized.
[    0.143412] Switched to clocksource timer_us
[    0.149423] NET: Registered protocol family 2
[    0.149861] TCP established hash table entries: 8192 (order: 3, 32768 bytes)
[    0.149910] TCP bind hash table entries: 8192 (order: 4, 65536 bytes)
[    0.149992] TCP: Hash tables configured (established 8192 bind 8192)
[    0.150061] TCP: reno registered
[    0.150072] UDP hash table entries: 512 (order: 2, 16384 bytes)
[    0.150126] UDP-Lite hash table entries: 512 (order: 2, 16384 bytes)
[    0.150291] NET: Registered protocol family 1
[    0.150518] RPC: Registered named UNIX socket transport module.
[    0.150525] RPC: Registered udp transport module.
[    0.150529] RPC: Registered tcp transport module.
[    0.150532] RPC: Registered tcp NFSv4.1 backchannel transport module.
[    0.150548] PCI: CLS 0 bytes, default 64
[    0.151241] hw perfevents: enabled with armv7_cortex_a9 PMU driver, 7 counters available
[    0.152169] futex hash table entries: 1024 (order: 4, 65536 bytes)
[    0.158468] squashfs: version 4.0 (2009/01/31) Phillip Lougher
[    0.159002] NFS: Registering the id_resolver key type
[    0.159039] Key type id_resolver registered
[    0.159043] Key type id_legacy registered
[    0.159082] ntfs: driver 2.1.31 [Flags: R/O].
[    0.159745] bounce: pool size: 64 pages
[    0.159873] Block layer SCSI generic (bsg) driver version 0.4 loaded (major 248)
[    0.159885] io scheduler noop registered
[    0.159893] io scheduler deadline registered
[    0.159984] io scheduler cfq registered (default)
[    0.166007] tegra-pcie 3000.pcie-controller: 2x3 configuration
[    0.166091] tegra-pcie 3000.pcie-controller: Failed to get supply 'hvdd-pex': -517
[    0.166148] platform 3000.pcie-controller: Driver tegra-pcie requests probe deferral
[    0.169487] tegra-apbdma 6000a000.dma: Tegra20 APB DMA driver register 32 channels
[    0.169934] tegra-pmc 7000e400.pmc: i2c-thermtrip node not found, emergency thermal reset disabled.
[    0.203382] Serial: 8250/16550 driver, 4 ports, IRQ sharing disabled
[    0.204892] SuperH (H)SCI(F) driver initialized
[    0.205334] msm_serial: driver initialized
[    0.205930] console [ttyS0] disabled
[    0.205966] 70006000.serial: ttyS0 at MMIO 0x70006000 (irq = 331, base_baud = 25500000) is a Tegra
[    1.129756] console [ttyS0] enabled
[    1.133745] STMicroelectronics ASC driver initialized
[    1.140171] [drm] Initialized drm 1.1.0 20060810
[    1.145760] tegra-hdmi 54280000.hdmi: failed to get HDMI regulator
[    1.151950] platform 54280000.hdmi: Driver tegra-hdmi requests probe deferral
[    1.163482] loop: module loaded
[    1.170637] m25p80 spi32766.1: w25q32 (4096 Kbytes)
[    1.177328] CAN device driver interface
[    1.181804] igb: Intel(R) Gigabit Ethernet Network Driver - version 5.2.15-k
[    1.188844] igb: Copyright (c) 2007-2014 Intel Corporation.
[    1.195607] pegasus: v0.9.3 (2013/04/25), Pegasus/Pegasus II USB Ethernet driver
[    1.203045] usbcore: registered new interface driver pegasus
[    1.208734] usbcore: registered new interface driver asix
[    1.214153] usbcore: registered new interface driver ax88179_178a
[    1.220275] usbcore: registered new interface driver cdc_ether
[    1.226136] usbcore: registered new interface driver smsc75xx
[    1.231908] usbcore: registered new interface driver smsc95xx
[    1.237681] usbcore: registered new interface driver net1080
[    1.243360] usbcore: registered new interface driver cdc_subset
[    1.249296] usbcore: registered new interface driver zaurus
[    1.254920] usbcore: registered new interface driver cdc_ncm
[    1.261195] ehci_hcd: USB 2.0 'Enhanced' Host Controller (EHCI) Driver
[    1.267718] ehci-pci: EHCI PCI platform driver
[    1.272186] ehci-platform: EHCI generic platform driver
[    1.277521] ehci-omap: OMAP-EHCI Host Controller driver
[    1.282812] ehci-orion: EHCI orion driver
[    1.286887] SPEAr-ehci: EHCI SPEAr driver
[    1.290971] ehci-st: EHCI STMicroelectronics driver
[    1.295917] ehci-exynos: EHCI EXYNOS driver
[    1.300182] tegra-ehci: Tegra EHCI driver
[    1.304360] platform 7d004000.usb: Driver tegra-ehci requests probe deferral
[    1.311455] platform 7d008000.usb: Driver tegra-ehci requests probe deferral
[    1.318533] ohci_hcd: USB 1.1 'Open' Host Controller (OHCI) Driver
[    1.324716] ohci-pci: OHCI PCI platform driver
[    1.329189] ohci-platform: OHCI generic platform driver
[    1.334504] ohci-omap3: OHCI OMAP3 driver
[    1.338591] SPEAr-ohci: OHCI SPEAr driver
[    1.342672] ohci-st: OHCI STMicroelectronics driver
[    1.347658] usbcore: registered new interface driver usb-storage
[    1.353817] platform 7d004000.usb-phy: Driver tegra-phy requests probe deferral
[    1.361172] platform 7d008000.usb-phy: Driver tegra-phy requests probe deferral
[    1.369437] mousedev: PS/2 mouse device common for all mice
[    1.376847] tegra_rtc 7000e000.rtc: rtc core: registered 7000e000.rtc as rtc1
[    1.384010] tegra_rtc 7000e000.rtc: Tegra internal Real Time Clock
[    1.402778] tps65910-rtc tps65910-rtc: rtc core: registered tps65910-rtc as rtc0
[    1.410288] i2c /dev entries driver
[    1.415350] usbcore: registered new interface driver uvcvideo
[    1.421094] USB Video Class driver (1.1.1)
[    1.425189] gspca_main: v2.14.0 registered
[    1.431553] Driver 'mmcblk' needs updating - please use bus_type methods
[    1.438303] sdhci: Secure Digital Host Controller Interface driver
[    1.444475] sdhci: Copyright(c) Pierre Ossman
[    1.449496] Synopsys Designware Multimedia Card Interface Driver
[    1.456084] sdhci-pltfm: SDHCI platform and OF driver helper
[    1.462173] sdhci-tegra 78000000.sdhci: Got CD GPIO
[    1.467060] sdhci-tegra 78000000.sdhci: Got WP GPIO
[    1.473060] sdhci-tegra 78000000.sdhci: No vmmc regulator found
[    1.478977] sdhci-tegra 78000000.sdhci: No vqmmc regulator found
[    1.484975] mmc0: Invalid maximum block size, assuming 512 bytes
[    1.523558] mmc0: SDHCI controller on 78000000.sdhci [78000000.sdhci] using ADMA
[    1.532093] sdhci-tegra 78000600.sdhci: No vmmc regulator found
[    1.538012] sdhci-tegra 78000600.sdhci: No vqmmc regulator found
[    1.544010] mmc1: Invalid maximum block size, assuming 512 bytes
[    1.583420] mmc1: SDHCI controller on 78000600.sdhci [78000600.sdhci] using ADMA
[    1.595543] ledtrig-cpu: registered to indicate activity on CPUs
[    1.601692] usbcore: registered new interface driver usbhid
[    1.607267] usbhid: USB HID core driver
[    1.613053] usbcore: registered new interface driver snd-usb-audio
[    1.693608] mmc1: new high speed MMC card at address 0001
[    1.699248] mmcblk0: mmc1:0001 SEM16G 14.8 GiB 
[    1.703854] mmcblk0boot0: mmc1:0001 SEM16G partition 1 1.00 MiB
[    1.709853] mmcblk0boot1: mmc1:0001 SEM16G partition 2 1.00 MiB
[    1.715835] mmcblk0rpmb: mmc1:0001 SEM16G partition 3 128 KiB
[    1.724296] Primary GPT is invalid, using alternate GPT.
[    1.729622]  mmcblk0: p1 p2 p3 p4 p5
[    2.034750] tegra30-i2s 70080400.i2s: DMA channels sourced from device 70080000.ahub
[    2.050307] tegra-snd-rt5640 sound: rt5640-aif1 <-> 70080400.i2s mapping ok
[    2.059255] input: NVIDIA Tegra Beaver Headphones as /devices/soc0/sound/sound/card0/input0
[    2.068575] TCP: cubic registered
[    2.071888] NET: Registered protocol family 17
[    2.076349] can: controller area network core (rev 20120528 abi 9)
[    2.082576] NET: Registered protocol family 29
[    2.087023] can: raw protocol (rev 20120528)
[    2.091291] can: broadcast manager protocol (rev 20120528 t)
[    2.096948] can: netlink gateway (rev 20130117) max_hops=1
[    2.102710] Key type dns_resolver registered
[    2.107366] ThumbEE CPU extension supported.
[    2.111650] Registering SWP/SWPB emulation handler
[    2.122337] vdd_ddr: supplied by vdd_5v_in
[    2.126683] vdd_5v_sata: supplied by vdd_5v_in
[    2.131336] usb1_vbus: supplied by vdd_5v_in
[    2.135830] usb3_vbus: supplied by vdd_5v_in
[    2.141654] sys_3v3,vdd_3v3_alw: supplied by vdd_5v_in
[    2.147012] sys_3v3_pexs: supplied by sys_3v3,vdd_3v3_alw
[    2.152619] +VDD_5V_HDMI: supplied by sys_3v3,vdd_3v3_alw
[    2.158417] tegra-pcie 3000.pcie-controller: 2x3 configuration
[    2.166744] tegra-pcie 3000.pcie-controller: probing port 0, using 2 lanes
[    2.231660] tegra-pcie 3000.pcie-controller: probing port 2, using 2 lanes
[    2.642054] tegra-pcie 3000.pcie-controller: link 2 down, retrying
[    3.052051] tegra-pcie 3000.pcie-controller: link 2 down, retrying
[    3.462060] tegra-pcie 3000.pcie-controller: link 2 down, retrying
[    3.470252] tegra-pcie 3000.pcie-controller: link 2 down, ignoring
[    3.476557] tegra-pcie 3000.pcie-controller: PCI host bridge to bus 0000:00
[    3.483519] pci_bus 0000:00: root bus resource [mem 0x20000000-0x27ffffff]
[    3.490388] pci_bus 0000:00: root bus resource [mem 0x28000000-0x3fffffff pref]
[    3.497688] pci_bus 0000:00: root bus resource [bus 00-ff]
[    3.503166] pci_bus 0000:00: root bus resource [io  0x1000-0xffff]
[    3.509365] pci 0000:00:01.0: [10de:0e1c] type 01 class 0x060400
[    3.515421] pci 0000:00:01.0: PME# supported from D0 D1 D2 D3hot D3cold
[    3.522156] PCI: bus0: Fast back to back transfers disabled
[    3.527728] pci 0000:00:01.0: bridge configuration invalid ([bus 00-00]), reconfiguring
[    3.535839] pci 0000:01:00.0: [10ec:8168] type 00 class 0x020000
[    3.541858] pci 0000:01:00.0: reg 0x10: [io  0x0000-0x00ff]
[    3.547439] pci 0000:01:00.0: reg 0x18: [mem 0x00000000-0x00000fff 64bit pref]
[    3.554661] pci 0000:01:00.0: reg 0x20: [mem 0x00000000-0x00003fff 64bit pref]
[    3.561943] pci 0000:01:00.0: supports D1 D2
[    3.566210] pci 0000:01:00.0: PME# supported from D0 D1 D2 D3hot D3cold
[    3.578437] PCI: bus1: Fast back to back transfers disabled
[    3.584009] pci_bus 0000:01: busn_res: [bus 01-ff] end is updated to 01
[    3.590666] pci 0000:00:01.0: BAR 9: assigned [mem 0x28000000-0x280fffff 64bit pref]
[    3.598407] pci 0000:00:01.0: BAR 7: assigned [io  0x1000-0x1fff]
[    3.604497] pci 0000:01:00.0: BAR 4: assigned [mem 0x28000000-0x28003fff 64bit pref]
[    3.612240] pci 0000:01:00.0: BAR 2: assigned [mem 0x28004000-0x28004fff 64bit pref]
[    3.619980] pci 0000:01:00.0: BAR 0: assigned [io  0x1000-0x10ff]
[    3.626068] pci 0000:00:01.0: PCI bridge to [bus 01]
[    3.631027] pci 0000:00:01.0:   bridge window [io  0x1000-0x1fff]
[    3.637112] pci 0000:00:01.0:   bridge window [mem 0x28000000-0x280fffff 64bit pref]
[    3.644857] pci 0000:00:01.0: nv_msi_ht_cap_quirk didn't locate host bridge
[    3.651870] pcieport 0000:00:01.0: enabling device (0140 -> 0143)
[    3.658100] pcieport 0000:00:01.0: Signaling PME through PCIe PME interrupt
[    3.665059] pci 0000:01:00.0: Signaling PME through PCIe PME interrupt
[    3.671579] pcie_pme 0000:00:01.0:pcie01: service driver pcie_pme loaded
[    3.678431] r8169 Gigabit Ethernet driver 2.3LK-NAPI loaded
[    3.684014] r8169 0000:01:00.0: enabling device (0140 -> 0143)
[    3.690532] r8169 0000:01:00.0 eth0: RTL8168evl/8111evl at 0xf00e8000, 02:04:4b:01:60:a6, XID 0c900800 IRQ 375
[    3.700528] r8169 0000:01:00.0 eth0: jumbo features [frames: 9200 bytes, tx checksumming: ko]
[    3.711245] [drm] Supports vblank timestamp caching Rev 2 (21.10.2013).
[    3.717882] [drm] No driver support for vblank timestamp query.
[    3.723816] drm drm: No connectors reported connected with modes
[    3.729822] [drm] Cannot find any crtc or sizes - going 1024x768
[    3.755320] Console: switching to colour frame buffer device 128x48
[    3.767849] drm drm: fb0:  frame buffer device
[    3.772289] drm drm: registered panic notifier
[    3.788426] [drm] Initialized tegra 0.0.0 20120330 on minor 0
[    3.794965] platform 7d004000.usb: Driver tegra-ehci requests probe deferral
[    3.802737] platform 7d008000.usb: Driver tegra-ehci requests probe deferral
[    3.813638] utmi_phy_clk_enable: timeout waiting for phy to stabilize
[    3.820095] tegra-ehci 7d004000.usb: EHCI Host Controller
[    3.825503] tegra-ehci 7d004000.usb: new USB bus registered, assigned bus number 1
[    3.834179] tegra-ehci 7d004000.usb: irq 343, io mem 0x7d004000
[    3.848426] tegra-ehci 7d004000.usb: USB 2.0 started, EHCI 1.00
[    3.854847] hub 1-0:1.0: USB hub found
[    3.858639] hub 1-0:1.0: 1 port detected
[    3.863280] tegra-ehci 7d008000.usb: EHCI Host Controller
[    3.868703] tegra-ehci 7d008000.usb: new USB bus registered, assigned bus number 2
[    3.876481] tegra-ehci 7d008000.usb: irq 344, io mem 0x7d008000
[    3.888424] tegra-ehci 7d008000.usb: USB 2.0 started, EHCI 1.00
[    3.894737] hub 2-0:1.0: USB hub found
[    3.898515] hub 2-0:1.0: 1 port detected
[    3.907494] tps65910-rtc tps65910-rtc: setting system clock to 2000-01-01 00:00:02 UTC (946684802)
[    3.920922] usb1_vbus: disabling
[    3.924225] vdd_sata,avdd_plle: disabling
[    3.928765] ALSA device list:
[    3.931725]   #0: NVIDIA Tegra Beaver
[    3.937201] EXT4-fs (mmcblk0p1): mounting ext3 file system using the ext4 subsystem
[    3.952133] EXT4-fs (mmcblk0p1): warning: mounting fs with errors, running e2fsck is recommended
[    3.962414] EXT4-fs (mmcblk0p1): recovery complete
[    3.967218] EXT4-fs (mmcblk0p1): mounted filesystem with ordered data mode. Opts: (null)
[    3.975328] VFS: Mounted root (ext3 filesystem) on device 179:1.
[    3.990818] devtmpfs: mounted
[    3.994470] Freeing unused kernel memory: 804K (c0d03000 - c0dcc000)
bash: cannot set terminal process group (-1): Inappropriate ioctl for device
bash: no job control in this shell
root@(none):/# [    4.208472] usb 2-1: new high-speed USB device number 2 using tegra-ehci
