
U-Boot SPL 2016.05-rc2 (Apr 21 2016 - 16:23:00)
Trying to boot from RAM


U-Boot 2016.05-rc2 (Apr 21 2016 - 16:23:00 -0700)

TEGRA124
Model: NVIDIA Jetson TK1
Board: NVIDIA Jetson TK1
DRAM:  2 GiB
MC:   Tegra SD/MMC: 0, Tegra SD/MMC: 1
In:    serial
Out:   serial
Err:   serial
Net:   No ethernet found.
Hit any key to stop autoboot:  2  0 
Tegra124 (Jetson TK1) # 
Tegra124 (Jetson TK1) # pci enum
Tegra124 (Jetson TK1) # setenv bootargs 'ignore_loglevel console=ttyS0,115200n8 rw root=PARTUUID=b1791faa-84e8-4e27-83a1-9fb0a77e8803 rootwait gpt debug noinitrd earlyprintk init=/bin/bash'
Tegra124 (Jetson TK1) # setenv ipaddr 192.168.100.102; setenv serverip 192.168.100.1; setenv tftpserverip 192.168.100.1
Tegra124 (Jetson TK1) # tftpboot 0x82000000 zImage.multi_v7_defconfig

Warning: eth_rtl8169 using MAC address from ROM
Using eth_rtl8169 device
TFTP from server 192.168.100.1; our IP address is 192.168.100.102
Filename 'zImage.multi_v7_defconfig'.
Load address: 0x82000000
Loading: *#################################################################
	 #################################################################
	 #################################################################
	 #################################################################
	 #################################################################
	 #################################################################
	 #################################################################
	 #################################################################
	 ####################################
	 4 MiB/s
done
Bytes transferred = 8159752 (7c8208 hex)
Tegra124 (Jetson TK1) # tftpboot 0x83000000 tegra124-jetson-tk1.dtb
Using eth_rtl8169 device
TFTP from server 192.168.100.1; our IP address is 192.168.100.102
Filename 'tegra124-jetson-tk1.dtb'.
Load address: 0x83000000
Loading: *#####
	 3.8 MiB/s
done
Bytes transferred = 67173 (10665 hex)
Tegra124 (Jetson TK1) # bootz 0x82000000 - 0x83000000
Kernel image @ 0x82000000 [ 0x000000 - 0x7c8200 ]
## Flattened Device Tree blob at 83000000
   Booting using the fdt blob at 0x83000000
   Using Device Tree in place at 83000000, end 83013664

Starting kernel ...

[    0.000000] Booting Linux on physical CPU 0x0
[    0.000000] Linux version 4.13.0-next-20170908-199620-gda52d78 (jonathanh@sellafield) (gcc version 4.7.3 20130328 (prerelease) (crosstool-NG linaro-1.13.1-4.7-2013.04-20130415 - Linaro GCC 2013.04)) #1 SMP Mon Sep 11 15:35:44 PDT 2017
[    0.000000] CPU: ARMv7 Processor [413fc0f3] revision 3 (ARMv7), cr=10c5387d
[    0.000000] CPU: div instructions available: patching division code
[    0.000000] CPU: PIPT / VIPT nonaliasing data cache, PIPT instruction cache
[    0.000000] OF: fdt: Machine model: NVIDIA Tegra124 Jetson TK1
[    0.000000] debug: ignoring loglevel setting.
[    0.000000] Memory policy: Data cache writealloc
[    0.000000] efi: Getting EFI parameters from FDT:
[    0.000000] efi: UEFI not found.
[    0.000000] cma: Reserved 64 MiB at 0xfb800000
[    0.000000] On node 0 totalpages: 524032
[    0.000000] free_area_init_node: node 0, pgdat c158e5c0, node_mem_map eeff8000
[    0.000000]   DMA zone: 1536 pages used for memmap
[    0.000000]   DMA zone: 0 pages reserved
[    0.000000]   DMA zone: 196608 pages, LIFO batch:31
[    0.000000]   HighMem zone: 327424 pages, LIFO batch:31
[    0.000000] random: fast init done
[    0.000000] percpu: Embedded 17 pages/cpu @eef82000 s39424 r8192 d22016 u69632
[    0.000000] pcpu-alloc: s39424 r8192 d22016 u69632 alloc=17*4096
[    0.000000] pcpu-alloc: [0] 0 [0] 1 [0] 2 [0] 3 
[    0.000000] Built 1 zonelists, mobility grouping on.  Total pages: 522496
[    0.000000] Kernel command line: ignore_loglevel console=ttyS0,115200n8 rw root=PARTUUID=b1791faa-84e8-4e27-83a1-9fb0a77e8803 rootwait gpt debug noinitrd earlyprintk init=/bin/bash
[    0.000000] PID hash table entries: 4096 (order: 2, 16384 bytes)
[    0.000000] Dentry cache hash table entries: 131072 (order: 7, 524288 bytes)
[    0.000000] Inode-cache hash table entries: 65536 (order: 6, 262144 bytes)
[    0.000000] Memory: 1993360K/2096128K available (10240K kernel code, 1626K rwdata, 4508K rodata, 2048K init, 405K bss, 37232K reserved, 65536K cma-reserved, 1244160K highmem)
[    0.000000] Virtual kernel memory layout:
[    0.000000]     vector  : 0xffff0000 - 0xffff1000   (   4 kB)
[    0.000000]     fixmap  : 0xffc00000 - 0xfff00000   (3072 kB)
[    0.000000]     vmalloc : 0xf0800000 - 0xff800000   ( 240 MB)
[    0.000000]     lowmem  : 0xc0000000 - 0xf0000000   ( 768 MB)
[    0.000000]     pkmap   : 0xbfe00000 - 0xc0000000   (   2 MB)
[    0.000000]     modules : 0xbf000000 - 0xbfe00000   (  14 MB)
[    0.000000]       .text : 0xc0208000 - 0xc0d00000   (11232 kB)
[    0.000000]       .init : 0xc1200000 - 0xc1400000   (2048 kB)
[    0.000000]       .data : 0xc1400000 - 0xc1596910   (1627 kB)
[    0.000000]        .bss : 0xc159fbc0 - 0xc160537c   ( 406 kB)
[    0.000000] SLUB: HWalign=64, Order=0-3, MinObjects=0, CPUs=4, Nodes=1
[    0.000000] Hierarchical RCU implementation.
[    0.000000] 	RCU event tracing is enabled.
[    0.000000] 	RCU restricting CPUs from NR_CPUS=16 to nr_cpu_ids=4.
[    0.000000] RCU: Adjusting geometry for rcu_fanout_leaf=16, nr_cpu_ids=4
[    0.000000] NR_IRQS: 16, nr_irqs: 16, preallocated irqs: 16
[    0.000000] /interrupt-controller@60004000: 160 interrupts forwarded to /interrupt-controller@50041000
[    0.000000] Tegra clk 127: register failed with -17
[    0.000009] sched_clock: 32 bits at 1000kHz, resolution 1000ns, wraps every 2147483647500ns
[    0.000028] clocksource: timer_us: mask: 0xffffffff max_cycles: 0xffffffff, max_idle_ns: 1911260446275 ns
[    0.000044] Switching to timer-based delay loop, resolution 1000ns
[    0.005129] arch_timer: cp15 timer(s) running at 12.00MHz (virt).
[    0.005148] clocksource: arch_sys_counter: mask: 0xffffffffffffff max_cycles: 0x2c47f4ee7, max_idle_ns: 440795202497 ns
[    0.005167] sched_clock: 56 bits at 12MHz, resolution 83ns, wraps every 4398046511096ns
[    0.005181] Switching to timer-based delay loop, resolution 83ns
[    0.005634] Console: colour dummy device 80x30
[    0.005667] Calibrating delay loop (skipped), value calculated using timer frequency.. 24.00 BogoMIPS (lpj=120000)
[    0.005686] pid_max: default: 32768 minimum: 301
[    0.005787] Mount-cache hash table entries: 2048 (order: 1, 8192 bytes)
[    0.005802] Mountpoint-cache hash table entries: 2048 (order: 1, 8192 bytes)
[    0.006300] CPU: Testing write buffer coherency: ok
[    0.006555] /cpus/cpu@0 missing clock-frequency property
[    0.006601] /cpus/cpu@1 missing clock-frequency property
[    0.006646] /cpus/cpu@2 missing clock-frequency property
[    0.006692] /cpus/cpu@3 missing clock-frequency property
[    0.006706] CPU0: thread -1, cpu 0, socket 0, mpidr 80000000
[    0.007002] Setting up static identity map for 0x80300000 - 0x803000a0
[    0.008950] Hierarchical SRCU implementation.
[    0.010814] Tegra Revision: A01 SKU: 129 CPU Process: 1 SoC Process: 1
[    0.011569] EFI services will not be available.
[    0.011717] smp: Bringing up secondary CPUs ...
[    0.012191] CPU1: thread -1, cpu 1, socket 0, mpidr 80000001
[    0.015538] CPU2: thread -1, cpu 2, socket 0, mpidr 80000002
[    0.025577] CPU3: thread -1, cpu 3, socket 0, mpidr 80000003
[    0.035110] smp: Brought up 1 node, 4 CPUs
[    0.035131] SMP: Total of 4 processors activated (96.00 BogoMIPS).
[    0.035141] CPU: All CPU(s) started in SVC mode.
[    0.036662] devtmpfs: initialized
[    0.051350] Built 1 zonelists, mobility grouping on.  Total pages: 514724
[    0.051716] VFP support v0.3: implementor 41 architecture 4 part 30 variant f rev 0
[    0.052147] clocksource: jiffies: mask: 0xffffffff max_cycles: 0xffffffff, max_idle_ns: 19112604462750000 ns
[    0.052168] futex hash table entries: 1024 (order: 4, 65536 bytes)
[    0.052351] pinctrl core: initialized pinctrl subsystem
[    0.053825] DMI not present or invalid.
[    0.054062] NET: Registered protocol family 16
[    0.056051] DMA: preallocated 256 KiB pool for atomic coherent allocations
[    0.058518] cpuidle: using governor menu
[    0.083774] No ATAGs?
[    0.083902] hw-breakpoint: found 5 (+1 reserved) breakpoint and 4 watchpoint registers.
[    0.083918] hw-breakpoint: maximum watchpoint size is 8 bytes.
[    0.091164] Serial: AMBA PL011 UART driver
[    0.092347] iommu: Adding device reg-dummy to group 0
[    0.092383] iommu: Adding device 1003000.pcie to group 1
[    0.092464] iommu: Adding device 50000000.host1x to group 2
[    0.092535] iommu: Adding device 54200000.dc to group 3
[    0.092605] iommu: Adding device 54240000.dc to group 4
[    0.092641] iommu: Adding device 54280000.hdmi to group 5
[    0.092715] iommu: Adding device 57000000.gpu to group 6
[    0.092748] iommu: Adding device 60005000.timer to group 7
[    0.092779] iommu: Adding device 60007000.flow-controller to group 8
[    0.092810] iommu: Adding device 6000c800.actmon to group 9
[    0.092841] iommu: Adding device 6000d000.gpio to group 10
[    0.092871] iommu: Adding device 60020000.dma to group 11
[    0.092907] iommu: Adding device 70000800.apbmisc to group 12
[    0.092942] iommu: Adding device 70000868.pinmux to group 13
[    0.092972] iommu: Adding device 70006000.serial to group 14
[    0.093003] iommu: Adding device 70006040.serial to group 15
[    0.093034] iommu: Adding device 70006300.serial to group 16
[    0.093064] iommu: Adding device 7000c000.i2c to group 17
[    0.093095] iommu: Adding device 7000c400.i2c to group 18
[    0.093125] iommu: Adding device 7000c500.i2c to group 19
[    0.093157] iommu: Adding device 7000c700.i2c to group 20
[    0.093188] iommu: Adding device 7000d000.i2c to group 21
[    0.093227] iommu: Adding device 7000d400.spi to group 22
[    0.093257] iommu: Adding device 7000da00.spi to group 23
[    0.093287] iommu: Adding device 7000e000.rtc to group 24
[    0.093317] iommu: Adding device 7000e400.pmc to group 25
[    0.093347] iommu: Adding device 7000f800.fuse to group 26
[    0.093379] iommu: Adding device 70019000.memory-controller to group 27
[    0.093409] iommu: Adding device 7001b000.emc to group 28
[    0.093440] iommu: Adding device 70027000.sata to group 29
[    0.093474] iommu: Adding device 70030000.hda to group 30
[    0.093506] iommu: Adding device 70090000.usb to group 31
[    0.093536] iommu: Adding device 7009f000.padctl to group 32
[    0.093573] iommu: Adding device 700b0400.sdhci to group 33
[    0.093604] iommu: Adding device 700b0600.sdhci to group 34
[    0.093635] iommu: Adding device 700e2000.thermal-sensor to group 35
[    0.093666] iommu: Adding device 70110000.clock to group 36
[    0.093701] iommu: Adding device 70300000.ahub to group 37
[    0.093733] iommu: Adding device 7d000000.usb to group 38
[    0.093768] iommu: Adding device 7d000000.usb-phy to group 39
[    0.093799] iommu: Adding device 7d004000.usb to group 40
[    0.093830] iommu: Adding device 7d004000.usb-phy to group 41
[    0.093861] iommu: Adding device 7d008000.usb to group 42
[    0.093892] iommu: Adding device 7d008000.usb-phy to group 43
[    0.093927] iommu: Adding device pmu to group 44
[    0.093957] iommu: Adding device timer to group 45
[    0.093988] iommu: Adding device clocks to group 46
[    0.094023] iommu: Adding device gpio-keys to group 47
[    0.094054] iommu: Adding device regulators to group 48
[    0.094085] iommu: Adding device regulators:regulator@0 to group 49
[    0.094116] iommu: Adding device regulators:regulator@1 to group 50
[    0.094147] iommu: Adding device regulators:regulator@2 to group 51
[    0.094178] iommu: Adding device regulators:regulator@3 to group 52
[    0.094209] iommu: Adding device regulators:regulator@4 to group 53
[    0.094245] iommu: Adding device regulators:regulator@7 to group 54
[    0.094280] iommu: Adding device regulators:regulator@8 to group 55
[    0.094312] iommu: Adding device regulators:regulator@10 to group 56
[    0.094343] iommu: Adding device regulators:regulator@11 to group 57
[    0.094375] iommu: Adding device regulators:regulator@12 to group 58
[    0.094406] iommu: Adding device regulators:regulator@13 to group 59
[    0.094436] iommu: Adding device regulators:regulator@14 to group 60
[    0.094466] iommu: Adding device sound to group 61
[    0.109072] AT91: Could not find identification node
[    0.109635] +5V_SYS: supplied by +VDD_MUX
[    0.109913] +3.3V_SYS: supplied by +VDD_MUX
[    0.110532] +USB0_VBUS_SW: Failed to request enable GPIO108: -517
[    0.110549] reg-fixed-voltage regulators:regulator@7: Failed to register regulator: -517
[    0.110647] +5V_USB_HS: Failed to request enable GPIO109: -517
[    0.110662] reg-fixed-voltage regulators:regulator@8: Failed to register regulator: -517
[    0.110845] +1.05V_RUN_AVDD_HDMI_PLL: Failed to request enable GPIO63: -517
[    0.110859] reg-fixed-voltage regulators:regulator@11: Failed to register regulator: -517
[    0.110955] +5V_HDMI_CON: Failed to request enable GPIO86: -517
[    0.110968] reg-fixed-voltage regulators:regulator@12: Failed to register regulator: -517
[    0.111065] +5V_SATA: Failed to request enable GPIO242: -517
[    0.111078] reg-fixed-voltage regulators:regulator@13: Failed to register regulator: -517
[    0.111174] +12V_SATA: Failed to request enable GPIO242: -517
[    0.111187] reg-fixed-voltage regulators:regulator@14: Failed to register regulator: -517
[    0.114142] vgaarb: loaded
[    0.114865] SCSI subsystem initialized
[    0.115028] libata version 3.00 loaded.
[    0.115222] usbcore: registered new interface driver usbfs
[    0.115299] usbcore: registered new interface driver hub
[    0.115358] usbcore: registered new device driver usb
[    0.118784] pps_core: LinuxPPS API ver. 1 registered
[    0.118795] pps_core: Software ver. 5.3.6 - Copyright 2005-2007 Rodolfo Giometti <giometti@linux.it>
[    0.118817] PTP clock support registered
[    0.119005] EDAC MC: Ver: 3.0.0
[    0.119276] dmi: Firmware registration failed.
[    0.121832] clocksource: Switched to clocksource arch_sys_counter
[    0.176412] NET: Registered protocol family 2
[    0.176900] TCP established hash table entries: 8192 (order: 3, 32768 bytes)
[    0.177000] TCP bind hash table entries: 8192 (order: 4, 65536 bytes)
[    0.177188] TCP: Hash tables configured (established 8192 bind 8192)
[    0.177269] UDP hash table entries: 512 (order: 2, 16384 bytes)
[    0.177313] UDP-Lite hash table entries: 512 (order: 2, 16384 bytes)
[    0.177463] NET: Registered protocol family 1
[    0.177779] RPC: Registered named UNIX socket transport module.
[    0.177791] RPC: Registered udp transport module.
[    0.177799] RPC: Registered tcp transport module.
[    0.177808] RPC: Registered tcp NFSv4.1 backchannel transport module.
[    0.177821] PCI: CLS 0 bytes, default 64
[    0.179277] hw perfevents: enabled with armv7_cortex_a15 PMU driver, 7 counters available
[    0.180002] iommu: Adding device alarmtimer to group 62
[    0.180903] workingset: timestamp_bits=30 max_order=19 bucket_order=0
[    0.186639] squashfs: version 4.0 (2009/01/31) Phillip Lougher
[    0.187204] NFS: Registering the id_resolver key type
[    0.187227] Key type id_resolver registered
[    0.187236] Key type id_legacy registered
[    0.187281] ntfs: driver 2.1.32 [Flags: R/O].
[    0.188661] bounce: pool size: 64 pages
[    0.188708] Block layer SCSI generic (bsg) driver version 0.4 loaded (major 248)
[    0.188720] io scheduler noop registered
[    0.188730] io scheduler deadline registered
[    0.188941] io scheduler cfq registered (default)
[    0.188951] io scheduler mq-deadline registered
[    0.188961] io scheduler kyber registered
[    0.192717]  usb2-0: usb2-0 supply vbus not found, using dummy regulator
[    0.192822]  usb2-1: usb2-1 supply vbus not found, using dummy regulator
[    0.193281] tegra-xusb-padctl 7009f000.padctl: failed to setup XUSB ports: -517
[    0.211888] tegra-pcie 1003000.pcie: 2x1, 1x1 configuration
[    0.211944] tegra-pcie 1003000.pcie: Failed to get supply 'avddio-pex': -517
[    0.218011] tegra124-dfll 70110000.clock: couldn't get vdd_cpu regulator
[    0.224884] tegra-apbdma 60020000.dma: Tegra20 APB DMA driver register 32 channels
[    0.227919] tegra-pmc 7000e400.pmc: emergency thermal reset enabled
[    0.278029] Serial: 8250/16550 driver, 4 ports, IRQ sharing disabled
[    0.278124] iommu: Adding device serial8250 to group 63
[    0.280606] console [ttyS0] disabled
[    0.280646] 70006300.serial: ttyS0 at MMIO 0x70006300 (irq = 335, base_baud = 25500000) is a Tegra
[    1.551697] console [ttyS0] enabled
[    1.556064] SuperH (H)SCI(F) driver initialized
[    1.561678] msm_serial: driver initialized
[    1.565986] STMicroelectronics ASC driver initialized
[    1.571925] 70006000.serial: ttyTHS1 at MMIO 0x70006000 (irq = 333, base_baud = 0) is a TEGRA_UART
[    1.581173] 70006040.serial: ttyTHS2 at MMIO 0x70006040 (irq = 334, base_baud = 0) is a TEGRA_UART
[    1.596067] tegra-hdmi 54280000.hdmi: failed to get HDMI regulator
[    1.612727] brd: module loaded
[    1.621640] loop: module loaded
[    1.625983] at24 0-0056: 256 byte 24c02 EEPROM, writable, 8 bytes/write
[    1.634291] as3722 4-0040: AS3722 with revision 0x1 found
[    1.641558] iommu: Adding device as3722-pinctrl to group 64
[    1.648692] iommu: Adding device as3722-regulator to group 65
[    1.657254] as3722-sd2: supplied by +5V_SYS
[    1.661867] as3722-sd3: supplied by +5V_SYS
[    1.666268] +1.35V_LP0(sd3): Bringing 0uV into 1350000-1350000uV
[    1.672601] as3722-sd4: supplied by +5V_SYS
[    1.677184] as3722-sd5: supplied by +5V_SYS
[    1.683136] as3722-ldo0: supplied by +1.35V_LP0(sd2)
[    1.689145] +1.8V_RUN_CAM: Bringing 0uV into 1800000-1800000uV
[    1.695342] as3722-ldo2: supplied by +1.8V_VDDIO
[    1.701207] as3722-ldo3: supplied by +3.3V_SYS
[    1.705705] +1.05V_LP0_VDD_RTC: Bringing 1100000uV into 1000000-1000000uV
[    1.713459] as3722-ldo4: supplied by +3.3V_SYS
[    1.718111] +2.8V_RUN_CAM: Bringing 0uV into 2800000-2800000uV
[    1.724313] as3722-ldo5: supplied by +1.8V_VDDIO
[    1.729153] +1.2V_RUN_CAM_FRONT: Bringing 0uV into 1200000-1200000uV
[    1.736061] +VDDIO_SDMMC3: bypassed regulator has no supply!
[    1.741713] +VDDIO_SDMMC3: failed to get the current voltage(-517)
[    1.747912] as3722-regulator as3722-regulator: regulator 13 register failed -517
[    1.758483] iommu: Adding device as3722-rtc to group 66
[    1.764054] iommu: Adding device as3722-adc to group 67
[    1.769574] iommu: Adding device as3722-power-off to group 68
[    1.775633] iommu: Adding device as3722-wdt to group 69
[    1.782700] tegra-ahci 70027000.sata: couldn't get PHY in node sata: -517
[    1.805063] m25p80 spi1.0: w25q32dw (4096 Kbytes)
[    1.812096] iommu: Adding device Fixed MDIO bus.0 to group 70
[    1.818185] libphy: Fixed MDIO Bus: probed
[    1.823204] CAN device driver interface
[    1.827969] bgmac_bcma: Broadcom 47xx GBit MAC driver loaded
[    1.835032] e1000e: Intel(R) PRO/1000 Network Driver - 3.2.6-k
[    1.840855] e1000e: Copyright(c) 1999 - 2015 Intel Corporation.
[    1.846827] igb: Intel(R) Gigabit Ethernet Network Driver - version 5.4.0-k
[    1.853793] igb: Copyright (c) 2007-2014 Intel Corporation.
[    1.863182] pegasus: v0.9.3 (2013/04/25), Pegasus/Pegasus II USB Ethernet driver
[    1.870607] usbcore: registered new interface driver pegasus
[    1.876313] usbcore: registered new interface driver asix
[    1.881737] usbcore: registered new interface driver ax88179_178a
[    1.887866] usbcore: registered new interface driver cdc_ether
[    1.893754] usbcore: registered new interface driver smsc75xx
[    1.899533] usbcore: registered new interface driver smsc95xx
[    1.905312] usbcore: registered new interface driver net1080
[    1.910989] usbcore: registered new interface driver cdc_subset
[    1.916948] usbcore: registered new interface driver zaurus
[    1.922575] usbcore: registered new interface driver cdc_ncm
[    1.928456] tegra-phy 7d000000.usb-phy: no vbus regulator
[    1.934070] tegra-phy 7d004000.usb-phy: no vbus regulator
[    1.941450] ehci_hcd: USB 2.0 'Enhanced' Host Controller (EHCI) Driver
[    1.947984] ehci-pci: EHCI PCI platform driver
[    1.952471] ehci-platform: EHCI generic platform driver
[    1.957900] ehci-orion: EHCI orion driver
[    1.962083] SPEAr-ehci: EHCI SPEAr driver
[    1.966227] ehci-st: EHCI STMicroelectronics driver
[    1.971236] ehci-exynos: EHCI EXYNOS driver
[    1.975594] ehci-atmel: EHCI Atmel driver
[    1.979734] tegra-ehci: Tegra EHCI driver
[    1.986596] tegra-ehci 7d004000.usb: EHCI Host Controller
[    1.992029] tegra-ehci 7d004000.usb: new USB bus registered, assigned bus number 1
[    1.999802] tegra-ehci 7d004000.usb: irq 355, io mem 0x7d004000
[    2.031854] tegra-ehci 7d004000.usb: USB 2.0 started, EHCI 1.10
[    2.038421] hub 1-0:1.0: USB hub found
[    2.042234] hub 1-0:1.0: 1 port detected
[    2.046709] ohci_hcd: USB 1.1 'Open' Host Controller (OHCI) Driver
[    2.052927] ohci-pci: OHCI PCI platform driver
[    2.057406] ohci-platform: OHCI generic platform driver
[    2.062843] SPEAr-ohci: OHCI SPEAr driver
[    2.066990] ohci-st: OHCI STMicroelectronics driver
[    2.072021] ohci-atmel: OHCI Atmel driver
[    2.076807] usbcore: registered new interface driver usb-storage
[    2.084386] iommu: Adding device ci_hdrc.0 to group 71
[    2.096537] as3722-rtc as3722-rtc: rtc core: registered as3722-rtc as rtc0
[    2.103435] as3722-rtc as3722-rtc: RTC interrupt 378
[    2.111792] tegra_rtc 7000e000.rtc: rtc core: registered 7000e000.rtc as rtc1
[    2.118985] tegra_rtc 7000e000.rtc: Tegra internal Real Time Clock
[    2.125734] i2c /dev entries driver
[    2.133091] IR NEC protocol handler initialized
[    2.137616] IR RC5(x/sz) protocol handler initialized
[    2.142677] IR RC6 protocol handler initialized
[    2.147200] IR JVC protocol handler initialized
[    2.151723] IR Sony protocol handler initialized
[    2.156353] IR SANYO protocol handler initialized
[    2.161050] IR Sharp protocol handler initialized
[    2.165763] IR MCE Keyboard/mouse protocol handler initialized
[    2.171589] IR XMP protocol handler initialized
[    2.179323] lm90 0-004c: 0-004c supply vcc not found, using dummy regulator
[    2.194450] iommu: Adding device cpufreq-tegra124 to group 72
[    2.202550] sdhci: Secure Digital Host Controller Interface driver
[    2.208721] sdhci: Copyright(c) Pierre Ossman
[    2.214774] Synopsys Designware Multimedia Card Interface Driver
[    2.222157] sdhci-pltfm: SDHCI platform and OF driver helper
[    2.228611] sdhci-tegra 700b0400.sdhci: Got CD GPIO
[    2.233523] sdhci-tegra 700b0400.sdhci: Got WP GPIO
[    2.254769] mmc0: Unknown controller version (3). You may experience problems.
[    2.262044] mmc0: Invalid maximum block size, assuming 512 bytes
[    2.331855] mmc0: SDHCI controller on 700b0600.sdhci [700b0600.sdhci] using ADMA
[    2.341415] ledtrig-cpu: registered to indicate activity on CPUs
[    2.347760] usbcore: registered new interface driver usbhid
[    2.353343] usbhid: USB HID core driver
[    2.361236] NET: Registered protocol family 10
[    2.366633] Segment Routing with IPv6
[    2.370406] sit: IPv6, IPv4 and MPLS over IPv4 tunneling driver
[    2.376881] NET: Registered protocol family 17
[    2.381326] can: controller area network core (rev 20170425 abi 9)
[    2.387575] NET: Registered protocol family 29
[    2.392036] can: raw protocol (rev 20170425)
[    2.396300] can: broadcast manager protocol (rev 20170425 t)
[    2.401970] can: netlink gateway (rev 20170425) max_hops=1
[    2.407727] Key type dns_resolver registered
[    2.412521] ThumbEE CPU extension supported.
[    2.416810] Registering SWP/SWPB emulation handler
[    2.421469] mmc0: new high speed MMC card at address 0001
[    2.427314] mmcblk0: mmc0:0001 SEM16G 14.7 GiB 
[    2.432541] mmcblk0boot0: mmc0:0001 SEM16G partition 1 4.00 MiB
[    2.438679] mmcblk0boot1: mmc0:0001 SEM16G partition 2 4.00 MiB
[    2.444778] mmcblk0rpmb: mmc0:0001 SEM16G partition 3 4.00 MiB
[    2.452863]  mmcblk0: p1
[    2.455131] +3.3V_RUN: supplied by +3.3V_SYS
[    2.456902] +USB0_VBUS_SW: supplied by +5V_SYS
[    2.457136] +3.3V_AVDD_HDMI_AP_GATED: supplied by +3.3V_RUN
[    2.457591] +5V_USB_HS: supplied by +5V_SYS
[    2.458981] +3.3V_LP0: supplied by +3.3V_SYS
[    2.461041] +5V_HDMI_CON: supplied by +5V_SYS
[    2.461651] +5V_SATA: supplied by +5V_SYS
[    2.462477] +12V_SATA: supplied by +VDD_MUX
[    2.464187]  usb2-0: usb2-0 supply vbus not found, using dummy regulator
[    2.464313]  usb2-1: usb2-1 supply vbus not found, using dummy regulator
[    2.464610]  usb3-0: usb3-0 supply vbus not found, using dummy regulator
[    2.465893] tegra-pcie 1003000.pcie: 2x1, 1x1 configuration
[    2.465946] tegra-pcie 1003000.pcie: Failed to get supply 'avddio-pex': -517
[    2.468957] tegra124-dfll 70110000.clock: couldn't get vdd_cpu regulator
[    2.473377] tegra-hdmi 54280000.hdmi: failed to get PLL regulator
[    2.479228] as3722-sd2: supplied by +5V_SYS
[    2.479645] as3722-sd3: supplied by +5V_SYS
[    2.479939] as3722-sd4: supplied by +5V_SYS
[    2.480206] as3722-sd5: supplied by +5V_SYS
[    2.482144] as3722-ldo0: supplied by +1.35V_LP0(sd2)
[    2.483186] as3722-ldo1: supplied by +3.3V_RUN
[    2.483615] as3722-ldo2: supplied by +1.8V_VDDIO
[    2.484588] as3722-ldo3: supplied by +3.3V_SYS
[    2.485503] as3722-ldo4: supplied by +3.3V_SYS
[    2.485794] as3722-ldo5: supplied by +1.8V_VDDIO
[    2.486082] as3722-ldo6: supplied by +3.3V_RUN
[    2.486391] as3722-ldo7: supplied by +1.8V_VDDIO
[    2.486980] +1.05V_RUN_CAM_REAR: Bringing 0uV into 1050000-1050000uV
[    2.487695] as3722-ldo9: supplied by +5V_SYS
[    2.488949] +3.3V_RUN_TOUCH: Bringing 0uV into 2800000-2800000uV
[    2.489437] as3722-ldo10: supplied by +5V_SYS
[    2.489679] +2.8V_RUN_CAM_AF: Bringing 0uV into 2800000-2800000uV
[    2.490418] as3722-ldo11: supplied by +3.3V_RUN
[    2.491000] +1.8V_RUN_VPP_FUSE: Bringing 0uV into 1800000-1800000uV
[    2.494891] tegra-ahci 70027000.sata: AHCI 0001.0301 32 slots 2 ports 3 Gbps 0x1 impl platform mode
[    2.494904] tegra-ahci 70027000.sata: flags: 64bit ncq sntf pm led pio slum part sadm sds apst 
[    2.648265] scsi host0: tegra-ahci
[    2.652567] scsi host1: tegra-ahci
[    2.656197] ata1: SATA max UDMA/133 mmio [mem 0x70027000-0x70028fff] port 0x100 irq 345
[    2.664254] ata2: DUMMY
[    2.670162] tegra-ehci 7d008000.usb: EHCI Host Controller
[    2.675632] tegra-ehci 7d008000.usb: new USB bus registered, assigned bus number 2
[    2.683437] tegra-ehci 7d008000.usb: irq 356, io mem 0x7d008000
[    2.711981] tegra-ehci 7d008000.usb: USB 2.0 started, EHCI 1.10
[    2.718949] hub 2-0:1.0: USB hub found
[    2.723124] hub 2-0:1.0: 1 port detected
[    2.729588] sdhci-tegra 700b0400.sdhci: Got CD GPIO
[    2.734541] sdhci-tegra 700b0400.sdhci: Got WP GPIO
[    2.746247] mmc1: Unknown controller version (3). You may experience problems.
[    2.753599] mmc1: Invalid maximum block size, assuming 512 bytes
[    2.822386] mmc1: SDHCI controller on 700b0400.sdhci [700b0400.sdhci] using ADMA
[    2.830517] tegra-pcie 1003000.pcie: 2x1, 1x1 configuration
[    2.838219] tegra-pcie 1003000.pcie: probing port 0, using 2 lanes
[    2.847955] tegra-pcie 1003000.pcie: Slot present pin change, signature: 00000008
[    2.872281] tegra-pcie 1003000.pcie: probing port 1, using 1 lanes
[    2.880622] tegra-pcie 1003000.pcie: Slot present pin change, signature: 00000000
[    2.895361] tegra-pcie 1003000.pcie: PCI host bridge to bus 0000:00
[    2.901638] pci_bus 0000:00: root bus resource [io  0x0000-0xffff]
[    2.907852] pci_bus 0000:00: root bus resource [mem 0x13000000-0x1fffffff]
[    2.914763] pci_bus 0000:00: root bus resource [mem 0x20000000-0x3fffffff pref]
[    2.922121] pci_bus 0000:00: root bus resource [bus 00-ff]
[    2.927649] pci 0000:00:01.0: [10de:0e12] type 01 class 0x060400
[    2.933703] pci_bus 0000:00: 2-byte config write to 0000:00:01.0 offset 0x4 may corrupt adjacent RW1C bits
[    2.943404] pci_bus 0000:00: 2-byte config write to 0000:00:01.0 offset 0x4 may corrupt adjacent RW1C bits
[    2.953136] pci 0000:00:01.0: enabling Extended Tags
[    2.958115] pci_bus 0000:00: 2-byte config write to 0000:00:01.0 offset 0x88 may corrupt adjacent RW1C bits
[    2.967910] pci_bus 0000:00: 2-byte config write to 0000:00:01.0 offset 0x52 may corrupt adjacent RW1C bits
[    2.977732] pci 0000:00:01.0: PME# supported from D0 D1 D2 D3hot D3cold
[    2.984393] pci_bus 0000:00: 2-byte config write to 0000:00:01.0 offset 0x4c may corrupt adjacent RW1C bits
[    2.994416] pci 0000:00:02.0: [10de:0e13] type 01 class 0x060400
[    2.995510] ata1: SATA link down (SStatus 0 SControl 300)
[    3.005861] pci_bus 0000:00: 2-byte config write to 0000:00:02.0 offset 0x4 may corrupt adjacent RW1C bits
[    3.015529] pci_bus 0000:00: 2-byte config write to 0000:00:02.0 offset 0x4 may corrupt adjacent RW1C bits
[    3.025249] pci 0000:00:02.0: enabling Extended Tags
[    3.030215] pci_bus 0000:00: 2-byte config write to 0000:00:02.0 offset 0x88 may corrupt adjacent RW1C bits
[    3.039982] pci_bus 0000:00: 2-byte config write to 0000:00:02.0 offset 0x52 may corrupt adjacent RW1C bits
[    3.049768] pci 0000:00:02.0: PME# supported from D0 D1 D2 D3hot D3cold
[    3.056395] pci_bus 0000:00: 2-byte config write to 0000:00:02.0 offset 0x4c may corrupt adjacent RW1C bits
[    3.066419] PCI: bus0: Fast back to back transfers disabled
[    3.072039] pci 0000:00:01.0: bridge configuration invalid ([bus 00-00]), reconfiguring
[    3.080045] pci 0000:00:02.0: bridge configuration invalid ([bus 00-00]), reconfiguring
[    3.088286] pci 0000:01:00.0: [8086:4232] type 00 class 0x028000
[    3.094401] pci 0000:01:00.0: reg 0x10: [mem 0x00000000-0x00001fff 64bit]
[    3.101383] pci 0000:01:00.0: PME# supported from D0 D3hot D3cold
[    3.122869] mmc1: new high speed SDHC card at address aaaa
[    3.129033] mmcblk1: mmc1:aaaa SD04G 3.69 GiB 
[    3.133846] PCI: bus1: Fast back to back transfers disabled
[    3.139446] pci_bus 0000:01: busn_res: [bus 01-ff] end is updated to 01
[    3.146306] pci 0000:02:00.0: [10ec:8168] type 00 class 0x020000
[    3.152384] pci 0000:02:00.0: reg 0x10: [io  0x0000-0x00ff]
[    3.157982] pci 0000:02:00.0: reg 0x18: [mem 0x00000000-0x00000fff 64bit]
[    3.164799] pci 0000:02:00.0: reg 0x20: [mem 0x00000000-0x00003fff 64bit pref]
[    3.172169] pci 0000:02:00.0: supports D1 D2
[    3.176435] pci 0000:02:00.0: PME# supported from D0 D1 D2 D3hot D3cold
[    3.196592]  mmcblk1: p1 p2 p3
[    3.211992] PCI: bus2: Fast back to back transfers disabled
[    3.217571] pci_bus 0000:02: busn_res: [bus 02-ff] end is updated to 02
[    3.224284] pci 0000:00:01.0: BAR 8: assigned [mem 0x13000000-0x130fffff]
[    3.231082] pci 0000:00:02.0: BAR 8: assigned [mem 0x13100000-0x131fffff]
[    3.237920] pci 0000:00:02.0: BAR 9: assigned [mem 0x20000000-0x200fffff 64bit pref]
[    3.245697] pci 0000:00:02.0: BAR 7: assigned [io  0x1000-0x1fff]
[    3.251794] pci 0000:01:00.0: BAR 0: assigned [mem 0x13000000-0x13001fff 64bit]
[    3.259141] pci 0000:00:01.0: PCI bridge to [bus 01]
[    3.264147] pci 0000:00:01.0:   bridge window [mem 0x13000000-0x130fffff]
[    3.270945] pci 0000:02:00.0: BAR 4: assigned [mem 0x20000000-0x20003fff 64bit pref]
[    3.278720] pci 0000:02:00.0: BAR 2: assigned [mem 0x13100000-0x13100fff 64bit]
[    3.286083] pci 0000:02:00.0: BAR 0: assigned [io  0x1000-0x10ff]
[    3.292198] pci 0000:00:02.0: PCI bridge to [bus 02]
[    3.297159] pci 0000:00:02.0:   bridge window [io  0x1000-0x1fff]
[    3.303290] pci 0000:00:02.0:   bridge window [mem 0x13100000-0x131fffff]
[    3.310074] pci 0000:00:02.0:   bridge window [mem 0x20000000-0x200fffff 64bit pref]
[    3.317862] pci 0000:00:01.0: nv_msi_ht_cap_quirk didn't locate host bridge
[    3.324997] pcieport 0000:00:01.0: enabling device (0140 -> 0142)
[    3.331331] pcieport 0000:00:01.0: Signaling PME with IRQ 394
[    3.337237] pci 0000:00:02.0: nv_msi_ht_cap_quirk didn't locate host bridge
[    3.344371] pcieport 0000:00:02.0: enabling device (0140 -> 0143)
[    3.350704] pcieport 0000:00:02.0: Signaling PME with IRQ 395
[    3.356813] r8169 Gigabit Ethernet driver 2.3LK-NAPI loaded
[    3.362454] r8169 0000:02:00.0: enabling device (0140 -> 0143)
[    3.393434] r8169 0000:02:00.0 eth0: RTL8168g/8111g at 0xf0b81000, 00:04:4b:3a:d9:81, XID 0c000800 IRQ 396
[    3.403108] r8169 0000:02:00.0 eth0: jumbo features [frames: 9200 bytes, tx checksumming: ko]
[    3.415423] +1.05V_RUN_AVDD_HDMI_PLL: supplied by +1.05V_RUN
[    3.423785] [drm] Supports vblank timestamp caching Rev 2 (21.10.2013).
[    3.430398] [drm] No driver support for vblank timestamp query.
[    3.563275] tegra-hdmi 54280000.hdmi: cannot set audio to 48000 Hz at 297000000 Hz pixel clock
[    3.809867] Console: switching to colour frame buffer device 512x135
[    3.908457] drm drm: fb0:  frame buffer device
[    3.913014] [drm] Initialized tegra 0.0.0 20120330 for drm on minor 0
[    3.920621] iommu: Adding device cpufreq-dt.0 to group 73
[    3.926400] cpufreq: cpufreq_online: CPU0: Running at unlisted freq: 696000 KHz
[    3.933730] cpufreq: cpufreq_online: CPU0: Unlisted initial frequency changed to: 714000 KHz
[    3.942964] input: gpio-keys as /devices/soc0/gpio-keys/input/input0
[    3.950248] as3722-rtc as3722-rtc: setting system clock to 2000-01-01 00:00:53 UTC (946684853)
[    3.959231] +USB0_VBUS_SW: disabling
[    3.962851] +1.8V_RUN_CAM: disabling
[    3.966640] +2.8V_RUN_CAM: disabling
[    3.970365] +1.2V_RUN_CAM_FRONT: disabling
[    3.974702] +1.05V_RUN_CAM_REAR: disabling
[    3.978947] +3.3V_RUN_TOUCH: disabling
[    3.982915] +2.8V_RUN_CAM_AF: disabling
[    3.986944] +1.8V_RUN_VPP_FUSE: disabling
[    3.992163] EXT4-fs (mmcblk0p1): mounting ext3 file system using the ext4 subsystem
[    4.015318] EXT4-fs (mmcblk0p1): recovery complete
[    4.020127] EXT4-fs (mmcblk0p1): mounted filesystem with ordered data mode. Opts: (null)
[    4.028349] VFS: Mounted root (ext3 filesystem) on device 179:1.
[    4.039702] devtmpfs: mounted
[    4.044010] Freeing unused kernel memory: 2048K
bash: cannot set terminal process group (-1): Inappropriate ioctl for device
bash: no job control in this shell
root@(none):/# mount -t sysfs none /sys
root@(none):/# 
root@(none):/# mount -t debugfs none /sys/kernel/debug
root@(none):/# 
root@(none):/# rtcwake -d rtc1 -m mem -s 3
rtcwake: assuming RTC uses UTC ...
rtcwake: wakeup from "mem" using /dev/rtc1 at Thu Jan  1 00:00:21 1970
[    7.437858] PM: suspend entry (deep)
[    7.441435] PM: Syncing filesystems ... done.
[    7.478498] Freezing user space processes ... (elapsed 0.001 seconds) done.
[    7.486616] OOM killer disabled.
[    7.489840] Freezing remaining freezable tasks ... (elapsed 0.001 seconds) done.
[    7.498420] Suspending console(s) (use no_console_suspend to debug)
[    7.672627] Disabling non-boot CPUs ...
[    7.862519] Entering suspend state LP1
[    7.862533] Enabling non-boot CPUs ...
[    7.862855] CPU1 is up
[    7.863125] CPU2 is up
[    7.863402] CPU3 is up
[    7.864118] pcieport 0000:00:01.0: nv_msi_ht_cap_quirk didn't locate host bridge
[    7.864120] pcieport 0000:00:02.0: nv_msi_ht_cap_quirk didn't locate host bridge
[    7.909385] tegra-hdmi 54280000.hdmi: cannot set audio to 48000 Hz at 297000000 Hz pixel clock
[    8.072844] OOM killer enabled.
[    8.075972] Restarting tasks ... done.
[    8.149570] PM: suspend exit
root@(none):/# 
root@(none):/# [    8.236010] ata1: SATA link down (SStatus 0 SControl 300)
rtcwake -d rtc1 -m mem -s 3
rtcwake: assuming RTC uses UTC ...
rtcwake: wakeup from "mem" using /dev/rtc1 at Thu Jan  1 00:00:25 1970
[    8.455621] PM: suspend entry (deep)
[    8.459194] PM: Syncing filesystems ... done.
[    8.524247] Freezing user space processes ... (elapsed 0.001 seconds) done.
[    8.532371] OOM killer disabled.
[    8.535596] Freezing remaining freezable tasks ... (elapsed 0.001 seconds) done.
[    8.544375] Suspending console(s) (use no_console_suspend to debug)
[    8.579561] pci_generic_config_write32: 131 callbacks suppressed
[    8.579569] pci_bus 0000:00: 2-byte config write to 0000:00:02.0 offset 0x9c may corrupt adjacent RW1C bits
[    8.579578] pci_bus 0000:00: 2-byte config write to 0000:00:01.0 offset 0x9c may corrupt adjacent RW1C bits
[    8.684615] pci_bus 0000:02: 2-byte config write to 0000:02:00.0 offset 0x44 may corrupt adjacent RW1C bits
[    8.684624] pci_bus 0000:02: 2-byte config write to 0000:02:00.0 offset 0x44 may corrupt adjacent RW1C bits
[    8.712470] Disabling non-boot CPUs ...
[    8.902366] Entering suspend state LP1
[    8.902377] Enabling non-boot CPUs ...
[    8.902645] CPU1 is up
[    8.902857] CPU2 is up
[    8.903075] CPU3 is up
[    8.903541] pci_bus 0000:00: 2-byte config write to 0000:00:02.0 offset 0x4c may corrupt adjacent RW1C bits
[    8.903549] pci_bus 0000:00: 2-byte config write to 0000:00:01.0 offset 0x4c may corrupt adjacent RW1C bits
[    8.903557] pci_bus 0000:00: 2-byte config write to 0000:00:02.0 offset 0x88 may corrupt adjacent RW1C bits
[    8.903562] pci_bus 0000:00: 2-byte config write to 0000:00:02.0 offset 0x90 may corrupt adjacent RW1C bits
[    8.903566] pci_bus 0000:00: 2-byte config write to 0000:00:01.0 offset 0x88 may corrupt adjacent RW1C bits
[    8.903570] pci_bus 0000:00: 2-byte config write to 0000:00:02.0 offset 0x98 may corrupt adjacent RW1C bits
[    8.903666] pcieport 0000:00:02.0: nv_msi_ht_cap_quirk didn't locate host bridge
[    8.903667] pcieport 0000:00:01.0: nv_msi_ht_cap_quirk didn't locate host bridge
[    8.938400] tegra-hdmi 54280000.hdmi: cannot set audio to 48000 Hz at 297000000 Hz pixel clock
[    9.197050] OOM killer enabled.
[    9.200187] Restarting tasks ... done.
[    9.265435] ata1: SATA link down (SStatus 0 SControl 300)
root@(none):/# 
[    9.272222] PM: suspend exit
root@(none):/# rtcwake -d rtc1 -m mem -s 3
rtcwake: assuming RTC uses UTC ...
rtcwake: wakeup from "mem" using /dev/rtc1 at Thu Jan  1 00:00:30 1970
[   10.508844] PM: suspend entry (deep)
[   10.512455] PM: Syncing filesystems ... done.
[   10.560233] Freezing user space processes ... (elapsed 0.001 seconds) done.
[   10.568378] OOM killer disabled.
[   10.571619] Freezing remaining freezable tasks ... (elapsed 0.001 seconds) done.
[   10.580198] Suspending console(s) (use no_console_suspend to debug)
[   10.752542] Disabling non-boot CPUs ...
[   10.912393] Entering suspend state LP1
[   10.912405] Enabling non-boot CPUs ...
[   10.912679] CPU1 is up
[   10.912897] CPU2 is up
[   10.913116] CPU3 is up
[   10.913676] pcieport 0000:00:02.0: nv_msi_ht_cap_quirk didn't locate host bridge
[   10.913677] pcieport 0000:00:01.0: nv_msi_ht_cap_quirk didn't locate host bridge
[   10.958116] tegra-hdmi 54280000.hdmi: cannot set audio to 48000 Hz at 297000000 Hz pixel clock
[   11.113773] OOM killer enabled.
[   11.116902] Restarting tasks ... done.
[   11.154650] PM: suspend exit
root@(none):/# 
root@(none):/# [   11.287058] ata1: SATA link down (SStatus 0 SControl 300)
rtcwake -d rtc1 -m mem -s 3
rtcwake: assuming RTC uses UTC ...
rtcwake: wakeup from "mem" using /dev/rtc1 at Thu Jan  1 00:00:34 1970
[   11.505054] PM: suspend entry (deep)
[   11.508630] PM: Syncing filesystems ... done.
[   11.710540] Freezing user space processes ... (elapsed 0.001 seconds) done.
[   11.718775] OOM killer disabled.
[   11.722020] Freezing remaining freezable tasks ... (elapsed 0.001 seconds) done.
[   11.730744] Suspending console(s) (use no_console_suspend to debug)
[   11.892516] Disabling non-boot CPUs ...
[   12.062341] Entering suspend state LP1
[   12.062353] Enabling non-boot CPUs ...
[   12.062623] CPU1 is up
[   12.062836] CPU2 is up
[   12.063048] CPU3 is up
[   12.063568] pcieport 0000:00:02.0: nv_msi_ht_cap_quirk didn't locate host bridge
[   12.063672] pcieport 0000:00:01.0: nv_msi_ht_cap_quirk didn't locate host bridge
[   12.108354] tegra-hdmi 54280000.hdmi: cannot set audio to 48000 Hz at 297000000 Hz pixel clock
[   12.263656] OOM killer enabled.
[   12.266784] Restarting tasks ... done.
[   12.304935] PM: suspend exit
root@(none):/# 
root@(none):/# [   12.436874] ata1: SATA link down (SStatus 0 SControl 300)
rtcwake -d rtc1 -m mem -s 3
rtcwake: assuming RTC uses UTC ...
rtcwake: wakeup from "mem" using /dev/rtc1 at Thu Jan  1 00:00:38 1970
[   12.660803] PM: suspend entry (deep)
[   12.664435] PM: Syncing filesystems ... done.
[   12.723205] Freezing user space processes ... (elapsed 0.001 seconds) done.
[   12.731317] OOM killer disabled.
[   12.734553] Freezing remaining freezable tasks ... (elapsed 0.001 seconds) done.
[   12.743298] Suspending console(s) (use no_console_suspend to debug)
[   12.926467] Disabling non-boot CPUs ...
[   13.082403] IRQ17 no longer affine to CPU3
[   13.084269] Entering suspend state LP1
[   13.084283] Enabling non-boot CPUs ...
[   13.084633] CPU1 is up
[   13.084926] CPU2 is up
[   13.085226] CPU3 is up
[   13.085918] pcieport 0000:00:01.0: nv_msi_ht_cap_quirk didn't locate host bridge
[   13.086088] pcieport 0000:00:02.0: nv_msi_ht_cap_quirk didn't locate host bridge
[   13.129455] tegra-hdmi 54280000.hdmi: cannot set audio to 48000 Hz at 297000000 Hz pixel clock
[   13.297875] OOM killer enabled.
[   13.301008] Restarting tasks ... done.
[   13.370189] PM: suspend exit
root@(none):/# 
root@(none):/# [   13.456115] ata1: SATA link down (SStatus 0 SControl 300)
rtcwake -d rtc1 -m mem -s 3
rtcwake: assuming RTC uses UTC ...
rtcwake: wakeup from "mem" using /dev/rtc1 at Thu Jan  1 00:00:42 1970
[   13.686494] PM: suspend entry (deep)
[   13.690069] PM: Syncing filesystems ... done.
[   13.744309] Freezing user space processes ... (elapsed 0.001 seconds) done.
[   13.752453] OOM killer disabled.
[   13.755672] Freezing remaining freezable tasks ... (elapsed 0.001 seconds) done.
[   13.764444] Suspending console(s) (use no_console_suspend to debug)
[   13.799645] pci_generic_config_write32: 174 callbacks suppressed
[   13.799653] pci_bus 0000:00: 2-byte config write to 0000:00:02.0 offset 0x9c may corrupt adjacent RW1C bits
[   13.799670] pci_bus 0000:00: 2-byte config write to 0000:00:01.0 offset 0x9c may corrupt adjacent RW1C bits
[   13.905014] pci_bus 0000:02: 2-byte config write to 0000:02:00.0 offset 0x44 may corrupt adjacent RW1C bits
[   13.905027] pci_bus 0000:02: 2-byte config write to 0000:02:00.0 offset 0x44 may corrupt adjacent RW1C bits
[   13.932455] Disabling non-boot CPUs ...
[   14.102301] Entering suspend state LP1
[   14.102313] Enabling non-boot CPUs ...
[   14.102617] CPU1 is up
[   14.102830] CPU2 is up
[   14.103042] CPU3 is up
[   14.103508] pci_bus 0000:00: 2-byte config write to 0000:00:02.0 offset 0x4c may corrupt adjacent RW1C bits
[   14.103516] pci_bus 0000:00: 2-byte config write to 0000:00:01.0 offset 0x4c may corrupt adjacent RW1C bits
[   14.103523] pci_bus 0000:00: 2-byte config write to 0000:00:02.0 offset 0x88 may corrupt adjacent RW1C bits
[   14.103528] pci_bus 0000:00: 2-byte config write to 0000:00:02.0 offset 0x90 may corrupt adjacent RW1C bits
[   14.103533] pci_bus 0000:00: 2-byte config write to 0000:00:01.0 offset 0x88 may corrupt adjacent RW1C bits
[   14.103537] pci_bus 0000:00: 2-byte config write to 0000:00:02.0 offset 0x98 may corrupt adjacent RW1C bits
[   14.103634] pcieport 0000:00:01.0: nv_msi_ht_cap_quirk didn't locate host bridge
[   14.103635] pcieport 0000:00:02.0: nv_msi_ht_cap_quirk didn't locate host bridge
[   14.148198] tegra-hdmi 54280000.hdmi: cannot set audio to 48000 Hz at 297000000 Hz pixel clock
[   14.406763] OOM killer enabled.
[   14.409899] Restarting tasks ... done.
[   14.475383] ata1: SATA link down (SStatus 0 SControl 300)
root@(none):/# 
[   14.482115] PM: suspend exit
root@(none):/# rtcwake -d rtc1 -m mem -s 3
rtcwake: assuming RTC uses UTC ...
rtcwake: wakeup from "mem" using /dev/rtc1 at Thu Jan  1 00:00:47 1970
[   15.708713] PM: suspend entry (deep)
[   15.712326] PM: Syncing filesystems ... done.
[   15.786769] Freezing user space processes ... (elapsed 0.001 seconds) done.
[   15.794964] OOM killer disabled.
[   15.798189] Freezing remaining freezable tasks ... (elapsed 0.001 seconds) done.
[   15.806943] Suspending console(s) (use no_console_suspend to debug)
[   15.962432] Disabling non-boot CPUs ...
[   16.132290] Entering suspend state LP1
[   16.132302] Enabling non-boot CPUs ...
[   16.132605] CPU1 is up
[   16.132817] CPU2 is up
[   16.133030] CPU3 is up
[   16.133527] pcieport 0000:00:01.0: nv_msi_ht_cap_quirk didn't locate host bridge
[   16.133680] pcieport 0000:00:02.0: nv_msi_ht_cap_quirk didn't locate host bridge
[   16.178050] tegra-hdmi 54280000.hdmi: cannot set audio to 48000 Hz at 297000000 Hz pixel clock
[   16.333326] OOM killer enabled.
[   16.336454] Restarting tasks ... done.
[   16.374637] PM: suspend exit
root@(none):/# 
root@(none):/# [   16.506226] ata1: SATA link down (SStatus 0 SControl 300)
rtcwake -d rtc1 -m mem -s 3
rtcwake: assuming RTC uses UTC ...
rtcwake: wakeup from "mem" using /dev/rtc1 at Thu Jan  1 00:00:51 1970
[   16.725096] PM: suspend entry (deep)
[   16.728674] PM: Syncing filesystems ... done.
[   16.792936] Freezing user space processes ... (elapsed 0.001 seconds) done.
[   16.801050] OOM killer disabled.
[   16.804285] Freezing remaining freezable tasks ... (elapsed 0.001 seconds) done.
[   16.813030] Suspending console(s) (use no_console_suspend to debug)
[   16.996583] Disabling non-boot CPUs ...
[   17.174204] Entering suspend state LP1
[   17.174218] Enabling non-boot CPUs ...
[   17.174611] CPU1 is up
[   17.174906] CPU2 is up
[   17.175205] CPU3 is up
[   17.175922] pcieport 0000:00:01.0: nv_msi_ht_cap_quirk didn't locate host bridge
[   17.175924] pcieport 0000:00:02.0: nv_msi_ht_cap_quirk didn't locate host bridge
[   17.219408] tegra-hdmi 54280000.hdmi: cannot set audio to 48000 Hz at 297000000 Hz pixel clock
[   17.383726] OOM killer enabled.
[   17.386854] Restarting tasks ... done.
[   17.464955] PM: suspend exit
root@(none):/# 
root@(none):/# [   17.546168] ata1: SATA link down (SStatus 0 SControl 300)
rtcwake -d rtc1 -m mem -s 3
rtcwake: assuming RTC uses UTC ...
rtcwake: wakeup from "mem" using /dev/rtc1 at Thu Jan  1 00:00:55 1970
[   17.775603] PM: suspend entry (deep)
[   17.779180] PM: Syncing filesystems ... done.
[   17.834310] Freezing user space processes ... (elapsed 0.001 seconds) done.
[   17.842442] OOM killer disabled.
[   17.845666] Freezing remaining freezable tasks ... (elapsed 0.001 seconds) done.
[   17.854438] Suspending console(s) (use no_console_suspend to debug)
[   18.022404] Disabling non-boot CPUs ...
[   18.192251] Entering suspend state LP1
[   18.192265] Enabling non-boot CPUs ...
[   18.192603] CPU1 is up
[   18.192886] CPU2 is up
[   18.193173] CPU3 is up
[   18.193904] pcieport 0000:00:02.0: nv_msi_ht_cap_quirk didn't locate host bridge
[   18.193906] pcieport 0000:00:01.0: nv_msi_ht_cap_quirk didn't locate host bridge
[   18.239052] tegra-hdmi 54280000.hdmi: cannot set audio to 48000 Hz at 297000000 Hz pixel clock
[   18.402483] OOM killer enabled.
[   18.405614] Restarting tasks ... done.
[   18.487939] PM: suspend exit
root@(none):/# 
root@(none):/# [   18.566152] ata1: SATA link down (SStatus 0 SControl 300)
rtcwake -d rtc1 -m mem -s 3
rtcwake: assuming RTC uses UTC ...
rtcwake: wakeup from "mem" using /dev/rtc1 at Thu Jan  1 00:00:59 1970
[   18.794533] PM: suspend entry (deep)
[   18.798112] PM: Syncing filesystems ... done.
[   18.861986] Freezing user space processes ... (elapsed 0.001 seconds) done.
[   18.870140] OOM killer disabled.
[   18.873390] Freezing remaining freezable tasks ... (elapsed 0.001 seconds) done.
[   18.882253] Suspending console(s) (use no_console_suspend to debug)
[   18.909116] pci_generic_config_write32: 174 callbacks suppressed
[   18.909145] pci_bus 0000:00: 2-byte config write to 0000:00:02.0 offset 0x9c may corrupt adjacent RW1C bits
[   18.909239] pci_bus 0000:00: 2-byte config write to 0000:00:01.0 offset 0x9c may corrupt adjacent RW1C bits
[   19.024106] pci_bus 0000:02: 2-byte config write to 0000:02:00.0 offset 0x44 may corrupt adjacent RW1C bits
[   19.024149] pci_bus 0000:02: 2-byte config write to 0000:02:00.0 offset 0x44 may corrupt adjacent RW1C bits
[   19.056405] Disabling non-boot CPUs ...
[   19.232298] IRQ17 no longer affine to CPU3
[   19.234185] Entering suspend state LP1
[   19.234199] Enabling non-boot CPUs ...
[   19.234547] CPU1 is up
[   19.234843] CPU2 is up
[   19.235141] CPU3 is up
[   19.235739] pci_bus 0000:00: 2-byte config write to 0000:00:02.0 offset 0x4c may corrupt adjacent RW1C bits
[   19.235751] pci_bus 0000:00: 2-byte config write to 0000:00:01.0 offset 0x4c may corrupt adjacent RW1C bits
[   19.235761] pci_bus 0000:00: 2-byte config write to 0000:00:02.0 offset 0x88 may corrupt adjacent RW1C bits
[   19.235767] pci_bus 0000:00: 2-byte config write to 0000:00:02.0 offset 0x90 may corrupt adjacent RW1C bits
[   19.235773] pci_bus 0000:00: 2-byte config write to 0000:00:01.0 offset 0x88 may corrupt adjacent RW1C bits
[   19.235779] pci_bus 0000:00: 2-byte config write to 0000:00:02.0 offset 0x98 may corrupt adjacent RW1C bits
[   19.235889] pcieport 0000:00:02.0: nv_msi_ht_cap_quirk didn't locate host bridge
[   19.235890] pcieport 0000:00:01.0: nv_msi_ht_cap_quirk didn't locate host bridge
[   19.279207] tegra-hdmi 54280000.hdmi: cannot set audio to 48000 Hz at 297000000 Hz pixel clock
[   19.550957] OOM killer enabled.
[   19.554113] Restarting tasks ... done.
[   19.604950] ata1: SATA link down (SStatus 0 SControl 300)
[   19.614737] PM: suspend exit
root@(none):/# 
root@(none):/# NVTB SYSTEM SUSPEND TEST COMPLETE
