
U-Boot SPL 2014.01-00219-gc4d376f (Feb 18 2014 - 19:57:18)


U-Boot 2014.01-00219-gc4d376f (Feb 18 2014 - 19:57:18)

TEGRA30
Board: NVIDIA Beaver
I2C:   ready
DRAM:  2 GiB
MMC:   Tegra SD/MMC: 0, Tegra SD/MMC: 1
In:    serial
Out:   serial
Err:   serial
Net:   Net Initialization Skipped
No ethernet found.
Hit any key to stop autoboot:  2  0 
Tegra30 (Beaver) # 
Tegra30 (Beaver) # usb reset
(Re)start USB...
USB0:   USB EHCI 1.00
scanning bus 0 for devices... 2 USB Device(s) found
       scanning usb for storage devices... 0 Storage Device(s) found
       scanning usb for ethernet devices... 
Warning: asx0 using MAC address from net device
1 Ethernet Device(s) found
Tegra30 (Beaver) # setenv bootargs 'ignore_loglevel console=ttyS0,115200n8 rw root=PARTUUID=edbe1840-3633-c751-7993-b0ac834f81e0 rootwait gpt debug noinitrd earlyprintk init=/bin/bash'
Tegra30 (Beaver) # setenv ipaddr 192.168.100.101; setenv serverip 192.168.100.1; setenv tftpserverip 192.168.100.1
Tegra30 (Beaver) # tftpboot 0x81000000 zImage.multi_v7_defconfig
Using asx0 device
TFTP from server 192.168.100.1; our IP address is 192.168.100.101
Filename 'zImage.multi_v7_defconfig'.
Load address: 0x81000000
Loading: *#################################################################
	 #################################################################
	 #################################################################
	 #################################################################
	 #################################################################
	 #################################################################
	 ####################################################
	 3.3 MiB/s
done
Bytes transferred = 6477152 (62d560 hex)
Tegra30 (Beaver) # tftpboot 0x82000000 tegra30-beaver.dtb
Using asx0 device
TFTP from server 192.168.100.1; our IP address is 192.168.100.101
Filename 'tegra30-beaver.dtb'.
Load address: 0x82000000
Loading: *####
	 2.3 MiB/s
done
Bytes transferred = 51467 (c90b hex)
Tegra30 (Beaver) # bootz 0x81000000 - 0x82000000
Kernel image @ 0x81000000 [ 0x000000 - 0x62d560 ]
## Flattened Device Tree blob at 82000000
   Booting using the fdt blob at 0x82000000
   Loading Device Tree to 8fff0000, end 8ffff90a ... OK

Starting kernel ...

[    0.000000] Booting Linux on physical CPU 0x0
[    0.000000] Linux version 4.3.0-75599-gbd4f203 (pwalmsley@tamien) (gcc version 4.7.3 20130328 (prerelease) (crosstool-NG linaro-1.13.1-4.7-2013.04-20130415 - Linaro GCC 2013.04) ) #1 SMP Thu Apr 28 03:02:22 PDT 2016
[    0.000000] CPU: ARMv7 Processor [412fc099] revision 9 (ARMv7), cr=10c5387d
[    0.000000] CPU: PIPT / VIPT nonaliasing data cache, VIPT aliasing instruction cache
[    0.000000] Machine model: NVIDIA Tegra30 Beaver evaluation board
[    0.000000] debug: ignoring loglevel setting.
[    0.000000] cma: Reserved 64 MiB at 0xfb800000
[    0.000000] Memory policy: Data cache writealloc
[    0.000000] On node 0 totalpages: 524032
[    0.000000] free_area_init_node: node 0, pgdat c0f982c0, node_mem_map eeff8000
[    0.000000]   DMA zone: 1536 pages used for memmap
[    0.000000]   DMA zone: 0 pages reserved
[    0.000000]   DMA zone: 196608 pages, LIFO batch:31
[    0.000000]   HighMem zone: 327424 pages, LIFO batch:31
[    0.000000] PERCPU: Embedded 12 pages/cpu @eef93000 s19136 r8192 d21824 u49152
[    0.000000] pcpu-alloc: s19136 r8192 d21824 u49152 alloc=12*4096
[    0.000000] pcpu-alloc: [0] 0 [0] 1 [0] 2 [0] 3 
[    0.000000] Built 1 zonelists in Zone order, mobility grouping on.  Total pages: 522496
[    0.000000] Kernel command line: ignore_loglevel console=ttyS0,115200n8 rw root=PARTUUID=edbe1840-3633-c751-7993-b0ac834f81e0 rootwait gpt debug noinitrd earlyprintk init=/bin/bash
[    0.000000] PID hash table entries: 4096 (order: 2, 16384 bytes)
[    0.000000] Dentry cache hash table entries: 131072 (order: 7, 524288 bytes)
[    0.000000] Inode-cache hash table entries: 65536 (order: 6, 262144 bytes)
[    0.000000] Memory: 1998680K/2096128K available (8156K kernel code, 1032K rwdata, 3660K rodata, 1040K init, 340K bss, 31912K reserved, 65536K cma-reserved, 1244160K highmem)
[    0.000000] Virtual kernel memory layout:
[    0.000000]     vector  : 0xffff0000 - 0xffff1000   (   4 kB)
[    0.000000]     fixmap  : 0xffc00000 - 0xfff00000   (3072 kB)
[    0.000000]     vmalloc : 0xf0800000 - 0xff800000   ( 240 MB)
[    0.000000]     lowmem  : 0xc0000000 - 0xf0000000   ( 768 MB)
[    0.000000]     pkmap   : 0xbfe00000 - 0xc0000000   (   2 MB)
[    0.000000]     modules : 0xbf000000 - 0xbfe00000   (  14 MB)
[    0.000000]       .text : 0xc0208000 - 0xc0d932ac   (11821 kB)
[    0.000000]       .init : 0xc0d94000 - 0xc0e98000   (1040 kB)
[    0.000000]       .data : 0xc0e98000 - 0xc0f9a220   (1033 kB)
[    0.000000]        .bss : 0xc0f9d000 - 0xc0ff23a8   ( 341 kB)
[    0.000000] SLUB: HWalign=64, Order=0-3, MinObjects=0, CPUs=4, Nodes=1
[    0.000000] Hierarchical RCU implementation.
[    0.000000] 	Build-time adjustment of leaf fanout to 32.
[    0.000000] 	RCU restricting CPUs from NR_CPUS=16 to nr_cpu_ids=4.
[    0.000000] RCU: Adjusting geometry for rcu_fanout_leaf=32, nr_cpu_ids=4
[    0.000000] NR_IRQS:16 nr_irqs:16 16
[    0.000000] /interrupt-controller@60004000: 160 interrupts forwarded to /interrupt-controller@50041000
[    0.000000] L2C: platform modifies aux control register: 0x02080000 -> 0x3e480001
[    0.000000] L2C: DT/platform modifies aux control register: 0x02080000 -> 0x3e480001
[    0.000000] L2C-310 erratum 769419 enabled
[    0.000000] L2C-310 enabling early BRESP for Cortex-A9
[    0.000000] L2C-310: enabling full line of zeros but not enabled in Cortex-A9
[    0.000000] L2C-310 dynamic clock gating enabled, standby mode enabled
[    0.000000] L2C-310 cache controller enabled, 8 ways, 1024 kB
[    0.000000] L2C-310: CACHE_ID 0x410000c7, AUX_CTRL 0x4e480001
[    0.000015] sched_clock: 32 bits at 1000kHz, resolution 1000ns, wraps every 2147483647500ns
[    0.000033] clocksource: timer_us: mask: 0xffffffff max_cycles: 0xffffffff, max_idle_ns: 1911260446275 ns
[    0.000042] Switching to timer-based delay loop, resolution 1000ns
[    0.002494] Console: colour dummy device 80x30
[    0.002519] Calibrating delay loop (skipped), value calculated using timer frequency.. 2.00 BogoMIPS (lpj=5000)
[    0.002528] pid_max: default: 32768 minimum: 301
[    0.002614] Mount-cache hash table entries: 2048 (order: 1, 8192 bytes)
[    0.002621] Mountpoint-cache hash table entries: 2048 (order: 1, 8192 bytes)
[    0.003037] CPU: Testing write buffer coherency: ok
[    0.003323] CPU0: thread -1, cpu 0, socket 0, mpidr 80000000
[    0.003388] Setting up static identity map for 0x80209000 - 0x80209098
[    0.005647] Tegra Revision: A03 SKU: 128 CPU Process: 4 SoC Process: 0
[    0.006843] CPU1: thread -1, cpu 1, socket 0, mpidr 80000001
[    0.007485] CPU2: thread -1, cpu 2, socket 0, mpidr 80000002
[    0.008120] CPU3: thread -1, cpu 3, socket 0, mpidr 80000003
[    0.008158] Brought up 4 CPUs
[    0.008171] SMP: Total of 4 processors activated (8.00 BogoMIPS).
[    0.008175] CPU: All CPU(s) started in SVC mode.
[    0.008754] devtmpfs: initialized
[    0.016964] VFP support v0.3: implementor 41 architecture 3 part 30 variant 9 rev 4
[    0.017660] clocksource: jiffies: mask: 0xffffffff max_cycles: 0xffffffff, max_idle_ns: 9556302231375000 ns
[    0.021149] pinctrl core: initialized pinctrl subsystem
[    0.022617] NET: Registered protocol family 16
[    0.025162] DMA: preallocated 256 KiB pool for atomic coherent allocations
[    0.039934] cpuidle: using governor ladder
[    0.054927] cpuidle: using governor menu
[    0.062888] No ATAGs?
[    0.062920] hw-breakpoint: found 5 (+1 reserved) breakpoint and 1 watchpoint registers.
[    0.062927] hw-breakpoint: maximum watchpoint size is 4 bytes.
[    0.065603] Serial: AMBA PL011 UART driver
[    0.066583] tegra-mc 7000f000.memory-controller: no memory timings for RAM code 3 registered
[    0.087832] vdd_5v_sata: Failed to request enable GPIO30: -517
[    0.087898] reg-fixed-voltage regulators:regulator@3: Failed to register regulator: -517
[    0.088004] usb1_vbus: Failed to request enable GPIO238: -517
[    0.088054] reg-fixed-voltage regulators:regulator@4: Failed to register regulator: -517
[    0.088159] usb3_vbus: Failed to request enable GPIO236: -517
[    0.088208] reg-fixed-voltage regulators:regulator@5: Failed to register regulator: -517
[    0.088360] sys_3v3_pexs: Failed to request enable GPIO95: -517
[    0.088410] reg-fixed-voltage regulators:regulator@7: Failed to register regulator: -517
[    0.090144] vgaarb: loaded
[    0.090597] SCSI subsystem initialized
[    0.090717] libata version 3.00 loaded.
[    0.090909] usbcore: registered new interface driver usbfs
[    0.090946] usbcore: registered new interface driver hub
[    0.090987] usbcore: registered new device driver usb
[    0.146722] pps_core: LinuxPPS API ver. 1 registered
[    0.146730] pps_core: Software ver. 5.3.6 - Copyright 2005-2007 Rodolfo Giometti <giometti@linux.it>
[    0.146746] PTP clock support registered
[    0.146896] EDAC MC: Ver: 3.0.0
[    0.148381] clocksource: Switched to clocksource timer_us
[    0.154405] NET: Registered protocol family 2
[    0.154815] TCP established hash table entries: 8192 (order: 3, 32768 bytes)
[    0.154869] TCP bind hash table entries: 8192 (order: 4, 65536 bytes)
[    0.154946] TCP: Hash tables configured (established 8192 bind 8192)
[    0.155036] UDP hash table entries: 512 (order: 2, 16384 bytes)
[    0.155098] UDP-Lite hash table entries: 512 (order: 2, 16384 bytes)
[    0.155272] NET: Registered protocol family 1
[    0.155554] RPC: Registered named UNIX socket transport module.
[    0.155561] RPC: Registered udp transport module.
[    0.155565] RPC: Registered tcp transport module.
[    0.155569] RPC: Registered tcp NFSv4.1 backchannel transport module.
[    0.155587] PCI: CLS 0 bytes, default 64
[    0.156336] hw perfevents: enabled with armv7_cortex_a9 PMU driver, 7 counters available
[    0.157262] futex hash table entries: 1024 (order: 4, 65536 bytes)
[    0.163161] squashfs: version 4.0 (2009/01/31) Phillip Lougher
[    0.163709] NFS: Registering the id_resolver key type
[    0.163746] Key type id_resolver registered
[    0.163751] Key type id_legacy registered
[    0.163796] ntfs: driver 2.1.32 [Flags: R/O].
[    0.164606] bounce: pool size: 64 pages
[    0.164720] Block layer SCSI generic (bsg) driver version 0.4 loaded (major 249)
[    0.164733] io scheduler noop registered
[    0.164742] io scheduler deadline registered
[    0.164763] io scheduler cfq registered (default)
[    0.169642] tegra30-pinctrl 70000868.pinmux: invalid group "sdmmc3_dat6_pd3" for function "rsvd1"
[    0.169656] tegra30-pinctrl 70000868.pinmux: invalid group "sdmmc3_dat7_pd4" for function "rsvd1"
[    0.169672] tegra30-pinctrl 70000868.pinmux: invalid group "vi_vsync_pd6" for function "rsvd1"
[    0.169683] tegra30-pinctrl 70000868.pinmux: invalid group "vi_hsync_pd7" for function "rsvd1"
[    0.170339] tegra30-pinctrl 70000868.pinmux: invalid group "hdmi_int_pn7" for function "rsvd1"
[    0.170403] tegra30-pinctrl 70000868.pinmux: invalid group "ulpi_data3_po4" for function "rsvd1"
[    0.170935] tegra30-pinctrl 70000868.pinmux: invalid group "vi_d10_pt2" for function "rsvd1"
[    0.170952] tegra30-pinctrl 70000868.pinmux: invalid group "vi_d11_pt3" for function "rsvd1"
[    0.170967] tegra30-pinctrl 70000868.pinmux: invalid group "vi_d0_pt4" for function "rsvd1"
[    0.171030] tegra30-pinctrl 70000868.pinmux: invalid group "pu0" for function "rsvd1"
[    0.171084] tegra30-pinctrl 70000868.pinmux: invalid group "pu3" for function "rsvd1"
[    0.171131] tegra30-pinctrl 70000868.pinmux: invalid group "pu6" for function "rsvd1"
[    0.171197] tegra30-pinctrl 70000868.pinmux: invalid group "pv3" for function "rsvd1"
[    0.171986] tegra30-pinctrl 70000868.pinmux: invalid group "pbb0" for function "rsvd1"
[    0.172173] tegra30-pinctrl 70000868.pinmux: invalid group "pcc1" for function "rsvd1"
[    0.176450] tegra-pcie 3000.pcie-controller: 2x3 configuration
[    0.176565] vdd_1v5_gen: supplied by vdd_5v_in
[    0.176609] vdd_pexa,vdd_pexb: supplied by vdd_1v5_gen
[    0.176712] tegra-pcie 3000.pcie-controller: Failed to get supply 'hvdd-pex': -517
[    0.180535] tegra-apbdma 6000a000.dma: Tegra20 APB DMA driver register 32 channels
[    0.181391] tegra-pmc 7000e400.pmc: i2c-thermtrip node not found, emergency thermal reset disabled.
[    0.213282] Serial: 8250/16550 driver, 4 ports, IRQ sharing disabled
[    0.214852] SuperH (H)SCI(F) driver initialized
[    0.215384] msm_serial: driver initialized
[    0.216005] console [ttyS0] disabled
[    0.216041] 70006000.serial: ttyS0 at MMIO 0x70006000 (irq = 331, base_baud = 25500000) is a Tegra
[    1.145175] console [ttyS0] enabled
[    1.149137] STMicroelectronics ASC driver initialized
[    1.155669] [drm] Initialized drm 1.1.0 20060810
[    1.161756] tegra-hdmi 54280000.hdmi: failed to get HDMI regulator
[    1.173143] loop: module loaded
[    1.180823] m25p80 spi32766.1: w25q32 (4096 Kbytes)
[    1.185721] spi32766.1: 'partitions' subnode not found on /spi@7000da00/spi-flash@1. Trying to parse direct subnodes as partitions.
[    1.199259] CAN device driver interface
[    1.203824] igb: Intel(R) Gigabit Ethernet Network Driver - version 5.3.0-k
[    1.210777] igb: Copyright (c) 2007-2014 Intel Corporation.
[    1.218034] pegasus: v0.9.3 (2013/04/25), Pegasus/Pegasus II USB Ethernet driver
[    1.225469] usbcore: registered new interface driver pegasus
[    1.231157] usbcore: registered new interface driver asix
[    1.236583] usbcore: registered new interface driver ax88179_178a
[    1.242696] usbcore: registered new interface driver cdc_ether
[    1.248560] usbcore: registered new interface driver smsc75xx
[    1.254334] usbcore: registered new interface driver smsc95xx
[    1.260098] usbcore: registered new interface driver net1080
[    1.265776] usbcore: registered new interface driver cdc_subset
[    1.271714] usbcore: registered new interface driver zaurus
[    1.277344] usbcore: registered new interface driver cdc_ncm
[    1.284262] ehci_hcd: USB 2.0 'Enhanced' Host Controller (EHCI) Driver
[    1.290788] ehci-pci: EHCI PCI platform driver
[    1.295253] ehci-platform: EHCI generic platform driver
[    1.300590] ehci-omap: OMAP-EHCI Host Controller driver
[    1.305884] ehci-orion: EHCI orion driver
[    1.309961] SPEAr-ehci: EHCI SPEAr driver
[    1.314046] ehci-st: EHCI STMicroelectronics driver
[    1.318993] ehci-exynos: EHCI EXYNOS driver
[    1.323247] ehci-atmel: EHCI Atmel driver
[    1.327328] tegra-ehci: Tegra EHCI driver
[    1.331646] ohci_hcd: USB 1.1 'Open' Host Controller (OHCI) Driver
[    1.337832] ohci-pci: OHCI PCI platform driver
[    1.342310] ohci-platform: OHCI generic platform driver
[    1.347629] ohci-omap3: OHCI OMAP3 driver
[    1.351715] SPEAr-ohci: OHCI SPEAr driver
[    1.355797] ohci-st: OHCI STMicroelectronics driver
[    1.360744] ohci-atmel: OHCI Atmel driver
[    1.365035] usbcore: registered new interface driver usb-storage
[    1.371932] mousedev: PS/2 mouse device common for all mice
[    1.379592] tegra_rtc 7000e000.rtc: rtc core: registered 7000e000.rtc as rtc1
[    1.386756] tegra_rtc 7000e000.rtc: Tegra internal Real Time Clock
[    1.405466] tps65910-rtc tps65910-rtc: rtc core: registered tps65910-rtc as rtc0
[    1.413049] i2c /dev entries driver
[    1.421438] sdhci: Secure Digital Host Controller Interface driver
[    1.427617] sdhci: Copyright(c) Pierre Ossman
[    1.432847] Synopsys Designware Multimedia Card Interface Driver
[    1.439475] sdhci-pltfm: SDHCI platform and OF driver helper
[    1.445631] sdhci-tegra 78000000.sdhci: Got CD GPIO
[    1.450518] sdhci-tegra 78000000.sdhci: Got WP GPIO
[    1.456527] sdhci-tegra 78000000.sdhci: No vmmc regulator found
[    1.462444] sdhci-tegra 78000000.sdhci: No vqmmc regulator found
[    1.468443] mmc0: Invalid maximum block size, assuming 512 bytes
[    1.508459] mmc0: SDHCI controller on 78000000.sdhci [78000000.sdhci] using ADMA
[    1.517025] sdhci-tegra 78000600.sdhci: No vmmc regulator found
[    1.522944] sdhci-tegra 78000600.sdhci: No vqmmc regulator found
[    1.528948] mmc1: Invalid maximum block size, assuming 512 bytes
[    1.568387] mmc1: SDHCI controller on 78000600.sdhci [78000600.sdhci] using ADMA
[    1.576732] ledtrig-cpu: registered to indicate activity on CPUs
[    1.582860] usbcore: registered new interface driver usbhid
[    1.588426] usbhid: USB HID core driver
[    1.594910] NET: Registered protocol family 10
[    1.599887] sit: IPv6 over IPv4 tunneling driver
[    1.604945] NET: Registered protocol family 17
[    1.609403] can: controller area network core (rev 20120528 abi 9)
[    1.615622] NET: Registered protocol family 29
[    1.620066] can: raw protocol (rev 20120528)
[    1.624336] can: broadcast manager protocol (rev 20120528 t)
[    1.629995] can: netlink gateway (rev 20130117) max_hops=1
[    1.635756] Key type dns_resolver registered
[    1.640436] ThumbEE CPU extension supported.
[    1.644721] Registering SWP/SWPB emulation handler
[    1.652677] mmc1: new high speed MMC card at address 0001
[    1.659222] mmcblk0: mmc1:0001 SEM16G 14.8 GiB 
[    1.665225] mmcblk0boot0: mmc1:0001 SEM16G partition 1 1.00 MiB
[    1.672209] mmcblk0boot1: mmc1:0001 SEM16G partition 2 1.00 MiB
[    1.679572] mmcblk0rpmb: mmc1:0001 SEM16G partition 3 128 KiB
[    1.691383] Primary GPT is invalid, using alternate GPT.
[    1.691927] tegra-pcie 3000.pcie-controller: 2x3 configuration
[    1.692072] sys_3v3,vdd_3v3_alw: supplied by vdd_5v_in
[    1.692096] sys_3v3_pexs: supplied by sys_3v3,vdd_3v3_alw
[    1.699727] tegra-pcie 3000.pcie-controller: probing port 0, using 2 lanes
[    1.719914]  mmcblk0: p1 p2 p3 p4 p5
[    1.757998] tegra-pcie 3000.pcie-controller: probing port 2, using 2 lanes
[    2.168643] tegra-pcie 3000.pcie-controller: link 2 down, retrying
[    2.577771] tegra-pcie 3000.pcie-controller: link 2 down, retrying
[    2.987703] tegra-pcie 3000.pcie-controller: link 2 down, retrying
[    2.995892] tegra-pcie 3000.pcie-controller: link 2 down, ignoring
[    3.002183] tegra-pcie 3000.pcie-controller: PCI host bridge to bus 0000:00
[    3.009144] pci_bus 0000:00: root bus resource [mem 0x20000000-0x27ffffff]
[    3.016010] pci_bus 0000:00: root bus resource [mem 0x28000000-0x3fffffff pref]
[    3.023308] pci_bus 0000:00: root bus resource [bus 00-ff]
[    3.028793] pci_bus 0000:00: root bus resource [io  0x1000-0xffff]
[    3.034986] pci 0000:00:01.0: [10de:0e1c] type 01 class 0x060400
[    3.041043] pci 0000:00:01.0: PME# supported from D0 D1 D2 D3hot D3cold
[    3.047798] PCI: bus0: Fast back to back transfers disabled
[    3.053373] pci 0000:00:01.0: bridge configuration invalid ([bus 00-00]), reconfiguring
[    3.061462] pci 0000:01:00.0: [10ec:8168] type 00 class 0x020000
[    3.067492] pci 0000:01:00.0: reg 0x10: [io  0x0000-0x00ff]
[    3.073071] pci 0000:01:00.0: reg 0x18: [mem 0x00000000-0x00000fff 64bit pref]
[    3.080291] pci 0000:01:00.0: reg 0x20: [mem 0x00000000-0x00003fff 64bit pref]
[    3.087557] pci 0000:01:00.0: supports D1 D2
[    3.091822] pci 0000:01:00.0: PME# supported from D0 D1 D2 D3hot D3cold
[    3.108405] PCI: bus1: Fast back to back transfers disabled
[    3.113975] pci_bus 0000:01: busn_res: [bus 01-ff] end is updated to 01
[    3.120641] pci 0000:00:01.0: BAR 9: assigned [mem 0x28000000-0x280fffff 64bit pref]
[    3.128378] pci 0000:00:01.0: BAR 7: assigned [io  0x1000-0x1fff]
[    3.134467] pci 0000:01:00.0: BAR 4: assigned [mem 0x28000000-0x28003fff 64bit pref]
[    3.142208] pci 0000:01:00.0: BAR 2: assigned [mem 0x28004000-0x28004fff 64bit pref]
[    3.149947] pci 0000:01:00.0: BAR 0: assigned [io  0x1000-0x10ff]
[    3.156034] pci 0000:00:01.0: PCI bridge to [bus 01]
[    3.160993] pci 0000:00:01.0:   bridge window [io  0x1000-0x1fff]
[    3.167079] pci 0000:00:01.0:   bridge window [mem 0x28000000-0x280fffff 64bit pref]
[    3.174822] pci 0000:00:01.0: nv_msi_ht_cap_quirk didn't locate host bridge
[    3.181872] pcieport 0000:00:01.0: enabling device (0140 -> 0143)
[    3.188095] pcieport 0000:00:01.0: Signaling PME through PCIe PME interrupt
[    3.195052] pci 0000:01:00.0: Signaling PME through PCIe PME interrupt
[    3.201571] pcie_pme 0000:00:01.0:pcie01: service driver pcie_pme loaded
[    3.208455] r8169 Gigabit Ethernet driver 2.3LK-NAPI loaded
[    3.214036] r8169 0000:01:00.0: enabling device (0140 -> 0143)
[    3.221142] r8169 0000:01:00.0 eth0: RTL8168evl/8111evl at 0xf08d6000, 02:04:4b:01:60:a6, XID 0c900800 IRQ 375
[    3.231144] r8169 0000:01:00.0 eth0: jumbo features [frames: 9200 bytes, tx checksumming: ko]
[    3.240403] +VDD_5V_HDMI: supplied by sys_3v3,vdd_3v3_alw
[    3.245910] vdd_1v8_gen: supplied by vdd_5v_in
[    3.252924] [drm] Supports vblank timestamp caching Rev 2 (21.10.2013).
[    3.259537] [drm] No driver support for vblank timestamp query.
[    3.265470] drm drm: No connectors reported connected with modes
[    3.271481] [drm] Cannot find any crtc or sizes - going 1024x768
[    3.297335] Console: switching to colour frame buffer device 128x48
[    3.310261] drm drm: fb0:  frame buffer device
[    3.328392] [drm] Initialized tegra 0.0.0 20120330 on minor 0
[    3.336816] usb3_vbus: supplied by vdd_5v_in
[    3.343198] utmi_phy_clk_enable: timeout waiting for phy to stabilize
[    3.349665] tegra-ehci 7d004000.usb: EHCI Host Controller
[    3.355075] tegra-ehci 7d004000.usb: new USB bus registered, assigned bus number 1
[    3.363750] tegra-ehci 7d004000.usb: irq 343, io mem 0x7d004000
[    3.378397] tegra-ehci 7d004000.usb: USB 2.0 started, EHCI 1.00
[    3.384861] hub 1-0:1.0: USB hub found
[    3.388644] hub 1-0:1.0: 1 port detected
[    3.393504] tegra-ehci 7d008000.usb: EHCI Host Controller
[    3.398920] tegra-ehci 7d008000.usb: new USB bus registered, assigned bus number 2
[    3.406688] tegra-ehci 7d008000.usb: irq 344, io mem 0x7d008000
[    3.418389] tegra-ehci 7d008000.usb: USB 2.0 started, EHCI 1.00
[    3.424754] hub 2-0:1.0: USB hub found
[    3.428526] hub 2-0:1.0: 1 port detected
[    3.439296] tps65910-rtc tps65910-rtc: setting system clock to 2000-01-01 00:00:02 UTC (946684802)
[    3.453227] vdd_sata,avdd_plle: disabling
[    3.458016] usb1_vbus: disabling
[    3.463835] EXT4-fs (mmcblk0p1): mounting ext3 file system using the ext4 subsystem
[    3.479737] EXT4-fs (mmcblk0p1): warning: mounting fs with errors, running e2fsck is recommended
[    3.491168] EXT4-fs (mmcblk0p1): recovery complete
[    3.495967] EXT4-fs (mmcblk0p1): mounted filesystem with ordered data mode. Opts: (null)
[    3.504076] VFS: Mounted root (ext3 filesystem) on device 179:1.
[    3.522628] devtmpfs: mounted
[    3.526571] Freeing unused kernel memory: 1040K (c0d94000 - c0e98000)
bash: cannot set terminal process group (-1): Inappropriate ioctl for device
bash: no job control in this shell
root@(none):/# [    3.738413] usb 2-1: new high-speed USB device number 2 using tegra-ehci
mount -t sysfs none /sys
root@(none):/# 
root@(none):/# [    4.677081] asix 2-1:1.0 eth1: register 'asix' at usb-7d008000.usb-1, ASIX AX88772 USB 2.0 Ethernet, 00:50:b6:0f:67:60
mount -t debugfs none /sys/kernel/debug
root@(none):/# 
root@(none):/# rtcwake -d rtc1 -m mem -s 3
rtcwake: wakeup from "mem" using /dev/rtc1 at Thu Jan  1 00:00:21 1970
[    6.575709] PM: Syncing filesystems ... done.
[    6.589113] Freezing user space processes ... (elapsed 0.001 seconds) done.
[    6.597199] Freezing remaining freezable tasks ... (elapsed 0.001 seconds) done.
[    6.605776] Suspending console(s) (use no_console_suspend to debug)
[    6.653142] PM: suspend of devices complete after 39.999 msecs
[    6.654148] PM: late suspend of devices complete after 0.997 msecs
[    6.669102] PM: noirq suspend of devices complete after 14.946 msecs
[    6.669106] Disabling non-boot CPUs ...
[    6.669724] CPU1: shutdown
[    6.684699] CPU2: shutdown
[    6.704324] CPU3: shutdown
[    6.718851] Entering suspend state LP1
[    6.718862] Enabling non-boot CPUs ...
[    6.744371] CPU1 is up
[    6.769477] CPU2 is up
[    6.794613] CPU3 is up
[    6.795416] pcieport 0000:00:01.0: nv_msi_ht_cap_quirk didn't locate host bridge
[    6.808523] PM: noirq resume of devices complete after 13.902 msecs
[    6.811593] PM: early resume of devices complete after 2.851 msecs
[    6.966314] PM: resume of devices complete after 154.712 msecs
[    7.037294] Restarting tasks ... done.
root@(none):/# 
root@(none):/# rtcwake -d rtc1 -m mem -s 3
rtcwake: wakeup from "mem" using /dev/rtc1 at Thu Jan  1 00:00:26 1970
[    8.274537] PM: Syncing filesystems ... done.
[    8.285633] Freezing user space processes ... (elapsed 0.001 seconds) done.
[    8.293736] Freezing remaining freezable tasks ... (elapsed 0.001 seconds) done.
[    8.302284] Suspending console(s) (use no_console_suspend to debug)
[    8.343506] PM: suspend of devices complete after 33.955 msecs
[    8.345192] PM: late suspend of devices complete after 1.676 msecs
[    8.359086] PM: noirq suspend of devices complete after 13.887 msecs
[    8.359089] Disabling non-boot CPUs ...
[    8.359695] CPU1: shutdown
[    8.384668] CPU2: shutdown
[    8.399319] CPU3: shutdown
[    8.413818] Entering suspend state LP1
[    8.413831] Enabling non-boot CPUs ...
[    8.439498] CPU1 is up
[    8.464614] CPU2 is up
[    8.489728] CPU3 is up
[    8.490728] pcieport 0000:00:01.0: nv_msi_ht_cap_quirk didn't locate host bridge
[    8.503523] PM: noirq resume of devices complete after 13.787 msecs
[    8.507953] PM: early resume of devices complete after 3.989 msecs
[    8.656326] PM: resume of devices complete after 148.363 msecs
[    8.727523] Restarting tasks ... done.
root@(none):/# 
root@(none):/# rtcwake -d rtc1 -m mem -s 3
rtcwake: wakeup from "mem" using /dev/rtc1 at Thu Jan  1 00:00:31 1970
[    9.956115] PM: Syncing filesystems ... done.
[    9.970155] Freezing user space processes ... (elapsed 0.001 seconds) done.
[    9.978284] Freezing remaining freezable tasks ... (elapsed 0.001 seconds) done.
[    9.986884] Suspending console(s) (use no_console_suspend to debug)
[   10.029872] PM: suspend of devices complete after 35.405 msecs
[   10.032059] PM: late suspend of devices complete after 2.177 msecs
[   10.044232] PM: noirq suspend of devices complete after 12.164 msecs
[   10.044237] Disabling non-boot CPUs ...
[   10.044989] CPU1: shutdown
[   10.059900] CPU2: shutdown
[   10.074381] CPU3: shutdown
[   10.088817] Entering suspend state LP1
[   10.088831] Enabling non-boot CPUs ...
[   10.114483] CPU1 is up
[   10.139564] CPU2 is up
[   10.164691] CPU3 is up
[   10.165654] pcieport 0000:00:01.0: nv_msi_ht_cap_quirk didn't locate host bridge
[   10.178511] PM: noirq resume of devices complete after 13.811 msecs
[   10.181978] PM: early resume of devices complete after 3.041 msecs
[   10.331274] PM: resume of devices complete after 149.283 msecs
[   10.402477] Restarting tasks ... done.
root@(none):/# 
root@(none):/# rtcwake -d rtc1 -m mem -s 3
rtcwake: wakeup from "mem" using /dev/rtc1 at Thu Jan  1 00:00:36 1970
[   11.630478] PM: Syncing filesystems ... done.
[   11.643489] Freezing user space processes ... (elapsed 0.001 seconds) done.
[   11.651609] Freezing remaining freezable tasks ... (elapsed 0.001 seconds) done.
[   11.660208] Suspending console(s) (use no_console_suspend to debug)
[   11.699832] PM: suspend of devices complete after 32.080 msecs
[   11.702007] PM: late suspend of devices complete after 2.162 msecs
[   11.714243] PM: noirq suspend of devices complete after 12.225 msecs
[   11.714246] Disabling non-boot CPUs ...
[   11.714993] CPU1: shutdown
[   11.729859] CPU2: shutdown
[   11.744388] CPU3: shutdown
[   11.758794] Entering suspend state LP1
[   11.758807] Enabling non-boot CPUs ...
[   11.784464] CPU1 is up
[   11.809567] CPU2 is up
[   11.834687] CPU3 is up
[   11.835653] pcieport 0000:00:01.0: nv_msi_ht_cap_quirk didn't locate host bridge
[   11.848477] PM: noirq resume of devices complete after 13.778 msecs
[   11.852448] PM: early resume of devices complete after 3.534 msecs
[   12.007191] PM: resume of devices complete after 154.732 msecs
[   12.078397] Restarting tasks ... done.
root@(none):/# 
root@(none):/# rtcwake -d rtc1 -m mem -s 3
rtcwake: wakeup from "mem" using /dev/rtc1 at Thu Jan  1 00:00:41 1970
[   13.301506] PM: Syncing filesystems ... done.
[   13.315580] Freezing user space processes ... (elapsed 0.001 seconds) done.
[   13.323725] Freezing remaining freezable tasks ... (elapsed 0.001 seconds) done.
[   13.332308] Suspending console(s) (use no_console_suspend to debug)
[   13.374332] PM: suspend of devices complete after 34.460 msecs
[   13.376480] PM: late suspend of devices complete after 2.135 msecs
[   13.389178] PM: noirq suspend of devices complete after 12.689 msecs
[   13.389184] Disabling non-boot CPUs ...
[   13.389932] CPU1: shutdown
[   13.414826] CPU2: shutdown
[   13.439374] CPU3: shutdown
[   13.453781] Entering suspend state LP1
[   13.453795] Enabling non-boot CPUs ...
[   13.479445] CPU1 is up
[   13.504533] CPU2 is up
[   13.529684] CPU3 is up
[   13.530675] pcieport 0000:00:01.0: nv_msi_ht_cap_quirk didn't locate host bridge
[   13.543470] PM: noirq resume of devices complete after 13.774 msecs
[   13.547702] PM: early resume of devices complete after 3.975 msecs
[   13.706794] PM: resume of devices complete after 159.082 msecs
[   13.777922] Restarting tasks ... done.
root@(none):/# 
root@(none):/# rtcwake -d rtc1 -m mem -s 3
rtcwake: wakeup from "mem" using /dev/rtc1 at Thu Jan  1 00:00:46 1970
[   14.996006] PM: Syncing filesystems ... done.
[   15.010590] Freezing user space processes ... (elapsed 0.001 seconds) done.
[   15.018728] Freezing remaining freezable tasks ... (elapsed 0.001 seconds) done.
[   15.027309] Suspending console(s) (use no_console_suspend to debug)
[   15.068335] PM: suspend of devices complete after 33.446 msecs
[   15.070047] PM: late suspend of devices complete after 1.701 msecs
[   15.084123] PM: noirq suspend of devices complete after 14.066 msecs
[   15.084126] Disabling non-boot CPUs ...
[   15.084871] CPU1: shutdown
[   15.109812] CPU2: shutdown
[   15.124317] CPU3: shutdown
[   15.138753] Entering suspend state LP1
[   15.138767] Enabling non-boot CPUs ...
[   15.164417] CPU1 is up
[   15.189513] CPU2 is up
[   15.214639] CPU3 is up
[   15.215607] pcieport 0000:00:01.0: nv_msi_ht_cap_quirk didn't locate host bridge
[   15.228457] PM: noirq resume of devices complete after 13.809 msecs
[   15.230849] PM: early resume of devices complete after 1.985 msecs
[   15.385670] PM: resume of devices complete after 154.810 msecs
[   15.456842] Restarting tasks ... done.
root@(none):/# 
root@(none):/# rtcwake -d rtc1 -m mem -s 3
rtcwake: wakeup from "mem" using /dev/rtc1 at Thu Jan  1 00:00:51 1970
[   16.680450] PM: Syncing filesystems ... done.
[   16.695037] Freezing user space processes ... (elapsed 0.001 seconds) done.
[   16.703165] Freezing remaining freezable tasks ... (elapsed 0.001 seconds) done.
[   16.711755] Suspending console(s) (use no_console_suspend to debug)
[   16.752259] PM: suspend of devices complete after 32.936 msecs
[   16.753482] PM: late suspend of devices complete after 1.211 msecs
[   16.769140] PM: noirq suspend of devices complete after 15.648 msecs
[   16.769143] Disabling non-boot CPUs ...
[   16.769906] CPU1: shutdown
[   16.794766] CPU2: shutdown
[   16.809280] CPU3: shutdown
[   16.823720] Entering suspend state LP1
[   16.823735] Enabling non-boot CPUs ...
[   16.849392] CPU1 is up
[   16.874496] CPU2 is up
[   16.899630] CPU3 is up
[   16.900595] pcieport 0000:00:01.0: nv_msi_ht_cap_quirk didn't locate host bridge
[   16.913443] PM: noirq resume of devices complete after 13.802 msecs
[   16.915863] PM: early resume of devices complete after 1.995 msecs
[   17.070710] PM: resume of devices complete after 154.837 msecs
[   17.141888] Restarting tasks ... done.
root@(none):/# 
root@(none):/# rtcwake -d rtc1 -m mem -s 3
rtcwake: wakeup from "mem" using /dev/rtc1 at Thu Jan  1 00:00:56 1970
[   18.365346] PM: Syncing filesystems ... done.
[   18.379924] Freezing user space processes ... (elapsed 0.001 seconds) done.
[   18.388046] Freezing remaining freezable tasks ... (elapsed 0.001 seconds) done.
[   18.396636] Suspending console(s) (use no_console_suspend to debug)
[   18.439741] PM: suspend of devices complete after 35.534 msecs
[   18.442504] PM: late suspend of devices complete after 2.752 msecs
[   18.454091] PM: noirq suspend of devices complete after 11.578 msecs
[   18.454094] Disabling non-boot CPUs ...
[   18.454855] CPU1: shutdown
[   18.479730] CPU2: shutdown
[   18.504309] CPU3: shutdown
[   18.518710] Entering suspend state LP1
[   18.518724] Enabling non-boot CPUs ...
[   18.544373] CPU1 is up
[   18.569473] CPU2 is up
[   18.594615] CPU3 is up
[   18.595585] pcieport 0000:00:01.0: nv_msi_ht_cap_quirk didn't locate host bridge
[   18.608412] PM: noirq resume of devices complete after 13.786 msecs
[   18.611360] PM: early resume of devices complete after 2.504 msecs
[   18.765682] PM: resume of devices complete after 154.310 msecs
[   18.836858] Restarting tasks ... done.
root@(none):/# 
root@(none):/# rtcwake -d rtc1 -m mem -s 3
rtcwake: wakeup from "mem" using /dev/rtc1 at Thu Jan  1 00:01:01 1970
[   20.060434] PM: Syncing filesystems ... done.
[   20.075011] Freezing user space processes ... (elapsed 0.001 seconds) done.
[   20.083153] Freezing remaining freezable tasks ... (elapsed 0.001 seconds) done.
[   20.091752] Suspending console(s) (use no_console_suspend to debug)
[   20.134252] PM: suspend of devices complete after 34.934 msecs
[   20.136022] PM: late suspend of devices complete after 1.759 msecs
[   20.149089] PM: noirq suspend of devices complete after 13.054 msecs
[   20.149092] Disabling non-boot CPUs ...
[   20.149856] CPU1: shutdown
[   20.164739] CPU2: shutdown
[   20.179251] CPU3: shutdown
[   20.193679] Entering suspend state LP1
[   20.193693] Enabling non-boot CPUs ...
[   20.219343] CPU1 is up
[   20.244447] CPU2 is up
[   20.269573] CPU3 is up
[   20.270526] pcieport 0000:00:01.0: nv_msi_ht_cap_quirk didn't locate host bridge
[   20.283381] PM: noirq resume of devices complete after 13.798 msecs
[   20.286234] PM: early resume of devices complete after 2.412 msecs
[   20.440689] PM: resume of devices complete after 154.444 msecs
[   20.511876] Restarting tasks ... done.
root@(none):/# 
root@(none):/# rtcwake -d rtc1 -m mem -s 3
rtcwake: wakeup from "mem" using /dev/rtc1 at Thu Jan  1 00:01:06 1970
[   21.735311] PM: Syncing filesystems ... done.
[   21.749884] Freezing user space processes ... (elapsed 0.001 seconds) done.
[   21.758017] Freezing remaining freezable tasks ... (elapsed 0.001 seconds) done.
[   21.766608] Suspending console(s) (use no_console_suspend to debug)
[   21.809697] PM: suspend of devices complete after 35.525 msecs
[   21.811879] PM: late suspend of devices complete after 2.172 msecs
[   21.824045] PM: noirq suspend of devices complete after 12.155 msecs
[   21.824049] Disabling non-boot CPUs ...
[   21.824804] CPU1: shutdown
[   21.849696] CPU2: shutdown
[   21.874266] CPU3: shutdown
[   21.888655] Entering suspend state LP1
[   21.888670] Enabling non-boot CPUs ...
[   21.914324] CPU1 is up
[   21.939421] CPU2 is up
[   21.964553] CPU3 is up
[   21.965532] pcieport 0000:00:01.0: nv_msi_ht_cap_quirk didn't locate host bridge
[   21.978367] PM: noirq resume of devices complete after 13.804 msecs
[   21.981852] PM: early resume of devices complete after 3.048 msecs
[   22.131648] PM: resume of devices complete after 149.783 msecs
[   22.202833] Restarting tasks ... done.
root@(none):/# 
root@(none):/# NVTB SYSTEM SUSPEND TEST COMPLETE
