
U-Boot SPL 2014.07-00097-g772e173 (Jul 25 2014 - 20:02:52)


U-Boot 2014.07-00097-g772e173 (Jul 25 2014 - 20:02:52)

TEGRA124
Board: NVIDIA Jetson TK1
I2C:   ready
DRAM:  2 GiB
MMC:   Tegra SD/MMC: 0, Tegra SD/MMC: 1
In:    serial
Out:   serial
Err:   serial
Net:   Net Initialization Skipped
No ethernet found.
Hit any key to stop autoboot:  2  0 
Tegra124 (Jetson TK1) # 
Tegra124 (Jetson TK1) # usb reset
(Re)start USB...
USB0:   USB EHCI 1.10
scanning bus 0 for devices... 1 USB Device(s) found
USB1:   USB EHCI 1.10
scanning bus 1 for devices... 2 USB Device(s) found
       scanning usb for storage devices... 0 Storage Device(s) found
       scanning usb for ethernet devices... 
Warning: asx0 using MAC address from net device
1 Ethernet Device(s) found
Tegra124 (Jetson TK1) # setenv bootargs 'ignore_loglevel console=ttyS0,115200n8 rw root=/dev/mmcblk0p1 rootwait gpt debug noinitrd earlyprintk init=/bin/bash'
Tegra124 (Jetson TK1) # setenv ipaddr 192.168.100.102; setenv serverip 192.168.100.1; setenv tftpserverip 192.168.100.1
Tegra124 (Jetson TK1) # tftpboot 0x82000000 zImage.multi_v7_defconfig
Waiting for Ethernet connection... done.
Using asx0 device
TFTP from server 192.168.100.1; our IP address is 192.168.100.102
Filename 'zImage.multi_v7_defconfig'.
Load address: 0x82000000
Loading: *#################################################################
	 #################################################################
	 #################################################################
	 #################################################################
	 #################################################################
	 #################################################################
	 ####################################################
	 3.2 MiB/s
done
Bytes transferred = 6477184 (62d580 hex)
Tegra124 (Jetson TK1) # tftpboot 0x83000000 tegra124-jetson-tk1.dtb
Using asx0 device
TFTP from server 192.168.100.1; our IP address is 192.168.100.102
Filename 'tegra124-jetson-tk1.dtb'.
Load address: 0x83000000
Loading: *#####
	 2.8 MiB/s
done
Bytes transferred = 64138 (fa8a hex)
Tegra124 (Jetson TK1) # bootz 0x82000000 - 0x83000000
Kernel image @ 0x82000000 [ 0x000000 - 0x62d580 ]
## Flattened Device Tree blob at 83000000
   Booting using the fdt blob at 0x83000000
   Using Device Tree in place at 83000000, end 83012a89

Starting kernel ...

[    0.000000] Booting Linux on physical CPU 0x0
[    0.000000] Linux version 4.3.0-51166-gbd4f203 (pwalmsley@sellafield) (gcc version 4.7.3 20130328 (prerelease) (crosstool-NG linaro-1.13.1-4.7-2013.04-20130415 - Linaro GCC 2013.04) ) #1 SMP Tue Nov 10 13:07:30 PST 2015
[    0.000000] CPU: ARMv7 Processor [413fc0f3] revision 3 (ARMv7), cr=10c5387d
[    0.000000] CPU: PIPT / VIPT nonaliasing data cache, PIPT instruction cache
[    0.000000] Machine model: NVIDIA Tegra124 Jetson TK1
[    0.000000] debug: ignoring loglevel setting.
[    0.000000] cma: Reserved 64 MiB at 0xfb800000
[    0.000000] Memory policy: Data cache writealloc
[    0.000000] On node 0 totalpages: 524032
[    0.000000] free_area_init_node: node 0, pgdat c0f982c0, node_mem_map eeff8000
[    0.000000]   DMA zone: 1536 pages used for memmap
[    0.000000]   DMA zone: 0 pages reserved
[    0.000000]   DMA zone: 196608 pages, LIFO batch:31
[    0.000000]   HighMem zone: 327424 pages, LIFO batch:31
[    0.000000] PERCPU: Embedded 12 pages/cpu @eef8f000 s19136 r8192 d21824 u49152
[    0.000000] pcpu-alloc: s19136 r8192 d21824 u49152 alloc=12*4096
[    0.000000] pcpu-alloc: [0] 0 [0] 1 [0] 2 [0] 3 
[    0.000000] Built 1 zonelists in Zone order, mobility grouping on.  Total pages: 522496
[    0.000000] Kernel command line: ignore_loglevel console=ttyS0,115200n8 rw root=/dev/mmcblk0p1 rootwait gpt debug noinitrd earlyprintk init=/bin/bash
[    0.000000] PID hash table entries: 4096 (order: 2, 16384 bytes)
[    0.000000] Dentry cache hash table entries: 131072 (order: 7, 524288 bytes)
[    0.000000] Inode-cache hash table entries: 65536 (order: 6, 262144 bytes)
[    0.000000] Memory: 1998652K/2096128K available (8156K kernel code, 1032K rwdata, 3660K rodata, 1040K init, 340K bss, 31940K reserved, 65536K cma-reserved, 1244160K highmem)
[    0.000000] Virtual kernel memory layout:
[    0.000000]     vector  : 0xffff0000 - 0xffff1000   (   4 kB)
[    0.000000]     fixmap  : 0xffc00000 - 0xfff00000   (3072 kB)
[    0.000000]     vmalloc : 0xf0800000 - 0xff800000   ( 240 MB)
[    0.000000]     lowmem  : 0xc0000000 - 0xf0000000   ( 768 MB)
[    0.000000]     pkmap   : 0xbfe00000 - 0xc0000000   (   2 MB)
[    0.000000]     modules : 0xbf000000 - 0xbfe00000   (  14 MB)
[    0.000000]       .text : 0xc0208000 - 0xc0d932ac   (11821 kB)
[    0.000000]       .init : 0xc0d94000 - 0xc0e98000   (1040 kB)
[    0.000000]       .data : 0xc0e98000 - 0xc0f9a220   (1033 kB)
[    0.000000]        .bss : 0xc0f9d000 - 0xc0ff23a8   ( 341 kB)
[    0.000000] SLUB: HWalign=64, Order=0-3, MinObjects=0, CPUs=4, Nodes=1
[    0.000000] Hierarchical RCU implementation.
[    0.000000] 	Build-time adjustment of leaf fanout to 32.
[    0.000000] 	RCU restricting CPUs from NR_CPUS=16 to nr_cpu_ids=4.
[    0.000000] RCU: Adjusting geometry for rcu_fanout_leaf=32, nr_cpu_ids=4
[    0.000000] NR_IRQS:16 nr_irqs:16 16
[    0.000000] /interrupt-controller@60004000: 160 interrupts forwarded to /interrupt-controller@0,50041000
[    0.000000] L2C: failed to init: -19
[    0.000009] sched_clock: 32 bits at 1000kHz, resolution 1000ns, wraps every 2147483647500ns
[    0.000029] clocksource: timer_us: mask: 0xffffffff max_cycles: 0xffffffff, max_idle_ns: 1911260446275 ns
[    0.000043] Switching to timer-based delay loop, resolution 1000ns
[    0.004352] Architected cp15 timer(s) running at 12.00MHz (virt).
[    0.004370] clocksource: arch_sys_counter: mask: 0xffffffffffffff max_cycles: 0x2c47f4ee7, max_idle_ns: 440795202497 ns
[    0.004387] sched_clock: 56 bits at 12MHz, resolution 83ns, wraps every 4398046511096ns
[    0.004399] Switching to timer-based delay loop, resolution 83ns
[    0.004786] Console: colour dummy device 80x30
[    0.004810] Calibrating delay loop (skipped), value calculated using timer frequency.. 24.00 BogoMIPS (lpj=60000)
[    0.004824] pid_max: default: 32768 minimum: 301
[    0.004930] Mount-cache hash table entries: 2048 (order: 1, 8192 bytes)
[    0.004942] Mountpoint-cache hash table entries: 2048 (order: 1, 8192 bytes)
[    0.005528] CPU: Testing write buffer coherency: ok
[    0.005747] /cpus/cpu@0 missing clock-frequency property
[    0.005786] /cpus/cpu@1 missing clock-frequency property
[    0.005823] /cpus/cpu@2 missing clock-frequency property
[    0.005862] /cpus/cpu@3 missing clock-frequency property
[    0.005873] CPU0: thread -1, cpu 0, socket 0, mpidr 80000000
[    0.005915] Setting up static identity map for 0x80209000 - 0x80209098
[    0.008872] Tegra Revision: A01 SKU: 129 CPU Process: 1 SoC Process: 1
[    0.010151] CPU1: thread -1, cpu 1, socket 0, mpidr 80000001
[    0.010676] CPU2: thread -1, cpu 2, socket 0, mpidr 80000002
[    0.011191] CPU3: thread -1, cpu 3, socket 0, mpidr 80000003
[    0.011257] Brought up 4 CPUs
[    0.011278] SMP: Total of 4 processors activated (96.00 BogoMIPS).
[    0.011285] CPU: All CPU(s) started in SVC mode.
[    0.012717] devtmpfs: initialized
[    0.031188] VFP support v0.3: implementor 41 architecture 4 part 30 variant f rev 0
[    0.031969] clocksource: jiffies: mask: 0xffffffff max_cycles: 0xffffffff, max_idle_ns: 9556302231375000 ns
[    0.033609] pinctrl core: initialized pinctrl subsystem
[    0.035258] NET: Registered protocol family 16
[    0.037267] DMA: preallocated 256 KiB pool for atomic coherent allocations
[    0.049573] cpuidle: using governor ladder
[    0.064592] cpuidle: using governor menu
[    0.081087] No ATAGs?
[    0.081124] hw-breakpoint: found 5 (+1 reserved) breakpoint and 4 watchpoint registers.
[    0.081134] hw-breakpoint: maximum watchpoint size is 8 bytes.
[    0.085882] Serial: AMBA PL011 UART driver
[    0.115234] +USB0_VBUS_SW: Failed to request enable GPIO108: -517
[    0.115349] reg-fixed-voltage regulators:regulator@7: Failed to register regulator: -517
[    0.115569] +5V_USB_HS: Failed to request enable GPIO109: -517
[    0.115674] reg-fixed-voltage regulators:regulator@8: Failed to register regulator: -517
[    0.115970] +1.05V_RUN_AVDD_HDMI_PLL: Failed to request enable GPIO63: -517
[    0.116074] reg-fixed-voltage regulators:regulator@11: Failed to register regulator: -517
[    0.116294] +5V_HDMI_CON: Failed to request enable GPIO86: -517
[    0.116396] reg-fixed-voltage regulators:regulator@12: Failed to register regulator: -517
[    0.116610] +5V_SATA: Failed to request enable GPIO242: -517
[    0.116711] reg-fixed-voltage regulators:regulator@13: Failed to register regulator: -517
[    0.116927] +12V_SATA: Failed to request enable GPIO242: -517
[    0.117028] reg-fixed-voltage regulators:regulator@14: Failed to register regulator: -517
[    0.119893] vgaarb: loaded
[    0.120639] SCSI subsystem initialized
[    0.120818] libata version 3.00 loaded.
[    0.121112] usbcore: registered new interface driver usbfs
[    0.121176] usbcore: registered new interface driver hub
[    0.121249] usbcore: registered new device driver usb
[    0.124828] pps_core: LinuxPPS API ver. 1 registered
[    0.124837] pps_core: Software ver. 5.3.6 - Copyright 2005-2007 Rodolfo Giometti <giometti@linux.it>
[    0.124865] PTP clock support registered
[    0.125087] EDAC MC: Ver: 3.0.0
[    0.128206] clocksource: Switched to clocksource arch_sys_counter
[    0.139808] NET: Registered protocol family 2
[    0.140331] TCP established hash table entries: 8192 (order: 3, 32768 bytes)
[    0.140430] TCP bind hash table entries: 8192 (order: 4, 65536 bytes)
[    0.140617] TCP: Hash tables configured (established 8192 bind 8192)
[    0.140669] UDP hash table entries: 512 (order: 2, 16384 bytes)
[    0.140710] UDP-Lite hash table entries: 512 (order: 2, 16384 bytes)
[    0.140877] NET: Registered protocol family 1
[    0.141132] RPC: Registered named UNIX socket transport module.
[    0.141141] RPC: Registered udp transport module.
[    0.141149] RPC: Registered tcp transport module.
[    0.141156] RPC: Registered tcp NFSv4.1 backchannel transport module.
[    0.141175] PCI: CLS 0 bytes, default 64
[    0.142162] hw perfevents: enabled with armv7_cortex_a15 PMU driver, 7 counters available
[    0.143718] futex hash table entries: 1024 (order: 4, 65536 bytes)
[    0.155746] squashfs: version 4.0 (2009/01/31) Phillip Lougher
[    0.156665] NFS: Registering the id_resolver key type
[    0.156705] Key type id_resolver registered
[    0.156714] Key type id_legacy registered
[    0.156786] ntfs: driver 2.1.32 [Flags: R/O].
[    0.158226] bounce: pool size: 64 pages
[    0.158444] Block layer SCSI generic (bsg) driver version 0.4 loaded (major 249)
[    0.158463] io scheduler noop registered
[    0.158479] io scheduler deadline registered
[    0.158517] io scheduler cfq registered (default)
[    0.175239] tegra-pcie 1003000.pcie-controller: 2x1, 1x1 configuration
[    0.175290] tegra-pcie 1003000.pcie-controller: Failed to get supply 'avddio-pex': -517
[    0.182486] tegra-apbdma 60020000.dma: Tegra20 APB DMA driver register 32 channels
[    0.183865] tegra-pmc 7000e400.pmc: emergency thermal reset enabled
[    0.247636] Serial: 8250/16550 driver, 4 ports, IRQ sharing disabled
[    0.250041] SuperH (H)SCI(F) driver initialized
[    0.250975] msm_serial: driver initialized
[    0.251799] console [ttyS0] disabled
[    0.251834] 70006300.serial: ttyS0 at MMIO 0x70006300 (irq = 331, base_baud = 25500000) is a Tegra
[    1.070472] console [ttyS0] enabled
[    1.074787] STMicroelectronics ASC driver initialized
[    1.082222] [drm] Initialized drm 1.1.0 20060810
[    1.089209] tegra-hdmi 54280000.hdmi: failed to get HDMI regulator
[    1.103393] loop: module loaded
[    1.106828] at24 0-0056: 256 byte 24c02 EEPROM, writable, 8 bytes/write
[    1.114712] as3722 4-0040: AS3722 with revision 0x1 found
[    1.138028] +5V_SYS: supplied by +VDD_MUX
[    1.142107] +1.05V_RUN: supplied by +5V_SYS
[    1.146418] tegra-ahci 70027000.sata: Failed to get supply 'hvdd': -517
[    1.153090] tegra-ahci 70027000.sata: Failed to get regulators
[    1.164348] m25p80 spi32765.0: w25q32dw (4096 Kbytes)
[    1.169429] spi32765.0: 'partitions' subnode not found on /spi@0,7000da00/spi-flash@0. Trying to parse direct subnodes as partitions.
[    1.184831] CAN device driver interface
[    1.190050] igb: Intel(R) Gigabit Ethernet Network Driver - version 5.3.0-k
[    1.197016] igb: Copyright (c) 2007-2014 Intel Corporation.
[    1.205961] pegasus: v0.9.3 (2013/04/25), Pegasus/Pegasus II USB Ethernet driver
[    1.213417] usbcore: registered new interface driver pegasus
[    1.219158] usbcore: registered new interface driver asix
[    1.224619] usbcore: registered new interface driver ax88179_178a
[    1.230772] usbcore: registered new interface driver cdc_ether
[    1.236684] usbcore: registered new interface driver smsc75xx
[    1.242507] usbcore: registered new interface driver smsc95xx
[    1.248314] usbcore: registered new interface driver net1080
[    1.254043] usbcore: registered new interface driver cdc_subset
[    1.260023] usbcore: registered new interface driver zaurus
[    1.265697] usbcore: registered new interface driver cdc_ncm
[    1.271618] tegra-phy 7d004000.usb-phy: no vbus regulator
[    1.278973] ehci_hcd: USB 2.0 'Enhanced' Host Controller (EHCI) Driver
[    1.285512] ehci-pci: EHCI PCI platform driver
[    1.290013] ehci-platform: EHCI generic platform driver
[    1.295463] ehci-omap: OMAP-EHCI Host Controller driver
[    1.300842] ehci-orion: EHCI orion driver
[    1.305006] SPEAr-ehci: EHCI SPEAr driver
[    1.309175] ehci-st: EHCI STMicroelectronics driver
[    1.314216] ehci-exynos: EHCI EXYNOS driver
[    1.318580] ehci-atmel: EHCI Atmel driver
[    1.322733] tegra-ehci: Tegra EHCI driver
[    1.327072] tegra-ehci 7d004000.usb: EHCI Host Controller
[    1.332501] tegra-ehci 7d004000.usb: new USB bus registered, assigned bus number 1
[    1.340236] tegra-ehci 7d004000.usb: irq 348, io mem 0x7d004000
[    1.353227] tegra-ehci 7d004000.usb: USB 2.0 started, EHCI 1.10
[    1.359999] hub 1-0:1.0: USB hub found
[    1.363796] hub 1-0:1.0: 1 port detected
[    1.368328] ohci_hcd: USB 1.1 'Open' Host Controller (OHCI) Driver
[    1.374527] ohci-pci: OHCI PCI platform driver
[    1.379034] ohci-platform: OHCI generic platform driver
[    1.384444] ohci-omap3: OHCI OMAP3 driver
[    1.388611] SPEAr-ohci: OHCI SPEAr driver
[    1.392762] ohci-st: OHCI STMicroelectronics driver
[    1.397802] ohci-atmel: OHCI Atmel driver
[    1.402365] usbcore: registered new interface driver usb-storage
[    1.409961] mousedev: PS/2 mouse device common for all mice
[    1.419403] as3722-rtc as3722-rtc: rtc core: registered as3722-rtc as rtc0
[    1.426289] as3722-rtc as3722-rtc: RTC interrupt 371
[    1.434635] tegra_rtc 7000e000.rtc: rtc core: registered 7000e000.rtc as rtc1
[    1.441823] tegra_rtc 7000e000.rtc: Tegra internal Real Time Clock
[    1.448611] i2c /dev entries driver
[    1.457210] 0-004c supply vcc not found, using dummy regulator
[    1.469695] sdhci: Secure Digital Host Controller Interface driver
[    1.475895] sdhci: Copyright(c) Pierre Ossman
[    1.481927] Synopsys Designware Multimedia Card Interface Driver
[    1.489146] sdhci-pltfm: SDHCI platform and OF driver helper
[    1.495566] sdhci-tegra 700b0400.sdhci: Got CD GPIO
[    1.500478] sdhci-tegra 700b0400.sdhci: Got WP GPIO
[    1.505414] mmc0: Unknown controller version (3). You may experience problems.
[    1.512834] sdhci-tegra 700b0400.sdhci: No vmmc regulator found
[    1.518926] mmc0: Unknown controller version (3). You may experience problems.
[    1.526234] sdhci-tegra 700b0600.sdhci: No vmmc regulator found
[    1.532164] sdhci-tegra 700b0600.sdhci: No vqmmc regulator found
[    1.538174] mmc0: Invalid maximum block size, assuming 512 bytes
[    1.578227] mmc0: SDHCI controller on 700b0600.sdhci [700b0600.sdhci] using ADMA 64-bit
[    1.587846] ledtrig-cpu: registered to indicate activity on CPUs
[    1.594082] usbcore: registered new interface driver usbhid
[    1.599662] usbhid: USB HID core driver
[    1.610295] NET: Registered protocol family 10
[    1.615455] sit: IPv6 over IPv4 tunneling driver
[    1.620745] NET: Registered protocol family 17
[    1.622203] mmc0: MAN_BKOPS_EN bit is not set
[    1.625545] mmc0: new high speed MMC card at address 0001
[    1.626064] mmcblk0: mmc0:0001 SEM16G 14.6 GiB 
[    1.626291] mmcblk0boot0: mmc0:0001 SEM16G partition 1 4.00 MiB
[    1.626516] mmcblk0boot1: mmc0:0001 SEM16G partition 2 4.00 MiB
[    1.626736] mmcblk0rpmb: mmc0:0001 SEM16G partition 3 4.00 MiB
[    1.628701] Primary GPT is invalid, using alternate GPT.
[    1.628729]  mmcblk0: p1 p2 p3 p4 p5 p6 p7 p8 p9
[    1.667103] can: controller area network core (rev 20120528 abi 9)
[    1.673354] NET: Registered protocol family 29
[    1.677802] can: raw protocol (rev 20120528)
[    1.682093] can: broadcast manager protocol (rev 20120528 t)
[    1.687773] can: netlink gateway (rev 20130117) max_hops=1
[    1.693669] Key type dns_resolver registered
[    1.698599] ThumbEE CPU extension supported.
[    1.702881] Registering SWP/SWPB emulation handler
[    1.715430] tegra-pcie 1003000.pcie-controller: 2x1, 1x1 configuration
[    1.722336] +3.3V_SYS: supplied by +VDD_MUX
[    1.726607] +3.3V_LP0: supplied by +3.3V_SYS
[    1.731380] +1.35V_LP0(sd2): supplied by +5V_SYS
[    1.736131] +1.05V_RUN_AVDD: supplied by +1.35V_LP0(sd2)
[    1.743086] tegra-pcie 1003000.pcie-controller: probing port 0, using 2 lanes
[    1.752356] tegra-pcie 1003000.pcie-controller: Slot present pin change, signature: 00000008
[    2.180789] tegra-pcie 1003000.pcie-controller: link 0 down, retrying
[    2.609373] tegra-pcie 1003000.pcie-controller: link 0 down, retrying
[    3.038085] tegra-pcie 1003000.pcie-controller: link 0 down, retrying
[    3.046672] tegra-pcie 1003000.pcie-controller: link 0 down, ignoring
[    3.053160] tegra-pcie 1003000.pcie-controller: probing port 1, using 1 lanes
[    3.062416] tegra-pcie 1003000.pcie-controller: Slot present pin change, signature: 00000000
[    3.490996] tegra-pcie 1003000.pcie-controller: link 1 down, retrying
[    3.919104] tegra-pcie 1003000.pcie-controller: link 1 down, retrying
[    4.347378] tegra-pcie 1003000.pcie-controller: link 1 down, retrying
[    4.355965] tegra-pcie 1003000.pcie-controller: link 1 down, ignoring
[    4.362664] tegra-pcie 1003000.pcie-controller: PCI host bridge to bus 0000:00
[    4.369902] pci_bus 0000:00: root bus resource [mem 0x13000000-0x1fffffff]
[    4.376785] pci_bus 0000:00: root bus resource [mem 0x20000000-0x3fffffff pref]
[    4.384099] pci_bus 0000:00: root bus resource [bus 00-ff]
[    4.389590] pci_bus 0000:00: root bus resource [io  0x1000-0xffff]
[    4.395798] PCI: bus0: Fast back to back transfers enabled
[    4.402111] +5V_HDMI_CON: supplied by +5V_SYS
[    4.406615] +1.05V_RUN_AVDD_HDMI_PLL: supplied by +1.05V_RUN
[    4.412435] +3.3V_RUN: supplied by +3.3V_SYS
[    4.416749] +3.3V_AVDD_HDMI_AP_GATED: supplied by +3.3V_RUN
[    4.424931] [drm] Supports vblank timestamp caching Rev 2 (21.10.2013).
[    4.431606] [drm] No driver support for vblank timestamp query.
[    4.538255] tegra-hdmi 54280000.hdmi: cannot set audio to 44100 at 297000000 pclk
[    4.648740] Console: switching to colour frame buffer device 512x135
[    4.743214] drm drm: fb0:  frame buffer device
[    4.763346] [drm] Initialized tegra 0.0.0 20120330 on minor 0
[    4.770331] +5V_SATA: supplied by +5V_SYS
[    4.774489] +12V_SATA: supplied by +VDD_MUX
[    4.779420] tegra-ahci 70027000.sata: AHCI 0001.0301 32 slots 2 ports 3 Gbps 0x1 impl platform mode
[    4.788495] tegra-ahci 70027000.sata: flags: 64bit ncq sntf pm led pio slum part sadm sds apst 
[    4.799788] scsi host0: tegra-ahci
[    4.804416] scsi host1: tegra-ahci
[    4.808160] ata1: SATA max UDMA/133 mmio [mem 0x70027000-0x70028fff] port 0x100 irq 341
[    4.816197] ata2: DUMMY
[    4.819815] +5V_USB_HS: supplied by +5V_SYS
[    4.825553] tegra-ehci 7d008000.usb: EHCI Host Controller
[    4.831005] tegra-ehci 7d008000.usb: new USB bus registered, assigned bus number 2
[    4.838810] tegra-ehci 7d008000.usb: irq 349, io mem 0x7d008000
[    4.853362] tegra-ehci 7d008000.usb: USB 2.0 started, EHCI 1.10
[    4.860521] hub 2-0:1.0: USB hub found
[    4.864379] hub 2-0:1.0: 1 port detected
[    4.869885] dev_pm_opp_of_cpumask_add_table: couldn't find opp table for cpu:0, -19
[    4.877671] cpufreq: cpufreq_online: CPU0: Running at unlisted freq: 696000 KHz
[    4.885042] cpufreq: cpufreq_online: CPU0: Unlisted initial frequency changed to: 714000 KHz
[    4.894240] sdhci-tegra 700b0400.sdhci: Got CD GPIO
[    4.899149] sdhci-tegra 700b0400.sdhci: Got WP GPIO
[    4.904075] mmc1: Unknown controller version (3). You may experience problems.
[    4.911403] +VDDIO_SDMMC3: supplied by +3.3V_RUN
[    4.916078] sdhci-tegra 700b0400.sdhci: No vmmc regulator found
[    4.922019] mmc1: Invalid maximum block size, assuming 512 bytes
[    4.963514] mmc1: SDHCI controller on 700b0400.sdhci [700b0400.sdhci] using ADMA 64-bit
[    4.972197] input: gpio-keys as /devices/soc0/gpio-keys/input/input0
[    4.979394] as3722-rtc as3722-rtc: setting system clock to 2000-01-01 00:00:19 UTC (946684819)
[    4.991806] +1.8V_RUN_CAM: disabling
[    4.995589] +2.8V_RUN_CAM: disabling
[    4.999367] +1.2V_RUN_CAM_FRONT: disabling
[    5.003677] +1.05V_RUN_CAM_REAR: disabling
[    5.007916] +3.3V_RUN_TOUCH: disabling
[    5.011825] +2.8V_RUN_CAM_AF: disabling
[    5.015903] +1.8V_RUN_VPP_FUSE: disabling
[    5.020077] +USB0_VBUS_SW: disabling
[    5.148329] ata1: SATA link down (SStatus 0 SControl 300)
[    5.154695] EXT4-fs (mmcblk0p1): couldn't mount as ext3 due to feature incompatibilities
[    5.163433] EXT4-fs (mmcblk0p1): couldn't mount as ext2 due to feature incompatibilities
[    5.178277] usb 2-1: new high-speed USB device number 2 using tegra-ehci
[    5.188815] EXT4-fs (mmcblk0p1): recovery complete
[    5.193646] EXT4-fs (mmcblk0p1): mounted filesystem with ordered data mode. Opts: (null)
[    5.201787] VFS: Mounted root (ext4 filesystem) on device 179:1.
[    5.212464] devtmpfs: mounted
[    5.216109] Freeing unused kernel memory: 1040K (c0d94000 - c0e98000)
bash: cannot set terminal process group (-1): Inappropriate ioctl for device
bash: no job control in this shell
root@(none):/# 