

U-Boot 2015.04-00466-gedec83e90172 (Mar 14 2016 - 10:42:01)

TEGRA124
Model: Acer Chromebook 13 CB5-311
DRAM:  4 GiB
:   Tegra SD/MMC: 0, Tegra SD/MMC: 1, Tegra SD/MMC: 2
MMC init failed
Using default environment

In:    serial
Out:   serial
Err:   serial
Net:   Net Initialization Skipped
No ethernet found.
Hit any key to stop autoboot:  2  0 
Tegra124 (Nyan-big) # 
Tegra124 (Nyan-big) # usb start
starting USB...
USB0:   USB EHCI 1.10
scanning bus 0 for devices... 2 USB Device(s) found
USB1:   USB EHCI 1.10
scanning bus 1 for devices... 2 USB Device(s) found
       scanning usb for storage devices... 1 Storage Device(s) found
       scanning usb for ethernet devices... 
Warning: asx0 using MAC address from net device
1 Ethernet Device(s) found
Tegra124 (Nyan-big) # mw 0x7000e4a0 0x00080000
Tegra124 (Nyan-big) # setenv bootargs 'ignore_loglevel console=ttyS0,115200n8 rw root=PARTUUID=4d36e82a-b3c0-4b4b-bfcd-afe5217ac023 rootwait gpt debug noinitrd earlyprintk init=/bin/bash'
Tegra124 (Nyan-big) # setenv ipaddr 192.168.100.102; setenv serverip 192.168.100.1; setenv tftpserverip 192.168.100.1
Tegra124 (Nyan-big) # tftpboot 0x82000000 zImage.multi_v7_defconfig
Using asx0 device
TFTP from server 192.168.100.1; our IP address is 192.168.100.102
Filename 'zImage.multi_v7_defconfig'.
Load address: 0x82000000
Loading: *#################################################################
	 #################################################################
	 #################################################################
	 #################################################################
	 #################################################################
	 #################################################################
	 #################################################################
	 #################################################################
	 ####################
	 2.8 MiB/s
done
Bytes transferred = 7914992 (78c5f0 hex)
Tegra124 (Nyan-big) # tftpboot 0x83000000 tegra124-nyan-big.dtb
Using asx0 device
TFTP from server 192.168.100.1; our IP address is 192.168.100.102
Filename 'tegra124-nyan-big.dtb'.
Load address: 0x83000000
Loading: *#####
	 2.7 MiB/s
done
Bytes transferred = 68155 (10a3b hex)
Tegra124 (Nyan-big) # bootz 0x82000000 - 0x83000000
Kernel image @ 0x82000000 [ 0x000000 - 0x78c5f0 ]
## Flattened Device Tree blob at 83000000
   Booting using the fdt blob at 0x83000000
   Using Device Tree in place at 83000000, end 83013a3a

Starting kernel ...

[    0.000000] Booting Linux on physical CPU 0x0
[    0.000000] Linux version 4.12.0-rc1-170893-ge99b6f1 (jonathanh@sellafield) (gcc version 4.7.3 20130328 (prerelease) (crosstool-NG linaro-1.13.1-4.7-2013.04-20130415 - Linaro GCC 2013.04) ) #1 SMP Mon May 15 02:32:32 PDT 2017
[    0.000000] CPU: ARMv7 Processor [413fc0f3] revision 3 (ARMv7), cr=10c5387d
[    0.000000] CPU: div instructions available: patching division code
[    0.000000] CPU: PIPT / VIPT nonaliasing data cache, PIPT instruction cache
[    0.000000] OF: fdt: Machine model: Acer Chromebook 13 CB5-311
[    0.000000] OF: fdt: Ignoring memory range 0x100000000 - 0x17ffff000
[    0.000000] debug: ignoring loglevel setting.
[    0.000000] Memory policy: Data cache writealloc
[    0.000000] efi: Getting EFI parameters from FDT:
[    0.000000] efi: UEFI not found.
[    0.000000] cma: Reserved 64 MiB at 0xfb800000
[    0.000000] On node 0 totalpages: 524287
[    0.000000] free_area_init_node: node 0, pgdat c157fd40, node_mem_map eeff8000
[    0.000000]   DMA zone: 1536 pages used for memmap
[    0.000000]   DMA zone: 0 pages reserved
[    0.000000]   DMA zone: 196608 pages, LIFO batch:31
[    0.000000]   HighMem zone: 327679 pages, LIFO batch:31
[    0.000000] percpu: Embedded 17 pages/cpu @eef81000 s39168 r8192 d22272 u69632
[    0.000000] pcpu-alloc: s39168 r8192 d22272 u69632 alloc=17*4096
[    0.000000] pcpu-alloc: [0] 0 [0] 1 [0] 2 [0] 3 
[    0.000000] Built 1 zonelists in Zone order, mobility grouping on.  Total pages: 522751
[    0.000000] Kernel command line: ignore_loglevel console=ttyS0,115200n8 rw root=PARTUUID=4d36e82a-b3c0-4b4b-bfcd-afe5217ac023 rootwait gpt debug noinitrd earlyprintk init=/bin/bash
[    0.000000] PID hash table entries: 4096 (order: 2, 16384 bytes)
[    0.000000] Dentry cache hash table entries: 131072 (order: 7, 524288 bytes)
[    0.000000] Inode-cache hash table entries: 65536 (order: 6, 262144 bytes)
[    0.000000] Memory: 1994436K/2097148K available (10240K kernel code, 1566K rwdata, 4388K rodata, 2048K init, 409K bss, 37176K reserved, 65536K cma-reserved, 1245180K highmem)
[    0.000000] Virtual kernel memory layout:
[    0.000000]     vector  : 0xffff0000 - 0xffff1000   (   4 kB)
[    0.000000]     fixmap  : 0xffc00000 - 0xfff00000   (3072 kB)
[    0.000000]     vmalloc : 0xf0800000 - 0xff800000   ( 240 MB)
[    0.000000]     lowmem  : 0xc0000000 - 0xf0000000   ( 768 MB)
[    0.000000]     pkmap   : 0xbfe00000 - 0xc0000000   (   2 MB)
[    0.000000]     modules : 0xbf000000 - 0xbfe00000   (  14 MB)
[    0.000000]       .text : 0xc0208000 - 0xc0d00000   (11232 kB)
[    0.000000]       .init : 0xc1200000 - 0xc1400000   (2048 kB)
[    0.000000]       .data : 0xc1400000 - 0xc15879b0   (1567 kB)
[    0.000000]        .bss : 0xc1590d04 - 0xc15f74d8   ( 410 kB)
[    0.000000] SLUB: HWalign=64, Order=0-3, MinObjects=0, CPUs=4, Nodes=1
[    0.000000] Hierarchical RCU implementation.
[    0.000000] 	RCU debugfs-based tracing is enabled.
[    0.000000] 	RCU restricting CPUs from NR_CPUS=16 to nr_cpu_ids=4.
[    0.000000] RCU: Adjusting geometry for rcu_fanout_leaf=16, nr_cpu_ids=4
[    0.000000] NR_IRQS:16 nr_irqs:16 16
[    0.000000] /interrupt-controller@60004000: 160 interrupts forwarded to /interrupt-controller@50041000
[    0.000000] Tegra clk 127: register failed with -17
[    0.000004] sched_clock: 32 bits at 1000kHz, resolution 1000ns, wraps every 2147483647500ns
[    0.000011] clocksource: timer_us: mask: 0xffffffff max_cycles: 0xffffffff, max_idle_ns: 1911260446275 ns
[    0.000017] Switching to timer-based delay loop, resolution 1000ns
[    0.001667] arch_timer: cp15 timer(s) running at 12.00MHz (virt).
[    0.001674] clocksource: arch_sys_counter: mask: 0xffffffffffffff max_cycles: 0x2c47f4ee7, max_idle_ns: 440795202497 ns
[    0.001681] sched_clock: 56 bits at 12MHz, resolution 83ns, wraps every 4398046511096ns
[    0.001686] Switching to timer-based delay loop, resolution 83ns
[    0.001884] Console: colour dummy device 80x30
[    0.001898] Calibrating delay loop (skipped), value calculated using timer frequency.. 24.00 BogoMIPS (lpj=120000)
[    0.001904] pid_max: default: 32768 minimum: 301
[    0.001941] Mount-cache hash table entries: 2048 (order: 1, 8192 bytes)
[    0.001946] Mountpoint-cache hash table entries: 2048 (order: 1, 8192 bytes)
[    0.002150] CPU: Testing write buffer coherency: ok
[    0.002272] /cpus/cpu@0 missing clock-frequency property
[    0.002287] /cpus/cpu@1 missing clock-frequency property
[    0.002301] /cpus/cpu@2 missing clock-frequency property
[    0.002316] /cpus/cpu@3 missing clock-frequency property
[    0.002321] CPU0: thread -1, cpu 0, socket 0, mpidr 80000000
[    0.002436] Setting up static identity map for 0x80300000 - 0x803000a0
[    0.003772] Tegra Revision: A01 SKU: 131 CPU Process: 1 SoC Process: 1
[    0.004032] EFI services will not be available.
[    0.004120] smp: Bringing up secondary CPUs ...
[    0.004414] CPU1: thread -1, cpu 1, socket 0, mpidr 80000001
[    0.011916] CPU2: thread -1, cpu 2, socket 0, mpidr 80000002
[    0.021921] CPU3: thread -1, cpu 3, socket 0, mpidr 80000003
[    0.031641] smp: Brought up 1 node, 4 CPUs
[    0.031649] SMP: Total of 4 processors activated (96.00 BogoMIPS).
[    0.031653] CPU: All CPU(s) started in SVC mode.
[    0.032198] devtmpfs: initialized
[    0.038013] VFP support v0.3: implementor 41 architecture 4 part 30 variant f rev 0
[    0.038205] clocksource: jiffies: mask: 0xffffffff max_cycles: 0xffffffff, max_idle_ns: 19112604462750000 ns
[    0.038213] futex hash table entries: 1024 (order: 4, 65536 bytes)
[    0.038787] pinctrl core: initialized pinctrl subsystem
[    0.039539] NET: Registered protocol family 16
[    0.040288] DMA: preallocated 256 KiB pool for atomic coherent allocations
[    0.041170] cpuidle: using governor menu
[    0.050014] No ATAGs?
[    0.050069] hw-breakpoint: found 5 (+1 reserved) breakpoint and 4 watchpoint registers.
[    0.050075] hw-breakpoint: maximum watchpoint size is 8 bytes.
[    0.052915] Serial: AMBA PL011 UART driver
[    0.053270] tegra-mc 70019000.memory-controller: no memory timings for RAM code 0 registered
[    0.058557] AT91: Could not find identification node
[    0.058761] +5V_SYS: supplied by +VDD_MUX
[    0.058859] +3.3V_SYS: supplied by +VDD_MUX
[    0.059072] +VDD_LED: Failed to request enable GPIO122: -517
[    0.059077] reg-fixed-voltage regulators:regulator@5: Failed to register regulator: -517
[    0.059111] +5V_VDD_TS_SW: Failed to request enable GPIO81: -517
[    0.059116] reg-fixed-voltage regulators:regulator@6: Failed to register regulator: -517
[    0.059149] +5V_USB_HS: Failed to request enable GPIO108: -517
[    0.059153] reg-fixed-voltage regulators:regulator@7: Failed to register regulator: -517
[    0.059186] +5V_USB_SS: Failed to request enable GPIO109: -517
[    0.059190] reg-fixed-voltage regulators:regulator@8: Failed to register regulator: -517
[    0.059279] +1.05V_RUN_AVDD_HDMI_PLL: Failed to request enable GPIO63: -517
[    0.059283] reg-fixed-voltage regulators:regulator@11: Failed to register regulator: -517
[    0.059316] +5V_HDMI_CON: Failed to request enable GPIO86: -517
[    0.059320] reg-fixed-voltage regulators:regulator@12: Failed to register regulator: -517
[    0.060323] vgaarb: loaded
[    0.060595] SCSI subsystem initialized
[    0.060659] libata version 3.00 loaded.
[    0.060747] usbcore: registered new interface driver usbfs
[    0.060768] usbcore: registered new interface driver hub
[    0.060795] usbcore: registered new device driver usb
[    0.062099] pps_core: LinuxPPS API ver. 1 registered
[    0.062103] pps_core: Software ver. 5.3.6 - Copyright 2005-2007 Rodolfo Giometti <giometti@linux.it>
[    0.062111] PTP clock support registered
[    0.062176] EDAC MC: Ver: 3.0.0
[    0.062577] tegra-emc 7001b000.emc: no memory timings for RAM code 0 found in DT
[    0.062586] tegra-emc: probe of 7001b000.emc failed with error -2
[    0.063018] clocksource: Switched to clocksource arch_sys_counter
[    0.082771] NET: Registered protocol family 2
[    0.082971] TCP established hash table entries: 8192 (order: 3, 32768 bytes)
[    0.083004] TCP bind hash table entries: 8192 (order: 4, 65536 bytes)
[    0.083082] TCP: Hash tables configured (established 8192 bind 8192)
[    0.083121] UDP hash table entries: 512 (order: 2, 16384 bytes)
[    0.083136] UDP-Lite hash table entries: 512 (order: 2, 16384 bytes)
[    0.083196] NET: Registered protocol family 1
[    0.083335] RPC: Registered named UNIX socket transport module.
[    0.083339] RPC: Registered udp transport module.
[    0.083342] RPC: Registered tcp transport module.
[    0.083345] RPC: Registered tcp NFSv4.1 backchannel transport module.
[    0.083351] PCI: CLS 0 bytes, default 64
[    0.083919] hw perfevents: enabled with armv7_cortex_a15 PMU driver, 7 counters available
[    0.084617] workingset: timestamp_bits=30 max_order=19 bucket_order=0
[    0.087472] squashfs: version 4.0 (2009/01/31) Phillip Lougher
[    0.087721] NFS: Registering the id_resolver key type
[    0.087732] Key type id_resolver registered
[    0.087735] Key type id_legacy registered
[    0.087751] ntfs: driver 2.1.32 [Flags: R/O].
[    0.088369] bounce: pool size: 64 pages
[    0.088386] Block layer SCSI generic (bsg) driver version 0.4 loaded (major 248)
[    0.088391] io scheduler noop registered
[    0.088394] io scheduler deadline registered
[    0.088404] io scheduler cfq registered (default)
[    0.088408] io scheduler mq-deadline registered
[    0.088412] io scheduler kyber registered
[    0.090276] tegra-xusb-padctl 7009f000.padctl: failed to setup XUSB ports: -517
[    0.098806] tegra_dma_runtime_resume-1507
[    0.099852] tegra-apbdma 60020000.dma: Tegra20 APB DMA driver register 32 channels
[    0.100788] tegra-pmc 7000e400.pmc: i2c-thermtrip node not found, emergency thermal reset disabled.
[    0.119325] Serial: 8250/16550 driver, 4 ports, IRQ sharing disabled
[    0.120368] console [ttyS0] disabled
[    0.120386] 70006000.serial: ttyS0 at MMIO 0x70006000 (irq = 333, base_baud = 25500000) is a Tegra
[    1.010015] console [ttyS0] enabled
[    1.013785] SuperH (H)SCI(F) driver initialized
[    1.018639] msm_serial: driver initialized
[    1.022784] STMicroelectronics ASC driver initialized
[    1.029825] tegra-hdmi 54280000.hdmi: failed to get HDMI regulator
[    1.036361] tegra-dpaux 545c0000.dpaux: failed to get VDD supply: -517
[    1.043751] panel-simple panel: panel supply power not found, using dummy regulator
[    1.055034] brd: module loaded
[    1.060745] loop: module loaded
[    1.064825] as3722 4-0040: AS3722 with revision 0x1 found
[    1.074813] as3722-sd2: supplied by +5V_SYS
[    1.079215] as3722-sd3: supplied by +5V_SYS
[    1.083568] +1.35V_LP0(sd3): Bringing 0uV into 1350000-1350000uV
[    1.089740] as3722-sd4: supplied by +5V_SYS
[    1.094076] +1.05V_RUN: Bringing 0uV into 1050000-1050000uV
[    1.099803] as3722-sd5: supplied by +5V_SYS
[    1.105405] as3722-ldo0: supplied by +1.35V_LP0(sd2)
[    1.111116] +1.8V_RUN_CAM: Bringing 0uV into 1800000-1800000uV
[    1.117135] as3722-ldo2: supplied by +1.8V_VDDIO
[    1.122750] as3722-ldo3: supplied by +3.3V_SYS
[    1.127205] +1.00V_LP0_VDD_RTC: Bringing 1100000uV into 1000000-1000000uV
[    1.134774] as3722-ldo4: supplied by +3.3V_SYS
[    1.139364] +3.3V_RUN_CAM: Bringing 0uV into 2800000-2800000uV
[    1.145374] as3722-ldo5: supplied by +1.8V_VDDIO
[    1.150141] +1.2V_RUN_CAM_FRONT: Bringing 0uV into 1200000-1200000uV
[    1.156817] +VDDIO_SDMMC3: Bringing 0uV into 1800000-1800000uV
[    1.162825] as3722-ldo7: supplied by +1.8V_VDDIO
[    1.167596] +1.05V_RUN_CAM_REAR: Bringing 0uV into 1050000-1050000uV
[    1.174135] as3722-ldo9: supplied by +5V_SYS
[    1.178697] +2.8V_RUN_TOUCH: Bringing 0uV into 2800000-2800000uV
[    1.184887] as3722-ldo10: supplied by +5V_SYS
[    1.189389] +2.8V_RUN_CAM_AF: Bringing 0uV into 2800000-2800000uV
[    1.195820] +1.8V_RUN_VPP_FUSE: Bringing 0uV into 1800000-1800000uV
[    1.204795] spi-tegra114 7000d400.spi: Dma channel is not available: -19
[    1.211581] spi-tegra114 7000da00.spi: Dma channel is not available: -19
[    1.218944] libphy: Fixed MDIO Bus: probed
[    1.223421] CAN device driver interface
[    1.227556] bgmac_bcma: Broadcom 47xx GBit MAC driver loaded
[    1.233666] e1000e: Intel(R) PRO/1000 Network Driver - 3.2.6-k
[    1.239482] e1000e: Copyright(c) 1999 - 2015 Intel Corporation.
[    1.245410] igb: Intel(R) Gigabit Ethernet Network Driver - version 5.4.0-k
[    1.252353] igb: Copyright (c) 2007-2014 Intel Corporation.
[    1.259139] pegasus: v0.9.3 (2013/04/25), Pegasus/Pegasus II USB Ethernet driver
[    1.266544] usbcore: registered new interface driver pegasus
[    1.272205] usbcore: registered new interface driver asix
[    1.277607] usbcore: registered new interface driver ax88179_178a
[    1.283701] usbcore: registered new interface driver cdc_ether
[    1.289535] usbcore: registered new interface driver smsc75xx
[    1.295287] usbcore: registered new interface driver smsc95xx
[    1.301029] usbcore: registered new interface driver net1080
[    1.306689] usbcore: registered new interface driver cdc_subset
[    1.312603] usbcore: registered new interface driver zaurus
[    1.318186] usbcore: registered new interface driver cdc_ncm
[    1.324496] ehci_hcd: USB 2.0 'Enhanced' Host Controller (EHCI) Driver
[    1.331007] ehci-pci: EHCI PCI platform driver
[    1.335458] ehci-platform: EHCI generic platform driver
[    1.340740] ehci-orion: EHCI orion driver
[    1.344796] SPEAr-ehci: EHCI SPEAr driver
[    1.348841] ehci-st: EHCI STMicroelectronics driver
[    1.353756] ehci-exynos: EHCI EXYNOS driver
[    1.357980] ehci-atmel: EHCI Atmel driver
[    1.362023] tegra-ehci: Tegra EHCI driver
[    1.366087] ohci_hcd: USB 1.1 'Open' Host Controller (OHCI) Driver
[    1.372256] ohci-pci: OHCI PCI platform driver
[    1.376705] ohci-platform: OHCI generic platform driver
[    1.381968] ohci-omap3: OHCI OMAP3 driver
[    1.386017] SPEAr-ohci: OHCI SPEAr driver
[    1.390060] ohci-st: OHCI STMicroelectronics driver
[    1.394974] ohci-atmel: OHCI Atmel driver
[    1.399222] usbcore: registered new interface driver usb-storage
[    1.405992] elan_i2c 1-0015: 1-0015 supply vcc not found, using dummy regulator
[    1.413365] as3722-rtc as3722-rtc: rtc core: registered as3722-rtc as rtc0
[    1.420230] as3722-rtc as3722-rtc: RTC interrupt 372
[    1.427110] tegra_rtc 7000e000.rtc: rtc core: registered 7000e000.rtc as rtc1
[    1.434249] tegra_rtc 7000e000.rtc: Tegra internal Real Time Clock
[    1.440590] i2c /dev entries driver
[    1.446397] lm90 0-004c: 0-004c supply vcc not found, using dummy regulator
[    1.457697] sdhci: Secure Digital Host Controller Interface driver
[    1.463871] sdhci: Copyright(c) Pierre Ossman
[    1.468750] Synopsys Designware Multimedia Card Interface Driver
[    1.475188] sdhci-pltfm: SDHCI platform and OF driver helper
[    1.481108] sdhci-tegra 700b0000.sdhci: allocated mmc-pwrseq
[    1.493142] sdhci-tegra 700b0400.sdhci: Got CD GPIO
[    1.498012] sdhci-tegra 700b0400.sdhci: Got WP GPIO
[    1.517045] mmc0: Unknown controller version (3). You may experience problems.
[    1.524321] mmc0: Invalid maximum block size, assuming 512 bytes
[    1.568175] random: fast init done
[    1.582309] elan_i2c 1-0015: Elan Touchpad: Module ID: 0x002a, Firmware: 0x0005, Sample: 0x0007, IAP: 0x0009
[    1.592255] input: Elan Touchpad as /devices/soc0/7000c400.i2c/i2c-1/1-0015/input/input0
[    1.593033] mmc0: SDHCI controller on 700b0600.sdhci [700b0600.sdhci] using ADMA
[    1.607850] ledtrig-cpu: registered to indicate activity on CPUs
[    1.613959] usbcore: registered new interface driver usbhid
[    1.619516] usbhid: USB HID core driver
[    1.624703] NET: Registered protocol family 10
[    1.629448] Segment Routing with IPv6
[    1.633131] sit: IPv6, IPv4 and MPLS over IPv4 tunneling driver
[    1.639237] NET: Registered protocol family 17
[    1.643679] can: controller area network core (rev 20170425 abi 9)
[    1.649865] NET: Registered protocol family 29
[    1.654301] can: raw protocol (rev 20170425)
[    1.658557] can: broadcast manager protocol (rev 20170425 t)
[    1.664209] can: netlink gateway (rev 20170425) max_hops=1
[    1.669797] Key type dns_resolver registered
[    1.674272] ThumbEE CPU extension supported.
[    1.678532] Registering SWP/SWPB emulation handler
[    1.688020] +3.3V_RUN: supplied by +3.3V_SYS
[    1.692745] +VDD_LED: supplied by +VDD_MUX
[    1.696919] +3.3V_AVDD_HDMI_AP_GATED: supplied by +3.3V_RUN
[    1.702503] +1.8V_RUN_CAM: supplied by +3.3V_RUN
[    1.707206] +VDDIO_SDMMC3: supplied by +3.3V_RUN
[    1.711899] +1.8V_RUN_VPP_FUSE: supplied by +3.3V_RUN
[    1.717251] +5V_VDD_TS_SW: supplied by +5V_SYS
[    1.721948] +5V_USB_HS: supplied by +5V_SYS
[    1.726467] +5V_USB_SS: supplied by +5V_SYS
[    1.731256] +3.3V_PANEL: supplied by +3.3V_RUN
[    1.736612] +3.3V_LP0: supplied by +3.3V_SYS
[    1.741458] +1.05V_RUN_AVDD_HDMI_PLL: supplied by +1.05V_RUN
[    1.747177] elan_i2c 1-0015: failed to read report data: -121
[    1.747385] +5V_HDMI_CON: supplied by +5V_SYS
[    1.748260]  usb3-0: usb3-0 supply vbus not found, using dummy regulator
[    1.748318]  usb3-1: usb3-1 supply vbus not found, using dummy regulator
[    1.752538] tegra-sor 54540000.sor: failed to probe output: -517
[    1.753488] panel-simple panel: panel supply power not found, using dummy regulator
[    1.754913] sdhci-tegra 700b0000.sdhci: allocated mmc-pwrseq
[    1.757808] mmc0: new high speed MMC card at address 0001
[    1.758389] mmcblk0: mmc0:0001 MMC16G 14.4 GiB 
[    1.758923] mmcblk0boot0: mmc0:0001 MMC16G partition 1 2.00 MiB
[    1.763232] mmc1: Unknown controller version (3). You may experience problems.
[    1.763275] mmc1: Invalid maximum block size, assuming 512 bytes
[    1.763835] mmc1: Switching to 3.3V signalling voltage failed
[    1.763879] mmcblk0boot1: mmc0:0001 MMC16G partition 2 2.00 MiB
[    1.764438] mmcblk0rpmb: mmc0:0001 MMC16G partition 3 128 KiB
[    1.769103]  mmcblk0: p1 p2 p3 p4 p5 p6 p7 p8 p9 p10 p11 p12
[    1.823109] mmc1: SDHCI controller on 700b0000.sdhci [700b0000.sdhci] using ADMA
[    1.824051] sdhci-tegra 700b0400.sdhci: Got CD GPIO
[    1.824062] sdhci-tegra 700b0400.sdhci: Got WP GPIO
[    1.832532] mmc2: Unknown controller version (3). You may experience problems.
[    1.832586] mmc2: Invalid maximum block size, assuming 512 bytes
[    1.859349] mmc1: new high speed SDIO card at address 0001
[    1.883863] elan_i2c 1-0015: invalid report id data (ff)
[    1.893367] mmc2: SDHCI controller on 700b0400.sdhci [700b0400.sdhci] using ADMA
[    1.906567] input: gpio-keys as /devices/soc0/gpio-keys/input/input1
[    1.914065] as3722-rtc as3722-rtc: setting system clock to 2000-01-01 00:04:07 UTC (946685047)
[    1.923142] +3.3V_AVDD_HDMI_AP_GATED: disabling
[    1.927671] +1.05V_RUN: disabling
[    1.931100] +1.8V_RUN_CAM: disabling
[    1.934818] +3.3V_RUN_CAM: disabling
[    1.938500] +1.2V_RUN_CAM_FRONT: disabling
[    1.943720] +1.05V_RUN_CAM_REAR: disabling
[    1.949913] +2.8V_RUN_TOUCH: disabling
[    1.953914] +2.8V_RUN_CAM_AF: disabling
[    1.957969] +1.8V_RUN_VPP_FUSE: disabling
[    1.962100] +VDD_LED: disabling
[    1.965271] +5V_VDD_TS_SW: disabling
[    1.968847] +5V_USB_HS: disabling
[    1.972154] +5V_USB_SS: disabling
[    1.975485] +3.3V_PANEL: disabling
[    1.978888] +1.05V_RUN_AVDD_HDMI_PLL: disabling
[    1.983445] +5V_HDMI_CON: disabling
[    1.987744] EXT4-fs (mmcblk0p3): couldn't mount as ext3 due to feature incompatibilities
[    1.996508] EXT4-fs (mmcblk0p3): couldn't mount as ext2 due to feature incompatibilities
[    2.094141] mmc2: new high speed SDHC card at address 0007
[    2.100389] mmcblk2: mmc2:0007 SD08G 7.42 GiB 
[    2.113248] EXT4-fs (mmcblk0p3): recovery complete
[    2.118926] EXT4-fs (mmcblk0p3): mounted filesystem with ordered data mode. Opts: (null)
[    2.127073] VFS: Mounted root (ext4 filesystem) on device 179:3.
[    2.127348] GPT:Primary header alternate_lba != Alt. header my_lba
[    2.127353] GPT:3014591 != 15564799
[    2.127355] GPT:Primary header thinks Alt. header is not at the end of the disk.
[    2.127356] GPT:3014591 != 15564799
[    2.127358] GPT: Use GNU Parted to correct GPT errors.
[    2.127384]  mmcblk2: p1 p2 p3 p4 p5 p6 p7 p8 p9 p10 p11 p12
[    2.165091] devtmpfs: mounted
[    2.168778] Freeing unused kernel memory: 2048K
bash: cannot set terminal process group (-1): Inappropriate ioctl for device
bash: no job control in this shell
root@(none):/# mount -t sysfs none /sys
root@(none):/# 
root@(none):/# mount -t debugfs none /sys/kernel/debug
root@(none):/# 
root@(none):/# rtcwake -d rtc1 -m mem -s 3
rtcwake: assuming RTC uses UTC ...
rtcwake: wakeup from "mem" using /dev/rtc1 at Thu Jan  1 00:00:27 1970
[    4.806901] PM: Syncing filesystems ... done.
[    4.812684] Freezing user space processes ... (elapsed 0.001 seconds) done.
[    4.820843] OOM killer disabled.
[    4.824095] Freezing remaining freezable tasks ... (elapsed 0.001 seconds) done.
[    4.832734] Suspending console(s) (use no_console_suspend to debug)
[    4.856897] tegra_dma_pm_suspend-1523
[    4.856902] tegra_dma_runtime_resume-1507
[    4.856912] tegra_dma_pm_suspend-1551
[    4.857035] PM: suspend of devices complete after 17.512 msecs
[    4.858453] PM: late suspend of devices complete after 1.410 msecs
[    4.859243] PM: noirq suspend of devices complete after 0.784 msecs
[    4.859245] Disabling non-boot CPUs ...
[    4.859528] IRQ352 no longer affine to CPU1
[    4.915210] IRQ17 no longer affine to CPU2
[    4.915319] IRQ353 no longer affine to CPU2
[    4.975055] IRQ354 no longer affine to CPU3
[    5.024671] Entering suspend state LP1
[    5.024671] Suspended for 2.927 seconds
[    5.024682] Enabling non-boot CPUs ...
[    5.054586] CPU1 is up
[    5.094432] CPU2 is up
[    5.134637] CPU3 is up
[    5.135095] PM: noirq resume of devices complete after 0.453 msecs
[    5.136585] PM: early resume of devices complete after 1.186 msecs
[    5.292120] mmc1: Switching to 3.3V signalling voltage failed
[    5.374577] PM: resume of devices complete after 237.980 msecs
[    5.467936] OOM killer enabled.
[    5.471066] Restarting tasks ... done.
root@(none):/# 
root@(none):/# rtcwake -d rtc1 -m mem -s 3
rtcwake: assuming RTC uses UTC ...
rtcwake: wakeup from "mem" using /dev/rtc1 at Thu Jan  1 00:00:31 1970
[    5.951766] PM: Syncing filesystems ... done.
[    5.957627] Freezing user space processes ... (elapsed 0.001 seconds) done.
[    5.965799] OOM killer disabled.
[    5.969015] Freezing remaining freezable tasks ... (elapsed 0.001 seconds) done.
[    5.977626] Suspending console(s) (use no_console_suspend to debug)
[    6.001445] tegra_dma_pm_suspend-1523
[    6.001449] tegra_dma_runtime_resume-1507
[    6.001459] tegra_dma_pm_suspend-1551
[    6.001581] PM: suspend of devices complete after 17.192 msecs
[    6.002595] PM: late suspend of devices complete after 1.010 msecs
[    6.003271] PM: noirq suspend of devices complete after 0.672 msecs
[    6.003273] Disabling non-boot CPUs ...
[    6.003513] IRQ352 no longer affine to CPU1
[    6.075131] IRQ353 no longer affine to CPU2
[    6.164924] IRQ17 no longer affine to CPU3
[    6.165026] IRQ354 no longer affine to CPU3
[    6.214480] Entering suspend state LP1
[    6.214480] Suspended for 2.810 seconds
[    6.214492] Enabling non-boot CPUs ...
[    6.244563] CPU1 is up
[    6.284397] CPU2 is up
[    6.324608] CPU3 is up
[    6.325031] PM: noirq resume of devices complete after 0.418 msecs
[    6.326478] PM: early resume of devices complete after 1.118 msecs
[    6.482169] mmc1: Switching to 3.3V signalling voltage failed
[    6.564483] PM: resume of devices complete after 237.992 msecs
[    6.657772] OOM killer enabled.
[    6.660901] Restarting tasks ... done.
root@(none):/# 
root@(none):/# rtcwake -d rtc1 -m mem -s 3
rtcwake: assuming RTC uses UTC ...
rtcwake: wakeup from "mem" using /dev/rtc1 at Thu Jan  1 00:00:35 1970
[    7.141863] PM: Syncing filesystems ... done.
[    7.147744] Freezing user space processes ... (elapsed 0.001 seconds) done.
[    7.155915] OOM killer disabled.
[    7.159131] Freezing remaining freezable tasks ... (elapsed 0.001 seconds) done.
[    7.167745] Suspending console(s) (use no_console_suspend to debug)
[    7.190889] tegra_dma_pm_suspend-1523
[    7.190893] tegra_dma_runtime_resume-1507
[    7.190903] tegra_dma_pm_suspend-1551
[    7.191024] PM: suspend of devices complete after 16.517 msecs
[    7.192125] PM: late suspend of devices complete after 1.093 msecs
[    7.192841] PM: noirq suspend of devices complete after 0.711 msecs
[    7.192843] Disabling non-boot CPUs ...
[    7.193101] IRQ352 no longer affine to CPU1
[    7.265060] IRQ353 no longer affine to CPU2
[    7.374449] Entering suspend state LP1
[    7.374449] Suspended for 2.839 seconds
[    7.374460] Enabling non-boot CPUs ...
[    7.404553] CPU1 is up
[    7.444389] CPU2 is up
[    7.484585] CPU3 is up
[    7.485028] PM: noirq resume of devices complete after 0.438 msecs
[    7.486481] PM: early resume of devices complete after 1.151 msecs
[    7.642075] mmc1: Switching to 3.3V signalling voltage failed
[    7.724437] PM: resume of devices complete after 237.946 msecs
[    7.809557] OOM killer enabled.
[    7.812685] Restarting tasks ... done.
root@(none):/# 
root@(none):/# rtcwake -d rtc1 -m mem -s 3
rtcwake: assuming RTC uses UTC ...
rtcwake: wakeup from "mem" using /dev/rtc1 at Thu Jan  1 00:00:39 1970
[    8.301654] PM: Syncing filesystems ... done.
[    8.307494] Freezing user space processes ... (elapsed 0.001 seconds) done.
[    8.315567] OOM killer disabled.
[    8.318783] Freezing remaining freezable tasks ... (elapsed 0.001 seconds) done.
[    8.327386] Suspending console(s) (use no_console_suspend to debug)
[    8.351216] tegra_dma_pm_suspend-1523
[    8.351221] tegra_dma_runtime_resume-1507
[    8.351230] tegra_dma_pm_suspend-1551
[    8.351349] PM: suspend of devices complete after 17.200 msecs
[    8.352326] PM: late suspend of devices complete after 0.972 msecs
[    8.353002] PM: noirq suspend of devices complete after 0.672 msecs
[    8.353004] Disabling non-boot CPUs ...
[    8.524410] Entering suspend state LP1
[    8.524410] Suspended for 2.849 seconds
[    8.524421] Enabling non-boot CPUs ...
[    8.554513] CPU1 is up
[    8.594351] CPU2 is up
[    8.634561] CPU3 is up
[    8.634994] PM: noirq resume of devices complete after 0.428 msecs
[    8.636375] PM: early resume of devices complete after 1.079 msecs
[    8.791904] mmc1: Switching to 3.3V signalling voltage failed
[    8.874403] PM: resume of devices complete after 238.018 msecs
[    8.951181] OOM killer enabled.
[    8.954313] Restarting tasks ... done.
root@(none):/# 
root@(none):/# rtcwake -d rtc1 -m mem -s 3
rtcwake: assuming RTC uses UTC ...
rtcwake: wakeup from "mem" using /dev/rtc1 at Thu Jan  1 00:00:43 1970
[    9.451750] PM: Syncing filesystems ... done.
[    9.457507] Freezing user space processes ... (elapsed 0.001 seconds) done.
[    9.465672] OOM killer disabled.
[    9.468888] Freezing remaining freezable tasks ... (elapsed 0.001 seconds) done.
[    9.477501] Suspending console(s) (use no_console_suspend to debug)
[    9.501650] tegra_dma_pm_suspend-1523
[    9.501654] tegra_dma_runtime_resume-1507
[    9.501663] tegra_dma_pm_suspend-1551
[    9.501782] PM: suspend of devices complete after 17.521 msecs
[    9.502754] PM: late suspend of devices complete after 0.968 msecs
[    9.503432] PM: noirq suspend of devices complete after 0.674 msecs
[    9.503434] Disabling non-boot CPUs ...
[    9.654269] Entering suspend state LP1
[    9.654269] Suspended for 2.869 seconds
[    9.654281] Enabling non-boot CPUs ...
[    9.684688] CPU1 is up
[    9.724307] CPU2 is up
[    9.764524] CPU3 is up
[    9.764958] PM: noirq resume of devices complete after 0.428 msecs
[    9.766335] PM: early resume of devices complete after 1.063 msecs
[    9.923177] mmc1: Switching to 3.3V signalling voltage failed
[   10.014591] PM: resume of devices complete after 248.247 msecs
[   10.091528] OOM killer enabled.
[   10.094692] Restarting tasks ... done.
root@(none):/# 
root@(none):/# rtcwake -d rtc1 -m mem -s 3
rtcwake: assuming RTC uses UTC ...
rtcwake: wakeup from "mem" using /dev/rtc1 at Thu Jan  1 00:00:47 1970
[   10.581283] PM: Syncing filesystems ... done.
[   10.587123] Freezing user space processes ... (elapsed 0.001 seconds) done.
[   10.595293] OOM killer disabled.
[   10.598509] Freezing remaining freezable tasks ... (elapsed 0.001 seconds) done.
[   10.607128] Suspending console(s) (use no_console_suspend to debug)
[   10.630270] tegra_dma_pm_suspend-1523
[   10.630274] tegra_dma_runtime_resume-1507
[   10.630284] tegra_dma_pm_suspend-1551
[   10.630405] PM: suspend of devices complete after 16.516 msecs
[   10.631508] PM: late suspend of devices complete after 1.094 msecs
[   10.632221] PM: noirq suspend of devices complete after 0.708 msecs
[   10.632223] Disabling non-boot CPUs ...
[   10.632480] migrate_irqs: 9 callbacks suppressed
[   10.632483] IRQ352 no longer affine to CPU1
[   10.694938] IRQ353 no longer affine to CPU2
[   10.754941] IRQ354 no longer affine to CPU3
[   10.804361] Entering suspend state LP1
[   10.804361] Suspended for 2.849 seconds
[   10.804373] Enabling non-boot CPUs ...
[   10.834469] CPU1 is up
[   10.874302] CPU2 is up
[   10.914508] CPU3 is up
[   10.914935] PM: noirq resume of devices complete after 0.422 msecs
[   10.916367] PM: early resume of devices complete after 1.122 msecs
[   11.072105] mmc1: Switching to 3.3V signalling voltage failed
[   11.154546] PM: resume of devices complete after 238.167 msecs
[   11.248354] OOM killer enabled.
[   11.251483] Restarting tasks ... done.
root@(none):/# 
root@(none):/# rtcwake -d rtc1 -m mem -s 3
rtcwake: assuming RTC uses UTC ...
rtcwake: wakeup from "mem" using /dev/rtc1 at Thu Jan  1 00:00:51 1970
[   11.731099] PM: Syncing filesystems ... done.
[   11.736650] Freezing user space processes ... (elapsed 0.001 seconds) done.
[   11.744813] OOM killer disabled.
[   11.748029] Freezing remaining freezable tasks ... (elapsed 0.001 seconds) done.
[   11.756643] Suspending console(s) (use no_console_suspend to debug)
[   11.779838] tegra_dma_pm_suspend-1523
[   11.779842] tegra_dma_runtime_resume-1507
[   11.779853] tegra_dma_pm_suspend-1551
[   11.779977] PM: suspend of devices complete after 16.572 msecs
[   11.781337] PM: late suspend of devices complete after 1.352 msecs
[   11.782026] PM: noirq suspend of devices complete after 0.685 msecs
[   11.782029] Disabling non-boot CPUs ...
[   11.782231] IRQ17 no longer affine to CPU1
[   11.782288] IRQ352 no longer affine to CPU1
[   11.844912] IRQ353 no longer affine to CPU2
[   11.904847] IRQ354 no longer affine to CPU3
[   11.934218] Entering suspend state LP1
[   11.934218] Suspended for 2.869 seconds
[   11.934229] Enabling non-boot CPUs ...
[   11.964615] CPU1 is up
[   12.004289] CPU2 is up
[   12.044471] CPU3 is up
[   12.044893] PM: noirq resume of devices complete after 0.416 msecs
[   12.046286] PM: early resume of devices complete after 1.094 msecs
[   12.201936] mmc1: Switching to 3.3V signalling voltage failed
[   12.284401] PM: resume of devices complete after 238.105 msecs
[   12.377770] OOM killer enabled.
[   12.380899] Restarting tasks ... done.
root@(none):/# 
root@(none):/# rtcwake -d rtc1 -m mem -s 3
rtcwake: assuming RTC uses UTC ...
rtcwake: wakeup from "mem" using /dev/rtc1 at Thu Jan  1 00:00:55 1970
[   12.861058] PM: Syncing filesystems ... done.
[   12.866430] Freezing user space processes ... (elapsed 0.001 seconds) done.
[   12.874494] OOM killer disabled.
[   12.877710] Freezing remaining freezable tasks ... (elapsed 0.001 seconds) done.
[   12.886311] Suspending console(s) (use no_console_suspend to debug)
[   12.909520] tegra_dma_pm_suspend-1523
[   12.909524] tegra_dma_runtime_resume-1507
[   12.909533] tegra_dma_pm_suspend-1551
[   12.909653] PM: suspend of devices complete after 16.578 msecs
[   12.910630] PM: late suspend of devices complete after 0.973 msecs
[   12.911293] PM: noirq suspend of devices complete after 0.659 msecs
[   12.911295] Disabling non-boot CPUs ...
[   12.911548] IRQ352 no longer affine to CPU1
[   12.974905] IRQ353 no longer affine to CPU2
[   13.044830] IRQ354 no longer affine to CPU3
[   13.074199] Entering suspend state LP1
[   13.074199] Suspended for 2.859 seconds
[   13.074210] Enabling non-boot CPUs ...
[   13.104622] CPU1 is up
[   13.144241] CPU2 is up
[   13.184455] CPU3 is up
[   13.184893] PM: noirq resume of devices complete after 0.432 msecs
[   13.186412] PM: early resume of devices complete after 1.209 msecs
[   13.341900] mmc1: Switching to 3.3V signalling voltage failed
[   13.424353] PM: resume of devices complete after 237.931 msecs
[   13.513646] OOM killer enabled.
[   13.516775] Restarting tasks ... done.
root@(none):/# 
root@(none):/# rtcwake -d rtc1 -m mem -s 3
rtcwake: assuming RTC uses UTC ...
rtcwake: wakeup from "mem" using /dev/rtc1 at Thu Jan  1 00:00:59 1970
[   14.000649] PM: Syncing filesystems ... done.
[   14.006039] Freezing user space processes ... (elapsed 0.001 seconds) done.
[   14.014116] OOM killer disabled.
[   14.017332] Freezing remaining freezable tasks ... (elapsed 0.001 seconds) done.
[   14.025938] Suspending console(s) (use no_console_suspend to debug)
[   14.049042] tegra_dma_pm_suspend-1523
[   14.049047] tegra_dma_runtime_resume-1507
[   14.049056] tegra_dma_pm_suspend-1551
[   14.049176] PM: suspend of devices complete after 16.480 msecs
[   14.050406] PM: late suspend of devices complete after 1.222 msecs
[   14.051137] PM: noirq suspend of devices complete after 0.726 msecs
[   14.051139] Disabling non-boot CPUs ...
[   14.204149] Entering suspend state LP1
[   14.204149] Suspended for 2.869 seconds
[   14.204160] Enabling non-boot CPUs ...
[   14.234580] CPU1 is up
[   14.274204] CPU2 is up
[   14.314410] CPU3 is up
[   14.314844] PM: noirq resume of devices complete after 0.429 msecs
[   14.316040] PM: early resume of devices complete after 0.887 msecs
[   14.471873] mmc1: Switching to 3.3V signalling voltage failed
[   14.554199] PM: resume of devices complete after 238.147 msecs
[   14.630989] OOM killer enabled.
[   14.634122] Restarting tasks ... done.
root@(none):/# 
root@(none):/# rtcwake -d rtc1 -m mem -s 3
rtcwake: assuming RTC uses UTC ...
rtcwake: wakeup from "mem" using /dev/rtc1 at Thu Jan  1 00:01:03 1970
[   15.131670] PM: Syncing filesystems ... done.
[   15.137553] Freezing user space processes ... (elapsed 0.001 seconds) done.
[   15.145726] OOM killer disabled.
[   15.148942] Freezing remaining freezable tasks ... (elapsed 0.001 seconds) done.
[   15.157557] Suspending console(s) (use no_console_suspend to debug)
[   15.180514] tegra_dma_pm_suspend-1523
[   15.180519] tegra_dma_runtime_resume-1507
[   15.180529] tegra_dma_pm_suspend-1551
[   15.180651] PM: suspend of devices complete after 16.334 msecs
[   15.181927] PM: late suspend of devices complete after 1.266 msecs
[   15.182703] PM: noirq suspend of devices complete after 0.771 msecs
[   15.182705] Disabling non-boot CPUs ...
[   15.354246] Entering suspend state LP1
[   15.354246] Suspended for 2.849 seconds
[   15.354258] Enabling non-boot CPUs ...
[   15.384329] CPU1 is up
[   15.424187] CPU2 is up
[   15.464382] CPU3 is up
[   15.464816] PM: noirq resume of devices complete after 0.429 msecs
[   15.466168] PM: early resume of devices complete after 1.041 msecs
[   15.621816] mmc1: Switching to 3.3V signalling voltage failed
[   15.704267] PM: resume of devices complete after 238.087 msecs
[   15.781049] OOM killer enabled.
[   15.784181] Restarting tasks ... done.
root@(none):/# 
root@(none):/# NVTB SYSTEM SUSPEND TEST COMPLETE
