
U-Boot SPL 2016.05-rc2 (Apr 21 2016 - 16:23:00)
Trying to boot from RAM


U-Boot 2016.05-rc2 (Apr 21 2016 - 16:23:00 -0700)

TEGRA124
Model: NVIDIA Jetson TK1
Board: NVIDIA Jetson TK1
DRAM:  2 GiB
MC:   Tegra SD/MMC: 0, Tegra SD/MMC: 1
In:    serial
Out:   serial
Err:   serial
Net:   No ethernet found.
Hit any key to stop autoboot:  2  0 
Tegra124 (Jetson TK1) # 
Tegra124 (Jetson TK1) # pci enum
Tegra124 (Jetson TK1) # setenv bootargs 'ignore_loglevel console=ttyS0,115200n8 rw root=PARTUUID=b1791faa-84e8-4e27-83a1-9fb0a77e8803 rootwait gpt debug noinitrd earlyprintk init=/bin/bash'
Tegra124 (Jetson TK1) # setenv ipaddr 192.168.100.102; setenv serverip 192.168.100.1; setenv tftpserverip 192.168.100.1
Tegra124 (Jetson TK1) # tftpboot 0x82000000 zImage.multi_v7_defconfig

Warning: eth_rtl8169 using MAC address from ROM
Using eth_rtl8169 device
TFTP from server 192.168.100.1; our IP address is 192.168.100.102
Filename 'zImage.multi_v7_defconfig'.
Load address: 0x82000000
Loading: *#################################################################
	 #################################################################
	 #################################################################
	 #################################################################
	 #################################################################
	 #################################################################
	 #################################################################
	 #########################################################
	 3.2 MiB/s
done
Bytes transferred = 7509496 (7295f8 hex)
Tegra124 (Jetson TK1) # tftpboot 0x83000000 tegra124-jetson-tk1.dtb
Using eth_rtl8169 device
TFTP from server 192.168.100.1; our IP address is 192.168.100.102
Filename 'tegra124-jetson-tk1.dtb'.
Load address: 0x83000000
Loading: *#####
	 3.2 MiB/s
done
Bytes transferred = 67133 (1063d hex)
Tegra124 (Jetson TK1) # bootz 0x82000000 - 0x83000000
Kernel image @ 0x82000000 [ 0x000000 - 0x7295f8 ]
## Flattened Device Tree blob at 83000000
   Booting using the fdt blob at 0x83000000
   Using Device Tree in place at 83000000, end 8301363c

Starting kernel ...

[    0.000000] Booting Linux on physical CPU 0x0
[    0.000000] Linux version 4.11.0-rc1-next-20170309-157496-g2e62da1 (pwalmsley@sellafield) (gcc version 4.7.3 20130328 (prerelease) (crosstool-NG linaro-1.13.1-4.7-2013.04-20130415 - Linaro GCC 2013.04) ) #1 SMP Fri Mar 17 10:11:16 PDT 2017
[    0.000000] CPU: ARMv7 Processor [413fc0f3] revision 3 (ARMv7), cr=10c5387d
[    0.000000] CPU: div instructions available: patching division code
[    0.000000] CPU: PIPT / VIPT nonaliasing data cache, PIPT instruction cache
[    0.000000] OF: fdt: Machine model: NVIDIA Tegra124 Jetson TK1
[    0.000000] debug: ignoring loglevel setting.
[    0.000000] efi: Getting EFI parameters from FDT:
[    0.000000] efi: UEFI not found.
[    0.000000] cma: Reserved 64 MiB at 0xfb800000
[    0.000000] Memory policy: Data cache writealloc
[    0.000000] On node 0 totalpages: 524032
[    0.000000] free_area_init_node: node 0, pgdat c15397c0, node_mem_map eeff8000
[    0.000000]   DMA zone: 1536 pages used for memmap
[    0.000000]   DMA zone: 0 pages reserved
[    0.000000]   DMA zone: 196608 pages, LIFO batch:31
[    0.000000]   HighMem zone: 327424 pages, LIFO batch:31
[    0.000000] percpu: Embedded 16 pages/cpu @eef86000 s34368 r8192 d22976 u65536
[    0.000000] pcpu-alloc: s34368 r8192 d22976 u65536 alloc=16*4096
[    0.000000] pcpu-alloc: [0] 0 [0] 1 [0] 2 [0] 3 
[    0.000000] Built 1 zonelists in Zone order, mobility grouping on.  Total pages: 522496
[    0.000000] Kernel command line: ignore_loglevel console=ttyS0,115200n8 rw root=PARTUUID=b1791faa-84e8-4e27-83a1-9fb0a77e8803 rootwait gpt debug noinitrd earlyprintk init=/bin/bash
[    0.000000] PID hash table entries: 4096 (order: 2, 16384 bytes)
[    0.000000] Dentry cache hash table entries: 131072 (order: 7, 524288 bytes)
[    0.000000] Inode-cache hash table entries: 65536 (order: 6, 262144 bytes)
[    0.000000] Memory: 1993776K/2096128K available (10240K kernel code, 1260K rwdata, 4228K rodata, 2048K init, 407K bss, 36816K reserved, 65536K cma-reserved, 1244160K highmem)
[    0.000000] Virtual kernel memory layout:
[    0.000000]     vector  : 0xffff0000 - 0xffff1000   (   4 kB)
[    0.000000]     fixmap  : 0xffc00000 - 0xfff00000   (3072 kB)
[    0.000000]     vmalloc : 0xf0800000 - 0xff800000   ( 240 MB)
[    0.000000]     lowmem  : 0xc0000000 - 0xf0000000   ( 768 MB)
[    0.000000]     pkmap   : 0xbfe00000 - 0xc0000000   (   2 MB)
[    0.000000]     modules : 0xbf000000 - 0xbfe00000   (  14 MB)
[    0.000000]       .text : 0xc0208000 - 0xc0d00000   (11232 kB)
[    0.000000]       .init : 0xc1200000 - 0xc1400000   (2048 kB)
[    0.000000]       .data : 0xc1400000 - 0xc153b120   (1261 kB)
[    0.000000]        .bss : 0xc153d000 - 0xc15a2cb8   ( 408 kB)
[    0.000000] SLUB: HWalign=64, Order=0-3, MinObjects=0, CPUs=4, Nodes=1
[    0.000000] Hierarchical RCU implementation.
[    0.000000] 	RCU debugfs-based tracing is enabled.
[    0.000000] 	RCU restricting CPUs from NR_CPUS=16 to nr_cpu_ids=4.
[    0.000000] RCU: Adjusting geometry for rcu_fanout_leaf=16, nr_cpu_ids=4
[    0.000000] NR_IRQS:16 nr_irqs:16 16
[    0.000000] /interrupt-controller@60004000: 160 interrupts forwarded to /interrupt-controller@50041000
[    0.000000] Tegra clk 127: register failed with -17
[    0.000008] sched_clock: 32 bits at 1000kHz, resolution 1000ns, wraps every 2147483647500ns
[    0.000032] clocksource: timer_us: mask: 0xffffffff max_cycles: 0xffffffff, max_idle_ns: 1911260446275 ns
[    0.000048] Switching to timer-based delay loop, resolution 1000ns
[    0.005400] arm_arch_timer: Architected cp15 timer(s) running at 12.00MHz (virt).
[    0.005419] clocksource: arch_sys_counter: mask: 0xffffffffffffff max_cycles: 0x2c47f4ee7, max_idle_ns: 440795202497 ns
[    0.005438] sched_clock: 56 bits at 12MHz, resolution 83ns, wraps every 4398046511096ns
[    0.005453] Switching to timer-based delay loop, resolution 83ns
[    0.005914] Console: colour dummy device 80x30
[    0.005944] Calibrating delay loop (skipped), value calculated using timer frequency.. 24.00 BogoMIPS (lpj=120000)
[    0.005962] pid_max: default: 32768 minimum: 301
[    0.006073] Mount-cache hash table entries: 2048 (order: 1, 8192 bytes)
[    0.006088] Mountpoint-cache hash table entries: 2048 (order: 1, 8192 bytes)
[    0.006560] CPU: Testing write buffer coherency: ok
[    0.006809] /cpus/cpu@0 missing clock-frequency property
[    0.006852] /cpus/cpu@1 missing clock-frequency property
[    0.006896] /cpus/cpu@2 missing clock-frequency property
[    0.006940] /cpus/cpu@3 missing clock-frequency property
[    0.006954] CPU0: thread -1, cpu 0, socket 0, mpidr 80000000
[    0.007151] Setting up static identity map for 0x80300000 - 0x80300098
[    0.010981] Tegra Revision: A01 SKU: 129 CPU Process: 1 SoC Process: 1
[    0.011646] EFI services will not be available.
[    0.011885] smp: Bringing up secondary CPUs ...
[    0.012394] CPU1: thread -1, cpu 1, socket 0, mpidr 80000001
[    0.015547] CPU2: thread -1, cpu 2, socket 0, mpidr 80000002
[    0.025553] CPU3: thread -1, cpu 3, socket 0, mpidr 80000003
[    0.035082] smp: Brought up 1 node, 4 CPUs
[    0.035104] SMP: Total of 4 processors activated (96.00 BogoMIPS).
[    0.035113] CPU: All CPU(s) started in SVC mode.
[    0.036614] devtmpfs: initialized
[    0.053126] VFP support v0.3: implementor 41 architecture 4 part 30 variant f rev 0
[    0.053530] clocksource: jiffies: mask: 0xffffffff max_cycles: 0xffffffff, max_idle_ns: 19112604462750000 ns
[    0.053549] futex hash table entries: 1024 (order: 4, 65536 bytes)
[    0.054969] pinctrl core: initialized pinctrl subsystem
[    0.056902] NET: Registered protocol family 16
[    0.058974] DMA: preallocated 256 KiB pool for atomic coherent allocations
[    0.061476] cpuidle: using governor menu
[    0.088643] No ATAGs?
[    0.088773] hw-breakpoint: found 5 (+1 reserved) breakpoint and 4 watchpoint registers.
[    0.088789] hw-breakpoint: maximum watchpoint size is 8 bytes.
[    0.095373] Serial: AMBA PL011 UART driver
[    0.111597] AT91: Could not find identification node
[    0.112132] +5V_SYS: supplied by +VDD_MUX
[    0.112408] +3.3V_SYS: supplied by +VDD_MUX
[    0.113000] +USB0_VBUS_SW: Failed to request enable GPIO108: -517
[    0.113017] reg-fixed-voltage regulators:regulator@7: Failed to register regulator: -517
[    0.113106] +5V_USB_HS: Failed to request enable GPIO109: -517
[    0.113121] reg-fixed-voltage regulators:regulator@8: Failed to register regulator: -517
[    0.113285] +1.05V_RUN_AVDD_HDMI_PLL: Failed to request enable GPIO63: -517
[    0.113299] reg-fixed-voltage regulators:regulator@11: Failed to register regulator: -517
[    0.113385] +5V_HDMI_CON: Failed to request enable GPIO86: -517
[    0.113399] reg-fixed-voltage regulators:regulator@12: Failed to register regulator: -517
[    0.113484] +5V_SATA: Failed to request enable GPIO242: -517
[    0.113497] reg-fixed-voltage regulators:regulator@13: Failed to register regulator: -517
[    0.113582] +12V_SATA: Failed to request enable GPIO242: -517
[    0.113595] reg-fixed-voltage regulators:regulator@14: Failed to register regulator: -517
[    0.116757] vgaarb: loaded
[    0.117525] SCSI subsystem initialized
[    0.117686] libata version 3.00 loaded.
[    0.117925] usbcore: registered new interface driver usbfs
[    0.117983] usbcore: registered new interface driver hub
[    0.118043] usbcore: registered new device driver usb
[    0.121455] pps_core: LinuxPPS API ver. 1 registered
[    0.121466] pps_core: Software ver. 5.3.6 - Copyright 2005-2007 Rodolfo Giometti <giometti@linux.it>
[    0.121492] PTP clock support registered
[    0.121673] EDAC MC: Ver: 3.0.0
[    0.124534] clocksource: Switched to clocksource arch_sys_counter
[    0.134187] NET: Registered protocol family 2
[    0.134700] TCP established hash table entries: 8192 (order: 3, 32768 bytes)
[    0.134799] TCP bind hash table entries: 8192 (order: 4, 65536 bytes)
[    0.134987] TCP: Hash tables configured (established 8192 bind 8192)
[    0.135068] UDP hash table entries: 512 (order: 2, 16384 bytes)
[    0.135111] UDP-Lite hash table entries: 512 (order: 2, 16384 bytes)
[    0.135264] NET: Registered protocol family 1
[    0.135556] RPC: Registered named UNIX socket transport module.
[    0.135567] RPC: Registered udp transport module.
[    0.135575] RPC: Registered tcp transport module.
[    0.135584] RPC: Registered tcp NFSv4.1 backchannel transport module.
[    0.135596] PCI: CLS 0 bytes, default 64
[    0.136793] hw perfevents: enabled with armv7_cortex_a15 PMU driver, 7 counters available
[    0.138646] workingset: timestamp_bits=30 max_order=19 bucket_order=0
[    0.146836] squashfs: version 4.0 (2009/01/31) Phillip Lougher
[    0.147533] NFS: Registering the id_resolver key type
[    0.147556] Key type id_resolver registered
[    0.147566] Key type id_legacy registered
[    0.147607] ntfs: driver 2.1.32 [Flags: R/O].
[    0.149093] bounce: pool size: 64 pages
[    0.149133] Block layer SCSI generic (bsg) driver version 0.4 loaded (major 248)
[    0.149144] io scheduler noop registered
[    0.149154] io scheduler deadline registered
[    0.149318] io scheduler cfq registered (default)
[    0.149329] io scheduler mq-deadline registered
[    0.154656]  usb2-0: usb2-0 supply vbus not found, using dummy regulator
[    0.154778]  usb2-1: usb2-1 supply vbus not found, using dummy regulator
[    0.155155] tegra-xusb-padctl 7009f000.padctl: failed to setup XUSB ports: -517
[    0.171074] tegra-pcie 1003000.pcie-controller: 2x1, 1x1 configuration
[    0.171131] tegra-pcie 1003000.pcie-controller: Failed to get supply 'avddio-pex': -517
[    0.177337] tegra124-dfll 70110000.clock: couldn't get vdd_cpu regulator
[    0.184615] tegra-apbdma 60020000.dma: Tegra20 APB DMA driver register 32 channels
[    0.186599] tegra-pmc 7000e400.pmc: emergency thermal reset enabled
[    0.241533] Serial: 8250/16550 driver, 4 ports, IRQ sharing disabled
[    0.244060] console [ttyS0] disabled
[    0.244097] 70006300.serial: ttyS0 at MMIO 0x70006300 (irq = 335, base_baud = 25500000) is a Tegra
[    1.133249] console [ttyS0] enabled
[    1.137576] SuperH (H)SCI(F) driver initialized
[    1.143078] msm_serial: driver initialized
[    1.147378] STMicroelectronics ASC driver initialized
[    1.153251] 70006000.serial: ttyTHS1 at MMIO 0x70006000 (irq = 333, base_baud = 0) is a TEGRA_UART
[    1.162518] 70006040.serial: ttyTHS2 at MMIO 0x70006040 (irq = 334, base_baud = 0) is a TEGRA_UART
[    1.177933] tegra-hdmi 54280000.hdmi: failed to get HDMI regulator
[    1.196788] brd: module loaded
[    1.206829] loop: module loaded
[    1.211151] at24 0-0056: 256 byte 24c02 EEPROM, writable, 8 bytes/write
[    1.219488] as3722 4-0040: AS3722 with revision 0x1 found
[    1.231304] as3722-sd2: supplied by +5V_SYS
[    1.235953] as3722-sd3: supplied by +5V_SYS
[    1.240337] +1.35V_LP0(sd3): Bringing 0uV into 1350000-1350000uV
[    1.246724] as3722-sd4: supplied by +5V_SYS
[    1.251338] as3722-sd5: supplied by +5V_SYS
[    1.257351] as3722-ldo0: supplied by +1.35V_LP0(sd2)
[    1.263372] +1.8V_RUN_CAM: Bringing 0uV into 1800000-1800000uV
[    1.269589] as3722-ldo2: supplied by +1.8V_VDDIO
[    1.275448] as3722-ldo3: supplied by +3.3V_SYS
[    1.279924] +1.05V_LP0_VDD_RTC: Bringing 1100000uV into 1000000-1000000uV
[    1.287697] as3722-ldo4: supplied by +3.3V_SYS
[    1.292351] +2.8V_RUN_CAM: Bringing 0uV into 2800000-2800000uV
[    1.298551] as3722-ldo5: supplied by +1.8V_VDDIO
[    1.303370] +1.2V_RUN_CAM_FRONT: Bringing 0uV into 1200000-1200000uV
[    1.310287] +VDDIO_SDMMC3: bypassed regulator has no supply!
[    1.315959] +VDDIO_SDMMC3: failed to get the current voltage(-517)
[    1.322136] as3722-regulator as3722-regulator: regulator 13 register failed -517
[    1.334642] tegra-ahci 70027000.sata: couldn't get PHY in node sata: -517
[    1.354330] random: fast init done
[    1.357875] m25p80 spi32765.0: w25q32dw (4096 Kbytes)
[    1.365691] libphy: Fixed MDIO Bus: probed
[    1.370826] CAN device driver interface
[    1.375689] bgmac_bcma: Broadcom 47xx GBit MAC driver loaded
[    1.382702] e1000e: Intel(R) PRO/1000 Network Driver - 3.2.6-k
[    1.388540] e1000e: Copyright(c) 1999 - 2015 Intel Corporation.
[    1.394506] igb: Intel(R) Gigabit Ethernet Network Driver - version 5.4.0-k
[    1.401473] igb: Copyright (c) 2007-2014 Intel Corporation.
[    1.410622] pegasus: v0.9.3 (2013/04/25), Pegasus/Pegasus II USB Ethernet driver
[    1.418078] usbcore: registered new interface driver pegasus
[    1.423780] usbcore: registered new interface driver asix
[    1.429220] usbcore: registered new interface driver ax88179_178a
[    1.435357] usbcore: registered new interface driver cdc_ether
[    1.441229] usbcore: registered new interface driver smsc75xx
[    1.447029] usbcore: registered new interface driver smsc95xx
[    1.452798] usbcore: registered new interface driver net1080
[    1.458503] usbcore: registered new interface driver cdc_subset
[    1.464449] usbcore: registered new interface driver zaurus
[    1.470082] usbcore: registered new interface driver cdc_ncm
[    1.475965] tegra-phy 7d004000.usb-phy: no vbus regulator
[    1.483305] ehci_hcd: USB 2.0 'Enhanced' Host Controller (EHCI) Driver
[    1.489838] ehci-pci: EHCI PCI platform driver
[    1.494315] ehci-platform: EHCI generic platform driver
[    1.499759] ehci-orion: EHCI orion driver
[    1.503898] SPEAr-ehci: EHCI SPEAr driver
[    1.508055] ehci-st: EHCI STMicroelectronics driver
[    1.513064] ehci-exynos: EHCI EXYNOS driver
[    1.517417] ehci-atmel: EHCI Atmel driver
[    1.521558] tegra-ehci: Tegra EHCI driver
[    1.528401] tegra-ehci 7d004000.usb: EHCI Host Controller
[    1.533814] tegra-ehci 7d004000.usb: new USB bus registered, assigned bus number 1
[    1.541602] tegra-ehci 7d004000.usb: irq 354, io mem 0x7d004000
[    1.574556] tegra-ehci 7d004000.usb: USB 2.0 started, EHCI 1.10
[    1.581265] hub 1-0:1.0: USB hub found
[    1.585068] hub 1-0:1.0: 1 port detected
[    1.589533] ohci_hcd: USB 1.1 'Open' Host Controller (OHCI) Driver
[    1.595749] ohci-pci: OHCI PCI platform driver
[    1.600227] ohci-platform: OHCI generic platform driver
[    1.605634] ohci-omap3: OHCI OMAP3 driver
[    1.609773] SPEAr-ohci: OHCI SPEAr driver
[    1.613915] ohci-st: OHCI STMicroelectronics driver
[    1.618939] ohci-atmel: OHCI Atmel driver
[    1.623708] usbcore: registered new interface driver usb-storage
[    1.634058] as3722-rtc as3722-rtc: rtc core: registered as3722-rtc as rtc0
[    1.640957] as3722-rtc as3722-rtc: RTC interrupt 377
[    1.649193] tegra_rtc 7000e000.rtc: rtc core: registered 7000e000.rtc as rtc1
[    1.656378] tegra_rtc 7000e000.rtc: Tegra internal Real Time Clock
[    1.663069] i2c /dev entries driver
[    1.673259] lm90 0-004c: 0-004c supply vcc not found, using dummy regulator
[    1.690530] sdhci: Secure Digital Host Controller Interface driver
[    1.696731] sdhci: Copyright(c) Pierre Ossman
[    1.702685] Synopsys Designware Multimedia Card Interface Driver
[    1.709871] sdhci-pltfm: SDHCI platform and OF driver helper
[    1.716289] sdhci-tegra 700b0400.sdhci: Got CD GPIO
[    1.721178] sdhci-tegra 700b0400.sdhci: Got WP GPIO
[    1.726313] mmc0: Unknown controller version (3). You may experience problems.
[    1.733605] mmc0: Invalid maximum block size, assuming 512 bytes
[    1.804560] mmc0: SDHCI controller on 700b0600.sdhci [700b0600.sdhci] using ADMA
[    1.813869] ledtrig-cpu: registered to indicate activity on CPUs
[    1.820203] usbcore: registered new interface driver usbhid
[    1.825788] usbhid: USB HID core driver
[    1.833515] NET: Registered protocol family 10
[    1.838829] Segment Routing with IPv6
[    1.842537] sit: IPv6, IPv4 and MPLS over IPv4 tunneling driver
[    1.849026] NET: Registered protocol family 17
[    1.853471] can: controller area network core (rev 20120528 abi 9)
[    1.859827] NET: Registered protocol family 29
[    1.864267] can: raw protocol (rev 20120528)
[    1.868551] can: broadcast manager protocol (rev 20161123 t)
[    1.874206] can: netlink gateway (rev 20130117) max_hops=1
[    1.879996] Key type dns_resolver registered
[    1.884821] ThumbEE CPU extension supported.
[    1.889091] Registering SWP/SWPB emulation handler
[    1.908464] +3.3V_RUN: supplied by +3.3V_SYS
[    1.913945] +USB0_VBUS_SW: supplied by +5V_SYS
[    1.918656] +3.3V_AVDD_HDMI_AP_GATED: supplied by +3.3V_RUN
[    1.924586] +5V_USB_HS: supplied by +5V_SYS
[    1.930548] +3.3V_LP0: supplied by +3.3V_SYS
[    1.937101] +5V_HDMI_CON: supplied by +5V_SYS
[    1.942131] +5V_SATA: supplied by +5V_SYS
[    1.946818] +12V_SATA: supplied by +VDD_MUX
[    1.952786]  usb2-0: usb2-0 supply vbus not found, using dummy regulator
[    1.956216] mmc0: new high speed MMC card at address 0001
[    1.960331] mmcblk0: mmc0:0001 SEM16G 14.7 GiB 
[    1.960728] mmcblk0boot0: mmc0:0001 SEM16G partition 1 4.00 MiB
[    1.961539] mmcblk0boot1: mmc0:0001 SEM16G partition 2 4.00 MiB
[    1.962381] mmcblk0rpmb: mmc0:0001 SEM16G partition 3 4.00 MiB
[    1.967171]  mmcblk0: p1
[    1.989884]  usb2-1: usb2-1 supply vbus not found, using dummy regulator
[    1.996975]  usb3-0: usb3-0 supply vbus not found, using dummy regulator
[    2.004984] tegra-pcie 1003000.pcie-controller: 2x1, 1x1 configuration
[    2.011576] tegra-pcie 1003000.pcie-controller: Failed to get supply 'avddio-pex': -517
[    2.022703] tegra124-dfll 70110000.clock: couldn't get vdd_cpu regulator
[    2.033459] tegra-hdmi 54280000.hdmi: failed to get PLL regulator
[    2.044145] as3722-sd2: supplied by +5V_SYS
[    2.048748] as3722-sd3: supplied by +5V_SYS
[    2.053246] as3722-sd4: supplied by +5V_SYS
[    2.057802] as3722-sd5: supplied by +5V_SYS
[    2.063667] as3722-ldo0: supplied by +1.35V_LP0(sd2)
[    2.069551] as3722-ldo1: supplied by +3.3V_RUN
[    2.074316] as3722-ldo2: supplied by +1.8V_VDDIO
[    2.079972] as3722-ldo3: supplied by +3.3V_SYS
[    2.085389] as3722-ldo4: supplied by +3.3V_SYS
[    2.090072] as3722-ldo5: supplied by +1.8V_VDDIO
[    2.094970] as3722-ldo6: supplied by +3.3V_RUN
[    2.099659] as3722-ldo7: supplied by +1.8V_VDDIO
[    2.105044] +1.05V_RUN_CAM_REAR: Bringing 0uV into 1050000-1050000uV
[    2.112121] as3722-ldo9: supplied by +5V_SYS
[    2.117698] +3.3V_RUN_TOUCH: Bringing 0uV into 2800000-2800000uV
[    2.124425] as3722-ldo10: supplied by +5V_SYS
[    2.129587] +2.8V_RUN_CAM_AF: Bringing 0uV into 2800000-2800000uV
[    2.136438] as3722-ldo11: supplied by +3.3V_RUN
[    2.141736] +1.8V_RUN_VPP_FUSE: Bringing 0uV into 1800000-1800000uV
[    2.151432] tegra-ahci 70027000.sata: AHCI 0001.0301 32 slots 2 ports 3 Gbps 0x1 impl platform mode
[    2.160517] tegra-ahci 70027000.sata: flags: 64bit ncq sntf pm led pio slum part sadm sds apst 
[    2.170932] scsi host0: tegra-ahci
[    2.175492] scsi host1: tegra-ahci
[    2.179174] ata1: SATA max UDMA/133 mmio [mem 0x70027000-0x70028fff] port 0x100 irq 345
[    2.187214] ata2: DUMMY
[    2.193062] tegra-ehci 7d008000.usb: EHCI Host Controller
[    2.198517] tegra-ehci 7d008000.usb: new USB bus registered, assigned bus number 2
[    2.206272] tegra-ehci 7d008000.usb: irq 355, io mem 0x7d008000
[    2.234654] tegra-ehci 7d008000.usb: USB 2.0 started, EHCI 1.10
[    2.241686] hub 2-0:1.0: USB hub found
[    2.245539] hub 2-0:1.0: 1 port detected
[    2.251865] sdhci-tegra 700b0400.sdhci: Got CD GPIO
[    2.256815] sdhci-tegra 700b0400.sdhci: Got WP GPIO
[    2.261885] mmc1: Unknown controller version (3). You may experience problems.
[    2.269217] mmc1: Invalid maximum block size, assuming 512 bytes
[    2.335091] mmc1: SDHCI controller on 700b0400.sdhci [700b0400.sdhci] using ADMA
[    2.343189] tegra-pcie 1003000.pcie-controller: 2x1, 1x1 configuration
[    2.351683] tegra-pcie 1003000.pcie-controller: probing port 0, using 2 lanes
[    2.361054] tegra-pcie 1003000.pcie-controller: Slot present pin change, signature: 00000008
[    2.385490] tegra-pcie 1003000.pcie-controller: probing port 1, using 1 lanes
[    2.394706] tegra-pcie 1003000.pcie-controller: Slot present pin change, signature: 00000000
[    2.408959] tegra-pcie 1003000.pcie-controller: PCI host bridge to bus 0000:00
[    2.416228] pci_bus 0000:00: root bus resource [io  0x0000-0xffff]
[    2.422415] pci_bus 0000:00: root bus resource [mem 0x13000000-0x1fffffff]
[    2.429323] pci_bus 0000:00: root bus resource [mem 0x20000000-0x3fffffff pref]
[    2.436675] pci_bus 0000:00: root bus resource [bus 00-ff]
[    2.442203] pci 0000:00:01.0: [10de:0e12] type 01 class 0x060400
[    2.448295] pci_bus 0000:00: 2-byte config write to 0000:00:01.0 offset 0x88 may corrupt adjacent RW1C bits
[    2.458114] pci_bus 0000:00: 2-byte config write to 0000:00:01.0 offset 0x52 may corrupt adjacent RW1C bits
[    2.467935] pci 0000:00:01.0: PME# supported from D0 D1 D2 D3hot D3cold
[    2.474597] pci_bus 0000:00: 2-byte config write to 0000:00:01.0 offset 0x4c may corrupt adjacent RW1C bits
[    2.484634] pci 0000:00:02.0: [10de:0e13] type 01 class 0x060400
[    2.490687] pci_bus 0000:00: 2-byte config write to 0000:00:02.0 offset 0x88 may corrupt adjacent RW1C bits
[    2.500497] pci_bus 0000:00: 2-byte config write to 0000:00:02.0 offset 0x52 may corrupt adjacent RW1C bits
[    2.510303] pci 0000:00:02.0: PME# supported from D0 D1 D2 D3hot D3cold
[    2.516968] pci_bus 0000:00: 2-byte config write to 0000:00:02.0 offset 0x4c may corrupt adjacent RW1C bits
[    2.518333] ata1: SATA link down (SStatus 0 SControl 300)
[    2.532404] pci_bus 0000:00: 2-byte config write to 0000:00:01.0 offset 0x3e may corrupt adjacent RW1C bits
[    2.542184] pci_bus 0000:00: 2-byte config write to 0000:00:02.0 offset 0x3e may corrupt adjacent RW1C bits
[    2.551931] pci_bus 0000:00: 2-byte config write to 0000:00:01.0 offset 0x4 may corrupt adjacent RW1C bits
[    2.561591] pci_bus 0000:00: 1-byte config write to 0000:00:01.0 offset 0xc may corrupt adjacent RW1C bits
[    2.571283] PCI: bus0: Fast back to back transfers disabled
[    2.576872] pci 0000:00:01.0: bridge configuration invalid ([bus 00-00]), reconfiguring
[    2.584890] pci 0000:00:02.0: bridge configuration invalid ([bus 00-00]), reconfiguring
[    2.593098] pci 0000:01:00.0: [8086:4232] type 00 class 0x028000
[    2.599171] pci 0000:01:00.0: reg 0x10: [mem 0x00000000-0x00001fff 64bit]
[    2.606211] pci 0000:01:00.0: PME# supported from D0 D3hot D3cold
[    2.628672] mmc1: new high speed SDHC card at address aaaa
[    2.634637] PCI: bus1: Fast back to back transfers disabled
[    2.640221] pci_bus 0000:01: busn_res: [bus 01-ff] end is updated to 01
[    2.647114] pci 0000:02:00.0: [10ec:8168] type 00 class 0x020000
[    2.653149] pci 0000:02:00.0: reg 0x10: [io  0x0000-0x00ff]
[    2.658790] pci 0000:02:00.0: reg 0x18: [mem 0x00000000-0x00000fff 64bit]
[    2.665607] pci 0000:02:00.0: reg 0x20: [mem 0x00000000-0x00003fff 64bit pref]
[    2.672976] pci 0000:02:00.0: supports D1 D2
[    2.677260] pci 0000:02:00.0: PME# supported from D0 D1 D2 D3hot D3cold
[    2.684646] mmcblk1: mmc1:aaaa SD04G 3.69 GiB 
[    2.702829]  mmcblk1: p1 p2 p3
[    2.706159] PCI: bus2: Fast back to back transfers disabled
[    2.711756] pci_bus 0000:02: busn_res: [bus 02-ff] end is updated to 02
[    2.718613] pci 0000:00:01.0: BAR 8: assigned [mem 0x13000000-0x130fffff]
[    2.725456] pci 0000:00:02.0: BAR 8: assigned [mem 0x13100000-0x131fffff]
[    2.732257] pci 0000:00:02.0: BAR 9: assigned [mem 0x20000000-0x200fffff 64bit pref]
[    2.740038] pci 0000:00:02.0: BAR 7: assigned [io  0x1000-0x1fff]
[    2.746160] pci 0000:01:00.0: BAR 0: assigned [mem 0x13000000-0x13001fff 64bit]
[    2.753499] pci 0000:00:01.0: PCI bridge to [bus 01]
[    2.758508] pci 0000:00:01.0:   bridge window [mem 0x13000000-0x130fffff]
[    2.765326] pci 0000:02:00.0: BAR 4: assigned [mem 0x20000000-0x20003fff 64bit pref]
[    2.773082] pci 0000:02:00.0: BAR 2: assigned [mem 0x13100000-0x13100fff 64bit]
[    2.780446] pci 0000:02:00.0: BAR 0: assigned [io  0x1000-0x10ff]
[    2.786566] pci 0000:00:02.0: PCI bridge to [bus 02]
[    2.791539] pci 0000:00:02.0:   bridge window [io  0x1000-0x1fff]
[    2.797671] pci 0000:00:02.0:   bridge window [mem 0x13100000-0x131fffff]
[    2.804457] pci 0000:00:02.0:   bridge window [mem 0x20000000-0x200fffff 64bit pref]
[    2.812242] pci 0000:00:01.0: nv_msi_ht_cap_quirk didn't locate host bridge
[    2.819328] pcieport 0000:00:01.0: enabling device (0140 -> 0142)
[    2.825677] pcieport 0000:00:01.0: Signaling PME with IRQ 393
[    2.831516] pci 0000:00:02.0: nv_msi_ht_cap_quirk didn't locate host bridge
[    2.838603] pcieport 0000:00:02.0: enabling device (0140 -> 0143)
[    2.844954] pcieport 0000:00:02.0: Signaling PME with IRQ 394
[    2.850971] r8169 Gigabit Ethernet driver 2.3LK-NAPI loaded
[    2.856610] r8169 0000:02:00.0: enabling device (0140 -> 0143)
[    2.886269] r8169 0000:02:00.0 eth0: RTL8168g/8111g at 0xf0b56000, 00:04:4b:3a:d9:81, XID 0c000800 IRQ 395
[    2.895967] r8169 0000:02:00.0 eth0: jumbo features [frames: 9200 bytes, tx checksumming: ko]
[    2.908911] +1.05V_RUN_AVDD_HDMI_PLL: supplied by +1.05V_RUN
[    2.916723] [drm] Supports vblank timestamp caching Rev 2 (21.10.2013).
[    2.923338] [drm] No driver support for vblank timestamp query.
[    3.050176] tegra-hdmi 54280000.hdmi: cannot set audio to 48000 Hz at 297000000 Hz pixel clock
[    3.297385] Console: switching to colour frame buffer device 512x135
[    3.395988] drm drm: fb0:  frame buffer device
[    3.400533] [drm] Initialized tegra 0.0.0 20120330 for drm on minor 0
[    3.408424] of: dev_pm_opp_of_cpumask_add_table: couldn't find opp table for cpu:0, -19
[    3.416477] cpufreq: cpufreq_online: CPU0: Running at unlisted freq: 696000 KHz
[    3.423789] cpufreq: cpufreq_online: CPU0: Unlisted initial frequency changed to: 714000 KHz
[    3.433028] input: gpio-keys as /devices/soc0/gpio-keys/input/input0
[    3.440319] as3722-rtc as3722-rtc: setting system clock to 2000-01-01 00:03:00 UTC (946684980)
[    3.449438] +USB0_VBUS_SW: disabling
[    3.453016] +1.8V_RUN_CAM: disabling
[    3.456848] +2.8V_RUN_CAM: disabling
[    3.460624] +1.2V_RUN_CAM_FRONT: disabling
[    3.465001] +1.05V_RUN_CAM_REAR: disabling
[    3.469255] +3.3V_RUN_TOUCH: disabling
[    3.473159] +2.8V_RUN_CAM_AF: disabling
[    3.477227] +1.8V_RUN_VPP_FUSE: disabling
[    3.482333] EXT4-fs (mmcblk0p1): mounting ext3 file system using the ext4 subsystem
[    3.504065] EXT4-fs (mmcblk0p1): recovery complete
[    3.508886] EXT4-fs (mmcblk0p1): mounted filesystem with ordered data mode. Opts: (null)
[    3.517016] VFS: Mounted root (ext3 filesystem) on device 179:1.
[    3.527142] devtmpfs: mounted
[    3.530810] Freeing unused kernel memory: 2048K
bash: cannot set terminal process group (-1): Inappropriate ioctl for device
bash: no job control in this shell
root@(none):/# mount -t sysfs none /sys
root@(none):/# 
root@(none):/# mount -t debugfs none /sys/kernel/debug
root@(none):/# 
root@(none):/# rtcwake -d rtc1 -m mem -s 3
rtcwake: assuming RTC uses UTC ...
rtcwake: wakeup from "mem" using /dev/rtc1 at Thu Jan  1 00:00:20 1970
[    6.418894] PM: Syncing filesystems ... done.
[    6.638340] Freezing user space processes ... (elapsed 0.001 seconds) done.
[    6.646698] Freezing remaining freezable tasks ... (elapsed 0.001 seconds) done.
[    6.655384] Suspending console(s) (use no_console_suspend to debug)
[    6.796103] PM: suspend of devices complete after 133.917 msecs
[    6.797945] PM: late suspend of devices complete after 1.833 msecs
[    6.825442] PM: noirq suspend of devices complete after 27.491 msecs
[    6.825444] Disabling non-boot CPUs ...
[    7.006327] Entering suspend state LP1
[    7.006327] Suspended for 2.922 seconds
[    7.006337] Enabling non-boot CPUs ...
[    7.036256] CPU1 is up
[    7.076138] CPU2 is up
[    7.116389] CPU3 is up
[    7.117042] pcieport 0000:00:02.0: nv_msi_ht_cap_quirk didn't locate host bridge
[    7.117044] pcieport 0000:00:01.0: nv_msi_ht_cap_quirk didn't locate host bridge
[    7.144618] PM: noirq resume of devices complete after 28.223 msecs
[    7.145878] PM: early resume of devices complete after 0.938 msecs
[    7.149241] tegra-hdmi 54280000.hdmi: cannot set audio to 48000 Hz at 297000000 Hz pixel clock
[    7.267145] PM: resume of devices complete after 121.258 msecs
[    7.350033] Restarting tasks ... done.
root@(none):/# 
root@(none):/# [    7.477223] ata1: SATA link down (SStatus 0 SControl 300)
rtcwake -d rtc1 -m mem -s 3
rtcwake: assuming RTC uses UTC ...
rtcwake: wakeup from "mem" using /dev/rtc1 at Thu Jan  1 00:00:25 1970
[    8.556356] PM: Syncing filesystems ... done.
[    8.740789] Freezing user space processes ... (elapsed 0.001 seconds) done.
[    8.749117] Freezing remaining freezable tasks ... (elapsed 0.001 seconds) done.
[    8.757738] Suspending console(s) (use no_console_suspend to debug)
[    8.781210] pci_generic_config_write32: 118 callbacks suppressed
[    8.781217] pci_bus 0000:00: 2-byte config write to 0000:00:02.0 offset 0x9c may corrupt adjacent RW1C bits
[    8.781228] pci_bus 0000:00: 2-byte config write to 0000:00:01.0 offset 0x9c may corrupt adjacent RW1C bits
[    8.886060] PM: suspend of devices complete after 121.558 msecs
[    8.888257] PM: late suspend of devices complete after 2.187 msecs
[    8.888684] pci_bus 0000:02: 2-byte config write to 0000:02:00.0 offset 0x44 may corrupt adjacent RW1C bits
[    8.888705] pci_bus 0000:02: 2-byte config write to 0000:02:00.0 offset 0x44 may corrupt adjacent RW1C bits
[    8.915583] PM: noirq suspend of devices complete after 27.319 msecs
[    8.915586] Disabling non-boot CPUs ...
[    8.967050] IRQ17 no longer affine to CPU2
[    9.056449] Entering suspend state LP1
[    9.056449] Suspended for 2.949 seconds
[    9.056460] Enabling non-boot CPUs ...
[    9.086383] CPU1 is up
[    9.126290] CPU2 is up
[    9.166585] CPU3 is up
[    9.167169] pci_bus 0000:00: 2-byte config write to 0000:00:01.0 offset 0x4c may corrupt adjacent RW1C bits
[    9.167180] pci_bus 0000:00: 2-byte config write to 0000:00:02.0 offset 0x4c may corrupt adjacent RW1C bits
[    9.167192] pci_bus 0000:00: 2-byte config write to 0000:00:02.0 offset 0x88 may corrupt adjacent RW1C bits
[    9.167198] pci_bus 0000:00: 2-byte config write to 0000:00:01.0 offset 0x88 may corrupt adjacent RW1C bits
[    9.167204] pci_bus 0000:00: 2-byte config write to 0000:00:02.0 offset 0x90 may corrupt adjacent RW1C bits
[    9.167209] pci_bus 0000:00: 2-byte config write to 0000:00:01.0 offset 0x90 may corrupt adjacent RW1C bits
[    9.167316] pcieport 0000:00:02.0: nv_msi_ht_cap_quirk didn't locate host bridge
[    9.167317] pcieport 0000:00:01.0: nv_msi_ht_cap_quirk didn't locate host bridge
[    9.204609] PM: noirq resume of devices complete after 38.017 msecs
[    9.206218] PM: early resume of devices complete after 1.443 msecs
[    9.209590] tegra-hdmi 54280000.hdmi: cannot set audio to 48000 Hz at 297000000 Hz pixel clock
[    9.331231] PM: resume of devices complete after 125.003 msecs
[    9.521748] Restarting tasks ... done.
[    9.537023] ata1: SATA link down (SStatus 0 SControl 300)
root@(none):/# 
root@(none):/# rtcwake -d rtc1 -m mem -s 3
rtcwake: assuming RTC uses UTC ...
rtcwake: wakeup from "mem" using /dev/rtc1 at Thu Jan  1 00:00:30 1970
[   10.606167] PM: Syncing filesystems ... done.
[   10.801084] Freezing user space processes ... (elapsed 0.001 seconds) done.
[   10.809422] Freezing remaining freezable tasks ... (elapsed 0.001 seconds) done.
[   10.818075] Suspending console(s) (use no_console_suspend to debug)
[   10.946245] PM: suspend of devices complete after 121.291 msecs
[   10.948949] PM: late suspend of devices complete after 2.693 msecs
[   10.975695] PM: noirq suspend of devices complete after 26.739 msecs
[   10.975698] Disabling non-boot CPUs ...
[   10.976000] IRQ17 no longer affine to CPU1
[   11.156730] Entering suspend state LP1
[   11.156730] Suspended for 2.899 seconds
[   11.156742] Enabling non-boot CPUs ...
[   11.186378] CPU1 is up
[   11.226284] CPU2 is up
[   11.266559] CPU3 is up
[   11.267265] pcieport 0000:00:01.0: nv_msi_ht_cap_quirk didn't locate host bridge
[   11.267267] pcieport 0000:00:02.0: nv_msi_ht_cap_quirk didn't locate host bridge
[   11.294573] PM: noirq resume of devices complete after 28.008 msecs
[   11.296243] PM: early resume of devices complete after 1.329 msecs
[   11.299672] tegra-hdmi 54280000.hdmi: cannot set audio to 48000 Hz at 297000000 Hz pixel clock
[   11.421238] PM: resume of devices complete after 124.986 msecs
[   11.508380] Restarting tasks ... done.
root@(none):/# 
root@(none):/# [   11.627128] ata1: SATA link down (SStatus 0 SControl 300)
rtcwake -d rtc1 -m mem -s 3
rtcwake: assuming RTC uses UTC ...
rtcwake: wakeup from "mem" using /dev/rtc1 at Thu Jan  1 00:00:35 1970
[   12.706322] PM: Syncing filesystems ... done.
[   12.889660] Freezing user space processes ... (elapsed 0.001 seconds) done.
[   12.898014] Freezing remaining freezable tasks ... (elapsed 0.001 seconds) done.
[   12.906623] Suspending console(s) (use no_console_suspend to debug)
[   13.036108] PM: suspend of devices complete after 122.761 msecs
[   13.038160] PM: late suspend of devices complete after 2.042 msecs
[   13.065458] PM: noirq suspend of devices complete after 27.293 msecs
[   13.065461] Disabling non-boot CPUs ...
[   13.065709] IRQ17 no longer affine to CPU1
[   13.206175] Entering suspend state LP1
[   13.206175] Suspended for 2.950 seconds
[   13.206187] Enabling non-boot CPUs ...
[   13.236590] CPU1 is up
[   13.276239] CPU2 is up
[   13.316515] CPU3 is up
[   13.317212] pcieport 0000:00:02.0: nv_msi_ht_cap_quirk didn't locate host bridge
[   13.317214] pcieport 0000:00:01.0: nv_msi_ht_cap_quirk didn't locate host bridge
[   13.344554] PM: noirq resume of devices complete after 28.033 msecs
[   13.346161] PM: early resume of devices complete after 1.276 msecs
[   13.349045] tegra-hdmi 54280000.hdmi: cannot set audio to 48000 Hz at 297000000 Hz pixel clock
[   13.470644] PM: resume of devices complete after 124.474 msecs
[   13.557756] Restarting tasks ... done.
root@(none):/# 
root@(none):/# [   13.677138] ata1: SATA link down (SStatus 0 SControl 300)
rtcwake -d rtc1 -m mem -s 3
rtcwake: assuming RTC uses UTC ...
rtcwake: wakeup from "mem" using /dev/rtc1 at Thu Jan  1 00:00:40 1970
[   14.763307] PM: Syncing filesystems ... done.
[   14.940431] Freezing user space processes ... (elapsed 0.001 seconds) done.
[   14.948764] Freezing remaining freezable tasks ... (elapsed 0.001 seconds) done.
[   14.957382] Suspending console(s) (use no_console_suspend to debug)
[   14.980908] pci_generic_config_write32: 116 callbacks suppressed
[   14.980915] pci_bus 0000:00: 2-byte config write to 0000:00:02.0 offset 0x9c may corrupt adjacent RW1C bits
[   14.980928] pci_bus 0000:00: 2-byte config write to 0000:00:01.0 offset 0x9c may corrupt adjacent RW1C bits
[   15.086109] PM: suspend of devices complete after 121.973 msecs
[   15.088483] PM: late suspend of devices complete after 2.365 msecs
[   15.088918] pci_bus 0000:02: 2-byte config write to 0000:02:00.0 offset 0x44 may corrupt adjacent RW1C bits
[   15.088933] pci_bus 0000:02: 2-byte config write to 0000:02:00.0 offset 0x44 may corrupt adjacent RW1C bits
[   15.115517] PM: noirq suspend of devices complete after 27.027 msecs
[   15.115519] Disabling non-boot CPUs ...
[   15.115783] IRQ17 no longer affine to CPU1
[   15.276392] Entering suspend state LP1
[   15.276392] Suspended for 2.929 seconds
[   15.276403] Enabling non-boot CPUs ...
[   15.306331] CPU1 is up
[   15.346235] CPU2 is up
[   15.386513] CPU3 is up
[   15.387091] pci_bus 0000:00: 2-byte config write to 0000:00:01.0 offset 0x4c may corrupt adjacent RW1C bits
[   15.387100] pci_bus 0000:00: 2-byte config write to 0000:00:02.0 offset 0x4c may corrupt adjacent RW1C bits
[   15.387112] pci_bus 0000:00: 2-byte config write to 0000:00:01.0 offset 0x88 may corrupt adjacent RW1C bits
[   15.387119] pci_bus 0000:00: 2-byte config write to 0000:00:02.0 offset 0x88 may corrupt adjacent RW1C bits
[   15.387124] pci_bus 0000:00: 2-byte config write to 0000:00:01.0 offset 0x90 may corrupt adjacent RW1C bits
[   15.387130] pci_bus 0000:00: 2-byte config write to 0000:00:02.0 offset 0x90 may corrupt adjacent RW1C bits
[   15.387236] pcieport 0000:00:02.0: nv_msi_ht_cap_quirk didn't locate host bridge
[   15.387238] pcieport 0000:00:01.0: nv_msi_ht_cap_quirk didn't locate host bridge
[   15.414524] PM: noirq resume of devices complete after 28.005 msecs
[   15.415582] PM: early resume of devices complete after 0.742 msecs
[   15.418417] tegra-hdmi 54280000.hdmi: cannot set audio to 48000 Hz at 297000000 Hz pixel clock
[   15.539989] PM: resume of devices complete after 124.399 msecs
[   15.730522] Restarting tasks ... done.
[   15.747175] ata1: SATA link down (SStatus 0 SControl 300)
root@(none):/# 
root@(none):/# rtcwake -d rtc1 -m mem -s 3
rtcwake: assuming RTC uses UTC ...
rtcwake: wakeup from "mem" using /dev/rtc1 at Thu Jan  1 00:00:45 1970
[   16.836784] PM: Syncing filesystems ... done.
[   17.052040] Freezing user space processes ... (elapsed 0.001 seconds) done.
[   17.060393] Freezing remaining freezable tasks ... (elapsed 0.001 seconds) done.
[   17.069024] Suspending console(s) (use no_console_suspend to debug)
[   17.196096] PM: suspend of devices complete after 120.279 msecs
[   17.197807] PM: late suspend of devices complete after 1.701 msecs
[   17.225541] PM: noirq suspend of devices complete after 27.728 msecs
[   17.225544] Disabling non-boot CPUs ...
[   17.225826] IRQ17 no longer affine to CPU1
[   17.366335] Entering suspend state LP1
[   17.366335] Suspended for 2.909 seconds
[   17.366346] Enabling non-boot CPUs ...
[   17.396535] CPU1 is up
[   17.436184] CPU2 is up
[   17.476474] CPU3 is up
[   17.477180] pcieport 0000:00:01.0: nv_msi_ht_cap_quirk didn't locate host bridge
[   17.477182] pcieport 0000:00:02.0: nv_msi_ht_cap_quirk didn't locate host bridge
[   17.504493] PM: noirq resume of devices complete after 28.013 msecs
[   17.506209] PM: early resume of devices complete after 1.391 msecs
[   17.509346] tegra-hdmi 54280000.hdmi: cannot set audio to 48000 Hz at 297000000 Hz pixel clock
[   17.630921] PM: resume of devices complete after 124.704 msecs
[   17.718012] Restarting tasks ... done.
root@(none):/# 
root@(none):/# [   17.837039] ata1: SATA link down (SStatus 0 SControl 300)
rtcwake -d rtc1 -m mem -s 3
rtcwake: assuming RTC uses UTC ...
rtcwake: wakeup from "mem" using /dev/rtc1 at Thu Jan  1 00:00:50 1970
[   18.922317] PM: Syncing filesystems ... done.
[   19.045496] Freezing user space processes ... (elapsed 0.001 seconds) done.
[   19.053892] Freezing remaining freezable tasks ... (elapsed 0.001 seconds) done.
[   19.062852] Suspending console(s) (use no_console_suspend to debug)
[   19.207321] PM: suspend of devices complete after 136.476 msecs
[   19.214257] PM: late suspend of devices complete after 6.908 msecs
[   19.248721] PM: noirq suspend of devices complete after 34.442 msecs
[   19.248731] Disabling non-boot CPUs ...
[   19.441711] Entering suspend state LP1
[   19.441711] Suspended for 2.924 seconds
[   19.441723] Enabling non-boot CPUs ...
[   19.466268] CPU1 is up
[   19.506168] CPU2 is up
[   19.546448] CPU3 is up
[   19.547138] pcieport 0000:00:02.0: nv_msi_ht_cap_quirk didn't locate host bridge
[   19.547140] pcieport 0000:00:01.0: nv_msi_ht_cap_quirk didn't locate host bridge
[   19.574460] PM: noirq resume of devices complete after 28.005 msecs
[   19.576028] PM: early resume of devices complete after 1.235 msecs
[   19.579090] tegra-hdmi 54280000.hdmi: cannot set audio to 48000 Hz at 297000000 Hz pixel clock
[   19.700640] PM: resume of devices complete after 124.604 msecs
[   19.783652] Restarting tasks ... done.
root@(none):/# 
root@(none):/# [   19.907118] ata1: SATA link down (SStatus 0 SControl 300)
rtcwake -d rtc1 -m mem -s 3
rtcwake: assuming RTC uses UTC ...
rtcwake: wakeup from "mem" using /dev/rtc1 at Thu Jan  1 00:00:55 1970
[   20.996184] PM: Syncing filesystems ... done.
[   21.210702] Freezing user space processes ... (elapsed 0.001 seconds) done.
[   21.219038] Freezing remaining freezable tasks ... (elapsed 0.001 seconds) done.
[   21.227667] Suspending console(s) (use no_console_suspend to debug)
[   21.253314] pci_generic_config_write32: 116 callbacks suppressed
[   21.253321] pci_bus 0000:00: 2-byte config write to 0000:00:02.0 offset 0x9c may corrupt adjacent RW1C bits
[   21.253338] pci_bus 0000:00: 2-byte config write to 0000:00:01.0 offset 0x9c may corrupt adjacent RW1C bits
[   21.366035] PM: suspend of devices complete after 131.579 msecs
[   21.368552] PM: late suspend of devices complete after 2.507 msecs
[   21.368991] pci_bus 0000:02: 2-byte config write to 0000:02:00.0 offset 0x44 may corrupt adjacent RW1C bits
[   21.369015] pci_bus 0000:02: 2-byte config write to 0000:02:00.0 offset 0x44 may corrupt adjacent RW1C bits
[   21.395481] PM: noirq suspend of devices complete after 26.922 msecs
[   21.395484] Disabling non-boot CPUs ...
[   21.395764] IRQ17 no longer affine to CPU1
[   21.556424] Entering suspend state LP1
[   21.556424] Suspended for 2.885 seconds
[   21.556436] Enabling non-boot CPUs ...
[   21.586228] CPU1 is up
[   21.626129] CPU2 is up
[   21.666405] CPU3 is up
[   21.667011] pci_bus 0000:00: 2-byte config write to 0000:00:01.0 offset 0x4c may corrupt adjacent RW1C bits
[   21.667019] pci_bus 0000:00: 2-byte config write to 0000:00:02.0 offset 0x4c may corrupt adjacent RW1C bits
[   21.667031] pci_bus 0000:00: 2-byte config write to 0000:00:01.0 offset 0x88 may corrupt adjacent RW1C bits
[   21.667038] pci_bus 0000:00: 2-byte config write to 0000:00:02.0 offset 0x88 may corrupt adjacent RW1C bits
[   21.667043] pci_bus 0000:00: 2-byte config write to 0000:00:01.0 offset 0x90 may corrupt adjacent RW1C bits
[   21.667049] pci_bus 0000:00: 2-byte config write to 0000:00:02.0 offset 0x90 may corrupt adjacent RW1C bits
[   21.667154] pcieport 0000:00:01.0: nv_msi_ht_cap_quirk didn't locate host bridge
[   21.667156] pcieport 0000:00:02.0: nv_msi_ht_cap_quirk didn't locate host bridge
[   21.694431] PM: noirq resume of devices complete after 28.020 msecs
[   21.696374] PM: early resume of devices complete after 1.614 msecs
[   21.698837] tegra-hdmi 54280000.hdmi: cannot set audio to 48000 Hz at 297000000 Hz pixel clock
[   21.820454] PM: resume of devices complete after 124.072 msecs
[   22.010984] Restarting tasks ... done.
[   22.027088] ata1: SATA link down (SStatus 0 SControl 300)
root@(none):/# 
root@(none):/# rtcwake -d rtc1 -m mem -s 3
rtcwake: assuming RTC uses UTC ...
rtcwake: wakeup from "mem" using /dev/rtc1 at Thu Jan  1 00:01:00 1970
[   23.116031] PM: Syncing filesystems ... done.
[   23.332391] Freezing user space processes ... (elapsed 0.001 seconds) done.
[   23.340756] Freezing remaining freezable tasks ... (elapsed 0.001 seconds) done.
[   23.349384] Suspending console(s) (use no_console_suspend to debug)
[   23.486018] PM: suspend of devices complete after 129.842 msecs
[   23.488345] PM: late suspend of devices complete after 2.317 msecs
[   23.515481] PM: noirq suspend of devices complete after 27.130 msecs
[   23.515484] Disabling non-boot CPUs ...
[   23.515764] IRQ17 no longer affine to CPU1
[   23.676267] Entering suspend state LP1
[   23.676267] Suspended for 2.879 seconds
[   23.676278] Enabling non-boot CPUs ...
[   23.706437] CPU1 is up
[   23.746085] CPU2 is up
[   23.786381] CPU3 is up
[   23.787024] pcieport 0000:00:01.0: nv_msi_ht_cap_quirk didn't locate host bridge
[   23.787137] pcieport 0000:00:02.0: nv_msi_ht_cap_quirk didn't locate host bridge
[   23.814401] PM: noirq resume of devices complete after 28.013 msecs
[   23.816107] PM: early resume of devices complete after 1.388 msecs
[   23.819170] tegra-hdmi 54280000.hdmi: cannot set audio to 48000 Hz at 297000000 Hz pixel clock
[   23.940730] PM: resume of devices complete after 124.614 msecs
[   24.027869] Restarting tasks ... done.
root@(none):/# 
root@(none):/# [   24.146962] ata1: SATA link down (SStatus 0 SControl 300)
rtcwake -d rtc1 -m mem -s 3
rtcwake: assuming RTC uses UTC ...
rtcwake: wakeup from "mem" using /dev/rtc1 at Thu Jan  1 00:01:05 1970
[   25.236428] PM: Syncing filesystems ... done.
[   25.452781] Freezing user space processes ... (elapsed 0.001 seconds) done.
[   25.461139] Freezing remaining freezable tasks ... (elapsed 0.001 seconds) done.
[   25.469769] Suspending console(s) (use no_console_suspend to debug)
[   25.606132] PM: suspend of devices complete after 129.571 msecs
[   25.607952] PM: late suspend of devices complete after 1.811 msecs
[   25.635418] PM: noirq suspend of devices complete after 27.459 msecs
[   25.635421] Disabling non-boot CPUs ...
[   25.697064] IRQ17 no longer affine to CPU2
[   25.786222] Entering suspend state LP1
[   25.786222] Suspended for 2.889 seconds
[   25.786233] Enabling non-boot CPUs ...
[   25.816393] CPU1 is up
[   25.856090] CPU2 is up
[   25.896341] CPU3 is up
[   25.897026] pcieport 0000:00:02.0: nv_msi_ht_cap_quirk didn't locate host bridge
[   25.897028] pcieport 0000:00:01.0: nv_msi_ht_cap_quirk didn't locate host bridge
[   25.924372] PM: noirq resume of devices complete after 28.025 msecs
[   25.926321] PM: early resume of devices complete after 1.617 msecs
[   25.929567] tegra-hdmi 54280000.hdmi: cannot set audio to 48000 Hz at 297000000 Hz pixel clock
[   26.051113] PM: resume of devices complete after 124.784 msecs
[   26.138264] Restarting tasks ... done.
root@(none):/# 
root@(none):/# [   26.256954] ata1: SATA link down (SStatus 0 SControl 300)
NVTB SYSTEM SUSPEND TEST COMPLETE
