
U-Boot SPL 2016.05-rc2 (Apr 21 2016 - 16:23:00)
Trying to boot from RAM


U-Boot 2016.05-rc2 (Apr 21 2016 - 16:23:00 -0700)

TEGRA124
Model: NVIDIA Jetson TK1
Board: NVIDIA Jetson TK1
DRAM:  2 GiB
MC:   Tegra SD/MMC: 0, Tegra SD/MMC: 1
In:    serial
Out:   serial
Err:   serial
Net:   No ethernet found.
Hit any key to stop autoboot:  2  0 
Tegra124 (Jetson TK1) # 
Tegra124 (Jetson TK1) # pci enum
Tegra124 (Jetson TK1) # setenv bootargs 'ignore_loglevel console=ttyS0,115200n8 rw root=PARTUUID=b1791faa-84e8-4e27-83a1-9fb0a77e8803 rootwait gpt debug noinitrd earlyprintk init=/bin/bash'
Tegra124 (Jetson TK1) # setenv ipaddr 192.168.100.102; setenv serverip 192.168.100.1; setenv tftpserverip 192.168.100.1
Tegra124 (Jetson TK1) # tftpboot 0x82000000 zImage.multi_v7_defconfig

Warning: eth_rtl8169 using MAC address from ROM
Using eth_rtl8169 device
TFTP from server 192.168.100.1; our IP address is 192.168.100.102
Filename 'zImage.multi_v7_defconfig'.
Load address: 0x82000000
Loading: *#################################################################
	 #################################################################
	 #################################################################
	 #################################################################
	 #################################################################
	 #################################################################
	 #################################################################
	 ######################################################
	 4 MiB/s
done
Bytes transferred = 7468384 (71f560 hex)
Tegra124 (Jetson TK1) # tftpboot 0x83000000 tegra124-jetson-tk1.dtb
Using eth_rtl8169 device
TFTP from server 192.168.100.1; our IP address is 192.168.100.102
Filename 'tegra124-jetson-tk1.dtb'.
Load address: 0x83000000
Loading: *#####
	 3.8 MiB/s
done
Bytes transferred = 67133 (1063d hex)
Tegra124 (Jetson TK1) # bootz 0x82000000 - 0x83000000
Kernel image @ 0x82000000 [ 0x000000 - 0x71f560 ]
## Flattened Device Tree blob at 83000000
   Booting using the fdt blob at 0x83000000
   Using Device Tree in place at 83000000, end 8301363c

Starting kernel ...

[    0.000000] Booting Linux on physical CPU 0x0
[    0.000000] Linux version 4.10.0-rc5-next-20170125-148138-gf37208bc (pwalmsley@sellafield) (gcc version 4.7.3 20130328 (prerelease) (crosstool-NG linaro-1.13.1-4.7-2013.04-20130415 - Linaro GCC 2013.04) ) #1 SMP Thu Jan 26 06:25:24 PST 2017
[    0.000000] CPU: ARMv7 Processor [413fc0f3] revision 3 (ARMv7), cr=10c5387d
[    0.000000] CPU: div instructions available: patching division code
[    0.000000] CPU: PIPT / VIPT nonaliasing data cache, PIPT instruction cache
[    0.000000] OF: fdt:Machine model: NVIDIA Tegra124 Jetson TK1
[    0.000000] debug: ignoring loglevel setting.
[    0.000000] efi: Getting EFI parameters from FDT:
[    0.000000] efi: UEFI not found.
[    0.000000] cma: Reserved 64 MiB at 0xfb800000
[    0.000000] Memory policy: Data cache writealloc
[    0.000000] On node 0 totalpages: 524032
[    0.000000] free_area_init_node: node 0, pgdat c1436d40, node_mem_map eeff8000
[    0.000000]   DMA zone: 1536 pages used for memmap
[    0.000000]   DMA zone: 0 pages reserved
[    0.000000]   DMA zone: 196608 pages, LIFO batch:31
[    0.000000]   HighMem zone: 327424 pages, LIFO batch:31
[    0.000000] percpu: Embedded 16 pages/cpu @eef86000 s34304 r8192 d23040 u65536
[    0.000000] pcpu-alloc: s34304 r8192 d23040 u65536 alloc=16*4096
[    0.000000] pcpu-alloc: [0] 0 [0] 1 [0] 2 [0] 3 
[    0.000000] Built 1 zonelists in Zone order, mobility grouping on.  Total pages: 522496
[    0.000000] Kernel command line: ignore_loglevel console=ttyS0,115200n8 rw root=PARTUUID=b1791faa-84e8-4e27-83a1-9fb0a77e8803 rootwait gpt debug noinitrd earlyprintk init=/bin/bash
[    0.000000] PID hash table entries: 4096 (order: 2, 16384 bytes)
[    0.000000] Dentry cache hash table entries: 131072 (order: 7, 524288 bytes)
[    0.000000] Inode-cache hash table entries: 65536 (order: 6, 262144 bytes)
[    0.000000] Memory: 1994684K/2096128K available (9216K kernel code, 1250K rwdata, 4180K rodata, 2048K init, 534K bss, 35908K reserved, 65536K cma-reserved, 1244160K highmem)
[    0.000000] Virtual kernel memory layout:
[    0.000000]     vector  : 0xffff0000 - 0xffff1000   (   4 kB)
[    0.000000]     fixmap  : 0xffc00000 - 0xfff00000   (3072 kB)
[    0.000000]     vmalloc : 0xf0800000 - 0xff800000   ( 240 MB)
[    0.000000]     lowmem  : 0xc0000000 - 0xf0000000   ( 768 MB)
[    0.000000]     pkmap   : 0xbfe00000 - 0xc0000000   (   2 MB)
[    0.000000]     modules : 0xbf000000 - 0xbfe00000   (  14 MB)
[    0.000000]       .text : 0xc0208000 - 0xc0c00000   (10208 kB)
[    0.000000]       .init : 0xc1100000 - 0xc1300000   (2048 kB)
[    0.000000]       .data : 0xc1300000 - 0xc1438840   (1251 kB)
[    0.000000]        .bss : 0xc143a000 - 0xc14bfa30   ( 535 kB)
[    0.000000] SLUB: HWalign=64, Order=0-3, MinObjects=0, CPUs=4, Nodes=1
[    0.000000] Hierarchical RCU implementation.
[    0.000000] 	RCU debugfs-based tracing is enabled.
[    0.000000] 	Build-time adjustment of leaf fanout to 32.
[    0.000000] 	RCU restricting CPUs from NR_CPUS=16 to nr_cpu_ids=4.
[    0.000000] RCU: Adjusting geometry for rcu_fanout_leaf=32, nr_cpu_ids=4
[    0.000000] NR_IRQS:16 nr_irqs:16 16
[    0.000000] /interrupt-controller@60004000: 160 interrupts forwarded to /interrupt-controller@50041000
[    0.000000] Tegra clk 127: register failed with -17
[    0.000008] sched_clock: 32 bits at 1000kHz, resolution 1000ns, wraps every 2147483647500ns
[    0.000032] clocksource: timer_us: mask: 0xffffffff max_cycles: 0xffffffff, max_idle_ns: 1911260446275 ns
[    0.000047] Switching to timer-based delay loop, resolution 1000ns
[    0.005522] arm_arch_timer: Architected cp15 timer(s) running at 12.00MHz (virt).
[    0.005541] clocksource: arch_sys_counter: mask: 0xffffffffffffff max_cycles: 0x2c47f4ee7, max_idle_ns: 440795202497 ns
[    0.005561] sched_clock: 56 bits at 12MHz, resolution 83ns, wraps every 4398046511096ns
[    0.005575] Switching to timer-based delay loop, resolution 83ns
[    0.006031] Console: colour dummy device 80x30
[    0.006063] Calibrating delay loop (skipped), value calculated using timer frequency.. 24.00 BogoMIPS (lpj=120000)
[    0.006081] pid_max: default: 32768 minimum: 301
[    0.006183] Mount-cache hash table entries: 2048 (order: 1, 8192 bytes)
[    0.006196] Mountpoint-cache hash table entries: 2048 (order: 1, 8192 bytes)
[    0.006678] CPU: Testing write buffer coherency: ok
[    0.006926] /cpus/cpu@0 missing clock-frequency property
[    0.006970] /cpus/cpu@1 missing clock-frequency property
[    0.007012] /cpus/cpu@2 missing clock-frequency property
[    0.007056] /cpus/cpu@3 missing clock-frequency property
[    0.007070] CPU0: thread -1, cpu 0, socket 0, mpidr 80000000
[    0.007266] Setting up static identity map for 0x80300000 - 0x80300098
[    0.011141] Tegra Revision: A01 SKU: 129 CPU Process: 1 SoC Process: 1
[    0.011819] EFI services will not be available.
[    0.012055] smp: Bringing up secondary CPUs ...
[    0.012548] CPU1: thread -1, cpu 1, socket 0, mpidr 80000001
[    0.015641] CPU2: thread -1, cpu 2, socket 0, mpidr 80000002
[    0.025643] CPU3: thread -1, cpu 3, socket 0, mpidr 80000003
[    0.035187] smp: Brought up 1 node, 4 CPUs
[    0.035209] SMP: Total of 4 processors activated (96.00 BogoMIPS).
[    0.035217] CPU: All CPU(s) started in SVC mode.
[    0.036701] devtmpfs: initialized
[    0.052463] VFP support v0.3: implementor 41 architecture 4 part 30 variant f rev 0
[    0.052864] clocksource: jiffies: mask: 0xffffffff max_cycles: 0xffffffff, max_idle_ns: 19112604462750000 ns
[    0.054251] pinctrl core: initialized pinctrl subsystem
[    0.055968] NET: Registered protocol family 16
[    0.058021] DMA: preallocated 256 KiB pool for atomic coherent allocations
[    0.060488] cpuidle: using governor menu
[    0.087198] No ATAGs?
[    0.087326] hw-breakpoint: found 5 (+1 reserved) breakpoint and 4 watchpoint registers.
[    0.087343] hw-breakpoint: maximum watchpoint size is 8 bytes.
[    0.093980] Serial: AMBA PL011 UART driver
[    0.110009] +5V_SYS: supplied by +VDD_MUX
[    0.110279] +3.3V_SYS: supplied by +VDD_MUX
[    0.110858] +USB0_VBUS_SW: Failed to request enable GPIO108: -517
[    0.110875] reg-fixed-voltage regulators:regulator@7: Failed to register regulator: -517
[    0.110965] +5V_USB_HS: Failed to request enable GPIO109: -517
[    0.110980] reg-fixed-voltage regulators:regulator@8: Failed to register regulator: -517
[    0.111145] +1.05V_RUN_AVDD_HDMI_PLL: Failed to request enable GPIO63: -517
[    0.111159] reg-fixed-voltage regulators:regulator@11: Failed to register regulator: -517
[    0.111247] +5V_HDMI_CON: Failed to request enable GPIO86: -517
[    0.111262] reg-fixed-voltage regulators:regulator@12: Failed to register regulator: -517
[    0.111349] +5V_SATA: Failed to request enable GPIO242: -517
[    0.111363] reg-fixed-voltage regulators:regulator@13: Failed to register regulator: -517
[    0.111450] +12V_SATA: Failed to request enable GPIO242: -517
[    0.111464] reg-fixed-voltage regulators:regulator@14: Failed to register regulator: -517
[    0.114694] vgaarb: loaded
[    0.115488] SCSI subsystem initialized
[    0.115647] libata version 3.00 loaded.
[    0.115885] usbcore: registered new interface driver usbfs
[    0.115942] usbcore: registered new interface driver hub
[    0.116005] usbcore: registered new device driver usb
[    0.119456] pps_core: LinuxPPS API ver. 1 registered
[    0.119467] pps_core: Software ver. 5.3.6 - Copyright 2005-2007 Rodolfo Giometti <giometti@linux.it>
[    0.119494] PTP clock support registered
[    0.119689] EDAC MC: Ver: 3.0.0
[    0.122568] clocksource: Switched to clocksource arch_sys_counter
[    0.132159] NET: Registered protocol family 2
[    0.132668] TCP established hash table entries: 8192 (order: 3, 32768 bytes)
[    0.132768] TCP bind hash table entries: 8192 (order: 4, 65536 bytes)
[    0.132956] TCP: Hash tables configured (established 8192 bind 8192)
[    0.133037] UDP hash table entries: 512 (order: 2, 16384 bytes)
[    0.133081] UDP-Lite hash table entries: 512 (order: 2, 16384 bytes)
[    0.133225] NET: Registered protocol family 1
[    0.133510] RPC: Registered named UNIX socket transport module.
[    0.133521] RPC: Registered udp transport module.
[    0.133530] RPC: Registered tcp transport module.
[    0.133538] RPC: Registered tcp NFSv4.1 backchannel transport module.
[    0.133550] PCI: CLS 0 bytes, default 64
[    0.134751] hw perfevents: enabled with armv7_cortex_a15 PMU driver, 7 counters available
[    0.136064] futex hash table entries: 1024 (order: 4, 65536 bytes)
[    0.136663] workingset: timestamp_bits=30 max_order=19 bucket_order=0
[    0.144743] squashfs: version 4.0 (2009/01/31) Phillip Lougher
[    0.145434] NFS: Registering the id_resolver key type
[    0.145457] Key type id_resolver registered
[    0.145466] Key type id_legacy registered
[    0.145510] ntfs: driver 2.1.32 [Flags: R/O].
[    0.147055] bounce: pool size: 64 pages
[    0.147228] Block layer SCSI generic (bsg) driver version 0.4 loaded (major 248)
[    0.147239] io scheduler noop registered
[    0.147249] io scheduler deadline registered
[    0.147404] io scheduler cfq registered (default)
[    0.147414] io scheduler mq-deadline registered
[    0.152481] usb2-0 supply vbus not found, using dummy regulator
[    0.152633] usb2-1 supply vbus not found, using dummy regulator
[    0.153011] tegra-xusb-padctl 7009f000.padctl: failed to setup XUSB ports: -517
[    0.169365] tegra-pcie 1003000.pcie-controller: 2x1, 1x1 configuration
[    0.169422] tegra-pcie 1003000.pcie-controller: Failed to get supply 'avddio-pex': -517
[    0.175466] tegra124-dfll 70110000.clock: couldn't get vdd_cpu regulator
[    0.183040] tegra-apbdma 60020000.dma: Tegra20 APB DMA driver register 32 channels
[    0.185089] tegra-pmc 7000e400.pmc: emergency thermal reset enabled
[    0.240529] Serial: 8250/16550 driver, 4 ports, IRQ sharing disabled
[    0.243253] console [ttyS0] disabled
[    0.243290] 70006300.serial: ttyS0 at MMIO 0x70006300 (irq = 335, base_baud = 25500000) is a Tegra
[    1.131160] console [ttyS0] enabled
[    1.135511] SuperH (H)SCI(F) driver initialized
[    1.141055] msm_serial: driver initialized
[    1.145359] STMicroelectronics ASC driver initialized
[    1.151276] 70006000.serial: ttyTHS1 at MMIO 0x70006000 (irq = 333, base_baud = 0) is a TEGRA_UART
[    1.160532] 70006040.serial: ttyTHS2 at MMIO 0x70006040 (irq = 334, base_baud = 0) is a TEGRA_UART
[    1.175953] tegra-hdmi 54280000.hdmi: failed to get HDMI regulator
[    1.194561] brd: module loaded
[    1.202835] loop: module loaded
[    1.207163] at24 0-0056: 256 byte 24c02 EEPROM, writable, 8 bytes/write
[    1.215430] as3722 4-0040: AS3722 with revision 0x1 found
[    1.227176] as3722-sd2: supplied by +5V_SYS
[    1.231786] as3722-sd3: supplied by +5V_SYS
[    1.236196] +1.35V_LP0(sd3): Bringing 0uV into 1350000-1350000uV
[    1.242531] as3722-sd4: supplied by +5V_SYS
[    1.247214] as3722-sd5: supplied by +5V_SYS
[    1.253187] as3722-ldo0: supplied by +1.35V_LP0(sd2)
[    1.259187] +1.8V_RUN_CAM: Bringing 0uV into 1800000-1800000uV
[    1.265412] as3722-ldo2: supplied by +1.8V_VDDIO
[    1.271279] as3722-ldo3: supplied by +3.3V_SYS
[    1.275779] +1.05V_LP0_VDD_RTC: Bringing 1100000uV into 1000000-1000000uV
[    1.283544] as3722-ldo4: supplied by +3.3V_SYS
[    1.288190] +2.8V_RUN_CAM: Bringing 0uV into 2800000-2800000uV
[    1.294404] as3722-ldo5: supplied by +1.8V_VDDIO
[    1.299223] +1.2V_RUN_CAM_FRONT: Bringing 0uV into 1200000-1200000uV
[    1.306145] +VDDIO_SDMMC3: bypassed regulator has no supply!
[    1.311796] +VDDIO_SDMMC3: failed to get the current voltage(-517)
[    1.317993] as3722-regulator as3722-regulator: regulator 13 register failed -517
[    1.330646] tegra-ahci 70027000.sata: couldn't get PHY in node sata: -517
[    1.350168] random: fast init done
[    1.353757] m25p80 spi32765.0: w25q32dw (4096 Kbytes)
[    1.361568] libphy: Fixed MDIO Bus: probed
[    1.366732] CAN device driver interface
[    1.371510] bgmac_bcma: Broadcom 47xx GBit MAC driver loaded
[    1.378587] e1000e: Intel(R) PRO/1000 Network Driver - 3.2.6-k
[    1.384427] e1000e: Copyright(c) 1999 - 2015 Intel Corporation.
[    1.390392] igb: Intel(R) Gigabit Ethernet Network Driver - version 5.4.0-k
[    1.397354] igb: Copyright (c) 2007-2014 Intel Corporation.
[    1.406616] pegasus: v0.9.3 (2013/04/25), Pegasus/Pegasus II USB Ethernet driver
[    1.414059] usbcore: registered new interface driver pegasus
[    1.419755] usbcore: registered new interface driver asix
[    1.425197] usbcore: registered new interface driver ax88179_178a
[    1.431314] usbcore: registered new interface driver cdc_ether
[    1.437199] usbcore: registered new interface driver smsc75xx
[    1.443006] usbcore: registered new interface driver smsc95xx
[    1.448776] usbcore: registered new interface driver net1080
[    1.454474] usbcore: registered new interface driver cdc_subset
[    1.460418] usbcore: registered new interface driver zaurus
[    1.466052] usbcore: registered new interface driver cdc_ncm
[    1.471930] tegra-phy 7d004000.usb-phy: no vbus regulator
[    1.479356] ehci_hcd: USB 2.0 'Enhanced' Host Controller (EHCI) Driver
[    1.485893] ehci-pci: EHCI PCI platform driver
[    1.490368] ehci-platform: EHCI generic platform driver
[    1.495811] ehci-orion: EHCI orion driver
[    1.499956] SPEAr-ehci: EHCI SPEAr driver
[    1.504125] ehci-st: EHCI STMicroelectronics driver
[    1.509147] ehci-exynos: EHCI EXYNOS driver
[    1.513506] ehci-atmel: EHCI Atmel driver
[    1.517658] tegra-ehci: Tegra EHCI driver
[    1.524492] tegra-ehci 7d004000.usb: EHCI Host Controller
[    1.529906] tegra-ehci 7d004000.usb: new USB bus registered, assigned bus number 1
[    1.537699] tegra-ehci 7d004000.usb: irq 354, io mem 0x7d004000
[    1.572591] tegra-ehci 7d004000.usb: USB 2.0 started, EHCI 1.10
[    1.579292] hub 1-0:1.0: USB hub found
[    1.583094] hub 1-0:1.0: 1 port detected
[    1.587534] ohci_hcd: USB 1.1 'Open' Host Controller (OHCI) Driver
[    1.593751] ohci-pci: OHCI PCI platform driver
[    1.598229] ohci-platform: OHCI generic platform driver
[    1.603640] ohci-omap3: OHCI OMAP3 driver
[    1.607784] SPEAr-ohci: OHCI SPEAr driver
[    1.611936] ohci-st: OHCI STMicroelectronics driver
[    1.616965] ohci-atmel: OHCI Atmel driver
[    1.621756] usbcore: registered new interface driver usb-storage
[    1.629346] mousedev: PS/2 mouse device common for all mice
[    1.637920] as3722-rtc as3722-rtc: rtc core: registered as3722-rtc as rtc0
[    1.644808] as3722-rtc as3722-rtc: RTC interrupt 377
[    1.653082] tegra_rtc 7000e000.rtc: rtc core: registered 7000e000.rtc as rtc1
[    1.660240] tegra_rtc 7000e000.rtc: Tegra internal Real Time Clock
[    1.666981] i2c /dev entries driver
[    1.677377] 0-004c supply vcc not found, using dummy regulator
[    1.693234] sdhci: Secure Digital Host Controller Interface driver
[    1.699406] sdhci: Copyright(c) Pierre Ossman
[    1.705419] Synopsys Designware Multimedia Card Interface Driver
[    1.712630] sdhci-pltfm: SDHCI platform and OF driver helper
[    1.719036] sdhci-tegra 700b0400.sdhci: Got CD GPIO
[    1.723945] sdhci-tegra 700b0400.sdhci: Got WP GPIO
[    1.729060] mmc0: Unknown controller version (3). You may experience problems.
[    1.736380] mmc0: Invalid maximum block size, assuming 512 bytes
[    1.802593] mmc0: SDHCI controller on 700b0600.sdhci [700b0600.sdhci] using ADMA
[    1.811989] ledtrig-cpu: registered to indicate activity on CPUs
[    1.818401] usbcore: registered new interface driver usbhid
[    1.823986] usbhid: USB HID core driver
[    1.831725] NET: Registered protocol family 10
[    1.837033] Segment Routing with IPv6
[    1.840742] sit: IPv6, IPv4 and MPLS over IPv4 tunneling driver
[    1.847216] NET: Registered protocol family 17
[    1.851662] can: controller area network core (rev 20120528 abi 9)
[    1.857905] NET: Registered protocol family 29
[    1.862343] can: raw protocol (rev 20120528)
[    1.866624] can: broadcast manager protocol (rev 20161123 t)
[    1.872280] can: netlink gateway (rev 20130117) max_hops=1
[    1.878070] Key type dns_resolver registered
[    1.882873] ThumbEE CPU extension supported.
[    1.887143] Registering SWP/SWPB emulation handler
[    1.906159] +3.3V_RUN: supplied by +3.3V_SYS
[    1.911638] +USB0_VBUS_SW: supplied by +5V_SYS
[    1.916349] +3.3V_AVDD_HDMI_AP_GATED: supplied by +3.3V_RUN
[    1.922268] +5V_USB_HS: supplied by +5V_SYS
[    1.927981] +3.3V_LP0: supplied by +3.3V_SYS
[    1.934067] +5V_HDMI_CON: supplied by +5V_SYS
[    1.939111] +5V_SATA: supplied by +5V_SYS
[    1.943819] +12V_SATA: supplied by +VDD_MUX
[    1.949868] usb2-0 supply vbus not found, using dummy regulator
[    1.952123] mmc0: new high speed MMC card at address 0001
[    1.953616] mmcblk0: mmc0:0001 SEM16G 14.7 GiB 
[    1.954422] mmcblk0boot0: mmc0:0001 SEM16G partition 1 4.00 MiB
[    1.955218] mmcblk0boot1: mmc0:0001 SEM16G partition 2 4.00 MiB
[    1.955996] mmcblk0rpmb: mmc0:0001 SEM16G partition 3 4.00 MiB
[    1.958921]  mmcblk0: p1
[    1.986175] usb2-1 supply vbus not found, using dummy regulator
[    1.992356] usb3-0 supply vbus not found, using dummy regulator
[    1.999555] tegra-pcie 1003000.pcie-controller: 2x1, 1x1 configuration
[    2.006219] tegra-pcie 1003000.pcie-controller: Failed to get supply 'avddio-pex': -517
[    2.017418] tegra124-dfll 70110000.clock: couldn't get vdd_cpu regulator
[    2.028319] tegra-hdmi 54280000.hdmi: failed to get PLL regulator
[    2.039494] as3722-sd2: supplied by +5V_SYS
[    2.044060] as3722-sd3: supplied by +5V_SYS
[    2.048472] as3722-sd4: supplied by +5V_SYS
[    2.053000] as3722-sd5: supplied by +5V_SYS
[    2.058914] as3722-ldo0: supplied by +1.35V_LP0(sd2)
[    2.064795] as3722-ldo1: supplied by +3.3V_RUN
[    2.069565] as3722-ldo2: supplied by +1.8V_VDDIO
[    2.075133] as3722-ldo3: supplied by +3.3V_SYS
[    2.080440] as3722-ldo4: supplied by +3.3V_SYS
[    2.085327] as3722-ldo5: supplied by +1.8V_VDDIO
[    2.090276] as3722-ldo6: supplied by +3.3V_RUN
[    2.095113] as3722-ldo7: supplied by +1.8V_VDDIO
[    2.100392] +1.05V_RUN_CAM_REAR: Bringing 0uV into 1050000-1050000uV
[    2.107496] as3722-ldo9: supplied by +5V_SYS
[    2.113275] +3.3V_RUN_TOUCH: Bringing 0uV into 2800000-2800000uV
[    2.119820] as3722-ldo10: supplied by +5V_SYS
[    2.124772] +2.8V_RUN_CAM_AF: Bringing 0uV into 2800000-2800000uV
[    2.131593] as3722-ldo11: supplied by +3.3V_RUN
[    2.136924] +1.8V_RUN_VPP_FUSE: Bringing 0uV into 1800000-1800000uV
[    2.146992] tegra-ahci 70027000.sata: AHCI 0001.0301 32 slots 2 ports 3 Gbps 0x1 impl platform mode
[    2.156079] tegra-ahci 70027000.sata: flags: 64bit ncq sntf pm led pio slum part sadm sds apst 
[    2.166678] scsi host0: tegra-ahci
[    2.171297] scsi host1: tegra-ahci
[    2.175034] ata1: SATA max UDMA/133 mmio [mem 0x70027000-0x70028fff] port 0x100 irq 345
[    2.183047] ata2: DUMMY
[    2.188905] tegra-ehci 7d008000.usb: EHCI Host Controller
[    2.194360] tegra-ehci 7d008000.usb: new USB bus registered, assigned bus number 2
[    2.202087] tegra-ehci 7d008000.usb: irq 355, io mem 0x7d008000
[    2.232690] tegra-ehci 7d008000.usb: USB 2.0 started, EHCI 1.10
[    2.239710] hub 2-0:1.0: USB hub found
[    2.243570] hub 2-0:1.0: 1 port detected
[    2.250051] sdhci-tegra 700b0400.sdhci: Got CD GPIO
[    2.255001] sdhci-tegra 700b0400.sdhci: Got WP GPIO
[    2.260077] mmc1: Unknown controller version (3). You may experience problems.
[    2.267405] mmc1: Invalid maximum block size, assuming 512 bytes
[    2.333140] mmc1: SDHCI controller on 700b0400.sdhci [700b0400.sdhci] using ADMA
[    2.341289] tegra-pcie 1003000.pcie-controller: 2x1, 1x1 configuration
[    2.349872] tegra-pcie 1003000.pcie-controller: probing port 0, using 2 lanes
[    2.359240] tegra-pcie 1003000.pcie-controller: Slot present pin change, signature: 00000008
[    2.383683] tegra-pcie 1003000.pcie-controller: probing port 1, using 1 lanes
[    2.392898] tegra-pcie 1003000.pcie-controller: Slot present pin change, signature: 00000000
[    2.406946] tegra-pcie 1003000.pcie-controller: PCI host bridge to bus 0000:00
[    2.414215] pci_bus 0000:00: root bus resource [io  0x0000-0xffff]
[    2.420402] pci_bus 0000:00: root bus resource [mem 0x13000000-0x1fffffff]
[    2.427308] pci_bus 0000:00: root bus resource [mem 0x20000000-0x3fffffff pref]
[    2.434659] pci_bus 0000:00: root bus resource [bus 00-ff]
[    2.440187] pci 0000:00:01.0: [10de:0e12] type 01 class 0x060400
[    2.446320] pci_bus 0000:00: 2-byte config write to 0000:00:01.0 offset 0x52 may corrupt adjacent RW1C bits
[    2.456145] pci 0000:00:01.0: PME# supported from D0 D1 D2 D3hot D3cold
[    2.462806] pci_bus 0000:00: 2-byte config write to 0000:00:01.0 offset 0x4c may corrupt adjacent RW1C bits
[    2.472841] pci 0000:00:02.0: [10de:0e13] type 01 class 0x060400
[    2.478926] pci_bus 0000:00: 2-byte config write to 0000:00:02.0 offset 0x52 may corrupt adjacent RW1C bits
[    2.488748] pci 0000:00:02.0: PME# supported from D0 D1 D2 D3hot D3cold
[    2.495409] pci_bus 0000:00: 2-byte config write to 0000:00:02.0 offset 0x4c may corrupt adjacent RW1C bits
[    2.505434] pci_bus 0000:00: 2-byte config write to 0000:00:01.0 offset 0x3e may corrupt adjacent RW1C bits
[    2.515222] pci_bus 0000:00: 2-byte config write to 0000:00:02.0 offset 0x3e may corrupt adjacent RW1C bits
[    2.516260] ata1: SATA link down (SStatus 0 SControl 300)
[    2.530390] pci_bus 0000:00: 2-byte config write to 0000:00:01.0 offset 0x4 may corrupt adjacent RW1C bits
[    2.540048] pci_bus 0000:00: 1-byte config write to 0000:00:01.0 offset 0xc may corrupt adjacent RW1C bits
[    2.549707] pci_bus 0000:00: 2-byte config write to 0000:00:02.0 offset 0x4 may corrupt adjacent RW1C bits
[    2.559367] pci_bus 0000:00: 1-byte config write to 0000:00:02.0 offset 0xc may corrupt adjacent RW1C bits
[    2.569048] PCI: bus0: Fast back to back transfers disabled
[    2.574637] pci 0000:00:01.0: bridge configuration invalid ([bus 00-00]), reconfiguring
[    2.582664] pci 0000:00:02.0: bridge configuration invalid ([bus 00-00]), reconfiguring
[    2.590884] pci 0000:01:00.0: [8086:4232] type 00 class 0x028000
[    2.596967] pci 0000:01:00.0: reg 0x10: [mem 0x00000000-0x00001fff 64bit]
[    2.603964] pci 0000:01:00.0: PME# supported from D0 D3hot D3cold
[    2.626114] mmc1: new high speed SDHC card at address aaaa
[    2.632373] mmcblk1: mmc1:aaaa SD04G 3.69 GiB 
[    2.637167] PCI: bus1: Fast back to back transfers disabled
[    2.642795] pci_bus 0000:01: busn_res: [bus 01-ff] end is updated to 01
[    2.649611] pci 0000:02:00.0: [10ec:8168] type 00 class 0x020000
[    2.655656] pci 0000:02:00.0: reg 0x10: [io  0x0000-0x00ff]
[    2.661252] pci 0000:02:00.0: reg 0x18: [mem 0x00000000-0x00000fff 64bit]
[    2.668079] pci 0000:02:00.0: reg 0x20: [mem 0x00000000-0x00003fff 64bit pref]
[    2.675458] pci 0000:02:00.0: supports D1 D2
[    2.679725] pci 0000:02:00.0: PME# supported from D0 D1 D2 D3hot D3cold
[    2.699361]  mmcblk1: p1 p2 p3
[    2.712717] PCI: bus2: Fast back to back transfers disabled
[    2.718297] pci_bus 0000:02: busn_res: [bus 02-ff] end is updated to 02
[    2.725140] pci 0000:00:01.0: BAR 8: assigned [mem 0x13000000-0x130fffff]
[    2.731934] pci 0000:00:02.0: BAR 8: assigned [mem 0x13100000-0x131fffff]
[    2.738765] pci 0000:00:02.0: BAR 9: assigned [mem 0x20000000-0x200fffff 64bit pref]
[    2.746543] pci 0000:00:02.0: BAR 7: assigned [io  0x1000-0x1fff]
[    2.752659] pci 0000:01:00.0: BAR 0: assigned [mem 0x13000000-0x13001fff 64bit]
[    2.759988] pci 0000:00:01.0: PCI bridge to [bus 01]
[    2.764994] pci 0000:00:01.0:   bridge window [mem 0x13000000-0x130fffff]
[    2.771795] pci 0000:02:00.0: BAR 4: assigned [mem 0x20000000-0x20003fff 64bit pref]
[    2.779570] pci 0000:02:00.0: BAR 2: assigned [mem 0x13100000-0x13100fff 64bit]
[    2.786932] pci 0000:02:00.0: BAR 0: assigned [io  0x1000-0x10ff]
[    2.793046] pci 0000:00:02.0: PCI bridge to [bus 02]
[    2.798008] pci 0000:00:02.0:   bridge window [io  0x1000-0x1fff]
[    2.804138] pci 0000:00:02.0:   bridge window [mem 0x13100000-0x131fffff]
[    2.810923] pci 0000:00:02.0:   bridge window [mem 0x20000000-0x200fffff 64bit pref]
[    2.818710] pci 0000:00:01.0: nv_msi_ht_cap_quirk didn't locate host bridge
[    2.825797] pcieport 0000:00:01.0: enabling device (0140 -> 0142)
[    2.832120] pcieport 0000:00:01.0: Signaling PME with IRQ 393
[    2.837964] pci 0000:00:02.0: nv_msi_ht_cap_quirk didn't locate host bridge
[    2.845052] pcieport 0000:00:02.0: enabling device (0140 -> 0143)
[    2.851376] pcieport 0000:00:02.0: Signaling PME with IRQ 394
[    2.857391] r8169 Gigabit Ethernet driver 2.3LK-NAPI loaded
[    2.863023] r8169 0000:02:00.0: enabling device (0140 -> 0143)
[    2.894278] r8169 0000:02:00.0 eth0: RTL8168g/8111g at 0xf0b54000, 00:04:4b:3a:d9:81, XID 0c000800 IRQ 395
[    2.903968] r8169 0000:02:00.0 eth0: jumbo features [frames: 9200 bytes, tx checksumming: ko]
[    2.916816] +1.05V_RUN_AVDD_HDMI_PLL: supplied by +1.05V_RUN
[    2.924565] [drm] Supports vblank timestamp caching Rev 2 (21.10.2013).
[    2.931180] [drm] No driver support for vblank timestamp query.
[    3.059919] tegra-hdmi 54280000.hdmi: cannot set audio to 48000 Hz at 297000000 Hz pixel clock
[    3.307120] Console: switching to colour frame buffer device 512x135
[    3.405726] drm drm: fb0:  frame buffer device
[    3.410271] [drm] Initialized tegra 0.0.0 20120330 for drm on minor 0
[    3.418325] of: dev_pm_opp_of_cpumask_add_table: couldn't find opp table for cpu:0, -19
[    3.426361] cpufreq: cpufreq_online: CPU0: Running at unlisted freq: 696000 KHz
[    3.433683] cpufreq: cpufreq_online: CPU0: Unlisted initial frequency changed to: 714000 KHz
[    3.442899] input: gpio-keys as /devices/soc0/gpio-keys/input/input0
[    3.450150] as3722-rtc as3722-rtc: setting system clock to 2000-01-01 00:02:35 UTC (946684955)
[    3.459221] +USB0_VBUS_SW: disabling
[    3.462834] +1.8V_RUN_CAM: disabling
[    3.466598] +2.8V_RUN_CAM: disabling
[    3.470365] +1.2V_RUN_CAM_FRONT: disabling
[    3.474691] +1.05V_RUN_CAM_REAR: disabling
[    3.478941] +3.3V_RUN_TOUCH: disabling
[    3.482906] +2.8V_RUN_CAM_AF: disabling
[    3.486896] +1.8V_RUN_VPP_FUSE: disabling
[    3.491973] EXT4-fs (mmcblk0p1): mounting ext3 file system using the ext4 subsystem
[    3.532327] EXT4-fs (mmcblk0p1): recovery complete
[    3.537826] EXT4-fs (mmcblk0p1): mounted filesystem with ordered data mode. Opts: (null)
[    3.545951] VFS: Mounted root (ext3 filesystem) on device 179:1.
[    3.555692] devtmpfs: mounted
[    3.559267] Freeing unused kernel memory: 2048K
bash: cannot set terminal process group (-1): Inappropriate ioctl for device
bash: no job control in this shell
root@(none):/# 