
U-Boot SPL 2014.01-00219-gc4d376f (Feb 18 2014 - 19:57:32)


U-Boot 2014.01-00219-gc4d376f (Feb 18 2014 - 19:57:32)

TEGRA114
Board: NVIDIA Dalmore
I2C:   ready
DRAM:  2 GiB
MMC:   Tegra SD/MMC: 0, Tegra SD/MMC: 1
In:    serial
Out:   serial
Err:   serial
Net:   Net Initialization Skipped
No ethernet found.
Hit any key to stop autoboot:  2  0 
Tegra114 (Dalmore) # 
Tegra114 (Dalmore) # usb reset
(Re)start USB...
USB0:   USB EHCI 1.10
scanning bus 0 for devices... 2 USB Device(s) found
       scanning usb for storage devices... 0 Storage Device(s) found
       scanning usb for ethernet devices... 
Warning: asx0 using MAC address from net device
1 Ethernet Device(s) found
Tegra114 (Dalmore) # setenv bootargs 'ignore_loglevel console=ttyS0,115200n8 rw root=PARTUUID=7369c667-ff51-ec4a-29cd-baabf2fbe346 rootwait gpt debug earlyprintk init=/bin/bash'
Tegra114 (Dalmore) # setenv ipaddr 192.168.100.100; setenv serverip 192.168.100.1; setenv tftpserverip 192.168.100.1
Tegra114 (Dalmore) # tftpboot 0x81000000 zImage.multi_v7_defconfig
Using asx0 device
TFTP from server 192.168.100.1; our IP address is 192.168.100.100
Filename 'zImage.multi_v7_defconfig'.
Load address: 0x81000000
Loading: *#################################################################
	 #################################################################
	 #################################################################
	 #################################################################
	 #################################################################
	 #################################################################
	 #################################################################
	 #################################################################
	 ####################
	 3.2 MiB/s
done
Bytes transferred = 7915464 (78c7c8 hex)
Tegra114 (Dalmore) # tftpboot 0x82000000 tegra114-dalmore.dtb
Using asx0 device
TFTP from server 192.168.100.1; our IP address is 192.168.100.100
Filename 'tegra114-dalmore.dtb'.
Load address: 0x82000000
Loading: *###
	 2.8 MiB/s
done
Bytes transferred = 35044 (88e4 hex)
Tegra114 (Dalmore) # bootz 0x81000000 - 0x82000000
Kernel image @ 0x81000000 [ 0x000000 - 0x78c7c8 ]
## Flattened Device Tree blob at 82000000
   Booting using the fdt blob at 0x82000000
   Loading Device Tree to 8fff4000, end 8ffff8e3 ... OK

Starting kernel ...

[    0.000000] Booting Linux on physical CPU 0x0
[    0.000000] Linux version 4.12.0-rc1-170893-ge99b6f1 (jonathanh@sellafield) (gcc version 4.7.3 20130328 (prerelease) (crosstool-NG linaro-1.13.1-4.7-2013.04-20130415 - Linaro GCC 2013.04) ) #1 SMP Tue May 30 03:52:36 PDT 2017
[    0.000000] CPU: ARMv7 Processor [412fc0f2] revision 2 (ARMv7), cr=10c5387d
[    0.000000] CPU: div instructions available: patching division code
[    0.000000] CPU: PIPT / VIPT nonaliasing data cache, PIPT instruction cache
[    0.000000] OF: fdt: Machine model: NVIDIA Tegra114 Dalmore evaluation board
[    0.000000] debug: ignoring loglevel setting.
[    0.000000] Memory policy: Data cache writealloc
[    0.000000] efi: Getting EFI parameters from FDT:
[    0.000000] efi: UEFI not found.
[    0.000000] cma: Reserved 64 MiB at 0xfb800000
[    0.000000] On node 0 totalpages: 524032
[    0.000000] free_area_init_node: node 0, pgdat c157fd40, node_mem_map eeff8000
[    0.000000]   DMA zone: 1536 pages used for memmap
[    0.000000]   DMA zone: 0 pages reserved
[    0.000000]   DMA zone: 196608 pages, LIFO batch:31
[    0.000000]   HighMem zone: 327424 pages, LIFO batch:31
[    0.000000] percpu: Embedded 17 pages/cpu @eef98000 s39168 r8192 d22272 u69632
[    0.000000] pcpu-alloc: s39168 r8192 d22272 u69632 alloc=17*4096
[    0.000000] pcpu-alloc: [0] 0 [0] 1 [0] 2 [0] 3 
[    0.000000] Built 1 zonelists in Zone order, mobility grouping on.  Total pages: 522496
[    0.000000] Kernel command line: ignore_loglevel console=ttyS0,115200n8 rw root=PARTUUID=7369c667-ff51-ec4a-29cd-baabf2fbe346 rootwait gpt debug earlyprintk init=/bin/bash
[    0.000000] PID hash table entries: 4096 (order: 2, 16384 bytes)
[    0.000000] Dentry cache hash table entries: 131072 (order: 7, 524288 bytes)
[    0.000000] Inode-cache hash table entries: 65536 (order: 6, 262144 bytes)
[    0.000000] Memory: 1993540K/2096128K available (10240K kernel code, 1566K rwdata, 4388K rodata, 2048K init, 409K bss, 37052K reserved, 65536K cma-reserved, 1244160K highmem)
[    0.000000] Virtual kernel memory layout:
[    0.000000]     vector  : 0xffff0000 - 0xffff1000   (   4 kB)
[    0.000000]     fixmap  : 0xffc00000 - 0xfff00000   (3072 kB)
[    0.000000]     vmalloc : 0xf0800000 - 0xff800000   ( 240 MB)
[    0.000000]     lowmem  : 0xc0000000 - 0xf0000000   ( 768 MB)
[    0.000000]     pkmap   : 0xbfe00000 - 0xc0000000   (   2 MB)
[    0.000000]     modules : 0xbf000000 - 0xbfe00000   (  14 MB)
[    0.000000]       .text : 0xc0208000 - 0xc0d00000   (11232 kB)
[    0.000000]       .init : 0xc1200000 - 0xc1400000   (2048 kB)
[    0.000000]       .data : 0xc1400000 - 0xc15879b0   (1567 kB)
[    0.000000]        .bss : 0xc1590d04 - 0xc15f74d8   ( 410 kB)
[    0.000000] SLUB: HWalign=64, Order=0-3, MinObjects=0, CPUs=4, Nodes=1
[    0.000000] Hierarchical RCU implementation.
[    0.000000] 	RCU debugfs-based tracing is enabled.
[    0.000000] 	RCU restricting CPUs from NR_CPUS=16 to nr_cpu_ids=4.
[    0.000000] RCU: Adjusting geometry for rcu_fanout_leaf=16, nr_cpu_ids=4
[    0.000000] NR_IRQS:16 nr_irqs:16 16
[    0.000000] /interrupt-controller@60004000: 160 interrupts forwarded to /interrupt-controller@50041000
[    0.000000] Tegra clk 127: register failed with -17
[    0.000008] sched_clock: 32 bits at 1000kHz, resolution 1000ns, wraps every 2147483647500ns
[    0.000028] clocksource: timer_us: mask: 0xffffffff max_cycles: 0xffffffff, max_idle_ns: 1911260446275 ns
[    0.000044] Switching to timer-based delay loop, resolution 1000ns
[    0.003111] arch_timer: cp15 timer(s) running at 12.00MHz (virt).
[    0.003131] clocksource: arch_sys_counter: mask: 0xffffffffffffff max_cycles: 0x2c47f4ee7, max_idle_ns: 440795202497 ns
[    0.003150] sched_clock: 56 bits at 12MHz, resolution 83ns, wraps every 4398046511096ns
[    0.003165] Switching to timer-based delay loop, resolution 83ns
[    0.003569] Console: colour dummy device 80x30
[    0.003599] Calibrating delay loop (skipped), value calculated using timer frequency.. 24.00 BogoMIPS (lpj=120000)
[    0.003618] pid_max: default: 32768 minimum: 301
[    0.003711] Mount-cache hash table entries: 2048 (order: 1, 8192 bytes)
[    0.003724] Mountpoint-cache hash table entries: 2048 (order: 1, 8192 bytes)
[    0.004236] CPU: Testing write buffer coherency: ok
[    0.004474] /cpus/cpu@0 missing clock-frequency property
[    0.004505] /cpus/cpu@1 missing clock-frequency property
[    0.004536] /cpus/cpu@2 missing clock-frequency property
[    0.004567] /cpus/cpu@3 missing clock-frequency property
[    0.004581] CPU0: thread -1, cpu 0, socket 0, mpidr 80000000
[    0.004875] Setting up static identity map for 0x80300000 - 0x803000a0
[    0.007389] Tegra Revision: A01 SKU: 0 CPU Process: 1 SoC Process: 0
[    0.008010] EFI services will not be available.
[    0.008242] smp: Bringing up secondary CPUs ...
[    0.008877] CPU1: thread -1, cpu 1, socket 0, mpidr 80000001
[    0.009591] CPU2: thread -1, cpu 2, socket 0, mpidr 80000002
[    0.010281] CPU3: thread -1, cpu 3, socket 0, mpidr 80000003
[    0.010368] smp: Brought up 1 node, 4 CPUs
[    0.010390] SMP: Total of 4 processors activated (96.00 BogoMIPS).
[    0.010400] CPU: All CPU(s) started in SVC mode.
[    0.011888] devtmpfs: initialized
[    0.021049] VFP support v0.3: implementor 41 architecture 4 part 30 variant f rev 0
[    0.021392] clocksource: jiffies: mask: 0xffffffff max_cycles: 0xffffffff, max_idle_ns: 19112604462750000 ns
[    0.021411] futex hash table entries: 1024 (order: 4, 65536 bytes)
[    0.022903] pinctrl core: initialized pinctrl subsystem
[    0.024664] NET: Registered protocol family 16
[    0.026873] DMA: preallocated 256 KiB pool for atomic coherent allocations
[    0.029012] cpuidle: using governor menu
[    0.051775] No ATAGs?
[    0.051901] hw-breakpoint: found 5 (+1 reserved) breakpoint and 4 watchpoint registers.
[    0.051918] hw-breakpoint: maximum watchpoint size is 8 bytes.
[    0.057445] Serial: AMBA PL011 UART driver
[    0.058190] tegra-mc 70019000.memory-controller: no memory timings for RAM code 3 registered
[    0.072808] AT91: Could not find identification node
[    0.073322] dvdd_ts: Failed to request enable GPIO61: -517
[    0.073343] reg-fixed-voltage regulators:regulator@1: Failed to register regulator: -517
[    0.073449] usb1_vbus: Failed to request enable GPIO108: -517
[    0.073464] reg-fixed-voltage regulators:regulator@3: Failed to register regulator: -517
[    0.073568] usb2_vbus: Failed to request enable GPIO86: -517
[    0.073583] reg-fixed-voltage regulators:regulator@4: Failed to register regulator: -517
[    0.074020] VDD_5V0_HDMI_CON: Failed to request enable GPIO81: -517
[    0.074035] reg-fixed-voltage regulators:regulator@7: Failed to register regulator: -517
[    0.076464] vgaarb: loaded
[    0.077214] SCSI subsystem initialized
[    0.077375] libata version 3.00 loaded.
[    0.077597] usbcore: registered new interface driver usbfs
[    0.077651] usbcore: registered new interface driver hub
[    0.077713] usbcore: registered new device driver usb
[    0.080906] tps65090 2-0048: No cache defaults, reading back from HW
[    0.082794] TPS65090_RAILSDCDC1: supplied by vdd_ac_bat
[    0.083869] TPS65090_RAILSDCDC2: supplied by vdd_ac_bat
[    0.084930] TPS65090_RAILSDCDC3: supplied by vdd_ac_bat
[    0.085452] TPS65090_RAILSFET1: supplied by vdd_ac_bat
[    0.085819] TPS65090_RAILSFET2: supplied by vdd_ac_bat
[    0.086177] TPS65090_RAILSFET3: supplied by vdd-sys-3v3
[    0.086690] TPS65090_RAILSFET4: supplied by vdd-sys-3v3
[    0.087215] TPS65090_RAILSFET5: supplied by vdd-sys-3v3
[    0.087733] TPS65090_RAILSFET6: supplied by vdd-sys-3v3
[    0.088560] TPS65090_RAILSFET7: supplied by vdd-sys-3v3
[    0.089079] TPS65090_RAILSLDO1: supplied by vdd_ac_bat
[    0.089284] TPS65090_RAILSLDO2: supplied by vdd_ac_bat
[    0.090193] palmas 2-0058: Irq flag is 0x00000004
[    0.092131] palmas 2-0058: Muxing GPIO ff, PWM 0, LED 0
[    0.094620] SMPS12: supplied by vdd-ao
[    0.095636] vdd_hdmi_5v0: supplied by vdd-sys-5v0
[    0.096441] SMPS3: supplied by vdd-ao
[    0.098163] SMPS457: supplied by vdd-sys-3v3
[    0.099794] SMPS6: supplied by regulator-dummy
[    0.101191] SMPS8: supplied by vdd-sys-3v3
[    0.101845] random: fast init done
[    0.102783] SMPS9: supplied by vdd-sys-3v3
[    0.103308] sdhci-vdd-sd-slot: Bringing 2840000uV into 2800000-2800000uV
[    0.104689] SMPS10_OUT2: supplied by regulator-dummy
[    0.105532] SMPS10_OUT1: supplied by regulator-dummy
[    0.106381] LDO1: supplied by vdd-sys-3v3
[    0.107493] LDO2: supplied by vdd-sys-3v3
[    0.108617] LDO3: supplied by vddio-1v8
[    0.109729] LDO4: supplied by vdd-sys-3v3
[    0.110847] LDO5: supplied by vdd_ac_bat
[    0.111539] LDO6: supplied by vdd-sys-3v3
[    0.112047] vdd-sensor-2v85: Bringing 2900000uV into 2850000-2850000uV
[    0.113387] LDO7: supplied by vdd-sys-3v3
[    0.115015] LDO8: supplied by vdd-ao
[    0.115538] vdd-rtc: Bringing 675000uV into 900000-900000uV
[    0.123857] LDO9: supplied by sdhci-vdd-sd-slot
[    0.134177] LDOLN: supplied by vdd-sys-5v0
[    0.135299] LDOUSB: supplied by vdd-sys-5v0
[    0.146463] pps_core: LinuxPPS API ver. 1 registered
[    0.146473] pps_core: Software ver. 5.3.6 - Copyright 2005-2007 Rodolfo Giometti <giometti@linux.it>
[    0.146497] PTP clock support registered
[    0.146679] EDAC MC: Ver: 3.0.0
[    0.148790] clocksource: Switched to clocksource arch_sys_counter
[    0.205825] NET: Registered protocol family 2
[    0.206348] TCP established hash table entries: 8192 (order: 3, 32768 bytes)
[    0.206449] TCP bind hash table entries: 8192 (order: 4, 65536 bytes)
[    0.206638] TCP: Hash tables configured (established 8192 bind 8192)
[    0.206725] UDP hash table entries: 512 (order: 2, 16384 bytes)
[    0.206769] UDP-Lite hash table entries: 512 (order: 2, 16384 bytes)
[    0.206922] NET: Registered protocol family 1
[    0.207245] RPC: Registered named UNIX socket transport module.
[    0.207257] RPC: Registered udp transport module.
[    0.207266] RPC: Registered tcp transport module.
[    0.207276] RPC: Registered tcp NFSv4.1 backchannel transport module.
[    0.207290] PCI: CLS 0 bytes, default 64
[    0.209775] workingset: timestamp_bits=30 max_order=19 bucket_order=0
[    0.218409] squashfs: version 4.0 (2009/01/31) Phillip Lougher
[    0.219170] NFS: Registering the id_resolver key type
[    0.219195] Key type id_resolver registered
[    0.219205] Key type id_legacy registered
[    0.219248] ntfs: driver 2.1.32 [Flags: R/O].
[    0.220938] bounce: pool size: 64 pages
[    0.220981] Block layer SCSI generic (bsg) driver version 0.4 loaded (major 248)
[    0.220993] io scheduler noop registered
[    0.221004] io scheduler deadline registered
[    0.221034] io scheduler cfq registered (default)
[    0.221044] io scheduler mq-deadline registered
[    0.221055] io scheduler kyber registered
[    0.247937] tegra_dma_runtime_resume-1507
[    0.251101] tegra-apbdma 6000a000.dma: Tegra20 APB DMA driver register 32 channels
[    0.253613] tegra-pmc 7000e400.pmc: i2c-thermtrip node not found, emergency thermal reset disabled.
[    0.308017] Serial: 8250/16550 driver, 4 ports, IRQ sharing disabled
[    0.310752] console [ttyS0] disabled
[    0.310793] 70006300.serial: ttyS0 at MMIO 0x70006300 (irq = 329, base_baud = 25500000) is a Tegra
[    1.312545] console [ttyS0] enabled
[    1.316761] SuperH (H)SCI(F) driver initialized
[    1.322203] msm_serial: driver initialized
[    1.326464] STMicroelectronics ASC driver initialized
[    1.336787] tegra-hdmi 54280000.hdmi: failed to get HDMI regulator
[    1.361176] brd: module loaded
[    1.371636] loop: module loaded
[    1.381568] spi-tegra114 7000da00.spi: Dma channel is not available: -19
[    1.390206] libphy: Fixed MDIO Bus: probed
[    1.395460] CAN device driver interface
[    1.400188] bgmac_bcma: Broadcom 47xx GBit MAC driver loaded
[    1.407039] e1000e: Intel(R) PRO/1000 Network Driver - 3.2.6-k
[    1.412881] e1000e: Copyright(c) 1999 - 2015 Intel Corporation.
[    1.418862] igb: Intel(R) Gigabit Ethernet Network Driver - version 5.4.0-k
[    1.425813] igb: Copyright (c) 2007-2014 Intel Corporation.
[    1.434558] pegasus: v0.9.3 (2013/04/25), Pegasus/Pegasus II USB Ethernet driver
[    1.442005] usbcore: registered new interface driver pegasus
[    1.447700] usbcore: registered new interface driver asix
[    1.453144] usbcore: registered new interface driver ax88179_178a
[    1.459278] usbcore: registered new interface driver cdc_ether
[    1.465150] usbcore: registered new interface driver smsc75xx
[    1.470957] usbcore: registered new interface driver smsc95xx
[    1.476727] usbcore: registered new interface driver net1080
[    1.482425] usbcore: registered new interface driver cdc_subset
[    1.488368] usbcore: registered new interface driver zaurus
[    1.494002] usbcore: registered new interface driver cdc_ncm
[    1.501533] ehci_hcd: USB 2.0 'Enhanced' Host Controller (EHCI) Driver
[    1.508052] ehci-pci: EHCI PCI platform driver
[    1.512545] ehci-platform: EHCI generic platform driver
[    1.517942] ehci-orion: EHCI orion driver
[    1.522103] SPEAr-ehci: EHCI SPEAr driver
[    1.526237] ehci-st: EHCI STMicroelectronics driver
[    1.531250] ehci-exynos: EHCI EXYNOS driver
[    1.535567] ehci-atmel: EHCI Atmel driver
[    1.539706] tegra-ehci: Tegra EHCI driver
[    1.543998] ohci_hcd: USB 1.1 'Open' Host Controller (OHCI) Driver
[    1.550201] ohci-pci: OHCI PCI platform driver
[    1.554678] ohci-platform: OHCI generic platform driver
[    1.560054] ohci-omap3: OHCI OMAP3 driver
[    1.564178] SPEAr-ohci: OHCI SPEAr driver
[    1.568307] ohci-st: OHCI STMicroelectronics driver
[    1.573322] ohci-atmel: OHCI Atmel driver
[    1.577988] usbcore: registered new interface driver usb-storage
[    1.589566] palmas-rtc 7000d000.i2c:tps65913@58:rtc: rtc core: registered 7000d000.i2c:tps659 as rtc0
[    1.600620] tegra_rtc 7000e000.rtc: rtc core: registered 7000e000.rtc as rtc1
[    1.607780] tegra_rtc 7000e000.rtc: Tegra internal Real Time Clock
[    1.614458] i2c /dev entries driver
[    1.624100] sbs-battery 0-000b: sbs_probe: Failed to get device status
[    1.630658] sbs-battery: probe of 0-000b failed with error -121
[    1.646673] sdhci: Secure Digital Host Controller Interface driver
[    1.652873] sdhci: Copyright(c) Pierre Ossman
[    1.658633] Synopsys Designware Multimedia Card Interface Driver
[    1.665805] sdhci-pltfm: SDHCI platform and OF driver helper
[    1.672179] sdhci-tegra 78000400.sdhci: Got CD GPIO
[    1.677068] sdhci-tegra 78000400.sdhci: Got WP GPIO
[    1.690285] mmc0: Invalid maximum block size, assuming 512 bytes
[    1.758923] mmc0: SDHCI controller on 78000400.sdhci [78000400.sdhci] using ADMA
[    1.775573] mmc1: Invalid maximum block size, assuming 512 bytes
[    1.838836] mmc1: SDHCI controller on 78000600.sdhci [78000600.sdhci] using ADMA
[    1.847984] ledtrig-cpu: registered to indicate activity on CPUs
[    1.854389] usbcore: registered new interface driver usbhid
[    1.859976] usbhid: USB HID core driver
[    1.867394] NET: Registered protocol family 10
[    1.872795] Segment Routing with IPv6
[    1.876510] sit: IPv6, IPv4 and MPLS over IPv4 tunneling driver
[    1.883025] NET: Registered protocol family 17
[    1.887470] can: controller area network core (rev 20170425 abi 9)
[    1.893722] NET: Registered protocol family 29
[    1.898162] can: raw protocol (rev 20170425)
[    1.902454] can: broadcast manager protocol (rev 20170425 t)
[    1.908113] can: netlink gateway (rev 20170425) max_hops=1
[    1.913914] Key type dns_resolver registered
[    1.918733] ThumbEE CPU extension supported.
[    1.923028] Registering SWP/SWPB emulation handler
[    1.941834] usb1_vbus: supplied by vdd-sys-5v0
[    1.944567] mmc0: new high speed SDHC card at address aaaa
[    1.952849] mmcblk0: mmc0:aaaa SL16G 14.8 GiB 
[    1.953219] usb2_vbus: supplied by vdd-sys-5v0
[    1.964592] VDD_5V0_HDMI_CON: supplied by vdd-sys-5v0
[    1.979426] tegra-ehci 7d008000.usb: EHCI Host Controller
[    1.983424]  mmcblk0: p1 p2 p3
[    1.987917] tegra-ehci 7d008000.usb: new USB bus registered, assigned bus number 1
[    1.995749] tegra-ehci 7d008000.usb: irq 339, io mem 0x7d008000
[    1.996239] mmc1: new high speed MMC card at address 0001
[    1.997308] mmcblk1: mmc1:0001 SEM32G 29.1 GiB 
[    1.998327] mmcblk1boot0: mmc1:0001 SEM32G partition 1 4.00 MiB
[    1.999276] mmcblk1boot1: mmc1:0001 SEM32G partition 2 4.00 MiB
[    2.000242] mmcblk1rpmb: mmc1:0001 SEM32G partition 3 4.00 MiB
[    2.004542]  mmcblk1: p1 p2 p3 p4 p5 p6 p7 p8
[    2.058927] tegra-ehci 7d008000.usb: USB 2.0 started, EHCI 1.10
[    2.066021] hub 1-0:1.0: USB hub found
[    2.069901] hub 1-0:1.0: 1 port detected
[    2.075559] input: gpio-keys as /devices/soc0/gpio-keys/input/input0
[    2.084473] palmas-rtc 7000d000.i2c:tps65913@58:rtc: setting system clock to 2001-03-23 22:29:22 UTC (985386562)
[    2.095246] vdd_hdmi_5v0: disabling
[    2.105178] dvdd_ts: disabling
[    2.108238] usb1_vbus: disabling
[    2.111533] vdd_cam_1v8_reg: disabling
[    2.115292] VDD_5V0_HDMI_CON: disabling
[    2.120779] EXT4-fs (mmcblk1p1): mounting ext3 file system using the ext4 subsystem
[    2.202923] EXT4-fs (mmcblk1p1): recovery complete
[    2.209404] EXT4-fs (mmcblk1p1): mounted filesystem with ordered data mode. Opts: (null)
[    2.217536] VFS: Mounted root (ext3 filesystem) on device 179:17.
[    2.228260] devtmpfs: mounted
[    2.233133] Freeing unused kernel memory: 2048K
bash: cannot set terminal process group (-1): Inappropriate ioctl for device
bash: no job control in this shell
root@(none):/# [    2.438916] usb 1-1: new high-speed USB device number 2 using tegra-ehci
