
U-Boot SPL 2014.01-00219-gc4d376f (Feb 18 2014 - 19:57:32)


U-Boot 2014.01-00219-gc4d376f (Feb 18 2014 - 19:57:32)

TEGRA114
Board: NVIDIA Dalmore
I2C:   ready
DRAM:  2 GiB
MMC:   Tegra SD/MMC: 0, Tegra SD/MMC: 1
In:    serial
Out:   serial
Err:   serial
Net:   Net Initialization Skipped
No ethernet found.
Hit any key to stop autoboot:  2  0 
Tegra114 (Dalmore) # 
Tegra114 (Dalmore) # usb reset
(Re)start USB...
USB0:   USB EHCI 1.10
scanning bus 0 for devices... 2 USB Device(s) found
       scanning usb for storage devices... 0 Storage Device(s) found
       scanning usb for ethernet devices... 
Warning: asx0 using MAC address from net device
1 Ethernet Device(s) found
Tegra114 (Dalmore) # setenv bootargs 'ignore_loglevel console=ttyS0,115200n8 rw root=PARTUUID=7369c667-ff51-ec4a-29cd-baabf2fbe346 rootwait gpt debug earlyprintk init=/bin/bash'
Tegra114 (Dalmore) # setenv ipaddr 192.168.100.100; setenv serverip 192.168.100.1; setenv tftpserverip 192.168.100.1
Tegra114 (Dalmore) # tftpboot 0x81000000 zImage.multi_v7_defconfig
Using asx0 device
TFTP from server 192.168.100.1; our IP address is 192.168.100.100
Filename 'zImage.multi_v7_defconfig'.
Load address: 0x81000000
Loading: *#################################################################
	 #################################################################
	 #################################################################
	 #################################################################
	 #################################################################
	 #################################################################
	 #################################################################
	 #################################################################
	 ###################
	 3.2 MiB/s
done
Bytes transferred = 7906728 (78a5a8 hex)
Tegra114 (Dalmore) # tftpboot 0x82000000 tegra114-dalmore.dtb
Using asx0 device
TFTP from server 192.168.100.1; our IP address is 192.168.100.100
Filename 'tegra114-dalmore.dtb'.
Load address: 0x82000000
Loading: *###
	 2.8 MiB/s
done
Bytes transferred = 35044 (88e4 hex)
Tegra114 (Dalmore) # bootz 0x81000000 - 0x82000000
Kernel image @ 0x81000000 [ 0x000000 - 0x78a5a8 ]
## Flattened Device Tree blob at 82000000
   Booting using the fdt blob at 0x82000000
   Loading Device Tree to 8fff4000, end 8ffff8e3 ... OK

Starting kernel ...

[    0.000000] Booting Linux on physical CPU 0x0
[    0.000000] Linux version 4.12.0-rc3-next-20170530-175078-g056c138 (jonathanh@sellafield) (gcc version 4.7.3 20130328 (prerelease) (crosstool-NG linaro-1.13.1-4.7-2013.04-20130415 - Linaro GCC 2013.04) ) #1 SMP Tue May 30 07:42:30 PDT 2017
[    0.000000] CPU: ARMv7 Processor [412fc0f2] revision 2 (ARMv7), cr=10c5387d
[    0.000000] CPU: div instructions available: patching division code
[    0.000000] CPU: PIPT / VIPT nonaliasing data cache, PIPT instruction cache
[    0.000000] OF: fdt: Machine model: NVIDIA Tegra114 Dalmore evaluation board
[    0.000000] debug: ignoring loglevel setting.
[    0.000000] Memory policy: Data cache writealloc
[    0.000000] efi: Getting EFI parameters from FDT:
[    0.000000] efi: UEFI not found.
[    0.000000] cma: Reserved 64 MiB at 0xfb800000
[    0.000000] On node 0 totalpages: 524032
[    0.000000] free_area_init_node: node 0, pgdat c157ef80, node_mem_map eeff8000
[    0.000000]   DMA zone: 1536 pages used for memmap
[    0.000000]   DMA zone: 0 pages reserved
[    0.000000]   DMA zone: 196608 pages, LIFO batch:31
[    0.000000]   HighMem zone: 327424 pages, LIFO batch:31
[    0.000000] percpu: Embedded 17 pages/cpu @eef98000 s39232 r8192 d22208 u69632
[    0.000000] pcpu-alloc: s39232 r8192 d22208 u69632 alloc=17*4096
[    0.000000] pcpu-alloc: [0] 0 [0] 1 [0] 2 [0] 3 
[    0.000000] Built 1 zonelists in Zone order, mobility grouping on.  Total pages: 522496
[    0.000000] Kernel command line: ignore_loglevel console=ttyS0,115200n8 rw root=PARTUUID=7369c667-ff51-ec4a-29cd-baabf2fbe346 rootwait gpt debug earlyprintk init=/bin/bash
[    0.000000] PID hash table entries: 4096 (order: 2, 16384 bytes)
[    0.000000] Dentry cache hash table entries: 131072 (order: 7, 524288 bytes)
[    0.000000] Inode-cache hash table entries: 65536 (order: 6, 262144 bytes)
[    0.000000] Memory: 1993552K/2096128K available (10240K kernel code, 1562K rwdata, 4380K rodata, 2048K init, 401K bss, 37040K reserved, 65536K cma-reserved, 1244160K highmem)
[    0.000000] Virtual kernel memory layout:
[    0.000000]     vector  : 0xffff0000 - 0xffff1000   (   4 kB)
[    0.000000]     fixmap  : 0xffc00000 - 0xfff00000   (3072 kB)
[    0.000000]     vmalloc : 0xf0800000 - 0xff800000   ( 240 MB)
[    0.000000]     lowmem  : 0xc0000000 - 0xf0000000   ( 768 MB)
[    0.000000]     pkmap   : 0xbfe00000 - 0xc0000000   (   2 MB)
[    0.000000]     modules : 0xbf000000 - 0xbfe00000   (  14 MB)
[    0.000000]       .text : 0xc0208000 - 0xc0d00000   (11232 kB)
[    0.000000]       .init : 0xc1200000 - 0xc1400000   (2048 kB)
[    0.000000]       .data : 0xc1400000 - 0xc1586bf0   (1563 kB)
[    0.000000]        .bss : 0xc158fcb0 - 0xc15f4158   ( 402 kB)
[    0.000000] SLUB: HWalign=64, Order=0-3, MinObjects=0, CPUs=4, Nodes=1
[    0.000000] Hierarchical RCU implementation.
[    0.000000] 	RCU event tracing is enabled.
[    0.000000] 	RCU restricting CPUs from NR_CPUS=16 to nr_cpu_ids=4.
[    0.000000] RCU: Adjusting geometry for rcu_fanout_leaf=16, nr_cpu_ids=4
[    0.000000] NR_IRQS: 16, nr_irqs: 16, preallocated irqs: 16
[    0.000000] /interrupt-controller@60004000: 160 interrupts forwarded to /interrupt-controller@50041000
[    0.000000] Tegra clk 127: register failed with -17
[    0.000009] sched_clock: 32 bits at 1000kHz, resolution 1000ns, wraps every 2147483647500ns
[    0.000028] clocksource: timer_us: mask: 0xffffffff max_cycles: 0xffffffff, max_idle_ns: 1911260446275 ns
[    0.000044] Switching to timer-based delay loop, resolution 1000ns
[    0.003194] arch_timer: cp15 timer(s) running at 12.00MHz (virt).
[    0.003214] clocksource: arch_sys_counter: mask: 0xffffffffffffff max_cycles: 0x2c47f4ee7, max_idle_ns: 440795202497 ns
[    0.003233] sched_clock: 56 bits at 12MHz, resolution 83ns, wraps every 4398046511096ns
[    0.003247] Switching to timer-based delay loop, resolution 83ns
[    0.003655] Console: colour dummy device 80x30
[    0.003685] Calibrating delay loop (skipped), value calculated using timer frequency.. 24.00 BogoMIPS (lpj=120000)
[    0.003704] pid_max: default: 32768 minimum: 301
[    0.003794] Mount-cache hash table entries: 2048 (order: 1, 8192 bytes)
[    0.003810] Mountpoint-cache hash table entries: 2048 (order: 1, 8192 bytes)
[    0.004312] CPU: Testing write buffer coherency: ok
[    0.004547] /cpus/cpu@0 missing clock-frequency property
[    0.004578] /cpus/cpu@1 missing clock-frequency property
[    0.004608] /cpus/cpu@2 missing clock-frequency property
[    0.004639] /cpus/cpu@3 missing clock-frequency property
[    0.004653] CPU0: thread -1, cpu 0, socket 0, mpidr 80000000
[    0.004945] Setting up static identity map for 0x80300000 - 0x803000a0
[    0.006163] Hierarchical SRCU implementation.
[    0.007490] Tegra Revision: A01 SKU: 0 CPU Process: 1 SoC Process: 0
[    0.008118] EFI services will not be available.
[    0.008356] smp: Bringing up secondary CPUs ...
[    0.008996] CPU1: thread -1, cpu 1, socket 0, mpidr 80000001
[    0.009726] CPU2: thread -1, cpu 2, socket 0, mpidr 80000002
[    0.010436] CPU3: thread -1, cpu 3, socket 0, mpidr 80000003
[    0.010528] smp: Brought up 1 node, 4 CPUs
[    0.010551] SMP: Total of 4 processors activated (96.00 BogoMIPS).
[    0.010560] CPU: All CPU(s) started in SVC mode.
[    0.012057] devtmpfs: initialized
[    0.021012] VFP support v0.3: implementor 41 architecture 4 part 30 variant f rev 0
[    0.021345] clocksource: jiffies: mask: 0xffffffff max_cycles: 0xffffffff, max_idle_ns: 19112604462750000 ns
[    0.021364] futex hash table entries: 1024 (order: 4, 65536 bytes)
[    0.022816] pinctrl core: initialized pinctrl subsystem
[    0.024570] NET: Registered protocol family 16
[    0.026758] DMA: preallocated 256 KiB pool for atomic coherent allocations
[    0.028882] cpuidle: using governor menu
[    0.051505] No ATAGs?
[    0.051634] hw-breakpoint: found 5 (+1 reserved) breakpoint and 4 watchpoint registers.
[    0.051650] hw-breakpoint: maximum watchpoint size is 8 bytes.
[    0.056953] Serial: AMBA PL011 UART driver
[    0.057675] tegra-mc 70019000.memory-controller: no memory timings for RAM code 3 registered
[    0.072573] AT91: Could not find identification node
[    0.073066] dvdd_ts: Failed to request enable GPIO61: -517
[    0.073088] reg-fixed-voltage regulators:regulator@1: Failed to register regulator: -517
[    0.073195] usb1_vbus: Failed to request enable GPIO108: -517
[    0.073209] reg-fixed-voltage regulators:regulator@3: Failed to register regulator: -517
[    0.073350] usb2_vbus: Failed to request enable GPIO86: -517
[    0.073365] reg-fixed-voltage regulators:regulator@4: Failed to register regulator: -517
[    0.073810] VDD_5V0_HDMI_CON: Failed to request enable GPIO81: -517
[    0.073826] reg-fixed-voltage regulators:regulator@7: Failed to register regulator: -517
[    0.076223] vgaarb: loaded
[    0.076973] SCSI subsystem initialized
[    0.077127] libata version 3.00 loaded.
[    0.077348] usbcore: registered new interface driver usbfs
[    0.077403] usbcore: registered new interface driver hub
[    0.077471] usbcore: registered new device driver usb
[    0.080639] tps65090 2-0048: No cache defaults, reading back from HW
[    0.082545] TPS65090_RAILSDCDC1: supplied by vdd_ac_bat
[    0.083617] TPS65090_RAILSDCDC2: supplied by vdd_ac_bat
[    0.084688] TPS65090_RAILSDCDC3: supplied by vdd_ac_bat
[    0.085222] TPS65090_RAILSFET1: supplied by vdd_ac_bat
[    0.085593] TPS65090_RAILSFET2: supplied by vdd_ac_bat
[    0.085952] TPS65090_RAILSFET3: supplied by vdd-sys-3v3
[    0.086475] TPS65090_RAILSFET4: supplied by vdd-sys-3v3
[    0.087005] TPS65090_RAILSFET5: supplied by vdd-sys-3v3
[    0.087525] TPS65090_RAILSFET6: supplied by vdd-sys-3v3
[    0.088369] TPS65090_RAILSFET7: supplied by vdd-sys-3v3
[    0.088898] TPS65090_RAILSLDO1: supplied by vdd_ac_bat
[    0.089106] TPS65090_RAILSLDO2: supplied by vdd_ac_bat
[    0.090001] palmas 2-0058: Irq flag is 0x00000004
[    0.091965] palmas 2-0058: Muxing GPIO ff, PWM 0, LED 0
[    0.094481] SMPS12: supplied by vdd-ao
[    0.095509] vdd_hdmi_5v0: supplied by vdd-sys-5v0
[    0.096332] SMPS3: supplied by vdd-ao
[    0.098083] SMPS457: supplied by vdd-sys-3v3
[    0.099743] SMPS6: supplied by regulator-dummy
[    0.101161] SMPS8: supplied by vdd-sys-3v3
[    0.101829] random: fast init done
[    0.102783] SMPS9: supplied by vdd-sys-3v3
[    0.103316] sdhci-vdd-sd-slot: Bringing 2840000uV into 2800000-2800000uV
[    0.104724] SMPS10_OUT2: supplied by regulator-dummy
[    0.105573] SMPS10_OUT1: supplied by regulator-dummy
[    0.106439] LDO1: supplied by vdd-sys-3v3
[    0.107565] LDO2: supplied by vdd-sys-3v3
[    0.108719] LDO3: supplied by vddio-1v8
[    0.109839] LDO4: supplied by vdd-sys-3v3
[    0.110973] LDO5: supplied by vdd_ac_bat
[    0.111680] LDO6: supplied by vdd-sys-3v3
[    0.112198] vdd-sensor-2v85: Bringing 2900000uV into 2850000-2850000uV
[    0.113553] LDO7: supplied by vdd-sys-3v3
[    0.115211] LDO8: supplied by vdd-ao
[    0.115745] vdd-rtc: Bringing 675000uV into 900000-900000uV
[    0.123953] LDO9: supplied by sdhci-vdd-sd-slot
[    0.134275] LDOLN: supplied by vdd-sys-5v0
[    0.135414] LDOUSB: supplied by vdd-sys-5v0
[    0.146573] pps_core: LinuxPPS API ver. 1 registered
[    0.146585] pps_core: Software ver. 5.3.6 - Copyright 2005-2007 Rodolfo Giometti <giometti@linux.it>
[    0.146609] PTP clock support registered
[    0.146789] EDAC MC: Ver: 3.0.0
[    0.148966] clocksource: Switched to clocksource arch_sys_counter
[    0.205372] NET: Registered protocol family 2
[    0.205890] TCP established hash table entries: 8192 (order: 3, 32768 bytes)
[    0.205991] TCP bind hash table entries: 8192 (order: 4, 65536 bytes)
[    0.206179] TCP: Hash tables configured (established 8192 bind 8192)
[    0.206265] UDP hash table entries: 512 (order: 2, 16384 bytes)
[    0.206310] UDP-Lite hash table entries: 512 (order: 2, 16384 bytes)
[    0.206464] NET: Registered protocol family 1
[    0.206788] RPC: Registered named UNIX socket transport module.
[    0.206800] RPC: Registered udp transport module.
[    0.206808] RPC: Registered tcp transport module.
[    0.206817] RPC: Registered tcp NFSv4.1 backchannel transport module.
[    0.206831] PCI: CLS 0 bytes, default 64
[    0.209169] workingset: timestamp_bits=30 max_order=19 bucket_order=0
[    0.217821] squashfs: version 4.0 (2009/01/31) Phillip Lougher
[    0.218542] NFS: Registering the id_resolver key type
[    0.218573] Key type id_resolver registered
[    0.218583] Key type id_legacy registered
[    0.218626] ntfs: driver 2.1.32 [Flags: R/O].
[    0.220398] bounce: pool size: 64 pages
[    0.220441] Block layer SCSI generic (bsg) driver version 0.4 loaded (major 248)
[    0.220454] io scheduler noop registered
[    0.220464] io scheduler deadline registered
[    0.220495] io scheduler cfq registered (default)
[    0.220506] io scheduler mq-deadline registered
[    0.220515] io scheduler kyber registered
[    0.250542] tegra-apbdma 6000a000.dma: Tegra20 APB DMA driver register 32 channels
[    0.252792] tegra-pmc 7000e400.pmc: i2c-thermtrip node not found, emergency thermal reset disabled.
[    0.309686] Serial: 8250/16550 driver, 4 ports, IRQ sharing disabled
[    0.312352] console [ttyS0] disabled
[    0.312394] 70006300.serial: ttyS0 at MMIO 0x70006300 (irq = 329, base_baud = 25500000) is a Tegra
[    1.317078] console [ttyS0] enabled
[    1.321311] SuperH (H)SCI(F) driver initialized
[    1.326694] msm_serial: driver initialized
[    1.330983] STMicroelectronics ASC driver initialized
[    1.341219] tegra-hdmi 54280000.hdmi: failed to get HDMI regulator
[    1.365415] brd: module loaded
[    1.375873] loop: module loaded
[    1.395455] m25p80 spi32766.0: w25q32dw (4096 Kbytes)
[    1.403416] libphy: Fixed MDIO Bus: probed
[    1.408563] CAN device driver interface
[    1.413208] bgmac_bcma: Broadcom 47xx GBit MAC driver loaded
[    1.420041] e1000e: Intel(R) PRO/1000 Network Driver - 3.2.6-k
[    1.425864] e1000e: Copyright(c) 1999 - 2015 Intel Corporation.
[    1.431927] igb: Intel(R) Gigabit Ethernet Network Driver - version 5.4.0-k
[    1.438877] igb: Copyright (c) 2007-2014 Intel Corporation.
[    1.447565] pegasus: v0.9.3 (2013/04/25), Pegasus/Pegasus II USB Ethernet driver
[    1.455017] usbcore: registered new interface driver pegasus
[    1.460730] usbcore: registered new interface driver asix
[    1.466154] usbcore: registered new interface driver ax88179_178a
[    1.472296] usbcore: registered new interface driver cdc_ether
[    1.478168] usbcore: registered new interface driver smsc75xx
[    1.483970] usbcore: registered new interface driver smsc95xx
[    1.489759] usbcore: registered new interface driver net1080
[    1.495442] usbcore: registered new interface driver cdc_subset
[    1.501400] usbcore: registered new interface driver zaurus
[    1.507018] usbcore: registered new interface driver cdc_ncm
[    1.514536] ehci_hcd: USB 2.0 'Enhanced' Host Controller (EHCI) Driver
[    1.521070] ehci-pci: EHCI PCI platform driver
[    1.525549] ehci-platform: EHCI generic platform driver
[    1.530965] ehci-orion: EHCI orion driver
[    1.535107] SPEAr-ehci: EHCI SPEAr driver
[    1.539251] ehci-st: EHCI STMicroelectronics driver
[    1.544244] ehci-exynos: EHCI EXYNOS driver
[    1.548556] ehci-atmel: EHCI Atmel driver
[    1.552699] tegra-ehci: Tegra EHCI driver
[    1.556992] ohci_hcd: USB 1.1 'Open' Host Controller (OHCI) Driver
[    1.563189] ohci-pci: OHCI PCI platform driver
[    1.567667] ohci-platform: OHCI generic platform driver
[    1.573048] ohci-omap3: OHCI OMAP3 driver
[    1.577172] SPEAr-ohci: OHCI SPEAr driver
[    1.581319] ohci-st: OHCI STMicroelectronics driver
[    1.586320] ohci-atmel: OHCI Atmel driver
[    1.591010] usbcore: registered new interface driver usb-storage
[    1.602629] palmas-rtc 7000d000.i2c:tps65913@58:rtc: rtc core: registered 7000d000.i2c:tps659 as rtc0
[    1.613652] tegra_rtc 7000e000.rtc: rtc core: registered 7000e000.rtc as rtc1
[    1.620837] tegra_rtc 7000e000.rtc: Tegra internal Real Time Clock
[    1.627485] i2c /dev entries driver
[    1.637135] sbs-battery 0-000b: sbs_probe: Failed to get device status
[    1.643691] sbs-battery: probe of 0-000b failed with error -121
[    1.659792] sdhci: Secure Digital Host Controller Interface driver
[    1.665963] sdhci: Copyright(c) Pierre Ossman
[    1.671708] Synopsys Designware Multimedia Card Interface Driver
[    1.678820] sdhci-pltfm: SDHCI platform and OF driver helper
[    1.685187] sdhci-tegra 78000400.sdhci: Got CD GPIO
[    1.690103] sdhci-tegra 78000400.sdhci: Got WP GPIO
[    1.703244] mmc0: Invalid maximum block size, assuming 512 bytes
[    1.769098] mmc0: SDHCI controller on 78000400.sdhci [78000400.sdhci] using ADMA
[    1.785785] mmc1: Invalid maximum block size, assuming 512 bytes
[    1.849007] mmc1: SDHCI controller on 78000600.sdhci [78000600.sdhci] using ADMA
[    1.858147] ledtrig-cpu: registered to indicate activity on CPUs
[    1.864540] usbcore: registered new interface driver usbhid
[    1.870125] usbhid: USB HID core driver
[    1.877708] NET: Registered protocol family 10
[    1.883090] Segment Routing with IPv6
[    1.886803] sit: IPv6, IPv4 and MPLS over IPv4 tunneling driver
[    1.893347] NET: Registered protocol family 17
[    1.897793] can: controller area network core (rev 20170425 abi 9)
[    1.904040] NET: Registered protocol family 29
[    1.908479] can: raw protocol (rev 20170425)
[    1.912767] can: broadcast manager protocol (rev 20170425 t)
[    1.918424] can: netlink gateway (rev 20170425) max_hops=1
[    1.924241] Key type dns_resolver registered
[    1.929112] ThumbEE CPU extension supported.
[    1.933383] Registering SWP/SWPB emulation handler
[    1.952073] usb1_vbus: supplied by vdd-sys-5v0
[    1.954754] mmc0: new high speed SDHC card at address aaaa
[    1.955344] mmcblk0: mmc0:aaaa SL16G 14.8 GiB 
[    1.967481] usb2_vbus: supplied by vdd-sys-5v0
[    1.975589] VDD_5V0_HDMI_CON: supplied by vdd-sys-5v0
[    1.980679]  mmcblk0: p1 p2 p3
[    1.993160] tegra-ehci 7d008000.usb: EHCI Host Controller
[    1.998590] tegra-ehci 7d008000.usb: new USB bus registered, assigned bus number 1
[    2.005026] mmc1: new high speed MMC card at address 0001
[    2.005894] mmcblk1: mmc1:0001 SEM32G 29.1 GiB 
[    2.006397] mmcblk1boot0: mmc1:0001 SEM32G partition 1 4.00 MiB
[    2.006987] mmcblk1boot1: mmc1:0001 SEM32G partition 2 4.00 MiB
[    2.007422] mmcblk1rpmb: mmc1:0001 SEM32G partition 3 4.00 MiB
[    2.011072]  mmcblk1: p1 p2 p3 p4 p5 p6 p7 p8
[    2.038432] tegra-ehci 7d008000.usb: irq 339, io mem 0x7d008000
[    2.069104] tegra-ehci 7d008000.usb: USB 2.0 started, EHCI 1.10
[    2.076217] hub 1-0:1.0: USB hub found
[    2.080094] hub 1-0:1.0: 1 port detected
[    2.085763] input: gpio-keys as /devices/soc0/gpio-keys/input/input0
[    2.094701] palmas-rtc 7000d000.i2c:tps65913@58:rtc: setting system clock to 2001-03-24 02:22:04 UTC (985400524)
[    2.105454] vdd_hdmi_5v0: disabling
[    2.116230] dvdd_ts: disabling
[    2.119350] usb1_vbus: disabling
[    2.122592] vdd_cam_1v8_reg: disabling
[    2.126339] VDD_5V0_HDMI_CON: disabling
[    2.131771] EXT4-fs (mmcblk1p1): mounting ext3 file system using the ext4 subsystem
[    2.155075] EXT4-fs (mmcblk1p1): recovery complete
[    2.159946] EXT4-fs (mmcblk1p1): mounted filesystem with ordered data mode. Opts: (null)
[    2.168077] VFS: Mounted root (ext3 filesystem) on device 179:17.
[    2.176688] devtmpfs: mounted
[    2.181674] Freeing unused kernel memory: 2048K
bash: cannot set terminal process group (-1): Inappropriate ioctl for device
bash: no job control in this shell
root@(none):/# [    2.439089] usb 1-1: new high-speed USB device number 2 using tegra-ehci
[    3.113935] asix 1-1:1.0 eth0: register 'asix' at usb-7d008000.usb-1, ASIX AX88772 USB 2.0 Ethernet, 00:50:b6:0d:b5:16
mount -t sysfs none /sys
root@(none):/# 
root@(none):/# mount -t debugfs none /sys/kernel/debug
root@(none):/# 
root@(none):/# rtcwake -d rtc1 -m mem -s 3
rtcwake: assuming RTC uses UTC ...
rtcwake: wakeup from "mem" using /dev/rtc1 at Thu Jan  1 00:00:19 1970
[    5.350082] PM: Syncing filesystems ... done.
[    5.355873] Freezing user space processes ... (elapsed 0.001 seconds) done.
[    5.364215] OOM killer disabled.
[    5.367440] Freezing remaining freezable tasks ... (elapsed 0.001 seconds) done.
[    5.376262] Suspending console(s) (use no_console_suspend to debug)
[    5.431020] PM: suspend of devices complete after 47.260 msecs
[    5.433877] PM: late suspend of devices complete after 2.842 msecs
[    5.435852] PM: noirq suspend of devices complete after 1.964 msecs
[    5.435858] Disabling non-boot CPUs ...
[    5.669579] IRQ17 no longer affine to CPU3
[    5.722728] Entering suspend state LP1
[    5.722728] Suspended for 6.857 seconds
[    5.722748] Enabling non-boot CPUs ...
[    5.752988] CPU1 is up
[    5.793133] CPU2 is up
[    5.833788] CPU3 is up
[    5.834946] PM: noirq resume of devices complete after 1.146 msecs
[    5.837393] PM: early resume of devices complete after 2.002 msecs
[    6.376754] PM: resume of devices complete after 539.343 msecs
[    6.440979] OOM killer enabled.
[    6.444114] Restarting tasks ... done.
root@(none):/# 
root@(none):/# rtcwake -d rtc1 -m mem -s 3
rtcwake: assuming RTC uses UTC ...
rtcwake: wakeup from "mem" using /dev/rtc1 at Thu Jan  1 00:00:28 1970
[    7.520264] PM: Syncing filesystems ... done.
[    7.525794] Freezing user space processes ... (elapsed 0.001 seconds) done.
[    7.534145] OOM killer disabled.
[    7.537368] Freezing remaining freezable tasks ... (elapsed 0.001 seconds) done.
[    7.546205] Suspending console(s) (use no_console_suspend to debug)
[    7.600689] PM: suspend of devices complete after 46.989 msecs
[    7.603881] PM: late suspend of devices complete after 3.175 msecs
[    7.605881] PM: noirq suspend of devices complete after 1.989 msecs
[    7.605887] Disabling non-boot CPUs ...
[    7.739615] IRQ17 no longer affine to CPU2
[    7.892385] Entering suspend state LP1
[    7.892385] Suspended for 8.413 seconds
[    7.892404] Enabling non-boot CPUs ...
[    7.922952] CPU1 is up
[    7.963099] CPU2 is up
[    8.003774] CPU3 is up
[    8.004910] PM: noirq resume of devices complete after 1.124 msecs
[    8.007307] PM: early resume of devices complete after 1.951 msecs
[    8.548651] PM: resume of devices complete after 541.326 msecs
[    8.612917] OOM killer enabled.
[    8.616051] Restarting tasks ... done.
root@(none):/# 
root@(none):/# rtcwake -d rtc1 -m mem -s 3
rtcwake: assuming RTC uses UTC ...
rtcwake: wakeup from "mem" using /dev/rtc1 at Thu Jan  1 00:00:38 1970
[    9.110456] PM: Syncing filesystems ... done.
[    9.115986] Freezing user space processes ... (elapsed 0.001 seconds) done.
[    9.124366] OOM killer disabled.
[    9.127602] Freezing remaining freezable tasks ... (elapsed 0.001 seconds) done.
[    9.136495] Suspending console(s) (use no_console_suspend to debug)
[    9.191188] PM: suspend of devices complete after 47.182 msecs
[    9.193878] PM: late suspend of devices complete after 2.674 msecs
[    9.195837] PM: noirq suspend of devices complete after 1.949 msecs
[    9.195842] Disabling non-boot CPUs ...
[    9.229363] IRQ17 no longer affine to CPU1
[    9.492294] Entering suspend state LP1
[    9.492294] Suspended for 6.817 seconds
[    9.492313] Enabling non-boot CPUs ...
[    9.522906] CPU1 is up
[    9.563051] CPU2 is up
[    9.603740] CPU3 is up
[    9.604873] PM: noirq resume of devices complete after 1.121 msecs
[    9.607337] PM: early resume of devices complete after 2.013 msecs
[   10.148341] PM: resume of devices complete after 540.986 msecs
[   10.212572] OOM killer enabled.
[   10.215707] Restarting tasks ... done.
root@(none):/# 
root@(none):/# rtcwake -d rtc1 -m mem -s 3
rtcwake: assuming RTC uses UTC ...
rtcwake: wakeup from "mem" using /dev/rtc1 at Thu Jan  1 00:00:47 1970
[   11.288170] PM: Syncing filesystems ... done.
[   11.293736] Freezing user space processes ... (elapsed 0.001 seconds) done.
[   11.302080] OOM killer disabled.
[   11.305303] Freezing remaining freezable tasks ... (elapsed 0.001 seconds) done.
[   11.314144] Suspending console(s) (use no_console_suspend to debug)
[   11.371244] PM: suspend of devices complete after 49.603 msecs
[   11.374059] PM: late suspend of devices complete after 2.799 msecs
[   11.376125] PM: noirq suspend of devices complete after 2.055 msecs
[   11.376130] Disabling non-boot CPUs ...
[   11.409313] IRQ17 no longer affine to CPU1
[   11.662254] Entering suspend state LP1
[   11.662254] Suspended for 8.413 seconds
[   11.662274] Enabling non-boot CPUs ...
[   11.692859] CPU1 is up
[   11.733005] CPU2 is up
[   11.773682] CPU3 is up
[   11.774809] PM: noirq resume of devices complete after 1.116 msecs
[   11.777556] PM: early resume of devices complete after 2.300 msecs
[   12.328574] PM: resume of devices complete after 551.001 msecs
[   12.392816] OOM killer enabled.
[   12.395951] Restarting tasks ... done.
root@(none):/# 
root@(none):/# rtcwake -d rtc1 -m mem -s 3
rtcwake: assuming RTC uses UTC ...
rtcwake: wakeup from "mem" using /dev/rtc1 at Thu Jan  1 00:00:57 1970
[   12.891687] PM: Syncing filesystems ... done.
[   12.897198] Freezing user space processes ... (elapsed 0.001 seconds) done.
[   12.905560] OOM killer disabled.
[   12.908796] Freezing remaining freezable tasks ... (elapsed 0.001 seconds) done.
[   12.917603] Suspending console(s) (use no_console_suspend to debug)
[   12.971147] PM: suspend of devices complete after 46.028 msecs
[   12.974209] PM: late suspend of devices complete after 3.045 msecs
[   12.976213] PM: noirq suspend of devices complete after 1.992 msecs
[   12.976219] Disabling non-boot CPUs ...
[   13.252279] Entering suspend state LP1
[   13.252279] Suspended for 6.826 seconds
[   13.252299] Enabling non-boot CPUs ...
[   13.282844] CPU1 is up
[   13.322934] CPU2 is up
[   13.363609] CPU3 is up
[   13.364738] PM: noirq resume of devices complete after 1.117 msecs
[   13.367140] PM: early resume of devices complete after 1.951 msecs
[   13.918939] PM: resume of devices complete after 551.781 msecs
[   13.979089] OOM killer enabled.
[   13.982224] Restarting tasks ... done.
root@(none):/# 
root@(none):/# rtcwake -d rtc1 -m mem -s 3
rtcwake: assuming RTC uses UTC ...
rtcwake: wakeup from "mem" using /dev/rtc1 at Thu Jan  1 00:01:06 1970
[   15.050647] PM: Syncing filesystems ... done.
[   15.056382] Freezing user space processes ... (elapsed 0.001 seconds) done.
[   15.064759] OOM killer disabled.
[   15.067981] Freezing remaining freezable tasks ... (elapsed 0.001 seconds) done.
[   15.076780] Suspending console(s) (use no_console_suspend to debug)
[   15.131173] PM: suspend of devices complete after 46.876 msecs
[   15.134279] PM: late suspend of devices complete after 3.088 msecs
[   15.136241] PM: noirq suspend of devices complete after 1.951 msecs
[   15.136246] Disabling non-boot CPUs ...
[   15.169215] IRQ17 no longer affine to CPU1
[   15.442434] Entering suspend state LP1
[   15.442434] Suspended for 8.393 seconds
[   15.442454] Enabling non-boot CPUs ...
[   15.472781] CPU1 is up
[   15.512891] CPU2 is up
[   15.553561] CPU3 is up
[   15.554701] PM: noirq resume of devices complete after 1.127 msecs
[   15.557100] PM: early resume of devices complete after 1.940 msecs
[   16.099071] PM: resume of devices complete after 541.954 msecs
[   16.163297] OOM killer enabled.
[   16.166432] Restarting tasks ... done.
root@(none):/# 
root@(none):/# rtcwake -d rtc1 -m mem -s 3
rtcwake: assuming RTC uses UTC ...
rtcwake: wakeup from "mem" using /dev/rtc1 at Thu Jan  1 00:01:16 1970
[   16.658464] PM: Syncing filesystems ... done.
[   16.664012] Freezing user space processes ... (elapsed 0.001 seconds) done.
[   16.672254] OOM killer disabled.
[   16.675476] Freezing remaining freezable tasks ... (elapsed 0.001 seconds) done.
[   16.684311] Suspending console(s) (use no_console_suspend to debug)
[   16.741094] PM: suspend of devices complete after 49.278 msecs
[   16.744129] PM: late suspend of devices complete after 3.017 msecs
[   16.746130] PM: noirq suspend of devices complete after 1.990 msecs
[   16.746135] Disabling non-boot CPUs ...
[   16.779175] IRQ17 no longer affine to CPU1
[   17.032092] Entering suspend state LP1
[   17.032092] Suspended for 6.827 seconds
[   17.032112] Enabling non-boot CPUs ...
[   17.062755] CPU1 is up
[   17.102866] CPU2 is up
[   17.143567] CPU3 is up
[   17.144711] PM: noirq resume of devices complete after 1.132 msecs
[   17.147062] PM: early resume of devices complete after 2.078 msecs
[   17.688154] PM: resume of devices complete after 541.076 msecs
[   17.752426] OOM killer enabled.
[   17.755562] Restarting tasks ... done.
root@(none):/# 
root@(none):/# rtcwake -d rtc1 -m mem -s 3
rtcwake: assuming RTC uses UTC ...
rtcwake: wakeup from "mem" using /dev/rtc1 at Thu Jan  1 00:01:25 1970
[   18.842158] PM: Syncing filesystems ... done.
[   18.847664] Freezing user space processes ... (elapsed 0.001 seconds) done.
[   18.855999] OOM killer disabled.
[   18.859251] Freezing remaining freezable tasks ... (elapsed 0.001 seconds) done.
[   18.868056] Suspending console(s) (use no_console_suspend to debug)
[   18.921235] PM: suspend of devices complete after 45.666 msecs
[   18.923974] PM: late suspend of devices complete after 2.723 msecs
[   18.925984] PM: noirq suspend of devices complete after 1.999 msecs
[   18.925990] Disabling non-boot CPUs ...
[   19.182160] Entering suspend state LP1
[   19.182160] Suspended for 8.433 seconds
[   19.182179] Enabling non-boot CPUs ...
[   19.212724] CPU1 is up
[   19.252817] CPU2 is up
[   19.293492] CPU3 is up
[   19.294635] PM: noirq resume of devices complete after 1.131 msecs
[   19.297086] PM: early resume of devices complete after 2.006 msecs
[   19.838818] PM: resume of devices complete after 541.714 msecs
[   19.898964] OOM killer enabled.
[   19.902099] Restarting tasks ... done.
root@(none):/# 
root@(none):/# rtcwake -d rtc1 -m mem -s 3
rtcwake: assuming RTC uses UTC ...
rtcwake: wakeup from "mem" using /dev/rtc1 at Thu Jan  1 00:01:35 1970
[   20.370098] PM: Syncing filesystems ... done.
[   20.375433] Freezing user space processes ... (elapsed 0.001 seconds) done.
[   20.383802] OOM killer disabled.
[   20.387025] Freezing remaining freezable tasks ... (elapsed 0.001 seconds) done.
[   20.395851] Suspending console(s) (use no_console_suspend to debug)
[   20.450829] PM: suspend of devices complete after 47.478 msecs
[   20.453680] PM: late suspend of devices complete after 2.834 msecs
[   20.455688] PM: noirq suspend of devices complete after 1.997 msecs
[   20.455693] Disabling non-boot CPUs ...
[   20.489094] IRQ17 no longer affine to CPU1
[   20.762241] Entering suspend state LP1
[   20.762241] Suspended for 6.836 seconds
[   20.762261] Enabling non-boot CPUs ...
[   20.792648] CPU1 is up
[   20.832771] CPU2 is up
[   20.873437] CPU3 is up
[   20.874570] PM: noirq resume of devices complete after 1.121 msecs
[   20.876957] PM: early resume of devices complete after 1.929 msecs
[   21.418019] PM: resume of devices complete after 541.043 msecs
[   21.482263] OOM killer enabled.
[   21.485398] Restarting tasks ... done.
root@(none):/# 
root@(none):/# rtcwake -d rtc1 -m mem -s 3
rtcwake: assuming RTC uses UTC ...
rtcwake: wakeup from "mem" using /dev/rtc1 at Thu Jan  1 00:01:44 1970
[   22.570002] PM: Syncing filesystems ... done.
[   22.575736] Freezing user space processes ... (elapsed 0.001 seconds) done.
[   22.584111] OOM killer disabled.
[   22.587334] Freezing remaining freezable tasks ... (elapsed 0.001 seconds) done.
[   22.596130] Suspending console(s) (use no_console_suspend to debug)
[   22.650932] PM: suspend of devices complete after 47.284 msecs
[   22.653685] PM: late suspend of devices complete after 2.737 msecs
[   22.655768] PM: noirq suspend of devices complete after 2.073 msecs
[   22.655774] Disabling non-boot CPUs ...
[   22.689030] IRQ17 no longer affine to CPU1
[   22.962243] Entering suspend state LP1
[   22.962243] Suspended for 8.383 seconds
[   22.962263] Enabling non-boot CPUs ...
[   22.992632] CPU1 is up
[   23.032703] CPU2 is up
[   23.073418] CPU3 is up
[   23.074529] PM: noirq resume of devices complete after 1.100 msecs
[   23.076947] PM: early resume of devices complete after 1.954 msecs
[   23.616910] PM: resume of devices complete after 539.947 msecs
[   23.681210] OOM killer enabled.
[   23.684344] Restarting tasks ... done.
root@(none):/# 
root@(none):/# NVTB SYSTEM SUSPEND TEST COMPLETE
