
U-Boot SPL 2014.07-00097-g772e173 (Jul 25 2014 - 20:02:52)


U-Boot 2014.07-00097-g772e173 (Jul 25 2014 - 20:02:52)

TEGRA124
Board: NVIDIA Jetson TK1
I2C:   ready
DRAM:  2 GiB
MMC:   Tegra SD/MMC: 0, Tegra SD/MMC: 1
In:    serial
Out:   serial
Err:   serial
Net:   Net Initialization Skipped
No ethernet found.
Hit any key to stop autoboot:  2  0 
Tegra124 (Jetson TK1) # 
Tegra124 (Jetson TK1) # usb reset
(Re)start USB...
USB0:   USB EHCI 1.10
scanning bus 0 for devices... 1 USB Device(s) found
USB1:   USB EHCI 1.10
scanning bus 1 for devices... 2 USB Device(s) found
       scanning usb for storage devices... 0 Storage Device(s) found
       scanning usb for ethernet devices... 
Warning: asx0 using MAC address from net device
1 Ethernet Device(s) found
Tegra124 (Jetson TK1) # setenv bootargs 'ignore_loglevel console=ttyS0,115200n8 rw root=/dev/mmcblk0p1 rootwait gpt debug init=/bin/bash noinitrd'
Tegra124 (Jetson TK1) # setenv ipaddr 192.168.100.102; setenv serverip 192.168.100.1; setenv tftpserverip 192.168.100.1
Tegra124 (Jetson TK1) # tftpboot 0x81000000 zImage.multi_v7_defconfig
Using asx0 device
TFTP from server 192.168.100.1; our IP address is 192.168.100.102
Filename 'zImage.multi_v7_defconfig'.
Load address: 0x81000000
Loading: *#################################################################
	 #################################################################
	 #################################################################
	 #################################################################
	 #################################################################
	 #################################################################
	 ####################################
	 3.4 MiB/s
done
Bytes transferred = 6244560 (5f48d0 hex)
Tegra124 (Jetson TK1) # tftpboot 0x82000000 tegra124-jetson-tk1.dtb
Using asx0 device
TFTP from server 192.168.100.1; our IP address is 192.168.100.102
Filename 'tegra124-jetson-tk1.dtb'.
Load address: 0x82000000
Loading: *#####
	 3 MiB/s
done
Bytes transferred = 63003 (f61b hex)
Tegra124 (Jetson TK1) # bootz 0x81000000 - 0x82000000
Kernel image @ 0x81000000 [ 0x000000 - 0x5f48d0 ]
## Flattened Device Tree blob at 82000000
   Booting using the fdt blob at 0x82000000
   Using Device Tree in place at 82000000, end 8201261a

Starting kernel ...

[    0.000000] Booting Linux on physical CPU 0x0
[    0.000000] Linux version 4.1.0-rc1-next-20150501-13857-gc387940 (pwalmsley@sellafield) (gcc version 4.7.3 20130328 (prerelease) (crosstool-NG linaro-1.13.1-4.7-2013.04-20130415 - Linaro GCC 2013.04) ) #1 SMP Fri May 1 03:02:33 PDT 2015
[    0.000000] CPU: ARMv7 Processor [413fc0f3] revision 3 (ARMv7), cr=10c5387d
[    0.000000] CPU: PIPT / VIPT nonaliasing data cache, PIPT instruction cache
[    0.000000] Machine model: NVIDIA Tegra124 Jetson TK1
[    0.000000] debug: ignoring loglevel setting.
[    0.000000] earlycon: no match for ttyS0,115200n8
[    0.000000] cma: Reserved 64 MiB at 0xfb800000
[    0.000000] Memory policy: Data cache writealloc
[    0.000000] On node 0 totalpages: 524032
[    0.000000] free_area_init_node: node 0, pgdat c0f27400, node_mem_map ee7f8000
[    0.000000]   DMA zone: 1520 pages used for memmap
[    0.000000]   DMA zone: 0 pages reserved
[    0.000000]   DMA zone: 194560 pages, LIFO batch:31
[    0.000000]   HighMem zone: 329472 pages, LIFO batch:31
[    0.000000] PERCPU: Embedded 12 pages/cpu @ee790000 s17024 r8192 d23936 u49152
[    0.000000] pcpu-alloc: s17024 r8192 d23936 u49152 alloc=12*4096
[    0.000000] pcpu-alloc: [0] 0 [0] 1 [0] 2 [0] 3 
[    0.000000] Built 1 zonelists in Zone order, mobility grouping on.  Total pages: 522512
[    0.000000] Kernel command line: ignore_loglevel console=ttyS0,115200n8 rw root=/dev/mmcblk0p1 rootwait gpt debug init=/bin/bash noinitrd
[    0.000000] PID hash table entries: 4096 (order: 2, 16384 bytes)
[    0.000000] Dentry cache hash table entries: 131072 (order: 7, 524288 bytes)
[    0.000000] Inode-cache hash table entries: 65536 (order: 6, 262144 bytes)
[    0.000000] Memory: 1999132K/2096128K available (8016K kernel code, 1020K rwdata, 3580K rodata, 820K init, 317K bss, 31460K reserved, 65536K cma-reserved, 1252352K highmem)
[    0.000000] Virtual kernel memory layout:
[    0.000000]     vector  : 0xffff0000 - 0xffff1000   (   4 kB)
[    0.000000]     fixmap  : 0xffc00000 - 0xfff00000   (3072 kB)
[    0.000000]     vmalloc : 0xf0000000 - 0xff000000   ( 240 MB)
[    0.000000]     lowmem  : 0xc0000000 - 0xef800000   ( 760 MB)
[    0.000000]     pkmap   : 0xbfe00000 - 0xc0000000   (   2 MB)
[    0.000000]     modules : 0xbf000000 - 0xbfe00000   (  14 MB)
[    0.000000]       .text : 0xc0208000 - 0xc0d5c094   (11601 kB)
[    0.000000]       .init : 0xc0d5d000 - 0xc0e2a000   ( 820 kB)
[    0.000000]       .data : 0xc0e2a000 - 0xc0f293e0   (1021 kB)
[    0.000000]        .bss : 0xc0f2c000 - 0xc0f7b6a8   ( 318 kB)
[    0.000000] SLUB: HWalign=64, Order=0-3, MinObjects=0, CPUs=4, Nodes=1
[    0.000000] Hierarchical RCU implementation.
[    0.000000] 	Additional per-CPU info printed with stalls.
[    0.000000] 	RCU restricting CPUs from NR_CPUS=16 to nr_cpu_ids=4.
[    0.000000] RCU: Adjusting geometry for rcu_fanout_leaf=16, nr_cpu_ids=4
[    0.000000] NR_IRQS:16 nr_irqs:16 16
[    0.000000] /interrupt-controller@60004000: 160 interrupts forwarded to /interrupt-controller@0,50041000
[    0.000000] L2C: failed to init: -19
[    0.000008] sched_clock: 32 bits at 1000kHz, resolution 1000ns, wraps every 2147483647500ns
[    0.000028] clocksource timer_us: mask: 0xffffffff max_cycles: 0xffffffff, max_idle_ns: 1911260446275 ns
[    0.000042] Switching to timer-based delay loop, resolution 1000ns
[    0.004369] Architected cp15 timer(s) running at 12.00MHz (virt).
[    0.004386] clocksource arch_sys_counter: mask: 0xffffffffffffff max_cycles: 0x2c47f4ee7, max_idle_ns: 440795202497 ns
[    0.004404] sched_clock: 56 bits at 12MHz, resolution 83ns, wraps every 4398046511096ns
[    0.004416] Switching to timer-based delay loop, resolution 83ns
[    0.004800] Console: colour dummy device 80x30
[    0.004824] Calibrating delay loop (skipped), value calculated using timer frequency.. 24.00 BogoMIPS (lpj=60000)
[    0.004838] pid_max: default: 32768 minimum: 301
[    0.004947] Mount-cache hash table entries: 2048 (order: 1, 8192 bytes)
[    0.004959] Mountpoint-cache hash table entries: 2048 (order: 1, 8192 bytes)
[    0.005550] CPU: Testing write buffer coherency: ok
[    0.005759] /cpus/cpu@0 missing clock-frequency property
[    0.005796] /cpus/cpu@1 missing clock-frequency property
[    0.005833] /cpus/cpu@2 missing clock-frequency property
[    0.005870] /cpus/cpu@3 missing clock-frequency property
[    0.005882] CPU0: thread -1, cpu 0, socket 0, mpidr 80000000
[    0.005929] Setting up static identity map for 0x80209000 - 0x80209098
[    0.008741] Tegra Revision: A01 SKU: 129 CPU Process: 1 Core Process: 1
[    0.009978] CPU1: thread -1, cpu 1, socket 0, mpidr 80000001
[    0.010560] CPU2: thread -1, cpu 2, socket 0, mpidr 80000002
[    0.011131] CPU3: thread -1, cpu 3, socket 0, mpidr 80000003
[    0.011194] Brought up 4 CPUs
[    0.011214] SMP: Total of 4 processors activated (96.00 BogoMIPS).
[    0.011221] CPU: All CPU(s) started in SVC mode.
[    0.011741] devtmpfs: initialized
[    0.012647] VFP support v0.3: implementor 41 architecture 4 part 30 variant f rev 0
[    0.013150] clocksource jiffies: mask: 0xffffffff max_cycles: 0xffffffff, max_idle_ns: 9556302231375000 ns
[    0.014772] pinctrl core: initialized pinctrl subsystem
[    0.033742] NET: Registered protocol family 16
[    0.035768] DMA: preallocated 256 KiB pool for atomic coherent allocations
[    0.049246] cpuidle: using governor ladder
[    0.064262] cpuidle: using governor menu
[    0.080384] No ATAGs?
[    0.080420] hw-breakpoint: found 5 (+1 reserved) breakpoint and 4 watchpoint registers.
[    0.080431] hw-breakpoint: maximum watchpoint size is 8 bytes.
[    0.084635] Serial: AMBA PL011 UART driver
[    0.114219] +USB0_VBUS_SW: Failed to request enable GPIO108: -517
[    0.114343] reg-fixed-voltage regulators:regulator@7: Failed to register regulator: -517
[    0.114583] +5V_USB_HS: Failed to request enable GPIO109: -517
[    0.114696] reg-fixed-voltage regulators:regulator@8: Failed to register regulator: -517
[    0.114980] +1.05V_RUN_AVDD_HDMI_PLL: Failed to request enable GPIO63: -517
[    0.115093] reg-fixed-voltage regulators:regulator@11: Failed to register regulator: -517
[    0.115307] +5V_HDMI_CON: Failed to request enable GPIO86: -517
[    0.115418] reg-fixed-voltage regulators:regulator@12: Failed to register regulator: -517
[    0.115635] +5V_SATA: Failed to request enable GPIO242: -517
[    0.115746] reg-fixed-voltage regulators:regulator@13: Failed to register regulator: -517
[    0.115961] +12V_SATA: Failed to request enable GPIO242: -517
[    0.116072] reg-fixed-voltage regulators:regulator@14: Failed to register regulator: -517
[    0.118918] vgaarb: loaded
[    0.119629] SCSI subsystem initialized
[    0.119808] libata version 3.00 loaded.
[    0.120139] usbcore: registered new interface driver usbfs
[    0.120206] usbcore: registered new interface driver hub
[    0.120280] usbcore: registered new device driver usb
[    0.123725] media: Linux media interface: v0.10
[    0.123797] Linux video capture interface: v2.00
[    0.123843] pps_core: LinuxPPS API ver. 1 registered
[    0.123851] pps_core: Software ver. 5.3.6 - Copyright 2005-2007 Rodolfo Giometti <giometti@linux.it>
[    0.123878] PTP clock support registered
[    0.124112] EDAC MC: Ver: 3.0.0
[    0.125340] Advanced Linux Sound Architecture Driver Initialized.
[    0.126402] Switched to clocksource arch_sys_counter
[    0.136921] NET: Registered protocol family 2
[    0.137519] TCP established hash table entries: 8192 (order: 3, 32768 bytes)
[    0.137608] TCP bind hash table entries: 8192 (order: 4, 65536 bytes)
[    0.137794] TCP: Hash tables configured (established 8192 bind 8192)
[    0.137844] UDP hash table entries: 512 (order: 2, 16384 bytes)
[    0.137886] UDP-Lite hash table entries: 512 (order: 2, 16384 bytes)
[    0.138059] NET: Registered protocol family 1
[    0.138304] RPC: Registered named UNIX socket transport module.
[    0.138314] RPC: Registered udp transport module.
[    0.138322] RPC: Registered tcp transport module.
[    0.138329] RPC: Registered tcp NFSv4.1 backchannel transport module.
[    0.138349] PCI: CLS 0 bytes, default 64
[    0.140636] futex hash table entries: 1024 (order: 4, 65536 bytes)
[    0.152676] squashfs: version 4.0 (2009/01/31) Phillip Lougher
[    0.153660] NFS: Registering the id_resolver key type
[    0.153689] Key type id_resolver registered
[    0.153697] Key type id_legacy registered
[    0.153765] ntfs: driver 2.1.32 [Flags: R/O].
[    0.154933] bounce: pool size: 64 pages
[    0.155164] Block layer SCSI generic (bsg) driver version 0.4 loaded (major 248)
[    0.155182] io scheduler noop registered
[    0.155197] io scheduler deadline registered
[    0.155407] io scheduler cfq registered (default)
[    0.171732] tegra-pcie 1003000.pcie-controller: 2x1, 1x1 configuration
[    0.171781] tegra-pcie 1003000.pcie-controller: Failed to get supply 'avddio-pex': -517
[    0.178463] tegra-apbdma 60020000.dma: Tegra20 APB DMA driver register 32 channels
[    0.179315] tegra-pmc 7000e400.pmc: emergency thermal reset enabled
[    0.237360] Serial: 8250/16550 driver, 4 ports, IRQ sharing disabled
[    0.239551] SuperH (H)SCI(F) driver initialized
[    0.240294] msm_serial: driver initialized
[    0.241136] console [ttyS0] disabled
[    0.241171] 70006300.serial: ttyS0 at MMIO 0x70006300 (irq = 331, base_baud = 25500000) is a Tegra
[    1.071214] console [ttyS0] enabled
[    1.075567] STMicroelectronics ASC driver initialized
[    1.082797] [drm] Initialized drm 1.1.0 20060810
[    1.089314] tegra-hdmi 54280000.hdmi: failed to get HDMI regulator
[    1.102621] loop: module loaded
[    1.106044] at24 0-0056: 256 byte 24c02 EEPROM, writable, 8 bytes/write
[    1.114004] as3722 4-0040: AS3722 with revision 0x1 found
[    1.136993] +5V_SYS: supplied by +VDD_MUX
[    1.141039] +1.05V_RUN: supplied by +5V_SYS
[    1.145339] tegra-ahci 70027000.sata: Failed to get supply 'hvdd': -517
[    1.152013] tegra-ahci 70027000.sata: Failed to get regulators
[    1.162030] m25p80 spi32765.0: w25q32dw (4096 Kbytes)
[    1.170404] CAN device driver interface
[    1.175492] igb: Intel(R) Gigabit Ethernet Network Driver - version 5.2.15-k
[    1.182547] igb: Copyright (c) 2007-2014 Intel Corporation.
[    1.190320] pegasus: v0.9.3 (2013/04/25), Pegasus/Pegasus II USB Ethernet driver
[    1.197773] usbcore: registered new interface driver pegasus
[    1.203515] usbcore: registered new interface driver asix
[    1.208981] usbcore: registered new interface driver ax88179_178a
[    1.215132] usbcore: registered new interface driver cdc_ether
[    1.221043] usbcore: registered new interface driver smsc75xx
[    1.226869] usbcore: registered new interface driver smsc95xx
[    1.232672] usbcore: registered new interface driver net1080
[    1.238391] usbcore: registered new interface driver cdc_subset
[    1.244374] usbcore: registered new interface driver zaurus
[    1.250049] usbcore: registered new interface driver cdc_ncm
[    1.255968] tegra-phy 7d004000.usb-phy: no vbus regulator
[    1.263199] ehci_hcd: USB 2.0 'Enhanced' Host Controller (EHCI) Driver
[    1.269743] ehci-pci: EHCI PCI platform driver
[    1.274250] ehci-platform: EHCI generic platform driver
[    1.279697] ehci-omap: OMAP-EHCI Host Controller driver
[    1.285077] ehci-orion: EHCI orion driver
[    1.289240] SPEAr-ehci: EHCI SPEAr driver
[    1.293409] ehci-st: EHCI STMicroelectronics driver
[    1.298444] ehci-exynos: EHCI EXYNOS driver
[    1.302802] tegra-ehci: Tegra EHCI driver
[    1.307144] tegra-ehci 7d004000.usb: EHCI Host Controller
[    1.312579] tegra-ehci 7d004000.usb: new USB bus registered, assigned bus number 1
[    1.320325] tegra-ehci 7d004000.usb: irq 346, io mem 0x7d004000
[    1.331425] tegra-ehci 7d004000.usb: USB 2.0 started, EHCI 1.10
[    1.338183] hub 1-0:1.0: USB hub found
[    1.341996] hub 1-0:1.0: 1 port detected
[    1.346549] ohci_hcd: USB 1.1 'Open' Host Controller (OHCI) Driver
[    1.352756] ohci-pci: OHCI PCI platform driver
[    1.357270] ohci-platform: OHCI generic platform driver
[    1.362681] ohci-omap3: OHCI OMAP3 driver
[    1.366849] SPEAr-ohci: OHCI SPEAr driver
[    1.371005] ohci-st: OHCI STMicroelectronics driver
[    1.376133] usbcore: registered new interface driver usb-storage
[    1.383665] mousedev: PS/2 mouse device common for all mice
[    1.393111] as3722-rtc as3722-rtc: rtc core: registered as3722-rtc as rtc0
[    1.400002] as3722-rtc as3722-rtc: RTC interrupt 365
[    1.408226] tegra_rtc 7000e000.rtc: rtc core: registered 7000e000.rtc as rtc1
[    1.415409] tegra_rtc 7000e000.rtc: Tegra internal Real Time Clock
[    1.422200] i2c /dev entries driver
[    1.428661] usbcore: registered new interface driver uvcvideo
[    1.434418] USB Video Class driver (1.1.1)
[    1.438532] gspca_main: v2.14.0 registered
[    1.444127] 0-004c supply vcc not found, using dummy regulator
[    1.454796] sdhci: Secure Digital Host Controller Interface driver
[    1.460988] sdhci: Copyright(c) Pierre Ossman
[    1.466810] Synopsys Designware Multimedia Card Interface Driver
[    1.473934] sdhci-pltfm: SDHCI platform and OF driver helper
[    1.480289] sdhci-tegra 700b0400.sdhci: Got CD GPIO
[    1.485193] sdhci-tegra 700b0400.sdhci: Got WP GPIO
[    1.490125] mmc0: Unknown controller version (3). You may experience problems.
[    1.497444] as3722-regulator as3722-regulator: Failed to resolve vin-ldo1-6-supply for as3722-ldo6
[    1.506409] sdhci-tegra 700b0400.sdhci: No vmmc regulator found
[    1.512483] mmc0: Unknown controller version (3). You may experience problems.
[    1.519804] sdhci-tegra 700b0600.sdhci: No vmmc regulator found
[    1.525742] sdhci-tegra 700b0600.sdhci: No vqmmc regulator found
[    1.531755] mmc0: Invalid maximum block size, assuming 512 bytes
[    1.571421] mmc0: SDHCI controller on 700b0600.sdhci [700b0600.sdhci] using ADMA 64-bit
[    1.580541] ledtrig-cpu: registered to indicate activity on CPUs
[    1.586793] usbcore: registered new interface driver usbhid
[    1.592373] usbhid: USB HID core driver
[    1.599748] usbcore: registered new interface driver snd-usb-audio
[    1.645373] mmc0: MAN_BKOPS_EN bit is not set
[    1.652954] mmc0: new high speed MMC card at address 0001
[    1.658715] mmcblk0: mmc0:0001 SEM16G 14.6 GiB 
[    1.663366] mmcblk0boot0: mmc0:0001 SEM16G partition 1 4.00 MiB
[    1.669397] mmcblk0boot1: mmc0:0001 SEM16G partition 2 4.00 MiB
[    1.675427] mmcblk0rpmb: mmc0:0001 SEM16G partition 3 4.00 MiB
[    1.683250] Primary GPT is invalid, using alternate GPT.
[    1.688603]  mmcblk0: p1 p2 p3 p4 p5 p6 p7 p8 p9
[    2.024387] tegra30-i2s 70301100.i2s: DMA channels sourced from device 70300000.ahub
[    2.040973] tegra-snd-rt5640 sound: rt5640-aif1 <-> 70301100.i2s mapping ok
[    2.050904] input: NVIDIA Tegra Jetson TK1 Headphones as /devices/soc0/sound/sound/card0/input0
[    2.061031] NET: Registered protocol family 17
[    2.065512] can: controller area network core (rev 20120528 abi 9)
[    2.071762] NET: Registered protocol family 29
[    2.076210] can: raw protocol (rev 20120528)
[    2.080498] can: broadcast manager protocol (rev 20120528 t)
[    2.086177] can: netlink gateway (rev 20130117) max_hops=1
[    2.092070] Key type dns_resolver registered
[    2.096950] ThumbEE CPU extension supported.
[    2.101230] Registering SWP/SWPB emulation handler
[    2.113956] tegra-pcie 1003000.pcie-controller: 2x1, 1x1 configuration
[    2.120820] +3.3V_SYS: supplied by +VDD_MUX
[    2.125086] +3.3V_LP0: supplied by +3.3V_SYS
[    2.129683] +1.35V_LP0(sd2): supplied by +5V_SYS
[    2.134382] +1.05V_RUN_AVDD: supplied by +1.35V_LP0(sd2)
[    2.141087] tegra-pcie 1003000.pcie-controller: probing port 0, using 2 lanes
[    2.150334] tegra-pcie 1003000.pcie-controller: Slot present pin change, signature: 00000008
[    2.581521] tegra-pcie 1003000.pcie-controller: link 0 down, retrying
[    3.017134] tegra-pcie 1003000.pcie-controller: link 0 down, retrying
[    3.452739] tegra-pcie 1003000.pcie-controller: link 0 down, retrying
[    3.461361] tegra-pcie 1003000.pcie-controller: link 0 down, ignoring
[    3.467872] tegra-pcie 1003000.pcie-controller: probing port 1, using 1 lanes
[    3.477378] tegra-pcie 1003000.pcie-controller: Slot present pin change, signature: 00000000
[    3.910721] tegra-pcie 1003000.pcie-controller: link 1 down, retrying
[    4.346377] tegra-pcie 1003000.pcie-controller: link 1 down, retrying
[    4.782201] tegra-pcie 1003000.pcie-controller: link 1 down, retrying
[    4.790825] tegra-pcie 1003000.pcie-controller: link 1 down, ignoring
[    4.797553] tegra-pcie 1003000.pcie-controller: PCI host bridge to bus 0000:00
[    4.804790] pci_bus 0000:00: root bus resource [mem 0x13000000-0x1fffffff]
[    4.811673] pci_bus 0000:00: root bus resource [mem 0x20000000-0x3fffffff pref]
[    4.818987] pci_bus 0000:00: root bus resource [bus 00-ff]
[    4.824479] pci_bus 0000:00: root bus resource [io  0x1000-0xffff]
[    4.830699] PCI: bus0: Fast back to back transfers enabled
[    4.836953] +5V_HDMI_CON: supplied by +5V_SYS
[    4.841440] +1.05V_RUN_AVDD_HDMI_PLL: supplied by +1.05V_RUN
[    4.847240] +3.3V_RUN: supplied by +3.3V_SYS
[    4.851552] +3.3V_AVDD_HDMI_AP_GATED: supplied by +3.3V_RUN
[    4.858956] [drm] Supports vblank timestamp caching Rev 2 (21.10.2013).
[    4.865622] [drm] No driver support for vblank timestamp query.
[    4.970108] tegra-hdmi 54280000.hdmi: cannot set audio to 44100 at 297000000 pclk
[    5.080243] Console: switching to colour frame buffer device 512x135
[    5.174524] drm drm: fb0:  frame buffer device
[    5.179008] drm drm: registered panic notifier
[    5.196576] [drm] Initialized tegra 0.0.0 20120330 on minor 0
[    5.203434] +5V_SATA: supplied by +5V_SYS
[    5.207574] +12V_SATA: supplied by +VDD_MUX
[    5.212151] tegra-ahci 70027000.sata: AHCI 0001.0301 32 slots 2 ports 3 Gbps 0x1 impl platform mode
[    5.221208] tegra-ahci 70027000.sata: flags: 64bit ncq sntf pm led pio slum part sadm sds apst 
[    5.232357] scsi host0: tegra-ahci
[    5.237066] scsi host1: tegra-ahci
[    5.240799] ata1: SATA max UDMA/133 mmio [mem 0x70027000-0x70028fff] port 0x100 irq 341
[    5.248827] ata2: DUMMY
[    5.252476] +5V_USB_HS: supplied by +5V_SYS
[    5.257936] tegra-ehci 7d008000.usb: EHCI Host Controller
[    5.263395] tegra-ehci 7d008000.usb: new USB bus registered, assigned bus number 2
[    5.271200] tegra-ehci 7d008000.usb: irq 347, io mem 0x7d008000
[    5.286557] tegra-ehci 7d008000.usb: USB 2.0 started, EHCI 1.10
[    5.293376] hub 2-0:1.0: USB hub found
[    5.297196] hub 2-0:1.0: 1 port detected
[    5.302561] sdhci-tegra 700b0400.sdhci: Got CD GPIO
[    5.307519] sdhci-tegra 700b0400.sdhci: Got WP GPIO
[    5.312504] mmc1: Unknown controller version (3). You may experience problems.
[    5.319902] +VDDIO_SDMMC3: supplied by +3.3V_RUN
[    5.324659] sdhci-tegra 700b0400.sdhci: No vmmc regulator found
[    5.330638] mmc1: Invalid maximum block size, assuming 512 bytes
[    5.371972] mmc1: SDHCI controller on 700b0400.sdhci [700b0400.sdhci] using ADMA 64-bit
[    5.381454] input: gpio-keys as /devices/soc0/gpio-keys/input/input1
[    5.388953] as3722-rtc as3722-rtc: setting system clock to 2000-02-01 00:00:17 UTC (949363217)
[    5.408974] +USB0_VBUS_SW: disabling
[    5.412571] +1.8V_RUN_VPP_FUSE: disabling
[    5.416726] +2.8V_RUN_CAM_AF: disabling
[    5.420676] +3.3V_RUN_TOUCH: disabling
[    5.424555] +1.05V_RUN_CAM_REAR: disabling
[    5.428779] +1.2V_RUN_CAM_FRONT: disabling
[    5.433016] +2.8V_RUN_CAM: disabling
[    5.436722] +1.8V_RUN_CAM: disabling
[    5.440720] ALSA device list:
[    5.443701]   #0: NVIDIA Tegra Jetson TK1
[    5.576579] ata1: SATA link down (SStatus 0 SControl 300)
[    5.582991] EXT4-fs (mmcblk0p1): couldn't mount as ext3 due to feature incompatibilities
[    5.591804] EXT4-fs (mmcblk0p1): couldn't mount as ext2 due to feature incompatibilities
[    5.606356] EXT4-fs (mmcblk0p1): recovery complete
[    5.611202] EXT4-fs (mmcblk0p1): mounted filesystem with ordered data mode. Opts: (null)
[    5.611335] usb 2-1: new high-speed USB device number 2 using tegra-ehci
[    5.626189] VFS: Mounted root (ext4 filesystem) on device 179:1.
[    5.636741] devtmpfs: mounted
[    5.640351] Freeing unused kernel memory: 820K (c0d5d000 - c0e2a000)
bash: cannot set terminal process group (-1): Inappropriate ioctl for device
bash: no job control in this shell
root@(none):/# 