
U-Boot SPL 2016.05-rc2 (Apr 21 2016 - 16:23:00)
Trying to boot from RAM


U-Boot 2016.05-rc2 (Apr 21 2016 - 16:23:00 -0700)

TEGRA124
Model: NVIDIA Jetson TK1
Board: NVIDIA Jetson TK1
DRAM:  2 GiB
MC:   Tegra SD/MMC: 0, Tegra SD/MMC: 1
In:    serial
Out:   serial
Err:   serial
Net:   No ethernet found.
Hit any key to stop autoboot:  2  0 
Tegra124 (Jetson TK1) # 
Tegra124 (Jetson TK1) # pci enum
Tegra124 (Jetson TK1) # setenv bootargs 'ignore_loglevel console=ttyS0,115200n8 rw root=PARTUUID=b1791faa-84e8-4e27-83a1-9fb0a77e8803 rootwait gpt debug noinitrd earlyprintk init=/bin/bash'
Tegra124 (Jetson TK1) # setenv ipaddr 192.168.100.102; setenv serverip 192.168.100.1; setenv tftpserverip 192.168.100.1
Tegra124 (Jetson TK1) # tftpboot 0x82000000 zImage.multi_v7_defconfig

Warning: eth_rtl8169 using MAC address from ROM
Using eth_rtl8169 device
TFTP from server 192.168.100.1; our IP address is 192.168.100.102
Filename 'zImage.multi_v7_defconfig'.
Load address: 0x82000000
Loading: *#################################################################
	 #################################################################
	 #################################################################
	 #################################################################
	 #################################################################
	 #################################################################
	 #################################################################
	 #########################
	 4 MiB/s
done
Bytes transferred = 7043696 (6b7a70 hex)
Tegra124 (Jetson TK1) # tftpboot 0x83000000 tegra124-jetson-tk1.dtb
Using eth_rtl8169 device
TFTP from server 192.168.100.1; our IP address is 192.168.100.102
Filename 'tegra124-jetson-tk1.dtb'.
Load address: 0x83000000
Loading: *#####
	 3.7 MiB/s
done
Bytes transferred = 66737 (104b1 hex)
Tegra124 (Jetson TK1) # bootz 0x82000000 - 0x83000000
Kernel image @ 0x82000000 [ 0x000000 - 0x6b7a70 ]
## Flattened Device Tree blob at 83000000
   Booting using the fdt blob at 0x83000000
   Using Device Tree in place at 83000000, end 830134b0

Starting kernel ...

[    0.000000] Booting Linux on physical CPU 0x0
[    0.000000] Linux version 4.6.0-rc5-next-20160428-114809-gef413b9 (pwalmsley@tamien) (gcc version 4.7.3 20130328 (prerelease) (crosstool-NG linaro-1.13.1-4.7-2013.04-20130415 - Linaro GCC 2013.04) ) #1 SMP Thu Apr 28 04:23:30 PDT 2016
[    0.000000] CPU: ARMv7 Processor [413fc0f3] revision 3 (ARMv7), cr=10c5387d
[    0.000000] CPU: div instructions available: patching division code
[    0.000000] CPU: PIPT / VIPT nonaliasing data cache, PIPT instruction cache
[    0.000000] Machine model: NVIDIA Tegra124 Jetson TK1
[    0.000000] debug: ignoring loglevel setting.
[    0.000000] cma: Reserved 64 MiB at 0xfb800000
[    0.000000] Memory policy: Data cache writealloc
[    0.000000] On node 0 totalpages: 524032
[    0.000000] free_area_init_node: node 0, pgdat c1418040, node_mem_map eeff8000
[    0.000000]   DMA zone: 1536 pages used for memmap
[    0.000000]   DMA zone: 0 pages reserved
[    0.000000]   DMA zone: 196608 pages, LIFO batch:31
[    0.000000]   HighMem zone: 327424 pages, LIFO batch:31
[    0.000000] percpu: Embedded 13 pages/cpu @eef89000 s23744 r8192 d21312 u53248
[    0.000000] pcpu-alloc: s23744 r8192 d21312 u53248 alloc=13*4096
[    0.000000] pcpu-alloc: [0] 0 [0] 1 [0] 2 [0] 3 
[    0.000000] Built 1 zonelists in Zone order, mobility grouping on.  Total pages: 522496
[    0.000000] Kernel command line: ignore_loglevel console=ttyS0,115200n8 rw root=PARTUUID=b1791faa-84e8-4e27-83a1-9fb0a77e8803 rootwait gpt debug noinitrd earlyprintk init=/bin/bash
[    0.000000] PID hash table entries: 4096 (order: 2, 16384 bytes)
[    0.000000] Dentry cache hash table entries: 131072 (order: 7, 524288 bytes)
[    0.000000] Inode-cache hash table entries: 65536 (order: 6, 262144 bytes)
[    0.000000] Memory: 1995012K/2096128K available (9527K kernel code, 1128K rwdata, 4184K rodata, 2048K init, 338K bss, 35580K reserved, 65536K cma-reserved, 1244160K highmem)
[    0.000000] Virtual kernel memory layout:
[    0.000000]     vector  : 0xffff0000 - 0xffff1000   (   4 kB)
[    0.000000]     fixmap  : 0xffc00000 - 0xfff00000   (3072 kB)
[    0.000000]     vmalloc : 0xf0800000 - 0xff800000   ( 240 MB)
[    0.000000]     lowmem  : 0xc0000000 - 0xf0000000   ( 768 MB)
[    0.000000]     pkmap   : 0xbfe00000 - 0xc0000000   (   2 MB)
[    0.000000]     modules : 0xbf000000 - 0xbfe00000   (  14 MB)
[    0.000000]       .text : 0xc0208000 - 0xc1063fe4   (14704 kB)
[    0.000000]       .init : 0xc1100000 - 0xc1300000   (2048 kB)
[    0.000000]       .data : 0xc1300000 - 0xc141a080   (1129 kB)
[    0.000000]        .bss : 0xc141c000 - 0xc1470a98   ( 339 kB)
[    0.000000] SLUB: HWalign=64, Order=0-3, MinObjects=0, CPUs=4, Nodes=1
[    0.000000] Hierarchical RCU implementation.
[    0.000000] 	Build-time adjustment of leaf fanout to 32.
[    0.000000] 	RCU restricting CPUs from NR_CPUS=16 to nr_cpu_ids=4.
[    0.000000] RCU: Adjusting geometry for rcu_fanout_leaf=32, nr_cpu_ids=4
[    0.000000] NR_IRQS:16 nr_irqs:16 16
[    0.000000] /interrupt-controller@60004000: 160 interrupts forwarded to /interrupt-controller@0,50041000
[    0.000000] Tegra clk 127: register failed with -17
[    0.000008] sched_clock: 32 bits at 1000kHz, resolution 1000ns, wraps every 2147483647500ns
[    0.000031] clocksource: timer_us: mask: 0xffffffff max_cycles: 0xffffffff, max_idle_ns: 1911260446275 ns
[    0.000045] Switching to timer-based delay loop, resolution 1000ns
[    0.005439] Architected cp15 timer(s) running at 12.00MHz (virt).
[    0.005458] clocksource: arch_sys_counter: mask: 0xffffffffffffff max_cycles: 0x2c47f4ee7, max_idle_ns: 440795202497 ns
[    0.005475] sched_clock: 56 bits at 12MHz, resolution 83ns, wraps every 4398046511096ns
[    0.005488] Switching to timer-based delay loop, resolution 83ns
[    0.005995] Console: colour dummy device 80x30
[    0.006020] Calibrating delay loop (skipped), value calculated using timer frequency.. 24.00 BogoMIPS (lpj=60000)
[    0.006034] pid_max: default: 32768 minimum: 301
[    0.006127] Mount-cache hash table entries: 2048 (order: 1, 8192 bytes)
[    0.006139] Mountpoint-cache hash table entries: 2048 (order: 1, 8192 bytes)
[    0.006731] CPU: Testing write buffer coherency: ok
[    0.006953] /cpus/cpu@0 missing clock-frequency property
[    0.006995] /cpus/cpu@1 missing clock-frequency property
[    0.007035] /cpus/cpu@2 missing clock-frequency property
[    0.007077] /cpus/cpu@3 missing clock-frequency property
[    0.007089] CPU0: thread -1, cpu 0, socket 0, mpidr 80000000
[    0.007110] Setting up static identity map for 0x80300000 - 0x80300098
[    0.010709] Tegra Revision: A01 SKU: 129 CPU Process: 1 SoC Process: 1
[    0.012170] CPU1: thread -1, cpu 1, socket 0, mpidr 80000001
[    0.015851] CPU2: thread -1, cpu 2, socket 0, mpidr 80000002
[    0.020847] CPU3: thread -1, cpu 3, socket 0, mpidr 80000003
[    0.025292] Brought up 4 CPUs
[    0.025312] SMP: Total of 4 processors activated (96.00 BogoMIPS).
[    0.025319] CPU: All CPU(s) started in SVC mode.
[    0.026796] devtmpfs: initialized
[    0.046264] VFP support v0.3: implementor 41 architecture 4 part 30 variant f rev 0
[    0.046962] clocksource: jiffies: mask: 0xffffffff max_cycles: 0xffffffff, max_idle_ns: 9556302231375000 ns
[    0.048325] pinctrl core: initialized pinctrl subsystem
[    0.049953] NET: Registered protocol family 16
[    0.051915] DMA: preallocated 256 KiB pool for atomic coherent allocations
[    0.065424] cpuidle: using governor menu
[    0.084407] No ATAGs?
[    0.084435] hw-breakpoint: found 5 (+1 reserved) breakpoint and 4 watchpoint registers.
[    0.084446] hw-breakpoint: maximum watchpoint size is 8 bytes.
[    0.090604] Serial: AMBA PL011 UART driver
[    0.120475] +5V_SYS: supplied by +VDD_MUX
[    0.120805] +3.3V_SYS: supplied by +VDD_MUX
[    0.121444] +USB0_VBUS_SW: Failed to request enable GPIO108: -517
[    0.121460] reg-fixed-voltage regulators:regulator@7: Failed to register regulator: -517
[    0.121550] +5V_USB_HS: Failed to request enable GPIO109: -517
[    0.121564] reg-fixed-voltage regulators:regulator@8: Failed to register regulator: -517
[    0.121732] +1.05V_RUN_AVDD_HDMI_PLL: Failed to request enable GPIO63: -517
[    0.121745] reg-fixed-voltage regulators:regulator@11: Failed to register regulator: -517
[    0.121833] +5V_HDMI_CON: Failed to request enable GPIO86: -517
[    0.121845] reg-fixed-voltage regulators:regulator@12: Failed to register regulator: -517
[    0.121933] +5V_SATA: Failed to request enable GPIO242: -517
[    0.121945] reg-fixed-voltage regulators:regulator@13: Failed to register regulator: -517
[    0.122032] +12V_SATA: Failed to request enable GPIO242: -517
[    0.122044] reg-fixed-voltage regulators:regulator@14: Failed to register regulator: -517
[    0.125331] vgaarb: loaded
[    0.126172] SCSI subsystem initialized
[    0.126335] libata version 3.00 loaded.
[    0.126609] usbcore: registered new interface driver usbfs
[    0.126677] usbcore: registered new interface driver hub
[    0.126754] usbcore: registered new device driver usb
[    0.130519] pps_core: LinuxPPS API ver. 1 registered
[    0.130529] pps_core: Software ver. 5.3.6 - Copyright 2005-2007 Rodolfo Giometti <giometti@linux.it>
[    0.130552] PTP clock support registered
[    0.130783] EDAC MC: Ver: 3.0.0
[    0.133954] clocksource: Switched to clocksource arch_sys_counter
[    0.145223] NET: Registered protocol family 2
[    0.145735] TCP established hash table entries: 8192 (order: 3, 32768 bytes)
[    0.145834] TCP bind hash table entries: 8192 (order: 4, 65536 bytes)
[    0.146020] TCP: Hash tables configured (established 8192 bind 8192)
[    0.146071] UDP hash table entries: 512 (order: 2, 16384 bytes)
[    0.146112] UDP-Lite hash table entries: 512 (order: 2, 16384 bytes)
[    0.146265] NET: Registered protocol family 1
[    0.146499] RPC: Registered named UNIX socket transport module.
[    0.146508] RPC: Registered udp transport module.
[    0.146515] RPC: Registered tcp transport module.
[    0.146522] RPC: Registered tcp NFSv4.1 backchannel transport module.
[    0.146532] PCI: CLS 0 bytes, default 64
[    0.147701] hw perfevents: enabled with armv7_cortex_a15 PMU driver, 7 counters available
[    0.149250] futex hash table entries: 1024 (order: 4, 65536 bytes)
[    0.149967] workingset: timestamp_bits=28 max_order=19 bucket_order=0
[    0.161528] squashfs: version 4.0 (2009/01/31) Phillip Lougher
[    0.162366] NFS: Registering the id_resolver key type
[    0.162393] Key type id_resolver registered
[    0.162400] Key type id_legacy registered
[    0.162444] ntfs: driver 2.1.32 [Flags: R/O].
[    0.163753] bounce: pool size: 64 pages
[    0.163995] Block layer SCSI generic (bsg) driver version 0.4 loaded (major 248)
[    0.164006] io scheduler noop registered
[    0.164014] io scheduler deadline registered
[    0.164046] io scheduler cfq registered (default)
[    0.169423] usb2-0 supply vbus not found, using dummy regulator
[    0.169548] usb2-1 supply vbus not found, using dummy regulator
[    0.169934] tegra-xusb-padctl 7009f000.padctl: failed to setup XUSB ports: -517
[    0.186766] tegra-pcie 1003000.pcie-controller: 2x1, 1x1 configuration
[    0.186819] tegra-pcie 1003000.pcie-controller: Failed to get supply 'avddio-pex': -517
[    0.194137] tegra-apbdma 60020000.dma: Tegra20 APB DMA driver register 32 channels
[    0.196122] tegra-pmc 7000e400.pmc: emergency thermal reset enabled
[    0.259732] Serial: 8250/16550 driver, 4 ports, IRQ sharing disabled
[    0.262693] console [ttyS0] disabled
[    0.262728] 70006300.serial: ttyS0 at MMIO 0x70006300 (irq = 333, base_baud = 25500000) is a Tegra
[    1.114526] console [ttyS0] enabled
[    1.118959] SuperH (H)SCI(F) driver initialized
[    1.124573] msm_serial: driver initialized
[    1.128867] STMicroelectronics ASC driver initialized
[    1.134862] serial-tegra serial@70006000: failed to get alias id, errno -19
[    1.141887] serial-tegra serial@70006040: failed to get alias id, errno -19
[    1.151965] [drm] Initialized drm 1.1.0 20060810
[    1.160125] tegra-hdmi 54280000.hdmi: failed to get HDMI regulator
[    1.179818] brd: module loaded
[    1.189003] loop: module loaded
[    1.192627] at24 0-0056: 256 byte 24c02 EEPROM, writable, 8 bytes/write
[    1.200916] as3722 4-0040: AS3722 with revision 0x1 found
[    1.212002] as3722-sd2: supplied by +5V_SYS
[    1.216662] as3722-sd3: supplied by +5V_SYS
[    1.221077] +1.35V_LP0(sd3): Bringing 0uV into 1350000-1350000uV
[    1.227460] as3722-sd4: supplied by +5V_SYS
[    1.232117] as3722-sd5: supplied by +5V_SYS
[    1.238184] as3722-ldo0: supplied by +1.35V_LP0(sd2)
[    1.244287] +1.8V_RUN_CAM: Bringing 0uV into 1800000-1800000uV
[    1.250545] as3722-ldo2: supplied by +1.8V_VDDIO
[    1.256472] as3722-ldo3: supplied by +3.3V_SYS
[    1.260973] +1.05V_LP0_VDD_RTC: Bringing 1100000uV into 1000000-1000000uV
[    1.268799] as3722-ldo4: supplied by +3.3V_SYS
[    1.273468] +2.8V_RUN_CAM: Bringing 0uV into 2800000-2800000uV
[    1.279721] as3722-ldo5: supplied by +1.8V_VDDIO
[    1.284564] +1.2V_RUN_CAM_FRONT: Bringing 0uV into 1200000-1200000uV
[    1.291531] +VDDIO_SDMMC3: bypassed regulator has no supply!
[    1.297204] +VDDIO_SDMMC3: failed to get the current voltage(-517)
[    1.303394] as3722-regulator as3722-regulator: regulator 13 register failed -517
[    1.315652] tegra-ahci 70027000.sata: couldn't get PHY in node sata: -517
[    1.337562] m25p80 spi32765.0: w25q32dw (4096 Kbytes)
[    1.346921] CAN device driver interface
[    1.352893] igb: Intel(R) Gigabit Ethernet Network Driver - version 5.3.0-k
[    1.359863] igb: Copyright (c) 2007-2014 Intel Corporation.
[    1.368901] pegasus: v0.9.3 (2013/04/25), Pegasus/Pegasus II USB Ethernet driver
[    1.376368] usbcore: registered new interface driver pegasus
[    1.382095] usbcore: registered new interface driver asix
[    1.387545] usbcore: registered new interface driver ax88179_178a
[    1.393687] usbcore: registered new interface driver cdc_ether
[    1.399588] usbcore: registered new interface driver smsc75xx
[    1.405402] usbcore: registered new interface driver smsc95xx
[    1.411201] usbcore: registered new interface driver net1080
[    1.416915] usbcore: registered new interface driver cdc_subset
[    1.422882] usbcore: registered new interface driver zaurus
[    1.428532] usbcore: registered new interface driver cdc_ncm
[    1.434454] tegra-phy 7d004000.usb-phy: no vbus regulator
[    1.442064] ehci_hcd: USB 2.0 'Enhanced' Host Controller (EHCI) Driver
[    1.448602] ehci-pci: EHCI PCI platform driver
[    1.453099] ehci-platform: EHCI generic platform driver
[    1.458557] ehci-omap: OMAP-EHCI Host Controller driver
[    1.463957] ehci-orion: EHCI orion driver
[    1.468120] SPEAr-ehci: EHCI SPEAr driver
[    1.472297] ehci-st: EHCI STMicroelectronics driver
[    1.477341] ehci-exynos: EHCI EXYNOS driver
[    1.481707] ehci-atmel: EHCI Atmel driver
[    1.485881] tegra-ehci: Tegra EHCI driver
[    1.490121] ------------[ cut here ]------------
[    1.494766] WARNING: CPU: 0 PID: 1 at drivers/reset/core.c:187 __of_reset_control_get+0x1bc/0x228
[    1.503638] Modules linked in:
[    1.506718] CPU: 0 PID: 1 Comm: swapper/0 Not tainted 4.6.0-rc5-next-20160428-114809-gef413b9 #1
[    1.515489] Hardware name: NVIDIA Tegra SoC (Flattened Device Tree)
[    1.521767] [<c030f9a0>] (unwind_backtrace) from [<c030b088>] (show_stack+0x10/0x14)
[    1.529509] [<c030b088>] (show_stack) from [<c0584f08>] (dump_stack+0x84/0xa4)
[    1.536729] [<c0584f08>] (dump_stack) from [<c0341b64>] (__warn+0xd4/0x100)
[    1.543688] [<c0341b64>] (__warn) from [<c0341bb0>] (warn_slowpath_null+0x20/0x28)
[    1.551253] [<c0341bb0>] (warn_slowpath_null) from [<c069b5ec>] (__of_reset_control_get+0x1bc/0x228)
[    1.560381] [<c069b5ec>] (__of_reset_control_get) from [<c090bf54>] (tegra_ehci_probe+0x2d0/0x51c)
[    1.569333] [<c090bf54>] (tegra_ehci_probe) from [<c0774044>] (platform_drv_probe+0x50/0xb0)
[    1.577764] [<c0774044>] (platform_drv_probe) from [<c07729a8>] (driver_probe_device+0x1f4/0x2b0)
[    1.586628] [<c07729a8>] (driver_probe_device) from [<c0772b10>] (__driver_attach+0xac/0xb0)
[    1.595056] [<c0772b10>] (__driver_attach) from [<c0770fbc>] (bus_for_each_dev+0x54/0x88)
[    1.603224] [<c0770fbc>] (bus_for_each_dev) from [<c0771f9c>] (bus_add_driver+0xe8/0x1f4)
[    1.611393] [<c0771f9c>] (bus_add_driver) from [<c077332c>] (driver_register+0x78/0xf4)
[    1.619389] [<c077332c>] (driver_register) from [<c0301e5c>] (do_one_initcall+0x3c/0x16c)
[    1.627559] [<c0301e5c>] (do_one_initcall) from [<c1100d80>] (kernel_init_freeable+0x120/0x1ec)
[    1.636251] [<c1100d80>] (kernel_init_freeable) from [<c0b5253c>] (kernel_init+0x8/0x118)
[    1.644422] [<c0b5253c>] (kernel_init) from [<c0307f78>] (ret_from_fork+0x14/0x3c)
[    1.652014] ---[ end trace 428763668539dcc8 ]---
[    1.656646] tegra-ehci 7d004000.usb: can't get utmi-pads reset from the PHY
[    1.663616] tegra-ehci 7d004000.usb: continuing, but please update your DT
[    1.670603] tegra-ehci 7d004000.usb: EHCI Host Controller
[    1.676036] tegra-ehci 7d004000.usb: new USB bus registered, assigned bus number 1
[    1.683889] tegra-ehci 7d004000.usb: irq 352, io mem 0x7d004000
[    1.698968] tegra-ehci 7d004000.usb: USB 2.0 started, EHCI 1.10
[    1.705749] hub 1-0:1.0: USB hub found
[    1.709548] hub 1-0:1.0: 1 port detected
[    1.714124] ohci_hcd: USB 1.1 'Open' Host Controller (OHCI) Driver
[    1.720338] ohci-pci: OHCI PCI platform driver
[    1.724845] ohci-platform: OHCI generic platform driver
[    1.730270] ohci-omap3: OHCI OMAP3 driver
[    1.734444] SPEAr-ohci: OHCI SPEAr driver
[    1.738602] ohci-st: OHCI STMicroelectronics driver
[    1.743647] ohci-atmel: OHCI Atmel driver
[    1.748509] usbcore: registered new interface driver usb-storage
[    1.756285] mousedev: PS/2 mouse device common for all mice
[    1.765399] as3722-rtc as3722-rtc: rtc core: registered as3722-rtc as rtc0
[    1.772286] as3722-rtc as3722-rtc: RTC interrupt 375
[    1.780672] tegra_rtc 7000e000.rtc: rtc core: registered 7000e000.rtc as rtc1
[    1.787862] tegra_rtc 7000e000.rtc: Tegra internal Real Time Clock
[    1.794646] i2c /dev entries driver
[    1.805217] 0-004c supply vcc not found, using dummy regulator
[    1.820494] sdhci: Secure Digital Host Controller Interface driver
[    1.826686] sdhci: Copyright(c) Pierre Ossman
[    1.832736] Synopsys Designware Multimedia Card Interface Driver
[    1.839969] sdhci-pltfm: SDHCI platform and OF driver helper
[    1.846455] sdhci-tegra 700b0400.sdhci: Got CD GPIO
[    1.851363] sdhci-tegra 700b0400.sdhci: Got WP GPIO
[    1.856301] mmc0: Unknown controller version (3). You may experience problems.
[    1.863778] mmc0: Unknown controller version (3). You may experience problems.
[    1.871068] mmc0: Invalid maximum block size, assuming 512 bytes
[    1.908970] mmc0: SDHCI controller on 700b0600.sdhci [700b0600.sdhci] using ADMA 64-bit
[    1.918677] ledtrig-cpu: registered to indicate activity on CPUs
[    1.925188] usbcore: registered new interface driver usbhid
[    1.930770] usbhid: USB HID core driver
[    1.939152] tegra124-dfll 70110000.clock: couldn't get vdd_cpu regulator
[    1.950735] NET: Registered protocol family 10
[    1.955866] sit: IPv6 over IPv4 tunneling driver
[    1.961178] NET: Registered protocol family 17
[    1.965664] can: controller area network core (rev 20120528 abi 9)
[    1.971927] NET: Registered protocol family 29
[    1.976402] can: raw protocol (rev 20120528)
[    1.980690] can: broadcast manager protocol (rev 20120528 t)
[    1.986372] can: netlink gateway (rev 20130117) max_hops=1
[    1.992264] Key type dns_resolver registered
[    1.997203] ThumbEE CPU extension supported.
[    2.001502] Registering SWP/SWPB emulation handler
[    2.010664] +3.3V_RUN: supplied by +3.3V_SYS
[    2.016222] +3.3V_AVDD_HDMI_AP_GATED: supplied by +3.3V_RUN
[    2.022379] +USB0_VBUS_SW: supplied by +5V_SYS
[    2.027501] +5V_USB_HS: supplied by +5V_SYS
[    2.033250] +3.3V_LP0: supplied by +3.3V_SYS
[    2.039368] +5V_HDMI_CON: supplied by +5V_SYS
[    2.044489] +5V_SATA: supplied by +5V_SYS
[    2.049035] +12V_SATA: supplied by +VDD_MUX
[    2.055261] usb2-0 supply vbus not found, using dummy regulator
[    2.060856] mmc0: new high speed MMC card at address 0001
[    2.061917] mmcblk0: mmc0:0001 SEM16G 14.7 GiB 
[    2.062599] mmcblk0boot0: mmc0:0001 SEM16G partition 1 4.00 MiB
[    2.063631] mmcblk0boot1: mmc0:0001 SEM16G partition 2 4.00 MiB
[    2.064245] mmcblk0rpmb: mmc0:0001 SEM16G partition 3 4.00 MiB
[    2.066685]  mmcblk0: p1
[    2.091687] usb2-1 supply vbus not found, using dummy regulator
[    2.097997] usb3-0 supply vbus not found, using dummy regulator
[    2.105267] tegra-pcie 1003000.pcie-controller: 2x1, 1x1 configuration
[    2.111909] tegra-pcie 1003000.pcie-controller: Failed to get supply 'avddio-pex': -517
[    2.121776] tegra-hdmi 54280000.hdmi: failed to get PLL regulator
[    2.132893] as3722-sd2: supplied by +5V_SYS
[    2.137550] as3722-sd3: supplied by +5V_SYS
[    2.142170] as3722-sd4: supplied by +5V_SYS
[    2.146714] +1.05V_RUN_AVDD_HDMI_PLL: supplied by +1.05V_RUN
[    2.152549] as3722-sd5: supplied by +5V_SYS
[    2.158575] as3722-ldo0: supplied by +1.35V_LP0(sd2)
[    2.164726] as3722-ldo1: supplied by +3.3V_RUN
[    2.169529] as3722-ldo2: supplied by +1.8V_VDDIO
[    2.175066] as3722-ldo3: supplied by +3.3V_SYS
[    2.180399] as3722-ldo4: supplied by +3.3V_SYS
[    2.185121] as3722-ldo5: supplied by +1.8V_VDDIO
[    2.190019] as3722-ldo6: supplied by +3.3V_RUN
[    2.194745] as3722-ldo7: supplied by +1.8V_VDDIO
[    2.200113] +1.05V_RUN_CAM_REAR: Bringing 0uV into 1050000-1050000uV
[    2.207225] as3722-ldo9: supplied by +5V_SYS
[    2.212718] +3.3V_RUN_TOUCH: Bringing 0uV into 2800000-2800000uV
[    2.219330] as3722-ldo10: supplied by +5V_SYS
[    2.224197] +2.8V_RUN_CAM_AF: Bringing 0uV into 2800000-2800000uV
[    2.230866] as3722-ldo11: supplied by +3.3V_RUN
[    2.235936] +1.8V_RUN_VPP_FUSE: Bringing 0uV into 1800000-1800000uV
[    2.245757] tegra-ahci 70027000.sata: AHCI 0001.0301 32 slots 2 ports 3 Gbps 0x1 impl platform mode
[    2.254834] tegra-ahci 70027000.sata: flags: 64bit ncq sntf pm led pio slum part sadm sds apst 
[    2.265495] scsi host0: tegra-ahci
[    2.270286] scsi host1: tegra-ahci
[    2.274084] ata1: SATA max UDMA/133 mmio [mem 0x70027000-0x70028fff] port 0x100 irq 343
[    2.282096] ata2: DUMMY
[    2.287734] tegra-ehci 7d008000.usb: EHCI Host Controller
[    2.293189] tegra-ehci 7d008000.usb: new USB bus registered, assigned bus number 2
[    2.300949] tegra-ehci 7d008000.usb: irq 353, io mem 0x7d008000
[    2.314072] tegra-ehci 7d008000.usb: USB 2.0 started, EHCI 1.10
[    2.321205] hub 2-0:1.0: USB hub found
[    2.325065] hub 2-0:1.0: 1 port detected
[    2.331556] sdhci-tegra 700b0400.sdhci: Got CD GPIO
[    2.336507] sdhci-tegra 700b0400.sdhci: Got WP GPIO
[    2.341503] mmc1: Unknown controller version (3). You may experience problems.
[    2.349035] mmc1: Invalid maximum block size, assuming 512 bytes
[    2.389503] mmc1: SDHCI controller on 700b0400.sdhci [700b0400.sdhci] using ADMA 64-bit
[    2.402080] tegra-pcie 1003000.pcie-controller: 2x1, 1x1 configuration
[    2.410852] tegra-pcie 1003000.pcie-controller: probing port 0, using 2 lanes
[    2.420247] tegra-pcie 1003000.pcie-controller: Slot present pin change, signature: 00000008
[    2.444739] tegra-pcie 1003000.pcie-controller: probing port 1, using 1 lanes
[    2.453978] tegra-pcie 1003000.pcie-controller: Slot present pin change, signature: 00000000
[    2.468797] tegra-pcie 1003000.pcie-controller: PCI host bridge to bus 0000:00
[    2.476064] pci_bus 0000:00: root bus resource [io  0x0000-0xffff]
[    2.482260] pci_bus 0000:00: root bus resource [mem 0x13000000-0x1fffffff]
[    2.489167] pci_bus 0000:00: root bus resource [mem 0x20000000-0x3fffffff pref]
[    2.496512] pci_bus 0000:00: root bus resource [bus 00-ff]
[    2.502076] pci 0000:00:01.0: [10de:0e12] type 01 class 0x060400
[    2.508222] pci 0000:00:01.0: PME# supported from D0 D1 D2 D3hot D3cold
[    2.515262] pci 0000:00:02.0: [10de:0e13] type 01 class 0x060400
[    2.521433] pci 0000:00:02.0: PME# supported from D0 D1 D2 D3hot D3cold
[    2.528450] PCI: bus0: Fast back to back transfers disabled
[    2.534074] pci 0000:00:01.0: bridge configuration invalid ([bus 00-00]), reconfiguring
[    2.542130] pci 0000:00:02.0: bridge configuration invalid ([bus 00-00]), reconfiguring
[    2.550436] pci 0000:01:00.0: [8086:4232] type 00 class 0x028000
[    2.556519] pci 0000:01:00.0: reg 0x10: [mem 0x00000000-0x00001fff 64bit]
[    2.563559] pci 0000:01:00.0: PME# supported from D0 D3hot D3cold
[    2.579107] PCI: bus1: Fast back to back transfers disabled
[    2.584745] pci_bus 0000:01: busn_res: [bus 01-ff] end is updated to 01
[    2.591676] pci 0000:02:00.0: [10ec:8168] type 00 class 0x020000
[    2.597736] ata1: SATA link down (SStatus 0 SControl 300)
[    2.597759] pci 0000:02:00.0: reg 0x10: [io  0x0000-0x00ff]
[    2.597806] pci 0000:02:00.0: reg 0x18: [mem 0x00000000-0x00000fff 64bit]
[    2.597839] pci 0000:02:00.0: reg 0x20: [mem 0x00000000-0x00003fff 64bit pref]
[    2.598027] pci 0000:02:00.0: supports D1 D2
[    2.598033] pci 0000:02:00.0: PME# supported from D0 D1 D2 D3hot D3cold
[    2.609066] PCI: bus2: Fast back to back transfers disabled
[    2.609081] pci_bus 0000:02: busn_res: [bus 02-ff] end is updated to 02
[    2.609292] pci 0000:00:01.0: BAR 8: assigned [mem 0x13000000-0x130fffff]
[    2.609302] pci 0000:00:02.0: BAR 8: assigned [mem 0x13100000-0x131fffff]
[    2.609311] pci 0000:00:02.0: BAR 9: assigned [mem 0x20000000-0x200fffff 64bit pref]
[    2.609320] pci 0000:00:02.0: BAR 7: assigned [io  0x1000-0x1fff]
[    2.609332] pci 0000:01:00.0: BAR 0: assigned [mem 0x13000000-0x13001fff 64bit]
[    2.609366] pci 0000:00:01.0: PCI bridge to [bus 01]
[    2.609377] pci 0000:00:01.0:   bridge window [mem 0x13000000-0x130fffff]
[    2.609396] pci 0000:02:00.0: BAR 4: assigned [mem 0x20000000-0x20003fff 64bit pref]
[    2.609425] pci 0000:02:00.0: BAR 2: assigned [mem 0x13100000-0x13100fff 64bit]
[    2.609453] pci 0000:02:00.0: BAR 0: assigned [io  0x1000-0x10ff]
[    2.609465] pci 0000:00:02.0: PCI bridge to [bus 02]
[    2.609472] pci 0000:00:02.0:   bridge window [io  0x1000-0x1fff]
[    2.609483] pci 0000:00:02.0:   bridge window [mem 0x13100000-0x131fffff]
[    2.609492] pci 0000:00:02.0:   bridge window [mem 0x20000000-0x200fffff 64bit pref]
[    2.609536] pci 0000:00:01.0: nv_msi_ht_cap_quirk didn't locate host bridge
[    2.609669] pcieport 0000:00:01.0: enabling device (0140 -> 0142)
[    2.609964] pcieport 0000:00:01.0: Signaling PME through PCIe PME interrupt
[    2.609970] pci 0000:01:00.0: Signaling PME through PCIe PME interrupt
[    2.609980] pcie_pme 0000:00:01.0:pcie01: service driver pcie_pme loaded
[    2.610074] pci 0000:00:02.0: nv_msi_ht_cap_quirk didn't locate host bridge
[    2.610169] pcieport 0000:00:02.0: enabling device (0140 -> 0143)
[    2.610414] pcieport 0000:00:02.0: Signaling PME through PCIe PME interrupt
[    2.610420] pci 0000:02:00.0: Signaling PME through PCIe PME interrupt
[    2.610429] pcie_pme 0000:00:02.0:pcie01: service driver pcie_pme loaded
[    2.610752] r8169 Gigabit Ethernet driver 2.3LK-NAPI loaded
[    2.610777] r8169 0000:02:00.0: enabling device (0140 -> 0143)
[    2.616125] r8169 0000:02:00.0 eth0: RTL8168g/8111g at 0xf0a52000, 00:04:4b:3a:d9:81, XID 0c000800 IRQ 393
[    2.616134] r8169 0000:02:00.0 eth0: jumbo features [frames: 9200 bytes, tx checksumming: ko]
[    2.632243] [drm] Supports vblank timestamp caching Rev 2 (21.10.2013).
[    2.632248] [drm] No driver support for vblank timestamp query.
[    2.632298] drm drm: No connectors reported connected with modes
[    2.632307] [drm] Cannot find any crtc or sizes - going 1024x768
[    2.665471] mmc1: new high speed SDHC card at address aaaa
[    2.666535] mmcblk1: mmc1:aaaa SD04G 3.69 GiB 
[    2.679645]  mmcblk1: p1 p2 p3
[    2.881744] Console: switching to colour frame buffer device 128x48
[    2.895538] drm drm: fb0:  frame buffer device
[    2.914086] [drm] Initialized tegra 0.0.0 20120330 on minor 0
[    2.921391] cpu: dev_pm_opp_of_cpumask_add_table: couldn't find opp table for cpu:0, -19
[    2.929556] cpu cpu0: dev_pm_opp_get_max_volt_latency: Invalid regulator (-6)
[    2.936697] cpufreq: cpufreq_online: CPU0: Running at unlisted freq: 696000 KHz
[    2.944062] cpufreq: cpufreq_online: CPU0: Unlisted initial frequency changed to: 714000 KHz
[    2.953215] input: gpio-keys as /devices/soc0/gpio-keys/input/input0
[    2.960449] as3722-rtc as3722-rtc: setting system clock to 2000-01-01 00:00:43 UTC (946684843)
[    2.973836] +USB0_VBUS_SW: disabling
[    2.977422] +1.8V_RUN_CAM: disabling
[    2.981243] +2.8V_RUN_CAM: disabling
[    2.985051] +1.2V_RUN_CAM_FRONT: disabling
[    2.989386] +1.05V_RUN_CAM_REAR: disabling
[    2.993693] +3.3V_RUN_TOUCH: disabling
[    2.997679] +2.8V_RUN_CAM_AF: disabling
[    3.001703] +1.8V_RUN_VPP_FUSE: disabling
[    3.007151] EXT4-fs (mmcblk0p1): mounting ext3 file system using the ext4 subsystem
[    3.029445] EXT4-fs (mmcblk0p1): recovery complete
[    3.034262] EXT4-fs (mmcblk0p1): mounted filesystem with ordered data mode. Opts: (null)
[    3.042360] VFS: Mounted root (ext3 filesystem) on device 179:1.
[    3.052588] devtmpfs: mounted
[    3.056474] Freeing unused kernel memory: 2048K (c1100000 - c1300000)
bash: cannot set terminal process group (-1): Inappropriate ioctl for device
bash: no job control in this shell
root@(none):/# mount -t sysfs none /sys
root@(none):/# 
root@(none):/# mount -t debugfs none /sys/kernel/debug
root@(none):/# 
root@(none):/# rtcwake -d rtc1 -m mem -s 3
rtcwake: assuming RTC uses UTC ...
rtcwake: wakeup from "mem" using /dev/rtc1 at Thu Jan  1 00:00:19 1970
[    6.479688] PM: Syncing filesystems ... done.
[    6.515532] Freezing user space processes ... (elapsed 0.001 seconds) done.
[    6.524478] Freezing remaining freezable tasks ... (elapsed 0.001 seconds) done.
[    6.534021] Suspending console(s) (use no_console_suspend to debug)
[    6.642423] PM: suspend of devices complete after 97.984 msecs
[    6.653016] PM: late suspend of devices complete after 10.552 msecs
[    6.674267] PM: noirq suspend of devices complete after 21.222 msecs
[    6.674277] Disabling non-boot CPUs ...
[    6.675647] IRQ16 no longer affine to CPU1
[    6.676739] CPU1: shutdown
[    6.706642] CPU2: shutdown
[    6.725826] CPU3: shutdown
[    6.752524] Entering suspend state LP1
[    6.752539] Enabling non-boot CPUs ...
[    6.774768] CPU1 is up
[    6.799838] CPU2 is up
[    6.824981] CPU3 is up
[    6.825705] pcieport 0000:00:02.0: nv_msi_ht_cap_quirk didn't locate host bridge
[    6.825811] pcieport 0000:00:01.0: nv_msi_ht_cap_quirk didn't locate host bridge
[    6.839039] PM: noirq resume of devices complete after 14.052 msecs
[    6.840859] PM: early resume of devices complete after 1.502 msecs
[    6.869695] PM: resume of devices complete after 28.825 msecs
[    6.952452] Restarting tasks ... done.
root@(none):/# 
root@(none):/# [    7.156729] ata1: SATA link down (SStatus 0 SControl 300)
rtcwake -d rtc1 -m mem -s 3
rtcwake: assuming RTC uses UTC ...
rtcwake: wakeup from "mem" using /dev/rtc1 at Thu Jan  1 00:00:23 1970
[    7.282578] PM: Syncing filesystems ... done.
[    7.294572] Freezing user space processes ... (elapsed 0.001 seconds) done.
[    7.302843] Freezing remaining freezable tasks ... (elapsed 0.001 seconds) done.
[    7.311634] Suspending console(s) (use no_console_suspend to debug)
[    7.400732] PM: suspend of devices complete after 81.725 msecs
[    7.402765] PM: late suspend of devices complete after 2.020 msecs
[    7.415309] PM: noirq suspend of devices complete after 12.536 msecs
[    7.415311] Disabling non-boot CPUs ...
[    7.416027] CPU1: shutdown
[    7.430993] CPU2: shutdown
[    7.445755] CPU3: shutdown
[    7.459851] Entering suspend state LP1
[    7.459865] Enabling non-boot CPUs ...
[    7.484746] CPU1 is up
[    7.509814] CPU2 is up
[    7.534948] CPU3 is up
[    7.535666] pcieport 0000:00:01.0: nv_msi_ht_cap_quirk didn't locate host bridge
[    7.535821] pcieport 0000:00:02.0: nv_msi_ht_cap_quirk didn't locate host bridge
[    7.549016] PM: noirq resume of devices complete after 14.062 msecs
[    7.550868] PM: early resume of devices complete after 1.505 msecs
[    7.579473] PM: resume of devices complete after 28.596 msecs
[    7.658122] Restarting tasks ... done.
root@(none):/# 
root@(none):/# [    7.866732] ata1: SATA link down (SStatus 0 SControl 300)
rtcwake -d rtc1 -m mem -s 3
rtcwake: assuming RTC uses UTC ...
rtcwake: wakeup from "mem" using /dev/rtc1 at Thu Jan  1 00:00:27 1970
[    7.993026] PM: Syncing filesystems ... done.
[    8.004828] Freezing user space processes ... (elapsed 0.001 seconds) done.
[    8.013093] Freezing remaining freezable tasks ... (elapsed 0.001 seconds) done.
[    8.021909] Suspending console(s) (use no_console_suspend to debug)
[    8.110685] PM: suspend of devices complete after 81.423 msecs
[    8.112726] PM: late suspend of devices complete after 2.028 msecs
[    8.125283] PM: noirq suspend of devices complete after 12.549 msecs
[    8.125286] Disabling non-boot CPUs ...
[    8.125998] CPU1: shutdown
[    8.140962] CPU2: shutdown
[    8.155424] IRQ16 no longer affine to CPU3
[    8.155740] CPU3: shutdown
[    8.169817] Entering suspend state LP1
[    8.169832] Enabling non-boot CPUs ...
[    8.194726] CPU1 is up
[    8.219789] CPU2 is up
[    8.244929] CPU3 is up
[    8.245677] pcieport 0000:00:01.0: nv_msi_ht_cap_quirk didn't locate host bridge
[    8.245679] pcieport 0000:00:02.0: nv_msi_ht_cap_quirk didn't locate host bridge
[    8.258992] PM: noirq resume of devices complete after 14.057 msecs
[    8.260576] PM: early resume of devices complete after 1.249 msecs
[    8.289075] PM: resume of devices complete after 28.489 msecs
[    8.371816] Restarting tasks ... done.
root@(none):/# 
root@(none):/# [    8.571697] ata1: SATA link down (SStatus 0 SControl 300)
rtcwake -d rtc1 -m mem -s 3
rtcwake: assuming RTC uses UTC ...
rtcwake: wakeup from "mem" using /dev/rtc1 at Thu Jan  1 00:00:31 1970
[    8.702745] PM: Syncing filesystems ... done.
[    8.714487] Freezing user space processes ... (elapsed 0.001 seconds) done.
[    8.722757] Freezing remaining freezable tasks ... (elapsed 0.001 seconds) done.
[    8.731557] Suspending console(s) (use no_console_suspend to debug)
[    8.820660] PM: suspend of devices complete after 81.741 msecs
[    8.822498] PM: late suspend of devices complete after 1.830 msecs
[    8.835189] PM: noirq suspend of devices complete after 12.684 msecs
[    8.835192] Disabling non-boot CPUs ...
[    8.835879] CPU1: shutdown
[    8.850953] CPU2: shutdown
[    8.865702] CPU3: shutdown
[    8.879802] Entering suspend state LP1
[    8.879816] Enabling non-boot CPUs ...
[    8.904701] CPU1 is up
[    8.929766] CPU2 is up
[    8.954907] CPU3 is up
[    8.955638] pcieport 0000:00:02.0: nv_msi_ht_cap_quirk didn't locate host bridge
[    8.955641] pcieport 0000:00:01.0: nv_msi_ht_cap_quirk didn't locate host bridge
[    8.968969] PM: noirq resume of devices complete after 14.057 msecs
[    8.970627] PM: early resume of devices complete after 1.336 msecs
[    9.000162] PM: resume of devices complete after 29.524 msecs
[    9.078863] Restarting tasks ... done.
root@(none):/# 
root@(none):/# [    9.286701] ata1: SATA link down (SStatus 0 SControl 300)
rtcwake -d rtc1 -m mem -s 3
rtcwake: assuming RTC uses UTC ...
rtcwake: wakeup from "mem" using /dev/rtc1 at Thu Jan  1 00:00:35 1970
[    9.417328] PM: Syncing filesystems ... done.
[    9.429161] Freezing user space processes ... (elapsed 0.001 seconds) done.
[    9.437419] Freezing remaining freezable tasks ... (elapsed 0.001 seconds) done.
[    9.446244] Suspending console(s) (use no_console_suspend to debug)
[    9.530785] PM: suspend of devices complete after 77.192 msecs
[    9.533954] PM: late suspend of devices complete after 3.156 msecs
[    9.550299] PM: noirq suspend of devices complete after 16.332 msecs
[    9.550303] Disabling non-boot CPUs ...
[    9.550692] IRQ16 no longer affine to CPU1
[    9.551054] CPU1: shutdown
[    9.565947] CPU2: shutdown
[    9.580607] CPU3: shutdown
[    9.594799] Entering suspend state LP1
[    9.594814] Enabling non-boot CPUs ...
[    9.619680] CPU1 is up
[    9.644746] CPU2 is up
[    9.669889] CPU3 is up
[    9.670584] pcieport 0000:00:02.0: nv_msi_ht_cap_quirk didn't locate host bridge
[    9.670686] pcieport 0000:00:01.0: nv_msi_ht_cap_quirk didn't locate host bridge
[    9.683943] PM: noirq resume of devices complete after 14.048 msecs
[    9.685792] PM: early resume of devices complete after 1.513 msecs
[    9.714499] PM: resume of devices complete after 28.698 msecs
[    9.797234] Restarting tasks ... done.
root@(none):/# 
root@(none):/# [   10.001643] ata1: SATA link down (SStatus 0 SControl 300)
rtcwake -d rtc1 -m mem -s 3
rtcwake: assuming RTC uses UTC ...
rtcwake: wakeup from "mem" using /dev/rtc1 at Thu Jan  1 00:00:39 1970
[   10.127814] PM: Syncing filesystems ... done.
[   10.139553] Freezing user space processes ... (elapsed 0.001 seconds) done.
[   10.147826] Freezing remaining freezable tasks ... (elapsed 0.001 seconds) done.
[   10.156594] Suspending console(s) (use no_console_suspend to debug)
[   10.245860] PM: suspend of devices complete after 81.891 msecs
[   10.247903] PM: late suspend of devices complete after 2.029 msecs
[   10.260206] PM: noirq suspend of devices complete after 12.295 msecs
[   10.260209] Disabling non-boot CPUs ...
[   10.260596] IRQ16 no longer affine to CPU1
[   10.260911] CPU1: shutdown
[   10.275928] CPU2: shutdown
[   10.300639] CPU3: shutdown
[   10.314760] Entering suspend state LP1
[   10.314774] Enabling non-boot CPUs ...
[   10.339656] CPU1 is up
[   10.364720] CPU2 is up
[   10.389852] CPU3 is up
[   10.390616] pcieport 0000:00:02.0: nv_msi_ht_cap_quirk didn't locate host bridge
[   10.390619] pcieport 0000:00:01.0: nv_msi_ht_cap_quirk didn't locate host bridge
[   10.403919] PM: noirq resume of devices complete after 14.061 msecs
[   10.405607] PM: early resume of devices complete after 1.366 msecs
[   10.434188] PM: resume of devices complete after 28.571 msecs
[   10.516908] Restarting tasks ... done.
root@(none):/# 
root@(none):/# [   10.721605] ata1: SATA link down (SStatus 0 SControl 300)
rtcwake -d rtc1 -m mem -s 3
rtcwake: assuming RTC uses UTC ...
rtcwake: wakeup from "mem" using /dev/rtc1 at Thu Jan  1 00:00:43 1970
[   10.847324] PM: Syncing filesystems ... done.
[   10.858898] Freezing user space processes ... (elapsed 0.001 seconds) done.
[   10.867161] Freezing remaining freezable tasks ... (elapsed 0.001 seconds) done.
[   10.875955] Suspending console(s) (use no_console_suspend to debug)
[   10.965382] PM: suspend of devices complete after 82.087 msecs
[   10.967424] PM: late suspend of devices complete after 2.028 msecs
[   10.980143] PM: noirq suspend of devices complete after 12.712 msecs
[   10.980146] Disabling non-boot CPUs ...
[   10.980853] CPU1: shutdown
[   10.995880] CPU2: shutdown
[   11.010633] CPU3: shutdown
[   11.024723] Entering suspend state LP1
[   11.024738] Enabling non-boot CPUs ...
[   11.049630] CPU1 is up
[   11.074701] CPU2 is up
[   11.099832] CPU3 is up
[   11.100576] pcieport 0000:00:01.0: nv_msi_ht_cap_quirk didn't locate host bridge
[   11.100579] pcieport 0000:00:02.0: nv_msi_ht_cap_quirk didn't locate host bridge
[   11.113897] PM: noirq resume of devices complete after 14.059 msecs
[   11.115593] PM: early resume of devices complete after 1.355 msecs
[   11.145530] PM: resume of devices complete after 29.925 msecs
[   11.224216] Restarting tasks ... done.
root@(none):/# 
root@(none):/# [   11.431611] ata1: SATA link down (SStatus 0 SControl 300)
rtcwake -d rtc1 -m mem -s 3
rtcwake: assuming RTC uses UTC ...
rtcwake: wakeup from "mem" using /dev/rtc1 at Thu Jan  1 00:00:47 1970
[   11.557439] PM: Syncing filesystems ... done.
[   11.569385] Freezing user space processes ... (elapsed 0.001 seconds) done.
[   11.577659] Freezing remaining freezable tasks ... (elapsed 0.001 seconds) done.
[   11.586456] Suspending console(s) (use no_console_suspend to debug)
[   11.675651] PM: suspend of devices complete after 81.820 msecs
[   11.677657] PM: late suspend of devices complete after 1.993 msecs
[   11.690142] PM: noirq suspend of devices complete after 12.477 msecs
[   11.690145] Disabling non-boot CPUs ...
[   11.690851] CPU1: shutdown
[   11.705857] CPU2: shutdown
[   11.720604] CPU3: shutdown
[   11.734708] Entering suspend state LP1
[   11.734722] Enabling non-boot CPUs ...
[   11.759613] CPU1 is up
[   11.784671] CPU2 is up
[   11.809817] CPU3 is up
[   11.810500] pcieport 0000:00:01.0: nv_msi_ht_cap_quirk didn't locate host bridge
[   11.810658] pcieport 0000:00:02.0: nv_msi_ht_cap_quirk didn't locate host bridge
[   11.823871] PM: noirq resume of devices complete after 14.048 msecs
[   11.825880] PM: early resume of devices complete after 1.688 msecs
[   11.854324] PM: resume of devices complete after 28.435 msecs
[   11.932990] Restarting tasks ... done.
root@(none):/# 
root@(none):/# [   12.141592] ata1: SATA link down (SStatus 0 SControl 300)
rtcwake -d rtc1 -m mem -s 3
rtcwake: assuming RTC uses UTC ...
rtcwake: wakeup from "mem" using /dev/rtc1 at Thu Jan  1 00:00:51 1970
[   12.267776] PM: Syncing filesystems ... done.
[   12.279725] Freezing user space processes ... (elapsed 0.001 seconds) done.
[   12.287915] Freezing remaining freezable tasks ... (elapsed 0.001 seconds) done.
[   12.296677] Suspending console(s) (use no_console_suspend to debug)
[   12.385541] PM: suspend of devices complete after 81.487 msecs
[   12.387377] PM: late suspend of devices complete after 1.829 msecs
[   12.400042] PM: noirq suspend of devices complete after 12.658 msecs
[   12.400045] Disabling non-boot CPUs ...
[   12.400767] CPU1: shutdown
[   12.415842] CPU2: shutdown
[   12.430590] CPU3: shutdown
[   12.444682] Entering suspend state LP1
[   12.444697] Enabling non-boot CPUs ...
[   12.469581] CPU1 is up
[   12.494644] CPU2 is up
[   12.519778] CPU3 is up
[   12.520522] pcieport 0000:00:01.0: nv_msi_ht_cap_quirk didn't locate host bridge
[   12.520526] pcieport 0000:00:02.0: nv_msi_ht_cap_quirk didn't locate host bridge
[   12.533847] PM: noirq resume of devices complete after 14.063 msecs
[   12.535696] PM: early resume of devices complete after 1.528 msecs
[   12.564471] PM: resume of devices complete after 28.765 msecs
[   12.643154] Restarting tasks ... done.
root@(none):/# 
root@(none):/# [   12.851582] ata1: SATA link down (SStatus 0 SControl 300)
rtcwake -d rtc1 -m mem -s 3
rtcwake: assuming RTC uses UTC ...
rtcwake: wakeup from "mem" using /dev/rtc1 at Thu Jan  1 00:00:55 1970
[   12.977652] PM: Syncing filesystems ... done.
[   12.989621] Freezing user space processes ... (elapsed 0.001 seconds) done.
[   12.997900] Freezing remaining freezable tasks ... (elapsed 0.001 seconds) done.
[   13.006658] Suspending console(s) (use no_console_suspend to debug)
[   13.095526] PM: suspend of devices complete after 81.488 msecs
[   13.098601] PM: late suspend of devices complete after 3.062 msecs
[   13.115077] PM: noirq suspend of devices complete after 16.467 msecs
[   13.115080] Disabling non-boot CPUs ...
[   13.115463] IRQ16 no longer affine to CPU1
[   13.115797] CPU1: shutdown
[   13.140860] CPU2: shutdown
[   13.155483] CPU3: shutdown
[   13.169667] Entering suspend state LP1
[   13.169682] Enabling non-boot CPUs ...
[   13.194556] CPU1 is up
[   13.219619] CPU2 is up
[   13.244760] CPU3 is up
[   13.245447] pcieport 0000:00:02.0: nv_msi_ht_cap_quirk didn't locate host bridge
[   13.245572] pcieport 0000:00:01.0: nv_msi_ht_cap_quirk didn't locate host bridge
[   13.258824] PM: noirq resume of devices complete after 14.058 msecs
[   13.260755] PM: early resume of devices complete after 1.608 msecs
[   13.289514] PM: resume of devices complete after 28.750 msecs
[   13.372183] Restarting tasks ... done.
root@(none):/# 
root@(none):/# NVTB SYSTEM SUSPEND TEST COMPLETE
[   13.576501] ata1: SATA link down (SStatus 0 SControl 300)
