

U-Boot 2015.04-00466-gedec83e90172 (Mar 14 2016 - 10:42:01)

TEGRA124
Model: Acer Chromebook 13 CB5-311
DRAM:  4 GiB
:   Tegra SD/MMC: 0, Tegra SD/MMC: 1, Tegra SD/MMC: 2
MMC init failed
Using default environment

In:    serial
Out:   serial
Err:   serial
Net:   Net Initialization Skipped
No ethernet found.
Hit any key to stop autoboot:  2  1  0 
Tegra124 (Nyan-big) # 
Tegra124 (Nyan-big) # usb start
starting USB...
USB0:   USB EHCI 1.10
scanning bus 0 for devices... 2 USB Device(s) found
USB1:   USB EHCI 1.10
scanning bus 1 for devices... 2 USB Device(s) found
       scanning usb for storage devices... 1 Storage Device(s) found
       scanning usb for ethernet devices... 
Warning: asx0 using MAC address from net device
1 Ethernet Device(s) found
Tegra124 (Nyan-big) # mw 0x7000e4a0 0x00080000
Tegra124 (Nyan-big) # setenv bootargs 'ignore_loglevel console=ttyS0,115200n8 rw root=PARTUUID=4d36e82a-b3c0-4b4b-bfcd-afe5217ac023 rootwait gpt debug noinitrd earlyprintk init=/bin/bash'
Tegra124 (Nyan-big) # setenv ipaddr 192.168.100.102; setenv serverip 192.168.100.1; setenv tftpserverip 192.168.100.1
Tegra124 (Nyan-big) # tftpboot 0x82000000 zImage.multi_v7_defconfig
Using asx0 device
TFTP from server 192.168.100.1; our IP address is 192.168.100.102
Filename 'zImage.multi_v7_defconfig'.
Load address: 0x82000000
Loading: *#################################################################
	 #################################################################
	 #################################################################
	 #################################################################
	 #################################################################
	 #################################################################
	 #################################################################
	 #################################################################
	 ####################
	 3.6 MiB/s
done
Bytes transferred = 7915464 (78c7c8 hex)
Tegra124 (Nyan-big) # tftpboot 0x83000000 tegra124-nyan-big.dtb
Using asx0 device
TFTP from server 192.168.100.1; our IP address is 192.168.100.102
Filename 'tegra124-nyan-big.dtb'.
Load address: 0x83000000
Loading: *#####
	 3.2 MiB/s
done
Bytes transferred = 68155 (10a3b hex)
Tegra124 (Nyan-big) # bootz 0x82000000 - 0x83000000
Kernel image @ 0x82000000 [ 0x000000 - 0x78c7c8 ]
## Flattened Device Tree blob at 83000000
   Booting using the fdt blob at 0x83000000
   Using Device Tree in place at 83000000, end 83013a3a

Starting kernel ...

[    0.000000] Booting Linux on physical CPU 0x0
[    0.000000] Linux version 4.12.0-rc1-170893-ge99b6f1 (jonathanh@sellafield) (gcc version 4.7.3 20130328 (prerelease) (crosstool-NG linaro-1.13.1-4.7-2013.04-20130415 - Linaro GCC 2013.04) ) #1 SMP Tue May 30 03:52:36 PDT 2017
[    0.000000] CPU: ARMv7 Processor [413fc0f3] revision 3 (ARMv7), cr=10c5387d
[    0.000000] CPU: div instructions available: patching division code
[    0.000000] CPU: PIPT / VIPT nonaliasing data cache, PIPT instruction cache
[    0.000000] OF: fdt: Machine model: Acer Chromebook 13 CB5-311
[    0.000000] OF: fdt: Ignoring memory range 0x100000000 - 0x17ffff000
[    0.000000] debug: ignoring loglevel setting.
[    0.000000] Memory policy: Data cache writealloc
[    0.000000] efi: Getting EFI parameters from FDT:
[    0.000000] efi: UEFI not found.
[    0.000000] cma: Reserved 64 MiB at 0xfb800000
[    0.000000] On node 0 totalpages: 524287
[    0.000000] free_area_init_node: node 0, pgdat c157fd40, node_mem_map eeff8000
[    0.000000]   DMA zone: 1536 pages used for memmap
[    0.000000]   DMA zone: 0 pages reserved
[    0.000000]   DMA zone: 196608 pages, LIFO batch:31
[    0.000000]   HighMem zone: 327679 pages, LIFO batch:31
[    0.000000] percpu: Embedded 17 pages/cpu @eef81000 s39168 r8192 d22272 u69632
[    0.000000] pcpu-alloc: s39168 r8192 d22272 u69632 alloc=17*4096
[    0.000000] pcpu-alloc: [0] 0 [0] 1 [0] 2 [0] 3 
[    0.000000] Built 1 zonelists in Zone order, mobility grouping on.  Total pages: 522751
[    0.000000] Kernel command line: ignore_loglevel console=ttyS0,115200n8 rw root=PARTUUID=4d36e82a-b3c0-4b4b-bfcd-afe5217ac023 rootwait gpt debug noinitrd earlyprintk init=/bin/bash
[    0.000000] PID hash table entries: 4096 (order: 2, 16384 bytes)
[    0.000000] Dentry cache hash table entries: 131072 (order: 7, 524288 bytes)
[    0.000000] Inode-cache hash table entries: 65536 (order: 6, 262144 bytes)
[    0.000000] Memory: 1994436K/2097148K available (10240K kernel code, 1566K rwdata, 4388K rodata, 2048K init, 409K bss, 37176K reserved, 65536K cma-reserved, 1245180K highmem)
[    0.000000] Virtual kernel memory layout:
[    0.000000]     vector  : 0xffff0000 - 0xffff1000   (   4 kB)
[    0.000000]     fixmap  : 0xffc00000 - 0xfff00000   (3072 kB)
[    0.000000]     vmalloc : 0xf0800000 - 0xff800000   ( 240 MB)
[    0.000000]     lowmem  : 0xc0000000 - 0xf0000000   ( 768 MB)
[    0.000000]     pkmap   : 0xbfe00000 - 0xc0000000   (   2 MB)
[    0.000000]     modules : 0xbf000000 - 0xbfe00000   (  14 MB)
[    0.000000]       .text : 0xc0208000 - 0xc0d00000   (11232 kB)
[    0.000000]       .init : 0xc1200000 - 0xc1400000   (2048 kB)
[    0.000000]       .data : 0xc1400000 - 0xc15879b0   (1567 kB)
[    0.000000]        .bss : 0xc1590d04 - 0xc15f74d8   ( 410 kB)
[    0.000000] SLUB: HWalign=64, Order=0-3, MinObjects=0, CPUs=4, Nodes=1
[    0.000000] Hierarchical RCU implementation.
[    0.000000] 	RCU debugfs-based tracing is enabled.
[    0.000000] 	RCU restricting CPUs from NR_CPUS=16 to nr_cpu_ids=4.
[    0.000000] RCU: Adjusting geometry for rcu_fanout_leaf=16, nr_cpu_ids=4
[    0.000000] NR_IRQS:16 nr_irqs:16 16
[    0.000000] /interrupt-controller@60004000: 160 interrupts forwarded to /interrupt-controller@50041000
[    0.000000] Tegra clk 127: register failed with -17
[    0.000004] sched_clock: 32 bits at 1000kHz, resolution 1000ns, wraps every 2147483647500ns
[    0.000011] clocksource: timer_us: mask: 0xffffffff max_cycles: 0xffffffff, max_idle_ns: 1911260446275 ns
[    0.000017] Switching to timer-based delay loop, resolution 1000ns
[    0.001665] arch_timer: cp15 timer(s) running at 12.00MHz (virt).
[    0.001672] clocksource: arch_sys_counter: mask: 0xffffffffffffff max_cycles: 0x2c47f4ee7, max_idle_ns: 440795202497 ns
[    0.001679] sched_clock: 56 bits at 12MHz, resolution 83ns, wraps every 4398046511096ns
[    0.001683] Switching to timer-based delay loop, resolution 83ns
[    0.001889] Console: colour dummy device 80x30
[    0.001903] Calibrating delay loop (skipped), value calculated using timer frequency.. 24.00 BogoMIPS (lpj=120000)
[    0.001910] pid_max: default: 32768 minimum: 301
[    0.001947] Mount-cache hash table entries: 2048 (order: 1, 8192 bytes)
[    0.001951] Mountpoint-cache hash table entries: 2048 (order: 1, 8192 bytes)
[    0.002154] CPU: Testing write buffer coherency: ok
[    0.002275] /cpus/cpu@0 missing clock-frequency property
[    0.002290] /cpus/cpu@1 missing clock-frequency property
[    0.002304] /cpus/cpu@2 missing clock-frequency property
[    0.002319] /cpus/cpu@3 missing clock-frequency property
[    0.002324] CPU0: thread -1, cpu 0, socket 0, mpidr 80000000
[    0.002437] Setting up static identity map for 0x80300000 - 0x803000a0
[    0.003774] Tegra Revision: A01 SKU: 131 CPU Process: 1 SoC Process: 1
[    0.004032] EFI services will not be available.
[    0.004121] smp: Bringing up secondary CPUs ...
[    0.004415] CPU1: thread -1, cpu 1, socket 0, mpidr 80000001
[    0.011914] CPU2: thread -1, cpu 2, socket 0, mpidr 80000002
[    0.021916] CPU3: thread -1, cpu 3, socket 0, mpidr 80000003
[    0.031641] smp: Brought up 1 node, 4 CPUs
[    0.031648] SMP: Total of 4 processors activated (96.00 BogoMIPS).
[    0.031652] CPU: All CPU(s) started in SVC mode.
[    0.032198] devtmpfs: initialized
[    0.038007] VFP support v0.3: implementor 41 architecture 4 part 30 variant f rev 0
[    0.038198] clocksource: jiffies: mask: 0xffffffff max_cycles: 0xffffffff, max_idle_ns: 19112604462750000 ns
[    0.038206] futex hash table entries: 1024 (order: 4, 65536 bytes)
[    0.038787] pinctrl core: initialized pinctrl subsystem
[    0.039549] NET: Registered protocol family 16
[    0.040300] DMA: preallocated 256 KiB pool for atomic coherent allocations
[    0.041183] cpuidle: using governor menu
[    0.050021] No ATAGs?
[    0.050074] hw-breakpoint: found 5 (+1 reserved) breakpoint and 4 watchpoint registers.
[    0.050080] hw-breakpoint: maximum watchpoint size is 8 bytes.
[    0.052923] Serial: AMBA PL011 UART driver
[    0.053279] tegra-mc 70019000.memory-controller: no memory timings for RAM code 0 registered
[    0.058567] AT91: Could not find identification node
[    0.058773] +5V_SYS: supplied by +VDD_MUX
[    0.058871] +3.3V_SYS: supplied by +VDD_MUX
[    0.059084] +VDD_LED: Failed to request enable GPIO122: -517
[    0.059089] reg-fixed-voltage regulators:regulator@5: Failed to register regulator: -517
[    0.059124] +5V_VDD_TS_SW: Failed to request enable GPIO81: -517
[    0.059129] reg-fixed-voltage regulators:regulator@6: Failed to register regulator: -517
[    0.059162] +5V_USB_HS: Failed to request enable GPIO108: -517
[    0.059167] reg-fixed-voltage regulators:regulator@7: Failed to register regulator: -517
[    0.059199] +5V_USB_SS: Failed to request enable GPIO109: -517
[    0.059204] reg-fixed-voltage regulators:regulator@8: Failed to register regulator: -517
[    0.059291] +1.05V_RUN_AVDD_HDMI_PLL: Failed to request enable GPIO63: -517
[    0.059296] reg-fixed-voltage regulators:regulator@11: Failed to register regulator: -517
[    0.059328] +5V_HDMI_CON: Failed to request enable GPIO86: -517
[    0.059332] reg-fixed-voltage regulators:regulator@12: Failed to register regulator: -517
[    0.060328] vgaarb: loaded
[    0.060599] SCSI subsystem initialized
[    0.060666] libata version 3.00 loaded.
[    0.060755] usbcore: registered new interface driver usbfs
[    0.060775] usbcore: registered new interface driver hub
[    0.060801] usbcore: registered new device driver usb
[    0.062113] pps_core: LinuxPPS API ver. 1 registered
[    0.062117] pps_core: Software ver. 5.3.6 - Copyright 2005-2007 Rodolfo Giometti <giometti@linux.it>
[    0.062124] PTP clock support registered
[    0.062189] EDAC MC: Ver: 3.0.0
[    0.062593] tegra-emc 7001b000.emc: no memory timings for RAM code 0 found in DT
[    0.062603] tegra-emc: probe of 7001b000.emc failed with error -2
[    0.063038] clocksource: Switched to clocksource arch_sys_counter
[    0.082817] NET: Registered protocol family 2
[    0.083021] TCP established hash table entries: 8192 (order: 3, 32768 bytes)
[    0.083071] TCP bind hash table entries: 8192 (order: 4, 65536 bytes)
[    0.083133] TCP: Hash tables configured (established 8192 bind 8192)
[    0.083172] UDP hash table entries: 512 (order: 2, 16384 bytes)
[    0.083187] UDP-Lite hash table entries: 512 (order: 2, 16384 bytes)
[    0.083246] NET: Registered protocol family 1
[    0.083387] RPC: Registered named UNIX socket transport module.
[    0.083391] RPC: Registered udp transport module.
[    0.083394] RPC: Registered tcp transport module.
[    0.083397] RPC: Registered tcp NFSv4.1 backchannel transport module.
[    0.083402] PCI: CLS 0 bytes, default 64
[    0.083965] hw perfevents: enabled with armv7_cortex_a15 PMU driver, 7 counters available
[    0.084668] workingset: timestamp_bits=30 max_order=19 bucket_order=0
[    0.087522] squashfs: version 4.0 (2009/01/31) Phillip Lougher
[    0.087768] NFS: Registering the id_resolver key type
[    0.087780] Key type id_resolver registered
[    0.087783] Key type id_legacy registered
[    0.087800] ntfs: driver 2.1.32 [Flags: R/O].
[    0.088414] bounce: pool size: 64 pages
[    0.088430] Block layer SCSI generic (bsg) driver version 0.4 loaded (major 248)
[    0.088435] io scheduler noop registered
[    0.088438] io scheduler deadline registered
[    0.088448] io scheduler cfq registered (default)
[    0.088452] io scheduler mq-deadline registered
[    0.088455] io scheduler kyber registered
[    0.090331] tegra-xusb-padctl 7009f000.padctl: failed to setup XUSB ports: -517
[    0.098865] tegra_dma_runtime_resume-1507
[    0.099919] tegra-apbdma 60020000.dma: Tegra20 APB DMA driver register 32 channels
[    0.100856] tegra-pmc 7000e400.pmc: i2c-thermtrip node not found, emergency thermal reset disabled.
[    0.118831] Serial: 8250/16550 driver, 4 ports, IRQ sharing disabled
[    0.119873] console [ttyS0] disabled
[    0.119891] 70006000.serial: ttyS0 at MMIO 0x70006000 (irq = 333, base_baud = 25500000) is a Tegra
[    1.009513] console [ttyS0] enabled
[    1.013280] SuperH (H)SCI(F) driver initialized
[    1.018131] msm_serial: driver initialized
[    1.022277] STMicroelectronics ASC driver initialized
[    1.029318] tegra-hdmi 54280000.hdmi: failed to get HDMI regulator
[    1.035854] tegra-dpaux 545c0000.dpaux: failed to get VDD supply: -517
[    1.043244] panel-simple panel: panel supply power not found, using dummy regulator
[    1.054532] brd: module loaded
[    1.060232] loop: module loaded
[    1.064311] as3722 4-0040: AS3722 with revision 0x1 found
[    1.074295] as3722-sd2: supplied by +5V_SYS
[    1.078696] as3722-sd3: supplied by +5V_SYS
[    1.083027] +1.35V_LP0(sd3): Bringing 0uV into 1350000-1350000uV
[    1.089224] as3722-sd4: supplied by +5V_SYS
[    1.093560] +1.05V_RUN: Bringing 0uV into 1050000-1050000uV
[    1.099287] as3722-sd5: supplied by +5V_SYS
[    1.104883] as3722-ldo0: supplied by +1.35V_LP0(sd2)
[    1.110594] +1.8V_RUN_CAM: Bringing 0uV into 1800000-1800000uV
[    1.116612] as3722-ldo2: supplied by +1.8V_VDDIO
[    1.122226] as3722-ldo3: supplied by +3.3V_SYS
[    1.126680] +1.00V_LP0_VDD_RTC: Bringing 1100000uV into 1000000-1000000uV
[    1.134250] as3722-ldo4: supplied by +3.3V_SYS
[    1.138838] +3.3V_RUN_CAM: Bringing 0uV into 2800000-2800000uV
[    1.144847] as3722-ldo5: supplied by +1.8V_VDDIO
[    1.149613] +1.2V_RUN_CAM_FRONT: Bringing 0uV into 1200000-1200000uV
[    1.156291] +VDDIO_SDMMC3: Bringing 0uV into 1800000-1800000uV
[    1.162299] as3722-ldo7: supplied by +1.8V_VDDIO
[    1.167072] +1.05V_RUN_CAM_REAR: Bringing 0uV into 1050000-1050000uV
[    1.173610] as3722-ldo9: supplied by +5V_SYS
[    1.178172] +2.8V_RUN_TOUCH: Bringing 0uV into 2800000-2800000uV
[    1.184363] as3722-ldo10: supplied by +5V_SYS
[    1.188864] +2.8V_RUN_CAM_AF: Bringing 0uV into 2800000-2800000uV
[    1.195294] +1.8V_RUN_VPP_FUSE: Bringing 0uV into 1800000-1800000uV
[    1.204272] spi-tegra114 7000d400.spi: Dma channel is not available: -19
[    1.211059] spi-tegra114 7000da00.spi: Dma channel is not available: -19
[    1.218418] libphy: Fixed MDIO Bus: probed
[    1.222885] CAN device driver interface
[    1.227028] bgmac_bcma: Broadcom 47xx GBit MAC driver loaded
[    1.233142] e1000e: Intel(R) PRO/1000 Network Driver - 3.2.6-k
[    1.238958] e1000e: Copyright(c) 1999 - 2015 Intel Corporation.
[    1.244885] igb: Intel(R) Gigabit Ethernet Network Driver - version 5.4.0-k
[    1.251827] igb: Copyright (c) 2007-2014 Intel Corporation.
[    1.258615] pegasus: v0.9.3 (2013/04/25), Pegasus/Pegasus II USB Ethernet driver
[    1.266021] usbcore: registered new interface driver pegasus
[    1.271681] usbcore: registered new interface driver asix
[    1.277084] usbcore: registered new interface driver ax88179_178a
[    1.283178] usbcore: registered new interface driver cdc_ether
[    1.289011] usbcore: registered new interface driver smsc75xx
[    1.294763] usbcore: registered new interface driver smsc95xx
[    1.300504] usbcore: registered new interface driver net1080
[    1.306165] usbcore: registered new interface driver cdc_subset
[    1.312079] usbcore: registered new interface driver zaurus
[    1.317663] usbcore: registered new interface driver cdc_ncm
[    1.323973] ehci_hcd: USB 2.0 'Enhanced' Host Controller (EHCI) Driver
[    1.330483] ehci-pci: EHCI PCI platform driver
[    1.334931] ehci-platform: EHCI generic platform driver
[    1.340212] ehci-orion: EHCI orion driver
[    1.344268] SPEAr-ehci: EHCI SPEAr driver
[    1.348313] ehci-st: EHCI STMicroelectronics driver
[    1.353229] ehci-exynos: EHCI EXYNOS driver
[    1.357453] ehci-atmel: EHCI Atmel driver
[    1.361496] tegra-ehci: Tegra EHCI driver
[    1.365559] ohci_hcd: USB 1.1 'Open' Host Controller (OHCI) Driver
[    1.371726] ohci-pci: OHCI PCI platform driver
[    1.376175] ohci-platform: OHCI generic platform driver
[    1.381440] ohci-omap3: OHCI OMAP3 driver
[    1.385489] SPEAr-ohci: OHCI SPEAr driver
[    1.389533] ohci-st: OHCI STMicroelectronics driver
[    1.394447] ohci-atmel: OHCI Atmel driver
[    1.398693] usbcore: registered new interface driver usb-storage
[    1.405462] elan_i2c 1-0015: 1-0015 supply vcc not found, using dummy regulator
[    1.412822] as3722-rtc as3722-rtc: rtc core: registered as3722-rtc as rtc0
[    1.419694] as3722-rtc as3722-rtc: RTC interrupt 372
[    1.426575] tegra_rtc 7000e000.rtc: rtc core: registered 7000e000.rtc as rtc1
[    1.433714] tegra_rtc 7000e000.rtc: Tegra internal Real Time Clock
[    1.440054] i2c /dev entries driver
[    1.445859] lm90 0-004c: 0-004c supply vcc not found, using dummy regulator
[    1.457146] sdhci: Secure Digital Host Controller Interface driver
[    1.463318] sdhci: Copyright(c) Pierre Ossman
[    1.468198] Synopsys Designware Multimedia Card Interface Driver
[    1.474636] sdhci-pltfm: SDHCI platform and OF driver helper
[    1.480557] sdhci-tegra 700b0000.sdhci: allocated mmc-pwrseq
[    1.493158] sdhci-tegra 700b0400.sdhci: Got CD GPIO
[    1.498028] sdhci-tegra 700b0400.sdhci: Got WP GPIO
[    1.517064] mmc0: Unknown controller version (3). You may experience problems.
[    1.524340] mmc0: Invalid maximum block size, assuming 512 bytes
[    1.568193] random: fast init done
[    1.582331] elan_i2c 1-0015: Elan Touchpad: Module ID: 0x002a, Firmware: 0x0005, Sample: 0x0007, IAP: 0x0009
[    1.592279] input: Elan Touchpad as /devices/soc0/7000c400.i2c/i2c-1/1-0015/input/input0
[    1.593052] mmc0: SDHCI controller on 700b0600.sdhci [700b0600.sdhci] using ADMA
[    1.607872] ledtrig-cpu: registered to indicate activity on CPUs
[    1.613981] usbcore: registered new interface driver usbhid
[    1.619538] usbhid: USB HID core driver
[    1.624726] NET: Registered protocol family 10
[    1.629475] Segment Routing with IPv6
[    1.633157] sit: IPv6, IPv4 and MPLS over IPv4 tunneling driver
[    1.639261] NET: Registered protocol family 17
[    1.643705] can: controller area network core (rev 20170425 abi 9)
[    1.649890] NET: Registered protocol family 29
[    1.654326] can: raw protocol (rev 20170425)
[    1.658583] can: broadcast manager protocol (rev 20170425 t)
[    1.664234] can: netlink gateway (rev 20170425) max_hops=1
[    1.669822] Key type dns_resolver registered
[    1.674293] ThumbEE CPU extension supported.
[    1.678553] Registering SWP/SWPB emulation handler
[    1.688040] +3.3V_RUN: supplied by +3.3V_SYS
[    1.692766] +VDD_LED: supplied by +VDD_MUX
[    1.696938] +3.3V_AVDD_HDMI_AP_GATED: supplied by +3.3V_RUN
[    1.702522] +1.8V_RUN_CAM: supplied by +3.3V_RUN
[    1.707226] +VDDIO_SDMMC3: supplied by +3.3V_RUN
[    1.711921] +1.8V_RUN_VPP_FUSE: supplied by +3.3V_RUN
[    1.717302] +5V_VDD_TS_SW: supplied by +5V_SYS
[    1.721995] +5V_USB_HS: supplied by +5V_SYS
[    1.726510] +5V_USB_SS: supplied by +5V_SYS
[    1.731295] +3.3V_PANEL: supplied by +3.3V_RUN
[    1.736649] +3.3V_LP0: supplied by +3.3V_SYS
[    1.741693] +1.05V_RUN_AVDD_HDMI_PLL: supplied by +1.05V_RUN
[    1.747455] elan_i2c 1-0015: failed to read report data: -121
[    1.747662] +5V_HDMI_CON: supplied by +5V_SYS
[    1.748544]  usb3-0: usb3-0 supply vbus not found, using dummy regulator
[    1.748601]  usb3-1: usb3-1 supply vbus not found, using dummy regulator
[    1.752808] tegra-sor 54540000.sor: failed to probe output: -517
[    1.753849] panel-simple panel: panel supply power not found, using dummy regulator
[    1.755110] sdhci-tegra 700b0000.sdhci: allocated mmc-pwrseq
[    1.757989] mmc0: new high speed MMC card at address 0001
[    1.758540] mmcblk0: mmc0:0001 MMC16G 14.4 GiB 
[    1.759060] mmcblk0boot0: mmc0:0001 MMC16G partition 1 2.00 MiB
[    1.759700] mmcblk0boot1: mmc0:0001 MMC16G partition 2 2.00 MiB
[    1.763244] mmc1: Unknown controller version (3). You may experience problems.
[    1.763286] mmc1: Invalid maximum block size, assuming 512 bytes
[    1.763675] mmc1: Switching to 3.3V signalling voltage failed
[    1.763933] mmcblk0rpmb: mmc0:0001 MMC16G partition 3 128 KiB
[    1.768401]  mmcblk0: p1 p2 p3 p4 p5 p6 p7 p8 p9 p10 p11 p12
[    1.823156] mmc1: SDHCI controller on 700b0000.sdhci [700b0000.sdhci] using ADMA
[    1.824129] sdhci-tegra 700b0400.sdhci: Got CD GPIO
[    1.824140] sdhci-tegra 700b0400.sdhci: Got WP GPIO
[    1.832621] mmc2: Unknown controller version (3). You may experience problems.
[    1.832675] mmc2: Invalid maximum block size, assuming 512 bytes
[    1.859233] mmc1: new high speed SDIO card at address 0001
[    1.884210] elan_i2c 1-0015: invalid report id data (ff)
[    1.893372] mmc2: SDHCI controller on 700b0400.sdhci [700b0400.sdhci] using ADMA
[    1.906434] input: gpio-keys as /devices/soc0/gpio-keys/input/input1
[    1.913931] as3722-rtc as3722-rtc: setting system clock to 2000-01-01 00:59:08 UTC (946688348)
[    1.922959] +3.3V_AVDD_HDMI_AP_GATED: disabling
[    1.927520] +1.05V_RUN: disabling
[    1.930956] +1.8V_RUN_CAM: disabling
[    1.934731] +3.3V_RUN_CAM: disabling
[    1.938500] +1.2V_RUN_CAM_FRONT: disabling
[    1.942704] +1.05V_RUN_CAM_REAR: disabling
[    1.947916] +2.8V_RUN_TOUCH: disabling
[    1.953103] +2.8V_RUN_CAM_AF: disabling
[    1.957108] +1.8V_RUN_VPP_FUSE: disabling
[    1.961286] +VDD_LED: disabling
[    1.964460] +5V_VDD_TS_SW: disabling
[    1.968035] +5V_USB_HS: disabling
[    1.971341] +5V_USB_SS: disabling
[    1.974689] +3.3V_PANEL: disabling
[    1.978089] +1.05V_RUN_AVDD_HDMI_PLL: disabling
[    1.982609] +5V_HDMI_CON: disabling
[    1.986985] EXT4-fs (mmcblk0p3): couldn't mount as ext3 due to feature incompatibilities
[    1.995682] EXT4-fs (mmcblk0p3): couldn't mount as ext2 due to feature incompatibilities
[    2.071776] EXT4-fs (mmcblk0p3): recovery complete
[    2.077446] EXT4-fs (mmcblk0p3): mounted filesystem with ordered data mode. Opts: (null)
[    2.084596] mmc2: new high speed SDHC card at address 0007
[    2.085142] mmcblk2: mmc2:0007 SD08G 7.42 GiB 
[    2.095505] VFS: Mounted root (ext4 filesystem) on device 179:3.
[    2.096308] GPT:Primary header alternate_lba != Alt. header my_lba
[    2.096313] GPT:3014591 != 15564799
[    2.096315] GPT:Primary header thinks Alt. header is not at the end of the disk.
[    2.096317] GPT:3014591 != 15564799
[    2.096318] GPT: Use GNU Parted to correct GPT errors.
[    2.096345]  mmcblk2: p1 p2 p3 p4 p5 p6 p7 p8 p9 p10 p11 p12
[    2.133894] devtmpfs: mounted
[    2.137535] Freeing unused kernel memory: 2048K
bash: cannot set terminal process group (-1): Inappropriate ioctl for device
bash: no job control in this shell
root@(none):/# 