
U-Boot SPL 2014.01-00219-gc4d376f (Feb 18 2014 - 19:57:32)


U-Boot 2014.01-00219-gc4d376f (Feb 18 2014 - 19:57:32)

TEGRA114
Board: NVIDIA Dalmore
I2C:   ready
DRAM:  2 GiB
MMC:   Tegra SD/MMC: 0, Tegra SD/MMC: 1
In:    serial
Out:   serial
Err:   serial
Net:   Net Initialization Skipped
No ethernet found.
Hit any key to stop autoboot:  2  0 
Tegra114 (Dalmore) # 
Tegra114 (Dalmore) # usb reset
(Re)start USB...
USB0:   USB EHCI 1.10
scanning bus 0 for devices... 2 USB Device(s) found
       scanning usb for storage devices... 0 Storage Device(s) found
       scanning usb for ethernet devices... 
Warning: asx0 using MAC address from net device
1 Ethernet Device(s) found
Tegra114 (Dalmore) # setenv bootargs 'ignore_loglevel console=ttyS0,115200n8 rw root=PARTUUID=7369c667-ff51-ec4a-29cd-baabf2fbe346 rootwait gpt debug earlyprintk init=/bin/bash'
Tegra114 (Dalmore) # setenv ipaddr 192.168.100.100; setenv serverip 192.168.100.1; setenv tftpserverip 192.168.100.1
Tegra114 (Dalmore) # tftpboot 0x81000000 zImage.multi_v7_defconfig
Using asx0 device
TFTP from server 192.168.100.1; our IP address is 192.168.100.100
Filename 'zImage.multi_v7_defconfig'.
Load address: 0x81000000
Loading: *#################################################################
	 #################################################################
	 #################################################################
	 #################################################################
	 #################################################################
	 #################################################################
	 #################################################################
	 ######################################################
	 3.2 MiB/s
done
Bytes transferred = 7468384 (71f560 hex)
Tegra114 (Dalmore) # tftpboot 0x82000000 tegra114-dalmore.dtb
Using asx0 device
TFTP from server 192.168.100.1; our IP address is 192.168.100.100
Filename 'tegra114-dalmore.dtb'.
Load address: 0x82000000
Loading: *###
	 2.8 MiB/s
done
Bytes transferred = 35044 (88e4 hex)
Tegra114 (Dalmore) # bootz 0x81000000 - 0x82000000
Kernel image @ 0x81000000 [ 0x000000 - 0x71f560 ]
## Flattened Device Tree blob at 82000000
   Booting using the fdt blob at 0x82000000
   Loading Device Tree to 8fff4000, end 8ffff8e3 ... OK

Starting kernel ...

[    0.000000] Booting Linux on physical CPU 0x0
[    0.000000] Linux version 4.10.0-rc5-next-20170125-148138-gf37208bc (pwalmsley@sellafield) (gcc version 4.7.3 20130328 (prerelease) (crosstool-NG linaro-1.13.1-4.7-2013.04-20130415 - Linaro GCC 2013.04) ) #1 SMP Thu Jan 26 06:25:24 PST 2017
[    0.000000] CPU: ARMv7 Processor [412fc0f2] revision 2 (ARMv7), cr=10c5387d
[    0.000000] CPU: div instructions available: patching division code
[    0.000000] CPU: PIPT / VIPT nonaliasing data cache, PIPT instruction cache
[    0.000000] OF: fdt:Machine model: NVIDIA Tegra114 Dalmore evaluation board
[    0.000000] debug: ignoring loglevel setting.
[    0.000000] efi: Getting EFI parameters from FDT:
[    0.000000] efi: UEFI not found.
[    0.000000] cma: Reserved 64 MiB at 0xfb800000
[    0.000000] Memory policy: Data cache writealloc
[    0.000000] On node 0 totalpages: 524032
[    0.000000] free_area_init_node: node 0, pgdat c1436d40, node_mem_map eeff8000
[    0.000000]   DMA zone: 1536 pages used for memmap
[    0.000000]   DMA zone: 0 pages reserved
[    0.000000]   DMA zone: 196608 pages, LIFO batch:31
[    0.000000]   HighMem zone: 327424 pages, LIFO batch:31
[    0.000000] percpu: Embedded 16 pages/cpu @eef9c000 s34304 r8192 d23040 u65536
[    0.000000] pcpu-alloc: s34304 r8192 d23040 u65536 alloc=16*4096
[    0.000000] pcpu-alloc: [0] 0 [0] 1 [0] 2 [0] 3 
[    0.000000] Built 1 zonelists in Zone order, mobility grouping on.  Total pages: 522496
[    0.000000] Kernel command line: ignore_loglevel console=ttyS0,115200n8 rw root=PARTUUID=7369c667-ff51-ec4a-29cd-baabf2fbe346 rootwait gpt debug earlyprintk init=/bin/bash
[    0.000000] PID hash table entries: 4096 (order: 2, 16384 bytes)
[    0.000000] Dentry cache hash table entries: 131072 (order: 7, 524288 bytes)
[    0.000000] Inode-cache hash table entries: 65536 (order: 6, 262144 bytes)
[    0.000000] Memory: 1994804K/2096128K available (9216K kernel code, 1250K rwdata, 4180K rodata, 2048K init, 534K bss, 35788K reserved, 65536K cma-reserved, 1244160K highmem)
[    0.000000] Virtual kernel memory layout:
[    0.000000]     vector  : 0xffff0000 - 0xffff1000   (   4 kB)
[    0.000000]     fixmap  : 0xffc00000 - 0xfff00000   (3072 kB)
[    0.000000]     vmalloc : 0xf0800000 - 0xff800000   ( 240 MB)
[    0.000000]     lowmem  : 0xc0000000 - 0xf0000000   ( 768 MB)
[    0.000000]     pkmap   : 0xbfe00000 - 0xc0000000   (   2 MB)
[    0.000000]     modules : 0xbf000000 - 0xbfe00000   (  14 MB)
[    0.000000]       .text : 0xc0208000 - 0xc0c00000   (10208 kB)
[    0.000000]       .init : 0xc1100000 - 0xc1300000   (2048 kB)
[    0.000000]       .data : 0xc1300000 - 0xc1438840   (1251 kB)
[    0.000000]        .bss : 0xc143a000 - 0xc14bfa30   ( 535 kB)
[    0.000000] SLUB: HWalign=64, Order=0-3, MinObjects=0, CPUs=4, Nodes=1
[    0.000000] Hierarchical RCU implementation.
[    0.000000] 	RCU debugfs-based tracing is enabled.
[    0.000000] 	Build-time adjustment of leaf fanout to 32.
[    0.000000] 	RCU restricting CPUs from NR_CPUS=16 to nr_cpu_ids=4.
[    0.000000] RCU: Adjusting geometry for rcu_fanout_leaf=32, nr_cpu_ids=4
[    0.000000] NR_IRQS:16 nr_irqs:16 16
[    0.000000] /interrupt-controller@60004000: 160 interrupts forwarded to /interrupt-controller@50041000
[    0.000000] Tegra clk 127: register failed with -17
[    0.000008] sched_clock: 32 bits at 1000kHz, resolution 1000ns, wraps every 2147483647500ns
[    0.000028] clocksource: timer_us: mask: 0xffffffff max_cycles: 0xffffffff, max_idle_ns: 1911260446275 ns
[    0.000044] Switching to timer-based delay loop, resolution 1000ns
[    0.003185] arm_arch_timer: Architected cp15 timer(s) running at 12.00MHz (virt).
[    0.003204] clocksource: arch_sys_counter: mask: 0xffffffffffffff max_cycles: 0x2c47f4ee7, max_idle_ns: 440795202497 ns
[    0.003224] sched_clock: 56 bits at 12MHz, resolution 83ns, wraps every 4398046511096ns
[    0.003239] Switching to timer-based delay loop, resolution 83ns
[    0.003635] Console: colour dummy device 80x30
[    0.003670] Calibrating delay loop (skipped), value calculated using timer frequency.. 24.00 BogoMIPS (lpj=120000)
[    0.003689] pid_max: default: 32768 minimum: 301
[    0.003792] Mount-cache hash table entries: 2048 (order: 1, 8192 bytes)
[    0.003805] Mountpoint-cache hash table entries: 2048 (order: 1, 8192 bytes)
[    0.004305] CPU: Testing write buffer coherency: ok
[    0.004545] /cpus/cpu@0 missing clock-frequency property
[    0.004577] /cpus/cpu@1 missing clock-frequency property
[    0.004608] /cpus/cpu@2 missing clock-frequency property
[    0.004640] /cpus/cpu@3 missing clock-frequency property
[    0.004654] CPU0: thread -1, cpu 0, socket 0, mpidr 80000000
[    0.004856] Setting up static identity map for 0x80300000 - 0x80300098
[    0.007414] Tegra Revision: A01 SKU: 0 CPU Process: 1 SoC Process: 0
[    0.007965] EFI services will not be available.
[    0.008213] smp: Bringing up secondary CPUs ...
[    0.008743] CPU1: thread -1, cpu 1, socket 0, mpidr 80000001
[    0.009349] CPU2: thread -1, cpu 2, socket 0, mpidr 80000002
[    0.009940] CPU3: thread -1, cpu 3, socket 0, mpidr 80000003
[    0.010025] smp: Brought up 1 node, 4 CPUs
[    0.010048] SMP: Total of 4 processors activated (96.00 BogoMIPS).
[    0.010058] CPU: All CPU(s) started in SVC mode.
[    0.011542] devtmpfs: initialized
[    0.020149] VFP support v0.3: implementor 41 architecture 4 part 30 variant f rev 0
[    0.020481] clocksource: jiffies: mask: 0xffffffff max_cycles: 0xffffffff, max_idle_ns: 19112604462750000 ns
[    0.021893] pinctrl core: initialized pinctrl subsystem
[    0.023508] NET: Registered protocol family 16
[    0.025689] DMA: preallocated 256 KiB pool for atomic coherent allocations
[    0.027803] cpuidle: using governor menu
[    0.050542] No ATAGs?
[    0.050673] hw-breakpoint: found 5 (+1 reserved) breakpoint and 4 watchpoint registers.
[    0.050690] hw-breakpoint: maximum watchpoint size is 8 bytes.
[    0.055690] Serial: AMBA PL011 UART driver
[    0.056422] tegra-mc 70019000.memory-controller: no memory timings for RAM code 3 registered
[    0.070605] dvdd_ts: Failed to request enable GPIO61: -517
[    0.070623] reg-fixed-voltage regulators:regulator@1: Failed to register regulator: -517
[    0.070716] usb1_vbus: Failed to request enable GPIO108: -517
[    0.070731] reg-fixed-voltage regulators:regulator@3: Failed to register regulator: -517
[    0.070823] usb2_vbus: Failed to request enable GPIO86: -517
[    0.070837] reg-fixed-voltage regulators:regulator@4: Failed to register regulator: -517
[    0.071224] VDD_5V0_HDMI_CON: Failed to request enable GPIO81: -517
[    0.071239] reg-fixed-voltage regulators:regulator@7: Failed to register regulator: -517
[    0.073887] vgaarb: loaded
[    0.074630] SCSI subsystem initialized
[    0.074804] libata version 3.00 loaded.
[    0.075024] usbcore: registered new interface driver usbfs
[    0.075076] usbcore: registered new interface driver hub
[    0.075133] usbcore: registered new device driver usb
[    0.078291] tps65090 2-0048: No cache defaults, reading back from HW
[    0.080194] TPS65090_RAILSDCDC1: supplied by vdd_ac_bat
[    0.081270] TPS65090_RAILSDCDC2: supplied by vdd_ac_bat
[    0.082337] TPS65090_RAILSDCDC3: supplied by vdd_ac_bat
[    0.082862] TPS65090_RAILSFET1: supplied by vdd_ac_bat
[    0.083256] TPS65090_RAILSFET2: supplied by vdd_ac_bat
[    0.083611] TPS65090_RAILSFET3: supplied by vdd-sys-3v3
[    0.084134] TPS65090_RAILSFET4: supplied by vdd-sys-3v3
[    0.084661] TPS65090_RAILSFET5: supplied by vdd-sys-3v3
[    0.085175] TPS65090_RAILSFET6: supplied by vdd-sys-3v3
[    0.086021] TPS65090_RAILSFET7: supplied by vdd-sys-3v3
[    0.086546] TPS65090_RAILSLDO1: supplied by vdd_ac_bat
[    0.086750] TPS65090_RAILSLDO2: supplied by vdd_ac_bat
[    0.087665] palmas 2-0058: Irq flag is 0x00000004
[    0.089629] palmas 2-0058: Muxing GPIO ff, PWM 0, LED 0
[    0.092097] SMPS12: supplied by vdd-ao
[    0.093114] vdd_hdmi_5v0: supplied by vdd-sys-5v0
[    0.093954] SMPS3: supplied by vdd-ao
[    0.095699] SMPS457: supplied by vdd-sys-3v3
[    0.098583] SMPS8: supplied by vdd-sys-3v3
[    0.099454] random: fast init done
[    0.100208] SMPS9: supplied by vdd-sys-3v3
[    0.100732] sdhci-vdd-sd-slot: Bringing 2840000uV into 2800000-2800000uV
[    0.103564] LDO1: supplied by vdd-sys-3v3
[    0.104743] LDO2: supplied by vdd-sys-3v3
[    0.105954] LDO3: supplied by vddio-1v8
[    0.107144] LDO4: supplied by vdd-sys-3v3
[    0.108341] LDO5: supplied by vdd_ac_bat
[    0.109103] LDO6: supplied by vdd-sys-3v3
[    0.109623] vdd-sensor-2v85: Bringing 2900000uV into 2850000-2850000uV
[    0.111045] LDO7: supplied by vdd-sys-3v3
[    0.112781] LDO8: supplied by vdd-ao
[    0.113303] vdd-rtc: Bringing 675000uV into 900000-900000uV
[    0.123894] LDO9: supplied by sdhci-vdd-sd-slot
[    0.134231] LDOLN: supplied by vdd-sys-5v0
[    0.135433] LDOUSB: supplied by vdd-sys-5v0
[    0.147005] pps_core: LinuxPPS API ver. 1 registered
[    0.147016] pps_core: Software ver. 5.3.6 - Copyright 2005-2007 Rodolfo Giometti <giometti@linux.it>
[    0.147039] PTP clock support registered
[    0.147228] EDAC MC: Ver: 3.0.0
[    0.149341] clocksource: Switched to clocksource arch_sys_counter
[    0.158247] NET: Registered protocol family 2
[    0.158744] TCP established hash table entries: 8192 (order: 3, 32768 bytes)
[    0.158845] TCP bind hash table entries: 8192 (order: 4, 65536 bytes)
[    0.159034] TCP: Hash tables configured (established 8192 bind 8192)
[    0.159118] UDP hash table entries: 512 (order: 2, 16384 bytes)
[    0.159162] UDP-Lite hash table entries: 512 (order: 2, 16384 bytes)
[    0.159312] NET: Registered protocol family 1
[    0.159646] RPC: Registered named UNIX socket transport module.
[    0.159658] RPC: Registered udp transport module.
[    0.159667] RPC: Registered tcp transport module.
[    0.159677] RPC: Registered tcp NFSv4.1 backchannel transport module.
[    0.159690] PCI: CLS 0 bytes, default 64
[    0.161708] futex hash table entries: 1024 (order: 4, 65536 bytes)
[    0.162171] workingset: timestamp_bits=30 max_order=19 bucket_order=0
[    0.170525] squashfs: version 4.0 (2009/01/31) Phillip Lougher
[    0.171226] NFS: Registering the id_resolver key type
[    0.171252] Key type id_resolver registered
[    0.171261] Key type id_legacy registered
[    0.171302] ntfs: driver 2.1.32 [Flags: R/O].
[    0.172919] bounce: pool size: 64 pages
[    0.173093] Block layer SCSI generic (bsg) driver version 0.4 loaded (major 248)
[    0.173105] io scheduler noop registered
[    0.173115] io scheduler deadline registered
[    0.173272] io scheduler cfq registered (default)
[    0.173282] io scheduler mq-deadline registered
[    0.203019] tegra-apbdma 6000a000.dma: Tegra20 APB DMA driver register 32 channels
[    0.204866] tegra-pmc 7000e400.pmc: i2c-thermtrip node not found, emergency thermal reset disabled.
[    0.261583] Serial: 8250/16550 driver, 4 ports, IRQ sharing disabled
[    0.264368] console [ttyS0] disabled
[    0.264408] 70006300.serial: ttyS0 at MMIO 0x70006300 (irq = 329, base_baud = 25500000) is a Tegra
[    1.246823] console [ttyS0] enabled
[    1.251052] SuperH (H)SCI(F) driver initialized
[    1.256478] msm_serial: driver initialized
[    1.260768] STMicroelectronics ASC driver initialized
[    1.272162] tegra-hdmi 54280000.hdmi: failed to get HDMI regulator
[    1.295716] brd: module loaded
[    1.304180] loop: module loaded
[    1.323634] m25p80 spi32766.0: w25q32dw (4096 Kbytes)
[    1.331601] libphy: Fixed MDIO Bus: probed
[    1.336623] CAN device driver interface
[    1.341308] bgmac_bcma: Broadcom 47xx GBit MAC driver loaded
[    1.348162] e1000e: Intel(R) PRO/1000 Network Driver - 3.2.6-k
[    1.354001] e1000e: Copyright(c) 1999 - 2015 Intel Corporation.
[    1.359979] igb: Intel(R) Gigabit Ethernet Network Driver - version 5.4.0-k
[    1.366929] igb: Copyright (c) 2007-2014 Intel Corporation.
[    1.375670] pegasus: v0.9.3 (2013/04/25), Pegasus/Pegasus II USB Ethernet driver
[    1.383120] usbcore: registered new interface driver pegasus
[    1.388814] usbcore: registered new interface driver asix
[    1.394251] usbcore: registered new interface driver ax88179_178a
[    1.400385] usbcore: registered new interface driver cdc_ether
[    1.406261] usbcore: registered new interface driver smsc75xx
[    1.412064] usbcore: registered new interface driver smsc95xx
[    1.417833] usbcore: registered new interface driver net1080
[    1.423534] usbcore: registered new interface driver cdc_subset
[    1.429490] usbcore: registered new interface driver zaurus
[    1.435105] usbcore: registered new interface driver cdc_ncm
[    1.442615] ehci_hcd: USB 2.0 'Enhanced' Host Controller (EHCI) Driver
[    1.449135] ehci-pci: EHCI PCI platform driver
[    1.453628] ehci-platform: EHCI generic platform driver
[    1.459032] ehci-orion: EHCI orion driver
[    1.463182] SPEAr-ehci: EHCI SPEAr driver
[    1.467316] ehci-st: EHCI STMicroelectronics driver
[    1.472330] ehci-exynos: EHCI EXYNOS driver
[    1.476648] ehci-atmel: EHCI Atmel driver
[    1.480796] tegra-ehci: Tegra EHCI driver
[    1.485084] ohci_hcd: USB 1.1 'Open' Host Controller (OHCI) Driver
[    1.491278] ohci-pci: OHCI PCI platform driver
[    1.495755] ohci-platform: OHCI generic platform driver
[    1.501136] ohci-omap3: OHCI OMAP3 driver
[    1.505265] SPEAr-ohci: OHCI SPEAr driver
[    1.509418] ohci-st: OHCI STMicroelectronics driver
[    1.514418] ohci-atmel: OHCI Atmel driver
[    1.519098] usbcore: registered new interface driver usb-storage
[    1.526542] mousedev: PS/2 mouse device common for all mice
[    1.536547] palmas-rtc 7000d000.i2c:tps65913@58:rtc: rtc core: registered 7000d000.i2c:tps659 as rtc0
[    1.547586] tegra_rtc 7000e000.rtc: rtc core: registered 7000e000.rtc as rtc1
[    1.554769] tegra_rtc 7000e000.rtc: Tegra internal Real Time Clock
[    1.561456] i2c /dev entries driver
[    1.571277] sbs-battery 0-000b: sbs_probe: Failed to get device status
[    1.577810] sbs-battery: probe of 0-000b failed with error -121
[    1.593448] sdhci: Secure Digital Host Controller Interface driver
[    1.599644] sdhci: Copyright(c) Pierre Ossman
[    1.605404] Synopsys Designware Multimedia Card Interface Driver
[    1.612443] sdhci-pltfm: SDHCI platform and OF driver helper
[    1.618768] sdhci-tegra 78000400.sdhci: Got CD GPIO
[    1.623679] sdhci-tegra 78000400.sdhci: Got WP GPIO
[    1.629774] mmc0: Invalid maximum block size, assuming 512 bytes
[    1.699474] mmc0: SDHCI controller on 78000400.sdhci [78000400.sdhci] using ADMA
[    1.707158] mmc1: Invalid maximum block size, assuming 512 bytes
[    1.779361] mmc1: SDHCI controller on 78000600.sdhci [78000600.sdhci] using ADMA
[    1.788519] ledtrig-cpu: registered to indicate activity on CPUs
[    1.796891] usbcore: registered new interface driver usbhid
[    1.804503] usbhid: USB HID core driver
[    1.814069] NET: Registered protocol family 10
[    1.825391] Segment Routing with IPv6
[    1.831166] sit: IPv6, IPv4 and MPLS over IPv4 tunneling driver
[    1.837692] NET: Registered protocol family 17
[    1.842159] can: controller area network core (rev 20120528 abi 9)
[    1.848378] NET: Registered protocol family 29
[    1.852832] can: raw protocol (rev 20120528)
[    1.857097] can: broadcast manager protocol (rev 20161123 t)
[    1.862766] can: netlink gateway (rev 20130117) max_hops=1
[    1.868551] Key type dns_resolver registered
[    1.873384] ThumbEE CPU extension supported.
[    1.877654] Registering SWP/SWPB emulation handler
[    1.903333] mmc0: new high speed SDHC card at address aaaa
[    1.904163] usb1_vbus: supplied by vdd-sys-5v0
[    1.905074] usb2_vbus: supplied by vdd-sys-5v0
[    1.907039] VDD_5V0_HDMI_CON: supplied by vdd-sys-5v0
[    1.921358] [drm] Supports vblank timestamp caching Rev 2 (21.10.2013).
[    1.921363] [drm] No driver support for vblank timestamp query.
[    1.936720] mmcblk0: mmc0:aaaa SL16G 14.8 GiB 
[    1.962167] mmc1: new high speed MMC card at address 0001
[    1.963325]  mmcblk0: p1 p2 p3
[    1.964014] mmcblk1: mmc1:0001 SEM32G 29.1 GiB 
[    1.964997] mmcblk1boot0: mmc1:0001 SEM32G partition 1 4.00 MiB
[    1.966159] mmcblk1boot1: mmc1:0001 SEM32G partition 2 4.00 MiB
[    1.966778] mmcblk1rpmb: mmc1:0001 SEM32G partition 3 4.00 MiB
[    1.971189]  mmcblk1: p1 p2 p3 p4 p5 p6 p7 p8
[    2.017855] Console: switching to colour frame buffer device 240x75
[    2.092571] drm drm: fb0:  frame buffer device
[    2.097160] [drm] Initialized tegra 0.0.0 20120330 for drm on minor 0
[    2.109575] tegra-ehci 7d008000.usb: EHCI Host Controller
[    2.115018] tegra-ehci 7d008000.usb: new USB bus registered, assigned bus number 1
[    2.122869] tegra-ehci 7d008000.usb: irq 339, io mem 0x7d008000
[    2.149418] tegra-ehci 7d008000.usb: USB 2.0 started, EHCI 1.10
[    2.156543] hub 1-0:1.0: USB hub found
[    2.160411] hub 1-0:1.0: 1 port detected
[    2.166033] input: gpio-keys as /devices/soc0/gpio-keys/input/input0
[    2.174676] palmas-rtc 7000d000.i2c:tps65913@58:rtc: setting system clock to 2000-11-20 01:59:29 UTC (974685569)
[    2.188110] dvdd_ts: disabling
[    2.191233] usb1_vbus: disabling
[    2.194477] vdd_cam_1v8_reg: disabling
[    2.199825] EXT4-fs (mmcblk1p1): mounting ext3 file system using the ext4 subsystem
[    2.218970] EXT4-fs (mmcblk1p1): recovery complete
[    2.223839] EXT4-fs (mmcblk1p1): mounted filesystem with ordered data mode. Opts: (null)
[    2.232023] VFS: Mounted root (ext3 filesystem) on device 179:17.
[    2.240438] devtmpfs: mounted
[    2.245207] Freeing unused kernel memory: 2048K
bash: cannot set terminal process group (-1): Inappropriate ioctl for device
bash: no job control in this shell
root@(none):/# [    2.519484] usb 1-1: new high-speed USB device number 2 using tegra-ehci
[    3.190609] asix 1-1:1.0 eth0: register 'asix' at usb-7d008000.usb-1, ASIX AX88772 USB 2.0 Ethernet, 00:50:b6:0d:b5:16
mount -t sysfs none /sys
root@(none):/# 
root@(none):/# mount -t debugfs none /sys/kernel/debug
root@(none):/# 
root@(none):/# rtcwake -d rtc1 -m mem -s 3
rtcwake: assuming RTC uses UTC ...
rtcwake: wakeup from "mem" using /dev/rtc1 at Thu Jan  1 00:00:20 1970
[    5.406622] PM: Syncing filesystems ... done.
[    5.449860] Freezing user space processes ... (elapsed 0.001 seconds) done.
[    5.458171] Freezing remaining freezable tasks ... (elapsed 0.001 seconds) done.
[    5.466975] Suspending console(s) (use no_console_suspend to debug)
[    5.531900] PM: suspend of devices complete after 57.233 msecs
[    5.534932] PM: late suspend of devices complete after 3.015 msecs
[    5.537732] PM: noirq suspend of devices complete after 2.785 msecs
[    5.537738] Disabling non-boot CPUs ...
[    5.538241] IRQ17 no longer affine to CPU1
[    5.538608] CPU1: shutdown
[    5.572325] CPU2: shutdown
[    5.622106] CPU3: shutdown
[    5.670870] Entering suspend state LP1
[    5.670870] Suspended for 7.682 seconds
[    5.670888] Enabling non-boot CPUs ...
[    5.700814] CPU1 is up
[    5.740935] CPU2 is up
[    5.781173] CPU3 is up
[    5.782432] PM: noirq resume of devices complete after 1.247 msecs
[    5.784963] PM: early resume of devices complete after 2.068 msecs
[    6.380009] PM: resume of devices complete after 595.023 msecs
[    6.452502] Restarting tasks ... done.
root@(none):/# 
root@(none):/# rtcwake -d rtc1 -m mem -s 3
rtcwake: assuming RTC uses UTC ...
rtcwake: wakeup from "mem" using /dev/rtc1 at Thu Jan  1 00:00:30 1970
[    7.760797] PM: Syncing filesystems ... done.
[    7.793372] Freezing user space processes ... (elapsed 0.001 seconds) done.
[    7.801715] Freezing remaining freezable tasks ... (elapsed 0.001 seconds) done.
[    7.810574] Suspending console(s) (use no_console_suspend to debug)
[    7.871911] PM: suspend of devices complete after 53.689 msecs
[    7.874870] PM: late suspend of devices complete after 2.943 msecs
[    7.877456] PM: noirq suspend of devices complete after 2.576 msecs
[    7.877462] Disabling non-boot CPUs ...
[    7.877954] IRQ17 no longer affine to CPU1
[    7.878319] CPU1: shutdown
[    7.911800] CPU2: shutdown
[    7.971566] CPU3: shutdown
[    8.000674] Entering suspend state LP1
[    8.000674] Suspended for 8.253 seconds
[    8.000692] Enabling non-boot CPUs ...
[    8.030813] CPU1 is up
[    8.070903] CPU2 is up
[    8.111162] CPU3 is up
[    8.112439] PM: noirq resume of devices complete after 1.264 msecs
[    8.115037] PM: early resume of devices complete after 2.316 msecs
[    8.707444] PM: resume of devices complete after 592.391 msecs
[    8.780016] Restarting tasks ... done.
root@(none):/# 
root@(none):/# rtcwake -d rtc1 -m mem -s 3
rtcwake: assuming RTC uses UTC ...
rtcwake: wakeup from "mem" using /dev/rtc1 at Thu Jan  1 00:00:40 1970
[    9.501476] PM: Syncing filesystems ... done.
[    9.541851] Freezing user space processes ... (elapsed 0.001 seconds) done.
[    9.550200] Freezing remaining freezable tasks ... (elapsed 0.001 seconds) done.
[    9.559047] Suspending console(s) (use no_console_suspend to debug)
[    9.621626] PM: suspend of devices complete after 54.891 msecs
[    9.624925] PM: late suspend of devices complete after 3.282 msecs
[    9.627483] PM: noirq suspend of devices complete after 2.546 msecs
[    9.627488] Disabling non-boot CPUs ...
[    9.627984] IRQ17 no longer affine to CPU1
[    9.628374] CPU1: shutdown
[    9.661900] CPU2: shutdown
[    9.721628] CPU3: shutdown
[    9.770453] Entering suspend state LP1
[    9.770453] Suspended for 7.647 seconds
[    9.770471] Enabling non-boot CPUs ...
[    9.800739] CPU1 is up
[    9.840838] CPU2 is up
[    9.881085] CPU3 is up
[    9.882306] PM: noirq resume of devices complete after 1.209 msecs
[    9.885089] PM: early resume of devices complete after 2.334 msecs
[   10.484431] PM: resume of devices complete after 599.325 msecs
[   10.556996] Restarting tasks ... done.
root@(none):/# 
root@(none):/# rtcwake -d rtc1 -m mem -s 3
rtcwake: assuming RTC uses UTC ...
rtcwake: wakeup from "mem" using /dev/rtc1 at Thu Jan  1 00:00:50 1970
[   11.848978] PM: Syncing filesystems ... done.
[   11.876936] Freezing user space processes ... (elapsed 0.001 seconds) done.
[   11.885294] Freezing remaining freezable tasks ... (elapsed 0.001 seconds) done.
[   11.894171] Suspending console(s) (use no_console_suspend to debug)
[   11.951580] PM: suspend of devices complete after 49.750 msecs
[   11.954554] PM: late suspend of devices complete after 2.956 msecs
[   11.957286] PM: noirq suspend of devices complete after 2.719 msecs
[   11.957292] Disabling non-boot CPUs ...
[   11.957792] IRQ17 no longer affine to CPU1
[   11.958165] CPU1: shutdown
[   12.001767] CPU2: shutdown
[   12.061463] CPU3: shutdown
[   12.120545] Entering suspend state LP1
[   12.120545] Suspended for 8.233 seconds
[   12.120565] Enabling non-boot CPUs ...
[   12.150733] CPU1 is up
[   12.190806] CPU2 is up
[   12.231055] CPU3 is up
[   12.232272] PM: noirq resume of devices complete after 1.206 msecs
[   12.234999] PM: early resume of devices complete after 2.264 msecs
[   12.829276] PM: resume of devices complete after 594.260 msecs
[   12.901788] Restarting tasks ... done.
root@(none):/# 
root@(none):/# rtcwake -d rtc1 -m mem -s 3
rtcwake: assuming RTC uses UTC ...
rtcwake: wakeup from "mem" using /dev/rtc1 at Thu Jan  1 00:01:00 1970
[   13.624808] PM: Syncing filesystems ... done.
[   13.659854] Freezing user space processes ... (elapsed 0.001 seconds) done.
[   13.668183] Freezing remaining freezable tasks ... (elapsed 0.001 seconds) done.
[   13.677021] Suspending console(s) (use no_console_suspend to debug)
[   13.740921] PM: suspend of devices complete after 56.206 msecs
[   13.743931] PM: late suspend of devices complete after 2.993 msecs
[   13.746540] PM: noirq suspend of devices complete after 2.598 msecs
[   13.746545] Disabling non-boot CPUs ...
[   13.747042] IRQ17 no longer affine to CPU1
[   13.747413] CPU1: shutdown
[   13.791713] CPU2: shutdown
[   13.851443] CPU3: shutdown
[   13.910524] Entering suspend state LP1
[   13.910524] Suspended for 7.627 seconds
[   13.910542] Enabling non-boot CPUs ...
[   13.940673] CPU1 is up
[   13.980767] CPU2 is up
[   14.021004] CPU3 is up
[   14.022229] PM: noirq resume of devices complete after 1.213 msecs
[   14.024639] PM: early resume of devices complete after 1.937 msecs
[   14.620030] PM: resume of devices complete after 595.374 msecs
[   14.692515] Restarting tasks ... done.
root@(none):/# 
root@(none):/# rtcwake -d rtc1 -m mem -s 3
rtcwake: assuming RTC uses UTC ...
rtcwake: wakeup from "mem" using /dev/rtc1 at Thu Jan  1 00:01:10 1970
[   16.000911] PM: Syncing filesystems ... done.
[   16.032804] Freezing user space processes ... (elapsed 0.001 seconds) done.
[   16.041159] Freezing remaining freezable tasks ... (elapsed 0.001 seconds) done.
[   16.050023] Suspending console(s) (use no_console_suspend to debug)
[   16.111216] PM: suspend of devices complete after 53.545 msecs
[   16.114199] PM: late suspend of devices complete after 2.966 msecs
[   16.116957] PM: noirq suspend of devices complete after 2.744 msecs
[   16.116963] Disabling non-boot CPUs ...
[   16.117836] CPU1: shutdown
[   16.161660] CPU2: shutdown
[   16.221383] CPU3: shutdown
[   16.250475] Entering suspend state LP1
[   16.250475] Suspended for 8.243 seconds
[   16.250494] Enabling non-boot CPUs ...
[   16.280629] CPU1 is up
[   16.320707] CPU2 is up
[   16.360956] CPU3 is up
[   16.362212] PM: noirq resume of devices complete after 1.244 msecs
[   16.364564] PM: early resume of devices complete after 1.879 msecs
[   16.958588] PM: resume of devices complete after 594.008 msecs
[   17.027021] Restarting tasks ... done.
root@(none):/# 
root@(none):/# rtcwake -d rtc1 -m mem -s 3
rtcwake: assuming RTC uses UTC ...
rtcwake: wakeup from "mem" using /dev/rtc1 at Thu Jan  1 00:01:20 1970
[   17.718764] PM: Syncing filesystems ... done.
[   17.756114] Freezing user space processes ... (elapsed 0.001 seconds) done.
[   17.764472] Freezing remaining freezable tasks ... (elapsed 0.001 seconds) done.
[   17.773346] Suspending console(s) (use no_console_suspend to debug)
[   17.831133] PM: suspend of devices complete after 50.131 msecs
[   17.834122] PM: late suspend of devices complete after 2.971 msecs
[   17.836902] PM: noirq suspend of devices complete after 2.766 msecs
[   17.836908] Disabling non-boot CPUs ...
[   17.837359] IRQ17 no longer affine to CPU1
[   17.837725] CPU1: shutdown
[   17.871839] CPU2: shutdown
[   17.931385] CPU3: shutdown
[   17.980243] Entering suspend state LP1
[   17.980243] Suspended for 7.687 seconds
[   17.980261] Enabling non-boot CPUs ...
[   18.010547] CPU1 is up
[   18.050657] CPU2 is up
[   18.090911] CPU3 is up
[   18.092164] PM: noirq resume of devices complete after 1.241 msecs
[   18.095093] PM: early resume of devices complete after 2.464 msecs
[   18.688873] PM: resume of devices complete after 593.763 msecs
[   18.761388] Restarting tasks ... done.
root@(none):/# 
root@(none):/# rtcwake -d rtc1 -m mem -s 3
rtcwake: assuming RTC uses UTC ...
rtcwake: wakeup from "mem" using /dev/rtc1 at Thu Jan  1 00:01:30 1970
[   20.071613] PM: Syncing filesystems ... done.
[   20.102939] Freezing user space processes ... (elapsed 0.001 seconds) done.
[   20.111291] Freezing remaining freezable tasks ... (elapsed 0.001 seconds) done.
[   20.120148] Suspending console(s) (use no_console_suspend to debug)
[   20.181623] PM: suspend of devices complete after 53.829 msecs
[   20.184587] PM: late suspend of devices complete after 2.947 msecs
[   20.187319] PM: noirq suspend of devices complete after 2.719 msecs
[   20.187325] Disabling non-boot CPUs ...
[   20.187828] IRQ17 no longer affine to CPU1
[   20.188202] CPU1: shutdown
[   20.221512] CPU2: shutdown
[   20.281320] CPU3: shutdown
[   20.310328] Entering suspend state LP1
[   20.310328] Suspended for 8.253 seconds
[   20.310347] Enabling non-boot CPUs ...
[   20.340531] CPU1 is up
[   20.380614] CPU2 is up
[   20.420867] CPU3 is up
[   20.422096] PM: noirq resume of devices complete after 1.218 msecs
[   20.424661] PM: early resume of devices complete after 2.095 msecs
[   21.017195] PM: resume of devices complete after 592.517 msecs
[   21.089805] Restarting tasks ... done.
root@(none):/# 
root@(none):/# rtcwake -d rtc1 -m mem -s 3
rtcwake: assuming RTC uses UTC ...
rtcwake: wakeup from "mem" using /dev/rtc1 at Thu Jan  1 00:01:40 1970
[   21.790029] PM: Syncing filesystems ... done.
[   21.832664] Freezing user space processes ... (elapsed 0.001 seconds) done.
[   21.841014] Freezing remaining freezable tasks ... (elapsed 0.001 seconds) done.
[   21.849894] Suspending console(s) (use no_console_suspend to debug)
[   21.911113] PM: suspend of devices complete after 53.575 msecs
[   21.914405] PM: late suspend of devices complete after 3.275 msecs
[   21.917036] PM: noirq suspend of devices complete after 2.620 msecs
[   21.917041] Disabling non-boot CPUs ...
[   21.917858] CPU1: shutdown
[   21.951528] CPU2: shutdown
[   22.011320] CPU3: shutdown
[   22.060150] Entering suspend state LP1
[   22.060150] Suspended for 7.667 seconds
[   22.060168] Enabling non-boot CPUs ...
[   22.090464] CPU1 is up
[   22.130572] CPU2 is up
[   22.170816] CPU3 is up
[   22.172037] PM: noirq resume of devices complete after 1.210 msecs
[   22.174924] PM: early resume of devices complete after 2.414 msecs
[   22.769821] PM: resume of devices complete after 594.880 msecs
[   22.838302] Restarting tasks ... done.
root@(none):/# 
root@(none):/# rtcwake -d rtc1 -m mem -s 3
rtcwake: assuming RTC uses UTC ...
rtcwake: wakeup from "mem" using /dev/rtc1 at Thu Jan  1 00:01:50 1970
[   24.149765] PM: Syncing filesystems ... done.
[   24.182872] Freezing user space processes ... (elapsed 0.001 seconds) done.
[   24.191228] Freezing remaining freezable tasks ... (elapsed 0.001 seconds) done.
[   24.200084] Suspending console(s) (use no_console_suspend to debug)
[   24.261296] PM: suspend of devices complete after 53.569 msecs
[   24.264653] PM: late suspend of devices complete after 3.340 msecs
[   24.267421] PM: noirq suspend of devices complete after 2.753 msecs
[   24.267427] Disabling non-boot CPUs ...
[   24.268287] CPU1: shutdown
[   24.301435] CPU2: shutdown
[   24.371233] CPU3: shutdown
[   24.430282] Entering suspend state LP1
[   24.430282] Suspended for 8.213 seconds
[   24.430301] Enabling non-boot CPUs ...
[   24.460422] CPU1 is up
[   24.500515] CPU2 is up
[   24.540779] CPU3 is up
[   24.542011] PM: noirq resume of devices complete after 1.221 msecs
[   24.544818] PM: early resume of devices complete after 2.334 msecs
[   25.140385] PM: resume of devices complete after 595.548 msecs
[   25.208854] Restarting tasks ... done.
root@(none):/# 
root@(none):/# NVTB SYSTEM SUSPEND TEST COMPLETE
