
U-Boot SPL 2014.01-00219-gc4d376f (Feb 18 2014 - 19:57:32)


U-Boot 2014.01-00219-gc4d376f (Feb 18 2014 - 19:57:32)

TEGRA114
Board: NVIDIA Dalmore
I2C:   ready
DRAM:  2 GiB
MMC:   Tegra SD/MMC: 0, Tegra SD/MMC: 1
In:    serial
Out:   serial
Err:   serial
Net:   Net Initialization Skipped
No ethernet found.
Hit any key to stop autoboot:  2  0 
Tegra114 (Dalmore) # 
Tegra114 (Dalmore) # usb reset
(Re)start USB...
USB0:   USB EHCI 1.10
scanning bus 0 for devices... 2 USB Device(s) found
       scanning usb for storage devices... 0 Storage Device(s) found
       scanning usb for ethernet devices... 
Warning: asx0 using MAC address from net device
1 Ethernet Device(s) found
Tegra114 (Dalmore) # setenv bootargs 'ignore_loglevel console=ttyS0,115200n8 rw root=PARTUUID=7369c667-ff51-ec4a-29cd-baabf2fbe346 rootwait gpt debug earlyprintk init=/bin/bash'
Tegra114 (Dalmore) # setenv ipaddr 192.168.100.100; setenv serverip 192.168.100.1; setenv tftpserverip 192.168.100.1
Tegra114 (Dalmore) # tftpboot 0x81000000 zImage.tegra_defconfig
Using asx0 device
TFTP from server 192.168.100.1; our IP address is 192.168.100.100
Filename 'zImage.tegra_defconfig'.
Load address: 0x81000000
Loading: *#################################################################
	 #################################################################
	 #################################################################
	 #################################################################
	 #################################################################
	 #####################################################
	 3.2 MiB/s
done
Bytes transferred = 5545072 (549c70 hex)
Tegra114 (Dalmore) # tftpboot 0x82000000 tegra114-dalmore.dtb
Using asx0 device
TFTP from server 192.168.100.1; our IP address is 192.168.100.100
Filename 'tegra114-dalmore.dtb'.
Load address: 0x82000000
Loading: *###
	 3 MiB/s
done
Bytes transferred = 35044 (88e4 hex)
Tegra114 (Dalmore) # bootz 0x81000000 - 0x82000000
Kernel image @ 0x81000000 [ 0x000000 - 0x549c70 ]
## Flattened Device Tree blob at 82000000
   Booting using the fdt blob at 0x82000000
   Loading Device Tree to 8fff4000, end 8ffff8e3 ... OK

Starting kernel ...

Uncompressing Linux... done, booting the kernel.
[    0.000000] Booting Linux on physical CPU 0x0
[    0.000000] Linux version 4.10.0-rc5-next-20170125-148138-gf37208bc (pwalmsley@kaivo) (gcc version 4.7.3 20130328 (prerelease) (crosstool-NG linaro-1.13.1-4.7-2013.04-20130415 - Linaro GCC 2013.04) ) #1 SMP PREEMPT Thu Jan 26 06:25:00 PST 2017
[    0.000000] CPU: ARMv7 Processor [412fc0f2] revision 2 (ARMv7), cr=10c5387d
[    0.000000] CPU: div instructions available: patching division code
[    0.000000] CPU: PIPT / VIPT nonaliasing data cache, PIPT instruction cache
[    0.000000] OF: fdt:Machine model: NVIDIA Tegra114 Dalmore evaluation board
[    0.000000] debug: ignoring loglevel setting.
[    0.000000] bootconsole [earlycon0] enabled
[    0.000000] cma: Reserved 64 MiB at 0xfbc00000
[    0.000000] Memory policy: Data cache writealloc
[    0.000000] On node 0 totalpages: 524032
[    0.000000] free_area_init_node: node 0, pgdat c0d5f400, node_mem_map eeff7000
[    0.000000]   Normal zone: 1536 pages used for memmap
[    0.000000]   Normal zone: 0 pages reserved
[    0.000000]   Normal zone: 196608 pages, LIFO batch:31
[    0.000000]   HighMem zone: 327424 pages, LIFO batch:31
[    0.000000] percpu: Embedded 16 pages/cpu @eef9b000 s34496 r8192 d22848 u65536
[    0.000000] pcpu-alloc: s34496 r8192 d22848 u65536 alloc=16*4096
[    0.000000] pcpu-alloc: [0] 0 [0] 1 [0] 2 [0] 3 
[    0.000000] Built 1 zonelists in Zone order, mobility grouping on.  Total pages: 522496
[    0.000000] Kernel command line: ignore_loglevel console=ttyS0,115200n8 rw root=PARTUUID=7369c667-ff51-ec4a-29cd-baabf2fbe346 rootwait gpt debug earlyprintk init=/bin/bash
[    0.000000] PID hash table entries: 4096 (order: 2, 16384 bytes)
[    0.000000] Dentry cache hash table entries: 131072 (order: 7, 524288 bytes)
[    0.000000] Inode-cache hash table entries: 65536 (order: 6, 262144 bytes)
[    0.000000] Memory: 1999924K/2096128K available (8192K kernel code, 386K rwdata, 2480K rodata, 1024K init, 368K bss, 30668K reserved, 65536K cma-reserved, 1244160K highmem)
[    0.000000] Virtual kernel memory layout:
[    0.000000]     vector  : 0xffff0000 - 0xffff1000   (   4 kB)
[    0.000000]     fixmap  : 0xffc00000 - 0xfff00000   (3072 kB)
[    0.000000]     vmalloc : 0xf0800000 - 0xff800000   ( 240 MB)
[    0.000000]     lowmem  : 0xc0000000 - 0xf0000000   ( 768 MB)
[    0.000000]     pkmap   : 0xbfe00000 - 0xc0000000   (   2 MB)
[    0.000000]     modules : 0xbf000000 - 0xbfe00000   (  14 MB)
[    0.000000]       .text : 0xc0008000 - 0xc0900000   (9184 kB)
[    0.000000]       .init : 0xc0c00000 - 0xc0d00000   (1024 kB)
[    0.000000]       .data : 0xc0d00000 - 0xc0d60ac0   ( 387 kB)
[    0.000000]        .bss : 0xc0d62000 - 0xc0dbe34c   ( 369 kB)
[    0.000000] Preemptible hierarchical RCU implementation.
[    0.000000] 	Build-time adjustment of leaf fanout to 32.
[    0.000000] NR_IRQS:16 nr_irqs:16 16
[    0.000000] /interrupt-controller@60004000: 160 interrupts forwarded to /interrupt-controller@50041000
[    0.000000] Tegra clk 127: register failed with -17
[    0.000008] sched_clock: 32 bits at 1000kHz, resolution 1000ns, wraps every 2147483647500ns
[    0.007766] clocksource: timer_us: mask: 0xffffffff max_cycles: 0xffffffff, max_idle_ns: 1911260446275 ns
[    0.017381] Switching to timer-based delay loop, resolution 1000ns
[    0.024428] arm_arch_timer: Architected cp15 timer(s) running at 12.00MHz (virt).
[    0.031166] clocksource: arch_sys_counter: mask: 0xffffffffffffff max_cycles: 0x2c47f4ee7, max_idle_ns: 440795202497 ns
[    0.041999] sched_clock: 56 bits at 12MHz, resolution 83ns, wraps every 4398046511096ns
[    0.050054] Switching to timer-based delay loop, resolution 83ns
[    0.056560] Console: colour dummy device 80x30
[    0.060638] Calibrating delay loop (skipped), value calculated using timer frequency.. 24.00 BogoMIPS (lpj=120000)
[    0.071039] pid_max: default: 32768 minimum: 301
[    0.076211] Mount-cache hash table entries: 2048 (order: 1, 8192 bytes)
[    0.082394] Mountpoint-cache hash table entries: 2048 (order: 1, 8192 bytes)
[    0.090306] CPU: Testing write buffer coherency: ok
[    0.094713] /cpus/cpu@0 missing clock-frequency property
[    0.099814] /cpus/cpu@1 missing clock-frequency property
[    0.105212] /cpus/cpu@2 missing clock-frequency property
[    0.110563] /cpus/cpu@3 missing clock-frequency property
[    0.115934] CPU0: thread -1, cpu 0, socket 0, mpidr 80000000
[    0.146011] Setting up static identity map for 0x80100000 - 0x80100098
[    0.176441] Tegra Revision: A01 SKU: 0 CPU Process: 1 SoC Process: 0
[    0.181766] smp: Bringing up secondary CPUs ...
[    0.246713] CPU1: thread -1, cpu 1, socket 0, mpidr 80000001
[    0.316799] CPU2: thread -1, cpu 2, socket 0, mpidr 80000002
[    0.386906] CPU3: thread -1, cpu 3, socket 0, mpidr 80000003
[    0.386994] smp: Brought up 1 node, 4 CPUs
[    0.406428] SMP: Total of 4 processors activated (96.00 BogoMIPS).
[    0.412677] CPU: All CPU(s) started in SVC mode.
[    0.419169] devtmpfs: initialized
[    0.433564] VFP support v0.3: implementor 41 architecture 4 part 30 variant f rev 0
[    0.439719] clocksource: jiffies: mask: 0xffffffff max_cycles: 0xffffffff, max_idle_ns: 19112604462750000 ns
[    0.450533] pinctrl core: initialized pinctrl subsystem
[    0.455904] NET: Registered protocol family 16
[    0.460593] DMA: preallocated 256 KiB pool for atomic coherent allocations
[    0.467801] cpuidle: using governor menu
[    0.493034] No ATAGs?
[    0.493177] hw-breakpoint: found 5 (+1 reserved) breakpoint and 4 watchpoint registers.
[    0.501711] hw-breakpoint: maximum watchpoint size is 8 bytes.
[    0.508581] tegra-mc 70019000.memory-controller: no memory timings for RAM code 3 registered
[    0.533660] dvdd_ts: Failed to request enable GPIO61: -517
[    0.537351] reg-fixed-voltage regulators:regulator@1: Failed to register regulator: -517
[    0.545570] usb1_vbus: Failed to request enable GPIO108: -517
[    0.551296] reg-fixed-voltage regulators:regulator@3: Failed to register regulator: -517
[    0.559520] usb2_vbus: Failed to request enable GPIO86: -517
[    0.565161] reg-fixed-voltage regulators:regulator@4: Failed to register regulator: -517
[    0.573783] VDD_5V0_HDMI_CON: Failed to request enable GPIO81: -517
[    0.579638] reg-fixed-voltage regulators:regulator@7: Failed to register regulator: -517
[    0.589001] vgaarb: loaded
[    0.591348] SCSI subsystem initialized
[    0.594606] libata version 3.00 loaded.
[    0.598640] usbcore: registered new interface driver usbfs
[    0.603897] usbcore: registered new interface driver hub
[    0.609275] usbcore: registered new device driver usb
[    0.617429] tps65090 2-0048: No cache defaults, reading back from HW
[    0.623933] TPS65090_RAILSDCDC1: supplied by vdd_ac_bat
[    0.628526] TPS65090_RAILSDCDC2: supplied by vdd_ac_bat
[    0.633774] TPS65090_RAILSDCDC3: supplied by vdd_ac_bat
[    0.638537] TPS65090_RAILSFET1: supplied by vdd_ac_bat
[    0.643580] TPS65090_RAILSFET2: supplied by vdd_ac_bat
[    0.648775] TPS65090_RAILSFET3: supplied by vdd-sys-3v3
[    0.654218] TPS65090_RAILSFET4: supplied by vdd-sys-3v3
[    0.659522] TPS65090_RAILSFET5: supplied by vdd-sys-3v3
[    0.664788] TPS65090_RAILSFET6: supplied by vdd-sys-3v3
[    0.670405] TPS65090_RAILSFET7: supplied by vdd-sys-3v3
[    0.675364] TPS65090_RAILSLDO1: supplied by vdd_ac_bat
[    0.680252] TPS65090_RAILSLDO2: supplied by vdd_ac_bat
[    0.685998] palmas 2-0058: Irq flag is 0x00000004
[    0.692121] palmas 2-0058: Muxing GPIO ff, PWM 0, LED 0
[    0.697968] SMPS12: supplied by vdd-ao
[    0.700998] vdd_hdmi_5v0: supplied by vdd-sys-5v0
[    0.705508] SMPS3: supplied by vdd-ao
[    0.710221] SMPS457: supplied by vdd-sys-3v3
[    0.715783] SMPS8: supplied by vdd-sys-3v3
[    0.718969] random: fast init done
[    0.722341] SMPS9: supplied by vdd-sys-3v3
[    0.726215] sdhci-vdd-sd-slot: Bringing 2840000uV into 2800000-2800000uV
[    0.735505] LDO1: supplied by vdd-sys-3v3
[    0.738956] LDO2: supplied by vdd-sys-3v3
[    0.743066] LDO3: supplied by vddio-1v8
[    0.746930] LDO4: supplied by vdd-sys-3v3
[    0.751019] LDO5: supplied by vdd_ac_bat
[    0.754589] LDO6: supplied by vdd-sys-3v3
[    0.758330] vdd-sensor-2v85: Bringing 2900000uV into 2850000-2850000uV
[    0.765893] LDO7: supplied by vdd-sys-3v3
[    0.770288] LDO8: supplied by vdd-ao
[    0.772644] vdd-rtc: Bringing 675000uV into 900000-900000uV
[    0.788525] LDO9: supplied by sdhci-vdd-sd-slot
[    0.798869] LDOLN: supplied by vdd-sys-5v0
[    0.802432] LDOUSB: supplied by vdd-sys-5v0
[    0.811690] Linux video capture interface: v2.00
[    0.814564] pps_core: LinuxPPS API ver. 1 registered
[    0.819530] pps_core: Software ver. 5.3.6 - Copyright 2005-2007 Rodolfo Giometti <giometti@linux.it>
[    0.828737] PTP clock support registered
[    0.833375] Advanced Linux Sound Architecture Driver Initialized.
[    0.839644] Bluetooth: Core ver 2.22
[    0.842531] NET: Registered protocol family 31
[    0.847002] Bluetooth: HCI device and connection manager initialized
[    0.853403] Bluetooth: HCI socket layer initialized
[    0.858355] Bluetooth: L2CAP socket layer initialized
[    0.863485] Bluetooth: SCO socket layer initialized
[    0.869759] clocksource: Switched to clocksource arch_sys_counter
[    0.889802] NET: Registered protocol family 2
[    0.893501] TCP established hash table entries: 8192 (order: 3, 32768 bytes)
[    0.899532] TCP bind hash table entries: 8192 (order: 4, 65536 bytes)
[    0.906141] TCP: Hash tables configured (established 8192 bind 8192)
[    0.912863] UDP hash table entries: 512 (order: 2, 16384 bytes)
[    0.918370] UDP-Lite hash table entries: 512 (order: 2, 16384 bytes)
[    0.925098] NET: Registered protocol family 1
[    0.929889] RPC: Registered named UNIX socket transport module.
[    0.935148] RPC: Registered udp transport module.
[    0.939934] RPC: Registered tcp transport module.
[    0.944681] RPC: Registered tcp NFSv4.1 backchannel transport module.
[    0.951200] PCI: CLS 0 bytes, default 64
[    0.958191] futex hash table entries: 1024 (order: 4, 65536 bytes)
[    0.963317] workingset: timestamp_bits=30 max_order=19 bucket_order=0
[    0.970662] squashfs: version 4.0 (2009/01/31) Phillip Lougher
[    0.975723] NFS: Registering the id_resolver key type
[    0.980135] Key type id_resolver registered
[    0.984297] Key type id_legacy registered
[    0.993033] bounce: pool size: 64 pages
[    0.995049] io scheduler noop registered (default)
[    0.999957] io scheduler mq-deadline registered
[    1.022018] tegra-apbdma 6000a000.dma: Tegra20 APB DMA driver register 32 channels
[    1.028452] tegra-pmc 7000e400.pmc: i2c-thermtrip node not found, emergency thermal reset disabled.
[    1.037425] Serial: 8250/16550 driver, 4 ports, IRQ sharing disabled
[    1.045439] console [ttyS0] disabled
[    1.047237] 70006300.serial: ttyS0 at MMIO 0x70006300 (irq = 329, base_baud = 25500000) is a Tegra
[    1.056269] console [ttyS0] enabled
[    1.056269] console [ttyS0] enabled
[    1.062577] bootconsole [earlycon0] disabled
[    1.062577] bootconsole [earlycon0] disabled
[    1.073848] tegra-hdmi 54280000.hdmi: failed to get HDMI regulator
[    1.096577] loop: module loaded
[    1.111625] m25p80 spi32766.0: w25q32dw (4096 Kbytes)
[    1.118993] libphy: Fixed MDIO Bus: probed
[    1.123147] CAN device driver interface
[    1.127043] igb: Intel(R) Gigabit Ethernet Network Driver - version 5.4.0-k
[    1.134017] igb: Copyright (c) 2007-2014 Intel Corporation.
[    1.139823] pegasus: v0.9.3 (2013/04/25), Pegasus/Pegasus II USB Ethernet driver
[    1.147285] usbcore: registered new interface driver pegasus
[    1.153060] usbcore: registered new interface driver asix
[    1.158516] usbcore: registered new interface driver ax88179_178a
[    1.164719] usbcore: registered new interface driver cdc_ether
[    1.170666] usbcore: registered new interface driver smsc75xx
[    1.176487] usbcore: registered new interface driver smsc95xx
[    1.182342] usbcore: registered new interface driver net1080
[    1.188057] usbcore: registered new interface driver cdc_subset
[    1.194056] usbcore: registered new interface driver zaurus
[    1.199709] usbcore: registered new interface driver cdc_ncm
[    1.205812] ehci_hcd: USB 2.0 'Enhanced' Host Controller (EHCI) Driver
[    1.212351] ehci-pci: EHCI PCI platform driver
[    1.216857] tegra-ehci: Tegra EHCI driver
[    1.221550] usbcore: registered new interface driver cdc_acm
[    1.227202] cdc_acm: USB Abstract Control Model driver for USB modems and ISDN adapters
[    1.235285] usbcore: registered new interface driver cdc_wdm
[    1.241055] usbcore: registered new interface driver usb-storage
[    1.247547] mousedev: PS/2 mouse device common for all mice
[    1.257432] palmas-rtc 7000d000.i2c:tps65913@58:rtc: rtc core: registered 7000d000.i2c:tps659 as rtc0
[    1.268106] tegra_rtc 7000e000.rtc: rtc core: registered 7000e000.rtc as rtc1
[    1.275332] tegra_rtc 7000e000.rtc: Tegra internal Real Time Clock
[    1.281816] i2c /dev entries driver
[    1.286291] usbcore: registered new interface driver uvcvideo
[    1.292081] USB Video Class driver (1.1.1)
[    1.296172] gspca_main: v2.14.0 registered
[    1.301205] sbs-battery 0-000b: sbs_probe: Failed to get device status
[    1.307741] sbs-battery: probe of 0-000b failed with error -121
[    1.318862] tegra-wdt 60005000.timer: initialized (heartbeat = 120 sec, nowayout = 0)
[    1.327325] sdhci: Secure Digital Host Controller Interface driver
[    1.333592] sdhci: Copyright(c) Pierre Ossman
[    1.337944] sdhci-pltfm: SDHCI platform and OF driver helper
[    1.343878] sdhci-tegra 78000400.sdhci: Got CD GPIO
[    1.348767] sdhci-tegra 78000400.sdhci: Got WP GPIO
[    1.354853] mmc0: Invalid maximum block size, assuming 512 bytes
[    1.419986] mmc0: SDHCI controller on 78000400.sdhci [78000400.sdhci] using ADMA
[    1.429730] mmc1: Invalid maximum block size, assuming 512 bytes
[    1.499820] mmc1: SDHCI controller on 78000600.sdhci [78000600.sdhci] using ADMA
[    1.517162] usbcore: registered new interface driver usbhid
[    1.524829] usbhid: USB HID core driver
[    1.565069] mmc0: new high speed SDHC card at address aaaa
[    1.571256] mmcblk0: mmc0:aaaa SL16G 14.8 GiB 
[    1.592507]  mmcblk0: p1 p2 p3
[    1.598596] mmc1: new high speed MMC card at address 0001
[    1.604719] mmcblk1: mmc1:0001 SEM32G 29.1 GiB 
[    1.609656] mmcblk1boot0: mmc1:0001 SEM32G partition 1 4.00 MiB
[    1.616019] mmcblk1boot1: mmc1:0001 SEM32G partition 2 4.00 MiB
[    1.622394] mmcblk1rpmb: mmc1:0001 SEM32G partition 3 4.00 MiB
[    1.630919]  mmcblk1: p1 p2 p3 p4 p5 p6 p7 p8
[    1.983364] tegra30-i2s 70080400.i2s: DMA channels sourced from device 70080000.ahub
[    1.999918] tegra-snd-rt5640 sound: rt5640-aif1 <-> 70080400.i2s mapping ok
[    2.011637] input: NVIDIA Tegra Dalmore Headphones as /devices/soc0/sound/sound/card0/input0
[    2.022360] NET: Registered protocol family 10
[    2.028163] Segment Routing with IPv6
[    2.032015] mip6: Mobile IPv6
[    2.034981] sit: IPv6, IPv4 and MPLS over IPv4 tunneling driver
[    2.042610] NET: Registered protocol family 17
[    2.047068] NET: Registered protocol family 15
[    2.051529] can: controller area network core (rev 20120528 abi 9)
[    2.057811] NET: Registered protocol family 29
[    2.062270] can: raw protocol (rev 20120528)
[    2.066534] can: broadcast manager protocol (rev 20161123 t)
[    2.072206] can: netlink gateway (rev 20130117) max_hops=1
[    2.077884] Bluetooth: RFCOMM socket layer initialized
[    2.083057] Bluetooth: RFCOMM ver 1.11
[    2.086813] Bluetooth: BNEP (Ethernet Emulation) ver 1.3
[    2.092142] Bluetooth: BNEP socket layer initialized
[    2.097100] Bluetooth: HIDP (Human Interface Emulation) ver 1.2
[    2.103034] Bluetooth: HIDP socket layer initialized
[    2.108209] Key type dns_resolver registered
[    2.113101] Registering SWP/SWPB emulation handler
[    2.135186] usb1_vbus: supplied by vdd-sys-5v0
[    2.140386] usb2_vbus: supplied by vdd-sys-5v0
[    2.146387] VDD_5V0_HDMI_CON: supplied by vdd-sys-5v0
[    2.155319] [drm] Supports vblank timestamp caching Rev 2 (21.10.2013).
[    2.162044] [drm] No driver support for vblank timestamp query.
[    2.260995] Console: switching to colour frame buffer device 240x75
[    2.300602] drm drm: fb0:  frame buffer device
[    2.305144] [drm] Initialized tegra 0.0.0 20120330 for drm on minor 0
[    2.315237] tegra-ehci 7d008000.usb: EHCI Host Controller
[    2.320679] tegra-ehci 7d008000.usb: new USB bus registered, assigned bus number 1
[    2.328551] tegra-ehci 7d008000.usb: irq 339, io mem 0x7d008000
[    2.369900] tegra-ehci 7d008000.usb: USB 2.0 started, EHCI 1.10
[    2.377289] hub 1-0:1.0: USB hub found
[    2.381225] hub 1-0:1.0: 1 port detected
[    2.386467] input: gpio-keys as /devices/soc0/gpio-keys/input/input1
[    2.395288] palmas-rtc 7000d000.i2c:tps65913@58:rtc: setting system clock to 2000-11-20 01:56:45 UTC (974685405)
[    2.411376] dvdd_ts: disabling
[    2.414437] usb1_vbus: disabling
[    2.417663] vdd_cam_1v8_reg: disabling
[    2.421500] ALSA device list:
[    2.424483]   #0: NVIDIA Tegra Dalmore
[    2.429369] EXT4-fs (mmcblk1p1): mounting ext3 file system using the ext4 subsystem
[    2.451653] EXT4-fs (mmcblk1p1): recovery complete
[    2.456483] EXT4-fs (mmcblk1p1): mounted filesystem with ordered data mode. Opts: (null)
[    2.464694] VFS: Mounted root (ext3 filesystem) on device 179:17.
[    2.476731] devtmpfs: mounted
[    2.481003] Freeing unused kernel memory: 1024K
bash: cannot set terminal process group (-1): Inappropriate ioctl for device
bash: no job control in this shell
root@(none):/# [    2.739852] usb 1-1: new high-speed USB device number 2 using tegra-ehci
mount -t sysfs none /sys
root@(none):/# 
root@(none):/# [    3.415217] asix 1-1:1.0 eth0: register 'asix' at usb-7d008000.usb-1, ASIX AX88772 USB 2.0 Ethernet, 00:50:b6:0d:b5:16
mount -t debugfs none /sys/kernel/debug
root@(none):/# 
root@(none):/# rtcwake -d rtc1 -m mem -s 3
rtcwake: assuming RTC uses UTC ...
rtcwake: wakeup from "mem" using /dev/rtc1 at Thu Jan  1 00:00:19 1970
[    5.292758] PM: Syncing filesystems ... done.
[    5.299147] Freezing user space processes ... (elapsed 0.001 seconds) done.
[    5.300415] Freezing remaining freezable tasks ... (elapsed 0.001 seconds) done.
[    5.301780] Suspending console(s) (use no_console_suspend to debug)
[    5.421534] PM: suspend of devices complete after 74.266 msecs
[    5.423468] PM: late suspend of devices complete after 1.917 msecs
[    5.424979] PM: noirq suspend of devices complete after 1.500 msecs
[    5.424985] Disabling non-boot CPUs ...
[    5.460232] IRQ17 no longer affine to CPU1
[    5.460525] ------------[ cut here ]------------
[    5.460546] WARNING: CPU: 1 PID: 14 at kernel/sched/sched.h:804 set_next_entity+0xbcc/0xf20
[    5.460550] rq->clock_update_flags < RQCF_ACT_SKIP
[    5.460555] Modules linked in:
[    5.460570] CPU: 1 PID: 14 Comm: migration/1 Not tainted 4.10.0-rc5-next-20170125-148138-gf37208bc #1
[    5.460575] Hardware name: NVIDIA Tegra SoC (Flattened Device Tree)
[    5.460606] [<c010f358>] (unwind_backtrace) from [<c010a900>] (show_stack+0x10/0x14)
[    5.460624] [<c010a900>] (show_stack) from [<c0353efc>] (dump_stack+0x84/0xa4)
[    5.460641] [<c0353efc>] (dump_stack) from [<c011fbbc>] (__warn+0xd4/0x100)
[    5.460657] [<c011fbbc>] (__warn) from [<c011fc88>] (warn_slowpath_fmt+0x38/0x48)
[    5.460669] [<c011fc88>] (warn_slowpath_fmt) from [<c014c100>] (set_next_entity+0xbcc/0xf20)
[    5.460682] [<c014c100>] (set_next_entity) from [<c0157500>] (pick_next_task_fair+0x78/0x598)
[    5.460696] [<c0157500>] (pick_next_task_fair) from [<c0147160>] (sched_cpu_dying+0x24c/0x2d4)
[    5.460711] [<c0147160>] (sched_cpu_dying) from [<c011fce4>] (cpuhp_invoke_callback+0x4c/0x124)
[    5.460725] [<c011fce4>] (cpuhp_invoke_callback) from [<c012015c>] (take_cpu_down+0x64/0xa8)
[    5.460743] [<c012015c>] (take_cpu_down) from [<c01a4994>] (multi_cpu_stop+0xe4/0x110)
[    5.460758] [<c01a4994>] (multi_cpu_stop) from [<c01a4600>] (cpu_stopper_thread+0x7c/0x128)
[    5.460776] [<c01a4600>] (cpu_stopper_thread) from [<c013dca0>] (smpboot_thread_fn+0x180/0x2b4)
[    5.460790] [<c013dca0>] (smpboot_thread_fn) from [<c013a4ec>] (kthread+0xfc/0x134)
[    5.460802] [<c013a4ec>] (kthread) from [<c0107938>] (ret_from_fork+0x14/0x3c)
[    5.460809] ---[ end trace ab264a04b5509152 ]---
[    5.460895] CPU1: shutdown
[    5.570606] CPU2: shutdown
[    5.670520] CPU3: shutdown
[    5.721482] Entering suspend state LP1
[    5.721482] Suspended for 7.713 seconds
[    5.721527] Enabling non-boot CPUs ...
[    5.751654] CPU1 is up
[    5.791819] CPU2 is up
[    5.832122] CPU3 is up
[    5.832881] PM: noirq resume of devices complete after 0.748 msecs
[    5.835499] PM: early resume of devices complete after 1.983 msecs
[    6.432909] PM: resume of devices complete after 597.393 msecs
[    6.657735] Restarting tasks ... done.
root@(none):/# 
root@(none):/# rtcwake -d rtc1 -m mem -s 3
rtcwake: assuming RTC uses UTC ...
rtcwake: wakeup from "mem" using /dev/rtc1 at Thu Jan  1 00:00:29 1970
[    7.592600] PM: Syncing filesystems ... done.
[    7.597744] Freezing user space processes ... (elapsed 0.001 seconds) done.
[    7.599023] Freezing remaining freezable tasks ... (elapsed 0.001 seconds) done.
[    7.600434] Suspending console(s) (use no_console_suspend to debug)
[    7.741699] PM: suspend of devices complete after 94.614 msecs
[    7.743365] PM: late suspend of devices complete after 1.648 msecs
[    7.744950] PM: noirq suspend of devices complete after 1.574 msecs
[    7.744955] Disabling non-boot CPUs ...
[    7.780545] CPU1: shutdown
[    7.890548] CPU2: shutdown
[    7.970453] CPU3: shutdown
[    8.021446] Entering suspend state LP1
[    8.021446] Suspended for 8.283 seconds
[    8.021492] Enabling non-boot CPUs ...
[    8.051599] CPU1 is up
[    8.091769] CPU2 is up
[    8.132058] CPU3 is up
[    8.132807] PM: noirq resume of devices complete after 0.737 msecs
[    8.134882] PM: early resume of devices complete after 1.436 msecs
[    8.732719] PM: resume of devices complete after 597.818 msecs
[    8.800488] Restarting tasks ... done.
root@(none):/# 
root@(none):/# rtcwake -d rtc1 -m mem -s 3
rtcwake: assuming RTC uses UTC ...
rtcwake: wakeup from "mem" using /dev/rtc1 at Thu Jan  1 00:00:39 1970
[    9.300410] PM: Syncing filesystems ... done.
[    9.306113] Freezing user space processes ... (elapsed 0.001 seconds) done.
[    9.307354] Freezing remaining freezable tasks ... (elapsed 0.001 seconds) done.
[    9.308746] Suspending console(s) (use no_console_suspend to debug)
[    9.452072] PM: suspend of devices complete after 88.725 msecs
[    9.454023] PM: late suspend of devices complete after 1.933 msecs
[    9.455613] PM: noirq suspend of devices complete after 1.578 msecs
[    9.455619] Disabling non-boot CPUs ...
[    9.490484] CPU1: shutdown
[    9.590111] IRQ17 no longer affine to CPU2
[    9.590517] CPU2: shutdown
[    9.690404] CPU3: shutdown
[    9.741244] Entering suspend state LP1
[    9.741244] Suspended for 7.697 seconds
[    9.741289] Enabling non-boot CPUs ...
[    9.771557] CPU1 is up
[    9.811724] CPU2 is up
[    9.852018] CPU3 is up
[    9.852779] PM: noirq resume of devices complete after 0.749 msecs
[    9.854987] PM: early resume of devices complete after 1.556 msecs
[   10.452603] PM: resume of devices complete after 597.599 msecs
[   10.524558] Restarting tasks ... done.
root@(none):/# 
root@(none):/# rtcwake -d rtc1 -m mem -s 3
rtcwake: assuming RTC uses UTC ...
rtcwake: wakeup from "mem" using /dev/rtc1 at Thu Jan  1 00:00:49 1970
[   11.608151] PM: Syncing filesystems ... done.
[   11.613540] Freezing user space processes ... (elapsed 0.001 seconds) done.
[   11.614779] Freezing remaining freezable tasks ... (elapsed 0.001 seconds) done.
[   11.616158] Suspending console(s) (use no_console_suspend to debug)
[   11.762076] PM: suspend of devices complete after 95.690 msecs
[   11.764028] PM: late suspend of devices complete after 1.934 msecs
[   11.765536] PM: noirq suspend of devices complete after 1.496 msecs
[   11.765541] Disabling non-boot CPUs ...
[   11.800117] IRQ17 no longer affine to CPU1
[   11.800466] CPU1: shutdown
[   11.910443] CPU2: shutdown
[   12.010375] CPU3: shutdown
[   12.061259] Entering suspend state LP1
[   12.061259] Suspended for 8.263 seconds
[   12.061304] Enabling non-boot CPUs ...
[   12.091503] CPU1 is up
[   12.131652] CPU2 is up
[   12.171968] CPU3 is up
[   12.172673] PM: noirq resume of devices complete after 0.693 msecs
[   12.175081] PM: early resume of devices complete after 1.761 msecs
[   12.780302] PM: resume of devices complete after 605.203 msecs
[   12.852204] Restarting tasks ... done.
root@(none):/# 
root@(none):/# rtcwake -d rtc1 -m mem -s 3
rtcwake: assuming RTC uses UTC ...
rtcwake: wakeup from "mem" using /dev/rtc1 at Thu Jan  1 00:00:59 1970
[   13.340594] PM: Syncing filesystems ... done.
[   13.346073] Freezing user space processes ... (elapsed 0.001 seconds) done.
[   13.347427] Freezing remaining freezable tasks ... (elapsed 0.001 seconds) done.
[   13.348831] Suspending console(s) (use no_console_suspend to debug)
[   13.491867] PM: suspend of devices complete after 88.183 msecs
[   13.493512] PM: late suspend of devices complete after 1.627 msecs
[   13.495057] PM: noirq suspend of devices complete after 1.533 msecs
[   13.495062] Disabling non-boot CPUs ...
[   13.530059] IRQ17 no longer affine to CPU1
[   13.530410] CPU1: shutdown
[   13.630411] CPU2: shutdown
[   13.730317] CPU3: shutdown
[   13.781068] Entering suspend state LP1
[   13.781068] Suspended for 7.697 seconds
[   13.781113] Enabling non-boot CPUs ...
[   13.811457] CPU1 is up
[   13.851613] CPU2 is up
[   13.891919] CPU3 is up
[   13.892576] PM: noirq resume of devices complete after 0.645 msecs
[   13.894949] PM: early resume of devices complete after 1.729 msecs
[   14.492421] PM: resume of devices complete after 597.454 msecs
[   14.564206] Restarting tasks ... done.
root@(none):/# 
root@(none):/# rtcwake -d rtc1 -m mem -s 3
rtcwake: assuming RTC uses UTC ...
rtcwake: wakeup from "mem" using /dev/rtc1 at Thu Jan  1 00:01:09 1970
[   15.649943] PM: Syncing filesystems ... done.
[   15.655329] Freezing user space processes ... (elapsed 0.001 seconds) done.
[   15.656572] Freezing remaining freezable tasks ... (elapsed 0.001 seconds) done.
[   15.657951] Suspending console(s) (use no_console_suspend to debug)
[   15.801941] PM: suspend of devices complete after 95.678 msecs
[   15.803827] PM: late suspend of devices complete after 1.868 msecs
[   15.805329] PM: noirq suspend of devices complete after 1.490 msecs
[   15.805335] Disabling non-boot CPUs ...
[   15.840015] IRQ17 no longer affine to CPU1
[   15.840366] CPU1: shutdown
[   15.940350] CPU2: shutdown
[   16.040256] CPU3: shutdown
[   16.091154] Entering suspend state LP1
[   16.091154] Suspended for 8.273 seconds
[   16.091199] Enabling non-boot CPUs ...
[   16.121400] CPU1 is up
[   16.161550] CPU2 is up
[   16.201905] CPU3 is up
[   16.202552] PM: noirq resume of devices complete after 0.635 msecs
[   16.204656] PM: early resume of devices complete after 1.444 msecs
[   16.802379] PM: resume of devices complete after 597.704 msecs
[   16.874230] Restarting tasks ... done.
root@(none):/# 
root@(none):/# rtcwake -d rtc1 -m mem -s 3
rtcwake: assuming RTC uses UTC ...
rtcwake: wakeup from "mem" using /dev/rtc1 at Thu Jan  1 00:01:19 1970
[   17.367888] PM: Syncing filesystems ... done.
[   17.373639] Freezing user space processes ... (elapsed 0.015 seconds) done.
[   17.389648] Freezing remaining freezable tasks ... (elapsed 0.001 seconds) done.
[   17.391058] Suspending console(s) (use no_console_suspend to debug)
[   17.511088] PM: suspend of devices complete after 93.853 msecs
[   17.512643] PM: late suspend of devices complete after 1.545 msecs
[   17.514167] PM: noirq suspend of devices complete after 1.514 msecs
[   17.514172] Disabling non-boot CPUs ...
[   17.550288] CPU1: shutdown
[   17.660272] CPU2: shutdown
[   17.759816] IRQ17 no longer affine to CPU3
[   17.760203] CPU3: shutdown
[   17.810913] Entering suspend state LP1
[   17.810913] Suspended for 7.697 seconds
[   17.810958] Enabling non-boot CPUs ...
[   17.841360] CPU1 is up
[   17.881506] CPU2 is up
[   17.921826] CPU3 is up
[   17.922480] PM: noirq resume of devices complete after 0.643 msecs
[   17.924385] PM: early resume of devices complete after 1.257 msecs
[   18.522845] PM: resume of devices complete after 598.442 msecs
[   18.594698] Restarting tasks ... done.
root@(none):/# 
root@(none):/# rtcwake -d rtc1 -m mem -s 3
rtcwake: assuming RTC uses UTC ...
rtcwake: wakeup from "mem" using /dev/rtc1 at Thu Jan  1 00:01:29 1970
[   19.683640] PM: Syncing filesystems ... done.
[   19.689023] Freezing user space processes ... (elapsed 0.001 seconds) done.
[   19.690377] Freezing remaining freezable tasks ... (elapsed 0.001 seconds) done.
[   19.691766] Suspending console(s) (use no_console_suspend to debug)
[   19.821516] PM: suspend of devices complete after 85.326 msecs
[   19.823410] PM: late suspend of devices complete after 1.876 msecs
[   19.824897] PM: noirq suspend of devices complete after 1.475 msecs
[   19.824903] Disabling non-boot CPUs ...
[   19.859874] IRQ17 no longer affine to CPU1
[   19.860220] CPU1: shutdown
[   19.960234] CPU2: shutdown
[   20.060128] CPU3: shutdown
[   20.111078] Entering suspend state LP1
[   20.111078] Suspended for 8.283 seconds
[   20.111123] Enabling non-boot CPUs ...
[   20.141300] CPU1 is up
[   20.181447] CPU2 is up
[   20.221804] CPU3 is up
[   20.222448] PM: noirq resume of devices complete after 0.632 msecs
[   20.224542] PM: early resume of devices complete after 1.447 msecs
[   20.822759] PM: resume of devices complete after 598.199 msecs
[   20.894593] Restarting tasks ... done.
root@(none):/# 
root@(none):/# rtcwake -d rtc1 -m mem -s 3
rtcwake: assuming RTC uses UTC ...
rtcwake: wakeup from "mem" using /dev/rtc1 at Thu Jan  1 00:01:39 1970
[   21.389245] PM: Syncing filesystems ... done.
[   21.394717] Freezing user space processes ... (elapsed 0.001 seconds) done.
[   21.395960] Freezing remaining freezable tasks ... (elapsed 0.001 seconds) done.
[   21.397338] Suspending console(s) (use no_console_suspend to debug)
[   21.541615] PM: suspend of devices complete after 88.215 msecs
[   21.543918] PM: late suspend of devices complete after 2.285 msecs
[   21.545476] PM: noirq suspend of devices complete after 1.546 msecs
[   21.545482] Disabling non-boot CPUs ...
[   21.579854] IRQ17 no longer affine to CPU1
[   21.580205] CPU1: shutdown
[   21.690172] CPU2: shutdown
[   21.790104] CPU3: shutdown
[   21.841010] Entering suspend state LP1
[   21.841010] Suspended for 7.686 seconds
[   21.841054] Enabling non-boot CPUs ...
[   21.871244] CPU1 is up
[   21.911395] CPU2 is up
[   21.951717] CPU3 is up
[   21.952381] PM: noirq resume of devices complete after 0.653 msecs
[   21.954850] PM: early resume of devices complete after 1.812 msecs
[   22.557997] PM: resume of devices complete after 603.129 msecs
[   22.629880] Restarting tasks ... done.
root@(none):/# 
root@(none):/# rtcwake -d rtc1 -m mem -s 3
rtcwake: assuming RTC uses UTC ...
rtcwake: wakeup from "mem" using /dev/rtc1 at Thu Jan  1 00:01:49 1970
[   23.711117] PM: Syncing filesystems ... done.
[   23.716843] Freezing user space processes ... (elapsed 0.001 seconds) done.
[   23.718188] Freezing remaining freezable tasks ... (elapsed 0.001 seconds) done.
[   23.719596] Suspending console(s) (use no_console_suspend to debug)
[   23.861432] PM: suspend of devices complete after 95.056 msecs
[   23.863116] PM: late suspend of devices complete after 1.667 msecs
[   23.864648] PM: noirq suspend of devices complete after 1.520 msecs
[   23.864654] Disabling non-boot CPUs ...
[   23.899740] IRQ17 no longer affine to CPU1
[   23.900114] CPU1: shutdown
[   24.010128] CPU2: shutdown
[   24.110042] CPU3: shutdown
[   24.160761] Entering suspend state LP1
[   24.160761] Suspended for 8.263 seconds
[   24.160806] Enabling non-boot CPUs ...
[   24.191321] CPU1 is up
[   24.231337] CPU2 is up
[   24.271655] CPU3 is up
[   24.272297] PM: noirq resume of devices complete after 0.630 msecs
[   24.274400] PM: early resume of devices complete after 1.457 msecs
[   24.872392] PM: resume of devices complete after 597.974 msecs
[   24.944210] Restarting tasks ... done.
root@(none):/# 
root@(none):/# NVTB SYSTEM SUSPEND TEST COMPLETE
