
U-Boot SPL 2016.05-rc2 (Apr 21 2016 - 16:23:00)
Trying to boot from RAM


U-Boot 2016.05-rc2 (Apr 21 2016 - 16:23:00 -0700)

TEGRA124
Model: NVIDIA Jetson TK1
Board: NVIDIA Jetson TK1
DRAM:  2 GiB
MC:   Tegra SD/MMC: 0, Tegra SD/MMC: 1
In:    serial
Out:   serial
Err:   serial
Net:   No ethernet found.
Hit any key to stop autoboot:  2  0 
Tegra124 (Jetson TK1) # 
Tegra124 (Jetson TK1) # pci enum
Tegra124 (Jetson TK1) # setenv bootargs 'ignore_loglevel console=ttyS0,115200n8 rw root=PARTUUID=b1791faa-84e8-4e27-83a1-9fb0a77e8803 rootwait gpt debug noinitrd earlyprintk init=/bin/bash'
Tegra124 (Jetson TK1) # setenv ipaddr 192.168.100.102; setenv serverip 192.168.100.1; setenv tftpserverip 192.168.100.1
Tegra124 (Jetson TK1) # tftpboot 0x82000000 zImage.multi_v7_defconfig

Warning: eth_rtl8169 using MAC address from ROM
Using eth_rtl8169 device
TFTP from server 192.168.100.1; our IP address is 192.168.100.102
Filename 'zImage.multi_v7_defconfig'.
Load address: 0x82000000
Loading: *#################################################################
	 #################################################################
	 #################################################################
	 #################################################################
	 #################################################################
	 #################################################################
	 #################################################################
	 ############################
	 4 MiB/s
done
Bytes transferred = 7076728 (6bfb78 hex)
Tegra124 (Jetson TK1) # tftpboot 0x83000000 tegra124-jetson-tk1.dtb
Using eth_rtl8169 device
TFTP from server 192.168.100.1; our IP address is 192.168.100.102
Filename 'tegra124-jetson-tk1.dtb'.
Load address: 0x83000000
Loading: *#####
	 3.7 MiB/s
done
Bytes transferred = 66737 (104b1 hex)
Tegra124 (Jetson TK1) # bootz 0x82000000 - 0x83000000
Kernel image @ 0x82000000 [ 0x000000 - 0x6bfb78 ]
## Flattened Device Tree blob at 83000000
   Booting using the fdt blob at 0x83000000
   Using Device Tree in place at 83000000, end 830134b0

Starting kernel ...

[    0.000000] Booting Linux on physical CPU 0x0
[    0.000000] Linux version 4.6.0-rc7-next-20160516-94924-gb0dc27a (pwalmsley@sellafield) (gcc version 4.7.3 20130328 (prerelease) (crosstool-NG linaro-1.13.1-4.7-2013.04-20130415 - Linaro GCC 2013.04) ) #1 SMP Mon May 23 11:58:58 PDT 2016
[    0.000000] CPU: ARMv7 Processor [413fc0f3] revision 3 (ARMv7), cr=10c5387d
[    0.000000] CPU: div instructions available: patching division code
[    0.000000] CPU: PIPT / VIPT nonaliasing data cache, PIPT instruction cache
[    0.000000] Machine model: NVIDIA Tegra124 Jetson TK1
[    0.000000] debug: ignoring loglevel setting.
[    0.000000] cma: Reserved 64 MiB at 0xfb800000
[    0.000000] Memory policy: Data cache writealloc
[    0.000000] On node 0 totalpages: 524032
[    0.000000] free_area_init_node: node 0, pgdat c141bb40, node_mem_map eeff8000
[    0.000000]   DMA zone: 1536 pages used for memmap
[    0.000000]   DMA zone: 0 pages reserved
[    0.000000]   DMA zone: 196608 pages, LIFO batch:31
[    0.000000]   HighMem zone: 327424 pages, LIFO batch:31
[    0.000000] percpu: Embedded 13 pages/cpu @eef89000 s23808 r8192 d21248 u53248
[    0.000000] pcpu-alloc: s23808 r8192 d21248 u53248 alloc=13*4096
[    0.000000] pcpu-alloc: [0] 0 [0] 1 [0] 2 [0] 3 
[    0.000000] Built 1 zonelists in Zone order, mobility grouping on.  Total pages: 522496
[    0.000000] Kernel command line: ignore_loglevel console=ttyS0,115200n8 rw root=PARTUUID=b1791faa-84e8-4e27-83a1-9fb0a77e8803 rootwait gpt debug noinitrd earlyprintk init=/bin/bash
[    0.000000] PID hash table entries: 4096 (order: 2, 16384 bytes)
[    0.000000] Dentry cache hash table entries: 131072 (order: 7, 524288 bytes)
[    0.000000] Inode-cache hash table entries: 65536 (order: 6, 262144 bytes)
[    0.000000] Memory: 1994996K/2096128K available (9529K kernel code, 1142K rwdata, 4216K rodata, 2048K init, 343K bss, 35596K reserved, 65536K cma-reserved, 1244160K highmem)
[    0.000000] Virtual kernel memory layout:
[    0.000000]     vector  : 0xffff0000 - 0xffff1000   (   4 kB)
[    0.000000]     fixmap  : 0xffc00000 - 0xfff00000   (3072 kB)
[    0.000000]     vmalloc : 0xf0800000 - 0xff800000   ( 240 MB)
[    0.000000]     lowmem  : 0xc0000000 - 0xf0000000   ( 768 MB)
[    0.000000]     pkmap   : 0xbfe00000 - 0xc0000000   (   2 MB)
[    0.000000]     modules : 0xbf000000 - 0xbfe00000   (  14 MB)
[    0.000000]       .text : 0xc0208000 - 0xc106c518   (14738 kB)
[    0.000000]       .init : 0xc1100000 - 0xc1300000   (2048 kB)
[    0.000000]       .data : 0xc1300000 - 0xc141dba0   (1143 kB)
[    0.000000]        .bss : 0xc141f000 - 0xc1474ca0   ( 344 kB)
[    0.000000] SLUB: HWalign=64, Order=0-3, MinObjects=0, CPUs=4, Nodes=1
[    0.000000] Hierarchical RCU implementation.
[    0.000000] 	Build-time adjustment of leaf fanout to 32.
[    0.000000] 	RCU restricting CPUs from NR_CPUS=16 to nr_cpu_ids=4.
[    0.000000] RCU: Adjusting geometry for rcu_fanout_leaf=32, nr_cpu_ids=4
[    0.000000] NR_IRQS:16 nr_irqs:16 16
[    0.000000] /interrupt-controller@60004000: 160 interrupts forwarded to /interrupt-controller@0,50041000
[    0.000000] Tegra clk 127: register failed with -17
[    0.000008] sched_clock: 32 bits at 1000kHz, resolution 1000ns, wraps every 2147483647500ns
[    0.000030] clocksource: timer_us: mask: 0xffffffff max_cycles: 0xffffffff, max_idle_ns: 1911260446275 ns
[    0.000045] Switching to timer-based delay loop, resolution 1000ns
[    0.005237] Architected cp15 timer(s) running at 12.00MHz (virt).
[    0.005254] clocksource: arch_sys_counter: mask: 0xffffffffffffff max_cycles: 0x2c47f4ee7, max_idle_ns: 440795202497 ns
[    0.005272] sched_clock: 56 bits at 12MHz, resolution 83ns, wraps every 4398046511096ns
[    0.005285] Switching to timer-based delay loop, resolution 83ns
[    0.005794] Console: colour dummy device 80x30
[    0.005819] Calibrating delay loop (skipped), value calculated using timer frequency.. 24.00 BogoMIPS (lpj=60000)
[    0.005834] pid_max: default: 32768 minimum: 301
[    0.005930] Mount-cache hash table entries: 2048 (order: 1, 8192 bytes)
[    0.005942] Mountpoint-cache hash table entries: 2048 (order: 1, 8192 bytes)
[    0.006537] CPU: Testing write buffer coherency: ok
[    0.006757] /cpus/cpu@0 missing clock-frequency property
[    0.006798] /cpus/cpu@1 missing clock-frequency property
[    0.006840] /cpus/cpu@2 missing clock-frequency property
[    0.006883] /cpus/cpu@3 missing clock-frequency property
[    0.006894] CPU0: thread -1, cpu 0, socket 0, mpidr 80000000
[    0.006915] Setting up static identity map for 0x80300000 - 0x80300098
[    0.010484] Tegra Revision: A01 SKU: 129 CPU Process: 1 SoC Process: 1
[    0.011925] CPU1: thread -1, cpu 1, socket 0, mpidr 80000001
[    0.015621] CPU2: thread -1, cpu 2, socket 0, mpidr 80000002
[    0.020618] CPU3: thread -1, cpu 3, socket 0, mpidr 80000003
[    0.025073] Brought up 4 CPUs
[    0.025093] SMP: Total of 4 processors activated (96.00 BogoMIPS).
[    0.025100] CPU: All CPU(s) started in SVC mode.
[    0.026570] devtmpfs: initialized
[    0.045362] VFP support v0.3: implementor 41 architecture 4 part 30 variant f rev 0
[    0.046060] clocksource: jiffies: mask: 0xffffffff max_cycles: 0xffffffff, max_idle_ns: 9556302231375000 ns
[    0.047412] pinctrl core: initialized pinctrl subsystem
[    0.049075] NET: Registered protocol family 16
[    0.051029] DMA: preallocated 256 KiB pool for atomic coherent allocations
[    0.065202] cpuidle: using governor menu
[    0.085130] No ATAGs?
[    0.085157] hw-breakpoint: found 5 (+1 reserved) breakpoint and 4 watchpoint registers.
[    0.085167] hw-breakpoint: maximum watchpoint size is 8 bytes.
[    0.091528] Serial: AMBA PL011 UART driver
[    0.125486] +5V_SYS: supplied by +VDD_MUX
[    0.125810] +3.3V_SYS: supplied by +VDD_MUX
[    0.126497] +USB0_VBUS_SW: Failed to request enable GPIO108: -517
[    0.126512] reg-fixed-voltage regulators:regulator@7: Failed to register regulator: -517
[    0.126606] +5V_USB_HS: Failed to request enable GPIO109: -517
[    0.126620] reg-fixed-voltage regulators:regulator@8: Failed to register regulator: -517
[    0.126789] +1.05V_RUN_AVDD_HDMI_PLL: Failed to request enable GPIO63: -517
[    0.126802] reg-fixed-voltage regulators:regulator@11: Failed to register regulator: -517
[    0.126891] +5V_HDMI_CON: Failed to request enable GPIO86: -517
[    0.126903] reg-fixed-voltage regulators:regulator@12: Failed to register regulator: -517
[    0.126989] +5V_SATA: Failed to request enable GPIO242: -517
[    0.127000] reg-fixed-voltage regulators:regulator@13: Failed to register regulator: -517
[    0.127086] +12V_SATA: Failed to request enable GPIO242: -517
[    0.127097] reg-fixed-voltage regulators:regulator@14: Failed to register regulator: -517
[    0.130530] vgaarb: loaded
[    0.131388] SCSI subsystem initialized
[    0.131554] libata version 3.00 loaded.
[    0.131860] usbcore: registered new interface driver usbfs
[    0.131940] usbcore: registered new interface driver hub
[    0.132017] usbcore: registered new device driver usb
[    0.135839] pps_core: LinuxPPS API ver. 1 registered
[    0.135849] pps_core: Software ver. 5.3.6 - Copyright 2005-2007 Rodolfo Giometti <giometti@linux.it>
[    0.135872] PTP clock support registered
[    0.136075] EDAC MC: Ver: 3.0.0
[    0.139235] clocksource: Switched to clocksource arch_sys_counter
[    0.150304] NET: Registered protocol family 2
[    0.150816] TCP established hash table entries: 8192 (order: 3, 32768 bytes)
[    0.150915] TCP bind hash table entries: 8192 (order: 4, 65536 bytes)
[    0.151101] TCP: Hash tables configured (established 8192 bind 8192)
[    0.151153] UDP hash table entries: 512 (order: 2, 16384 bytes)
[    0.151194] UDP-Lite hash table entries: 512 (order: 2, 16384 bytes)
[    0.151351] NET: Registered protocol family 1
[    0.151585] RPC: Registered named UNIX socket transport module.
[    0.151594] RPC: Registered udp transport module.
[    0.151601] RPC: Registered tcp transport module.
[    0.151608] RPC: Registered tcp NFSv4.1 backchannel transport module.
[    0.151619] PCI: CLS 0 bytes, default 64
[    0.152805] hw perfevents: enabled with armv7_cortex_a15 PMU driver, 7 counters available
[    0.154322] futex hash table entries: 1024 (order: 4, 65536 bytes)
[    0.155033] workingset: timestamp_bits=28 max_order=19 bucket_order=0
[    0.166369] squashfs: version 4.0 (2009/01/31) Phillip Lougher
[    0.167206] NFS: Registering the id_resolver key type
[    0.167236] Key type id_resolver registered
[    0.167244] Key type id_legacy registered
[    0.167288] ntfs: driver 2.1.32 [Flags: R/O].
[    0.168543] bounce: pool size: 64 pages
[    0.168747] Block layer SCSI generic (bsg) driver version 0.4 loaded (major 248)
[    0.168756] io scheduler noop registered
[    0.168764] io scheduler deadline registered
[    0.168800] io scheduler cfq registered (default)
[    0.174615] usb2-0 supply vbus not found, using dummy regulator
[    0.174740] usb2-1 supply vbus not found, using dummy regulator
[    0.175139] tegra-xusb-padctl 7009f000.padctl: failed to setup XUSB ports: -517
[    0.191820] tegra-pcie 1003000.pcie-controller: 2x1, 1x1 configuration
[    0.191873] tegra-pcie 1003000.pcie-controller: Failed to get supply 'avddio-pex': -517
[    0.199243] tegra-apbdma 60020000.dma: Tegra20 APB DMA driver register 32 channels
[    0.201279] tegra-pmc 7000e400.pmc: emergency thermal reset enabled
[    0.264056] Serial: 8250/16550 driver, 4 ports, IRQ sharing disabled
[    0.267026] console [ttyS0] disabled
[    0.267061] 70006300.serial: ttyS0 at MMIO 0x70006300 (irq = 333, base_baud = 25500000) is a Tegra
[    1.119009] console [ttyS0] enabled
[    1.123474] SuperH (H)SCI(F) driver initialized
[    1.129096] msm_serial: driver initialized
[    1.133416] STMicroelectronics ASC driver initialized
[    1.139421] serial-tegra serial@70006000: failed to get alias id, errno -19
[    1.146448] serial-tegra serial@70006040: failed to get alias id, errno -19
[    1.156560] [drm] Initialized drm 1.1.0 20060810
[    1.164700] tegra-hdmi 54280000.hdmi: failed to get HDMI regulator
[    1.184186] brd: module loaded
[    1.193212] loop: module loaded
[    1.196801] at24 0-0056: 256 byte 24c02 EEPROM, writable, 8 bytes/write
[    1.205153] as3722 4-0040: AS3722 with revision 0x1 found
[    1.216263] as3722-sd2: supplied by +5V_SYS
[    1.220960] as3722-sd3: supplied by +5V_SYS
[    1.225385] +1.35V_LP0(sd3): Bringing 0uV into 1350000-1350000uV
[    1.231771] as3722-sd4: supplied by +5V_SYS
[    1.236419] as3722-sd5: supplied by +5V_SYS
[    1.242493] as3722-ldo0: supplied by +1.35V_LP0(sd2)
[    1.248579] +1.8V_RUN_CAM: Bringing 0uV into 1800000-1800000uV
[    1.254835] as3722-ldo2: supplied by +1.8V_VDDIO
[    1.260773] as3722-ldo3: supplied by +3.3V_SYS
[    1.265273] +1.05V_LP0_VDD_RTC: Bringing 1100000uV into 1000000-1000000uV
[    1.273088] as3722-ldo4: supplied by +3.3V_SYS
[    1.277758] +2.8V_RUN_CAM: Bringing 0uV into 2800000-2800000uV
[    1.284008] as3722-ldo5: supplied by +1.8V_VDDIO
[    1.288854] +1.2V_RUN_CAM_FRONT: Bringing 0uV into 1200000-1200000uV
[    1.295832] +VDDIO_SDMMC3: bypassed regulator has no supply!
[    1.301502] +VDDIO_SDMMC3: failed to get the current voltage(-517)
[    1.307692] as3722-regulator as3722-regulator: regulator 13 register failed -517
[    1.319952] tegra-ahci 70027000.sata: couldn't get PHY in node sata: -517
[    1.341739] m25p80 spi32765.0: w25q32dw (4096 Kbytes)
[    1.350309] libphy: Fixed MDIO Bus: probed
[    1.355101] CAN device driver interface
[    1.361108] igb: Intel(R) Gigabit Ethernet Network Driver - version 5.3.0-k
[    1.368075] igb: Copyright (c) 2007-2014 Intel Corporation.
[    1.377197] pegasus: v0.9.3 (2013/04/25), Pegasus/Pegasus II USB Ethernet driver
[    1.384655] usbcore: registered new interface driver pegasus
[    1.390377] usbcore: registered new interface driver asix
[    1.395826] usbcore: registered new interface driver ax88179_178a
[    1.401971] usbcore: registered new interface driver cdc_ether
[    1.407871] usbcore: registered new interface driver smsc75xx
[    1.413683] usbcore: registered new interface driver smsc95xx
[    1.419477] usbcore: registered new interface driver net1080
[    1.425184] usbcore: registered new interface driver cdc_subset
[    1.431150] usbcore: registered new interface driver zaurus
[    1.436800] usbcore: registered new interface driver cdc_ncm
[    1.442722] tegra-phy 7d004000.usb-phy: no vbus regulator
[    1.450394] ehci_hcd: USB 2.0 'Enhanced' Host Controller (EHCI) Driver
[    1.456936] ehci-pci: EHCI PCI platform driver
[    1.461433] ehci-platform: EHCI generic platform driver
[    1.466895] ehci-omap: OMAP-EHCI Host Controller driver
[    1.472281] ehci-orion: EHCI orion driver
[    1.476453] SPEAr-ehci: EHCI SPEAr driver
[    1.480630] ehci-st: EHCI STMicroelectronics driver
[    1.485673] ehci-exynos: EHCI EXYNOS driver
[    1.490042] ehci-atmel: EHCI Atmel driver
[    1.494199] tegra-ehci: Tegra EHCI driver
[    1.498463] ------------[ cut here ]------------
[    1.503102] WARNING: CPU: 1 PID: 1 at drivers/reset/core.c:187 __of_reset_control_get+0x1bc/0x228
[    1.511971] Modules linked in:
[    1.515050] CPU: 1 PID: 1 Comm: swapper/0 Not tainted 4.6.0-rc7-next-20160516-94924-gb0dc27a #1
[    1.523732] Hardware name: NVIDIA Tegra SoC (Flattened Device Tree)
[    1.530009] [<c030f9d0>] (unwind_backtrace) from [<c030b0c8>] (show_stack+0x10/0x14)
[    1.537749] [<c030b0c8>] (show_stack) from [<c05861c8>] (dump_stack+0x84/0xa4)
[    1.544969] [<c05861c8>] (dump_stack) from [<c0341b6c>] (__warn+0xd4/0x100)
[    1.551927] [<c0341b6c>] (__warn) from [<c0341bb8>] (warn_slowpath_null+0x20/0x28)
[    1.559488] [<c0341bb8>] (warn_slowpath_null) from [<c06a0280>] (__of_reset_control_get+0x1bc/0x228)
[    1.568614] [<c06a0280>] (__of_reset_control_get) from [<c0911d14>] (tegra_ehci_probe+0x2d0/0x51c)
[    1.577569] [<c0911d14>] (tegra_ehci_probe) from [<c0778df8>] (platform_drv_probe+0x50/0xb0)
[    1.586002] [<c0778df8>] (platform_drv_probe) from [<c077775c>] (driver_probe_device+0x1f4/0x2b0)
[    1.594866] [<c077775c>] (driver_probe_device) from [<c07778c4>] (__driver_attach+0xac/0xb0)
[    1.603295] [<c07778c4>] (__driver_attach) from [<c0775d70>] (bus_for_each_dev+0x54/0x88)
[    1.611464] [<c0775d70>] (bus_for_each_dev) from [<c0776d50>] (bus_add_driver+0xe8/0x1f4)
[    1.619633] [<c0776d50>] (bus_add_driver) from [<c07780e0>] (driver_register+0x78/0xf4)
[    1.627630] [<c07780e0>] (driver_register) from [<c0301e7c>] (do_one_initcall+0x3c/0x16c)
[    1.635802] [<c0301e7c>] (do_one_initcall) from [<c1100d80>] (kernel_init_freeable+0x120/0x1ec)
[    1.644496] [<c1100d80>] (kernel_init_freeable) from [<c0b5b920>] (kernel_init+0x8/0x118)
[    1.652668] [<c0b5b920>] (kernel_init) from [<c0307fb8>] (ret_from_fork+0x14/0x3c)
[    1.660250] ---[ end trace 7f01db27cf9280e3 ]---
[    1.664879] tegra-ehci 7d004000.usb: can't get utmi-pads reset from the PHY
[    1.671844] tegra-ehci 7d004000.usb: continuing, but please update your DT
[    1.678822] tegra-ehci 7d004000.usb: EHCI Host Controller
[    1.684255] tegra-ehci 7d004000.usb: new USB bus registered, assigned bus number 1
[    1.691999] tegra-ehci 7d004000.usb: irq 352, io mem 0x7d004000
[    1.704250] tegra-ehci 7d004000.usb: USB 2.0 started, EHCI 1.10
[    1.710995] hub 1-0:1.0: USB hub found
[    1.714794] hub 1-0:1.0: 1 port detected
[    1.719358] ohci_hcd: USB 1.1 'Open' Host Controller (OHCI) Driver
[    1.725557] ohci-pci: OHCI PCI platform driver
[    1.730056] ohci-platform: OHCI generic platform driver
[    1.735485] ohci-omap3: OHCI OMAP3 driver
[    1.739659] SPEAr-ohci: OHCI SPEAr driver
[    1.743818] ohci-st: OHCI STMicroelectronics driver
[    1.748862] ohci-atmel: OHCI Atmel driver
[    1.753718] usbcore: registered new interface driver usb-storage
[    1.761489] mousedev: PS/2 mouse device common for all mice
[    1.770719] as3722-rtc as3722-rtc: rtc core: registered as3722-rtc as rtc0
[    1.777605] as3722-rtc as3722-rtc: RTC interrupt 375
[    1.785974] tegra_rtc 7000e000.rtc: rtc core: registered 7000e000.rtc as rtc1
[    1.793159] tegra_rtc 7000e000.rtc: Tegra internal Real Time Clock
[    1.799948] i2c /dev entries driver
[    1.810526] 0-004c supply vcc not found, using dummy regulator
[    1.826156] sdhci: Secure Digital Host Controller Interface driver
[    1.832348] sdhci: Copyright(c) Pierre Ossman
[    1.838406] Synopsys Designware Multimedia Card Interface Driver
[    1.845630] sdhci-pltfm: SDHCI platform and OF driver helper
[    1.852114] sdhci-tegra 700b0400.sdhci: Got CD GPIO
[    1.857021] sdhci-tegra 700b0400.sdhci: Got WP GPIO
[    1.861960] mmc0: Unknown controller version (3). You may experience problems.
[    1.869462] mmc0: Unknown controller version (3). You may experience problems.
[    1.876750] mmc0: Invalid maximum block size, assuming 512 bytes
[    1.914252] mmc0: SDHCI controller on 700b0600.sdhci [700b0600.sdhci] using ADMA 64-bit
[    1.923986] ledtrig-cpu: registered to indicate activity on CPUs
[    1.930500] usbcore: registered new interface driver usbhid
[    1.936082] usbhid: USB HID core driver
[    1.944492] tegra124-dfll 70110000.clock: couldn't get vdd_cpu regulator
[    1.956148] NET: Registered protocol family 10
[    1.961297] sit: IPv6 over IPv4 tunneling driver
[    1.966612] NET: Registered protocol family 17
[    1.971098] can: controller area network core (rev 20120528 abi 9)
[    1.977361] NET: Registered protocol family 29
[    1.981825] can: raw protocol (rev 20120528)
[    1.986111] can: broadcast manager protocol (rev 20120528 t)
[    1.991795] can: netlink gateway (rev 20130117) max_hops=1
[    1.997678] Key type dns_resolver registered
[    2.002601] ThumbEE CPU extension supported.
[    2.006898] Registering SWP/SWPB emulation handler
[    2.014754] +3.3V_RUN: supplied by +3.3V_SYS
[    2.020089] +3.3V_AVDD_HDMI_AP_GATED: supplied by +3.3V_RUN
[    2.026236] +USB0_VBUS_SW: supplied by +5V_SYS
[    2.031472] +5V_USB_HS: supplied by +5V_SYS
[    2.037479] +3.3V_LP0: supplied by +3.3V_SYS
[    2.043652] +5V_HDMI_CON: supplied by +5V_SYS
[    2.048946] +5V_SATA: supplied by +5V_SYS
[    2.053664] +12V_SATA: supplied by +VDD_MUX
[    2.059586] usb2-0 supply vbus not found, using dummy regulator
[    2.062221] mmc0: new MMC card at address 0001
[    2.063219] mmcblk0: mmc0:0001 SEM16G 14.7 GiB 
[    2.064113] mmcblk0boot0: mmc0:0001 SEM16G partition 1 4.00 MiB
[    2.064794] mmcblk0boot1: mmc0:0001 SEM16G partition 2 4.00 MiB
[    2.065605] mmcblk0rpmb: mmc0:0001 SEM16G partition 3 4.00 MiB
[    2.070912]  mmcblk0: p1
[    2.095109] usb2-1 supply vbus not found, using dummy regulator
[    2.101423] usb3-0 supply vbus not found, using dummy regulator
[    2.108642] tegra-pcie 1003000.pcie-controller: 2x1, 1x1 configuration
[    2.115282] tegra-pcie 1003000.pcie-controller: Failed to get supply 'avddio-pex': -517
[    2.125266] tegra-hdmi 54280000.hdmi: failed to get PLL regulator
[    2.136421] as3722-sd2: supplied by +5V_SYS
[    2.141024] as3722-sd3: supplied by +5V_SYS
[    2.145623] as3722-sd4: supplied by +5V_SYS
[    2.150154] +1.05V_RUN_AVDD_HDMI_PLL: supplied by +1.05V_RUN
[    2.155983] as3722-sd5: supplied by +5V_SYS
[    2.161980] as3722-ldo0: supplied by +1.35V_LP0(sd2)
[    2.168056] as3722-ldo1: supplied by +3.3V_RUN
[    2.172943] as3722-ldo2: supplied by +1.8V_VDDIO
[    2.178593] as3722-ldo3: supplied by +3.3V_SYS
[    2.183932] as3722-ldo4: supplied by +3.3V_SYS
[    2.188654] as3722-ldo5: supplied by +1.8V_VDDIO
[    2.193557] as3722-ldo6: supplied by +3.3V_RUN
[    2.198282] as3722-ldo7: supplied by +1.8V_VDDIO
[    2.203649] +1.05V_RUN_CAM_REAR: Bringing 0uV into 1050000-1050000uV
[    2.210757] as3722-ldo9: supplied by +5V_SYS
[    2.216247] +3.3V_RUN_TOUCH: Bringing 0uV into 2800000-2800000uV
[    2.222844] as3722-ldo10: supplied by +5V_SYS
[    2.227740] +2.8V_RUN_CAM_AF: Bringing 0uV into 2800000-2800000uV
[    2.234427] as3722-ldo11: supplied by +3.3V_RUN
[    2.239463] +1.8V_RUN_VPP_FUSE: Bringing 0uV into 1800000-1800000uV
[    2.249583] tegra-ahci 70027000.sata: AHCI 0001.0301 32 slots 2 ports 3 Gbps 0x1 impl platform mode
[    2.258669] tegra-ahci 70027000.sata: flags: 64bit ncq sntf pm led pio slum part sadm sds apst 
[    2.269568] scsi host0: tegra-ahci
[    2.274270] scsi host1: tegra-ahci
[    2.278013] ata1: SATA max UDMA/133 mmio [mem 0x70027000-0x70028fff] port 0x100 irq 343
[    2.286043] ata2: DUMMY
[    2.291723] tegra-ehci 7d008000.usb: EHCI Host Controller
[    2.297183] tegra-ehci 7d008000.usb: new USB bus registered, assigned bus number 2
[    2.305003] tegra-ehci 7d008000.usb: irq 353, io mem 0x7d008000
[    2.319346] tegra-ehci 7d008000.usb: USB 2.0 started, EHCI 1.10
[    2.326251] hub 2-0:1.0: USB hub found
[    2.330100] hub 2-0:1.0: 1 port detected
[    2.336633] sdhci-tegra 700b0400.sdhci: Got CD GPIO
[    2.341582] sdhci-tegra 700b0400.sdhci: Got WP GPIO
[    2.346575] mmc1: Unknown controller version (3). You may experience problems.
[    2.354062] mmc1: Invalid maximum block size, assuming 512 bytes
[    2.394779] mmc1: SDHCI controller on 700b0400.sdhci [700b0400.sdhci] using ADMA 64-bit
[    2.407375] tegra-pcie 1003000.pcie-controller: 2x1, 1x1 configuration
[    2.418463] tegra-pcie 1003000.pcie-controller: probing port 0, using 2 lanes
[    2.427797] tegra-pcie 1003000.pcie-controller: Slot present pin change, signature: 00000008
[    2.450697] tegra-pcie 1003000.pcie-controller: probing port 1, using 1 lanes
[    2.460094] tegra-pcie 1003000.pcie-controller: Slot present pin change, signature: 00000000
[    2.474953] tegra-pcie 1003000.pcie-controller: PCI host bridge to bus 0000:00
[    2.482220] pci_bus 0000:00: root bus resource [io  0x0000-0xffff]
[    2.488416] pci_bus 0000:00: root bus resource [mem 0x13000000-0x1fffffff]
[    2.495328] pci_bus 0000:00: root bus resource [mem 0x20000000-0x3fffffff pref]
[    2.502670] pci_bus 0000:00: root bus resource [bus 00-ff]
[    2.508222] pci 0000:00:01.0: [10de:0e12] type 01 class 0x060400
[    2.514376] pci 0000:00:01.0: PME# supported from D0 D1 D2 D3hot D3cold
[    2.521347] pci 0000:00:02.0: [10de:0e13] type 01 class 0x060400
[    2.527499] pci 0000:00:02.0: PME# supported from D0 D1 D2 D3hot D3cold
[    2.534493] PCI: bus0: Fast back to back transfers disabled
[    2.540101] pci 0000:00:01.0: bridge configuration invalid ([bus 00-00]), reconfiguring
[    2.548142] pci 0000:00:02.0: bridge configuration invalid ([bus 00-00]), reconfiguring
[    2.556417] pci 0000:01:00.0: [8086:4232] type 00 class 0x028000
[    2.562502] pci 0000:01:00.0: reg 0x10: [mem 0x00000000-0x00001fff 64bit]
[    2.569529] pci 0000:01:00.0: PME# supported from D0 D3hot D3cold
[    2.584368] PCI: bus1: Fast back to back transfers disabled
[    2.589995] pci_bus 0000:01: busn_res: [bus 01-ff] end is updated to 01
[    2.596889] pci 0000:02:00.0: [10ec:8168] type 00 class 0x020000
[    2.602597] ata1: SATA link down (SStatus 0 SControl 300)
[    2.608368] pci 0000:02:00.0: reg 0x10: [io  0x0000-0x00ff]
[    2.613982] pci 0000:02:00.0: reg 0x18: [mem 0x00000000-0x00000fff 64bit]
[    2.620826] pci 0000:02:00.0: reg 0x20: [mem 0x00000000-0x00003fff 64bit pref]
[    2.628204] pci 0000:02:00.0: supports D1 D2
[    2.632504] pci 0000:02:00.0: PME# supported from D0 D1 D2 D3hot D3cold
[    2.649373] PCI: bus2: Fast back to back transfers disabled
[    2.654971] pci_bus 0000:02: busn_res: [bus 02-ff] end is updated to 02
[    2.661799] pci 0000:00:01.0: BAR 8: assigned [mem 0x13000000-0x130fffff]
[    2.668619] pci 0000:00:02.0: BAR 8: assigned [mem 0x13100000-0x131fffff]
[    2.675402] mmc1: new high speed SDHC card at address aaaa
[    2.676468] mmcblk1: mmc1:aaaa SD04G 3.69 GiB 
[    2.685406] pci 0000:00:02.0: BAR 9: assigned [mem 0x20000000-0x200fffff 64bit pref]
[    2.691871]  mmcblk1: p1 p2 p3
[    2.696280] pci 0000:00:02.0: BAR 7: assigned [io  0x1000-0x1fff]
[    2.702438] pci 0000:01:00.0: BAR 0: assigned [mem 0x13000000-0x13001fff 64bit]
[    2.709818] pci 0000:00:01.0: PCI bridge to [bus 01]
[    2.714839] pci 0000:00:01.0:   bridge window [mem 0x13000000-0x130fffff]
[    2.721694] pci 0000:02:00.0: BAR 4: assigned [mem 0x20000000-0x20003fff 64bit pref]
[    2.729493] pci 0000:02:00.0: BAR 2: assigned [mem 0x13100000-0x13100fff 64bit]
[    2.736867] pci 0000:02:00.0: BAR 0: assigned [io  0x1000-0x10ff]
[    2.743014] pci 0000:00:02.0: PCI bridge to [bus 02]
[    2.748028] pci 0000:00:02.0:   bridge window [io  0x1000-0x1fff]
[    2.754176] pci 0000:00:02.0:   bridge window [mem 0x13100000-0x131fffff]
[    2.761013] pci 0000:00:02.0:   bridge window [mem 0x20000000-0x200fffff 64bit pref]
[    2.768841] pci 0000:00:01.0: nv_msi_ht_cap_quirk didn't locate host bridge
[    2.775978] pcieport 0000:00:01.0: enabling device (0140 -> 0142)
[    2.782388] pcieport 0000:00:01.0: Signaling PME through PCIe PME interrupt
[    2.789387] pci 0000:01:00.0: Signaling PME through PCIe PME interrupt
[    2.795965] pcie_pme 0000:00:01.0:pcie001: service driver pcie_pme loaded
[    2.802899] pci 0000:00:02.0: nv_msi_ht_cap_quirk didn't locate host bridge
[    2.810021] pcieport 0000:00:02.0: enabling device (0140 -> 0143)
[    2.816426] pcieport 0000:00:02.0: Signaling PME through PCIe PME interrupt
[    2.823430] pci 0000:02:00.0: Signaling PME through PCIe PME interrupt
[    2.830009] pcie_pme 0000:00:02.0:pcie001: service driver pcie_pme loaded
[    2.837177] r8169 Gigabit Ethernet driver 2.3LK-NAPI loaded
[    2.842822] r8169 0000:02:00.0: enabling device (0140 -> 0143)
[    2.856058] r8169 0000:02:00.0 eth0: RTL8168g/8111g at 0xf0a5c000, 00:04:4b:3a:d9:81, XID 0c000800 IRQ 393
[    2.865769] r8169 0000:02:00.0 eth0: jumbo features [frames: 9200 bytes, tx checksumming: ko]
[    2.878187] [drm] Supports vblank timestamp caching Rev 2 (21.10.2013).
[    2.884841] [drm] No driver support for vblank timestamp query.
[    3.007046] tegra-hdmi 54280000.hdmi: cannot set audio to 44100 at 297000000 pclk
[    3.177599] Console: switching to colour frame buffer device 512x135
[    3.272877] drm drm: fb0:  frame buffer device
[    3.289355] [drm] Initialized tegra 0.0.0 20120330 on minor 0
[    3.296839] of: dev_pm_opp_of_cpumask_add_table: couldn't find opp table for cpu:0, -19
[    3.304915] cpufreq: cpufreq_online: CPU0: Running at unlisted freq: 696000 KHz
[    3.312244] cpufreq: cpufreq_online: CPU0: Unlisted initial frequency changed to: 714000 KHz
[    3.320839] cpu cpu1: cpufreq_init: failed to get clk: -2
[    3.326334] cpu cpu2: cpufreq_init: failed to get clk: -2
[    3.331838] cpu cpu3: cpufreq_init: failed to get clk: -2
[    3.337933] input: gpio-keys as /devices/soc0/gpio-keys/input/input0
[    3.345093] as3722-rtc as3722-rtc: setting system clock to 2000-01-01 00:00:12 UTC (946684812)
[    3.356969] +USB0_VBUS_SW: disabling
[    3.360549] +1.8V_RUN_CAM: disabling
[    3.364339] +2.8V_RUN_CAM: disabling
[    3.368190] +1.2V_RUN_CAM_FRONT: disabling
[    3.372579] +1.05V_RUN_CAM_REAR: disabling
[    3.376983] +3.3V_RUN_TOUCH: disabling
[    3.380981] +2.8V_RUN_CAM_AF: disabling
[    3.385036] +1.8V_RUN_VPP_FUSE: disabling
[    3.390769] EXT4-fs (mmcblk0p1): mounting ext3 file system using the ext4 subsystem
[    3.578119] EXT4-fs (mmcblk0p1): recovery complete
[    3.585101] EXT4-fs (mmcblk0p1): mounted filesystem with ordered data mode. Opts: (null)
[    3.593231] VFS: Mounted root (ext3 filesystem) on device 179:1.
[    3.636937] devtmpfs: mounted
[    3.645325] Freeing unused kernel memory: 2048K (c1100000 - c1300000)
bash: cannot set terminal process group (-1): Inappropriate ioctl for device
bash: no job control in this shell
root@(none):/# 