
U-Boot SPL 2014.01-00219-gc4d376f (Feb 18 2014 - 19:57:32)


U-Boot 2014.01-00219-gc4d376f (Feb 18 2014 - 19:57:32)

TEGRA114
Board: NVIDIA Dalmore
I2C:   ready
DRAM:  2 GiB
MMC:   Tegra SD/MMC: 0, Tegra SD/MMC: 1
In:    serial
Out:   serial
Err:   serial
Net:   Net Initialization Skipped
No ethernet found.
Hit any key to stop autoboot:  2  0 
Tegra114 (Dalmore) # 
Tegra114 (Dalmore) # usb reset
(Re)start USB...
USB0:   USB EHCI 1.10
scanning bus 0 for devices... 2 USB Device(s) found
       scanning usb for storage devices... 0 Storage Device(s) found
       scanning usb for ethernet devices... 
Warning: asx0 using MAC address from net device
1 Ethernet Device(s) found
Tegra114 (Dalmore) # setenv bootargs 'ignore_loglevel console=ttyS0,115200n8 rw root=/dev/mmcblk0p1 rootwait gpt debug earlyprintk init=/bin/bash'
Tegra114 (Dalmore) # setenv ipaddr 192.168.100.100; setenv serverip 192.168.100.1; setenv tftpserverip 192.168.100.1
Tegra114 (Dalmore) # tftpboot 0x81000000 zImage.multi_v7_defconfig
Using asx0 device
TFTP from server 192.168.100.1; our IP address is 192.168.100.100
Filename 'zImage.multi_v7_defconfig'.
Load address: 0x81000000
Loading: *#################################################################
	 #################################################################
	 #################################################################
	 #################################################################
	 #################################################################
	 #################################################################
	 ####################################################
	 3.3 MiB/s
done
Bytes transferred = 6477184 (62d580 hex)
Tegra114 (Dalmore) # tftpboot 0x82000000 tegra114-dalmore.dtb
Using asx0 device
TFTP from server 192.168.100.1; our IP address is 192.168.100.100
Filename 'tegra114-dalmore.dtb'.
Load address: 0x82000000
Loading: *###
	 2.8 MiB/s
done
Bytes transferred = 34894 (884e hex)
Tegra114 (Dalmore) # bootz 0x81000000 - 0x82000000
Kernel image @ 0x81000000 [ 0x000000 - 0x62d580 ]
## Flattened Device Tree blob at 82000000
   Booting using the fdt blob at 0x82000000
   Loading Device Tree to 8fff4000, end 8ffff84d ... OK

Starting kernel ...

[    0.000000] Booting Linux on physical CPU 0x0
[    0.000000] Linux version 4.3.0-51166-gbd4f203 (pwalmsley@sellafield) (gcc version 4.7.3 20130328 (prerelease) (crosstool-NG linaro-1.13.1-4.7-2013.04-20130415 - Linaro GCC 2013.04) ) #1 SMP Sun Nov 15 07:25:50 PST 2015
[    0.000000] CPU: ARMv7 Processor [412fc0f2] revision 2 (ARMv7), cr=10c5387d
[    0.000000] CPU: PIPT / VIPT nonaliasing data cache, PIPT instruction cache
[    0.000000] Machine model: NVIDIA Tegra114 Dalmore evaluation board
[    0.000000] debug: ignoring loglevel setting.
[    0.000000] cma: Reserved 64 MiB at 0xfb800000
[    0.000000] Memory policy: Data cache writealloc
[    0.000000] On node 0 totalpages: 524032
[    0.000000] free_area_init_node: node 0, pgdat c0f982c0, node_mem_map eeff8000
[    0.000000]   DMA zone: 1536 pages used for memmap
[    0.000000]   DMA zone: 0 pages reserved
[    0.000000]   DMA zone: 196608 pages, LIFO batch:31
[    0.000000]   HighMem zone: 327424 pages, LIFO batch:31
[    0.000000] PERCPU: Embedded 12 pages/cpu @eefa3000 s19136 r8192 d21824 u49152
[    0.000000] pcpu-alloc: s19136 r8192 d21824 u49152 alloc=12*4096
[    0.000000] pcpu-alloc: [0] 0 [0] 1 [0] 2 [0] 3 
[    0.000000] Built 1 zonelists in Zone order, mobility grouping on.  Total pages: 522496
[    0.000000] Kernel command line: ignore_loglevel console=ttyS0,115200n8 rw root=/dev/mmcblk0p1 rootwait gpt debug earlyprintk init=/bin/bash
[    0.000000] PID hash table entries: 4096 (order: 2, 16384 bytes)
[    0.000000] Dentry cache hash table entries: 131072 (order: 7, 524288 bytes)
[    0.000000] Inode-cache hash table entries: 65536 (order: 6, 262144 bytes)
[    0.000000] Memory: 1998760K/2096128K available (8156K kernel code, 1032K rwdata, 3660K rodata, 1040K init, 340K bss, 31832K reserved, 65536K cma-reserved, 1244160K highmem)
[    0.000000] Virtual kernel memory layout:
[    0.000000]     vector  : 0xffff0000 - 0xffff1000   (   4 kB)
[    0.000000]     fixmap  : 0xffc00000 - 0xfff00000   (3072 kB)
[    0.000000]     vmalloc : 0xf0800000 - 0xff800000   ( 240 MB)
[    0.000000]     lowmem  : 0xc0000000 - 0xf0000000   ( 768 MB)
[    0.000000]     pkmap   : 0xbfe00000 - 0xc0000000   (   2 MB)
[    0.000000]     modules : 0xbf000000 - 0xbfe00000   (  14 MB)
[    0.000000]       .text : 0xc0208000 - 0xc0d932ac   (11821 kB)
[    0.000000]       .init : 0xc0d94000 - 0xc0e98000   (1040 kB)
[    0.000000]       .data : 0xc0e98000 - 0xc0f9a220   (1033 kB)
[    0.000000]        .bss : 0xc0f9d000 - 0xc0ff23a8   ( 341 kB)
[    0.000000] SLUB: HWalign=64, Order=0-3, MinObjects=0, CPUs=4, Nodes=1
[    0.000000] Hierarchical RCU implementation.
[    0.000000] 	Build-time adjustment of leaf fanout to 32.
[    0.000000] 	RCU restricting CPUs from NR_CPUS=16 to nr_cpu_ids=4.
[    0.000000] RCU: Adjusting geometry for rcu_fanout_leaf=32, nr_cpu_ids=4
[    0.000000] NR_IRQS:16 nr_irqs:16 16
[    0.000000] /interrupt-controller@60004000: 160 interrupts forwarded to /interrupt-controller@50041000
[    0.000000] L2C: failed to init: -19
[    0.000009] sched_clock: 32 bits at 1000kHz, resolution 1000ns, wraps every 2147483647500ns
[    0.000029] clocksource: timer_us: mask: 0xffffffff max_cycles: 0xffffffff, max_idle_ns: 1911260446275 ns
[    0.000044] Switching to timer-based delay loop, resolution 1000ns
[    0.002850] Architected cp15 timer(s) running at 12.00MHz (virt).
[    0.002868] clocksource: arch_sys_counter: mask: 0xffffffffffffff max_cycles: 0x2c47f4ee7, max_idle_ns: 440795202497 ns
[    0.002886] sched_clock: 56 bits at 12MHz, resolution 83ns, wraps every 4398046511096ns
[    0.002899] Switching to timer-based delay loop, resolution 83ns
[    0.003259] Console: colour dummy device 80x30
[    0.003284] Calibrating delay loop (skipped), value calculated using timer frequency.. 24.00 BogoMIPS (lpj=60000)
[    0.003299] pid_max: default: 32768 minimum: 301
[    0.003411] Mount-cache hash table entries: 2048 (order: 1, 8192 bytes)
[    0.003423] Mountpoint-cache hash table entries: 2048 (order: 1, 8192 bytes)
[    0.004030] CPU: Testing write buffer coherency: ok
[    0.004248] /cpus/cpu@0 missing clock-frequency property
[    0.004277] /cpus/cpu@1 missing clock-frequency property
[    0.004305] /cpus/cpu@2 missing clock-frequency property
[    0.004333] /cpus/cpu@3 missing clock-frequency property
[    0.004346] CPU0: thread -1, cpu 0, socket 0, mpidr 80000000
[    0.004390] Setting up static identity map for 0x80209000 - 0x80209098
[    0.006676] Tegra Revision: A01 SKU: 0 CPU Process: 1 SoC Process: 0
[    0.007895] CPU1: thread -1, cpu 1, socket 0, mpidr 80000001
[    0.008444] CPU2: thread -1, cpu 2, socket 0, mpidr 80000002
[    0.008985] CPU3: thread -1, cpu 3, socket 0, mpidr 80000003
[    0.009053] Brought up 4 CPUs
[    0.009075] SMP: Total of 4 processors activated (96.00 BogoMIPS).
[    0.009083] CPU: All CPU(s) started in SVC mode.
[    0.010511] devtmpfs: initialized
[    0.021221] VFP support v0.3: implementor 41 architecture 4 part 30 variant f rev 0
[    0.021853] clocksource: jiffies: mask: 0xffffffff max_cycles: 0xffffffff, max_idle_ns: 9556302231375000 ns
[    0.023535] pinctrl core: initialized pinctrl subsystem
[    0.025101] NET: Registered protocol family 16
[    0.027217] DMA: preallocated 256 KiB pool for atomic coherent allocations
[    0.042777] cpuidle: using governor ladder
[    0.057793] cpuidle: using governor menu
[    0.071908] No ATAGs?
[    0.071946] hw-breakpoint: found 5 (+1 reserved) breakpoint and 4 watchpoint registers.
[    0.071956] hw-breakpoint: maximum watchpoint size is 8 bytes.
[    0.076056] Serial: AMBA PL011 UART driver
[    0.077206] tegra-mc 70019000.memory-controller: no memory timings for RAM code 3 registered
[    0.102264] dvdd_ts: Failed to request enable GPIO61: -517
[    0.102381] reg-fixed-voltage regulators:regulator@1: Failed to register regulator: -517
[    0.102602] usb1_vbus: Failed to request enable GPIO108: -517
[    0.102709] reg-fixed-voltage regulators:regulator@3: Failed to register regulator: -517
[    0.102950] usb2_vbus: Failed to request enable GPIO86: -517
[    0.103059] reg-fixed-voltage regulators:regulator@4: Failed to register regulator: -517
[    0.103569] VDD_5V0_HDMI_CON: Failed to request enable GPIO81: -517
[    0.103674] reg-fixed-voltage regulators:regulator@7: Failed to register regulator: -517
[    0.106224] vgaarb: loaded
[    0.106988] SCSI subsystem initialized
[    0.107170] libata version 3.00 loaded.
[    0.107488] usbcore: registered new interface driver usbfs
[    0.107558] usbcore: registered new interface driver hub
[    0.107635] usbcore: registered new device driver usb
[    0.111237] tps65090 2-0048: No cache defaults, reading back from HW
[    0.117418] genirq: Setting trigger mode 8 for irq 341 failed (irq_chip_set_type_parent+0x0/0x28)
[    0.117441] palmas 2-0058: Irq flag is 0x00000000
[    0.120625] palmas 2-0058: Muxing GPIO ff, PWM 0, LED 0
[    0.130270] sdhci-vdd-sd-slot: ramp_delay not set
[    0.155934] pps_core: LinuxPPS API ver. 1 registered
[    0.155945] pps_core: Software ver. 5.3.6 - Copyright 2005-2007 Rodolfo Giometti <giometti@linux.it>
[    0.155975] PTP clock support registered
[    0.156203] EDAC MC: Ver: 3.0.0
[    0.158696] clocksource: Switched to clocksource arch_sys_counter
[    0.169644] NET: Registered protocol family 2
[    0.170172] TCP established hash table entries: 8192 (order: 3, 32768 bytes)
[    0.170273] TCP bind hash table entries: 8192 (order: 4, 65536 bytes)
[    0.170460] TCP: Hash tables configured (established 8192 bind 8192)
[    0.170515] UDP hash table entries: 512 (order: 2, 16384 bytes)
[    0.170557] UDP-Lite hash table entries: 512 (order: 2, 16384 bytes)
[    0.170728] NET: Registered protocol family 1
[    0.171000] RPC: Registered named UNIX socket transport module.
[    0.171011] RPC: Registered udp transport module.
[    0.171019] RPC: Registered tcp transport module.
[    0.171027] RPC: Registered tcp NFSv4.1 backchannel transport module.
[    0.171047] PCI: CLS 0 bytes, default 64
[    0.173297] futex hash table entries: 1024 (order: 4, 65536 bytes)
[    0.185467] squashfs: version 4.0 (2009/01/31) Phillip Lougher
[    0.186406] NFS: Registering the id_resolver key type
[    0.186440] Key type id_resolver registered
[    0.186449] Key type id_legacy registered
[    0.186525] ntfs: driver 2.1.32 [Flags: R/O].
[    0.188024] bounce: pool size: 64 pages
[    0.188245] Block layer SCSI generic (bsg) driver version 0.4 loaded (major 249)
[    0.188266] io scheduler noop registered
[    0.188284] io scheduler deadline registered
[    0.188323] io scheduler cfq registered (default)
[    0.207163] vdd-lcd-bl: supplied by vdd_ac_bat
[    0.214277] tegra-apbdma 6000a000.dma: Tegra20 APB DMA driver register 32 channels
[    0.215574] tegra-pmc 7000e400.pmc: i2c-thermtrip node not found, emergency thermal reset disabled.
[    0.282596] Serial: 8250/16550 driver, 4 ports, IRQ sharing disabled
[    0.285057] SuperH (H)SCI(F) driver initialized
[    0.285952] msm_serial: driver initialized
[    0.286846] console [ttyS0] disabled
[    0.286883] 70006300.serial: ttyS0 at MMIO 0x70006300 (irq = 329, base_baud = 25500000) is a Tegra
[    1.098837] console [ttyS0] enabled
[    1.103077] STMicroelectronics ASC driver initialized
[    1.110349] [drm] Initialized drm 1.1.0 20060810
[    1.117070] vdd-ao: supplied by vdd_ac_bat
[    1.121413] vddio-1v8: supplied by vdd-ao
[    1.125833] avdd-dsi-csi: supplied by vddio-1v8
[    1.132585] tegra-hdmi 54280000.hdmi: failed to get HDMI regulator
[    1.140622] vdd-sys-3v3: supplied by vdd_ac_bat
[    1.145386] avdd-lcd: supplied by vdd-sys-3v3
[    1.156766] loop: module loaded
[    1.166542] m25p80 spi32766.0: w25q32dw (4096 Kbytes)
[    1.171618] spi32766.0: 'partitions' subnode not found on /spi@7000da00/spi-flash@0. Trying to parse direct subnodes as partitions.
[    1.186753] CAN device driver interface
[    1.191843] igb: Intel(R) Gigabit Ethernet Network Driver - version 5.3.0-k
[    1.198810] igb: Copyright (c) 2007-2014 Intel Corporation.
[    1.207469] pegasus: v0.9.3 (2013/04/25), Pegasus/Pegasus II USB Ethernet driver
[    1.214925] usbcore: registered new interface driver pegasus
[    1.220670] usbcore: registered new interface driver asix
[    1.226133] usbcore: registered new interface driver ax88179_178a
[    1.232285] usbcore: registered new interface driver cdc_ether
[    1.238197] usbcore: registered new interface driver smsc75xx
[    1.244029] usbcore: registered new interface driver smsc95xx
[    1.249834] usbcore: registered new interface driver net1080
[    1.255555] usbcore: registered new interface driver cdc_subset
[    1.261533] usbcore: registered new interface driver zaurus
[    1.267204] usbcore: registered new interface driver cdc_ncm
[    1.274705] ehci_hcd: USB 2.0 'Enhanced' Host Controller (EHCI) Driver
[    1.281243] ehci-pci: EHCI PCI platform driver
[    1.285743] ehci-platform: EHCI generic platform driver
[    1.291182] ehci-omap: OMAP-EHCI Host Controller driver
[    1.296554] ehci-orion: EHCI orion driver
[    1.300710] SPEAr-ehci: EHCI SPEAr driver
[    1.304868] ehci-st: EHCI STMicroelectronics driver
[    1.309892] ehci-exynos: EHCI EXYNOS driver
[    1.314239] ehci-atmel: EHCI Atmel driver
[    1.318377] tegra-ehci: Tegra EHCI driver
[    1.322695] ohci_hcd: USB 1.1 'Open' Host Controller (OHCI) Driver
[    1.328898] ohci-pci: OHCI PCI platform driver
[    1.333388] ohci-platform: OHCI generic platform driver
[    1.338792] ohci-omap3: OHCI OMAP3 driver
[    1.342930] SPEAr-ohci: OHCI SPEAr driver
[    1.347090] ohci-st: OHCI STMicroelectronics driver
[    1.352116] ohci-atmel: OHCI Atmel driver
[    1.356629] usbcore: registered new interface driver usb-storage
[    1.364167] mousedev: PS/2 mouse device common for all mice
[    1.375006] palmas-rtc 7000d000.i2c:tps65913@58:rtc: rtc core: registered 7000d000.i2c:tps659 as rtc0
[    1.386155] tegra_rtc 7000e000.rtc: rtc core: registered 7000e000.rtc as rtc1
[    1.393343] tegra_rtc 7000e000.rtc: Tegra internal Real Time Clock
[    1.400088] i2c /dev entries driver
[    1.406985] sbs-battery 0-000b: sbs_probe: Failed to get device status
[    1.413537] sbs-battery: probe of 0-000b failed with error -121
[    1.422211] vdd-sensor-2v85: supplied by vdd-sys-3v3
[    1.434294] sdhci: Secure Digital Host Controller Interface driver
[    1.440482] sdhci: Copyright(c) Pierre Ossman
[    1.446373] Synopsys Designware Multimedia Card Interface Driver
[    1.453476] sdhci-pltfm: SDHCI platform and OF driver helper
[    1.459854] sdhci-tegra 78000400.sdhci: Got CD GPIO
[    1.464760] sdhci-tegra 78000400.sdhci: Got WP GPIO
[    1.470811] sdhci-tegra 78000400.sdhci: No vmmc regulator found
[    1.476742] sdhci-tegra 78000400.sdhci: No vqmmc regulator found
[    1.482753] mmc0: Invalid maximum block size, assuming 512 bytes
[    1.523843] mmc0: SDHCI controller on 78000400.sdhci [78000400.sdhci] using ADMA
[    1.531488] sdhci-tegra 78000600.sdhci: No vmmc regulator found
[    1.537422] sdhci-tegra 78000600.sdhci: No vqmmc regulator found
[    1.543434] mmc1: Invalid maximum block size, assuming 512 bytes
[    1.583716] mmc1: SDHCI controller on 78000600.sdhci [78000600.sdhci] using ADMA
[    1.592387] ledtrig-cpu: registered to indicate activity on CPUs
[    1.598616] usbcore: registered new interface driver usbhid
[    1.604197] usbhid: USB HID core driver
[    1.612805] NET: Registered protocol family 10
[    1.618638] sit: IPv6 over IPv4 tunneling driver
[    1.623992] NET: Registered protocol family 17
[    1.628448] can: controller area network core (rev 20120528 abi 9)
[    1.634698] NET: Registered protocol family 29
[    1.639166] can: raw protocol (rev 20120528)
[    1.643439] can: broadcast manager protocol (rev 20120528 t)
[    1.647690] mmc1: MAN_BKOPS_EN bit is not set
[    1.650675] mmc1: new high speed MMC card at address 0001
[    1.651207] mmcblk0: mmc1:0001 SEM32G 29.1 GiB 
[    1.651446] mmcblk0boot0: mmc1:0001 SEM32G partition 1 4.00 MiB
[    1.651685] mmcblk0boot1: mmc1:0001 SEM32G partition 2 4.00 MiB
[    1.651914] mmcblk0rpmb: mmc1:0001 SEM32G partition 3 4.00 MiB
[    1.654460]  mmcblk0: p1 p2 p3 p4 p5 p6 p7 p8
[    1.685410] can: netlink gateway (rev 20130117) max_hops=1
[    1.691310] Key type dns_resolver registered
[    1.696223] ThumbEE CPU extension supported.
[    1.700525] Registering SWP/SWPB emulation handler
[    1.712144] vdd-sys-5v0: supplied by vdd_ac_bat
[    1.716997] VDD_5V0_HDMI_CON: supplied by vdd-sys-5v0
[    1.722701] vdd_hdmi_5v0: supplied by vdd-sys-5v0
[    1.730073] [drm] Supports vblank timestamp caching Rev 2 (21.10.2013).
[    1.736706] [drm] No driver support for vblank timestamp query.
[    1.784619] Console: switching to colour frame buffer device 240x75
[    1.812179] drm drm: fb0:  frame buffer device
[    1.833832] [drm] Initialized tegra 0.0.0 20120330 on minor 0
[    1.840764] usb2_vbus: supplied by vdd-sys-5v0
[    1.847383] tegra-ehci 7d008000.usb: EHCI Host Controller
[    1.852850] tegra-ehci 7d008000.usb: new USB bus registered, assigned bus number 1
[    1.860789] tegra-ehci 7d008000.usb: irq 339, io mem 0x7d008000
[    1.873854] tegra-ehci 7d008000.usb: USB 2.0 started, EHCI 1.10
[    1.880745] hub 1-0:1.0: USB hub found
[    1.884577] hub 1-0:1.0: 1 port detected
[    1.890584] input: gpio-keys as /devices/soc0/gpio-keys/input/input0
[    1.899822] palmas-rtc 7000d000.i2c:tps65913@58:rtc: setting system clock to 2000-05-28 00:23:42 UTC (959473422)
[    1.926363] dvdd_ts: disabling
[    1.929481] usb1_vbus: disabling
[    1.932708] vdd_cam_1v8_reg: disabling
[    1.938315] EXT4-fs (mmcblk0p1): mounting ext3 file system using the ext4 subsystem
[    1.968189] EXT4-fs (mmcblk0p1): recovery complete
[    1.973040] EXT4-fs (mmcblk0p1): mounted filesystem with ordered data mode. Opts: (null)
[    1.981202] VFS: Mounted root (ext3 filesystem) on device 179:1.
[    1.989953] devtmpfs: mounted
[    1.993819] Freeing unused kernel memory: 1040K (c0d94000 - c0e98000)
bash: cannot set terminal process group (-1): Inappropriate ioctl for device
bash: no job control in this shell
root@(none):/# [    2.203849] usb 1-1: new high-speed USB device number 2 using tegra-ehci
