
U-Boot SPL 2014.01-00219-gc4d376f (Feb 18 2014 - 19:57:32)


U-Boot 2014.01-00219-gc4d376f (Feb 18 2014 - 19:57:32)

TEGRA114
Board: NVIDIA Dalmore
I2C:   ready
DRAM:  2 GiB
MMC:   Tegra SD/MMC: 0, Tegra SD/MMC: 1
In:    serial
Out:   serial
Err:   serial
Net:   Net Initialization Skipped
No ethernet found.
Hit any key to stop autoboot:  2  0 
Tegra114 (Dalmore) # 
Tegra114 (Dalmore) # usb reset
(Re)start USB...
USB0:   USB EHCI 1.10
scanning bus 0 for devices... 2 USB Device(s) found
       scanning usb for storage devices... 0 Storage Device(s) found
       scanning usb for ethernet devices... 
Warning: asx0 using MAC address from net device
1 Ethernet Device(s) found
Tegra114 (Dalmore) # setenv bootargs 'ignore_loglevel console=ttyS0,115200n8 rw root=/dev/mmcblk0p1 rootwait gpt debug init=/bin/bash'
Tegra114 (Dalmore) # setenv ipaddr 192.168.100.100; setenv serverip 192.168.100.1; setenv tftpserverip 192.168.100.1
Tegra114 (Dalmore) # tftpboot 0x81000000 zImage.multi_v7_defconfig
Using asx0 device
TFTP from server 192.168.100.1; our IP address is 192.168.100.100
Filename 'zImage.multi_v7_defconfig'.
Load address: 0x81000000
Loading: *#################################################################
	 #################################################################
	 #################################################################
	 #################################################################
	 #################################################################
	 #################################################################
	 ################################
	 3.3 MiB/s
done
Bytes transferred = 6183136 (5e58e0 hex)
Tegra114 (Dalmore) # tftpboot 0x82000000 tegra114-dalmore.dtb
Using asx0 device
TFTP from server 192.168.100.1; our IP address is 192.168.100.100
Filename 'tegra114-dalmore.dtb'.
Load address: 0x82000000
Loading: *###
	 3 MiB/s
done
Bytes transferred = 34894 (884e hex)
Tegra114 (Dalmore) # bootz 0x81000000 - 0x82000000
Kernel image @ 0x81000000 [ 0x000000 - 0x5e58e0 ]
## Flattened Device Tree blob at 82000000
   Booting using the fdt blob at 0x82000000
   Loading Device Tree to 8fff4000, end 8ffff84d ... OK

Starting kernel ...

[    0.000000] Booting Linux on physical CPU 0x0
[    0.000000] Linux version 4.2.0-rc2-next-20150713-28663-g7d9ffbf (pwalmsley@sellafield) (gcc version 4.7.3 20130328 (prerelease) (crosstool-NG linaro-1.13.1-4.7-2013.04-20130415 - Linaro GCC 2013.04) ) #1 SMP Mon Jul 13 03:57:01 PDT 2015
[    0.000000] CPU: ARMv7 Processor [412fc0f2] revision 2 (ARMv7), cr=10c5387d
[    0.000000] CPU: PIPT / VIPT nonaliasing data cache, PIPT instruction cache
[    0.000000] Machine model: NVIDIA Tegra114 Dalmore evaluation board
[    0.000000] debug: ignoring loglevel setting.
[    0.000000] cma: Reserved 64 MiB at 0xfb800000
[    0.000000] Memory policy: Data cache writealloc
[    0.000000] On node 0 totalpages: 524032
[    0.000000] free_area_init_node: node 0, pgdat c0f09f00, node_mem_map ee7f8000
[    0.000000]   DMA zone: 1520 pages used for memmap
[    0.000000]   DMA zone: 0 pages reserved
[    0.000000]   DMA zone: 194560 pages, LIFO batch:31
[    0.000000]   HighMem zone: 329472 pages, LIFO batch:31
[    0.000000] PERCPU: Embedded 11 pages/cpu @ee7a7000 s14848 r8192 d22016 u45056
[    0.000000] pcpu-alloc: s14848 r8192 d22016 u45056 alloc=11*4096
[    0.000000] pcpu-alloc: [0] 0 [0] 1 [0] 2 [0] 3 
[    0.000000] Built 1 zonelists in Zone order, mobility grouping on.  Total pages: 522512
[    0.000000] Kernel command line: ignore_loglevel console=ttyS0,115200n8 rw root=/dev/mmcblk0p1 rootwait gpt debug init=/bin/bash
[    0.000000] PID hash table entries: 4096 (order: 2, 16384 bytes)
[    0.000000] Dentry cache hash table entries: 131072 (order: 7, 524288 bytes)
[    0.000000] Inode-cache hash table entries: 65536 (order: 6, 262144 bytes)
[    0.000000] Memory: 1999364K/2096128K available (7827K kernel code, 1015K rwdata, 3520K rodata, 960K init, 327K bss, 31228K reserved, 65536K cma-reserved, 1252352K highmem)
[    0.000000] Virtual kernel memory layout:
[    0.000000]     vector  : 0xffff0000 - 0xffff1000   (   4 kB)
[    0.000000]     fixmap  : 0xffc00000 - 0xfff00000   (3072 kB)
[    0.000000]     vmalloc : 0xf0000000 - 0xff000000   ( 240 MB)
[    0.000000]     lowmem  : 0xc0000000 - 0xef800000   ( 760 MB)
[    0.000000]     pkmap   : 0xbfe00000 - 0xc0000000   (   2 MB)
[    0.000000]     modules : 0xbf000000 - 0xbfe00000   (  14 MB)
[    0.000000]       .text : 0xc0208000 - 0xc0d1de28   (11352 kB)
[    0.000000]       .init : 0xc0d1e000 - 0xc0e0e000   ( 960 kB)
[    0.000000]       .data : 0xc0e0e000 - 0xc0f0bf00   (1016 kB)
[    0.000000]        .bss : 0xc0f0e000 - 0xc0f5fc28   ( 328 kB)
[    0.000000] SLUB: HWalign=64, Order=0-3, MinObjects=0, CPUs=4, Nodes=1
[    0.000000] Hierarchical RCU implementation.
[    0.000000] 	Additional per-CPU info printed with stalls.
[    0.000000] 	Build-time adjustment of leaf fanout to 32.
[    0.000000] 	RCU restricting CPUs from NR_CPUS=16 to nr_cpu_ids=4.
[    0.000000] RCU: Adjusting geometry for rcu_fanout_leaf=32, nr_cpu_ids=4
[    0.000000] NR_IRQS:16 nr_irqs:16 16
[    0.000000] /interrupt-controller@60004000: 160 interrupts forwarded to /interrupt-controller@50041000
[    0.000000] L2C: failed to init: -19
[    0.000009] sched_clock: 32 bits at 1000kHz, resolution 1000ns, wraps every 2147483647500ns
[    0.000028] clocksource: timer_us: mask: 0xffffffff max_cycles: 0xffffffff, max_idle_ns: 1911260446275 ns
[    0.000042] Switching to timer-based delay loop, resolution 1000ns
[    0.002833] Architected cp15 timer(s) running at 12.00MHz (virt).
[    0.002850] clocksource: arch_sys_counter: mask: 0xffffffffffffff max_cycles: 0x2c47f4ee7, max_idle_ns: 440795202497 ns
[    0.002869] sched_clock: 56 bits at 12MHz, resolution 83ns, wraps every 4398046511096ns
[    0.002882] Switching to timer-based delay loop, resolution 83ns
[    0.003244] Console: colour dummy device 80x30
[    0.003270] Calibrating delay loop (skipped), value calculated using timer frequency.. 24.00 BogoMIPS (lpj=60000)
[    0.003284] pid_max: default: 32768 minimum: 301
[    0.003402] Mount-cache hash table entries: 2048 (order: 1, 8192 bytes)
[    0.003414] Mountpoint-cache hash table entries: 2048 (order: 1, 8192 bytes)
[    0.004030] CPU: Testing write buffer coherency: ok
[    0.004239] /cpus/cpu@0 missing clock-frequency property
[    0.004269] /cpus/cpu@1 missing clock-frequency property
[    0.004297] /cpus/cpu@2 missing clock-frequency property
[    0.004326] /cpus/cpu@3 missing clock-frequency property
[    0.004338] CPU0: thread -1, cpu 0, socket 0, mpidr 80000000
[    0.004387] Setting up static identity map for 0x80209000 - 0x80209098
[    0.006585] Tegra Revision: A01 SKU: 0 CPU Process: 1 SoC Process: 0
[    0.007825] CPU1: thread -1, cpu 1, socket 0, mpidr 80000001
[    0.008432] CPU2: thread -1, cpu 2, socket 0, mpidr 80000002
[    0.009028] CPU3: thread -1, cpu 3, socket 0, mpidr 80000003
[    0.009090] Brought up 4 CPUs
[    0.009111] SMP: Total of 4 processors activated (96.00 BogoMIPS).
[    0.009118] CPU: All CPU(s) started in SVC mode.
[    0.009670] devtmpfs: initialized
[    0.020815] VFP support v0.3: implementor 41 architecture 4 part 30 variant f rev 0
[    0.021490] clocksource: jiffies: mask: 0xffffffff max_cycles: 0xffffffff, max_idle_ns: 9556302231375000 ns
[    0.023209] pinctrl core: initialized pinctrl subsystem
[    0.024832] NET: Registered protocol family 16
[    0.026896] DMA: preallocated 256 KiB pool for atomic coherent allocations
[    0.042757] cpuidle: using governor ladder
[    0.057779] cpuidle: using governor menu
[    0.072355] No ATAGs?
[    0.072392] hw-breakpoint: found 5 (+1 reserved) breakpoint and 4 watchpoint registers.
[    0.072402] hw-breakpoint: maximum watchpoint size is 8 bytes.
[    0.076404] Serial: AMBA PL011 UART driver
[    0.077572] tegra-mc 70019000.memory-controller: no memory timings for RAM code 3 registered
[    0.107337] dvdd_ts: Failed to request enable GPIO61: -517
[    0.107464] reg-fixed-voltage regulators:regulator@1: Failed to register regulator: -517
[    0.107690] usb1_vbus: Failed to request enable GPIO108: -517
[    0.107806] reg-fixed-voltage regulators:regulator@3: Failed to register regulator: -517
[    0.108052] usb2_vbus: Failed to request enable GPIO86: -517
[    0.108167] reg-fixed-voltage regulators:regulator@4: Failed to register regulator: -517
[    0.108683] VDD_5V0_HDMI_CON: Failed to request enable GPIO81: -517
[    0.108798] reg-fixed-voltage regulators:regulator@7: Failed to register regulator: -517
[    0.111378] vgaarb: loaded
[    0.112177] SCSI subsystem initialized
[    0.112363] libata version 3.00 loaded.
[    0.112702] usbcore: registered new interface driver usbfs
[    0.112773] usbcore: registered new interface driver hub
[    0.112858] usbcore: registered new device driver usb
[    0.116508] tps65090 2-0048: No cache defaults, reading back from HW
[    0.122683] palmas 2-0058: Irq flag is 0x00000000
[    0.125883] palmas 2-0058: Muxing GPIO ff, PWM 0, LED 0
[    0.135469] sdhci-vdd-sd-slot: ramp_delay not set
[    0.161009] pps_core: LinuxPPS API ver. 1 registered
[    0.161019] pps_core: Software ver. 5.3.6 - Copyright 2005-2007 Rodolfo Giometti <giometti@linux.it>
[    0.161051] PTP clock support registered
[    0.161280] EDAC MC: Ver: 3.0.0
[    0.163841] clocksource: Switched to clocksource arch_sys_counter
[    0.175320] NET: Registered protocol family 2
[    0.175866] TCP established hash table entries: 8192 (order: 3, 32768 bytes)
[    0.175966] TCP bind hash table entries: 8192 (order: 4, 65536 bytes)
[    0.176153] TCP: Hash tables configured (established 8192 bind 8192)
[    0.176207] UDP hash table entries: 512 (order: 2, 16384 bytes)
[    0.176249] UDP-Lite hash table entries: 512 (order: 2, 16384 bytes)
[    0.176428] NET: Registered protocol family 1
[    0.176668] RPC: Registered named UNIX socket transport module.
[    0.176679] RPC: Registered udp transport module.
[    0.176687] RPC: Registered tcp transport module.
[    0.176694] RPC: Registered tcp NFSv4.1 backchannel transport module.
[    0.176712] PCI: CLS 0 bytes, default 64
[    0.179026] futex hash table entries: 1024 (order: 4, 65536 bytes)
[    0.192120] squashfs: version 4.0 (2009/01/31) Phillip Lougher
[    0.193066] NFS: Registering the id_resolver key type
[    0.193100] Key type id_resolver registered
[    0.193110] Key type id_legacy registered
[    0.193177] ntfs: driver 2.1.32 [Flags: R/O].
[    0.194261] bounce: pool size: 64 pages
[    0.194491] Block layer SCSI generic (bsg) driver version 0.4 loaded (major 249)
[    0.194509] io scheduler noop registered
[    0.194524] io scheduler deadline registered
[    0.194738] io scheduler cfq registered (default)
[    0.213439] vdd-lcd-bl: supplied by vdd_ac_bat
[    0.215099] tegra-ahb 6000c004.ahb: incorrect AHB base address in DT data - enabling workaround
[    0.220244] tegra-apbdma 6000a000.dma: Tegra20 APB DMA driver register 32 channels
[    0.221606] tegra-pmc 7000e400.pmc: i2c-thermtrip node not found, emergency thermal reset disabled.
[    0.289147] Serial: 8250/16550 driver, 4 ports, IRQ sharing disabled
[    0.291531] SuperH (H)SCI(F) driver initialized
[    0.292486] msm_serial: driver initialized
[    0.293391] console [ttyS0] disabled
[    0.293427] 70006300.serial: ttyS0 at MMIO 0x70006300 (irq = 329, base_baud = 25500000) is a Tegra
[    1.111006] console [ttyS0] enabled
[    1.115316] STMicroelectronics ASC driver initialized
[    1.122609] [drm] Initialized drm 1.1.0 20060810
[    1.130125] vdd-ao: supplied by vdd_ac_bat
[    1.134460] vddio-1v8: supplied by vdd-ao
[    1.138845] avdd-dsi-csi: supplied by vddio-1v8
[    1.145427] tegra-hdmi 54280000.hdmi: failed to get HDMI regulator
[    1.153376] vdd-sys-3v3: supplied by vdd_ac_bat
[    1.158134] avdd-lcd: supplied by vdd-sys-3v3
[    1.168664] loop: module loaded
[    1.178343] m25p80 spi32766.0: w25q32dw (4096 Kbytes)
[    1.186778] CAN device driver interface
[    1.191882] igb: Intel(R) Gigabit Ethernet Network Driver - version 5.2.18-k
[    1.198941] igb: Copyright (c) 2007-2014 Intel Corporation.
[    1.207450] pegasus: v0.9.3 (2013/04/25), Pegasus/Pegasus II USB Ethernet driver
[    1.214917] usbcore: registered new interface driver pegasus
[    1.220661] usbcore: registered new interface driver asix
[    1.226126] usbcore: registered new interface driver ax88179_178a
[    1.232283] usbcore: registered new interface driver cdc_ether
[    1.238201] usbcore: registered new interface driver smsc75xx
[    1.244034] usbcore: registered new interface driver smsc95xx
[    1.249849] usbcore: registered new interface driver net1080
[    1.255576] usbcore: registered new interface driver cdc_subset
[    1.261559] usbcore: registered new interface driver zaurus
[    1.267236] usbcore: registered new interface driver cdc_ncm
[    1.274965] ehci_hcd: USB 2.0 'Enhanced' Host Controller (EHCI) Driver
[    1.281509] ehci-pci: EHCI PCI platform driver
[    1.286032] ehci-platform: EHCI generic platform driver
[    1.291473] ehci-omap: OMAP-EHCI Host Controller driver
[    1.296855] ehci-orion: EHCI orion driver
[    1.301028] SPEAr-ehci: EHCI SPEAr driver
[    1.305203] ehci-st: EHCI STMicroelectronics driver
[    1.310240] ehci-exynos: EHCI EXYNOS driver
[    1.314602] ehci-atmel: EHCI Atmel driver
[    1.318752] tegra-ehci: Tegra EHCI driver
[    1.323083] ohci_hcd: USB 1.1 'Open' Host Controller (OHCI) Driver
[    1.329293] ohci-pci: OHCI PCI platform driver
[    1.333790] ohci-platform: OHCI generic platform driver
[    1.339196] ohci-omap3: OHCI OMAP3 driver
[    1.343344] SPEAr-ohci: OHCI SPEAr driver
[    1.347515] ohci-st: OHCI STMicroelectronics driver
[    1.352553] ohci-atmel: OHCI Atmel driver
[    1.356808] usbcore: registered new interface driver usb-storage
[    1.364406] mousedev: PS/2 mouse device common for all mice
[    1.375419] palmas-rtc 7000d000.i2c:tps65913@58:rtc: rtc core: registered 7000d000.i2c:tps659 as rtc0
[    1.386607] tegra_rtc 7000e000.rtc: rtc core: registered 7000e000.rtc as rtc1
[    1.393792] tegra_rtc 7000e000.rtc: Tegra internal Real Time Clock
[    1.400571] i2c /dev entries driver
[    1.407340] sbs-battery 0-000b: sbs_probe: Failed to get device status
[    1.413890] sbs-battery: probe of 0-000b failed with error -121
[    1.422491] vdd-sensor-2v85: supplied by vdd-sys-3v3
[    1.434004] sdhci: Secure Digital Host Controller Interface driver
[    1.440191] sdhci: Copyright(c) Pierre Ossman
[    1.446074] Synopsys Designware Multimedia Card Interface Driver
[    1.453136] sdhci-pltfm: SDHCI platform and OF driver helper
[    1.459506] sdhci-tegra 78000400.sdhci: Got CD GPIO
[    1.464413] sdhci-tegra 78000400.sdhci: Got WP GPIO
[    1.470415] sdhci-tegra 78000400.sdhci: No vmmc regulator found
[    1.476348] sdhci-tegra 78000400.sdhci: No vqmmc regulator found
[    1.482362] mmc0: Invalid maximum block size, assuming 512 bytes
[    1.523977] mmc0: SDHCI controller on 78000400.sdhci [78000400.sdhci] using ADMA
[    1.531629] sdhci-tegra 78000600.sdhci: No vmmc regulator found
[    1.537566] sdhci-tegra 78000600.sdhci: No vqmmc regulator found
[    1.543582] mmc1: Invalid maximum block size, assuming 512 bytes
[    1.583862] mmc1: SDHCI controller on 78000600.sdhci [78000600.sdhci] using ADMA
[    1.592362] ledtrig-cpu: registered to indicate activity on CPUs
[    1.598622] usbcore: registered new interface driver usbhid
[    1.604205] usbhid: USB HID core driver
[    1.611798] NET: Registered protocol family 17
[    1.616285] can: controller area network core (rev 20120528 abi 9)
[    1.624570] NET: Registered protocol family 29
[    1.629040] can: raw protocol (rev 20120528)
[    1.633308] can: broadcast manager protocol (rev 20120528 t)
[    1.641001] can: netlink gateway (rev 20130117) max_hops=1
[    1.646898] Key type dns_resolver registered
[    1.651812] ThumbEE CPU extension supported.
[    1.658139] Registering SWP/SWPB emulation handler
[    1.671930] vdd-sys-5v0: supplied by vdd_ac_bat
[    1.677892] VDD_5V0_HDMI_CON: supplied by vdd-sys-5v0
[    1.686383] vdd_hdmi_5v0: supplied by vdd-sys-5v0
[    1.695868] [drm] Supports vblank timestamp caching Rev 2 (21.10.2013).
[    1.702518] [drm] No driver support for vblank timestamp query.
[    1.718513] mmc1: MAN_BKOPS_EN bit is not set
[    1.726747] mmc1: new high speed MMC card at address 0001
[    1.733821] mmcblk0: mmc1:0001 SEM32G 29.1 GiB 
[    1.734352] mmcblk0boot0: mmc1:0001 SEM32G partition 1 4.00 MiB
[    1.735021] mmcblk0boot1: mmc1:0001 SEM32G partition 2 4.00 MiB
[    1.735550] mmcblk0rpmb: mmc1:0001 SEM32G partition 3 4.00 MiB
[    1.739424]  mmcblk0: p1 p2 p3 p4 p5 p6 p7 p8
[    1.758558] Console: switching to colour frame buffer device 240x75
[    1.813046] drm drm: fb0:  frame buffer device
[    1.817524] drm drm: registered panic notifier
[    1.833944] [drm] Initialized tegra 0.0.0 20120330 on minor 0
[    1.840728] usb2_vbus: supplied by vdd-sys-5v0
[    1.847316] tegra-ehci 7d008000.usb: EHCI Host Controller
[    1.852793] tegra-ehci 7d008000.usb: new USB bus registered, assigned bus number 1
[    1.860686] tegra-ehci 7d008000.usb: irq 339, io mem 0x7d008000
[    1.873998] tegra-ehci 7d008000.usb: USB 2.0 started, EHCI 1.10
[    1.881217] hub 1-0:1.0: USB hub found
[    1.885075] hub 1-0:1.0: 1 port detected
[    1.890973] input: gpio-keys as /devices/soc0/gpio-keys/input/input0
[    1.899354] palmas-rtc 7000d000.i2c:tps65913@58:rtc: setting system clock to 2000-01-23 19:49:10 UTC (948656950)
[    1.920666] vdd_cam_1v8_reg: disabling
[    1.924431] usb1_vbus: disabling
[    1.927654] dvdd_ts: disabling
[    1.935912] EXT4-fs (mmcblk0p1): mounting ext3 file system using the ext4 subsystem
[    1.964623] EXT4-fs (mmcblk0p1): recovery complete
[    1.969466] EXT4-fs (mmcblk0p1): mounted filesystem with ordered data mode. Opts: (null)
[    1.977593] VFS: Mounted root (ext3 filesystem) on device 179:1.
[    1.988366] devtmpfs: mounted
[    1.992163] Freeing unused kernel memory: 960K (c0d1e000 - c0e0e000)
bash: cannot set terminal process group (-1): Inappropriate ioctl for device
bash: no job control in this shell
root@(none):/# [    2.198999] usb 1-1: new high-speed USB device number 2 using tegra-ehci
