
U-Boot SPL 2014.01-00219-gc4d376f (Feb 18 2014 - 19:57:18)


U-Boot 2014.01-00219-gc4d376f (Feb 18 2014 - 19:57:18)

TEGRA30
Board: NVIDIA Beaver
I2C:   ready
DRAM:  2 GiB
MMC:   Tegra SD/MMC: 0, Tegra SD/MMC: 1
In:    serial
Out:   serial
Err:   serial
Net:   Net Initialization Skipped
No ethernet found.
Hit any key to stop autoboot:  2  0 
Tegra30 (Beaver) # 
Tegra30 (Beaver) # usb reset
(Re)start USB...
USB0:   USB EHCI 1.00
scanning bus 0 for devices... 2 USB Device(s) found
       scanning usb for storage devices... 0 Storage Device(s) found
       scanning usb for ethernet devices... 
Warning: asx0 using MAC address from net device
1 Ethernet Device(s) found
Tegra30 (Beaver) # setenv bootargs 'ignore_loglevel console=ttyS0,115200n8 rw root=PARTUUID=edbe1840-3633-c751-7993-b0ac834f81e0 rootwait gpt debug noinitrd earlyprintk init=/bin/bash'
Tegra30 (Beaver) # setenv ipaddr 192.168.100.101; setenv serverip 192.168.100.1; setenv tftpserverip 192.168.100.1
Tegra30 (Beaver) # tftpboot 0x81000000 zImage.multi_v7_defconfig
Using asx0 device
TFTP from server 192.168.100.1; our IP address is 192.168.100.101
Filename 'zImage.multi_v7_defconfig'.
Load address: 0x81000000
Loading: *#################################################################
	 #################################################################
	 #################################################################
	 #################################################################
	 #################################################################
	 #################################################################
	 ####################################################
	 3.2 MiB/s
done
Bytes transferred = 6477160 (62d568 hex)
Tegra30 (Beaver) # tftpboot 0x82000000 tegra30-beaver.dtb
Using asx0 device
TFTP from server 192.168.100.1; our IP address is 192.168.100.101
Filename 'tegra30-beaver.dtb'.
Load address: 0x82000000
Loading: *####
	 3.3 MiB/s
done
Bytes transferred = 51467 (c90b hex)
Tegra30 (Beaver) # bootz 0x81000000 - 0x82000000
Kernel image @ 0x81000000 [ 0x000000 - 0x62d568 ]
## Flattened Device Tree blob at 82000000
   Booting using the fdt blob at 0x82000000
   Loading Device Tree to 8fff0000, end 8ffff90a ... OK

Starting kernel ...

[    0.000000] Booting Linux on physical CPU 0x0
[    0.000000] Linux version 4.3.0-75599-gbd4f203 (pwalmsley@tamien) (gcc version 4.7.3 20130328 (prerelease) (crosstool-NG linaro-1.13.1-4.7-2013.04-20130415 - Linaro GCC 2013.04) ) #1 SMP Thu Apr 28 02:05:35 PDT 2016
[    0.000000] CPU: ARMv7 Processor [412fc099] revision 9 (ARMv7), cr=10c5387d
[    0.000000] CPU: PIPT / VIPT nonaliasing data cache, VIPT aliasing instruction cache
[    0.000000] Machine model: NVIDIA Tegra30 Beaver evaluation board
[    0.000000] debug: ignoring loglevel setting.
[    0.000000] cma: Reserved 64 MiB at 0xfb800000
[    0.000000] Memory policy: Data cache writealloc
[    0.000000] On node 0 totalpages: 524032
[    0.000000] free_area_init_node: node 0, pgdat c0f982c0, node_mem_map eeff8000
[    0.000000]   DMA zone: 1536 pages used for memmap
[    0.000000]   DMA zone: 0 pages reserved
[    0.000000]   DMA zone: 196608 pages, LIFO batch:31
[    0.000000]   HighMem zone: 327424 pages, LIFO batch:31
[    0.000000] PERCPU: Embedded 12 pages/cpu @eef93000 s19136 r8192 d21824 u49152
[    0.000000] pcpu-alloc: s19136 r8192 d21824 u49152 alloc=12*4096
[    0.000000] pcpu-alloc: [0] 0 [0] 1 [0] 2 [0] 3 
[    0.000000] Built 1 zonelists in Zone order, mobility grouping on.  Total pages: 522496
[    0.000000] Kernel command line: ignore_loglevel console=ttyS0,115200n8 rw root=PARTUUID=edbe1840-3633-c751-7993-b0ac834f81e0 rootwait gpt debug noinitrd earlyprintk init=/bin/bash
[    0.000000] PID hash table entries: 4096 (order: 2, 16384 bytes)
[    0.000000] Dentry cache hash table entries: 131072 (order: 7, 524288 bytes)
[    0.000000] Inode-cache hash table entries: 65536 (order: 6, 262144 bytes)
[    0.000000] Memory: 1998680K/2096128K available (8156K kernel code, 1032K rwdata, 3660K rodata, 1040K init, 340K bss, 31912K reserved, 65536K cma-reserved, 1244160K highmem)
[    0.000000] Virtual kernel memory layout:
[    0.000000]     vector  : 0xffff0000 - 0xffff1000   (   4 kB)
[    0.000000]     fixmap  : 0xffc00000 - 0xfff00000   (3072 kB)
[    0.000000]     vmalloc : 0xf0800000 - 0xff800000   ( 240 MB)
[    0.000000]     lowmem  : 0xc0000000 - 0xf0000000   ( 768 MB)
[    0.000000]     pkmap   : 0xbfe00000 - 0xc0000000   (   2 MB)
[    0.000000]     modules : 0xbf000000 - 0xbfe00000   (  14 MB)
[    0.000000]       .text : 0xc0208000 - 0xc0d932ac   (11821 kB)
[    0.000000]       .init : 0xc0d94000 - 0xc0e98000   (1040 kB)
[    0.000000]       .data : 0xc0e98000 - 0xc0f9a220   (1033 kB)
[    0.000000]        .bss : 0xc0f9d000 - 0xc0ff23a8   ( 341 kB)
[    0.000000] SLUB: HWalign=64, Order=0-3, MinObjects=0, CPUs=4, Nodes=1
[    0.000000] Hierarchical RCU implementation.
[    0.000000] 	Build-time adjustment of leaf fanout to 32.
[    0.000000] 	RCU restricting CPUs from NR_CPUS=16 to nr_cpu_ids=4.
[    0.000000] RCU: Adjusting geometry for rcu_fanout_leaf=32, nr_cpu_ids=4
[    0.000000] NR_IRQS:16 nr_irqs:16 16
[    0.000000] /interrupt-controller@60004000: 160 interrupts forwarded to /interrupt-controller@50041000
[    0.000000] L2C: platform modifies aux control register: 0x02080000 -> 0x3e480001
[    0.000000] L2C: DT/platform modifies aux control register: 0x02080000 -> 0x3e480001
[    0.000000] L2C-310 erratum 769419 enabled
[    0.000000] L2C-310 enabling early BRESP for Cortex-A9
[    0.000000] L2C-310: enabling full line of zeros but not enabled in Cortex-A9
[    0.000000] L2C-310 dynamic clock gating enabled, standby mode enabled
[    0.000000] L2C-310 cache controller enabled, 8 ways, 1024 kB
[    0.000000] L2C-310: CACHE_ID 0x410000c7, AUX_CTRL 0x4e480001
[    0.000014] sched_clock: 32 bits at 1000kHz, resolution 1000ns, wraps every 2147483647500ns
[    0.000031] clocksource: timer_us: mask: 0xffffffff max_cycles: 0xffffffff, max_idle_ns: 1911260446275 ns
[    0.000040] Switching to timer-based delay loop, resolution 1000ns
[    0.002491] Console: colour dummy device 80x30
[    0.002516] Calibrating delay loop (skipped), value calculated using timer frequency.. 2.00 BogoMIPS (lpj=5000)
[    0.002525] pid_max: default: 32768 minimum: 301
[    0.002612] Mount-cache hash table entries: 2048 (order: 1, 8192 bytes)
[    0.002620] Mountpoint-cache hash table entries: 2048 (order: 1, 8192 bytes)
[    0.003035] CPU: Testing write buffer coherency: ok
[    0.003320] CPU0: thread -1, cpu 0, socket 0, mpidr 80000000
[    0.003384] Setting up static identity map for 0x80209000 - 0x80209098
[    0.005643] Tegra Revision: A03 SKU: 128 CPU Process: 4 SoC Process: 0
[    0.006839] CPU1: thread -1, cpu 1, socket 0, mpidr 80000001
[    0.007480] CPU2: thread -1, cpu 2, socket 0, mpidr 80000002
[    0.008117] CPU3: thread -1, cpu 3, socket 0, mpidr 80000003
[    0.008155] Brought up 4 CPUs
[    0.008168] SMP: Total of 4 processors activated (8.00 BogoMIPS).
[    0.008173] CPU: All CPU(s) started in SVC mode.
[    0.008759] devtmpfs: initialized
[    0.016960] VFP support v0.3: implementor 41 architecture 3 part 30 variant 9 rev 4
[    0.017664] clocksource: jiffies: mask: 0xffffffff max_cycles: 0xffffffff, max_idle_ns: 9556302231375000 ns
[    0.021156] pinctrl core: initialized pinctrl subsystem
[    0.022625] NET: Registered protocol family 16
[    0.024809] DMA: preallocated 256 KiB pool for atomic coherent allocations
[    0.039935] cpuidle: using governor ladder
[    0.054926] cpuidle: using governor menu
[    0.062897] No ATAGs?
[    0.062926] hw-breakpoint: found 5 (+1 reserved) breakpoint and 1 watchpoint registers.
[    0.062933] hw-breakpoint: maximum watchpoint size is 4 bytes.
[    0.065625] Serial: AMBA PL011 UART driver
[    0.066608] tegra-mc 7000f000.memory-controller: no memory timings for RAM code 3 registered
[    0.087831] vdd_5v_sata: Failed to request enable GPIO30: -517
[    0.087899] reg-fixed-voltage regulators:regulator@3: Failed to register regulator: -517
[    0.088004] usb1_vbus: Failed to request enable GPIO238: -517
[    0.088054] reg-fixed-voltage regulators:regulator@4: Failed to register regulator: -517
[    0.088159] usb3_vbus: Failed to request enable GPIO236: -517
[    0.088207] reg-fixed-voltage regulators:regulator@5: Failed to register regulator: -517
[    0.088357] sys_3v3_pexs: Failed to request enable GPIO95: -517
[    0.088407] reg-fixed-voltage regulators:regulator@7: Failed to register regulator: -517
[    0.090108] vgaarb: loaded
[    0.090563] SCSI subsystem initialized
[    0.090681] libata version 3.00 loaded.
[    0.090871] usbcore: registered new interface driver usbfs
[    0.090908] usbcore: registered new interface driver hub
[    0.090949] usbcore: registered new device driver usb
[    0.146719] pps_core: LinuxPPS API ver. 1 registered
[    0.146728] pps_core: Software ver. 5.3.6 - Copyright 2005-2007 Rodolfo Giometti <giometti@linux.it>
[    0.146743] PTP clock support registered
[    0.146895] EDAC MC: Ver: 3.0.0
[    0.148383] clocksource: Switched to clocksource timer_us
[    0.154406] NET: Registered protocol family 2
[    0.154805] TCP established hash table entries: 8192 (order: 3, 32768 bytes)
[    0.154860] TCP bind hash table entries: 8192 (order: 4, 65536 bytes)
[    0.154937] TCP: Hash tables configured (established 8192 bind 8192)
[    0.155033] UDP hash table entries: 512 (order: 2, 16384 bytes)
[    0.155098] UDP-Lite hash table entries: 512 (order: 2, 16384 bytes)
[    0.155266] NET: Registered protocol family 1
[    0.155536] RPC: Registered named UNIX socket transport module.
[    0.155543] RPC: Registered udp transport module.
[    0.155547] RPC: Registered tcp transport module.
[    0.155552] RPC: Registered tcp NFSv4.1 backchannel transport module.
[    0.155570] PCI: CLS 0 bytes, default 64
[    0.156315] hw perfevents: enabled with armv7_cortex_a9 PMU driver, 7 counters available
[    0.157236] futex hash table entries: 1024 (order: 4, 65536 bytes)
[    0.163151] squashfs: version 4.0 (2009/01/31) Phillip Lougher
[    0.163700] NFS: Registering the id_resolver key type
[    0.163741] Key type id_resolver registered
[    0.163745] Key type id_legacy registered
[    0.163790] ntfs: driver 2.1.32 [Flags: R/O].
[    0.164608] bounce: pool size: 64 pages
[    0.164732] Block layer SCSI generic (bsg) driver version 0.4 loaded (major 249)
[    0.164746] io scheduler noop registered
[    0.164754] io scheduler deadline registered
[    0.164775] io scheduler cfq registered (default)
[    0.169689] tegra30-pinctrl 70000868.pinmux: invalid group "sdmmc3_dat6_pd3" for function "rsvd1"
[    0.169703] tegra30-pinctrl 70000868.pinmux: invalid group "sdmmc3_dat7_pd4" for function "rsvd1"
[    0.169719] tegra30-pinctrl 70000868.pinmux: invalid group "vi_vsync_pd6" for function "rsvd1"
[    0.169729] tegra30-pinctrl 70000868.pinmux: invalid group "vi_hsync_pd7" for function "rsvd1"
[    0.170398] tegra30-pinctrl 70000868.pinmux: invalid group "hdmi_int_pn7" for function "rsvd1"
[    0.170464] tegra30-pinctrl 70000868.pinmux: invalid group "ulpi_data3_po4" for function "rsvd1"
[    0.170995] tegra30-pinctrl 70000868.pinmux: invalid group "vi_d10_pt2" for function "rsvd1"
[    0.171011] tegra30-pinctrl 70000868.pinmux: invalid group "vi_d11_pt3" for function "rsvd1"
[    0.171026] tegra30-pinctrl 70000868.pinmux: invalid group "vi_d0_pt4" for function "rsvd1"
[    0.171089] tegra30-pinctrl 70000868.pinmux: invalid group "pu0" for function "rsvd1"
[    0.171135] tegra30-pinctrl 70000868.pinmux: invalid group "pu3" for function "rsvd1"
[    0.171181] tegra30-pinctrl 70000868.pinmux: invalid group "pu6" for function "rsvd1"
[    0.171245] tegra30-pinctrl 70000868.pinmux: invalid group "pv3" for function "rsvd1"
[    0.172037] tegra30-pinctrl 70000868.pinmux: invalid group "pbb0" for function "rsvd1"
[    0.172223] tegra30-pinctrl 70000868.pinmux: invalid group "pcc1" for function "rsvd1"
[    0.176496] tegra-pcie 3000.pcie-controller: 2x3 configuration
[    0.176609] vdd_1v5_gen: supplied by vdd_5v_in
[    0.176654] vdd_pexa,vdd_pexb: supplied by vdd_1v5_gen
[    0.176752] tegra-pcie 3000.pcie-controller: Failed to get supply 'hvdd-pex': -517
[    0.180555] tegra-apbdma 6000a000.dma: Tegra20 APB DMA driver register 32 channels
[    0.181432] tegra-pmc 7000e400.pmc: i2c-thermtrip node not found, emergency thermal reset disabled.
[    0.213597] Serial: 8250/16550 driver, 4 ports, IRQ sharing disabled
[    0.215174] SuperH (H)SCI(F) driver initialized
[    0.215703] msm_serial: driver initialized
[    0.216323] console [ttyS0] disabled
[    0.216364] 70006000.serial: ttyS0 at MMIO 0x70006000 (irq = 331, base_baud = 25500000) is a Tegra
[    1.145491] console [ttyS0] enabled
[    1.149453] STMicroelectronics ASC driver initialized
[    1.155964] [drm] Initialized drm 1.1.0 20060810
[    1.162044] tegra-hdmi 54280000.hdmi: failed to get HDMI regulator
[    1.173474] loop: module loaded
[    1.181026] m25p80 spi32766.1: w25q32 (4096 Kbytes)
[    1.185917] spi32766.1: 'partitions' subnode not found on /spi@7000da00/spi-flash@1. Trying to parse direct subnodes as partitions.
[    1.199468] CAN device driver interface
[    1.204043] igb: Intel(R) Gigabit Ethernet Network Driver - version 5.3.0-k
[    1.210998] igb: Copyright (c) 2007-2014 Intel Corporation.
[    1.218272] pegasus: v0.9.3 (2013/04/25), Pegasus/Pegasus II USB Ethernet driver
[    1.225716] usbcore: registered new interface driver pegasus
[    1.231404] usbcore: registered new interface driver asix
[    1.236823] usbcore: registered new interface driver ax88179_178a
[    1.242934] usbcore: registered new interface driver cdc_ether
[    1.248802] usbcore: registered new interface driver smsc75xx
[    1.254586] usbcore: registered new interface driver smsc95xx
[    1.260352] usbcore: registered new interface driver net1080
[    1.266036] usbcore: registered new interface driver cdc_subset
[    1.271974] usbcore: registered new interface driver zaurus
[    1.277600] usbcore: registered new interface driver cdc_ncm
[    1.284511] ehci_hcd: USB 2.0 'Enhanced' Host Controller (EHCI) Driver
[    1.291040] ehci-pci: EHCI PCI platform driver
[    1.295506] ehci-platform: EHCI generic platform driver
[    1.300843] ehci-omap: OMAP-EHCI Host Controller driver
[    1.306138] ehci-orion: EHCI orion driver
[    1.310216] SPEAr-ehci: EHCI SPEAr driver
[    1.314297] ehci-st: EHCI STMicroelectronics driver
[    1.319249] ehci-exynos: EHCI EXYNOS driver
[    1.323522] ehci-atmel: EHCI Atmel driver
[    1.327592] tegra-ehci: Tegra EHCI driver
[    1.331910] ohci_hcd: USB 1.1 'Open' Host Controller (OHCI) Driver
[    1.338098] ohci-pci: OHCI PCI platform driver
[    1.342569] ohci-platform: OHCI generic platform driver
[    1.347887] ohci-omap3: OHCI OMAP3 driver
[    1.351969] SPEAr-ohci: OHCI SPEAr driver
[    1.356049] ohci-st: OHCI STMicroelectronics driver
[    1.360996] ohci-atmel: OHCI Atmel driver
[    1.365294] usbcore: registered new interface driver usb-storage
[    1.372184] mousedev: PS/2 mouse device common for all mice
[    1.379841] tegra_rtc 7000e000.rtc: rtc core: registered 7000e000.rtc as rtc1
[    1.387002] tegra_rtc 7000e000.rtc: Tegra internal Real Time Clock
[    1.405749] tps65910-rtc tps65910-rtc: rtc core: registered tps65910-rtc as rtc0
[    1.413337] i2c /dev entries driver
[    1.421702] sdhci: Secure Digital Host Controller Interface driver
[    1.427881] sdhci: Copyright(c) Pierre Ossman
[    1.433118] Synopsys Designware Multimedia Card Interface Driver
[    1.439746] sdhci-pltfm: SDHCI platform and OF driver helper
[    1.445911] sdhci-tegra 78000000.sdhci: Got CD GPIO
[    1.450799] sdhci-tegra 78000000.sdhci: Got WP GPIO
[    1.456809] sdhci-tegra 78000000.sdhci: No vmmc regulator found
[    1.462725] sdhci-tegra 78000000.sdhci: No vqmmc regulator found
[    1.468725] mmc0: Invalid maximum block size, assuming 512 bytes
[    1.508458] mmc0: SDHCI controller on 78000000.sdhci [78000000.sdhci] using ADMA
[    1.517035] sdhci-tegra 78000600.sdhci: No vmmc regulator found
[    1.522954] sdhci-tegra 78000600.sdhci: No vqmmc regulator found
[    1.528952] mmc1: Invalid maximum block size, assuming 512 bytes
[    1.568386] mmc1: SDHCI controller on 78000600.sdhci [78000600.sdhci] using ADMA
[    1.576730] ledtrig-cpu: registered to indicate activity on CPUs
[    1.582861] usbcore: registered new interface driver usbhid
[    1.588428] usbhid: USB HID core driver
[    1.594920] NET: Registered protocol family 10
[    1.599930] sit: IPv6 over IPv4 tunneling driver
[    1.604981] NET: Registered protocol family 17
[    1.609440] can: controller area network core (rev 20120528 abi 9)
[    1.615656] NET: Registered protocol family 29
[    1.620101] can: raw protocol (rev 20120528)
[    1.624371] can: broadcast manager protocol (rev 20120528 t)
[    1.630030] can: netlink gateway (rev 20130117) max_hops=1
[    1.635771] Key type dns_resolver registered
[    1.640453] ThumbEE CPU extension supported.
[    1.644738] Registering SWP/SWPB emulation handler
[    1.654645] mmc1: new high speed MMC card at address 0001
[    1.661180] mmcblk0: mmc1:0001 SEM16G 14.8 GiB 
[    1.667089] mmcblk0boot0: mmc1:0001 SEM16G partition 1 1.00 MiB
[    1.674426] mmcblk0boot1: mmc1:0001 SEM16G partition 2 1.00 MiB
[    1.681766] mmcblk0rpmb: mmc1:0001 SEM16G partition 3 128 KiB
[    1.693137] tegra-pcie 3000.pcie-controller: 2x3 configuration
[    1.693876] Primary GPT is invalid, using alternate GPT.
[    1.693893]  mmcblk0: p1 p2 p3 p4 p5
[    1.707990] sys_3v3,vdd_3v3_alw: supplied by vdd_5v_in
[    1.713153] sys_3v3_pexs: supplied by sys_3v3,vdd_3v3_alw
[    1.721064] tegra-pcie 3000.pcie-controller: probing port 0, using 2 lanes
[    1.786199] tegra-pcie 3000.pcie-controller: probing port 2, using 2 lanes
[    2.196830] tegra-pcie 3000.pcie-controller: link 2 down, retrying
[    2.606780] tegra-pcie 3000.pcie-controller: link 2 down, retrying
[    3.016718] tegra-pcie 3000.pcie-controller: link 2 down, retrying
[    3.024908] tegra-pcie 3000.pcie-controller: link 2 down, ignoring
[    3.031203] tegra-pcie 3000.pcie-controller: PCI host bridge to bus 0000:00
[    3.038162] pci_bus 0000:00: root bus resource [mem 0x20000000-0x27ffffff]
[    3.045028] pci_bus 0000:00: root bus resource [mem 0x28000000-0x3fffffff pref]
[    3.052327] pci_bus 0000:00: root bus resource [bus 00-ff]
[    3.057804] pci_bus 0000:00: root bus resource [io  0x1000-0xffff]
[    3.063996] pci 0000:00:01.0: [10de:0e1c] type 01 class 0x060400
[    3.070054] pci 0000:00:01.0: PME# supported from D0 D1 D2 D3hot D3cold
[    3.076811] PCI: bus0: Fast back to back transfers disabled
[    3.082381] pci 0000:00:01.0: bridge configuration invalid ([bus 00-00]), reconfiguring
[    3.090480] pci 0000:01:00.0: [10ec:8168] type 00 class 0x020000
[    3.096510] pci 0000:01:00.0: reg 0x10: [io  0x0000-0x00ff]
[    3.102090] pci 0000:01:00.0: reg 0x18: [mem 0x00000000-0x00000fff 64bit pref]
[    3.109310] pci 0000:01:00.0: reg 0x20: [mem 0x00000000-0x00003fff 64bit pref]
[    3.116575] pci 0000:01:00.0: supports D1 D2
[    3.120840] pci 0000:01:00.0: PME# supported from D0 D1 D2 D3hot D3cold
[    3.133407] PCI: bus1: Fast back to back transfers disabled
[    3.138976] pci_bus 0000:01: busn_res: [bus 01-ff] end is updated to 01
[    3.145639] pci 0000:00:01.0: BAR 9: assigned [mem 0x28000000-0x280fffff 64bit pref]
[    3.153378] pci 0000:00:01.0: BAR 7: assigned [io  0x1000-0x1fff]
[    3.159467] pci 0000:01:00.0: BAR 4: assigned [mem 0x28000000-0x28003fff 64bit pref]
[    3.167208] pci 0000:01:00.0: BAR 2: assigned [mem 0x28004000-0x28004fff 64bit pref]
[    3.174948] pci 0000:01:00.0: BAR 0: assigned [io  0x1000-0x10ff]
[    3.181035] pci 0000:00:01.0: PCI bridge to [bus 01]
[    3.185993] pci 0000:00:01.0:   bridge window [io  0x1000-0x1fff]
[    3.192079] pci 0000:00:01.0:   bridge window [mem 0x28000000-0x280fffff 64bit pref]
[    3.199824] pci 0000:00:01.0: nv_msi_ht_cap_quirk didn't locate host bridge
[    3.206868] pcieport 0000:00:01.0: enabling device (0140 -> 0143)
[    3.213093] pcieport 0000:00:01.0: Signaling PME through PCIe PME interrupt
[    3.220051] pci 0000:01:00.0: Signaling PME through PCIe PME interrupt
[    3.226571] pcie_pme 0000:00:01.0:pcie01: service driver pcie_pme loaded
[    3.233439] r8169 Gigabit Ethernet driver 2.3LK-NAPI loaded
[    3.239021] r8169 0000:01:00.0: enabling device (0140 -> 0143)
[    3.246121] r8169 0000:01:00.0 eth0: RTL8168evl/8111evl at 0xf08d6000, 02:04:4b:01:60:a6, XID 0c900800 IRQ 375
[    3.256124] r8169 0000:01:00.0 eth0: jumbo features [frames: 9200 bytes, tx checksumming: ko]
[    3.265375] +VDD_5V_HDMI: supplied by sys_3v3,vdd_3v3_alw
[    3.270879] vdd_1v8_gen: supplied by vdd_5v_in
[    3.277872] [drm] Supports vblank timestamp caching Rev 2 (21.10.2013).
[    3.284489] [drm] No driver support for vblank timestamp query.
[    3.290423] drm drm: No connectors reported connected with modes
[    3.296427] [drm] Cannot find any crtc or sizes - going 1024x768
[    3.322265] Console: switching to colour frame buffer device 128x48
[    3.335152] drm drm: fb0:  frame buffer device
[    3.353391] [drm] Initialized tegra 0.0.0 20120330 on minor 0
[    3.361816] usb3_vbus: supplied by vdd_5v_in
[    3.368177] utmi_phy_clk_enable: timeout waiting for phy to stabilize
[    3.374645] tegra-ehci 7d004000.usb: EHCI Host Controller
[    3.380054] tegra-ehci 7d004000.usb: new USB bus registered, assigned bus number 1
[    3.388725] tegra-ehci 7d004000.usb: irq 343, io mem 0x7d004000
[    3.403397] tegra-ehci 7d004000.usb: USB 2.0 started, EHCI 1.00
[    3.409847] hub 1-0:1.0: USB hub found
[    3.413629] hub 1-0:1.0: 1 port detected
[    3.418474] tegra-ehci 7d008000.usb: EHCI Host Controller
[    3.423889] tegra-ehci 7d008000.usb: new USB bus registered, assigned bus number 2
[    3.431657] tegra-ehci 7d008000.usb: irq 344, io mem 0x7d008000
[    3.443390] tegra-ehci 7d008000.usb: USB 2.0 started, EHCI 1.00
[    3.449758] hub 2-0:1.0: USB hub found
[    3.453531] hub 2-0:1.0: 1 port detected
[    3.464297] tps65910-rtc tps65910-rtc: setting system clock to 2000-01-01 00:00:02 UTC (946684802)
[    3.478227] vdd_sata,avdd_plle: disabling
[    3.483038] usb1_vbus: disabling
[    3.488232] EXT4-fs (mmcblk0p1): mounting ext3 file system using the ext4 subsystem
[    3.503100] EXT4-fs (mmcblk0p1): warning: mounting fs with errors, running e2fsck is recommended
[    3.514184] EXT4-fs (mmcblk0p1): recovery complete
[    3.518984] EXT4-fs (mmcblk0p1): mounted filesystem with ordered data mode. Opts: (null)
[    3.527090] VFS: Mounted root (ext3 filesystem) on device 179:1.
[    3.544272] devtmpfs: mounted
[    3.548218] Freeing unused kernel memory: 1040K (c0d94000 - c0e98000)
bash: cannot set terminal process group (-1): Inappropriate ioctl for device
bash: no job control in this shell
root@(none):/# [    3.763407] usb 2-1: new high-speed USB device number 2 using tegra-ehci
mount -t sysfs none /sys
root@(none):/# 
root@(none):/# [    4.702045] asix 2-1:1.0 eth1: register 'asix' at usb-7d008000.usb-1, ASIX AX88772 USB 2.0 Ethernet, 00:50:b6:0f:67:60
mount -t debugfs none /sys/kernel/debug
root@(none):/# 
root@(none):/# rtcwake -d rtc1 -m mem -s 3
rtcwake: wakeup from "mem" using /dev/rtc1 at Thu Jan  1 00:00:21 1970
[    6.599111] PM: Syncing filesystems ... done.
[    6.610483] Freezing user space processes ... (elapsed 0.001 seconds) done.
[    6.618587] Freezing remaining freezable tasks ... (elapsed 0.001 seconds) done.
[    6.627146] Suspending console(s) (use no_console_suspend to debug)
[    6.670815] PM: suspend of devices complete after 36.297 msecs
[    6.671786] PM: late suspend of devices complete after 0.964 msecs
[    6.684104] PM: noirq suspend of devices complete after 12.310 msecs
[    6.684107] Disabling non-boot CPUs ...
[    6.684806] CPU1: shutdown
[    6.699663] CPU2: shutdown
[    6.714314] CPU3: shutdown
[    6.728849] Entering suspend state LP1
[    6.728860] Enabling non-boot CPUs ...
[    6.754368] CPU1 is up
[    6.779482] CPU2 is up
[    6.804603] CPU3 is up
[    6.805383] pcieport 0000:00:01.0: nv_msi_ht_cap_quirk didn't locate host bridge
[    6.818531] PM: noirq resume of devices complete after 13.920 msecs
[    6.822098] PM: early resume of devices complete after 3.186 msecs
[    6.976733] PM: resume of devices complete after 154.625 msecs
[    7.047786] Restarting tasks ... done.
root@(none):/# 
root@(none):/# rtcwake -d rtc1 -m mem -s 3
rtcwake: wakeup from "mem" using /dev/rtc1 at Thu Jan  1 00:00:26 1970
[    8.144792] PM: Syncing filesystems ... done.
[    8.156665] Freezing user space processes ... (elapsed 0.001 seconds) done.
[    8.164770] Freezing remaining freezable tasks ... (elapsed 0.001 seconds) done.
[    8.173319] Suspending console(s) (use no_console_suspend to debug)
[    8.212679] PM: suspend of devices complete after 32.093 msecs
[    8.213627] PM: late suspend of devices complete after 0.939 msecs
[    8.229093] PM: noirq suspend of devices complete after 15.459 msecs
[    8.229096] Disabling non-boot CPUs ...
[    8.229689] CPU1: shutdown
[    8.254651] CPU2: shutdown
[    8.269293] CPU3: shutdown
[    8.283819] Entering suspend state LP1
[    8.283833] Enabling non-boot CPUs ...
[    8.309511] CPU1 is up
[    8.334608] CPU2 is up
[    8.359740] CPU3 is up
[    8.360691] pcieport 0000:00:01.0: nv_msi_ht_cap_quirk didn't locate host bridge
[    8.373528] PM: noirq resume of devices complete after 13.777 msecs
[    8.377005] PM: early resume of devices complete after 3.033 msecs
[    8.532260] PM: resume of devices complete after 155.243 msecs
[    8.603474] Restarting tasks ... done.
root@(none):/# 
root@(none):/# rtcwake -d rtc1 -m mem -s 3
rtcwake: wakeup from "mem" using /dev/rtc1 at Thu Jan  1 00:00:31 1970
[    9.702783] PM: Syncing filesystems ... done.
[    9.717046] Freezing user space processes ... (elapsed 0.001 seconds) done.
[    9.725194] Freezing remaining freezable tasks ... (elapsed 0.001 seconds) done.
[    9.733794] Suspending console(s) (use no_console_suspend to debug)
[    9.772837] PM: suspend of devices complete after 31.478 msecs
[    9.775692] PM: late suspend of devices complete after 2.841 msecs
[    9.789221] PM: noirq suspend of devices complete after 13.521 msecs
[    9.789225] Disabling non-boot CPUs ...
[    9.789994] CPU1: shutdown
[    9.804834] CPU2: shutdown
[    9.819363] CPU3: shutdown
[    9.833820] Entering suspend state LP1
[    9.833834] Enabling non-boot CPUs ...
[    9.859483] CPU1 is up
[    9.884579] CPU2 is up
[    9.909697] CPU3 is up
[    9.910632] pcieport 0000:00:01.0: nv_msi_ht_cap_quirk didn't locate host bridge
[    9.923483] PM: noirq resume of devices complete after 13.777 msecs
[    9.926995] PM: early resume of devices complete after 3.094 msecs
[   10.077330] PM: resume of devices complete after 150.320 msecs
[   10.148515] Restarting tasks ... done.
root@(none):/# 
root@(none):/# rtcwake -d rtc1 -m mem -s 3
rtcwake: wakeup from "mem" using /dev/rtc1 at Thu Jan  1 00:00:36 1970
[   11.250739] PM: Syncing filesystems ... done.
[   11.264773] Freezing user space processes ... (elapsed 0.001 seconds) done.
[   11.272903] Freezing remaining freezable tasks ... (elapsed 0.001 seconds) done.
[   11.281491] Suspending console(s) (use no_console_suspend to debug)
[   11.323310] PM: suspend of devices complete after 34.248 msecs
[   11.324538] PM: late suspend of devices complete after 1.193 msecs
[   11.339199] PM: noirq suspend of devices complete after 14.653 msecs
[   11.339203] Disabling non-boot CPUs ...
[   11.339963] CPU1: shutdown
[   11.364833] CPU2: shutdown
[   11.379347] CPU3: shutdown
[   11.393804] Entering suspend state LP1
[   11.393818] Enabling non-boot CPUs ...
[   11.419464] CPU1 is up
[   11.444570] CPU2 is up
[   11.469695] CPU3 is up
[   11.470638] pcieport 0000:00:01.0: nv_msi_ht_cap_quirk didn't locate host bridge
[   11.483443] PM: noirq resume of devices complete after 13.738 msecs
[   11.486686] PM: early resume of devices complete after 2.985 msecs
[   11.647690] PM: resume of devices complete after 160.994 msecs
[   11.718861] Restarting tasks ... done.
root@(none):/# 
root@(none):/# rtcwake -d rtc1 -m mem -s 3
rtcwake: wakeup from "mem" using /dev/rtc1 at Thu Jan  1 00:00:41 1970
[   12.812247] PM: Syncing filesystems ... done.
[   12.825760] Freezing user space processes ... (elapsed 0.001 seconds) done.
[   12.833904] Freezing remaining freezable tasks ... (elapsed 0.001 seconds) done.
[   12.842489] Suspending console(s) (use no_console_suspend to debug)
[   12.883277] PM: suspend of devices complete after 33.224 msecs
[   12.885005] PM: late suspend of devices complete after 1.696 msecs
[   12.899177] PM: noirq suspend of devices complete after 14.164 msecs
[   12.899182] Disabling non-boot CPUs ...
[   12.899932] CPU1: shutdown
[   12.924784] CPU2: shutdown
[   12.939339] CPU3: shutdown
[   12.953774] Entering suspend state LP1
[   12.953785] Enabling non-boot CPUs ...
[   12.979428] CPU1 is up
[   13.004542] CPU2 is up
[   13.029666] CPU3 is up
[   13.030597] pcieport 0000:00:01.0: nv_msi_ht_cap_quirk didn't locate host bridge
[   13.043451] PM: noirq resume of devices complete after 13.775 msecs
[   13.046155] PM: early resume of devices complete after 2.269 msecs
[   13.207195] PM: resume of devices complete after 161.029 msecs
[   13.278339] Restarting tasks ... done.
root@(none):/# 
root@(none):/# rtcwake -d rtc1 -m mem -s 3
rtcwake: wakeup from "mem" using /dev/rtc1 at Thu Jan  1 00:00:46 1970
[   14.372142] PM: Syncing filesystems ... done.
[   14.385169] Freezing user space processes ... (elapsed 0.001 seconds) done.
[   14.393308] Freezing remaining freezable tasks ... (elapsed 0.001 seconds) done.
[   14.401890] Suspending console(s) (use no_console_suspend to debug)
[   14.442737] PM: suspend of devices complete after 33.283 msecs
[   14.443977] PM: late suspend of devices complete after 1.227 msecs
[   14.459184] PM: noirq suspend of devices complete after 15.198 msecs
[   14.459188] Disabling non-boot CPUs ...
[   14.459948] CPU1: shutdown
[   14.489765] CPU2: shutdown
[   14.504306] CPU3: shutdown
[   14.518782] Entering suspend state LP1
[   14.518794] Enabling non-boot CPUs ...
[   14.544425] CPU1 is up
[   14.569512] CPU2 is up
[   14.594641] CPU3 is up
[   14.595625] pcieport 0000:00:01.0: nv_msi_ht_cap_quirk didn't locate host bridge
[   14.608421] PM: noirq resume of devices complete after 13.772 msecs
[   14.612738] PM: early resume of devices complete after 3.901 msecs
[   14.767224] PM: resume of devices complete after 154.473 msecs
[   14.838422] Restarting tasks ... done.
root@(none):/# 
root@(none):/# rtcwake -d rtc1 -m mem -s 3
rtcwake: wakeup from "mem" using /dev/rtc1 at Thu Jan  1 00:00:51 1970
[   15.937675] PM: Syncing filesystems ... done.
[   15.951683] Freezing user space processes ... (elapsed 0.001 seconds) done.
[   15.959825] Freezing remaining freezable tasks ... (elapsed 0.001 seconds) done.
[   15.968415] Suspending console(s) (use no_console_suspend to debug)
[   16.007735] PM: suspend of devices complete after 31.760 msecs
[   16.008913] PM: late suspend of devices complete after 1.167 msecs
[   16.024125] PM: noirq suspend of devices complete after 15.201 msecs
[   16.024127] Disabling non-boot CPUs ...
[   16.024879] CPU1: shutdown
[   16.054732] CPU2: shutdown
[   16.069266] CPU3: shutdown
[   16.083725] Entering suspend state LP1
[   16.083738] Enabling non-boot CPUs ...
[   16.109386] CPU1 is up
[   16.134492] CPU2 is up
[   16.159606] CPU3 is up
[   16.160539] pcieport 0000:00:01.0: nv_msi_ht_cap_quirk didn't locate host bridge
[   16.173410] PM: noirq resume of devices complete after 13.793 msecs
[   16.176276] PM: early resume of devices complete after 2.428 msecs
[   16.332194] PM: resume of devices complete after 155.908 msecs
[   16.403387] Restarting tasks ... done.
root@(none):/# 
root@(none):/# rtcwake -d rtc1 -m mem -s 3
rtcwake: wakeup from "mem" using /dev/rtc1 at Thu Jan  1 00:00:56 1970
[   17.501468] PM: Syncing filesystems ... done.
[   17.515765] Freezing user space processes ... (elapsed 0.001 seconds) done.
[   17.523918] Freezing remaining freezable tasks ... (elapsed 0.001 seconds) done.
[   17.532501] Suspending console(s) (use no_console_suspend to debug)
[   17.572704] PM: suspend of devices complete after 32.640 msecs
[   17.573899] PM: late suspend of devices complete after 1.185 msecs
[   17.589119] PM: noirq suspend of devices complete after 15.209 msecs
[   17.589124] Disabling non-boot CPUs ...
[   17.589888] CPU1: shutdown
[   17.604716] CPU2: shutdown
[   17.619230] CPU3: shutdown
[   17.633707] Entering suspend state LP1
[   17.633721] Enabling non-boot CPUs ...
[   17.659367] CPU1 is up
[   17.684466] CPU2 is up
[   17.709598] CPU3 is up
[   17.710536] pcieport 0000:00:01.0: nv_msi_ht_cap_quirk didn't locate host bridge
[   17.723381] PM: noirq resume of devices complete after 13.773 msecs
[   17.727767] PM: early resume of devices complete after 3.968 msecs
[   17.882136] PM: resume of devices complete after 154.356 msecs
[   17.953326] Restarting tasks ... done.
root@(none):/# 
root@(none):/# rtcwake -d rtc1 -m mem -s 3
rtcwake: wakeup from "mem" using /dev/rtc1 at Thu Jan  1 00:01:01 1970
[   19.052588] PM: Syncing filesystems ... done.
[   19.066641] Freezing user space processes ... (elapsed 0.001 seconds) done.
[   19.074778] Freezing remaining freezable tasks ... (elapsed 0.001 seconds) done.
[   19.083376] Suspending console(s) (use no_console_suspend to debug)
[   19.123247] PM: suspend of devices complete after 32.316 msecs
[   19.124441] PM: late suspend of devices complete after 1.181 msecs
[   19.139074] PM: noirq suspend of devices complete after 14.624 msecs
[   19.139078] Disabling non-boot CPUs ...
[   19.139814] CPU1: shutdown
[   19.169692] CPU2: shutdown
[   19.184212] CPU3: shutdown
[   19.198686] Entering suspend state LP1
[   19.198700] Enabling non-boot CPUs ...
[   19.224341] CPU1 is up
[   19.249439] CPU2 is up
[   19.274562] CPU3 is up
[   19.275509] pcieport 0000:00:01.0: nv_msi_ht_cap_quirk didn't locate host bridge
[   19.288348] PM: noirq resume of devices complete after 13.776 msecs
[   19.292182] PM: early resume of devices complete after 3.409 msecs
[   19.447171] PM: resume of devices complete after 154.979 msecs
[   19.518362] Restarting tasks ... done.
root@(none):/# 
root@(none):/# rtcwake -d rtc1 -m mem -s 3
rtcwake: wakeup from "mem" using /dev/rtc1 at Thu Jan  1 00:01:06 1970
[   20.617522] PM: Syncing filesystems ... done.
[   20.631564] Freezing user space processes ... (elapsed 0.001 seconds) done.
[   20.639710] Freezing remaining freezable tasks ... (elapsed 0.001 seconds) done.
[   20.648310] Suspending console(s) (use no_console_suspend to debug)
[   20.688200] PM: suspend of devices complete after 32.325 msecs
[   20.689446] PM: late suspend of devices complete after 1.230 msecs
[   20.704048] PM: noirq suspend of devices complete after 14.592 msecs
[   20.704053] Disabling non-boot CPUs ...
[   20.704810] CPU1: shutdown
[   20.729664] CPU2: shutdown
[   20.744208] CPU3: shutdown
[   20.758659] Entering suspend state LP1
[   20.758673] Enabling non-boot CPUs ...
[   20.784325] CPU1 is up
[   20.809409] CPU2 is up
[   20.834556] CPU3 is up
[   20.835503] pcieport 0000:00:01.0: nv_msi_ht_cap_quirk didn't locate host bridge
[   20.848349] PM: noirq resume of devices complete after 13.783 msecs
[   20.851691] PM: early resume of devices complete after 2.913 msecs
[   21.007120] PM: resume of devices complete after 155.416 msecs
[   21.078312] Restarting tasks ... done.
root@(none):/# 
root@(none):/# NVTB SYSTEM SUSPEND TEST COMPLETE
