
U-Boot SPL 2014.01-00219-gc4d376f (Feb 18 2014 - 19:57:18)


U-Boot 2014.01-00219-gc4d376f (Feb 18 2014 - 19:57:18)

TEGRA30
Board: NVIDIA Beaver
I2C:   ready
DRAM:  2 GiB
MMC:   Tegra SD/MMC: 0, Tegra SD/MMC: 1
In:    serial
Out:   serial
Err:   serial
Net:   Net Initialization Skipped
No ethernet found.
Hit any key to stop autoboot:  2  0 
Tegra30 (Beaver) # 
Tegra30 (Beaver) # usb reset
(Re)start USB...
USB0:   USB EHCI 1.00
scanning bus 0 for devices... 2 USB Device(s) found
       scanning usb for storage devices... 0 Storage Device(s) found
       scanning usb for ethernet devices... 
Warning: asx0 using MAC address from net device
1 Ethernet Device(s) found
Tegra30 (Beaver) # setenv bootargs 'ignore_loglevel console=ttyS0,115200n8 rw root=/dev/mmcblk0p1 rootwait gpt debug init=/bin/bash noinitrd'
Tegra30 (Beaver) # setenv ipaddr 192.168.100.101; setenv serverip 192.168.100.1; setenv tftpserverip 192.168.100.1
Tegra30 (Beaver) # tftpboot 0x81000000 zImage.multi_v7_defconfig
Using asx0 device
TFTP from server 192.168.100.1; our IP address is 192.168.100.101
Filename 'zImage.multi_v7_defconfig'.
Load address: 0x81000000
Loading: *#################################################################
	 #################################################################
	 #################################################################
	 #################################################################
	 #################################################################
	 #################################################################
	 ################################
	 3.4 MiB/s
done
Bytes transferred = 6183136 (5e58e0 hex)
Tegra30 (Beaver) # tftpboot 0x82000000 tegra30-beaver.dtb
Using asx0 device
TFTP from server 192.168.100.1; our IP address is 192.168.100.101
Filename 'tegra30-beaver.dtb'.
Load address: 0x82000000
Loading: *####
	 3.3 MiB/s
done
Bytes transferred = 51467 (c90b hex)
Tegra30 (Beaver) # bootz 0x81000000 - 0x82000000
Kernel image @ 0x81000000 [ 0x000000 - 0x5e58e0 ]
## Flattened Device Tree blob at 82000000
   Booting using the fdt blob at 0x82000000
   Loading Device Tree to 8fff0000, end 8ffff90a ... OK

Starting kernel ...

[    0.000000] Booting Linux on physical CPU 0x0
[    0.000000] Linux version 4.2.0-rc2-next-20150713-28663-g7d9ffbf (pwalmsley@sellafield) (gcc version 4.7.3 20130328 (prerelease) (crosstool-NG linaro-1.13.1-4.7-2013.04-20130415 - Linaro GCC 2013.04) ) #1 SMP Mon Jul 13 03:57:01 PDT 2015
[    0.000000] CPU: ARMv7 Processor [412fc099] revision 9 (ARMv7), cr=10c5387d
[    0.000000] CPU: PIPT / VIPT nonaliasing data cache, VIPT aliasing instruction cache
[    0.000000] Machine model: NVIDIA Tegra30 Beaver evaluation board
[    0.000000] debug: ignoring loglevel setting.
[    0.000000] cma: Reserved 64 MiB at 0xfb800000
[    0.000000] Memory policy: Data cache writealloc
[    0.000000] On node 0 totalpages: 524032
[    0.000000] free_area_init_node: node 0, pgdat c0f09f00, node_mem_map ee7f8000
[    0.000000]   DMA zone: 1520 pages used for memmap
[    0.000000]   DMA zone: 0 pages reserved
[    0.000000]   DMA zone: 194560 pages, LIFO batch:31
[    0.000000]   HighMem zone: 329472 pages, LIFO batch:31
[    0.000000] PERCPU: Embedded 11 pages/cpu @ee797000 s14848 r8192 d22016 u45056
[    0.000000] pcpu-alloc: s14848 r8192 d22016 u45056 alloc=11*4096
[    0.000000] pcpu-alloc: [0] 0 [0] 1 [0] 2 [0] 3 
[    0.000000] Built 1 zonelists in Zone order, mobility grouping on.  Total pages: 522512
[    0.000000] Kernel command line: ignore_loglevel console=ttyS0,115200n8 rw root=/dev/mmcblk0p1 rootwait gpt debug init=/bin/bash noinitrd
[    0.000000] PID hash table entries: 4096 (order: 2, 16384 bytes)
[    0.000000] Dentry cache hash table entries: 131072 (order: 7, 524288 bytes)
[    0.000000] Inode-cache hash table entries: 65536 (order: 6, 262144 bytes)
[    0.000000] Memory: 1999284K/2096128K available (7827K kernel code, 1015K rwdata, 3520K rodata, 960K init, 327K bss, 31308K reserved, 65536K cma-reserved, 1252352K highmem)
[    0.000000] Virtual kernel memory layout:
[    0.000000]     vector  : 0xffff0000 - 0xffff1000   (   4 kB)
[    0.000000]     fixmap  : 0xffc00000 - 0xfff00000   (3072 kB)
[    0.000000]     vmalloc : 0xf0000000 - 0xff000000   ( 240 MB)
[    0.000000]     lowmem  : 0xc0000000 - 0xef800000   ( 760 MB)
[    0.000000]     pkmap   : 0xbfe00000 - 0xc0000000   (   2 MB)
[    0.000000]     modules : 0xbf000000 - 0xbfe00000   (  14 MB)
[    0.000000]       .text : 0xc0208000 - 0xc0d1de28   (11352 kB)
[    0.000000]       .init : 0xc0d1e000 - 0xc0e0e000   ( 960 kB)
[    0.000000]       .data : 0xc0e0e000 - 0xc0f0bf00   (1016 kB)
[    0.000000]        .bss : 0xc0f0e000 - 0xc0f5fc28   ( 328 kB)
[    0.000000] SLUB: HWalign=64, Order=0-3, MinObjects=0, CPUs=4, Nodes=1
[    0.000000] Hierarchical RCU implementation.
[    0.000000] 	Additional per-CPU info printed with stalls.
[    0.000000] 	Build-time adjustment of leaf fanout to 32.
[    0.000000] 	RCU restricting CPUs from NR_CPUS=16 to nr_cpu_ids=4.
[    0.000000] RCU: Adjusting geometry for rcu_fanout_leaf=32, nr_cpu_ids=4
[    0.000000] NR_IRQS:16 nr_irqs:16 16
[    0.000000] /interrupt-controller@60004000: 160 interrupts forwarded to /interrupt-controller@50041000
[    0.000000] L2C: platform modifies aux control register: 0x02080000 -> 0x3e480001
[    0.000000] L2C: DT/platform modifies aux control register: 0x02080000 -> 0x3e480001
[    0.000000] L2C-310 erratum 769419 enabled
[    0.000000] L2C-310 enabling early BRESP for Cortex-A9
[    0.000000] L2C-310: enabling full line of zeros but not enabled in Cortex-A9
[    0.000000] L2C-310 dynamic clock gating enabled, standby mode enabled
[    0.000000] L2C-310 cache controller enabled, 8 ways, 1024 kB
[    0.000000] L2C-310: CACHE_ID 0x410000c7, AUX_CTRL 0x4e480001
[    0.000015] sched_clock: 32 bits at 1000kHz, resolution 1000ns, wraps every 2147483647500ns
[    0.000032] clocksource: timer_us: mask: 0xffffffff max_cycles: 0xffffffff, max_idle_ns: 1911260446275 ns
[    0.000041] Switching to timer-based delay loop, resolution 1000ns
[    0.002702] Console: colour dummy device 80x30
[    0.002727] Calibrating delay loop (skipped), value calculated using timer frequency.. 2.00 BogoMIPS (lpj=5000)
[    0.002736] pid_max: default: 32768 minimum: 301
[    0.002833] Mount-cache hash table entries: 2048 (order: 1, 8192 bytes)
[    0.002840] Mountpoint-cache hash table entries: 2048 (order: 1, 8192 bytes)
[    0.003262] CPU: Testing write buffer coherency: ok
[    0.003538] CPU0: thread -1, cpu 0, socket 0, mpidr 80000000
[    0.003606] Setting up static identity map for 0x80209000 - 0x80209098
[    0.005794] Tegra Revision: A03 SKU: 128 CPU Process: 4 SoC Process: 0
[    0.010349] CPU1: thread -1, cpu 1, socket 0, mpidr 80000001
[    0.015335] CPU2: thread -1, cpu 2, socket 0, mpidr 80000002
[    0.020337] CPU3: thread -1, cpu 3, socket 0, mpidr 80000003
[    0.020374] Brought up 4 CPUs
[    0.020387] SMP: Total of 4 processors activated (8.00 BogoMIPS).
[    0.020391] CPU: All CPU(s) started in SVC mode.
[    0.020828] devtmpfs: initialized
[    0.028880] VFP support v0.3: implementor 41 architecture 3 part 30 variant 9 rev 4
[    0.029583] clocksource: jiffies: mask: 0xffffffff max_cycles: 0xffffffff, max_idle_ns: 9556302231375000 ns
[    0.033122] pinctrl core: initialized pinctrl subsystem
[    0.034551] NET: Registered protocol family 16
[    0.036755] DMA: preallocated 256 KiB pool for atomic coherent allocations
[    0.049934] cpuidle: using governor ladder
[    0.064927] cpuidle: using governor menu
[    0.073055] No ATAGs?
[    0.073086] hw-breakpoint: found 5 (+1 reserved) breakpoint and 1 watchpoint registers.
[    0.073094] hw-breakpoint: maximum watchpoint size is 4 bytes.
[    0.075837] Serial: AMBA PL011 UART driver
[    0.076823] tegra-mc 7000f000.memory-controller: no memory timings for RAM code 3 registered
[    0.097883] vdd_5v_sata: Failed to request enable GPIO30: -517
[    0.097951] reg-fixed-voltage regulators:regulator@3: Failed to register regulator: -517
[    0.098052] usb1_vbus: Failed to request enable GPIO238: -517
[    0.098103] reg-fixed-voltage regulators:regulator@4: Failed to register regulator: -517
[    0.098204] usb3_vbus: Failed to request enable GPIO236: -517
[    0.098254] reg-fixed-voltage regulators:regulator@5: Failed to register regulator: -517
[    0.098399] sys_3v3_pexs: Failed to request enable GPIO95: -517
[    0.098450] reg-fixed-voltage regulators:regulator@7: Failed to register regulator: -517
[    0.100220] vgaarb: loaded
[    0.100667] SCSI subsystem initialized
[    0.100816] libata version 3.00 loaded.
[    0.101002] usbcore: registered new interface driver usbfs
[    0.101039] usbcore: registered new interface driver hub
[    0.101081] usbcore: registered new device driver usb
[    0.156692] pps_core: LinuxPPS API ver. 1 registered
[    0.156699] pps_core: Software ver. 5.3.6 - Copyright 2005-2007 Rodolfo Giometti <giometti@linux.it>
[    0.156715] PTP clock support registered
[    0.156869] EDAC MC: Ver: 3.0.0
[    0.158369] clocksource: Switched to clocksource timer_us
[    0.164410] NET: Registered protocol family 2
[    0.164838] TCP established hash table entries: 8192 (order: 3, 32768 bytes)
[    0.164892] TCP bind hash table entries: 8192 (order: 4, 65536 bytes)
[    0.164974] TCP: Hash tables configured (established 8192 bind 8192)
[    0.165058] UDP hash table entries: 512 (order: 2, 16384 bytes)
[    0.165123] UDP-Lite hash table entries: 512 (order: 2, 16384 bytes)
[    0.165303] NET: Registered protocol family 1
[    0.165558] RPC: Registered named UNIX socket transport module.
[    0.165564] RPC: Registered udp transport module.
[    0.165568] RPC: Registered tcp transport module.
[    0.165572] RPC: Registered tcp NFSv4.1 backchannel transport module.
[    0.165587] PCI: CLS 0 bytes, default 64
[    0.166267] hw perfevents: Failed to parse /pmu/interrupt-affinity[0]
[    0.166303] hw perfevents: enabled with armv7_cortex_a9 PMU driver, 7 counters available
[    0.167207] futex hash table entries: 1024 (order: 4, 65536 bytes)
[    0.173064] squashfs: version 4.0 (2009/01/31) Phillip Lougher
[    0.173584] NFS: Registering the id_resolver key type
[    0.173622] Key type id_resolver registered
[    0.173627] Key type id_legacy registered
[    0.173670] ntfs: driver 2.1.32 [Flags: R/O].
[    0.174281] bounce: pool size: 64 pages
[    0.174410] Block layer SCSI generic (bsg) driver version 0.4 loaded (major 249)
[    0.174423] io scheduler noop registered
[    0.174431] io scheduler deadline registered
[    0.174521] io scheduler cfq registered (default)
[    0.179504] tegra30-pinctrl 70000868.pinmux: invalid group "sdmmc3_dat6_pd3" for function "rsvd1"
[    0.179519] tegra30-pinctrl 70000868.pinmux: invalid group "sdmmc3_dat7_pd4" for function "rsvd1"
[    0.179534] tegra30-pinctrl 70000868.pinmux: invalid group "vi_vsync_pd6" for function "rsvd1"
[    0.179544] tegra30-pinctrl 70000868.pinmux: invalid group "vi_hsync_pd7" for function "rsvd1"
[    0.180004] tegra30-pinctrl 70000868.pinmux: invalid group "hdmi_int_pn7" for function "rsvd1"
[    0.180048] tegra30-pinctrl 70000868.pinmux: invalid group "ulpi_data3_po4" for function "rsvd1"
[    0.180369] tegra30-pinctrl 70000868.pinmux: invalid group "vi_d10_pt2" for function "rsvd1"
[    0.180383] tegra30-pinctrl 70000868.pinmux: invalid group "vi_d11_pt3" for function "rsvd1"
[    0.180396] tegra30-pinctrl 70000868.pinmux: invalid group "vi_d0_pt4" for function "rsvd1"
[    0.180436] tegra30-pinctrl 70000868.pinmux: invalid group "pu0" for function "rsvd1"
[    0.180466] tegra30-pinctrl 70000868.pinmux: invalid group "pu3" for function "rsvd1"
[    0.180496] tegra30-pinctrl 70000868.pinmux: invalid group "pu6" for function "rsvd1"
[    0.180537] tegra30-pinctrl 70000868.pinmux: invalid group "pv3" for function "rsvd1"
[    0.181020] tegra30-pinctrl 70000868.pinmux: invalid group "pbb0" for function "rsvd1"
[    0.181132] tegra30-pinctrl 70000868.pinmux: invalid group "pcc1" for function "rsvd1"
[    0.185345] tegra-pcie 3000.pcie-controller: 2x3 configuration
[    0.185451] vdd_1v5_gen: supplied by vdd_5v_in
[    0.185490] vdd_pexa,vdd_pexb: supplied by vdd_1v5_gen
[    0.185561] tegra-pcie 3000.pcie-controller: Failed to get supply 'hvdd-pex': -517
[    0.186636] tegra-ahb 6000c004.ahb: incorrect AHB base address in DT data - enabling workaround
[    0.189190] tegra-apbdma 6000a000.dma: Tegra20 APB DMA driver register 32 channels
[    0.190077] tegra-pmc 7000e400.pmc: i2c-thermtrip node not found, emergency thermal reset disabled.
[    0.222385] Serial: 8250/16550 driver, 4 ports, IRQ sharing disabled
[    0.223936] SuperH (H)SCI(F) driver initialized
[    0.224499] msm_serial: driver initialized
[    0.225055] console [ttyS0] disabled
[    0.225093] 70006000.serial: ttyS0 at MMIO 0x70006000 (irq = 331, base_baud = 25500000) is a Tegra
[    1.172733] console [ttyS0] enabled
[    1.176718] STMicroelectronics ASC driver initialized
[    1.183270] [drm] Initialized drm 1.1.0 20060810
[    1.189224] reg-fixed-voltage regulators:regulator@8: Failed to resolve vin-supply for +VDD_5V_HDMI
[    1.198263] tegra-hdmi 54280000.hdmi: failed to get HDMI regulator
[    1.208985] loop: module loaded
[    1.216620] m25p80 spi32766.1: w25q32 (4096 Kbytes)
[    1.223248] CAN device driver interface
[    1.227829] igb: Intel(R) Gigabit Ethernet Network Driver - version 5.2.18-k
[    1.234871] igb: Copyright (c) 2007-2014 Intel Corporation.
[    1.242092] pegasus: v0.9.3 (2013/04/25), Pegasus/Pegasus II USB Ethernet driver
[    1.249527] usbcore: registered new interface driver pegasus
[    1.255221] usbcore: registered new interface driver asix
[    1.260640] usbcore: registered new interface driver ax88179_178a
[    1.266752] usbcore: registered new interface driver cdc_ether
[    1.272618] usbcore: registered new interface driver smsc75xx
[    1.278405] usbcore: registered new interface driver smsc95xx
[    1.284169] usbcore: registered new interface driver net1080
[    1.289846] usbcore: registered new interface driver cdc_subset
[    1.295783] usbcore: registered new interface driver zaurus
[    1.301408] usbcore: registered new interface driver cdc_ncm
[    1.308500] ehci_hcd: USB 2.0 'Enhanced' Host Controller (EHCI) Driver
[    1.315024] ehci-pci: EHCI PCI platform driver
[    1.319501] ehci-platform: EHCI generic platform driver
[    1.324847] ehci-omap: OMAP-EHCI Host Controller driver
[    1.330147] ehci-orion: EHCI orion driver
[    1.334238] SPEAr-ehci: EHCI SPEAr driver
[    1.338315] ehci-st: EHCI STMicroelectronics driver
[    1.343268] ehci-exynos: EHCI EXYNOS driver
[    1.347542] ehci-atmel: EHCI Atmel driver
[    1.351637] tegra-ehci: Tegra EHCI driver
[    1.355963] ohci_hcd: USB 1.1 'Open' Host Controller (OHCI) Driver
[    1.362152] ohci-pci: OHCI PCI platform driver
[    1.366628] ohci-platform: OHCI generic platform driver
[    1.371952] ohci-omap3: OHCI OMAP3 driver
[    1.376045] SPEAr-ohci: OHCI SPEAr driver
[    1.380134] ohci-st: OHCI STMicroelectronics driver
[    1.385085] ohci-atmel: OHCI Atmel driver
[    1.389214] usbcore: registered new interface driver usb-storage
[    1.396095] mousedev: PS/2 mouse device common for all mice
[    1.403885] tegra_rtc 7000e000.rtc: rtc core: registered 7000e000.rtc as rtc1
[    1.411051] tegra_rtc 7000e000.rtc: Tegra internal Real Time Clock
[    1.429758] tps65910-rtc tps65910-rtc: rtc core: registered tps65910-rtc as rtc0
[    1.437364] i2c /dev entries driver
[    1.445451] sdhci: Secure Digital Host Controller Interface driver
[    1.451626] sdhci: Copyright(c) Pierre Ossman
[    1.456890] Synopsys Designware Multimedia Card Interface Driver
[    1.463541] sdhci-pltfm: SDHCI platform and OF driver helper
[    1.469673] sdhci-tegra 78000000.sdhci: Got CD GPIO
[    1.474559] sdhci-tegra 78000000.sdhci: Got WP GPIO
[    1.480566] sdhci-tegra 78000000.sdhci: No vmmc regulator found
[    1.486481] sdhci-tegra 78000000.sdhci: No vqmmc regulator found
[    1.492480] mmc0: Invalid maximum block size, assuming 512 bytes
[    1.533447] mmc0: SDHCI controller on 78000000.sdhci [78000000.sdhci] using ADMA
[    1.542032] sdhci-tegra 78000600.sdhci: No vmmc regulator found
[    1.547949] sdhci-tegra 78000600.sdhci: No vqmmc regulator found
[    1.553948] mmc1: Invalid maximum block size, assuming 512 bytes
[    1.598376] mmc1: SDHCI controller on 78000600.sdhci [78000600.sdhci] using ADMA
[    1.606601] ledtrig-cpu: registered to indicate activity on CPUs
[    1.612735] usbcore: registered new interface driver usbhid
[    1.618301] usbhid: USB HID core driver
[    1.624386] NET: Registered protocol family 17
[    1.628857] can: controller area network core (rev 20120528 abi 9)
[    1.637087] NET: Registered protocol family 29
[    1.641537] can: raw protocol (rev 20120528)
[    1.647809] can: broadcast manager protocol (rev 20120528 t)
[    1.653472] can: netlink gateway (rev 20130117) max_hops=1
[    1.659235] Key type dns_resolver registered
[    1.663882] ThumbEE CPU extension supported.
[    1.668148] Registering SWP/SWPB emulation handler
[    1.701562] tegra-pcie 3000.pcie-controller: 2x3 configuration
[    1.707527] sys_3v3,vdd_3v3_alw: supplied by vdd_5v_in
[    1.712685] sys_3v3_pexs: supplied by sys_3v3,vdd_3v3_alw
[    1.721436] tegra-pcie 3000.pcie-controller: probing port 0, using 2 lanes
[    1.759611] mmc1: new high speed MMC card at address 0001
[    1.766038] mmcblk0: mmc1:0001 SEM16G 14.8 GiB 
[    1.771409] mmcblk0boot0: mmc1:0001 SEM16G partition 1 1.00 MiB
[    1.778178] mmcblk0boot1: mmc1:0001 SEM16G partition 2 1.00 MiB
[    1.784933] mmcblk0rpmb: mmc1:0001 SEM16G partition 3 128 KiB
[    1.786612] tegra-pcie 3000.pcie-controller: probing port 2, using 2 lanes
[    1.801808] Primary GPT is invalid, using alternate GPT.
[    1.807130]  mmcblk0: p1 p2 p3 p4 p5
[    2.190165] tegra-pcie 3000.pcie-controller: link 2 down, retrying
[    2.600089] tegra-pcie 3000.pcie-controller: link 2 down, retrying
[    3.009981] tegra-pcie 3000.pcie-controller: link 2 down, retrying
[    3.018164] tegra-pcie 3000.pcie-controller: link 2 down, ignoring
[    3.024477] tegra-pcie 3000.pcie-controller: PCI host bridge to bus 0000:00
[    3.031438] pci_bus 0000:00: root bus resource [mem 0x20000000-0x27ffffff]
[    3.038303] pci_bus 0000:00: root bus resource [mem 0x28000000-0x3fffffff pref]
[    3.045603] pci_bus 0000:00: root bus resource [bus 00-ff]
[    3.051080] pci_bus 0000:00: root bus resource [io  0x1000-0xffff]
[    3.057272] pci 0000:00:01.0: [10de:0e1c] type 01 class 0x060400
[    3.063301] pci 0000:00:01.0: IOMMU is currently not supported for PCI
[    3.069848] pci 0000:00:01.0: PME# supported from D0 D1 D2 D3hot D3cold
[    3.076597] PCI: bus0: Fast back to back transfers disabled
[    3.082167] pci 0000:00:01.0: bridge configuration invalid ([bus 00-00]), reconfiguring
[    3.090260] pci 0000:01:00.0: [10ec:8168] type 00 class 0x020000
[    3.096290] pci 0000:01:00.0: reg 0x10: [io  0x0000-0x00ff]
[    3.101869] pci 0000:01:00.0: reg 0x18: [mem 0x00000000-0x00000fff 64bit pref]
[    3.109088] pci 0000:01:00.0: reg 0x20: [mem 0x00000000-0x00003fff 64bit pref]
[    3.116309] pci 0000:01:00.0: IOMMU is currently not supported for PCI
[    3.122860] pci 0000:01:00.0: supports D1 D2
[    3.127129] pci 0000:01:00.0: PME# supported from D0 D1 D2 D3hot D3cold
[    3.143392] PCI: bus1: Fast back to back transfers disabled
[    3.148963] pci_bus 0000:01: busn_res: [bus 01-ff] end is updated to 01
[    3.155628] pci 0000:00:01.0: BAR 9: assigned [mem 0x28000000-0x280fffff 64bit pref]
[    3.163367] pci 0000:00:01.0: BAR 7: assigned [io  0x1000-0x1fff]
[    3.169455] pci 0000:01:00.0: BAR 4: assigned [mem 0x28000000-0x28003fff 64bit pref]
[    3.177197] pci 0000:01:00.0: BAR 2: assigned [mem 0x28004000-0x28004fff 64bit pref]
[    3.184937] pci 0000:01:00.0: BAR 0: assigned [io  0x1000-0x10ff]
[    3.191023] pci 0000:00:01.0: PCI bridge to [bus 01]
[    3.195981] pci 0000:00:01.0:   bridge window [io  0x1000-0x1fff]
[    3.202066] pci 0000:00:01.0:   bridge window [mem 0x28000000-0x280fffff 64bit pref]
[    3.209809] pci 0000:00:01.0: nv_msi_ht_cap_quirk didn't locate host bridge
[    3.216860] pcieport 0000:00:01.0: enabling device (0140 -> 0143)
[    3.223096] pcieport 0000:00:01.0: Signaling PME through PCIe PME interrupt
[    3.230052] pci 0000:01:00.0: Signaling PME through PCIe PME interrupt
[    3.236571] pcie_pme 0000:00:01.0:pcie01: service driver pcie_pme loaded
[    3.243436] r8169 Gigabit Ethernet driver 2.3LK-NAPI loaded
[    3.249017] r8169 0000:01:00.0: enabling device (0140 -> 0143)
[    3.255514] r8169 0000:01:00.0 eth0: RTL8168evl/8111evl at 0xf00d6000, 02:04:4b:01:60:a6, XID 0c900800 IRQ 375
[    3.265509] r8169 0000:01:00.0 eth0: jumbo features [frames: 9200 bytes, tx checksumming: ko]
[    3.274792] +VDD_5V_HDMI: supplied by sys_3v3,vdd_3v3_alw
[    3.280279] vdd_1v8_gen: supplied by vdd_5v_in
[    3.286833] [drm] Supports vblank timestamp caching Rev 2 (21.10.2013).
[    3.293465] [drm] No driver support for vblank timestamp query.
[    3.299400] drm drm: No connectors reported connected with modes
[    3.305415] [drm] Cannot find any crtc or sizes - going 1024x768
[    3.332039] Console: switching to colour frame buffer device 128x48
[    3.344551] drm drm: fb0:  frame buffer device
[    3.348994] drm drm: registered panic notifier
[    3.368384] [drm] Initialized tegra 0.0.0 20120330 on minor 0
[    3.376757] usb3_vbus: supplied by vdd_5v_in
[    3.383132] utmi_phy_clk_enable: timeout waiting for phy to stabilize
[    3.389599] tegra-ehci 7d004000.usb: EHCI Host Controller
[    3.395007] tegra-ehci 7d004000.usb: new USB bus registered, assigned bus number 1
[    3.403658] tegra-ehci 7d004000.usb: irq 343, io mem 0x7d004000
[    3.418384] tegra-ehci 7d004000.usb: USB 2.0 started, EHCI 1.00
[    3.424818] hub 1-0:1.0: USB hub found
[    3.428608] hub 1-0:1.0: 1 port detected
[    3.433452] tegra-ehci 7d008000.usb: EHCI Host Controller
[    3.438862] tegra-ehci 7d008000.usb: new USB bus registered, assigned bus number 2
[    3.446634] tegra-ehci 7d008000.usb: irq 344, io mem 0x7d008000
[    3.458382] tegra-ehci 7d008000.usb: USB 2.0 started, EHCI 1.00
[    3.464732] hub 2-0:1.0: USB hub found
[    3.468508] hub 2-0:1.0: 1 port detected
[    3.477511] tps65910-rtc tps65910-rtc: setting system clock to 2000-01-01 00:00:02 UTC (946684802)
[    3.491473] usb1_vbus: disabling
[    3.494771] vdd_sata,avdd_plle: disabling
[    3.500962] EXT4-fs (mmcblk0p1): mounting ext3 file system using the ext4 subsystem
[    3.516757] EXT4-fs (mmcblk0p1): warning: mounting fs with errors, running e2fsck is recommended
[    3.527025] EXT4-fs (mmcblk0p1): recovery complete
[    3.531834] EXT4-fs (mmcblk0p1): mounted filesystem with ordered data mode. Opts: (null)
[    3.539953] VFS: Mounted root (ext3 filesystem) on device 179:1.
[    3.555463] devtmpfs: mounted
[    3.559265] Freeing unused kernel memory: 960K (c0d1e000 - c0e0e000)
bash: cannot set terminal process group (-1): Inappropriate ioctl for device
bash: no job control in this shell
root@(none):/# [    3.778392] usb 2-1: new high-speed USB device number 2 using tegra-ehci
