[    0.000000] Booting Linux on physical CPU 0x0
[    0.000000] Linux version 4.12.0-rc1-289134-ge99b6f1 (jonathanh@tamien) (gcc version 4.9.2 20140904 (prerelease) (crosstool-NG linaro-1.13.1-4.9-2014.09 - Linaro GCC 4.9-2014.09) ) #1 SMP PREEMPT Tue May 30 04:14:02 PDT 2017
[    0.000000] Boot CPU: AArch64 Processor [411fd070]
[    0.000000] Machine model: linux,dummy-virt
[    0.000000] Memory limited to 1024MB
[    0.000000] efi: Getting EFI parameters from FDT:
[    0.000000] efi: UEFI not found.
[    0.000000] cma: Reserved 16 MiB at 0x000000007f000000
[    0.000000] NUMA: No NUMA configuration found
[    0.000000] NUMA: Faking a node at [mem 0x0000000000000000-0x000000007fffffff]
[    0.000000] NUMA: Adding memblock [0x40000000 - 0x7fffffff] on node 0
[    0.000000] NUMA: Initmem setup node 0 [mem 0x40000000-0x7fffffff]
[    0.000000] NUMA: NODE_DATA [mem 0x7efeae80-0x7efec97f]
[    0.000000] Zone ranges:
[    0.000000]   DMA      [mem 0x0000000040000000-0x000000007fffffff]
[    0.000000]   Normal   empty
[    0.000000] Movable zone start for each node
[    0.000000] Early memory node ranges
[    0.000000]   node   0: [mem 0x0000000040000000-0x000000007fffffff]
[    0.000000] Initmem setup node 0 [mem 0x0000000040000000-0x000000007fffffff]
[    0.000000] psci: probing for conduit method from DT.
[    0.000000] psci: PSCIv0.2 detected in firmware.
[    0.000000] psci: Using standard PSCI v0.2 function IDs
[    0.000000] psci: Trusted OS migration not required
[    0.000000] percpu: Embedded 24 pages/cpu @ffff80003efcf000 s59264 r8192 d30848 u98304
[    0.000000] Detected PIPT I-cache on CPU0
[    0.000000] CPU features: enabling workaround for ARM erratum 832075
[    0.000000] CPU features: enabling workaround for ARM erratum 834220
[    0.000000] Built 1 zonelists in Node order, mobility grouping on.  Total pages: 258048
[    0.000000] Policy zone: DMA
[    0.000000] Kernel command line: root=/dev/vda2 rw rootwait mem=1024M console=ttyAMA0,38400n8 init=/bin/bash
[    0.000000] PID hash table entries: 4096 (order: 3, 32768 bytes)
[    0.000000] Memory: 999796K/1048576K available (8828K kernel code, 1088K rwdata, 4256K rodata, 1088K init, 406K bss, 32396K reserved, 16384K cma-reserved)
[    0.000000] Virtual kernel memory layout:
[    0.000000]     modules : 0xffff000000000000 - 0xffff000008000000   (   128 MB)
[    0.000000]     vmalloc : 0xffff000008000000 - 0xffff7dffbfff0000   (129022 GB)
[    0.000000]       .text : 0xffff000008080000 - 0xffff000008920000   (  8832 KB)
[    0.000000]     .rodata : 0xffff000008920000 - 0xffff000008d50000   (  4288 KB)
[    0.000000]       .init : 0xffff000008d50000 - 0xffff000008e60000   (  1088 KB)
[    0.000000]       .data : 0xffff000008e60000 - 0xffff000008f70200   (  1089 KB)
[    0.000000]        .bss : 0xffff000008f70200 - 0xffff000008fd5bc0   (   407 KB)
[    0.000000]     fixed   : 0xffff7dfffe7fd000 - 0xffff7dfffec00000   (  4108 KB)
[    0.000000]     PCI I/O : 0xffff7dfffee00000 - 0xffff7dffffe00000   (    16 MB)
[    0.000000]     vmemmap : 0xffff7e0000000000 - 0xffff800000000000   (  2048 GB maximum)
[    0.000000]               0xffff7e0000000000 - 0xffff7e0001000000   (    16 MB actual)
[    0.000000]     memory  : 0xffff800000000000 - 0xffff800040000000   (  1024 MB)
[    0.000000] SLUB: HWalign=64, Order=0-3, MinObjects=0, CPUs=1, Nodes=1
[    0.000000] Preemptible hierarchical RCU implementation.
[    0.000000] 	RCU restricting CPUs from NR_CPUS=64 to nr_cpu_ids=1.
[    0.000000] RCU: Adjusting geometry for rcu_fanout_leaf=16, nr_cpu_ids=1
[    0.000000] NR_IRQS:64 nr_irqs:64 0
[    0.000000] GICv2m: range[mem 0x08020000-0x08020fff], SPI[80:143]
[    0.000000] arch_timer: WARNING: Invalid trigger for IRQ3, assuming level low
[    0.000000] arch_timer: WARNING: Please fix your firmware
[    0.000000] arch_timer: cp15 timer(s) running at 62.50MHz (virt).
[    0.000000] clocksource: arch_sys_counter: mask: 0xffffffffffffff max_cycles: 0x1cd42e208c, max_idle_ns: 881590405314 ns
[    0.000167] sched_clock: 56 bits at 62MHz, resolution 16ns, wraps every 4398046511096ns
[    0.006977] Console: colour dummy device 80x25
[    0.008252] Calibrating delay loop (skipped), value calculated using timer frequency.. 125.00 BogoMIPS (lpj=250000)
[    0.008450] pid_max: default: 32768 minimum: 301
[    0.009907] Security Framework initialized
[    0.011532] Dentry cache hash table entries: 131072 (order: 8, 1048576 bytes)
[    0.013872] Inode-cache hash table entries: 65536 (order: 7, 524288 bytes)
[    0.014975] Mount-cache hash table entries: 2048 (order: 2, 16384 bytes)
[    0.015050] Mountpoint-cache hash table entries: 2048 (order: 2, 16384 bytes)
[    0.059357] ASID allocator initialised with 65536 entries
[    0.089252] EFI services will not be available.
[    0.107476] smp: Bringing up secondary CPUs ...
[    0.107676] smp: Brought up 1 node, 1 CPU
[    0.107754] SMP: Total of 1 processors activated.
[    0.107935] CPU features: detected feature: 32-bit EL0 Support
[    0.108863] CPU: All CPU(s) started at EL1
[    0.110014] alternatives: patching kernel code
[    0.132488] devtmpfs: initialized
[    0.145112] DMI not present or invalid.
[    0.146947] clocksource: jiffies: mask: 0xffffffff max_cycles: 0xffffffff, max_idle_ns: 7645041785100000 ns
[    0.147138] futex hash table entries: 256 (order: 3, 32768 bytes)
[    0.150788] pinctrl core: initialized pinctrl subsystem
[    0.188610] NET: Registered protocol family 16
[    0.213843] cpuidle: using governor menu
[    0.215755] vdso: 2 pages (1 code @ ffff000008927000, 1 data @ ffff000008e65000)
[    0.216079] hw-breakpoint: found 6 breakpoint and 4 watchpoint registers.
[    0.226208] DMA: preallocated 256 KiB pool for atomic allocations
[    0.230830] Serial: AMBA PL011 UART driver
[    0.299098] 9000000.pl011: ttyAMA0 at MMIO 0x9000000 (irq = 39, base_baud = 0) is a PL011 rev1
[    0.326479] console [ttyAMA0] enabled
[    0.333195] irq: type mismatch, failed to map hwirq-27 for /intc!
[    0.508498] HugeTLB registered 2 MB page size, pre-allocated 0 pages
[    0.529884] ACPI: Interpreter disabled.
[    0.546181] vgaarb: loaded
[    0.550197] SCSI subsystem initialized
[    0.558123] usbcore: registered new interface driver usbfs
[    0.561794] usbcore: registered new interface driver hub
[    0.563097] usbcore: registered new device driver usb
[    0.573043] pps_core: LinuxPPS API ver. 1 registered
[    0.573333] pps_core: Software ver. 5.3.6 - Copyright 2005-2007 Rodolfo Giometti <giometti@linux.it>
[    0.574932] PTP clock support registered
[    0.578516] dmi: Firmware registration failed.
[    0.581421] Advanced Linux Sound Architecture Driver Initialized.
[    0.596121] clocksource: Switched to clocksource arch_sys_counter
[    0.597638] VFS: Disk quotas dquot_6.6.0
[    0.598241] VFS: Dquot-cache hash table entries: 512 (order 0, 4096 bytes)
[    0.604630] pnp: PnP ACPI: disabled
[    0.690115] NET: Registered protocol family 2
[    0.697305] TCP established hash table entries: 8192 (order: 4, 65536 bytes)
[    0.698074] TCP bind hash table entries: 8192 (order: 5, 131072 bytes)
[    0.698983] TCP: Hash tables configured (established 8192 bind 8192)
[    0.700957] UDP hash table entries: 512 (order: 2, 16384 bytes)
[    0.701512] UDP-Lite hash table entries: 512 (order: 2, 16384 bytes)
[    0.703406] NET: Registered protocol family 1
[    0.715129] RPC: Registered named UNIX socket transport module.
[    0.715493] RPC: Registered udp transport module.
[    0.715747] RPC: Registered tcp transport module.
[    0.716582] RPC: Registered tcp NFSv4.1 backchannel transport module.
[    0.729152] kvm [1]: HYP mode not available
[    0.747491] audit: initializing netlink subsys (disabled)
[    0.751786] audit: type=2000 audit(0.706:1): state=initialized audit_enabled=0 res=1
[    0.755013] workingset: timestamp_bits=44 max_order=18 bucket_order=0
[    0.842507] squashfs: version 4.0 (2009/01/31) Phillip Lougher
[    0.854097] NFS: Registering the id_resolver key type
[    0.855320] Key type id_resolver registered
[    0.855623] Key type id_legacy registered
[    0.856877] nfs4filelayout_init: NFSv4 File Layout Driver Registering...
[    0.858741] 9p: Installing v9fs 9p2000 file system support
[    0.879414] Block layer SCSI generic (bsg) driver version 0.4 loaded (major 247)
[    0.880456] io scheduler noop registered
[    0.882135] io scheduler cfq registered (default)
[    0.882422] io scheduler mq-deadline registered
[    0.882673] io scheduler kyber registered
[    0.935831] pl061_gpio 9030000.pl061: PL061 GPIO chip @0x0000000009030000 registered
[    0.949183] OF: PCI: host bridge /pcie@10000000 ranges:
[    0.949889] OF: PCI:    IO 0x3eff0000..0x3effffff -> 0x00000000
[    0.950493] OF: PCI:   MEM 0x10000000..0x3efeffff -> 0x10000000
[    0.950838] OF: PCI:   MEM 0x8000000000..0xffffffffff -> 0x8000000000
[    0.951753] pci-host-generic 3f000000.pcie: ECAM at [mem 0x3f000000-0x3fffffff] for [bus 00-0f]
[    0.954522] pci-host-generic 3f000000.pcie: PCI host bridge to bus 0000:00
[    0.955067] pci_bus 0000:00: root bus resource [bus 00-0f]
[    0.955430] pci_bus 0000:00: root bus resource [io  0x0000-0xffff]
[    0.955750] pci_bus 0000:00: root bus resource [mem 0x10000000-0x3efeffff]
[    0.956428] pci_bus 0000:00: root bus resource [mem 0x8000000000-0xffffffffff]
[    1.023836] xenfs: not registering filesystem on non-xen platform
[    1.069974] Serial: 8250/16550 driver, 4 ports, IRQ sharing enabled
[    1.087653] SuperH (H)SCI(F) driver initialized
[    1.091371] msm_serial: driver initialized
[    1.099424] cacheinfo: Unable to detect cache hierarchy for CPU 0
[    1.193228] loop: module loaded
[    1.243516]  vda: vda1 vda2
[    1.263707] hisi_sas: driver version v1.6
[    1.297186] libphy: Fixed MDIO Bus: probed
[    1.303011] tun: Universal TUN/TAP device driver, 1.6
[    1.325256] e1000e: Intel(R) PRO/1000 Network Driver - 3.2.6-k
[    1.325529] e1000e: Copyright(c) 1999 - 2015 Intel Corporation.
[    1.326513] igb: Intel(R) Gigabit Ethernet Network Driver - version 5.4.0-k
[    1.326869] igb: Copyright (c) 2007-2014 Intel Corporation.
[    1.328593] igbvf: Intel(R) Gigabit Virtual Function Network Driver - version 2.4.0-k
[    1.328989] igbvf: Copyright (c) 2009 - 2012 Intel Corporation.
[    1.333642] sky2: driver version 1.30
[    1.339378] VFIO - User Level meta-driver version: 0.3
[    1.359118] ehci_hcd: USB 2.0 'Enhanced' Host Controller (EHCI) Driver
[    1.359654] ehci-pci: EHCI PCI platform driver
[    1.362205] ehci-platform: EHCI generic platform driver
[    1.363798] ehci-orion: EHCI orion driver
[    1.365730] ehci-exynos: EHCI EXYNOS driver
[    1.367032] ehci-msm: Qualcomm On-Chip EHCI Host Controller
[    1.368954] ohci_hcd: USB 1.1 'Open' Host Controller (OHCI) Driver
[    1.369380] ohci-pci: OHCI PCI platform driver
[    1.370449] ohci-platform: OHCI generic platform driver
[    1.371596] ohci-exynos: OHCI EXYNOS driver
[    1.377747] usbcore: registered new interface driver usb-storage
[    1.399549] rtc-pl031 9010000.pl031: rtc core: registered pl031 as rtc0
[    1.407288] i2c /dev entries driver
[    1.441107] sdhci: Secure Digital Host Controller Interface driver
[    1.441453] sdhci: Copyright(c) Pierre Ossman
[    1.445681] Synopsys Designware Multimedia Card Interface Driver
[    1.454280] sdhci-pltfm: SDHCI platform and OF driver helper
[    1.466482] ledtrig-cpu: registered to indicate activity on CPUs
[    1.481087] usbcore: registered new interface driver usbhid
[    1.481350] usbhid: USB HID core driver
[    1.502799] NET: Registered protocol family 17
[    1.504983] 9pnet: Installing 9P2000 support
[    1.505792] Key type dns_resolver registered
[    1.510684] registered taskstats version 1
[    1.520549] input: gpio-keys as /devices/platform/gpio-keys/input/input0
[    1.524855] rtc-pl031 9010000.pl031: setting system clock to 2017-05-30 11:14:46 UTC (1496142886)
[    1.526806] ALSA device list:
[    1.527028]   No soundcards found.
[    1.531149] uart-pl011 9000000.pl011: no DMA platform data
[    1.538012] EXT4-fs (vda2): couldn't mount as ext3 due to feature incompatibilities
[    1.594798] EXT4-fs (vda2): recovery complete
[    1.597075] EXT4-fs (vda2): mounted filesystem with ordered data mode. Opts: (null)
[    1.598150] VFS: Mounted root (ext4 filesystem) on device 254:2.
[    1.603362] devtmpfs: mounted
[    1.650647] Freeing unused kernel memory: 1088K
bash: cannot set terminal process group (-1): Inappropriate ioctl for device
bash: no job control in this shell
bash-4.3# 