
U-Boot SPL 2014.01-00219-gc4d376f (Feb 18 2014 - 19:57:32)


U-Boot 2014.01-00219-gc4d376f (Feb 18 2014 - 19:57:32)

TEGRA114
Board: NVIDIA Dalmore
I2C:   ready
DRAM:  2 GiB
MMC:   Tegra SD/MMC: 0, Tegra SD/MMC: 1
In:    serial
Out:   serial
Err:   serial
Net:   Net Initialization Skipped
No ethernet found.
Hit any key to stop autoboot:  2  0 
Tegra114 (Dalmore) # 
Tegra114 (Dalmore) # usb reset
(Re)start USB...
USB0:   USB EHCI 1.10
scanning bus 0 for devices... 2 USB Device(s) found
       scanning usb for storage devices... 0 Storage Device(s) found
       scanning usb for ethernet devices... 
Warning: asx0 using MAC address from net device
1 Ethernet Device(s) found
Tegra114 (Dalmore) # setenv bootargs 'ignore_loglevel console=ttyS0,115200n8 rw root=PARTUUID=7369c667-ff51-ec4a-29cd-baabf2fbe346 rootwait gpt debug earlyprintk init=/bin/bash'
Tegra114 (Dalmore) # setenv ipaddr 192.168.100.100; setenv serverip 192.168.100.1; setenv tftpserverip 192.168.100.1
Tegra114 (Dalmore) # tftpboot 0x81000000 zImage.multi_v7_defconfig
Using asx0 device
TFTP from server 192.168.100.1; our IP address is 192.168.100.100
Filename 'zImage.multi_v7_defconfig'.
Load address: 0x81000000
Loading: *#################################################################
	 #################################################################
	 #################################################################
	 #################################################################
	 #################################################################
	 #################################################################
	 ####################################################
	 3.1 MiB/s
done
Bytes transferred = 6477160 (62d568 hex)
Tegra114 (Dalmore) # tftpboot 0x82000000 tegra114-dalmore.dtb
Using asx0 device
TFTP from server 192.168.100.1; our IP address is 192.168.100.100
Filename 'tegra114-dalmore.dtb'.
Load address: 0x82000000
Loading: *###
	 2.8 MiB/s
done
Bytes transferred = 34894 (884e hex)
Tegra114 (Dalmore) # bootz 0x81000000 - 0x82000000
Kernel image @ 0x81000000 [ 0x000000 - 0x62d568 ]
## Flattened Device Tree blob at 82000000
   Booting using the fdt blob at 0x82000000
   Loading Device Tree to 8fff4000, end 8ffff84d ... OK

Starting kernel ...

[    0.000000] Booting Linux on physical CPU 0x0
[    0.000000] Linux version 4.3.0-75599-gbd4f203 (pwalmsley@tamien) (gcc version 4.7.3 20130328 (prerelease) (crosstool-NG linaro-1.13.1-4.7-2013.04-20130415 - Linaro GCC 2013.04) ) #1 SMP Thu Apr 28 02:05:35 PDT 2016
[    0.000000] CPU: ARMv7 Processor [412fc0f2] revision 2 (ARMv7), cr=10c5387d
[    0.000000] CPU: PIPT / VIPT nonaliasing data cache, PIPT instruction cache
[    0.000000] Machine model: NVIDIA Tegra114 Dalmore evaluation board
[    0.000000] debug: ignoring loglevel setting.
[    0.000000] cma: Reserved 64 MiB at 0xfb800000
[    0.000000] Memory policy: Data cache writealloc
[    0.000000] On node 0 totalpages: 524032
[    0.000000] free_area_init_node: node 0, pgdat c0f982c0, node_mem_map eeff8000
[    0.000000]   DMA zone: 1536 pages used for memmap
[    0.000000]   DMA zone: 0 pages reserved
[    0.000000]   DMA zone: 196608 pages, LIFO batch:31
[    0.000000]   HighMem zone: 327424 pages, LIFO batch:31
[    0.000000] PERCPU: Embedded 12 pages/cpu @eefa3000 s19136 r8192 d21824 u49152
[    0.000000] pcpu-alloc: s19136 r8192 d21824 u49152 alloc=12*4096
[    0.000000] pcpu-alloc: [0] 0 [0] 1 [0] 2 [0] 3 
[    0.000000] Built 1 zonelists in Zone order, mobility grouping on.  Total pages: 522496
[    0.000000] Kernel command line: ignore_loglevel console=ttyS0,115200n8 rw root=PARTUUID=7369c667-ff51-ec4a-29cd-baabf2fbe346 rootwait gpt debug earlyprintk init=/bin/bash
[    0.000000] PID hash table entries: 4096 (order: 2, 16384 bytes)
[    0.000000] Dentry cache hash table entries: 131072 (order: 7, 524288 bytes)
[    0.000000] Inode-cache hash table entries: 65536 (order: 6, 262144 bytes)
[    0.000000] Memory: 1998760K/2096128K available (8156K kernel code, 1032K rwdata, 3660K rodata, 1040K init, 340K bss, 31832K reserved, 65536K cma-reserved, 1244160K highmem)
[    0.000000] Virtual kernel memory layout:
[    0.000000]     vector  : 0xffff0000 - 0xffff1000   (   4 kB)
[    0.000000]     fixmap  : 0xffc00000 - 0xfff00000   (3072 kB)
[    0.000000]     vmalloc : 0xf0800000 - 0xff800000   ( 240 MB)
[    0.000000]     lowmem  : 0xc0000000 - 0xf0000000   ( 768 MB)
[    0.000000]     pkmap   : 0xbfe00000 - 0xc0000000   (   2 MB)
[    0.000000]     modules : 0xbf000000 - 0xbfe00000   (  14 MB)
[    0.000000]       .text : 0xc0208000 - 0xc0d932ac   (11821 kB)
[    0.000000]       .init : 0xc0d94000 - 0xc0e98000   (1040 kB)
[    0.000000]       .data : 0xc0e98000 - 0xc0f9a220   (1033 kB)
[    0.000000]        .bss : 0xc0f9d000 - 0xc0ff23a8   ( 341 kB)
[    0.000000] SLUB: HWalign=64, Order=0-3, MinObjects=0, CPUs=4, Nodes=1
[    0.000000] Hierarchical RCU implementation.
[    0.000000] 	Build-time adjustment of leaf fanout to 32.
[    0.000000] 	RCU restricting CPUs from NR_CPUS=16 to nr_cpu_ids=4.
[    0.000000] RCU: Adjusting geometry for rcu_fanout_leaf=32, nr_cpu_ids=4
[    0.000000] NR_IRQS:16 nr_irqs:16 16
[    0.000000] /interrupt-controller@60004000: 160 interrupts forwarded to /interrupt-controller@50041000
[    0.000000] L2C: failed to init: -19
[    0.000010] sched_clock: 32 bits at 1000kHz, resolution 1000ns, wraps every 2147483647500ns
[    0.000029] clocksource: timer_us: mask: 0xffffffff max_cycles: 0xffffffff, max_idle_ns: 1911260446275 ns
[    0.000044] Switching to timer-based delay loop, resolution 1000ns
[    0.002842] Architected cp15 timer(s) running at 12.00MHz (virt).
[    0.002861] clocksource: arch_sys_counter: mask: 0xffffffffffffff max_cycles: 0x2c47f4ee7, max_idle_ns: 440795202497 ns
[    0.002879] sched_clock: 56 bits at 12MHz, resolution 83ns, wraps every 4398046511096ns
[    0.002892] Switching to timer-based delay loop, resolution 83ns
[    0.003253] Console: colour dummy device 80x30
[    0.003278] Calibrating delay loop (skipped), value calculated using timer frequency.. 24.00 BogoMIPS (lpj=60000)
[    0.003293] pid_max: default: 32768 minimum: 301
[    0.003403] Mount-cache hash table entries: 2048 (order: 1, 8192 bytes)
[    0.003415] Mountpoint-cache hash table entries: 2048 (order: 1, 8192 bytes)
[    0.004023] CPU: Testing write buffer coherency: ok
[    0.004241] /cpus/cpu@0 missing clock-frequency property
[    0.004269] /cpus/cpu@1 missing clock-frequency property
[    0.004297] /cpus/cpu@2 missing clock-frequency property
[    0.004326] /cpus/cpu@3 missing clock-frequency property
[    0.004339] CPU0: thread -1, cpu 0, socket 0, mpidr 80000000
[    0.004384] Setting up static identity map for 0x80209000 - 0x80209098
[    0.006660] Tegra Revision: A01 SKU: 0 CPU Process: 1 SoC Process: 0
[    0.007874] CPU1: thread -1, cpu 1, socket 0, mpidr 80000001
[    0.008424] CPU2: thread -1, cpu 2, socket 0, mpidr 80000002
[    0.008964] CPU3: thread -1, cpu 3, socket 0, mpidr 80000003
[    0.009033] Brought up 4 CPUs
[    0.009055] SMP: Total of 4 processors activated (96.00 BogoMIPS).
[    0.009063] CPU: All CPU(s) started in SVC mode.
[    0.010492] devtmpfs: initialized
[    0.021314] VFP support v0.3: implementor 41 architecture 4 part 30 variant f rev 0
[    0.021946] clocksource: jiffies: mask: 0xffffffff max_cycles: 0xffffffff, max_idle_ns: 9556302231375000 ns
[    0.023627] pinctrl core: initialized pinctrl subsystem
[    0.025198] NET: Registered protocol family 16
[    0.027320] DMA: preallocated 256 KiB pool for atomic coherent allocations
[    0.042763] cpuidle: using governor ladder
[    0.057782] cpuidle: using governor menu
[    0.071860] No ATAGs?
[    0.071897] hw-breakpoint: found 5 (+1 reserved) breakpoint and 4 watchpoint registers.
[    0.071907] hw-breakpoint: maximum watchpoint size is 8 bytes.
[    0.076009] Serial: AMBA PL011 UART driver
[    0.077156] tegra-mc 70019000.memory-controller: no memory timings for RAM code 3 registered
[    0.102255] dvdd_ts: Failed to request enable GPIO61: -517
[    0.102374] reg-fixed-voltage regulators:regulator@1: Failed to register regulator: -517
[    0.102594] usb1_vbus: Failed to request enable GPIO108: -517
[    0.102700] reg-fixed-voltage regulators:regulator@3: Failed to register regulator: -517
[    0.102940] usb2_vbus: Failed to request enable GPIO86: -517
[    0.103048] reg-fixed-voltage regulators:regulator@4: Failed to register regulator: -517
[    0.103556] VDD_5V0_HDMI_CON: Failed to request enable GPIO81: -517
[    0.103661] reg-fixed-voltage regulators:regulator@7: Failed to register regulator: -517
[    0.106210] vgaarb: loaded
[    0.106970] SCSI subsystem initialized
[    0.107147] libata version 3.00 loaded.
[    0.107465] usbcore: registered new interface driver usbfs
[    0.107534] usbcore: registered new interface driver hub
[    0.107612] usbcore: registered new device driver usb
[    0.111206] tps65090 2-0048: No cache defaults, reading back from HW
[    0.117402] genirq: Setting trigger mode 8 for irq 341 failed (irq_chip_set_type_parent+0x0/0x28)
[    0.117425] palmas 2-0058: Irq flag is 0x00000000
[    0.120629] palmas 2-0058: Muxing GPIO ff, PWM 0, LED 0
[    0.130271] sdhci-vdd-sd-slot: ramp_delay not set
[    0.155928] pps_core: LinuxPPS API ver. 1 registered
[    0.155938] pps_core: Software ver. 5.3.6 - Copyright 2005-2007 Rodolfo Giometti <giometti@linux.it>
[    0.155967] PTP clock support registered
[    0.156196] EDAC MC: Ver: 3.0.0
[    0.158690] clocksource: Switched to clocksource arch_sys_counter
[    0.169832] NET: Registered protocol family 2
[    0.170362] TCP established hash table entries: 8192 (order: 3, 32768 bytes)
[    0.170463] TCP bind hash table entries: 8192 (order: 4, 65536 bytes)
[    0.170649] TCP: Hash tables configured (established 8192 bind 8192)
[    0.170705] UDP hash table entries: 512 (order: 2, 16384 bytes)
[    0.170747] UDP-Lite hash table entries: 512 (order: 2, 16384 bytes)
[    0.170922] NET: Registered protocol family 1
[    0.171192] RPC: Registered named UNIX socket transport module.
[    0.171202] RPC: Registered udp transport module.
[    0.171209] RPC: Registered tcp transport module.
[    0.171217] RPC: Registered tcp NFSv4.1 backchannel transport module.
[    0.171237] PCI: CLS 0 bytes, default 64
[    0.173484] futex hash table entries: 1024 (order: 4, 65536 bytes)
[    0.185684] squashfs: version 4.0 (2009/01/31) Phillip Lougher
[    0.186627] NFS: Registering the id_resolver key type
[    0.186660] Key type id_resolver registered
[    0.186669] Key type id_legacy registered
[    0.186743] ntfs: driver 2.1.32 [Flags: R/O].
[    0.188166] bounce: pool size: 64 pages
[    0.188387] Block layer SCSI generic (bsg) driver version 0.4 loaded (major 249)
[    0.188406] io scheduler noop registered
[    0.188422] io scheduler deadline registered
[    0.188462] io scheduler cfq registered (default)
[    0.207181] vdd-lcd-bl: supplied by vdd_ac_bat
[    0.214317] tegra-apbdma 6000a000.dma: Tegra20 APB DMA driver register 32 channels
[    0.215621] tegra-pmc 7000e400.pmc: i2c-thermtrip node not found, emergency thermal reset disabled.
[    0.283651] Serial: 8250/16550 driver, 4 ports, IRQ sharing disabled
[    0.286145] SuperH (H)SCI(F) driver initialized
[    0.287058] msm_serial: driver initialized
[    0.287955] console [ttyS0] disabled
[    0.287991] 70006300.serial: ttyS0 at MMIO 0x70006300 (irq = 329, base_baud = 25500000) is a Tegra
[    1.102304] console [ttyS0] enabled
[    1.106545] STMicroelectronics ASC driver initialized
[    1.113854] [drm] Initialized drm 1.1.0 20060810
[    1.120588] vdd-ao: supplied by vdd_ac_bat
[    1.124923] vddio-1v8: supplied by vdd-ao
[    1.129323] avdd-dsi-csi: supplied by vddio-1v8
[    1.136056] tegra-hdmi 54280000.hdmi: failed to get HDMI regulator
[    1.144137] vdd-sys-3v3: supplied by vdd_ac_bat
[    1.148890] avdd-lcd: supplied by vdd-sys-3v3
[    1.160309] loop: module loaded
[    1.170071] m25p80 spi32766.0: w25q32dw (4096 Kbytes)
[    1.175146] spi32766.0: 'partitions' subnode not found on /spi@7000da00/spi-flash@0. Trying to parse direct subnodes as partitions.
[    1.190281] CAN device driver interface
[    1.195378] igb: Intel(R) Gigabit Ethernet Network Driver - version 5.3.0-k
[    1.202346] igb: Copyright (c) 2007-2014 Intel Corporation.
[    1.211010] pegasus: v0.9.3 (2013/04/25), Pegasus/Pegasus II USB Ethernet driver
[    1.218471] usbcore: registered new interface driver pegasus
[    1.224210] usbcore: registered new interface driver asix
[    1.229672] usbcore: registered new interface driver ax88179_178a
[    1.235825] usbcore: registered new interface driver cdc_ether
[    1.241739] usbcore: registered new interface driver smsc75xx
[    1.247564] usbcore: registered new interface driver smsc95xx
[    1.253370] usbcore: registered new interface driver net1080
[    1.259101] usbcore: registered new interface driver cdc_subset
[    1.265081] usbcore: registered new interface driver zaurus
[    1.270752] usbcore: registered new interface driver cdc_ncm
[    1.278244] ehci_hcd: USB 2.0 'Enhanced' Host Controller (EHCI) Driver
[    1.284787] ehci-pci: EHCI PCI platform driver
[    1.289297] ehci-platform: EHCI generic platform driver
[    1.294727] ehci-omap: OMAP-EHCI Host Controller driver
[    1.300094] ehci-orion: EHCI orion driver
[    1.304247] SPEAr-ehci: EHCI SPEAr driver
[    1.308388] ehci-st: EHCI STMicroelectronics driver
[    1.313418] ehci-exynos: EHCI EXYNOS driver
[    1.317769] ehci-atmel: EHCI Atmel driver
[    1.321927] tegra-ehci: Tegra EHCI driver
[    1.326246] ohci_hcd: USB 1.1 'Open' Host Controller (OHCI) Driver
[    1.332449] ohci-pci: OHCI PCI platform driver
[    1.336952] ohci-platform: OHCI generic platform driver
[    1.342342] ohci-omap3: OHCI OMAP3 driver
[    1.346499] SPEAr-ohci: OHCI SPEAr driver
[    1.350657] ohci-st: OHCI STMicroelectronics driver
[    1.355681] ohci-atmel: OHCI Atmel driver
[    1.360194] usbcore: registered new interface driver usb-storage
[    1.367725] mousedev: PS/2 mouse device common for all mice
[    1.378576] palmas-rtc 7000d000.i2c:tps65913@58:rtc: rtc core: registered 7000d000.i2c:tps659 as rtc0
[    1.389721] tegra_rtc 7000e000.rtc: rtc core: registered 7000e000.rtc as rtc1
[    1.396914] tegra_rtc 7000e000.rtc: Tegra internal Real Time Clock
[    1.403662] i2c /dev entries driver
[    1.410546] sbs-battery 0-000b: sbs_probe: Failed to get device status
[    1.417096] sbs-battery: probe of 0-000b failed with error -121
[    1.425737] vdd-sensor-2v85: supplied by vdd-sys-3v3
[    1.437795] sdhci: Secure Digital Host Controller Interface driver
[    1.443989] sdhci: Copyright(c) Pierre Ossman
[    1.449885] Synopsys Designware Multimedia Card Interface Driver
[    1.456985] sdhci-pltfm: SDHCI platform and OF driver helper
[    1.463360] sdhci-tegra 78000400.sdhci: Got CD GPIO
[    1.468265] sdhci-tegra 78000400.sdhci: Got WP GPIO
[    1.474318] sdhci-tegra 78000400.sdhci: No vmmc regulator found
[    1.480247] sdhci-tegra 78000400.sdhci: No vqmmc regulator found
[    1.486257] mmc0: Invalid maximum block size, assuming 512 bytes
[    1.528840] mmc0: SDHCI controller on 78000400.sdhci [78000400.sdhci] using ADMA
[    1.536523] sdhci-tegra 78000600.sdhci: No vmmc regulator found
[    1.544498] sdhci-tegra 78000600.sdhci: No vqmmc regulator found
[    1.550513] mmc1: Invalid maximum block size, assuming 512 bytes
[    1.593727] mmc1: SDHCI controller on 78000600.sdhci [78000600.sdhci] using ADMA
[    1.602427] ledtrig-cpu: registered to indicate activity on CPUs
[    1.608659] usbcore: registered new interface driver usbhid
[    1.614243] usbhid: USB HID core driver
[    1.622857] NET: Registered protocol family 10
[    1.628069] sit: IPv6 over IPv4 tunneling driver
[    1.633393] NET: Registered protocol family 17
[    1.637880] can: controller area network core (rev 20120528 abi 9)
[    1.644153] NET: Registered protocol family 29
[    1.648619] can: raw protocol (rev 20120528)
[    1.652911] can: broadcast manager protocol (rev 20120528 t)
[    1.658592] can: netlink gateway (rev 20130117) max_hops=1
[    1.664480] Key type dns_resolver registered
[    1.669442] ThumbEE CPU extension supported.
[    1.673744] Registering SWP/SWPB emulation handler
[    1.684144] vdd-sys-5v0: supplied by vdd_ac_bat
[    1.689509] VDD_5V0_HDMI_CON: supplied by vdd-sys-5v0
[    1.696032] vdd_hdmi_5v0: supplied by vdd-sys-5v0
[    1.705193] [drm] Supports vblank timestamp caching Rev 2 (21.10.2013).
[    1.711853] [drm] No driver support for vblank timestamp query.
[    1.713186] mmc0: new high speed SDHC card at address aaaa
[    1.714255] mmcblk0: mmc0:aaaa SL16G 14.8 GiB 
[    1.737554]  mmcblk0: p1 p2 p3
[    1.773753] Console: switching to colour frame buffer device 240x75
[    1.801547] drm drm: fb0:  frame buffer device
[    1.808522] mmc1: MAN_BKOPS_EN bit is not set
[    1.816708] mmc1: new high speed MMC card at address 0001
[    1.823307] mmcblk1: mmc1:0001 SEM32G 29.1 GiB 
[    1.823740] [drm] Initialized tegra 0.0.0 20120330 on minor 0
[    1.824984] usb2_vbus: supplied by vdd-sys-5v0
[    1.827356] tegra-ehci 7d008000.usb: EHCI Host Controller
[    1.827391] tegra-ehci 7d008000.usb: new USB bus registered, assigned bus number 1
[    1.828135] tegra-ehci 7d008000.usb: irq 339, io mem 0x7d008000
[    1.833840] tegra-ehci 7d008000.usb: USB 2.0 started, EHCI 1.10
[    1.864115] mmcblk1boot0: mmc1:0001 SEM32G partition 1 4.00 MiB
[    1.864131] hub 1-0:1.0: USB hub found
[    1.864200] hub 1-0:1.0: 1 port detected
[    1.875106] input: gpio-keys as /devices/soc0/gpio-keys/input/input0
[    1.884160] palmas-rtc 7000d000.i2c:tps65913@58:rtc: setting system clock to 2000-02-20 20:24:56 UTC (951078296)
[    1.895413] mmcblk1boot1: mmc1:0001 SEM32G partition 2 4.00 MiB
[    1.899860] dvdd_ts: disabling
[    1.899866] usb1_vbus: disabling
[    1.899872] vdd_cam_1v8_reg: disabling
[    1.912585] mmcblk1rpmb: mmc1:0001 SEM32G partition 3 4.00 MiB
[    1.923129]  mmcblk1: p1 p2 p3 p4 p5 p6 p7 p8
[    1.932764] EXT4-fs (mmcblk1p1): mounting ext3 file system using the ext4 subsystem
[    1.955885] EXT4-fs (mmcblk1p1): recovery complete
[    1.960730] EXT4-fs (mmcblk1p1): mounted filesystem with ordered data mode. Opts: (null)
[    1.968900] VFS: Mounted root (ext3 filesystem) on device 179:17.
[    1.978776] devtmpfs: mounted
[    1.982611] Freeing unused kernel memory: 1040K (c0d94000 - c0e98000)
bash: cannot set terminal process group (-1): Inappropriate ioctl for device
bash: no job control in this shell
root@(none):/# [    2.178841] usb 1-1: new high-speed USB device number 2 using tegra-ehci
b-7d008000.usb-1, ASIX AX88772 USB 2.0 Ethernet, 00:50:b6:0d:b5:16
mount -t sysfs none /sys
root@(none):/# 
root@(none):/# mount -t debugfs none /sys/kernel/debug
root@(none):/# 
root@(none):/# rtcwake -d rtc1 -m mem -s 3
rtcwake: assuming RTC uses UTC ...
rtcwake: wakeup from "mem" using /dev/rtc1 at Thu Jan  1 00:00:20 1970
[    5.433560] PM: Syncing filesystems ... done.
[    5.461435] Freezing user space processes ... (elapsed 0.001 seconds) done.
[    5.469755] Freezing remaining freezable tasks ... (elapsed 0.001 seconds) done.
[    5.478480] Suspending console(s) (use no_console_suspend to debug)
[    5.531193] PM: suspend of devices complete after 45.036 msecs
[    5.534421] PM: late suspend of devices complete after 3.210 msecs
[    5.536863] PM: noirq suspend of devices complete after 2.431 msecs
[    5.536867] Disabling non-boot CPUs ...
[    5.537597] CPU1: shutdown
[    5.561250] CPU2: shutdown
[    5.585816] CPU3: shutdown
[    5.599785] Entering suspend state LP1
[    5.599812] Enabling non-boot CPUs ...
[    5.625179] CPU1 is up
[    5.650437] CPU2 is up
[    5.675770] CPU3 is up
[    5.677154] PM: noirq resume of devices complete after 1.372 msecs
[    5.680042] PM: early resume of devices complete after 2.409 msecs
[    5.865945] PM: resume of devices complete after 185.886 msecs
[    5.930884] Restarting tasks ... done.
root@(none):/# 
root@(none):/# rtcwake -d rtc1 -m mem -s 3
rtcwake: assuming RTC uses UTC ...
rtcwake: wakeup from "mem" using /dev/rtc1 at Thu Jan  1 00:00:28 1970
[    6.352426] PM: Syncing filesystems ... done.
[    6.379461] Freezing user space processes ... (elapsed 0.001 seconds) done.
[    6.387764] Freezing remaining freezable tasks ... (elapsed 0.001 seconds) done.
[    6.396592] Suspending console(s) (use no_console_suspend to debug)
[    6.449153] PM: suspend of devices complete after 44.881 msecs
[    6.452078] PM: late suspend of devices complete after 2.908 msecs
[    6.454287] PM: noirq suspend of devices complete after 2.197 msecs
[    6.454292] Disabling non-boot CPUs ...
[    6.455038] CPU1: shutdown
[    6.481154] CPU2: shutdown
[    6.505776] CPU3: shutdown
[    6.519788] Entering suspend state LP1
[    6.519815] Enabling non-boot CPUs ...
[    6.545172] CPU1 is up
[    6.570411] CPU2 is up
[    6.595732] CPU3 is up
[    6.597088] PM: noirq resume of devices complete after 1.345 msecs
[    6.599779] PM: early resume of devices complete after 2.227 msecs
[    6.780816] PM: resume of devices complete after 181.021 msecs
[    6.845703] Restarting tasks ... done.
root@(none):/# 
root@(none):/# rtcwake -d rtc1 -m mem -s 3
rtcwake: assuming RTC uses UTC ...
rtcwake: wakeup from "mem" using /dev/rtc1 at Thu Jan  1 00:00:36 1970
[    7.263040] PM: Syncing filesystems ... done.
[    7.290210] Freezing user space processes ... (elapsed 0.001 seconds) done.
[    7.298519] Freezing remaining freezable tasks ... (elapsed 0.001 seconds) done.
[    7.307326] Suspending console(s) (use no_console_suspend to debug)
[    7.356857] PM: suspend of devices complete after 41.860 msecs
[    7.359723] PM: late suspend of devices complete after 2.847 msecs
[    7.362109] PM: noirq suspend of devices complete after 2.375 msecs
[    7.362113] Disabling non-boot CPUs ...
[    7.362881] CPU1: shutdown
[    7.386120] CPU2: shutdown
[    7.410732] CPU3: shutdown
[    7.424723] Entering suspend state LP1
[    7.424748] Enabling non-boot CPUs ...
[    7.450134] CPU1 is up
[    7.475374] CPU2 is up
[    7.500688] CPU3 is up
[    7.502027] PM: noirq resume of devices complete after 1.328 msecs
[    7.504757] PM: early resume of devices complete after 2.247 msecs
[    7.685825] PM: resume of devices complete after 181.050 msecs
[    7.750704] Restarting tasks ... done.
root@(none):/# 
root@(none):/# rtcwake -d rtc1 -m mem -s 3
rtcwake: assuming RTC uses UTC ...
rtcwake: wakeup from "mem" using /dev/rtc1 at Thu Jan  1 00:00:44 1970
[    8.163837] PM: Syncing filesystems ... done.
[    8.190986] Freezing user space processes ... (elapsed 0.001 seconds) done.
[    8.199322] Freezing remaining freezable tasks ... (elapsed 0.001 seconds) done.
[    8.208104] Suspending console(s) (use no_console_suspend to debug)
[    8.259065] PM: suspend of devices complete after 43.291 msecs
[    8.261997] PM: late suspend of devices complete after 2.916 msecs
[    8.264215] PM: noirq suspend of devices complete after 2.206 msecs
[    8.264219] Disabling non-boot CPUs ...
[    8.264979] CPU1: shutdown
[    8.281125] CPU2: shutdown
[    8.305710] CPU3: shutdown
[    8.319689] Entering suspend state LP1
[    8.319715] Enabling non-boot CPUs ...
[    8.345084] CPU1 is up
[    8.370334] CPU2 is up
[    8.395655] CPU3 is up
[    8.397004] PM: noirq resume of devices complete after 1.338 msecs
[    8.399710] PM: early resume of devices complete after 2.234 msecs
[    8.580778] PM: resume of devices complete after 181.050 msecs
[    8.645673] Restarting tasks ... done.
root@(none):/# 
root@(none):/# rtcwake -d rtc1 -m mem -s 3
rtcwake: assuming RTC uses UTC ...
rtcwake: wakeup from "mem" using /dev/rtc1 at Thu Jan  1 00:00:52 1970
[    9.062238] PM: Syncing filesystems ... done.
[    9.089404] Freezing user space processes ... (elapsed 0.001 seconds) done.
[    9.097719] Freezing remaining freezable tasks ... (elapsed 0.001 seconds) done.
[    9.106508] Suspending console(s) (use no_console_suspend to debug)
[    9.157975] PM: suspend of devices complete after 43.779 msecs
[    9.160744] PM: late suspend of devices complete after 2.753 msecs
[    9.163027] PM: noirq suspend of devices complete after 2.272 msecs
[    9.163031] Disabling non-boot CPUs ...
[    9.163858] CPU1: shutdown
[    9.186053] CPU2: shutdown
[    9.215668] CPU3: shutdown
[    9.229640] Entering suspend state LP1
[    9.229665] Enabling non-boot CPUs ...
[    9.255042] CPU1 is up
[    9.280287] CPU2 is up
[    9.305610] CPU3 is up
[    9.306964] PM: noirq resume of devices complete after 1.343 msecs
[    9.309647] PM: early resume of devices complete after 2.225 msecs
[    9.500813] PM: resume of devices complete after 191.149 msecs
[    9.565728] Restarting tasks ... done.
root@(none):/# 
root@(none):/# rtcwake -d rtc1 -m mem -s 3
rtcwake: assuming RTC uses UTC ...
rtcwake: wakeup from "mem" using /dev/rtc1 at Thu Jan  1 00:01:00 1970
[    9.970727] PM: Syncing filesystems ... done.
[    9.997252] Freezing user space processes ... (elapsed 0.001 seconds) done.
[   10.005532] Freezing remaining freezable tasks ... (elapsed 0.001 seconds) done.
[   10.014369] Suspending console(s) (use no_console_suspend to debug)
[   10.064485] PM: suspend of devices complete after 42.465 msecs
[   10.067111] PM: late suspend of devices complete after 2.614 msecs
[   10.069314] PM: noirq suspend of devices complete after 2.194 msecs
[   10.069318] Disabling non-boot CPUs ...
[   10.070103] CPU1: shutdown
[   10.095993] CPU2: shutdown
[   10.120557] CPU3: shutdown
[   10.134610] Entering suspend state LP1
[   10.134637] Enabling non-boot CPUs ...
[   10.160011] CPU1 is up
[   10.185258] CPU2 is up
[   10.210571] CPU3 is up
[   10.211895] PM: noirq resume of devices complete after 1.313 msecs
[   10.214879] PM: early resume of devices complete after 2.513 msecs
[   10.396067] PM: resume of devices complete after 181.169 msecs
[   10.460911] Restarting tasks ... done.
root@(none):/# 
root@(none):/# rtcwake -d rtc1 -m mem -s 3
rtcwake: assuming RTC uses UTC ...
rtcwake: wakeup from "mem" using /dev/rtc1 at Thu Jan  1 00:01:08 1970
[   10.875845] PM: Syncing filesystems ... done.
[   10.903015] Freezing user space processes ... (elapsed 0.001 seconds) done.
[   10.911329] Freezing remaining freezable tasks ... (elapsed 0.001 seconds) done.
[   10.920156] Suspending console(s) (use no_console_suspend to debug)
[   10.973911] PM: suspend of devices complete after 46.108 msecs
[   10.976843] PM: late suspend of devices complete after 2.916 msecs
[   10.979066] PM: noirq suspend of devices complete after 2.213 msecs
[   10.979070] Disabling non-boot CPUs ...
[   10.979836] CPU1: shutdown
[   10.996000] CPU2: shutdown
[   11.020595] CPU3: shutdown
[   11.034554] Entering suspend state LP1
[   11.034581] Enabling non-boot CPUs ...
[   11.059945] CPU1 is up
[   11.085204] CPU2 is up
[   11.110513] CPU3 is up
[   11.111848] PM: noirq resume of devices complete after 1.324 msecs
[   11.114949] PM: early resume of devices complete after 2.638 msecs
[   11.295495] PM: resume of devices complete after 180.530 msecs
[   11.360378] Restarting tasks ... done.
root@(none):/# 
root@(none):/# rtcwake -d rtc1 -m mem -s 3
rtcwake: assuming RTC uses UTC ...
rtcwake: wakeup from "mem" using /dev/rtc1 at Thu Jan  1 00:01:16 1970
[   11.772770] PM: Syncing filesystems ... done.
[   11.799960] Freezing user space processes ... (elapsed 0.001 seconds) done.
[   11.808284] Freezing remaining freezable tasks ... (elapsed 0.001 seconds) done.
[   11.817073] Suspending console(s) (use no_console_suspend to debug)
[   11.868852] PM: suspend of devices complete after 44.100 msecs
[   11.871780] PM: late suspend of devices complete after 2.912 msecs
[   11.874003] PM: noirq suspend of devices complete after 2.212 msecs
[   11.874007] Disabling non-boot CPUs ...
[   11.874791] CPU1: shutdown
[   11.890957] CPU2: shutdown
[   11.915557] CPU3: shutdown
[   11.929518] Entering suspend state LP1
[   11.929544] Enabling non-boot CPUs ...
[   11.954913] CPU1 is up
[   11.980166] CPU2 is up
[   12.005503] CPU3 is up
[   12.006840] PM: noirq resume of devices complete after 1.326 msecs
[   12.009934] PM: early resume of devices complete after 2.631 msecs
[   12.190808] PM: resume of devices complete after 180.857 msecs
[   12.255711] Restarting tasks ... done.
root@(none):/# 
root@(none):/# rtcwake -d rtc1 -m mem -s 3
rtcwake: assuming RTC uses UTC ...
rtcwake: wakeup from "mem" using /dev/rtc1 at Thu Jan  1 00:01:24 1970
[   12.670889] PM: Syncing filesystems ... done.
[   12.698049] Freezing user space processes ... (elapsed 0.001 seconds) done.
[   12.706362] Freezing remaining freezable tasks ... (elapsed 0.001 seconds) done.
[   12.715194] Suspending console(s) (use no_console_suspend to debug)
[   12.766610] PM: suspend of devices complete after 43.773 msecs
[   12.769479] PM: late suspend of devices complete after 2.851 msecs
[   12.771868] PM: noirq suspend of devices complete after 2.378 msecs
[   12.771872] Disabling non-boot CPUs ...
[   12.772641] CPU1: shutdown
[   12.800877] CPU2: shutdown
[   12.825494] CPU3: shutdown
[   12.839475] Entering suspend state LP1
[   12.839501] Enabling non-boot CPUs ...
[   12.864877] CPU1 is up
[   12.890115] CPU2 is up
[   12.915442] CPU3 is up
[   12.916774] PM: noirq resume of devices complete after 1.321 msecs
[   12.919608] PM: early resume of devices complete after 2.377 msecs
[   13.105362] PM: resume of devices complete after 185.736 msecs
[   13.170261] Restarting tasks ... done.
root@(none):/# 
root@(none):/# rtcwake -d rtc1 -m mem -s 3
rtcwake: assuming RTC uses UTC ...
rtcwake: wakeup from "mem" using /dev/rtc1 at Thu Jan  1 00:01:32 1970
[   13.580579] PM: Syncing filesystems ... done.
[   13.607732] Freezing user space processes ... (elapsed 0.001 seconds) done.
[   13.616067] Freezing remaining freezable tasks ... (elapsed 0.001 seconds) done.
[   13.624879] Suspending console(s) (use no_console_suspend to debug)
[   13.678809] PM: suspend of devices complete after 46.283 msecs
[   13.681742] PM: late suspend of devices complete after 2.917 msecs
[   13.683961] PM: noirq suspend of devices complete after 2.208 msecs
[   13.683965] Disabling non-boot CPUs ...
[   13.684748] CPU1: shutdown
[   13.700883] CPU2: shutdown
[   13.725477] CPU3: shutdown
[   13.739436] Entering suspend state LP1
[   13.739463] Enabling non-boot CPUs ...
[   13.764844] CPU1 is up
[   13.790090] CPU2 is up
[   13.815402] CPU3 is up
[   13.816743] PM: noirq resume of devices complete after 1.330 msecs
[   13.819856] PM: early resume of devices complete after 2.634 msecs
[   14.000589] PM: resume of devices complete after 180.717 msecs
[   14.065496] Restarting tasks ... done.
root@(none):/# 
root@(none):/# NVTB SYSTEM SUSPEND TEST COMPLETE
