
U-Boot SPL 2014.01-00219-gc4d376f (Feb 18 2014 - 19:57:32)


U-Boot 2014.01-00219-gc4d376f (Feb 18 2014 - 19:57:32)

TEGRA114
Board: NVIDIA Dalmore
I2C:   ready
DRAM:  2 GiB
MMC:   Tegra SD/MMC: 0, Tegra SD/MMC: 1
In:    serial
Out:   serial
Err:   serial
Net:   Net Initialization Skipped
No ethernet found.
Hit any key to stop autoboot:  2  0 
Tegra114 (Dalmore) # 
Tegra114 (Dalmore) # usb reset
(Re)start USB...
USB0:   USB EHCI 1.10
scanning bus 0 for devices... 2 USB Device(s) found
       scanning usb for storage devices... 0 Storage Device(s) found
       scanning usb for ethernet devices... 
Warning: asx0 using MAC address from net device
1 Ethernet Device(s) found
Tegra114 (Dalmore) # setenv bootargs 'ignore_loglevel console=ttyS0,115200n8 rw root=/dev/mmcblk0p1 rootwait gpt debug earlyprintk init=/bin/bash'
Tegra114 (Dalmore) # setenv ipaddr 192.168.100.100; setenv serverip 192.168.100.1; setenv tftpserverip 192.168.100.1
Tegra114 (Dalmore) # tftpboot 0x81000000 zImage.multi_v7_defconfig
Using asx0 device
TFTP from server 192.168.100.1; our IP address is 192.168.100.100
Filename 'zImage.multi_v7_defconfig'.
Load address: 0x81000000
Loading: *#################################################################
	 #################################################################
	 #################################################################
	 #################################################################
	 #################################################################
	 #################################################################
	 #########
	 3.5 MiB/s
done
Bytes transferred = 5854224 (595410 hex)
Tegra114 (Dalmore) # tftpboot 0x82000000 tegra114-dalmore.dtb
Using asx0 device
TFTP from server 192.168.100.1; our IP address is 192.168.100.100
Filename 'tegra114-dalmore.dtb'.
Load address: 0x82000000
Loading: *###
	 3 MiB/s
done
Bytes transferred = 34638 (874e hex)
Tegra114 (Dalmore) # bootz 0x81000000 - 0x82000000
Kernel image @ 0x81000000 [ 0x000000 - 0x595410 ]
## Flattened Device Tree blob at 82000000
   Booting using the fdt blob at 0x82000000
   Loading Device Tree to 8fff4000, end 8ffff74d ... OK

Starting kernel ...

[    0.000000] Booting Linux on physical CPU 0x0
[    0.000000] Linux version 4.0.0-rc1-next-20150224-01388-g075b7ac (pwalmsley@sellafield) (gcc version 4.7.3 20130328 (prerelease) (crosstool-NG linaro-1.13.1-4.7-2013.04-20130415 - Linaro GCC 2013.04) ) #1 SMP Tue Feb 9 08:55:54 PST 2016
[    0.000000] CPU: ARMv7 Processor [412fc0f2] revision 2 (ARMv7), cr=10c5387d
[    0.000000] CPU: PIPT / VIPT nonaliasing data cache, PIPT instruction cache
[    0.000000] Machine model: NVIDIA Tegra114 Dalmore evaluation board
[    0.000000] debug: ignoring loglevel setting.
[    0.000000] cma: Reserved 64 MiB at 0xfb800000
[    0.000000] Memory policy: Data cache writealloc
[    0.000000] On node 0 totalpages: 524032
[    0.000000] free_area_init_node: node 0, pgdat c0e3dd40, node_mem_map ee7f8000
[    0.000000]   DMA zone: 1520 pages used for memmap
[    0.000000]   DMA zone: 0 pages reserved
[    0.000000]   DMA zone: 194560 pages, LIFO batch:31
[    0.000000]   HighMem zone: 329472 pages, LIFO batch:31
[    0.000000] PERCPU: Embedded 11 pages/cpu @ee7a7000 s12480 r8192 d24384 u45056
[    0.000000] pcpu-alloc: s12480 r8192 d24384 u45056 alloc=11*4096
[    0.000000] pcpu-alloc: [0] 0 [0] 1 [0] 2 [0] 3 
[    0.000000] Built 1 zonelists in Zone order, mobility grouping on.  Total pages: 522512
[    0.000000] Kernel command line: ignore_loglevel console=ttyS0,115200n8 rw root=/dev/mmcblk0p1 rootwait gpt debug earlyprintk init=/bin/bash
[    0.000000] PID hash table entries: 4096 (order: 2, 16384 bytes)
[    0.000000] Dentry cache hash table entries: 131072 (order: 7, 524288 bytes)
[    0.000000] Inode-cache hash table entries: 65536 (order: 6, 262144 bytes)
[    0.000000] Memory: 2000204K/2096128K available (7610K kernel code, 927K rwdata, 3188K rodata, 784K init, 308K bss, 30388K reserved, 65536K cma-reserved, 1252352K highmem)
[    0.000000] Virtual kernel memory layout:
[    0.000000]     vector  : 0xffff0000 - 0xffff1000   (   4 kB)
[    0.000000]     fixmap  : 0xffc00000 - 0xfff00000   (3072 kB)
[    0.000000]     vmalloc : 0xf0000000 - 0xff000000   ( 240 MB)
[    0.000000]     lowmem  : 0xc0000000 - 0xef800000   ( 760 MB)
[    0.000000]     pkmap   : 0xbfe00000 - 0xc0000000   (   2 MB)
[    0.000000]     modules : 0xbf000000 - 0xbfe00000   (  14 MB)
[    0.000000]       .text : 0xc0208000 - 0xc0c93c1c   (10800 kB)
[    0.000000]       .init : 0xc0c94000 - 0xc0d58000   ( 784 kB)
[    0.000000]       .data : 0xc0d58000 - 0xc0e3fca0   ( 928 kB)
[    0.000000]        .bss : 0xc0e3fca0 - 0xc0e8cce8   ( 309 kB)
[    0.000000] SLUB: HWalign=64, Order=0-3, MinObjects=0, CPUs=4, Nodes=1
[    0.000000] Hierarchical RCU implementation.
[    0.000000] 	Additional per-CPU info printed with stalls.
[    0.000000] 	RCU restricting CPUs from NR_CPUS=8 to nr_cpu_ids=4.
[    0.000000] RCU: Adjusting geometry for rcu_fanout_leaf=16, nr_cpu_ids=4
[    0.000000] NR_IRQS:16 nr_irqs:16 16
[    0.000000] L2C: failed to init: -19
[    0.000009] sched_clock: 32 bits at 1000kHz, resolution 1000ns, wraps every 2147483648000ns
[    0.000029] Switching to timer-based delay loop, resolution 1000ns
[    0.002696] Architected cp15 timer(s) running at 12.00MHz (virt).
[    0.002719] sched_clock: 56 bits at 12MHz, resolution 83ns, wraps every 2863311536128ns
[    0.002732] Switching to timer-based delay loop, resolution 83ns
[    0.003060] Console: colour dummy device 80x30
[    0.003084] Calibrating delay loop (skipped), value calculated using timer frequency.. 24.00 BogoMIPS (lpj=60000)
[    0.003098] pid_max: default: 32768 minimum: 301
[    0.003209] Mount-cache hash table entries: 2048 (order: 1, 8192 bytes)
[    0.003221] Mountpoint-cache hash table entries: 2048 (order: 1, 8192 bytes)
[    0.003829] CPU: Testing write buffer coherency: ok
[    0.004034] /cpus/cpu@0 missing clock-frequency property
[    0.004062] /cpus/cpu@1 missing clock-frequency property
[    0.004089] /cpus/cpu@2 missing clock-frequency property
[    0.004119] /cpus/cpu@3 missing clock-frequency property
[    0.004131] CPU0: thread -1, cpu 0, socket 0, mpidr 80000000
[    0.004175] Setting up static identity map for 0x80931a08 - 0x80931aa0
[    0.006277] Tegra Revision: A01 SKU: 0 CPU Process: 1 Core Process: 0
[    0.007346] CPU1: thread -1, cpu 1, socket 0, mpidr 80000001
[    0.007907] CPU2: thread -1, cpu 2, socket 0, mpidr 80000002
[    0.008433] CPU3: thread -1, cpu 3, socket 0, mpidr 80000003
[    0.008499] Brought up 4 CPUs
[    0.008522] SMP: Total of 4 processors activated (96.00 BogoMIPS).
[    0.008530] CPU: All CPU(s) started in SVC mode.
[    0.009069] devtmpfs: initialized
[    0.009961] VFP support v0.3: implementor 41 architecture 4 part 30 variant f rev 0
[    0.011874] pinctrl core: initialized pinctrl subsystem
[    0.023714] NET: Registered protocol family 16
[    0.025787] DMA: preallocated 256 KiB pool for atomic coherent allocations
[    0.042587] cpuidle: using governor ladder
[    0.057606] cpuidle: using governor menu
[    0.071247] No ATAGs?
[    0.071281] hw-breakpoint: found 5 (+1 reserved) breakpoint and 4 watchpoint registers.
[    0.071291] hw-breakpoint: maximum watchpoint size is 8 bytes.
[    0.074465] Serial: AMBA PL011 UART driver
[    0.101410] dvdd_ts: Failed to request enable GPIO61: -517
[    0.101525] reg-fixed-voltage regulators:regulator@1: Failed to register regulator: -517
[    0.101547] platform regulators:regulator@1: Driver reg-fixed-voltage requests probe deferral
[    0.101736] usb1_vbus: Failed to request enable GPIO108: -517
[    0.101844] reg-fixed-voltage regulators:regulator@3: Failed to register regulator: -517
[    0.101865] platform regulators:regulator@3: Driver reg-fixed-voltage requests probe deferral
[    0.102047] usb2_vbus: Failed to request enable GPIO86: -517
[    0.102150] reg-fixed-voltage regulators:regulator@4: Failed to register regulator: -517
[    0.102171] platform regulators:regulator@4: Driver reg-fixed-voltage requests probe deferral
[    0.102358] reg-fixed-voltage regulators:regulator@5: Failed to find supply vin
[    0.102462] reg-fixed-voltage regulators:regulator@5: Failed to register regulator: -517
[    0.102483] platform regulators:regulator@5: Driver reg-fixed-voltage requests probe deferral
[    0.102558] platform regulators:regulator@6: Driver reg-fixed-voltage requests probe deferral
[    0.102760] VDD_5V0_HDMI_CON: Failed to request enable GPIO81: -517
[    0.102862] reg-fixed-voltage regulators:regulator@7: Failed to register regulator: -517
[    0.102883] platform regulators:regulator@7: Driver reg-fixed-voltage requests probe deferral
[    0.105306] vgaarb: loaded
[    0.105968] SCSI subsystem initialized
[    0.106153] libata version 3.00 loaded.
[    0.106506] usbcore: registered new interface driver usbfs
[    0.106577] usbcore: registered new interface driver hub
[    0.106652] usbcore: registered new device driver usb
[    0.109782] tps65090 2-0048: No cache defaults, reading back from HW
[    0.111874] vdd-sys-5v0: supplied by vdd_ac_bat
[    0.112969] vdd-sys-3v3: supplied by vdd_ac_bat
[    0.114012] vdd-ao: supplied by vdd_ac_bat
[    0.114368] vdd-lcd-bl: supplied by vdd_ac_bat
[    0.114739] TPS65090_RAILSFET2: supplied by vdd_ac_bat
[    0.115096] vdd-modem-3v3: supplied by vdd-sys-3v3
[    0.115608] avdd-lcd: supplied by vdd-sys-3v3
[    0.116132] vdd-lvds: supplied by vdd-sys-3v3
[    0.116959] vdd-sd-slot: supplied by vdd-sys-3v3
[    0.117468] vdd-com-3v3: supplied by vdd-sys-3v3
[    0.117999] vdd-sby-5v0: supplied by vdd_ac_bat
[    0.118198] vdd-sby-3v3: supplied by vdd_ac_bat
[    0.118792] genirq: Setting trigger mode 8 for irq 341 failed (gic_set_type+0x0/0x9c)
[    0.118814] palmas 2-0058: Irq flag is 0x00000000
[    0.122018] palmas 2-0058: Muxing GPIO ff, PWM 0, LED 0
[    0.124757] vddio-ddr: supplied by vdd-ao
[    0.126338] vddio-1v8: supplied by vdd-ao
[    0.128105] vdd-core: supplied by vdd-sys-3v3
[    0.130765] avdd-pll: supplied by vdd-sys-3v3
[    0.132900] sdhci-vdd-sd-slot: ramp_delay not set
[    0.133086] sdhci-vdd-sd-slot: supplied by vdd-sys-3v3
[    0.134849] avdd-cam1: supplied by vdd-sys-3v3
[    0.135952] avdd-cam2: supplied by vdd-sys-3v3
[    0.137040] avdd-dsi-csi: supplied by vddio-1v8
[    0.138154] vpp-fuse: supplied by vdd-sys-3v3
[    0.139266] LDO5: supplied by vdd_ac_bat
[    0.140512] vdd-sensor-2v85: supplied by vdd-sys-3v3
[    0.141613] vdd-af-cam1: supplied by vdd-sys-3v3
[    0.147814] vdd-rtc: supplied by vdd-ao
[    0.152987] vddio-sdmmc-2: supplied by sdhci-vdd-sd-slot
[    0.154087] hvdd-usb: supplied by vdd-sys-5v0
[    0.157842] avdd-usb: supplied by vdd-sys-5v0
[    0.160858] Linux video capture interface: v2.00
[    0.160922] pps_core: LinuxPPS API ver. 1 registered
[    0.160931] pps_core: Software ver. 5.3.6 - Copyright 2005-2007 Rodolfo Giometti <giometti@linux.it>
[    0.160966] PTP clock support registered
[    0.161231] EDAC MC: Ver: 3.0.0
[    0.161805] Advanced Linux Sound Architecture Driver Initialized.
[    0.162928] Switched to clocksource arch_sys_counter
[    0.173204] NET: Registered protocol family 2
[    0.173805] TCP established hash table entries: 8192 (order: 3, 32768 bytes)
[    0.173895] TCP bind hash table entries: 8192 (order: 4, 65536 bytes)
[    0.174082] TCP: Hash tables configured (established 8192 bind 8192)
[    0.174134] UDP hash table entries: 512 (order: 2, 16384 bytes)
[    0.174177] UDP-Lite hash table entries: 512 (order: 2, 16384 bytes)
[    0.174353] NET: Registered protocol family 1
[    0.174606] RPC: Registered named UNIX socket transport module.
[    0.174616] RPC: Registered udp transport module.
[    0.174624] RPC: Registered tcp transport module.
[    0.174632] RPC: Registered tcp NFSv4.1 backchannel transport module.
[    0.174651] PCI: CLS 0 bytes, default 64
[    0.176929] futex hash table entries: 1024 (order: 4, 65536 bytes)
[    0.189311] squashfs: version 4.0 (2009/01/31) Phillip Lougher
[    0.190289] NFS: Registering the id_resolver key type
[    0.190319] Key type id_resolver registered
[    0.190328] Key type id_legacy registered
[    0.190401] ntfs: driver 2.1.31 [Flags: R/O].
[    0.191601] bounce: pool size: 64 pages
[    0.191820] Block layer SCSI generic (bsg) driver version 0.4 loaded (major 249)
[    0.191839] io scheduler noop registered
[    0.191855] io scheduler deadline registered
[    0.192061] io scheduler cfq registered (default)
[    0.214610] tegra-apbdma 6000a000.dma: Tegra20 APB DMA driver register 32 channels
[    0.215313] tegra-pmc 7000e400.pmc: i2c-thermtrip node not found, emergency thermal reset disabled.
[    0.282176] Serial: 8250/16550 driver, 4 ports, IRQ sharing disabled
[    0.284830] msm_serial: driver initialized
[    0.285753] console [ttyS0] disabled
[    0.285791] 70006300.serial: ttyS0 at MMIO 0x70006300 (irq = 329, base_baud = 25500000) is a Tegra
[    1.242841] console [ttyS0] enabled
[    1.247091] STMicroelectronics ASC driver initialized
[    1.254139] [drm] Initialized drm 1.1.0 20060810
[    1.262072] tegra-hdmi 54280000.hdmi: failed to get HDMI regulator
[    1.268278] platform 54280000.hdmi: Driver tegra-hdmi requests probe deferral
[    1.282788] loop: module loaded
[    1.291149] m25p80 spi32766.0: w25q32dw (4096 Kbytes)
[    1.298900] CAN device driver interface
[    1.303850] igb: Intel(R) Gigabit Ethernet Network Driver - version 5.2.15-k
[    1.310899] igb: Copyright (c) 2007-2014 Intel Corporation.
[    1.318232] pegasus: v0.9.3 (2013/04/25), Pegasus/Pegasus II USB Ethernet driver
[    1.325684] usbcore: registered new interface driver pegasus
[    1.331422] usbcore: registered new interface driver asix
[    1.336879] usbcore: registered new interface driver ax88179_178a
[    1.343032] usbcore: registered new interface driver cdc_ether
[    1.348944] usbcore: registered new interface driver smsc75xx
[    1.354766] usbcore: registered new interface driver smsc95xx
[    1.360571] usbcore: registered new interface driver net1080
[    1.366289] usbcore: registered new interface driver cdc_subset
[    1.372263] usbcore: registered new interface driver zaurus
[    1.377943] usbcore: registered new interface driver cdc_ncm
[    1.384709] ehci_hcd: USB 2.0 'Enhanced' Host Controller (EHCI) Driver
[    1.391245] ehci-pci: EHCI PCI platform driver
[    1.395749] ehci-platform: EHCI generic platform driver
[    1.401170] ehci-omap: OMAP-EHCI Host Controller driver
[    1.406535] ehci-orion: EHCI orion driver
[    1.410685] SPEAr-ehci: EHCI SPEAr driver
[    1.414841] ehci-st: EHCI STMicroelectronics driver
[    1.419862] ehci-exynos: EHCI EXYNOS driver
[    1.424202] tegra-ehci: Tegra EHCI driver
[    1.428473] platform 7d008000.usb: Driver tegra-ehci requests probe deferral
[    1.435601] ohci_hcd: USB 1.1 'Open' Host Controller (OHCI) Driver
[    1.441800] ohci-pci: OHCI PCI platform driver
[    1.446306] ohci-platform: OHCI generic platform driver
[    1.451693] ohci-omap3: OHCI OMAP3 driver
[    1.455851] SPEAr-ohci: OHCI SPEAr driver
[    1.460009] ohci-st: OHCI STMicroelectronics driver
[    1.465109] usbcore: registered new interface driver usb-storage
[    1.471377] platform 7d008000.usb-phy: Driver tegra-phy requests probe deferral
[    1.480442] mousedev: PS/2 mouse device common for all mice
[    1.491058] palmas-rtc 7000d000.i2c:tps65913@58:rtc: rtc core: registered 7000d000.i2c:tps659 as rtc0
[    1.502044] tegra_rtc 7000e000.rtc: rtc core: registered 7000e000.rtc as rtc1
[    1.509236] tegra_rtc 7000e000.rtc: Tegra internal Real Time Clock
[    1.515980] i2c /dev entries driver
[    1.521557] usbcore: registered new interface driver uvcvideo
[    1.527311] USB Video Class driver (1.1.1)
[    1.531425] gspca_main: v2.14.0 registered
[    1.536210] sbs-battery 0-000b: sbs_probe: Failed to get device status
[    1.542754] sbs-battery: probe of 0-000b failed with error -121
[    1.556240] Driver 'mmcblk' needs updating - please use bus_type methods
[    1.563039] sdhci: Secure Digital Host Controller Interface driver
[    1.569222] sdhci: Copyright(c) Pierre Ossman
[    1.574393] Synopsys Designware Multimedia Card Interface Driver
[    1.581286] sdhci-pltfm: SDHCI platform and OF driver helper
[    1.587618] sdhci-tegra 78000400.sdhci: Got CD GPIO
[    1.592520] sdhci-tegra 78000400.sdhci: Got WP GPIO
[    1.598509] sdhci-tegra 78000400.sdhci: No vmmc regulator found
[    1.604438] sdhci-tegra 78000400.sdhci: No vqmmc regulator found
[    1.610447] mmc0: Invalid maximum block size, assuming 512 bytes
[    1.653062] mmc0: SDHCI controller on 78000400.sdhci [78000400.sdhci] using ADMA
[    1.660679] sdhci-tegra 78000600.sdhci: No vmmc regulator found
[    1.666612] sdhci-tegra 78000600.sdhci: No vqmmc regulator found
[    1.672620] mmc1: Invalid maximum block size, assuming 512 bytes
[    1.712949] mmc1: SDHCI controller on 78000600.sdhci [78000600.sdhci] using ADMA
[    1.725310] ledtrig-cpu: registered to indicate activity on CPUs
[    1.731573] usbcore: registered new interface driver usbhid
[    1.737162] usbhid: USB HID core driver
[    1.752539] usbcore: registered new interface driver snd-usb-audio
[    1.796881] mmc1: MAN_BKOPS_EN bit is not set
[    1.804201] mmc1: new high speed MMC card at address 0001
[    1.809985] mmcblk0: mmc1:0001 SEM32G 29.1 GiB 
[    1.814636] mmcblk0boot0: mmc1:0001 SEM32G partition 1 4.00 MiB
[    1.820674] mmcblk0boot1: mmc1:0001 SEM32G partition 2 4.00 MiB
[    1.826711] mmcblk0rpmb: mmc1:0001 SEM32G partition 3 4.00 MiB
[    1.835087]  mmcblk0: p1 p2 p3 p4 p5 p6 p7 p8
[    2.175673] tegra30-i2s 70080400.i2s: DMA channels sourced from device 70080000.ahub
[    2.192241] tegra-snd-rt5640 sound: rt5640-aif1 <-> 70080400.i2s mapping ok
[    2.202692] input: NVIDIA Tegra Dalmore Headphones as /devices/soc0/sound/sound/card0/input0
[    2.212557] NET: Registered protocol family 17
[    2.217035] can: controller area network core (rev 20120528 abi 9)
[    2.223287] NET: Registered protocol family 29
[    2.227733] can: raw protocol (rev 20120528)
[    2.232017] can: broadcast manager protocol (rev 20120528 t)
[    2.237693] can: netlink gateway (rev 20130117) max_hops=1
[    2.243585] Key type dns_resolver registered
[    2.248496] ThumbEE CPU extension supported.
[    2.252772] Registering SWP/SWPB emulation handler
[    2.259703] usb1_vbus: supplied by vdd-sys-5v0
[    2.264756] usb2_vbus: supplied by vdd-sys-5v0
[    2.269789] vdd_hdmi_5v0: supplied by vdd-sys-5v0
[    2.276040] VDD_5V0_HDMI_CON: supplied by vdd-sys-5v0
[    2.284762] [drm] Supports vblank timestamp caching Rev 2 (21.10.2013).
[    2.291408] [drm] No driver support for vblank timestamp query.
[    2.355138] Console: switching to colour frame buffer device 240x75
[    2.382638] drm drm: fb0:  frame buffer device
[    2.387095] drm drm: registered panic notifier
[    2.403071] [drm] Initialized tegra 0.0.0 20120330 on minor 0
[    2.409764] platform 7d008000.usb: Driver tegra-ehci requests probe deferral
[    2.418664] tegra-ehci 7d008000.usb: EHCI Host Controller
[    2.424096] tegra-ehci 7d008000.usb: new USB bus registered, assigned bus number 1
[    2.431975] tegra-ehci 7d008000.usb: irq 339, io mem 0x7d008000
[    2.448053] tegra-ehci 7d008000.usb: USB 2.0 started, EHCI 1.10
[    2.455068] hub 1-0:1.0: USB hub found
[    2.458913] hub 1-0:1.0: 1 port detected
[    2.464661] input: gpio-keys as /devices/soc0/gpio-keys/input/input1
[    2.472356] palmas-rtc 7000d000.i2c:tps65913@58:rtc: setting system clock to 2000-01-20 22:06:48 UTC (948406008)
[    2.493791] vdd_cam_1v8_reg: disabling
[    2.497690] usb1_vbus: disabling
[    2.500967] dvdd_ts: disabling
[    2.505919] ALSA device list:
[    2.508920]   #0: NVIDIA Tegra Dalmore
[    2.514065] EXT4-fs (mmcblk0p1): mounting ext3 file system using the ext4 subsystem
[    2.582536] EXT4-fs (mmcblk0p1): recovery complete
[    2.588462] EXT4-fs (mmcblk0p1): mounted filesystem with ordered data mode. Opts: (null)
[    2.596588] VFS: Mounted root (ext3 filesystem) on device 179:1.
[    2.607064] devtmpfs: mounted
[    2.610657] Freeing unused kernel memory: 784K (c0c94000 - c0d58000)
bash: cannot set terminal process group (-1): Inappropriate ioctl for device
bash: no job control in this shell
root@(none):/# [    2.773133] usb 1-1: new high-speed USB device number 2 using tegra-ehci
