
U-Boot SPL 2015.04-rc3-00209-ga74ef40 (Mar 16 2015 - 14:43:39)


U-Boot 2015.04-rc3-00209-ga74ef40 (Mar 16 2015 - 14:43:39)

TEGRA20
Model: Compulab TrimSlice board
DRAM:  1 GiB
MMC:   Tegra SD/MMC: 0, Tegra SD/MMC: 1
SF: Detected W25Q80BL with page size 256 Bytes, erase size 4 KiB, total 1 MiB
tegra-pcie: PCI regions:
tegra-pcie:   I/O: 0x82000000-0x82010000
tegra-pcie:   non-prefetchable memory: 0xa0000000-0xa8000000
tegra-pcie:   prefetchable memory: 0xa8000000-0xc0000000
tegra-pcie: dual-mode configuration
tegra-pcie: probing port 0, using 2 lanes
In:    serial
Out:   serial
Err:   serial
Net:   RTL8169#0
Hit any key to stop autoboot:  2  0 
Tegra20 (TrimSlice) # 
Tegra20 (TrimSlice) # usb reset
resetting USB...
USB0:   USB EHCI 1.00
scanning bus 0 for devices... 3 USB Device(s) found
USB1:   USB EHCI 1.00
scanning bus 1 for devices... 1 USB Device(s) found
USB2:   lowlevel init failed
       scanning usb for storage devices... 0 Storage Device(s) found
       scanning usb for ethernet devices... 
Warning: asx0 using MAC address from net device
1 Ethernet Device(s) found
Tegra20 (TrimSlice) # setenv bootargs 'ignore_loglevel console=ttyS0,115200n8 rw root=PARTUUID=11eb23c1-01 rootwait gpt debug noinitrd earlyprintk init=/bin/bash'
Tegra20 (TrimSlice) # setenv ipaddr 192.168.100.103; setenv serverip 192.168.100.1; setenv tftpserverip 192.168.100.1
Tegra20 (TrimSlice) # tftpboot 0x00408000 zImage.multi_v7_defconfig
Using RTL8169#0 device
TFTP from server 192.168.100.1; our IP address is 192.168.100.103
Filename 'zImage.multi_v7_defconfig'.
Load address: 0x408000
Loading: *#################################################################
	 #################################################################
	 #################################################################
	 #################################################################
	 #################################################################
	 #################################################################
	 #################################################################
	 #################################################################
	 ###################
	 4.1 MiB/s
done
Bytes transferred = 7906728 (78a5a8 hex)
Tegra20 (TrimSlice) # tftpboot 0x02408000 tegra20-trimslice.dtb
Using RTL8169#0 device
TFTP from server 192.168.100.1; our IP address is 192.168.100.103
Filename 'tegra20-trimslice.dtb'.
Load address: 0x2408000
Loading: *##
	 4.1 MiB/s
done
Bytes transferred = 21426 (53b2 hex)
Tegra20 (TrimSlice) # bootz 0x00408000 - 0x02408000
Kernel image @ 0x408000 [ 0x000000 - 0x78a5a8 ]
## Flattened Device Tree blob at 02408000
   Booting using the fdt blob at 0x2408000
   Using Device Tree in place at 02408000, end 024103b1

Starting kernel ...

[    0.000000] Booting Linux on physical CPU 0x0
[    0.000000] Linux version 4.12.0-rc3-next-20170530-175078-g056c138 (jonathanh@sellafield) (gcc version 4.7.3 20130328 (prerelease) (crosstool-NG linaro-1.13.1-4.7-2013.04-20130415 - Linaro GCC 2013.04) ) #1 SMP Tue May 30 07:42:30 PDT 2017
[    0.000000] CPU: ARMv7 Processor [411fc090] revision 0 (ARMv7), cr=10c5387d
[    0.000000] CPU: PIPT / VIPT nonaliasing data cache, VIPT aliasing instruction cache
[    0.000000] OF: fdt: Machine model: Compulab TrimSlice board
[    0.000000] debug: ignoring loglevel setting.
[    0.000000] Memory policy: Data cache writealloc
[    0.000000] efi: Getting EFI parameters from FDT:
[    0.000000] efi: UEFI not found.
[    0.000000] cma: Reserved 64 MiB at 0x3c000000
[    0.000000] On node 0 totalpages: 262144
[    0.000000] free_area_init_node: node 0, pgdat c157ef80, node_mem_map ef7f8000
[    0.000000]   DMA zone: 1536 pages used for memmap
[    0.000000]   DMA zone: 0 pages reserved
[    0.000000]   DMA zone: 196608 pages, LIFO batch:31
[    0.000000]   HighMem zone: 65536 pages, LIFO batch:15
[    0.000000] percpu: Embedded 17 pages/cpu @ef7c4000 s39232 r8192 d22208 u69632
[    0.000000] pcpu-alloc: s39232 r8192 d22208 u69632 alloc=17*4096
[    0.000000] pcpu-alloc: [0] 0 [0] 1 
[    0.000000] Built 1 zonelists in Zone order, mobility grouping on.  Total pages: 260608
[    0.000000] Kernel command line: ignore_loglevel console=ttyS0,115200n8 rw root=PARTUUID=11eb23c1-01 rootwait gpt debug noinitrd earlyprintk init=/bin/bash
[    0.000000] PID hash table entries: 4096 (order: 2, 16384 bytes)
[    0.000000] Dentry cache hash table entries: 131072 (order: 7, 524288 bytes)
[    0.000000] Inode-cache hash table entries: 65536 (order: 6, 262144 bytes)
[    0.000000] Memory: 954380K/1048576K available (10240K kernel code, 1562K rwdata, 4380K rodata, 2048K init, 401K bss, 28660K reserved, 65536K cma-reserved, 196608K highmem)
[    0.000000] Virtual kernel memory layout:
[    0.000000]     vector  : 0xffff0000 - 0xffff1000   (   4 kB)
[    0.000000]     fixmap  : 0xffc00000 - 0xfff00000   (3072 kB)
[    0.000000]     vmalloc : 0xf0800000 - 0xff800000   ( 240 MB)
[    0.000000]     lowmem  : 0xc0000000 - 0xf0000000   ( 768 MB)
[    0.000000]     pkmap   : 0xbfe00000 - 0xc0000000   (   2 MB)
[    0.000000]     modules : 0xbf000000 - 0xbfe00000   (  14 MB)
[    0.000000]       .text : 0xc0208000 - 0xc0d00000   (11232 kB)
[    0.000000]       .init : 0xc1200000 - 0xc1400000   (2048 kB)
[    0.000000]       .data : 0xc1400000 - 0xc1586bf0   (1563 kB)
[    0.000000]        .bss : 0xc158fcb0 - 0xc15f4158   ( 402 kB)
[    0.000000] SLUB: HWalign=64, Order=0-3, MinObjects=0, CPUs=2, Nodes=1
[    0.000000] Hierarchical RCU implementation.
[    0.000000] 	RCU event tracing is enabled.
[    0.000000] 	RCU restricting CPUs from NR_CPUS=16 to nr_cpu_ids=2.
[    0.000000] RCU: Adjusting geometry for rcu_fanout_leaf=16, nr_cpu_ids=2
[    0.000000] NR_IRQS: 16, nr_irqs: 16, preallocated irqs: 16
[    0.000000] /interrupt-controller@60004000: 128 interrupts forwarded to /interrupt-controller@50041000
[    0.000000] L2C: platform modifies aux control register: 0x02080000 -> 0x3e480001
[    0.000000] L2C: DT/platform modifies aux control register: 0x02080000 -> 0x3e480001
[    0.000000] L2C-310 errata 727915 769419 enabled
[    0.000000] L2C-310 enabling early BRESP for Cortex-A9
[    0.000000] L2C-310: enabling full line of zeros but not enabled in Cortex-A9
[    0.000000] L2C-310 ID prefetch enabled, offset 1 lines
[    0.000000] L2C-310 cache controller enabled, 8 ways, 1024 kB
[    0.000000] L2C-310: CACHE_ID 0x410000c4, AUX_CTRL 0x7e480001
[    0.000010] sched_clock: 32 bits at 1000kHz, resolution 1000ns, wraps every 2147483647500ns
[    0.000027] clocksource: timer_us: mask: 0xffffffff max_cycles: 0xffffffff, max_idle_ns: 1911260446275 ns
[    0.000037] Switching to timer-based delay loop, resolution 1000ns
[    0.001658] Console: colour dummy device 80x30
[    0.001684] Calibrating delay loop (skipped), value calculated using timer frequency.. 2.00 BogoMIPS (lpj=10000)
[    0.001696] pid_max: default: 32768 minimum: 301
[    0.001767] Mount-cache hash table entries: 2048 (order: 1, 8192 bytes)
[    0.001778] Mountpoint-cache hash table entries: 2048 (order: 1, 8192 bytes)
[    0.002200] CPU: Testing write buffer coherency: ok
[    0.002404] CPU0: thread -1, cpu 0, socket 0, mpidr 80000000
[    0.002635] Setting up static identity map for 0x300000 - 0x3000a0
[    0.003255] Hierarchical SRCU implementation.
[    0.004073] Tegra Revision: A03 prime SKU: 8 CPU Process: 1 SoC Process: 2
[    0.004515] EFI services will not be available.
[    0.004681] smp: Bringing up secondary CPUs ...
[    0.005235] CPU1: thread -1, cpu 1, socket 0, mpidr 80000001
[    0.005302] smp: Brought up 1 node, 2 CPUs
[    0.005314] SMP: Total of 2 processors activated (4.00 BogoMIPS).
[    0.005320] CPU: All CPU(s) started in SVC mode.
[    0.005966] devtmpfs: initialized
[    0.009557] VFP support v0.3: implementor 41 architecture 3 part 30 variant 9 rev 1
[    0.009771] clocksource: jiffies: mask: 0xffffffff max_cycles: 0xffffffff, max_idle_ns: 19112604462750000 ns
[    0.009785] futex hash table entries: 512 (order: 3, 32768 bytes)
[    0.012803] pinctrl core: initialized pinctrl subsystem
[    0.014051] NET: Registered protocol family 16
[    0.016316] DMA: preallocated 256 KiB pool for atomic coherent allocations
[    0.017762] cpuidle: using governor menu
[    0.034750] No ATAGs?
[    0.034817] hw-breakpoint: found 5 (+1 reserved) breakpoint and 1 watchpoint registers.
[    0.034828] hw-breakpoint: maximum watchpoint size is 4 bytes.
[    0.040290] Serial: AMBA PL011 UART driver
[    0.051764] AT91: Could not find identification node
[    0.052319] usb1_vbus: Failed to request enable GPIO170: -517
[    0.052335] reg-fixed-voltage regulators:regulator@2: Failed to register regulator: -517
[    0.055732] vgaarb: loaded
[    0.056305] SCSI subsystem initialized
[    0.056426] libata version 3.00 loaded.
[    0.056614] usbcore: registered new interface driver usbfs
[    0.056657] usbcore: registered new interface driver hub
[    0.056696] usbcore: registered new device driver usb
[    0.058666] pps_core: LinuxPPS API ver. 1 registered
[    0.058674] pps_core: Software ver. 5.3.6 - Copyright 2005-2007 Rodolfo Giometti <giometti@linux.it>
[    0.058690] PTP clock support registered
[    0.058836] EDAC MC: Ver: 3.0.0
[    0.060615] clocksource: Switched to clocksource timer_us
[    0.099543] NET: Registered protocol family 2
[    0.099975] TCP established hash table entries: 8192 (order: 3, 32768 bytes)
[    0.100049] TCP bind hash table entries: 8192 (order: 4, 65536 bytes)
[    0.100162] TCP: Hash tables configured (established 8192 bind 8192)
[    0.100277] UDP hash table entries: 512 (order: 2, 16384 bytes)
[    0.100326] UDP-Lite hash table entries: 512 (order: 2, 16384 bytes)
[    0.100476] NET: Registered protocol family 1
[    0.100805] RPC: Registered named UNIX socket transport module.
[    0.100814] RPC: Registered udp transport module.
[    0.100819] RPC: Registered tcp transport module.
[    0.100824] RPC: Registered tcp NFSv4.1 backchannel transport module.
[    0.100833] PCI: CLS 0 bytes, default 64
[    0.101632] hw perfevents: no interrupt-affinity property for /pmu, guessing.
[    0.101783] hw perfevents: enabled with armv7_cortex_a9 PMU driver, 7 counters available
[    0.103057] workingset: timestamp_bits=30 max_order=18 bucket_order=0
[    0.109467] squashfs: version 4.0 (2009/01/31) Phillip Lougher
[    0.110064] NFS: Registering the id_resolver key type
[    0.110091] Key type id_resolver registered
[    0.110097] Key type id_legacy registered
[    0.110127] ntfs: driver 2.1.32 [Flags: R/O].
[    0.111425] bounce: pool size: 64 pages
[    0.111464] Block layer SCSI generic (bsg) driver version 0.4 loaded (major 248)
[    0.111472] io scheduler noop registered
[    0.111478] io scheduler deadline registered
[    0.111504] io scheduler cfq registered (default)
[    0.111510] io scheduler mq-deadline registered
[    0.111515] io scheduler kyber registered
[    0.122879] tegra-pcie 80003000.pcie-controller: dual-mode configuration
[    0.123589] tegra-pcie 80003000.pcie-controller: probing port 0, using 2 lanes
[    0.206097] tegra-pcie 80003000.pcie-controller: PCI host bridge to bus 0000:00
[    0.206109] pci_bus 0000:00: root bus resource [io  0x0000-0xffff]
[    0.206118] pci_bus 0000:00: root bus resource [mem 0xa0000000-0xa7ffffff]
[    0.206126] pci_bus 0000:00: root bus resource [mem 0xa8000000-0xbfffffff pref]
[    0.206135] pci_bus 0000:00: root bus resource [bus 00-ff]
[    0.206162] pci 0000:00:01.0: [10de:0bf0] type 01 class 0x060000
[    0.206191] pci_bus 0000:00: 2-byte config write to 0000:00:01.0 offset 0x88 may corrupt adjacent RW1C bits
[    0.206217] pci_bus 0000:00: 2-byte config write to 0000:00:01.0 offset 0x52 may corrupt adjacent RW1C bits
[    0.206240] pci 0000:00:01.0: PME# supported from D0 D1 D2 D3hot D3cold
[    0.206251] pci_bus 0000:00: 2-byte config write to 0000:00:01.0 offset 0x4c may corrupt adjacent RW1C bits
[    0.206419] pci_bus 0000:00: 2-byte config write to 0000:00:01.0 offset 0x3e may corrupt adjacent RW1C bits
[    0.206431] pci_bus 0000:00: 2-byte config write to 0000:00:01.0 offset 0x4 may corrupt adjacent RW1C bits
[    0.206441] pci_bus 0000:00: 1-byte config write to 0000:00:01.0 offset 0xc may corrupt adjacent RW1C bits
[    0.206447] PCI: bus0: Fast back to back transfers disabled
[    0.206456] pci 0000:00:01.0: bridge configuration invalid ([bus 00-00]), reconfiguring
[    0.206465] pci_bus 0000:00: 2-byte config write to 0000:00:01.0 offset 0x3e may corrupt adjacent RW1C bits
[    0.206475] pci_bus 0000:00: 2-byte config write to 0000:00:01.0 offset 0x3e may corrupt adjacent RW1C bits
[    0.206486] pci_bus 0000:00: 2-byte config write to 0000:00:01.0 offset 0x3e may corrupt adjacent RW1C bits
[    0.206495] pci_bus 0000:00: 2-byte config write to 0000:00:01.0 offset 0x6 may corrupt adjacent RW1C bits
[    0.206621] pci 0000:01:00.0: [10ec:8168] type 00 class 0x020000
[    0.206649] pci 0000:01:00.0: reg 0x10: [io  0x0000-0x00ff]
[    0.206673] pci 0000:01:00.0: reg 0x18: [mem 0x00000000-0x00000fff 64bit pref]
[    0.206691] pci 0000:01:00.0: reg 0x20: [mem 0x00000000-0x00003fff 64bit pref]
[    0.206705] pci 0000:01:00.0: reg 0x30: [mem 0x00000000-0x0001ffff pref]
[    0.206779] pci 0000:01:00.0: supports D1 D2
[    0.206787] pci 0000:01:00.0: PME# supported from D0 D1 D2 D3hot D3cold
[    0.230658] PCI: bus1: Fast back to back transfers disabled
[    0.230670] pci_bus 0000:01: busn_res: [bus 01-ff] end is updated to 01
[    0.230683] Disabling cpuidle LP2 state, since PCIe IRQs are in use
[    0.230743] pci 0000:00:01.0: BAR 8: assigned [mem 0xa0000000-0xa00fffff]
[    0.230755] pci 0000:00:01.0: BAR 9: assigned [mem 0xa8000000-0xa80fffff 64bit pref]
[    0.230764] pci 0000:00:01.0: BAR 7: assigned [io  0x1000-0x1fff]
[    0.230776] pci 0000:01:00.0: BAR 6: assigned [mem 0xa0000000-0xa001ffff pref]
[    0.230786] pci 0000:01:00.0: BAR 4: assigned [mem 0xa8000000-0xa8003fff 64bit pref]
[    0.230806] pci 0000:01:00.0: BAR 2: assigned [mem 0xa8004000-0xa8004fff 64bit pref]
[    0.230824] pci 0000:01:00.0: BAR 0: assigned [io  0x1000-0x10ff]
[    0.230835] pci 0000:00:01.0: PCI bridge to [bus 01]
[    0.230844] pci 0000:00:01.0:   bridge window [io  0x1000-0x1fff]
[    0.230853] pci 0000:00:01.0:   bridge window [mem 0xa0000000-0xa00fffff]
[    0.230862] pci 0000:00:01.0:   bridge window [mem 0xa8000000-0xa80fffff 64bit pref]
[    0.230884] pci 0000:00:01.0: nv_msi_ht_cap_quirk didn't locate host bridge
[    0.230945] pcieport 0000:00:01.0: enabling device (0140 -> 0143)
[    0.231134] pcieport 0000:00:01.0: Signaling PME with IRQ 295
[    0.237227] tegra-apbdma 6000a000.dma: Tegra20 APB DMA driver register 16 channels
[    0.285975] Serial: 8250/16550 driver, 4 ports, IRQ sharing disabled
[    0.288221] console [ttyS0] disabled
[    0.288258] 70006000.serial: ttyS0 at MMIO 0x70006000 (irq = 279, base_baud = 13500000) is a Tegra
[    1.360257] console [ttyS0] enabled
[    1.364335] SuperH (H)SCI(F) driver initialized
[    1.369561] msm_serial: driver initialized
[    1.373809] STMicroelectronics ASC driver initialized
[    1.383183] tegra-hdmi 54280000.hdmi: 54280000.hdmi supply hdmi not found, using dummy regulator
[    1.393959] [drm] Supports vblank timestamp caching Rev 2 (21.10.2013).
[    1.400558] [drm] No driver support for vblank timestamp query.
[    1.406507] [drm] Cannot find any crtc or sizes - going 1024x768
[    1.428607] Console: switching to colour frame buffer device 128x48
[    1.443302] drm drm: fb0:  frame buffer device
[    1.447793] [drm] Initialized tegra 0.0.0 20120330 for drm on minor 0
[    1.463327] brd: module loaded
[    1.472040] loop: module loaded
[    1.481217] m25p80 spi32766.0: found s25fl008k, expected w25q80bl
[    1.487302] m25p80 spi32766.0: s25fl008k (1024 Kbytes)
[    1.494665] libphy: Fixed MDIO Bus: probed
[    1.499542] CAN device driver interface
[    1.504108] bgmac_bcma: Broadcom 47xx GBit MAC driver loaded
[    1.510724] e1000e: Intel(R) PRO/1000 Network Driver - 3.2.6-k
[    1.516540] e1000e: Copyright(c) 1999 - 2015 Intel Corporation.
[    1.522512] igb: Intel(R) Gigabit Ethernet Network Driver - version 5.4.0-k
[    1.529454] igb: Copyright (c) 2007-2014 Intel Corporation.
[    1.535557] r8169 Gigabit Ethernet driver 2.3LK-NAPI loaded
[    1.541157] r8169 0000:01:00.0: enabling device (0140 -> 0143)
[    1.547796] r8169 0000:01:00.0 eth0: RTL8168d/8111d at 0xf08fc000, 00:01:c0:13:7d:63, XID 081000c0 IRQ 296
[    1.557454] r8169 0000:01:00.0 eth0: jumbo features [frames: 9200 bytes, tx checksumming: ko]
[    1.568131] pegasus: v0.9.3 (2013/04/25), Pegasus/Pegasus II USB Ethernet driver
[    1.575585] usbcore: registered new interface driver pegasus
[    1.581286] usbcore: registered new interface driver asix
[    1.586711] usbcore: registered new interface driver ax88179_178a
[    1.592836] usbcore: registered new interface driver cdc_ether
[    1.598693] usbcore: registered new interface driver smsc75xx
[    1.604483] usbcore: registered new interface driver smsc95xx
[    1.610242] usbcore: registered new interface driver net1080
[    1.615930] usbcore: registered new interface driver cdc_subset
[    1.621881] usbcore: registered new interface driver zaurus
[    1.627490] usbcore: registered new interface driver cdc_ncm
[    1.633425] tegra-phy c5004000.usb-phy: no vbus regulator
[    1.639899] tegra-phy c5008000.usb-phy: no vbus regulator
[    1.646631] ehci_hcd: USB 2.0 'Enhanced' Host Controller (EHCI) Driver
[    1.653162] ehci-pci: EHCI PCI platform driver
[    1.657629] ehci-platform: EHCI generic platform driver
[    1.663009] ehci-orion: EHCI orion driver
[    1.667124] SPEAr-ehci: EHCI SPEAr driver
[    1.671246] ehci-st: EHCI STMicroelectronics driver
[    1.676212] ehci-exynos: EHCI EXYNOS driver
[    1.680498] ehci-atmel: EHCI Atmel driver
[    1.684616] tegra-ehci: Tegra EHCI driver
[    1.741817] ulpi_phy_power_on: ulpi write failed
[    1.746425] tegra-ehci c5004000.usb: Failed to power on the phy
[    1.752361] tegra-ehci: probe of c5004000.usb failed with error -110
[    1.761338] tegra-ehci c5008000.usb: EHCI Host Controller
[    1.766748] tegra-ehci c5008000.usb: new USB bus registered, assigned bus number 1
[    1.774566] tegra-ehci c5008000.usb: irq 290, io mem 0xc5008000
[    1.800632] tegra-ehci c5008000.usb: USB 2.0 started, EHCI 1.00
[    1.807161] hub 1-0:1.0: USB hub found
[    1.810945] hub 1-0:1.0: 1 port detected
[    1.815165] ohci_hcd: USB 1.1 'Open' Host Controller (OHCI) Driver
[    1.821366] ohci-pci: OHCI PCI platform driver
[    1.825844] ohci-platform: OHCI generic platform driver
[    1.831234] ohci-omap3: OHCI OMAP3 driver
[    1.835337] SPEAr-ohci: OHCI SPEAr driver
[    1.839437] ohci-st: OHCI STMicroelectronics driver
[    1.844424] ohci-atmel: OHCI Atmel driver
[    1.849021] usbcore: registered new interface driver usb-storage
[    1.857664] rtc-em3027 2-0056: rtc core: registered rtc-em3027 as rtc0
[    1.865378] tegra_rtc 7000e000.rtc: rtc core: registered 7000e000.rtc as rtc1
[    1.872547] tegra_rtc 7000e000.rtc: Tegra internal Real Time Clock
[    1.879115] i2c /dev entries driver
[    1.892148] sdhci: Secure Digital Host Controller Interface driver
[    1.898314] sdhci: Copyright(c) Pierre Ossman
[    1.903846] Synopsys Designware Multimedia Card Interface Driver
[    1.910810] sdhci-pltfm: SDHCI platform and OF driver helper
[    1.924846] mmc0: Invalid maximum block size, assuming 512 bytes
[    1.990633] mmc0: SDHCI controller on c8000000.sdhci [c8000000.sdhci] using ADMA
[    1.998111] sdhci-tegra c8000600.sdhci: Got CD GPIO
[    2.003011] sdhci-tegra c8000600.sdhci: Got WP GPIO
[    2.016046] mmc1: Invalid maximum block size, assuming 512 bytes
[    2.080731] mmc1: SDHCI controller on c8000600.sdhci [c8000600.sdhci] using ADMA
[    2.089570] ledtrig-cpu: registered to indicate activity on CPUs
[    2.095868] usbcore: registered new interface driver usbhid
[    2.101444] usbhid: USB HID core driver
[    2.108557] NET: Registered protocol family 10
[    2.113984] Segment Routing with IPv6
[    2.117685] sit: IPv6, IPv4 and MPLS over IPv4 tunneling driver
[    2.124122] NET: Registered protocol family 17
[    2.128559] can: controller area network core (rev 20170425 abi 9)
[    2.134789] NET: Registered protocol family 29
[    2.139221] can: raw protocol (rev 20170425)
[    2.143492] can: broadcast manager protocol (rev 20170425 t)
[    2.149140] can: netlink gateway (rev 20170425) max_hops=1
[    2.154951] Key type dns_resolver registered
[    2.159576] ThumbEE CPU extension supported.
[    2.163860] Registering SWP/SWPB emulation handler
[    2.176824] utmi_phy_clk_enable: timeout waiting for phy to stabilize
[    2.180651] usb 1-1: new high-speed USB device number 2 using tegra-ehci
[    2.189986] tegra-ehci c5000000.usb: EHCI Host Controller
[    2.195400] tegra-ehci c5000000.usb: new USB bus registered, assigned bus number 2
[    2.203265] tegra-ehci c5000000.usb: irq 288, io mem 0xc5000000
[    2.299623] mmc1: new high speed SD card at address b368
[    2.305489] mmcblk1: mmc1:b368 NCard 1.83 GiB (ro)
[    2.312977]  mmcblk1: p1 p2
[    2.350656] tegra-ehci c5000000.usb: USB 2.0 started, EHCI 1.00
[    2.357425] hub 2-0:1.0: USB hub found
[    2.361255] hub 2-0:1.0: 1 port detected
[    2.366448] input: gpio-keys as /devices/soc0/gpio-keys/input/input0
[    2.373552] rtc-em3027 2-0056: hctosys: unable to read the hardware clock
[    2.373556] hub 1-1:1.0: USB hub found
[    2.373716] hub 1-1:1.0: 4 ports detected
[    2.389001] Waiting for root device PARTUUID=11eb23c1-01...
[    2.690700] usb 1-1.2: new high-speed USB device number 3 using tegra-ehci
[    3.258377] mmc0: host does not support reading read-only switch, assuming write-enable
[    3.268540] mmc0: new high speed SDHC card at address b368
[    3.275484] mmcblk0: mmc0:b368 NCard 3.70 GiB 
[    3.283379]  mmcblk0: p1
[    3.315696] asix 1-1.2:1.0 eth1: register 'asix' at usb-c5008000.usb-1.2, ASIX AX88772 USB 2.0 Ethernet, 00:60:6e:60:6c:68
[    3.328902] EXT4-fs (mmcblk0p1): mounting ext3 file system using the ext4 subsystem
[    3.573835] EXT4-fs (mmcblk0p1): recovery complete
[    3.644135] random: fast init done
[    3.647761] EXT4-fs (mmcblk0p1): mounted filesystem with ordered data mode. Opts: (null)
[    3.655974] VFS: Mounted root (ext3 filesystem) on device 179:17.
[    3.671910] devtmpfs: mounted
[    3.679741] Freeing unused kernel memory: 2048K
bash: cannot set terminal process group (-1): Inappropriate ioctl for device
bash: no job control in this shell
root@(none):/#  
root@(none):/# mount -t sysfs none /sys
root@(none):/# 
root@(none):/# mount -t debugfs none /sys/kernel/debug
root@(none):/# 
root@(none):/# rtcwake -d rtc1 -m mem -s 3
rtcwake: assuming RTC uses UTC ...
rtcwake: wakeup from "mem" using /dev/rtc1 at Thu Jan  1 00:00:32 1970
[   14.908234] PM: Syncing filesystems ... done.
[   14.954300] Freezing user space processes ... (elapsed 0.001 seconds) done.
[   14.962765] OOM killer disabled.
[   14.966007] Freezing remaining freezable tasks ... (elapsed 0.001 seconds) done.
[   14.975034] Suspending console(s) (use no_console_suspend to debug)
[   15.015804] pci_generic_config_write32: 38 callbacks suppressed
[   15.015848] pci_bus 0000:00: 2-byte config write to 0000:00:01.0 offset 0x9c may corrupt adjacent RW1C bits
[   15.028294] PM: suspend of devices complete after 44.560 msecs
[   15.033290] PM: late suspend of devices complete after 4.963 msecs
[   15.036878] pci_bus 0000:01: 2-byte config write to 0000:01:00.0 offset 0x44 may corrupt adjacent RW1C bits
[   15.036935] pci_bus 0000:01: 2-byte config write to 0000:01:00.0 offset 0x44 may corrupt adjacent RW1C bits
[   15.061335] PM: noirq suspend of devices complete after 28.014 msecs
[   15.061348] Disabling non-boot CPUs ...
[   15.111971] IRQ294 no longer affine to CPU1
[   15.170220] Entering suspend state LP1
[   15.170220] Suspended for 2.095 seconds
[   15.170269] Enabling non-boot CPUs ...
[   15.200219] CPU1 is up
[   15.201287] pci_bus 0000:00: 2-byte config write to 0000:00:01.0 offset 0x4c may corrupt adjacent RW1C bits
[   15.201337] pci_bus 0000:00: 2-byte config write to 0000:00:01.0 offset 0x88 may corrupt adjacent RW1C bits
[   15.201367] pci_bus 0000:00: 2-byte config write to 0000:00:01.0 offset 0x90 may corrupt adjacent RW1C bits
[   15.201396] pci_bus 0000:00: 2-byte config write to 0000:00:01.0 offset 0x98 may corrupt adjacent RW1C bits
[   15.201424] pci_bus 0000:00: 2-byte config write to 0000:00:01.0 offset 0x9c may corrupt adjacent RW1C bits
[   15.201506] pci_bus 0000:00: 2-byte config write to 0000:00:01.0 offset 0x52 may corrupt adjacent RW1C bits
[   15.201537] pci_bus 0000:00: 2-byte config write to 0000:00:01.0 offset 0x52 may corrupt adjacent RW1C bits
[   15.201614] pcieport 0000:00:01.0: nv_msi_ht_cap_quirk didn't locate host bridge
[   15.231047] PM: noirq resume of devices complete after 30.794 msecs
[   15.234624] PM: early resume of devices complete after 2.998 msecs
[   15.779401] PM: resume of devices complete after 544.744 msecs
[   15.952047] OOM killer enabled.
[   15.955176] Restarting tasks ... done.
root@(none):/# 
root@(none):/# rtcwake -d rtc1 -m mem -s 3
rtcwake: assuming RTC uses UTC ...
rtcwake: wakeup from "mem" using /dev/rtc1 at Thu Jan  1 00:00:37 1970
[   16.546001] PM: Syncing filesystems ... done.
[   16.591215] Freezing user space processes ... (elapsed 0.001 seconds) done.
[   16.599634] OOM killer disabled.
[   16.602963] Freezing remaining freezable tasks ... (elapsed 0.001 seconds) done.
[   16.612041] Suspending console(s) (use no_console_suspend to debug)
[   16.667619] PM: suspend of devices complete after 46.880 msecs
[   16.672613] PM: late suspend of devices complete after 4.961 msecs
[   16.701222] PM: noirq suspend of devices complete after 28.578 msecs
[   16.701235] Disabling non-boot CPUs ...
[   16.741900] IRQ294 no longer affine to CPU1
[   16.799168] Entering suspend state LP1
[   16.799168] Suspended for 3.370 seconds
[   16.799215] Enabling non-boot CPUs ...
[   16.830134] CPU1 is up
[   16.832857] pcieport 0000:00:01.0: nv_msi_ht_cap_quirk didn't locate host bridge
[   16.861428] PM: noirq resume of devices complete after 31.260 msecs
[   16.865295] PM: early resume of devices complete after 3.124 msecs
[   17.409720] PM: resume of devices complete after 544.392 msecs
[   17.479301] OOM killer enabled.
[   17.482439] Restarting tasks ... done.
root@(none):/# 
root@(none):/# rtcwake -d rtc1 -m mem -s 3
rtcwake: assuming RTC uses UTC ...
rtcwake: wakeup from "mem" using /dev/rtc1 at Thu Jan  1 00:00:42 1970
[   18.175519] PM: Syncing filesystems ... done.
[   18.220789] Freezing user space processes ... (elapsed 0.001 seconds) done.
[   18.229206] OOM killer disabled.
[   18.232541] Freezing remaining freezable tasks ... (elapsed 0.001 seconds) done.
[   18.241579] Suspending console(s) (use no_console_suspend to debug)
[   18.297995] PM: suspend of devices complete after 47.755 msecs
[   18.302883] PM: late suspend of devices complete after 4.856 msecs
[   18.331169] PM: noirq suspend of devices complete after 28.254 msecs
[   18.331182] Disabling non-boot CPUs ...
[   18.401947] IRQ294 no longer affine to CPU1
[   18.448961] Entering suspend state LP1
[   18.448961] Suspended for 3.350 seconds
[   18.449009] Enabling non-boot CPUs ...
[   18.480088] CPU1 is up
[   18.481488] pcieport 0000:00:01.0: nv_msi_ht_cap_quirk didn't locate host bridge
[   18.510871] PM: noirq resume of devices complete after 30.749 msecs
[   18.514449] PM: early resume of devices complete after 3.008 msecs
[   19.059292] PM: resume of devices complete after 544.810 msecs
[   19.128808] OOM killer enabled.
[   19.131947] Restarting tasks ... done.
root@(none):/# 
root@(none):/# rtcwake -d rtc1 -m mem -s 3
rtcwake: assuming RTC uses UTC ...
rtcwake: wakeup from "mem" using /dev/rtc1 at Thu Jan  1 00:00:47 1970
[   19.825654] PM: Syncing filesystems ... done.
[   19.870920] Freezing user space processes ... (elapsed 0.001 seconds) done.
[   19.879331] OOM killer disabled.
[   19.882665] Freezing remaining freezable tasks ... (elapsed 0.001 seconds) done.
[   19.891707] Suspending console(s) (use no_console_suspend to debug)
[   19.947996] PM: suspend of devices complete after 47.674 msecs
[   19.952871] PM: late suspend of devices complete after 4.843 msecs
[   19.981051] PM: noirq suspend of devices complete after 28.148 msecs
[   19.981063] Disabling non-boot CPUs ...
[   20.021886] IRQ294 no longer affine to CPU1
[   20.068931] Entering suspend state LP1
[   20.068931] Suspended for 3.379 seconds
[   20.068979] Enabling non-boot CPUs ...
[   20.100034] CPU1 is up
[   20.101047] pci_generic_config_write32: 68 callbacks suppressed
[   20.101092] pci_bus 0000:00: 2-byte config write to 0000:00:01.0 offset 0x4c may corrupt adjacent RW1C bits
[   20.101139] pci_bus 0000:00: 2-byte config write to 0000:00:01.0 offset 0x88 may corrupt adjacent RW1C bits
[   20.101170] pci_bus 0000:00: 2-byte config write to 0000:00:01.0 offset 0x90 may corrupt adjacent RW1C bits
[   20.101199] pci_bus 0000:00: 2-byte config write to 0000:00:01.0 offset 0x98 may corrupt adjacent RW1C bits
[   20.101227] pci_bus 0000:00: 2-byte config write to 0000:00:01.0 offset 0x9c may corrupt adjacent RW1C bits
[   20.101309] pci_bus 0000:00: 2-byte config write to 0000:00:01.0 offset 0x52 may corrupt adjacent RW1C bits
[   20.101343] pci_bus 0000:00: 2-byte config write to 0000:00:01.0 offset 0x52 may corrupt adjacent RW1C bits
[   20.101375] pci_bus 0000:00: 2-byte config write to 0000:00:01.0 offset 0x5c may corrupt adjacent RW1C bits
[   20.101406] pci_bus 0000:00: 2-byte config write to 0000:00:01.0 offset 0x52 may corrupt adjacent RW1C bits
[   20.101468] pcieport 0000:00:01.0: nv_msi_ht_cap_quirk didn't locate host bridge
[   20.101974] pci_bus 0000:01: 2-byte config write to 0000:01:00.0 offset 0x44 may corrupt adjacent RW1C bits
[   20.130787] PM: noirq resume of devices complete after 30.719 msecs
[   20.134316] PM: early resume of devices complete after 2.957 msecs
[   20.679476] PM: resume of devices complete after 545.127 msecs
[   20.851984] OOM killer enabled.
[   20.855112] Restarting tasks ... done.
root@(none):/# 
root@(none):/# rtcwake -d rtc1 -m mem -s 3
rtcwake: assuming RTC uses UTC ...
rtcwake: wakeup from "mem" using /dev/rtc1 at Thu Jan  1 00:00:52 1970
[   21.445292] PM: Syncing filesystems ... done.
[   21.490484] Freezing user space processes ... (elapsed 0.001 seconds) done.
[   21.498919] OOM killer disabled.
[   21.502247] Freezing remaining freezable tasks ... (elapsed 0.001 seconds) done.
[   21.511323] Suspending console(s) (use no_console_suspend to debug)
[   21.567463] PM: suspend of devices complete after 47.498 msecs
[   21.572387] PM: late suspend of devices complete after 4.891 msecs
[   21.600945] PM: noirq suspend of devices complete after 28.527 msecs
[   21.600957] Disabling non-boot CPUs ...
[   21.641767] IRQ294 no longer affine to CPU1
[   21.688889] Entering suspend state LP1
[   21.688889] Suspended for 3.379 seconds
[   21.688936] Enabling non-boot CPUs ...
[   21.719951] CPU1 is up
[   21.721394] pcieport 0000:00:01.0: nv_msi_ht_cap_quirk didn't locate host bridge
[   21.750698] PM: noirq resume of devices complete after 30.713 msecs
[   21.754132] PM: early resume of devices complete after 2.860 msecs
[   22.289445] PM: resume of devices complete after 535.280 msecs
[   22.358838] OOM killer enabled.
[   22.361976] Restarting tasks ... done.
root@(none):/# 
root@(none):/# rtcwake -d rtc1 -m mem -s 3
rtcwake: assuming RTC uses UTC ...
rtcwake: wakeup from "mem" using /dev/rtc1 at Thu Jan  1 00:00:57 1970
[   23.065154] PM: Syncing filesystems ... done.
[   23.110343] Freezing user space processes ... (elapsed 0.001 seconds) done.
[   23.118780] OOM killer disabled.
[   23.122110] Freezing remaining freezable tasks ... (elapsed 0.001 seconds) done.
[   23.131179] Suspending console(s) (use no_console_suspend to debug)
[   23.188120] PM: suspend of devices complete after 48.319 msecs
[   23.193405] PM: late suspend of devices complete after 5.252 msecs
[   23.220907] PM: noirq suspend of devices complete after 27.471 msecs
[   23.220921] Disabling non-boot CPUs ...
[   23.291681] IRQ294 no longer affine to CPU1
[   23.338768] Entering suspend state LP1
[   23.338768] Suspended for 3.350 seconds
[   23.338816] Enabling non-boot CPUs ...
[   23.369865] CPU1 is up
[   23.372727] pcieport 0000:00:01.0: nv_msi_ht_cap_quirk didn't locate host bridge
[   23.400456] PM: noirq resume of devices complete after 30.557 msecs
[   23.403958] PM: early resume of devices complete after 2.933 msecs
[   23.939309] PM: resume of devices complete after 535.318 msecs
[   24.008680] OOM killer enabled.
[   24.011819] Restarting tasks ... done.
root@(none):/# 
root@(none):/# rtcwake -d rtc1 -m mem -s 3
rtcwake: assuming RTC uses UTC ...
rtcwake: wakeup from "mem" using /dev/rtc1 at Thu Jan  1 00:01:02 1970
[   24.714999] PM: Syncing filesystems ... done.
[   24.760259] Freezing user space processes ... (elapsed 0.001 seconds) done.
[   24.768694] OOM killer disabled.
[   24.772025] Freezing remaining freezable tasks ... (elapsed 0.001 seconds) done.
[   24.781087] Suspending console(s) (use no_console_suspend to debug)
[   24.837132] PM: suspend of devices complete after 47.383 msecs
[   24.841974] PM: late suspend of devices complete after 4.809 msecs
[   24.870771] PM: noirq suspend of devices complete after 28.765 msecs
[   24.870784] Disabling non-boot CPUs ...
[   24.911585] IRQ294 no longer affine to CPU1
[   24.958647] Entering suspend state LP1
[   24.958647] Suspended for 3.380 seconds
[   24.958695] Enabling non-boot CPUs ...
[   24.989714] CPU1 is up
[   24.991136] pcieport 0000:00:01.0: nv_msi_ht_cap_quirk didn't locate host bridge
[   25.020506] PM: noirq resume of devices complete after 30.759 msecs
[   25.023956] PM: early resume of devices complete after 2.875 msecs
[   25.559301] PM: resume of devices complete after 535.311 msecs
[   25.628819] OOM killer enabled.
[   25.631957] Restarting tasks ... done.
root@(none):/# 
root@(none):/# rtcwake -d rtc1 -m mem -s 3
rtcwake: assuming RTC uses UTC ...
rtcwake: wakeup from "mem" using /dev/rtc1 at Thu Jan  1 00:01:07 1970
[   26.344989] PM: Syncing filesystems ... done.
[   26.390154] Freezing user space processes ... (elapsed 0.001 seconds) done.
[   26.398584] OOM killer disabled.
[   26.401910] Freezing remaining freezable tasks ... (elapsed 0.001 seconds) done.
[   26.411014] Suspending console(s) (use no_console_suspend to debug)
[   26.454868] pci_generic_config_write32: 87 callbacks suppressed
[   26.454914] pci_bus 0000:00: 2-byte config write to 0000:00:01.0 offset 0x9c may corrupt adjacent RW1C bits
[   26.467277] PM: suspend of devices complete after 47.645 msecs
[   26.472207] PM: late suspend of devices complete after 4.898 msecs
[   26.476393] pci_bus 0000:01: 2-byte config write to 0000:01:00.0 offset 0x44 may corrupt adjacent RW1C bits
[   26.476450] pci_bus 0000:01: 2-byte config write to 0000:01:00.0 offset 0x44 may corrupt adjacent RW1C bits
[   26.500701] PM: noirq suspend of devices complete after 28.462 msecs
[   26.500714] Disabling non-boot CPUs ...
[   26.541376] IRQ294 no longer affine to CPU1
[   26.588603] Entering suspend state LP1
[   26.588603] Suspended for 3.369 seconds
[   26.588651] Enabling non-boot CPUs ...
[   26.619667] CPU1 is up
[   26.620565] pci_bus 0000:00: 2-byte config write to 0000:00:01.0 offset 0x4c may corrupt adjacent RW1C bits
[   26.620613] pci_bus 0000:00: 2-byte config write to 0000:00:01.0 offset 0x88 may corrupt adjacent RW1C bits
[   26.620645] pci_bus 0000:00: 2-byte config write to 0000:00:01.0 offset 0x90 may corrupt adjacent RW1C bits
[   26.620674] pci_bus 0000:00: 2-byte config write to 0000:00:01.0 offset 0x98 may corrupt adjacent RW1C bits
[   26.620702] pci_bus 0000:00: 2-byte config write to 0000:00:01.0 offset 0x9c may corrupt adjacent RW1C bits
[   26.620785] pci_bus 0000:00: 2-byte config write to 0000:00:01.0 offset 0x52 may corrupt adjacent RW1C bits
[   26.620818] pci_bus 0000:00: 2-byte config write to 0000:00:01.0 offset 0x52 may corrupt adjacent RW1C bits
[   26.620894] pcieport 0000:00:01.0: nv_msi_ht_cap_quirk didn't locate host bridge
[   26.650426] PM: noirq resume of devices complete after 30.724 msecs
[   26.653959] PM: early resume of devices complete after 2.957 msecs
[   27.199239] PM: resume of devices complete after 545.247 msecs
[   27.371930] OOM killer enabled.
[   27.375059] Restarting tasks ... done.
root@(none):/# 
root@(none):/# rtcwake -d rtc1 -m mem -s 3
rtcwake: assuming RTC uses UTC ...
rtcwake: wakeup from "mem" using /dev/rtc1 at Thu Jan  1 00:01:12 1970
[   27.974692] PM: Syncing filesystems ... done.
[   28.019851] Freezing user space processes ... (elapsed 0.001 seconds) done.
[   28.028368] OOM killer disabled.
[   28.031695] Freezing remaining freezable tasks ... (elapsed 0.001 seconds) done.
[   28.040773] Suspending console(s) (use no_console_suspend to debug)
[   28.097718] PM: suspend of devices complete after 48.318 msecs
[   28.102607] PM: late suspend of devices complete after 4.856 msecs
[   28.130616] PM: noirq suspend of devices complete after 27.974 msecs
[   28.130629] Disabling non-boot CPUs ...
[   28.171286] IRQ294 no longer affine to CPU1
[   28.218466] Entering suspend state LP1
[   28.218466] Suspended for 3.370 seconds
[   28.218514] Enabling non-boot CPUs ...
[   28.249547] CPU1 is up
[   28.251070] pcieport 0000:00:01.0: nv_msi_ht_cap_quirk didn't locate host bridge
[   28.280337] PM: noirq resume of devices complete after 30.755 msecs
[   28.283774] PM: early resume of devices complete after 2.862 msecs
[   28.828988] PM: resume of devices complete after 545.181 msecs
[   28.898442] OOM killer enabled.
[   28.901580] Restarting tasks ... done.
root@(none):/# 
root@(none):/# rtcwake -d rtc1 -m mem -s 3
rtcwake: assuming RTC uses UTC ...
rtcwake: wakeup from "mem" using /dev/rtc1 at Thu Jan  1 00:01:17 1970
[   29.604688] PM: Syncing filesystems ... done.
[   29.649772] Freezing user space processes ... (elapsed 0.001 seconds) done.
[   29.658293] OOM killer disabled.
[   29.661618] Freezing remaining freezable tasks ... (elapsed 0.001 seconds) done.
[   29.670693] Suspending console(s) (use no_console_suspend to debug)
[   29.726992] PM: suspend of devices complete after 47.666 msecs
[   29.731883] PM: late suspend of devices complete after 4.858 msecs
[   29.760498] PM: noirq suspend of devices complete after 28.584 msecs
[   29.760511] Disabling non-boot CPUs ...
[   29.821305] IRQ294 no longer affine to CPU1
[   29.868411] Entering suspend state LP1
[   29.868411] Suspended for 3.349 seconds
[   29.868459] Enabling non-boot CPUs ...
[   29.899439] CPU1 is up
[   29.902206] pcieport 0000:00:01.0: nv_msi_ht_cap_quirk didn't locate host bridge
[   29.940103] PM: noirq resume of devices complete after 40.630 msecs
[   29.943585] PM: early resume of devices complete after 2.911 msecs
[   30.478736] PM: resume of devices complete after 535.117 msecs
[   30.548112] OOM killer enabled.
[   30.551251] Restarting tasks ... done.
root@(none):/# 
root@(none):/# NVTB SYSTEM SUSPEND TEST COMPLETE
