[0000.746] [TegraBoot] (version 23.00.2015.14-mobile-1ef66670)
[0000.751] Processing in cold boot mode Bootloader 2
[0000.756] A01Q Bootrom Patch rev = 3
[0000.759] Power-up reason: pmu watchdog
[0000.763] No Battery Present
[0000.766] Platform has Ddr4 type ram
[0000.769] max77620 disabling SD1 Remote Sense
[0000.774] Setting Ddr voltage to 1125mv
[0000.778] Serial Number of Pmic Max77663: 0x40daf
[0000.786] Entering ramdump check
[0000.789] Get RamDumpCarveOut = 0x0
[0000.792] RamDumpCarveOut=0x0,  RamDumperFlag=0xe59ff3f8
[0000.797] Last reboot was clean, booting normally!
[0000.802] Sdram initialization is successful 
[0000.806] SecureOs Carveout Base=0xff800000 Size=0x00800000
[0000.811] GSC1 Carveout Base=0xff700000 Size=0x00100000
[0000.838] GSC2 Carveout Base=0xff600000 Size=0x00100000
[0000.864] GSC3 Carveout Base=0xff500000 Size=0x00100000
[0000.869] GSC4 Carveout Base=0xff400000 Size=0x00100000
[0000.874] GSC5 Carveout Base=0xff300000 Size=0x00100000
[0000.879] BpmpFw Carveout Base=0xff2c0000 Size=0x00040000
[0000.885] Lp0 Carveout Base=0xff2bf000 Size=0x00001000
[0000.900] RamDump Carveout Base=0xff23f000 Size=0x00080000
[0000.906] Platform-DebugCarveout: 0
[0000.909] Nck Carveout Base=0xff03f000 Size=0x00200000
[0000.958] Using GPT Primary to query partitions 
[0000.964] Loading Tboot-CPU binary
[0001.013] Verifying bootloader in OdmNonSecureSBK mode
[0001.022] Bootloader load address is 0xa0000000,                            entry address is 0xa0000258
[0001.032] Bootloader downloaded successfully.
[0001.036] Downloaded Tboot-CPU binary to 0xa0000258
[0001.041] MAX77620_GPIO1 Configured.
[0001.045] MAX77620_GPIO5 Configured.
[0001.048] CPU power rail is up
[0001.051] CPU clock enabled
[0001.055] Performing RAM repair
[0001.058] Updating A64 Warmreset Address to 0xa00002e9
[0001.079] Bootloader DTB Load Address: 0x83000000
[0001.096] Kernel DTB Load Address: 0x83080000
[0001.101] Loading cboot binary
[0001.195] Verifying bootloader in OdmNonSecureSBK mode
[0001.283] Bootloader load address is 0x8010fda8,                            entry address is 0x80110000
[0001.292] Bootloader downloaded successfully.
[0001.296] GPT: Partition NOT found ! 
[0001.300] Find Partition via GPT Failed
[0001.303] function NvTbootGetBinaryOffsets: 0x845208 error
[0001.309] Error in NvTbootLoadBinary: 0x845208 !
[0001.313] GPT: Partition NOT found ! 
[0001.316] No FB partition
[0001.319] Next binary entry address: 0x80110000 
[0001.323] BoardId: 2595
[0001.328] dram memory type is 3
[0001.334] WB0 init successful
[0001.361] Bpmp FW successfully loaded
[0001.364] Set NvDecSticky Bits
[0001.367] GSC1 address : ff700000
[0001.371] GSC2 address : ff600000
[0001.375] GSC3 address : ff500000
[0001.379] GSC4 address : ff400000
[0001.382] GSC5 address : ff300000
[0001.386] GSC MC Settings done
[0001.391] TOS old plaintext Image length 61440
[0001.397] *** Secure OS image signature not verified ***
[0001.402] Loading and Validation of Secure OS Successful
[0001.407] NvTbootPackSdramParams: start. 
[0001.412] NvTbootPackSdramParams: done. 
[0001.416] Tegraboot started after 738941 us
[0001.420] Basic modules init took 350082 us
[0001.424] Sec Bootdevice Read Time = 204 ms, Read Size = 8459 KB
[0001.430] Next stage binary read took 16199 us
[0001.434] Carveout took 252777 us
[0001.437] CPU initialization took 92321 us
[0001.441] Total time taken by TegraBoot 711379 us

[0001.446] Starting CPU & Halting co-processor 

64b[0001.581] LPDDR4 Training: Number of tables = 10
[0001.585] EMC Training (SRC-freq: 204000; DST-freq: 408000)
[0001.591] EMC Training Successful
[0001.595] EMC Training (SRC-freq: 204000; DST-freq: 665600)
[0001.600] EMC Training Successful
[0001.603] EMC Training (SRC-freq: 204000; DST-freq: 800000)
[0001.615] EMC Training Successful
[0001.618] EMC Training (SRC-freq: 204000; DST-freq: 1065600)
[0001.641] EMC Training Successful
[0001.644] EMC Training (SRC-freq: 204000; DST-freq: 1331200)
[0001.665] EMC Training Successful
[0001.668] EMC Training (SRC-freq: 204000; DST-freq: 1600000)
[0001.688] EMC Training Successful
[0001.691] Switching to 800000 KHz Success
[0001.724] LPDDR4 Training: Number of tables = 10


U-Boot 2015.07-rc2-g2ac3917 (Nov 09 2015 - 13:12:08 -0800)

TEGRA210
Model: NVIDIA P2371-0000
DRAM:  3 GiB
MC:   Tegra SD/MMC: 0, Tegra SD/MMC: 1
*** Warning - bad CRC, using default environment

In:    serial
Out:   serial
Err:   serial
Net:   Net Initialization Skipped
No ethernet found.
Hit any key to stop autoboot:  2  0 
Tegra210 (P2371-0000) # 
Tegra210 (P2371-0000) # ums 0 mmc 0
UMS: disk start sector: 0x0, count: 0x1d5a000
|/-\|/-\/-\|/-\/-\|/-\/-\|/-\/-\|/-\/-\|/-\/-\|/-\/-\|/-\/-\|/-\/-\|/-\/-\|/-\/-\|/-\/-\|/-\/-\|/-\/-\|/-\/-\|/-\/-\|/-\/-\|/-\/-\|/-\/-\|/-\CTRL+C - Operation aborted
Tegra210 (P2371-0000) # 
Tegra210 (P2371-0000) # env set fdt_copy_node_names /cpus:/psci
Tegra210 (P2371-0000) # setenv rootpart 1
Tegra210 (P2371-0000) # setenv devtype mmc
Tegra210 (P2371-0000) # setenv devnum 0
Tegra210 (P2371-0000) # part uuid ${devtype} ${devnum}:${rootpart} uuid
Tegra210 (P2371-0000) # setenv bootargs ignore_loglevel console=ttyS0,115200n8 earlycon=uart8250,mmio32,0x70006000 rw root=PARTUUID=00000000-0001-0000-788f-a75600000000 rootwait debug earlyprintk init=/bin/bash
Tegra210 (P2371-0000) # load ${devtype} ${devnum}:${rootpart} ${kernel_addr_r} /boot/Image.defconfig
15204864 bytes read in 802 ms (18.1 MiB/s)
Tegra210 (P2371-0000) # load ${devtype} ${devnum}:${rootpart} ${fdt_addr_r} /boot/tegra210-p2371-0000.dtb
44882 bytes read in 459 ms (94.7 KiB/s)
Tegra210 (P2371-0000) # load ${devtype} ${devnum}:${rootpart} ${ramdisk_addr_r} /boot/tegra-ramdisk.img
1627787 bytes read in 495 ms (3.1 MiB/s)
Tegra210 (P2371-0000) # ramdisk_size=${filesize}
Tegra210 (P2371-0000) # booti ${kernel_addr_r} - ${fdt_addr_r}
## Flattened Device Tree blob at 82000000
   Booting using the fdt blob at 0x82000000
   Using Device Tree in place at 0000000082000000, end 000000008200df51

Starting kernel ...

[    0.000000] Booting Linux on physical CPU 0x0
[    0.000000] Linux version 4.10.0-rc5-next-20170125-172571-gf37208bc (pwalmsley@tamien) (gcc version 4.9.2 20140904 (prerelease) (crosstool-NG linaro-1.13.1-4.9-2014.09 - Linaro GCC 4.9-2014.09) ) #1 SMP PREEMPT Thu Jan 26 06:29:17 PST 2017
[    0.000000] Boot CPU: AArch64 Processor [411fd071]
[    0.000000] debug: ignoring loglevel setting.
[    0.000000] earlycon: uart8250 at MMIO32 0x0000000070006000 (options '')
[    0.000000] bootconsole [uart8250] enabled
[    0.000000] efi: Getting EFI parameters from FDT:
[    0.000000] efi: UEFI not found.
[    0.000000] cma: Reserved 16 MiB at 0x00000000fe000000
[    0.000000] On node 0 totalpages: 782848
[    0.000000]   DMA zone: 8192 pages used for memmap
[    0.000000]   DMA zone: 0 pages reserved
[    0.000000]   DMA zone: 520704 pages, LIFO batch:31
[    0.000000]   Normal zone: 4096 pages used for memmap
[    0.000000]   Normal zone: 262144 pages, LIFO batch:31
[    0.000000] psci: probing for conduit method from DT.
[    0.000000] psci: PSCIv0.2 detected in firmware.
[    0.000000] psci: Using standard PSCI v0.2 function IDs
[    0.000000] psci: MIGRATE_INFO_TYPE not supported.
[    0.000000] percpu: Embedded 23 pages/cpu @ffff8000bff4f000 s56576 r8192 d29440 u94208
[    0.000000] pcpu-alloc: s56576 r8192 d29440 u94208 alloc=23*4096
[    0.000000] pcpu-alloc: [0] 0 [0] 1 [0] 2 [0] 3 
[    0.000000] Detected PIPT I-cache on CPU0
[    0.000000] CPU features: enabling workaround for ARM erratum 832075
[    0.000000] CPU features: enabling workaround for ARM erratum 834220
[    0.000000] Built 1 zonelists in Zone order, mobility grouping on.  Total pages: 770560
[    0.000000] Kernel command line: ignore_loglevel console=ttyS0,115200n8 earlycon=uart8250,mmio32,0x70006000 rw root=PARTUUID=00000000-0001-0000-788f-a75600000000 rootwait debug earlyprintk init=/bin/bash
[    0.000000] PID hash table entries: 4096 (order: 3, 32768 bytes)
[    0.000000] Dentry cache hash table entries: 524288 (order: 10, 4194304 bytes)
[    0.000000] Inode-cache hash table entries: 262144 (order: 9, 2097152 bytes)
[    0.000000] software IO TLB [mem 0xfa000000-0xfe000000] (64MB) mapped at [ffff80007a000000-ffff80007dffffff]
[    0.000000] Memory: 2977708K/3131392K available (8572K kernel code, 960K rwdata, 4164K rodata, 1088K init, 392K bss, 137300K reserved, 16384K cma-reserved)
[    0.000000] Virtual kernel memory layout:
[    0.000000]     modules : 0xffff000000000000 - 0xffff000008000000   (   128 MB)
[    0.000000]     vmalloc : 0xffff000008000000 - 0xffff7dffbfff0000   (129022 GB)
[    0.000000]       .text : 0xffff000008080000 - 0xffff0000088e0000   (  8576 KB)
[    0.000000]     .rodata : 0xffff0000088e0000 - 0xffff000008d00000   (  4224 KB)
[    0.000000]       .init : 0xffff000008d00000 - 0xffff000008e10000   (  1088 KB)
[    0.000000]       .data : 0xffff000008e10000 - 0xffff000008f00200   (   961 KB)
[    0.000000]        .bss : 0xffff000008f00200 - 0xffff000008f625b8   (   393 KB)
[    0.000000]     fixed   : 0xffff7dfffe7fd000 - 0xffff7dfffec00000   (  4108 KB)
[    0.000000]     PCI I/O : 0xffff7dfffee00000 - 0xffff7dffffe00000   (    16 MB)
[    0.000000]     vmemmap : 0xffff7e0000000000 - 0xffff800000000000   (  2048 GB maximum)
[    0.000000]               0xffff7e0000000000 - 0xffff7e0003000000   (    48 MB actual)
[    0.000000]     memory  : 0xffff800000000000 - 0xffff8000c0000000   (  3072 MB)
[    0.000000] SLUB: HWalign=64, Order=0-3, MinObjects=0, CPUs=4, Nodes=1
[    0.000000] Preemptible hierarchical RCU implementation.
[    0.000000] 	Build-time adjustment of leaf fanout to 64.
[    0.000000] 	RCU restricting CPUs from NR_CPUS=64 to nr_cpu_ids=4.
[    0.000000] RCU: Adjusting geometry for rcu_fanout_leaf=64, nr_cpu_ids=4
[    0.000000] NR_IRQS:64 nr_irqs:64 0
[    0.000000] GIC: Using split EOI/Deactivate mode
[    0.000000] /interrupt-controller@60004000: 192 interrupts forwarded to /interrupt-controller@50041000
[    0.000000] PLL_MB already enabled. Postponing set full defaults
[    0.000000] PLL_U already enabled. Postponing set full defaults
[    0.000000] PLL_P already enabled. Postponing set full defaults
[    0.000000] PLL_X already enabled. Postponing set full defaults
[    0.000000] boot misc1 0x0: expected 0x20
[    0.000000]  (comparison mask = 0xffffff)
[    0.000000] arm_arch_timer: Architected cp15 timer(s) running at 19.20MHz (phys).
[    0.000000] clocksource: arch_sys_counter: mask: 0xffffffffffffff max_cycles: 0x46d987e47, max_idle_ns: 440795202767 ns
[    0.000005] sched_clock: 56 bits at 19MHz, resolution 52ns, wraps every 4398046511078ns
[    0.008432] Console: colour dummy device 80x25
[    0.013047] Calibrating delay loop (skipped), value calculated using timer frequency.. 38.40 BogoMIPS (lpj=76800)
[    0.023672] pid_max: default: 32768 minimum: 301
[    0.028508] Security Framework initialized
[    0.032782] Mount-cache hash table entries: 8192 (order: 4, 65536 bytes)
[    0.039718] Mountpoint-cache hash table entries: 8192 (order: 4, 65536 bytes)
[    0.059157] ASID allocator initialised with 65536 entries
[    0.085643] Speedo Revision 4
[    0.088720] Tegra Revision: A01 SKU: 1 CPU Process: -22 SoC Process: -22
[    0.096417] EFI services will not be available.
[    0.117153] smp: Bringing up secondary CPUs ...
[    0.153986] Detected PIPT I-cache on CPU1
[    0.154024] CPU1: Booted secondary processor [411fd071]
[    0.186048] Detected PIPT I-cache on CPU2
[    0.186079] CPU2: Booted secondary processor [411fd071]
[    0.218118] Detected PIPT I-cache on CPU3
[    0.218149] CPU3: Booted secondary processor [411fd071]
[    0.218209] smp: Brought up 1 node, 4 CPUs
[    0.251068] SMP: Total of 4 processors activated.
[    0.255932] CPU features: detected feature: 32-bit EL0 Support
[    0.262013] CPU: All CPU(s) started at EL2
[    0.266265] alternatives: patching kernel code
[    0.274621] devtmpfs: initialized
[    0.285229] DMI not present or invalid.
[    0.289374] clocksource: jiffies: mask: 0xffffffff max_cycles: 0xffffffff, max_idle_ns: 7645041785100000 ns
[    0.299834] pinctrl core: initialized pinctrl subsystem
[    0.306653] NET: Registered protocol family 16
[    0.312794] cpuidle: using governor menu
[    0.317488] vdso: 2 pages (1 code @ ffff0000088e7000, 1 data @ ffff000008e15000)
[    0.325156] hw-breakpoint: found 6 breakpoint and 4 watchpoint registers.
[    0.332956] DMA: preallocated 256 KiB pool for atomic allocations
[    0.340735] Serial: AMBA PL011 UART driver
[    0.364246] HugeTLB registered 2 MB page size, pre-allocated 0 pages
[    0.372101] ACPI: Interpreter disabled.
[    0.377287] vgaarb: loaded
[    0.380856] SCSI subsystem initialized
[    0.384982] libata version 3.00 loaded.
[    0.389457] usbcore: registered new interface driver usbfs
[    0.395216] usbcore: registered new interface driver hub
[    0.400833] usbcore: registered new device driver usb
[    0.407015] pps_core: LinuxPPS API ver. 1 registered
[    0.412202] pps_core: Software ver. 5.3.6 - Copyright 2005-2007 Rodolfo Giometti <giometti@linux.it>
[    0.421701] PTP clock support registered
[    0.426069] dmi: Firmware registration failed.
[    0.430900] Advanced Linux Sound Architecture Driver Initialized.
[    0.437981] clocksource: Switched to clocksource arch_sys_counter
[    0.444397] VFS: Disk quotas dquot_6.6.0
[    0.448506] VFS: Dquot-cache hash table entries: 512 (order 0, 4096 bytes)
[    0.455864] pnp: PnP ACPI: disabled
[    0.468602] NET: Registered protocol family 2
[    0.473541] TCP established hash table entries: 32768 (order: 6, 262144 bytes)
[    0.481223] TCP bind hash table entries: 32768 (order: 7, 524288 bytes)
[    0.488331] TCP: Hash tables configured (established 32768 bind 32768)
[    0.495193] UDP hash table entries: 2048 (order: 4, 65536 bytes)
[    0.501465] UDP-Lite hash table entries: 2048 (order: 4, 65536 bytes)
[    0.508275] NET: Registered protocol family 1
[    0.513054] RPC: Registered named UNIX socket transport module.
[    0.519188] RPC: Registered udp transport module.
[    0.524064] RPC: Registered tcp transport module.
[    0.528933] RPC: Registered tcp NFSv4.1 backchannel transport module.
[    0.535617] PCI: CLS 0 bytes, default 128
[    0.540396] kvm [1]: 8-bit VMID
[    0.543661] kvm [1]: IDMAP page: 808c6000
[    0.547813] kvm [1]: HYP VA range: 800000000000:ffffffffffff
[    0.554666] kvm [1]: Hyp mode initialized successfully
[    0.560031] kvm [1]: vgic-v2@50044000
[    0.563931] kvm [1]: vgic interrupt IRQ1
[    0.568008] kvm [1]: virtual timer IRQ4
[    0.574346] futex hash table entries: 1024 (order: 5, 131072 bytes)
[    0.580919] audit: initializing netlink subsys (disabled)
[    0.586600] audit: type=2000 audit(0.527:1): state=initialized audit_enabled=0 res=1
[    0.587011] workingset: timestamp_bits=46 max_order=20 bucket_order=0
[    0.596172] squashfs: version 4.0 (2009/01/31) Phillip Lougher
[    0.596826] NFS: Registering the id_resolver key type
[    0.596844] Key type id_resolver registered
[    0.596847] Key type id_legacy registered
[    0.596859] nfs4filelayout_init: NFSv4 File Layout Driver Registering...
[    0.596991] 9p: Installing v9fs 9p2000 file system support
[    0.599303] Block layer SCSI generic (bsg) driver version 0.4 loaded (major 247)
[    0.599309] io scheduler noop registered
[    0.599482] io scheduler cfq registered (default)
[    0.599486] io scheduler mq-deadline registered
[    0.614485] tegra-apbdma 60020000.dma: Tegra20 APB DMA driver register 32 channels
[    0.615748] tegra-pmc 7000e400.pmc: i2c-thermtrip node not found, emergency thermal reset disabled.
[    0.616057] xenfs: not registering filesystem on non-xen platform
[    0.620231] Serial: 8250/16550 driver, 4 ports, IRQ sharing enabled
[    0.621785] console [ttyS0] disabled
[    0.688870] 70006000.serial: ttyS0 at MMIO 0x70006000 (irq = 312, base_baud = 25500000) is a Tegra
[    0.698203] console [ttyS0] enabled
[    0.698203] console [ttyS0] enabled
[    0.705295] bootconsole [uart8250] disabled
[    0.705295] bootconsole [uart8250] disabled
[    0.714169] SuperH (H)SCI(F) driver initialized
[    0.718939] msm_serial: driver initialized
[    0.723365] cacheinfo: Unable to detect cache hierarchy for CPU 0
[    0.733602] loop: module loaded
[    0.737229] hisi_sas: driver version v1.6
[    0.742957] libphy: Fixed MDIO Bus: probed
[    0.747346] tun: Universal TUN/TAP device driver, 1.6
[    0.752401] tun: (C) 1999-2004 Max Krasnyansky <maxk@qualcomm.com>
[    0.759258] e1000e: Intel(R) PRO/1000 Network Driver - 3.2.6-k
[    0.765099] e1000e: Copyright(c) 1999 - 2015 Intel Corporation.
[    0.771064] igb: Intel(R) Gigabit Ethernet Network Driver - version 5.4.0-k
[    0.778023] igb: Copyright (c) 2007-2014 Intel Corporation.
[    0.783635] igbvf: Intel(R) Gigabit Virtual Function Network Driver - version 2.4.0-k
[    0.791463] igbvf: Copyright (c) 2009 - 2012 Intel Corporation.
[    0.797424] sky2: driver version 1.30
[    0.801447] VFIO - User Level meta-driver version: 0.3
[    0.807525] ehci_hcd: USB 2.0 'Enhanced' Host Controller (EHCI) Driver
[    0.814059] ehci-pci: EHCI PCI platform driver
[    0.818541] ehci-platform: EHCI generic platform driver
[    0.823843] ehci-exynos: EHCI EXYNOS driver
[    0.828093] ehci-msm: Qualcomm On-Chip EHCI Host Controller
[    0.833725] ohci_hcd: USB 1.1 'Open' Host Controller (OHCI) Driver
[    0.839919] ohci-pci: OHCI PCI platform driver
[    0.844408] ohci-platform: OHCI generic platform driver
[    0.849701] ohci-exynos: OHCI EXYNOS driver
[    0.854219] usbcore: registered new interface driver usb-storage
[    0.860916] mousedev: PS/2 mouse device common for all mice
[    0.867347] tegra_rtc 7000e000.rtc: rtc core: registered 7000e000.rtc as rtc1
[    0.874522] tegra_rtc 7000e000.rtc: Tegra internal Real Time Clock
[    0.880807] i2c /dev entries driver
[    0.886087] sdhci: Secure Digital Host Controller Interface driver
[    0.892271] sdhci: Copyright(c) Pierre Ossman
[    0.896806] Synopsys Designware Multimedia Card Interface Driver
[    0.903227] sdhci-pltfm: SDHCI platform and OF driver helper
[    0.909095] mmc0: Unknown controller version (3). You may experience problems.
[    0.962009] mmc0: SDHCI controller on 700b0600.sdhci [700b0600.sdhci] using ADMA 64-bit
[    0.970600] ledtrig-cpu: registered to indicate activity on CPUs
[    0.982696] usbcore: registered new interface driver usbhid
[    0.988306] usbhid: USB HID core driver
[    0.993546] NET: Registered protocol family 17
[    0.998095] 9pnet: Installing 9P2000 support
[    1.003479] Key type dns_resolver registered
[    1.014384] registered taskstats version 1
[    1.025608] hctosys: unable to open rtc device (rtc0)
[    1.031187] ALSA device list:
[    1.034169]   No soundcards found.
[    1.037807] Waiting for root device PARTUUID=00000000-0001-0000-788f-a75600000000...
[    1.058537] mmc0: new high speed MMC card at address 0001
[    1.064334] mmcblk0: mmc0:0001 SDW16G 14.7 GiB 
[    1.069056] mmcblk0boot0: mmc0:0001 SDW16G partition 1 4.00 MiB
[    1.075159] mmcblk0boot1: mmc0:0001 SDW16G partition 2 4.00 MiB
[    1.085264] mmcblk0rpmb: mmc0:0001 SDW16G partition 3 4.00 MiB
[    1.093437]  mmcblk0: p1 p2 p3 p4 p5 p6 p7 p8 p9 p10 p11 p12 p13 p14 p15 p16 p17 p18
[    1.115957] EXT4-fs (mmcblk0p1): couldn't mount as ext3 due to feature incompatibilities
[    1.140592] EXT4-fs (mmcblk0p1): mounted filesystem with ordered data mode. Opts: (null)
[    1.148712] VFS: Mounted root (ext4 filesystem) on device 179:1.
[    1.159944] devtmpfs: mounted
[    1.163493] Freeing unused kernel memory: 1088K
bash: cannot set terminal process group (-1): Inappropriate ioctl for device
bash: no job contr[    1.328579] random: fast init done
ol in this shell
root@(none):/# 