
U-Boot SPL 2014.01-00219-gc4d376f (Feb 18 2014 - 19:57:32)


U-Boot 2014.01-00219-gc4d376f (Feb 18 2014 - 19:57:32)

TEGRA114
Board: NVIDIA Dalmore
I2C:   ready
DRAM:  2 GiB
MMC:   Tegra SD/MMC: 0, Tegra SD/MMC: 1
In:    serial
Out:   serial
Err:   serial
Net:   Net Initialization Skipped
No ethernet found.
Hit any key to stop autoboot:  2  0 
Tegra114 (Dalmore) # 
Tegra114 (Dalmore) # usb reset
(Re)start USB...
USB0:   USB EHCI 1.10
scanning bus 0 for devices... 2 USB Device(s) found
       scanning usb for storage devices... 0 Storage Device(s) found
       scanning usb for ethernet devices... 
Warning: asx0 using MAC address from net device
1 Ethernet Device(s) found
Tegra114 (Dalmore) # setenv bootargs 'ignore_loglevel console=ttyS0,115200n8 rw root=/dev/mmcblk0p1 rootwait gpt debug init=/bin/bash'
Tegra114 (Dalmore) # setenv ipaddr 192.168.100.100; setenv serverip 192.168.100.1; setenv tftpserverip 192.168.100.1
Tegra114 (Dalmore) # tftpboot 0x81000000 zImage.multi_v7_defconfig
Waiting for Ethernet connection... done.
Using asx0 device
TFTP from server 192.168.100.1; our IP address is 192.168.100.100
Filename 'zImage.multi_v7_defconfig'.
Load address: 0x81000000
Loading: *#################################################################
	 #################################################################
	 #################################################################
	 #################################################################
	 #################################################################
	 #################################################################
	 ####################################
	 3.4 MiB/s
done
Bytes transferred = 6244560 (5f48d0 hex)
Tegra114 (Dalmore) # tftpboot 0x82000000 tegra114-dalmore.dtb
Using asx0 device
TFTP from server 192.168.100.1; our IP address is 192.168.100.100
Filename 'tegra114-dalmore.dtb'.
Load address: 0x82000000
Loading: *###
	 3 MiB/s
done
Bytes transferred = 34894 (884e hex)
Tegra114 (Dalmore) # bootz 0x81000000 - 0x82000000
Kernel image @ 0x81000000 [ 0x000000 - 0x5f48d0 ]
## Flattened Device Tree blob at 82000000
   Booting using the fdt blob at 0x82000000
   Loading Device Tree to 8fff4000, end 8ffff84d ... OK

Starting kernel ...

[    0.000000] Booting Linux on physical CPU 0x0
[    0.000000] Linux version 4.1.0-rc1-next-20150501-13857-gc387940 (pwalmsley@sellafield) (gcc version 4.7.3 20130328 (prerelease) (crosstool-NG linaro-1.13.1-4.7-2013.04-20130415 - Linaro GCC 2013.04) ) #1 SMP Fri May 1 03:02:33 PDT 2015
[    0.000000] CPU: ARMv7 Processor [412fc0f2] revision 2 (ARMv7), cr=10c5387d
[    0.000000] CPU: PIPT / VIPT nonaliasing data cache, PIPT instruction cache
[    0.000000] Machine model: NVIDIA Tegra114 Dalmore evaluation board
[    0.000000] debug: ignoring loglevel setting.
[    0.000000] earlycon: no match for ttyS0,115200n8
[    0.000000] cma: Reserved 64 MiB at 0xfb800000
[    0.000000] Memory policy: Data cache writealloc
[    0.000000] On node 0 totalpages: 524032
[    0.000000] free_area_init_node: node 0, pgdat c0f27400, node_mem_map ee7f8000
[    0.000000]   DMA zone: 1520 pages used for memmap
[    0.000000]   DMA zone: 0 pages reserved
[    0.000000]   DMA zone: 194560 pages, LIFO batch:31
[    0.000000]   HighMem zone: 329472 pages, LIFO batch:31
[    0.000000] PERCPU: Embedded 12 pages/cpu @ee7a3000 s17024 r8192 d23936 u49152
[    0.000000] pcpu-alloc: s17024 r8192 d23936 u49152 alloc=12*4096
[    0.000000] pcpu-alloc: [0] 0 [0] 1 [0] 2 [0] 3 
[    0.000000] Built 1 zonelists in Zone order, mobility grouping on.  Total pages: 522512
[    0.000000] Kernel command line: ignore_loglevel console=ttyS0,115200n8 rw root=/dev/mmcblk0p1 rootwait gpt debug init=/bin/bash
[    0.000000] PID hash table entries: 4096 (order: 2, 16384 bytes)
[    0.000000] Dentry cache hash table entries: 131072 (order: 7, 524288 bytes)
[    0.000000] Inode-cache hash table entries: 65536 (order: 6, 262144 bytes)
[    0.000000] Memory: 1999236K/2096128K available (8016K kernel code, 1020K rwdata, 3580K rodata, 820K init, 317K bss, 31356K reserved, 65536K cma-reserved, 1252352K highmem)
[    0.000000] Virtual kernel memory layout:
[    0.000000]     vector  : 0xffff0000 - 0xffff1000   (   4 kB)
[    0.000000]     fixmap  : 0xffc00000 - 0xfff00000   (3072 kB)
[    0.000000]     vmalloc : 0xf0000000 - 0xff000000   ( 240 MB)
[    0.000000]     lowmem  : 0xc0000000 - 0xef800000   ( 760 MB)
[    0.000000]     pkmap   : 0xbfe00000 - 0xc0000000   (   2 MB)
[    0.000000]     modules : 0xbf000000 - 0xbfe00000   (  14 MB)
[    0.000000]       .text : 0xc0208000 - 0xc0d5c094   (11601 kB)
[    0.000000]       .init : 0xc0d5d000 - 0xc0e2a000   ( 820 kB)
[    0.000000]       .data : 0xc0e2a000 - 0xc0f293e0   (1021 kB)
[    0.000000]        .bss : 0xc0f2c000 - 0xc0f7b6a8   ( 318 kB)
[    0.000000] SLUB: HWalign=64, Order=0-3, MinObjects=0, CPUs=4, Nodes=1
[    0.000000] Hierarchical RCU implementation.
[    0.000000] 	Additional per-CPU info printed with stalls.
[    0.000000] 	RCU restricting CPUs from NR_CPUS=16 to nr_cpu_ids=4.
[    0.000000] RCU: Adjusting geometry for rcu_fanout_leaf=16, nr_cpu_ids=4
[    0.000000] NR_IRQS:16 nr_irqs:16 16
[    0.000000] /interrupt-controller@60004000: 160 interrupts forwarded to /interrupt-controller@50041000
[    0.000000] L2C: failed to init: -19
[    0.000009] sched_clock: 32 bits at 1000kHz, resolution 1000ns, wraps every 2147483647500ns
[    0.000029] clocksource timer_us: mask: 0xffffffff max_cycles: 0xffffffff, max_idle_ns: 1911260446275 ns
[    0.000043] Switching to timer-based delay loop, resolution 1000ns
[    0.002648] Architected cp15 timer(s) running at 12.00MHz (virt).
[    0.002666] clocksource arch_sys_counter: mask: 0xffffffffffffff max_cycles: 0x2c47f4ee7, max_idle_ns: 440795202497 ns
[    0.002684] sched_clock: 56 bits at 12MHz, resolution 83ns, wraps every 4398046511096ns
[    0.002697] Switching to timer-based delay loop, resolution 83ns
[    0.003037] Console: colour dummy device 80x30
[    0.003062] Calibrating delay loop (skipped), value calculated using timer frequency.. 24.00 BogoMIPS (lpj=60000)
[    0.003076] pid_max: default: 32768 minimum: 301
[    0.003189] Mount-cache hash table entries: 2048 (order: 1, 8192 bytes)
[    0.003201] Mountpoint-cache hash table entries: 2048 (order: 1, 8192 bytes)
[    0.003815] CPU: Testing write buffer coherency: ok
[    0.004026] /cpus/cpu@0 missing clock-frequency property
[    0.004055] /cpus/cpu@1 missing clock-frequency property
[    0.004083] /cpus/cpu@2 missing clock-frequency property
[    0.004112] /cpus/cpu@3 missing clock-frequency property
[    0.004123] CPU0: thread -1, cpu 0, socket 0, mpidr 80000000
[    0.004176] Setting up static identity map for 0x80209000 - 0x80209098
[    0.006306] Tegra Revision: A01 SKU: 0 CPU Process: 1 Core Process: 0
[    0.007471] CPU1: thread -1, cpu 1, socket 0, mpidr 80000001
[    0.008099] CPU2: thread -1, cpu 2, socket 0, mpidr 80000002
[    0.008708] CPU3: thread -1, cpu 3, socket 0, mpidr 80000003
[    0.008772] Brought up 4 CPUs
[    0.008793] SMP: Total of 4 processors activated (96.00 BogoMIPS).
[    0.008801] CPU: All CPU(s) started in SVC mode.
[    0.009345] devtmpfs: initialized
[    0.010203] VFP support v0.3: implementor 41 architecture 4 part 30 variant f rev 0
[    0.010659] clocksource jiffies: mask: 0xffffffff max_cycles: 0xffffffff, max_idle_ns: 9556302231375000 ns
[    0.012270] pinctrl core: initialized pinctrl subsystem
[    0.024000] NET: Registered protocol family 16
[    0.026111] DMA: preallocated 256 KiB pool for atomic coherent allocations
[    0.042556] cpuidle: using governor ladder
[    0.057574] cpuidle: using governor menu
[    0.072138] No ATAGs?
[    0.072176] hw-breakpoint: found 5 (+1 reserved) breakpoint and 4 watchpoint registers.
[    0.072187] hw-breakpoint: maximum watchpoint size is 8 bytes.
[    0.075706] Serial: AMBA PL011 UART driver
[    0.101556] dvdd_ts: Failed to request enable GPIO61: -517
[    0.101687] reg-fixed-voltage regulators:regulator@1: Failed to register regulator: -517
[    0.101908] usb1_vbus: Failed to request enable GPIO108: -517
[    0.102026] reg-fixed-voltage regulators:regulator@3: Failed to register regulator: -517
[    0.102245] usb2_vbus: Failed to request enable GPIO86: -517
[    0.102359] reg-fixed-voltage regulators:regulator@4: Failed to register regulator: -517
[    0.102909] VDD_5V0_HDMI_CON: Failed to request enable GPIO81: -517
[    0.103027] reg-fixed-voltage regulators:regulator@7: Failed to register regulator: -517
[    0.105579] vgaarb: loaded
[    0.106283] SCSI subsystem initialized
[    0.106465] libata version 3.00 loaded.
[    0.106806] usbcore: registered new interface driver usbfs
[    0.106877] usbcore: registered new interface driver hub
[    0.106955] usbcore: registered new device driver usb
[    0.110574] tps65090 2-0048: No cache defaults, reading back from HW
[    0.116709] palmas 2-0058: Irq flag is 0x00000000
[    0.119899] palmas 2-0058: Muxing GPIO ff, PWM 0, LED 0
[    0.129395] sdhci-vdd-sd-slot: ramp_delay not set
[    0.155698] media: Linux media interface: v0.10
[    0.155769] Linux video capture interface: v2.00
[    0.155820] pps_core: LinuxPPS API ver. 1 registered
[    0.155829] pps_core: Software ver. 5.3.6 - Copyright 2005-2007 Rodolfo Giometti <giometti@linux.it>
[    0.155859] PTP clock support registered
[    0.156111] EDAC MC: Ver: 3.0.0
[    0.157350] Advanced Linux Sound Architecture Driver Initialized.
[    0.158474] Switched to clocksource arch_sys_counter
[    0.168709] NET: Registered protocol family 2
[    0.169316] TCP established hash table entries: 8192 (order: 3, 32768 bytes)
[    0.169407] TCP bind hash table entries: 8192 (order: 4, 65536 bytes)
[    0.169594] TCP: Hash tables configured (established 8192 bind 8192)
[    0.169646] UDP hash table entries: 512 (order: 2, 16384 bytes)
[    0.169688] UDP-Lite hash table entries: 512 (order: 2, 16384 bytes)
[    0.169866] NET: Registered protocol family 1
[    0.170159] RPC: Registered named UNIX socket transport module.
[    0.170169] RPC: Registered udp transport module.
[    0.170177] RPC: Registered tcp transport module.
[    0.170185] RPC: Registered tcp NFSv4.1 backchannel transport module.
[    0.170204] PCI: CLS 0 bytes, default 64
[    0.172650] futex hash table entries: 1024 (order: 4, 65536 bytes)
[    0.185946] squashfs: version 4.0 (2009/01/31) Phillip Lougher
[    0.186889] NFS: Registering the id_resolver key type
[    0.186920] Key type id_resolver registered
[    0.186929] Key type id_legacy registered
[    0.186998] ntfs: driver 2.1.32 [Flags: R/O].
[    0.188151] bounce: pool size: 64 pages
[    0.188375] Block layer SCSI generic (bsg) driver version 0.4 loaded (major 248)
[    0.188394] io scheduler noop registered
[    0.188410] io scheduler deadline registered
[    0.188649] io scheduler cfq registered (default)
[    0.207289] vdd-lcd-bl: supplied by vdd_ac_bat
[    0.208980] tegra-ahb 6000c004.ahb: incorrect AHB base address in DT data - enabling workaround
[    0.214101] tegra-apbdma 6000a000.dma: Tegra20 APB DMA driver register 32 channels
[    0.214943] tegra-pmc 7000e400.pmc: i2c-thermtrip node not found, emergency thermal reset disabled.
[    0.281604] Serial: 8250/16550 driver, 4 ports, IRQ sharing disabled
[    0.283958] SuperH (H)SCI(F) driver initialized
[    0.284699] msm_serial: driver initialized
[    0.285654] console [ttyS0] disabled
[    0.285692] 70006300.serial: ttyS0 at MMIO 0x70006300 (irq = 329, base_baud = 25500000) is a Tegra
[    1.108097] console [ttyS0] enabled
[    1.112359] STMicroelectronics ASC driver initialized
[    1.119453] [drm] Initialized drm 1.1.0 20060810
[    1.125893] vdd-ao: supplied by vdd_ac_bat
[    1.130243] vddio-1v8: supplied by vdd-ao
[    1.134640] avdd-dsi-csi: supplied by vddio-1v8
[    1.141232] tegra-hdmi 54280000.hdmi: failed to get HDMI regulator
[    1.149178] vdd-sys-3v3: supplied by vdd_ac_bat
[    1.153932] avdd-lcd: supplied by vdd-sys-3v3
[    1.164547] loop: module loaded
[    1.173227] m25p80 spi32766.0: w25q32dw (4096 Kbytes)
[    1.181708] CAN device driver interface
[    1.186728] igb: Intel(R) Gigabit Ethernet Network Driver - version 5.2.15-k
[    1.193781] igb: Copyright (c) 2007-2014 Intel Corporation.
[    1.201441] pegasus: v0.9.3 (2013/04/25), Pegasus/Pegasus II USB Ethernet driver
[    1.208899] usbcore: registered new interface driver pegasus
[    1.214641] usbcore: registered new interface driver asix
[    1.220103] usbcore: registered new interface driver ax88179_178a
[    1.226256] usbcore: registered new interface driver cdc_ether
[    1.232171] usbcore: registered new interface driver smsc75xx
[    1.237998] usbcore: registered new interface driver smsc95xx
[    1.243811] usbcore: registered new interface driver net1080
[    1.249539] usbcore: registered new interface driver cdc_subset
[    1.255520] usbcore: registered new interface driver zaurus
[    1.261200] usbcore: registered new interface driver cdc_ncm
[    1.268636] ehci_hcd: USB 2.0 'Enhanced' Host Controller (EHCI) Driver
[    1.275178] ehci-pci: EHCI PCI platform driver
[    1.279692] ehci-platform: EHCI generic platform driver
[    1.285130] ehci-omap: OMAP-EHCI Host Controller driver
[    1.290506] ehci-orion: EHCI orion driver
[    1.294667] SPEAr-ehci: EHCI SPEAr driver
[    1.298831] ehci-st: EHCI STMicroelectronics driver
[    1.303861] ehci-exynos: EHCI EXYNOS driver
[    1.308201] tegra-ehci: Tegra EHCI driver
[    1.312546] ohci_hcd: USB 1.1 'Open' Host Controller (OHCI) Driver
[    1.318754] ohci-pci: OHCI PCI platform driver
[    1.323249] ohci-platform: OHCI generic platform driver
[    1.328650] ohci-omap3: OHCI OMAP3 driver
[    1.332793] SPEAr-ohci: OHCI SPEAr driver
[    1.336957] ohci-st: OHCI STMicroelectronics driver
[    1.342065] usbcore: registered new interface driver usb-storage
[    1.349578] mousedev: PS/2 mouse device common for all mice
[    1.360542] palmas-rtc 7000d000.i2c:tps65913@58:rtc: rtc core: registered 7000d000.i2c:tps659 as rtc0
[    1.371552] tegra_rtc 7000e000.rtc: rtc core: registered 7000e000.rtc as rtc1
[    1.378743] tegra_rtc 7000e000.rtc: Tegra internal Real Time Clock
[    1.385509] i2c /dev entries driver
[    1.391585] usbcore: registered new interface driver uvcvideo
[    1.397343] USB Video Class driver (1.1.1)
[    1.401459] gspca_main: v2.14.0 registered
[    1.406242] sbs-battery 0-000b: sbs_probe: Failed to get device status
[    1.412789] sbs-battery: probe of 0-000b failed with error -121
[    1.421059] vdd-sensor-2v85: supplied by vdd-sys-3v3
[    1.432162] sdhci: Secure Digital Host Controller Interface driver
[    1.438356] sdhci: Copyright(c) Pierre Ossman
[    1.444094] Synopsys Designware Multimedia Card Interface Driver
[    1.451144] sdhci-pltfm: SDHCI platform and OF driver helper
[    1.457497] sdhci-tegra 78000400.sdhci: Got CD GPIO
[    1.462402] sdhci-tegra 78000400.sdhci: Got WP GPIO
[    1.468401] sdhci-tegra 78000400.sdhci: No vmmc regulator found
[    1.474334] sdhci-tegra 78000400.sdhci: No vqmmc regulator found
[    1.480346] mmc0: Invalid maximum block size, assuming 512 bytes
[    1.518608] mmc0: SDHCI controller on 78000400.sdhci [78000400.sdhci] using ADMA
[    1.526267] sdhci-tegra 78000600.sdhci: No vmmc regulator found
[    1.532205] sdhci-tegra 78000600.sdhci: No vqmmc regulator found
[    1.538221] mmc1: Invalid maximum block size, assuming 512 bytes
[    1.578498] mmc1: SDHCI controller on 78000600.sdhci [78000600.sdhci] using ADMA
[    1.586980] ledtrig-cpu: registered to indicate activity on CPUs
[    1.593219] usbcore: registered new interface driver usbhid
[    1.598801] usbhid: USB HID core driver
[    1.606094] usbcore: registered new interface driver snd-usb-audio
[    1.672427] mmc1: MAN_BKOPS_EN bit is not set
[    1.679731] mmc1: new high speed MMC card at address 0001
[    1.685523] mmcblk0: mmc1:0001 SEM32G 29.1 GiB 
[    1.690174] mmcblk0boot0: mmc1:0001 SEM32G partition 1 4.00 MiB
[    1.696209] mmcblk0boot1: mmc1:0001 SEM32G partition 2 4.00 MiB
[    1.702241] mmcblk0rpmb: mmc1:0001 SEM32G partition 3 4.00 MiB
[    1.710640]  mmcblk0: p1 p2 p3 p4 p5 p6 p7 p8
[    2.026362] tegra30-i2s 70080400.i2s: DMA channels sourced from device 70080000.ahub
[    2.043047] tegra-snd-rt5640 sound: rt5640-aif1 <-> 70080400.i2s mapping ok
[    2.053512] input: NVIDIA Tegra Dalmore Headphones as /devices/soc0/sound/sound/card0/input0
[    2.063353] NET: Registered protocol family 17
[    2.067834] can: controller area network core (rev 20120528 abi 9)
[    2.074095] NET: Registered protocol family 29
[    2.078559] can: raw protocol (rev 20120528)
[    2.082831] can: broadcast manager protocol (rev 20120528 t)
[    2.088512] can: netlink gateway (rev 20130117) max_hops=1
[    2.094392] Key type dns_resolver registered
[    2.099268] ThumbEE CPU extension supported.
[    2.103565] Registering SWP/SWPB emulation handler
[    2.112783] vdd-sys-5v0: supplied by vdd_ac_bat
[    2.118075] VDD_5V0_HDMI_CON: supplied by vdd-sys-5v0
[    2.124718] vdd_hdmi_5v0: supplied by vdd-sys-5v0
[    2.132925] [drm] Supports vblank timestamp caching Rev 2 (21.10.2013).
[    2.139572] [drm] No driver support for vblank timestamp query.
[    2.203564] Console: switching to colour frame buffer device 240x75
[    2.231212] drm drm: fb0:  frame buffer device
[    2.235671] drm drm: registered panic notifier
[    2.253622] [drm] Initialized tegra 0.0.0 20120330 on minor 0
[    2.260348] usb2_vbus: supplied by vdd-sys-5v0
[    2.266838] tegra-ehci 7d008000.usb: EHCI Host Controller
[    2.272294] tegra-ehci 7d008000.usb: new USB bus registered, assigned bus number 1
[    2.280181] tegra-ehci 7d008000.usb: irq 339, io mem 0x7d008000
[    2.293599] tegra-ehci 7d008000.usb: USB 2.0 started, EHCI 1.10
[    2.300604] hub 1-0:1.0: USB hub found
[    2.304455] hub 1-0:1.0: 1 port detected
[    2.310246] input: gpio-keys as /devices/soc0/gpio-keys/input/input1
[    2.317882] palmas-rtc 7000d000.i2c:tps65913@58:rtc: setting system clock to 2000-10-06 05:27:01 UTC (970810021)
[    2.339490] vdd_cam_1v8_reg: disabling
[    2.343242] usb1_vbus: disabling
[    2.346518] dvdd_ts: disabling
[    2.351321] ALSA device list:
[    2.354332]   #0: NVIDIA Tegra Dalmore
[    2.359519] EXT4-fs (mmcblk0p1): mounting ext3 file system using the ext4 subsystem
[    2.385118] EXT4-fs (mmcblk0p1): recovery complete
[    2.389952] EXT4-fs (mmcblk0p1): mounted filesystem with ordered data mode. Opts: (null)
[    2.398127] VFS: Mounted root (ext3 filesystem) on device 179:1.
[    2.409124] devtmpfs: mounted
[    2.412738] Freeing unused kernel memory: 820K (c0d5d000 - c0e2a000)
bash: cannot set terminal process group (-1): Inappropriate ioctl for device
bash: no job control in this shell
root@(none):/# [    2.618679] usb 1-1: new high-speed USB device number 2 using tegra-ehci
