
U-Boot SPL 2015.04-rc3-00209-ga74ef40 (Mar 16 2015 - 14:43:39)


U-Boot 2015.04-rc3-00209-ga74ef40 (Mar 16 2015 - 14:43:39)

TEGRA20
Model: Compulab TrimSlice board
DRAM:  1 GiB
MMC:   Tegra SD/MMC: 0, Tegra SD/MMC: 1
SF: Detected W25Q80BL with page size 256 Bytes, erase size 4 KiB, total 1 MiB
tegra-pcie: PCI regions:
tegra-pcie:   I/O: 0x82000000-0x82010000
tegra-pcie:   non-prefetchable memory: 0xa0000000-0xa8000000
tegra-pcie:   prefetchable memory: 0xa8000000-0xc0000000
tegra-pcie: dual-mode configuration
tegra-pcie: probing port 0, using 2 lanes
In:    serial
Out:   serial
Err:   serial
Net:   RTL8169#0
Hit any key to stop autoboot:  2  0 
Tegra20 (TrimSlice) # 
Tegra20 (TrimSlice) # usb reset
resetting USB...
USB0:   USB EHCI 1.00
scanning bus 0 for devices... 3 USB Device(s) found
USB1:   USB EHCI 1.00
scanning bus 1 for devices... 1 USB Device(s) found
USB2:   lowlevel init failed
       scanning usb for storage devices... 0 Storage Device(s) found
       scanning usb for ethernet devices... 
Warning: asx0 using MAC address from net device
1 Ethernet Device(s) found
Tegra20 (TrimSlice) # setenv bootargs 'ignore_loglevel console=ttyS0,115200n8 rw root=PARTUUID=11eb23c1-01 rootwait gpt debug noinitrd earlyprintk init=/bin/bash'
Tegra20 (TrimSlice) # setenv ipaddr 192.168.100.103; setenv serverip 192.168.100.1; setenv tftpserverip 192.168.100.1
Tegra20 (TrimSlice) # tftpboot 0x00408000 zImage.multi_v7_defconfig
Using RTL8169#0 device
TFTP from server 192.168.100.1; our IP address is 192.168.100.103
Filename 'zImage.multi_v7_defconfig'.
Load address: 0x408000
Loading: *#################################################################
	 #################################################################
	 #################################################################
	 #################################################################
	 #################################################################
	 #################################################################
	 #################################################################
	 #########################################################
	 4 MiB/s
done
Bytes transferred = 7509488 (7295f0 hex)
Tegra20 (TrimSlice) # tftpboot 0x02408000 tegra20-trimslice.dtb
Using RTL8169#0 device
TFTP from server 192.168.100.1; our IP address is 192.168.100.103
Filename 'tegra20-trimslice.dtb'.
Load address: 0x2408000
Loading: *##
	 2.9 MiB/s
done
Bytes transferred = 21426 (53b2 hex)
Tegra20 (TrimSlice) # bootz 0x00408000 - 0x02408000
Kernel image @ 0x408000 [ 0x000000 - 0x7295f0 ]
## Flattened Device Tree blob at 02408000
   Booting using the fdt blob at 0x2408000
   Using Device Tree in place at 02408000, end 024103b1

Starting kernel ...

[    0.000000] Booting Linux on physical CPU 0x0
[    0.000000] Linux version 4.11.0-rc1-next-20170309-157496-g2e62da1 (pwalmsley@sellafield) (gcc version 4.7.3 20130328 (prerelease) (crosstool-NG linaro-1.13.1-4.7-2013.04-20130415 - Linaro GCC 2013.04) ) #1 SMP Fri Mar 17 09:00:18 PDT 2017
[    0.000000] CPU: ARMv7 Processor [411fc090] revision 0 (ARMv7), cr=10c5387d
[    0.000000] CPU: PIPT / VIPT nonaliasing data cache, VIPT aliasing instruction cache
[    0.000000] OF: fdt: Machine model: Compulab TrimSlice board
[    0.000000] debug: ignoring loglevel setting.
[    0.000000] efi: Getting EFI parameters from FDT:
[    0.000000] efi: UEFI not found.
[    0.000000] cma: Reserved 64 MiB at 0x3c000000
[    0.000000] Memory policy: Data cache writealloc
[    0.000000] On node 0 totalpages: 262144
[    0.000000] free_area_init_node: node 0, pgdat c15397c0, node_mem_map ef7f8000
[    0.000000]   DMA zone: 1536 pages used for memmap
[    0.000000]   DMA zone: 0 pages reserved
[    0.000000]   DMA zone: 196608 pages, LIFO batch:31
[    0.000000]   HighMem zone: 65536 pages, LIFO batch:15
[    0.000000] percpu: Embedded 16 pages/cpu @ef7c6000 s34368 r8192 d22976 u65536
[    0.000000] pcpu-alloc: s34368 r8192 d22976 u65536 alloc=16*4096
[    0.000000] pcpu-alloc: [0] 0 [0] 1 
[    0.000000] Built 1 zonelists in Zone order, mobility grouping on.  Total pages: 260608
[    0.000000] Kernel command line: ignore_loglevel console=ttyS0,115200n8 rw root=PARTUUID=11eb23c1-01 rootwait gpt debug noinitrd earlyprintk init=/bin/bash
[    0.000000] PID hash table entries: 4096 (order: 2, 16384 bytes)
[    0.000000] Dentry cache hash table entries: 131072 (order: 7, 524288 bytes)
[    0.000000] Inode-cache hash table entries: 65536 (order: 6, 262144 bytes)
[    0.000000] Memory: 954716K/1048576K available (10240K kernel code, 1260K rwdata, 4228K rodata, 2048K init, 407K bss, 28324K reserved, 65536K cma-reserved, 196608K highmem)
[    0.000000] Virtual kernel memory layout:
[    0.000000]     vector  : 0xffff0000 - 0xffff1000   (   4 kB)
[    0.000000]     fixmap  : 0xffc00000 - 0xfff00000   (3072 kB)
[    0.000000]     vmalloc : 0xf0800000 - 0xff800000   ( 240 MB)
[    0.000000]     lowmem  : 0xc0000000 - 0xf0000000   ( 768 MB)
[    0.000000]     pkmap   : 0xbfe00000 - 0xc0000000   (   2 MB)
[    0.000000]     modules : 0xbf000000 - 0xbfe00000   (  14 MB)
[    0.000000]       .text : 0xc0208000 - 0xc0d00000   (11232 kB)
[    0.000000]       .init : 0xc1200000 - 0xc1400000   (2048 kB)
[    0.000000]       .data : 0xc1400000 - 0xc153b120   (1261 kB)
[    0.000000]        .bss : 0xc153d000 - 0xc15a2cb8   ( 408 kB)
[    0.000000] SLUB: HWalign=64, Order=0-3, MinObjects=0, CPUs=2, Nodes=1
[    0.000000] Hierarchical RCU implementation.
[    0.000000] 	RCU debugfs-based tracing is enabled.
[    0.000000] 	RCU restricting CPUs from NR_CPUS=16 to nr_cpu_ids=2.
[    0.000000] RCU: Adjusting geometry for rcu_fanout_leaf=16, nr_cpu_ids=2
[    0.000000] NR_IRQS:16 nr_irqs:16 16
[    0.000000] /interrupt-controller@60004000: 128 interrupts forwarded to /interrupt-controller@50041000
[    0.000000] L2C: platform modifies aux control register: 0x02080000 -> 0x3e480001
[    0.000000] L2C: DT/platform modifies aux control register: 0x02080000 -> 0x3e480001
[    0.000000] L2C-310 errata 727915 769419 enabled
[    0.000000] L2C-310 enabling early BRESP for Cortex-A9
[    0.000000] L2C-310: enabling full line of zeros but not enabled in Cortex-A9
[    0.000000] L2C-310 ID prefetch enabled, offset 1 lines
[    0.000000] L2C-310 cache controller enabled, 8 ways, 1024 kB
[    0.000000] L2C-310: CACHE_ID 0x410000c4, AUX_CTRL 0x7e480001
[    0.000009] sched_clock: 32 bits at 1000kHz, resolution 1000ns, wraps every 2147483647500ns
[    0.000025] clocksource: timer_us: mask: 0xffffffff max_cycles: 0xffffffff, max_idle_ns: 1911260446275 ns
[    0.000035] Switching to timer-based delay loop, resolution 1000ns
[    0.001629] Console: colour dummy device 80x30
[    0.001653] Calibrating delay loop (skipped), value calculated using timer frequency.. 2.00 BogoMIPS (lpj=10000)
[    0.001665] pid_max: default: 32768 minimum: 301
[    0.001752] Mount-cache hash table entries: 2048 (order: 1, 8192 bytes)
[    0.001763] Mountpoint-cache hash table entries: 2048 (order: 1, 8192 bytes)
[    0.002173] CPU: Testing write buffer coherency: ok
[    0.002377] CPU0: thread -1, cpu 0, socket 0, mpidr 80000000
[    0.002535] Setting up static identity map for 0x300000 - 0x300098
[    0.003969] Tegra Revision: A03 prime SKU: 8 CPU Process: 1 SoC Process: 2
[    0.004342] EFI services will not be available.
[    0.004500] smp: Bringing up secondary CPUs ...
[    0.005036] CPU1: thread -1, cpu 1, socket 0, mpidr 80000001
[    0.005096] smp: Brought up 1 node, 2 CPUs
[    0.005108] SMP: Total of 2 processors activated (4.00 BogoMIPS).
[    0.005114] CPU: All CPU(s) started in SVC mode.
[    0.005754] devtmpfs: initialized
[    0.009490] VFP support v0.3: implementor 41 architecture 3 part 30 variant 9 rev 1
[    0.009698] clocksource: jiffies: mask: 0xffffffff max_cycles: 0xffffffff, max_idle_ns: 19112604462750000 ns
[    0.009713] futex hash table entries: 512 (order: 3, 32768 bytes)
[    0.012713] pinctrl core: initialized pinctrl subsystem
[    0.013967] NET: Registered protocol family 16
[    0.015982] DMA: preallocated 256 KiB pool for atomic coherent allocations
[    0.017460] cpuidle: using governor menu
[    0.035120] No ATAGs?
[    0.035188] hw-breakpoint: found 5 (+1 reserved) breakpoint and 1 watchpoint registers.
[    0.035199] hw-breakpoint: maximum watchpoint size is 4 bytes.
[    0.040454] Serial: AMBA PL011 UART driver
[    0.051661] AT91: Could not find identification node
[    0.052183] usb1_vbus: Failed to request enable GPIO170: -517
[    0.052199] reg-fixed-voltage regulators:regulator@2: Failed to register regulator: -517
[    0.055672] vgaarb: loaded
[    0.056238] SCSI subsystem initialized
[    0.056359] libata version 3.00 loaded.
[    0.056539] usbcore: registered new interface driver usbfs
[    0.056580] usbcore: registered new interface driver hub
[    0.056619] usbcore: registered new device driver usb
[    0.058567] pps_core: LinuxPPS API ver. 1 registered
[    0.058574] pps_core: Software ver. 5.3.6 - Copyright 2005-2007 Rodolfo Giometti <giometti@linux.it>
[    0.058596] PTP clock support registered
[    0.058734] EDAC MC: Ver: 3.0.0
[    0.060523] clocksource: Switched to clocksource timer_us
[    0.067516] NET: Registered protocol family 2
[    0.067926] TCP established hash table entries: 8192 (order: 3, 32768 bytes)
[    0.067997] TCP bind hash table entries: 8192 (order: 4, 65536 bytes)
[    0.068110] TCP: Hash tables configured (established 8192 bind 8192)
[    0.068210] UDP hash table entries: 512 (order: 2, 16384 bytes)
[    0.068254] UDP-Lite hash table entries: 512 (order: 2, 16384 bytes)
[    0.068414] NET: Registered protocol family 1
[    0.068660] RPC: Registered named UNIX socket transport module.
[    0.068668] RPC: Registered udp transport module.
[    0.068673] RPC: Registered tcp transport module.
[    0.068679] RPC: Registered tcp NFSv4.1 backchannel transport module.
[    0.068687] PCI: CLS 0 bytes, default 64
[    0.069475] hw perfevents: enabled with armv7_cortex_a9 PMU driver, 7 counters available
[    0.070921] workingset: timestamp_bits=30 max_order=18 bucket_order=0
[    0.077430] squashfs: version 4.0 (2009/01/31) Phillip Lougher
[    0.078017] NFS: Registering the id_resolver key type
[    0.078041] Key type id_resolver registered
[    0.078047] Key type id_legacy registered
[    0.078078] ntfs: driver 2.1.32 [Flags: R/O].
[    0.079231] bounce: pool size: 64 pages
[    0.079266] Block layer SCSI generic (bsg) driver version 0.4 loaded (major 248)
[    0.079274] io scheduler noop registered
[    0.079280] io scheduler deadline registered
[    0.079427] io scheduler cfq registered (default)
[    0.079434] io scheduler mq-deadline registered
[    0.090631] tegra-pcie 80003000.pcie-controller: dual-mode configuration
[    0.091313] tegra-pcie 80003000.pcie-controller: probing port 0, using 2 lanes
[    0.174668] tegra-pcie 80003000.pcie-controller: PCI host bridge to bus 0000:00
[    0.174680] pci_bus 0000:00: root bus resource [io  0x0000-0xffff]
[    0.174689] pci_bus 0000:00: root bus resource [mem 0xa0000000-0xa7ffffff]
[    0.174698] pci_bus 0000:00: root bus resource [mem 0xa8000000-0xbfffffff pref]
[    0.174706] pci_bus 0000:00: root bus resource [bus 00-ff]
[    0.174733] pci 0000:00:01.0: [10de:0bf0] type 01 class 0x060000
[    0.174760] pci_bus 0000:00: 2-byte config write to 0000:00:01.0 offset 0x88 may corrupt adjacent RW1C bits
[    0.174793] pci_bus 0000:00: 2-byte config write to 0000:00:01.0 offset 0x52 may corrupt adjacent RW1C bits
[    0.174816] pci 0000:00:01.0: PME# supported from D0 D1 D2 D3hot D3cold
[    0.174827] pci_bus 0000:00: 2-byte config write to 0000:00:01.0 offset 0x4c may corrupt adjacent RW1C bits
[    0.175014] pci_bus 0000:00: 2-byte config write to 0000:00:01.0 offset 0x3e may corrupt adjacent RW1C bits
[    0.175026] pci_bus 0000:00: 2-byte config write to 0000:00:01.0 offset 0x4 may corrupt adjacent RW1C bits
[    0.175036] pci_bus 0000:00: 1-byte config write to 0000:00:01.0 offset 0xc may corrupt adjacent RW1C bits
[    0.175042] PCI: bus0: Fast back to back transfers disabled
[    0.175051] pci 0000:00:01.0: bridge configuration invalid ([bus 00-00]), reconfiguring
[    0.175061] pci_bus 0000:00: 2-byte config write to 0000:00:01.0 offset 0x3e may corrupt adjacent RW1C bits
[    0.175071] pci_bus 0000:00: 2-byte config write to 0000:00:01.0 offset 0x3e may corrupt adjacent RW1C bits
[    0.175081] pci_bus 0000:00: 2-byte config write to 0000:00:01.0 offset 0x3e may corrupt adjacent RW1C bits
[    0.175091] pci_bus 0000:00: 2-byte config write to 0000:00:01.0 offset 0x6 may corrupt adjacent RW1C bits
[    0.175207] pci 0000:01:00.0: [10ec:8168] type 00 class 0x020000
[    0.175231] pci 0000:01:00.0: reg 0x10: [io  0x0000-0x00ff]
[    0.175256] pci 0000:01:00.0: reg 0x18: [mem 0x00000000-0x00000fff 64bit pref]
[    0.175274] pci 0000:01:00.0: reg 0x20: [mem 0x00000000-0x00003fff 64bit pref]
[    0.175288] pci 0000:01:00.0: reg 0x30: [mem 0x00000000-0x0001ffff pref]
[    0.175368] pci 0000:01:00.0: supports D1 D2
[    0.175376] pci 0000:01:00.0: PME# supported from D0 D1 D2 D3hot D3cold
[    0.200564] PCI: bus1: Fast back to back transfers disabled
[    0.200577] pci_bus 0000:01: busn_res: [bus 01-ff] end is updated to 01
[    0.200589] Disabling cpuidle LP2 state, since PCIe IRQs are in use
[    0.200649] pci 0000:00:01.0: BAR 8: assigned [mem 0xa0000000-0xa00fffff]
[    0.200661] pci 0000:00:01.0: BAR 9: assigned [mem 0xa8000000-0xa80fffff 64bit pref]
[    0.200671] pci 0000:00:01.0: BAR 7: assigned [io  0x1000-0x1fff]
[    0.200683] pci 0000:01:00.0: BAR 6: assigned [mem 0xa0000000-0xa001ffff pref]
[    0.200693] pci 0000:01:00.0: BAR 4: assigned [mem 0xa8000000-0xa8003fff 64bit pref]
[    0.200712] pci 0000:01:00.0: BAR 2: assigned [mem 0xa8004000-0xa8004fff 64bit pref]
[    0.200731] pci 0000:01:00.0: BAR 0: assigned [io  0x1000-0x10ff]
[    0.200742] pci 0000:00:01.0: PCI bridge to [bus 01]
[    0.200750] pci 0000:00:01.0:   bridge window [io  0x1000-0x1fff]
[    0.200759] pci 0000:00:01.0:   bridge window [mem 0xa0000000-0xa00fffff]
[    0.200768] pci 0000:00:01.0:   bridge window [mem 0xa8000000-0xa80fffff 64bit pref]
[    0.200790] pci 0000:00:01.0: nv_msi_ht_cap_quirk didn't locate host bridge
[    0.200839] pcieport 0000:00:01.0: enabling device (0140 -> 0143)
[    0.201016] pcieport 0000:00:01.0: Signaling PME with IRQ 295
[    0.206952] tegra-apbdma 6000a000.dma: Tegra20 APB DMA driver register 16 channels
[    0.255391] Serial: 8250/16550 driver, 4 ports, IRQ sharing disabled
[    0.257608] console [ttyS0] disabled
[    0.257642] 70006000.serial: ttyS0 at MMIO 0x70006000 (irq = 279, base_baud = 13500000) is a Tegra
[    1.312867] console [ttyS0] enabled
[    1.316927] SuperH (H)SCI(F) driver initialized
[    1.322187] msm_serial: driver initialized
[    1.326403] STMicroelectronics ASC driver initialized
[    1.336435] tegra-hdmi 54280000.hdmi: 54280000.hdmi supply hdmi not found, using dummy regulator
[    1.347141] [drm] Supports vblank timestamp caching Rev 2 (21.10.2013).
[    1.353756] [drm] No driver support for vblank timestamp query.
[    1.359692] [drm] Cannot find any crtc or sizes - going 1024x768
[    1.381859] Console: switching to colour frame buffer device 128x48
[    1.396537] drm drm: fb0:  frame buffer device
[    1.401030] [drm] Initialized tegra 0.0.0 20120330 for drm on minor 0
[    1.416398] brd: module loaded
[    1.425063] loop: module loaded
[    1.434012] m25p80 spi32766.0: found s25fl008k, expected w25q80bl
[    1.440098] m25p80 spi32766.0: s25fl008k (1024 Kbytes)
[    1.447434] libphy: Fixed MDIO Bus: probed
[    1.452331] CAN device driver interface
[    1.456821] bgmac_bcma: Broadcom 47xx GBit MAC driver loaded
[    1.463493] e1000e: Intel(R) PRO/1000 Network Driver - 3.2.6-k
[    1.469310] e1000e: Copyright(c) 1999 - 2015 Intel Corporation.
[    1.475279] igb: Intel(R) Gigabit Ethernet Network Driver - version 5.4.0-k
[    1.482236] igb: Copyright (c) 2007-2014 Intel Corporation.
[    1.488317] r8169 Gigabit Ethernet driver 2.3LK-NAPI loaded
[    1.493912] r8169 0000:01:00.0: enabling device (0140 -> 0143)
[    1.500570] r8169 0000:01:00.0 eth0: RTL8168d/8111d at 0xf08fc000, 00:01:c0:13:7d:63, XID 081000c0 IRQ 296
[    1.510206] r8169 0000:01:00.0 eth0: jumbo features [frames: 9200 bytes, tx checksumming: ko]
[    1.520878] pegasus: v0.9.3 (2013/04/25), Pegasus/Pegasus II USB Ethernet driver
[    1.528308] usbcore: registered new interface driver pegasus
[    1.534008] usbcore: registered new interface driver asix
[    1.539421] usbcore: registered new interface driver ax88179_178a
[    1.545542] usbcore: registered new interface driver cdc_ether
[    1.551417] usbcore: registered new interface driver smsc75xx
[    1.557185] usbcore: registered new interface driver smsc95xx
[    1.562968] usbcore: registered new interface driver net1080
[    1.568639] usbcore: registered new interface driver cdc_subset
[    1.574586] usbcore: registered new interface driver zaurus
[    1.580197] usbcore: registered new interface driver cdc_ncm
[    1.586123] tegra-phy c5004000.usb-phy: no vbus regulator
[    1.592612] tegra-phy c5008000.usb-phy: no vbus regulator
[    1.599274] ehci_hcd: USB 2.0 'Enhanced' Host Controller (EHCI) Driver
[    1.605805] ehci-pci: EHCI PCI platform driver
[    1.610273] ehci-platform: EHCI generic platform driver
[    1.615650] ehci-orion: EHCI orion driver
[    1.619748] SPEAr-ehci: EHCI SPEAr driver
[    1.623864] ehci-st: EHCI STMicroelectronics driver
[    1.628838] ehci-exynos: EHCI EXYNOS driver
[    1.633142] ehci-atmel: EHCI Atmel driver
[    1.637243] tegra-ehci: Tegra EHCI driver
[    1.701727] ulpi_phy_power_on: ulpi write failed
[    1.706334] tegra-ehci c5004000.usb: Failed to power on the phy
[    1.712270] tegra-ehci: probe of c5004000.usb failed with error -110
[    1.721244] tegra-ehci c5008000.usb: EHCI Host Controller
[    1.726647] tegra-ehci c5008000.usb: new USB bus registered, assigned bus number 1
[    1.734459] tegra-ehci c5008000.usb: irq 290, io mem 0xc5008000
[    1.760541] tegra-ehci c5008000.usb: USB 2.0 started, EHCI 1.00
[    1.767068] hub 1-0:1.0: USB hub found
[    1.770849] hub 1-0:1.0: 1 port detected
[    1.775075] ohci_hcd: USB 1.1 'Open' Host Controller (OHCI) Driver
[    1.781266] ohci-pci: OHCI PCI platform driver
[    1.785744] ohci-platform: OHCI generic platform driver
[    1.791129] ohci-omap3: OHCI OMAP3 driver
[    1.795231] SPEAr-ohci: OHCI SPEAr driver
[    1.799338] ohci-st: OHCI STMicroelectronics driver
[    1.804323] ohci-atmel: OHCI Atmel driver
[    1.808911] usbcore: registered new interface driver usb-storage
[    1.817517] rtc-em3027 2-0056: rtc core: registered rtc-em3027 as rtc0
[    1.825184] tegra_rtc 7000e000.rtc: rtc core: registered 7000e000.rtc as rtc1
[    1.832349] tegra_rtc 7000e000.rtc: Tegra internal Real Time Clock
[    1.838900] i2c /dev entries driver
[    1.851668] sdhci: Secure Digital Host Controller Interface driver
[    1.857832] sdhci: Copyright(c) Pierre Ossman
[    1.863351] Synopsys Designware Multimedia Card Interface Driver
[    1.870181] sdhci-pltfm: SDHCI platform and OF driver helper
[    1.876611] mmc0: Invalid maximum block size, assuming 512 bytes
[    1.940542] mmc0: SDHCI controller on c8000000.sdhci [c8000000.sdhci] using ADMA
[    1.948015] sdhci-tegra c8000600.sdhci: Got CD GPIO
[    1.952912] sdhci-tegra c8000600.sdhci: Got WP GPIO
[    1.957944] mmc1: Invalid maximum block size, assuming 512 bytes
[    2.020608] mmc1: SDHCI controller on c8000600.sdhci [c8000600.sdhci] using ADMA
[    2.029368] ledtrig-cpu: registered to indicate activity on CPUs
[    2.035651] usbcore: registered new interface driver usbhid
[    2.041226] usbhid: USB HID core driver
[    2.048197] NET: Registered protocol family 10
[    2.053552] Segment Routing with IPv6
[    2.057247] sit: IPv6, IPv4 and MPLS over IPv4 tunneling driver
[    2.063694] NET: Registered protocol family 17
[    2.068133] can: controller area network core (rev 20120528 abi 9)
[    2.074481] NET: Registered protocol family 29
[    2.078913] can: raw protocol (rev 20120528)
[    2.083189] can: broadcast manager protocol (rev 20161123 t)
[    2.088836] can: netlink gateway (rev 20130117) max_hops=1
[    2.094636] Key type dns_resolver registered
[    2.099262] ThumbEE CPU extension supported.
[    2.103546] Registering SWP/SWPB emulation handler
[    2.116268] utmi_phy_clk_enable: timeout waiting for phy to stabilize
[    2.119436] mmc0: host does not support reading read-only switch, assuming write-enable
[    2.121263] mmc0: new high speed SDHC card at address b368
[    2.130905] mmcblk0: mmc0:b368 NCard 3.70 GiB 
[    2.140668] tegra-ehci c5000000.usb: EHCI Host Controller
[    2.142377]  mmcblk0: p1
[    2.148592] tegra-ehci c5000000.usb: new USB bus registered, assigned bus number 2
[    2.156460] tegra-ehci c5000000.usb: irq 288, io mem 0xc5000000
[    2.170571] usb 1-1: new high-speed USB device number 2 using tegra-ehci
[    2.200569] tegra-ehci c5000000.usb: USB 2.0 started, EHCI 1.00
[    2.207371] hub 2-0:1.0: USB hub found
[    2.211181] hub 2-0:1.0: 1 port detected
[    2.216369] input: gpio-keys as /devices/soc0/gpio-keys/input/input0
[    2.223437] rtc-em3027 2-0056: hctosys: unable to read the hardware clock
[    2.232165] EXT4-fs (mmcblk0p1): mounting ext3 file system using the ext4 subsystem
[    2.239553] mmc1: new high speed SD card at address b368
[    2.240050] mmcblk1: mmc1:b368 NCard 1.83 GiB (ro)
[    2.242735]  mmcblk1: p1 p2
[    2.391690] hub 1-1:1.0: USB hub found
[    2.395615] hub 1-1:1.0: 4 ports detected
[    2.490045] EXT4-fs (mmcblk0p1): recovery complete
[    2.566490] EXT4-fs (mmcblk0p1): mounted filesystem with ordered data mode. Opts: (null)
[    2.574693] VFS: Mounted root (ext3 filesystem) on device 179:1.
[    2.584859] devtmpfs: mounted
[    2.593476] Freeing unused kernel memory: 2048K
[    2.636528] random: fast init done
[    2.720973] usb 1-1.2: new high-speed USB device number 3 using tegra-ehci
bash: cannot set terminal process group (-1): Inappropriate ioctl for device
bash: no job control in this shell
root@(none):/# [    3.373651] asix 1-1.2:1.0 eth1: register 'asix' at usb-c5008000.usb-1.2, ASIX AX88772 USB 2.0 Ethernet, 00:60:6e:60:6c:68
 
root@(none):/# mount -t sysfs none /sys
root@(none):/# 
root@(none):/# mount -t debugfs none /sys/kernel/debug
root@(none):/# 
root@(none):/# rtcwake -d rtc1 -m mem -s 3
rtcwake: assuming RTC uses UTC ...
rtcwake: wakeup from "mem" using /dev/rtc1 at Thu Jan  1 00:00:32 1970
[   15.323478] PM: Syncing filesystems ... done.
[   15.369492] Freezing user space processes ... (elapsed 0.001 seconds) done.
[   15.377905] Freezing remaining freezable tasks ... (elapsed 0.001 seconds) done.
[   15.386934] Suspending console(s) (use no_console_suspend to debug)
[   15.425761] pci_generic_config_write32: 38 callbacks suppressed
[   15.425806] pci_bus 0000:00: 2-byte config write to 0000:00:01.0 offset 0x9c may corrupt adjacent RW1C bits
[   15.438751] PM: suspend of devices complete after 43.152 msecs
[   15.443402] PM: late suspend of devices complete after 4.619 msecs
[   15.447762] pci_bus 0000:01: 2-byte config write to 0000:01:00.0 offset 0x44 may corrupt adjacent RW1C bits
[   15.447821] pci_bus 0000:01: 2-byte config write to 0000:01:00.0 offset 0x44 may corrupt adjacent RW1C bits
[   15.471166] PM: noirq suspend of devices complete after 27.733 msecs
[   15.471178] Disabling non-boot CPUs ...
[   15.539927] Entering suspend state LP1
[   15.539927] Suspended for 1.668 seconds
[   15.539975] Enabling non-boot CPUs ...
[   15.569685] CPU1 is up
[   15.570739] pci_bus 0000:00: 2-byte config write to 0000:00:01.0 offset 0x4c may corrupt adjacent RW1C bits
[   15.570785] pci_bus 0000:00: 2-byte config write to 0000:00:01.0 offset 0x88 may corrupt adjacent RW1C bits
[   15.570817] pci_bus 0000:00: 2-byte config write to 0000:00:01.0 offset 0x90 may corrupt adjacent RW1C bits
[   15.570846] pci_bus 0000:00: 2-byte config write to 0000:00:01.0 offset 0x98 may corrupt adjacent RW1C bits
[   15.570873] pci_bus 0000:00: 2-byte config write to 0000:00:01.0 offset 0x9c may corrupt adjacent RW1C bits
[   15.570953] pci_bus 0000:00: 2-byte config write to 0000:00:01.0 offset 0x52 may corrupt adjacent RW1C bits
[   15.570985] pci_bus 0000:00: 2-byte config write to 0000:00:01.0 offset 0x52 may corrupt adjacent RW1C bits
[   15.571058] pcieport 0000:00:01.0: nv_msi_ht_cap_quirk didn't locate host bridge
[   15.600786] PM: noirq resume of devices complete after 31.068 msecs
[   15.604504] PM: early resume of devices complete after 3.133 msecs
[   16.149065] PM: resume of devices complete after 544.527 msecs
[   16.317490] Restarting tasks ... done.
root@(none):/# 
root@(none):/# rtcwake -d rtc1 -m mem -s 3
rtcwake: assuming RTC uses UTC ...
rtcwake: wakeup from "mem" using /dev/rtc1 at Thu Jan  1 00:00:37 1970
[   17.015535] PM: Syncing filesystems ... done.
[   17.060781] Freezing user space processes ... (elapsed 0.001 seconds) done.
[   17.069212] Freezing remaining freezable tasks ... (elapsed 0.001 seconds) done.
[   17.078183] Suspending console(s) (use no_console_suspend to debug)
[   17.128987] PM: suspend of devices complete after 42.141 msecs
[   17.133876] PM: late suspend of devices complete after 4.857 msecs
[   17.161104] PM: noirq suspend of devices complete after 27.196 msecs
[   17.161117] Disabling non-boot CPUs ...
[   17.198644] Entering suspend state LP1
[   17.198644] Suspended for 3.341 seconds
[   17.198691] Enabling non-boot CPUs ...
[   17.229618] CPU1 is up
[   17.231127] pcieport 0000:00:01.0: nv_msi_ht_cap_quirk didn't locate host bridge
[   17.260831] PM: noirq resume of devices complete after 31.178 msecs
[   17.264550] PM: early resume of devices complete after 3.139 msecs
[   17.809642] PM: resume of devices complete after 545.059 msecs
[   17.874897] Restarting tasks ... done.
root@(none):/# 
root@(none):/# rtcwake -d rtc1 -m mem -s 3
rtcwake: assuming RTC uses UTC ...
rtcwake: wakeup from "mem" using /dev/rtc1 at Thu Jan  1 00:00:42 1970
[   18.674899] PM: Syncing filesystems ... done.
[   18.719936] Freezing user space processes ... (elapsed 0.001 seconds) done.
[   18.728368] Freezing remaining freezable tasks ... (elapsed 0.001 seconds) done.
[   18.737432] Suspending console(s) (use no_console_suspend to debug)
[   18.788358] PM: suspend of devices complete after 42.265 msecs
[   18.793030] PM: late suspend of devices complete after 4.639 msecs
[   18.821058] PM: noirq suspend of devices complete after 27.997 msecs
[   18.821070] Disabling non-boot CPUs ...
[   18.888567] Entering suspend state LP1
[   18.888567] Suspended for 3.309 seconds
[   18.888614] Enabling non-boot CPUs ...
[   18.919599] CPU1 is up
[   18.922409] pcieport 0000:00:01.0: nv_msi_ht_cap_quirk didn't locate host bridge
[   18.951217] PM: noirq resume of devices complete after 31.584 msecs
[   18.955287] PM: early resume of devices complete after 3.319 msecs
[   19.498854] PM: resume of devices complete after 543.534 msecs
[   19.564080] Restarting tasks ... done.
root@(none):/# 
root@(none):/# rtcwake -d rtc1 -m mem -s 3
rtcwake: assuming RTC uses UTC ...
rtcwake: wakeup from "mem" using /dev/rtc1 at Thu Jan  1 00:00:47 1970
[   20.364887] PM: Syncing filesystems ... done.
[   20.409992] Freezing user space processes ... (elapsed 0.001 seconds) done.
[   20.418431] Freezing remaining freezable tasks ... (elapsed 0.001 seconds) done.
[   20.427504] Suspending console(s) (use no_console_suspend to debug)
[   20.466181] pci_generic_config_write32: 65 callbacks suppressed
[   20.466226] pci_bus 0000:00: 2-byte config write to 0000:00:01.0 offset 0x9c may corrupt adjacent RW1C bits
[   20.477980] PM: suspend of devices complete after 41.823 msecs
[   20.482934] PM: late suspend of devices complete after 4.922 msecs
[   20.487417] pci_bus 0000:01: 2-byte config write to 0000:01:00.0 offset 0x44 may corrupt adjacent RW1C bits
[   20.487473] pci_bus 0000:01: 2-byte config write to 0000:01:00.0 offset 0x44 may corrupt adjacent RW1C bits
[   20.510917] PM: noirq suspend of devices complete after 27.953 msecs
[   20.510929] Disabling non-boot CPUs ...
[   20.578498] Entering suspend state LP1
[   20.578498] Suspended for 3.309 seconds
[   20.578545] Enabling non-boot CPUs ...
[   20.609492] CPU1 is up
[   20.610957] pci_bus 0000:00: 2-byte config write to 0000:00:01.0 offset 0x4c may corrupt adjacent RW1C bits
[   20.611004] pci_bus 0000:00: 2-byte config write to 0000:00:01.0 offset 0x88 may corrupt adjacent RW1C bits
[   20.611034] pci_bus 0000:00: 2-byte config write to 0000:00:01.0 offset 0x90 may corrupt adjacent RW1C bits
[   20.611063] pci_bus 0000:00: 2-byte config write to 0000:00:01.0 offset 0x98 may corrupt adjacent RW1C bits
[   20.611092] pci_bus 0000:00: 2-byte config write to 0000:00:01.0 offset 0x9c may corrupt adjacent RW1C bits
[   20.611171] pci_bus 0000:00: 2-byte config write to 0000:00:01.0 offset 0x52 may corrupt adjacent RW1C bits
[   20.611202] pci_bus 0000:00: 2-byte config write to 0000:00:01.0 offset 0x52 may corrupt adjacent RW1C bits
[   20.611275] pcieport 0000:00:01.0: nv_msi_ht_cap_quirk didn't locate host bridge
[   20.640662] PM: noirq resume of devices complete after 31.135 msecs
[   20.644402] PM: early resume of devices complete after 3.162 msecs
[   21.189391] PM: resume of devices complete after 544.956 msecs
[   21.357753] Restarting tasks ... done.
root@(none):/# 
root@(none):/# rtcwake -d rtc1 -m mem -s 3
rtcwake: assuming RTC uses UTC ...
rtcwake: wakeup from "mem" using /dev/rtc1 at Thu Jan  1 00:00:52 1970
[   22.054854] PM: Syncing filesystems ... done.
[   22.099911] Freezing user space processes ... (elapsed 0.001 seconds) done.
[   22.108353] Freezing remaining freezable tasks ... (elapsed 0.001 seconds) done.
[   22.117423] Suspending console(s) (use no_console_suspend to debug)
[   22.167583] PM: suspend of devices complete after 41.532 msecs
[   22.172259] PM: late suspend of devices complete after 4.644 msecs
[   22.200860] PM: noirq suspend of devices complete after 28.569 msecs
[   22.200873] Disabling non-boot CPUs ...
[   22.238306] Entering suspend state LP1
[   22.238306] Suspended for 3.340 seconds
[   22.238353] Enabling non-boot CPUs ...
[   22.269360] CPU1 is up
[   22.270819] pcieport 0000:00:01.0: nv_msi_ht_cap_quirk didn't locate host bridge
[   22.300567] PM: noirq resume of devices complete after 31.174 msecs
[   22.304286] PM: early resume of devices complete after 3.140 msecs
[   22.849367] PM: resume of devices complete after 545.049 msecs
[   22.912680] Restarting tasks ... done.
root@(none):/# 
root@(none):/# rtcwake -d rtc1 -m mem -s 3
rtcwake: assuming RTC uses UTC ...
rtcwake: wakeup from "mem" using /dev/rtc1 at Thu Jan  1 00:00:57 1970
[   23.714684] PM: Syncing filesystems ... done.
[   23.759728] Freezing user space processes ... (elapsed 0.001 seconds) done.
[   23.768167] Freezing remaining freezable tasks ... (elapsed 0.001 seconds) done.
[   23.777234] Suspending console(s) (use no_console_suspend to debug)
[   23.828157] PM: suspend of devices complete after 42.296 msecs
[   23.832828] PM: late suspend of devices complete after 4.637 msecs
[   23.860738] PM: noirq suspend of devices complete after 27.877 msecs
[   23.860751] Disabling non-boot CPUs ...
[   23.928246] Entering suspend state LP1
[   23.928246] Suspended for 3.309 seconds
[   23.928292] Enabling non-boot CPUs ...
[   23.959326] CPU1 is up
[   23.960803] pcieport 0000:00:01.0: nv_msi_ht_cap_quirk didn't locate host bridge
[   23.990488] PM: noirq resume of devices complete after 31.127 msecs
[   23.994203] PM: early resume of devices complete after 3.136 msecs
[   24.539286] PM: resume of devices complete after 545.051 msecs
[   24.602614] Restarting tasks ... done.
root@(none):/# 
root@(none):/# rtcwake -d rtc1 -m mem -s 3
rtcwake: assuming RTC uses UTC ...
rtcwake: wakeup from "mem" using /dev/rtc1 at Thu Jan  1 00:01:02 1970
[   25.404727] PM: Syncing filesystems ... done.
[   25.449781] Freezing user space processes ... (elapsed 0.001 seconds) done.
[   25.458298] Freezing remaining freezable tasks ... (elapsed 0.001 seconds) done.
[   25.467363] Suspending console(s) (use no_console_suspend to debug)
[   25.505780] pci_generic_config_write32: 65 callbacks suppressed
[   25.505825] pci_bus 0000:00: 2-byte config write to 0000:00:01.0 offset 0x9c may corrupt adjacent RW1C bits
[   25.517668] PM: suspend of devices complete after 41.680 msecs
[   25.522585] PM: late suspend of devices complete after 4.885 msecs
[   25.526939] pci_bus 0000:01: 2-byte config write to 0000:01:00.0 offset 0x44 may corrupt adjacent RW1C bits
[   25.527001] pci_bus 0000:01: 2-byte config write to 0000:01:00.0 offset 0x44 may corrupt adjacent RW1C bits
[   25.550704] PM: noirq suspend of devices complete after 28.088 msecs
[   25.550716] Disabling non-boot CPUs ...
[   25.618105] Entering suspend state LP1
[   25.618105] Suspended for 3.310 seconds
[   25.618150] Enabling non-boot CPUs ...
[   25.649237] CPU1 is up
[   25.650250] pci_bus 0000:00: 2-byte config write to 0000:00:01.0 offset 0x4c may corrupt adjacent RW1C bits
[   25.650298] pci_bus 0000:00: 2-byte config write to 0000:00:01.0 offset 0x88 may corrupt adjacent RW1C bits
[   25.650329] pci_bus 0000:00: 2-byte config write to 0000:00:01.0 offset 0x90 may corrupt adjacent RW1C bits
[   25.650357] pci_bus 0000:00: 2-byte config write to 0000:00:01.0 offset 0x98 may corrupt adjacent RW1C bits
[   25.650384] pci_bus 0000:00: 2-byte config write to 0000:00:01.0 offset 0x9c may corrupt adjacent RW1C bits
[   25.650463] pci_bus 0000:00: 2-byte config write to 0000:00:01.0 offset 0x52 may corrupt adjacent RW1C bits
[   25.650495] pci_bus 0000:00: 2-byte config write to 0000:00:01.0 offset 0x52 may corrupt adjacent RW1C bits
[   25.650568] pcieport 0000:00:01.0: nv_msi_ht_cap_quirk didn't locate host bridge
[   25.680263] PM: noirq resume of devices complete after 30.991 msecs
[   25.683978] PM: early resume of devices complete after 3.137 msecs
[   26.228870] PM: resume of devices complete after 544.859 msecs
[   26.397203] Restarting tasks ... done.
root@(none):/# 
root@(none):/# rtcwake -d rtc1 -m mem -s 3
rtcwake: assuming RTC uses UTC ...
rtcwake: wakeup from "mem" using /dev/rtc1 at Thu Jan  1 00:01:07 1970
[   27.094566] PM: Syncing filesystems ... done.
[   27.139683] Freezing user space processes ... (elapsed 0.001 seconds) done.
[   27.148220] Freezing remaining freezable tasks ... (elapsed 0.001 seconds) done.
[   27.157285] Suspending console(s) (use no_console_suspend to debug)
[   27.207909] PM: suspend of devices complete after 41.954 msecs
[   27.212833] PM: late suspend of devices complete after 4.893 msecs
[   27.240577] PM: noirq suspend of devices complete after 27.713 msecs
[   27.240589] Disabling non-boot CPUs ...
[   27.278105] Entering suspend state LP1
[   27.278105] Suspended for 3.339 seconds
[   27.278152] Enabling non-boot CPUs ...
[   27.309165] CPU1 is up
[   27.310565] pcieport 0000:00:01.0: nv_msi_ht_cap_quirk didn't locate host bridge
[   27.340181] PM: noirq resume of devices complete after 30.982 msecs
[   27.343894] PM: early resume of devices complete after 3.138 msecs
[   27.888411] PM: resume of devices complete after 544.485 msecs
[   27.953618] Restarting tasks ... done.
root@(none):/# 
root@(none):/# rtcwake -d rtc1 -m mem -s 3
rtcwake: assuming RTC uses UTC ...
rtcwake: wakeup from "mem" using /dev/rtc1 at Thu Jan  1 00:01:12 1970
[   28.754523] PM: Syncing filesystems ... done.
[   28.799621] Freezing user space processes ... (elapsed 0.001 seconds) done.
[   28.808157] Freezing remaining freezable tasks ... (elapsed 0.001 seconds) done.
[   28.817228] Suspending console(s) (use no_console_suspend to debug)
[   28.867287] PM: suspend of devices complete after 41.374 msecs
[   28.871950] PM: late suspend of devices complete after 4.630 msecs
[   28.900481] PM: noirq suspend of devices complete after 28.499 msecs
[   28.900493] Disabling non-boot CPUs ...
[   28.968023] Entering suspend state LP1
[   28.968023] Suspended for 3.309 seconds
[   28.968068] Enabling non-boot CPUs ...
[   28.999042] CPU1 is up
[   29.000621] pcieport 0000:00:01.0: nv_msi_ht_cap_quirk didn't locate host bridge
[   29.030086] PM: noirq resume of devices complete after 31.010 msecs
[   29.033780] PM: early resume of devices complete after 3.115 msecs
[   29.578152] PM: resume of devices complete after 544.341 msecs
[   29.643415] Restarting tasks ... done.
root@(none):/# 
root@(none):/# rtcwake -d rtc1 -m mem -s 3
rtcwake: assuming RTC uses UTC ...
rtcwake: wakeup from "mem" using /dev/rtc1 at Thu Jan  1 00:01:17 1970
[   30.444429] PM: Syncing filesystems ... done.
[   30.489535] Freezing user space processes ... (elapsed 0.001 seconds) done.
[   30.498074] Freezing remaining freezable tasks ... (elapsed 0.001 seconds) done.
[   30.507137] Suspending console(s) (use no_console_suspend to debug)
[   30.544737] pci_generic_config_write32: 65 callbacks suppressed
[   30.544783] pci_bus 0000:00: 2-byte config write to 0000:00:01.0 offset 0x9c may corrupt adjacent RW1C bits
[   30.557147] PM: suspend of devices complete after 41.366 msecs
[   30.561802] PM: late suspend of devices complete after 4.622 msecs
[   30.566179] pci_bus 0000:01: 2-byte config write to 0000:01:00.0 offset 0x44 may corrupt adjacent RW1C bits
[   30.566237] pci_bus 0000:01: 2-byte config write to 0000:01:00.0 offset 0x44 may corrupt adjacent RW1C bits
[   30.590410] PM: noirq suspend of devices complete after 28.576 msecs
[   30.590422] Disabling non-boot CPUs ...
[   30.657924] Entering suspend state LP1
[   30.657924] Suspended for 3.310 seconds
[   30.657971] Enabling non-boot CPUs ...
[   30.689018] CPU1 is up
[   30.689861] pci_bus 0000:00: 2-byte config write to 0000:00:01.0 offset 0x4c may corrupt adjacent RW1C bits
[   30.689906] pci_bus 0000:00: 2-byte config write to 0000:00:01.0 offset 0x88 may corrupt adjacent RW1C bits
[   30.689938] pci_bus 0000:00: 2-byte config write to 0000:00:01.0 offset 0x90 may corrupt adjacent RW1C bits
[   30.689966] pci_bus 0000:00: 2-byte config write to 0000:00:01.0 offset 0x98 may corrupt adjacent RW1C bits
[   30.689993] pci_bus 0000:00: 2-byte config write to 0000:00:01.0 offset 0x9c may corrupt adjacent RW1C bits
[   30.690072] pci_bus 0000:00: 2-byte config write to 0000:00:01.0 offset 0x52 may corrupt adjacent RW1C bits
[   30.690103] pci_bus 0000:00: 2-byte config write to 0000:00:01.0 offset 0x52 may corrupt adjacent RW1C bits
[   30.690177] pcieport 0000:00:01.0: nv_msi_ht_cap_quirk didn't locate host bridge
[   30.720131] PM: noirq resume of devices complete after 31.078 msecs
[   30.723867] PM: early resume of devices complete after 3.160 msecs
[   31.268849] PM: resume of devices complete after 544.950 msecs
[   31.435335] Restarting tasks ... done.
root@(none):/# 
root@(none):/# NVTB SYSTEM SUSPEND TEST COMPLETE
