
U-Boot SPL 2015.04-rc3-00209-ga74ef40 (Mar 16 2015 - 14:43:39)


U-Boot 2015.04-rc3-00209-ga74ef40 (Mar 16 2015 - 14:43:39)

TEGRA20
Model: Compulab TrimSlice board
DRAM:  1 GiB
MMC:   Tegra SD/MMC: 0, Tegra SD/MMC: 1
SF: Detected W25Q80BL with page size 256 Bytes, erase size 4 KiB, total 1 MiB
tegra-pcie: PCI regions:
tegra-pcie:   I/O: 0x82000000-0x82010000
tegra-pcie:   non-prefetchable memory: 0xa0000000-0xa8000000
tegra-pcie:   prefetchable memory: 0xa8000000-0xc0000000
tegra-pcie: dual-mode configuration
tegra-pcie: probing port 0, using 2 lanes
In:    serial
Out:   serial
Err:   serial
Net:   RTL8169#0
Hit any key to stop autoboot:  2  0 
Tegra20 (TrimSlice) # 
Tegra20 (TrimSlice) # usb reset
resetting USB...
USB0:   USB EHCI 1.00
scanning bus 0 for devices... 3 USB Device(s) found
USB1:   USB EHCI 1.00
scanning bus 1 for devices... 1 USB Device(s) found
USB2:   lowlevel init failed
       scanning usb for storage devices... 0 Storage Device(s) found
       scanning usb for ethernet devices... 
Warning: asx0 using MAC address from net device
1 Ethernet Device(s) found
Tegra20 (TrimSlice) # setenv bootargs 'ignore_loglevel console=ttyS0,115200n8 rw root=PARTUUID=11eb23c1-01 rootwait gpt debug noinitrd earlyprintk init=/bin/bash'
Tegra20 (TrimSlice) # setenv ipaddr 192.168.100.103; setenv serverip 192.168.100.1; setenv tftpserverip 192.168.100.1
Tegra20 (TrimSlice) # tftpboot 0x00408000 zImage.tegra_defconfig
Using RTL8169#0 device
TFTP from server 192.168.100.1; our IP address is 192.168.100.103
Filename 'zImage.tegra_defconfig'.
Load address: 0x408000
Loading: *#################################################################
	 #################################################################
	 #################################################################
	 #################################################################
	 #################################################################
	 ######################################################
	 4 MiB/s
done
Bytes transferred = 5563072 (54e2c0 hex)
Tegra20 (TrimSlice) # tftpboot 0x02408000 tegra20-trimslice.dtb
Using RTL8169#0 device
TFTP from server 192.168.100.1; our IP address is 192.168.100.103
Filename 'tegra20-trimslice.dtb'.
Load address: 0x2408000
Loading: *##
	 3.4 MiB/s
done
Bytes transferred = 21426 (53b2 hex)
Tegra20 (TrimSlice) # bootz 0x00408000 - 0x02408000
Kernel image @ 0x408000 [ 0x000000 - 0x54e2c0 ]
## Flattened Device Tree blob at 02408000
   Booting using the fdt blob at 0x2408000
   Using Device Tree in place at 02408000, end 024103b1

Starting kernel ...

Uncompressing Linux... done, booting the kernel.
[    0.000000] Booting Linux on physical CPU 0x0
[    0.000000] Linux version 4.11.0-rc1-next-20170309-157496-g2e62da1 (pwalmsley@kaivo) (gcc version 4.7.3 20130328 (prerelease) (crosstool-NG linaro-1.13.1-4.7-2013.04-20130415 - Linaro GCC 2013.04) ) #1 SMP PREEMPT Fri Mar 17 09:00:08 PDT 2017
[    0.000000] CPU: ARMv7 Processor [411fc090] revision 0 (ARMv7), cr=10c5387d
[    0.000000] CPU: PIPT / VIPT nonaliasing data cache, VIPT aliasing instruction cache
[    0.000000] OF: fdt: Machine model: Compulab TrimSlice board
[    0.000000] debug: ignoring loglevel setting.
[    0.000000] bootconsole [earlycon0] enabled
[    0.000000] cma: Reserved 64 MiB at 0x3c000000
[    0.000000] Memory policy: Data cache writealloc
[    0.000000] On node 0 totalpages: 262144
[    0.000000] free_area_init_node: node 0, pgdat c0d5dec0, node_mem_map ef7f7000
[    0.000000]   Normal zone: 1536 pages used for memmap
[    0.000000]   Normal zone: 0 pages reserved
[    0.000000]   Normal zone: 196608 pages, LIFO batch:31
[    0.000000]   HighMem zone: 65536 pages, LIFO batch:15
[    0.000000] percpu: Embedded 16 pages/cpu @ef7c5000 s34304 r8192 d23040 u65536
[    0.000000] pcpu-alloc: s34304 r8192 d23040 u65536 alloc=16*4096
[    0.000000] pcpu-alloc: [0] 0 [0] 1 
[    0.000000] Built 1 zonelists in Zone order, mobility grouping on.  Total pages: 260608
[    0.000000] Kernel command line: ignore_loglevel console=ttyS0,115200n8 rw root=PARTUUID=11eb23c1-01 rootwait gpt debug noinitrd earlyprintk init=/bin/bash
[    0.000000] PID hash table entries: 4096 (order: 2, 16384 bytes)
[    0.000000] Dentry cache hash table entries: 131072 (order: 7, 524288 bytes)
[    0.000000] Inode-cache hash table entries: 65536 (order: 6, 262144 bytes)
[    0.000000] Memory: 960812K/1048576K available (8192K kernel code, 380K rwdata, 2504K rodata, 1024K init, 305K bss, 22228K reserved, 65536K cma-reserved, 196608K highmem)
[    0.000000] Virtual kernel memory layout:
[    0.000000]     vector  : 0xffff0000 - 0xffff1000   (   4 kB)
[    0.000000]     fixmap  : 0xffc00000 - 0xfff00000   (3072 kB)
[    0.000000]     vmalloc : 0xf0800000 - 0xff800000   ( 240 MB)
[    0.000000]     lowmem  : 0xc0000000 - 0xf0000000   ( 768 MB)
[    0.000000]     pkmap   : 0xbfe00000 - 0xc0000000   (   2 MB)
[    0.000000]     modules : 0xbf000000 - 0xbfe00000   (  14 MB)
[    0.000000]       .text : 0xc0008000 - 0xc0900000   (9184 kB)
[    0.000000]       .init : 0xc0c00000 - 0xc0d00000   (1024 kB)
[    0.000000]       .data : 0xc0d00000 - 0xc0d5f3a0   ( 381 kB)
[    0.000000]        .bss : 0xc0d61000 - 0xc0dad40c   ( 306 kB)
[    0.000000] Preemptible hierarchical RCU implementation.
[    0.000000] 	RCU restricting CPUs from NR_CPUS=4 to nr_cpu_ids=2.
[    0.000000] RCU: Adjusting geometry for rcu_fanout_leaf=16, nr_cpu_ids=2
[    0.000000] NR_IRQS:16 nr_irqs:16 16
[    0.000000] /interrupt-controller@60004000: 128 interrupts forwarded to /interrupt-controller@50041000
[    0.000000] L2C: platform modifies aux control register: 0x02080000 -> 0x3e480001
[    0.000000] L2C: DT/platform modifies aux control register: 0x02080000 -> 0x3e480001
[    0.000000] L2C-310 errata 727915 769419 enabled
[    0.000000] L2C-310 enabling early BRESP for Cortex-A9
[    0.000000] L2C-310: enabling full line of zeros but not enabled in Cortex-A9
[    0.000000] L2C-310 ID prefetch enabled, offset 1 lines
[    0.000000] L2C-310 cache controller enabled, 8 ways, 1024 kB
[    0.000000] L2C-310: CACHE_ID 0x410000c4, AUX_CTRL 0x7e480001
[    0.000009] sched_clock: 32 bits at 1000kHz, resolution 1000ns, wraps every 2147483647500ns
[    0.008354] clocksource: timer_us: mask: 0xffffffff max_cycles: 0xffffffff, max_idle_ns: 1911260446275 ns
[    0.017968] Switching to timer-based delay loop, resolution 1000ns
[    0.024858] Console: colour dummy device 80x30
[    0.029316] Calibrating delay loop (skipped), value calculated using timer frequency.. 2.00 BogoMIPS (lpj=10000)
[    0.039530] pid_max: default: 32768 minimum: 301
[    0.044666] Mount-cache hash table entries: 2048 (order: 1, 8192 bytes)
[    0.051282] Mountpoint-cache hash table entries: 2048 (order: 1, 8192 bytes)
[    0.059158] CPU: Testing write buffer coherency: ok
[    0.064332] CPU0: thread -1, cpu 0, socket 0, mpidr 80000000
[    0.099985] Setting up static identity map for 0x100000 - 0x100098
[    0.130264] Tegra Revision: A03 prime SKU: 8 CPU Process: 1 SoC Process: 2
[    0.137672] smp: Bringing up secondary CPUs ...
[    0.210559] CPU1: thread -1, cpu 1, socket 0, mpidr 80000001
[    0.210625] smp: Brought up 1 node, 2 CPUs
[    0.220445] SMP: Total of 2 processors activated (4.00 BogoMIPS).
[    0.226585] CPU: All CPU(s) started in SVC mode.
[    0.232319] devtmpfs: initialized
[    0.241943] VFP support v0.3: implementor 41 architecture 3 part 30 variant 9 rev 1
[    0.249849] clocksource: jiffies: mask: 0xffffffff max_cycles: 0xffffffff, max_idle_ns: 19112604462750000 ns
[    0.259680] futex hash table entries: 512 (order: 3, 32768 bytes)
[    0.268588] pinctrl core: initialized pinctrl subsystem
[    0.275228] NET: Registered protocol family 16
[    0.281396] DMA: preallocated 256 KiB pool for atomic coherent allocations
[    0.289810] cpuidle: using governor menu
[    0.313596] No ATAGs?
[    0.313670] hw-breakpoint: found 5 (+1 reserved) breakpoint and 1 watchpoint registers.
[    0.324015] hw-breakpoint: maximum watchpoint size is 4 bytes.
[    0.350735] usb1_vbus: Failed to request enable GPIO170: -517
[    0.356477] reg-fixed-voltage regulators:regulator@2: Failed to register regulator: -517
[    0.367574] vgaarb: loaded
[    0.371208] SCSI subsystem initialized
[    0.375236] libata version 3.00 loaded.
[    0.379487] usbcore: registered new interface driver usbfs
[    0.385078] usbcore: registered new interface driver hub
[    0.390486] usbcore: registered new device driver usb
[    0.397421] Linux video capture interface: v2.00
[    0.402151] pps_core: LinuxPPS API ver. 1 registered
[    0.407103] pps_core: Software ver. 5.3.6 - Copyright 2005-2007 Rodolfo Giometti <giometti@linux.it>
[    0.416366] PTP clock support registered
[    0.421012] Advanced Linux Sound Architecture Driver Initialized.
[    0.427963] Bluetooth: Core ver 2.22
[    0.431616] NET: Registered protocol family 31
[    0.436048] Bluetooth: HCI device and connection manager initialized
[    0.442479] Bluetooth: HCI socket layer initialized
[    0.447405] Bluetooth: L2CAP socket layer initialized
[    0.452556] Bluetooth: SCO socket layer initialized
[    0.458876] clocksource: Switched to clocksource timer_us
[    0.480105] NET: Registered protocol family 2
[    0.485527] TCP established hash table entries: 8192 (order: 3, 32768 bytes)
[    0.492663] TCP bind hash table entries: 8192 (order: 4, 65536 bytes)
[    0.499210] TCP: Hash tables configured (established 8192 bind 8192)
[    0.506275] UDP hash table entries: 512 (order: 2, 16384 bytes)
[    0.512250] UDP-Lite hash table entries: 512 (order: 2, 16384 bytes)
[    0.518908] NET: Registered protocol family 1
[    0.523923] RPC: Registered named UNIX socket transport module.
[    0.529851] RPC: Registered udp transport module.
[    0.534596] RPC: Registered tcp transport module.
[    0.539374] RPC: Registered tcp NFSv4.1 backchannel transport module.
[    0.545866] PCI: CLS 0 bytes, default 64
[    0.552243] hw perfevents: enabled with armv7_cortex_a9 PMU driver, 7 counters available
[    0.562419] workingset: timestamp_bits=30 max_order=18 bucket_order=0
[    0.570080] squashfs: version 4.0 (2009/01/31) Phillip Lougher
[    0.576600] NFS: Registering the id_resolver key type
[    0.581731] Key type id_resolver registered
[    0.585904] Key type id_legacy registered
[    0.594431] bounce: pool size: 64 pages
[    0.598263] io scheduler noop registered (default)
[    0.603164] io scheduler mq-deadline registered
[    0.612441] tegra-pcie 80003000.pcie-controller: dual-mode configuration
[    0.620088] tegra-pcie 80003000.pcie-controller: probing port 0, using 2 lanes
[    0.697202] tegra-pcie 80003000.pcie-controller: PCI host bridge to bus 0000:00
[    0.704521] pci_bus 0000:00: root bus resource [io  0x0000-0xffff]
[    0.710751] pci_bus 0000:00: root bus resource [mem 0xa0000000-0xa7ffffff]
[    0.717672] pci_bus 0000:00: root bus resource [mem 0xa8000000-0xbfffffff pref]
[    0.725051] pci_bus 0000:00: root bus resource [bus 00-ff]
[    0.730638] pci 0000:00:01.0: [10de:0bf0] type 01 class 0x060000
[    0.736671] pci_bus 0000:00: 2-byte config write to 0000:00:01.0 offset 0x88 may corrupt adjacent RW1C bits
[    0.746484] pci_bus 0000:00: 2-byte config write to 0000:00:01.0 offset 0x52 may corrupt adjacent RW1C bits
[    0.756268] pci 0000:00:01.0: PME# supported from D0 D1 D2 D3hot D3cold
[    0.762926] pci_bus 0000:00: 2-byte config write to 0000:00:01.0 offset 0x4c may corrupt adjacent RW1C bits
[    0.772950] pci_bus 0000:00: 2-byte config write to 0000:00:01.0 offset 0x3e may corrupt adjacent RW1C bits
[    0.782690] pci_bus 0000:00: 2-byte config write to 0000:00:01.0 offset 0x4 may corrupt adjacent RW1C bits
[    0.792392] pci_bus 0000:00: 1-byte config write to 0000:00:01.0 offset 0xc may corrupt adjacent RW1C bits
[    0.802093] PCI: bus0: Fast back to back transfers disabled
[    0.807720] pci 0000:00:01.0: bridge configuration invalid ([bus 00-00]), reconfiguring
[    0.815796] pci_bus 0000:00: 2-byte config write to 0000:00:01.0 offset 0x3e may corrupt adjacent RW1C bits
[    0.825586] pci_bus 0000:00: 2-byte config write to 0000:00:01.0 offset 0x3e may corrupt adjacent RW1C bits
[    0.835379] pci_bus 0000:00: 2-byte config write to 0000:00:01.0 offset 0x3e may corrupt adjacent RW1C bits
[    0.845171] pci_bus 0000:00: 2-byte config write to 0000:00:01.0 offset 0x6 may corrupt adjacent RW1C bits
[    0.855070] pci 0000:01:00.0: [10ec:8168] type 00 class 0x020000
[    0.861095] pci 0000:01:00.0: reg 0x10: [io  0x0000-0x00ff]
[    0.866714] pci 0000:01:00.0: reg 0x18: [mem 0x00000000-0x00000fff 64bit pref]
[    0.874001] pci 0000:01:00.0: reg 0x20: [mem 0x00000000-0x00003fff 64bit pref]
[    0.881275] pci 0000:01:00.0: reg 0x30: [mem 0x00000000-0x0001ffff pref]
[    0.888094] pci 0000:01:00.0: supports D1 D2
[    0.892367] pci 0000:01:00.0: PME# supported from D0 D1 D2 D3hot D3cold
[    0.928916] PCI: bus1: Fast back to back transfers disabled
[    0.934481] pci_bus 0000:01: busn_res: [bus 01-ff] end is updated to 01
[    0.941171] Disabling cpuidle LP2 state, since PCIe IRQs are in use
[    0.947530] pci 0000:00:01.0: BAR 8: assigned [mem 0xa0000000-0xa00fffff]
[    0.954343] pci 0000:00:01.0: BAR 9: assigned [mem 0xa8000000-0xa80fffff 64bit pref]
[    0.962138] pci 0000:00:01.0: BAR 7: assigned [io  0x1000-0x1fff]
[    0.968286] pci 0000:01:00.0: BAR 6: assigned [mem 0xa0000000-0xa001ffff pref]
[    0.975572] pci 0000:01:00.0: BAR 4: assigned [mem 0xa8000000-0xa8003fff 64bit pref]
[    0.983382] pci 0000:01:00.0: BAR 2: assigned [mem 0xa8004000-0xa8004fff 64bit pref]
[    0.991180] pci 0000:01:00.0: BAR 0: assigned [io  0x1000-0x10ff]
[    0.997315] pci 0000:00:01.0: PCI bridge to [bus 01]
[    1.002349] pci 0000:00:01.0:   bridge window [io  0x1000-0x1fff]
[    1.008492] pci 0000:00:01.0:   bridge window [mem 0xa0000000-0xa00fffff]
[    1.015349] pci 0000:00:01.0:   bridge window [mem 0xa8000000-0xa80fffff 64bit pref]
[    1.023164] pci 0000:00:01.0: nv_msi_ht_cap_quirk didn't locate host bridge
[    1.030220] pcieport 0000:00:01.0: enabling device (0140 -> 0143)
[    1.036579] pcieport 0000:00:01.0: Signaling PME with IRQ 295
[    1.045731] tegra-apbdma 6000a000.dma: Tegra20 APB DMA driver register 16 channels
[    1.054604] Serial: 8250/16550 driver, 4 ports, IRQ sharing disabled
[    1.063089] console [ttyS0] disabled
[    1.066691] 70006000.serial: ttyS0 at MMIO 0x70006000 (irq = 279, base_baud = 13500000) is a Tegra
[    1.075733] console [ttyS0] enabled
[    1.075733] console [ttyS0] enabled
[    1.082704] bootconsole [earlycon0] disabled
[    1.082704] bootconsole [earlycon0] disabled
[    1.093696] tegra-hdmi 54280000.hdmi: 54280000.hdmi supply hdmi not found, using dummy regulator
[    1.105328] [drm] Supports vblank timestamp caching Rev 2 (21.10.2013).
[    1.111971] [drm] No driver support for vblank timestamp query.
[    1.117993] [drm] Cannot find any crtc or sizes - going 1024x768
[    1.140907] Console: switching to colour frame buffer device 128x48
[    1.154954] drm drm: fb0:  frame buffer device
[    1.159460] [drm] Initialized tegra 0.0.0 20120330 for drm on minor 0
[    1.177823] loop: module loaded
[    1.183496] m25p80 spi32766.0: found s25fl008k, expected w25q80bl
[    1.189621] m25p80 spi32766.0: s25fl008k (1024 Kbytes)
[    1.206885] libphy: Fixed MDIO Bus: probed
[    1.211015] CAN device driver interface
[    1.214925] igb: Intel(R) Gigabit Ethernet Network Driver - version 5.4.0-k
[    1.221882] igb: Copyright (c) 2007-2014 Intel Corporation.
[    1.227602] r8169 Gigabit Ethernet driver 2.3LK-NAPI loaded
[    1.233252] r8169 0000:01:00.0: enabling device (0140 -> 0143)
[    1.240222] r8169 0000:01:00.0 eth0: RTL8168d/8111d at 0xf08e1000, 00:01:c0:13:7d:63, XID 081000c0 IRQ 296
[    1.249903] r8169 0000:01:00.0 eth0: jumbo features [frames: 9200 bytes, tx checksumming: ko]
[    1.258530] pegasus: v0.9.3 (2013/04/25), Pegasus/Pegasus II USB Ethernet driver
[    1.266023] usbcore: registered new interface driver pegasus
[    1.271804] usbcore: registered new interface driver asix
[    1.277263] usbcore: registered new interface driver ax88179_178a
[    1.283436] usbcore: registered new interface driver cdc_ether
[    1.289379] usbcore: registered new interface driver smsc75xx
[    1.295201] usbcore: registered new interface driver smsc95xx
[    1.301033] usbcore: registered new interface driver net1080
[    1.306749] usbcore: registered new interface driver cdc_subset
[    1.312747] usbcore: registered new interface driver zaurus
[    1.318399] usbcore: registered new interface driver cdc_ncm
[    1.324383] tegra-phy c5004000.usb-phy: no vbus regulator
[    1.330889] tegra-phy c5008000.usb-phy: no vbus regulator
[    1.336385] ehci_hcd: USB 2.0 'Enhanced' Host Controller (EHCI) Driver
[    1.342935] ehci-pci: EHCI PCI platform driver
[    1.347451] tegra-ehci: Tegra EHCI driver
[    1.410086] ulpi_phy_power_on: ulpi write failed
[    1.414694] tegra-ehci c5004000.usb: Failed to power on the phy
[    1.420633] tegra-ehci: probe of c5004000.usb failed with error -110
[    1.429626] tegra-ehci c5008000.usb: EHCI Host Controller
[    1.435055] tegra-ehci c5008000.usb: new USB bus registered, assigned bus number 1
[    1.442940] tegra-ehci c5008000.usb: irq 290, io mem 0xc5008000
[    1.468900] tegra-ehci c5008000.usb: USB 2.0 started, EHCI 1.00
[    1.475815] hub 1-0:1.0: USB hub found
[    1.479623] hub 1-0:1.0: 1 port detected
[    1.484325] usbcore: registered new interface driver cdc_acm
[    1.489985] cdc_acm: USB Abstract Control Model driver for USB modems and ISDN adapters
[    1.498044] usbcore: registered new interface driver cdc_wdm
[    1.503846] usbcore: registered new interface driver usb-storage
[    1.511380] rtc-em3027 2-0056: rtc core: registered rtc-em3027 as rtc0
[    1.518582] tegra_rtc 7000e000.rtc: rtc core: registered 7000e000.rtc as rtc1
[    1.525775] tegra_rtc 7000e000.rtc: Tegra internal Real Time Clock
[    1.532226] i2c /dev entries driver
[    1.536704] usbcore: registered new interface driver uvcvideo
[    1.542455] USB Video Class driver (1.1.1)
[    1.546538] gspca_main: v2.14.0 registered
[    1.552020] sdhci: Secure Digital Host Controller Interface driver
[    1.558184] sdhci: Copyright(c) Pierre Ossman
[    1.562571] sdhci-pltfm: SDHCI platform and OF driver helper
[    1.568628] mmc0: Invalid maximum block size, assuming 512 bytes
[    1.628931] mmc0: SDHCI controller on c8000000.sdhci [c8000000.sdhci] using ADMA
[    1.636483] sdhci-tegra c8000600.sdhci: Got CD GPIO
[    1.642438] sdhci-tegra c8000600.sdhci: Got WP GPIO
[    1.649497] mmc1: Invalid maximum block size, assuming 512 bytes
[    1.709045] mmc1: SDHCI controller on c8000600.sdhci [c8000600.sdhci] using ADMA
[    1.718217] usbcore: registered new interface driver usbhid
[    1.725882] usbhid: USB HID core driver
[    1.740297] tegra-snd-trimslice sound: tlv320aic23-hifi <-> 70002800.i2s mapping ok
[    1.750617] NET: Registered protocol family 10
[    1.756532] Segment Routing with IPv6
[    1.760439] mip6: Mobile IPv6
[    1.763485] sit: IPv6, IPv4 and MPLS over IPv4 tunneling driver
[    1.771246] NET: Registered protocol family 17
[    1.775696] NET: Registered protocol family 15
[    1.780171] can: controller area network core (rev 20120528 abi 9)
[    1.786435] NET: Registered protocol family 29
[    1.790884] can: raw protocol (rev 20120528)
[    1.795141] can: broadcast manager protocol (rev 20161123 t)
[    1.800851] can: netlink gateway (rev 20130117) max_hops=1
[    1.806559] Bluetooth: RFCOMM socket layer initialized
[    1.811784] Bluetooth: RFCOMM ver 1.11
[    1.815606] Bluetooth: BNEP (Ethernet Emulation) ver 1.3
[    1.820966] Bluetooth: BNEP socket layer initialized
[    1.825972] Bluetooth: HIDP (Human Interface Emulation) ver 1.2
[    1.831936] Bluetooth: HIDP socket layer initialized
[    1.837168] Key type dns_resolver registered
[    1.841496] usb 1-1: new high-speed USB device number 2 using tegra-ehci
[    1.848937] Registering SWP/SWPB emulation handler
[    1.855438] mmc0: host does not support reading read-only switch, assuming write-enable
[    1.865362] mmc0: new high speed SDHC card at address b368
[    1.874414] mmc1: new high speed SD card at address b368
[    1.875378] utmi_phy_clk_enable: timeout waiting for phy to stabilize
[    1.875409] tegra-ehci c5000000.usb: EHCI Host Controller
[    1.875444] tegra-ehci c5000000.usb: new USB bus registered, assigned bus number 2
[    1.875939] tegra-ehci c5000000.usb: irq 288, io mem 0xc5000000
[    1.888953] mmcblk0: mmc0:b368 NCard 3.70 GiB 
[    1.908756]  mmcblk0: p1
[    1.917355] mmcblk1: mmc1:b368 NCard 1.83 GiB (ro)
[    1.924953]  mmcblk1: p1 p2
[    2.008914] tegra-ehci c5000000.usb: USB 2.0 started, EHCI 1.00
[    2.016091] hub 2-0:1.0: USB hub found
[    2.019917] hub 2-0:1.0: 1 port detected
[    2.024844] input: gpio-keys as /devices/soc0/gpio-keys/input/input0
[    2.032165] rtc-em3027 2-0056: hctosys: unable to read the hardware clock
[    2.039305] ALSA device list:
[    2.042372]   #0: tegra-trimslice
[    2.042962] hub 1-1:1.0: USB hub found
[    2.043216] hub 1-1:1.0: 4 ports detected
[    2.054802] EXT4-fs (mmcblk0p1): mounting ext3 file system using the ext4 subsystem
[    2.302654] EXT4-fs (mmcblk0p1): recovery complete
[    2.358947] usb 1-1.2: new high-speed USB device number 3 using tegra-ehci
[    2.378261] EXT4-fs (mmcblk0p1): mounted filesystem with ordered data mode. Opts: (null)
[    2.386509] VFS: Mounted root (ext3 filesystem) on device 179:1.
[    2.401791] devtmpfs: mounted
[    2.406739] Freeing unused kernel memory: 1024K
[    2.431136] random: fast init done
bash: cannot set terminal process group (-1): Inappropriate ioctl for device
bash: no job control in this shell
root@(none):/# [    3.013538] asix 1-1.2:1.0 eth1: register 'asix' at usb-c5008000.usb-1.2, ASIX AX88772 USB 2.0 Ethernet, 00:60:6e:60:6c:68
 
root@(none):/# mount -t sysfs none /sys
root@(none):/# 
root@(none):/# mount -t debugfs none /sys/kernel/debug
root@(none):/# 
root@(none):/# rtcwake -d rtc1 -m mem -s 3
rtcwake: assuming RTC uses UTC ...
rtcwake: wakeup from "mem" using /dev/rtc1 at Thu Jan  1 00:00:32 1970
[   15.865627] PM: Syncing filesystems ... done.
[   15.889400] Freezing user space processes ... (elapsed 0.001 seconds) done.
[   15.890805] Freezing remaining freezable tasks ... (elapsed 0.001 seconds) done.
[   15.892219] Suspending console(s) (use no_console_suspend to debug)
[   15.972011] pci_generic_config_write32: 38 callbacks suppressed
[   15.972056] pci_bus 0000:00: 2-byte config write to 0000:00:01.0 offset 0x9c may corrupt adjacent RW1C bits
[   15.984538] PM: suspend of devices complete after 48.808 msecs
[   15.987279] PM: late suspend of devices complete after 2.707 msecs
[   15.989886] pci_bus 0000:01: 2-byte config write to 0000:01:00.0 offset 0x44 may corrupt adjacent RW1C bits
[   15.989953] pci_bus 0000:01: 2-byte config write to 0000:01:00.0 offset 0x44 may corrupt adjacent RW1C bits
[   16.019637] PM: noirq suspend of devices complete after 32.327 msecs
[   16.019650] Disabling non-boot CPUs ...
[   16.113256] Entering suspend state LP1
[   16.113256] Suspended for 1.863 seconds
[   16.113358] Enabling non-boot CPUs ...
[   16.153382] CPU1 is up
[   16.154934] pci_bus 0000:00: 2-byte config write to 0000:00:01.0 offset 0x4c may corrupt adjacent RW1C bits
[   16.154986] pci_bus 0000:00: 2-byte config write to 0000:00:01.0 offset 0x88 may corrupt adjacent RW1C bits
[   16.155039] pci_bus 0000:00: 2-byte config write to 0000:00:01.0 offset 0x90 may corrupt adjacent RW1C bits
[   16.155071] pci_bus 0000:00: 2-byte config write to 0000:00:01.0 offset 0x98 may corrupt adjacent RW1C bits
[   16.155100] pci_bus 0000:00: 2-byte config write to 0000:00:01.0 offset 0x9c may corrupt adjacent RW1C bits
[   16.155185] pci_bus 0000:00: 2-byte config write to 0000:00:01.0 offset 0x52 may corrupt adjacent RW1C bits
[   16.155220] pci_bus 0000:00: 2-byte config write to 0000:00:01.0 offset 0x52 may corrupt adjacent RW1C bits
[   16.155297] pcieport 0000:00:01.0: nv_msi_ht_cap_quirk didn't locate host bridge
[   16.179261] PM: noirq resume of devices complete after 25.844 msecs
[   16.182563] PM: early resume of devices complete after 2.316 msecs
[   16.720516] PM: resume of devices complete after 537.919 msecs
[   16.886227] Restarting tasks ... done.
root@(none):/# 
root@(none):/# rtcwake -d rtc1 -m mem -s 3
rtcwake: assuming RTC uses UTC ...
rtcwake: wakeup from "mem" using /dev/rtc1 at Thu Jan  1 00:00:37 1970
[   17.659318] PM: Syncing filesystems ... done.
[   17.679315] Freezing user space processes ... (elapsed 0.001 seconds) done.
[   17.680741] Freezing remaining freezable tasks ... (elapsed 0.001 seconds) done.
[   17.682179] Suspending console(s) (use no_console_suspend to debug)
[   17.763077] PM: suspend of devices complete after 36.357 msecs
[   17.765976] PM: late suspend of devices complete after 2.867 msecs
[   17.799555] PM: noirq suspend of devices complete after 33.547 msecs
[   17.799568] Disabling non-boot CPUs ...
[   17.902169] Entering suspend state LP1
[   17.902169] Suspended for 3.210 seconds
[   17.902268] Enabling non-boot CPUs ...
[   17.943916] CPU1 is up
[   17.945799] pcieport 0000:00:01.0: nv_msi_ht_cap_quirk didn't locate host bridge
[   17.969077] PM: noirq resume of devices complete after 25.126 msecs
[   17.972481] PM: early resume of devices complete after 2.408 msecs
[   18.520439] PM: resume of devices complete after 547.922 msecs
[   18.582900] Restarting tasks ... done.
root@(none):/# 
root@(none):/# rtcwake -d rtc1 -m mem -s 3
rtcwake: assuming RTC uses UTC ...
rtcwake: wakeup from "mem" using /dev/rtc1 at Thu Jan  1 00:00:42 1970
[   19.448938] PM: Syncing filesystems ... done.
[   19.469274] Freezing user space processes ... (elapsed 0.001 seconds) done.
[   19.470651] Freezing remaining freezable tasks ... (elapsed 0.001 seconds) done.
[   19.472074] Suspending console(s) (use no_console_suspend to debug)
[   19.553516] PM: suspend of devices complete after 37.172 msecs
[   19.557026] PM: late suspend of devices complete after 3.477 msecs
[   19.589435] PM: noirq suspend of devices complete after 32.378 msecs
[   19.589449] Disabling non-boot CPUs ...
[   19.681803] Entering suspend state LP1
[   19.681803] Suspended for 3.220 seconds
[   19.681904] Enabling non-boot CPUs ...
[   19.723441] CPU1 is up
[   19.725445] pcieport 0000:00:01.0: nv_msi_ht_cap_quirk didn't locate host bridge
[   19.749078] PM: noirq resume of devices complete after 25.602 msecs
[   19.752472] PM: early resume of devices complete after 2.395 msecs
[   20.300419] PM: resume of devices complete after 547.913 msecs
[   20.363692] Restarting tasks ... done.
root@(none):/# 
root@(none):/# rtcwake -d rtc1 -m mem -s 3
rtcwake: assuming RTC uses UTC ...
rtcwake: wakeup from "mem" using /dev/rtc1 at Thu Jan  1 00:00:47 1970
[   21.229109] PM: Syncing filesystems ... done.
[   21.249184] Freezing user space processes ... (elapsed 0.001 seconds) done.
[   21.250627] Freezing remaining freezable tasks ... (elapsed 0.001 seconds) done.
[   21.252084] Suspending console(s) (use no_console_suspend to debug)
[   21.301449] pci_generic_config_write32: 65 callbacks suppressed
[   21.301495] pci_bus 0000:00: 2-byte config write to 0000:00:01.0 offset 0x9c may corrupt adjacent RW1C bits
[   21.319371] PM: suspend of devices complete after 22.774 msecs
[   21.323170] PM: late suspend of devices complete after 3.768 msecs
[   21.326255] pci_bus 0000:01: 2-byte config write to 0000:01:00.0 offset 0x44 may corrupt adjacent RW1C bits
[   21.326319] pci_bus 0000:01: 2-byte config write to 0000:01:00.0 offset 0x44 may corrupt adjacent RW1C bits
[   21.349403] PM: noirq suspend of devices complete after 26.200 msecs
[   21.349417] Disabling non-boot CPUs ...
[   21.452146] Entering suspend state LP1
[   21.452146] Suspended for 3.229 seconds
[   21.452246] Enabling non-boot CPUs ...
[   21.493376] CPU1 is up
[   21.494696] pci_bus 0000:00: 2-byte config write to 0000:00:01.0 offset 0x4c may corrupt adjacent RW1C bits
[   21.494771] pci_bus 0000:00: 2-byte config write to 0000:00:01.0 offset 0x88 may corrupt adjacent RW1C bits
[   21.494806] pci_bus 0000:00: 2-byte config write to 0000:00:01.0 offset 0x90 may corrupt adjacent RW1C bits
[   21.494836] pci_bus 0000:00: 2-byte config write to 0000:00:01.0 offset 0x98 may corrupt adjacent RW1C bits
[   21.494865] pci_bus 0000:00: 2-byte config write to 0000:00:01.0 offset 0x9c may corrupt adjacent RW1C bits
[   21.494949] pci_bus 0000:00: 2-byte config write to 0000:00:01.0 offset 0x52 may corrupt adjacent RW1C bits
[   21.494982] pci_bus 0000:00: 2-byte config write to 0000:00:01.0 offset 0x52 may corrupt adjacent RW1C bits
[   21.495058] pcieport 0000:00:01.0: nv_msi_ht_cap_quirk didn't locate host bridge
[   21.518896] PM: noirq resume of devices complete after 25.485 msecs
[   21.522265] PM: early resume of devices complete after 2.364 msecs
[   22.069801] PM: resume of devices complete after 547.502 msecs
[   22.236480] Restarting tasks ... done.
root@(none):/# 
root@(none):/# rtcwake -d rtc1 -m mem -s 3
rtcwake: assuming RTC uses UTC ...
rtcwake: wakeup from "mem" using /dev/rtc1 at Thu Jan  1 00:00:52 1970
[   22.997905] PM: Syncing filesystems ... done.
[   23.019036] Freezing user space processes ... (elapsed 0.001 seconds) done.
[   23.020429] Freezing remaining freezable tasks ... (elapsed 0.001 seconds) done.
[   23.021885] Suspending console(s) (use no_console_suspend to debug)
[   23.104903] PM: suspend of devices complete after 39.548 msecs
[   23.108763] PM: late suspend of devices complete after 3.828 msecs
[   23.139255] PM: noirq suspend of devices complete after 30.459 msecs
[   23.139269] Disabling non-boot CPUs ...
[   23.232385] Entering suspend state LP1
[   23.232385] Suspended for 3.219 seconds
[   23.232487] Enabling non-boot CPUs ...
[   23.273269] CPU1 is up
[   23.274959] pcieport 0000:00:01.0: nv_msi_ht_cap_quirk didn't locate host bridge
[   23.298895] PM: noirq resume of devices complete after 25.589 msecs
[   23.302573] PM: early resume of devices complete after 2.678 msecs
[   23.850111] PM: resume of devices complete after 547.505 msecs
[   23.912581] Restarting tasks ... done.
root@(none):/# 
root@(none):/# rtcwake -d rtc1 -m mem -s 3
rtcwake: assuming RTC uses UTC ...
rtcwake: wakeup from "mem" using /dev/rtc1 at Thu Jan  1 00:00:57 1970
[   24.777806] PM: Syncing filesystems ... done.
[   24.798938] Freezing user space processes ... (elapsed 0.001 seconds) done.
[   24.800342] Freezing remaining freezable tasks ... (elapsed 0.001 seconds) done.
[   24.801793] Suspending console(s) (use no_console_suspend to debug)
[   24.882787] PM: suspend of devices complete after 37.523 msecs
[   24.885202] PM: late suspend of devices complete after 2.383 msecs
[   24.909212] PM: noirq suspend of devices complete after 23.977 msecs
[   24.909225] Disabling non-boot CPUs ...
[   25.011787] Entering suspend state LP1
[   25.011787] Suspended for 3.220 seconds
[   25.011889] Enabling non-boot CPUs ...
[   25.053214] CPU1 is up
[   25.054852] pcieport 0000:00:01.0: nv_msi_ht_cap_quirk didn't locate host bridge
[   25.078849] PM: noirq resume of devices complete after 25.600 msecs
[   25.081954] PM: early resume of devices complete after 2.110 msecs
[   25.630027] PM: resume of devices complete after 548.038 msecs
[   25.693292] Restarting tasks ... done.
root@(none):/# 
root@(none):/# rtcwake -d rtc1 -m mem -s 3
rtcwake: assuming RTC uses UTC ...
rtcwake: wakeup from "mem" using /dev/rtc1 at Thu Jan  1 00:01:02 1970
[   26.558713] PM: Syncing filesystems ... done.
[   26.578898] Freezing user space processes ... (elapsed 0.001 seconds) done.
[   26.580356] Freezing remaining freezable tasks ... (elapsed 0.001 seconds) done.
[   26.581818] Suspending console(s) (use no_console_suspend to debug)
[   26.650522] pci_generic_config_write32: 65 callbacks suppressed
[   26.650567] pci_bus 0000:00: 2-byte config write to 0000:00:01.0 offset 0x9c may corrupt adjacent RW1C bits
[   26.662787] PM: suspend of devices complete after 36.530 msecs
[   26.665686] PM: late suspend of devices complete after 2.868 msecs
[   26.668891] pci_bus 0000:01: 2-byte config write to 0000:01:00.0 offset 0x44 may corrupt adjacent RW1C bits
[   26.668953] pci_bus 0000:01: 2-byte config write to 0000:01:00.0 offset 0x44 may corrupt adjacent RW1C bits
[   26.699050] PM: noirq suspend of devices complete after 33.333 msecs
[   26.699063] Disabling non-boot CPUs ...
[   26.791495] Entering suspend state LP1
[   26.791495] Suspended for 3.220 seconds
[   26.791597] Enabling non-boot CPUs ...
[   26.833070] CPU1 is up
[   26.834571] pci_bus 0000:00: 2-byte config write to 0000:00:01.0 offset 0x4c may corrupt adjacent RW1C bits
[   26.834619] pci_bus 0000:00: 2-byte config write to 0000:00:01.0 offset 0x88 may corrupt adjacent RW1C bits
[   26.834653] pci_bus 0000:00: 2-byte config write to 0000:00:01.0 offset 0x90 may corrupt adjacent RW1C bits
[   26.834683] pci_bus 0000:00: 2-byte config write to 0000:00:01.0 offset 0x98 may corrupt adjacent RW1C bits
[   26.834711] pci_bus 0000:00: 2-byte config write to 0000:00:01.0 offset 0x9c may corrupt adjacent RW1C bits
[   26.834797] pci_bus 0000:00: 2-byte config write to 0000:00:01.0 offset 0x52 may corrupt adjacent RW1C bits
[   26.834855] pci_bus 0000:00: 2-byte config write to 0000:00:01.0 offset 0x52 may corrupt adjacent RW1C bits
[   26.834937] pcieport 0000:00:01.0: nv_msi_ht_cap_quirk didn't locate host bridge
[   26.858706] PM: noirq resume of devices complete after 25.601 msecs
[   26.861812] PM: early resume of devices complete after 2.105 msecs
[   27.409910] PM: resume of devices complete after 548.063 msecs
[   27.575498] Restarting tasks ... done.
root@(none):/# 
root@(none):/# rtcwake -d rtc1 -m mem -s 3
rtcwake: assuming RTC uses UTC ...
rtcwake: wakeup from "mem" using /dev/rtc1 at Thu Jan  1 00:01:07 1970
[   28.337924] PM: Syncing filesystems ... done.
[   28.358813] Freezing user space processes ... (elapsed 0.001 seconds) done.
[   28.360218] Freezing remaining freezable tasks ... (elapsed 0.001 seconds) done.
[   28.361659] Suspending console(s) (use no_console_suspend to debug)
[   28.442675] PM: suspend of devices complete after 37.139 msecs
[   28.445575] PM: late suspend of devices complete after 2.867 msecs
[   28.479037] PM: noirq suspend of devices complete after 33.430 msecs
[   28.479051] Disabling non-boot CPUs ...
[   28.571577] Entering suspend state LP1
[   28.571577] Suspended for 3.219 seconds
[   28.571678] Enabling non-boot CPUs ...
[   28.613015] CPU1 is up
[   28.614344] pcieport 0000:00:01.0: nv_msi_ht_cap_quirk didn't locate host bridge
[   28.638527] PM: noirq resume of devices complete after 25.477 msecs
[   28.641830] PM: early resume of devices complete after 2.316 msecs
[   29.190152] PM: resume of devices complete after 548.288 msecs
[   29.253564] Restarting tasks ... done.
root@(none):/# 
root@(none):/# rtcwake -d rtc1 -m mem -s 3
rtcwake: assuming RTC uses UTC ...
rtcwake: wakeup from "mem" using /dev/rtc1 at Thu Jan  1 00:01:12 1970
[   30.117979] PM: Syncing filesystems ... done.
[   30.138663] Freezing user space processes ... (elapsed 0.001 seconds) done.
[   30.140066] Freezing remaining freezable tasks ... (elapsed 0.001 seconds) done.
[   30.141507] Suspending console(s) (use no_console_suspend to debug)
[   30.223956] PM: suspend of devices complete after 38.578 msecs
[   30.227757] PM: late suspend of devices complete after 3.770 msecs
[   30.258874] PM: noirq suspend of devices complete after 31.086 msecs
[   30.258888] Disabling non-boot CPUs ...
[   30.361618] Entering suspend state LP1
[   30.361618] Suspended for 3.209 seconds
[   30.361720] Enabling non-boot CPUs ...
[   30.402935] CPU1 is up
[   30.404354] pcieport 0000:00:01.0: nv_msi_ht_cap_quirk didn't locate host bridge
[   30.428429] PM: noirq resume of devices complete after 25.458 msecs
[   30.431730] PM: early resume of devices complete after 2.295 msecs
[   30.979326] PM: resume of devices complete after 547.563 msecs
[   31.042621] Restarting tasks ... done.
root@(none):/# 
root@(none):/# rtcwake -d rtc1 -m mem -s 3
rtcwake: assuming RTC uses UTC ...
rtcwake: wakeup from "mem" using /dev/rtc1 at Thu Jan  1 00:01:17 1970
[   31.907710] PM: Syncing filesystems ... done.
[   31.928566] Freezing user space processes ... (elapsed 0.001 seconds) done.
[   31.929964] Freezing remaining freezable tasks ... (elapsed 0.001 seconds) done.
[   31.931432] Suspending console(s) (use no_console_suspend to debug)
[   32.001313] pci_generic_config_write32: 65 callbacks suppressed
[   32.001357] pci_bus 0000:00: 2-byte config write to 0000:00:01.0 offset 0x9c may corrupt adjacent RW1C bits
[   32.013738] PM: suspend of devices complete after 38.556 msecs
[   32.016631] PM: late suspend of devices complete after 2.861 msecs
[   32.019843] pci_bus 0000:01: 2-byte config write to 0000:01:00.0 offset 0x44 may corrupt adjacent RW1C bits
[   32.019907] pci_bus 0000:01: 2-byte config write to 0000:01:00.0 offset 0x44 may corrupt adjacent RW1C bits
[   32.048829] PM: noirq suspend of devices complete after 32.167 msecs
[   32.048842] Disabling non-boot CPUs ...
[   32.141715] Entering suspend state LP1
[   32.141715] Suspended for 3.219 seconds
[   32.141814] Enabling non-boot CPUs ...
[   32.182826] CPU1 is up
[   32.183999] pci_bus 0000:00: 2-byte config write to 0000:00:01.0 offset 0x4c may corrupt adjacent RW1C bits
[   32.184082] pci_bus 0000:00: 2-byte config write to 0000:00:01.0 offset 0x88 may corrupt adjacent RW1C bits
[   32.184132] pci_bus 0000:00: 2-byte config write to 0000:00:01.0 offset 0x90 may corrupt adjacent RW1C bits
[   32.184176] pci_bus 0000:00: 2-byte config write to 0000:00:01.0 offset 0x98 may corrupt adjacent RW1C bits
[   32.184208] pci_bus 0000:00: 2-byte config write to 0000:00:01.0 offset 0x9c may corrupt adjacent RW1C bits
[   32.184294] pci_bus 0000:00: 2-byte config write to 0000:00:01.0 offset 0x52 may corrupt adjacent RW1C bits
[   32.184327] pci_bus 0000:00: 2-byte config write to 0000:00:01.0 offset 0x52 may corrupt adjacent RW1C bits
[   32.184404] pcieport 0000:00:01.0: nv_msi_ht_cap_quirk didn't locate host bridge
[   32.208423] PM: noirq resume of devices complete after 25.560 msecs
[   32.211375] PM: early resume of devices complete after 1.966 msecs
[   32.756913] PM: resume of devices complete after 545.504 msecs
[   32.923293] Restarting tasks ... done.
root@(none):/# 
root@(none):/# NVTB SYSTEM SUSPEND TEST COMPLETE
