
U-Boot SPL 2014.07-00097-g772e173 (Jul 25 2014 - 20:02:52)


U-Boot 2014.07-00097-g772e173 (Jul 25 2014 - 20:02:52)

TEGRA124
Board: NVIDIA Jetson TK1
I2C:   ready
DRAM:  2 GiB
MMC:   Tegra SD/MMC: 0, Tegra SD/MMC: 1
In:    serial
Out:   serial
Err:   serial
Net:   Net Initialization Skipped
No ethernet found.
Hit any key to stop autoboot:  2  0 
Tegra124 (Jetson TK1) # 
Tegra124 (Jetson TK1) # usb reset
(Re)start USB...
USB0:   USB EHCI 1.10
scanning bus 0 for devices... 1 USB Device(s) found
USB1:   USB EHCI 1.10
scanning bus 1 for devices... 2 USB Device(s) found
       scanning usb for storage devices... 0 Storage Device(s) found
       scanning usb for ethernet devices... 
Warning: asx0 using MAC address from net device
1 Ethernet Device(s) found
Tegra124 (Jetson TK1) # setenv bootargs 'ignore_loglevel console=ttyS0,115200n8 rw root=/dev/mmcblk0p1 rootwait gpt debug noinitrd earlyprintk init=/bin/bash'
Tegra124 (Jetson TK1) # setenv ipaddr 192.168.100.102; setenv serverip 192.168.100.1; setenv tftpserverip 192.168.100.1
Tegra124 (Jetson TK1) # tftpboot 0x82000000 zImage.multi_v7_defconfig
Using asx0 device
TFTP from server 192.168.100.1; our IP address is 192.168.100.102
Filename 'zImage.multi_v7_defconfig'.
Load address: 0x82000000
Loading: *#################################################################
	 #################################################################
	 #################################################################
	 #################################################################
	 #################################################################
	 #################################################################
	 ####################################################
	 3.3 MiB/s
done
Bytes transferred = 6477176 (62d578 hex)
Tegra124 (Jetson TK1) # tftpboot 0x83000000 tegra124-jetson-tk1.dtb
Using asx0 device
TFTP from server 192.168.100.1; our IP address is 192.168.100.102
Filename 'tegra124-jetson-tk1.dtb'.
Load address: 0x83000000
Loading: *#####
	 3.1 MiB/s
done
Bytes transferred = 64138 (fa8a hex)
Tegra124 (Jetson TK1) # bootz 0x82000000 - 0x83000000
Kernel image @ 0x82000000 [ 0x000000 - 0x62d578 ]
## Flattened Device Tree blob at 83000000
   Booting using the fdt blob at 0x83000000
   Using Device Tree in place at 83000000, end 83012a89

Starting kernel ...

[    0.000000] Booting Linux on physical CPU 0x0
[    0.000000] Linux version 4.3.0-51166-gbd4f203 (pwalmsley@sellafield) (gcc version 4.7.3 20130328 (prerelease) (crosstool-NG linaro-1.13.1-4.7-2013.04-20130415 - Linaro GCC 2013.04) ) #1 SMP Wed Nov 18 06:25:42 PST 2015
[    0.000000] CPU: ARMv7 Processor [413fc0f3] revision 3 (ARMv7), cr=10c5387d
[    0.000000] CPU: PIPT / VIPT nonaliasing data cache, PIPT instruction cache
[    0.000000] Machine model: NVIDIA Tegra124 Jetson TK1
[    0.000000] debug: ignoring loglevel setting.
[    0.000000] cma: Reserved 64 MiB at 0xfb800000
[    0.000000] Memory policy: Data cache writealloc
[    0.000000] On node 0 totalpages: 524032
[    0.000000] free_area_init_node: node 0, pgdat c0f982c0, node_mem_map eeff8000
[    0.000000]   DMA zone: 1536 pages used for memmap
[    0.000000]   DMA zone: 0 pages reserved
[    0.000000]   DMA zone: 196608 pages, LIFO batch:31
[    0.000000]   HighMem zone: 327424 pages, LIFO batch:31
[    0.000000] PERCPU: Embedded 12 pages/cpu @eef8f000 s19136 r8192 d21824 u49152
[    0.000000] pcpu-alloc: s19136 r8192 d21824 u49152 alloc=12*4096
[    0.000000] pcpu-alloc: [0] 0 [0] 1 [0] 2 [0] 3 
[    0.000000] Built 1 zonelists in Zone order, mobility grouping on.  Total pages: 522496
[    0.000000] Kernel command line: ignore_loglevel console=ttyS0,115200n8 rw root=/dev/mmcblk0p1 rootwait gpt debug noinitrd earlyprintk init=/bin/bash
[    0.000000] PID hash table entries: 4096 (order: 2, 16384 bytes)
[    0.000000] Dentry cache hash table entries: 131072 (order: 7, 524288 bytes)
[    0.000000] Inode-cache hash table entries: 65536 (order: 6, 262144 bytes)
[    0.000000] Memory: 1998652K/2096128K available (8156K kernel code, 1032K rwdata, 3660K rodata, 1040K init, 340K bss, 31940K reserved, 65536K cma-reserved, 1244160K highmem)
[    0.000000] Virtual kernel memory layout:
[    0.000000]     vector  : 0xffff0000 - 0xffff1000   (   4 kB)
[    0.000000]     fixmap  : 0xffc00000 - 0xfff00000   (3072 kB)
[    0.000000]     vmalloc : 0xf0800000 - 0xff800000   ( 240 MB)
[    0.000000]     lowmem  : 0xc0000000 - 0xf0000000   ( 768 MB)
[    0.000000]     pkmap   : 0xbfe00000 - 0xc0000000   (   2 MB)
[    0.000000]     modules : 0xbf000000 - 0xbfe00000   (  14 MB)
[    0.000000]       .text : 0xc0208000 - 0xc0d932ac   (11821 kB)
[    0.000000]       .init : 0xc0d94000 - 0xc0e98000   (1040 kB)
[    0.000000]       .data : 0xc0e98000 - 0xc0f9a220   (1033 kB)
[    0.000000]        .bss : 0xc0f9d000 - 0xc0ff23a8   ( 341 kB)
[    0.000000] SLUB: HWalign=64, Order=0-3, MinObjects=0, CPUs=4, Nodes=1
[    0.000000] Hierarchical RCU implementation.
[    0.000000] 	Build-time adjustment of leaf fanout to 32.
[    0.000000] 	RCU restricting CPUs from NR_CPUS=16 to nr_cpu_ids=4.
[    0.000000] RCU: Adjusting geometry for rcu_fanout_leaf=32, nr_cpu_ids=4
[    0.000000] NR_IRQS:16 nr_irqs:16 16
[    0.000000] /interrupt-controller@60004000: 160 interrupts forwarded to /interrupt-controller@0,50041000
[    0.000000] L2C: failed to init: -19
[    0.000010] sched_clock: 32 bits at 1000kHz, resolution 1000ns, wraps every 2147483647500ns
[    0.000029] clocksource: timer_us: mask: 0xffffffff max_cycles: 0xffffffff, max_idle_ns: 1911260446275 ns
[    0.000043] Switching to timer-based delay loop, resolution 1000ns
[    0.004361] Architected cp15 timer(s) running at 12.00MHz (virt).
[    0.004378] clocksource: arch_sys_counter: mask: 0xffffffffffffff max_cycles: 0x2c47f4ee7, max_idle_ns: 440795202497 ns
[    0.004395] sched_clock: 56 bits at 12MHz, resolution 83ns, wraps every 4398046511096ns
[    0.004407] Switching to timer-based delay loop, resolution 83ns
[    0.004823] Console: colour dummy device 80x30
[    0.004847] Calibrating delay loop (skipped), value calculated using timer frequency.. 24.00 BogoMIPS (lpj=60000)
[    0.004861] pid_max: default: 32768 minimum: 301
[    0.004969] Mount-cache hash table entries: 2048 (order: 1, 8192 bytes)
[    0.004981] Mountpoint-cache hash table entries: 2048 (order: 1, 8192 bytes)
[    0.005570] CPU: Testing write buffer coherency: ok
[    0.005787] /cpus/cpu@0 missing clock-frequency property
[    0.005826] /cpus/cpu@1 missing clock-frequency property
[    0.005863] /cpus/cpu@2 missing clock-frequency property
[    0.005901] /cpus/cpu@3 missing clock-frequency property
[    0.005913] CPU0: thread -1, cpu 0, socket 0, mpidr 80000000
[    0.005955] Setting up static identity map for 0x80209000 - 0x80209098
[    0.008912] Tegra Revision: A01 SKU: 129 CPU Process: 1 SoC Process: 1
[    0.010189] CPU1: thread -1, cpu 1, socket 0, mpidr 80000001
[    0.010713] CPU2: thread -1, cpu 2, socket 0, mpidr 80000002
[    0.011229] CPU3: thread -1, cpu 3, socket 0, mpidr 80000003
[    0.011294] Brought up 4 CPUs
[    0.011315] SMP: Total of 4 processors activated (96.00 BogoMIPS).
[    0.011322] CPU: All CPU(s) started in SVC mode.
[    0.012752] devtmpfs: initialized
[    0.031276] VFP support v0.3: implementor 41 architecture 4 part 30 variant f rev 0
[    0.032043] clocksource: jiffies: mask: 0xffffffff max_cycles: 0xffffffff, max_idle_ns: 9556302231375000 ns
[    0.033679] pinctrl core: initialized pinctrl subsystem
[    0.035331] NET: Registered protocol family 16
[    0.037351] DMA: preallocated 256 KiB pool for atomic coherent allocations
[    0.049640] cpuidle: using governor ladder
[    0.064658] cpuidle: using governor menu
[    0.081176] No ATAGs?
[    0.081212] hw-breakpoint: found 5 (+1 reserved) breakpoint and 4 watchpoint registers.
[    0.081222] hw-breakpoint: maximum watchpoint size is 8 bytes.
[    0.085965] Serial: AMBA PL011 UART driver
[    0.115313] +USB0_VBUS_SW: Failed to request enable GPIO108: -517
[    0.115427] reg-fixed-voltage regulators:regulator@7: Failed to register regulator: -517
[    0.115647] +5V_USB_HS: Failed to request enable GPIO109: -517
[    0.115751] reg-fixed-voltage regulators:regulator@8: Failed to register regulator: -517
[    0.116049] +1.05V_RUN_AVDD_HDMI_PLL: Failed to request enable GPIO63: -517
[    0.116153] reg-fixed-voltage regulators:regulator@11: Failed to register regulator: -517
[    0.116370] +5V_HDMI_CON: Failed to request enable GPIO86: -517
[    0.116473] reg-fixed-voltage regulators:regulator@12: Failed to register regulator: -517
[    0.116686] +5V_SATA: Failed to request enable GPIO242: -517
[    0.116788] reg-fixed-voltage regulators:regulator@13: Failed to register regulator: -517
[    0.117003] +12V_SATA: Failed to request enable GPIO242: -517
[    0.117104] reg-fixed-voltage regulators:regulator@14: Failed to register regulator: -517
[    0.120021] vgaarb: loaded
[    0.120769] SCSI subsystem initialized
[    0.120951] libata version 3.00 loaded.
[    0.121245] usbcore: registered new interface driver usbfs
[    0.121310] usbcore: registered new interface driver hub
[    0.121384] usbcore: registered new device driver usb
[    0.124961] pps_core: LinuxPPS API ver. 1 registered
[    0.124971] pps_core: Software ver. 5.3.6 - Copyright 2005-2007 Rodolfo Giometti <giometti@linux.it>
[    0.124999] PTP clock support registered
[    0.125221] EDAC MC: Ver: 3.0.0
[    0.128334] clocksource: Switched to clocksource arch_sys_counter
[    0.139938] NET: Registered protocol family 2
[    0.140469] TCP established hash table entries: 8192 (order: 3, 32768 bytes)
[    0.140569] TCP bind hash table entries: 8192 (order: 4, 65536 bytes)
[    0.140755] TCP: Hash tables configured (established 8192 bind 8192)
[    0.140808] UDP hash table entries: 512 (order: 2, 16384 bytes)
[    0.140849] UDP-Lite hash table entries: 512 (order: 2, 16384 bytes)
[    0.141016] NET: Registered protocol family 1
[    0.141272] RPC: Registered named UNIX socket transport module.
[    0.141282] RPC: Registered udp transport module.
[    0.141290] RPC: Registered tcp transport module.
[    0.141297] RPC: Registered tcp NFSv4.1 backchannel transport module.
[    0.141316] PCI: CLS 0 bytes, default 64
[    0.142308] hw perfevents: enabled with armv7_cortex_a15 PMU driver, 7 counters available
[    0.143865] futex hash table entries: 1024 (order: 4, 65536 bytes)
[    0.155898] squashfs: version 4.0 (2009/01/31) Phillip Lougher
[    0.156823] NFS: Registering the id_resolver key type
[    0.156855] Key type id_resolver registered
[    0.156863] Key type id_legacy registered
[    0.156935] ntfs: driver 2.1.32 [Flags: R/O].
[    0.158377] bounce: pool size: 64 pages
[    0.158594] Block layer SCSI generic (bsg) driver version 0.4 loaded (major 249)
[    0.158613] io scheduler noop registered
[    0.158630] io scheduler deadline registered
[    0.158668] io scheduler cfq registered (default)
[    0.175407] tegra-pcie 1003000.pcie-controller: 2x1, 1x1 configuration
[    0.175459] tegra-pcie 1003000.pcie-controller: Failed to get supply 'avddio-pex': -517
[    0.182652] tegra-apbdma 60020000.dma: Tegra20 APB DMA driver register 32 channels
[    0.184027] tegra-pmc 7000e400.pmc: emergency thermal reset enabled
[    0.247876] Serial: 8250/16550 driver, 4 ports, IRQ sharing disabled
[    0.250283] SuperH (H)SCI(F) driver initialized
[    0.251216] msm_serial: driver initialized
[    0.252042] console [ttyS0] disabled
[    0.252077] 70006300.serial: ttyS0 at MMIO 0x70006300 (irq = 331, base_baud = 25500000) is a Tegra
[    1.070718] console [ttyS0] enabled
[    1.075038] STMicroelectronics ASC driver initialized
[    1.082494] [drm] Initialized drm 1.1.0 20060810
[    1.089478] tegra-hdmi 54280000.hdmi: failed to get HDMI regulator
[    1.103660] loop: module loaded
[    1.107093] at24 0-0056: 256 byte 24c02 EEPROM, writable, 8 bytes/write
[    1.114981] as3722 4-0040: AS3722 with revision 0x1 found
[    1.138281] +5V_SYS: supplied by +VDD_MUX
[    1.142362] +1.05V_RUN: supplied by +5V_SYS
[    1.146672] tegra-ahci 70027000.sata: Failed to get supply 'hvdd': -517
[    1.153367] tegra-ahci 70027000.sata: Failed to get regulators
[    1.164635] m25p80 spi32765.0: w25q32dw (4096 Kbytes)
[    1.169715] spi32765.0: 'partitions' subnode not found on /spi@0,7000da00/spi-flash@0. Trying to parse direct subnodes as partitions.
[    1.185080] CAN device driver interface
[    1.190286] igb: Intel(R) Gigabit Ethernet Network Driver - version 5.3.0-k
[    1.197254] igb: Copyright (c) 2007-2014 Intel Corporation.
[    1.206190] pegasus: v0.9.3 (2013/04/25), Pegasus/Pegasus II USB Ethernet driver
[    1.213647] usbcore: registered new interface driver pegasus
[    1.219389] usbcore: registered new interface driver asix
[    1.224850] usbcore: registered new interface driver ax88179_178a
[    1.231001] usbcore: registered new interface driver cdc_ether
[    1.236913] usbcore: registered new interface driver smsc75xx
[    1.242738] usbcore: registered new interface driver smsc95xx
[    1.248545] usbcore: registered new interface driver net1080
[    1.254267] usbcore: registered new interface driver cdc_subset
[    1.260246] usbcore: registered new interface driver zaurus
[    1.265922] usbcore: registered new interface driver cdc_ncm
[    1.271842] tegra-phy 7d004000.usb-phy: no vbus regulator
[    1.279198] ehci_hcd: USB 2.0 'Enhanced' Host Controller (EHCI) Driver
[    1.285736] ehci-pci: EHCI PCI platform driver
[    1.290235] ehci-platform: EHCI generic platform driver
[    1.295684] ehci-omap: OMAP-EHCI Host Controller driver
[    1.301063] ehci-orion: EHCI orion driver
[    1.305229] SPEAr-ehci: EHCI SPEAr driver
[    1.309399] ehci-st: EHCI STMicroelectronics driver
[    1.314441] ehci-exynos: EHCI EXYNOS driver
[    1.318806] ehci-atmel: EHCI Atmel driver
[    1.322960] tegra-ehci: Tegra EHCI driver
[    1.327301] tegra-ehci 7d004000.usb: EHCI Host Controller
[    1.332730] tegra-ehci 7d004000.usb: new USB bus registered, assigned bus number 1
[    1.340471] tegra-ehci 7d004000.usb: irq 348, io mem 0x7d004000
[    1.353359] tegra-ehci 7d004000.usb: USB 2.0 started, EHCI 1.10
[    1.360132] hub 1-0:1.0: USB hub found
[    1.363929] hub 1-0:1.0: 1 port detected
[    1.368435] ohci_hcd: USB 1.1 'Open' Host Controller (OHCI) Driver
[    1.374634] ohci-pci: OHCI PCI platform driver
[    1.379139] ohci-platform: OHCI generic platform driver
[    1.384548] ohci-omap3: OHCI OMAP3 driver
[    1.388715] SPEAr-ohci: OHCI SPEAr driver
[    1.392865] ohci-st: OHCI STMicroelectronics driver
[    1.397905] ohci-atmel: OHCI Atmel driver
[    1.402466] usbcore: registered new interface driver usb-storage
[    1.410068] mousedev: PS/2 mouse device common for all mice
[    1.419514] as3722-rtc as3722-rtc: rtc core: registered as3722-rtc as rtc0
[    1.426401] as3722-rtc as3722-rtc: RTC interrupt 371
[    1.434756] tegra_rtc 7000e000.rtc: rtc core: registered 7000e000.rtc as rtc1
[    1.441943] tegra_rtc 7000e000.rtc: Tegra internal Real Time Clock
[    1.448730] i2c /dev entries driver
[    1.457336] 0-004c supply vcc not found, using dummy regulator
[    1.469820] sdhci: Secure Digital Host Controller Interface driver
[    1.476020] sdhci: Copyright(c) Pierre Ossman
[    1.482058] Synopsys Designware Multimedia Card Interface Driver
[    1.489281] sdhci-pltfm: SDHCI platform and OF driver helper
[    1.495710] sdhci-tegra 700b0400.sdhci: Got CD GPIO
[    1.500621] sdhci-tegra 700b0400.sdhci: Got WP GPIO
[    1.505556] mmc0: Unknown controller version (3). You may experience problems.
[    1.512976] sdhci-tegra 700b0400.sdhci: No vmmc regulator found
[    1.519068] mmc0: Unknown controller version (3). You may experience problems.
[    1.526377] sdhci-tegra 700b0600.sdhci: No vmmc regulator found
[    1.532308] sdhci-tegra 700b0600.sdhci: No vqmmc regulator found
[    1.538328] mmc0: Invalid maximum block size, assuming 512 bytes
[    1.578356] mmc0: SDHCI controller on 700b0600.sdhci [700b0600.sdhci] using ADMA 64-bit
[    1.587909] ledtrig-cpu: registered to indicate activity on CPUs
[    1.594142] usbcore: registered new interface driver usbhid
[    1.599722] usbhid: USB HID core driver
[    1.610342] NET: Registered protocol family 10
[    1.615506] sit: IPv6 over IPv4 tunneling driver
[    1.620794] NET: Registered protocol family 17
[    1.622352] mmc0: MAN_BKOPS_EN bit is not set
[    1.625731] mmc0: new high speed MMC card at address 0001
[    1.626260] mmcblk0: mmc0:0001 SEM16G 14.6 GiB 
[    1.626486] mmcblk0boot0: mmc0:0001 SEM16G partition 1 4.00 MiB
[    1.626707] mmcblk0boot1: mmc0:0001 SEM16G partition 2 4.00 MiB
[    1.626924] mmcblk0rpmb: mmc0:0001 SEM16G partition 3 4.00 MiB
[    1.628880] Primary GPT is invalid, using alternate GPT.
[    1.628909]  mmcblk0: p1 p2 p3 p4 p5 p6 p7 p8 p9
[    1.667154] can: controller area network core (rev 20120528 abi 9)
[    1.673405] NET: Registered protocol family 29
[    1.677853] can: raw protocol (rev 20120528)
[    1.682143] can: broadcast manager protocol (rev 20120528 t)
[    1.687825] can: netlink gateway (rev 20130117) max_hops=1
[    1.693723] Key type dns_resolver registered
[    1.698647] ThumbEE CPU extension supported.
[    1.702927] Registering SWP/SWPB emulation handler
[    1.715478] tegra-pcie 1003000.pcie-controller: 2x1, 1x1 configuration
[    1.722384] +3.3V_SYS: supplied by +VDD_MUX
[    1.726654] +3.3V_LP0: supplied by +3.3V_SYS
[    1.731417] +1.35V_LP0(sd2): supplied by +5V_SYS
[    1.736173] +1.05V_RUN_AVDD: supplied by +1.35V_LP0(sd2)
[    1.743129] tegra-pcie 1003000.pcie-controller: probing port 0, using 2 lanes
[    1.752399] tegra-pcie 1003000.pcie-controller: Slot present pin change, signature: 00000008
[    2.180915] tegra-pcie 1003000.pcie-controller: link 0 down, retrying
[    2.609517] tegra-pcie 1003000.pcie-controller: link 0 down, retrying
[    3.038264] tegra-pcie 1003000.pcie-controller: link 0 down, retrying
[    3.046851] tegra-pcie 1003000.pcie-controller: link 0 down, ignoring
[    3.053353] tegra-pcie 1003000.pcie-controller: probing port 1, using 1 lanes
[    3.062605] tegra-pcie 1003000.pcie-controller: Slot present pin change, signature: 00000000
[    3.491203] tegra-pcie 1003000.pcie-controller: link 1 down, retrying
[    3.919147] tegra-pcie 1003000.pcie-controller: link 1 down, retrying
[    4.347514] tegra-pcie 1003000.pcie-controller: link 1 down, retrying
[    4.356102] tegra-pcie 1003000.pcie-controller: link 1 down, ignoring
[    4.362800] tegra-pcie 1003000.pcie-controller: PCI host bridge to bus 0000:00
[    4.370040] pci_bus 0000:00: root bus resource [mem 0x13000000-0x1fffffff]
[    4.376921] pci_bus 0000:00: root bus resource [mem 0x20000000-0x3fffffff pref]
[    4.384235] pci_bus 0000:00: root bus resource [bus 00-ff]
[    4.389728] pci_bus 0000:00: root bus resource [io  0x1000-0xffff]
[    4.395938] PCI: bus0: Fast back to back transfers enabled
[    4.402249] +5V_HDMI_CON: supplied by +5V_SYS
[    4.406753] +1.05V_RUN_AVDD_HDMI_PLL: supplied by +1.05V_RUN
[    4.412572] +3.3V_RUN: supplied by +3.3V_SYS
[    4.416885] +3.3V_AVDD_HDMI_AP_GATED: supplied by +3.3V_RUN
[    4.425071] [drm] Supports vblank timestamp caching Rev 2 (21.10.2013).
[    4.431747] [drm] No driver support for vblank timestamp query.
[    4.538057] tegra-hdmi 54280000.hdmi: cannot set audio to 44100 at 297000000 pclk
[    4.647840] Console: switching to colour frame buffer device 512x135
[    4.742306] drm drm: fb0:  frame buffer device
[    4.758509] [drm] Initialized tegra 0.0.0 20120330 on minor 0
[    4.765484] +5V_SATA: supplied by +5V_SYS
[    4.769646] +12V_SATA: supplied by +VDD_MUX
[    4.774629] tegra-ahci 70027000.sata: AHCI 0001.0301 32 slots 2 ports 3 Gbps 0x1 impl platform mode
[    4.783704] tegra-ahci 70027000.sata: flags: 64bit ncq sntf pm led pio slum part sadm sds apst 
[    4.794999] scsi host0: tegra-ahci
[    4.799663] scsi host1: tegra-ahci
[    4.803449] ata1: SATA max UDMA/133 mmio [mem 0x70027000-0x70028fff] port 0x100 irq 341
[    4.811489] ata2: DUMMY
[    4.815259] +5V_USB_HS: supplied by +5V_SYS
[    4.820775] tegra-ehci 7d008000.usb: EHCI Host Controller
[    4.826235] tegra-ehci 7d008000.usb: new USB bus registered, assigned bus number 2
[    4.834038] tegra-ehci 7d008000.usb: irq 349, io mem 0x7d008000
[    4.848493] tegra-ehci 7d008000.usb: USB 2.0 started, EHCI 1.10
[    4.855656] hub 2-0:1.0: USB hub found
[    4.859536] hub 2-0:1.0: 1 port detected
[    4.865074] dev_pm_opp_of_cpumask_add_table: couldn't find opp table for cpu:0, -19
[    4.872864] cpufreq: cpufreq_online: CPU0: Running at unlisted freq: 696000 KHz
[    4.880255] cpufreq: cpufreq_online: CPU0: Unlisted initial frequency changed to: 714000 KHz
[    4.889455] sdhci-tegra 700b0400.sdhci: Got CD GPIO
[    4.894330] sdhci-tegra 700b0400.sdhci: Got WP GPIO
[    4.899259] mmc1: Unknown controller version (3). You may experience problems.
[    4.906565] +VDDIO_SDMMC3: supplied by +3.3V_RUN
[    4.911214] sdhci-tegra 700b0400.sdhci: No vmmc regulator found
[    4.917151] mmc1: Invalid maximum block size, assuming 512 bytes
[    4.958637] mmc1: SDHCI controller on 700b0400.sdhci [700b0400.sdhci] using ADMA 64-bit
[    4.967262] input: gpio-keys as /devices/soc0/gpio-keys/input/input0
[    4.974550] as3722-rtc as3722-rtc: setting system clock to 2000-01-01 00:00:18 UTC (946684818)
[    4.986958] +1.8V_RUN_CAM: disabling
[    4.990741] +2.8V_RUN_CAM: disabling
[    4.994526] +1.2V_RUN_CAM_FRONT: disabling
[    4.998788] +1.05V_RUN_CAM_REAR: disabling
[    5.003027] +3.3V_RUN_TOUCH: disabling
[    5.006938] +2.8V_RUN_CAM_AF: disabling
[    5.010933] +1.8V_RUN_VPP_FUSE: disabling
[    5.015104] +USB0_VBUS_SW: disabling
[    5.138436] ata1: SATA link down (SStatus 0 SControl 300)
[    5.144618] EXT4-fs (mmcblk0p1): couldn't mount as ext3 due to feature incompatibilities
[    5.153189] EXT4-fs (mmcblk0p1): couldn't mount as ext2 due to feature incompatibilities
[    5.170888] EXT4-fs (mmcblk0p1): recovery complete
[    5.175712] EXT4-fs (mmcblk0p1): mounted filesystem with ordered data mode. Opts: (null)
[    5.183835] VFS: Mounted root (ext4 filesystem) on device 179:1.
[    5.189921] usb 2-1: new high-speed USB device number 2 using tegra-ehci
[    5.199775] devtmpfs: mounted
[    5.203005] Freeing unused kernel memory: 1040K (c0d94000 - c0e98000)
bash: cannot set terminal process group (-1): Inappropriate ioctl for device
bash: no job control in this shell
root@(none):/# 