
U-Boot SPL 2014.01-00219-gc4d376f (Feb 18 2014 - 19:57:32)


U-Boot 2014.01-00219-gc4d376f (Feb 18 2014 - 19:57:32)

TEGRA114
Board: NVIDIA Dalmore
I2C:   ready
DRAM:  2 GiB
MMC:   Tegra SD/MMC: 0, Tegra SD/MMC: 1
In:    serial
Out:   serial
Err:   serial
Net:   Net Initialization Skipped
No ethernet found.
Hit any key to stop autoboot:  2  0 
Tegra114 (Dalmore) # 
Tegra114 (Dalmore) # usb reset
(Re)start USB...
USB0:   USB EHCI 1.10
scanning bus 0 for devices... 2 USB Device(s) found
       scanning usb for storage devices... 0 Storage Device(s) found
       scanning usb for ethernet devices... 
Warning: asx0 using MAC address from net device
1 Ethernet Device(s) found
Tegra114 (Dalmore) # setenv bootargs 'ignore_loglevel console=ttyS0,115200n8 rw root=/dev/mmcblk0p1 rootwait gpt debug init=/bin/bash'
Tegra114 (Dalmore) # setenv ipaddr 192.168.100.100; setenv serverip 192.168.100.1; setenv tftpserverip 192.168.100.1
Tegra114 (Dalmore) # tftpboot 0x81000000 zImage.multi_v7_defconfig
Using asx0 device
TFTP from server 192.168.100.1; our IP address is 192.168.100.100
Filename 'zImage.multi_v7_defconfig'.
Load address: 0x81000000
Loading: *#################################################################
	 #################################################################
	 #################################################################
	 #################################################################
	 #################################################################
	 #################################################################
	 ###############################################
	 3.2 MiB/s
done
Bytes transferred = 6401640 (61ae68 hex)
Tegra114 (Dalmore) # tftpboot 0x82000000 tegra114-dalmore.dtb
Using asx0 device
TFTP from server 192.168.100.1; our IP address is 192.168.100.100
Filename 'tegra114-dalmore.dtb'.
Load address: 0x82000000
Loading: *###
	 2.8 MiB/s
done
Bytes transferred = 34966 (8896 hex)
Tegra114 (Dalmore) # bootz 0x81000000 - 0x82000000
Kernel image @ 0x81000000 [ 0x000000 - 0x61ae68 ]
## Flattened Device Tree blob at 82000000
   Booting using the fdt blob at 0x82000000
   Loading Device Tree to 8fff4000, end 8ffff895 ... OK

Starting kernel ...

[    0.000000] Booting Linux on physical CPU 0x0
[    0.000000] Linux version 4.2.0-38352-g4e4adb2 (pwalmsley@sellafield) (gcc version 4.7.3 20130328 (prerelease) (crosstool-NG linaro-1.13.1-4.7-2013.04-20130415 - Linaro GCC 2013.04) ) #1 SMP Tue Sep 8 01:35:02 PDT 2015
[    0.000000] CPU: ARMv7 Processor [412fc0f2] revision 2 (ARMv7), cr=10c5387d
[    0.000000] CPU: PIPT / VIPT nonaliasing data cache, PIPT instruction cache
[    0.000000] Machine model: NVIDIA Tegra114 Dalmore evaluation board
[    0.000000] debug: ignoring loglevel setting.
[    0.000000] cma: Reserved 64 MiB at 0xfb800000
[    0.000000] Memory policy: Data cache writealloc
[    0.000000] On node 0 totalpages: 524032
[    0.000000] free_area_init_node: node 0, pgdat c0f6b200, node_mem_map ee7f8000
[    0.000000]   DMA zone: 1520 pages used for memmap
[    0.000000]   DMA zone: 0 pages reserved
[    0.000000]   DMA zone: 194560 pages, LIFO batch:31
[    0.000000]   HighMem zone: 329472 pages, LIFO batch:31
[    0.000000] PERCPU: Embedded 11 pages/cpu @ee7a7000 s14976 r8192 d21888 u45056
[    0.000000] pcpu-alloc: s14976 r8192 d21888 u45056 alloc=11*4096
[    0.000000] pcpu-alloc: [0] 0 [0] 1 [0] 2 [0] 3 
[    0.000000] Built 1 zonelists in Zone order, mobility grouping on.  Total pages: 522512
[    0.000000] Kernel command line: ignore_loglevel console=ttyS0,115200n8 rw root=/dev/mmcblk0p1 rootwait gpt debug init=/bin/bash
[    0.000000] PID hash table entries: 4096 (order: 2, 16384 bytes)
[    0.000000] Dentry cache hash table entries: 131072 (order: 7, 524288 bytes)
[    0.000000] Inode-cache hash table entries: 65536 (order: 6, 262144 bytes)
[    0.000000] Memory: 1998956K/2096128K available (8062K kernel code, 1012K rwdata, 3616K rodata, 1020K init, 340K bss, 31636K reserved, 65536K cma-reserved, 1252352K highmem)
[    0.000000] Virtual kernel memory layout:
[    0.000000]     vector  : 0xffff0000 - 0xffff1000   (   4 kB)
[    0.000000]     fixmap  : 0xffc00000 - 0xfff00000   (3072 kB)
[    0.000000]     vmalloc : 0xf0000000 - 0xff000000   ( 240 MB)
[    0.000000]     lowmem  : 0xc0000000 - 0xef800000   ( 760 MB)
[    0.000000]     pkmap   : 0xbfe00000 - 0xc0000000   (   2 MB)
[    0.000000]     modules : 0xbf000000 - 0xbfe00000   (  14 MB)
[    0.000000]       .text : 0xc0208000 - 0xc0d70bb4   (11683 kB)
[    0.000000]       .init : 0xc0d71000 - 0xc0e70000   (1020 kB)
[    0.000000]       .data : 0xc0e70000 - 0xc0f6d1c0   (1013 kB)
[    0.000000]        .bss : 0xc0f70000 - 0xc0fc52e8   ( 341 kB)
[    0.000000] SLUB: HWalign=64, Order=0-3, MinObjects=0, CPUs=4, Nodes=1
[    0.000000] Hierarchical RCU implementation.
[    0.000000] 	Build-time adjustment of leaf fanout to 32.
[    0.000000] 	RCU restricting CPUs from NR_CPUS=16 to nr_cpu_ids=4.
[    0.000000] RCU: Adjusting geometry for rcu_fanout_leaf=32, nr_cpu_ids=4
[    0.000000] NR_IRQS:16 nr_irqs:16 16
[    0.000000] /interrupt-controller@60004000: 160 interrupts forwarded to /interrupt-controller@50041000
[    0.000000] L2C: failed to init: -19
[    0.000009] sched_clock: 32 bits at 1000kHz, resolution 1000ns, wraps every 2147483647500ns
[    0.000028] clocksource: timer_us: mask: 0xffffffff max_cycles: 0xffffffff, max_idle_ns: 1911260446275 ns
[    0.000042] Switching to timer-based delay loop, resolution 1000ns
[    0.002806] Architected cp15 timer(s) running at 12.00MHz (virt).
[    0.002825] clocksource: arch_sys_counter: mask: 0xffffffffffffff max_cycles: 0x2c47f4ee7, max_idle_ns: 440795202497 ns
[    0.002843] sched_clock: 56 bits at 12MHz, resolution 83ns, wraps every 4398046511096ns
[    0.002856] Switching to timer-based delay loop, resolution 83ns
[    0.003220] Console: colour dummy device 80x30
[    0.003244] Calibrating delay loop (skipped), value calculated using timer frequency.. 24.00 BogoMIPS (lpj=60000)
[    0.003259] pid_max: default: 32768 minimum: 301
[    0.003371] Mount-cache hash table entries: 2048 (order: 1, 8192 bytes)
[    0.003383] Mountpoint-cache hash table entries: 2048 (order: 1, 8192 bytes)
[    0.003991] CPU: Testing write buffer coherency: ok
[    0.004204] /cpus/cpu@0 missing clock-frequency property
[    0.004232] /cpus/cpu@1 missing clock-frequency property
[    0.004259] /cpus/cpu@2 missing clock-frequency property
[    0.004289] /cpus/cpu@3 missing clock-frequency property
[    0.004301] CPU0: thread -1, cpu 0, socket 0, mpidr 80000000
[    0.004347] Setting up static identity map for 0x80209000 - 0x80209098
[    0.006712] Tegra Revision: A01 SKU: 0 CPU Process: 1 SoC Process: 0
[    0.007917] CPU1: thread -1, cpu 1, socket 0, mpidr 80000001
[    0.008452] CPU2: thread -1, cpu 2, socket 0, mpidr 80000002
[    0.008990] CPU3: thread -1, cpu 3, socket 0, mpidr 80000003
[    0.009057] Brought up 4 CPUs
[    0.009077] SMP: Total of 4 processors activated (96.00 BogoMIPS).
[    0.009084] CPU: All CPU(s) started in SVC mode.
[    0.010544] devtmpfs: initialized
[    0.022153] VFP support v0.3: implementor 41 architecture 4 part 30 variant f rev 0
[    0.022829] clocksource: jiffies: mask: 0xffffffff max_cycles: 0xffffffff, max_idle_ns: 9556302231375000 ns
[    0.024556] pinctrl core: initialized pinctrl subsystem
[    0.026132] NET: Registered protocol family 16
[    0.028240] DMA: preallocated 256 KiB pool for atomic coherent allocations
[    0.042729] cpuidle: using governor ladder
[    0.057750] cpuidle: using governor menu
[    0.063458] gpiochip_add: GPIOs 0..255 (tegra-gpio) failed to register
[    0.070714] No ATAGs?
[    0.070748] hw-breakpoint: found 5 (+1 reserved) breakpoint and 4 watchpoint registers.
[    0.070759] hw-breakpoint: maximum watchpoint size is 8 bytes.
[    0.074859] Serial: AMBA PL011 UART driver
[    0.076022] tegra-mc 70019000.memory-controller: no memory timings for RAM code 3 registered
[    0.105324] vgaarb: loaded
[    0.106169] SCSI subsystem initialized
[    0.106333] libata version 3.00 loaded.
[    0.106666] usbcore: registered new interface driver usbfs
[    0.106744] usbcore: registered new interface driver hub
[    0.106827] usbcore: registered new device driver usb
[    0.110720] palmas 2-0058: Irq flag is 0x00000000
[    0.113338] palmas 2-0058: Muxing GPIO ff, PWM 0, LED 0
[    0.123705] sdhci-vdd-sd-slot: ramp_delay not set
[    0.145873] pps_core: LinuxPPS API ver. 1 registered
[    0.145883] pps_core: Software ver. 5.3.6 - Copyright 2005-2007 Rodolfo Giometti <giometti@linux.it>
[    0.145915] PTP clock support registered
[    0.146151] EDAC MC: Ver: 3.0.0
[    0.148792] clocksource: Switched to clocksource arch_sys_counter
[    0.160227] NET: Registered protocol family 2
[    0.160765] TCP established hash table entries: 8192 (order: 3, 32768 bytes)
[    0.160866] TCP bind hash table entries: 8192 (order: 4, 65536 bytes)
[    0.161053] TCP: Hash tables configured (established 8192 bind 8192)
[    0.161109] UDP hash table entries: 512 (order: 2, 16384 bytes)
[    0.161151] UDP-Lite hash table entries: 512 (order: 2, 16384 bytes)
[    0.161324] NET: Registered protocol family 1
[    0.161579] RPC: Registered named UNIX socket transport module.
[    0.161590] RPC: Registered udp transport module.
[    0.161597] RPC: Registered tcp transport module.
[    0.161606] RPC: Registered tcp NFSv4.1 backchannel transport module.
[    0.161628] PCI: CLS 0 bytes, default 64
[    0.164008] futex hash table entries: 1024 (order: 4, 65536 bytes)
[    0.176978] squashfs: version 4.0 (2009/01/31) Phillip Lougher
[    0.177961] NFS: Registering the id_resolver key type
[    0.177990] Key type id_resolver registered
[    0.178000] Key type id_legacy registered
[    0.178083] ntfs: driver 2.1.32 [Flags: R/O].
[    0.179549] bounce: pool size: 64 pages
[    0.179779] Block layer SCSI generic (bsg) driver version 0.4 loaded (major 249)
[    0.179800] io scheduler noop registered
[    0.179820] io scheduler deadline registered
[    0.179862] io scheduler cfq registered (default)
[    0.204974] tegra-apbdma 6000a000.dma: Tegra20 APB DMA driver register 32 channels
[    0.206302] tegra-pmc 7000e400.pmc: i2c-thermtrip node not found, emergency thermal reset disabled.
[    0.275024] Serial: 8250/16550 driver, 4 ports, IRQ sharing disabled
[    0.277530] SuperH (H)SCI(F) driver initialized
[    0.278450] msm_serial: driver initialized
[    0.279391] console [ttyS0] disabled
[    0.279427] 70006300.serial: ttyS0 at MMIO 0x70006300 (irq = 73, base_baud = 25500000) is a Tegra
[    1.021648] console [ttyS0] enabled
[    1.025900] STMicroelectronics ASC driver initialized
[    1.033198] [drm] Initialized drm 1.1.0 20060810
[    1.039935] vddio-1v8: supplied by regulator-dummy
[    1.044975] avdd-dsi-csi: supplied by vddio-1v8
[    1.051703] tegra-hdmi 54280000.hdmi: failed to get HDMI regulator
[    1.066513] loop: module loaded
[    1.076148] m25p80 spi32766.0: w25q32dw (4096 Kbytes)
[    1.084804] CAN device driver interface
[    1.089852] igb: Intel(R) Gigabit Ethernet Network Driver - version 5.3.0-k
[    1.096820] igb: Copyright (c) 2007-2014 Intel Corporation.
[    1.105231] pegasus: v0.9.3 (2013/04/25), Pegasus/Pegasus II USB Ethernet driver
[    1.112687] usbcore: registered new interface driver pegasus
[    1.118427] usbcore: registered new interface driver asix
[    1.123889] usbcore: registered new interface driver ax88179_178a
[    1.130042] usbcore: registered new interface driver cdc_ether
[    1.135960] usbcore: registered new interface driver smsc75xx
[    1.141789] usbcore: registered new interface driver smsc95xx
[    1.147596] usbcore: registered new interface driver net1080
[    1.153315] usbcore: registered new interface driver cdc_subset
[    1.159296] usbcore: registered new interface driver zaurus
[    1.164965] usbcore: registered new interface driver cdc_ncm
[    1.172759] ehci_hcd: USB 2.0 'Enhanced' Host Controller (EHCI) Driver
[    1.179304] ehci-pci: EHCI PCI platform driver
[    1.183815] ehci-platform: EHCI generic platform driver
[    1.189244] ehci-omap: OMAP-EHCI Host Controller driver
[    1.194615] ehci-orion: EHCI orion driver
[    1.198753] SPEAr-ehci: EHCI SPEAr driver
[    1.202917] ehci-st: EHCI STMicroelectronics driver
[    1.207946] ehci-exynos: EHCI EXYNOS driver
[    1.212298] ehci-atmel: EHCI Atmel driver
[    1.216456] tegra-ehci: Tegra EHCI driver
[    1.220779] ohci_hcd: USB 1.1 'Open' Host Controller (OHCI) Driver
[    1.226994] ohci-pci: OHCI PCI platform driver
[    1.231506] ohci-platform: OHCI generic platform driver
[    1.236907] ohci-omap3: OHCI OMAP3 driver
[    1.241066] SPEAr-ohci: OHCI SPEAr driver
[    1.245230] ohci-st: OHCI STMicroelectronics driver
[    1.250256] ohci-atmel: OHCI Atmel driver
[    1.254496] usbcore: registered new interface driver usb-storage
[    1.261988] mousedev: PS/2 mouse device common for all mice
[    1.272935] palmas-rtc 7000d000.i2c:tps65913@58:rtc: rtc core: registered 7000d000.i2c:tps659 as rtc0
[    1.284105] tegra_rtc 7000e000.rtc: rtc core: registered 7000e000.rtc as rtc1
[    1.291294] tegra_rtc 7000e000.rtc: Tegra internal Real Time Clock
[    1.298046] i2c /dev entries driver
[    1.304998] sbs-battery 0-000b: sbs_probe: Failed to get device status
[    1.311549] sbs-battery: probe of 0-000b failed with error -121
[    1.323000] sdhci: Secure Digital Host Controller Interface driver
[    1.329190] sdhci: Copyright(c) Pierre Ossman
[    1.335115] Synopsys Designware Multimedia Card Interface Driver
[    1.342217] sdhci-pltfm: SDHCI platform and OF driver helper
[    1.348813] sdhci-tegra 78000600.sdhci: No vmmc regulator found
[    1.354745] sdhci-tegra 78000600.sdhci: No vqmmc regulator found
[    1.360756] mmc0: Invalid maximum block size, assuming 512 bytes
[    1.398811] mmc0: SDHCI controller on 78000600.sdhci [78000600.sdhci] using ADMA
[    1.411496] ledtrig-cpu: registered to indicate activity on CPUs
[    1.417757] usbcore: registered new interface driver usbhid
[    1.423349] usbhid: USB HID core driver
[    1.450213] NET: Registered protocol family 10
[    1.457106] sit: IPv6 over IPv4 tunneling driver
[    1.462471] NET: Registered protocol family 17
[    1.466953] can: controller area network core (rev 20120528 abi 9)
[    1.473214] NET: Registered protocol family 29
[    1.477677] can: raw protocol (rev 20120528)
[    1.481963] can: broadcast manager protocol (rev 20120528 t)
[    1.487649] can: netlink gateway (rev 20130117) max_hops=1
[    1.493562] Key type dns_resolver registered
[    1.498507] ThumbEE CPU extension supported.
[    1.502814] Registering SWP/SWPB emulation handler
[    1.515556] tps65090 2-0048: No cache defaults, reading back from HW
[    1.524403] mmc0: MAN_BKOPS_EN bit is not set
[    1.535422] mmc0: new high speed MMC card at address 0001
[    1.542328] mmcblk0: mmc0:0001 SEM32G 29.1 GiB 
[    1.547778] mmcblk0boot0: mmc0:0001 SEM32G partition 1 4.00 MiB
[    1.552018] vdd-lcd-bl: supplied by vdd_ac_bat
[    1.555737] vdd-sys-5v0: supplied by vdd_ac_bat
[    1.555971] VDD_5V0_HDMI_CON: supplied by vdd-sys-5v0
[    1.556516] vdd_hdmi_5v0: supplied by vdd-sys-5v0
[    1.559155] [drm] Supports vblank timestamp caching Rev 2 (21.10.2013).
[    1.559160] [drm] No driver support for vblank timestamp query.
[    1.559214] drm drm: No connectors reported connected with modes
[    1.559223] [drm] Cannot find any crtc or sizes - going 1024x768
[    1.598300] mmcblk0boot1: mmc0:0001 SEM32G partition 2 4.00 MiB
[    1.599418] mmcblk0rpmb: mmc0:0001 SEM32G partition 3 4.00 MiB
[    1.605462] Console: switching to colour frame buffer device 128x48
[    1.607634]  mmcblk0: p1 p2 p3 p4 p5 p6 p7 p8
[    1.635572] drm drm: fb0:  frame buffer device
[    1.653947] [drm] Initialized tegra 0.0.0 20120330 on minor 0
[    1.659922] vdd-sys-3v3: supplied by vdd_ac_bat
[    1.665247] avdd-lcd: supplied by vdd-sys-3v3
[    1.672256] usb2_vbus: supplied by vdd-sys-5v0
[    1.678622] tegra-ehci 7d008000.usb: EHCI Host Controller
[    1.684084] tegra-ehci 7d008000.usb: new USB bus registered, assigned bus number 1
[    1.691966] tegra-ehci 7d008000.usb: irq 83, io mem 0x7d008000
[    1.703913] tegra-ehci 7d008000.usb: USB 2.0 started, EHCI 1.10
[    1.711152] hub 1-0:1.0: USB hub found
[    1.715013] hub 1-0:1.0: 1 port detected
[    1.719850] vdd-sensor-2v85: supplied by vdd-sys-3v3
[    1.732381] sdhci-tegra 78000400.sdhci: Got CD GPIO
[    1.737329] sdhci-tegra 78000400.sdhci: Got WP GPIO
[    1.743398] sdhci-tegra 78000400.sdhci: No vmmc regulator found
[    1.749356] sdhci-tegra 78000400.sdhci: No vqmmc regulator found
[    1.755371] mmc1: Invalid maximum block size, assuming 512 bytes
[    1.799430] mmc1: SDHCI controller on 78000400.sdhci [78000400.sdhci] using ADMA
[    1.808566] input: gpio-keys as /devices/soc0/gpio-keys/input/input0
[    1.817453] palmas-rtc 7000d000.i2c:tps65913@58:rtc: setting system clock to 2000-03-20 17:29:45 UTC (953573385)
[    1.842171] dvdd_ts: disabling
[    1.845279] usb1_vbus: disabling
[    1.848504] vdd_cam_1v8_reg: disabling
[    1.856376] EXT4-fs (mmcblk0p1): mounting ext3 file system using the ext4 subsystem
[    1.885189] EXT4-fs (mmcblk0p1): recovery complete
[    1.890039] EXT4-fs (mmcblk0p1): mounted filesystem with ordered data mode. Opts: (null)
[    1.898169] VFS: Mounted root (ext3 filesystem) on device 179:1.
[    1.908642] devtmpfs: mounted
[    1.912458] Freeing unused kernel memory: 1020K (c0d71000 - c0e70000)
bash: cannot set terminal process group (-1): Inappropriate ioctl for device
bash: no job control in this shell
[    2.048896] usb 1-1: new high-speed USB device number 2 using tegra-ehci
root@(none):/# 