
U-Boot SPL 2014.07-00097-g772e173 (Jul 25 2014 - 20:02:52)


U-Boot 2014.07-00097-g772e173 (Jul 25 2014 - 20:02:52)

TEGRA124
Board: NVIDIA Jetson TK1
I2C:   ready
DRAM:  2 GiB
MMC:   Tegra SD/MMC: 0, Tegra SD/MMC: 1
In:    serial
Out:   serial
Err:   serial
Net:   Net Initialization Skipped
No ethernet found.
Hit any key to stop autoboot:  2  0 
Tegra124 (Jetson TK1) # 
Tegra124 (Jetson TK1) # usb reset
(Re)start USB...
USB0:   USB EHCI 1.10
scanning bus 0 for devices... 1 USB Device(s) found
USB1:   USB EHCI 1.10
scanning bus 1 for devices... 2 USB Device(s) found
       scanning usb for storage devices... 0 Storage Device(s) found
       scanning usb for ethernet devices... 
Warning: asx0 using MAC address from net device
1 Ethernet Device(s) found
Tegra124 (Jetson TK1) # setenv bootargs 'ignore_loglevel console=ttyS0,115200n8 rw root=/dev/mmcblk0p1 rootwait gpt debug init=/bin/bash noinitrd'
Tegra124 (Jetson TK1) # setenv ipaddr 192.168.100.102; setenv serverip 192.168.100.1; setenv tftpserverip 192.168.100.1
Tegra124 (Jetson TK1) # tftpboot 0x81000000 zImage.multi_v7_defconfig
Using asx0 device
TFTP from server 192.168.100.1; our IP address is 192.168.100.102
Filename 'zImage.multi_v7_defconfig'.
Load address: 0x81000000
Loading: *#################################################################
	 #################################################################
	 #################################################################
	 #################################################################
	 #################################################################
	 #################################################################
	 #######################################
	 914.1 KiB/s
done
Bytes transferred = 6291048 (5ffe68 hex)
Tegra124 (Jetson TK1) # tftpboot 0x82000000 tegra124-jetson-tk1.dtb
Waiting for Ethernet connection... done.
Using asx0 device
TFTP from server 192.168.100.1; our IP address is 192.168.100.102
Filename 'tegra124-jetson-tk1.dtb'.
Load address: 0x82000000
Loading: *#####
	 3 MiB/s
done
Bytes transferred = 62999 (f617 hex)
Tegra124 (Jetson TK1) # bootz 0x81000000 - 0x82000000
Kernel image @ 0x81000000 [ 0x000000 - 0x5ffe68 ]
## Flattened Device Tree blob at 82000000
   Booting using the fdt blob at 0x82000000
   Using Device Tree in place at 82000000, end 82012616

Starting kernel ...

[    0.000000] Booting Linux on physical CPU 0x0
[    0.000000] Linux version 4.1.0-rc3-next-20150511-16425-g3838232 (pwalmsley@sellafield) (gcc version 4.7.3 20130328 (prerelease) (crosstool-NG linaro-1.13.1-4.7-2013.04-20130415 - Linaro GCC 2013.04) ) #1 SMP Mon May 11 20:49:01 PDT 2015
[    0.000000] CPU: ARMv7 Processor [413fc0f3] revision 3 (ARMv7), cr=10c5387d
[    0.000000] CPU: PIPT / VIPT nonaliasing data cache, PIPT instruction cache
[    0.000000] Machine model: NVIDIA Tegra124 Jetson TK1
[    0.000000] debug: ignoring loglevel setting.
[    0.000000] cma: Reserved 64 MiB at 0xfb800000
[    0.000000] Memory policy: Data cache writealloc
[    0.000000] On node 0 totalpages: 524032
[    0.000000] free_area_init_node: node 0, pgdat c0f4d940, node_mem_map ee7f8000
[    0.000000]   DMA zone: 1520 pages used for memmap
[    0.000000]   DMA zone: 0 pages reserved
[    0.000000]   DMA zone: 194560 pages, LIFO batch:31
[    0.000000]   HighMem zone: 329472 pages, LIFO batch:31
[    0.000000] PERCPU: Embedded 12 pages/cpu @ee790000 s16960 r8192 d24000 u49152
[    0.000000] pcpu-alloc: s16960 r8192 d24000 u49152 alloc=12*4096
[    0.000000] pcpu-alloc: [0] 0 [0] 1 [0] 2 [0] 3 
[    0.000000] Built 1 zonelists in Zone order, mobility grouping on.  Total pages: 522512
[    0.000000] Kernel command line: ignore_loglevel console=ttyS0,115200n8 rw root=/dev/mmcblk0p1 rootwait gpt debug init=/bin/bash noinitrd
[    0.000000] PID hash table entries: 4096 (order: 2, 16384 bytes)
[    0.000000] Dentry cache hash table entries: 131072 (order: 7, 524288 bytes)
[    0.000000] Inode-cache hash table entries: 65536 (order: 6, 262144 bytes)
[    0.000000] Memory: 1998980K/2096128K available (8024K kernel code, 1030K rwdata, 3636K rodata, 900K init, 318K bss, 31612K reserved, 65536K cma-reserved, 1252352K highmem)
[    0.000000] Virtual kernel memory layout:
[    0.000000]     vector  : 0xffff0000 - 0xffff1000   (   4 kB)
[    0.000000]     fixmap  : 0xffc00000 - 0xfff00000   (3072 kB)
[    0.000000]     vmalloc : 0xf0000000 - 0xff000000   ( 240 MB)
[    0.000000]     lowmem  : 0xc0000000 - 0xef800000   ( 760 MB)
[    0.000000]     pkmap   : 0xbfe00000 - 0xc0000000   (   2 MB)
[    0.000000]     modules : 0xbf000000 - 0xbfe00000   (  14 MB)
[    0.000000]       .text : 0xc0208000 - 0xc0d6c2ec   (11665 kB)
[    0.000000]       .init : 0xc0d6d000 - 0xc0e4e000   ( 900 kB)
[    0.000000]       .data : 0xc0e4e000 - 0xc0f4f920   (1031 kB)
[    0.000000]        .bss : 0xc0f52000 - 0xc0fa1b28   ( 319 kB)
[    0.000000] SLUB: HWalign=64, Order=0-3, MinObjects=0, CPUs=4, Nodes=1
[    0.000000] Hierarchical RCU implementation.
[    0.000000] 	Additional per-CPU info printed with stalls.
[    0.000000] 	Build-time adjustment of leaf fanout to 32.
[    0.000000] 	RCU restricting CPUs from NR_CPUS=16 to nr_cpu_ids=4.
[    0.000000] RCU: Adjusting geometry for rcu_fanout_leaf=32, nr_cpu_ids=4
[    0.000000] NR_IRQS:16 nr_irqs:16 16
[    0.000000] /interrupt-controller@60004000: 160 interrupts forwarded to /interrupt-controller@0,50041000
[    0.000000] L2C: failed to init: -19
[    0.000009] sched_clock: 32 bits at 1000kHz, resolution 1000ns, wraps every 2147483647500ns
[    0.000028] clocksource timer_us: mask: 0xffffffff max_cycles: 0xffffffff, max_idle_ns: 1911260446275 ns
[    0.000042] Switching to timer-based delay loop, resolution 1000ns
[    0.004028] Architected cp15 timer(s) running at 12.00MHz (virt).
[    0.004046] clocksource arch_sys_counter: mask: 0xffffffffffffff max_cycles: 0x2c47f4ee7, max_idle_ns: 440795202497 ns
[    0.004064] sched_clock: 56 bits at 12MHz, resolution 83ns, wraps every 4398046511096ns
[    0.004076] Switching to timer-based delay loop, resolution 83ns
[    0.004466] Console: colour dummy device 80x30
[    0.004491] Calibrating delay loop (skipped), value calculated using timer frequency.. 24.00 BogoMIPS (lpj=60000)
[    0.004505] pid_max: default: 32768 minimum: 301
[    0.004619] Mount-cache hash table entries: 2048 (order: 1, 8192 bytes)
[    0.004631] Mountpoint-cache hash table entries: 2048 (order: 1, 8192 bytes)
[    0.005225] CPU: Testing write buffer coherency: ok
[    0.005436] /cpus/cpu@0 missing clock-frequency property
[    0.005474] /cpus/cpu@1 missing clock-frequency property
[    0.005511] /cpus/cpu@2 missing clock-frequency property
[    0.005550] /cpus/cpu@3 missing clock-frequency property
[    0.005561] CPU0: thread -1, cpu 0, socket 0, mpidr 80000000
[    0.005609] Setting up static identity map for 0x80209000 - 0x80209098
[    0.008332] Tegra Revision: A01 SKU: 129 CPU Process: 1 Core Process: 1
[    0.009549] CPU1: thread -1, cpu 1, socket 0, mpidr 80000001
[    0.010134] CPU2: thread -1, cpu 2, socket 0, mpidr 80000002
[    0.010708] CPU3: thread -1, cpu 3, socket 0, mpidr 80000003
[    0.010772] Brought up 4 CPUs
[    0.010793] SMP: Total of 4 processors activated (96.00 BogoMIPS).
[    0.010800] CPU: All CPU(s) started in SVC mode.
[    0.011323] devtmpfs: initialized
[    0.012204] VFP support v0.3: implementor 41 architecture 4 part 30 variant f rev 0
[    0.012698] clocksource jiffies: mask: 0xffffffff max_cycles: 0xffffffff, max_idle_ns: 9556302231375000 ns
[    0.014312] pinctrl core: initialized pinctrl subsystem
[    0.033689] NET: Registered protocol family 16
[    0.035700] DMA: preallocated 256 KiB pool for atomic coherent allocations
[    0.048826] cpuidle: using governor ladder
[    0.063847] cpuidle: using governor menu
[    0.080389] No ATAGs?
[    0.080426] hw-breakpoint: found 5 (+1 reserved) breakpoint and 4 watchpoint registers.
[    0.080436] hw-breakpoint: maximum watchpoint size is 8 bytes.
[    0.084509] Serial: AMBA PL011 UART driver
[    0.113844] +USB0_VBUS_SW: Failed to request enable GPIO108: -517
[    0.113994] reg-fixed-voltage regulators:regulator@7: Failed to register regulator: -517
[    0.114216] +5V_USB_HS: Failed to request enable GPIO109: -517
[    0.114330] reg-fixed-voltage regulators:regulator@8: Failed to register regulator: -517
[    0.114617] +1.05V_RUN_AVDD_HDMI_PLL: Failed to request enable GPIO63: -517
[    0.114730] reg-fixed-voltage regulators:regulator@11: Failed to register regulator: -517
[    0.114944] +5V_HDMI_CON: Failed to request enable GPIO86: -517
[    0.115055] reg-fixed-voltage regulators:regulator@12: Failed to register regulator: -517
[    0.115268] +5V_SATA: Failed to request enable GPIO242: -517
[    0.115379] reg-fixed-voltage regulators:regulator@13: Failed to register regulator: -517
[    0.115590] +12V_SATA: Failed to request enable GPIO242: -517
[    0.115700] reg-fixed-voltage regulators:regulator@14: Failed to register regulator: -517
[    0.118581] vgaarb: loaded
[    0.119379] SCSI subsystem initialized
[    0.119562] libata version 3.00 loaded.
[    0.119876] usbcore: registered new interface driver usbfs
[    0.119944] usbcore: registered new interface driver hub
[    0.120019] usbcore: registered new device driver usb
[    0.123487] media: Linux media interface: v0.10
[    0.123553] Linux video capture interface: v2.00
[    0.123604] pps_core: LinuxPPS API ver. 1 registered
[    0.123612] pps_core: Software ver. 5.3.6 - Copyright 2005-2007 Rodolfo Giometti <giometti@linux.it>
[    0.123645] PTP clock support registered
[    0.123905] EDAC MC: Ver: 3.0.0
[    0.125994] Advanced Linux Sound Architecture Driver Initialized.
[    0.127060] Switched to clocksource arch_sys_counter
[    0.138690] NET: Registered protocol family 2
[    0.139202] TCP established hash table entries: 8192 (order: 3, 32768 bytes)
[    0.139292] TCP bind hash table entries: 8192 (order: 4, 65536 bytes)
[    0.139478] TCP: Hash tables configured (established 8192 bind 8192)
[    0.139528] UDP hash table entries: 512 (order: 2, 16384 bytes)
[    0.139569] UDP-Lite hash table entries: 512 (order: 2, 16384 bytes)
[    0.139749] NET: Registered protocol family 1
[    0.139984] RPC: Registered named UNIX socket transport module.
[    0.139994] RPC: Registered udp transport module.
[    0.140001] RPC: Registered tcp transport module.
[    0.140009] RPC: Registered tcp NFSv4.1 backchannel transport module.
[    0.140033] PCI: CLS 0 bytes, default 64
[    0.142406] futex hash table entries: 1024 (order: 4, 65536 bytes)
[    0.154425] squashfs: version 4.0 (2009/01/31) Phillip Lougher
[    0.155392] NFS: Registering the id_resolver key type
[    0.155424] Key type id_resolver registered
[    0.155433] Key type id_legacy registered
[    0.155497] ntfs: driver 2.1.32 [Flags: R/O].
[    0.156658] bounce: pool size: 64 pages
[    0.156890] Block layer SCSI generic (bsg) driver version 0.4 loaded (major 248)
[    0.156906] io scheduler noop registered
[    0.156920] io scheduler deadline registered
[    0.157149] io scheduler cfq registered (default)
[    0.173662] tegra-pcie 1003000.pcie-controller: 2x1, 1x1 configuration
[    0.173711] tegra-pcie 1003000.pcie-controller: Failed to get supply 'avddio-pex': -517
[    0.180442] tegra-apbdma 60020000.dma: Tegra20 APB DMA driver register 32 channels
[    0.181304] tegra-pmc 7000e400.pmc: emergency thermal reset enabled
[    0.246091] Serial: 8250/16550 driver, 4 ports, IRQ sharing disabled
[    0.248386] SuperH (H)SCI(F) driver initialized
[    0.249132] msm_serial: driver initialized
[    0.249979] console [ttyS0] disabled
[    0.250014] 70006300.serial: ttyS0 at MMIO 0x70006300 (irq = 331, base_baud = 25500000) is a Tegra
[    1.080254] console [ttyS0] enabled
[    1.084556] STMicroelectronics ASC driver initialized
[    1.091805] [drm] Initialized drm 1.1.0 20060810
[    1.098391] tegra-hdmi 54280000.hdmi: failed to get HDMI regulator
[    1.111544] loop: module loaded
[    1.115025] at24 0-0056: 256 byte 24c02 EEPROM, writable, 8 bytes/write
[    1.123090] as3722 4-0040: AS3722 with revision 0x1 found
[    1.146044] +5V_SYS: supplied by +VDD_MUX
[    1.150110] +1.05V_RUN: supplied by +5V_SYS
[    1.154401] tegra-ahci 70027000.sata: Failed to get supply 'hvdd': -517
[    1.161071] tegra-ahci 70027000.sata: Failed to get regulators
[    1.171040] m25p80 spi32765.0: w25q32dw (4096 Kbytes)
[    1.179393] CAN device driver interface
[    1.184511] igb: Intel(R) Gigabit Ethernet Network Driver - version 5.2.15-k
[    1.191564] igb: Copyright (c) 2007-2014 Intel Corporation.
[    1.199327] pegasus: v0.9.3 (2013/04/25), Pegasus/Pegasus II USB Ethernet driver
[    1.206785] usbcore: registered new interface driver pegasus
[    1.212523] usbcore: registered new interface driver asix
[    1.217982] usbcore: registered new interface driver ax88179_178a
[    1.224133] usbcore: registered new interface driver cdc_ether
[    1.230045] usbcore: registered new interface driver smsc75xx
[    1.235870] usbcore: registered new interface driver smsc95xx
[    1.241674] usbcore: registered new interface driver net1080
[    1.247399] usbcore: registered new interface driver cdc_subset
[    1.253379] usbcore: registered new interface driver zaurus
[    1.259049] usbcore: registered new interface driver cdc_ncm
[    1.264976] tegra-phy 7d004000.usb-phy: no vbus regulator
[    1.272189] ehci_hcd: USB 2.0 'Enhanced' Host Controller (EHCI) Driver
[    1.278730] ehci-pci: EHCI PCI platform driver
[    1.283237] ehci-platform: EHCI generic platform driver
[    1.288685] ehci-omap: OMAP-EHCI Host Controller driver
[    1.294065] ehci-orion: EHCI orion driver
[    1.298230] SPEAr-ehci: EHCI SPEAr driver
[    1.302401] ehci-st: EHCI STMicroelectronics driver
[    1.307436] ehci-exynos: EHCI EXYNOS driver
[    1.311788] tegra-ehci: Tegra EHCI driver
[    1.316134] tegra-ehci 7d004000.usb: EHCI Host Controller
[    1.321567] tegra-ehci 7d004000.usb: new USB bus registered, assigned bus number 1
[    1.329310] tegra-ehci 7d004000.usb: irq 347, io mem 0x7d004000
[    1.342079] tegra-ehci 7d004000.usb: USB 2.0 started, EHCI 1.10
[    1.348818] hub 1-0:1.0: USB hub found
[    1.352626] hub 1-0:1.0: 1 port detected
[    1.357196] ohci_hcd: USB 1.1 'Open' Host Controller (OHCI) Driver
[    1.363405] ohci-pci: OHCI PCI platform driver
[    1.367922] ohci-platform: OHCI generic platform driver
[    1.373339] ohci-omap3: OHCI OMAP3 driver
[    1.377512] SPEAr-ohci: OHCI SPEAr driver
[    1.381668] ohci-st: OHCI STMicroelectronics driver
[    1.386807] usbcore: registered new interface driver usb-storage
[    1.394381] mousedev: PS/2 mouse device common for all mice
[    1.403868] as3722-rtc as3722-rtc: rtc core: registered as3722-rtc as rtc0
[    1.410755] as3722-rtc as3722-rtc: RTC interrupt 366
[    1.418960] tegra_rtc 7000e000.rtc: rtc core: registered 7000e000.rtc as rtc1
[    1.426141] tegra_rtc 7000e000.rtc: Tegra internal Real Time Clock
[    1.432925] i2c /dev entries driver
[    1.439380] usbcore: registered new interface driver uvcvideo
[    1.445136] USB Video Class driver (1.1.1)
[    1.449248] gspca_main: v2.14.0 registered
[    1.454921] 0-004c supply vcc not found, using dummy regulator
[    1.465693] sdhci: Secure Digital Host Controller Interface driver
[    1.471886] sdhci: Copyright(c) Pierre Ossman
[    1.477727] Synopsys Designware Multimedia Card Interface Driver
[    1.484856] sdhci-pltfm: SDHCI platform and OF driver helper
[    1.491216] sdhci-tegra 700b0400.sdhci: Got CD GPIO
[    1.496122] sdhci-tegra 700b0400.sdhci: Got WP GPIO
[    1.501056] mmc0: Unknown controller version (3). You may experience problems.
[    1.508427] as3722-regulator as3722-regulator: Failed to resolve vin-ldo1-6-supply for as3722-ldo6
[    1.517392] sdhci-tegra 700b0400.sdhci: No vmmc regulator found
[    1.523470] mmc0: Unknown controller version (3). You may experience problems.
[    1.530755] sdhci-tegra 700b0600.sdhci: No vmmc regulator found
[    1.536693] sdhci-tegra 700b0600.sdhci: No vqmmc regulator found
[    1.542706] mmc0: Invalid maximum block size, assuming 512 bytes
[    1.582077] mmc0: SDHCI controller on 700b0600.sdhci [700b0600.sdhci] using ADMA 64-bit
[    1.591231] ledtrig-cpu: registered to indicate activity on CPUs
[    1.597465] usbcore: registered new interface driver usbhid
[    1.603046] usbhid: USB HID core driver
[    1.610466] usbcore: registered new interface driver snd-usb-audio
[    1.656030] mmc0: MAN_BKOPS_EN bit is not set
[    1.663587] mmc0: new high speed MMC card at address 0001
[    1.669337] mmcblk0: mmc0:0001 SEM16G 14.6 GiB 
[    1.673982] mmcblk0boot0: mmc0:0001 SEM16G partition 1 4.00 MiB
[    1.680008] mmcblk0boot1: mmc0:0001 SEM16G partition 2 4.00 MiB
[    1.686035] mmcblk0rpmb: mmc0:0001 SEM16G partition 3 4.00 MiB
[    1.693838] Primary GPT is invalid, using alternate GPT.
[    1.699192]  mmcblk0: p1 p2 p3 p4 p5 p6 p7 p8 p9
[    2.035018] tegra30-i2s 70301100.i2s: DMA channels sourced from device 70300000.ahub
[    2.051379] tegra-snd-rt5640 sound: rt5640-aif1 <-> 70301100.i2s mapping ok
[    2.061318] input: NVIDIA Tegra Jetson TK1 Headphones as /devices/soc0/sound/sound/card0/input0
[    2.071444] NET: Registered protocol family 17
[    2.075924] can: controller area network core (rev 20120528 abi 9)
[    2.082180] NET: Registered protocol family 29
[    2.086627] can: raw protocol (rev 20120528)
[    2.090914] can: broadcast manager protocol (rev 20120528 t)
[    2.096592] can: netlink gateway (rev 20130117) max_hops=1
[    2.102467] Key type dns_resolver registered
[    2.107372] ThumbEE CPU extension supported.
[    2.111650] Registering SWP/SWPB emulation handler
[    2.122365] tegra-pcie 1003000.pcie-controller: 2x1, 1x1 configuration
[    2.129142] +3.3V_SYS: supplied by +VDD_MUX
[    2.133428] +3.3V_LP0: supplied by +3.3V_SYS
[    2.138034] +1.35V_LP0(sd2): supplied by +5V_SYS
[    2.142764] +1.05V_RUN_AVDD: supplied by +1.35V_LP0(sd2)
[    2.149537] tegra-pcie 1003000.pcie-controller: probing port 0, using 2 lanes
[    2.158830] tegra-pcie 1003000.pcie-controller: Slot present pin change, signature: 00000008
[    2.585893] tegra-pcie 1003000.pcie-controller: link 0 down, retrying
[    3.013800] tegra-pcie 1003000.pcie-controller: link 0 down, retrying
[    3.441744] tegra-pcie 1003000.pcie-controller: link 0 down, retrying
[    3.450325] tegra-pcie 1003000.pcie-controller: link 0 down, ignoring
[    3.456813] tegra-pcie 1003000.pcie-controller: probing port 1, using 1 lanes
[    3.466065] tegra-pcie 1003000.pcie-controller: Slot present pin change, signature: 00000000
[    3.893801] tegra-pcie 1003000.pcie-controller: link 1 down, retrying
[    4.321769] tegra-pcie 1003000.pcie-controller: link 1 down, retrying
[    4.749578] tegra-pcie 1003000.pcie-controller: link 1 down, retrying
[    4.758160] tegra-pcie 1003000.pcie-controller: link 1 down, ignoring
[    4.764863] tegra-pcie 1003000.pcie-controller: PCI host bridge to bus 0000:00
[    4.772099] pci_bus 0000:00: root bus resource [mem 0x13000000-0x1fffffff]
[    4.778980] pci_bus 0000:00: root bus resource [mem 0x20000000-0x3fffffff pref]
[    4.786292] pci_bus 0000:00: root bus resource [bus 00-ff]
[    4.791784] pci_bus 0000:00: root bus resource [io  0x1000-0xffff]
[    4.797996] PCI: bus0: Fast back to back transfers enabled
[    4.804220] +5V_HDMI_CON: supplied by +5V_SYS
[    4.808695] +1.05V_RUN_AVDD_HDMI_PLL: supplied by +1.05V_RUN
[    4.814502] +3.3V_RUN: supplied by +3.3V_SYS
[    4.818818] +3.3V_AVDD_HDMI_AP_GATED: supplied by +3.3V_RUN
[    4.826446] [drm] Supports vblank timestamp caching Rev 2 (21.10.2013).
[    4.833115] [drm] No driver support for vblank timestamp query.
[    5.047535] Console: switching to colour frame buffer device 512x135
[    5.134630] drm drm: fb0:  frame buffer device
[    5.139093] drm drm: registered panic notifier
[    5.157194] [drm] Initialized tegra 0.0.0 20120330 on minor 0
[    5.164001] +5V_SATA: supplied by +5V_SYS
[    5.168135] +12V_SATA: supplied by +VDD_MUX
[    5.172799] tegra-ahci 70027000.sata: AHCI 0001.0301 32 slots 2 ports 3 Gbps 0x1 impl platform mode
[    5.181884] tegra-ahci 70027000.sata: flags: 64bit ncq sntf pm led pio slum part sadm sds apst 
[    5.193178] scsi host0: tegra-ahci
[    5.197766] scsi host1: tegra-ahci
[    5.201491] ata1: SATA max UDMA/133 mmio [mem 0x70027000-0x70028fff] port 0x100 irq 341
[    5.209523] ata2: DUMMY
[    5.213271] +5V_USB_HS: supplied by +5V_SYS
[    5.218687] tegra-ehci 7d008000.usb: EHCI Host Controller
[    5.224137] tegra-ehci 7d008000.usb: new USB bus registered, assigned bus number 2
[    5.231956] tegra-ehci 7d008000.usb: irq 348, io mem 0x7d008000
[    5.247089] tegra-ehci 7d008000.usb: USB 2.0 started, EHCI 1.10
[    5.253936] hub 2-0:1.0: USB hub found
[    5.257748] hub 2-0:1.0: 1 port detected
[    5.263171] sdhci-tegra 700b0400.sdhci: Got CD GPIO
[    5.268122] sdhci-tegra 700b0400.sdhci: Got WP GPIO
[    5.273104] mmc1: Unknown controller version (3). You may experience problems.
[    5.280506] +VDDIO_SDMMC3: supplied by +3.3V_RUN
[    5.285277] sdhci-tegra 700b0400.sdhci: No vmmc regulator found
[    5.291264] mmc1: Invalid maximum block size, assuming 512 bytes
[    5.332524] mmc1: SDHCI controller on 700b0400.sdhci [700b0400.sdhci] using ADMA 64-bit
[    5.341741] input: gpio-keys as /devices/soc0/gpio-keys/input/input1
[    5.349217] as3722-rtc as3722-rtc: setting system clock to 2000-02-01 00:00:22 UTC (949363222)
[    5.369387] +USB0_VBUS_SW: disabling
[    5.373011] +1.8V_RUN_VPP_FUSE: disabling
[    5.377215] +2.8V_RUN_CAM_AF: disabling
[    5.381195] +3.3V_RUN_TOUCH: disabling
[    5.385090] +1.05V_RUN_CAM_REAR: disabling
[    5.389317] +1.2V_RUN_CAM_FRONT: disabling
[    5.393535] +2.8V_RUN_CAM: disabling
[    5.397240] +1.8V_RUN_CAM: disabling
[    5.401244] ALSA device list:
[    5.404225]   #0: NVIDIA Tegra Jetson TK1
[    5.537241] ata1: SATA link down (SStatus 0 SControl 300)
[    5.543537] EXT4-fs (mmcblk0p1): couldn't mount as ext3 due to feature incompatibilities
[    5.552295] EXT4-fs (mmcblk0p1): couldn't mount as ext2 due to feature incompatibilities
[    5.567137] usb 2-1: new high-speed USB device number 2 using tegra-ehci
[    5.568449] EXT4-fs (mmcblk0p1): recovery complete
[    5.568466] EXT4-fs (mmcblk0p1): mounted filesystem with ordered data mode. Opts: (null)
[    5.568505] VFS: Mounted root (ext4 filesystem) on device 179:1.
[    5.578275] devtmpfs: mounted
[    5.579080] Freeing unused kernel memory: 900K (c0d6d000 - c0e4e000)
bash: cannot set terminal process group (-1): Inappropriate ioctl for device
bash: no job control in this shell
root@(none):/# 