
U-Boot SPL 2016.05-rc2 (Apr 21 2016 - 16:23:00)
Trying to boot from RAM


U-Boot 2016.05-rc2 (Apr 21 2016 - 16:23:00 -0700)

TEGRA124
Model: NVIDIA Jetson TK1
Board: NVIDIA Jetson TK1
DRAM:  2 GiB
MC:   Tegra SD/MMC: 0, Tegra SD/MMC: 1
In:    serial
Out:   serial
Err:   serial
Net:   No ethernet found.
Hit any key to stop autoboot:  2  0 
Tegra124 (Jetson TK1) # 
Tegra124 (Jetson TK1) # pci enum
Tegra124 (Jetson TK1) # setenv bootargs 'ignore_loglevel console=ttyS0,115200n8 rw root=PARTUUID=b1791faa-84e8-4e27-83a1-9fb0a77e8803 rootwait gpt debug noinitrd earlyprintk init=/bin/bash'
Tegra124 (Jetson TK1) # setenv ipaddr 192.168.100.102; setenv serverip 192.168.100.1; setenv tftpserverip 192.168.100.1
Tegra124 (Jetson TK1) # tftpboot 0x82000000 zImage.multi_v7_defconfig

Warning: eth_rtl8169 using MAC address from ROM
Using eth_rtl8169 device
TFTP from server 192.168.100.1; our IP address is 192.168.100.102
Filename 'zImage.multi_v7_defconfig'.
Load address: 0x82000000
Loading: *#################################################################
	 #################################################################
	 #################################################################
	 #################################################################
	 #################################################################
	 #################################################################
	 #################################################################
	 #########################################################
	 3.7 MiB/s
done
Bytes transferred = 7509488 (7295f0 hex)
Tegra124 (Jetson TK1) # tftpboot 0x83000000 tegra124-jetson-tk1.dtb
Using eth_rtl8169 device
TFTP from server 192.168.100.1; our IP address is 192.168.100.102
Filename 'tegra124-jetson-tk1.dtb'.
Load address: 0x83000000
Loading: *#####
	 3.2 MiB/s
done
Bytes transferred = 67133 (1063d hex)
Tegra124 (Jetson TK1) # bootz 0x82000000 - 0x83000000
Kernel image @ 0x82000000 [ 0x000000 - 0x7295f0 ]
## Flattened Device Tree blob at 83000000
   Booting using the fdt blob at 0x83000000
   Using Device Tree in place at 83000000, end 8301363c

Starting kernel ...

[    0.000000] Booting Linux on physical CPU 0x0
[    0.000000] Linux version 4.11.0-rc1-next-20170309-157496-g2e62da1 (pwalmsley@sellafield) (gcc version 4.7.3 20130328 (prerelease) (crosstool-NG linaro-1.13.1-4.7-2013.04-20130415 - Linaro GCC 2013.04) ) #1 SMP Fri Mar 17 09:00:18 PDT 2017
[    0.000000] CPU: ARMv7 Processor [413fc0f3] revision 3 (ARMv7), cr=10c5387d
[    0.000000] CPU: div instructions available: patching division code
[    0.000000] CPU: PIPT / VIPT nonaliasing data cache, PIPT instruction cache
[    0.000000] OF: fdt: Machine model: NVIDIA Tegra124 Jetson TK1
[    0.000000] debug: ignoring loglevel setting.
[    0.000000] efi: Getting EFI parameters from FDT:
[    0.000000] efi: UEFI not found.
[    0.000000] cma: Reserved 64 MiB at 0xfb800000
[    0.000000] Memory policy: Data cache writealloc
[    0.000000] On node 0 totalpages: 524032
[    0.000000] free_area_init_node: node 0, pgdat c15397c0, node_mem_map eeff8000
[    0.000000]   DMA zone: 1536 pages used for memmap
[    0.000000]   DMA zone: 0 pages reserved
[    0.000000]   DMA zone: 196608 pages, LIFO batch:31
[    0.000000]   HighMem zone: 327424 pages, LIFO batch:31
[    0.000000] percpu: Embedded 16 pages/cpu @eef86000 s34368 r8192 d22976 u65536
[    0.000000] pcpu-alloc: s34368 r8192 d22976 u65536 alloc=16*4096
[    0.000000] pcpu-alloc: [0] 0 [0] 1 [0] 2 [0] 3 
[    0.000000] Built 1 zonelists in Zone order, mobility grouping on.  Total pages: 522496
[    0.000000] Kernel command line: ignore_loglevel console=ttyS0,115200n8 rw root=PARTUUID=b1791faa-84e8-4e27-83a1-9fb0a77e8803 rootwait gpt debug noinitrd earlyprintk init=/bin/bash
[    0.000000] PID hash table entries: 4096 (order: 2, 16384 bytes)
[    0.000000] Dentry cache hash table entries: 131072 (order: 7, 524288 bytes)
[    0.000000] Inode-cache hash table entries: 65536 (order: 6, 262144 bytes)
[    0.000000] Memory: 1993776K/2096128K available (10240K kernel code, 1260K rwdata, 4228K rodata, 2048K init, 407K bss, 36816K reserved, 65536K cma-reserved, 1244160K highmem)
[    0.000000] Virtual kernel memory layout:
[    0.000000]     vector  : 0xffff0000 - 0xffff1000   (   4 kB)
[    0.000000]     fixmap  : 0xffc00000 - 0xfff00000   (3072 kB)
[    0.000000]     vmalloc : 0xf0800000 - 0xff800000   ( 240 MB)
[    0.000000]     lowmem  : 0xc0000000 - 0xf0000000   ( 768 MB)
[    0.000000]     pkmap   : 0xbfe00000 - 0xc0000000   (   2 MB)
[    0.000000]     modules : 0xbf000000 - 0xbfe00000   (  14 MB)
[    0.000000]       .text : 0xc0208000 - 0xc0d00000   (11232 kB)
[    0.000000]       .init : 0xc1200000 - 0xc1400000   (2048 kB)
[    0.000000]       .data : 0xc1400000 - 0xc153b120   (1261 kB)
[    0.000000]        .bss : 0xc153d000 - 0xc15a2cb8   ( 408 kB)
[    0.000000] SLUB: HWalign=64, Order=0-3, MinObjects=0, CPUs=4, Nodes=1
[    0.000000] Hierarchical RCU implementation.
[    0.000000] 	RCU debugfs-based tracing is enabled.
[    0.000000] 	RCU restricting CPUs from NR_CPUS=16 to nr_cpu_ids=4.
[    0.000000] RCU: Adjusting geometry for rcu_fanout_leaf=16, nr_cpu_ids=4
[    0.000000] NR_IRQS:16 nr_irqs:16 16
[    0.000000] /interrupt-controller@60004000: 160 interrupts forwarded to /interrupt-controller@50041000
[    0.000000] Tegra clk 127: register failed with -17
[    0.000008] sched_clock: 32 bits at 1000kHz, resolution 1000ns, wraps every 2147483647500ns
[    0.000031] clocksource: timer_us: mask: 0xffffffff max_cycles: 0xffffffff, max_idle_ns: 1911260446275 ns
[    0.000047] Switching to timer-based delay loop, resolution 1000ns
[    0.005481] arm_arch_timer: Architected cp15 timer(s) running at 12.00MHz (virt).
[    0.005501] clocksource: arch_sys_counter: mask: 0xffffffffffffff max_cycles: 0x2c47f4ee7, max_idle_ns: 440795202497 ns
[    0.005520] sched_clock: 56 bits at 12MHz, resolution 83ns, wraps every 4398046511096ns
[    0.005534] Switching to timer-based delay loop, resolution 83ns
[    0.006004] Console: colour dummy device 80x30
[    0.006034] Calibrating delay loop (skipped), value calculated using timer frequency.. 24.00 BogoMIPS (lpj=120000)
[    0.006053] pid_max: default: 32768 minimum: 301
[    0.006163] Mount-cache hash table entries: 2048 (order: 1, 8192 bytes)
[    0.006178] Mountpoint-cache hash table entries: 2048 (order: 1, 8192 bytes)
[    0.006647] CPU: Testing write buffer coherency: ok
[    0.006893] /cpus/cpu@0 missing clock-frequency property
[    0.006938] /cpus/cpu@1 missing clock-frequency property
[    0.006981] /cpus/cpu@2 missing clock-frequency property
[    0.007025] /cpus/cpu@3 missing clock-frequency property
[    0.007039] CPU0: thread -1, cpu 0, socket 0, mpidr 80000000
[    0.007240] Setting up static identity map for 0x80300000 - 0x80300098
[    0.011068] Tegra Revision: A01 SKU: 129 CPU Process: 1 SoC Process: 1
[    0.011731] EFI services will not be available.
[    0.011971] smp: Bringing up secondary CPUs ...
[    0.012481] CPU1: thread -1, cpu 1, socket 0, mpidr 80000001
[    0.015634] CPU2: thread -1, cpu 2, socket 0, mpidr 80000002
[    0.025636] CPU3: thread -1, cpu 3, socket 0, mpidr 80000003
[    0.035166] smp: Brought up 1 node, 4 CPUs
[    0.035188] SMP: Total of 4 processors activated (96.00 BogoMIPS).
[    0.035197] CPU: All CPU(s) started in SVC mode.
[    0.036693] devtmpfs: initialized
[    0.053213] VFP support v0.3: implementor 41 architecture 4 part 30 variant f rev 0
[    0.053609] clocksource: jiffies: mask: 0xffffffff max_cycles: 0xffffffff, max_idle_ns: 19112604462750000 ns
[    0.053628] futex hash table entries: 1024 (order: 4, 65536 bytes)
[    0.055039] pinctrl core: initialized pinctrl subsystem
[    0.056966] NET: Registered protocol family 16
[    0.059045] DMA: preallocated 256 KiB pool for atomic coherent allocations
[    0.061542] cpuidle: using governor menu
[    0.088620] No ATAGs?
[    0.088750] hw-breakpoint: found 5 (+1 reserved) breakpoint and 4 watchpoint registers.
[    0.088766] hw-breakpoint: maximum watchpoint size is 8 bytes.
[    0.095345] Serial: AMBA PL011 UART driver
[    0.111567] AT91: Could not find identification node
[    0.112102] +5V_SYS: supplied by +VDD_MUX
[    0.112377] +3.3V_SYS: supplied by +VDD_MUX
[    0.112976] +USB0_VBUS_SW: Failed to request enable GPIO108: -517
[    0.112992] reg-fixed-voltage regulators:regulator@7: Failed to register regulator: -517
[    0.113081] +5V_USB_HS: Failed to request enable GPIO109: -517
[    0.113095] reg-fixed-voltage regulators:regulator@8: Failed to register regulator: -517
[    0.113259] +1.05V_RUN_AVDD_HDMI_PLL: Failed to request enable GPIO63: -517
[    0.113273] reg-fixed-voltage regulators:regulator@11: Failed to register regulator: -517
[    0.113359] +5V_HDMI_CON: Failed to request enable GPIO86: -517
[    0.113372] reg-fixed-voltage regulators:regulator@12: Failed to register regulator: -517
[    0.113458] +5V_SATA: Failed to request enable GPIO242: -517
[    0.113471] reg-fixed-voltage regulators:regulator@13: Failed to register regulator: -517
[    0.113555] +12V_SATA: Failed to request enable GPIO242: -517
[    0.113568] reg-fixed-voltage regulators:regulator@14: Failed to register regulator: -517
[    0.116735] vgaarb: loaded
[    0.117509] SCSI subsystem initialized
[    0.117671] libata version 3.00 loaded.
[    0.117912] usbcore: registered new interface driver usbfs
[    0.117970] usbcore: registered new interface driver hub
[    0.118029] usbcore: registered new device driver usb
[    0.121444] pps_core: LinuxPPS API ver. 1 registered
[    0.121455] pps_core: Software ver. 5.3.6 - Copyright 2005-2007 Rodolfo Giometti <giometti@linux.it>
[    0.121480] PTP clock support registered
[    0.121665] EDAC MC: Ver: 3.0.0
[    0.124519] clocksource: Switched to clocksource arch_sys_counter
[    0.134179] NET: Registered protocol family 2
[    0.134689] TCP established hash table entries: 8192 (order: 3, 32768 bytes)
[    0.134791] TCP bind hash table entries: 8192 (order: 4, 65536 bytes)
[    0.134978] TCP: Hash tables configured (established 8192 bind 8192)
[    0.135060] UDP hash table entries: 512 (order: 2, 16384 bytes)
[    0.135104] UDP-Lite hash table entries: 512 (order: 2, 16384 bytes)
[    0.135256] NET: Registered protocol family 1
[    0.135549] RPC: Registered named UNIX socket transport module.
[    0.135560] RPC: Registered udp transport module.
[    0.135568] RPC: Registered tcp transport module.
[    0.135577] RPC: Registered tcp NFSv4.1 backchannel transport module.
[    0.135590] PCI: CLS 0 bytes, default 64
[    0.136790] hw perfevents: enabled with armv7_cortex_a15 PMU driver, 7 counters available
[    0.138648] workingset: timestamp_bits=30 max_order=19 bucket_order=0
[    0.146831] squashfs: version 4.0 (2009/01/31) Phillip Lougher
[    0.147526] NFS: Registering the id_resolver key type
[    0.147549] Key type id_resolver registered
[    0.147558] Key type id_legacy registered
[    0.147598] ntfs: driver 2.1.32 [Flags: R/O].
[    0.149070] bounce: pool size: 64 pages
[    0.149112] Block layer SCSI generic (bsg) driver version 0.4 loaded (major 248)
[    0.149123] io scheduler noop registered
[    0.149133] io scheduler deadline registered
[    0.149298] io scheduler cfq registered (default)
[    0.149308] io scheduler mq-deadline registered
[    0.154646]  usb2-0: usb2-0 supply vbus not found, using dummy regulator
[    0.154767]  usb2-1: usb2-1 supply vbus not found, using dummy regulator
[    0.155144] tegra-xusb-padctl 7009f000.padctl: failed to setup XUSB ports: -517
[    0.171050] tegra-pcie 1003000.pcie-controller: 2x1, 1x1 configuration
[    0.171104] tegra-pcie 1003000.pcie-controller: Failed to get supply 'avddio-pex': -517
[    0.177300] tegra124-dfll 70110000.clock: couldn't get vdd_cpu regulator
[    0.184563] tegra-apbdma 60020000.dma: Tegra20 APB DMA driver register 32 channels
[    0.186542] tegra-pmc 7000e400.pmc: emergency thermal reset enabled
[    0.241387] Serial: 8250/16550 driver, 4 ports, IRQ sharing disabled
[    0.243924] console [ttyS0] disabled
[    0.243962] 70006300.serial: ttyS0 at MMIO 0x70006300 (irq = 335, base_baud = 25500000) is a Tegra
[    1.133054] console [ttyS0] enabled
[    1.137412] SuperH (H)SCI(F) driver initialized
[    1.142921] msm_serial: driver initialized
[    1.147224] STMicroelectronics ASC driver initialized
[    1.153101] 70006000.serial: ttyTHS1 at MMIO 0x70006000 (irq = 333, base_baud = 0) is a TEGRA_UART
[    1.162372] 70006040.serial: ttyTHS2 at MMIO 0x70006040 (irq = 334, base_baud = 0) is a TEGRA_UART
[    1.177802] tegra-hdmi 54280000.hdmi: failed to get HDMI regulator
[    1.196703] brd: module loaded
[    1.206814] loop: module loaded
[    1.211143] at24 0-0056: 256 byte 24c02 EEPROM, writable, 8 bytes/write
[    1.219479] as3722 4-0040: AS3722 with revision 0x1 found
[    1.231367] as3722-sd2: supplied by +5V_SYS
[    1.236002] as3722-sd3: supplied by +5V_SYS
[    1.240404] +1.35V_LP0(sd3): Bringing 0uV into 1350000-1350000uV
[    1.246795] as3722-sd4: supplied by +5V_SYS
[    1.251404] as3722-sd5: supplied by +5V_SYS
[    1.257443] as3722-ldo0: supplied by +1.35V_LP0(sd2)
[    1.263497] +1.8V_RUN_CAM: Bringing 0uV into 1800000-1800000uV
[    1.269719] as3722-ldo2: supplied by +1.8V_VDDIO
[    1.275597] as3722-ldo3: supplied by +3.3V_SYS
[    1.280072] +1.05V_LP0_VDD_RTC: Bringing 1100000uV into 1000000-1000000uV
[    1.287847] as3722-ldo4: supplied by +3.3V_SYS
[    1.292503] +2.8V_RUN_CAM: Bringing 0uV into 2800000-2800000uV
[    1.298705] as3722-ldo5: supplied by +1.8V_VDDIO
[    1.303543] +1.2V_RUN_CAM_FRONT: Bringing 0uV into 1200000-1200000uV
[    1.310457] +VDDIO_SDMMC3: bypassed regulator has no supply!
[    1.316129] +VDDIO_SDMMC3: failed to get the current voltage(-517)
[    1.322306] as3722-regulator as3722-regulator: regulator 13 register failed -517
[    1.334803] tegra-ahci 70027000.sata: couldn't get PHY in node sata: -517
[    1.354001] random: fast init done
[    1.357609] m25p80 spi32765.0: w25q32dw (4096 Kbytes)
[    1.365516] libphy: Fixed MDIO Bus: probed
[    1.370658] CAN device driver interface
[    1.375434] bgmac_bcma: Broadcom 47xx GBit MAC driver loaded
[    1.382459] e1000e: Intel(R) PRO/1000 Network Driver - 3.2.6-k
[    1.388302] e1000e: Copyright(c) 1999 - 2015 Intel Corporation.
[    1.394267] igb: Intel(R) Gigabit Ethernet Network Driver - version 5.4.0-k
[    1.401228] igb: Copyright (c) 2007-2014 Intel Corporation.
[    1.410392] pegasus: v0.9.3 (2013/04/25), Pegasus/Pegasus II USB Ethernet driver
[    1.417838] usbcore: registered new interface driver pegasus
[    1.423535] usbcore: registered new interface driver asix
[    1.428984] usbcore: registered new interface driver ax88179_178a
[    1.435117] usbcore: registered new interface driver cdc_ether
[    1.440989] usbcore: registered new interface driver smsc75xx
[    1.446794] usbcore: registered new interface driver smsc95xx
[    1.452565] usbcore: registered new interface driver net1080
[    1.458263] usbcore: registered new interface driver cdc_subset
[    1.464206] usbcore: registered new interface driver zaurus
[    1.469846] usbcore: registered new interface driver cdc_ncm
[    1.475730] tegra-phy 7d004000.usb-phy: no vbus regulator
[    1.483080] ehci_hcd: USB 2.0 'Enhanced' Host Controller (EHCI) Driver
[    1.489619] ehci-pci: EHCI PCI platform driver
[    1.494100] ehci-platform: EHCI generic platform driver
[    1.499541] ehci-orion: EHCI orion driver
[    1.503680] SPEAr-ehci: EHCI SPEAr driver
[    1.507843] ehci-st: EHCI STMicroelectronics driver
[    1.512854] ehci-exynos: EHCI EXYNOS driver
[    1.517207] ehci-atmel: EHCI Atmel driver
[    1.521348] tegra-ehci: Tegra EHCI driver
[    1.528198] tegra-ehci 7d004000.usb: EHCI Host Controller
[    1.533612] tegra-ehci 7d004000.usb: new USB bus registered, assigned bus number 1
[    1.541396] tegra-ehci 7d004000.usb: irq 354, io mem 0x7d004000
[    1.574544] tegra-ehci 7d004000.usb: USB 2.0 started, EHCI 1.10
[    1.581234] hub 1-0:1.0: USB hub found
[    1.585047] hub 1-0:1.0: 1 port detected
[    1.589512] ohci_hcd: USB 1.1 'Open' Host Controller (OHCI) Driver
[    1.595726] ohci-pci: OHCI PCI platform driver
[    1.600204] ohci-platform: OHCI generic platform driver
[    1.605614] ohci-omap3: OHCI OMAP3 driver
[    1.609753] SPEAr-ohci: OHCI SPEAr driver
[    1.613895] ohci-st: OHCI STMicroelectronics driver
[    1.618926] ohci-atmel: OHCI Atmel driver
[    1.623700] usbcore: registered new interface driver usb-storage
[    1.634002] as3722-rtc as3722-rtc: rtc core: registered as3722-rtc as rtc0
[    1.640902] as3722-rtc as3722-rtc: RTC interrupt 377
[    1.649144] tegra_rtc 7000e000.rtc: rtc core: registered 7000e000.rtc as rtc1
[    1.656326] tegra_rtc 7000e000.rtc: Tegra internal Real Time Clock
[    1.663018] i2c /dev entries driver
[    1.673173] lm90 0-004c: 0-004c supply vcc not found, using dummy regulator
[    1.690442] sdhci: Secure Digital Host Controller Interface driver
[    1.696639] sdhci: Copyright(c) Pierre Ossman
[    1.702597] Synopsys Designware Multimedia Card Interface Driver
[    1.709786] sdhci-pltfm: SDHCI platform and OF driver helper
[    1.716203] sdhci-tegra 700b0400.sdhci: Got CD GPIO
[    1.721092] sdhci-tegra 700b0400.sdhci: Got WP GPIO
[    1.726229] mmc0: Unknown controller version (3). You may experience problems.
[    1.733524] mmc0: Invalid maximum block size, assuming 512 bytes
[    1.804546] mmc0: SDHCI controller on 700b0600.sdhci [700b0600.sdhci] using ADMA
[    1.813873] ledtrig-cpu: registered to indicate activity on CPUs
[    1.820278] usbcore: registered new interface driver usbhid
[    1.825863] usbhid: USB HID core driver
[    1.833580] NET: Registered protocol family 10
[    1.838942] Segment Routing with IPv6
[    1.842651] sit: IPv6, IPv4 and MPLS over IPv4 tunneling driver
[    1.849136] NET: Registered protocol family 17
[    1.853583] can: controller area network core (rev 20120528 abi 9)
[    1.859945] NET: Registered protocol family 29
[    1.864385] can: raw protocol (rev 20120528)
[    1.868669] can: broadcast manager protocol (rev 20161123 t)
[    1.874326] can: netlink gateway (rev 20130117) max_hops=1
[    1.880108] Key type dns_resolver registered
[    1.884947] ThumbEE CPU extension supported.
[    1.889218] Registering SWP/SWPB emulation handler
[    1.908095] +3.3V_RUN: supplied by +3.3V_SYS
[    1.913494] +USB0_VBUS_SW: supplied by +5V_SYS
[    1.918206] +3.3V_AVDD_HDMI_AP_GATED: supplied by +3.3V_RUN
[    1.924130] +5V_USB_HS: supplied by +5V_SYS
[    1.929824] +3.3V_LP0: supplied by +3.3V_SYS
[    1.935811] +5V_HDMI_CON: supplied by +5V_SYS
[    1.940834] +5V_SATA: supplied by +5V_SYS
[    1.945531] +12V_SATA: supplied by +VDD_MUX
[    1.951567]  usb2-0: usb2-0 supply vbus not found, using dummy regulator
[    1.954112] mmc0: new high speed MMC card at address 0001
[    1.959416] mmcblk0: mmc0:0001 SEM16G 14.7 GiB 
[    1.960512] mmcblk0boot0: mmc0:0001 SEM16G partition 1 4.00 MiB
[    1.961345] mmcblk0boot1: mmc0:0001 SEM16G partition 2 4.00 MiB
[    1.962365] mmcblk0rpmb: mmc0:0001 SEM16G partition 3 4.00 MiB
[    1.964576]  mmcblk0: p1
[    1.988635]  usb2-1: usb2-1 supply vbus not found, using dummy regulator
[    1.995721]  usb3-0: usb3-0 supply vbus not found, using dummy regulator
[    2.003633] tegra-pcie 1003000.pcie-controller: 2x1, 1x1 configuration
[    2.010287] tegra-pcie 1003000.pcie-controller: Failed to get supply 'avddio-pex': -517
[    2.021392] tegra124-dfll 70110000.clock: couldn't get vdd_cpu regulator
[    2.032134] tegra-hdmi 54280000.hdmi: failed to get PLL regulator
[    2.042782] as3722-sd2: supplied by +5V_SYS
[    2.047380] as3722-sd3: supplied by +5V_SYS
[    2.051877] as3722-sd4: supplied by +5V_SYS
[    2.056440] as3722-sd5: supplied by +5V_SYS
[    2.062305] as3722-ldo0: supplied by +1.35V_LP0(sd2)
[    2.068183] as3722-ldo1: supplied by +3.3V_RUN
[    2.072956] as3722-ldo2: supplied by +1.8V_VDDIO
[    2.078604] as3722-ldo3: supplied by +3.3V_SYS
[    2.083906] as3722-ldo4: supplied by +3.3V_SYS
[    2.088704] as3722-ldo5: supplied by +1.8V_VDDIO
[    2.093586] as3722-ldo6: supplied by +3.3V_RUN
[    2.098295] as3722-ldo7: supplied by +1.8V_VDDIO
[    2.103674] +1.05V_RUN_CAM_REAR: Bringing 0uV into 1050000-1050000uV
[    2.110780] as3722-ldo9: supplied by +5V_SYS
[    2.116359] +3.3V_RUN_TOUCH: Bringing 0uV into 2800000-2800000uV
[    2.123084] as3722-ldo10: supplied by +5V_SYS
[    2.128247] +2.8V_RUN_CAM_AF: Bringing 0uV into 2800000-2800000uV
[    2.135077] as3722-ldo11: supplied by +3.3V_RUN
[    2.140374] +1.8V_RUN_VPP_FUSE: Bringing 0uV into 1800000-1800000uV
[    2.150057] tegra-ahci 70027000.sata: AHCI 0001.0301 32 slots 2 ports 3 Gbps 0x1 impl platform mode
[    2.159141] tegra-ahci 70027000.sata: flags: 64bit ncq sntf pm led pio slum part sadm sds apst 
[    2.169566] scsi host0: tegra-ahci
[    2.174172] scsi host1: tegra-ahci
[    2.177910] ata1: SATA max UDMA/133 mmio [mem 0x70027000-0x70028fff] port 0x100 irq 345
[    2.185923] ata2: DUMMY
[    2.191707] tegra-ehci 7d008000.usb: EHCI Host Controller
[    2.197160] tegra-ehci 7d008000.usb: new USB bus registered, assigned bus number 2
[    2.204910] tegra-ehci 7d008000.usb: irq 355, io mem 0x7d008000
[    2.234643] tegra-ehci 7d008000.usb: USB 2.0 started, EHCI 1.10
[    2.241684] hub 2-0:1.0: USB hub found
[    2.245540] hub 2-0:1.0: 1 port detected
[    2.251867] sdhci-tegra 700b0400.sdhci: Got CD GPIO
[    2.256817] sdhci-tegra 700b0400.sdhci: Got WP GPIO
[    2.261886] mmc1: Unknown controller version (3). You may experience problems.
[    2.269216] mmc1: Invalid maximum block size, assuming 512 bytes
[    2.335105] mmc1: SDHCI controller on 700b0400.sdhci [700b0400.sdhci] using ADMA
[    2.343197] tegra-pcie 1003000.pcie-controller: 2x1, 1x1 configuration
[    2.351561] tegra-pcie 1003000.pcie-controller: probing port 0, using 2 lanes
[    2.360945] tegra-pcie 1003000.pcie-controller: Slot present pin change, signature: 00000008
[    2.385273] tegra-pcie 1003000.pcie-controller: probing port 1, using 1 lanes
[    2.394486] tegra-pcie 1003000.pcie-controller: Slot present pin change, signature: 00000000
[    2.409015] tegra-pcie 1003000.pcie-controller: PCI host bridge to bus 0000:00
[    2.416284] pci_bus 0000:00: root bus resource [io  0x0000-0xffff]
[    2.422471] pci_bus 0000:00: root bus resource [mem 0x13000000-0x1fffffff]
[    2.429379] pci_bus 0000:00: root bus resource [mem 0x20000000-0x3fffffff pref]
[    2.436731] pci_bus 0000:00: root bus resource [bus 00-ff]
[    2.442259] pci 0000:00:01.0: [10de:0e12] type 01 class 0x060400
[    2.448352] pci_bus 0000:00: 2-byte config write to 0000:00:01.0 offset 0x88 may corrupt adjacent RW1C bits
[    2.458174] pci_bus 0000:00: 2-byte config write to 0000:00:01.0 offset 0x52 may corrupt adjacent RW1C bits
[    2.467996] pci 0000:00:01.0: PME# supported from D0 D1 D2 D3hot D3cold
[    2.474662] pci_bus 0000:00: 2-byte config write to 0000:00:01.0 offset 0x4c may corrupt adjacent RW1C bits
[    2.484711] pci 0000:00:02.0: [10de:0e13] type 01 class 0x060400
[    2.490762] pci_bus 0000:00: 2-byte config write to 0000:00:02.0 offset 0x88 may corrupt adjacent RW1C bits
[    2.500573] pci_bus 0000:00: 2-byte config write to 0000:00:02.0 offset 0x52 may corrupt adjacent RW1C bits
[    2.510394] pci 0000:00:02.0: PME# supported from D0 D1 D2 D3hot D3cold
[    2.517058] pci_bus 0000:00: 2-byte config write to 0000:00:02.0 offset 0x4c may corrupt adjacent RW1C bits
[    2.518313] ata1: SATA link down (SStatus 0 SControl 300)
[    2.532465] pci_bus 0000:00: 2-byte config write to 0000:00:01.0 offset 0x3e may corrupt adjacent RW1C bits
[    2.542215] pci_bus 0000:00: 2-byte config write to 0000:00:02.0 offset 0x3e may corrupt adjacent RW1C bits
[    2.551959] pci_bus 0000:00: 2-byte config write to 0000:00:01.0 offset 0x4 may corrupt adjacent RW1C bits
[    2.561616] pci_bus 0000:00: 1-byte config write to 0000:00:01.0 offset 0xc may corrupt adjacent RW1C bits
[    2.571274] PCI: bus0: Fast back to back transfers disabled
[    2.576861] pci 0000:00:01.0: bridge configuration invalid ([bus 00-00]), reconfiguring
[    2.584912] pci 0000:00:02.0: bridge configuration invalid ([bus 00-00]), reconfiguring
[    2.593131] pci 0000:01:00.0: [8086:4232] type 00 class 0x028000
[    2.599196] pci 0000:01:00.0: reg 0x10: [mem 0x00000000-0x00001fff 64bit]
[    2.606195] pci 0000:01:00.0: PME# supported from D0 D3hot D3cold
[    2.628638] mmc1: new high speed SDHC card at address aaaa
[    2.634701] PCI: bus1: Fast back to back transfers disabled
[    2.640299] pci_bus 0000:01: busn_res: [bus 01-ff] end is updated to 01
[    2.647178] pci 0000:02:00.0: [10ec:8168] type 00 class 0x020000
[    2.653211] pci 0000:02:00.0: reg 0x10: [io  0x0000-0x00ff]
[    2.658861] pci 0000:02:00.0: reg 0x18: [mem 0x00000000-0x00000fff 64bit]
[    2.665713] pci 0000:02:00.0: reg 0x20: [mem 0x00000000-0x00003fff 64bit pref]
[    2.673085] pci 0000:02:00.0: supports D1 D2
[    2.677370] pci 0000:02:00.0: PME# supported from D0 D1 D2 D3hot D3cold
[    2.684312] mmcblk1: mmc1:aaaa SD04G 3.69 GiB 
[    2.702406]  mmcblk1: p1 p2 p3
[    2.705698] PCI: bus2: Fast back to back transfers disabled
[    2.711294] pci_bus 0000:02: busn_res: [bus 02-ff] end is updated to 02
[    2.718140] pci 0000:00:01.0: BAR 8: assigned [mem 0x13000000-0x130fffff]
[    2.724982] pci 0000:00:02.0: BAR 8: assigned [mem 0x13100000-0x131fffff]
[    2.731783] pci 0000:00:02.0: BAR 9: assigned [mem 0x20000000-0x200fffff 64bit pref]
[    2.739564] pci 0000:00:02.0: BAR 7: assigned [io  0x1000-0x1fff]
[    2.745684] pci 0000:01:00.0: BAR 0: assigned [mem 0x13000000-0x13001fff 64bit]
[    2.753025] pci 0000:00:01.0: PCI bridge to [bus 01]
[    2.758040] pci 0000:00:01.0:   bridge window [mem 0x13000000-0x130fffff]
[    2.764889] pci 0000:02:00.0: BAR 4: assigned [mem 0x20000000-0x20003fff 64bit pref]
[    2.772646] pci 0000:02:00.0: BAR 2: assigned [mem 0x13100000-0x13100fff 64bit]
[    2.780009] pci 0000:02:00.0: BAR 0: assigned [io  0x1000-0x10ff]
[    2.786128] pci 0000:00:02.0: PCI bridge to [bus 02]
[    2.791101] pci 0000:00:02.0:   bridge window [io  0x1000-0x1fff]
[    2.797235] pci 0000:00:02.0:   bridge window [mem 0x13100000-0x131fffff]
[    2.804020] pci 0000:00:02.0:   bridge window [mem 0x20000000-0x200fffff 64bit pref]
[    2.811804] pci 0000:00:01.0: nv_msi_ht_cap_quirk didn't locate host bridge
[    2.818892] pcieport 0000:00:01.0: enabling device (0140 -> 0142)
[    2.825273] pcieport 0000:00:01.0: Signaling PME with IRQ 393
[    2.831136] pci 0000:00:02.0: nv_msi_ht_cap_quirk didn't locate host bridge
[    2.838220] pcieport 0000:00:02.0: enabling device (0140 -> 0143)
[    2.844574] pcieport 0000:00:02.0: Signaling PME with IRQ 394
[    2.850583] r8169 Gigabit Ethernet driver 2.3LK-NAPI loaded
[    2.856223] r8169 0000:02:00.0: enabling device (0140 -> 0143)
[    2.886239] r8169 0000:02:00.0 eth0: RTL8168g/8111g at 0xf0b56000, 00:04:4b:3a:d9:81, XID 0c000800 IRQ 395
[    2.895938] r8169 0000:02:00.0 eth0: jumbo features [frames: 9200 bytes, tx checksumming: ko]
[    2.908901] +1.05V_RUN_AVDD_HDMI_PLL: supplied by +1.05V_RUN
[    2.916729] [drm] Supports vblank timestamp caching Rev 2 (21.10.2013).
[    2.923345] [drm] No driver support for vblank timestamp query.
[    3.050460] tegra-hdmi 54280000.hdmi: cannot set audio to 48000 Hz at 297000000 Hz pixel clock
[    3.297653] Console: switching to colour frame buffer device 512x135
[    3.396266] drm drm: fb0:  frame buffer device
[    3.400796] [drm] Initialized tegra 0.0.0 20120330 for drm on minor 0
[    3.408696] of: dev_pm_opp_of_cpumask_add_table: couldn't find opp table for cpu:0, -19
[    3.416747] cpufreq: cpufreq_online: CPU0: Running at unlisted freq: 696000 KHz
[    3.424061] cpufreq: cpufreq_online: CPU0: Unlisted initial frequency changed to: 714000 KHz
[    3.433305] input: gpio-keys as /devices/soc0/gpio-keys/input/input0
[    3.440598] as3722-rtc as3722-rtc: setting system clock to 2000-01-01 00:02:24 UTC (946684944)
[    3.449716] +USB0_VBUS_SW: disabling
[    3.453292] +1.8V_RUN_CAM: disabling
[    3.457157] +2.8V_RUN_CAM: disabling
[    3.460932] +1.2V_RUN_CAM_FRONT: disabling
[    3.465286] +1.05V_RUN_CAM_REAR: disabling
[    3.469562] +3.3V_RUN_TOUCH: disabling
[    3.473466] +2.8V_RUN_CAM_AF: disabling
[    3.477542] +1.8V_RUN_VPP_FUSE: disabling
[    3.482640] EXT4-fs (mmcblk0p1): mounting ext3 file system using the ext4 subsystem
[    3.504408] EXT4-fs (mmcblk0p1): recovery complete
[    3.509229] EXT4-fs (mmcblk0p1): mounted filesystem with ordered data mode. Opts: (null)
[    3.517359] VFS: Mounted root (ext3 filesystem) on device 179:1.
[    3.527560] devtmpfs: mounted
[    3.531230] Freeing unused kernel memory: 2048K
bash: cannot set terminal process group (-1): Inappropriate ioctl for device
bash: no job control in this shell
root@(none):/# mount -t sysfs none /sys
root@(none):/# 
root@(none):/# mount -t debugfs none /sys/kernel/debug
root@(none):/# 
root@(none):/# rtcwake -d rtc1 -m mem -s 3
rtcwake: assuming RTC uses UTC ...
rtcwake: wakeup from "mem" using /dev/rtc1 at Thu Jan  1 00:00:20 1970
[    6.442325] PM: Syncing filesystems ... done.
[    6.611659] Freezing user space processes ... (elapsed 0.001 seconds) done.
[    6.620134] Freezing remaining freezable tasks ... (elapsed 0.001 seconds) done.
[    6.629188] Suspending console(s) (use no_console_suspend to debug)
[    6.757336] PM: suspend of devices complete after 119.881 msecs
[    6.763039] PM: late suspend of devices complete after 5.675 msecs
[    6.788968] PM: noirq suspend of devices complete after 25.908 msecs
[    6.788978] Disabling non-boot CPUs ...
[    6.943597] IRQ17 no longer affine to CPU3
[    7.002430] Entering suspend state LP1
[    7.002430] Suspended for 2.907 seconds
[    7.002442] Enabling non-boot CPUs ...
[    7.026385] CPU1 is up
[    7.066305] CPU2 is up
[    7.106581] CPU3 is up
[    7.107301] pcieport 0000:00:01.0: nv_msi_ht_cap_quirk didn't locate host bridge
[    7.107303] pcieport 0000:00:02.0: nv_msi_ht_cap_quirk didn't locate host bridge
[    7.134610] PM: noirq resume of devices complete after 28.023 msecs
[    7.136383] PM: early resume of devices complete after 1.447 msecs
[    7.139551] tegra-hdmi 54280000.hdmi: cannot set audio to 48000 Hz at 297000000 Hz pixel clock
[    7.261128] PM: resume of devices complete after 124.735 msecs
[    7.348253] Restarting tasks ... done.
root@(none):/# 
root@(none):/# [    7.467223] ata1: SATA link down (SStatus 0 SControl 300)
rtcwake -d rtc1 -m mem -s 3
rtcwake: assuming RTC uses UTC ...
rtcwake: wakeup from "mem" using /dev/rtc1 at Thu Jan  1 00:00:25 1970
[    8.577020] PM: Syncing filesystems ... done.
[    8.772887] Freezing user space processes ... (elapsed 0.001 seconds) done.
[    8.781220] Freezing remaining freezable tasks ... (elapsed 0.001 seconds) done.
[    8.789836] Suspending console(s) (use no_console_suspend to debug)
[    8.813362] pci_generic_config_write32: 118 callbacks suppressed
[    8.813368] pci_bus 0000:00: 2-byte config write to 0000:00:02.0 offset 0x9c may corrupt adjacent RW1C bits
[    8.813377] pci_bus 0000:00: 2-byte config write to 0000:00:01.0 offset 0x9c may corrupt adjacent RW1C bits
[    8.926040] PM: suspend of devices complete after 129.444 msecs
[    8.928402] PM: late suspend of devices complete after 2.354 msecs
[    8.928836] pci_bus 0000:02: 2-byte config write to 0000:02:00.0 offset 0x44 may corrupt adjacent RW1C bits
[    8.928854] pci_bus 0000:02: 2-byte config write to 0000:02:00.0 offset 0x44 may corrupt adjacent RW1C bits
[    8.955555] PM: noirq suspend of devices complete after 27.147 msecs
[    8.955558] Disabling non-boot CPUs ...
[    9.116402] Entering suspend state LP1
[    9.116402] Suspended for 2.885 seconds
[    9.116413] Enabling non-boot CPUs ...
[    9.146372] CPU1 is up
[    9.186280] CPU2 is up
[    9.226572] CPU3 is up
[    9.227146] pci_bus 0000:00: 2-byte config write to 0000:00:01.0 offset 0x4c may corrupt adjacent RW1C bits
[    9.227155] pci_bus 0000:00: 2-byte config write to 0000:00:02.0 offset 0x4c may corrupt adjacent RW1C bits
[    9.227167] pci_bus 0000:00: 2-byte config write to 0000:00:01.0 offset 0x88 may corrupt adjacent RW1C bits
[    9.227173] pci_bus 0000:00: 2-byte config write to 0000:00:02.0 offset 0x88 may corrupt adjacent RW1C bits
[    9.227179] pci_bus 0000:00: 2-byte config write to 0000:00:01.0 offset 0x90 may corrupt adjacent RW1C bits
[    9.227185] pci_bus 0000:00: 2-byte config write to 0000:00:02.0 offset 0x90 may corrupt adjacent RW1C bits
[    9.227290] pcieport 0000:00:01.0: nv_msi_ht_cap_quirk didn't locate host bridge
[    9.227292] pcieport 0000:00:02.0: nv_msi_ht_cap_quirk didn't locate host bridge
[    9.254581] PM: noirq resume of devices complete after 28.003 msecs
[    9.255645] PM: early resume of devices complete after 0.729 msecs
[    9.258266] tegra-hdmi 54280000.hdmi: cannot set audio to 48000 Hz at 297000000 Hz pixel clock
[    9.379906] PM: resume of devices complete after 124.252 msecs
[    9.566421] Restarting tasks ... done.
[    9.587237] ata1: SATA link down (SStatus 0 SControl 300)
root@(none):/# 
root@(none):/# rtcwake -d rtc1 -m mem -s 3
rtcwake: assuming RTC uses UTC ...
rtcwake: wakeup from "mem" using /dev/rtc1 at Thu Jan  1 00:00:30 1970
[   10.686971] PM: Syncing filesystems ... done.
[   10.891911] Freezing user space processes ... (elapsed 0.001 seconds) done.
[   10.900277] Freezing remaining freezable tasks ... (elapsed 0.001 seconds) done.
[   10.908935] Suspending console(s) (use no_console_suspend to debug)
[   11.036318] PM: suspend of devices complete after 120.463 msecs
[   11.039387] PM: late suspend of devices complete after 3.057 msecs
[   11.065946] PM: noirq suspend of devices complete after 26.551 msecs
[   11.065950] Disabling non-boot CPUs ...
[   11.066298] IRQ17 no longer affine to CPU1
[   11.216899] Entering suspend state LP1
[   11.216899] Suspended for 2.899 seconds
[   11.216910] Enabling non-boot CPUs ...
[   11.246604] CPU1 is up
[   11.286255] CPU2 is up
[   11.326536] CPU3 is up
[   11.327185] pcieport 0000:00:01.0: nv_msi_ht_cap_quirk didn't locate host bridge
[   11.327347] pcieport 0000:00:02.0: nv_msi_ht_cap_quirk didn't locate host bridge
[   11.354557] PM: noirq resume of devices complete after 28.015 msecs
[   11.356302] PM: early resume of devices complete after 1.403 msecs
[   11.359331] tegra-hdmi 54280000.hdmi: cannot set audio to 48000 Hz at 297000000 Hz pixel clock
[   11.480888] PM: resume of devices complete after 124.578 msecs
[   11.568001] Restarting tasks ... done.
root@(none):/# 
root@(none):/# [   11.687146] ata1: SATA link down (SStatus 0 SControl 300)
rtcwake -d rtc1 -m mem -s 3
rtcwake: assuming RTC uses UTC ...
rtcwake: wakeup from "mem" using /dev/rtc1 at Thu Jan  1 00:00:35 1970
[   12.787140] PM: Syncing filesystems ... done.
[   12.992844] Freezing user space processes ... (elapsed 0.001 seconds) done.
[   13.001176] Freezing remaining freezable tasks ... (elapsed 0.001 seconds) done.
[   13.009794] Suspending console(s) (use no_console_suspend to debug)
[   13.146092] PM: suspend of devices complete after 129.540 msecs
[   13.148415] PM: late suspend of devices complete after 2.313 msecs
[   13.175496] PM: noirq suspend of devices complete after 27.075 msecs
[   13.175499] Disabling non-boot CPUs ...
[   13.356351] Entering suspend state LP1
[   13.356351] Suspended for 2.860 seconds
[   13.356363] Enabling non-boot CPUs ...
[   13.386332] CPU1 is up
[   13.426237] CPU2 is up
[   13.466510] CPU3 is up
[   13.467219] pcieport 0000:00:01.0: nv_msi_ht_cap_quirk didn't locate host bridge
[   13.467221] pcieport 0000:00:02.0: nv_msi_ht_cap_quirk didn't locate host bridge
[   13.494522] PM: noirq resume of devices complete after 28.005 msecs
[   13.496283] PM: early resume of devices complete after 1.445 msecs
[   13.499186] tegra-hdmi 54280000.hdmi: cannot set audio to 48000 Hz at 297000000 Hz pixel clock
[   13.620742] PM: resume of devices complete after 124.449 msecs
[   13.703754] Restarting tasks ... done.
root@(none):/# 
root@(none):/# [   13.827174] ata1: SATA link down (SStatus 0 SControl 300)
rtcwake -d rtc1 -m mem -s 3
rtcwake: assuming RTC uses UTC ...
rtcwake: wakeup from "mem" using /dev/rtc1 at Thu Jan  1 00:00:40 1970
[   14.932516] PM: Syncing filesystems ... done.
[   15.132913] Freezing user space processes ... (elapsed 0.001 seconds) done.
[   15.141280] Freezing remaining freezable tasks ... (elapsed 0.001 seconds) done.
[   15.149958] Suspending console(s) (use no_console_suspend to debug)
[   15.173531] pci_generic_config_write32: 116 callbacks suppressed
[   15.173538] pci_bus 0000:00: 2-byte config write to 0000:00:02.0 offset 0x9c may corrupt adjacent RW1C bits
[   15.173559] pci_bus 0000:00: 2-byte config write to 0000:00:01.0 offset 0x9c may corrupt adjacent RW1C bits
[   15.286092] PM: suspend of devices complete after 129.343 msecs
[   15.288024] PM: late suspend of devices complete after 1.922 msecs
[   15.288479] pci_bus 0000:02: 2-byte config write to 0000:02:00.0 offset 0x44 may corrupt adjacent RW1C bits
[   15.288497] pci_bus 0000:02: 2-byte config write to 0000:02:00.0 offset 0x44 may corrupt adjacent RW1C bits
[   15.315576] PM: noirq suspend of devices complete after 27.545 msecs
[   15.315579] Disabling non-boot CPUs ...
[   15.315862] IRQ17 no longer affine to CPU1
[   15.446333] Entering suspend state LP1
[   15.446333] Suspended for 2.909 seconds
[   15.446344] Enabling non-boot CPUs ...
[   15.476539] CPU1 is up
[   15.516185] CPU2 is up
[   15.556467] CPU3 is up
[   15.557069] pci_bus 0000:00: 2-byte config write to 0000:00:02.0 offset 0x4c may corrupt adjacent RW1C bits
[   15.557080] pci_bus 0000:00: 2-byte config write to 0000:00:02.0 offset 0x88 may corrupt adjacent RW1C bits
[   15.557085] pci_bus 0000:00: 2-byte config write to 0000:00:02.0 offset 0x90 may corrupt adjacent RW1C bits
[   15.557090] pci_bus 0000:00: 2-byte config write to 0000:00:02.0 offset 0x98 may corrupt adjacent RW1C bits
[   15.557096] pci_bus 0000:00: 2-byte config write to 0000:00:02.0 offset 0x9c may corrupt adjacent RW1C bits
[   15.557101] pci_bus 0000:00: 2-byte config write to 0000:00:02.0 offset 0xa8 may corrupt adjacent RW1C bits
[   15.557155] pcieport 0000:00:02.0: nv_msi_ht_cap_quirk didn't locate host bridge
[   15.557259] pcieport 0000:00:01.0: nv_msi_ht_cap_quirk didn't locate host bridge
[   15.584497] PM: noirq resume of devices complete after 28.024 msecs
[   15.586347] PM: early resume of devices complete after 1.528 msecs
[   15.589318] tegra-hdmi 54280000.hdmi: cannot set audio to 48000 Hz at 297000000 Hz pixel clock
[   15.710849] PM: resume of devices complete after 124.493 msecs
[   15.901418] Restarting tasks ... done.
[   15.917153] ata1: SATA link down (SStatus 0 SControl 300)
root@(none):/# 
root@(none):/# rtcwake -d rtc1 -m mem -s 3
rtcwake: assuming RTC uses UTC ...
rtcwake: wakeup from "mem" using /dev/rtc1 at Thu Jan  1 00:00:45 1970
[   17.012209] PM: Syncing filesystems ... done.
[   17.167618] Freezing user space processes ... (elapsed 0.001 seconds) done.
[   17.176063] Freezing remaining freezable tasks ... (elapsed 0.001 seconds) done.
[   17.185026] Suspending console(s) (use no_console_suspend to debug)
[   17.327352] PM: suspend of devices complete after 134.364 msecs
[   17.335394] PM: late suspend of devices complete after 8.014 msecs
[   17.368844] PM: noirq suspend of devices complete after 33.429 msecs
[   17.368854] Disabling non-boot CPUs ...
[   17.444377] IRQ17 no longer affine to CPU2
[   17.581303] Entering suspend state LP1
[   17.581303] Suspended for 2.864 seconds
[   17.581314] Enabling non-boot CPUs ...
[   17.606518] CPU1 is up
[   17.646165] CPU2 is up
[   17.686442] CPU3 is up
[   17.687121] pcieport 0000:00:01.0: nv_msi_ht_cap_quirk didn't locate host bridge
[   17.687134] pcieport 0000:00:02.0: nv_msi_ht_cap_quirk didn't locate host bridge
[   17.714462] PM: noirq resume of devices complete after 28.014 msecs
[   17.716264] PM: early resume of devices complete after 1.484 msecs
[   17.719147] tegra-hdmi 54280000.hdmi: cannot set audio to 48000 Hz at 297000000 Hz pixel clock
[   17.840712] PM: resume of devices complete after 124.438 msecs
[   17.927804] Restarting tasks ... done.
root@(none):/# 
root@(none):/# [   18.047020] ata1: SATA link down (SStatus 0 SControl 300)
rtcwake -d rtc1 -m mem -s 3
rtcwake: assuming RTC uses UTC ...
rtcwake: wakeup from "mem" using /dev/rtc1 at Thu Jan  1 00:00:50 1970
[   19.156279] PM: Syncing filesystems ... done.
[   19.351037] Freezing user space processes ... (elapsed 0.001 seconds) done.
[   19.359416] Freezing remaining freezable tasks ... (elapsed 0.001 seconds) done.
[   19.368041] Suspending console(s) (use no_console_suspend to debug)
[   19.496031] PM: suspend of devices complete after 121.199 msecs
[   19.497550] PM: late suspend of devices complete after 1.513 msecs
[   19.525441] PM: noirq suspend of devices complete after 27.885 msecs
[   19.525444] Disabling non-boot CPUs ...
[   19.676287] Entering suspend state LP1
[   19.676287] Suspended for 2.904 seconds
[   19.676299] Enabling non-boot CPUs ...
[   19.706465] CPU1 is up
[   19.746129] CPU2 is up
[   19.786406] CPU3 is up
[   19.787053] pcieport 0000:00:01.0: nv_msi_ht_cap_quirk didn't locate host bridge
[   19.787212] pcieport 0000:00:02.0: nv_msi_ht_cap_quirk didn't locate host bridge
[   19.814433] PM: noirq resume of devices complete after 28.021 msecs
[   19.816192] PM: early resume of devices complete after 1.421 msecs
[   19.819251] tegra-hdmi 54280000.hdmi: cannot set audio to 48000 Hz at 297000000 Hz pixel clock
[   19.940808] PM: resume of devices complete after 124.607 msecs
[   20.023866] Restarting tasks ... done.
root@(none):/# 
root@(none):/# [   20.147065] ata1: SATA link down (SStatus 0 SControl 300)
rtcwake -d rtc1 -m mem -s 3
rtcwake: assuming RTC uses UTC ...
rtcwake: wakeup from "mem" using /dev/rtc1 at Thu Jan  1 00:00:55 1970
[   21.241670] PM: Syncing filesystems ... done.
[   21.397582] Freezing user space processes ... (elapsed 0.001 seconds) done.
[   21.406030] Freezing remaining freezable tasks ... (elapsed 0.001 seconds) done.
[   21.414995] Suspending console(s) (use no_console_suspend to debug)
[   21.451146] pci_generic_config_write32: 116 callbacks suppressed
[   21.451170] pci_bus 0000:00: 2-byte config write to 0000:00:02.0 offset 0x9c may corrupt adjacent RW1C bits
[   21.451225] pci_bus 0000:00: 2-byte config write to 0000:00:01.0 offset 0x9c may corrupt adjacent RW1C bits
[   21.557101] PM: suspend of devices complete after 134.142 msecs
[   21.565179] PM: late suspend of devices complete after 8.050 msecs
[   21.566237] pci_bus 0000:02: 2-byte config write to 0000:02:00.0 offset 0x44 may corrupt adjacent RW1C bits
[   21.566290] pci_bus 0000:02: 2-byte config write to 0000:02:00.0 offset 0x44 may corrupt adjacent RW1C bits
[   21.598904] PM: noirq suspend of devices complete after 33.704 msecs
[   21.598914] Disabling non-boot CPUs ...
[   21.599869] IRQ17 no longer affine to CPU1
[   21.791094] Entering suspend state LP1
[   21.791094] Suspended for 2.884 seconds
[   21.791105] Enabling non-boot CPUs ...
[   21.816456] CPU1 is up
[   21.856099] CPU2 is up
[   21.896366] CPU3 is up
[   21.896936] pci_bus 0000:00: 2-byte config write to 0000:00:01.0 offset 0x4c may corrupt adjacent RW1C bits
[   21.896947] pci_bus 0000:00: 2-byte config write to 0000:00:02.0 offset 0x4c may corrupt adjacent RW1C bits
[   21.896957] pci_bus 0000:00: 2-byte config write to 0000:00:01.0 offset 0x88 may corrupt adjacent RW1C bits
[   21.896963] pci_bus 0000:00: 2-byte config write to 0000:00:01.0 offset 0x90 may corrupt adjacent RW1C bits
[   21.896969] pci_bus 0000:00: 2-byte config write to 0000:00:02.0 offset 0x88 may corrupt adjacent RW1C bits
[   21.896975] pci_bus 0000:00: 2-byte config write to 0000:00:01.0 offset 0x98 may corrupt adjacent RW1C bits
[   21.897080] pcieport 0000:00:01.0: nv_msi_ht_cap_quirk didn't locate host bridge
[   21.897082] pcieport 0000:00:02.0: nv_msi_ht_cap_quirk didn't locate host bridge
[   21.924393] PM: noirq resume of devices complete after 28.021 msecs
[   21.925961] PM: early resume of devices complete after 1.237 msecs
[   21.929051] tegra-hdmi 54280000.hdmi: cannot set audio to 48000 Hz at 297000000 Hz pixel clock
[   22.050599] PM: resume of devices complete after 124.629 msecs
[   22.241197] Restarting tasks ... done.
[   22.257022] ata1: SATA link down (SStatus 0 SControl 300)
root@(none):/# 
root@(none):/# rtcwake -d rtc1 -m mem -s 3
rtcwake: assuming RTC uses UTC ...
rtcwake: wakeup from "mem" using /dev/rtc1 at Thu Jan  1 00:01:00 1970
[   23.366283] PM: Syncing filesystems ... done.
[   23.562447] Freezing user space processes ... (elapsed 0.001 seconds) done.
[   23.570794] Freezing remaining freezable tasks ... (elapsed 0.001 seconds) done.
[   23.579433] Suspending console(s) (use no_console_suspend to debug)
[   23.715936] PM: suspend of devices complete after 129.677 msecs
[   23.718713] PM: late suspend of devices complete after 2.766 msecs
[   23.745515] PM: noirq suspend of devices complete after 26.795 msecs
[   23.745518] Disabling non-boot CPUs ...
[   23.745819] IRQ17 no longer affine to CPU1
[   23.906497] Entering suspend state LP1
[   23.906497] Suspended for 2.884 seconds
[   23.906508] Enabling non-boot CPUs ...
[   23.936162] CPU1 is up
[   23.976078] CPU2 is up
[   24.016395] CPU3 is up
[   24.017084] pcieport 0000:00:01.0: nv_msi_ht_cap_quirk didn't locate host bridge
[   24.017086] pcieport 0000:00:02.0: nv_msi_ht_cap_quirk didn't locate host bridge
[   24.044369] PM: noirq resume of devices complete after 27.968 msecs
[   24.046078] PM: early resume of devices complete after 1.369 msecs
[   24.049148] tegra-hdmi 54280000.hdmi: cannot set audio to 48000 Hz at 297000000 Hz pixel clock
[   24.170703] PM: resume of devices complete after 124.617 msecs
[   24.257840] Restarting tasks ... done.
root@(none):/# 
root@(none):/# [   24.376963] ata1: SATA link down (SStatus 0 SControl 300)
rtcwake -d rtc1 -m mem -s 3
rtcwake: assuming RTC uses UTC ...
rtcwake: wakeup from "mem" using /dev/rtc1 at Thu Jan  1 00:01:05 1970
[   25.481768] PM: Syncing filesystems ... done.
[   25.626049] Freezing user space processes ... (elapsed 0.001 seconds) done.
[   25.634487] Freezing remaining freezable tasks ... (elapsed 0.001 seconds) done.
[   25.643425] Suspending console(s) (use no_console_suspend to debug)
[   25.767136] PM: suspend of devices complete after 115.729 msecs
[   25.775209] PM: late suspend of devices complete after 8.045 msecs
[   25.808700] PM: noirq suspend of devices complete after 33.469 msecs
[   25.808710] Disabling non-boot CPUs ...
[   25.809641] IRQ17 no longer affine to CPU1
[   26.001530] Entering suspend state LP1
[   26.001530] Suspended for 2.904 seconds
[   26.001542] Enabling non-boot CPUs ...
[   26.026147] CPU1 is up
[   26.066054] CPU2 is up
[   26.106338] CPU3 is up
[   26.107030] pcieport 0000:00:01.0: nv_msi_ht_cap_quirk didn't locate host bridge
[   26.107032] pcieport 0000:00:02.0: nv_msi_ht_cap_quirk didn't locate host bridge
[   26.134335] PM: noirq resume of devices complete after 27.991 msecs
[   26.136323] PM: early resume of devices complete after 1.652 msecs
[   26.139246] tegra-hdmi 54280000.hdmi: cannot set audio to 48000 Hz at 297000000 Hz pixel clock
[   26.260787] PM: resume of devices complete after 124.455 msecs
[   26.347907] Restarting tasks ... done.
root@(none):/# 
root@(none):/# [   26.466878] ata1: SATA link down (SStatus 0 SControl 300)
NVTB SYSTEM SUSPEND TEST COMPLETE
