
U-Boot SPL 2016.05-rc2 (Apr 21 2016 - 16:23:00)
Trying to boot from RAM


U-Boot 2016.05-rc2 (Apr 21 2016 - 16:23:00 -0700)

TEGRA124
Model: NVIDIA Jetson TK1
Board: NVIDIA Jetson TK1
DRAM:  2 GiB
MC:   Tegra SD/MMC: 0, Tegra SD/MMC: 1
In:    serial
Out:   serial
Err:   serial
Net:   No ethernet found.
Hit any key to stop autoboot:  2  0 
Tegra124 (Jetson TK1) # 
Tegra124 (Jetson TK1) # pci enum
Tegra124 (Jetson TK1) # setenv bootargs 'ignore_loglevel console=ttyS0,115200n8 rw root=PARTUUID=b1791faa-84e8-4e27-83a1-9fb0a77e8803 rootwait gpt debug noinitrd earlyprintk init=/bin/bash'
Tegra124 (Jetson TK1) # setenv ipaddr 192.168.100.102; setenv serverip 192.168.100.1; setenv tftpserverip 192.168.100.1
Tegra124 (Jetson TK1) # tftpboot 0x82000000 zImage.multi_v7_defconfig

Warning: eth_rtl8169 using MAC address from ROM
Using eth_rtl8169 device
TFTP from server 192.168.100.1; our IP address is 192.168.100.102
Filename 'zImage.multi_v7_defconfig'.
Load address: 0x82000000
Loading: *#################################################################
	 #################################################################
	 #################################################################
	 #################################################################
	 #################################################################
	 #################################################################
	 #################################################################
	 #################################################################
	 ###############
	 3.9 MiB/s
done
Bytes transferred = 7850056 (77c848 hex)
Tegra124 (Jetson TK1) # tftpboot 0x83000000 tegra124-jetson-tk1.dtb
Using eth_rtl8169 device
TFTP from server 192.168.100.1; our IP address is 192.168.100.102
Filename 'tegra124-jetson-tk1.dtb'.
Load address: 0x83000000
Loading: *#####
	 3.8 MiB/s
done
Bytes transferred = 67133 (1063d hex)
Tegra124 (Jetson TK1) # bootz 0x82000000 - 0x83000000
Kernel image @ 0x82000000 [ 0x000000 - 0x77c848 ]
## Flattened Device Tree blob at 83000000
   Booting using the fdt blob at 0x83000000
   Using Device Tree in place at 83000000, end 8301363c

Starting kernel ...

[    0.000000] Booting Linux on physical CPU 0x0
[    0.000000] Linux version 4.11.0-rc2-next-20170320-159700-g4f4f972 (jonathanh@sellafield) (gcc version 4.7.3 20130328 (prerelease) (crosstool-NG linaro-1.13.1-4.7-2013.04-20130415 - Linaro GCC 2013.04) ) #1 SMP Wed Mar 22 15:12:25 PDT 2017
[    0.000000] CPU: ARMv7 Processor [413fc0f3] revision 3 (ARMv7), cr=10c5387d
[    0.000000] CPU: div instructions available: patching division code
[    0.000000] CPU: PIPT / VIPT nonaliasing data cache, PIPT instruction cache
[    0.000000] OF: fdt: Machine model: NVIDIA Tegra124 Jetson TK1
[    0.000000] debug: ignoring loglevel setting.
[    0.000000] efi: Getting EFI parameters from FDT:
[    0.000000] efi: UEFI not found.
[    0.000000] cma: Reserved 64 MiB at 0xfb800000
[    0.000000] Memory policy: Data cache writealloc
[    0.000000] On node 0 totalpages: 524032
[    0.000000] free_area_init_node: node 0, pgdat c157b940, node_mem_map eeff8000
[    0.000000]   DMA zone: 1536 pages used for memmap
[    0.000000]   DMA zone: 0 pages reserved
[    0.000000]   DMA zone: 196608 pages, LIFO batch:31
[    0.000000]   HighMem zone: 327424 pages, LIFO batch:31
[    0.000000] percpu: Embedded 17 pages/cpu @eef82000 s38528 r8192 d22912 u69632
[    0.000000] pcpu-alloc: s38528 r8192 d22912 u69632 alloc=17*4096
[    0.000000] pcpu-alloc: [0] 0 [0] 1 [0] 2 [0] 3 
[    0.000000] Built 1 zonelists in Zone order, mobility grouping on.  Total pages: 522496
[    0.000000] Kernel command line: ignore_loglevel console=ttyS0,115200n8 rw root=PARTUUID=b1791faa-84e8-4e27-83a1-9fb0a77e8803 rootwait gpt debug noinitrd earlyprintk init=/bin/bash
[    0.000000] PID hash table entries: 4096 (order: 2, 16384 bytes)
[    0.000000] Dentry cache hash table entries: 131072 (order: 7, 524288 bytes)
[    0.000000] Inode-cache hash table entries: 65536 (order: 6, 262144 bytes)
[    0.000000] Memory: 1993460K/2096128K available (10240K kernel code, 1548K rwdata, 4388K rodata, 2048K init, 417K bss, 37132K reserved, 65536K cma-reserved, 1244160K highmem)
[    0.000000] Virtual kernel memory layout:
[    0.000000]     vector  : 0xffff0000 - 0xffff1000   (   4 kB)
[    0.000000]     fixmap  : 0xffc00000 - 0xfff00000   (3072 kB)
[    0.000000]     vmalloc : 0xf0800000 - 0xff800000   ( 240 MB)
[    0.000000]     lowmem  : 0xc0000000 - 0xf0000000   ( 768 MB)
[    0.000000]     pkmap   : 0xbfe00000 - 0xc0000000   (   2 MB)
[    0.000000]     modules : 0xbf000000 - 0xbfe00000   (  14 MB)
[    0.000000]       .text : 0xc0208000 - 0xc0d00000   (11232 kB)
[    0.000000]       .init : 0xc1200000 - 0xc1400000   (2048 kB)
[    0.000000]       .data : 0xc1400000 - 0xc1583390   (1549 kB)
[    0.000000]        .bss : 0xc1585000 - 0xc15ed5c8   ( 418 kB)
[    0.000000] SLUB: HWalign=64, Order=0-3, MinObjects=0, CPUs=4, Nodes=1
[    0.000000] Hierarchical RCU implementation.
[    0.000000] 	RCU debugfs-based tracing is enabled.
[    0.000000] 	RCU restricting CPUs from NR_CPUS=16 to nr_cpu_ids=4.
[    0.000000] RCU: Adjusting geometry for rcu_fanout_leaf=16, nr_cpu_ids=4
[    0.000000] NR_IRQS:16 nr_irqs:16 16
[    0.000000] /interrupt-controller@60004000: 160 interrupts forwarded to /interrupt-controller@50041000
[    0.000000] Tegra clk 127: register failed with -17
[    0.000008] sched_clock: 32 bits at 1000kHz, resolution 1000ns, wraps every 2147483647500ns
[    0.000028] clocksource: timer_us: mask: 0xffffffff max_cycles: 0xffffffff, max_idle_ns: 1911260446275 ns
[    0.000043] Switching to timer-based delay loop, resolution 1000ns
[    0.005026] arm_arch_timer: Architected cp15 timer(s) running at 12.00MHz (virt).
[    0.005045] clocksource: arch_sys_counter: mask: 0xffffffffffffff max_cycles: 0x2c47f4ee7, max_idle_ns: 440795202497 ns
[    0.005065] sched_clock: 56 bits at 12MHz, resolution 83ns, wraps every 4398046511096ns
[    0.005079] Switching to timer-based delay loop, resolution 83ns
[    0.005544] Console: colour dummy device 80x30
[    0.005575] Calibrating delay loop (skipped), value calculated using timer frequency.. 24.00 BogoMIPS (lpj=120000)
[    0.005593] pid_max: default: 32768 minimum: 301
[    0.005688] Mount-cache hash table entries: 2048 (order: 1, 8192 bytes)
[    0.005703] Mountpoint-cache hash table entries: 2048 (order: 1, 8192 bytes)
[    0.006187] CPU: Testing write buffer coherency: ok
[    0.006435] /cpus/cpu@0 missing clock-frequency property
[    0.006479] /cpus/cpu@1 missing clock-frequency property
[    0.006522] /cpus/cpu@2 missing clock-frequency property
[    0.006567] /cpus/cpu@3 missing clock-frequency property
[    0.006580] CPU0: thread -1, cpu 0, socket 0, mpidr 80000000
[    0.006868] Setting up static identity map for 0x80300000 - 0x80300098
[    0.010529] Tegra Revision: A01 SKU: 129 CPU Process: 1 SoC Process: 1
[    0.011249] EFI services will not be available.
[    0.011477] smp: Bringing up secondary CPUs ...
[    0.012071] CPU1: thread -1, cpu 1, socket 0, mpidr 80000001
[    0.015268] CPU2: thread -1, cpu 2, socket 0, mpidr 80000002
[    0.025273] CPU3: thread -1, cpu 3, socket 0, mpidr 80000003
[    0.034714] smp: Brought up 1 node, 4 CPUs
[    0.034736] SMP: Total of 4 processors activated (96.00 BogoMIPS).
[    0.034744] CPU: All CPU(s) started in SVC mode.
[    0.036233] devtmpfs: initialized
[    0.052307] VFP support v0.3: implementor 41 architecture 4 part 30 variant f rev 0
[    0.052709] clocksource: jiffies: mask: 0xffffffff max_cycles: 0xffffffff, max_idle_ns: 19112604462750000 ns
[    0.052728] futex hash table entries: 1024 (order: 4, 65536 bytes)
[    0.054142] pinctrl core: initialized pinctrl subsystem
[    0.056045] NET: Registered protocol family 16
[    0.058097] DMA: preallocated 256 KiB pool for atomic coherent allocations
[    0.060561] cpuidle: using governor menu
[    0.087148] No ATAGs?
[    0.087273] hw-breakpoint: found 5 (+1 reserved) breakpoint and 4 watchpoint registers.
[    0.087290] hw-breakpoint: maximum watchpoint size is 8 bytes.
[    0.093823] Serial: AMBA PL011 UART driver
[    0.109835] AT91: Could not find identification node
[    0.110376] +5V_SYS: supplied by +VDD_MUX
[    0.110649] +3.3V_SYS: supplied by +VDD_MUX
[    0.111232] +USB0_VBUS_SW: Failed to request enable GPIO108: -517
[    0.111248] reg-fixed-voltage regulators:regulator@7: Failed to register regulator: -517
[    0.111339] +5V_USB_HS: Failed to request enable GPIO109: -517
[    0.111354] reg-fixed-voltage regulators:regulator@8: Failed to register regulator: -517
[    0.111523] +1.05V_RUN_AVDD_HDMI_PLL: Failed to request enable GPIO63: -517
[    0.111537] reg-fixed-voltage regulators:regulator@11: Failed to register regulator: -517
[    0.111627] +5V_HDMI_CON: Failed to request enable GPIO86: -517
[    0.111640] reg-fixed-voltage regulators:regulator@12: Failed to register regulator: -517
[    0.111729] +5V_SATA: Failed to request enable GPIO242: -517
[    0.111742] reg-fixed-voltage regulators:regulator@13: Failed to register regulator: -517
[    0.111831] +12V_SATA: Failed to request enable GPIO242: -517
[    0.111843] reg-fixed-voltage regulators:regulator@14: Failed to register regulator: -517
[    0.114960] vgaarb: loaded
[    0.115744] SCSI subsystem initialized
[    0.115909] libata version 3.00 loaded.
[    0.116153] usbcore: registered new interface driver usbfs
[    0.116211] usbcore: registered new interface driver hub
[    0.116271] usbcore: registered new device driver usb
[    0.119679] pps_core: LinuxPPS API ver. 1 registered
[    0.119690] pps_core: Software ver. 5.3.6 - Copyright 2005-2007 Rodolfo Giometti <giometti@linux.it>
[    0.119714] PTP clock support registered
[    0.119903] EDAC MC: Ver: 3.0.0
[    0.122736] clocksource: Switched to clocksource arch_sys_counter
[    0.176282] NET: Registered protocol family 2
[    0.176796] TCP established hash table entries: 8192 (order: 3, 32768 bytes)
[    0.176897] TCP bind hash table entries: 8192 (order: 4, 65536 bytes)
[    0.177085] TCP: Hash tables configured (established 8192 bind 8192)
[    0.177168] UDP hash table entries: 512 (order: 2, 16384 bytes)
[    0.177212] UDP-Lite hash table entries: 512 (order: 2, 16384 bytes)
[    0.177364] NET: Registered protocol family 1
[    0.177673] RPC: Registered named UNIX socket transport module.
[    0.177683] RPC: Registered udp transport module.
[    0.177692] RPC: Registered tcp transport module.
[    0.177701] RPC: Registered tcp NFSv4.1 backchannel transport module.
[    0.177713] PCI: CLS 0 bytes, default 64
[    0.178939] hw perfevents: enabled with armv7_cortex_a15 PMU driver, 7 counters available
[    0.180761] workingset: timestamp_bits=30 max_order=19 bucket_order=0
[    0.188948] squashfs: version 4.0 (2009/01/31) Phillip Lougher
[    0.189633] NFS: Registering the id_resolver key type
[    0.189662] Key type id_resolver registered
[    0.189672] Key type id_legacy registered
[    0.189713] ntfs: driver 2.1.32 [Flags: R/O].
[    0.191257] bounce: pool size: 64 pages
[    0.191298] Block layer SCSI generic (bsg) driver version 0.4 loaded (major 248)
[    0.191309] io scheduler noop registered
[    0.191318] io scheduler deadline registered
[    0.191481] io scheduler cfq registered (default)
[    0.191492] io scheduler mq-deadline registered
[    0.196780]  usb2-0: usb2-0 supply vbus not found, using dummy regulator
[    0.196910]  usb2-1: usb2-1 supply vbus not found, using dummy regulator
[    0.197347] tegra-xusb-padctl 7009f000.padctl: failed to setup XUSB ports: -517
[    0.213420] tegra-pcie 1003000.pcie-controller: 2x1, 1x1 configuration
[    0.213474] tegra-pcie 1003000.pcie-controller: Failed to get supply 'avddio-pex': -517
[    0.219678] tegra124-dfll 70110000.clock: couldn't get vdd_cpu regulator
[    0.227268] tegra-apbdma 60020000.dma: Tegra20 APB DMA driver register 32 channels
[    0.229785] tegra-pmc 7000e400.pmc: emergency thermal reset enabled
[    0.284373] Serial: 8250/16550 driver, 4 ports, IRQ sharing disabled
[    0.286917] console [ttyS0] disabled
[    0.286955] 70006300.serial: ttyS0 at MMIO 0x70006300 (irq = 335, base_baud = 25500000) is a Tegra
[    1.176711] console [ttyS0] enabled
[    1.181022] SuperH (H)SCI(F) driver initialized
[    1.186561] msm_serial: driver initialized
[    1.190834] STMicroelectronics ASC driver initialized
[    1.196741] 70006000.serial: ttyTHS1 at MMIO 0x70006000 (irq = 333, base_baud = 0) is a TEGRA_UART
[    1.206006] 70006040.serial: ttyTHS2 at MMIO 0x70006040 (irq = 334, base_baud = 0) is a TEGRA_UART
[    1.220367] tegra-hdmi 54280000.hdmi: failed to get HDMI regulator
[    1.239112] brd: module loaded
[    1.249094] loop: module loaded
[    1.253405] at24 0-0056: 256 byte 24c02 EEPROM, writable, 8 bytes/write
[    1.261725] as3722 4-0040: AS3722 with revision 0x1 found
[    1.273459] as3722-sd2: supplied by +5V_SYS
[    1.278071] as3722-sd3: supplied by +5V_SYS
[    1.282455] +1.35V_LP0(sd3): Bringing 0uV into 1350000-1350000uV
[    1.288904] as3722-sd4: supplied by +5V_SYS
[    1.293527] as3722-sd5: supplied by +5V_SYS
[    1.299548] as3722-ldo0: supplied by +1.35V_LP0(sd2)
[    1.305613] +1.8V_RUN_CAM: Bringing 0uV into 1800000-1800000uV
[    1.311800] as3722-ldo2: supplied by +1.8V_VDDIO
[    1.317687] as3722-ldo3: supplied by +3.3V_SYS
[    1.322168] +1.05V_LP0_VDD_RTC: Bringing 1100000uV into 1000000-1000000uV
[    1.329936] as3722-ldo4: supplied by +3.3V_SYS
[    1.334614] +2.8V_RUN_CAM: Bringing 0uV into 2800000-2800000uV
[    1.340794] as3722-ldo5: supplied by +1.8V_VDDIO
[    1.345642] +1.2V_RUN_CAM_FRONT: Bringing 0uV into 1200000-1200000uV
[    1.352536] +VDDIO_SDMMC3: bypassed regulator has no supply!
[    1.358209] +VDDIO_SDMMC3: failed to get the current voltage(-517)
[    1.364401] as3722-regulator as3722-regulator: regulator 13 register failed -517
[    1.377271] tegra-ahci 70027000.sata: couldn't get PHY in node sata: -517
[    1.396707] random: fast init done
[    1.400278] m25p80 spi32765.0: w25q32dw (4096 Kbytes)
[    1.408120] libphy: Fixed MDIO Bus: probed
[    1.413328] CAN device driver interface
[    1.418073] bgmac_bcma: Broadcom 47xx GBit MAC driver loaded
[    1.425197] e1000e: Intel(R) PRO/1000 Network Driver - 3.2.6-k
[    1.431020] e1000e: Copyright(c) 1999 - 2015 Intel Corporation.
[    1.436999] igb: Intel(R) Gigabit Ethernet Network Driver - version 5.4.0-k
[    1.443966] igb: Copyright (c) 2007-2014 Intel Corporation.
[    1.453169] pegasus: v0.9.3 (2013/04/25), Pegasus/Pegasus II USB Ethernet driver
[    1.460600] usbcore: registered new interface driver pegasus
[    1.466322] usbcore: registered new interface driver asix
[    1.471749] usbcore: registered new interface driver ax88179_178a
[    1.477882] usbcore: registered new interface driver cdc_ether
[    1.483773] usbcore: registered new interface driver smsc75xx
[    1.489565] usbcore: registered new interface driver smsc95xx
[    1.495352] usbcore: registered new interface driver net1080
[    1.501037] usbcore: registered new interface driver cdc_subset
[    1.506999] usbcore: registered new interface driver zaurus
[    1.512617] usbcore: registered new interface driver cdc_ncm
[    1.518504] tegra-phy 7d004000.usb-phy: no vbus regulator
[    1.525880] ehci_hcd: USB 2.0 'Enhanced' Host Controller (EHCI) Driver
[    1.532398] ehci-pci: EHCI PCI platform driver
[    1.536892] ehci-platform: EHCI generic platform driver
[    1.542320] ehci-orion: EHCI orion driver
[    1.546503] SPEAr-ehci: EHCI SPEAr driver
[    1.550650] ehci-st: EHCI STMicroelectronics driver
[    1.555678] ehci-exynos: EHCI EXYNOS driver
[    1.560015] ehci-atmel: EHCI Atmel driver
[    1.564174] tegra-ehci: Tegra EHCI driver
[    1.571006] tegra-ehci 7d004000.usb: EHCI Host Controller
[    1.576435] tegra-ehci 7d004000.usb: new USB bus registered, assigned bus number 1
[    1.584216] tegra-ehci 7d004000.usb: irq 354, io mem 0x7d004000
[    1.612765] tegra-ehci 7d004000.usb: USB 2.0 started, EHCI 1.10
[    1.619459] hub 1-0:1.0: USB hub found
[    1.623264] hub 1-0:1.0: 1 port detected
[    1.627704] ohci_hcd: USB 1.1 'Open' Host Controller (OHCI) Driver
[    1.633922] ohci-pci: OHCI PCI platform driver
[    1.638400] ohci-platform: OHCI generic platform driver
[    1.643807] ohci-omap3: OHCI OMAP3 driver
[    1.647945] SPEAr-ohci: OHCI SPEAr driver
[    1.652088] ohci-st: OHCI STMicroelectronics driver
[    1.657112] ohci-atmel: OHCI Atmel driver
[    1.661880] usbcore: registered new interface driver usb-storage
[    1.672210] as3722-rtc as3722-rtc: rtc core: registered as3722-rtc as rtc0
[    1.679109] as3722-rtc as3722-rtc: RTC interrupt 377
[    1.687318] tegra_rtc 7000e000.rtc: rtc core: registered 7000e000.rtc as rtc1
[    1.694499] tegra_rtc 7000e000.rtc: Tegra internal Real Time Clock
[    1.701188] i2c /dev entries driver
[    1.711379] lm90 0-004c: 0-004c supply vcc not found, using dummy regulator
[    1.728552] sdhci: Secure Digital Host Controller Interface driver
[    1.734750] sdhci: Copyright(c) Pierre Ossman
[    1.740698] Synopsys Designware Multimedia Card Interface Driver
[    1.748026] sdhci-pltfm: SDHCI platform and OF driver helper
[    1.754460] sdhci-tegra 700b0400.sdhci: Got CD GPIO
[    1.759348] sdhci-tegra 700b0400.sdhci: Got WP GPIO
[    1.780587] mmc0: Unknown controller version (3). You may experience problems.
[    1.787863] mmc0: Invalid maximum block size, assuming 512 bytes
[    1.852759] mmc0: SDHCI controller on 700b0600.sdhci [700b0600.sdhci] using ADMA
[    1.862071] ledtrig-cpu: registered to indicate activity on CPUs
[    1.868404] usbcore: registered new interface driver usbhid
[    1.873987] usbhid: USB HID core driver
[    1.881692] NET: Registered protocol family 10
[    1.887001] Segment Routing with IPv6
[    1.890712] sit: IPv6, IPv4 and MPLS over IPv4 tunneling driver
[    1.897200] NET: Registered protocol family 17
[    1.901645] can: controller area network core (rev 20120528 abi 9)
[    1.907883] NET: Registered protocol family 29
[    1.912323] can: raw protocol (rev 20120528)
[    1.916604] can: broadcast manager protocol (rev 20161123 t)
[    1.922260] can: netlink gateway (rev 20130117) max_hops=1
[    1.928050] Key type dns_resolver registered
[    1.932861] ThumbEE CPU extension supported.
[    1.937131] Registering SWP/SWPB emulation handler
[    1.956879] +3.3V_RUN: supplied by +3.3V_SYS
[    1.962350] +USB0_VBUS_SW: supplied by +5V_SYS
[    1.967075] +3.3V_AVDD_HDMI_AP_GATED: supplied by +3.3V_RUN
[    1.973047] +5V_USB_HS: supplied by +5V_SYS
[    1.978989] +3.3V_LP0: supplied by +3.3V_SYS
[    1.985537] +5V_HDMI_CON: supplied by +5V_SYS
[    1.990566] +5V_SATA: supplied by +5V_SYS
[    1.995253] +12V_SATA: supplied by +VDD_MUX
[    2.001285]  usb2-0: usb2-0 supply vbus not found, using dummy regulator
[    2.004245] mmc0: new high speed MMC card at address 0001
[    2.009189] mmcblk0: mmc0:0001 SEM16G 14.7 GiB 
[    2.009921] mmcblk0boot0: mmc0:0001 SEM16G partition 1 4.00 MiB
[    2.010741] mmcblk0boot1: mmc0:0001 SEM16G partition 2 4.00 MiB
[    2.011623] mmcblk0rpmb: mmc0:0001 SEM16G partition 3 4.00 MiB
[    2.015637]  mmcblk0: p1
[    2.038401]  usb2-1: usb2-1 supply vbus not found, using dummy regulator
[    2.045451]  usb3-0: usb3-0 supply vbus not found, using dummy regulator
[    2.053441] tegra-pcie 1003000.pcie-controller: 2x1, 1x1 configuration
[    2.060029] tegra-pcie 1003000.pcie-controller: Failed to get supply 'avddio-pex': -517
[    2.071125] tegra124-dfll 70110000.clock: couldn't get vdd_cpu regulator
[    2.082214] tegra-hdmi 54280000.hdmi: failed to get PLL regulator
[    2.093609] as3722-sd2: supplied by +5V_SYS
[    2.098089] as3722-sd3: supplied by +5V_SYS
[    2.102491] as3722-sd4: supplied by +5V_SYS
[    2.107077] as3722-sd5: supplied by +5V_SYS
[    2.113542] as3722-ldo0: supplied by +1.35V_LP0(sd2)
[    2.119265] as3722-ldo1: supplied by +3.3V_RUN
[    2.124085] as3722-ldo2: supplied by +1.8V_VDDIO
[    2.129590] as3722-ldo3: supplied by +3.3V_SYS
[    2.134919] as3722-ldo4: supplied by +3.3V_SYS
[    2.139607] as3722-ldo5: supplied by +1.8V_VDDIO
[    2.144605] as3722-ldo6: supplied by +3.3V_RUN
[    2.149297] as3722-ldo7: supplied by +1.8V_VDDIO
[    2.154701] +1.05V_RUN_CAM_REAR: Bringing 0uV into 1050000-1050000uV
[    2.161765] as3722-ldo9: supplied by +5V_SYS
[    2.167368] +3.3V_RUN_TOUCH: Bringing 0uV into 2800000-2800000uV
[    2.173952] as3722-ldo10: supplied by +5V_SYS
[    2.178867] +2.8V_RUN_CAM_AF: Bringing 0uV into 2800000-2800000uV
[    2.185728] as3722-ldo11: supplied by +3.3V_RUN
[    2.191027] +1.8V_RUN_VPP_FUSE: Bringing 0uV into 1800000-1800000uV
[    2.200610] tegra-ahci 70027000.sata: AHCI 0001.0301 32 slots 2 ports 3 Gbps 0x1 impl platform mode
[    2.209686] tegra-ahci 70027000.sata: flags: 64bit ncq sntf pm led pio slum part sadm sds apst 
[    2.220207] scsi host0: tegra-ahci
[    2.224792] scsi host1: tegra-ahci
[    2.228485] ata1: SATA max UDMA/133 mmio [mem 0x70027000-0x70028fff] port 0x100 irq 345
[    2.236523] ata2: DUMMY
[    2.241810] tegra-ehci 7d008000.usb: EHCI Host Controller
[    2.247253] tegra-ehci 7d008000.usb: new USB bus registered, assigned bus number 2
[    2.255104] tegra-ehci 7d008000.usb: irq 355, io mem 0x7d008000
[    2.282857] tegra-ehci 7d008000.usb: USB 2.0 started, EHCI 1.10
[    2.289682] hub 2-0:1.0: USB hub found
[    2.293534] hub 2-0:1.0: 1 port detected
[    2.299837] sdhci-tegra 700b0400.sdhci: Got CD GPIO
[    2.304789] sdhci-tegra 700b0400.sdhci: Got WP GPIO
[    2.316960] mmc1: Unknown controller version (3). You may experience problems.
[    2.324297] mmc1: Invalid maximum block size, assuming 512 bytes
[    2.393284] mmc1: SDHCI controller on 700b0400.sdhci [700b0400.sdhci] using ADMA
[    2.401378] tegra-pcie 1003000.pcie-controller: 2x1, 1x1 configuration
[    2.410015] tegra-pcie 1003000.pcie-controller: probing port 0, using 2 lanes
[    2.419371] tegra-pcie 1003000.pcie-controller: Slot present pin change, signature: 00000008
[    2.443801] tegra-pcie 1003000.pcie-controller: probing port 1, using 1 lanes
[    2.453016] tegra-pcie 1003000.pcie-controller: Slot present pin change, signature: 00000000
[    2.467172] tegra-pcie 1003000.pcie-controller: PCI host bridge to bus 0000:00
[    2.474443] pci_bus 0000:00: root bus resource [io  0x0000-0xffff]
[    2.480629] pci_bus 0000:00: root bus resource [mem 0x13000000-0x1fffffff]
[    2.487537] pci_bus 0000:00: root bus resource [mem 0x20000000-0x3fffffff pref]
[    2.494887] pci_bus 0000:00: root bus resource [bus 00-ff]
[    2.500415] pci 0000:00:01.0: [10de:0e12] type 01 class 0x060400
[    2.506511] pci_bus 0000:00: 2-byte config write to 0000:00:01.0 offset 0x88 may corrupt adjacent RW1C bits
[    2.516332] pci_bus 0000:00: 2-byte config write to 0000:00:01.0 offset 0x52 may corrupt adjacent RW1C bits
[    2.526139] pci 0000:00:01.0: PME# supported from D0 D1 D2 D3hot D3cold
[    2.532804] pci_bus 0000:00: 2-byte config write to 0000:00:01.0 offset 0x4c may corrupt adjacent RW1C bits
[    2.542845] pci 0000:00:02.0: [10de:0e13] type 01 class 0x060400
[    2.548899] pci_bus 0000:00: 2-byte config write to 0000:00:02.0 offset 0x88 may corrupt adjacent RW1C bits
[    2.558710] pci_bus 0000:00: 2-byte config write to 0000:00:02.0 offset 0x52 may corrupt adjacent RW1C bits
[    2.568519] pci 0000:00:02.0: PME# supported from D0 D1 D2 D3hot D3cold
[    2.575184] pci_bus 0000:00: 2-byte config write to 0000:00:02.0 offset 0x4c may corrupt adjacent RW1C bits
[    2.576531] ata1: SATA link down (SStatus 0 SControl 300)
[    2.590594] pci_bus 0000:00: 2-byte config write to 0000:00:01.0 offset 0x3e may corrupt adjacent RW1C bits
[    2.600359] pci_bus 0000:00: 2-byte config write to 0000:00:02.0 offset 0x3e may corrupt adjacent RW1C bits
[    2.610106] pci_bus 0000:00: 2-byte config write to 0000:00:01.0 offset 0x4 may corrupt adjacent RW1C bits
[    2.619764] pci_bus 0000:00: 1-byte config write to 0000:00:01.0 offset 0xc may corrupt adjacent RW1C bits
[    2.629422] PCI: bus0: Fast back to back transfers disabled
[    2.635007] pci 0000:00:01.0: bridge configuration invalid ([bus 00-00]), reconfiguring
[    2.643033] pci 0000:00:02.0: bridge configuration invalid ([bus 00-00]), reconfiguring
[    2.651265] pci 0000:01:00.0: [8086:4232] type 00 class 0x028000
[    2.657350] pci 0000:01:00.0: reg 0x10: [mem 0x00000000-0x00001fff 64bit]
[    2.664350] pci 0000:01:00.0: PME# supported from D0 D3hot D3cold
[    2.686447] mmc1: new high speed SDHC card at address aaaa
[    2.692710] mmcblk1: mmc1:aaaa SD04G 3.69 GiB 
[    2.697524] PCI: bus1: Fast back to back transfers disabled
[    2.703163] pci_bus 0000:01: busn_res: [bus 01-ff] end is updated to 01
[    2.709996] pci 0000:02:00.0: [10ec:8168] type 00 class 0x020000
[    2.716070] pci 0000:02:00.0: reg 0x10: [io  0x0000-0x00ff]
[    2.721682] pci 0000:02:00.0: reg 0x18: [mem 0x00000000-0x00000fff 64bit]
[    2.728521] pci 0000:02:00.0: reg 0x20: [mem 0x00000000-0x00003fff 64bit pref]
[    2.735931] pci 0000:02:00.0: supports D1 D2
[    2.740204] pci 0000:02:00.0: PME# supported from D0 D1 D2 D3hot D3cold
[    2.760473]  mmcblk1: p1 p2 p3
[    2.772907] PCI: bus2: Fast back to back transfers disabled
[    2.778496] pci_bus 0000:02: busn_res: [bus 02-ff] end is updated to 02
[    2.785310] pci 0000:00:01.0: BAR 8: assigned [mem 0x13000000-0x130fffff]
[    2.792094] pci 0000:00:02.0: BAR 8: assigned [mem 0x13100000-0x131fffff]
[    2.798918] pci 0000:00:02.0: BAR 9: assigned [mem 0x20000000-0x200fffff 64bit pref]
[    2.806674] pci 0000:00:02.0: BAR 7: assigned [io  0x1000-0x1fff]
[    2.812789] pci 0000:01:00.0: BAR 0: assigned [mem 0x13000000-0x13001fff 64bit]
[    2.820129] pci 0000:00:01.0: PCI bridge to [bus 01]
[    2.825133] pci 0000:00:01.0:   bridge window [mem 0x13000000-0x130fffff]
[    2.831928] pci 0000:02:00.0: BAR 4: assigned [mem 0x20000000-0x20003fff 64bit pref]
[    2.839724] pci 0000:02:00.0: BAR 2: assigned [mem 0x13100000-0x13100fff 64bit]
[    2.847064] pci 0000:02:00.0: BAR 0: assigned [io  0x1000-0x10ff]
[    2.853198] pci 0000:00:02.0: PCI bridge to [bus 02]
[    2.858163] pci 0000:00:02.0:   bridge window [io  0x1000-0x1fff]
[    2.864271] pci 0000:00:02.0:   bridge window [mem 0x13100000-0x131fffff]
[    2.871053] pci 0000:00:02.0:   bridge window [mem 0x20000000-0x200fffff 64bit pref]
[    2.878858] pci 0000:00:01.0: nv_msi_ht_cap_quirk didn't locate host bridge
[    2.885927] pcieport 0000:00:01.0: enabling device (0140 -> 0142)
[    2.892261] pcieport 0000:00:01.0: Signaling PME with IRQ 393
[    2.898156] pci 0000:00:02.0: nv_msi_ht_cap_quirk didn't locate host bridge
[    2.905216] pcieport 0000:00:02.0: enabling device (0140 -> 0143)
[    2.911539] pcieport 0000:00:02.0: Signaling PME with IRQ 394
[    2.917634] r8169 Gigabit Ethernet driver 2.3LK-NAPI loaded
[    2.923247] r8169 0000:02:00.0: enabling device (0140 -> 0143)
[    2.954453] r8169 0000:02:00.0 eth0: RTL8168g/8111g at 0xf0b56000, 00:04:4b:3a:d9:81, XID 0c000800 IRQ 395
[    2.964154] r8169 0000:02:00.0 eth0: jumbo features [frames: 9200 bytes, tx checksumming: ko]
[    2.977107] +1.05V_RUN_AVDD_HDMI_PLL: supplied by +1.05V_RUN
[    2.984881] [drm] Supports vblank timestamp caching Rev 2 (21.10.2013).
[    2.991496] [drm] No driver support for vblank timestamp query.
[    3.118934] tegra-hdmi 54280000.hdmi: cannot set audio to 48000 Hz at 297000000 Hz pixel clock
[    3.366121] Console: switching to colour frame buffer device 512x135
[    3.464710] drm drm: fb0:  frame buffer device
[    3.469237] [drm] Initialized tegra 0.0.0 20120330 for drm on minor 0
[    3.477143] of: dev_pm_opp_of_cpumask_add_table: couldn't find opp table for cpu:0, -19
[    3.485213] cpufreq: cpufreq_online: CPU0: Running at unlisted freq: 696000 KHz
[    3.492526] cpufreq: cpufreq_online: CPU0: Unlisted initial frequency changed to: 714000 KHz
[    3.501772] input: gpio-keys as /devices/soc0/gpio-keys/input/input0
[    3.509062] as3722-rtc as3722-rtc: setting system clock to 2000-01-01 00:02:10 UTC (946684930)
[    3.518176] +USB0_VBUS_SW: disabling
[    3.521752] +1.8V_RUN_CAM: disabling
[    3.525587] +2.8V_RUN_CAM: disabling
[    3.529365] +1.2V_RUN_CAM_FRONT: disabling
[    3.533722] +1.05V_RUN_CAM_REAR: disabling
[    3.537976] +3.3V_RUN_TOUCH: disabling
[    3.541880] +2.8V_RUN_CAM_AF: disabling
[    3.545950] +1.8V_RUN_VPP_FUSE: disabling
[    3.551084] EXT4-fs (mmcblk0p1): mounting ext3 file system using the ext4 subsystem
[    3.592948] EXT4-fs (mmcblk0p1): recovery complete
[    3.598612] EXT4-fs (mmcblk0p1): mounted filesystem with ordered data mode. Opts: (null)
[    3.606729] VFS: Mounted root (ext3 filesystem) on device 179:1.
[    3.616819] devtmpfs: mounted
[    3.620493] Freeing unused kernel memory: 2048K
bash: cannot set terminal process group (-1): Inappropriate ioctl for device
bash: no job control in this shell
root@(none):/# 