
U-Boot SPL 2016.05-rc2 (Apr 21 2016 - 16:23:00)
Trying to boot from RAM


U-Boot 2016.05-rc2 (Apr 21 2016 - 16:23:00 -0700)

TEGRA124
Model: NVIDIA Jetson TK1
Board: NVIDIA Jetson TK1
DRAM:  2 GiB
MC:   Tegra SD/MMC: 0, Tegra SD/MMC: 1
In:    serial
Out:   serial
Err:   serial
Net:   No ethernet found.
Hit any key to stop autoboot:  2  0 
Tegra124 (Jetson TK1) # 
Tegra124 (Jetson TK1) # pci enum
Tegra124 (Jetson TK1) # setenv bootargs 'ignore_loglevel console=ttyS0,115200n8 rw root=PARTUUID=b1791faa-84e8-4e27-83a1-9fb0a77e8803 rootwait gpt debug noinitrd earlyprintk init=/bin/bash'
Tegra124 (Jetson TK1) # setenv ipaddr 192.168.100.102; setenv serverip 192.168.100.1; setenv tftpserverip 192.168.100.1
Tegra124 (Jetson TK1) # tftpboot 0x82000000 zImage.multi_v7_defconfig

Warning: eth_rtl8169 using MAC address from ROM
Using eth_rtl8169 device
TFTP from server 192.168.100.1; our IP address is 192.168.100.102
Filename 'zImage.multi_v7_defconfig'.
Load address: 0x82000000
Loading: *#################################################################
	 #################################################################
	 #################################################################
	 #################################################################
	 #################################################################
	 #################################################################
	 #################################################################
	 #################################################################
	 ####################################
	 3.9 MiB/s
done
Bytes transferred = 8159744 (7c8200 hex)
Tegra124 (Jetson TK1) # tftpboot 0x83000000 tegra124-jetson-tk1.dtb
Using eth_rtl8169 device
TFTP from server 192.168.100.1; our IP address is 192.168.100.102
Filename 'tegra124-jetson-tk1.dtb'.
Load address: 0x83000000
Loading: *#####
	 3.7 MiB/s
done
Bytes transferred = 66544 (103f0 hex)
Tegra124 (Jetson TK1) # bootz 0x82000000 - 0x83000000
Kernel image @ 0x82000000 [ 0x000000 - 0x7c8200 ]
## Flattened Device Tree blob at 83000000
   Booting using the fdt blob at 0x83000000
   Using Device Tree in place at 83000000, end 830133ef

Starting kernel ...

[    0.000000] Booting Linux on physical CPU 0x0
[    0.000000] Linux version 4.15.0-next-20180131-348625-gd957d62c868c (jonathanh@tamien) (gcc version 4.7.3 20130328 (prerelease) (crosstool-NG linaro-1.13.1-4.7-2013.04-20130415 - Linaro GCC 2013.04)) #1 SMP Wed Jan 31 02:17:20 PST 2018
[    0.000000] CPU: ARMv7 Processor [413fc0f3] revision 3 (ARMv7), cr=10c5387d
[    0.000000] CPU: div instructions available: patching division code
[    0.000000] CPU: PIPT / VIPT nonaliasing data cache, PIPT instruction cache
[    0.000000] OF: fdt: Machine model: NVIDIA Tegra124 Jetson TK1
[    0.000000] debug: ignoring loglevel setting.
[    0.000000] Memory policy: Data cache writealloc
[    0.000000] efi: Getting EFI parameters from FDT:
[    0.000000] efi: UEFI not found.
[    0.000000] cma: Reserved 64 MiB at 0xfb800000
[    0.000000] On node 0 totalpages: 524032
[    0.000000]   DMA zone: 1536 pages used for memmap
[    0.000000]   DMA zone: 0 pages reserved
[    0.000000]   DMA zone: 196608 pages, LIFO batch:31
[    0.000000]   HighMem zone: 327424 pages, LIFO batch:31
[    0.000000] random: fast init done
[    0.000000] percpu: Embedded 17 pages/cpu @(ptrval) s39232 r8192 d22208 u69632
[    0.000000] pcpu-alloc: s39232 r8192 d22208 u69632 alloc=17*4096
[    0.000000] pcpu-alloc: [0] 0 [0] 1 [0] 2 [0] 3 
[    0.000000] Built 1 zonelists, mobility grouping on.  Total pages: 522496
[    0.000000] Kernel command line: ignore_loglevel console=ttyS0,115200n8 rw root=PARTUUID=b1791faa-84e8-4e27-83a1-9fb0a77e8803 rootwait gpt debug noinitrd earlyprintk init=/bin/bash
[    0.000000] Dentry cache hash table entries: 131072 (order: 7, 524288 bytes)
[    0.000000] Inode-cache hash table entries: 65536 (order: 6, 262144 bytes)
[    0.000000] Memory: 1992456K/2096128K available (11264K kernel code, 1584K rwdata, 4348K rodata, 2048K init, 405K bss, 38136K reserved, 65536K cma-reserved, 1244160K highmem)
[    0.000000] Virtual kernel memory layout:
[    0.000000]     vector  : 0xffff0000 - 0xffff1000   (   4 kB)
[    0.000000]     fixmap  : 0xffc00000 - 0xfff00000   (3072 kB)
[    0.000000]     vmalloc : 0xf0800000 - 0xff800000   ( 240 MB)
[    0.000000]     lowmem  : 0xc0000000 - 0xf0000000   ( 768 MB)
[    0.000000]     pkmap   : 0xbfe00000 - 0xc0000000   (   2 MB)
[    0.000000]     modules : 0xbf000000 - 0xbfe00000   (  14 MB)
[    0.000000]       .text : 0x(ptrval) - 0x(ptrval)   (12256 kB)
[    0.000000]       .init : 0x(ptrval) - 0x(ptrval)   (2048 kB)
[    0.000000]       .data : 0x(ptrval) - 0x(ptrval)   (1585 kB)
[    0.000000]        .bss : 0x(ptrval) - 0x(ptrval)   ( 406 kB)
[    0.000000] SLUB: HWalign=64, Order=0-3, MinObjects=0, CPUs=4, Nodes=1
[    0.000000] Hierarchical RCU implementation.
[    0.000000] 	RCU event tracing is enabled.
[    0.000000] 	RCU restricting CPUs from NR_CPUS=16 to nr_cpu_ids=4.
[    0.000000] RCU: Adjusting geometry for rcu_fanout_leaf=16, nr_cpu_ids=4
[    0.000000] NR_IRQS: 16, nr_irqs: 16, preallocated irqs: 16
[    0.000000] /interrupt-controller@60004000: 160 interrupts forwarded to /interrupt-controller@50041000
[    0.000000] Tegra clk 127: register failed with -17
[    0.000008] sched_clock: 32 bits at 1000kHz, resolution 1000ns, wraps every 2147483647500ns
[    0.000028] clocksource: timer_us: mask: 0xffffffff max_cycles: 0xffffffff, max_idle_ns: 1911260446275 ns
[    0.000043] Switching to timer-based delay loop, resolution 1000ns
[    0.005610] arch_timer: cp15 timer(s) running at 12.00MHz (virt).
[    0.005629] clocksource: arch_sys_counter: mask: 0xffffffffffffff max_cycles: 0x2c47f4ee7, max_idle_ns: 440795202497 ns
[    0.005648] sched_clock: 56 bits at 12MHz, resolution 83ns, wraps every 4398046511096ns
[    0.005662] Switching to timer-based delay loop, resolution 83ns
[    0.006151] Console: colour dummy device 80x30
[    0.006187] Calibrating delay loop (skipped), value calculated using timer frequency.. 24.00 BogoMIPS (lpj=120000)
[    0.006206] pid_max: default: 32768 minimum: 301
[    0.006327] Mount-cache hash table entries: 2048 (order: 1, 8192 bytes)
[    0.006342] Mountpoint-cache hash table entries: 2048 (order: 1, 8192 bytes)
[    0.006842] CPU: Testing write buffer coherency: ok
[    0.007110] /cpus/cpu@0 missing clock-frequency property
[    0.007155] /cpus/cpu@1 missing clock-frequency property
[    0.007199] /cpus/cpu@2 missing clock-frequency property
[    0.007245] /cpus/cpu@3 missing clock-frequency property
[    0.007259] CPU0: thread -1, cpu 0, socket 0, mpidr 80000000
[    0.007561] Setting up static identity map for 0x80300000 - 0x803000a0
[    0.009574] Hierarchical SRCU implementation.
[    0.012679] Tegra Revision: A01 SKU: 129 CPU Process: 1 SoC Process: 1
[    0.013551] EFI services will not be available.
[    0.013716] smp: Bringing up secondary CPUs ...
[    0.014209] CPU1: thread -1, cpu 1, socket 0, mpidr 80000001
[    0.016049] CPU2: thread -1, cpu 2, socket 0, mpidr 80000002
[    0.026073] CPU3: thread -1, cpu 3, socket 0, mpidr 80000003
[    0.035608] smp: Brought up 1 node, 4 CPUs
[    0.035631] SMP: Total of 4 processors activated (96.00 BogoMIPS).
[    0.035640] CPU: All CPU(s) started in SVC mode.
[    0.037176] devtmpfs: initialized
[    0.052544] Built 1 zonelists, mobility grouping on.  Total pages: 514498
[    0.052901] VFP support v0.3: implementor 41 architecture 4 part 30 variant f rev 0
[    0.053333] clocksource: jiffies: mask: 0xffffffff max_cycles: 0xffffffff, max_idle_ns: 19112604462750000 ns
[    0.053354] futex hash table entries: 1024 (order: 4, 65536 bytes)
[    0.053541] pinctrl core: initialized pinctrl subsystem
[    0.055045] DMI not present or invalid.
[    0.055295] NET: Registered protocol family 16
[    0.057323] DMA: preallocated 256 KiB pool for atomic coherent allocations
[    0.059831] cpuidle: using governor menu
[    0.085214] No ATAGs?
[    0.085341] hw-breakpoint: found 5 (+1 reserved) breakpoint and 4 watchpoint registers.
[    0.085358] hw-breakpoint: maximum watchpoint size is 8 bytes.
[    0.093070] Serial: AMBA PL011 UART driver
[    0.094521] iommu: Adding device 50000000.host1x to group 0
[    0.094602] iommu: Adding device 54200000.dc to group 1
[    0.094663] iommu: Adding device 54240000.dc to group 1
[    0.094735] iommu: Adding device 57000000.gpu to group 2
[    0.110150] AT91: Could not find identification node
[    0.110703] +5V_SYS: supplied by +VDD_MUX
[    0.110990] +3.3V_SYS: supplied by +VDD_MUX
[    0.111602] +USB0_VBUS_SW: Failed to request enable GPIO108: -517
[    0.111619] reg-fixed-voltage regulators:regulator@7: Failed to register regulator: -517
[    0.111716] +5V_USB_HS: Failed to request enable GPIO109: -517
[    0.111730] reg-fixed-voltage regulators:regulator@8: Failed to register regulator: -517
[    0.111910] +1.05V_RUN_AVDD_HDMI_PLL: Failed to request enable GPIO63: -517
[    0.111924] reg-fixed-voltage regulators:regulator@11: Failed to register regulator: -517
[    0.112019] +5V_HDMI_CON: Failed to request enable GPIO86: -517
[    0.112032] reg-fixed-voltage regulators:regulator@12: Failed to register regulator: -517
[    0.112127] +5V_SATA: Failed to request enable GPIO242: -517
[    0.112140] reg-fixed-voltage regulators:regulator@13: Failed to register regulator: -517
[    0.112234] +12V_SATA: Failed to request enable GPIO242: -517
[    0.112247] reg-fixed-voltage regulators:regulator@14: Failed to register regulator: -517
[    0.115272] vgaarb: loaded
[    0.116034] SCSI subsystem initialized
[    0.116213] libata version 3.00 loaded.
[    0.116407] usbcore: registered new interface driver usbfs
[    0.116463] usbcore: registered new interface driver hub
[    0.116526] usbcore: registered new device driver usb
[    0.119986] pps_core: LinuxPPS API ver. 1 registered
[    0.119998] pps_core: Software ver. 5.3.6 - Copyright 2005-2007 Rodolfo Giometti <giometti@linux.it>
[    0.120021] PTP clock support registered
[    0.120212] EDAC MC: Ver: 3.0.0
[    0.123222] clocksource: Switched to clocksource arch_sys_counter
[    0.174794] NET: Registered protocol family 2
[    0.175305] tcp_listen_portaddr_hash hash table entries: 512 (order: 0, 6144 bytes)
[    0.175338] TCP established hash table entries: 8192 (order: 3, 32768 bytes)
[    0.175437] TCP bind hash table entries: 8192 (order: 4, 65536 bytes)
[    0.175625] TCP: Hash tables configured (established 8192 bind 8192)
[    0.175707] UDP hash table entries: 512 (order: 2, 16384 bytes)
[    0.175759] UDP-Lite hash table entries: 512 (order: 2, 16384 bytes)
[    0.175909] NET: Registered protocol family 1
[    0.176229] RPC: Registered named UNIX socket transport module.
[    0.176240] RPC: Registered udp transport module.
[    0.176248] RPC: Registered tcp transport module.
[    0.176257] RPC: Registered tcp NFSv4.1 backchannel transport module.
[    0.176270] PCI: CLS 0 bytes, default 64
[    0.177758] hw perfevents: enabled with armv7_cortex_a15 PMU driver, 7 counters available
[    0.179274] Initialise system trusted keyrings
[    0.179407] workingset: timestamp_bits=30 max_order=19 bucket_order=0
[    0.186239] squashfs: version 4.0 (2009/01/31) Phillip Lougher
[    0.186825] NFS: Registering the id_resolver key type
[    0.186847] Key type id_resolver registered
[    0.186857] Key type id_legacy registered
[    0.186899] ntfs: driver 2.1.32 [Flags: R/O].
[    0.188444] Key type asymmetric registered
[    0.188455] Asymmetric key parser 'x509' registered
[    0.188508] bounce: pool size: 64 pages
[    0.188556] Block layer SCSI generic (bsg) driver version 0.4 loaded (major 246)
[    0.188567] io scheduler noop registered
[    0.188577] io scheduler deadline registered
[    0.188799] io scheduler cfq registered (default)
[    0.188811] io scheduler mq-deadline registered
[    0.188820] io scheduler kyber registered
[    0.192945]  usb2-0: usb2-0 supply vbus not found, using dummy regulator
[    0.193054]  usb2-1: usb2-1 supply vbus not found, using dummy regulator
[    0.193487] tegra-xusb-padctl 7009f000.padctl: failed to setup XUSB ports: -517
[    0.212731] tegra-pcie 1003000.pcie: 2x1, 1x1 configuration
[    0.212789] tegra-pcie 1003000.pcie: Failed to get supply 'avddio-pex': -517
[    0.218599] tegra124-dfll 70110000.clock: offset uv not found, default to table value
[    0.218614] tegra124-dfll 70110000.clock: step uv not found, default to table value
[    0.219718] tegra124-dfll 70110000.clock: couldn't get vdd_cpu regulator
[    0.226276] tegra-apbdma 60020000.dma: Tegra20 APB DMA driver register 32 channels
[    0.229705] tegra-pmc 7000e400.pmc: emergency thermal reset enabled
[    0.279061] Serial: 8250/16550 driver, 4 ports, IRQ sharing disabled
[    0.281661] console [ttyS0] disabled
[    0.281702] 70006300.serial: ttyS0 at MMIO 0x70006300 (irq = 335, base_baud = 25500000) is a Tegra
[    1.234429] console [ttyS0] enabled
[    1.238807] SuperH (H)SCI(F) driver initialized
[    1.244475] msm_serial: driver initialized
[    1.248758] STMicroelectronics ASC driver initialized
[    1.254516] 70006000.serial: ttyTHS1 at MMIO 0x70006000 (irq = 333, base_baud = 0) is a TEGRA_UART
[    1.263778] 70006040.serial: ttyTHS2 at MMIO 0x70006040 (irq = 334, base_baud = 0) is a TEGRA_UART
[    1.278459] Failed to attached device 54200000.dc to IOMMU_mapping
[    1.292877] Failed to attached device 54240000.dc to IOMMU_mapping
[    1.307786] tegra-hdmi 54280000.hdmi: failed to get HDMI regulator
[    1.325015] brd: module loaded
[    1.334407] loop: module loaded
[    1.338835] at24 0-0056: 256 byte 24c02 EEPROM, writable, 8 bytes/write
[    1.347177] as3722 4-0040: AS3722 with revision 0x1 found
[    1.358640] as3722-sd2: supplied by +5V_SYS
[    1.363340] as3722-sd3: supplied by +5V_SYS
[    1.367722] +1.35V_LP0(sd3): Bringing 0uV into 1350000-1350000uV
[    1.374065] as3722-sd4: supplied by +5V_SYS
[    1.378639] as3722-sd5: supplied by +5V_SYS
[    1.384552] as3722-ldo0: supplied by +1.35V_LP0(sd2)
[    1.390544] +1.8V_RUN_CAM: Bringing 0uV into 1800000-1800000uV
[    1.396754] as3722-ldo2: supplied by +1.8V_VDDIO
[    1.402597] as3722-ldo3: supplied by +3.3V_SYS
[    1.407098] +1.05V_LP0_VDD_RTC: Bringing 1100000uV into 1000000-1000000uV
[    1.414865] as3722-ldo4: supplied by +3.3V_SYS
[    1.419523] +2.8V_RUN_CAM: Bringing 0uV into 2800000-2800000uV
[    1.425725] as3722-ldo5: supplied by +1.8V_VDDIO
[    1.430547] +1.2V_RUN_CAM_FRONT: Bringing 0uV into 1200000-1200000uV
[    1.437447] +VDDIO_SDMMC3: bypassed regulator has no supply!
[    1.443100] +VDDIO_SDMMC3: failed to get the current voltage(-517)
[    1.449298] as3722-regulator as3722-regulator: regulator 13 register failed -517
[    1.461906] tegra-ahci 70027000.sata: couldn't get PHY in node sata: -517
[    1.484328] m25p80 spi1.0: w25q32dw (4096 Kbytes)
[    1.491657] libphy: Fixed MDIO Bus: probed
[    1.496787] CAN device driver interface
[    1.501577] bgmac_bcma: Broadcom 47xx GBit MAC driver loaded
[    1.508675] e1000e: Intel(R) PRO/1000 Network Driver - 3.2.6-k
[    1.514519] e1000e: Copyright(c) 1999 - 2015 Intel Corporation.
[    1.520476] igb: Intel(R) Gigabit Ethernet Network Driver - version 5.4.0-k
[    1.527441] igb: Copyright (c) 2007-2014 Intel Corporation.
[    1.537099] pegasus: v0.9.3 (2013/04/25), Pegasus/Pegasus II USB Ethernet driver
[    1.544546] usbcore: registered new interface driver pegasus
[    1.550235] usbcore: registered new interface driver asix
[    1.555676] usbcore: registered new interface driver ax88179_178a
[    1.561788] usbcore: registered new interface driver cdc_ether
[    1.567668] usbcore: registered new interface driver smsc75xx
[    1.573465] usbcore: registered new interface driver smsc95xx
[    1.579235] usbcore: registered new interface driver net1080
[    1.584932] usbcore: registered new interface driver cdc_subset
[    1.590870] usbcore: registered new interface driver zaurus
[    1.596503] usbcore: registered new interface driver cdc_ncm
[    1.602383] tegra-phy 7d000000.usb-phy: no vbus regulator
[    1.607991] tegra-phy 7d004000.usb-phy: no vbus regulator
[    1.615500] ehci_hcd: USB 2.0 'Enhanced' Host Controller (EHCI) Driver
[    1.622018] ehci-pci: EHCI PCI platform driver
[    1.626508] ehci-platform: EHCI generic platform driver
[    1.631945] ehci-orion: EHCI orion driver
[    1.636137] SPEAr-ehci: EHCI SPEAr driver
[    1.640285] ehci-st: EHCI STMicroelectronics driver
[    1.645315] ehci-exynos: EHCI EXYNOS driver
[    1.649657] ehci-atmel: EHCI Atmel driver
[    1.653820] tegra-ehci: Tegra EHCI driver
[    1.660672] tegra-ehci 7d004000.usb: EHCI Host Controller
[    1.666102] tegra-ehci 7d004000.usb: new USB bus registered, assigned bus number 1
[    1.673888] tegra-ehci 7d004000.usb: irq 356, io mem 0x7d004000
[    1.703251] tegra-ehci 7d004000.usb: USB 2.0 started, EHCI 1.10
[    1.709830] hub 1-0:1.0: USB hub found
[    1.713644] hub 1-0:1.0: 1 port detected
[    1.718130] ohci_hcd: USB 1.1 'Open' Host Controller (OHCI) Driver
[    1.724349] ohci-pci: OHCI PCI platform driver
[    1.728830] ohci-platform: OHCI generic platform driver
[    1.734272] SPEAr-ohci: OHCI SPEAr driver
[    1.738424] ohci-st: OHCI STMicroelectronics driver
[    1.743463] ohci-atmel: OHCI Atmel driver
[    1.748277] usbcore: registered new interface driver usb-storage
[    1.763132] as3722-rtc as3722-rtc: rtc core: registered as3722-rtc as rtc0
[    1.770039] as3722-rtc as3722-rtc: RTC interrupt 379
[    1.778461] tegra_rtc 7000e000.rtc: rtc core: registered 7000e000.rtc as rtc1
[    1.785655] tegra_rtc 7000e000.rtc: Tegra internal Real Time Clock
[    1.792392] i2c /dev entries driver
[    1.803021] lm90 0-004c: 0-004c supply vcc not found, using dummy regulator
[    1.820879] sdhci: Secure Digital Host Controller Interface driver
[    1.827081] sdhci: Copyright(c) Pierre Ossman
[    1.833260] Synopsys Designware Multimedia Card Interface Driver
[    1.840816] sdhci-pltfm: SDHCI platform and OF driver helper
[    1.847304] sdhci-tegra 700b0400.sdhci: Got CD GPIO
[    1.852195] sdhci-tegra 700b0400.sdhci: Got WP GPIO
[    1.873486] mmc0: Unknown controller version (3). You may experience problems.
[    1.880745] mmc0: Invalid maximum block size, assuming 512 bytes
[    1.917733] mmc0: SDHCI controller on 700b0600.sdhci [700b0600.sdhci] using ADMA
[    1.927380] ledtrig-cpu: registered to indicate activity on CPUs
[    1.933780] usbcore: registered new interface driver usbhid
[    1.939420] usbhid: USB HID core driver
[    1.947938] NET: Registered protocol family 10
[    1.953379] Segment Routing with IPv6
[    1.957103] sit: IPv6, IPv4 and MPLS over IPv4 tunneling driver
[    1.963571] NET: Registered protocol family 17
[    1.968017] can: controller area network core (rev 20170425 abi 9)
[    1.974263] NET: Registered protocol family 29
[    1.978702] can: raw protocol (rev 20170425)
[    1.982966] can: broadcast manager protocol (rev 20170425 t)
[    1.988642] can: netlink gateway (rev 20170425) max_hops=1
[    1.994419] Key type dns_resolver registered
[    1.999199] ThumbEE CPU extension supported.
[    2.003492] Registering SWP/SWPB emulation handler
[    2.008953] Loading compiled-in X.509 certificates
[    2.027206] +3.3V_RUN: supplied by +3.3V_SYS
[    2.032634] +USB0_VBUS_SW: supplied by +5V_SYS
[    2.037496] +3.3V_AVDD_HDMI_AP_GATED: supplied by +3.3V_RUN
[    2.043784] +5V_USB_HS: supplied by +5V_SYS
[    2.048982] +3.3V_LP0: supplied by +3.3V_SYS
[    2.054656] +5V_HDMI_CON: supplied by +5V_SYS
[    2.059818] +5V_SATA: supplied by +5V_SYS
[    2.064794] +12V_SATA: supplied by +VDD_MUX
[    2.071100]  usb2-0: usb2-0 supply vbus not found, using dummy regulator
[    2.078053]  usb2-1: usb2-1 supply vbus not found, using dummy regulator
[    2.085182]  usb3-0: usb3-0 supply vbus not found, using dummy regulator
[    2.093258] mmc0: new high speed MMC card at address 0001
[    2.093519] tegra-pcie 1003000.pcie: 2x1, 1x1 configuration
[    2.099371] mmcblk0: mmc0:0001 SEM16G 14.7 GiB 
[    2.104345] tegra-pcie 1003000.pcie: Failed to get supply 'avddio-pex': -517
[    2.109209] mmcblk0boot0: mmc0:0001 SEM16G partition 1 4.00 MiB
[    2.117808] tegra124-dfll 70110000.clock: offset uv not found, default to table value
[    2.122181] mmcblk0boot1: mmc0:0001 SEM16G partition 2 4.00 MiB
[    2.129578] tegra124-dfll 70110000.clock: step uv not found, default to table value
[    2.135686] mmcblk0rpmb: mmc0:0001 SEM16G partition 3 4.00 MiB, chardev (236:0)
[    2.144591] tegra124-dfll 70110000.clock: couldn't get vdd_cpu regulator
[    2.158625]  mmcblk0: p1
[    2.161732] tegra-hdmi 54280000.hdmi: failed to get PLL regulator
[    2.171071] as3722-sd2: supplied by +5V_SYS
[    2.175635] as3722-sd3: supplied by +5V_SYS
[    2.180053] as3722-sd4: supplied by +5V_SYS
[    2.184605] as3722-sd5: supplied by +5V_SYS
[    2.190092] as3722-ldo0: supplied by +1.35V_LP0(sd2)
[    2.195645] as3722-ldo1: supplied by +3.3V_RUN
[    2.200333] as3722-ldo2: supplied by +1.8V_VDDIO
[    2.206057] as3722-ldo3: supplied by +3.3V_SYS
[    2.211354] as3722-ldo4: supplied by +3.3V_SYS
[    2.216051] as3722-ldo5: supplied by +1.8V_VDDIO
[    2.220898] as3722-ldo6: supplied by +3.3V_RUN
[    2.225724] as3722-ldo7: supplied by +1.8V_VDDIO
[    2.231080] +1.05V_RUN_CAM_REAR: Bringing 0uV into 1050000-1050000uV
[    2.238135] as3722-ldo9: supplied by +5V_SYS
[    2.243583] +3.3V_RUN_TOUCH: Bringing 0uV into 2800000-2800000uV
[    2.250252] as3722-ldo10: supplied by +5V_SYS
[    2.255366] +2.8V_RUN_CAM_AF: Bringing 0uV into 2800000-2800000uV
[    2.262129] as3722-ldo11: supplied by +3.3V_RUN
[    2.267419] +1.8V_RUN_VPP_FUSE: Bringing 0uV into 1800000-1800000uV
[    2.277590] tegra-ahci 70027000.sata: AHCI 0001.0301 32 slots 2 ports 3 Gbps 0x1 impl platform mode
[    2.286666] tegra-ahci 70027000.sata: flags: 64bit ncq sntf pm led pio slum part sadm sds apst 
[    2.297178] scsi host0: tegra-ahci
[    2.301933] scsi host1: tegra-ahci
[    2.305617] ata1: SATA max UDMA/133 mmio [mem 0x70027000-0x70028fff] port 0x100 irq 345
[    2.313642] ata2: DUMMY
[    2.319630] tegra-ehci 7d008000.usb: EHCI Host Controller
[    2.325090] tegra-ehci 7d008000.usb: new USB bus registered, assigned bus number 2
[    2.332824] tegra-ehci 7d008000.usb: irq 357, io mem 0x7d008000
[    2.363345] tegra-ehci 7d008000.usb: USB 2.0 started, EHCI 1.10
[    2.370305] hub 2-0:1.0: USB hub found
[    2.374167] hub 2-0:1.0: 1 port detected
[    2.380681] sdhci-tegra 700b0400.sdhci: Got CD GPIO
[    2.385644] sdhci-tegra 700b0400.sdhci: Got WP GPIO
[    2.397456] mmc1: Unknown controller version (3). You may experience problems.
[    2.404813] mmc1: Invalid maximum block size, assuming 512 bytes
[    2.442825] mmc1: SDHCI controller on 700b0400.sdhci [700b0400.sdhci] using ADMA
[    2.451044] tegra-pcie 1003000.pcie: 2x1, 1x1 configuration
[    2.458689] tegra-pcie 1003000.pcie: probing port 0, using 2 lanes
[    2.466520] tegra-pcie 1003000.pcie: Slot present pin change, signature: 00000008
[    2.491258] tegra-pcie 1003000.pcie: probing port 1, using 1 lanes
[    2.499532] tegra-pcie 1003000.pcie: Slot present pin change, signature: 00000000
[    2.513497] tegra-pcie 1003000.pcie: PCI host bridge to bus 0000:00
[    2.519766] pci_bus 0000:00: root bus resource [io  0x0000-0xffff]
[    2.525987] pci_bus 0000:00: root bus resource [mem 0x13000000-0x1fffffff]
[    2.532870] pci_bus 0000:00: root bus resource [mem 0x20000000-0x3fffffff pref]
[    2.540231] pci_bus 0000:00: root bus resource [bus 00-ff]
[    2.545814] pci 0000:00:01.0: [10de:0e12] type 01 class 0x060400
[    2.551846] pci_bus 0000:00: 2-byte config write to 0000:00:01.0 offset 0x4 may corrupt adjacent RW1C bits
[    2.561550] pci_bus 0000:00: 2-byte config write to 0000:00:01.0 offset 0x4 may corrupt adjacent RW1C bits
[    2.571276] pci 0000:00:01.0: enabling Extended Tags
[    2.576303] pci_bus 0000:00: 2-byte config write to 0000:00:01.0 offset 0x88 may corrupt adjacent RW1C bits
[    2.586116] pci_bus 0000:00: 2-byte config write to 0000:00:01.0 offset 0x52 may corrupt adjacent RW1C bits
[    2.595935] pci 0000:00:01.0: PME# supported from D0 D1 D2 D3hot D3cold
[    2.602566] pci_bus 0000:00: 2-byte config write to 0000:00:01.0 offset 0x4c may corrupt adjacent RW1C bits
[    2.612628] pci 0000:00:02.0: [10de:0e13] type 01 class 0x060400
[    2.618706] pci_bus 0000:00: 2-byte config write to 0000:00:02.0 offset 0x4 may corrupt adjacent RW1C bits
[    2.628407] pci_bus 0000:00: 2-byte config write to 0000:00:02.0 offset 0x4 may corrupt adjacent RW1C bits
[    2.638133] pci 0000:00:02.0: enabling Extended Tags
[    2.643116] pci_bus 0000:00: 2-byte config write to 0000:00:02.0 offset 0x88 may corrupt adjacent RW1C bits
[    2.647067] ata1: SATA link down (SStatus 0 SControl 300)
[    2.652915] pci_bus 0000:00: 2-byte config write to 0000:00:02.0 offset 0x52 may corrupt adjacent RW1C bits
[    2.668053] pci 0000:00:02.0: PME# supported from D0 D1 D2 D3hot D3cold
[    2.674687] pci_bus 0000:00: 2-byte config write to 0000:00:02.0 offset 0x4c may corrupt adjacent RW1C bits
[    2.684731] PCI: bus0: Fast back to back transfers disabled
[    2.690315] pci 0000:00:01.0: bridge configuration invalid ([bus 00-00]), reconfiguring
[    2.698368] pci 0000:00:02.0: bridge configuration invalid ([bus 00-00]), reconfiguring
[    2.706581] pci 0000:01:00.0: [8086:4232] type 00 class 0x028000
[    2.712653] pci 0000:01:00.0: reg 0x10: [mem 0x00000000-0x00001fff 64bit]
[    2.719682] pci 0000:01:00.0: PME# supported from D0 D3hot D3cold
[    2.740291] mmc1: new high speed SDHC card at address aaaa
[    2.746439] mmcblk1: mmc1:aaaa SD04G 3.69 GiB 
[    2.753468] PCI: bus1: Fast back to back transfers disabled
[    2.759077] pci_bus 0000:01: busn_res: [bus 01-ff] end is updated to 01
[    2.765915] pci 0000:02:00.0: [10ec:8168] type 00 class 0x020000
[    2.771975] pci 0000:02:00.0: reg 0x10: [io  0x0000-0x00ff]
[    2.777629] pci 0000:02:00.0: reg 0x18: [mem 0x00000000-0x00000fff 64bit]
[    2.784451] pci 0000:02:00.0: reg 0x20: [mem 0x00000000-0x00003fff 64bit pref]
[    2.791837] pci 0000:02:00.0: supports D1 D2
[    2.796121] pci 0000:02:00.0: PME# supported from D0 D1 D2 D3hot D3cold
[    2.810813]  mmcblk1: p1 p2 p3
[    2.823397] PCI: bus2: Fast back to back transfers disabled
[    2.828988] pci_bus 0000:02: busn_res: [bus 02-ff] end is updated to 02
[    2.835691] pci 0000:00:01.0: BAR 8: assigned [mem 0x13000000-0x130fffff]
[    2.842475] pci 0000:00:02.0: BAR 8: assigned [mem 0x13100000-0x131fffff]
[    2.849312] pci 0000:00:02.0: BAR 9: assigned [mem 0x20000000-0x200fffff 64bit pref]
[    2.857072] pci 0000:00:02.0: BAR 7: assigned [io  0x1000-0x1fff]
[    2.863167] pci 0000:01:00.0: BAR 0: assigned [mem 0x13000000-0x13001fff 64bit]
[    2.870545] pci 0000:00:01.0: PCI bridge to [bus 01]
[    2.875537] pci 0000:00:01.0:   bridge window [mem 0x13000000-0x130fffff]
[    2.882335] pci 0000:02:00.0: BAR 4: assigned [mem 0x20000000-0x20003fff 64bit pref]
[    2.890144] pci 0000:02:00.0: BAR 2: assigned [mem 0x13100000-0x13100fff 64bit]
[    2.897488] pci 0000:02:00.0: BAR 0: assigned [io  0x1000-0x10ff]
[    2.903638] pci 0000:00:02.0: PCI bridge to [bus 02]
[    2.908603] pci 0000:00:02.0:   bridge window [io  0x1000-0x1fff]
[    2.914716] pci 0000:00:02.0:   bridge window [mem 0x13100000-0x131fffff]
[    2.921499] pci 0000:00:02.0:   bridge window [mem 0x20000000-0x200fffff 64bit pref]
[    2.929318] pci 0000:00:01.0: nv_msi_ht_cap_quirk didn't locate host bridge
[    2.936439] pcieport 0000:00:01.0: enabling device (0140 -> 0142)
[    2.942764] pcieport 0000:00:01.0: Signaling PME with IRQ 395
[    2.948721] pci 0000:00:02.0: nv_msi_ht_cap_quirk didn't locate host bridge
[    2.955831] pcieport 0000:00:02.0: enabling device (0140 -> 0143)
[    2.962156] pcieport 0000:00:02.0: Signaling PME with IRQ 396
[    2.968349] r8169 Gigabit Ethernet driver 2.3LK-NAPI loaded
[    2.973971] r8169 0000:02:00.0: enabling device (0140 -> 0143)
[    3.004876] r8169 0000:02:00.0 eth0: RTL8168g/8111g at 0x86a909cf, 00:04:4b:3a:d9:81, XID 0c000800 IRQ 397
[    3.014572] r8169 0000:02:00.0 eth0: jumbo features [frames: 9200 bytes, tx checksumming: ko]
[    3.023903] tegra124-dfll 70110000.clock: offset uv not found, default to table value
[    3.031725] tegra124-dfll 70110000.clock: step uv not found, default to table value
[    3.042925] +1.05V_RUN_AVDD_HDMI_PLL: supplied by +1.05V_RUN
[    3.051289] [drm] Supports vblank timestamp caching Rev 2 (21.10.2013).
[    3.057964] [drm] No driver support for vblank timestamp query.
[    3.193024] tegra-hdmi 54280000.hdmi: cannot set audio to 48000 Hz at 297000000 Hz pixel clock
[    3.355940] Console: switching to colour frame buffer device 512x135
[    3.454661] drm drm: fb0:  frame buffer device
[    3.459218] [drm] Initialized tegra 0.0.0 20120330 for drm on minor 0
[    3.467342] cpufreq: cpufreq_online: CPU0: Running at unlisted freq: 696000 KHz
[    3.474689] cpufreq: cpufreq_online: CPU0: Unlisted initial frequency changed to: 714000 KHz
[    3.483844] input: gpio-keys as /devices/soc0/gpio-keys/input/input0
[    3.490969] as3722-rtc as3722-rtc: setting system clock to 2000-01-01 00:05:08 UTC (946685108)
[    3.499913] +USB0_VBUS_SW: disabling
[    3.503537] +1.8V_RUN_CAM: disabling
[    3.507317] +2.8V_RUN_CAM: disabling
[    3.511063] +1.2V_RUN_CAM_FRONT: disabling
[    3.515337] +1.05V_RUN_CAM_REAR: disabling
[    3.519539] +3.3V_RUN_TOUCH: disabling
[    3.523437] +2.8V_RUN_CAM_AF: disabling
[    3.527378] +1.8V_RUN_VPP_FUSE: disabling
[    3.532198] EXT4-fs (mmcblk0p1): mounting ext3 file system using the ext4 subsystem
[    3.553330] EXT4-fs (mmcblk0p1): recovery complete
[    3.558125] EXT4-fs (mmcblk0p1): mounted filesystem with ordered data mode. Opts: (null)
[    3.566263] VFS: Mounted root (ext3 filesystem) on device 179:1.
[    3.576526] devtmpfs: mounted
[    3.580162] Freeing unused kernel memory: 2048K
bash: cannot set terminal process group (-1): Inappropriate ioctl for device
bash: no job control in this shell
root@(none):/# mount -t sysfs none /sys
root@(none):/# 
root@(none):/# mount -t debugfs none /sys/kernel/debug
root@(none):/# 
root@(none):/# rtcwake -d rtc1 -m mem -s 3
rtcwake: assuming RTC uses UTC ...
rtcwake: wakeup from "mem" using /dev/rtc1 at Thu Jan  1 00:00:20 1970
[    6.415888] PM: suspend entry (deep)
[    6.419469] PM: Syncing filesystems ... done.
[    6.511271] Freezing user space processes ... (elapsed 0.001 seconds) done.
[    6.519464] OOM killer disabled.
[    6.522691] Freezing remaining freezable tasks ... (elapsed 0.001 seconds) done.
[    6.531294] Suspending console(s) (use no_console_suspend to debug)
[    6.714156] Disabling non-boot CPUs ...
[    6.823351] IRQ17 no longer affine to CPU2
[    6.883909] Entering suspend state LP1
[    6.883921] Enabling non-boot CPUs ...
[    6.884195] CPU1 is up
[    6.884422] CPU2 is up
[    6.884679] CPU3 is up
[    6.885434] pcieport 0000:00:01.0: nv_msi_ht_cap_quirk didn't locate host bridge
[    6.885435] pcieport 0000:00:02.0: nv_msi_ht_cap_quirk didn't locate host bridge
[    6.953655] tegra-hdmi 54280000.hdmi: cannot set audio to 48000 Hz at 297000000 Hz pixel clock
[    7.113852] OOM killer enabled.
[    7.116980] Restarting tasks ... done.
rtcwake -d rtc1 -m mem -s 3

[    7.254443] ata1: SATA link down (SStatus 0 SControl 300)
[    7.424022] PM: suspend exit
root@(none):/# 
root@(none):/# rtcwake -d rtc1 -m mem -s 3
rtcwake: assuming RTC uses UTC ...
rtcwake: wakeup from "mem" using /dev/rtc1 at Thu Jan  1 00:00:24 1970
[    7.592793] PM: suspend entry (deep)
[    7.596491] PM: Syncing filesystems ... done.
[    7.681907] Freezing user space processes ... (elapsed 0.001 seconds) done.
[    7.690127] OOM killer disabled.
[    7.693386] Freezing remaining freezable tasks ... (elapsed 0.001 seconds) done.
[    7.702019] Suspending console(s) (use no_console_suspend to debug)
[    7.748312] pci_generic_config_write32: 80 callbacks suppressed
[    7.748319] pci_bus 0000:00: 2-byte config write to 0000:00:02.0 offset 0x9c may corrupt adjacent RW1C bits
[    7.748349] pci_bus 0000:00: 2-byte config write to 0000:00:01.0 offset 0x9c may corrupt adjacent RW1C bits
[    7.884132] Disabling non-boot CPUs ...
[    7.923325] IRQ17 no longer affine to CPU1
[    8.033710] Entering suspend state LP1
[    8.033724] Enabling non-boot CPUs ...
[    8.034064] CPU1 is up
[    8.034352] CPU2 is up
[    8.034685] CPU3 is up
[    8.035537] pci_bus 0000:00: 2-byte config write to 0000:00:01.0 offset 0x4c may corrupt adjacent RW1C bits
[    8.035548] pci_bus 0000:00: 2-byte config write to 0000:00:01.0 offset 0x88 may corrupt adjacent RW1C bits
[    8.035554] pci_bus 0000:00: 2-byte config write to 0000:00:01.0 offset 0x90 may corrupt adjacent RW1C bits
[    8.035560] pci_bus 0000:00: 2-byte config write to 0000:00:01.0 offset 0x98 may corrupt adjacent RW1C bits
[    8.035566] pci_bus 0000:00: 2-byte config write to 0000:00:01.0 offset 0x9c may corrupt adjacent RW1C bits
[    8.035571] pci_bus 0000:00: 2-byte config write to 0000:00:01.0 offset 0xa8 may corrupt adjacent RW1C bits
[    8.035577] pci_bus 0000:00: 2-byte config write to 0000:00:01.0 offset 0xb0 may corrupt adjacent RW1C bits
[    8.035605] pci_bus 0000:00: 2-byte config write to 0000:00:01.0 offset 0x52 may corrupt adjacent RW1C bits
[    8.035636] pcieport 0000:00:01.0: nv_msi_ht_cap_quirk didn't locate host bridge
[    8.035815] pcieport 0000:00:02.0: nv_msi_ht_cap_quirk didn't locate host bridge
[    8.123621] tegra-hdmi 54280000.hdmi: cannot set audio to 48000 Hz at 297000000 Hz pixel clock
[    8.395183] OOM killer enabled.
[    8.398319] Restarting tasks ... done.
[    8.416010] ata1: SATA link down (SStatus 0 SControl 300)
[    8.452644] PM: suspend exit
root@(none):/# 
root@(none):/# rtcwake -d rtc1 -m mem -s 3
rtcwake: assuming RTC uses UTC ...
rtcwake: wakeup from "mem" using /dev/rtc1 at Thu Jan  1 00:00:29 1970
[    9.639281] PM: suspend entry (deep)
[    9.642874] PM: Syncing filesystems ... done.
[    9.744926] Freezing user space processes ... (elapsed 0.001 seconds) done.
[    9.753195] OOM killer disabled.
[    9.756426] Freezing remaining freezable tasks ... (elapsed 0.001 seconds) done.
[    9.765082] Suspending console(s) (use no_console_suspend to debug)
[    9.934081] Disabling non-boot CPUs ...
[   10.093771] Entering suspend state LP1
[   10.093783] Enabling non-boot CPUs ...
[   10.094112] CPU1 is up
[   10.094349] CPU2 is up
[   10.094618] CPU3 is up
[   10.095374] pcieport 0000:00:01.0: nv_msi_ht_cap_quirk didn't locate host bridge
[   10.095375] pcieport 0000:00:02.0: nv_msi_ht_cap_quirk didn't locate host bridge
[   10.163578] tegra-hdmi 54280000.hdmi: cannot set audio to 48000 Hz at 297000000 Hz pixel clock
[   10.320417] OOM killer enabled.
[   10.323553] Restarting tasks ... done.
[   10.360748] PM: suspend exit
root@(none):/# 
root@(none):/# [   10.468201] ata1: SATA link down (SStatus 0 SControl 300)
rtcwake -d rtc1 -m mem -s 3
rtcwake: assuming RTC uses UTC ...
rtcwake: wakeup from "mem" using /dev/rtc1 at Thu Jan  1 00:00:33 1970
[   10.696459] PM: suspend entry (deep)
[   10.700052] PM: Syncing filesystems ... done.
[   10.755997] Freezing user space processes ... (elapsed 0.001 seconds) done.
[   10.764189] OOM killer disabled.
[   10.767418] Freezing remaining freezable tasks ... (elapsed 0.001 seconds) done.
[   10.776040] Suspending console(s) (use no_console_suspend to debug)
[   10.934136] Disabling non-boot CPUs ...
[   11.103688] Entering suspend state LP1
[   11.103700] Enabling non-boot CPUs ...
[   11.103997] CPU1 is up
[   11.104234] CPU2 is up
[   11.104503] CPU3 is up
[   11.105263] pcieport 0000:00:01.0: nv_msi_ht_cap_quirk didn't locate host bridge
[   11.105264] pcieport 0000:00:02.0: nv_msi_ht_cap_quirk didn't locate host bridge
[   11.183573] tegra-hdmi 54280000.hdmi: cannot set audio to 48000 Hz at 297000000 Hz pixel clock
[   11.339809] OOM killer enabled.
[   11.342938] Restarting tasks ... done.
[   11.382253] PM: suspend exit
root@(none):/# 
root@(none):/# [   11.478312] ata1: SATA link down (SStatus 0 SControl 300)
rtcwake -d rtc1 -m mem -s 3
rtcwake: assuming RTC uses UTC ...
rtcwake: wakeup from "mem" using /dev/rtc1 at Thu Jan  1 00:00:37 1970
[   11.719846] PM: suspend entry (deep)
[   11.723494] PM: Syncing filesystems ... done.
[   11.898871] Freezing user space processes ... (elapsed 0.001 seconds) done.
[   11.907109] OOM killer disabled.
[   11.910335] Freezing remaining freezable tasks ... (elapsed 0.001 seconds) done.
[   11.918939] Suspending console(s) (use no_console_suspend to debug)
[   12.074073] Disabling non-boot CPUs ...
[   12.233657] Entering suspend state LP1
[   12.233669] Enabling non-boot CPUs ...
[   12.233959] CPU1 is up
[   12.234188] CPU2 is up
[   12.234451] CPU3 is up
[   12.235190] pcieport 0000:00:01.0: nv_msi_ht_cap_quirk didn't locate host bridge
[   12.235191] pcieport 0000:00:02.0: nv_msi_ht_cap_quirk didn't locate host bridge
[   12.303543] tegra-hdmi 54280000.hdmi: cannot set audio to 48000 Hz at 297000000 Hz pixel clock
[   12.459687] OOM killer enabled.
[   12.462816] Restarting tasks ... done.
[   12.500733] PM: suspend exit
root@(none):/# 
root@(none):/# [   12.608160] ata1: SATA link down (SStatus 0 SControl 300)
rtcwake -d rtc1 -m mem -s 3
rtcwake: assuming RTC uses UTC ...
rtcwake: wakeup from "mem" using /dev/rtc1 at Thu Jan  1 00:00:41 1970
[   12.831025] PM: suspend entry (deep)
[   12.834680] PM: Syncing filesystems ... done.
[   12.891961] Freezing user space processes ... (elapsed 0.001 seconds) done.
[   12.900139] OOM killer disabled.
[   12.903375] Freezing remaining freezable tasks ... (elapsed 0.001 seconds) done.
[   12.911934] Suspending console(s) (use no_console_suspend to debug)
[   12.931383] pci_generic_config_write32: 102 callbacks suppressed
[   12.931391] pci_bus 0000:00: 2-byte config write to 0000:00:02.0 offset 0x9c may corrupt adjacent RW1C bits
[   12.931422] pci_bus 0000:00: 2-byte config write to 0000:00:01.0 offset 0x9c may corrupt adjacent RW1C bits
[   13.074100] Disabling non-boot CPUs ...
[   13.243645] Entering suspend state LP1
[   13.243659] Enabling non-boot CPUs ...
[   13.244002] CPU1 is up
[   13.244289] CPU2 is up
[   13.244619] CPU3 is up
[   13.245431] pci_bus 0000:00: 2-byte config write to 0000:00:02.0 offset 0x4c may corrupt adjacent RW1C bits
[   13.245443] pci_bus 0000:00: 2-byte config write to 0000:00:02.0 offset 0x88 may corrupt adjacent RW1C bits
[   13.245449] pci_bus 0000:00: 2-byte config write to 0000:00:02.0 offset 0x90 may corrupt adjacent RW1C bits
[   13.245455] pci_bus 0000:00: 2-byte config write to 0000:00:02.0 offset 0x98 may corrupt adjacent RW1C bits
[   13.245461] pci_bus 0000:00: 2-byte config write to 0000:00:02.0 offset 0x9c may corrupt adjacent RW1C bits
[   13.245466] pci_bus 0000:00: 2-byte config write to 0000:00:02.0 offset 0xa8 may corrupt adjacent RW1C bits
[   13.245472] pci_bus 0000:00: 2-byte config write to 0000:00:02.0 offset 0xb0 may corrupt adjacent RW1C bits
[   13.245500] pci_bus 0000:00: 2-byte config write to 0000:00:02.0 offset 0x52 may corrupt adjacent RW1C bits
[   13.245531] pcieport 0000:00:02.0: nv_msi_ht_cap_quirk didn't locate host bridge
[   13.245641] pcieport 0000:00:01.0: nv_msi_ht_cap_quirk didn't locate host bridge
[   13.313562] tegra-hdmi 54280000.hdmi: cannot set audio to 48000 Hz at 297000000 Hz pixel clock
[   13.581239] OOM killer enabled.
[   13.584379] Restarting tasks ... done.
[   13.616050] ata1: SATA link down (SStatus 0 SControl 300)
[   13.661290] PM: suspend exit
root@(none):/# 
root@(none):/# rtcwake -d rtc1 -m mem -s 3
rtcwake: assuming RTC uses UTC ...
rtcwake: wakeup from "mem" using /dev/rtc1 at Thu Jan  1 00:00:46 1970
[   14.846634] PM: suspend entry (deep)
[   14.850230] PM: Syncing filesystems ... done.
[   14.909521] Freezing user space processes ... (elapsed 0.001 seconds) done.
[   14.917727] OOM killer disabled.
[   14.920951] Freezing remaining freezable tasks ... (elapsed 0.001 seconds) done.
[   14.929574] Suspending console(s) (use no_console_suspend to debug)
[   15.084012] Disabling non-boot CPUs ...
[   15.243678] Entering suspend state LP1
[   15.243689] Enabling non-boot CPUs ...
[   15.243980] CPU1 is up
[   15.244211] CPU2 is up
[   15.244473] CPU3 is up
[   15.245159] pcieport 0000:00:01.0: nv_msi_ht_cap_quirk didn't locate host bridge
[   15.245326] pcieport 0000:00:02.0: nv_msi_ht_cap_quirk didn't locate host bridge
[   15.323522] tegra-hdmi 54280000.hdmi: cannot set audio to 48000 Hz at 297000000 Hz pixel clock
[   15.479681] OOM killer enabled.
[   15.482810] Restarting tasks ... done.
[   15.522254] PM: suspend exit
root@(none):/# 
root@(none):/# [   15.617540] ata1: SATA link down (SStatus 0 SControl 300)
rtcwake -d rtc1 -m mem -s 3
rtcwake: assuming RTC uses UTC ...
rtcwake: wakeup from "mem" using /dev/rtc1 at Thu Jan  1 00:00:50 1970
[   15.849872] PM: suspend entry (deep)
[   15.853581] PM: Syncing filesystems ... done.
[   15.943084] Freezing user space processes ... (elapsed 0.001 seconds) done.
[   15.951333] OOM killer disabled.
[   15.954610] Freezing remaining freezable tasks ... (elapsed 0.001 seconds) done.
[   15.963276] Suspending console(s) (use no_console_suspend to debug)
[   16.134052] Disabling non-boot CPUs ...
[   16.183204] IRQ17 no longer affine to CPU1
[   16.303595] Entering suspend state LP1
[   16.303608] Enabling non-boot CPUs ...
[   16.303953] CPU1 is up
[   16.304242] CPU2 is up
[   16.304574] CPU3 is up
[   16.305505] pcieport 0000:00:02.0: nv_msi_ht_cap_quirk didn't locate host bridge
[   16.305507] pcieport 0000:00:01.0: nv_msi_ht_cap_quirk didn't locate host bridge
[   16.383518] tegra-hdmi 54280000.hdmi: cannot set audio to 48000 Hz at 297000000 Hz pixel clock
[   16.551107] OOM killer enabled.
[   16.554245] Restarting tasks ... done.
[   16.637499] PM: suspend exit
root@(none):/# 
root@(none):/# [   16.687655] ata1: SATA link down (SStatus 0 SControl 300)
rtcwake -d rtc1 -m mem -s 3
rtcwake: assuming RTC uses UTC ...
rtcwake: wakeup from "mem" using /dev/rtc1 at Thu Jan  1 00:00:54 1970
[   16.906860] PM: suspend entry (deep)
[   16.910453] PM: Syncing filesystems ... done.
[   16.976085] Freezing user space processes ... (elapsed 0.001 seconds) done.
[   16.984282] OOM killer disabled.
[   16.987509] Freezing remaining freezable tasks ... (elapsed 0.001 seconds) done.
[   16.996134] Suspending console(s) (use no_console_suspend to debug)
[   17.154023] Disabling non-boot CPUs ...
[   17.313598] Entering suspend state LP1
[   17.313611] Enabling non-boot CPUs ...
[   17.313953] CPU1 is up
[   17.314240] CPU2 is up
[   17.314571] CPU3 is up
[   17.315539] pcieport 0000:00:02.0: nv_msi_ht_cap_quirk didn't locate host bridge
[   17.315541] pcieport 0000:00:01.0: nv_msi_ht_cap_quirk didn't locate host bridge
[   17.403461] tegra-hdmi 54280000.hdmi: cannot set audio to 48000 Hz at 297000000 Hz pixel clock
[   17.567260] OOM killer enabled.
[   17.570390] Restarting tasks ... done.
[   17.656983] PM: suspend exit
root@(none):/# 
root@(none):/# [   17.697362] ata1: SATA link down (SStatus 0 SControl 300)
rtcwake -d rtc1 -m mem -s 3
rtcwake: assuming RTC uses UTC ...
rtcwake: wakeup from "mem" using /dev/rtc1 at Thu Jan  1 00:00:58 1970
[   17.915622] PM: suspend entry (deep)
[   17.919216] PM: Syncing filesystems ... done.
[   17.996014] Freezing user space processes ... (elapsed 0.001 seconds) done.
[   18.004210] OOM killer disabled.
[   18.007437] Freezing remaining freezable tasks ... (elapsed 0.001 seconds) done.
[   18.016063] Suspending console(s) (use no_console_suspend to debug)
[   18.031338] pci_generic_config_write32: 102 callbacks suppressed
[   18.031344] pci_bus 0000:00: 2-byte config write to 0000:00:02.0 offset 0x9c may corrupt adjacent RW1C bits
[   18.031361] pci_bus 0000:00: 2-byte config write to 0000:00:01.0 offset 0x9c may corrupt adjacent RW1C bits
[   18.174014] Disabling non-boot CPUs ...
[   18.343556] Entering suspend state LP1
[   18.343570] Enabling non-boot CPUs ...
[   18.343915] CPU1 is up
[   18.344203] CPU2 is up
[   18.344534] CPU3 is up
[   18.345376] pci_bus 0000:00: 2-byte config write to 0000:00:02.0 offset 0x4c may corrupt adjacent RW1C bits
[   18.345385] pci_bus 0000:00: 2-byte config write to 0000:00:01.0 offset 0x4c may corrupt adjacent RW1C bits
[   18.345397] pci_bus 0000:00: 2-byte config write to 0000:00:02.0 offset 0x88 may corrupt adjacent RW1C bits
[   18.345404] pci_bus 0000:00: 2-byte config write to 0000:00:01.0 offset 0x88 may corrupt adjacent RW1C bits
[   18.345410] pci_bus 0000:00: 2-byte config write to 0000:00:02.0 offset 0x90 may corrupt adjacent RW1C bits
[   18.345416] pci_bus 0000:00: 2-byte config write to 0000:00:01.0 offset 0x90 may corrupt adjacent RW1C bits
[   18.345422] pci_bus 0000:00: 2-byte config write to 0000:00:02.0 offset 0x98 may corrupt adjacent RW1C bits
[   18.345428] pci_bus 0000:00: 2-byte config write to 0000:00:01.0 offset 0x98 may corrupt adjacent RW1C bits
[   18.345536] pcieport 0000:00:01.0: nv_msi_ht_cap_quirk didn't locate host bridge
[   18.345537] pcieport 0000:00:02.0: nv_msi_ht_cap_quirk didn't locate host bridge
[   18.413466] tegra-hdmi 54280000.hdmi: cannot set audio to 48000 Hz at 297000000 Hz pixel clock
[   18.681232] OOM killer enabled.
[   18.684373] Restarting tasks ... done.
[   18.715981] ata1: SATA link down (SStatus 0 SControl 300)
[   18.761202] PM: suspend exit
root@(none):/# 
root@(none):/# NVTB SYSTEM SUSPEND TEST COMPLETE
