
U-Boot SPL 2014.01-00219-gc4d376f (Feb 18 2014 - 19:57:18)


U-Boot 2014.01-00219-gc4d376f (Feb 18 2014 - 19:57:18)

TEGRA30
Board: NVIDIA Beaver
I2C:   ready
DRAM:  2 GiB
MMC:   Tegra SD/MMC: 0, Tegra SD/MMC: 1
In:    serial
Out:   serial
Err:   serial
Net:   Net Initialization Skipped
No ethernet found.
Hit any key to stop autoboot:  2  0 
Tegra30 (Beaver) # 
Tegra30 (Beaver) # usb reset
(Re)start USB...
USB0:   USB EHCI 1.00
scanning bus 0 for devices... 2 USB Device(s) found
       scanning usb for storage devices... 0 Storage Device(s) found
       scanning usb for ethernet devices... 
Warning: asx0 using MAC address from net device
1 Ethernet Device(s) found
Tegra30 (Beaver) # setenv bootargs 'ignore_loglevel console=ttyS0,115200n8 rw root=PARTUUID=edbe1840-3633-c751-7993-b0ac834f81e0 rootwait gpt debug noinitrd earlyprintk init=/bin/bash'
Tegra30 (Beaver) # setenv ipaddr 192.168.100.101; setenv serverip 192.168.100.1; setenv tftpserverip 192.168.100.1
Tegra30 (Beaver) # tftpboot 0x81000000 zImage.multi_v7_defconfig
Using asx0 device
TFTP from server 192.168.100.1; our IP address is 192.168.100.101
Filename 'zImage.multi_v7_defconfig'.
Load address: 0x81000000
Loading: *#################################################################
	 #################################################################
	 #################################################################
	 #################################################################
	 #################################################################
	 #################################################################
	 ####################################################
	 3.2 MiB/s
done
Bytes transferred = 6477160 (62d568 hex)
Tegra30 (Beaver) # tftpboot 0x82000000 tegra30-beaver.dtb
Using asx0 device
TFTP from server 192.168.100.1; our IP address is 192.168.100.101
Filename 'tegra30-beaver.dtb'.
Load address: 0x82000000
Loading: *####
	 3.1 MiB/s
done
Bytes transferred = 51467 (c90b hex)
Tegra30 (Beaver) # bootz 0x81000000 - 0x82000000
Kernel image @ 0x81000000 [ 0x000000 - 0x62d568 ]
## Flattened Device Tree blob at 82000000
   Booting using the fdt blob at 0x82000000
   Loading Device Tree to 8fff0000, end 8ffff90a ... OK

Starting kernel ...

[    0.000000] Booting Linux on physical CPU 0x0
[    0.000000] Linux version 4.3.0-75599-gbd4f203 (pwalmsley@tamien) (gcc version 4.7.3 20130328 (prerelease) (crosstool-NG linaro-1.13.1-4.7-2013.04-20130415 - Linaro GCC 2013.04) ) #1 SMP Thu Apr 28 02:05:35 PDT 2016
[    0.000000] CPU: ARMv7 Processor [412fc099] revision 9 (ARMv7), cr=10c5387d
[    0.000000] CPU: PIPT / VIPT nonaliasing data cache, VIPT aliasing instruction cache
[    0.000000] Machine model: NVIDIA Tegra30 Beaver evaluation board
[    0.000000] debug: ignoring loglevel setting.
[    0.000000] cma: Reserved 64 MiB at 0xfb800000
[    0.000000] Memory policy: Data cache writealloc
[    0.000000] On node 0 totalpages: 524032
[    0.000000] free_area_init_node: node 0, pgdat c0f982c0, node_mem_map eeff8000
[    0.000000]   DMA zone: 1536 pages used for memmap
[    0.000000]   DMA zone: 0 pages reserved
[    0.000000]   DMA zone: 196608 pages, LIFO batch:31
[    0.000000]   HighMem zone: 327424 pages, LIFO batch:31
[    0.000000] PERCPU: Embedded 12 pages/cpu @eef93000 s19136 r8192 d21824 u49152
[    0.000000] pcpu-alloc: s19136 r8192 d21824 u49152 alloc=12*4096
[    0.000000] pcpu-alloc: [0] 0 [0] 1 [0] 2 [0] 3 
[    0.000000] Built 1 zonelists in Zone order, mobility grouping on.  Total pages: 522496
[    0.000000] Kernel command line: ignore_loglevel console=ttyS0,115200n8 rw root=PARTUUID=edbe1840-3633-c751-7993-b0ac834f81e0 rootwait gpt debug noinitrd earlyprintk init=/bin/bash
[    0.000000] PID hash table entries: 4096 (order: 2, 16384 bytes)
[    0.000000] Dentry cache hash table entries: 131072 (order: 7, 524288 bytes)
[    0.000000] Inode-cache hash table entries: 65536 (order: 6, 262144 bytes)
[    0.000000] Memory: 1998680K/2096128K available (8156K kernel code, 1032K rwdata, 3660K rodata, 1040K init, 340K bss, 31912K reserved, 65536K cma-reserved, 1244160K highmem)
[    0.000000] Virtual kernel memory layout:
[    0.000000]     vector  : 0xffff0000 - 0xffff1000   (   4 kB)
[    0.000000]     fixmap  : 0xffc00000 - 0xfff00000   (3072 kB)
[    0.000000]     vmalloc : 0xf0800000 - 0xff800000   ( 240 MB)
[    0.000000]     lowmem  : 0xc0000000 - 0xf0000000   ( 768 MB)
[    0.000000]     pkmap   : 0xbfe00000 - 0xc0000000   (   2 MB)
[    0.000000]     modules : 0xbf000000 - 0xbfe00000   (  14 MB)
[    0.000000]       .text : 0xc0208000 - 0xc0d932ac   (11821 kB)
[    0.000000]       .init : 0xc0d94000 - 0xc0e98000   (1040 kB)
[    0.000000]       .data : 0xc0e98000 - 0xc0f9a220   (1033 kB)
[    0.000000]        .bss : 0xc0f9d000 - 0xc0ff23a8   ( 341 kB)
[    0.000000] SLUB: HWalign=64, Order=0-3, MinObjects=0, CPUs=4, Nodes=1
[    0.000000] Hierarchical RCU implementation.
[    0.000000] 	Build-time adjustment of leaf fanout to 32.
[    0.000000] 	RCU restricting CPUs from NR_CPUS=16 to nr_cpu_ids=4.
[    0.000000] RCU: Adjusting geometry for rcu_fanout_leaf=32, nr_cpu_ids=4
[    0.000000] NR_IRQS:16 nr_irqs:16 16
[    0.000000] /interrupt-controller@60004000: 160 interrupts forwarded to /interrupt-controller@50041000
[    0.000000] L2C: platform modifies aux control register: 0x02080000 -> 0x3e480001
[    0.000000] L2C: DT/platform modifies aux control register: 0x02080000 -> 0x3e480001
[    0.000000] L2C-310 erratum 769419 enabled
[    0.000000] L2C-310 enabling early BRESP for Cortex-A9
[    0.000000] L2C-310: enabling full line of zeros but not enabled in Cortex-A9
[    0.000000] L2C-310 dynamic clock gating enabled, standby mode enabled
[    0.000000] L2C-310 cache controller enabled, 8 ways, 1024 kB
[    0.000000] L2C-310: CACHE_ID 0x410000c7, AUX_CTRL 0x4e480001
[    0.000013] sched_clock: 32 bits at 1000kHz, resolution 1000ns, wraps every 2147483647500ns
[    0.000030] clocksource: timer_us: mask: 0xffffffff max_cycles: 0xffffffff, max_idle_ns: 1911260446275 ns
[    0.000039] Switching to timer-based delay loop, resolution 1000ns
[    0.002488] Console: colour dummy device 80x30
[    0.002512] Calibrating delay loop (skipped), value calculated using timer frequency.. 2.00 BogoMIPS (lpj=5000)
[    0.002521] pid_max: default: 32768 minimum: 301
[    0.002607] Mount-cache hash table entries: 2048 (order: 1, 8192 bytes)
[    0.002614] Mountpoint-cache hash table entries: 2048 (order: 1, 8192 bytes)
[    0.003035] CPU: Testing write buffer coherency: ok
[    0.003320] CPU0: thread -1, cpu 0, socket 0, mpidr 80000000
[    0.003386] Setting up static identity map for 0x80209000 - 0x80209098
[    0.005645] Tegra Revision: A03 SKU: 128 CPU Process: 4 SoC Process: 0
[    0.006840] CPU1: thread -1, cpu 1, socket 0, mpidr 80000001
[    0.007482] CPU2: thread -1, cpu 2, socket 0, mpidr 80000002
[    0.008124] CPU3: thread -1, cpu 3, socket 0, mpidr 80000003
[    0.008162] Brought up 4 CPUs
[    0.008174] SMP: Total of 4 processors activated (8.00 BogoMIPS).
[    0.008179] CPU: All CPU(s) started in SVC mode.
[    0.008759] devtmpfs: initialized
[    0.016970] VFP support v0.3: implementor 41 architecture 3 part 30 variant 9 rev 4
[    0.017669] clocksource: jiffies: mask: 0xffffffff max_cycles: 0xffffffff, max_idle_ns: 9556302231375000 ns
[    0.021181] pinctrl core: initialized pinctrl subsystem
[    0.022614] NET: Registered protocol family 16
[    0.025145] DMA: preallocated 256 KiB pool for atomic coherent allocations
[    0.039933] cpuidle: using governor ladder
[    0.054925] cpuidle: using governor menu
[    0.062872] No ATAGs?
[    0.062903] hw-breakpoint: found 5 (+1 reserved) breakpoint and 1 watchpoint registers.
[    0.062909] hw-breakpoint: maximum watchpoint size is 4 bytes.
[    0.065574] Serial: AMBA PL011 UART driver
[    0.066554] tegra-mc 7000f000.memory-controller: no memory timings for RAM code 3 registered
[    0.087813] vdd_5v_sata: Failed to request enable GPIO30: -517
[    0.087880] reg-fixed-voltage regulators:regulator@3: Failed to register regulator: -517
[    0.087988] usb1_vbus: Failed to request enable GPIO238: -517
[    0.088039] reg-fixed-voltage regulators:regulator@4: Failed to register regulator: -517
[    0.088144] usb3_vbus: Failed to request enable GPIO236: -517
[    0.088192] reg-fixed-voltage regulators:regulator@5: Failed to register regulator: -517
[    0.088342] sys_3v3_pexs: Failed to request enable GPIO95: -517
[    0.088391] reg-fixed-voltage regulators:regulator@7: Failed to register regulator: -517
[    0.090128] vgaarb: loaded
[    0.090585] SCSI subsystem initialized
[    0.090739] libata version 3.00 loaded.
[    0.090935] usbcore: registered new interface driver usbfs
[    0.090972] usbcore: registered new interface driver hub
[    0.091012] usbcore: registered new device driver usb
[    0.146712] pps_core: LinuxPPS API ver. 1 registered
[    0.146721] pps_core: Software ver. 5.3.6 - Copyright 2005-2007 Rodolfo Giometti <giometti@linux.it>
[    0.146737] PTP clock support registered
[    0.146885] EDAC MC: Ver: 3.0.0
[    0.148382] clocksource: Switched to clocksource timer_us
[    0.154375] NET: Registered protocol family 2
[    0.154773] TCP established hash table entries: 8192 (order: 3, 32768 bytes)
[    0.154827] TCP bind hash table entries: 8192 (order: 4, 65536 bytes)
[    0.154909] TCP: Hash tables configured (established 8192 bind 8192)
[    0.154994] UDP hash table entries: 512 (order: 2, 16384 bytes)
[    0.155054] UDP-Lite hash table entries: 512 (order: 2, 16384 bytes)
[    0.155229] NET: Registered protocol family 1
[    0.155461] RPC: Registered named UNIX socket transport module.
[    0.155467] RPC: Registered udp transport module.
[    0.155471] RPC: Registered tcp transport module.
[    0.155476] RPC: Registered tcp NFSv4.1 backchannel transport module.
[    0.155496] PCI: CLS 0 bytes, default 64
[    0.156250] hw perfevents: enabled with armv7_cortex_a9 PMU driver, 7 counters available
[    0.157169] futex hash table entries: 1024 (order: 4, 65536 bytes)
[    0.163116] squashfs: version 4.0 (2009/01/31) Phillip Lougher
[    0.163656] NFS: Registering the id_resolver key type
[    0.163700] Key type id_resolver registered
[    0.163705] Key type id_legacy registered
[    0.163749] ntfs: driver 2.1.32 [Flags: R/O].
[    0.164575] bounce: pool size: 64 pages
[    0.164695] Block layer SCSI generic (bsg) driver version 0.4 loaded (major 249)
[    0.164709] io scheduler noop registered
[    0.164717] io scheduler deadline registered
[    0.164738] io scheduler cfq registered (default)
[    0.169638] tegra30-pinctrl 70000868.pinmux: invalid group "sdmmc3_dat6_pd3" for function "rsvd1"
[    0.169653] tegra30-pinctrl 70000868.pinmux: invalid group "sdmmc3_dat7_pd4" for function "rsvd1"
[    0.169669] tegra30-pinctrl 70000868.pinmux: invalid group "vi_vsync_pd6" for function "rsvd1"
[    0.169679] tegra30-pinctrl 70000868.pinmux: invalid group "vi_hsync_pd7" for function "rsvd1"
[    0.170349] tegra30-pinctrl 70000868.pinmux: invalid group "hdmi_int_pn7" for function "rsvd1"
[    0.170414] tegra30-pinctrl 70000868.pinmux: invalid group "ulpi_data3_po4" for function "rsvd1"
[    0.170943] tegra30-pinctrl 70000868.pinmux: invalid group "vi_d10_pt2" for function "rsvd1"
[    0.170960] tegra30-pinctrl 70000868.pinmux: invalid group "vi_d11_pt3" for function "rsvd1"
[    0.170975] tegra30-pinctrl 70000868.pinmux: invalid group "vi_d0_pt4" for function "rsvd1"
[    0.171037] tegra30-pinctrl 70000868.pinmux: invalid group "pu0" for function "rsvd1"
[    0.171084] tegra30-pinctrl 70000868.pinmux: invalid group "pu3" for function "rsvd1"
[    0.171130] tegra30-pinctrl 70000868.pinmux: invalid group "pu6" for function "rsvd1"
[    0.171194] tegra30-pinctrl 70000868.pinmux: invalid group "pv3" for function "rsvd1"
[    0.171991] tegra30-pinctrl 70000868.pinmux: invalid group "pbb0" for function "rsvd1"
[    0.172177] tegra30-pinctrl 70000868.pinmux: invalid group "pcc1" for function "rsvd1"
[    0.176429] tegra-pcie 3000.pcie-controller: 2x3 configuration
[    0.176545] vdd_1v5_gen: supplied by vdd_5v_in
[    0.176592] vdd_pexa,vdd_pexb: supplied by vdd_1v5_gen
[    0.176684] tegra-pcie 3000.pcie-controller: Failed to get supply 'hvdd-pex': -517
[    0.180485] tegra-apbdma 6000a000.dma: Tegra20 APB DMA driver register 32 channels
[    0.181362] tegra-pmc 7000e400.pmc: i2c-thermtrip node not found, emergency thermal reset disabled.
[    0.213675] Serial: 8250/16550 driver, 4 ports, IRQ sharing disabled
[    0.215259] SuperH (H)SCI(F) driver initialized
[    0.215794] msm_serial: driver initialized
[    0.216416] console [ttyS0] disabled
[    0.216454] 70006000.serial: ttyS0 at MMIO 0x70006000 (irq = 331, base_baud = 25500000) is a Tegra
[    1.145577] console [ttyS0] enabled
[    1.149540] STMicroelectronics ASC driver initialized
[    1.156060] [drm] Initialized drm 1.1.0 20060810
[    1.162136] tegra-hdmi 54280000.hdmi: failed to get HDMI regulator
[    1.173613] loop: module loaded
[    1.181190] m25p80 spi32766.1: w25q32 (4096 Kbytes)
[    1.186084] spi32766.1: 'partitions' subnode not found on /spi@7000da00/spi-flash@1. Trying to parse direct subnodes as partitions.
[    1.199629] CAN device driver interface
[    1.204211] igb: Intel(R) Gigabit Ethernet Network Driver - version 5.3.0-k
[    1.211166] igb: Copyright (c) 2007-2014 Intel Corporation.
[    1.218444] pegasus: v0.9.3 (2013/04/25), Pegasus/Pegasus II USB Ethernet driver
[    1.225883] usbcore: registered new interface driver pegasus
[    1.231571] usbcore: registered new interface driver asix
[    1.236990] usbcore: registered new interface driver ax88179_178a
[    1.243101] usbcore: registered new interface driver cdc_ether
[    1.248963] usbcore: registered new interface driver smsc75xx
[    1.254746] usbcore: registered new interface driver smsc95xx
[    1.260512] usbcore: registered new interface driver net1080
[    1.266196] usbcore: registered new interface driver cdc_subset
[    1.272136] usbcore: registered new interface driver zaurus
[    1.277761] usbcore: registered new interface driver cdc_ncm
[    1.284669] ehci_hcd: USB 2.0 'Enhanced' Host Controller (EHCI) Driver
[    1.291198] ehci-pci: EHCI PCI platform driver
[    1.295664] ehci-platform: EHCI generic platform driver
[    1.301002] ehci-omap: OMAP-EHCI Host Controller driver
[    1.306295] ehci-orion: EHCI orion driver
[    1.310377] SPEAr-ehci: EHCI SPEAr driver
[    1.314457] ehci-st: EHCI STMicroelectronics driver
[    1.319409] ehci-exynos: EHCI EXYNOS driver
[    1.323681] ehci-atmel: EHCI Atmel driver
[    1.327751] tegra-ehci: Tegra EHCI driver
[    1.332073] ohci_hcd: USB 1.1 'Open' Host Controller (OHCI) Driver
[    1.338258] ohci-pci: OHCI PCI platform driver
[    1.342729] ohci-platform: OHCI generic platform driver
[    1.348050] ohci-omap3: OHCI OMAP3 driver
[    1.352130] SPEAr-ohci: OHCI SPEAr driver
[    1.356212] ohci-st: OHCI STMicroelectronics driver
[    1.361159] ohci-atmel: OHCI Atmel driver
[    1.365457] usbcore: registered new interface driver usb-storage
[    1.372347] mousedev: PS/2 mouse device common for all mice
[    1.379993] tegra_rtc 7000e000.rtc: rtc core: registered 7000e000.rtc as rtc1
[    1.387158] tegra_rtc 7000e000.rtc: Tegra internal Real Time Clock
[    1.405872] tps65910-rtc tps65910-rtc: rtc core: registered tps65910-rtc as rtc0
[    1.413473] i2c /dev entries driver
[    1.421809] sdhci: Secure Digital Host Controller Interface driver
[    1.427988] sdhci: Copyright(c) Pierre Ossman
[    1.433222] Synopsys Designware Multimedia Card Interface Driver
[    1.439851] sdhci-pltfm: SDHCI platform and OF driver helper
[    1.446016] sdhci-tegra 78000000.sdhci: Got CD GPIO
[    1.450902] sdhci-tegra 78000000.sdhci: Got WP GPIO
[    1.456918] sdhci-tegra 78000000.sdhci: No vmmc regulator found
[    1.462834] sdhci-tegra 78000000.sdhci: No vqmmc regulator found
[    1.468833] mmc0: Invalid maximum block size, assuming 512 bytes
[    1.508457] mmc0: SDHCI controller on 78000000.sdhci [78000000.sdhci] using ADMA
[    1.517030] sdhci-tegra 78000600.sdhci: No vmmc regulator found
[    1.522949] sdhci-tegra 78000600.sdhci: No vqmmc regulator found
[    1.528947] mmc1: Invalid maximum block size, assuming 512 bytes
[    1.568387] mmc1: SDHCI controller on 78000600.sdhci [78000600.sdhci] using ADMA
[    1.576719] ledtrig-cpu: registered to indicate activity on CPUs
[    1.582847] usbcore: registered new interface driver usbhid
[    1.588414] usbhid: USB HID core driver
[    1.594912] NET: Registered protocol family 10
[    1.599922] sit: IPv6 over IPv4 tunneling driver
[    1.604978] NET: Registered protocol family 17
[    1.609436] can: controller area network core (rev 20120528 abi 9)
[    1.615654] NET: Registered protocol family 29
[    1.620099] can: raw protocol (rev 20120528)
[    1.624370] can: broadcast manager protocol (rev 20120528 t)
[    1.630029] can: netlink gateway (rev 20130117) max_hops=1
[    1.635771] Key type dns_resolver registered
[    1.640456] ThumbEE CPU extension supported.
[    1.644739] Registering SWP/SWPB emulation handler
[    1.654618] mmc1: new high speed MMC card at address 0001
[    1.661156] mmcblk0: mmc1:0001 SEM16G 14.8 GiB 
[    1.667061] mmcblk0boot0: mmc1:0001 SEM16G partition 1 1.00 MiB
[    1.673979] mmcblk0boot1: mmc1:0001 SEM16G partition 2 1.00 MiB
[    1.681302] mmcblk0rpmb: mmc1:0001 SEM16G partition 3 128 KiB
[    1.693365] Primary GPT is invalid, using alternate GPT.
[    1.693646] tegra-pcie 3000.pcie-controller: 2x3 configuration
[    1.693785] sys_3v3,vdd_3v3_alw: supplied by vdd_5v_in
[    1.693814] sys_3v3_pexs: supplied by sys_3v3,vdd_3v3_alw
[    1.701747] tegra-pcie 3000.pcie-controller: probing port 0, using 2 lanes
[    1.721909]  mmcblk0: p1 p2 p3 p4 p5
[    1.760064] tegra-pcie 3000.pcie-controller: probing port 2, using 2 lanes
[    2.170703] tegra-pcie 3000.pcie-controller: link 2 down, retrying
[    2.580649] tegra-pcie 3000.pcie-controller: link 2 down, retrying
[    2.990577] tegra-pcie 3000.pcie-controller: link 2 down, retrying
[    2.998766] tegra-pcie 3000.pcie-controller: link 2 down, ignoring
[    3.005062] tegra-pcie 3000.pcie-controller: PCI host bridge to bus 0000:00
[    3.012021] pci_bus 0000:00: root bus resource [mem 0x20000000-0x27ffffff]
[    3.018887] pci_bus 0000:00: root bus resource [mem 0x28000000-0x3fffffff pref]
[    3.026186] pci_bus 0000:00: root bus resource [bus 00-ff]
[    3.031664] pci_bus 0000:00: root bus resource [io  0x1000-0xffff]
[    3.037856] pci 0000:00:01.0: [10de:0e1c] type 01 class 0x060400
[    3.043917] pci 0000:00:01.0: PME# supported from D0 D1 D2 D3hot D3cold
[    3.050683] PCI: bus0: Fast back to back transfers disabled
[    3.056254] pci 0000:00:01.0: bridge configuration invalid ([bus 00-00]), reconfiguring
[    3.064346] pci 0000:01:00.0: [10ec:8168] type 00 class 0x020000
[    3.070377] pci 0000:01:00.0: reg 0x10: [io  0x0000-0x00ff]
[    3.075955] pci 0000:01:00.0: reg 0x18: [mem 0x00000000-0x00000fff 64bit pref]
[    3.083174] pci 0000:01:00.0: reg 0x20: [mem 0x00000000-0x00003fff 64bit pref]
[    3.090439] pci 0000:01:00.0: supports D1 D2
[    3.094704] pci 0000:01:00.0: PME# supported from D0 D1 D2 D3hot D3cold
[    3.108405] PCI: bus1: Fast back to back transfers disabled
[    3.113975] pci_bus 0000:01: busn_res: [bus 01-ff] end is updated to 01
[    3.120642] pci 0000:00:01.0: BAR 9: assigned [mem 0x28000000-0x280fffff 64bit pref]
[    3.128378] pci 0000:00:01.0: BAR 7: assigned [io  0x1000-0x1fff]
[    3.134467] pci 0000:01:00.0: BAR 4: assigned [mem 0x28000000-0x28003fff 64bit pref]
[    3.142208] pci 0000:01:00.0: BAR 2: assigned [mem 0x28004000-0x28004fff 64bit pref]
[    3.149948] pci 0000:01:00.0: BAR 0: assigned [io  0x1000-0x10ff]
[    3.156036] pci 0000:00:01.0: PCI bridge to [bus 01]
[    3.160994] pci 0000:00:01.0:   bridge window [io  0x1000-0x1fff]
[    3.167079] pci 0000:00:01.0:   bridge window [mem 0x28000000-0x280fffff 64bit pref]
[    3.174825] pci 0000:00:01.0: nv_msi_ht_cap_quirk didn't locate host bridge
[    3.181870] pcieport 0000:00:01.0: enabling device (0140 -> 0143)
[    3.188095] pcieport 0000:00:01.0: Signaling PME through PCIe PME interrupt
[    3.195050] pci 0000:01:00.0: Signaling PME through PCIe PME interrupt
[    3.201570] pcie_pme 0000:00:01.0:pcie01: service driver pcie_pme loaded
[    3.208449] r8169 Gigabit Ethernet driver 2.3LK-NAPI loaded
[    3.214031] r8169 0000:01:00.0: enabling device (0140 -> 0143)
[    3.221137] r8169 0000:01:00.0 eth0: RTL8168evl/8111evl at 0xf08d6000, 02:04:4b:01:60:a6, XID 0c900800 IRQ 375
[    3.231137] r8169 0000:01:00.0 eth0: jumbo features [frames: 9200 bytes, tx checksumming: ko]
[    3.240402] +VDD_5V_HDMI: supplied by sys_3v3,vdd_3v3_alw
[    3.245906] vdd_1v8_gen: supplied by vdd_5v_in
[    3.252084] [drm] Supports vblank timestamp caching Rev 2 (21.10.2013).
[    3.258713] [drm] No driver support for vblank timestamp query.
[    3.264655] drm drm: No connectors reported connected with modes
[    3.270662] [drm] Cannot find any crtc or sizes - going 1024x768
[    3.297306] Console: switching to colour frame buffer device 128x48
[    3.309609] drm drm: fb0:  frame buffer device
[    3.328779] [drm] Initialized tegra 0.0.0 20120330 on minor 0
[    3.337178] usb3_vbus: supplied by vdd_5v_in
[    3.343542] utmi_phy_clk_enable: timeout waiting for phy to stabilize
[    3.350000] tegra-ehci 7d004000.usb: EHCI Host Controller
[    3.355409] tegra-ehci 7d004000.usb: new USB bus registered, assigned bus number 1
[    3.363241] tegra-ehci 7d004000.usb: irq 343, io mem 0x7d004000
[    3.378787] tegra-ehci 7d004000.usb: USB 2.0 started, EHCI 1.00
[    3.385636] hub 1-0:1.0: USB hub found
[    3.389408] hub 1-0:1.0: 1 port detected
[    3.394235] tegra-ehci 7d008000.usb: EHCI Host Controller
[    3.399650] tegra-ehci 7d008000.usb: new USB bus registered, assigned bus number 2
[    3.407386] tegra-ehci 7d008000.usb: irq 344, io mem 0x7d008000
[    3.418778] tegra-ehci 7d008000.usb: USB 2.0 started, EHCI 1.00
[    3.425924] hub 2-0:1.0: USB hub found
[    3.429689] hub 2-0:1.0: 1 port detected
[    3.440832] tps65910-rtc tps65910-rtc: setting system clock to 2000-01-01 00:00:02 UTC (946684802)
[    3.454795] vdd_sata,avdd_plle: disabling
[    3.459585] usb1_vbus: disabling
[    3.465518] EXT4-fs (mmcblk0p1): mounting ext3 file system using the ext4 subsystem
[    3.547226] EXT4-fs (mmcblk0p1): warning: mounting fs with errors, running e2fsck is recommended
[    3.557846] EXT4-fs (mmcblk0p1): recovery complete
[    3.563820] EXT4-fs (mmcblk0p1): mounted filesystem with ordered data mode. Opts: (null)
[    3.571934] VFS: Mounted root (ext3 filesystem) on device 179:1.
[    3.589390] devtmpfs: mounted
[    3.593249] Freeing unused kernel memory: 1040K (c0d94000 - c0e98000)
bash: cannot set terminal process group (-1): Inappropriate ioctl for device
bash: no job contr[    3.738816] usb 2-1: new high-speed USB device number 2 using tegra-ehci
ol in this shell
root@(none):/# 