
U-Boot SPL 2015.04-rc3-00209-ga74ef40 (Mar 16 2015 - 14:43:39)


U-Boot 2015.04-rc3-00209-ga74ef40 (Mar 16 2015 - 14:43:39)

TEGRA20
Model: Compulab TrimSlice board
DRAM:  1 GiB
MMC:   Tegra SD/MMC: 0, Tegra SD/MMC: 1
SF: Detected W25Q80BL with page size 256 Bytes, erase size 4 KiB, total 1 MiB
tegra-pcie: PCI regions:
tegra-pcie:   I/O: 0x82000000-0x82010000
tegra-pcie:   non-prefetchable memory: 0xa0000000-0xa8000000
tegra-pcie:   prefetchable memory: 0xa8000000-0xc0000000
tegra-pcie: dual-mode configuration
tegra-pcie: probing port 0, using 2 lanes
In:    serial
Out:   serial
Err:   serial
Net:   RTL8169#0
Hit any key to stop autoboot:  2  0 
Tegra20 (TrimSlice) # 
Tegra20 (TrimSlice) # usb reset
resetting USB...
USB0:   USB EHCI 1.00
scanning bus 0 for devices... 3 USB Device(s) found
USB1:   USB EHCI 1.00
scanning bus 1 for devices... 1 USB Device(s) found
USB2:   lowlevel init failed
       scanning usb for storage devices... 0 Storage Device(s) found
       scanning usb for ethernet devices... 
Warning: asx0 using MAC address from net device
1 Ethernet Device(s) found
Tegra20 (TrimSlice) # setenv bootargs 'ignore_loglevel console=ttyS0,115200n8 rw root=/dev/mmcblk0p1 rootwait gpt debug noinitrd earlyprintk init=/bin/bash'
Tegra20 (TrimSlice) # setenv ipaddr 192.168.100.103; setenv serverip 192.168.100.1; setenv tftpserverip 192.168.100.1
Tegra20 (TrimSlice) # tftpboot 0x00408000 zImage.multi_v7_defconfig
Using RTL8169#0 device
TFTP from server 192.168.100.1; our IP address is 192.168.100.103
Filename 'zImage.multi_v7_defconfig'.
Load address: 0x408000
Loading: *#################################################################
	 #################################################################
	 #################################################################
	 #################################################################
	 #################################################################
	 #################################################################
	 #################################################
	 4.1 MiB/s
done
Bytes transferred = 6437056 (6238c0 hex)
Tegra20 (TrimSlice) # tftpboot 0x02408000 tegra20-trimslice.dtb
Using RTL8169#0 device
TFTP from server 192.168.100.1; our IP address is 192.168.100.103
Filename 'tegra20-trimslice.dtb'.
Load address: 0x2408000
Loading: *##
	 4 MiB/s
done
Bytes transferred = 21202 (52d2 hex)
Tegra20 (TrimSlice) # bootz 0x00408000 - 0x02408000
Kernel image @ 0x408000 [ 0x000000 - 0x6238c0 ]
## Flattened Device Tree blob at 02408000
   Booting using the fdt blob at 0x2408000
   Using Device Tree in place at 02408000, end 024102d1

Starting kernel ...

[    0.000000] Booting Linux on physical CPU 0x0
[    0.000000] Linux version 4.2.0-next-20150901-40358-g80b0ee7 (pwalmsley@sellafield) (gcc version 4.7.3 20130328 (prerelease) (crosstool-NG linaro-1.13.1-4.7-2013.04-20130415 - Linaro GCC 2013.04) ) #1 SMP Mon Sep 7 06:22:22 PDT 2015
[    0.000000] CPU: ARMv7 Processor [411fc090] revision 0 (ARMv7), cr=10c5387d
[    0.000000] CPU: PIPT / VIPT nonaliasing data cache, VIPT aliasing instruction cache
[    0.000000] Machine model: Compulab TrimSlice board
[    0.000000] debug: ignoring loglevel setting.
[    0.000000] cma: Reserved 64 MiB at 0x3c000000
[    0.000000] Memory policy: Data cache writealloc
[    0.000000] On node 0 totalpages: 262144
[    0.000000] free_area_init_node: node 0, pgdat c0f7f3c0, node_mem_map eeff8000
[    0.000000]   DMA zone: 1520 pages used for memmap
[    0.000000]   DMA zone: 0 pages reserved
[    0.000000]   DMA zone: 194560 pages, LIFO batch:31
[    0.000000]   HighMem zone: 67584 pages, LIFO batch:15
[    0.000000] PERCPU: Embedded 12 pages/cpu @eefca000 s19200 r8192 d21760 u49152
[    0.000000] pcpu-alloc: s19200 r8192 d21760 u49152 alloc=12*4096
[    0.000000] pcpu-alloc: [0] 0 [0] 1 
[    0.000000] Built 1 zonelists in Zone order, mobility grouping on.  Total pages: 260624
[    0.000000] Kernel command line: ignore_loglevel console=ttyS0,115200n8 rw root=/dev/mmcblk0p1 rootwait gpt debug noinitrd earlyprintk init=/bin/bash
[    0.000000] PID hash table entries: 4096 (order: 2, 16384 bytes)
[    0.000000] Dentry cache hash table entries: 131072 (order: 7, 524288 bytes)
[    0.000000] Inode-cache hash table entries: 65536 (order: 6, 262144 bytes)
[    0.000000] Memory: 959668K/1048576K available (8123K kernel code, 1012K rwdata, 3628K rodata, 1028K init, 340K bss, 23372K reserved, 65536K cma-reserved, 204800K highmem)
[    0.000000] Virtual kernel memory layout:
[    0.000000]     vector  : 0xffff0000 - 0xffff1000   (   4 kB)
[    0.000000]     fixmap  : 0xffc00000 - 0xfff00000   (3072 kB)
[    0.000000]     vmalloc : 0xf0000000 - 0xff000000   ( 240 MB)
[    0.000000]     lowmem  : 0xc0000000 - 0xef800000   ( 760 MB)
[    0.000000]     pkmap   : 0xbfe00000 - 0xc0000000   (   2 MB)
[    0.000000]     modules : 0xbf000000 - 0xbfe00000   (  14 MB)
[    0.000000]       .text : 0xc0208000 - 0xc0d82f38   (11756 kB)
[    0.000000]       .init : 0xc0d83000 - 0xc0e84000   (1028 kB)
[    0.000000]       .data : 0xc0e84000 - 0xc0f813a0   (1013 kB)
[    0.000000]        .bss : 0xc0f84000 - 0xc0fd92e8   ( 341 kB)
[    0.000000] SLUB: HWalign=64, Order=0-3, MinObjects=0, CPUs=2, Nodes=1
[    0.000000] Hierarchical RCU implementation.
[    0.000000] 	Build-time adjustment of leaf fanout to 32.
[    0.000000] 	RCU restricting CPUs from NR_CPUS=16 to nr_cpu_ids=2.
[    0.000000] RCU: Adjusting geometry for rcu_fanout_leaf=32, nr_cpu_ids=2
[    0.000000] NR_IRQS:16 nr_irqs:16 16
[    0.000000] /interrupt-controller@60004000: 128 interrupts forwarded to /interrupt-controller@50041000
[    0.000000] L2C: platform modifies aux control register: 0x02080000 -> 0x3e480001
[    0.000000] L2C: DT/platform modifies aux control register: 0x02080000 -> 0x3e480001
[    0.000000] L2C-310 errata 727915 769419 enabled
[    0.000000] L2C-310 enabling early BRESP for Cortex-A9
[    0.000000] L2C-310: enabling full line of zeros but not enabled in Cortex-A9
[    0.000000] L2C-310 ID prefetch enabled, offset 1 lines
[    0.000000] L2C-310 cache controller enabled, 8 ways, 1024 kB
[    0.000000] L2C-310: CACHE_ID 0x410000c4, AUX_CTRL 0x7e480001
[    0.000010] sched_clock: 32 bits at 1000kHz, resolution 1000ns, wraps every 2147483647500ns
[    0.000026] clocksource: timer_us: mask: 0xffffffff max_cycles: 0xffffffff, max_idle_ns: 1911260446275 ns
[    0.000036] Switching to timer-based delay loop, resolution 1000ns
[    0.001465] Console: colour dummy device 80x30
[    0.001485] Calibrating delay loop (skipped), value calculated using timer frequency.. 2.00 BogoMIPS (lpj=5000)
[    0.001495] pid_max: default: 32768 minimum: 301
[    0.001579] Mount-cache hash table entries: 2048 (order: 1, 8192 bytes)
[    0.001588] Mountpoint-cache hash table entries: 2048 (order: 1, 8192 bytes)
[    0.002047] CPU: Testing write buffer coherency: ok
[    0.002227] CPU0: thread -1, cpu 0, socket 0, mpidr 80000000
[    0.002269] Setting up static identity map for 0x209000 - 0x209098
[    0.003692] Tegra Revision: A03 prime SKU: 8 CPU Process: 1 SoC Process: 2
[    0.004620] CPU1: thread -1, cpu 1, socket 0, mpidr 80000001
[    0.004675] Brought up 2 CPUs
[    0.004686] SMP: Total of 2 processors activated (4.00 BogoMIPS).
[    0.004692] CPU: All CPU(s) started in SVC mode.
[    0.005277] devtmpfs: initialized
[    0.009353] VFP support v0.3: implementor 41 architecture 3 part 30 variant 9 rev 1
[    0.009744] clocksource: jiffies: mask: 0xffffffff max_cycles: 0xffffffff, max_idle_ns: 9556302231375000 ns
[    0.012924] pinctrl core: initialized pinctrl subsystem
[    0.014150] NET: Registered protocol family 16
[    0.016437] DMA: preallocated 256 KiB pool for atomic coherent allocations
[    0.029936] cpuidle: using governor ladder
[    0.044934] cpuidle: using governor menu
[    0.048988] gpiochip_add: GPIOs 0..223 (tegra-gpio) failed to register
[    0.054467] No ATAGs?
[    0.054497] hw-breakpoint: found 5 (+1 reserved) breakpoint and 1 watchpoint registers.
[    0.054504] hw-breakpoint: maximum watchpoint size is 4 bytes.
[    0.057330] Serial: AMBA PL011 UART driver
[    0.086777] vgaarb: loaded
[    0.087373] SCSI subsystem initialized
[    0.087507] libata version 3.00 loaded.
[    0.087727] usbcore: registered new interface driver usbfs
[    0.087772] usbcore: registered new interface driver hub
[    0.087813] usbcore: registered new device driver usb
[    0.089853] pps_core: LinuxPPS API ver. 1 registered
[    0.089861] pps_core: Software ver. 5.3.6 - Copyright 2005-2007 Rodolfo Giometti <giometti@linux.it>
[    0.089883] PTP clock support registered
[    0.090073] EDAC MC: Ver: 3.0.0
[    0.091990] clocksource: Switched to clocksource timer_us
[    0.099966] NET: Registered protocol family 2
[    0.100394] TCP established hash table entries: 8192 (order: 3, 32768 bytes)
[    0.100465] TCP bind hash table entries: 8192 (order: 4, 65536 bytes)
[    0.100579] TCP: Hash tables configured (established 8192 bind 8192)
[    0.100644] UDP hash table entries: 512 (order: 2, 16384 bytes)
[    0.100689] UDP-Lite hash table entries: 512 (order: 2, 16384 bytes)
[    0.100853] NET: Registered protocol family 1
[    0.101090] RPC: Registered named UNIX socket transport module.
[    0.101098] RPC: Registered udp transport module.
[    0.101104] RPC: Registered tcp transport module.
[    0.101109] RPC: Registered tcp NFSv4.1 backchannel transport module.
[    0.101128] PCI: CLS 0 bytes, default 64
[    0.101905] hw perfevents: enabled with armv7_cortex_a9 PMU driver, 7 counters available
[    0.102960] futex hash table entries: 512 (order: 3, 32768 bytes)
[    0.111074] squashfs: version 4.0 (2009/01/31) Phillip Lougher
[    0.111733] NFS: Registering the id_resolver key type
[    0.111765] Key type id_resolver registered
[    0.111771] Key type id_legacy registered
[    0.111823] ntfs: driver 2.1.32 [Flags: R/O].
[    0.112911] bounce: pool size: 64 pages
[    0.113077] Block layer SCSI generic (bsg) driver version 0.4 loaded (major 249)
[    0.113092] io scheduler noop registered
[    0.113103] io scheduler deadline registered
[    0.113132] io scheduler cfq registered (default)
[    0.122228] tegra-pcie 80003000.pcie-controller: dual-mode configuration
[    0.122789] tegra-pcie 80003000.pcie-controller: probing port 0, using 2 lanes
[    0.206428] tegra-pcie 80003000.pcie-controller: PCI host bridge to bus 0000:00
[    0.206440] pci_bus 0000:00: root bus resource [mem 0xa0000000-0xa7ffffff]
[    0.206450] pci_bus 0000:00: root bus resource [mem 0xa8000000-0xbfffffff pref]
[    0.206459] pci_bus 0000:00: root bus resource [bus 00-ff]
[    0.206468] pci_bus 0000:00: root bus resource [io  0x1000-0xffff]
[    0.206498] pci 0000:00:01.0: [10de:0bf0] type 01 class 0x060000
[    0.206554] pci 0000:00:01.0: PME# supported from D0 D1 D2 D3hot D3cold
[    0.206736] PCI: bus0: Fast back to back transfers disabled
[    0.206747] pci 0000:00:01.0: bridge configuration invalid ([bus 00-00]), reconfiguring
[    0.206850] pci 0000:00:01.0: PCI bridge to [bus 01-ff]
[    0.206862] pci 0000:00:01.0:   bridge window [io  0x0000-0x0fff]
[    0.206906] pci 0000:01:00.0: [10ec:8168] type 00 class 0x020000
[    0.206943] pci 0000:01:00.0: reg 0x10: [io  0x0000-0x00ff]
[    0.206965] pci 0000:01:00.0: reg 0x18: [mem 0x00000000-0x00000fff 64bit pref]
[    0.207003] pci 0000:01:00.0: reg 0x20: [mem 0x00000000-0x00003fff 64bit pref]
[    0.207017] pci 0000:01:00.0: reg 0x30: [mem 0x00000000-0x0001ffff pref]
[    0.207071] pci 0000:01:00.0: supports D1 D2
[    0.207079] pci 0000:01:00.0: PME# supported from D0 D1 D2 D3hot D3cold
[    0.217020] PCI: bus1: Fast back to back transfers disabled
[    0.217032] pci_bus 0000:01: busn_res: [bus 01-ff] end is updated to 01
[    0.217044] Disabling cpuidle LP2 state, since PCIe IRQs are in use
[    0.217098] pci 0000:00:01.0: BAR 8: assigned [mem 0xa0000000-0xa00fffff]
[    0.217110] pci 0000:00:01.0: BAR 9: assigned [mem 0xa8000000-0xa80fffff 64bit pref]
[    0.217119] pci 0000:00:01.0: BAR 7: assigned [io  0x1000-0x1fff]
[    0.217132] pci 0000:01:00.0: BAR 6: assigned [mem 0xa0000000-0xa001ffff pref]
[    0.217142] pci 0000:01:00.0: BAR 4: assigned [mem 0xa8000000-0xa8003fff 64bit pref]
[    0.217159] pci 0000:01:00.0: BAR 2: assigned [mem 0xa8004000-0xa8004fff 64bit pref]
[    0.217175] pci 0000:01:00.0: BAR 0: assigned [io  0x1000-0x10ff]
[    0.217185] pci 0000:00:01.0: PCI bridge to [bus 01]
[    0.217194] pci 0000:00:01.0:   bridge window [io  0x1000-0x1fff]
[    0.217203] pci 0000:00:01.0:   bridge window [mem 0xa0000000-0xa00fffff]
[    0.217211] pci 0000:00:01.0:   bridge window [mem 0xa8000000-0xa80fffff 64bit pref]
[    0.217231] pci 0000:00:01.0: nv_msi_ht_cap_quirk didn't locate host bridge
[    0.217298] pcieport 0000:00:01.0: enabling device (0140 -> 0143)
[    0.217465] pcieport 0000:00:01.0: Signaling PME through PCIe PME interrupt
[    0.217473] pci 0000:01:00.0: Signaling PME through PCIe PME interrupt
[    0.217483] pcie_pme 0000:00:01.0:pcie01: service driver pcie_pme loaded
[    0.221119] tegra-apbdma 6000a000.dma: Tegra20 APB DMA driver register 16 channels
[    0.270007] Serial: 8250/16550 driver, 4 ports, IRQ sharing disabled
[    0.271871] SuperH (H)SCI(F) driver initialized
[    0.272595] msm_serial: driver initialized
[    0.273266] console [ttyS0] disabled
[    0.273301] 70006000.serial: ttyS0 at MMIO 0x70006000 (irq = 55, base_baud = 13500000) is a Tegra
[    1.227154] console [ttyS0] enabled
[    1.231174] STMicroelectronics ASC driver initialized
[    1.237907] [drm] Initialized drm 1.1.0 20060810
[    1.244220] 54280000.hdmi supply hdmi not found, using dummy regulator
[    1.253269] [drm] Supports vblank timestamp caching Rev 2 (21.10.2013).
[    1.259880] [drm] No driver support for vblank timestamp query.
[    1.265812] drm drm: No connectors reported connected with modes
[    1.271815] [drm] Cannot find any crtc or sizes - going 1024x768
[    1.293970] Console: switching to colour frame buffer device 128x48
[    1.308642] drm drm: fb0:  frame buffer device
[    1.326996] [drm] Initialized tegra 0.0.0 20120330 on minor 0
[    1.337843] loop: module loaded
[    1.345569] m25p80 spi32766.0: found s25fl008k, expected w25q80bl
[    1.351674] m25p80 spi32766.0: s25fl008k (1024 Kbytes)
[    1.359202] CAN device driver interface
[    1.364020] igb: Intel(R) Gigabit Ethernet Network Driver - version 5.3.0-k
[    1.370978] igb: Copyright (c) 2007-2014 Intel Corporation.
[    1.377117] r8169 Gigabit Ethernet driver 2.3LK-NAPI loaded
[    1.382712] r8169 0000:01:00.0: enabling device (0140 -> 0143)
[    1.389167] r8169 0000:01:00.0 eth0: RTL8168d/8111d at 0xf005e000, 00:01:c0:13:7d:63, XID 081000c0 IRQ 72
[    1.398735] r8169 0000:01:00.0 eth0: jumbo features [frames: 9200 bytes, tx checksumming: ko]
[    1.408997] pegasus: v0.9.3 (2013/04/25), Pegasus/Pegasus II USB Ethernet driver
[    1.416450] usbcore: registered new interface driver pegasus
[    1.422162] usbcore: registered new interface driver asix
[    1.427602] usbcore: registered new interface driver ax88179_178a
[    1.433735] usbcore: registered new interface driver cdc_ether
[    1.439630] usbcore: registered new interface driver smsc75xx
[    1.445430] usbcore: registered new interface driver smsc95xx
[    1.451214] usbcore: registered new interface driver net1080
[    1.456921] usbcore: registered new interface driver cdc_subset
[    1.462885] usbcore: registered new interface driver zaurus
[    1.468529] usbcore: registered new interface driver cdc_ncm
[    1.474470] tegra-phy c5004000.usb-phy: invalid gpio: -517
[    1.480018] tegra-phy c5008000.usb-phy: no vbus regulator
[    1.487919] ehci_hcd: USB 2.0 'Enhanced' Host Controller (EHCI) Driver
[    1.494455] ehci-pci: EHCI PCI platform driver
[    1.498942] ehci-platform: EHCI generic platform driver
[    1.504328] ehci-omap: OMAP-EHCI Host Controller driver
[    1.509661] ehci-orion: EHCI orion driver
[    1.513780] SPEAr-ehci: EHCI SPEAr driver
[    1.517909] ehci-st: EHCI STMicroelectronics driver
[    1.522896] ehci-exynos: EHCI EXYNOS driver
[    1.527201] ehci-atmel: EHCI Atmel driver
[    1.531301] tegra-ehci: Tegra EHCI driver
[    1.538193] tegra-ehci c5008000.usb: EHCI Host Controller
[    1.543608] tegra-ehci c5008000.usb: new USB bus registered, assigned bus number 1
[    1.551530] tegra-ehci c5008000.usb: irq 66, io mem 0xc5008000
[    1.567006] tegra-ehci c5008000.usb: USB 2.0 started, EHCI 1.00
[    1.573511] hub 1-0:1.0: USB hub found
[    1.577307] hub 1-0:1.0: 1 port detected
[    1.581520] ohci_hcd: USB 1.1 'Open' Host Controller (OHCI) Driver
[    1.587725] ohci-pci: OHCI PCI platform driver
[    1.592224] ohci-platform: OHCI generic platform driver
[    1.597600] ohci-omap3: OHCI OMAP3 driver
[    1.601703] SPEAr-ohci: OHCI SPEAr driver
[    1.605824] ohci-st: OHCI STMicroelectronics driver
[    1.610808] ohci-atmel: OHCI Atmel driver
[    1.615009] usbcore: registered new interface driver usb-storage
[    1.622144] mousedev: PS/2 mouse device common for all mice
[    1.629810] rtc-em3027 2-0056: rtc core: registered rtc-em3027 as rtc0
[    1.637537] tegra_rtc 7000e000.rtc: rtc core: registered 7000e000.rtc as rtc1
[    1.644700] tegra_rtc 7000e000.rtc: Tegra internal Real Time Clock
[    1.651299] i2c /dev entries driver
[    1.661239] sdhci: Secure Digital Host Controller Interface driver
[    1.667423] sdhci: Copyright(c) Pierre Ossman
[    1.672979] Synopsys Designware Multimedia Card Interface Driver
[    1.679836] sdhci-pltfm: SDHCI platform and OF driver helper
[    1.686307] sdhci-tegra c8000000.sdhci: No vmmc regulator found
[    1.692231] sdhci-tegra c8000000.sdhci: No vqmmc regulator found
[    1.698236] mmc0: Invalid maximum block size, assuming 512 bytes
[    1.732004] mmc0: SDHCI controller on c8000000.sdhci [c8000000.sdhci] using ADMA
[    1.740499] ledtrig-cpu: registered to indicate activity on CPUs
[    1.746791] usbcore: registered new interface driver usbhid
[    1.752363] usbhid: USB HID core driver
[    1.759821] NET: Registered protocol family 10
[    1.764946] sit: IPv6 over IPv4 tunneling driver
[    1.770054] NET: Registered protocol family 17
[    1.774516] can: controller area network core (rev 20120528 abi 9)
[    1.780738] NET: Registered protocol family 29
[    1.785191] can: raw protocol (rev 20120528)
[    1.789468] can: broadcast manager protocol (rev 20120528 t)
[    1.795130] can: netlink gateway (rev 20130117) max_hops=1
[    1.800942] Key type dns_resolver registered
[    1.805581] ThumbEE CPU extension supported.
[    1.809865] Registering SWP/SWPB emulation handler
[    1.818746] tegra-phy c5004000.usb-phy: no vbus regulator
[    1.826092] utmi_phy_clk_enable: timeout waiting for phy to stabilize
[    1.832552] tegra-ehci c5000000.usb: EHCI Host Controller
[    1.837966] tegra-ehci c5000000.usb: new USB bus registered, assigned bus number 2
[    1.845819] tegra-ehci c5000000.usb: irq 64, io mem 0xc5000000
[    1.889483] mmc0: host does not support reading read-only switch, assuming write-enable
[    1.899438] mmc0: new high speed SDHC card at address b368
[    1.905255] mmcblk0: mmc0:b368 NCard 3.70 GiB 
[    1.911576]  mmcblk0: p1
[    1.922016] usb 1-1: new high-speed USB device number 2 using tegra-ehci
[    1.937004] tegra-ehci c5000000.usb: USB 2.0 started, EHCI 1.00
[    1.943508] hub 2-0:1.0: USB hub found
[    1.947302] hub 2-0:1.0: 1 port detected
[    1.973196] ulpi_phy_power_on: ulpi write failed
[    1.977818] tegra-ehci c5004000.usb: Failed to power on the phy
[    1.983749] tegra-ehci: probe of c5004000.usb failed with error -110
[    1.991842] sdhci-tegra c8000600.sdhci: Got CD GPIO
[    1.996739] sdhci-tegra c8000600.sdhci: Got WP GPIO
[    2.001772] sdhci-tegra c8000600.sdhci: No vmmc regulator found
[    2.007700] sdhci-tegra c8000600.sdhci: No vqmmc regulator found
[    2.013700] mmc1: Invalid maximum block size, assuming 512 bytes
[    2.047116] mmc1: SDHCI controller on c8000600.sdhci [c8000600.sdhci] using ADMA
[    2.055374] input: gpio-keys as /devices/soc0/gpio-keys/input/input0
[    2.062267] rtc-em3027 2-0056: setting system clock to 2014-12-26 21:59:17 UTC (1419631157)
[    2.075626] EXT4-fs (mmcblk0p1): mounting ext3 file system using the ext4 subsystem
[    2.083510] hub 1-1:1.0: USB hub found
[    2.087415] hub 1-1:1.0: 4 ports detected
[    2.161456] mmc1: new high speed SD card at address b368
[    2.167119] mmcblk1: mmc1:b368 NCard 1.83 GiB (ro)
[    2.173449] EXT4-fs (mmcblk0p1): recovery complete
[    2.178269] EXT4-fs (mmcblk0p1): mounted filesystem with ordered data mode. Opts: (null)
[    2.178308]  mmcblk1: p1 p2
[    2.189177] VFS: Mounted root (ext3 filesystem) on device 179:1.
[    2.198123] devtmpfs: mounted
[    2.201803] Freeing unused kernel memory: 1028K (c0d83000 - c0e84000)
[    2.382019] usb 1-1.2: new high-speed USB device number 3 using tegra-ehci
bash: cannot set terminal process group (-1): Inappropriate ioctl for device
bash: no job control in this shell
root@(none):/# 