
U-Boot SPL 2014.01-00219-gc4d376f (Feb 18 2014 - 19:57:18)


U-Boot 2014.01-00219-gc4d376f (Feb 18 2014 - 19:57:18)

TEGRA30
Board: NVIDIA Beaver
I2C:   ready
DRAM:  2 GiB
MMC:   Tegra SD/MMC: 0, Tegra SD/MMC: 1
In:    serial
Out:   serial
Err:   serial
Net:   Net Initialization Skipped
No ethernet found.
Hit any key to stop autoboot:  2  0 
Tegra30 (Beaver) # 
Tegra30 (Beaver) # usb reset
(Re)start USB...
USB0:   USB EHCI 1.00
scanning bus 0 for devices... 2 USB Device(s) found
       scanning usb for storage devices... 0 Storage Device(s) found
       scanning usb for ethernet devices... 
Warning: asx0 using MAC address from net device
1 Ethernet Device(s) found
Tegra30 (Beaver) # setenv bootargs 'ignore_loglevel console=ttyS0,115200n8 rw root=PARTUUID=edbe1840-3633-c751-7993-b0ac834f81e0 rootwait gpt debug noinitrd earlyprintk init=/bin/bash'
Tegra30 (Beaver) # setenv ipaddr 192.168.100.101; setenv serverip 192.168.100.1; setenv tftpserverip 192.168.100.1
Tegra30 (Beaver) # tftpboot 0x81000000 zImage.multi_v7_defconfig
Using asx0 device
TFTP from server 192.168.100.1; our IP address is 192.168.100.101
Filename 'zImage.multi_v7_defconfig'.
Load address: 0x81000000
Loading: *#################################################################
	 #################################################################
	 #################################################################
	 #################################################################
	 #################################################################
	 #################################################################
	 #################################################################
	 ############################
	 3.3 MiB/s
done
Bytes transferred = 7076728 (6bfb78 hex)
Tegra30 (Beaver) # tftpboot 0x82000000 tegra30-beaver.dtb
Using asx0 device
TFTP from server 192.168.100.1; our IP address is 192.168.100.101
Filename 'tegra30-beaver.dtb'.
Load address: 0x82000000
Loading: *####
	 3.1 MiB/s
done
Bytes transferred = 51627 (c9ab hex)
Tegra30 (Beaver) # bootz 0x81000000 - 0x82000000
Kernel image @ 0x81000000 [ 0x000000 - 0x6bfb78 ]
## Flattened Device Tree blob at 82000000
   Booting using the fdt blob at 0x82000000
   Loading Device Tree to 8fff0000, end 8ffff9aa ... OK

Starting kernel ...

[    0.000000] Booting Linux on physical CPU 0x0
[    0.000000] Linux version 4.6.0-rc7-next-20160516-94924-gb0dc27a (pwalmsley@sellafield) (gcc version 4.7.3 20130328 (prerelease) (crosstool-NG linaro-1.13.1-4.7-2013.04-20130415 - Linaro GCC 2013.04) ) #1 SMP Mon May 23 11:58:58 PDT 2016
[    0.000000] CPU: ARMv7 Processor [412fc099] revision 9 (ARMv7), cr=10c5387d
[    0.000000] CPU: PIPT / VIPT nonaliasing data cache, VIPT aliasing instruction cache
[    0.000000] Machine model: NVIDIA Tegra30 Beaver evaluation board
[    0.000000] debug: ignoring loglevel setting.
[    0.000000] cma: Reserved 64 MiB at 0xfb800000
[    0.000000] Memory policy: Data cache writealloc
[    0.000000] On node 0 totalpages: 524032
[    0.000000] free_area_init_node: node 0, pgdat c141bb40, node_mem_map eeff8000
[    0.000000]   DMA zone: 1536 pages used for memmap
[    0.000000]   DMA zone: 0 pages reserved
[    0.000000]   DMA zone: 196608 pages, LIFO batch:31
[    0.000000]   HighMem zone: 327424 pages, LIFO batch:31
[    0.000000] percpu: Embedded 13 pages/cpu @eef8f000 s23808 r8192 d21248 u53248
[    0.000000] pcpu-alloc: s23808 r8192 d21248 u53248 alloc=13*4096
[    0.000000] pcpu-alloc: [0] 0 [0] 1 [0] 2 [0] 3 
[    0.000000] Built 1 zonelists in Zone order, mobility grouping on.  Total pages: 522496
[    0.000000] Kernel command line: ignore_loglevel console=ttyS0,115200n8 rw root=PARTUUID=edbe1840-3633-c751-7993-b0ac834f81e0 rootwait gpt debug noinitrd earlyprintk init=/bin/bash
[    0.000000] PID hash table entries: 4096 (order: 2, 16384 bytes)
[    0.000000] Dentry cache hash table entries: 131072 (order: 7, 524288 bytes)
[    0.000000] Inode-cache hash table entries: 65536 (order: 6, 262144 bytes)
[    0.000000] Memory: 1995036K/2096128K available (9529K kernel code, 1142K rwdata, 4216K rodata, 2048K init, 343K bss, 35556K reserved, 65536K cma-reserved, 1244160K highmem)
[    0.000000] Virtual kernel memory layout:
[    0.000000]     vector  : 0xffff0000 - 0xffff1000   (   4 kB)
[    0.000000]     fixmap  : 0xffc00000 - 0xfff00000   (3072 kB)
[    0.000000]     vmalloc : 0xf0800000 - 0xff800000   ( 240 MB)
[    0.000000]     lowmem  : 0xc0000000 - 0xf0000000   ( 768 MB)
[    0.000000]     pkmap   : 0xbfe00000 - 0xc0000000   (   2 MB)
[    0.000000]     modules : 0xbf000000 - 0xbfe00000   (  14 MB)
[    0.000000]       .text : 0xc0208000 - 0xc106c518   (14738 kB)
[    0.000000]       .init : 0xc1100000 - 0xc1300000   (2048 kB)
[    0.000000]       .data : 0xc1300000 - 0xc141dba0   (1143 kB)
[    0.000000]        .bss : 0xc141f000 - 0xc1474ca0   ( 344 kB)
[    0.000000] SLUB: HWalign=64, Order=0-3, MinObjects=0, CPUs=4, Nodes=1
[    0.000000] Hierarchical RCU implementation.
[    0.000000] 	Build-time adjustment of leaf fanout to 32.
[    0.000000] 	RCU restricting CPUs from NR_CPUS=16 to nr_cpu_ids=4.
[    0.000000] RCU: Adjusting geometry for rcu_fanout_leaf=32, nr_cpu_ids=4
[    0.000000] NR_IRQS:16 nr_irqs:16 16
[    0.000000] /interrupt-controller@60004000: 160 interrupts forwarded to /interrupt-controller@50041000
[    0.000000] L2C: platform modifies aux control register: 0x02080000 -> 0x3e480001
[    0.000000] L2C: DT/platform modifies aux control register: 0x02080000 -> 0x3e480001
[    0.000000] L2C-310 erratum 769419 enabled
[    0.000000] L2C-310 enabling early BRESP for Cortex-A9
[    0.000000] L2C-310: enabling full line of zeros but not enabled in Cortex-A9
[    0.000000] L2C-310 dynamic clock gating enabled, standby mode enabled
[    0.000000] L2C-310 cache controller enabled, 8 ways, 1024 kB
[    0.000000] L2C-310: CACHE_ID 0x410000c7, AUX_CTRL 0x4e480001
[    0.000013] sched_clock: 32 bits at 1000kHz, resolution 1000ns, wraps every 2147483647500ns
[    0.000031] clocksource: timer_us: mask: 0xffffffff max_cycles: 0xffffffff, max_idle_ns: 1911260446275 ns
[    0.000040] Switching to timer-based delay loop, resolution 1000ns
[    0.002821] Console: colour dummy device 80x30
[    0.002847] Calibrating delay loop (skipped), value calculated using timer frequency.. 2.00 BogoMIPS (lpj=5000)
[    0.002856] pid_max: default: 32768 minimum: 301
[    0.002942] Mount-cache hash table entries: 2048 (order: 1, 8192 bytes)
[    0.002949] Mountpoint-cache hash table entries: 2048 (order: 1, 8192 bytes)
[    0.003387] CPU: Testing write buffer coherency: ok
[    0.003677] CPU0: thread -1, cpu 0, socket 0, mpidr 80000000
[    0.003722] Setting up static identity map for 0x80300000 - 0x80300098
[    0.006196] Tegra Revision: A03 SKU: 128 CPU Process: 4 SoC Process: 0
[    0.010349] CPU1: thread -1, cpu 1, socket 0, mpidr 80000001
[    0.015333] CPU2: thread -1, cpu 2, socket 0, mpidr 80000002
[    0.020334] CPU3: thread -1, cpu 3, socket 0, mpidr 80000003
[    0.020378] Brought up 4 CPUs
[    0.020392] SMP: Total of 4 processors activated (8.00 BogoMIPS).
[    0.020396] CPU: All CPU(s) started in SVC mode.
[    0.021087] devtmpfs: initialized
[    0.029017] VFP support v0.3: implementor 41 architecture 3 part 30 variant 9 rev 4
[    0.029645] clocksource: jiffies: mask: 0xffffffff max_cycles: 0xffffffff, max_idle_ns: 9556302231375000 ns
[    0.032924] pinctrl core: initialized pinctrl subsystem
[    0.034429] NET: Registered protocol family 16
[    0.036597] DMA: preallocated 256 KiB pool for atomic coherent allocations
[    0.049929] cpuidle: using governor menu
[    0.058894] No ATAGs?
[    0.058916] hw-breakpoint: found 5 (+1 reserved) breakpoint and 1 watchpoint registers.
[    0.058923] hw-breakpoint: maximum watchpoint size is 4 bytes.
[    0.062105] Serial: AMBA PL011 UART driver
[    0.063429] tegra-mc 7000f000.memory-controller: no memory timings for RAM code 3 registered
[    0.082794] vdd_5v_sata: Failed to request enable GPIO30: -517
[    0.082808] reg-fixed-voltage regulators:regulator@3: Failed to register regulator: -517
[    0.082852] usb1_vbus: Failed to request enable GPIO238: -517
[    0.082859] reg-fixed-voltage regulators:regulator@4: Failed to register regulator: -517
[    0.082902] usb3_vbus: Failed to request enable GPIO236: -517
[    0.082909] reg-fixed-voltage regulators:regulator@5: Failed to register regulator: -517
[    0.083000] sys_3v3_pexs: Failed to request enable GPIO95: -517
[    0.083007] reg-fixed-voltage regulators:regulator@7: Failed to register regulator: -517
[    0.085041] vgaarb: loaded
[    0.085509] SCSI subsystem initialized
[    0.085619] libata version 3.00 loaded.
[    0.085792] usbcore: registered new interface driver usbfs
[    0.085830] usbcore: registered new interface driver hub
[    0.085865] usbcore: registered new device driver usb
[    0.092587] vrtc: supplied by vdd_5v_in
[    0.095898] vio: supplied by vdd_5v_in
[    0.101824] vdd1: supplied by vdd_5v_in
[    0.103188] vddio_ddr_1v2: Bringing 600000uV into 1200000-1200000uV
[    0.106824] vdd2: supplied by vdd_5v_in
[    0.116833] ldo1: supplied by vdd_1v5_gen
[    0.119204] ldo2: supplied by vdd_1v5_gen
[    0.119693] vdd_sata,avdd_plle: Bringing 1200000uV into 1050000-1050000uV
[    0.121943] ldo3: supplied by vdd_5v_in
[    0.124305] ldo4: supplied by vdd_5v_in
[    0.126838] ldo5: supplied by vdd_5v_in
[    0.131828] ldo6: supplied by vdd_1v8_gen
[    0.132298] avdd_dsi_csi,pwrdet_mipi: Bringing 1000000uV into 1200000-1200000uV
[    0.134533] ldo7: supplied by vdd_1v8_gen
[    0.141842] ldo8: supplied by vdd_1v8_gen
[    0.146881] pps_core: LinuxPPS API ver. 1 registered
[    0.146888] pps_core: Software ver. 5.3.6 - Copyright 2005-2007 Rodolfo Giometti <giometti@linux.it>
[    0.146900] PTP clock support registered
[    0.147032] EDAC MC: Ver: 3.0.0
[    0.148513] clocksource: Switched to clocksource timer_us
[    0.154313] NET: Registered protocol family 2
[    0.154717] TCP established hash table entries: 8192 (order: 3, 32768 bytes)
[    0.154771] TCP bind hash table entries: 8192 (order: 4, 65536 bytes)
[    0.154852] TCP: Hash tables configured (established 8192 bind 8192)
[    0.154931] UDP hash table entries: 512 (order: 2, 16384 bytes)
[    0.154988] UDP-Lite hash table entries: 512 (order: 2, 16384 bytes)
[    0.155162] NET: Registered protocol family 1
[    0.155420] RPC: Registered named UNIX socket transport module.
[    0.155427] RPC: Registered udp transport module.
[    0.155431] RPC: Registered tcp transport module.
[    0.155436] RPC: Registered tcp NFSv4.1 backchannel transport module.
[    0.155446] PCI: CLS 0 bytes, default 64
[    0.156204] hw perfevents: enabled with armv7_cortex_a9 PMU driver, 7 counters available
[    0.157093] futex hash table entries: 1024 (order: 4, 65536 bytes)
[    0.157581] workingset: timestamp_bits=28 max_order=19 bucket_order=0
[    0.162777] squashfs: version 4.0 (2009/01/31) Phillip Lougher
[    0.163228] NFS: Registering the id_resolver key type
[    0.163265] Key type id_resolver registered
[    0.163270] Key type id_legacy registered
[    0.163301] ntfs: driver 2.1.32 [Flags: R/O].
[    0.164141] bounce: pool size: 64 pages
[    0.164264] Block layer SCSI generic (bsg) driver version 0.4 loaded (major 248)
[    0.164273] io scheduler noop registered
[    0.164277] io scheduler deadline registered
[    0.164296] io scheduler cfq registered (default)
[    0.176942] tegra-pcie 3000.pcie-controller: 2x3 configuration
[    0.177091] tegra-pcie 3000.pcie-controller: Failed to get supply 'hvdd-pex': -517
[    0.180861] tegra-apbdma 6000a000.dma: Tegra20 APB DMA driver register 32 channels
[    0.182012] tegra-pmc 7000e400.pmc: i2c-thermtrip node not found, emergency thermal reset disabled.
[    0.213946] Serial: 8250/16550 driver, 4 ports, IRQ sharing disabled
[    0.215999] console [ttyS0] disabled
[    0.216036] 70006000.serial: ttyS0 at MMIO 0x70006000 (irq = 331, base_baud = 25500000) is a Tegra
[    1.073966] console [ttyS0] enabled
[    1.077995] SuperH (H)SCI(F) driver initialized
[    1.083131] msm_serial: driver initialized
[    1.087350] STMicroelectronics ASC driver initialized
[    1.094597] [drm] Initialized drm 1.1.0 20060810
[    1.101154] tegra-hdmi 54280000.hdmi: failed to get HDMI regulator
[    1.115202] brd: module loaded
[    1.122059] loop: module loaded
[    1.130149] m25p80 spi32766.1: w25q32 (4096 Kbytes)
[    1.137008] libphy: Fixed MDIO Bus: probed
[    1.141511] CAN device driver interface
[    1.146480] igb: Intel(R) Gigabit Ethernet Network Driver - version 5.3.0-k
[    1.153435] igb: Copyright (c) 2007-2014 Intel Corporation.
[    1.160789] pegasus: v0.9.3 (2013/04/25), Pegasus/Pegasus II USB Ethernet driver
[    1.168232] usbcore: registered new interface driver pegasus
[    1.173918] usbcore: registered new interface driver asix
[    1.179334] usbcore: registered new interface driver ax88179_178a
[    1.185443] usbcore: registered new interface driver cdc_ether
[    1.191305] usbcore: registered new interface driver smsc75xx
[    1.197078] usbcore: registered new interface driver smsc95xx
[    1.202845] usbcore: registered new interface driver net1080
[    1.208527] usbcore: registered new interface driver cdc_subset
[    1.214459] usbcore: registered new interface driver zaurus
[    1.220077] usbcore: registered new interface driver cdc_ncm
[    1.227180] ehci_hcd: USB 2.0 'Enhanced' Host Controller (EHCI) Driver
[    1.233707] ehci-pci: EHCI PCI platform driver
[    1.238161] ehci-platform: EHCI generic platform driver
[    1.243517] ehci-omap: OMAP-EHCI Host Controller driver
[    1.248811] ehci-orion: EHCI orion driver
[    1.252886] SPEAr-ehci: EHCI SPEAr driver
[    1.256971] ehci-st: EHCI STMicroelectronics driver
[    1.261921] ehci-exynos: EHCI EXYNOS driver
[    1.266191] ehci-atmel: EHCI Atmel driver
[    1.270274] tegra-ehci: Tegra EHCI driver
[    1.274469] ------------[ cut here ]------------
[    1.279102] WARNING: CPU: 1 PID: 1 at drivers/reset/core.c:187 __of_reset_control_get+0x1bc/0x228
[    1.287958] Modules linked in:
[    1.291020] CPU: 1 PID: 1 Comm: swapper/0 Not tainted 4.6.0-rc7-next-20160516-94924-gb0dc27a #1
[    1.299696] Hardware name: NVIDIA Tegra SoC (Flattened Device Tree)
[    1.305982] [<c030f9d0>] (unwind_backtrace) from [<c030b0c8>] (show_stack+0x10/0x14)
[    1.313713] [<c030b0c8>] (show_stack) from [<c05861c8>] (dump_stack+0x84/0xa4)
[    1.320930] [<c05861c8>] (dump_stack) from [<c0341b6c>] (__warn+0xd4/0x100)
[    1.327878] [<c0341b6c>] (__warn) from [<c0341bb8>] (warn_slowpath_null+0x20/0x28)
[    1.335430] [<c0341bb8>] (warn_slowpath_null) from [<c06a0280>] (__of_reset_control_get+0x1bc/0x228)
[    1.344553] [<c06a0280>] (__of_reset_control_get) from [<c0911d14>] (tegra_ehci_probe+0x2d0/0x51c)
[    1.353508] [<c0911d14>] (tegra_ehci_probe) from [<c0778df8>] (platform_drv_probe+0x50/0xb0)
[    1.361930] [<c0778df8>] (platform_drv_probe) from [<c077775c>] (driver_probe_device+0x1f4/0x2b0)
[    1.370783] [<c077775c>] (driver_probe_device) from [<c07778c4>] (__driver_attach+0xac/0xb0)
[    1.379203] [<c07778c4>] (__driver_attach) from [<c0775d70>] (bus_for_each_dev+0x54/0x88)
[    1.387362] [<c0775d70>] (bus_for_each_dev) from [<c0776d50>] (bus_add_driver+0xe8/0x1f4)
[    1.395521] [<c0776d50>] (bus_add_driver) from [<c07780e0>] (driver_register+0x78/0xf4)
[    1.403507] [<c07780e0>] (driver_register) from [<c0301e7c>] (do_one_initcall+0x3c/0x16c)
[    1.411674] [<c0301e7c>] (do_one_initcall) from [<c1100d80>] (kernel_init_freeable+0x120/0x1ec)
[    1.420369] [<c1100d80>] (kernel_init_freeable) from [<c0b5b920>] (kernel_init+0x8/0x118)
[    1.428531] [<c0b5b920>] (kernel_init) from [<c0307fb8>] (ret_from_fork+0x14/0x3c)
[    1.436108] ---[ end trace ac342ebb8f2dbcbd ]---
[    1.440722] tegra-ehci 7d004000.usb: can't get utmi-pads reset from the PHY
[    1.447673] tegra-ehci 7d004000.usb: continuing, but please update your DT
[    1.454717] ohci_hcd: USB 1.1 'Open' Host Controller (OHCI) Driver
[    1.460904] ohci-pci: OHCI PCI platform driver
[    1.465376] ohci-platform: OHCI generic platform driver
[    1.470708] ohci-omap3: OHCI OMAP3 driver
[    1.474795] SPEAr-ohci: OHCI SPEAr driver
[    1.478880] ohci-st: OHCI STMicroelectronics driver
[    1.483831] ohci-atmel: OHCI Atmel driver
[    1.488266] usbcore: registered new interface driver usb-storage
[    1.495218] mousedev: PS/2 mouse device common for all mice
[    1.502733] tegra_rtc 7000e000.rtc: rtc core: registered 7000e000.rtc as rtc1
[    1.509905] tegra_rtc 7000e000.rtc: Tegra internal Real Time Clock
[    1.528625] tps65910-rtc tps65910-rtc: rtc core: registered tps65910-rtc as rtc0
[    1.536219] i2c /dev entries driver
[    1.547085] sdhci: Secure Digital Host Controller Interface driver
[    1.553272] sdhci: Copyright(c) Pierre Ossman
[    1.558535] Synopsys Designware Multimedia Card Interface Driver
[    1.565170] sdhci-pltfm: SDHCI platform and OF driver helper
[    1.571389] sdhci-tegra 78000000.sdhci: Got CD GPIO
[    1.576279] sdhci-tegra 78000000.sdhci: Got WP GPIO
[    1.582307] mmc0: Invalid maximum block size, assuming 512 bytes
[    1.623594] mmc0: SDHCI controller on 78000000.sdhci [78000000.sdhci] using ADMA
[    1.632219] mmc1: Invalid maximum block size, assuming 512 bytes
[    1.673521] mmc1: SDHCI controller on 78000600.sdhci [78000600.sdhci] using ADMA
[    1.682038] ledtrig-cpu: registered to indicate activity on CPUs
[    1.688333] usbcore: registered new interface driver usbhid
[    1.693903] usbhid: USB HID core driver
[    1.700941] NET: Registered protocol family 10
[    1.705931] sit: IPv6 over IPv4 tunneling driver
[    1.710987] NET: Registered protocol family 17
[    1.715444] can: controller area network core (rev 20120528 abi 9)
[    1.721657] NET: Registered protocol family 29
[    1.726099] can: raw protocol (rev 20120528)
[    1.730365] can: broadcast manager protocol (rev 20120528 t)
[    1.736018] can: netlink gateway (rev 20130117) max_hops=1
[    1.741794] Key type dns_resolver registered
[    1.746450] ThumbEE CPU extension supported.
[    1.750726] Registering SWP/SWPB emulation handler
[    1.763568] vdd_ddr: supplied by vdd_5v_in
[    1.772571] vdd_5v_sata: supplied by vdd_5v_in
[    1.779411] usb1_vbus: supplied by vdd_5v_in
[    1.784020] usb3_vbus: supplied by vdd_5v_in
[    1.793585] sys_3v3,vdd_3v3_alw: supplied by vdd_5v_in
[    1.801347] +VDD_5V_HDMI: supplied by sys_3v3,vdd_3v3_alw
[    1.808994] sys_3v3_pexs: supplied by sys_3v3,vdd_3v3_alw
[    1.815052] tegra-pcie 3000.pcie-controller: 2x3 configuration
[    1.827111] tegra-pcie 3000.pcie-controller: probing port 0, using 2 lanes
[    1.867439] mmc0: error -110 whilst initialising SD card
[    1.892243] tegra-pcie 3000.pcie-controller: probing port 2, using 2 lanes
[    1.905758] mmc1: new MMC card at address 0001
[    1.911326] mmcblk1: mmc1:0001 SEM16G 14.8 GiB 
[    2.302717] tegra-pcie 3000.pcie-controller: link 2 down, retrying
[    2.712571] tegra-pcie 3000.pcie-controller: link 2 down, retrying
[    2.915152] mmcblk1boot0: mmc1:0001 SEM16G partition 1 1.00 MiB
[    2.924381] mmcblk1boot1: mmc1:0001 SEM16G partition 2 1.00 MiB
[    2.932811] mmcblk1rpmb: mmc1:0001 SEM16G partition 3 128 KiB
[    2.953342] Primary GPT is invalid, using alternate GPT.
[    2.958671]  mmcblk1: p1 p2 p3 p4 p5
[    3.132783] tegra-pcie 3000.pcie-controller: link 2 down, retrying
[    3.140976] tegra-pcie 3000.pcie-controller: link 2 down, ignoring
[    3.147292] tegra-pcie 3000.pcie-controller: PCI host bridge to bus 0000:00
[    3.154251] pci_bus 0000:00: root bus resource [io  0x0000-0xffff]
[    3.160423] pci_bus 0000:00: root bus resource [mem 0x20000000-0x27ffffff]
[    3.167286] pci_bus 0000:00: root bus resource [mem 0x28000000-0x3fffffff pref]
[    3.174584] pci_bus 0000:00: root bus resource [bus 00-ff]
[    3.180084] pci 0000:00:01.0: [10de:0e1c] type 01 class 0x060400
[    3.186147] pci 0000:00:01.0: PME# supported from D0 D1 D2 D3hot D3cold
[    3.192902] PCI: bus0: Fast back to back transfers disabled
[    3.198473] pci 0000:00:01.0: bridge configuration invalid ([bus 00-00]), reconfiguring
[    3.206559] pci 0000:01:00.0: [10ec:8168] type 00 class 0x020000
[    3.212573] pci 0000:01:00.0: reg 0x10: [io  0x0000-0x00ff]
[    3.218152] pci 0000:01:00.0: reg 0x18: [mem 0x00000000-0x00000fff 64bit pref]
[    3.225371] pci 0000:01:00.0: reg 0x20: [mem 0x00000000-0x00003fff 64bit pref]
[    3.232655] pci 0000:01:00.0: supports D1 D2
[    3.236919] pci 0000:01:00.0: PME# supported from D0 D1 D2 D3hot D3cold
[    3.253537] PCI: bus1: Fast back to back transfers disabled
[    3.259106] pci_bus 0000:01: busn_res: [bus 01-ff] end is updated to 01
[    3.265773] pci 0000:00:01.0: BAR 9: assigned [mem 0x28000000-0x280fffff 64bit pref]
[    3.273507] pci 0000:00:01.0: BAR 7: assigned [io  0x1000-0x1fff]
[    3.279595] pci 0000:01:00.0: BAR 4: assigned [mem 0x28000000-0x28003fff 64bit pref]
[    3.287335] pci 0000:01:00.0: BAR 2: assigned [mem 0x28004000-0x28004fff 64bit pref]
[    3.295073] pci 0000:01:00.0: BAR 0: assigned [io  0x1000-0x10ff]
[    3.301159] pci 0000:00:01.0: PCI bridge to [bus 01]
[    3.306116] pci 0000:00:01.0:   bridge window [io  0x1000-0x1fff]
[    3.312201] pci 0000:00:01.0:   bridge window [mem 0x28000000-0x280fffff 64bit pref]
[    3.319947] pci 0000:00:01.0: nv_msi_ht_cap_quirk didn't locate host bridge
[    3.327005] pcieport 0000:00:01.0: enabling device (0140 -> 0143)
[    3.333231] pcieport 0000:00:01.0: Signaling PME through PCIe PME interrupt
[    3.340186] pci 0000:01:00.0: Signaling PME through PCIe PME interrupt
[    3.346705] pcie_pme 0000:00:01.0:pcie001: service driver pcie_pme loaded
[    3.353661] r8169 Gigabit Ethernet driver 2.3LK-NAPI loaded
[    3.359244] r8169 0000:01:00.0: enabling device (0140 -> 0143)
[    3.366005] r8169 0000:01:00.0 eth0: RTL8168evl/8111evl at 0xf09f2000, 02:04:4b:01:60:a6, XID 0c900800 IRQ 375
[    3.375998] r8169 0000:01:00.0 eth0: jumbo features [frames: 9200 bytes, tx checksumming: ko]
[    3.388163] [drm] Supports vblank timestamp caching Rev 2 (21.10.2013).
[    3.394781] [drm] No driver support for vblank timestamp query.
[    3.400719] drm drm: No connectors reported connected with modes
[    3.406726] [drm] Cannot find any crtc or sizes - going 1024x768
[    3.442081] Console: switching to colour frame buffer device 128x48
[    3.454613] drm drm: fb0:  frame buffer device
[    3.558518] [drm] Initialized tegra 0.0.0 20120330 on minor 0
[    3.569524] utmi_phy_clk_enable: timeout waiting for phy to stabilize
[    3.575987] tegra-ehci 7d004000.usb: EHCI Host Controller
[    3.581400] tegra-ehci 7d004000.usb: new USB bus registered, assigned bus number 1
[    3.589257] tegra-ehci 7d004000.usb: irq 343, io mem 0x7d004000
[    3.603525] tegra-ehci 7d004000.usb: USB 2.0 started, EHCI 1.00
[    3.610373] hub 1-0:1.0: USB hub found
[    3.614151] hub 1-0:1.0: 1 port detected
[    3.619167] tegra-ehci 7d008000.usb: EHCI Host Controller
[    3.624576] tegra-ehci 7d008000.usb: new USB bus registered, assigned bus number 2
[    3.632343] tegra-ehci 7d008000.usb: irq 344, io mem 0x7d008000
[    3.643523] tegra-ehci 7d008000.usb: USB 2.0 started, EHCI 1.00
[    3.650297] hub 2-0:1.0: USB hub found
[    3.654066] hub 2-0:1.0: 1 port detected
[    3.662474] tps65910-rtc tps65910-rtc: setting system clock to 2000-01-01 00:00:02 UTC (946684802)
[    3.676147] vdd_sata,avdd_plle: disabling
[    3.680546] usb1_vbus: disabling
[    3.686009] EXT4-fs (mmcblk1p1): mounting ext3 file system using the ext4 subsystem
[    3.745990] EXT4-fs (mmcblk1p1): warning: mounting fs with errors, running e2fsck is recommended
[    3.757357] EXT4-fs (mmcblk1p1): recovery complete
[    3.762156] EXT4-fs (mmcblk1p1): mounted filesystem with ordered data mode. Opts: (null)
[    3.770262] VFS: Mounted root (ext3 filesystem) on device 179:1.
[    3.829518] devtmpfs: mounted
[    3.835303] Freeing unused kernel memory: 2048K (c1100000 - c1300000)
[    3.963530] usb 2-1: new high-speed USB device number 2 using tegra-ehci
[    4.902102] asix 2-1:1.0 eth1: register 'asix' at usb-7d008000.usb-1, ASIX AX88772 USB 2.0 Ethernet, 00:50:b6:0f:67:60
bash: cannot set terminal process group (-1): Inappropriate ioctl for device
bash: no job control in this shell
root@(none):/# mount -t sysfs none /sys
root@(none):/# 
root@(none):/# mount -t debugfs none /sys/kernel/debug
root@(none):/# 
root@(none):/# rtcwake -d rtc1 -m mem -s 3
rtcwake: wakeup from "mem" using /dev/rtc1 at Thu Jan  1 00:00:23 1970
[    8.628673] PM: Syncing filesystems ... done.
[    8.642542] Freezing user space processes ... (elapsed 0.001 seconds) done.
[    8.650673] Freezing remaining freezable tasks ... (elapsed 0.001 seconds) done.
[    8.659307] Suspending console(s) (use no_console_suspend to debug)
[    8.697091] PM: suspend of devices complete after 30.502 msecs
[    8.699065] PM: late suspend of devices complete after 1.966 msecs
[    8.714029] PM: noirq suspend of devices complete after 14.956 msecs
[    8.714032] Disabling non-boot CPUs ...
[    8.714679] CPU1: shutdown
[    8.729785] IRQ17 no longer affine to CPU2
[    8.730001] CPU2: shutdown
[    8.744537] CPU3: shutdown
[    8.758989] Entering suspend state LP1
[    8.759000] Enabling non-boot CPUs ...
[    8.784511] CPU1 is up
[    8.809631] CPU2 is up
[    8.834754] CPU3 is up
[    8.835353] pcieport 0000:00:01.0: nv_msi_ht_cap_quirk didn't locate host bridge
[    8.848587] PM: noirq resume of devices complete after 13.825 msecs
[    8.849982] PM: early resume of devices complete after 1.025 msecs
[    8.915684] PM: resume of devices complete after 65.692 msecs
[    8.990879] Restarting tasks ... done.
root@(none):/# 
root@(none):/# rtcwake -d rtc1 -m mem -s 3
rtcwake: wakeup from "mem" using /dev/rtc1 at Thu Jan  1 00:00:28 1970
[   10.221069] PM: Syncing filesystems ... done.
[   13.258578] Freezing user space processes ... (elapsed 0.001 seconds) done.
[   13.266665] Freezing remaining freezable tasks ... (elapsed 0.001 seconds) done.
[   13.275292] Suspending console(s) (use no_console_suspend to debug)
[   13.317840] PM: suspend of devices complete after 35.350 msecs
[   13.320161] PM: late suspend of devices complete after 2.312 msecs
[   13.333968] PM: noirq suspend of devices complete after 13.800 msecs
[   13.333971] Disabling non-boot CPUs ...
[   13.334603] CPU1: shutdown
[   13.349835] CPU2: shutdown
[   13.364322] IRQ17 no longer affine to CPU3
[   13.364507] CPU3: shutdown
[   13.378964] Entering suspend state LP1
[   13.378979] Enabling non-boot CPUs ...
[   13.404682] CPU1 is up
[   13.429753] CPU2 is up
[   13.454883] CPU3 is up
[   13.455639] pcieport 0000:00:01.0: nv_msi_ht_cap_quirk didn't locate host bridge
[   13.468555] PM: noirq resume of devices complete after 13.662 msecs
[   13.471282] PM: early resume of devices complete after 2.292 msecs
[   13.541119] PM: resume of devices complete after 69.826 msecs
[   13.616573] Restarting tasks ... done.
root@(none):/# 
root@(none):/# rtcwake -d rtc1 -m mem -s 3
rtcwake: wakeup from "mem" using /dev/rtc1 at Thu Jan  1 00:00:33 1970
[   14.843624] PM: Syncing filesystems ... done.
[   17.888664] Freezing user space processes ... (elapsed 0.001 seconds) done.
[   17.896797] Freezing remaining freezable tasks ... (elapsed 0.001 seconds) done.
[   17.905475] Suspending console(s) (use no_console_suspend to debug)
[   17.947477] PM: suspend of devices complete after 34.517 msecs
[   17.948866] PM: late suspend of devices complete after 1.377 msecs
[   17.964023] PM: noirq suspend of devices complete after 15.146 msecs
[   17.964028] Disabling non-boot CPUs ...
[   17.964452] IRQ17 no longer affine to CPU1
[   17.964841] CPU1: shutdown
[   17.995047] CPU2: shutdown
[   18.009615] CPU3: shutdown
[   18.023983] Entering suspend state LP1
[   18.023996] Enabling non-boot CPUs ...
[   18.044637] CPU1 is up
[   18.069723] CPU2 is up
[   18.094847] CPU3 is up
[   18.095584] pcieport 0000:00:01.0: nv_msi_ht_cap_quirk didn't locate host bridge
[   18.108532] PM: noirq resume of devices complete after 13.677 msecs
[   18.110302] PM: early resume of devices complete after 1.333 msecs
[   18.181830] PM: resume of devices complete after 71.517 msecs
[   18.257334] Restarting tasks ... done.
root@(none):/# 
root@(none):/# rtcwake -d rtc1 -m mem -s 3
rtcwake: wakeup from "mem" using /dev/rtc1 at Thu Jan  1 00:00:38 1970
[   19.488348] PM: Syncing filesystems ... done.
[   22.528663] Freezing user space processes ... (elapsed 0.001 seconds) done.
[   22.536795] Freezing remaining freezable tasks ... (elapsed 0.001 seconds) done.
[   22.545489] Suspending console(s) (use no_console_suspend to debug)
[   22.584470] PM: suspend of devices complete after 31.508 msecs
[   22.586313] PM: late suspend of devices complete after 1.834 msecs
[   22.599025] PM: noirq suspend of devices complete after 12.703 msecs
[   22.599031] Disabling non-boot CPUs ...
[   22.599811] CPU1: shutdown
[   22.615080] CPU2: shutdown
[   22.639388] IRQ17 no longer affine to CPU3
[   22.639610] CPU3: shutdown
[   22.653971] Entering suspend state LP1
[   22.653985] Enabling non-boot CPUs ...
[   22.674618] CPU1 is up
[   22.699697] CPU2 is up
[   22.724833] CPU3 is up
[   22.725565] pcieport 0000:00:01.0: nv_msi_ht_cap_quirk didn't locate host bridge
[   22.738510] PM: noirq resume of devices complete after 13.668 msecs
[   22.740737] PM: early resume of devices complete after 1.805 msecs
[   22.811900] PM: resume of devices complete after 71.153 msecs
[   22.887347] Restarting tasks ... done.
root@(none):/# 
root@(none):/# rtcwake -d rtc1 -m mem -s 3
rtcwake: wakeup from "mem" using /dev/rtc1 at Thu Jan  1 00:00:43 1970
[   24.108395] PM: Syncing filesystems ... done.
[   27.158635] Freezing user space processes ... (elapsed 0.001 seconds) done.
[   27.166761] Freezing remaining freezable tasks ... (elapsed 0.001 seconds) done.
[   27.175447] Suspending console(s) (use no_console_suspend to debug)
[   27.219264] PM: suspend of devices complete after 36.332 msecs
[   27.221120] PM: late suspend of devices complete after 1.845 msecs
[   27.233963] PM: noirq suspend of devices complete after 12.833 msecs
[   27.233966] Disabling non-boot CPUs ...
[   27.234395] IRQ17 no longer affine to CPU1
[   27.234782] CPU1: shutdown
[   27.265044] CPU2: shutdown
[   27.284585] CPU3: shutdown
[   27.298943] Entering suspend state LP1
[   27.298957] Enabling non-boot CPUs ...
[   27.324595] CPU1 is up
[   27.349696] CPU2 is up
[   27.374798] CPU3 is up
[   27.375528] pcieport 0000:00:01.0: nv_msi_ht_cap_quirk didn't locate host bridge
[   27.388493] PM: noirq resume of devices complete after 13.683 msecs
[   27.390649] PM: early resume of devices complete after 1.745 msecs
[   27.461782] PM: resume of devices complete after 71.122 msecs
[   27.537252] Restarting tasks ... done.
root@(none):/# 
root@(none):/# rtcwake -d rtc1 -m mem -s 3
rtcwake: wakeup from "mem" using /dev/rtc1 at Thu Jan  1 00:00:48 1970
[   28.763651] PM: Syncing filesystems ... done.
[   31.803663] Freezing user space processes ... (elapsed 0.001 seconds) done.
[   31.811790] Freezing remaining freezable tasks ... (elapsed 0.001 seconds) done.
[   31.820478] Suspending console(s) (use no_console_suspend to debug)
[   31.863981] PM: suspend of devices complete after 36.009 msecs
[   31.865854] PM: late suspend of devices complete after 1.864 msecs
[   31.878953] PM: noirq suspend of devices complete after 13.091 msecs
[   31.878956] Disabling non-boot CPUs ...
[   31.879754] CPU1: shutdown
[   31.904738] IRQ17 no longer affine to CPU2
[   31.904989] CPU2: shutdown
[   31.919555] CPU3: shutdown
[   31.933913] Entering suspend state LP1
[   31.933927] Enabling non-boot CPUs ...
[   31.959566] CPU1 is up
[   31.984653] CPU2 is up
[   32.009800] CPU3 is up
[   32.010538] pcieport 0000:00:01.0: nv_msi_ht_cap_quirk didn't locate host bridge
[   32.023469] PM: noirq resume of devices complete after 13.661 msecs
[   32.025130] PM: early resume of devices complete after 1.255 msecs
[   32.096738] PM: resume of devices complete after 71.597 msecs
[   32.172159] Restarting tasks ... done.
root@(none):/# 
root@(none):/# rtcwake -d rtc1 -m mem -s 3
rtcwake: wakeup from "mem" using /dev/rtc1 at Thu Jan  1 00:00:53 1970
[   33.397840] PM: Syncing filesystems ... done.
[   36.448638] Freezing user space processes ... (elapsed 0.001 seconds) done.
[   36.456767] Freezing remaining freezable tasks ... (elapsed 0.001 seconds) done.
[   36.465462] Suspending console(s) (use no_console_suspend to debug)
[   36.508958] PM: suspend of devices complete after 36.005 msecs
[   36.511838] PM: late suspend of devices complete after 2.872 msecs
[   36.523945] PM: noirq suspend of devices complete after 12.099 msecs
[   36.523951] Disabling non-boot CPUs ...
[   36.524369] IRQ17 no longer affine to CPU1
[   36.524755] CPU1: shutdown
[   36.554981] CPU2: shutdown
[   36.569530] CPU3: shutdown
[   36.583893] Entering suspend state LP1
[   36.583908] Enabling non-boot CPUs ...
[   36.609556] CPU1 is up
[   36.634627] CPU2 is up
[   36.659741] CPU3 is up
[   36.660480] pcieport 0000:00:01.0: nv_msi_ht_cap_quirk didn't locate host bridge
[   36.673433] PM: noirq resume of devices complete after 13.683 msecs
[   36.675573] PM: early resume of devices complete after 1.723 msecs
[   36.746024] PM: resume of devices complete after 70.440 msecs
[   36.821456] Restarting tasks ... done.
root@(none):/# 
root@(none):/# rtcwake -d rtc1 -m mem -s 3
rtcwake: wakeup from "mem" using /dev/rtc1 at Thu Jan  1 00:00:58 1970
[   38.058051] PM: Syncing filesystems ... done.
[   41.092566] Freezing user space processes ... (elapsed 0.001 seconds) done.
[   41.100740] Freezing remaining freezable tasks ... (elapsed 0.001 seconds) done.
[   41.109409] Suspending console(s) (use no_console_suspend to debug)
[   41.149384] PM: suspend of devices complete after 32.497 msecs
[   41.151256] PM: late suspend of devices complete after 1.866 msecs
[   41.163902] PM: noirq suspend of devices complete after 12.636 msecs
[   41.163907] Disabling non-boot CPUs ...
[   41.164342] IRQ17 no longer affine to CPU1
[   41.164718] CPU1: shutdown
[   41.189983] CPU2: shutdown
[   41.204426] CPU3: shutdown
[   41.218898] Entering suspend state LP1
[   41.218914] Enabling non-boot CPUs ...
[   41.244536] CPU1 is up
[   41.269603] CPU2 is up
[   41.294729] CPU3 is up
[   41.295481] pcieport 0000:00:01.0: nv_msi_ht_cap_quirk didn't locate host bridge
[   41.308412] PM: noirq resume of devices complete after 13.673 msecs
[   41.310549] PM: early resume of devices complete after 1.720 msecs
[   41.376718] PM: resume of devices complete after 66.154 msecs
[   41.452168] Restarting tasks ... done.
root@(none):/# 
root@(none):/# rtcwake -d rtc1 -m mem -s 3
rtcwake: wakeup from "mem" using /dev/rtc1 at Thu Jan  1 00:01:03 1970
[   42.683739] PM: Syncing filesystems ... done.
[   45.722576] Freezing user space processes ... (elapsed 0.001 seconds) done.
[   45.730737] Freezing remaining freezable tasks ... (elapsed 0.001 seconds) done.
[   45.739412] Suspending console(s) (use no_console_suspend to debug)
[   45.783389] PM: suspend of devices complete after 36.494 msecs
[   45.787276] PM: late suspend of devices complete after 3.880 msecs
[   45.798876] PM: noirq suspend of devices complete after 11.589 msecs
[   45.798879] Disabling non-boot CPUs ...
[   45.799294] IRQ17 no longer affine to CPU1
[   45.799664] CPU1: shutdown
[   45.814949] CPU2: shutdown
[   45.829429] CPU3: shutdown
[   45.843841] Entering suspend state LP1
[   45.843854] Enabling non-boot CPUs ...
[   45.869513] CPU1 is up
[   45.894571] CPU2 is up
[   45.919708] CPU3 is up
[   45.920449] pcieport 0000:00:01.0: nv_msi_ht_cap_quirk didn't locate host bridge
[   45.933385] PM: noirq resume of devices complete after 13.668 msecs
[   45.935062] PM: early resume of devices complete after 1.261 msecs
[   46.005949] PM: resume of devices complete after 70.873 msecs
[   46.081395] Restarting tasks ... done.
root@(none):/# 
root@(none):/# rtcwake -d rtc1 -m mem -s 3
rtcwake: wakeup from "mem" using /dev/rtc1 at Thu Jan  1 00:01:08 1970
[   47.308542] PM: Syncing filesystems ... done.
[   50.358515] Freezing user space processes ... (elapsed 0.001 seconds) done.
[   50.366641] Freezing remaining freezable tasks ... (elapsed 0.001 seconds) done.
[   50.375342] Suspending console(s) (use no_console_suspend to debug)
[   50.418402] PM: suspend of devices complete after 35.562 msecs
[   50.422285] PM: late suspend of devices complete after 3.873 msecs
[   50.433851] PM: noirq suspend of devices complete after 11.558 msecs
[   50.433856] Disabling non-boot CPUs ...
[   50.434644] CPU1: shutdown
[   50.459912] CPU2: shutdown
[   50.474213] IRQ17 no longer affine to CPU3
[   50.474433] CPU3: shutdown
[   50.488822] Entering suspend state LP1
[   50.488836] Enabling non-boot CPUs ...
[   50.514472] CPU1 is up
[   50.539561] CPU2 is up
[   50.564659] CPU3 is up
[   50.565412] pcieport 0000:00:01.0: nv_msi_ht_cap_quirk didn't locate host bridge
[   50.578377] PM: noirq resume of devices complete after 13.706 msecs
[   50.580568] PM: early resume of devices complete after 1.750 msecs
[   50.650939] PM: resume of devices complete after 70.358 msecs
[   50.726352] Restarting tasks ... done.
root@(none):/# 
root@(none):/# NVTB SYSTEM SUSPEND TEST COMPLETE
