
U-Boot SPL 2014.01-00219-gc4d376f (Feb 18 2014 - 19:57:18)


U-Boot 2014.01-00219-gc4d376f (Feb 18 2014 - 19:57:18)

TEGRA30
Board: NVIDIA Beaver
I2C:   ready
DRAM:  2 GiB
MMC:   Tegra SD/MMC: 0, Tegra SD/MMC: 1
In:    serial
Out:   serial
Err:   serial
Net:   Net Initialization Skipped
No ethernet found.
Hit any key to stop autoboot:  2  0 
Tegra30 (Beaver) # 
Tegra30 (Beaver) # usb reset
(Re)start USB...
USB0:   USB EHCI 1.00
scanning bus 0 for devices... 2 USB Device(s) found
       scanning usb for storage devices... 0 Storage Device(s) found
       scanning usb for ethernet devices... 
Warning: asx0 using MAC address from net device
1 Ethernet Device(s) found
Tegra30 (Beaver) # setenv bootargs 'ignore_loglevel console=ttyS0,115200n8 rw root=/dev/mmcblk0p1 rootwait gpt debug init=/bin/bash noinitrd'
Tegra30 (Beaver) # setenv ipaddr 192.168.100.101; setenv serverip 192.168.100.1; setenv tftpserverip 192.168.100.1
Tegra30 (Beaver) # tftpboot 0x81000000 zImage.multi_v7_defconfig
Using asx0 device
TFTP from server 192.168.100.1; our IP address is 192.168.100.101
Filename 'zImage.multi_v7_defconfig'.
Load address: 0x81000000
Loading: *#################################################################
	 #################################################################
	 #################################################################
	 #################################################################
	 #################################################################
	 #################################################################
	 ####################################
	 3.4 MiB/s
done
Bytes transferred = 6247296 (5f5380 hex)
Tegra30 (Beaver) # tftpboot 0x82000000 tegra30-beaver.dtb
Using asx0 device
TFTP from server 192.168.100.1; our IP address is 192.168.100.101
Filename 'tegra30-beaver.dtb'.
Load address: 0x82000000
Loading: *####
	 3.3 MiB/s
done
Bytes transferred = 51191 (c7f7 hex)
Tegra30 (Beaver) # bootz 0x81000000 - 0x82000000
Kernel image @ 0x81000000 [ 0x000000 - 0x5f5380 ]
## Flattened Device Tree blob at 82000000
   Booting using the fdt blob at 0x82000000
   Loading Device Tree to 8fff0000, end 8ffff7f6 ... OK

Starting kernel ...

[    0.000000] Booting Linux on physical CPU 0x0
[    0.000000] Linux version 4.0.0-next-20150415-12302-gfb5e230 (pwalmsley@sellafield) (gcc version 4.7.3 20130328 (prerelease) (crosstool-NG linaro-1.13.1-4.7-2013.04-20130415 - Linaro GCC 2013.04) ) #1 SMP Thu Apr 23 23:57:19 PDT 2015
[    0.000000] CPU: ARMv7 Processor [412fc099] revision 9 (ARMv7), cr=10c5387d
[    0.000000] CPU: PIPT / VIPT nonaliasing data cache, VIPT aliasing instruction cache
[    0.000000] Machine model: NVIDIA Tegra30 Beaver evaluation board
[    0.000000] debug: ignoring loglevel setting.
[    0.000000] earlycon: no match for ttyS0,115200n8
[    0.000000] cma: Reserved 64 MiB at 0xfb800000
[    0.000000] Memory policy: Data cache writealloc
[    0.000000] On node 0 totalpages: 524032
[    0.000000] free_area_init_node: node 0, pgdat c0f29580, node_mem_map ee7f8000
[    0.000000]   DMA zone: 1520 pages used for memmap
[    0.000000]   DMA zone: 0 pages reserved
[    0.000000]   DMA zone: 194560 pages, LIFO batch:31
[    0.000000]   HighMem zone: 329472 pages, LIFO batch:31
[    0.000000] PERCPU: Embedded 12 pages/cpu @ee793000 s17024 r8192 d23936 u49152
[    0.000000] pcpu-alloc: s17024 r8192 d23936 u49152 alloc=12*4096
[    0.000000] pcpu-alloc: [0] 0 [0] 1 [0] 2 [0] 3 
[    0.000000] Built 1 zonelists in Zone order, mobility grouping on.  Total pages: 522512
[    0.000000] Kernel command line: ignore_loglevel console=ttyS0,115200n8 rw root=/dev/mmcblk0p1 rootwait gpt debug init=/bin/bash noinitrd
[    0.000000] PID hash table entries: 4096 (order: 2, 16384 bytes)
[    0.000000] Dentry cache hash table entries: 131072 (order: 7, 524288 bytes)
[    0.000000] Inode-cache hash table entries: 65536 (order: 6, 262144 bytes)
[    0.000000] Memory: 1999148K/2096128K available (8024K kernel code, 1021K rwdata, 3584K rodata, 816K init, 317K bss, 31444K reserved, 65536K cma-reserved, 1252352K highmem)
[    0.000000] Virtual kernel memory layout:
[    0.000000]     vector  : 0xffff0000 - 0xffff1000   (   4 kB)
[    0.000000]     fixmap  : 0xffc00000 - 0xfff00000   (3072 kB)
[    0.000000]     vmalloc : 0xf0000000 - 0xff000000   ( 240 MB)
[    0.000000]     lowmem  : 0xc0000000 - 0xef800000   ( 760 MB)
[    0.000000]     pkmap   : 0xbfe00000 - 0xc0000000   (   2 MB)
[    0.000000]     modules : 0xbf000000 - 0xbfe00000   (  14 MB)
[    0.000000]       .text : 0xc0208000 - 0xc0d5f064   (11613 kB)
[    0.000000]       .init : 0xc0d60000 - 0xc0e2c000   ( 816 kB)
[    0.000000]       .data : 0xc0e2c000 - 0xc0f2b540   (1022 kB)
[    0.000000]        .bss : 0xc0f2e000 - 0xc0f7d6a8   ( 318 kB)
[    0.000000] SLUB: HWalign=64, Order=0-3, MinObjects=0, CPUs=4, Nodes=1
[    0.000000] Hierarchical RCU implementation.
[    0.000000] 	Additional per-CPU info printed with stalls.
[    0.000000] 	RCU restricting CPUs from NR_CPUS=16 to nr_cpu_ids=4.
[    0.000000] RCU: Adjusting geometry for rcu_fanout_leaf=16, nr_cpu_ids=4
[    0.000000] NR_IRQS:16 nr_irqs:16 16
[    0.000000] /interrupt-controller@60004000: 160 interrupts forwarded to /interrupt-controller@50041000
[    0.000000] L2C: platform modifies aux control register: 0x02080000 -> 0x3e480001
[    0.000000] L2C: DT/platform modifies aux control register: 0x02080000 -> 0x3e480001
[    0.000000] L2C-310 erratum 769419 enabled
[    0.000000] L2C-310 enabling early BRESP for Cortex-A9
[    0.000000] L2C-310: enabling full line of zeros but not enabled in Cortex-A9
[    0.000000] L2C-310 ID prefetch enabled, offset 1 lines
[    0.000000] L2C-310 dynamic clock gating enabled, standby mode enabled
[    0.000000] L2C-310 cache controller enabled, 8 ways, 1024 kB
[    0.000000] L2C-310: CACHE_ID 0x410000c7, AUX_CTRL 0x7e480001
[    0.000013] sched_clock: 32 bits at 1000kHz, resolution 1000ns, wraps every 2147483647500ns
[    0.000029] clocksource timer_us: mask: 0xffffffff max_cycles: 0xffffffff, max_idle_ns: 1911260446275 ns
[    0.000038] Switching to timer-based delay loop, resolution 1000ns
[    0.002288] Console: colour dummy device 80x30
[    0.002309] Calibrating delay loop (skipped), value calculated using timer frequency.. 2.00 BogoMIPS (lpj=5000)
[    0.002318] pid_max: default: 32768 minimum: 301
[    0.002406] Mount-cache hash table entries: 2048 (order: 1, 8192 bytes)
[    0.002413] Mountpoint-cache hash table entries: 2048 (order: 1, 8192 bytes)
[    0.002824] CPU: Testing write buffer coherency: ok
[    0.003086] CPU0: thread -1, cpu 0, socket 0, mpidr 80000000
[    0.003157] Setting up static identity map for 0x80209000 - 0x80209098
[    0.005184] Tegra Revision: A03 SKU: 128 CPU Process: 4 Core Process: 0
[    0.006671] CPU1: thread -1, cpu 1, socket 0, mpidr 80000001
[    0.007686] CPU2: thread -1, cpu 2, socket 0, mpidr 80000002
[    0.008703] CPU3: thread -1, cpu 3, socket 0, mpidr 80000003
[    0.008742] Brought up 4 CPUs
[    0.008756] SMP: Total of 4 processors activated (8.00 BogoMIPS).
[    0.008761] CPU: All CPU(s) started in SVC mode.
[    0.009194] devtmpfs: initialized
[    0.009734] VFP support v0.3: implementor 41 architecture 3 part 30 variant 9 rev 4
[    0.010138] clocksource jiffies: mask: 0xffffffff max_cycles: 0xffffffff, max_idle_ns: 9556302231375000 ns
[    0.013460] pinctrl core: initialized pinctrl subsystem
[    0.022662] NET: Registered protocol family 16
[    0.025302] DMA: preallocated 256 KiB pool for atomic coherent allocations
[    0.039948] cpuidle: using governor ladder
[    0.054941] cpuidle: using governor menu
[    0.063103] No ATAGs?
[    0.063134] hw-breakpoint: found 5 (+1 reserved) breakpoint and 1 watchpoint registers.
[    0.063140] hw-breakpoint: maximum watchpoint size is 4 bytes.
[    0.065746] Serial: AMBA PL011 UART driver
[    0.066569] tegra-mc 7000f000.memory-controller: no memory timings for RAM code 3 registered
[    0.087526] vdd_5v_sata: Failed to request enable GPIO30: -517
[    0.087593] reg-fixed-voltage regulators:regulator@3: Failed to register regulator: -517
[    0.087698] usb1_vbus: Failed to request enable GPIO238: -517
[    0.087751] reg-fixed-voltage regulators:regulator@4: Failed to register regulator: -517
[    0.087853] usb3_vbus: Failed to request enable GPIO236: -517
[    0.087905] reg-fixed-voltage regulators:regulator@5: Failed to register regulator: -517
[    0.088050] sys_3v3_pexs: Failed to request enable GPIO95: -517
[    0.088104] reg-fixed-voltage regulators:regulator@7: Failed to register regulator: -517
[    0.089846] vgaarb: loaded
[    0.090269] SCSI subsystem initialized
[    0.090441] libata version 3.00 loaded.
[    0.090617] usbcore: registered new interface driver usbfs
[    0.090653] usbcore: registered new interface driver hub
[    0.090703] usbcore: registered new device driver usb
[    0.146720] media: Linux media interface: v0.10
[    0.146759] Linux video capture interface: v2.00
[    0.146787] pps_core: LinuxPPS API ver. 1 registered
[    0.146792] pps_core: Software ver. 5.3.6 - Copyright 2005-2007 Rodolfo Giometti <giometti@linux.it>
[    0.146807] PTP clock support registered
[    0.146965] EDAC MC: Ver: 3.0.0
[    0.147745] Advanced Linux Sound Architecture Driver Initialized.
[    0.148472] Switched to clocksource timer_us
[    0.154372] NET: Registered protocol family 2
[    0.154832] TCP established hash table entries: 8192 (order: 3, 32768 bytes)
[    0.154880] TCP bind hash table entries: 8192 (order: 4, 65536 bytes)
[    0.154957] TCP: Hash tables configured (established 8192 bind 8192)
[    0.155034] UDP hash table entries: 512 (order: 2, 16384 bytes)
[    0.155097] UDP-Lite hash table entries: 512 (order: 2, 16384 bytes)
[    0.155258] NET: Registered protocol family 1
[    0.155503] RPC: Registered named UNIX socket transport module.
[    0.155511] RPC: Registered udp transport module.
[    0.155514] RPC: Registered tcp transport module.
[    0.155518] RPC: Registered tcp NFSv4.1 backchannel transport module.
[    0.155533] PCI: CLS 0 bytes, default 64
[    0.156217] CPU PMU: Failed to parse <no-node>/interrupt-affinity[0]
[    0.156260] hw perfevents: enabled with armv7_cortex_a9 PMU driver, 7 counters available
[    0.157184] futex hash table entries: 1024 (order: 4, 65536 bytes)
[    0.163521] squashfs: version 4.0 (2009/01/31) Phillip Lougher
[    0.164055] NFS: Registering the id_resolver key type
[    0.164090] Key type id_resolver registered
[    0.164095] Key type id_legacy registered
[    0.164135] ntfs: driver 2.1.32 [Flags: R/O].
[    0.164829] bounce: pool size: 64 pages
[    0.164938] Block layer SCSI generic (bsg) driver version 0.4 loaded (major 248)
[    0.164949] io scheduler noop registered
[    0.164957] io scheduler deadline registered
[    0.165054] io scheduler cfq registered (default)
[    0.169805] tegra30-pinctrl 70000868.pinmux: invalid group "sdmmc3_dat6_pd3" for function "rsvd1"
[    0.169820] tegra30-pinctrl 70000868.pinmux: invalid group "sdmmc3_dat7_pd4" for function "rsvd1"
[    0.169835] tegra30-pinctrl 70000868.pinmux: invalid group "vi_vsync_pd6" for function "rsvd1"
[    0.169845] tegra30-pinctrl 70000868.pinmux: invalid group "vi_hsync_pd7" for function "rsvd1"
[    0.170322] tegra30-pinctrl 70000868.pinmux: invalid group "hdmi_int_pn7" for function "rsvd1"
[    0.170367] tegra30-pinctrl 70000868.pinmux: invalid group "ulpi_data3_po4" for function "rsvd1"
[    0.170706] tegra30-pinctrl 70000868.pinmux: invalid group "vi_d10_pt2" for function "rsvd1"
[    0.170719] tegra30-pinctrl 70000868.pinmux: invalid group "vi_d11_pt3" for function "rsvd1"
[    0.170732] tegra30-pinctrl 70000868.pinmux: invalid group "vi_d0_pt4" for function "rsvd1"
[    0.170774] tegra30-pinctrl 70000868.pinmux: invalid group "pu0" for function "rsvd1"
[    0.170805] tegra30-pinctrl 70000868.pinmux: invalid group "pu3" for function "rsvd1"
[    0.170847] tegra30-pinctrl 70000868.pinmux: invalid group "pu6" for function "rsvd1"
[    0.170889] tegra30-pinctrl 70000868.pinmux: invalid group "pv3" for function "rsvd1"
[    0.171388] tegra30-pinctrl 70000868.pinmux: invalid group "pbb0" for function "rsvd1"
[    0.171504] tegra30-pinctrl 70000868.pinmux: invalid group "pcc1" for function "rsvd1"
[    0.175350] tegra-pcie 3000.pcie-controller: 2x3 configuration
[    0.175455] vdd_1v5_gen: supplied by vdd_5v_in
[    0.175516] vdd_pexa,vdd_pexb: supplied by vdd_1v5_gen
[    0.175597] tegra-pcie 3000.pcie-controller: Failed to get supply 'hvdd-pex': -517
[    0.176597] tegra-ahb 6000c004.ahb: incorrect AHB base address in DT data - enabling workaround
[    0.179184] tegra-apbdma 6000a000.dma: Tegra20 APB DMA driver register 32 channels
[    0.179720] tegra-pmc 7000e400.pmc: i2c-thermtrip node not found, emergency thermal reset disabled.
[    0.212832] Serial: 8250/16550 driver, 4 ports, IRQ sharing disabled
[    0.214387] SuperH (H)SCI(F) driver initialized
[    0.214814] msm_serial: driver initialized
[    0.215443] console [ttyS0] disabled
[    0.215481] 70006000.serial: ttyS0 at MMIO 0x70006000 (irq = 331, base_baud = 25500000) is a Tegra
[    1.181495] console [ttyS0] enabled
[    1.185463] STMicroelectronics ASC driver initialized
[    1.191931] [drm] Initialized drm 1.1.0 20060810
[    1.197749] reg-fixed-voltage regulators:regulator@8: Failed to resolve vin-supply for +VDD_5V_HDMI
[    1.206799] tegra-hdmi 54280000.hdmi: failed to get HDMI regulator
[    1.217706] loop: module loaded
[    1.224774] m25p80 spi32766.1: w25q32 (4096 Kbytes)
[    1.231471] CAN device driver interface
[    1.235986] igb: Intel(R) Gigabit Ethernet Network Driver - version 5.2.15-k
[    1.243028] igb: Copyright (c) 2007-2014 Intel Corporation.
[    1.249789] pegasus: v0.9.3 (2013/04/25), Pegasus/Pegasus II USB Ethernet driver
[    1.257230] usbcore: registered new interface driver pegasus
[    1.262922] usbcore: registered new interface driver asix
[    1.268358] usbcore: registered new interface driver ax88179_178a
[    1.274474] usbcore: registered new interface driver cdc_ether
[    1.280338] usbcore: registered new interface driver smsc75xx
[    1.286115] usbcore: registered new interface driver smsc95xx
[    1.291891] usbcore: registered new interface driver net1080
[    1.297573] usbcore: registered new interface driver cdc_subset
[    1.303513] usbcore: registered new interface driver zaurus
[    1.309140] usbcore: registered new interface driver cdc_ncm
[    1.316001] ehci_hcd: USB 2.0 'Enhanced' Host Controller (EHCI) Driver
[    1.322533] ehci-pci: EHCI PCI platform driver
[    1.327005] ehci-platform: EHCI generic platform driver
[    1.332344] ehci-omap: OMAP-EHCI Host Controller driver
[    1.337647] ehci-orion: EHCI orion driver
[    1.341729] SPEAr-ehci: EHCI SPEAr driver
[    1.345826] ehci-st: EHCI STMicroelectronics driver
[    1.350786] ehci-exynos: EHCI EXYNOS driver
[    1.355056] tegra-ehci: Tegra EHCI driver
[    1.359372] ohci_hcd: USB 1.1 'Open' Host Controller (OHCI) Driver
[    1.365566] ohci-pci: OHCI PCI platform driver
[    1.370039] ohci-platform: OHCI generic platform driver
[    1.375358] ohci-omap3: OHCI OMAP3 driver
[    1.379441] SPEAr-ohci: OHCI SPEAr driver
[    1.383524] ohci-st: OHCI STMicroelectronics driver
[    1.388512] usbcore: registered new interface driver usb-storage
[    1.395354] mousedev: PS/2 mouse device common for all mice
[    1.402937] tegra_rtc 7000e000.rtc: rtc core: registered 7000e000.rtc as rtc1
[    1.410106] tegra_rtc 7000e000.rtc: Tegra internal Real Time Clock
[    1.428870] tps65910-rtc tps65910-rtc: rtc core: registered tps65910-rtc as rtc0
[    1.436374] i2c /dev entries driver
[    1.441419] usbcore: registered new interface driver uvcvideo
[    1.447165] USB Video Class driver (1.1.1)
[    1.451260] gspca_main: v2.14.0 registered
[    1.457699] Driver 'mmcblk' needs updating - please use bus_type methods
[    1.464441] sdhci: Secure Digital Host Controller Interface driver
[    1.470613] sdhci: Copyright(c) Pierre Ossman
[    1.475763] Synopsys Designware Multimedia Card Interface Driver
[    1.482350] sdhci-pltfm: SDHCI platform and OF driver helper
[    1.488479] sdhci-tegra 78000000.sdhci: Got CD GPIO
[    1.493352] sdhci-tegra 78000000.sdhci: Got WP GPIO
[    1.499355] sdhci-tegra 78000000.sdhci: No vmmc regulator found
[    1.505271] sdhci-tegra 78000000.sdhci: No vqmmc regulator found
[    1.511274] mmc0: Invalid maximum block size, assuming 512 bytes
[    1.553553] mmc0: SDHCI controller on 78000000.sdhci [78000000.sdhci] using ADMA
[    1.562171] sdhci-tegra 78000600.sdhci: No vmmc regulator found
[    1.568092] sdhci-tegra 78000600.sdhci: No vqmmc regulator found
[    1.574092] mmc1: Invalid maximum block size, assuming 512 bytes
[    1.618480] mmc1: SDHCI controller on 78000600.sdhci [78000600.sdhci] using ADMA
[    1.626767] ledtrig-cpu: registered to indicate activity on CPUs
[    1.632911] usbcore: registered new interface driver usbhid
[    1.638480] usbhid: USB HID core driver
[    1.644289] usbcore: registered new interface driver snd-usb-audio
[    1.738656] mmc1: new high speed MMC card at address 0001
[    1.744315] mmcblk0: mmc1:0001 SEM16G 14.8 GiB 
[    1.748913] mmcblk0boot0: mmc1:0001 SEM16G partition 1 1.00 MiB
[    1.754893] mmcblk0boot1: mmc1:0001 SEM16G partition 2 1.00 MiB
[    1.760876] mmcblk0rpmb: mmc1:0001 SEM16G partition 3 128 KiB
[    1.769293] Primary GPT is invalid, using alternate GPT.
[    1.774621]  mmcblk0: p1 p2 p3 p4 p5
[    2.064916] tegra30-i2s 70080400.i2s: DMA channels sourced from device 70080000.ahub
[    2.080614] tegra-snd-rt5640 sound: rt5640-aif1 <-> 70080400.i2s mapping ok
[    2.089503] input: NVIDIA Tegra Beaver Headphones as /devices/soc0/sound/sound/card0/input0
[    2.098837] NET: Registered protocol family 17
[    2.103284] can: controller area network core (rev 20120528 abi 9)
[    2.109520] NET: Registered protocol family 29
[    2.113969] can: raw protocol (rev 20120528)
[    2.118229] can: broadcast manager protocol (rev 20120528 t)
[    2.123887] can: netlink gateway (rev 20130117) max_hops=1
[    2.129630] Key type dns_resolver registered
[    2.134277] ThumbEE CPU extension supported.
[    2.138558] Registering SWP/SWPB emulation handler
[    2.150998] tegra-pcie 3000.pcie-controller: 2x3 configuration
[    2.156957] sys_3v3,vdd_3v3_alw: supplied by vdd_5v_in
[    2.162132] sys_3v3_pexs: supplied by sys_3v3,vdd_3v3_alw
[    2.170915] tegra-pcie 3000.pcie-controller: probing port 0, using 2 lanes
[    2.236076] tegra-pcie 3000.pcie-controller: probing port 2, using 2 lanes
[    2.646731] tegra-pcie 3000.pcie-controller: link 2 down, retrying
[    3.056669] tegra-pcie 3000.pcie-controller: link 2 down, retrying
[    3.466607] tegra-pcie 3000.pcie-controller: link 2 down, retrying
[    3.474802] tegra-pcie 3000.pcie-controller: link 2 down, ignoring
[    3.481111] tegra-pcie 3000.pcie-controller: PCI host bridge to bus 0000:00
[    3.488073] pci_bus 0000:00: root bus resource [mem 0x20000000-0x27ffffff]
[    3.494940] pci_bus 0000:00: root bus resource [mem 0x28000000-0x3fffffff pref]
[    3.502238] pci_bus 0000:00: root bus resource [bus 00-ff]
[    3.507721] pci_bus 0000:00: root bus resource [io  0x1000-0xffff]
[    3.513917] pci 0000:00:01.0: [10de:0e1c] type 01 class 0x060400
[    3.519950] pci 0000:00:01.0: IOMMU is currently not supported for PCI
[    3.526502] pci 0000:00:01.0: PME# supported from D0 D1 D2 D3hot D3cold
[    3.533254] PCI: bus0: Fast back to back transfers disabled
[    3.538832] pci 0000:00:01.0: bridge configuration invalid ([bus 00-00]), reconfiguring
[    3.546934] pci 0000:01:00.0: [10ec:8168] type 00 class 0x020000
[    3.552970] pci 0000:01:00.0: reg 0x10: [io  0x0000-0x00ff]
[    3.558559] pci 0000:01:00.0: reg 0x18: [mem 0x00000000-0x00000fff 64bit pref]
[    3.565786] pci 0000:01:00.0: reg 0x20: [mem 0x00000000-0x00003fff 64bit pref]
[    3.573018] pci 0000:01:00.0: IOMMU is currently not supported for PCI
[    3.579579] pci 0000:01:00.0: supports D1 D2
[    3.583850] pci 0000:01:00.0: PME# supported from D0 D1 D2 D3hot D3cold
[    3.598500] PCI: bus1: Fast back to back transfers disabled
[    3.604072] pci_bus 0000:01: busn_res: [bus 01-ff] end is updated to 01
[    3.610732] pci 0000:00:01.0: BAR 9: assigned [mem 0x28000000-0x280fffff 64bit pref]
[    3.618470] pci 0000:00:01.0: BAR 7: assigned [io  0x1000-0x1fff]
[    3.624560] pci 0000:01:00.0: BAR 4: assigned [mem 0x28000000-0x28003fff 64bit pref]
[    3.632302] pci 0000:01:00.0: BAR 2: assigned [mem 0x28004000-0x28004fff 64bit pref]
[    3.640043] pci 0000:01:00.0: BAR 0: assigned [io  0x1000-0x10ff]
[    3.646130] pci 0000:00:01.0: PCI bridge to [bus 01]
[    3.651089] pci 0000:00:01.0:   bridge window [io  0x1000-0x1fff]
[    3.657175] pci 0000:00:01.0:   bridge window [mem 0x28000000-0x280fffff 64bit pref]
[    3.664919] pci 0000:00:01.0: nv_msi_ht_cap_quirk didn't locate host bridge
[    3.671961] pcieport 0000:00:01.0: enabling device (0140 -> 0143)
[    3.678187] pcieport 0000:00:01.0: Signaling PME through PCIe PME interrupt
[    3.685147] pci 0000:01:00.0: Signaling PME through PCIe PME interrupt
[    3.691667] pcie_pme 0000:00:01.0:pcie01: service driver pcie_pme loaded
[    3.698548] r8169 Gigabit Ethernet driver 2.3LK-NAPI loaded
[    3.704135] r8169 0000:01:00.0: enabling device (0140 -> 0143)
[    3.710642] r8169 0000:01:00.0 eth0: RTL8168evl/8111evl at 0xf00e8000, 02:04:4b:01:60:a6, XID 0c900800 IRQ 375
[    3.720642] r8169 0000:01:00.0 eth0: jumbo features [frames: 9200 bytes, tx checksumming: ko]
[    3.729791] +VDD_5V_HDMI: supplied by sys_3v3,vdd_3v3_alw
[    3.735277] vdd_1v8_gen: supplied by vdd_5v_in
[    3.741757] [drm] Supports vblank timestamp caching Rev 2 (21.10.2013).
[    3.748390] [drm] No driver support for vblank timestamp query.
[    3.754335] drm drm: No connectors reported connected with modes
[    3.760350] [drm] Cannot find any crtc or sizes - going 1024x768
[    3.786081] Console: switching to colour frame buffer device 128x48
[    3.798370] drm drm: fb0:  frame buffer device
[    3.802806] drm drm: registered panic notifier
[    3.813877] [drm] Initialized tegra 0.0.0 20120330 on minor 0
[    3.822055] usb3_vbus: supplied by vdd_5v_in
[    3.828362] utmi_phy_clk_enable: timeout waiting for phy to stabilize
[    3.834828] tegra-ehci 7d004000.usb: EHCI Host Controller
[    3.840237] tegra-ehci 7d004000.usb: new USB bus registered, assigned bus number 1
[    3.848553] tegra-ehci 7d004000.usb: irq 343, io mem 0x7d004000
[    3.863486] tegra-ehci 7d004000.usb: USB 2.0 started, EHCI 1.00
[    3.869921] hub 1-0:1.0: USB hub found
[    3.873709] hub 1-0:1.0: 1 port detected
[    3.878439] tegra-ehci 7d008000.usb: EHCI Host Controller
[    3.883858] tegra-ehci 7d008000.usb: new USB bus registered, assigned bus number 2
[    3.891604] tegra-ehci 7d008000.usb: irq 344, io mem 0x7d008000
[    3.903869] tegra-ehci 7d008000.usb: USB 2.0 started, EHCI 1.00
[    3.910216] hub 2-0:1.0: USB hub found
[    3.913998] hub 2-0:1.0: 1 port detected
[    3.922208] tps65910-rtc tps65910-rtc: setting system clock to 2000-01-01 00:00:02 UTC (946684802)
[    3.935812] usb1_vbus: disabling
[    3.939098] vdd_sata,avdd_plle: disabling
[    3.943647] ALSA device list:
[    3.946605]   #0: NVIDIA Tegra Beaver
[    3.951999] EXT4-fs (mmcblk0p1): mounting ext3 file system using the ext4 subsystem
[    3.967774] EXT4-fs (mmcblk0p1): warning: mounting fs with errors, running e2fsck is recommended
[    3.978021] EXT4-fs (mmcblk0p1): recovery complete
[    3.982831] EXT4-fs (mmcblk0p1): mounted filesystem with ordered data mode. Opts: (null)
[    3.990942] VFS: Mounted root (ext3 filesystem) on device 179:1.
[    4.006418] devtmpfs: mounted
[    4.010276] Freeing unused kernel memory: 816K (c0d60000 - c0e2c000)
bash: cannot set terminal process group (-1): Inappropriate ioctl for device
bash: no job control in this shell
root@(none):/# [    4.228909] usb 2-1: new high-speed USB device number 2 using tegra-ehci
