
U-Boot SPL 2016.05-rc2 (Apr 21 2016 - 16:23:00)
Trying to boot from RAM


U-Boot 2016.05-rc2 (Apr 21 2016 - 16:23:00 -0700)

TEGRA124
Model: NVIDIA Jetson TK1
Board: NVIDIA Jetson TK1
DRAM:  2 GiB
MC:   Tegra SD/MMC: 0, Tegra SD/MMC: 1
In:    serial
Out:   serial
Err:   serial
Net:   No ethernet found.
Hit any key to stop autoboot:  2  0 
Tegra124 (Jetson TK1) # 
Tegra124 (Jetson TK1) # pci enum
Tegra124 (Jetson TK1) # setenv bootargs 'ignore_loglevel console=ttyS0,115200n8 rw root=PARTUUID=b1791faa-84e8-4e27-83a1-9fb0a77e8803 rootwait gpt debug noinitrd earlyprintk init=/bin/bash'
Tegra124 (Jetson TK1) # setenv ipaddr 192.168.100.102; setenv serverip 192.168.100.1; setenv tftpserverip 192.168.100.1
Tegra124 (Jetson TK1) # tftpboot 0x82000000 zImage.multi_v7_defconfig

Warning: eth_rtl8169 using MAC address from ROM
Using eth_rtl8169 device
TFTP from server 192.168.100.1; our IP address is 192.168.100.102
Filename 'zImage.multi_v7_defconfig'.
Load address: 0x82000000
Loading: *#################################################################
	 #################################################################
	 #################################################################
	 #################################################################
	 #################################################################
	 #################################################################
	 #################################################################
	 #################################################################
	 ################
	 4 MiB/s
done
Bytes transferred = 7859624 (77eda8 hex)
Tegra124 (Jetson TK1) # tftpboot 0x83000000 tegra124-jetson-tk1.dtb
Using eth_rtl8169 device
TFTP from server 192.168.100.1; our IP address is 192.168.100.102
Filename 'tegra124-jetson-tk1.dtb'.
Load address: 0x83000000
Loading: *#####
	 3.8 MiB/s
done
Bytes transferred = 67133 (1063d hex)
Tegra124 (Jetson TK1) # bootz 0x82000000 - 0x83000000
Kernel image @ 0x82000000 [ 0x000000 - 0x77eda8 ]
## Flattened Device Tree blob at 83000000
   Booting using the fdt blob at 0x83000000
   Using Device Tree in place at 83000000, end 8301363c

Starting kernel ...

[    0.000000] Booting Linux on physical CPU 0x0
[    0.000000] Linux version 4.11.0-rc4-next-20170327-161561-g93a4a44 (jonathanh@sellafield) (gcc version 4.7.3 20130328 (prerelease) (crosstool-NG linaro-1.13.1-4.7-2013.04-20130415 - Linaro GCC 2013.04) ) #1 SMP Tue Mar 28 01:53:10 PDT 2017
[    0.000000] CPU: ARMv7 Processor [413fc0f3] revision 3 (ARMv7), cr=10c5387d
[    0.000000] CPU: div instructions available: patching division code
[    0.000000] CPU: PIPT / VIPT nonaliasing data cache, PIPT instruction cache
[    0.000000] OF: fdt: Machine model: NVIDIA Tegra124 Jetson TK1
[    0.000000] debug: ignoring loglevel setting.
[    0.000000] efi: Getting EFI parameters from FDT:
[    0.000000] efi: UEFI not found.
[    0.000000] cma: Reserved 64 MiB at 0xfb800000
[    0.000000] Memory policy: Data cache writealloc
[    0.000000] On node 0 totalpages: 524032
[    0.000000] free_area_init_node: node 0, pgdat c157cb40, node_mem_map eeff8000
[    0.000000]   DMA zone: 1536 pages used for memmap
[    0.000000]   DMA zone: 0 pages reserved
[    0.000000]   DMA zone: 196608 pages, LIFO batch:31
[    0.000000]   HighMem zone: 327424 pages, LIFO batch:31
[    0.000000] percpu: Embedded 17 pages/cpu @eef82000 s38528 r8192 d22912 u69632
[    0.000000] pcpu-alloc: s38528 r8192 d22912 u69632 alloc=17*4096
[    0.000000] pcpu-alloc: [0] 0 [0] 1 [0] 2 [0] 3 
[    0.000000] Built 1 zonelists in Zone order, mobility grouping on.  Total pages: 522496
[    0.000000] Kernel command line: ignore_loglevel console=ttyS0,115200n8 rw root=PARTUUID=b1791faa-84e8-4e27-83a1-9fb0a77e8803 rootwait gpt debug noinitrd earlyprintk init=/bin/bash
[    0.000000] PID hash table entries: 4096 (order: 2, 16384 bytes)
[    0.000000] Dentry cache hash table entries: 131072 (order: 7, 524288 bytes)
[    0.000000] Inode-cache hash table entries: 65536 (order: 6, 262144 bytes)
[    0.000000] Memory: 1993456K/2096128K available (10240K kernel code, 1553K rwdata, 4388K rodata, 2048K init, 417K bss, 37136K reserved, 65536K cma-reserved, 1244160K highmem)
[    0.000000] Virtual kernel memory layout:
[    0.000000]     vector  : 0xffff0000 - 0xffff1000   (   4 kB)
[    0.000000]     fixmap  : 0xffc00000 - 0xfff00000   (3072 kB)
[    0.000000]     vmalloc : 0xf0800000 - 0xff800000   ( 240 MB)
[    0.000000]     lowmem  : 0xc0000000 - 0xf0000000   ( 768 MB)
[    0.000000]     pkmap   : 0xbfe00000 - 0xc0000000   (   2 MB)
[    0.000000]     modules : 0xbf000000 - 0xbfe00000   (  14 MB)
[    0.000000]       .text : 0xc0208000 - 0xc0d00000   (11232 kB)
[    0.000000]       .init : 0xc1200000 - 0xc1400000   (2048 kB)
[    0.000000]       .data : 0xc1400000 - 0xc1584590   (1554 kB)
[    0.000000]        .bss : 0xc1586000 - 0xc15ee5c8   ( 418 kB)
[    0.000000] SLUB: HWalign=64, Order=0-3, MinObjects=0, CPUs=4, Nodes=1
[    0.000000] Hierarchical RCU implementation.
[    0.000000] 	RCU debugfs-based tracing is enabled.
[    0.000000] 	RCU restricting CPUs from NR_CPUS=16 to nr_cpu_ids=4.
[    0.000000] RCU: Adjusting geometry for rcu_fanout_leaf=16, nr_cpu_ids=4
[    0.000000] NR_IRQS:16 nr_irqs:16 16
[    0.000000] /interrupt-controller@60004000: 160 interrupts forwarded to /interrupt-controller@50041000
[    0.000000] Tegra clk 127: register failed with -17
[    0.000008] sched_clock: 32 bits at 1000kHz, resolution 1000ns, wraps every 2147483647500ns
[    0.000027] clocksource: timer_us: mask: 0xffffffff max_cycles: 0xffffffff, max_idle_ns: 1911260446275 ns
[    0.000042] Switching to timer-based delay loop, resolution 1000ns
[    0.005069] arm_arch_timer: Architected cp15 timer(s) running at 12.00MHz (virt).
[    0.005089] clocksource: arch_sys_counter: mask: 0xffffffffffffff max_cycles: 0x2c47f4ee7, max_idle_ns: 440795202497 ns
[    0.005109] sched_clock: 56 bits at 12MHz, resolution 83ns, wraps every 4398046511096ns
[    0.005123] Switching to timer-based delay loop, resolution 83ns
[    0.005587] Console: colour dummy device 80x30
[    0.005617] Calibrating delay loop (skipped), value calculated using timer frequency.. 24.00 BogoMIPS (lpj=120000)
[    0.005634] pid_max: default: 32768 minimum: 301
[    0.005728] Mount-cache hash table entries: 2048 (order: 1, 8192 bytes)
[    0.005743] Mountpoint-cache hash table entries: 2048 (order: 1, 8192 bytes)
[    0.006217] CPU: Testing write buffer coherency: ok
[    0.006463] /cpus/cpu@0 missing clock-frequency property
[    0.006506] /cpus/cpu@1 missing clock-frequency property
[    0.006548] /cpus/cpu@2 missing clock-frequency property
[    0.006591] /cpus/cpu@3 missing clock-frequency property
[    0.006604] CPU0: thread -1, cpu 0, socket 0, mpidr 80000000
[    0.006893] Setting up static identity map for 0x80300000 - 0x80300098
[    0.010539] Tegra Revision: A01 SKU: 129 CPU Process: 1 SoC Process: 1
[    0.011180] EFI services will not be available.
[    0.011406] smp: Bringing up secondary CPUs ...
[    0.011997] CPU1: thread -1, cpu 1, socket 0, mpidr 80000001
[    0.015302] CPU2: thread -1, cpu 2, socket 0, mpidr 80000002
[    0.025317] CPU3: thread -1, cpu 3, socket 0, mpidr 80000003
[    0.034754] smp: Brought up 1 node, 4 CPUs
[    0.034776] SMP: Total of 4 processors activated (96.00 BogoMIPS).
[    0.034785] CPU: All CPU(s) started in SVC mode.
[    0.036271] devtmpfs: initialized
[    0.052682] VFP support v0.3: implementor 41 architecture 4 part 30 variant f rev 0
[    0.053075] clocksource: jiffies: mask: 0xffffffff max_cycles: 0xffffffff, max_idle_ns: 19112604462750000 ns
[    0.053094] futex hash table entries: 1024 (order: 4, 65536 bytes)
[    0.054532] pinctrl core: initialized pinctrl subsystem
[    0.056435] NET: Registered protocol family 16
[    0.058507] DMA: preallocated 256 KiB pool for atomic coherent allocations
[    0.060965] cpuidle: using governor menu
[    0.087750] No ATAGs?
[    0.087880] hw-breakpoint: found 5 (+1 reserved) breakpoint and 4 watchpoint registers.
[    0.087897] hw-breakpoint: maximum watchpoint size is 8 bytes.
[    0.094419] Serial: AMBA PL011 UART driver
[    0.110406] AT91: Could not find identification node
[    0.110936] +5V_SYS: supplied by +VDD_MUX
[    0.111208] +3.3V_SYS: supplied by +VDD_MUX
[    0.111789] +USB0_VBUS_SW: Failed to request enable GPIO108: -517
[    0.111806] reg-fixed-voltage regulators:regulator@7: Failed to register regulator: -517
[    0.111893] +5V_USB_HS: Failed to request enable GPIO109: -517
[    0.111907] reg-fixed-voltage regulators:regulator@8: Failed to register regulator: -517
[    0.112072] +1.05V_RUN_AVDD_HDMI_PLL: Failed to request enable GPIO63: -517
[    0.112086] reg-fixed-voltage regulators:regulator@11: Failed to register regulator: -517
[    0.112170] +5V_HDMI_CON: Failed to request enable GPIO86: -517
[    0.112183] reg-fixed-voltage regulators:regulator@12: Failed to register regulator: -517
[    0.112268] +5V_SATA: Failed to request enable GPIO242: -517
[    0.112282] reg-fixed-voltage regulators:regulator@13: Failed to register regulator: -517
[    0.112368] +12V_SATA: Failed to request enable GPIO242: -517
[    0.112382] reg-fixed-voltage regulators:regulator@14: Failed to register regulator: -517
[    0.115522] vgaarb: loaded
[    0.116286] SCSI subsystem initialized
[    0.116449] libata version 3.00 loaded.
[    0.116695] usbcore: registered new interface driver usbfs
[    0.116754] usbcore: registered new interface driver hub
[    0.116814] usbcore: registered new device driver usb
[    0.120229] pps_core: LinuxPPS API ver. 1 registered
[    0.120240] pps_core: Software ver. 5.3.6 - Copyright 2005-2007 Rodolfo Giometti <giometti@linux.it>
[    0.120262] PTP clock support registered
[    0.120448] EDAC MC: Ver: 3.0.0
[    0.123271] clocksource: Switched to clocksource arch_sys_counter
[    0.177749] NET: Registered protocol family 2
[    0.178260] TCP established hash table entries: 8192 (order: 3, 32768 bytes)
[    0.178361] TCP bind hash table entries: 8192 (order: 4, 65536 bytes)
[    0.178550] TCP: Hash tables configured (established 8192 bind 8192)
[    0.178633] UDP hash table entries: 512 (order: 2, 16384 bytes)
[    0.178677] UDP-Lite hash table entries: 512 (order: 2, 16384 bytes)
[    0.178827] NET: Registered protocol family 1
[    0.179143] RPC: Registered named UNIX socket transport module.
[    0.179154] RPC: Registered udp transport module.
[    0.179163] RPC: Registered tcp transport module.
[    0.179172] RPC: Registered tcp NFSv4.1 backchannel transport module.
[    0.179184] PCI: CLS 0 bytes, default 64
[    0.180413] hw perfevents: enabled with armv7_cortex_a15 PMU driver, 7 counters available
[    0.182205] workingset: timestamp_bits=30 max_order=19 bucket_order=0
[    0.190390] squashfs: version 4.0 (2009/01/31) Phillip Lougher
[    0.191076] NFS: Registering the id_resolver key type
[    0.191101] Key type id_resolver registered
[    0.191111] Key type id_legacy registered
[    0.191152] ntfs: driver 2.1.32 [Flags: R/O].
[    0.192636] bounce: pool size: 64 pages
[    0.192677] Block layer SCSI generic (bsg) driver version 0.4 loaded (major 248)
[    0.192688] io scheduler noop registered
[    0.192698] io scheduler deadline registered
[    0.192860] io scheduler cfq registered (default)
[    0.192871] io scheduler mq-deadline registered
[    0.198138]  usb2-0: usb2-0 supply vbus not found, using dummy regulator
[    0.198270]  usb2-1: usb2-1 supply vbus not found, using dummy regulator
[    0.198719] tegra-xusb-padctl 7009f000.padctl: failed to setup XUSB ports: -517
[    0.214421] tegra-pcie 1003000.pcie-controller: 2x1, 1x1 configuration
[    0.214475] tegra-pcie 1003000.pcie-controller: Failed to get supply 'avddio-pex': -517
[    0.220713] tegra124-dfll 70110000.clock: couldn't get vdd_cpu regulator
[    0.228326] tegra-apbdma 60020000.dma: Tegra20 APB DMA driver register 32 channels
[    0.230512] tegra-pmc 7000e400.pmc: emergency thermal reset enabled
[    0.284501] Serial: 8250/16550 driver, 4 ports, IRQ sharing disabled
[    0.287031] console [ttyS0] disabled
[    0.287069] 70006300.serial: ttyS0 at MMIO 0x70006300 (irq = 335, base_baud = 25500000) is a Tegra
[    1.176301] console [ttyS0] enabled
[    1.180609] SuperH (H)SCI(F) driver initialized
[    1.186142] msm_serial: driver initialized
[    1.190415] STMicroelectronics ASC driver initialized
[    1.196323] 70006000.serial: ttyTHS1 at MMIO 0x70006000 (irq = 333, base_baud = 0) is a TEGRA_UART
[    1.205584] 70006040.serial: ttyTHS2 at MMIO 0x70006040 (irq = 334, base_baud = 0) is a TEGRA_UART
[    1.219913] tegra-hdmi 54280000.hdmi: failed to get HDMI regulator
[    1.238655] brd: module loaded
[    1.248664] loop: module loaded
[    1.252979] at24 0-0056: 256 byte 24c02 EEPROM, writable, 8 bytes/write
[    1.261316] as3722 4-0040: AS3722 with revision 0x1 found
[    1.273036] as3722-sd2: supplied by +5V_SYS
[    1.277687] as3722-sd3: supplied by +5V_SYS
[    1.282071] +1.35V_LP0(sd3): Bringing 0uV into 1350000-1350000uV
[    1.288501] as3722-sd4: supplied by +5V_SYS
[    1.293114] as3722-sd5: supplied by +5V_SYS
[    1.299155] as3722-ldo0: supplied by +1.35V_LP0(sd2)
[    1.305218] +1.8V_RUN_CAM: Bringing 0uV into 1800000-1800000uV
[    1.311421] as3722-ldo2: supplied by +1.8V_VDDIO
[    1.317307] as3722-ldo3: supplied by +3.3V_SYS
[    1.321788] +1.05V_LP0_VDD_RTC: Bringing 1100000uV into 1000000-1000000uV
[    1.329566] as3722-ldo4: supplied by +3.3V_SYS
[    1.334249] +2.8V_RUN_CAM: Bringing 0uV into 2800000-2800000uV
[    1.340431] as3722-ldo5: supplied by +1.8V_VDDIO
[    1.345276] +1.2V_RUN_CAM_FRONT: Bringing 0uV into 1200000-1200000uV
[    1.352172] +VDDIO_SDMMC3: bypassed regulator has no supply!
[    1.357844] +VDDIO_SDMMC3: failed to get the current voltage(-517)
[    1.364038] as3722-regulator as3722-regulator: regulator 13 register failed -517
[    1.376937] tegra-ahci 70027000.sata: couldn't get PHY in node sata: -517
[    1.396240] random: fast init done
[    1.399767] m25p80 spi32765.0: w25q32dw (4096 Kbytes)
[    1.407631] libphy: Fixed MDIO Bus: probed
[    1.412780] CAN device driver interface
[    1.417552] bgmac_bcma: Broadcom 47xx GBit MAC driver loaded
[    1.424578] e1000e: Intel(R) PRO/1000 Network Driver - 3.2.6-k
[    1.430402] e1000e: Copyright(c) 1999 - 2015 Intel Corporation.
[    1.436428] igb: Intel(R) Gigabit Ethernet Network Driver - version 5.4.0-k
[    1.443391] igb: Copyright (c) 2007-2014 Intel Corporation.
[    1.452564] pegasus: v0.9.3 (2013/04/25), Pegasus/Pegasus II USB Ethernet driver
[    1.460018] usbcore: registered new interface driver pegasus
[    1.465732] usbcore: registered new interface driver asix
[    1.471164] usbcore: registered new interface driver ax88179_178a
[    1.477305] usbcore: registered new interface driver cdc_ether
[    1.483178] usbcore: registered new interface driver smsc75xx
[    1.488979] usbcore: registered new interface driver smsc95xx
[    1.494769] usbcore: registered new interface driver net1080
[    1.500454] usbcore: registered new interface driver cdc_subset
[    1.506412] usbcore: registered new interface driver zaurus
[    1.512034] usbcore: registered new interface driver cdc_ncm
[    1.517912] tegra-phy 7d004000.usb-phy: no vbus regulator
[    1.525288] ehci_hcd: USB 2.0 'Enhanced' Host Controller (EHCI) Driver
[    1.531806] ehci-pci: EHCI PCI platform driver
[    1.536306] ehci-platform: EHCI generic platform driver
[    1.541732] ehci-orion: EHCI orion driver
[    1.545908] SPEAr-ehci: EHCI SPEAr driver
[    1.550051] ehci-st: EHCI STMicroelectronics driver
[    1.555082] ehci-exynos: EHCI EXYNOS driver
[    1.559419] ehci-atmel: EHCI Atmel driver
[    1.563575] tegra-ehci: Tegra EHCI driver
[    1.570407] tegra-ehci 7d004000.usb: EHCI Host Controller
[    1.575848] tegra-ehci 7d004000.usb: new USB bus registered, assigned bus number 1
[    1.583578] tegra-ehci 7d004000.usb: irq 354, io mem 0x7d004000
[    1.613295] tegra-ehci 7d004000.usb: USB 2.0 started, EHCI 1.10
[    1.619983] hub 1-0:1.0: USB hub found
[    1.623788] hub 1-0:1.0: 1 port detected
[    1.628238] ohci_hcd: USB 1.1 'Open' Host Controller (OHCI) Driver
[    1.634438] ohci-pci: OHCI PCI platform driver
[    1.638915] ohci-platform: OHCI generic platform driver
[    1.644311] ohci-omap3: OHCI OMAP3 driver
[    1.648448] SPEAr-ohci: OHCI SPEAr driver
[    1.652588] ohci-st: OHCI STMicroelectronics driver
[    1.657611] ohci-atmel: OHCI Atmel driver
[    1.662374] usbcore: registered new interface driver usb-storage
[    1.672686] as3722-rtc as3722-rtc: rtc core: registered as3722-rtc as rtc0
[    1.679584] as3722-rtc as3722-rtc: RTC interrupt 377
[    1.687759] tegra_rtc 7000e000.rtc: rtc core: registered 7000e000.rtc as rtc1
[    1.694944] tegra_rtc 7000e000.rtc: Tegra internal Real Time Clock
[    1.701636] i2c /dev entries driver
[    1.711794] lm90 0-004c: 0-004c supply vcc not found, using dummy regulator
[    1.728921] sdhci: Secure Digital Host Controller Interface driver
[    1.735118] sdhci: Copyright(c) Pierre Ossman
[    1.741056] Synopsys Designware Multimedia Card Interface Driver
[    1.748368] sdhci-pltfm: SDHCI platform and OF driver helper
[    1.754806] sdhci-tegra 700b0400.sdhci: Got CD GPIO
[    1.759693] sdhci-tegra 700b0400.sdhci: Got WP GPIO
[    1.780939] mmc0: Unknown controller version (3). You may experience problems.
[    1.788214] mmc0: Invalid maximum block size, assuming 512 bytes
[    1.853291] mmc0: SDHCI controller on 700b0600.sdhci [700b0600.sdhci] using ADMA
[    1.862604] ledtrig-cpu: registered to indicate activity on CPUs
[    1.868998] usbcore: registered new interface driver usbhid
[    1.874583] usbhid: USB HID core driver
[    1.882260] NET: Registered protocol family 10
[    1.887589] Segment Routing with IPv6
[    1.891301] sit: IPv6, IPv4 and MPLS over IPv4 tunneling driver
[    1.897790] NET: Registered protocol family 17
[    1.902236] can: controller area network core (rev 20120528 abi 9)
[    1.908478] NET: Registered protocol family 29
[    1.912916] can: raw protocol (rev 20120528)
[    1.917198] can: broadcast manager protocol (rev 20161123 t)
[    1.922854] can: netlink gateway (rev 20130117) max_hops=1
[    1.928640] Key type dns_resolver registered
[    1.933454] ThumbEE CPU extension supported.
[    1.937724] Registering SWP/SWPB emulation handler
[    1.956065] +3.3V_RUN: supplied by +3.3V_SYS
[    1.961543] +USB0_VBUS_SW: supplied by +5V_SYS
[    1.966257] +3.3V_AVDD_HDMI_AP_GATED: supplied by +3.3V_RUN
[    1.972176] +5V_USB_HS: supplied by +5V_SYS
[    1.977982] +3.3V_LP0: supplied by +3.3V_SYS
[    1.983696] +5V_HDMI_CON: supplied by +5V_SYS
[    1.988723] +5V_SATA: supplied by +5V_SYS
[    1.993214] +12V_SATA: supplied by +VDD_MUX
[    1.999285]  usb2-0: usb2-0 supply vbus not found, using dummy regulator
[    2.000848] mmc0: new high speed MMC card at address 0001
[    2.001854] mmcblk0: mmc0:0001 SEM16G 14.7 GiB 
[    2.002593] mmcblk0boot0: mmc0:0001 SEM16G partition 1 4.00 MiB
[    2.003355] mmcblk0boot1: mmc0:0001 SEM16G partition 2 4.00 MiB
[    2.004563] mmcblk0rpmb: mmc0:0001 SEM16G partition 3 4.00 MiB
[    2.008332]  mmcblk0: p1
[    2.036370]  usb2-1: usb2-1 supply vbus not found, using dummy regulator
[    2.043415]  usb3-0: usb3-0 supply vbus not found, using dummy regulator
[    2.051333] tegra-pcie 1003000.pcie-controller: 2x1, 1x1 configuration
[    2.057988] tegra-pcie 1003000.pcie-controller: Failed to get supply 'avddio-pex': -517
[    2.069108] tegra124-dfll 70110000.clock: couldn't get vdd_cpu regulator
[    2.080210] tegra-hdmi 54280000.hdmi: failed to get PLL regulator
[    2.090904] as3722-sd2: supplied by +5V_SYS
[    2.095458] as3722-sd3: supplied by +5V_SYS
[    2.099870] as3722-sd4: supplied by +5V_SYS
[    2.104423] as3722-sd5: supplied by +5V_SYS
[    2.110291] as3722-ldo0: supplied by +1.35V_LP0(sd2)
[    2.116111] as3722-ldo1: supplied by +3.3V_RUN
[    2.120878] as3722-ldo2: supplied by +1.8V_VDDIO
[    2.126592] as3722-ldo3: supplied by +3.3V_SYS
[    2.131894] as3722-ldo4: supplied by +3.3V_SYS
[    2.136701] as3722-ldo5: supplied by +1.8V_VDDIO
[    2.141582] as3722-ldo6: supplied by +3.3V_RUN
[    2.146302] as3722-ldo7: supplied by +1.8V_VDDIO
[    2.151682] +1.05V_RUN_CAM_REAR: Bringing 0uV into 1050000-1050000uV
[    2.158824] as3722-ldo9: supplied by +5V_SYS
[    2.164378] +3.3V_RUN_TOUCH: Bringing 0uV into 2800000-2800000uV
[    2.171103] as3722-ldo10: supplied by +5V_SYS
[    2.176276] +2.8V_RUN_CAM_AF: Bringing 0uV into 2800000-2800000uV
[    2.183099] as3722-ldo11: supplied by +3.3V_RUN
[    2.188436] +1.8V_RUN_VPP_FUSE: Bringing 0uV into 1800000-1800000uV
[    2.198005] tegra-ahci 70027000.sata: AHCI 0001.0301 32 slots 2 ports 3 Gbps 0x1 impl platform mode
[    2.207081] tegra-ahci 70027000.sata: flags: 64bit ncq sntf pm led pio slum part sadm sds apst 
[    2.217618] scsi host0: tegra-ahci
[    2.222130] scsi host1: tegra-ahci
[    2.225904] ata1: SATA max UDMA/133 mmio [mem 0x70027000-0x70028fff] port 0x100 irq 345
[    2.233944] ata2: DUMMY
[    2.239276] tegra-ehci 7d008000.usb: EHCI Host Controller
[    2.244712] tegra-ehci 7d008000.usb: new USB bus registered, assigned bus number 2
[    2.252521] tegra-ehci 7d008000.usb: irq 355, io mem 0x7d008000
[    2.283390] tegra-ehci 7d008000.usb: USB 2.0 started, EHCI 1.10
[    2.290220] hub 2-0:1.0: USB hub found
[    2.294074] hub 2-0:1.0: 1 port detected
[    2.300366] sdhci-tegra 700b0400.sdhci: Got CD GPIO
[    2.305319] sdhci-tegra 700b0400.sdhci: Got WP GPIO
[    2.317492] mmc1: Unknown controller version (3). You may experience problems.
[    2.324830] mmc1: Invalid maximum block size, assuming 512 bytes
[    2.393815] mmc1: SDHCI controller on 700b0400.sdhci [700b0400.sdhci] using ADMA
[    2.401900] tegra-pcie 1003000.pcie-controller: 2x1, 1x1 configuration
[    2.410568] tegra-pcie 1003000.pcie-controller: probing port 0, using 2 lanes
[    2.421251] tegra-pcie 1003000.pcie-controller: Slot present pin change, signature: 00000008
[    2.444101] tegra-pcie 1003000.pcie-controller: probing port 1, using 1 lanes
[    2.453402] tegra-pcie 1003000.pcie-controller: Slot present pin change, signature: 00000000
[    2.467704] tegra-pcie 1003000.pcie-controller: PCI host bridge to bus 0000:00
[    2.474981] pci_bus 0000:00: root bus resource [io  0x0000-0xffff]
[    2.481169] pci_bus 0000:00: root bus resource [mem 0x13000000-0x1fffffff]
[    2.488078] pci_bus 0000:00: root bus resource [mem 0x20000000-0x3fffffff pref]
[    2.495429] pci_bus 0000:00: root bus resource [bus 00-ff]
[    2.500957] pci 0000:00:01.0: [10de:0e12] type 01 class 0x060400
[    2.507054] pci_bus 0000:00: 2-byte config write to 0000:00:01.0 offset 0x88 may corrupt adjacent RW1C bits
[    2.516874] pci_bus 0000:00: 2-byte config write to 0000:00:01.0 offset 0x52 may corrupt adjacent RW1C bits
[    2.526694] pci 0000:00:01.0: PME# supported from D0 D1 D2 D3hot D3cold
[    2.533354] pci_bus 0000:00: 2-byte config write to 0000:00:01.0 offset 0x4c may corrupt adjacent RW1C bits
[    2.543414] pci 0000:00:02.0: [10de:0e13] type 01 class 0x060400
[    2.549466] pci_bus 0000:00: 2-byte config write to 0000:00:02.0 offset 0x88 may corrupt adjacent RW1C bits
[    2.559275] pci_bus 0000:00: 2-byte config write to 0000:00:02.0 offset 0x52 may corrupt adjacent RW1C bits
[    2.569080] pci 0000:00:02.0: PME# supported from D0 D1 D2 D3hot D3cold
[    2.575739] pci_bus 0000:00: 2-byte config write to 0000:00:02.0 offset 0x4c may corrupt adjacent RW1C bits
[    2.585775] pci_bus 0000:00: 2-byte config write to 0000:00:01.0 offset 0x3e may corrupt adjacent RW1C bits
[    2.587076] ata1: SATA link down (SStatus 0 SControl 300)
[    2.600952] pci_bus 0000:00: 2-byte config write to 0000:00:02.0 offset 0x3e may corrupt adjacent RW1C bits
[    2.610698] pci_bus 0000:00: 2-byte config write to 0000:00:01.0 offset 0x4 may corrupt adjacent RW1C bits
[    2.620359] pci_bus 0000:00: 1-byte config write to 0000:00:01.0 offset 0xc may corrupt adjacent RW1C bits
[    2.630057] PCI: bus0: Fast back to back transfers disabled
[    2.635647] pci 0000:00:01.0: bridge configuration invalid ([bus 00-00]), reconfiguring
[    2.643666] pci 0000:00:02.0: bridge configuration invalid ([bus 00-00]), reconfiguring
[    2.651879] pci 0000:01:00.0: [8086:4232] type 00 class 0x028000
[    2.657951] pci 0000:01:00.0: reg 0x10: [mem 0x00000000-0x00001fff 64bit]
[    2.664989] pci 0000:01:00.0: PME# supported from D0 D3hot D3cold
[    2.685792] mmc1: new high speed SDHC card at address aaaa
[    2.692063] mmcblk1: mmc1:aaaa SD04G 3.69 GiB 
[    2.696884] PCI: bus1: Fast back to back transfers disabled
[    2.702481] pci_bus 0000:01: busn_res: [bus 01-ff] end is updated to 01
[    2.709358] pci 0000:02:00.0: [10ec:8168] type 00 class 0x020000
[    2.715442] pci 0000:02:00.0: reg 0x10: [io  0x0000-0x00ff]
[    2.721054] pci 0000:02:00.0: reg 0x18: [mem 0x00000000-0x00000fff 64bit]
[    2.727893] pci 0000:02:00.0: reg 0x20: [mem 0x00000000-0x00003fff 64bit pref]
[    2.735298] pci 0000:02:00.0: supports D1 D2
[    2.739571] pci 0000:02:00.0: PME# supported from D0 D1 D2 D3hot D3cold
[    2.760170]  mmcblk1: p1 p2 p3
[    2.773426] PCI: bus2: Fast back to back transfers disabled
[    2.779006] pci_bus 0000:02: busn_res: [bus 02-ff] end is updated to 02
[    2.785843] pci 0000:00:01.0: BAR 8: assigned [mem 0x13000000-0x130fffff]
[    2.792636] pci 0000:00:02.0: BAR 8: assigned [mem 0x13100000-0x131fffff]
[    2.799469] pci 0000:00:02.0: BAR 9: assigned [mem 0x20000000-0x200fffff 64bit pref]
[    2.807246] pci 0000:00:02.0: BAR 7: assigned [io  0x1000-0x1fff]
[    2.813362] pci 0000:01:00.0: BAR 0: assigned [mem 0x13000000-0x13001fff 64bit]
[    2.820690] pci 0000:00:01.0: PCI bridge to [bus 01]
[    2.825693] pci 0000:00:01.0:   bridge window [mem 0x13000000-0x130fffff]
[    2.832491] pci 0000:02:00.0: BAR 4: assigned [mem 0x20000000-0x20003fff 64bit pref]
[    2.840265] pci 0000:02:00.0: BAR 2: assigned [mem 0x13100000-0x13100fff 64bit]
[    2.847625] pci 0000:02:00.0: BAR 0: assigned [io  0x1000-0x10ff]
[    2.853740] pci 0000:00:02.0: PCI bridge to [bus 02]
[    2.858702] pci 0000:00:02.0:   bridge window [io  0x1000-0x1fff]
[    2.864830] pci 0000:00:02.0:   bridge window [mem 0x13100000-0x131fffff]
[    2.871613] pci 0000:00:02.0:   bridge window [mem 0x20000000-0x200fffff 64bit pref]
[    2.879399] pci 0000:00:01.0: nv_msi_ht_cap_quirk didn't locate host bridge
[    2.886485] pcieport 0000:00:01.0: enabling device (0140 -> 0142)
[    2.892827] pcieport 0000:00:01.0: Signaling PME with IRQ 393
[    2.898688] pci 0000:00:02.0: nv_msi_ht_cap_quirk didn't locate host bridge
[    2.905768] pcieport 0000:00:02.0: enabling device (0140 -> 0143)
[    2.912092] pcieport 0000:00:02.0: Signaling PME with IRQ 394
[    2.918137] r8169 Gigabit Ethernet driver 2.3LK-NAPI loaded
[    2.923771] r8169 0000:02:00.0: enabling device (0140 -> 0143)
[    2.954970] r8169 0000:02:00.0 eth0: RTL8168g/8111g at 0xf0b54000, 00:04:4b:3a:d9:81, XID 0c000800 IRQ 395
[    2.964662] r8169 0000:02:00.0 eth0: jumbo features [frames: 9200 bytes, tx checksumming: ko]
[    2.977476] +1.05V_RUN_AVDD_HDMI_PLL: supplied by +1.05V_RUN
[    2.985245] [drm] Supports vblank timestamp caching Rev 2 (21.10.2013).
[    2.991860] [drm] No driver support for vblank timestamp query.
[    3.119830] tegra-hdmi 54280000.hdmi: cannot set audio to 48000 Hz at 297000000 Hz pixel clock
[    3.367257] Console: switching to colour frame buffer device 512x135
[    3.465857] drm drm: fb0:  frame buffer device
[    3.470383] [drm] Initialized tegra 0.0.0 20120330 for drm on minor 0
[    3.478229] of: dev_pm_opp_of_cpumask_add_table: couldn't find opp table for cpu:0, -19
[    3.486281] cpufreq: cpufreq_online: CPU0: Running at unlisted freq: 696000 KHz
[    3.493606] cpufreq: cpufreq_online: CPU0: Unlisted initial frequency changed to: 714000 KHz
[    3.502695] input: gpio-keys as /devices/soc0/gpio-keys/input/input0
[    3.509997] as3722-rtc as3722-rtc: setting system clock to 2000-01-01 00:02:35 UTC (946684955)
[    3.518927] +USB0_VBUS_SW: disabling
[    3.522501] +1.8V_RUN_CAM: disabling
[    3.526313] +2.8V_RUN_CAM: disabling
[    3.530083] +1.2V_RUN_CAM_FRONT: disabling
[    3.534446] +1.05V_RUN_CAM_REAR: disabling
[    3.538695] +3.3V_RUN_TOUCH: disabling
[    3.542596] +2.8V_RUN_CAM_AF: disabling
[    3.546649] +1.8V_RUN_VPP_FUSE: disabling
[    3.551692] EXT4-fs (mmcblk0p1): mounting ext3 file system using the ext4 subsystem
[    3.573446] EXT4-fs (mmcblk0p1): recovery complete
[    3.578235] EXT4-fs (mmcblk0p1): mounted filesystem with ordered data mode. Opts: (null)
[    3.586359] VFS: Mounted root (ext3 filesystem) on device 179:1.
[    3.596356] devtmpfs: mounted
[    3.599936] Freeing unused kernel memory: 2048K
bash: cannot set terminal process group (-1): Inappropriate ioctl for device
bash: no job control in this shell
root@(none):/# mount -t sysfs none /sys
root@(none):/# 
root@(none):/# mount -t debugfs none /sys/kernel/debug
root@(none):/# 
root@(none):/# rtcwake -d rtc1 -m mem -s 3
rtcwake: assuming RTC uses UTC ...
rtcwake: wakeup from "mem" using /dev/rtc1 at Thu Jan  1 00:00:20 1970
[    6.481082] PM: Syncing filesystems ... done.
[    6.595806] Freezing user space processes ... (elapsed 0.001 seconds) done.
[    6.604032] Freezing remaining freezable tasks ... (elapsed 0.001 seconds) done.
[    6.612722] Suspending console(s) (use no_console_suspend to debug)
[    6.735290] PM: suspend of devices complete after 115.466 msecs
[    6.739221] PM: late suspend of devices complete after 3.916 msecs
[    6.765212] PM: noirq suspend of devices complete after 25.982 msecs
[    6.765217] Disabling non-boot CPUs ...
[    6.897988] IRQ17 no longer affine to CPU3
[    6.946920] Entering suspend state LP1
[    6.946920] Suspended for 2.931 seconds
[    6.946932] Enabling non-boot CPUs ...
[    6.975288] CPU1 is up
[    7.015181] CPU2 is up
[    7.055461] CPU3 is up
[    7.056138] pcieport 0000:00:02.0: nv_msi_ht_cap_quirk didn't locate host bridge
[    7.056250] pcieport 0000:00:01.0: nv_msi_ht_cap_quirk didn't locate host bridge
[    7.083359] PM: noirq resume of devices complete after 27.893 msecs
[    7.084602] PM: early resume of devices complete after 0.907 msecs
[    7.088065] tegra-hdmi 54280000.hdmi: cannot set audio to 48000 Hz at 297000000 Hz pixel clock
[    7.209952] PM: resume of devices complete after 125.340 msecs
[    7.297049] Restarting tasks ... done.
root@(none):/# 
root@(none):/# [    7.414338] ata1: SATA link down (SStatus 0 SControl 300)
rtcwake -d rtc1 -m mem -s 3
rtcwake: assuming RTC uses UTC ...
rtcwake: wakeup from "mem" using /dev/rtc1 at Thu Jan  1 00:00:25 1970
[    8.593739] PM: Syncing filesystems ... done.
[    8.805503] Freezing user space processes ... (elapsed 0.001 seconds) done.
[    8.813837] Freezing remaining freezable tasks ... (elapsed 0.001 seconds) done.
[    8.822454] Suspending console(s) (use no_console_suspend to debug)
[    8.846093] pci_generic_config_write32: 118 callbacks suppressed
[    8.846101] pci_bus 0000:00: 2-byte config write to 0000:00:02.0 offset 0x9c may corrupt adjacent RW1C bits
[    8.846117] pci_bus 0000:00: 2-byte config write to 0000:00:01.0 offset 0x9c may corrupt adjacent RW1C bits
[    8.955030] PM: suspend of devices complete after 125.732 msecs
[    8.957807] PM: late suspend of devices complete after 2.765 msecs
[    8.958268] pci_bus 0000:02: 2-byte config write to 0000:02:00.0 offset 0x44 may corrupt adjacent RW1C bits
[    8.958286] pci_bus 0000:02: 2-byte config write to 0000:02:00.0 offset 0x44 may corrupt adjacent RW1C bits
[    8.984514] PM: noirq suspend of devices complete after 26.700 msecs
[    8.984517] Disabling non-boot CPUs ...
[    8.984813] IRQ17 no longer affine to CPU1
[    9.155602] Entering suspend state LP1
[    9.155602] Suspended for 2.791 seconds
[    9.155613] Enabling non-boot CPUs ...
[    9.185254] CPU1 is up
[    9.225154] CPU2 is up
[    9.265442] CPU3 is up
[    9.266033] pci_bus 0000:00: 2-byte config write to 0000:00:02.0 offset 0x4c may corrupt adjacent RW1C bits
[    9.266044] pci_bus 0000:00: 2-byte config write to 0000:00:02.0 offset 0x88 may corrupt adjacent RW1C bits
[    9.266050] pci_bus 0000:00: 2-byte config write to 0000:00:02.0 offset 0x90 may corrupt adjacent RW1C bits
[    9.266056] pci_bus 0000:00: 2-byte config write to 0000:00:02.0 offset 0x98 may corrupt adjacent RW1C bits
[    9.266061] pci_bus 0000:00: 2-byte config write to 0000:00:02.0 offset 0x9c may corrupt adjacent RW1C bits
[    9.266067] pci_bus 0000:00: 2-byte config write to 0000:00:02.0 offset 0xa8 may corrupt adjacent RW1C bits
[    9.266121] pcieport 0000:00:02.0: nv_msi_ht_cap_quirk didn't locate host bridge
[    9.266238] pcieport 0000:00:01.0: nv_msi_ht_cap_quirk didn't locate host bridge
[    9.293332] PM: noirq resume of devices complete after 27.884 msecs
[    9.295211] PM: early resume of devices complete after 1.547 msecs
[    9.298616] tegra-hdmi 54280000.hdmi: cannot set audio to 48000 Hz at 297000000 Hz pixel clock
[    9.420479] PM: resume of devices complete after 125.258 msecs
[    9.610902] Restarting tasks ... done.
[    9.626158] ata1: SATA link down (SStatus 0 SControl 300)
root@(none):/# 
root@(none):/# rtcwake -d rtc1 -m mem -s 3
rtcwake: assuming RTC uses UTC ...
rtcwake: wakeup from "mem" using /dev/rtc1 at Thu Jan  1 00:00:30 1970
[   10.799568] PM: Syncing filesystems ... done.
[   10.960494] Freezing user space processes ... (elapsed 0.001 seconds) done.
[   10.968930] Freezing remaining freezable tasks ... (elapsed 0.001 seconds) done.
[   10.977927] Suspending console(s) (use no_console_suspend to debug)
[   11.126164] PM: suspend of devices complete after 140.253 msecs
[   11.134597] PM: late suspend of devices complete after 8.405 msecs
[   11.167665] PM: noirq suspend of devices complete after 33.047 msecs
[   11.167676] Disabling non-boot CPUs ...
[   11.168604] IRQ17 no longer affine to CPU1
[   11.370972] Entering suspend state LP1
[   11.370972] Suspended for 2.784 seconds
[   11.370984] Enabling non-boot CPUs ...
[   11.395221] CPU1 is up
[   11.435123] CPU2 is up
[   11.475409] CPU3 is up
[   11.476105] pcieport 0000:00:01.0: nv_msi_ht_cap_quirk didn't locate host bridge
[   11.476107] pcieport 0000:00:02.0: nv_msi_ht_cap_quirk didn't locate host bridge
[   11.503303] PM: noirq resume of devices complete after 27.889 msecs
[   11.505230] PM: early resume of devices complete after 1.603 msecs
[   11.508344] tegra-hdmi 54280000.hdmi: cannot set audio to 48000 Hz at 297000000 Hz pixel clock
[   11.630206] PM: resume of devices complete after 124.966 msecs
[   11.717303] Restarting tasks ... done.
root@(none):/# 
root@(none):/# [   11.834602] ata1: SATA link down (SStatus 0 SControl 300)
rtcwake -d rtc1 -m mem -s 3
rtcwake: assuming RTC uses UTC ...
rtcwake: wakeup from "mem" using /dev/rtc1 at Thu Jan  1 00:00:35 1970
[   13.023721] PM: Syncing filesystems ... done.
[   13.225780] Freezing user space processes ... (elapsed 0.001 seconds) done.
[   13.234124] Freezing remaining freezable tasks ... (elapsed 0.001 seconds) done.
[   13.242742] Suspending console(s) (use no_console_suspend to debug)
[   13.374957] PM: suspend of devices complete after 125.365 msecs
[   13.377706] PM: late suspend of devices complete after 2.738 msecs
[   13.404461] PM: noirq suspend of devices complete after 26.748 msecs
[   13.404465] Disabling non-boot CPUs ...
[   13.565546] Entering suspend state LP1
[   13.565546] Suspended for 2.805 seconds
[   13.565558] Enabling non-boot CPUs ...
[   13.595211] CPU1 is up
[   13.635106] CPU2 is up
[   13.675381] CPU3 is up
[   13.676051] pcieport 0000:00:01.0: nv_msi_ht_cap_quirk didn't locate host bridge
[   13.676053] pcieport 0000:00:02.0: nv_msi_ht_cap_quirk didn't locate host bridge
[   13.703274] PM: noirq resume of devices complete after 27.888 msecs
[   13.704351] PM: early resume of devices complete after 0.753 msecs
[   13.707711] tegra-hdmi 54280000.hdmi: cannot set audio to 48000 Hz at 297000000 Hz pixel clock
[   13.829690] PM: resume of devices complete after 125.328 msecs
[   13.912749] Restarting tasks ... done.
root@(none):/# 
root@(none):/# [   14.035638] ata1: SATA link down (SStatus 0 SControl 300)
rtcwake -d rtc1 -m mem -s 3
rtcwake: assuming RTC uses UTC ...
rtcwake: wakeup from "mem" using /dev/rtc1 at Thu Jan  1 00:00:40 1970
[   15.218767] PM: Syncing filesystems ... done.
[   15.425292] Freezing user space processes ... (elapsed 0.001 seconds) done.
[   15.433643] Freezing remaining freezable tasks ... (elapsed 0.001 seconds) done.
[   15.442250] Suspending console(s) (use no_console_suspend to debug)
[   15.463740] pci_generic_config_write32: 116 callbacks suppressed
[   15.463752] pci_bus 0000:00: 2-byte config write to 0000:00:02.0 offset 0x9c may corrupt adjacent RW1C bits
[   15.463761] pci_bus 0000:00: 2-byte config write to 0000:00:01.0 offset 0x9c may corrupt adjacent RW1C bits
[   15.574771] PM: suspend of devices complete after 125.710 msecs
[   15.576384] PM: late suspend of devices complete after 1.607 msecs
[   15.576725] pci_bus 0000:02: 2-byte config write to 0000:02:00.0 offset 0x44 may corrupt adjacent RW1C bits
[   15.576739] pci_bus 0000:02: 2-byte config write to 0000:02:00.0 offset 0x44 may corrupt adjacent RW1C bits
[   15.604231] PM: noirq suspend of devices complete after 27.841 msecs
[   15.604234] Disabling non-boot CPUs ...
[   15.775672] Entering suspend state LP1
[   15.775672] Suspended for 2.789 seconds
[   15.775683] Enabling non-boot CPUs ...
[   15.805168] CPU1 is up
[   15.845068] CPU2 is up
[   15.885347] CPU3 is up
[   15.885940] pci_bus 0000:00: 2-byte config write to 0000:00:01.0 offset 0x4c may corrupt adjacent RW1C bits
[   15.885950] pci_bus 0000:00: 2-byte config write to 0000:00:01.0 offset 0x88 may corrupt adjacent RW1C bits
[   15.885956] pci_bus 0000:00: 2-byte config write to 0000:00:01.0 offset 0x90 may corrupt adjacent RW1C bits
[   15.885962] pci_bus 0000:00: 2-byte config write to 0000:00:01.0 offset 0x98 may corrupt adjacent RW1C bits
[   15.885968] pci_bus 0000:00: 2-byte config write to 0000:00:01.0 offset 0x9c may corrupt adjacent RW1C bits
[   15.885973] pci_bus 0000:00: 2-byte config write to 0000:00:01.0 offset 0xa8 may corrupt adjacent RW1C bits
[   15.886027] pcieport 0000:00:01.0: nv_msi_ht_cap_quirk didn't locate host bridge
[   15.886187] pcieport 0000:00:02.0: nv_msi_ht_cap_quirk didn't locate host bridge
[   15.913246] PM: noirq resume of devices complete after 27.893 msecs
[   15.915164] PM: early resume of devices complete after 1.590 msecs
[   15.918247] tegra-hdmi 54280000.hdmi: cannot set audio to 48000 Hz at 297000000 Hz pixel clock
[   16.040218] PM: resume of devices complete after 125.043 msecs
[   16.226845] Restarting tasks ... done.
[   16.247232] ata1: SATA link down (SStatus 0 SControl 300)
root@(none):/# 
root@(none):/# rtcwake -d rtc1 -m mem -s 3
rtcwake: assuming RTC uses UTC ...
rtcwake: wakeup from "mem" using /dev/rtc1 at Thu Jan  1 00:00:45 1970
[   17.423208] PM: Syncing filesystems ... done.
[   17.635846] Freezing user space processes ... (elapsed 0.001 seconds) done.
[   17.644198] Freezing remaining freezable tasks ... (elapsed 0.001 seconds) done.
[   17.652780] Suspending console(s) (use no_console_suspend to debug)
[   17.784606] PM: suspend of devices complete after 125.056 msecs
[   17.786520] PM: late suspend of devices complete after 1.903 msecs
[   17.814205] PM: noirq suspend of devices complete after 27.679 msecs
[   17.814208] Disabling non-boot CPUs ...
[   17.814444] IRQ17 no longer affine to CPU1
[   17.975129] Entering suspend state LP1
[   17.975129] Suspended for 2.800 seconds
[   17.975141] Enabling non-boot CPUs ...
[   18.005136] CPU1 is up
[   18.045031] CPU2 is up
[   18.085325] CPU3 is up
[   18.086003] pcieport 0000:00:02.0: nv_msi_ht_cap_quirk didn't locate host bridge
[   18.086017] pcieport 0000:00:01.0: nv_msi_ht_cap_quirk didn't locate host bridge
[   18.113218] PM: noirq resume of devices complete after 27.887 msecs
[   18.114908] PM: early resume of devices complete after 1.352 msecs
[   18.118258] tegra-hdmi 54280000.hdmi: cannot set audio to 48000 Hz at 297000000 Hz pixel clock
[   18.240134] PM: resume of devices complete after 125.217 msecs
[   18.327230] Restarting tasks ... done.
root@(none):/# 
root@(none):/# [   18.444484] ata1: SATA link down (SStatus 0 SControl 300)
rtcwake -d rtc1 -m mem -s 3
rtcwake: assuming RTC uses UTC ...
rtcwake: wakeup from "mem" using /dev/rtc1 at Thu Jan  1 00:00:50 1970
[   19.622867] PM: Syncing filesystems ... done.
[   19.835829] Freezing user space processes ... (elapsed 0.001 seconds) done.
[   19.844182] Freezing remaining freezable tasks ... (elapsed 0.001 seconds) done.
[   19.852762] Suspending console(s) (use no_console_suspend to debug)
[   19.984563] PM: suspend of devices complete after 125.027 msecs
[   19.986585] PM: late suspend of devices complete after 2.012 msecs
[   20.014146] PM: noirq suspend of devices complete after 27.554 msecs
[   20.014149] Disabling non-boot CPUs ...
[   20.185101] Entering suspend state LP1
[   20.185101] Suspended for 2.789 seconds
[   20.185113] Enabling non-boot CPUs ...
[   20.215113] CPU1 is up
[   20.255022] CPU2 is up
[   20.295309] CPU3 is up
[   20.295951] pcieport 0000:00:02.0: nv_msi_ht_cap_quirk didn't locate host bridge
[   20.296062] pcieport 0000:00:01.0: nv_msi_ht_cap_quirk didn't locate host bridge
[   20.323196] PM: noirq resume of devices complete after 27.880 msecs
[   20.324883] PM: early resume of devices complete after 1.354 msecs
[   20.328304] tegra-hdmi 54280000.hdmi: cannot set audio to 48000 Hz at 297000000 Hz pixel clock
[   20.450135] PM: resume of devices complete after 125.243 msecs
[   20.533153] Restarting tasks ... done.
root@(none):/# 
root@(none):/# [   20.655845] ata1: SATA link down (SStatus 0 SControl 300)
rtcwake -d rtc1 -m mem -s 3
rtcwake: assuming RTC uses UTC ...
rtcwake: wakeup from "mem" using /dev/rtc1 at Thu Jan  1 00:00:55 1970
[   21.832779] PM: Syncing filesystems ... done.
[   22.045907] Freezing user space processes ... (elapsed 0.001 seconds) done.
[   22.054268] Freezing remaining freezable tasks ... (elapsed 0.001 seconds) done.
[   22.062849] Suspending console(s) (use no_console_suspend to debug)
[   22.084288] pci_generic_config_write32: 116 callbacks suppressed
[   22.084301] pci_bus 0000:00: 2-byte config write to 0000:00:02.0 offset 0x9c may corrupt adjacent RW1C bits
[   22.084321] pci_bus 0000:00: 2-byte config write to 0000:00:01.0 offset 0x9c may corrupt adjacent RW1C bits
[   22.194562] PM: suspend of devices complete after 124.938 msecs
[   22.196596] PM: late suspend of devices complete after 2.024 msecs
[   22.197030] pci_bus 0000:02: 2-byte config write to 0000:02:00.0 offset 0x44 may corrupt adjacent RW1C bits
[   22.197046] pci_bus 0000:02: 2-byte config write to 0000:02:00.0 offset 0x44 may corrupt adjacent RW1C bits
[   22.224123] PM: noirq suspend of devices complete after 27.521 msecs
[   22.224126] Disabling non-boot CPUs ...
[   22.224364] IRQ17 no longer affine to CPU1
[   22.385092] Entering suspend state LP1
[   22.385092] Suspended for 2.799 seconds
[   22.385103] Enabling non-boot CPUs ...
[   22.415094] CPU1 is up
[   22.454999] CPU2 is up
[   22.495276] CPU3 is up
[   22.495871] pci_bus 0000:00: 2-byte config write to 0000:00:01.0 offset 0x4c may corrupt adjacent RW1C bits
[   22.495881] pci_bus 0000:00: 2-byte config write to 0000:00:02.0 offset 0x4c may corrupt adjacent RW1C bits
[   22.495891] pci_bus 0000:00: 2-byte config write to 0000:00:01.0 offset 0x88 may corrupt adjacent RW1C bits
[   22.495898] pci_bus 0000:00: 2-byte config write to 0000:00:01.0 offset 0x90 may corrupt adjacent RW1C bits
[   22.495904] pci_bus 0000:00: 2-byte config write to 0000:00:02.0 offset 0x88 may corrupt adjacent RW1C bits
[   22.495910] pci_bus 0000:00: 2-byte config write to 0000:00:01.0 offset 0x98 may corrupt adjacent RW1C bits
[   22.496015] pcieport 0000:00:01.0: nv_msi_ht_cap_quirk didn't locate host bridge
[   22.496017] pcieport 0000:00:02.0: nv_msi_ht_cap_quirk didn't locate host bridge
[   22.523166] PM: noirq resume of devices complete after 27.884 msecs
[   22.524857] PM: early resume of devices complete after 1.344 msecs
[   22.528271] tegra-hdmi 54280000.hdmi: cannot set audio to 48000 Hz at 297000000 Hz pixel clock
[   22.650153] PM: resume of devices complete after 125.287 msecs
[   22.840682] Restarting tasks ... done.
[   22.855828] ata1: SATA link down (SStatus 0 SControl 300)
root@(none):/# 
root@(none):/# rtcwake -d rtc1 -m mem -s 3
rtcwake: assuming RTC uses UTC ...
rtcwake: wakeup from "mem" using /dev/rtc1 at Thu Jan  1 00:01:00 1970
[   24.033212] PM: Syncing filesystems ... done.
[   24.245926] Freezing user space processes ... (elapsed 0.001 seconds) done.
[   24.254566] Freezing remaining freezable tasks ... (elapsed 0.001 seconds) done.
[   24.263740] Suspending console(s) (use no_console_suspend to debug)
[   24.396550] PM: suspend of devices complete after 124.082 msecs
[   24.408221] PM: late suspend of devices complete after 11.631 msecs
[   24.439728] PM: noirq suspend of devices complete after 31.475 msecs
[   24.439743] Disabling non-boot CPUs ...
[   24.441156] IRQ17 no longer affine to CPU1
[   24.674767] Entering suspend state LP1
[   24.674767] Suspended for 2.710 seconds
[   24.674779] Enabling non-boot CPUs ...
[   24.695070] CPU1 is up
[   24.734961] CPU2 is up
[   24.775247] CPU3 is up
[   24.775900] pcieport 0000:00:02.0: nv_msi_ht_cap_quirk didn't locate host bridge
[   24.776005] pcieport 0000:00:01.0: nv_msi_ht_cap_quirk didn't locate host bridge
[   24.803128] PM: noirq resume of devices complete after 27.875 msecs
[   24.805152] PM: early resume of devices complete after 1.693 msecs
[   24.808023] tegra-hdmi 54280000.hdmi: cannot set audio to 48000 Hz at 297000000 Hz pixel clock
[   24.929898] PM: resume of devices complete after 124.737 msecs
[   25.017096] Restarting tasks ... done.
root@(none):/# 
root@(none):/# [   25.135712] ata1: SATA link down (SStatus 0 SControl 300)
rtcwake -d rtc1 -m mem -s 3
rtcwake: assuming RTC uses UTC ...
rtcwake: wakeup from "mem" using /dev/rtc1 at Thu Jan  1 00:01:05 1970
[   26.320481] PM: Syncing filesystems ... done.
[   26.525637] Freezing user space processes ... (elapsed 0.001 seconds) done.
[   26.534004] Freezing remaining freezable tasks ... (elapsed 0.001 seconds) done.
[   26.542519] Suspending console(s) (use no_console_suspend to debug)
[   26.674497] PM: suspend of devices complete after 125.148 msecs
[   26.676757] PM: late suspend of devices complete after 2.249 msecs
[   26.704241] PM: noirq suspend of devices complete after 27.477 msecs
[   26.704245] Disabling non-boot CPUs ...
[   26.704520] IRQ17 no longer affine to CPU1
[   26.865327] Entering suspend state LP1
[   26.865327] Suspended for 2.809 seconds
[   26.865339] Enabling non-boot CPUs ...
[   26.895027] CPU1 is up
[   26.934922] CPU2 is up
[   26.975215] CPU3 is up
[   26.975910] pcieport 0000:00:01.0: nv_msi_ht_cap_quirk didn't locate host bridge
[   26.975912] pcieport 0000:00:02.0: nv_msi_ht_cap_quirk didn't locate host bridge
[   27.003101] PM: noirq resume of devices complete after 27.880 msecs
[   27.004634] PM: early resume of devices complete after 1.188 msecs
[   27.007988] tegra-hdmi 54280000.hdmi: cannot set audio to 48000 Hz at 297000000 Hz pixel clock
[   27.129854] PM: resume of devices complete after 125.210 msecs
[   27.216971] Restarting tasks ... done.
root@(none):/# 
root@(none):/# [   27.335677] ata1: SATA link down (SStatus 0 SControl 300)
NVTB SYSTEM SUSPEND TEST COMPLETE
