
U-Boot SPL 2014.07-00097-g772e173 (Jul 25 2014 - 20:02:52)


U-Boot 2014.07-00097-g772e173 (Jul 25 2014 - 20:02:52)

TEGRA124
Board: NVIDIA Jetson TK1
I2C:   ready
DRAM:  2 GiB
MMC:   Tegra SD/MMC: 0, Tegra SD/MMC: 1
In:    serial
Out:   serial
Err:   serial
Net:   Net Initialization Skipped
No ethernet found.
Hit any key to stop autoboot:  2  0 
Tegra124 (Jetson TK1) # 
Tegra124 (Jetson TK1) # usb reset
(Re)start USB...
USB0:   USB EHCI 1.10
scanning bus 0 for devices... 1 USB Device(s) found
USB1:   USB EHCI 1.10
scanning bus 1 for devices... 2 USB Device(s) found
       scanning usb for storage devices... 0 Storage Device(s) found
       scanning usb for ethernet devices... 
Warning: asx0 using MAC address from net device
1 Ethernet Device(s) found
Tegra124 (Jetson TK1) # setenv bootargs 'ignore_loglevel console=ttyS0,115200n8 rw root=/dev/mmcblk0p1 rootwait gpt debug init=/bin/bash noinitrd'
Tegra124 (Jetson TK1) # setenv ipaddr 192.168.100.102; setenv serverip 192.168.100.1; setenv tftpserverip 192.168.100.1
Tegra124 (Jetson TK1) # tftpboot 0x81000000 zImage.multi_v7_defconfig
Using asx0 device
TFTP from server 192.168.100.1; our IP address is 192.168.100.102
Filename 'zImage.multi_v7_defconfig'.
Load address: 0x81000000
Loading: *#################################################################
	 #################################################################
	 #################################################################
	 #################################################################
	 #################################################################
	 #################################################################
	 ###############################################
	 3.1 MiB/s
done
Bytes transferred = 6401640 (61ae68 hex)
Tegra124 (Jetson TK1) # tftpboot 0x82000000 tegra124-jetson-tk1.dtb
Using asx0 device
TFTP from server 192.168.100.1; our IP address is 192.168.100.102
Filename 'tegra124-jetson-tk1.dtb'.
Load address: 0x82000000
Loading: *#####
	 2.9 MiB/s
done
Bytes transferred = 64210 (fad2 hex)
Tegra124 (Jetson TK1) # bootz 0x81000000 - 0x82000000
Kernel image @ 0x81000000 [ 0x000000 - 0x61ae68 ]
## Flattened Device Tree blob at 82000000
   Booting using the fdt blob at 0x82000000
   Using Device Tree in place at 82000000, end 82012ad1

Starting kernel ...

[    0.000000] Booting Linux on physical CPU 0x0
[    0.000000] Linux version 4.2.0-38352-g4e4adb2 (pwalmsley@sellafield) (gcc version 4.7.3 20130328 (prerelease) (crosstool-NG linaro-1.13.1-4.7-2013.04-20130415 - Linaro GCC 2013.04) ) #1 SMP Tue Sep 8 01:50:52 PDT 2015
[    0.000000] CPU: ARMv7 Processor [413fc0f3] revision 3 (ARMv7), cr=10c5387d
[    0.000000] CPU: PIPT / VIPT nonaliasing data cache, PIPT instruction cache
[    0.000000] Machine model: NVIDIA Tegra124 Jetson TK1
[    0.000000] debug: ignoring loglevel setting.
[    0.000000] cma: Reserved 64 MiB at 0xfb800000
[    0.000000] Memory policy: Data cache writealloc
[    0.000000] On node 0 totalpages: 524032
[    0.000000] free_area_init_node: node 0, pgdat c0f6b200, node_mem_map ee7f8000
[    0.000000]   DMA zone: 1520 pages used for memmap
[    0.000000]   DMA zone: 0 pages reserved
[    0.000000]   DMA zone: 194560 pages, LIFO batch:31
[    0.000000]   HighMem zone: 329472 pages, LIFO batch:31
[    0.000000] PERCPU: Embedded 11 pages/cpu @ee793000 s14976 r8192 d21888 u45056
[    0.000000] pcpu-alloc: s14976 r8192 d21888 u45056 alloc=11*4096
[    0.000000] pcpu-alloc: [0] 0 [0] 1 [0] 2 [0] 3 
[    0.000000] Built 1 zonelists in Zone order, mobility grouping on.  Total pages: 522512
[    0.000000] Kernel command line: ignore_loglevel console=ttyS0,115200n8 rw root=/dev/mmcblk0p1 rootwait gpt debug init=/bin/bash noinitrd
[    0.000000] PID hash table entries: 4096 (order: 2, 16384 bytes)
[    0.000000] Dentry cache hash table entries: 131072 (order: 7, 524288 bytes)
[    0.000000] Inode-cache hash table entries: 65536 (order: 6, 262144 bytes)
[    0.000000] Memory: 1998848K/2096128K available (8062K kernel code, 1012K rwdata, 3616K rodata, 1020K init, 340K bss, 31744K reserved, 65536K cma-reserved, 1252352K highmem)
[    0.000000] Virtual kernel memory layout:
[    0.000000]     vector  : 0xffff0000 - 0xffff1000   (   4 kB)
[    0.000000]     fixmap  : 0xffc00000 - 0xfff00000   (3072 kB)
[    0.000000]     vmalloc : 0xf0000000 - 0xff000000   ( 240 MB)
[    0.000000]     lowmem  : 0xc0000000 - 0xef800000   ( 760 MB)
[    0.000000]     pkmap   : 0xbfe00000 - 0xc0000000   (   2 MB)
[    0.000000]     modules : 0xbf000000 - 0xbfe00000   (  14 MB)
[    0.000000]       .text : 0xc0208000 - 0xc0d70bb4   (11683 kB)
[    0.000000]       .init : 0xc0d71000 - 0xc0e70000   (1020 kB)
[    0.000000]       .data : 0xc0e70000 - 0xc0f6d1c0   (1013 kB)
[    0.000000]        .bss : 0xc0f70000 - 0xc0fc52e8   ( 341 kB)
[    0.000000] SLUB: HWalign=64, Order=0-3, MinObjects=0, CPUs=4, Nodes=1
[    0.000000] Hierarchical RCU implementation.
[    0.000000] 	Build-time adjustment of leaf fanout to 32.
[    0.000000] 	RCU restricting CPUs from NR_CPUS=16 to nr_cpu_ids=4.
[    0.000000] RCU: Adjusting geometry for rcu_fanout_leaf=32, nr_cpu_ids=4
[    0.000000] NR_IRQS:16 nr_irqs:16 16
[    0.000000] /interrupt-controller@60004000: 160 interrupts forwarded to /interrupt-controller@0,50041000
[    0.000000] L2C: failed to init: -19
[    0.000008] sched_clock: 32 bits at 1000kHz, resolution 1000ns, wraps every 2147483647500ns
[    0.000028] clocksource: timer_us: mask: 0xffffffff max_cycles: 0xffffffff, max_idle_ns: 1911260446275 ns
[    0.000042] Switching to timer-based delay loop, resolution 1000ns
[    0.004460] Architected cp15 timer(s) running at 12.00MHz (virt).
[    0.004477] clocksource: arch_sys_counter: mask: 0xffffffffffffff max_cycles: 0x2c47f4ee7, max_idle_ns: 440795202497 ns
[    0.004495] sched_clock: 56 bits at 12MHz, resolution 83ns, wraps every 4398046511096ns
[    0.004508] Switching to timer-based delay loop, resolution 83ns
[    0.004935] Console: colour dummy device 80x30
[    0.004958] Calibrating delay loop (skipped), value calculated using timer frequency.. 24.00 BogoMIPS (lpj=60000)
[    0.004972] pid_max: default: 32768 minimum: 301
[    0.005082] Mount-cache hash table entries: 2048 (order: 1, 8192 bytes)
[    0.005093] Mountpoint-cache hash table entries: 2048 (order: 1, 8192 bytes)
[    0.005681] CPU: Testing write buffer coherency: ok
[    0.005895] /cpus/cpu@0 missing clock-frequency property
[    0.005934] /cpus/cpu@1 missing clock-frequency property
[    0.005972] /cpus/cpu@2 missing clock-frequency property
[    0.006009] /cpus/cpu@3 missing clock-frequency property
[    0.006021] CPU0: thread -1, cpu 0, socket 0, mpidr 80000000
[    0.006063] Setting up static identity map for 0x80209000 - 0x80209098
[    0.009185] Tegra Revision: A01 SKU: 129 CPU Process: 1 SoC Process: 1
[    0.010440] CPU1: thread -1, cpu 1, socket 0, mpidr 80000001
[    0.010954] CPU2: thread -1, cpu 2, socket 0, mpidr 80000002
[    0.011467] CPU3: thread -1, cpu 3, socket 0, mpidr 80000003
[    0.011531] Brought up 4 CPUs
[    0.011551] SMP: Total of 4 processors activated (96.00 BogoMIPS).
[    0.011559] CPU: All CPU(s) started in SVC mode.
[    0.013014] devtmpfs: initialized
[    0.032403] VFP support v0.3: implementor 41 architecture 4 part 30 variant f rev 0
[    0.033188] clocksource: jiffies: mask: 0xffffffff max_cycles: 0xffffffff, max_idle_ns: 9556302231375000 ns
[    0.034903] pinctrl core: initialized pinctrl subsystem
[    0.036486] NET: Registered protocol family 16
[    0.038462] DMA: preallocated 256 KiB pool for atomic coherent allocations
[    0.054327] cpuidle: using governor ladder
[    0.069345] cpuidle: using governor menu
[    0.073272] gpiochip_add: GPIOs 0..255 (tegra-gpio) failed to register
[    0.084813] No ATAGs?
[    0.084847] hw-breakpoint: found 5 (+1 reserved) breakpoint and 4 watchpoint registers.
[    0.084856] hw-breakpoint: maximum watchpoint size is 8 bytes.
[    0.089567] Serial: AMBA PL011 UART driver
[    0.123317] vgaarb: loaded
[    0.124126] SCSI subsystem initialized
[    0.124317] libata version 3.00 loaded.
[    0.124662] usbcore: registered new interface driver usbfs
[    0.124731] usbcore: registered new interface driver hub
[    0.124808] usbcore: registered new device driver usb
[    0.128410] pps_core: LinuxPPS API ver. 1 registered
[    0.128419] pps_core: Software ver. 5.3.6 - Copyright 2005-2007 Rodolfo Giometti <giometti@linux.it>
[    0.128451] PTP clock support registered
[    0.128689] EDAC MC: Ver: 3.0.0
[    0.132035] clocksource: Switched to clocksource arch_sys_counter
[    0.143872] NET: Registered protocol family 2
[    0.144393] TCP established hash table entries: 8192 (order: 3, 32768 bytes)
[    0.144493] TCP bind hash table entries: 8192 (order: 4, 65536 bytes)
[    0.144679] TCP: Hash tables configured (established 8192 bind 8192)
[    0.144730] UDP hash table entries: 512 (order: 2, 16384 bytes)
[    0.144772] UDP-Lite hash table entries: 512 (order: 2, 16384 bytes)
[    0.144941] NET: Registered protocol family 1
[    0.145191] RPC: Registered named UNIX socket transport module.
[    0.145201] RPC: Registered udp transport module.
[    0.145209] RPC: Registered tcp transport module.
[    0.145216] RPC: Registered tcp NFSv4.1 backchannel transport module.
[    0.145238] PCI: CLS 0 bytes, default 64
[    0.146231] hw perfevents: enabled with armv7_cortex_a15 PMU driver, 7 counters available
[    0.147876] futex hash table entries: 1024 (order: 4, 65536 bytes)
[    0.160445] squashfs: version 4.0 (2009/01/31) Phillip Lougher
[    0.161406] NFS: Registering the id_resolver key type
[    0.161445] Key type id_resolver registered
[    0.161454] Key type id_legacy registered
[    0.161538] ntfs: driver 2.1.32 [Flags: R/O].
[    0.162978] bounce: pool size: 64 pages
[    0.163206] Block layer SCSI generic (bsg) driver version 0.4 loaded (major 249)
[    0.163226] io scheduler noop registered
[    0.163244] io scheduler deadline registered
[    0.163288] io scheduler cfq registered (default)
[    0.180576] tegra-pcie 1003000.pcie-controller: 2x1, 1x1 configuration
[    0.180626] tegra-pcie 1003000.pcie-controller: Failed to get supply 'avddio-pex': -517
[    0.188047] tegra-apbdma 60020000.dma: Tegra20 APB DMA driver register 32 channels
[    0.189430] tegra-pmc 7000e400.pmc: emergency thermal reset enabled
[    0.253232] Serial: 8250/16550 driver, 4 ports, IRQ sharing disabled
[    0.255679] SuperH (H)SCI(F) driver initialized
[    0.256645] msm_serial: driver initialized
[    0.257506] console [ttyS0] disabled
[    0.257542] 70006300.serial: ttyS0 at MMIO 0x70006300 (irq = 75, base_baud = 25500000) is a Tegra
[    0.996544] console [ttyS0] enabled
[    1.000868] STMicroelectronics ASC driver initialized
[    1.008402] [drm] Initialized drm 1.1.0 20060810
[    1.015439] tegra-hdmi 54280000.hdmi: failed to get HDMI regulator
[    1.029803] loop: module loaded
[    1.033288] at24 0-0056: 256 byte 24c02 EEPROM, writable, 8 bytes/write
[    1.041202] as3722 4-0040: AS3722 with revision 0x1 found
[    1.064572] +5V_SYS: supplied by +VDD_MUX
[    1.068646] +1.05V_RUN: supplied by +5V_SYS
[    1.072944] tegra-ahci 70027000.sata: Failed to get supply 'hvdd': -517
[    1.079617] tegra-ahci 70027000.sata: Failed to get regulators
[    1.090628] m25p80 spi32765.0: w25q32dw (4096 Kbytes)
[    1.099216] CAN device driver interface
[    1.104417] igb: Intel(R) Gigabit Ethernet Network Driver - version 5.3.0-k
[    1.111385] igb: Copyright (c) 2007-2014 Intel Corporation.
[    1.120082] pegasus: v0.9.3 (2013/04/25), Pegasus/Pegasus II USB Ethernet driver
[    1.127541] usbcore: registered new interface driver pegasus
[    1.133281] usbcore: registered new interface driver asix
[    1.138739] usbcore: registered new interface driver ax88179_178a
[    1.144896] usbcore: registered new interface driver cdc_ether
[    1.150810] usbcore: registered new interface driver smsc75xx
[    1.156637] usbcore: registered new interface driver smsc95xx
[    1.162445] usbcore: registered new interface driver net1080
[    1.168163] usbcore: registered new interface driver cdc_subset
[    1.174142] usbcore: registered new interface driver zaurus
[    1.179812] usbcore: registered new interface driver cdc_ncm
[    1.185748] tegra-phy 7d004000.usb-phy: no vbus regulator
[    1.193445] ehci_hcd: USB 2.0 'Enhanced' Host Controller (EHCI) Driver
[    1.199986] ehci-pci: EHCI PCI platform driver
[    1.204495] ehci-platform: EHCI generic platform driver
[    1.209949] ehci-omap: OMAP-EHCI Host Controller driver
[    1.215332] ehci-orion: EHCI orion driver
[    1.219503] SPEAr-ehci: EHCI SPEAr driver
[    1.223679] ehci-st: EHCI STMicroelectronics driver
[    1.228720] ehci-exynos: EHCI EXYNOS driver
[    1.233090] ehci-atmel: EHCI Atmel driver
[    1.237270] tegra-ehci: Tegra EHCI driver
[    1.241608] tegra-ehci 7d004000.usb: EHCI Host Controller
[    1.247049] tegra-ehci 7d004000.usb: new USB bus registered, assigned bus number 1
[    1.254802] tegra-ehci 7d004000.usb: irq 92, io mem 0x7d004000
[    1.267059] tegra-ehci 7d004000.usb: USB 2.0 started, EHCI 1.10
[    1.273832] hub 1-0:1.0: USB hub found
[    1.277629] hub 1-0:1.0: 1 port detected
[    1.282203] ohci_hcd: USB 1.1 'Open' Host Controller (OHCI) Driver
[    1.288407] ohci-pci: OHCI PCI platform driver
[    1.292922] ohci-platform: OHCI generic platform driver
[    1.298342] ohci-omap3: OHCI OMAP3 driver
[    1.302514] SPEAr-ohci: OHCI SPEAr driver
[    1.306669] ohci-st: OHCI STMicroelectronics driver
[    1.311712] ohci-atmel: OHCI Atmel driver
[    1.315979] usbcore: registered new interface driver usb-storage
[    1.323571] mousedev: PS/2 mouse device common for all mice
[    1.333076] as3722-rtc as3722-rtc: rtc core: registered as3722-rtc as rtc0
[    1.339963] as3722-rtc as3722-rtc: RTC interrupt 115
[    1.348349] tegra_rtc 7000e000.rtc: rtc core: registered 7000e000.rtc as rtc1
[    1.355532] tegra_rtc 7000e000.rtc: Tegra internal Real Time Clock
[    1.362351] i2c /dev entries driver
[    1.375659] sdhci: Secure Digital Host Controller Interface driver
[    1.381865] sdhci: Copyright(c) Pierre Ossman
[    1.387954] Synopsys Designware Multimedia Card Interface Driver
[    1.395165] sdhci-pltfm: SDHCI platform and OF driver helper
[    1.401687] mmc0: Unknown controller version (3). You may experience problems.
[    1.409022] sdhci-tegra 700b0600.sdhci: No vmmc regulator found
[    1.414962] sdhci-tegra 700b0600.sdhci: No vqmmc regulator found
[    1.420975] mmc0: Invalid maximum block size, assuming 512 bytes
[    1.462053] mmc0: SDHCI controller on 700b0600.sdhci [700b0600.sdhci] using ADMA 64-bit
[    1.471557] ledtrig-cpu: registered to indicate activity on CPUs
[    1.477800] usbcore: registered new interface driver usbhid
[    1.483381] usbhid: USB HID core driver
[    1.496100] NET: Registered protocol family 10
[    1.501243] sit: IPv6 over IPv4 tunneling driver
[    1.506019] mmc0: MAN_BKOPS_EN bit is not set
[    1.506651] NET: Registered protocol family 17
[    1.506669] can: controller area network core (rev 20120528 abi 9)
[    1.506747] NET: Registered protocol family 29
[    1.506759] can: raw protocol (rev 20120528)
[    1.506767] can: broadcast manager protocol (rev 20120528 t)
[    1.506781] can: netlink gateway (rev 20130117) max_hops=1
[    1.507286] Key type dns_resolver registered
[    1.510896] ThumbEE CPU extension supported.
[    1.510913] Registering SWP/SWPB emulation handler
[    1.557974] tegra-pcie 1003000.pcie-controller: 2x1, 1x1 configuration
[    1.559082] mmc0: new high speed MMC card at address 0001
[    1.560110] mmcblk0: mmc0:0001 SEM16G 14.6 GiB 
[    1.561112] mmcblk0boot0: mmc0:0001 SEM16G partition 1 4.00 MiB
[    1.562140] mmcblk0boot1: mmc0:0001 SEM16G partition 2 4.00 MiB
[    1.562856] mmcblk0rpmb: mmc0:0001 SEM16G partition 3 4.00 MiB
[    1.566681] Primary GPT is invalid, using alternate GPT.
[    1.566720]  mmcblk0: p1 p2 p3 p4 p5 p6 p7 p8 p9
[    1.602590] +3.3V_SYS: supplied by +VDD_MUX
[    1.606828] +3.3V_LP0: supplied by +3.3V_SYS
[    1.611462] +1.35V_LP0(sd2): supplied by +5V_SYS
[    1.616186] +1.05V_RUN_AVDD: supplied by +1.35V_LP0(sd2)
[    1.623308] tegra-pcie 1003000.pcie-controller: probing port 0, using 2 lanes
[    1.632831] tegra-pcie 1003000.pcie-controller: Slot present pin change, signature: 00000008
[    2.066873] tegra-pcie 1003000.pcie-controller: link 0 down, retrying
[    2.503105] tegra-pcie 1003000.pcie-controller: link 0 down, retrying
[    2.939235] tegra-pcie 1003000.pcie-controller: link 0 down, retrying
[    2.947882] tegra-pcie 1003000.pcie-controller: link 0 down, ignoring
[    2.954392] tegra-pcie 1003000.pcie-controller: probing port 1, using 1 lanes
[    2.963899] tegra-pcie 1003000.pcie-controller: Slot present pin change, signature: 00000000
[    3.397917] tegra-pcie 1003000.pcie-controller: link 1 down, retrying
[    3.833526] tegra-pcie 1003000.pcie-controller: link 1 down, retrying
[    4.268806] tegra-pcie 1003000.pcie-controller: link 1 down, retrying
[    4.277454] tegra-pcie 1003000.pcie-controller: link 1 down, ignoring
[    4.284183] tegra-pcie 1003000.pcie-controller: PCI host bridge to bus 0000:00
[    4.291419] pci_bus 0000:00: root bus resource [mem 0x13000000-0x1fffffff]
[    4.298304] pci_bus 0000:00: root bus resource [mem 0x20000000-0x3fffffff pref]
[    4.305620] pci_bus 0000:00: root bus resource [bus 00-ff]
[    4.311114] pci_bus 0000:00: root bus resource [io  0x1000-0xffff]
[    4.317328] PCI: bus0: Fast back to back transfers enabled
[    4.323604] +5V_HDMI_CON: supplied by +5V_SYS
[    4.328092] +1.05V_RUN_AVDD_HDMI_PLL: supplied by +1.05V_RUN
[    4.333890] +3.3V_RUN: supplied by +3.3V_SYS
[    4.338204] +3.3V_AVDD_HDMI_AP_GATED: supplied by +3.3V_RUN
[    4.346362] [drm] Supports vblank timestamp caching Rev 2 (21.10.2013).
[    4.353016] [drm] No driver support for vblank timestamp query.
[    4.458247] tegra-hdmi 54280000.hdmi: cannot set audio to 44100 at 297000000 pclk
[    4.568950] Console: switching to colour frame buffer device 512x135
[    4.663640] drm drm: fb0:  frame buffer device
[    4.687174] [drm] Initialized tegra 0.0.0 20120330 on minor 0
[    4.694104] +5V_SATA: supplied by +5V_SYS
[    4.698329] +12V_SATA: supplied by +VDD_MUX
[    4.703320] tegra-ahci 70027000.sata: AHCI 0001.0301 32 slots 2 ports 3 Gbps 0x1 impl platform mode
[    4.712417] tegra-ahci 70027000.sata: flags: 64bit ncq sntf pm led pio slum part sadm sds apst 
[    4.723783] scsi host0: tegra-ahci
[    4.728453] scsi host1: tegra-ahci
[    4.732254] ata1: SATA max UDMA/133 mmio [mem 0x70027000-0x70028fff] port 0x100 irq 85
[    4.740178] ata2: DUMMY
[    4.744037] +5V_USB_HS: supplied by +5V_SYS
[    4.749604] tegra-ehci 7d008000.usb: EHCI Host Controller
[    4.755062] tegra-ehci 7d008000.usb: new USB bus registered, assigned bus number 2
[    4.762844] tegra-ehci 7d008000.usb: irq 93, io mem 0x7d008000
[    4.777194] tegra-ehci 7d008000.usb: USB 2.0 started, EHCI 1.10
[    4.784358] hub 2-0:1.0: USB hub found
[    4.788209] hub 2-0:1.0: 1 port detected
[    4.792828] 0-004c supply vcc not found, using dummy regulator
[    4.801976] of_cpumask_init_opp_table: couldn't find opp table for cpu:0, -19
[    4.809187] cpufreq: cpufreq_online: CPU0: Running at unlisted freq: 696000 KHz
[    4.816561] cpufreq: cpufreq_online: CPU0: Unlisted initial frequency changed to: 714000 KHz
[    4.825821] sdhci-tegra 700b0400.sdhci: Got CD GPIO
[    4.830714] sdhci-tegra 700b0400.sdhci: Got WP GPIO
[    4.835607] mmc1: Unknown controller version (3). You may experience problems.
[    4.842921] +VDDIO_SDMMC3: supplied by +3.3V_RUN
[    4.847585] sdhci-tegra 700b0400.sdhci: No vmmc regulator found
[    4.853505] mmc1: Invalid maximum block size, assuming 512 bytes
[    4.892435] mmc1: SDHCI controller on 700b0400.sdhci [700b0400.sdhci] using ADMA 64-bit
[    4.901029] input: gpio-keys as /devices/soc0/gpio-keys/input/input0
[    4.908142] as3722-rtc as3722-rtc: setting system clock to 2000-02-01 00:00:18 UTC (949363218)
[    4.920913] +1.8V_RUN_CAM: disabling
[    4.924699] +2.8V_RUN_CAM: disabling
[    4.928530] +1.2V_RUN_CAM_FRONT: disabling
[    4.932839] +1.05V_RUN_CAM_REAR: disabling
[    4.937126] +3.3V_RUN_TOUCH: disabling
[    4.941062] +2.8V_RUN_CAM_AF: disabling
[    4.945072] +1.8V_RUN_VPP_FUSE: disabling
[    4.949251] +USB0_VBUS_SW: disabling
[    5.062169] ata1: SATA link down (SStatus 0 SControl 300)
[    5.068597] EXT4-fs (mmcblk0p1): couldn't mount as ext3 due to feature incompatibilities
[    5.077453] EXT4-fs (mmcblk0p1): couldn't mount as ext2 due to feature incompatibilities
[    5.098710] EXT4-fs (mmcblk0p1): recovery complete
[    5.103568] EXT4-fs (mmcblk0p1): mounted filesystem with ordered data mode. Opts: (null)
[    5.107174] usb 2-1: new high-speed USB device number 2 using tegra-ehci
[    5.118482] VFS: Mounted root (ext4 filesystem) on device 179:1.
[    5.129161] devtmpfs: mounted
[    5.132894] Freeing unused kernel memory: 1020K (c0d71000 - c0e70000)
bash: cannot set terminal process group (-1): Inappropriate ioctl for device
bash: no job control in this shell
root@(none):/# 