
U-Boot SPL 2014.01-00219-gc4d376f (Feb 18 2014 - 19:57:32)


U-Boot 2014.01-00219-gc4d376f (Feb 18 2014 - 19:57:32)

TEGRA114
Board: NVIDIA Dalmore
I2C:   ready
DRAM:  2 GiB
MMC:   Tegra SD/MMC: 0, Tegra SD/MMC: 1
In:    serial
Out:   serial
Err:   serial
Net:   Net Initialization Skipped
No ethernet found.
Hit any key to stop autoboot:  2  0 
Tegra114 (Dalmore) # 
Tegra114 (Dalmore) # usb reset
(Re)start USB...
USB0:   USB EHCI 1.10
scanning bus 0 for devices... 2 USB Device(s) found
       scanning usb for storage devices... 0 Storage Device(s) found
       scanning usb for ethernet devices... 
Warning: asx0 using MAC address from net device
1 Ethernet Device(s) found
Tegra114 (Dalmore) # setenv bootargs 'ignore_loglevel console=ttyS0,115200n8 rw root=PARTUUID=7369c667-ff51-ec4a-29cd-baabf2fbe346 rootwait gpt debug earlyprintk init=/bin/bash'
Tegra114 (Dalmore) # setenv ipaddr 192.168.100.100; setenv serverip 192.168.100.1; setenv tftpserverip 192.168.100.1
Tegra114 (Dalmore) # tftpboot 0x81000000 zImage.multi_v7_defconfig
Using asx0 device
TFTP from server 192.168.100.1; our IP address is 192.168.100.100
Filename 'zImage.multi_v7_defconfig'.
Load address: 0x81000000
Loading: *#################################################################
	 #################################################################
	 #################################################################
	 #################################################################
	 #################################################################
	 #################################################################
	 #################################################################
	 #################################################################
	 ################
	 3.2 MiB/s
done
Bytes transferred = 7859624 (77eda8 hex)
Tegra114 (Dalmore) # tftpboot 0x82000000 tegra114-dalmore.dtb
Using asx0 device
TFTP from server 192.168.100.1; our IP address is 192.168.100.100
Filename 'tegra114-dalmore.dtb'.
Load address: 0x82000000
Loading: *###
	 3 MiB/s
done
Bytes transferred = 35044 (88e4 hex)
Tegra114 (Dalmore) # bootz 0x81000000 - 0x82000000
Kernel image @ 0x81000000 [ 0x000000 - 0x77eda8 ]
## Flattened Device Tree blob at 82000000
   Booting using the fdt blob at 0x82000000
   Loading Device Tree to 8fff4000, end 8ffff8e3 ... OK

Starting kernel ...

[    0.000000] Booting Linux on physical CPU 0x0
[    0.000000] Linux version 4.11.0-rc4-next-20170327-161561-g93a4a44 (jonathanh@sellafield) (gcc version 4.7.3 20130328 (prerelease) (crosstool-NG linaro-1.13.1-4.7-2013.04-20130415 - Linaro GCC 2013.04) ) #1 SMP Tue Mar 28 01:53:10 PDT 2017
[    0.000000] CPU: ARMv7 Processor [412fc0f2] revision 2 (ARMv7), cr=10c5387d
[    0.000000] CPU: div instructions available: patching division code
[    0.000000] CPU: PIPT / VIPT nonaliasing data cache, PIPT instruction cache
[    0.000000] OF: fdt: Machine model: NVIDIA Tegra114 Dalmore evaluation board
[    0.000000] debug: ignoring loglevel setting.
[    0.000000] efi: Getting EFI parameters from FDT:
[    0.000000] efi: UEFI not found.
[    0.000000] cma: Reserved 64 MiB at 0xfb800000
[    0.000000] Memory policy: Data cache writealloc
[    0.000000] On node 0 totalpages: 524032
[    0.000000] free_area_init_node: node 0, pgdat c157cb40, node_mem_map eeff8000
[    0.000000]   DMA zone: 1536 pages used for memmap
[    0.000000]   DMA zone: 0 pages reserved
[    0.000000]   DMA zone: 196608 pages, LIFO batch:31
[    0.000000]   HighMem zone: 327424 pages, LIFO batch:31
[    0.000000] percpu: Embedded 17 pages/cpu @eef98000 s38528 r8192 d22912 u69632
[    0.000000] pcpu-alloc: s38528 r8192 d22912 u69632 alloc=17*4096
[    0.000000] pcpu-alloc: [0] 0 [0] 1 [0] 2 [0] 3 
[    0.000000] Built 1 zonelists in Zone order, mobility grouping on.  Total pages: 522496
[    0.000000] Kernel command line: ignore_loglevel console=ttyS0,115200n8 rw root=PARTUUID=7369c667-ff51-ec4a-29cd-baabf2fbe346 rootwait gpt debug earlyprintk init=/bin/bash
[    0.000000] PID hash table entries: 4096 (order: 2, 16384 bytes)
[    0.000000] Dentry cache hash table entries: 131072 (order: 7, 524288 bytes)
[    0.000000] Inode-cache hash table entries: 65536 (order: 6, 262144 bytes)
[    0.000000] Memory: 1993576K/2096128K available (10240K kernel code, 1553K rwdata, 4388K rodata, 2048K init, 417K bss, 37016K reserved, 65536K cma-reserved, 1244160K highmem)
[    0.000000] Virtual kernel memory layout:
[    0.000000]     vector  : 0xffff0000 - 0xffff1000   (   4 kB)
[    0.000000]     fixmap  : 0xffc00000 - 0xfff00000   (3072 kB)
[    0.000000]     vmalloc : 0xf0800000 - 0xff800000   ( 240 MB)
[    0.000000]     lowmem  : 0xc0000000 - 0xf0000000   ( 768 MB)
[    0.000000]     pkmap   : 0xbfe00000 - 0xc0000000   (   2 MB)
[    0.000000]     modules : 0xbf000000 - 0xbfe00000   (  14 MB)
[    0.000000]       .text : 0xc0208000 - 0xc0d00000   (11232 kB)
[    0.000000]       .init : 0xc1200000 - 0xc1400000   (2048 kB)
[    0.000000]       .data : 0xc1400000 - 0xc1584590   (1554 kB)
[    0.000000]        .bss : 0xc1586000 - 0xc15ee5c8   ( 418 kB)
[    0.000000] SLUB: HWalign=64, Order=0-3, MinObjects=0, CPUs=4, Nodes=1
[    0.000000] Hierarchical RCU implementation.
[    0.000000] 	RCU debugfs-based tracing is enabled.
[    0.000000] 	RCU restricting CPUs from NR_CPUS=16 to nr_cpu_ids=4.
[    0.000000] RCU: Adjusting geometry for rcu_fanout_leaf=16, nr_cpu_ids=4
[    0.000000] NR_IRQS:16 nr_irqs:16 16
[    0.000000] /interrupt-controller@60004000: 160 interrupts forwarded to /interrupt-controller@50041000
[    0.000000] Tegra clk 127: register failed with -17
[    0.000007] sched_clock: 32 bits at 1000kHz, resolution 1000ns, wraps every 2147483647500ns
[    0.000027] clocksource: timer_us: mask: 0xffffffff max_cycles: 0xffffffff, max_idle_ns: 1911260446275 ns
[    0.000042] Switching to timer-based delay loop, resolution 1000ns
[    0.003159] arm_arch_timer: Architected cp15 timer(s) running at 12.00MHz (virt).
[    0.003179] clocksource: arch_sys_counter: mask: 0xffffffffffffff max_cycles: 0x2c47f4ee7, max_idle_ns: 440795202497 ns
[    0.003198] sched_clock: 56 bits at 12MHz, resolution 83ns, wraps every 4398046511096ns
[    0.003214] Switching to timer-based delay loop, resolution 83ns
[    0.003614] Console: colour dummy device 80x30
[    0.003644] Calibrating delay loop (skipped), value calculated using timer frequency.. 24.00 BogoMIPS (lpj=120000)
[    0.003663] pid_max: default: 32768 minimum: 301
[    0.003761] Mount-cache hash table entries: 2048 (order: 1, 8192 bytes)
[    0.003776] Mountpoint-cache hash table entries: 2048 (order: 1, 8192 bytes)
[    0.004270] CPU: Testing write buffer coherency: ok
[    0.004507] /cpus/cpu@0 missing clock-frequency property
[    0.004538] /cpus/cpu@1 missing clock-frequency property
[    0.004568] /cpus/cpu@2 missing clock-frequency property
[    0.004599] /cpus/cpu@3 missing clock-frequency property
[    0.004613] CPU0: thread -1, cpu 0, socket 0, mpidr 80000000
[    0.004912] Setting up static identity map for 0x80300000 - 0x80300098
[    0.007395] Tegra Revision: A01 SKU: 0 CPU Process: 1 SoC Process: 0
[    0.007935] EFI services will not be available.
[    0.008169] smp: Bringing up secondary CPUs ...
[    0.008800] CPU1: thread -1, cpu 1, socket 0, mpidr 80000001
[    0.009510] CPU2: thread -1, cpu 2, socket 0, mpidr 80000002
[    0.010218] CPU3: thread -1, cpu 3, socket 0, mpidr 80000003
[    0.010306] smp: Brought up 1 node, 4 CPUs
[    0.010328] SMP: Total of 4 processors activated (96.00 BogoMIPS).
[    0.010338] CPU: All CPU(s) started in SVC mode.
[    0.011820] devtmpfs: initialized
[    0.020718] VFP support v0.3: implementor 41 architecture 4 part 30 variant f rev 0
[    0.021054] clocksource: jiffies: mask: 0xffffffff max_cycles: 0xffffffff, max_idle_ns: 19112604462750000 ns
[    0.021073] futex hash table entries: 1024 (order: 4, 65536 bytes)
[    0.022531] pinctrl core: initialized pinctrl subsystem
[    0.024287] NET: Registered protocol family 16
[    0.026494] DMA: preallocated 256 KiB pool for atomic coherent allocations
[    0.028638] cpuidle: using governor menu
[    0.051469] No ATAGs?
[    0.051600] hw-breakpoint: found 5 (+1 reserved) breakpoint and 4 watchpoint registers.
[    0.051618] hw-breakpoint: maximum watchpoint size is 8 bytes.
[    0.056541] Serial: AMBA PL011 UART driver
[    0.057270] tegra-mc 70019000.memory-controller: no memory timings for RAM code 3 registered
[    0.071494] AT91: Could not find identification node
[    0.071950] dvdd_ts: Failed to request enable GPIO61: -517
[    0.071972] reg-fixed-voltage regulators:regulator@1: Failed to register regulator: -517
[    0.072066] usb1_vbus: Failed to request enable GPIO108: -517
[    0.072082] reg-fixed-voltage regulators:regulator@3: Failed to register regulator: -517
[    0.072175] usb2_vbus: Failed to request enable GPIO86: -517
[    0.072190] reg-fixed-voltage regulators:regulator@4: Failed to register regulator: -517
[    0.072580] VDD_5V0_HDMI_CON: Failed to request enable GPIO81: -517
[    0.072596] reg-fixed-voltage regulators:regulator@7: Failed to register regulator: -517
[    0.075176] vgaarb: loaded
[    0.075902] SCSI subsystem initialized
[    0.076068] libata version 3.00 loaded.
[    0.076291] usbcore: registered new interface driver usbfs
[    0.076349] usbcore: registered new interface driver hub
[    0.076409] usbcore: registered new device driver usb
[    0.079554] tps65090 2-0048: No cache defaults, reading back from HW
[    0.081421] TPS65090_RAILSDCDC1: supplied by vdd_ac_bat
[    0.082474] TPS65090_RAILSDCDC2: supplied by vdd_ac_bat
[    0.083559] TPS65090_RAILSDCDC3: supplied by vdd_ac_bat
[    0.084079] TPS65090_RAILSFET1: supplied by vdd_ac_bat
[    0.084461] TPS65090_RAILSFET2: supplied by vdd_ac_bat
[    0.084817] TPS65090_RAILSFET3: supplied by vdd-sys-3v3
[    0.085328] TPS65090_RAILSFET4: supplied by vdd-sys-3v3
[    0.085859] TPS65090_RAILSFET5: supplied by vdd-sys-3v3
[    0.086371] TPS65090_RAILSFET6: supplied by vdd-sys-3v3
[    0.087203] TPS65090_RAILSFET7: supplied by vdd-sys-3v3
[    0.087730] TPS65090_RAILSLDO1: supplied by vdd_ac_bat
[    0.087933] TPS65090_RAILSLDO2: supplied by vdd_ac_bat
[    0.088818] palmas 2-0058: Irq flag is 0x00000004
[    0.090772] palmas 2-0058: Muxing GPIO ff, PWM 0, LED 0
[    0.093223] SMPS12: supplied by vdd-ao
[    0.094230] vdd_hdmi_5v0: supplied by vdd-sys-5v0
[    0.095045] SMPS3: supplied by vdd-ao
[    0.096774] SMPS457: supplied by vdd-sys-3v3
[    0.099620] SMPS8: supplied by vdd-sys-3v3
[    0.100486] random: fast init done
[    0.101230] SMPS9: supplied by vdd-sys-3v3
[    0.101751] sdhci-vdd-sd-slot: Bringing 2840000uV into 2800000-2800000uV
[    0.104541] LDO1: supplied by vdd-sys-3v3
[    0.105716] LDO2: supplied by vdd-sys-3v3
[    0.106897] LDO3: supplied by vddio-1v8
[    0.108070] LDO4: supplied by vdd-sys-3v3
[    0.109252] LDO5: supplied by vdd_ac_bat
[    0.109994] LDO6: supplied by vdd-sys-3v3
[    0.110505] vdd-sensor-2v85: Bringing 2900000uV into 2850000-2850000uV
[    0.111909] LDO7: supplied by vdd-sys-3v3
[    0.113620] LDO8: supplied by vdd-ao
[    0.114133] vdd-rtc: Bringing 675000uV into 900000-900000uV
[    0.123831] LDO9: supplied by sdhci-vdd-sd-slot
[    0.134161] LDOLN: supplied by vdd-sys-5v0
[    0.135352] LDOUSB: supplied by vdd-sys-5v0
[    0.146838] pps_core: LinuxPPS API ver. 1 registered
[    0.146849] pps_core: Software ver. 5.3.6 - Copyright 2005-2007 Rodolfo Giometti <giometti@linux.it>
[    0.146877] PTP clock support registered
[    0.147058] EDAC MC: Ver: 3.0.0
[    0.149165] clocksource: Switched to clocksource arch_sys_counter
[    0.205311] NET: Registered protocol family 2
[    0.205826] TCP established hash table entries: 8192 (order: 3, 32768 bytes)
[    0.205927] TCP bind hash table entries: 8192 (order: 4, 65536 bytes)
[    0.206116] TCP: Hash tables configured (established 8192 bind 8192)
[    0.206205] UDP hash table entries: 512 (order: 2, 16384 bytes)
[    0.206249] UDP-Lite hash table entries: 512 (order: 2, 16384 bytes)
[    0.206406] NET: Registered protocol family 1
[    0.206722] RPC: Registered named UNIX socket transport module.
[    0.206735] RPC: Registered udp transport module.
[    0.206744] RPC: Registered tcp transport module.
[    0.206753] RPC: Registered tcp NFSv4.1 backchannel transport module.
[    0.206766] PCI: CLS 0 bytes, default 64
[    0.209194] workingset: timestamp_bits=30 max_order=19 bucket_order=0
[    0.217639] squashfs: version 4.0 (2009/01/31) Phillip Lougher
[    0.218342] NFS: Registering the id_resolver key type
[    0.218366] Key type id_resolver registered
[    0.218376] Key type id_legacy registered
[    0.218419] ntfs: driver 2.1.32 [Flags: R/O].
[    0.220004] bounce: pool size: 64 pages
[    0.220049] Block layer SCSI generic (bsg) driver version 0.4 loaded (major 248)
[    0.220061] io scheduler noop registered
[    0.220070] io scheduler deadline registered
[    0.220243] io scheduler cfq registered (default)
[    0.220254] io scheduler mq-deadline registered
[    0.249506] tegra-apbdma 6000a000.dma: Tegra20 APB DMA driver register 32 channels
[    0.251502] tegra-pmc 7000e400.pmc: i2c-thermtrip node not found, emergency thermal reset disabled.
[    0.304722] Serial: 8250/16550 driver, 4 ports, IRQ sharing disabled
[    0.307342] console [ttyS0] disabled
[    0.307383] 70006300.serial: ttyS0 at MMIO 0x70006300 (irq = 329, base_baud = 25500000) is a Tegra
[    1.289516] console [ttyS0] enabled
[    1.293716] SuperH (H)SCI(F) driver initialized
[    1.299127] msm_serial: driver initialized
[    1.303411] STMicroelectronics ASC driver initialized
[    1.313817] tegra-hdmi 54280000.hdmi: failed to get HDMI regulator
[    1.337534] brd: module loaded
[    1.347911] loop: module loaded
[    1.367236] m25p80 spi32766.0: w25q32dw (4096 Kbytes)
[    1.375252] libphy: Fixed MDIO Bus: probed
[    1.380408] CAN device driver interface
[    1.385026] bgmac_bcma: Broadcom 47xx GBit MAC driver loaded
[    1.391860] e1000e: Intel(R) PRO/1000 Network Driver - 3.2.6-k
[    1.397684] e1000e: Copyright(c) 1999 - 2015 Intel Corporation.
[    1.403666] igb: Intel(R) Gigabit Ethernet Network Driver - version 5.4.0-k
[    1.410632] igb: Copyright (c) 2007-2014 Intel Corporation.
[    1.419341] pegasus: v0.9.3 (2013/04/25), Pegasus/Pegasus II USB Ethernet driver
[    1.426773] usbcore: registered new interface driver pegasus
[    1.432489] usbcore: registered new interface driver asix
[    1.437914] usbcore: registered new interface driver ax88179_178a
[    1.444050] usbcore: registered new interface driver cdc_ether
[    1.449951] usbcore: registered new interface driver smsc75xx
[    1.455736] usbcore: registered new interface driver smsc95xx
[    1.461525] usbcore: registered new interface driver net1080
[    1.467208] usbcore: registered new interface driver cdc_subset
[    1.473169] usbcore: registered new interface driver zaurus
[    1.478784] usbcore: registered new interface driver cdc_ncm
[    1.486246] ehci_hcd: USB 2.0 'Enhanced' Host Controller (EHCI) Driver
[    1.492787] ehci-pci: EHCI PCI platform driver
[    1.497263] ehci-platform: EHCI generic platform driver
[    1.502679] ehci-orion: EHCI orion driver
[    1.506820] SPEAr-ehci: EHCI SPEAr driver
[    1.510969] ehci-st: EHCI STMicroelectronics driver
[    1.515961] ehci-exynos: EHCI EXYNOS driver
[    1.520295] ehci-atmel: EHCI Atmel driver
[    1.524420] tegra-ehci: Tegra EHCI driver
[    1.528703] ohci_hcd: USB 1.1 'Open' Host Controller (OHCI) Driver
[    1.534915] ohci-pci: OHCI PCI platform driver
[    1.539411] ohci-platform: OHCI generic platform driver
[    1.544772] ohci-omap3: OHCI OMAP3 driver
[    1.548895] SPEAr-ohci: OHCI SPEAr driver
[    1.553043] ohci-st: OHCI STMicroelectronics driver
[    1.558039] ohci-atmel: OHCI Atmel driver
[    1.562725] usbcore: registered new interface driver usb-storage
[    1.574326] palmas-rtc 7000d000.i2c:tps65913@58:rtc: rtc core: registered 7000d000.i2c:tps659 as rtc0
[    1.585349] tegra_rtc 7000e000.rtc: rtc core: registered 7000e000.rtc as rtc1
[    1.592534] tegra_rtc 7000e000.rtc: Tegra internal Real Time Clock
[    1.599203] i2c /dev entries driver
[    1.608774] sbs-battery 0-000b: sbs_probe: Failed to get device status
[    1.615330] sbs-battery: probe of 0-000b failed with error -121
[    1.631229] sdhci: Secure Digital Host Controller Interface driver
[    1.637402] sdhci: Copyright(c) Pierre Ossman
[    1.643135] Synopsys Designware Multimedia Card Interface Driver
[    1.650271] sdhci-pltfm: SDHCI platform and OF driver helper
[    1.656589] sdhci-tegra 78000400.sdhci: Got CD GPIO
[    1.661506] sdhci-tegra 78000400.sdhci: Got WP GPIO
[    1.674619] mmc0: Invalid maximum block size, assuming 512 bytes
[    1.739306] mmc0: SDHCI controller on 78000400.sdhci [78000400.sdhci] using ADMA
[    1.755940] mmc1: Invalid maximum block size, assuming 512 bytes
[    1.819205] mmc1: SDHCI controller on 78000600.sdhci [78000600.sdhci] using ADMA
[    1.828293] ledtrig-cpu: registered to indicate activity on CPUs
[    1.834702] usbcore: registered new interface driver usbhid
[    1.840359] usbhid: USB HID core driver
[    1.848133] NET: Registered protocol family 10
[    1.853547] Segment Routing with IPv6
[    1.857334] sit: IPv6, IPv4 and MPLS over IPv4 tunneling driver
[    1.863878] NET: Registered protocol family 17
[    1.868324] can: controller area network core (rev 20120528 abi 9)
[    1.874580] NET: Registered protocol family 29
[    1.879019] can: raw protocol (rev 20120528)
[    1.883302] can: broadcast manager protocol (rev 20161123 t)
[    1.888959] can: netlink gateway (rev 20130117) max_hops=1
[    1.894761] Key type dns_resolver registered
[    1.899609] ThumbEE CPU extension supported.
[    1.903879] Registering SWP/SWPB emulation handler
[    1.922118] usb1_vbus: supplied by vdd-sys-5v0
[    1.927248] mmc0: new high speed SDHC card at address aaaa
[    1.927828] usb2_vbus: supplied by vdd-sys-5v0
[    1.929818] VDD_5V0_HDMI_CON: supplied by vdd-sys-5v0
[    1.942942] mmcblk0: mmc0:aaaa SL16G 14.8 GiB 
[    1.943773] [drm] Supports vblank timestamp caching Rev 2 (21.10.2013).
[    1.943778] [drm] No driver support for vblank timestamp query.
[    1.977280] mmc1: new high speed MMC card at address 0001
[    1.978633] mmcblk1: mmc1:0001 SEM32G 29.1 GiB 
[    1.979799] mmcblk1boot0: mmc1:0001 SEM32G partition 1 4.00 MiB
[    1.981015] mmcblk1boot1: mmc1:0001 SEM32G partition 2 4.00 MiB
[    1.981770]  mmcblk0: p1 p2 p3
[    1.982247] mmcblk1rpmb: mmc1:0001 SEM32G partition 3 4.00 MiB
[    1.986870]  mmcblk1: p1 p2 p3 p4 p5 p6 p7 p8
[    2.039588] Console: switching to colour frame buffer device 240x75
[    2.114042] drm drm: fb0:  frame buffer device
[    2.118593] [drm] Initialized tegra 0.0.0 20120330 for drm on minor 0
[    2.130668] tegra-ehci 7d008000.usb: EHCI Host Controller
[    2.136094] tegra-ehci 7d008000.usb: new USB bus registered, assigned bus number 1
[    2.143875] tegra-ehci 7d008000.usb: irq 339, io mem 0x7d008000
[    2.179289] tegra-ehci 7d008000.usb: USB 2.0 started, EHCI 1.10
[    2.186418] hub 1-0:1.0: USB hub found
[    2.190293] hub 1-0:1.0: 1 port detected
[    2.195891] input: gpio-keys as /devices/soc0/gpio-keys/input/input0
[    2.204579] palmas-rtc 7000d000.i2c:tps65913@58:rtc: setting system clock to 2001-01-19 20:29:36 UTC (979936176)
[    2.220436] dvdd_ts: disabling
[    2.223496] usb1_vbus: disabling
[    2.226721] vdd_cam_1v8_reg: disabling
[    2.232088] EXT4-fs (mmcblk1p1): mounting ext3 file system using the ext4 subsystem
[    2.325351] EXT4-fs (mmcblk1p1): recovery complete
[    2.331804] EXT4-fs (mmcblk1p1): mounted filesystem with ordered data mode. Opts: (null)
[    2.340014] VFS: Mounted root (ext3 filesystem) on device 179:17.
[    2.350730] devtmpfs: mounted
[    2.355554] Freeing unused kernel memory: 2048K
bash: cannot set terminal process group (-1): Inappropriate ioctl for device
bash: no job control in this shell
root@(none):/# [    2.549306] usb 1-1: new high-speed USB device number 2 using tegra-ehci
