
U-Boot SPL 2014.01-00219-gc4d376f (Feb 18 2014 - 19:57:18)


U-Boot 2014.01-00219-gc4d376f (Feb 18 2014 - 19:57:18)

TEGRA30
Board: NVIDIA Beaver
I2C:   ready
DRAM:  2 GiB
MMC:   Tegra SD/MMC: 0, Tegra SD/MMC: 1
In:    serial
Out:   serial
Err:   serial
Net:   Net Initialization Skipped
No ethernet found.
Hit any key to stop autoboot:  2  0 
Tegra30 (Beaver) # 
Tegra30 (Beaver) # usb reset
(Re)start USB...
USB0:   USB EHCI 1.00
scanning bus 0 for devices... 2 USB Device(s) found
       scanning usb for storage devices... 0 Storage Device(s) found
       scanning usb for ethernet devices... 
Warning: asx0 using MAC address from net device
1 Ethernet Device(s) found
Tegra30 (Beaver) # setenv bootargs 'ignore_loglevel console=ttyS0,115200n8 rw root=PARTUUID=edbe1840-3633-c751-7993-b0ac834f81e0 rootwait gpt debug noinitrd earlyprintk init=/bin/bash'
Tegra30 (Beaver) # setenv ipaddr 192.168.100.101; setenv serverip 192.168.100.1; setenv tftpserverip 192.168.100.1
Tegra30 (Beaver) # tftpboot 0x81000000 zImage.multi_v7_defconfig
Using asx0 device
TFTP from server 192.168.100.1; our IP address is 192.168.100.101
Filename 'zImage.multi_v7_defconfig'.
Load address: 0x81000000
Loading: *#################################################################
	 #################################################################
	 #################################################################
	 #################################################################
	 #################################################################
	 #################################################################
	 #################################################################
	 #################################################################
	 ####################################
	 2.8 MiB/s
done
Bytes transferred = 8159752 (7c8208 hex)
Tegra30 (Beaver) # tftpboot 0x82000000 tegra30-beaver.dtb
Using asx0 device
TFTP from server 192.168.100.1; our IP address is 192.168.100.101
Filename 'tegra30-beaver.dtb'.
Load address: 0x82000000
Loading: *####
	 2.6 MiB/s
done
Bytes transferred = 51860 (ca94 hex)
Tegra30 (Beaver) # bootz 0x81000000 - 0x82000000
Kernel image @ 0x81000000 [ 0x000000 - 0x7c8200 ]
## Flattened Device Tree blob at 82000000
   Booting using the fdt blob at 0x82000000
   Loading Device Tree to 8fff0000, end 8ffffa93 ... OK

Starting kernel ...

[    0.000000] Booting Linux on physical CPU 0x0
[    0.000000] Linux version 4.13.0-next-20170908-199620-gda52d78 (jonathanh@sellafield) (gcc version 4.7.3 20130328 (prerelease) (crosstool-NG linaro-1.13.1-4.7-2013.04-20130415 - Linaro GCC 2013.04)) #1 SMP Tue Sep 12 06:17:15 PDT 2017
[    0.000000] CPU: ARMv7 Processor [412fc099] revision 9 (ARMv7), cr=10c5387d
[    0.000000] CPU: PIPT / VIPT nonaliasing data cache, VIPT aliasing instruction cache
[    0.000000] OF: fdt: Machine model: NVIDIA Tegra30 Beaver evaluation board
[    0.000000] debug: ignoring loglevel setting.
[    0.000000] Memory policy: Data cache writealloc
[    0.000000] efi: Getting EFI parameters from FDT:
[    0.000000] efi: UEFI not found.
[    0.000000] cma: Reserved 64 MiB at 0xfb800000
[    0.000000] On node 0 totalpages: 524032
[    0.000000] free_area_init_node: node 0, pgdat c158e5c0, node_mem_map eeff8000
[    0.000000]   DMA zone: 1536 pages used for memmap
[    0.000000]   DMA zone: 0 pages reserved
[    0.000000]   DMA zone: 196608 pages, LIFO batch:31
[    0.000000]   HighMem zone: 327424 pages, LIFO batch:31
[    0.000000] random: fast init done
[    0.000000] percpu: Embedded 17 pages/cpu @eef88000 s39424 r8192 d22016 u69632
[    0.000000] pcpu-alloc: s39424 r8192 d22016 u69632 alloc=17*4096
[    0.000000] pcpu-alloc: [0] 0 [0] 1 [0] 2 [0] 3 
[    0.000000] Built 1 zonelists, mobility grouping on.  Total pages: 522496
[    0.000000] Kernel command line: ignore_loglevel console=ttyS0,115200n8 rw root=PARTUUID=edbe1840-3633-c751-7993-b0ac834f81e0 rootwait gpt debug noinitrd earlyprintk init=/bin/bash
[    0.000000] PID hash table entries: 4096 (order: 2, 16384 bytes)
[    0.000000] Dentry cache hash table entries: 131072 (order: 7, 524288 bytes)
[    0.000000] Inode-cache hash table entries: 65536 (order: 6, 262144 bytes)
[    0.000000] Memory: 1993400K/2096128K available (10240K kernel code, 1626K rwdata, 4508K rodata, 2048K init, 405K bss, 37192K reserved, 65536K cma-reserved, 1244160K highmem)
[    0.000000] Virtual kernel memory layout:
[    0.000000]     vector  : 0xffff0000 - 0xffff1000   (   4 kB)
[    0.000000]     fixmap  : 0xffc00000 - 0xfff00000   (3072 kB)
[    0.000000]     vmalloc : 0xf0800000 - 0xff800000   ( 240 MB)
[    0.000000]     lowmem  : 0xc0000000 - 0xf0000000   ( 768 MB)
[    0.000000]     pkmap   : 0xbfe00000 - 0xc0000000   (   2 MB)
[    0.000000]     modules : 0xbf000000 - 0xbfe00000   (  14 MB)
[    0.000000]       .text : 0xc0208000 - 0xc0d00000   (11232 kB)
[    0.000000]       .init : 0xc1200000 - 0xc1400000   (2048 kB)
[    0.000000]       .data : 0xc1400000 - 0xc1596910   (1627 kB)
[    0.000000]        .bss : 0xc159fbc0 - 0xc160537c   ( 406 kB)
[    0.000000] SLUB: HWalign=64, Order=0-3, MinObjects=0, CPUs=4, Nodes=1
[    0.000000] Hierarchical RCU implementation.
[    0.000000] 	RCU event tracing is enabled.
[    0.000000] 	RCU restricting CPUs from NR_CPUS=16 to nr_cpu_ids=4.
[    0.000000] RCU: Adjusting geometry for rcu_fanout_leaf=16, nr_cpu_ids=4
[    0.000000] NR_IRQS: 16, nr_irqs: 16, preallocated irqs: 16
[    0.000000] /interrupt-controller@60004000: 160 interrupts forwarded to /interrupt-controller@50041000
[    0.000000] L2C: platform modifies aux control register: 0x02080000 -> 0x3e480001
[    0.000000] L2C: DT/platform modifies aux control register: 0x02080000 -> 0x3e480001
[    0.000000] L2C-310 erratum 769419 enabled
[    0.000000] L2C-310 enabling early BRESP for Cortex-A9
[    0.000000] L2C-310: enabling full line of zeros but not enabled in Cortex-A9
[    0.000000] L2C-310 dynamic clock gating enabled, standby mode enabled
[    0.000000] L2C-310 cache controller enabled, 8 ways, 1024 kB
[    0.000000] L2C-310: CACHE_ID 0x410000c7, AUX_CTRL 0x4e480001
[    0.000012] sched_clock: 32 bits at 1000kHz, resolution 1000ns, wraps every 2147483647500ns
[    0.000029] clocksource: timer_us: mask: 0xffffffff max_cycles: 0xffffffff, max_idle_ns: 1911260446275 ns
[    0.000039] Switching to timer-based delay loop, resolution 1000ns
[    0.002874] Console: colour dummy device 80x30
[    0.002905] Calibrating delay loop (skipped), value calculated using timer frequency.. 2.00 BogoMIPS (lpj=10000)
[    0.002915] pid_max: default: 32768 minimum: 301
[    0.002997] Mount-cache hash table entries: 2048 (order: 1, 8192 bytes)
[    0.003006] Mountpoint-cache hash table entries: 2048 (order: 1, 8192 bytes)
[    0.003408] CPU: Testing write buffer coherency: ok
[    0.003712] CPU0: thread -1, cpu 0, socket 0, mpidr 80000000
[    0.003937] Setting up static identity map for 0x80300000 - 0x803000a0
[    0.005258] Hierarchical SRCU implementation.
[    0.006576] Tegra Revision: A03 SKU: 128 CPU Process: 4 SoC Process: 0
[    0.007134] EFI services will not be available.
[    0.007236] smp: Bringing up secondary CPUs ...
[    0.010373] CPU1: thread -1, cpu 1, socket 0, mpidr 80000001
[    0.020353] CPU2: thread -1, cpu 2, socket 0, mpidr 80000002
[    0.030333] CPU3: thread -1, cpu 3, socket 0, mpidr 80000003
[    0.030384] smp: Brought up 1 node, 4 CPUs
[    0.030396] SMP: Total of 4 processors activated (8.00 BogoMIPS).
[    0.030401] CPU: All CPU(s) started in SVC mode.
[    0.031116] devtmpfs: initialized
[    0.041477] Built 1 zonelists, mobility grouping on.  Total pages: 514734
[    0.041890] VFP support v0.3: implementor 41 architecture 3 part 30 variant 9 rev 4
[    0.042543] clocksource: jiffies: mask: 0xffffffff max_cycles: 0xffffffff, max_idle_ns: 19112604462750000 ns
[    0.042567] futex hash table entries: 1024 (order: 4, 65536 bytes)
[    0.042794] pinctrl core: initialized pinctrl subsystem
[    0.043966] DMI not present or invalid.
[    0.044200] NET: Registered protocol family 16
[    0.046974] DMA: preallocated 256 KiB pool for atomic coherent allocations
[    0.048760] cpuidle: using governor menu
[    0.062278] No ATAGs?
[    0.062380] hw-breakpoint: found 5 (+1 reserved) breakpoint and 1 watchpoint registers.
[    0.062392] hw-breakpoint: maximum watchpoint size is 4 bytes.
[    0.066601] Serial: AMBA PL011 UART driver
[    0.067075] tegra-mc 7000f000.memory-controller: no memory timings for RAM code 3 registered
[    0.067181] iommu: Adding device reg-dummy to group 0
[    0.067217] iommu: Adding device 3000.pcie to group 1
[    0.067238] iommu: Adding device 50000000.host1x to group 2
[    0.067256] iommu: Adding device 54040000.mpe to group 3
[    0.067275] iommu: Adding device 54080000.vi to group 4
[    0.067294] iommu: Adding device 540c0000.epp to group 5
[    0.067313] iommu: Adding device 54100000.isp to group 6
[    0.067331] iommu: Adding device 54140000.gr2d to group 7
[    0.067349] iommu: Adding device 54180000.gr3d to group 8
[    0.067420] iommu: Adding device 54200000.dc to group 9
[    0.067471] iommu: Adding device 54240000.dc to group 10
[    0.067491] iommu: Adding device 54280000.hdmi to group 11
[    0.067510] iommu: Adding device 50040600.timer to group 12
[    0.067529] iommu: Adding device 50043000.cache-controller to group 13
[    0.067547] iommu: Adding device 60005000.timer to group 14
[    0.067564] iommu: Adding device 60007000.flow-controller to group 15
[    0.067583] iommu: Adding device 6000a000.dma to group 16
[    0.067604] iommu: Adding device 6000c000.ahb to group 17
[    0.067625] iommu: Adding device 6000d000.gpio to group 18
[    0.067642] iommu: Adding device 70000800.apbmisc to group 19
[    0.067666] iommu: Adding device 70000868.pinmux to group 20
[    0.067684] iommu: Adding device 70006000.serial to group 21
[    0.067702] iommu: Adding device 7000e000.rtc to group 22
[    0.067720] iommu: Adding device 7000c000.i2c to group 23
[    0.067739] iommu: Adding device 7000c400.i2c to group 24
[    0.067762] iommu: Adding device 7000c500.i2c to group 25
[    0.067781] iommu: Adding device 7000c700.i2c to group 26
[    0.067800] iommu: Adding device 7000d000.i2c to group 27
[    0.067818] iommu: Adding device 7000da00.spi to group 28
[    0.067838] iommu: Adding device 7000e400.pmc to group 29
[    0.067856] iommu: Adding device 7000f000.memory-controller to group 30
[    0.067881] iommu: Adding device 7000f800.fuse to group 31
[    0.067905] iommu: Adding device 70080000.ahub to group 32
[    0.067924] iommu: Adding device 78000000.sdhci to group 33
[    0.067947] iommu: Adding device 78000600.sdhci to group 34
[    0.067965] iommu: Adding device 7d000000.usb to group 35
[    0.067985] iommu: Adding device 7d000000.usb-phy to group 36
[    0.068003] iommu: Adding device 7d004000.usb to group 37
[    0.068022] iommu: Adding device 7d004000.usb-phy to group 38
[    0.068040] iommu: Adding device 7d008000.usb to group 39
[    0.068059] iommu: Adding device 7d008000.usb-phy to group 40
[    0.068076] iommu: Adding device pmu to group 41
[    0.068104] iommu: Adding device clocks to group 42
[    0.068121] iommu: Adding device gpio-leds to group 43
[    0.068138] iommu: Adding device regulators to group 44
[    0.068156] iommu: Adding device regulators:regulator@0 to group 45
[    0.068174] iommu: Adding device regulators:regulator@1 to group 46
[    0.068192] iommu: Adding device regulators:regulator@2 to group 47
[    0.068210] iommu: Adding device regulators:regulator@3 to group 48
[    0.068227] iommu: Adding device regulators:regulator@4 to group 49
[    0.068244] iommu: Adding device regulators:regulator@5 to group 50
[    0.068267] iommu: Adding device regulators:regulator@6 to group 51
[    0.068293] iommu: Adding device regulators:regulator@7 to group 52
[    0.068311] iommu: Adding device regulators:regulator@8 to group 53
[    0.068329] iommu: Adding device sound to group 54
[    0.076744] AT91: Could not find identification node
[    0.077249] vdd_5v_sata: Failed to request enable GPIO30: -517
[    0.077264] reg-fixed-voltage regulators:regulator@3: Failed to register regulator: -517
[    0.077314] usb1_vbus: Failed to request enable GPIO238: -517
[    0.077322] reg-fixed-voltage regulators:regulator@4: Failed to register regulator: -517
[    0.077370] usb3_vbus: Failed to request enable GPIO236: -517
[    0.077377] reg-fixed-voltage regulators:regulator@5: Failed to register regulator: -517
[    0.077477] sys_3v3_pexs: Failed to request enable GPIO95: -517
[    0.077484] reg-fixed-voltage regulators:regulator@7: Failed to register regulator: -517
[    0.079277] vgaarb: loaded
[    0.079742] SCSI subsystem initialized
[    0.079878] libata version 3.00 loaded.
[    0.080053] usbcore: registered new interface driver usbfs
[    0.080089] usbcore: registered new interface driver hub
[    0.080126] usbcore: registered new device driver usb
[    0.084441] iommu: Adding device tps65910-gpio to group 55
[    0.084716] iommu: Adding device tps65910-pmic to group 56
[    0.087192] vrtc: supplied by vdd_5v_in
[    0.090469] vio: supplied by vdd_5v_in
[    0.101806] vdd1: supplied by vdd_5v_in
[    0.103165] vddio_ddr_1v2: Bringing 600000uV into 1200000-1200000uV
[    0.111858] vdd2: supplied by vdd_5v_in
[    0.131801] ldo1: supplied by vdd_1v5_gen
[    0.134178] ldo2: supplied by vdd_1v5_gen
[    0.134651] vdd_sata,avdd_plle: Bringing 1200000uV into 1050000-1050000uV
[    0.136870] ldo3: supplied by vdd_5v_in
[    0.139216] ldo4: supplied by vdd_5v_in
[    0.141799] ldo5: supplied by vdd_5v_in
[    0.151806] ldo6: supplied by vdd_1v8_gen
[    0.152278] avdd_dsi_csi,pwrdet_mipi: Bringing 1000000uV into 1200000-1200000uV
[    0.154510] ldo7: supplied by vdd_1v8_gen
[    0.161806] ldo8: supplied by vdd_1v8_gen
[    0.170078] iommu: Adding device tps65910-rtc to group 57
[    0.170190] iommu: Adding device tps65910-power to group 58
[    0.171957] pps_core: LinuxPPS API ver. 1 registered
[    0.171964] pps_core: Software ver. 5.3.6 - Copyright 2005-2007 Rodolfo Giometti <giometti@linux.it>
[    0.171980] PTP clock support registered
[    0.172119] EDAC MC: Ver: 3.0.0
[    0.172313] dmi: Firmware registration failed.
[    0.173639] clocksource: Switched to clocksource timer_us
[    0.205655] NET: Registered protocol family 2
[    0.206061] TCP established hash table entries: 8192 (order: 3, 32768 bytes)
[    0.206117] TCP bind hash table entries: 8192 (order: 4, 65536 bytes)
[    0.206201] TCP: Hash tables configured (established 8192 bind 8192)
[    0.206351] UDP hash table entries: 512 (order: 2, 16384 bytes)
[    0.206419] UDP-Lite hash table entries: 512 (order: 2, 16384 bytes)
[    0.206589] NET: Registered protocol family 1
[    0.206927] RPC: Registered named UNIX socket transport module.
[    0.206935] RPC: Registered udp transport module.
[    0.206939] RPC: Registered tcp transport module.
[    0.206944] RPC: Registered tcp NFSv4.1 backchannel transport module.
[    0.206954] PCI: CLS 0 bytes, default 64
[    0.207813] hw perfevents: no interrupt-affinity property for /pmu, guessing.
[    0.208038] hw perfevents: enabled with armv7_cortex_a9 PMU driver, 7 counters available
[    0.208530] iommu: Adding device alarmtimer to group 59
[    0.209222] workingset: timestamp_bits=30 max_order=19 bucket_order=0
[    0.212603] squashfs: version 4.0 (2009/01/31) Phillip Lougher
[    0.213004] NFS: Registering the id_resolver key type
[    0.213035] Key type id_resolver registered
[    0.213040] Key type id_legacy registered
[    0.213069] ntfs: driver 2.1.32 [Flags: R/O].
[    0.214057] bounce: pool size: 64 pages
[    0.214104] Block layer SCSI generic (bsg) driver version 0.4 loaded (major 248)
[    0.214113] io scheduler noop registered
[    0.214118] io scheduler deadline registered
[    0.214263] io scheduler cfq registered (default)
[    0.214269] io scheduler mq-deadline registered
[    0.214274] io scheduler kyber registered
[    0.220564] tegra30-pinctrl 70000868.pinmux: invalid group "sdmmc3_dat6_pd3" for function "rsvd1"
[    0.220581] tegra30-pinctrl 70000868.pinmux: invalid group "sdmmc3_dat7_pd4" for function "rsvd1"
[    0.220595] tegra30-pinctrl 70000868.pinmux: invalid group "vi_vsync_pd6" for function "rsvd1"
[    0.220605] tegra30-pinctrl 70000868.pinmux: invalid group "vi_hsync_pd7" for function "rsvd1"
[    0.221039] tegra30-pinctrl 70000868.pinmux: invalid group "hdmi_int_pn7" for function "rsvd1"
[    0.221082] tegra30-pinctrl 70000868.pinmux: invalid group "ulpi_data3_po4" for function "rsvd1"
[    0.221405] tegra30-pinctrl 70000868.pinmux: invalid group "vi_d10_pt2" for function "rsvd1"
[    0.221418] tegra30-pinctrl 70000868.pinmux: invalid group "vi_d11_pt3" for function "rsvd1"
[    0.221430] tegra30-pinctrl 70000868.pinmux: invalid group "vi_d0_pt4" for function "rsvd1"
[    0.221469] tegra30-pinctrl 70000868.pinmux: invalid group "pu0" for function "rsvd1"
[    0.221499] tegra30-pinctrl 70000868.pinmux: invalid group "pu3" for function "rsvd1"
[    0.221528] tegra30-pinctrl 70000868.pinmux: invalid group "pu6" for function "rsvd1"
[    0.221567] tegra30-pinctrl 70000868.pinmux: invalid group "pv3" for function "rsvd1"
[    0.222036] tegra30-pinctrl 70000868.pinmux: invalid group "pbb0" for function "rsvd1"
[    0.222146] tegra30-pinctrl 70000868.pinmux: invalid group "pcc1" for function "rsvd1"
[    0.227469] tegra-pcie 3000.pcie: 2x3 configuration
[    0.227639] tegra-pcie 3000.pcie: Failed to get supply 'hvdd-pex': -517
[    0.233327] tegra-apbdma 6000a000.dma: Tegra20 APB DMA driver register 32 channels
[    0.235350] tegra-pmc 7000e400.pmc: i2c-thermtrip node not found, emergency thermal reset disabled.
[    0.264092] Serial: 8250/16550 driver, 4 ports, IRQ sharing disabled
[    0.264180] iommu: Adding device serial8250 to group 60
[    0.266216] console [ttyS0] disabled
[    0.266255] 70006000.serial: ttyS0 at MMIO 0x70006000 (irq = 331, base_baud = 25500000) is a Tegra
[    1.647154] console [ttyS0] enabled
[    1.651175] SuperH (H)SCI(F) driver initialized
[    1.656316] msm_serial: driver initialized
[    1.660509] STMicroelectronics ASC driver initialized
[    1.669522] tegra-hdmi 54280000.hdmi: failed to get HDMI regulator
[    1.682459] brd: module loaded
[    1.690815] loop: module loaded
[    1.699738] m25p80 spi0.1: w25q32 (4096 Kbytes)
[    1.705546] iommu: Adding device Fixed MDIO bus.0 to group 61
[    1.711698] libphy: Fixed MDIO Bus: probed
[    1.716434] CAN device driver interface
[    1.720811] bgmac_bcma: Broadcom 47xx GBit MAC driver loaded
[    1.727214] e1000e: Intel(R) PRO/1000 Network Driver - 3.2.6-k
[    1.733030] e1000e: Copyright(c) 1999 - 2015 Intel Corporation.
[    1.738977] igb: Intel(R) Gigabit Ethernet Network Driver - version 5.4.0-k
[    1.745928] igb: Copyright (c) 2007-2014 Intel Corporation.
[    1.753550] pegasus: v0.9.3 (2013/04/25), Pegasus/Pegasus II USB Ethernet driver
[    1.760991] usbcore: registered new interface driver pegasus
[    1.766667] usbcore: registered new interface driver asix
[    1.772068] usbcore: registered new interface driver ax88179_178a
[    1.778173] usbcore: registered new interface driver cdc_ether
[    1.784028] usbcore: registered new interface driver smsc75xx
[    1.789782] usbcore: registered new interface driver smsc95xx
[    1.795542] usbcore: registered new interface driver net1080
[    1.801202] usbcore: registered new interface driver cdc_subset
[    1.807136] usbcore: registered new interface driver zaurus
[    1.812723] usbcore: registered new interface driver cdc_ncm
[    1.818570] tegra-phy 7d000000.usb-phy: no vbus regulator
[    1.826324] ehci_hcd: USB 2.0 'Enhanced' Host Controller (EHCI) Driver
[    1.832835] ehci-pci: EHCI PCI platform driver
[    1.837303] ehci-platform: EHCI generic platform driver
[    1.842635] ehci-orion: EHCI orion driver
[    1.846733] SPEAr-ehci: EHCI SPEAr driver
[    1.850806] ehci-st: EHCI STMicroelectronics driver
[    1.855758] ehci-exynos: EHCI EXYNOS driver
[    1.860014] ehci-atmel: EHCI Atmel driver
[    1.864096] tegra-ehci: Tegra EHCI driver
[    1.868397] ohci_hcd: USB 1.1 'Open' Host Controller (OHCI) Driver
[    1.874585] ohci-pci: OHCI PCI platform driver
[    1.879044] ohci-platform: OHCI generic platform driver
[    1.884380] SPEAr-ohci: OHCI SPEAr driver
[    1.888454] ohci-st: OHCI STMicroelectronics driver
[    1.893392] ohci-atmel: OHCI Atmel driver
[    1.897838] usbcore: registered new interface driver usb-storage
[    1.906104] utmi_phy_clk_enable: timeout waiting for phy to stabilize
[    1.912602] iommu: Adding device ci_hdrc.0 to group 62
[    1.923267] tegra_rtc 7000e000.rtc: rtc core: registered 7000e000.rtc as rtc1
[    1.930429] tegra_rtc 7000e000.rtc: Tegra internal Real Time Clock
[    1.949204] tps65910-rtc tps65910-rtc: rtc core: registered tps65910-rtc as rtc0
[    1.956796] i2c /dev entries driver
[    1.962473] IR NEC protocol handler initialized
[    1.967005] IR RC5(x/sz) protocol handler initialized
[    1.972041] IR RC6 protocol handler initialized
[    1.976565] IR JVC protocol handler initialized
[    1.981081] IR Sony protocol handler initialized
[    1.985690] IR SANYO protocol handler initialized
[    1.990379] IR Sharp protocol handler initialized
[    1.995075] IR MCE Keyboard/mouse protocol handler initialized
[    2.000890] IR XMP protocol handler initialized
[    2.011487] sdhci: Secure Digital Host Controller Interface driver
[    2.017672] sdhci: Copyright(c) Pierre Ossman
[    2.022944] Synopsys Designware Multimedia Card Interface Driver
[    2.029703] sdhci-pltfm: SDHCI platform and OF driver helper
[    2.035886] sdhci-tegra 78000000.sdhci: Got CD GPIO
[    2.040759] sdhci-tegra 78000000.sdhci: Got WP GPIO
[    2.053925] mmc0: Invalid maximum block size, assuming 512 bytes
[    2.123736] mmc0: SDHCI controller on 78000000.sdhci [78000000.sdhci] using ADMA
[    2.140132] mmc1: Invalid maximum block size, assuming 512 bytes
[    2.203661] mmc1: SDHCI controller on 78000600.sdhci [78000600.sdhci] using ADMA
[    2.212566] ledtrig-cpu: registered to indicate activity on CPUs
[    2.218861] usbcore: registered new interface driver usbhid
[    2.224432] usbhid: USB HID core driver
[    2.230778] NET: Registered protocol family 10
[    2.235916] Segment Routing with IPv6
[    2.239612] sit: IPv6, IPv4 and MPLS over IPv4 tunneling driver
[    2.245919] NET: Registered protocol family 17
[    2.250355] can: controller area network core (rev 20170425 abi 9)
[    2.256576] NET: Registered protocol family 29
[    2.261007] can: raw protocol (rev 20170425)
[    2.265278] can: broadcast manager protocol (rev 20170425 t)
[    2.270926] can: netlink gateway (rev 20170425) max_hops=1
[    2.276694] Key type dns_resolver registered
[    2.281337] ThumbEE CPU extension supported.
[    2.285619] Registering SWP/SWPB emulation handler
[    2.300973] vdd_ddr: supplied by vdd_5v_in
[    2.305929] vdd_5v_sata: supplied by vdd_5v_in
[    2.310708] usb1_vbus: supplied by vdd_5v_in
[    2.315293] usb3_vbus: supplied by vdd_5v_in
[    2.320800] sys_3v3,vdd_3v3_alw: supplied by vdd_5v_in
[    2.326732] sys_3v3_pexs: supplied by sys_3v3,vdd_3v3_alw
[    2.332238] +VDD_5V_HDMI: supplied by sys_3v3,vdd_3v3_alw
[    2.337337] mmc1: new high speed MMC card at address 0001
[    2.338102] mmcblk1: mmc1:0001 SEM16G 14.8 GiB 
[    2.339005] mmcblk1boot0: mmc1:0001 SEM16G partition 1 1.00 MiB
[    2.339564] mmcblk1boot1: mmc1:0001 SEM16G partition 2 1.00 MiB
[    2.340469] mmcblk1rpmb: mmc1:0001 SEM16G partition 3 128 KiB
[    2.341273] mmc0: new ultra high speed DDR50 SDHC card at address aaaa
[    2.341905] mmcblk0: mmc0:aaaa SS04G 3.69 GiB 
[    2.354018] Primary GPT is invalid, using alternate GPT.
[    2.354033]  mmcblk1: p1 p2 p3 p4 p5
[    2.368201]  mmcblk0: p1 p2 p3
[    2.388808] tegra-pcie 3000.pcie: 2x3 configuration
[    2.396519] tegra-pcie 3000.pcie: probing port 0, using 2 lanes
[    2.460703] tegra-pcie 3000.pcie: probing port 2, using 2 lanes
[    2.870443] tegra-pcie 3000.pcie: link 2 down, retrying
[    3.279476] tegra-pcie 3000.pcie: link 2 down, retrying
[    3.688532] tegra-pcie 3000.pcie: link 2 down, retrying
[    3.695768] tegra-pcie 3000.pcie: link 2 down, ignoring
[    3.701084] tegra-pcie 3000.pcie: PCI host bridge to bus 0000:00
[    3.707093] pci_bus 0000:00: root bus resource [io  0x0000-0xffff]
[    3.713258] pci_bus 0000:00: root bus resource [mem 0x20000000-0x27ffffff]
[    3.720126] pci_bus 0000:00: root bus resource [mem 0x28000000-0x3fffffff pref]
[    3.727426] pci_bus 0000:00: root bus resource [bus 00-ff]
[    3.732925] pci 0000:00:01.0: [10de:0e1c] type 01 class 0x060400
[    3.738939] pci_bus 0000:00: 2-byte config write to 0000:00:01.0 offset 0x4 may corrupt adjacent RW1C bits
[    3.748581] pci_bus 0000:00: 2-byte config write to 0000:00:01.0 offset 0x4 may corrupt adjacent RW1C bits
[    3.758233] pci 0000:00:01.0: enabling Extended Tags
[    3.763185] pci_bus 0000:00: 2-byte config write to 0000:00:01.0 offset 0x88 may corrupt adjacent RW1C bits
[    3.772932] pci_bus 0000:00: 2-byte config write to 0000:00:01.0 offset 0x52 may corrupt adjacent RW1C bits
[    3.782676] pci 0000:00:01.0: PME# supported from D0 D1 D2 D3hot D3cold
[    3.789286] pci_bus 0000:00: 2-byte config write to 0000:00:01.0 offset 0x4c may corrupt adjacent RW1C bits
[    3.799151] pci_bus 0000:00: 2-byte config write to 0000:00:01.0 offset 0x3e may corrupt adjacent RW1C bits
[    3.808883] pci_bus 0000:00: 2-byte config write to 0000:00:01.0 offset 0x4 may corrupt adjacent RW1C bits
[    3.818524] pci_bus 0000:00: 1-byte config write to 0000:00:01.0 offset 0xc may corrupt adjacent RW1C bits
[    3.828162] PCI: bus0: Fast back to back transfers disabled
[    3.833729] pci 0000:00:01.0: bridge configuration invalid ([bus 00-00]), reconfiguring
[    3.841715] pci_bus 0000:00: 2-byte config write to 0000:00:01.0 offset 0x3e may corrupt adjacent RW1C bits
[    3.851442] pci_bus 0000:00: 2-byte config write to 0000:00:01.0 offset 0x3e may corrupt adjacent RW1C bits
[    3.861252] pci 0000:01:00.0: [10ec:8168] type 00 class 0x020000
[    3.867279] pci 0000:01:00.0: reg 0x10: [io  0x0000-0x00ff]
[    3.872852] pci 0000:01:00.0: reg 0x18: [mem 0x00000000-0x00000fff 64bit pref]
[    3.880075] pci 0000:01:00.0: reg 0x20: [mem 0x00000000-0x00003fff 64bit pref]
[    3.887359] pci 0000:01:00.0: supports D1 D2
[    3.891617] pci 0000:01:00.0: PME# supported from D0 D1 D2 D3hot D3cold
[    3.923667] PCI: bus1: Fast back to back transfers disabled
[    3.929229] pci_bus 0000:01: busn_res: [bus 01-ff] end is updated to 01
[    3.935859] pci 0000:00:01.0: BAR 9: assigned [mem 0x28000000-0x280fffff 64bit pref]
[    3.943586] pci 0000:00:01.0: BAR 7: assigned [io  0x1000-0x1fff]
[    3.949678] pci 0000:01:00.0: BAR 4: assigned [mem 0x28000000-0x28003fff 64bit pref]
[    3.957423] pci 0000:01:00.0: BAR 2: assigned [mem 0x28004000-0x28004fff 64bit pref]
[    3.965167] pci 0000:01:00.0: BAR 0: assigned [io  0x1000-0x10ff]
[    3.971247] pci 0000:00:01.0: PCI bridge to [bus 01]
[    3.976207] pci 0000:00:01.0:   bridge window [io  0x1000-0x1fff]
[    3.982287] pci 0000:00:01.0:   bridge window [mem 0x28000000-0x280fffff 64bit pref]
[    3.990038] pci 0000:00:01.0: nv_msi_ht_cap_quirk didn't locate host bridge
[    3.997082] pcieport 0000:00:01.0: enabling device (0140 -> 0143)
[    4.003365] pcieport 0000:00:01.0: Signaling PME with IRQ 375
[    4.009367] r8169 Gigabit Ethernet driver 2.3LK-NAPI loaded
[    4.014960] r8169 0000:01:00.0: enabling device (0140 -> 0143)
[    4.021666] r8169 0000:01:00.0 eth0: RTL8168evl/8111evl at 0xf0a2a000, 02:04:4b:01:60:a6, XID 0c900800 IRQ 376
[    4.031669] r8169 0000:01:00.0 eth0: jumbo features [frames: 9200 bytes, tx checksumming: ko]
[    4.043976] [drm] Supports vblank timestamp caching Rev 2 (21.10.2013).
[    4.050577] [drm] No driver support for vblank timestamp query.
[    4.056530] [drm] Cannot find any crtc or sizes
[    4.061064] [drm] Initialized tegra 0.0.0 20120330 for drm on minor 0
[    4.070435] tegra-ehci 7d004000.usb: EHCI Host Controller
[    4.075860] tegra-ehci 7d004000.usb: new USB bus registered, assigned bus number 1
[    4.083644] tegra-ehci 7d004000.usb: irq 344, io mem 0x7d004000
[    4.089588] [drm] Cannot find any crtc or sizes
[    4.114036] tegra-ehci 7d004000.usb: USB 2.0 started, EHCI 1.00
[    4.121232] hub 1-0:1.0: USB hub found
[    4.125006] hub 1-0:1.0: 1 port detected
[    4.130197] tegra-ehci 7d008000.usb: EHCI Host Controller
[    4.135611] tegra-ehci 7d008000.usb: new USB bus registered, assigned bus number 2
[    4.143351] tegra-ehci 7d008000.usb: irq 345, io mem 0x7d008000
[    4.174036] tegra-ehci 7d008000.usb: USB 2.0 started, EHCI 1.00
[    4.181151] hub 2-0:1.0: USB hub found
[    4.184920] hub 2-0:1.0: 1 port detected
[    4.195243] tps65910-rtc tps65910-rtc: setting system clock to 2000-01-01 00:00:02 UTC (946684802)
[    4.204758] vdd_sata,avdd_plle: disabling
[    4.209503] usb1_vbus: disabling
[    4.215063] EXT4-fs (mmcblk1p1): mounting ext3 file system using the ext4 subsystem
[    4.232250] EXT4-fs (mmcblk1p1): warning: mounting fs with errors, running e2fsck is recommended
[    4.243691] EXT4-fs (mmcblk1p1): recovery complete
[    4.248478] EXT4-fs (mmcblk1p1): mounted filesystem with ordered data mode. Opts: (null)
[    4.256594] VFS: Mounted root (ext3 filesystem) on device 179:1.
[    4.274595] devtmpfs: mounted
[    4.280058] Freeing unused kernel memory: 2048K
bash: cannot set terminal process group (-1): Inappropriate ioctl for device
bash: no job control in this shell
root@(none):/# [    4.554053] usb 2-1: new high-speed USB device number 2 using tegra-ehci
[    5.244179] asix 2-1:1.0 eth1: register 'asix' at usb-7d008000.usb-1, ASIX AX88772 USB 2.0 Ethernet, 00:50:b6:0f:67:60
mount -t sysfs none /sys
root@(none):/# 
root@(none):/# mount -t debugfs none /sys/kernel/debug
root@(none):/# 
root@(none):/# rtcwake -d rtc1 -m mem -s 3
rtcwake: wakeup from "mem" using /dev/rtc1 at Thu Jan  1 00:00:22 1970
[    7.446368] PM: suspend entry (deep)
[    7.449943] PM: Syncing filesystems ... done.
[    7.455952] Freezing user space processes ... (elapsed 0.001 seconds) done.
[    7.464012] OOM killer disabled.
[    7.467230] Freezing remaining freezable tasks ... (elapsed 0.001 seconds) done.
[    7.475750] Suspending console(s) (use no_console_suspend to debug)
[    7.584315] Disabling non-boot CPUs ...
[    7.713833] IRQ17 no longer affine to CPU2
[    7.764311] Entering suspend state LP1
[    7.764323] Enabling non-boot CPUs ...
[    7.764962] CPU1 is up
[    7.765567] CPU2 is up
[    7.766180] CPU3 is up
[    7.766768] pcieport 0000:00:01.0: nv_msi_ht_cap_quirk didn't locate host bridge
[    8.378869] OOM killer enabled.
[    8.381997] Restarting tasks ... done.
[    8.386060] PM: suspend exit
root@(none):/# 
root@(none):/# rtcwake -d rtc1 -m mem -s 3
rtcwake: wakeup from "mem" using /dev/rtc1 at Thu Jan  1 00:00:27 1970
[    9.358952] PM: suspend entry (deep)
[    9.362527] PM: Syncing filesystems ... done.
[    9.368281] Freezing user space processes ... (elapsed 0.001 seconds) done.
[    9.376348] OOM killer disabled.
[    9.379564] Freezing remaining freezable tasks ... (elapsed 0.001 seconds) done.
[    9.388074] Suspending console(s) (use no_console_suspend to debug)
[    9.423778] pci_generic_config_write32: 70 callbacks suppressed
[    9.423791] pci_bus 0000:00: 2-byte config write to 0000:00:01.0 offset 0x9c may corrupt adjacent RW1C bits
[    9.467243] pci_bus 0000:01: 2-byte config write to 0000:01:00.0 offset 0x44 may corrupt adjacent RW1C bits
[    9.467259] pci_bus 0000:01: 2-byte config write to 0000:01:00.0 offset 0x44 may corrupt adjacent RW1C bits
[    9.494299] Disabling non-boot CPUs ...
[    9.663774] IRQ17 no longer affine to CPU3
[    9.664134] Entering suspend state LP1
[    9.664150] Enabling non-boot CPUs ...
[    9.664965] CPU1 is up
[    9.665704] CPU2 is up
[    9.666469] CPU3 is up
[    9.667156] pci_bus 0000:00: 2-byte config write to 0000:00:01.0 offset 0x4c may corrupt adjacent RW1C bits
[    9.667168] pci_bus 0000:00: 2-byte config write to 0000:00:01.0 offset 0x88 may corrupt adjacent RW1C bits
[    9.667176] pci_bus 0000:00: 2-byte config write to 0000:00:01.0 offset 0x90 may corrupt adjacent RW1C bits
[    9.667180] pci_bus 0000:00: 2-byte config write to 0000:00:01.0 offset 0x98 may corrupt adjacent RW1C bits
[    9.667185] pci_bus 0000:00: 2-byte config write to 0000:00:01.0 offset 0x9c may corrupt adjacent RW1C bits
[    9.667204] pci_bus 0000:00: 2-byte config write to 0000:00:01.0 offset 0x52 may corrupt adjacent RW1C bits
[    9.667212] pci_bus 0000:00: 2-byte config write to 0000:00:01.0 offset 0x52 may corrupt adjacent RW1C bits
[    9.667239] pcieport 0000:00:01.0: nv_msi_ht_cap_quirk didn't locate host bridge
[   10.391870] OOM killer enabled.
[   10.395006] Restarting tasks ... done.
[   10.399156] PM: suspend exit
root@(none):/# 
root@(none):/# rtcwake -d rtc1 -m mem -s 3
rtcwake: wakeup from "mem" using /dev/rtc1 at Thu Jan  1 00:00:32 1970
[   11.263349] PM: suspend entry (deep)
[   11.266962] PM: Syncing filesystems ... done.
[   11.273123] Freezing user space processes ... (elapsed 0.001 seconds) done.
[   11.281202] OOM killer disabled.
[   11.284438] Freezing remaining freezable tasks ... (elapsed 0.001 seconds) done.
[   11.292964] Suspending console(s) (use no_console_suspend to debug)
[   11.404431] Disabling non-boot CPUs ...
[   11.513839] IRQ17 no longer affine to CPU2
[   11.574214] Entering suspend state LP1
[   11.574230] Enabling non-boot CPUs ...
[   11.575056] CPU1 is up
[   11.575815] CPU2 is up
[   11.576583] CPU3 is up
[   11.577293] pcieport 0000:00:01.0: nv_msi_ht_cap_quirk didn't locate host bridge
[   12.192926] OOM killer enabled.
[   12.196063] Restarting tasks ... done.
[   12.200169] PM: suspend exit
root@(none):/# 
root@(none):/# rtcwake -d rtc1 -m mem -s 3
rtcwake: wakeup from "mem" using /dev/rtc1 at Thu Jan  1 00:00:37 1970
[   13.173351] PM: suspend entry (deep)
[   13.176958] PM: Syncing filesystems ... done.
[   13.183103] Freezing user space processes ... (elapsed 0.001 seconds) done.
[   13.191176] OOM killer disabled.
[   13.194409] Freezing remaining freezable tasks ... (elapsed 0.001 seconds) done.
[   13.202936] Suspending console(s) (use no_console_suspend to debug)
[   13.314388] Disabling non-boot CPUs ...
[   13.483752] IRQ17 no longer affine to CPU3
[   13.484199] Entering suspend state LP1
[   13.484216] Enabling non-boot CPUs ...
[   13.485040] CPU1 is up
[   13.485784] CPU2 is up
[   13.486532] CPU3 is up
[   13.487286] pcieport 0000:00:01.0: nv_msi_ht_cap_quirk didn't locate host bridge
[   14.079211] OOM killer enabled.
[   14.082343] Restarting tasks ... done.
[   14.086522] PM: suspend exit
root@(none):/# 
root@(none):/# rtcwake -d rtc1 -m mem -s 3
rtcwake: wakeup from "mem" using /dev/rtc1 at Thu Jan  1 00:00:42 1970
[   15.096516] PM: suspend entry (deep)
[   15.100098] PM: Syncing filesystems ... done.
[   15.106260] Freezing user space processes ... (elapsed 0.001 seconds) done.
[   15.114355] OOM killer disabled.
[   15.117573] Freezing remaining freezable tasks ... (elapsed 0.001 seconds) done.
[   15.126106] Suspending console(s) (use no_console_suspend to debug)
[   15.165272] pci_generic_config_write32: 71 callbacks suppressed
[   15.165289] pci_bus 0000:00: 2-byte config write to 0000:00:01.0 offset 0x9c may corrupt adjacent RW1C bits
[   15.211457] pci_bus 0000:01: 2-byte config write to 0000:01:00.0 offset 0x44 may corrupt adjacent RW1C bits
[   15.211474] pci_bus 0000:01: 2-byte config write to 0000:01:00.0 offset 0x44 may corrupt adjacent RW1C bits
[   15.234383] Disabling non-boot CPUs ...
[   15.343783] IRQ17 no longer affine to CPU2
[   15.404169] Entering suspend state LP1
[   15.404185] Enabling non-boot CPUs ...
[   15.405012] CPU1 is up
[   15.405767] CPU2 is up
[   15.406523] CPU3 is up
[   15.407192] pci_bus 0000:00: 2-byte config write to 0000:00:01.0 offset 0x4c may corrupt adjacent RW1C bits
[   15.407206] pci_bus 0000:00: 2-byte config write to 0000:00:01.0 offset 0x88 may corrupt adjacent RW1C bits
[   15.407212] pci_bus 0000:00: 2-byte config write to 0000:00:01.0 offset 0x90 may corrupt adjacent RW1C bits
[   15.407216] pci_bus 0000:00: 2-byte config write to 0000:00:01.0 offset 0x98 may corrupt adjacent RW1C bits
[   15.407222] pci_bus 0000:00: 2-byte config write to 0000:00:01.0 offset 0x9c may corrupt adjacent RW1C bits
[   15.407242] pci_bus 0000:00: 2-byte config write to 0000:00:01.0 offset 0x52 may corrupt adjacent RW1C bits
[   15.407250] pci_bus 0000:00: 2-byte config write to 0000:00:01.0 offset 0x52 may corrupt adjacent RW1C bits
[   15.407278] pcieport 0000:00:01.0: nv_msi_ht_cap_quirk didn't locate host bridge
[   16.122374] OOM killer enabled.
[   16.125510] Restarting tasks ... done.
[   16.131321] PM: suspend exit
root@(none):/# 
root@(none):/# rtcwake -d rtc1 -m mem -s 3
rtcwake: wakeup from "mem" using /dev/rtc1 at Thu Jan  1 00:00:47 1970
[   17.003347] PM: suspend entry (deep)
[   17.006956] PM: Syncing filesystems ... done.
[   17.013139] Freezing user space processes ... (elapsed 0.001 seconds) done.
[   17.021218] OOM killer disabled.
[   17.024453] Freezing remaining freezable tasks ... (elapsed 0.001 seconds) done.
[   17.032980] Suspending console(s) (use no_console_suspend to debug)
[   17.144354] Disabling non-boot CPUs ...
[   17.273738] IRQ17 no longer affine to CPU2
[   17.314196] Entering suspend state LP1
[   17.314212] Enabling non-boot CPUs ...
[   17.315044] CPU1 is up
[   17.315796] CPU2 is up
[   17.316550] CPU3 is up
[   17.317257] pcieport 0000:00:01.0: nv_msi_ht_cap_quirk didn't locate host bridge
[   17.929187] OOM killer enabled.
[   17.932316] Restarting tasks ... done.
[   17.937560] PM: suspend exit
root@(none):/# 
root@(none):/# rtcwake -d rtc1 -m mem -s 3
rtcwake: wakeup from "mem" using /dev/rtc1 at Thu Jan  1 00:00:52 1970
[   18.913824] PM: suspend entry (deep)
[   18.917403] PM: Syncing filesystems ... done.
[   18.924089] Freezing user space processes ... (elapsed 0.001 seconds) done.
[   18.932167] OOM killer disabled.
[   18.935399] Freezing remaining freezable tasks ... (elapsed 0.001 seconds) done.
[   18.943937] Suspending console(s) (use no_console_suspend to debug)
[   19.054336] Disabling non-boot CPUs ...
[   19.103847] IRQ17 no longer affine to CPU1
[   19.224233] Entering suspend state LP1
[   19.224250] Enabling non-boot CPUs ...
[   19.225093] CPU1 is up
[   19.225863] CPU2 is up
[   19.226637] CPU3 is up
[   19.227370] pcieport 0000:00:01.0: nv_msi_ht_cap_quirk didn't locate host bridge
[   19.843345] OOM killer enabled.
[   19.846481] Restarting tasks ... done.
[   19.850591] PM: suspend exit
root@(none):/# 
root@(none):/# rtcwake -d rtc1 -m mem -s 3
rtcwake: wakeup from "mem" using /dev/rtc1 at Thu Jan  1 00:00:57 1970
[   20.818525] PM: suspend entry (deep)
[   20.822103] PM: Syncing filesystems ... done.
[   20.828264] Freezing user space processes ... (elapsed 0.001 seconds) done.
[   20.836358] OOM killer disabled.
[   20.839574] Freezing remaining freezable tasks ... (elapsed 0.001 seconds) done.
[   20.848103] Suspending console(s) (use no_console_suspend to debug)
[   20.895199] pci_generic_config_write32: 71 callbacks suppressed
[   20.895215] pci_bus 0000:00: 2-byte config write to 0000:00:01.0 offset 0x9c may corrupt adjacent RW1C bits
[   20.942021] pci_bus 0000:01: 2-byte config write to 0000:01:00.0 offset 0x44 may corrupt adjacent RW1C bits
[   20.942038] pci_bus 0000:01: 2-byte config write to 0000:01:00.0 offset 0x44 may corrupt adjacent RW1C bits
[   20.964297] Disabling non-boot CPUs ...
[   21.113644] IRQ17 no longer affine to CPU3
[   21.114082] Entering suspend state LP1
[   21.114097] Enabling non-boot CPUs ...
[   21.114921] CPU1 is up
[   21.115683] CPU2 is up
[   21.116464] CPU3 is up
[   21.117155] pci_bus 0000:00: 2-byte config write to 0000:00:01.0 offset 0x4c may corrupt adjacent RW1C bits
[   21.117172] pci_bus 0000:00: 2-byte config write to 0000:00:01.0 offset 0x88 may corrupt adjacent RW1C bits
[   21.117179] pci_bus 0000:00: 2-byte config write to 0000:00:01.0 offset 0x90 may corrupt adjacent RW1C bits
[   21.117184] pci_bus 0000:00: 2-byte config write to 0000:00:01.0 offset 0x98 may corrupt adjacent RW1C bits
[   21.117189] pci_bus 0000:00: 2-byte config write to 0000:00:01.0 offset 0x9c may corrupt adjacent RW1C bits
[   21.117210] pci_bus 0000:00: 2-byte config write to 0000:00:01.0 offset 0x52 may corrupt adjacent RW1C bits
[   21.117218] pci_bus 0000:00: 2-byte config write to 0000:00:01.0 offset 0x52 may corrupt adjacent RW1C bits
[   21.117244] pcieport 0000:00:01.0: nv_msi_ht_cap_quirk didn't locate host bridge
[   21.826250] OOM killer enabled.
[   21.829378] Restarting tasks ... done.
[   21.833491] PM: suspend exit
root@(none):/# 
root@(none):/# rtcwake -d rtc1 -m mem -s 3
rtcwake: wakeup from "mem" using /dev/rtc1 at Thu Jan  1 00:01:02 1970
[   22.713749] PM: suspend entry (deep)
[   22.717326] PM: Syncing filesystems ... done.
[   22.724006] Freezing user space processes ... (elapsed 0.001 seconds) done.
[   22.732082] OOM killer disabled.
[   22.735314] Freezing remaining freezable tasks ... (elapsed 0.001 seconds) done.
[   22.743850] Suspending console(s) (use no_console_suspend to debug)
[   22.854289] Disabling non-boot CPUs ...
[   22.903816] IRQ17 no longer affine to CPU1
[   23.024164] Entering suspend state LP1
[   23.024182] Enabling non-boot CPUs ...
[   23.025017] CPU1 is up
[   23.025781] CPU2 is up
[   23.026540] CPU3 is up
[   23.027261] pcieport 0000:00:01.0: nv_msi_ht_cap_quirk didn't locate host bridge
[   23.632743] OOM killer enabled.
[   23.635881] Restarting tasks ... done.
[   23.639988] PM: suspend exit
root@(none):/# 
root@(none):/# rtcwake -d rtc1 -m mem -s 3
rtcwake: wakeup from "mem" using /dev/rtc1 at Thu Jan  1 00:01:07 1970
[   24.633695] PM: suspend entry (deep)
[   24.637275] PM: Syncing filesystems ... done.
[   24.642919] Freezing user space processes ... (elapsed 0.001 seconds) done.
[   24.650999] OOM killer disabled.
[   24.654239] Freezing remaining freezable tasks ... (elapsed 0.001 seconds) done.
[   24.662773] Suspending console(s) (use no_console_suspend to debug)
[   24.774267] Disabling non-boot CPUs ...
[   24.823782] IRQ17 no longer affine to CPU1
[   24.944142] Entering suspend state LP1
[   24.944157] Enabling non-boot CPUs ...
[   24.945004] CPU1 is up
[   24.945766] CPU2 is up
[   24.946535] CPU3 is up
[   24.947260] pcieport 0000:00:01.0: nv_msi_ht_cap_quirk didn't locate host bridge
[   25.552559] OOM killer enabled.
[   25.555697] Restarting tasks ... done.
[   25.559797] PM: suspend exit
root@(none):/# 
root@(none):/# NVTB SYSTEM SUSPEND TEST COMPLETE
