

U-Boot 2015.04-00466-gedec83e90172 (Mar 14 2016 - 10:42:01)

TEGRA124
Model: Acer Chromebook 13 CB5-311
DRAM:  4 GiB
:   Tegra SD/MMC: 0, Tegra SD/MMC: 1, Tegra SD/MMC: 2
MMC init failed
Using default environment

In:    serial
Out:   serial
Err:   serial
Net:   Net Initialization Skipped
No ethernet found.
Hit any key to stop autoboot:  2  0 
Tegra124 (Nyan-big) # 
Tegra124 (Nyan-big) # usb start
starting USB...
USB0:   USB EHCI 1.10
scanning bus 0 for devices... 2 USB Device(s) found
USB1:   USB EHCI 1.10
scanning bus 1 for devices... 2 USB Device(s) found
       scanning usb for storage devices... 1 Storage Device(s) found
       scanning usb for ethernet devices... 
Warning: asx0 using MAC address from net device
1 Ethernet Device(s) found
Tegra124 (Nyan-big) # mw 0x7000e4a0 0x00080000
Tegra124 (Nyan-big) # setenv bootargs 'ignore_loglevel console=ttyS0,115200n8 rw root=PARTUUID=4d36e82a-b3c0-4b4b-bfcd-afe5217ac023 rootwait gpt debug noinitrd earlyprintk init=/bin/bash'
Tegra124 (Nyan-big) # setenv ipaddr 192.168.100.104; setenv serverip 192.168.100.1; setenv tftpserverip 192.168.100.1
Tegra124 (Nyan-big) # tftpboot 0x82000000 zImage.tegra_defconfig%tegra-fw
Using asx0 device
TFTP from server 192.168.100.1; our IP address is 192.168.100.104
Filename 'zImage.tegra_defconfig%tegra-fw'.
Load address: 0x82000000
Loading: *#################################################################
	 #################################################################
	 #################################################################
	 #################################################################
	 #################################################################
	 #################################################################
	 #############################################
	 3.3 MiB/s
done
Bytes transferred = 6384136 (616a08 hex)
Tegra124 (Nyan-big) # tftpboot 0x83000000 tegra124-nyan-big.dtb
Using asx0 device
TFTP from server 192.168.100.1; our IP address is 192.168.100.104
Filename 'tegra124-nyan-big.dtb'.
Load address: 0x83000000
Loading: *#####
	 3.1 MiB/s
done
Bytes transferred = 67482 (1079a hex)
Tegra124 (Nyan-big) # bootz 0x82000000 - 0x83000000
Kernel image @ 0x82000000 [ 0x000000 - 0x616a08 ]
## Flattened Device Tree blob at 83000000
   Booting using the fdt blob at 0x83000000
   Using Device Tree in place at 83000000, end 83013799

Starting kernel ...

[    0.000000] Booting Linux on physical CPU 0x0
[    0.000000] Linux version 4.15.0-next-20180131-230384-gd957d62 (jonathanh@sellafield) (gcc version 4.7.3 20130328 (prerelease) (crosstool-NG linaro-1.13.1-4.7-2013.04-20130415 - Linaro GCC 2013.04)) #1 SMP PREEMPT Wed Jan 31 02:17:09 PST 2018
[    0.000000] CPU: ARMv7 Processor [413fc0f3] revision 3 (ARMv7), cr=10c5387d
[    0.000000] CPU: div instructions available: patching division code
[    0.000000] CPU: PIPT / VIPT nonaliasing data cache, PIPT instruction cache
[    0.000000] OF: fdt: Machine model: Acer Chromebook 13 CB5-311
[    0.000000] OF: fdt: Ignoring memory range 0x100000000 - 0x17ffff000
[    0.000000] debug: ignoring loglevel setting.
[    0.000000] bootconsole [earlycon0] enabled
[    0.000000] Memory policy: Data cache writealloc
[    0.000000] cma: Reserved 64 MiB at 0xfbc00000
[    0.000000] On node 0 totalpages: 524287
[    0.000000]   Normal zone: 1536 pages used for memmap
[    0.000000]   Normal zone: 0 pages reserved
[    0.000000]   Normal zone: 196608 pages, LIFO batch:31
[    0.000000]   HighMem zone: 327679 pages, LIFO batch:31
[    0.000000] random: fast init done
[    0.000000] percpu: Embedded 17 pages/cpu @(ptrval) s39296 r8192 d22144 u69632
[    0.000000] pcpu-alloc: s39296 r8192 d22144 u69632 alloc=17*4096
[    0.000000] pcpu-alloc: [0] 0 [0] 1 [0] 2 [0] 3 
[    0.000000] Built 1 zonelists, mobility grouping on.  Total pages: 522751
[    0.000000] Kernel command line: ignore_loglevel console=ttyS0,115200n8 rw root=PARTUUID=4d36e82a-b3c0-4b4b-bfcd-afe5217ac023 rootwait gpt debug noinitrd earlyprintk init=/bin/bash
[    0.000000] Dentry cache hash table entries: 131072 (order: 7, 524288 bytes)
[    0.000000] Inode-cache hash table entries: 65536 (order: 6, 262144 bytes)
[    0.000000] Memory: 1998468K/2097148K available (9216K kernel code, 797K rwdata, 2844K rodata, 1024K init, 298K bss, 33144K reserved, 65536K cma-reserved, 1245180K highmem)
[    0.000000] Virtual kernel memory layout:
[    0.000000]     vector  : 0xffff0000 - 0xffff1000   (   4 kB)
[    0.000000]     fixmap  : 0xffc00000 - 0xfff00000   (3072 kB)
[    0.000000]     vmalloc : 0xf0800000 - 0xff800000   ( 240 MB)
[    0.000000]     lowmem  : 0xc0000000 - 0xf0000000   ( 768 MB)
[    0.000000]     pkmap   : 0xbfe00000 - 0xc0000000   (   2 MB)
[    0.000000]     modules : 0xbf000000 - 0xbfe00000   (  14 MB)
[    0.000000]       .text : 0x(ptrval) - 0x(ptrval)   (10208 kB)
[    0.000000]       .init : 0x(ptrval) - 0x(ptrval)   (1024 kB)
[    0.000000]       .data : 0x(ptrval) - 0x(ptrval)   ( 798 kB)
[    0.000000]        .bss : 0x(ptrval) - 0x(ptrval)   ( 299 kB)
[    0.000000] Preemptible hierarchical RCU implementation.
[    0.000000] 	Tasks RCU enabled.
[    0.000000] NR_IRQS: 16, nr_irqs: 16, preallocated irqs: 16
[    0.000000] /interrupt-controller@60004000: 160 interrupts forwarded to /interrupt-controller@50041000
[    0.000000] Tegra clk 127: register failed with -17
[    0.000004] sched_clock: 32 bits at 1000kHz, resolution 1000ns, wraps every 2147483647500ns
[    0.008018] clocksource: timer_us: mask: 0xffffffff max_cycles: 0xffffffff, max_idle_ns: 1911260446275 ns
[    0.017550] Switching to timer-based delay loop, resolution 1000ns
[    0.024093] arch_timer: cp15 timer(s) running at 12.00MHz (virt).
[    0.029771] clocksource: arch_sys_counter: mask: 0xffffffffffffff max_cycles: 0x2c47f4ee7, max_idle_ns: 440795202497 ns
[    0.040518] sched_clock: 56 bits at 12MHz, resolution 83ns, wraps every 4398046511096ns
[    0.048489] Switching to timer-based delay loop, resolution 83ns
[    0.054669] Console: colour dummy device 80x30
[    0.058898] Calibrating delay loop (skipped), value calculated using timer frequency.. 24.00 BogoMIPS (lpj=120000)
[    0.069207] pid_max: default: 32768 minimum: 301
[    0.073970] Mount-cache hash table entries: 2048 (order: 1, 8192 bytes)
[    0.080389] Mountpoint-cache hash table entries: 2048 (order: 1, 8192 bytes)
[    0.087726] CPU: Testing write buffer coherency: ok
[    0.092400] /cpus/cpu@0 missing clock-frequency property
[    0.097552] /cpus/cpu@1 missing clock-frequency property
[    0.102848] /cpus/cpu@2 missing clock-frequency property
[    0.108126] /cpus/cpu@3 missing clock-frequency property
[    0.113408] CPU0: thread -1, cpu 0, socket 0, mpidr 80000000
[    0.153452] Setting up static identity map for 0x80100000 - 0x801000a0
[    0.158109] Hierarchical SRCU implementation.
[    0.173677] Tegra Revision: A01 SKU: 131 CPU Process: 1 SoC Process: 1
[    0.193455] smp: Bringing up secondary CPUs ...
[    0.243701] CPU1: thread -1, cpu 1, socket 0, mpidr 80000001
[    0.323733] CPU2: thread -1, cpu 2, socket 0, mpidr 80000002
[    0.403772] CPU3: thread -1, cpu 3, socket 0, mpidr 80000003
[    0.413601] smp: Brought up 1 node, 4 CPUs
[    0.432683] SMP: Total of 4 processors activated (96.00 BogoMIPS).
[    0.438838] CPU: All CPU(s) started in SVC mode.
[    0.444133] devtmpfs: initialized
[    0.453626] Built 1 zonelists, mobility grouping on.  Total pages: 516001
[    0.458671] VFP support v0.3: implementor 41 architecture 4 part 30 variant f rev 0
[    0.466309] clocksource: jiffies: mask: 0xffffffff max_cycles: 0xffffffff, max_idle_ns: 19112604462750000 ns
[    0.475915] futex hash table entries: 1024 (order: 4, 65536 bytes)
[    0.482194] pinctrl core: initialized pinctrl subsystem
[    0.487727] NET: Registered protocol family 16
[    0.492127] DMA: preallocated 256 KiB pool for atomic coherent allocations
[    0.499044] cpuidle: using governor menu
[    0.509954] No ATAGs?
[    0.510012] hw-breakpoint: found 5 (+1 reserved) breakpoint and 4 watchpoint registers.
[    0.518353] hw-breakpoint: maximum watchpoint size is 8 bytes.
[    0.525055] tegra-mc 70019000.memory-controller: no memory timings for RAM code 0 registered
[    0.532717] iommu: Adding device 50000000.host1x to group 0
[    0.538129] iommu: Adding device 54200000.dc to group 1
[    0.543329] iommu: Adding device 54240000.dc to group 1
[    0.548529] iommu: Adding device 57000000.gpu to group 2
[    0.559614] +5V_SYS: supplied by +VDD_MUX
[    0.561842] +3.3V_SYS: supplied by +VDD_MUX
[    0.566164] +VDD_LED: Failed to request enable GPIO122: -517
[    0.571500] reg-fixed-voltage regulators:regulator@5: Failed to register regulator: -517
[    0.579602] +5V_VDD_TS_SW: Failed to request enable GPIO81: -517
[    0.585540] reg-fixed-voltage regulators:regulator@6: Failed to register regulator: -517
[    0.593654] +5V_USB_HS: Failed to request enable GPIO108: -517
[    0.599406] reg-fixed-voltage regulators:regulator@7: Failed to register regulator: -517
[    0.607536] +5V_USB_SS: Failed to request enable GPIO109: -517
[    0.613273] reg-fixed-voltage regulators:regulator@8: Failed to register regulator: -517
[    0.621445] +1.05V_RUN_AVDD_HDMI_PLL: Failed to request enable GPIO63: -517
[    0.628266] reg-fixed-voltage regulators:regulator@11: Failed to register regulator: -517
[    0.636464] +5V_HDMI_CON: Failed to request enable GPIO86: -517
[    0.642306] reg-fixed-voltage regulators:regulator@12: Failed to register regulator: -517
[    0.650900] vgaarb: loaded
[    0.653404] SCSI subsystem initialized
[    0.656957] libata version 3.00 loaded.
[    0.660816] usbcore: registered new interface driver usbfs
[    0.666164] usbcore: registered new interface driver hub
[    0.671470] usbcore: registered new device driver usb
[    0.677688] Linux video capture interface: v2.00
[    0.681073] pps_core: LinuxPPS API ver. 1 registered
[    0.685995] pps_core: Software ver. 5.3.6 - Copyright 2005-2007 Rodolfo Giometti <giometti@linux.it>
[    0.695098] PTP clock support registered
[    0.699136] tegra-emc 7001b000.emc: no memory timings for RAM code 0 found in DT
[    0.706358] tegra-emc: probe of 7001b000.emc failed with error -2
[    0.712528] Advanced Linux Sound Architecture Driver Initialized.
[    0.718737] Bluetooth: Core ver 2.22
[    0.722057] NET: Registered protocol family 31
[    0.726465] Bluetooth: HCI device and connection manager initialized
[    0.732788] Bluetooth: HCI socket layer initialized
[    0.737645] Bluetooth: L2CAP socket layer initialized
[    0.742681] Bluetooth: SCO socket layer initialized
[    0.747767] clocksource: Switched to clocksource arch_sys_counter
[    0.785699] NET: Registered protocol family 2
[    0.788533] tcp_listen_portaddr_hash hash table entries: 512 (order: 0, 6144 bytes)
[    0.795786] TCP established hash table entries: 8192 (order: 3, 32768 bytes)
[    0.802833] TCP bind hash table entries: 8192 (order: 4, 65536 bytes)
[    0.809265] TCP: Hash tables configured (established 8192 bind 8192)
[    0.815704] UDP hash table entries: 512 (order: 2, 16384 bytes)
[    0.821441] UDP-Lite hash table entries: 512 (order: 2, 16384 bytes)
[    0.827872] NET: Registered protocol family 1
[    0.832356] RPC: Registered named UNIX socket transport module.
[    0.837982] RPC: Registered udp transport module.
[    0.842651] RPC: Registered tcp transport module.
[    0.847332] RPC: Registered tcp NFSv4.1 backchannel transport module.
[    0.863994] PCI: CLS 0 bytes, default 64
[    0.866695] hw perfevents: enabled with armv7_cortex_a15 PMU driver, 7 counters available
[    0.874809] Initialise system trusted keyrings
[    0.878647] workingset: timestamp_bits=30 max_order=19 bucket_order=0
[    0.885465] squashfs: version 4.0 (2009/01/31) Phillip Lougher
[    0.891113] NFS: Registering the id_resolver key type
[    0.895819] Key type id_resolver registered
[    0.899983] Key type id_legacy registered
[    0.905715] Key type asymmetric registered
[    0.908041] Asymmetric key parser 'x509' registered
[    0.912936] bounce: pool size: 64 pages
[    0.916720] io scheduler noop registered (default)
[    0.921472] io scheduler mq-deadline registered
[    0.925971] io scheduler kyber registered
[    0.930611] tegra-xusb-padctl 7009f000.padctl: failed to setup XUSB ports: -517
[    0.943048] tegra-apbdma 60020000.dma: Tegra20 APB DMA driver register 32 channels
[    0.949145] tegra-pmc 7000e400.pmc: i2c-thermtrip node not found, emergency thermal reset disabled.
[    0.957937] Serial: 8250/16550 driver, 4 ports, IRQ sharing disabled
[    0.964712] console [ttyS0] disabled
[    0.967605] 70006000.serial: ttyS0 at MMIO 0x70006000 (irq = 333, base_baud = 25500000) is a Tegra
[    0.976543] console [ttyS0] enabled
[    0.976543] console [ttyS0] enabled
[    0.982763] bootconsole [earlycon0] disabled
[    0.982763] bootconsole [earlycon0] disabled
[    1.008890] tegra-hdmi 54280000.hdmi: failed to get HDMI regulator
[    1.015368] tegra-dpaux 545c0000.dpaux: failed to get VDD supply: -517
[    1.022886] panel-simple panel: panel supply power not found, using dummy regulator
[    1.034269] loop: module loaded
[    1.037995] as3722 4-0040: AS3722 with revision 0x1 found
[    1.048050] as3722-sd2: supplied by +5V_SYS
[    1.052474] as3722-sd3: supplied by +5V_SYS
[    1.056810] +1.35V_LP0(sd3): Bringing 0uV into 1350000-1350000uV
[    1.063001] as3722-sd4: supplied by +5V_SYS
[    1.067333] +1.05V_RUN: Bringing 0uV into 1050000-1050000uV
[    1.073091] as3722-sd5: supplied by +5V_SYS
[    1.078693] as3722-ldo0: supplied by +1.35V_LP0(sd2)
[    1.084436] +1.8V_RUN_CAM: Bringing 0uV into 1800000-1800000uV
[    1.090463] as3722-ldo2: supplied by +1.8V_VDDIO
[    1.096087] as3722-ldo3: supplied by +3.3V_SYS
[    1.100549] +1.00V_LP0_VDD_RTC: Bringing 1100000uV into 1000000-1000000uV
[    1.108126] as3722-ldo4: supplied by +3.3V_SYS
[    1.112722] +3.3V_RUN_CAM: Bringing 0uV into 2800000-2800000uV
[    1.118752] as3722-ldo5: supplied by +1.8V_VDDIO
[    1.123522] +1.2V_RUN_CAM_FRONT: Bringing 0uV into 1200000-1200000uV
[    1.130219] +VDDIO_SDMMC3: Bringing 0uV into 1800000-1800000uV
[    1.136254] as3722-ldo7: supplied by +1.8V_VDDIO
[    1.141036] +1.05V_RUN_CAM_REAR: Bringing 0uV into 1050000-1050000uV
[    1.147589] as3722-ldo9: supplied by +5V_SYS
[    1.152165] +2.8V_RUN_TOUCH: Bringing 0uV into 2800000-2800000uV
[    1.158375] as3722-ldo10: supplied by +5V_SYS
[    1.162888] +2.8V_RUN_CAM_AF: Bringing 0uV into 2800000-2800000uV
[    1.169339] +1.8V_RUN_VPP_FUSE: Bringing 0uV into 1800000-1800000uV
[    1.191781] cros-ec-spi spi0.0: Chrome EC device registered
[    1.206623] m25p80 spi1.0: w25q32dw (4096 Kbytes)
[    1.212136] libphy: Fixed MDIO Bus: probed
[    1.216221] CAN device driver interface
[    1.220074] igb: Intel(R) Gigabit Ethernet Network Driver - version 5.4.0-k
[    1.227018] igb: Copyright (c) 2007-2014 Intel Corporation.
[    1.232632] pegasus: v0.9.3 (2013/04/25), Pegasus/Pegasus II USB Ethernet driver
[    1.240066] usbcore: registered new interface driver pegasus
[    1.245732] usbcore: registered new interface driver asix
[    1.251141] usbcore: registered new interface driver ax88179_178a
[    1.257236] usbcore: registered new interface driver cdc_ether
[    1.263088] usbcore: registered new interface driver smsc75xx
[    1.268850] usbcore: registered new interface driver smsc95xx
[    1.274597] usbcore: registered new interface driver net1080
[    1.280271] usbcore: registered new interface driver cdc_subset
[    1.286193] usbcore: registered new interface driver zaurus
[    1.291782] usbcore: registered new interface driver cdc_ncm
[    1.297513] ehci_hcd: USB 2.0 'Enhanced' Host Controller (EHCI) Driver
[    1.304032] ehci-pci: EHCI PCI platform driver
[    1.308488] tegra-ehci: Tegra EHCI driver
[    1.312755] usbcore: registered new interface driver cdc_acm
[    1.318406] cdc_acm: USB Abstract Control Model driver for USB modems and ISDN adapters
[    1.326409] usbcore: registered new interface driver cdc_wdm
[    1.332083] usbcore: registered new interface driver usb-storage
[    1.338748] input: cros_ec as /devices/soc0/7000d400.spi/spi_master/spi0/spi0.0/7000d400.spi:cros-ec@0:keyboard-controller/input/input0
[    1.358366] as3722-rtc as3722-rtc: rtc core: registered as3722-rtc as rtc0
[    1.365224] as3722-rtc as3722-rtc: RTC interrupt 372
[    1.371988] tegra_rtc 7000e000.rtc: rtc core: registered 7000e000.rtc as rtc1
[    1.379133] tegra_rtc 7000e000.rtc: Tegra internal Real Time Clock
[    1.385414] i2c /dev entries driver
[    1.389335] usbcore: registered new interface driver uvcvideo
[    1.395065] USB Video Class driver (1.1.1)
[    1.399159] gspca_main: v2.14.0 registered
[    1.403478] lm90 0-004c: 0-004c supply vcc not found, using dummy regulator
[    1.412143] tegra-wdt 60005000.timer: initialized (heartbeat = 120 sec, nowayout = 0)
[    1.420479] sdhci: Secure Digital Host Controller Interface driver
[    1.426644] sdhci: Copyright(c) Pierre Ossman
[    1.430999] sdhci-pltfm: SDHCI platform and OF driver helper
[    1.436775] sdhci-tegra 700b0000.sdhci: allocated mmc-pwrseq
[    1.450580] sdhci-tegra 700b0400.sdhci: Got CD GPIO
[    1.455452] sdhci-tegra 700b0400.sdhci: Got WP GPIO
[    1.475902] mmc0: Unknown controller version (3). You may experience problems.
[    1.483143] mmc0: Invalid maximum block size, assuming 512 bytes
[    1.519918] mmc0: SDHCI controller on 700b0600.sdhci [700b0600.sdhci] using ADMA
[    1.527630] usbcore: registered new interface driver usbhid
[    1.533310] usbhid: USB HID core driver
[    1.539437] tegra30-i2s 70301100.i2s: DMA channels sourced from device 70300000.ahub
[    1.587672] mmc0: new high speed MMC card at address 0001
[    1.593592] max98090 0-0010: MAX98090 REVID=0x43
[    1.595025] mmcblk0: mmc0:0001 MMC16G 14.4 GiB 
[    1.604374] max98090 0-0010: use default 2.8v micbias
[    1.604590] mmcblk0boot0: mmc0:0001 MMC16G partition 1 2.00 MiB
[    1.617187] mmcblk0boot1: mmc0:0001 MMC16G partition 2 2.00 MiB
[    1.623229] mmcblk0rpmb: mmc0:0001 MMC16G partition 3 128 KiB, chardev (247:0)
[    1.623402] tegra-snd-max98090 sound: HiFi <-> 70301100.i2s mapping ok
[    1.638112] input: GoogleNyanBig Headphones as /devices/soc0/sound/sound/card1/input1
[    1.640008]  mmcblk0: p1 p2 p3 p4 p5 p6 p7 p8 p9 p10 p11 p12
[    1.646092] input: GoogleNyanBig Mic Jack as /devices/soc0/sound/sound/card1/input2
[    1.660073] NET: Registered protocol family 10
[    1.665091] Segment Routing with IPv6
[    1.668819] mip6: Mobile IPv6
[    1.671778] sit: IPv6, IPv4 and MPLS over IPv4 tunneling driver
[    1.678231] NET: Registered protocol family 17
[    1.682667] NET: Registered protocol family 15
[    1.687097] can: controller area network core (rev 20170425 abi 9)
[    1.693348] NET: Registered protocol family 29
[    1.697792] can: raw protocol (rev 20170425)
[    1.702049] can: broadcast manager protocol (rev 20170425 t)
[    1.707695] can: netlink gateway (rev 20170425) max_hops=1
[    1.713243] Bluetooth: RFCOMM socket layer initialized
[    1.718386] Bluetooth: RFCOMM ver 1.11
[    1.722128] Bluetooth: BNEP (Ethernet Emulation) ver 1.3
[    1.727426] Bluetooth: BNEP socket layer initialized
[    1.732382] Bluetooth: HIDP (Human Interface Emulation) ver 1.2
[    1.738293] Bluetooth: HIDP socket layer initialized
[    1.743337] Key type dns_resolver registered
[    1.747802] Registering SWP/SWPB emulation handler
[    1.752838] Loading compiled-in X.509 certificates
[    1.764755] +3.3V_RUN: supplied by +3.3V_SYS
[    1.769694] +VDD_LED: supplied by +VDD_MUX
[    1.773892] +3.3V_AVDD_HDMI_AP_GATED: supplied by +3.3V_RUN
[    1.779623] +1.8V_RUN_CAM: supplied by +3.3V_RUN
[    1.784332] +VDDIO_SDMMC3: supplied by +3.3V_RUN
[    1.789070] +1.8V_RUN_VPP_FUSE: supplied by +3.3V_RUN
[    1.794247] +5V_VDD_TS_SW: supplied by +5V_SYS
[    1.798980] +5V_USB_HS: supplied by +5V_SYS
[    1.803298] +5V_USB_SS: supplied by +5V_SYS
[    1.808447] +3.3V_PANEL: supplied by +3.3V_RUN
[    1.813942] +3.3V_LP0: supplied by +3.3V_SYS
[    1.818913] +1.05V_RUN_AVDD_HDMI_PLL: supplied by +1.05V_RUN
[    1.824728] +5V_HDMI_CON: supplied by +5V_SYS
[    1.829826]  usb3-0: usb3-0 supply vbus not found, using dummy regulator
[    1.836559]  usb3-1: usb3-1 supply vbus not found, using dummy regulator
[    1.849567] tegra-sor 54540000.sor: failed to probe output: -517
[    1.855782] panel-simple panel: panel supply power not found, using dummy regulator
[    1.928501] tegra-xusb 70090000.usb: Firmware timestamp: 2014-09-16 02:10:07 UTC
[    1.935898] tegra-xusb 70090000.usb: xHCI Host Controller
[    1.941340] tegra-xusb 70090000.usb: new USB bus registered, assigned bus number 1
[    1.950874] tegra-xusb 70090000.usb: hcc params 0x0184f525 hci version 0x100 quirks 0x00010010
[    1.959499] tegra-xusb 70090000.usb: irq 344, io mem 0x70090000
[    1.965877] hub 1-0:1.0: USB hub found
[    1.969703] hub 1-0:1.0: 6 ports detected
[    1.974075] tegra-xusb 70090000.usb: xHCI Host Controller
[    1.979478] tegra-xusb 70090000.usb: new USB bus registered, assigned bus number 2
[    1.987144] usb usb2: We don't know the algorithms for LPM for this host, disabling LPM.
[    1.995637] hub 2-0:1.0: USB hub found
[    1.999449] hub 2-0:1.0: 2 ports detected
[    2.004482] sdhci-tegra 700b0000.sdhci: allocated mmc-pwrseq
[    2.017991] mmc1: Unknown controller version (3). You may experience problems.
[    2.025237] mmc1: Invalid maximum block size, assuming 512 bytes
[    2.031724] mmc1: Switching to 3.3V signalling voltage failed
[    2.060512] mmc1: SDHCI controller on 700b0000.sdhci [700b0000.sdhci] using ADMA
[    2.068153] sdhci-tegra 700b0400.sdhci: Got CD GPIO
[    2.073024] sdhci-tegra 700b0400.sdhci: Got WP GPIO
[    2.083264] mmc2: Unknown controller version (3). You may experience problems.
[    2.090604] mmc2: Invalid maximum block size, assuming 512 bytes
[    2.125546] mmc1: new high speed SDIO card at address 0001
[    2.131356] mmc2: SDHCI controller on 700b0400.sdhci [700b0400.sdhci] using ADMA
[    2.138961] tegra-sor 54540000.sor: failed to probe output: -517
[    2.145128] panel-simple panel: panel supply power not found, using dummy regulator
[    2.153239] input: gpio-keys as /devices/soc0/gpio-keys/input/input3
[    2.159873] tegra-sor 54540000.sor: failed to probe output: -517
[    2.166097] panel-simple panel: panel supply power not found, using dummy regulator
[    2.174048] as3722-rtc as3722-rtc: setting system clock to 2000-01-01 00:00:23 UTC (946684823)
[    2.182848] cfg80211: Loading compiled-in X.509 certificates for regulatory database
[    2.194277] cfg80211: Loaded X.509 cert 'sforshee: 00b28ddf47aef9cea7'
[    2.201062] platform regulatory.0: Direct firmware load for regulatory.db failed with error -2
[    2.208349] +3.3V_AVDD_HDMI_AP_GATED: disabling
[    2.209739] cfg80211: failed to load regulatory.db
[    2.214255] +1.8V_RUN_CAM: disabling
[    2.222977] +1.2V_RUN_CAM_FRONT: disabling
[    2.227260] +1.05V_RUN_CAM_REAR: disabling
[    2.231711] +2.8V_RUN_TOUCH: disabling
[    2.235600] +2.8V_RUN_CAM_AF: disabling
[    2.239915] +1.8V_RUN_VPP_FUSE: disabling
[    2.244119] +VDD_LED: disabling
[    2.247293] +5V_VDD_TS_SW: disabling
[    2.250949] +3.3V_PANEL: disabling
[    2.254387] +1.05V_RUN_AVDD_HDMI_PLL: disabling
[    2.258950] +5V_HDMI_CON: disabling
[    2.262430] ALSA device list:
[    2.265387]   #1: GoogleNyanBig
[    2.298178] tegra-sor 54540000.sor: failed to probe output: -517
[    2.304404] panel-simple panel: panel supply power not found, using dummy regulator
[    2.312628] input: tegra-hda HDMI/DP,pcm=3 as /devices/soc0/70030000.hda/sound/card0/input4
[    2.321117] EXT4-fs (mmcblk0p3): couldn't mount as ext3 due to feature incompatibilities
[    2.347866] usb 1-2: new high-speed USB device number 2 using tegra-xusb
[    2.379815] mmc2: new high speed SDHC card at address 0007
[    2.387140] mmcblk2: mmc2:0007 SD08G 7.42 GiB 
[    2.400777] GPT:Primary header alternate_lba != Alt. header my_lba
[    2.406954] GPT:3014591 != 15564799
[    2.410473] GPT:Primary header thinks Alt. header is not at the end of the disk.
[    2.414179] EXT4-fs (mmcblk0p3): recovery complete
[    2.417875] GPT:3014591 != 15564799
[    2.417879] GPT: Use GNU Parted to correct GPT errors.
[    2.423495] EXT4-fs (mmcblk0p3): mounted filesystem with ordered data mode. Opts: (null)
[    2.426167]  mmcblk2: p1 p2 p3 p4 p5 p6 p7 p8 p9 p10 p11 p12
[    2.431336] VFS: Mounted root (ext4 filesystem) on device 179:3.
[    2.445770] tegra-sor 54540000.sor: failed to probe output: -517
[    2.451724] devtmpfs: mounted
[    2.457343] panel-simple panel: panel supply power not found, using dummy regulator
[    2.468067] Freeing unused kernel memory: 1024K
bash: cannot set terminal process group (-1): Inappropriate ioctl for device
bash: no job control in this shell
root@(none):/# [    2.606871] alloc_contig_range: [fbc77, fbc78) PFNs busy
[    2.612230] alloc_contig_range: [fbc78, fbc79) PFNs busy
[    2.617535] alloc_contig_range: [fbc79, fbc7a) PFNs busy
[    2.622893] alloc_contig_range: [fbc7a, fbc7b) PFNs busy
[    2.628247] alloc_contig_range: [fbc7b, fbc7c) PFNs busy
[    2.633552] alloc_contig_range: [fbc7c, fbc7d) PFNs busy
[    2.638900] alloc_contig_range: [fbc7d, fbc7e) PFNs busy
[    2.644205] alloc_contig_range: [fbc7e, fbc7f) PFNs busy
[    2.649518] alloc_contig_range: [fbc7f, fbc80) PFNs busy
[    2.654820] alloc_contig_range: [fbca1, fbca2) PFNs busy
[    2.734195] uvcvideo: Found UVC 1.00 device HD WebCam (1bcf:2c67)
[    2.749022] input: HD WebCam: HD WebCam as /devices/soc0/70090000.usb/usb1/1-2/1-2:1.0/input/input5
[    2.758569] tegra-sor 54540000.sor: failed to probe output: -517
[    2.764732] panel-simple panel: panel supply power not found, using dummy regulator
[    3.107858] usb 1-3: new high-speed USB device number 3 using tegra-xusb
