 efi: Getting EFI parameters from FDT:
[    0.000000] efi: UEFI not found.
[    0.000000] cma: Reserved 16 MiB at 0x00000000f5400000
[    0.000000] earlycon: uart0 at MMIO 0x0000000070006000 (options '115200n8')
[    0.000000] bootconsole [uart0] enabled
[    0.000000] NUMA: No NUMA configuration found
[    0.000000] NUMA: Faking a node at [mem 0x0000000000000000-0x000000013fffffff]
[    0.000000] NUMA: Adding memblock [0x80000000 - 0xf65fffff] on node 0
[    0.000000] NUMA: Adding memblock [0x100000000 - 0x13fffffff] on node 0
[    0.000000] NUMA: Initmem setup node 0 [mem 0x80000000-0x13fffffff]
[    0.000000] NUMA: NODE_DATA [mem 0x13ffa0d00-0x13ffa27ff]
[    0.000000] Zone ranges:
[    0.000000]   DMA      [mem 0x0000000080000000-0x00000000ffffffff]
[    0.000000]   Normal   [mem 0x0000000100000000-0x000000013fffffff]
[    0.000000] Movable zone start for each node
[    0.000000] Early memory node ranges
[    0.000000]   node   0: [mem 0x0000000080000000-0x00000000f65fffff]
[    0.000000]   node   0: [mem 0x0000000100000000-0x000000013fffffff]
[    0.000000] Initmem setup node 0 [mem 0x0000000080000000-0x000000013fffffff]
[    0.000000] psci: probing for conduit method from DT.
[    0.000000] psci: PSCIv1.0 detected in firmware.
[    0.000000] psci: Using standard PSCI v0.2 function IDs
[    0.000000] psci: MIGRATE_INFO_UP_CPU reported invalid physical ID (0x80000000)
[    0.000000] percpu: Embedded 24 pages/cpu @ffff8000bff3d000 s59776 r8192 d30336 u98304
[    0.000000] Detected PIPT I-cache on CPU0
[    0.000000] CPU features: enabling workaround for ARM erratum 832075
[    0.000000] CPU features: enabling workaround for ARM erratum 834220
[    0.000000] Built 1 zonelists in Node order, mobility grouping on.  Total pages: 735336
[    0.000000] Policy zone: Normal
[    0.000000] Kernel command line: cros_secure vpr=0x08000000@0xf6800000 earlycon
[    0.000000] PID hash table entries: 4096 (order: 3, 32768 bytes)
[    0.000000] software IO TLB [mem 0xf1400000-0xf5400000] (64MB) mapped at [ffff800071400000-ffff8000753fffff]
[    0.000000] Memory: 2838720K/2988032K available (8828K kernel code, 1076K rwdata, 4260K rodata, 1024K init, 397K bss, 132928K reserved, 16384K cma-reserved)
[    0.000000] Virtual kernel memory layout:
[    0.000000]     modules : 0xffff000000000000 - 0xffff000008000000   (   128 MB)
[    0.000000]     vmalloc : 0xffff000008000000 - 0xffff7dffbfff0000   (129022 GB)
[    0.000000]       .text : 0xffff000008080000 - 0xffff000008920000   (  8832 KB)
[    0.000000]     .rodata : 0xffff000008920000 - 0xffff000008d50000   (  4288 KB)
[    0.000000]       .init : 0xffff000008d50000 - 0xffff000008e50000   (  1024 KB)
[    0.000000]       .data : 0xffff000008e50000 - 0xffff000008f5d200   (  1077 KB)
[    0.000000]        .bss : 0xffff000008f5d200 - 0xffff000008fc06c0   (   398 KB)
[    0.000000]     fixed   : 0xffff7dfffe7fd000 - 0xffff7dfffec00000   (  4108 KB)
[    0.000000]     PCI I/O : 0xffff7dfffee00000 - 0xffff7dffffe00000   (    16 MB)
[    0.000000]     vmemmap : 0xffff7e0000000000 - 0xffff800000000000   (  2048 GB maximum)
[    0.000000]               0xffff7e0000000000 - 0xffff7e0003000000   (    48 MB actual)
[    0.000000]     memory  : 0xffff800000000000 - 0xffff8000c0000000   (  3072 MB)
[    0.000000] SLUB: HWalign=64, Order=0-3, MinObjects=0, CPUs=4, Nodes=1
[    0.000000] Preemptible hierarchical RCU implementation.
[    0.000000] 	RCU restricting CPUs from NR_CPUS=64 to nr_cpu_ids=4.
[    0.000000] 	Tasks RCU enabled.
[    0.000000] RCU: Adjusting geometry for rcu_fanout_leaf=16, nr_cpu_ids=4
[    0.000000] NR_IRQS: 64, nr_irqs: 64, preallocated irqs: 0
[    0.000000] GIC: Using split EOI/Deactivate mode
[    0.000000] /interrupt-controller@60004000: 192 interrupts forwarded to /interrupt-controller@50041000
[    0.000000] boot misc0 0x0: expected 0x80000
[    0.000000]  (comparison mask = 0x400ffffb)
[    0.000000] boot misc2 0x1f720005: expected 0x1f720f05
[    0.000000]  (comparison mask = 0xffffff17)
[    0.000000] PLL_C already enabled. Postponing set full defaults
[    0.000000] PLL_DP already enabled. Postponing set full defaults
[    0.000000] boot misc0 0x0: expected 0x20
[    0.000000]  (comparison mask = 0x7ffffff)
[    0.000000] boot misc1 0x90000000: expected 0xc0000000
[    0.000000]  (comparison mask = 0xf8000000)
[    0.000000] boot misc2 0x0: expected 0xf400f0da
[    0.000000]  (comparison mask = 0xffffffff)
[    0.000000] boot misc3 0x8c8: expected 0x2004f400
[    0.000000]  (comparison mask = 0xffffffff)
[    0.000000] boot misc1 0x0: expected 0x20
[    0.000000]  (comparison mask = 0xffffff)
[    0.000000] PLL_X already enabled. Postponing set full defaults
[    0.000000] arch_timer: cp15 timer(s) running at 19.20MHz (phys).
[    0.000000] clocksource: arch_sys_counter: mask: 0xffffffffffffff max_cycles: 0x46d987e47, max_idle_ns: 440795202767 ns
[    0.000003] sched_clock: 56 bits at 19MHz, resolution 52ns, wraps every 4398046511078ns
[    0.008354] Console: colour dummy device 80x25
[    0.012924] console [tty0] enabled
[    0.016418] bootconsole [uart0] disabled
[    0.000000] Booting Linux on physical CPU 0x0
[    0.000000] Linux version 4.12.0-rc3-next-20170530-293319-g056c138 (jonathanh@tamien) (gcc version 4.9.2 20140904 (prerelease) (crosstool-NG linaro-1.13.1-4.9-2014.09 - Linaro GCC 4.9-2014.09) ) #1 SMP PREEMPT Tue May 30 07:46:36 PDT 2017
[    0.000000] Boot CPU: AArch64 Processor [411fd071]
[    0.000000] Machine model: Google Pixel C
[    0.000000] efi: Getting EFI parameters from FDT:
[    0.000000] efi: UEFI not found.
[    0.000000] cma: Reserved 16 MiB at 0x00000000f5400000
[    0.000000] earlycon: uart0 at MMIO 0x0000000070006000 (options '115200n8')
[    0.000000] bootconsole [uart0] enabled
[    0.000000] NUMA: No NUMA configuration found
[    0.000000] NUMA: Faking a node at [mem 0x0000000000000000-0x000000013fffffff]
[    0.000000] NUMA: Adding memblock [0x80000000 - 0xf65fffff] on node 0
[    0.000000] NUMA: Adding memblock [0x100000000 - 0x13fffffff] on node 0
[    0.000000] NUMA: Initmem setup node 0 [mem 0x80000000-0x13fffffff]
[    0.000000] NUMA: NODE_DATA [mem 0x13ffa0d00-0x13ffa27ff]
[    0.000000] Zone ranges:
[    0.000000]   DMA      [mem 0x0000000080000000-0x00000000ffffffff]
[    0.000000]   Normal   [mem 0x0000000100000000-0x000000013fffffff]
[    0.000000] Movable zone start for each node
[    0.000000] Early memory node ranges
[    0.000000]   node   0: [mem 0x0000000080000000-0x00000000f65fffff]
[    0.000000]   node   0: [mem 0x0000000100000000-0x000000013fffffff]
[    0.000000] Initmem setup node 0 [mem 0x0000000080000000-0x000000013fffffff]
[    0.000000] psci: probing for conduit method from DT.
[    0.000000] psci: PSCIv1.0 detected in firmware.
[    0.000000] psci: Using standard PSCI v0.2 function IDs
[    0.000000] psci: MIGRATE_INFO_UP_CPU reported invalid physical ID (0x80000000)
[    0.000000] percpu: Embedded 24 pages/cpu @ffff8000bff3d000 s59776 r8192 d30336 u98304
[    0.000000] Detected PIPT I-cache on CPU0
[    0.000000] CPU features: enabling workaround for ARM erratum 832075
[    0.000000] CPU features: enabling workaround for ARM erratum 834220
[    0.000000] Built 1 zonelists in Node order, mobility grouping on.  Total pages: 735336
[    0.000000] Policy zone: Normal
[    0.000000] Kernel command line: cros_secure vpr=0x08000000@0xf6800000 earlycon
[    0.000000] PID hash table entries: 4096 (order: 3, 32768 bytes)
[    0.000000] software IO TLB [mem 0xf1400000-0xf5400000] (64MB) mapped at [ffff800071400000-ffff8000753fffff]
[    0.000000] Memory: 2838720K/2988032K available (8828K kernel code, 1076K rwdata, 4260K rodata, 1024K init, 397K bss, 132928K reserved, 16384K cma-reserved)
[    0.000000] Virtual kernel memory layout:
[    0.000000]     modules : 0xffff000000000000 - 0xffff000008000000   (   128 MB)
[    0.000000]     vmalloc : 0xffff000008000000 - 0xffff7dffbfff0000   (129022 GB)
[    0.000000]       .text : 0xffff000008080000 - 0xffff000008920000   (  8832 KB)
[    0.000000]     .rodata : 0xffff000008920000 - 0xffff000008d50000   (  4288 KB)
[    0.000000]       .init : 0xffff000008d50000 - 0xffff000008e50000   (  1024 KB)
[    0.000000]       .data : 0xffff000008e50000 - 0xffff000008f5d200   (  1077 KB)
[    0.000000]        .bss : 0xffff000008f5d200 - 0xffff000008fc06c0   (   398 KB)
[    0.000000]     fixed   : 0xffff7dfffe7fd000 - 0xffff7dfffec00000   (  4108 KB)
[    0.000000]     PCI I/O : 0xffff7dfffee00000 - 0xffff7dffffe00000   (    16 MB)
[    0.000000]     vmemmap : 0xffff7e0000000000 - 0xffff800000000000   (  2048 GB maximum)
[    0.000000]               0xffff7e0000000000 - 0xffff7e0003000000   (    48 MB actual)
[    0.000000]     memory  : 0xffff800000000000 - 0xffff8000c0000000   (  3072 MB)
[    0.000000] SLUB: HWalign=64, Order=0-3, MinObjects=0, CPUs=4, Nodes=1
[    0.000000] Preemptible hierarchical RCU implementation.
[    0.000000] 	RCU restricting CPUs from NR_CPUS=64 to nr_cpu_ids=4.
[    0.000000] 	Tasks RCU enabled.
[    0.000000] RCU: Adjusting geometry for rcu_fanout_leaf=16, nr_cpu_ids=4
[    0.000000] NR_IRQS: 64, nr_irqs: 64, preallocated irqs: 0
[    0.000000] GIC: Using split EOI/Deactivate mode
[    0.000000] /interrupt-controller@60004000: 192 interrupts forwarded to /interrupt-controller@50041000
[    0.000000] boot misc0 0x0: expected 0x80000
[    0.000000]  (comparison mask = 0x400ffffb)
[    0.000000] boot misc2 0x1f720005: expected 0x1f720f05
[    0.000000]  (comparison mask = 0xffffff17)
[    0.000000] PLL_C already enabled. Postponing set full defaults
[    0.000000] PLL_DP already enabled. Postponing set full defaults
[    0.000000] boot misc0 0x0: expected 0x20
[    0.000000]  (comparison mask = 0x7ffffff)
[    0.000000] boot misc1 0x90000000: expected 0xc0000000
[    0.000000]  (comparison mask = 0xf8000000)
[    0.000000] boot misc2 0x0: expected 0xf400f0da
[    0.000000]  (comparison mask = 0xffffffff)
[    0.000000] boot misc3 0x8c8: expected 0x2004f400
[    0.000000]  (comparison mask = 0xffffffff)
[    0.000000] boot misc1 0x0: expected 0x20
[    0.000000]  (comparison mask = 0xffffff)
[    0.000000] PLL_X already enabled. Postponing set full defaults
[    0.000000] arch_timer: cp15 timer(s) running at 19.20MHz (phys).
[    0.000000] clocksource: arch_sys_counter: mask: 0xffffffffffffff max_cycles: 0x46d987e47, max_idle_ns: 440795202767 ns
[    0.000003] sched_clock: 56 bits at 19MHz, resolution 52ns, wraps every 4398046511078ns
[    0.008354] Console: colour dummy device 80x25
[    0.012924] console [tty0] enabled
[    0.016418] bootconsole [uart0] disabled
[    0.020480] Calibrating delay loop (skipped), value calculated using timer frequency.. 38.40 BogoMIPS (lpj=76800)
[    0.020495] pid_max: default: 32768 minimum: 301
[    0.020548] Security Framework initialized
[    0.022126] Dentry cache hash table entries: 524288 (order: 10, 4194304 bytes)
[    0.022918] Inode-cache hash table entries: 262144 (order: 9, 2097152 bytes)
[    0.022960] Mount-cache hash table entries: 8192 (order: 4, 65536 bytes)
[    0.022991] Mountpoint-cache hash table entries: 8192 (order: 4, 65536 bytes)
[    0.036503] ASID allocator initialised with 65536 entries
[    0.044496] Hierarchical SRCU implementation.
[    0.053246] Speedo Revision 4
[    0.053265] Tegra Revision: A02 SKU: 19 CPU Process: 0 SoC Process: 0
[    0.100636] EFI services will not be available.
[    0.116578] smp: Bringing up secondary CPUs ...
[    0.148708] Detected PIPT I-cache on CPU1
[    0.148738] CPU1: Booted secondary processor [411fd071]
[    0.180733] Detected PIPT I-cache on CPU2
[    0.180751] CPU2: Booted secondary processor [411fd071]
[    0.212770] Detected PIPT I-cache on CPU3
[    0.212787] CPU3: Booted secondary processor [411fd071]
[    0.212824] smp: Brought up 1 node, 4 CPUs
[    0.212855] SMP: Total of 4 processors activated.
[    0.212868] CPU features: detected feature: 32-bit EL0 Support
[    0.212968] CPU: All CPU(s) started at EL2
[    0.212988] alternatives: patching kernel code
[    0.215654] devtmpfs: initialized
[    0.220588] DMI not present or invalid.
[    0.220727] clocksource: jiffies: mask: 0xffffffff max_cycles: 0xffffffff, max_idle_ns: 7645041785100000 ns
[    0.220781] futex hash table entries: 1024 (order: 5, 131072 bytes)
[    0.221073] pinctrl core: initialized pinctrl subsystem
[    0.222386] NET: Registered protocol family 16
[    0.224801] cpuidle: using governor menu
[    0.225275] vdso: 2 pages (1 code @ ffff000008927000, 1 data @ ffff000008e55000)
[    0.225298] hw-breakpoint: found 6 breakpoint and 4 watchpoint registers.
[    0.225849] DMA: preallocated 256 KiB pool for atomic allocations
[    0.226888] Serial: AMBA PL011 UART driver
[    0.241180] HugeTLB registered 2 MB page size, pre-allocated 0 pages
[    0.241735] ACPI: Interpreter disabled.
[    0.242124] PPLCD_VDD: Failed to request enable GPIO172: -517
[    0.242142] reg-fixed-voltage regulators:regulator@1: Failed to register regulator: -517
[    0.242463] PP1800_LCDIO: Failed to request enable GPIO171: -517
[    0.242477] reg-fixed-voltage regulators:regulator@5: Failed to register regulator: -517
[    0.242528] PP1800_CAM: Failed to request enable GPIO83: -517
[    0.242541] reg-fixed-voltage regulators:regulator@6: Failed to register regulator: -517
[    0.242802] vgaarb: loaded
[    0.242940] SCSI subsystem initialized
[    0.243187] usbcore: registered new interface driver usbfs
[    0.243222] usbcore: registered new interface driver hub
[    0.243263] usbcore: registered new device driver usb
[    0.244023] tegra-i2c 7000d100.i2c: could not find pctldev for node /host1x@50000000/dpaux@545c0000/pinmux-i2c, deferring probe
[    0.244109] pps_core: LinuxPPS API ver. 1 registered
[    0.244119] pps_core: Software ver. 5.3.6 - Copyright 2005-2007 Rodolfo Giometti <giometti@linux.it>
[    0.244145] PTP clock support registered
[    0.244226] dmi: Firmware registration failed.
[    0.244709] Advanced Linux Sound Architecture Driver Initialized.
[    0.245100] clocksource: Switched to clocksource arch_sys_counter
[    0.245188] VFS: Disk quotas dquot_6.6.0
[    0.245229] VFS: Dquot-cache hash table entries: 512 (order 0, 4096 bytes)
[    0.245351] pnp: PnP ACPI: disabled
[    0.248993] NET: Registered protocol family 2
[    0.249321] TCP established hash table entries: 32768 (order: 6, 262144 bytes)
[    0.249511] TCP bind hash table entries: 32768 (order: 7, 524288 bytes)
[    0.249714] TCP: Hash tables configured (established 32768 bind 32768)
[    0.249809] UDP hash table entries: 2048 (order: 4, 65536 bytes)
[    0.249848] UDP-Lite hash table entries: 2048 (order: 4, 65536 bytes)
[    0.249953] NET: Registered protocol family 1
[    0.250143] RPC: Registered named UNIX socket transport module.
[    0.250155] RPC: Registered udp transport module.
[    0.250164] RPC: Registered tcp transport module.
[    0.250172] RPC: Registered tcp NFSv4.1 backchannel transport module.
[    0.250274] Unpacking initramfs...
[    0.297092] Freeing initrd memory: 1280K
[    0.297452] kvm [1]: 8-bit VMID
[    0.297465] kvm [1]: IDMAP page: 80915000
[    0.297476] kvm [1]: HYP VA range: 800000000000:ffffffffffff
[    0.298037] kvm [1]: Hyp mode initialized successfully
[    0.298086] kvm [1]: vgic-v2@50044000
[    0.298154] kvm [1]: vgic interrupt IRQ1
[    0.298170] kvm [1]: virtual timer IRQ4
[    0.299502] audit: initializing netlink subsys (disabled)
[    0.299573] audit: type=2000 audit(0.290:1): state=initialized audit_enabled=0 res=1
[    0.299709] workingset: timestamp_bits=44 max_order=20 bucket_order=0
[    0.303480] squashfs: version 4.0 (2009/01/31) Phillip Lougher
[    0.303836] NFS: Registering the id_resolver key type
[    0.303862] Key type id_resolver registered
[    0.303871] Key type id_legacy registered
[    0.303885] nfs4filelayout_init: NFSv4 File Layout Driver Registering...
[    0.303983] 9p: Installing v9fs 9p2000 file system support
[    0.305226] Block layer SCSI generic (bsg) driver version 0.4 loaded (major 247)
[    0.305245] io scheduler noop registered
[    0.305365] io scheduler cfq registered (default)
[    0.305377] io scheduler mq-deadline registered
[    0.305386] io scheduler kyber registered
[    0.306442]  usb3-0: usb3-0 supply vbus not found, using dummy regulator
[    0.314524] tegra-apbdma 60020000.dma: Tegra20 APB DMA driver register 32 channels
[    0.315446] tegra-pmc 7000e400.pmc: i2c-thermtrip node not found, emergency thermal reset disabled.
[    0.315652] xenfs: not registering filesystem on non-xen platform
[    0.317614] Serial: 8250/16550 driver, 4 ports, IRQ sharing enabled
[    0.318639] 70006000.serial: ttyS0 at MMIO 0x70006000 (irq = 314, base_baud = 25500000) is a Tegra
[    1.345883] console [ttyS0] enabled
[    1.349687] SuperH (H)SCI(F) driver initialized
[    1.354416] msm_serial: driver initialized
[    1.358857] cacheinfo: Unable to detect cache hierarchy for CPU 0
[    1.368598] loop: module loaded
[    1.375611] cros-ec-i2c 0-001e: Chrome EC device registered
[    1.381818] max77620 1-003c: PMIC Version OTP:0x35 and ES:0x8
[    1.390072] max77620-sd0: supplied by regulator-dummy
[    1.396279] max77620-sd1: supplied by regulator-dummy
[    1.402419] max77620-sd2: supplied by regulator-dummy
[    1.408527] max77620-sd3: supplied by regulator-dummy
[    1.414644] max77620-ldo0: supplied by regulator-dummy
[    1.420290] max77620-ldo1: supplied by regulator-dummy
[    1.425456] PP1200_RCAM: Bringing 1050000uV into 1200000-1200000uV
[    1.432044] max77620-ldo2: supplied by regulator-dummy
[    1.437734] max77620-ldo3: supplied by regulator-dummy
[    1.442890] PP2800L_RCAM: Bringing 3100000uV into 2800000-2800000uV
[    1.449568] max77620-ldo4: supplied by regulator-dummy
[    1.454730] PP1100_SOC_RTC: Bringing 1000000uV into 850000-850000uV
[    1.461537] max77620-ldo5: supplied by regulator-dummy
[    1.466690] PP2800L_FCAM: Bringing 3100000uV into 2800000-2800000uV
[    1.473287] random: fast init done
[    1.476738] max77620-ldo6: supplied by regulator-dummy
[    1.481890] PP_LDO6: Bringing 2800000uV into 1800000-1800000uV
[    1.488142] max77620-ldo7: supplied by regulator-dummy
[    1.493893] max77620-ldo8: supplied by regulator-dummy
[    1.500986] hisi_sas: driver version v1.6
[    1.506485] libphy: Fixed MDIO Bus: probed
[    1.510835] tun: Universal TUN/TAP device driver, 1.6
[    1.516461] e1000e: Intel(R) PRO/1000 Network Driver - 3.2.6-k
[    1.522294] e1000e: Copyright(c) 1999 - 2015 Intel Corporation.
[    1.528236] igb: Intel(R) Gigabit Ethernet Network Driver - version 5.4.0-k
[    1.535192] igb: Copyright (c) 2007-2014 Intel Corporation.
[    1.540788] igbvf: Intel(R) Gigabit Virtual Function Network Driver - version 2.4.0-k
[    1.548615] igbvf: Copyright (c) 2009 - 2012 Intel Corporation.
[    1.554717] sky2: driver version 1.30
[    1.558644] VFIO - User Level meta-driver version: 0.3
[    1.564474] ehci_hcd: USB 2.0 'Enhanced' Host Controller (EHCI) Driver
[    1.571003] ehci-pci: EHCI PCI platform driver
[    1.575469] ehci-platform: EHCI generic platform driver
[    1.580762] ehci-orion: EHCI orion driver
[    1.584829] ehci-exynos: EHCI EXYNOS driver
[    1.589064] ehci-msm: Qualcomm On-Chip EHCI Host Controller
[    1.594682] ohci_hcd: USB 1.1 'Open' Host Controller (OHCI) Driver
[    1.600864] ohci-pci: OHCI PCI platform driver
[    1.605330] ohci-platform: OHCI generic platform driver
[    1.610610] ohci-exynos: OHCI EXYNOS driver
[    1.673744] tegra-xusb 70090000.usb: Firmware timestamp: 2015-08-10 09:47:54 UTC
[    1.681150] tegra-xusb 70090000.usb: xHCI Host Controller
[    1.686563] tegra-xusb 70090000.usb: new USB bus registered, assigned bus number 1
[    1.695100] tegra-xusb 70090000.usb: hcc params 0x0184f525 hci version 0x100 quirks 0x00010010
[    1.703734] tegra-xusb 70090000.usb: irq 320, io mem 0x70090000
[    1.710001] hub 1-0:1.0: USB hub found
[    1.713773] hub 1-0:1.0: 5 ports detected
[    1.718051] tegra-xusb 70090000.usb: xHCI Host Controller
[    1.723456] tegra-xusb 70090000.usb: new USB bus registered, assigned bus number 2
[    1.731073] usb usb2: We don't know the algorithms for LPM for this host, disabling LPM.
[    1.739414] hub 2-0:1.0: USB hub found
[    1.743180] hub 2-0:1.0: 4 ports detected
[    1.747620] usbcore: registered new interface driver usb-storage
[    1.881788] max77686-rtc max77620-rtc: rtc core: registered max77620-rtc as rtc0
[    1.889738] tegra_rtc 7000e000.rtc: rtc core: registered 7000e000.rtc as rtc1
[    1.896888] tegra_rtc 7000e000.rtc: Tegra internal Real Time Clock
[    1.903150] i2c /dev entries driver
[    1.908005] (NULL device *): hwmon_device_register() is deprecated. Please convert the driver to use hwmon_device_register_with_info().
[    1.920223] bq27xxx-battery 2-0055: support ver. 1.2.0 enabled
[    1.942451] sdhci: Secure Digital Host Controller Interface driver
[    1.948656] sdhci: Copyright(c) Pierre Ossman
[    1.953198] Synopsys Designware Multimedia Card Interface Driver
[    1.959653] sdhci-pltfm: SDHCI platform and OF driver helper
[    1.973140] mmc0: Unknown controller version (3). You may experience problems.
[    2.025129] mmc0: SDHCI controller on 700b0600.sdhci [700b0600.sdhci] using ADMA 64-bit
[    2.036822] ledtrig-cpu: registered to indicate activity on CPUs
[    2.043635] usbcore: registered new interface driver usbhid
[    2.049213] usbhid: USB HID core driver
[    2.054118] NET: Registered protocol family 17
[    2.058611] 9pnet: Installing 9P2000 support
[    2.062920] Key type dns_resolver registered
[    2.067503] registered taskstats version 1
[    2.076960] tegra-i2c 7000d100.i2c: could not find pctldev for node /host1x@50000000/dpaux@545c0000/pinmux-i2c, deferring probe
[    2.079615] mmc0: new high speed MMC card at address 0001
[    2.088546] mmcblk0: mmc0:0001 BGND3R 29.1 GiB 
[    2.092669] mmcblk0boot0: mmc0:0001 BGND3R partition 1 4.00 MiB
[    2.092766] mmcblk0boot1: mmc0:0001 BGND3R partition 2 4.00 MiB
[    2.092871] mmcblk0rpmb: mmc0:0001 BGND3R partition 3 4.00 MiB
[    2.095300]  mmcblk0: p1 p2 p3 p4 p5 p6 p7 p8 p9 p10 p11
[    2.121793] tegra-i2c 7000d100.i2c: could not find pctldev for node /host1x@50000000/dpaux@545c0000/pinmux-i2c, deferring probe
[    2.133912] input: gpio-keys as /devices/platform/gpio-keys/input/input0
[    2.141120] tegra-i2c 7000d100.i2c: could not find pctldev for node /host1x@50000000/dpaux@545c0000/pinmux-i2c, deferring probe
[    2.173262] max77686-rtc max77620-rtc: setting system clock to 2001-03-10 20:12:40 UTC (984255160)
[    2.182690] PP1200_AVDD: disabling
[    2.186166] PP1200_RCAM: disabling
[    2.189633] PP2800L_RCAM: disabling
[    2.193182] PP2800L_FCAM: disabling
[    2.196723] PP_LDO6: disabling
[    2.199840] PPLCD_VDD: disabling
[    2.203070] PP1800_LCDIO: disabling
[    2.206557] PP1800_CAM: disabling
[    2.209871] ALSA device list:
[    2.212831]   No soundcards found.
[    2.216742] Freeing unused kernel memory: 1024K

System initialization...

Mounting /proc :[SUCCESS]
Mounting /sys :[SUCCESS]
Mounting /dev :[SUCCESS]
Mounting /dev/pts :[SUCCESS]
Mounting /sys/kernel/debug :[SUCCESS]
Mounting other filesystems :[SUCCESS]
Enabling hot-plug :[SUCCESS]
Populating /dev :[SUCCESS]
Starting syslogd :[SUCCESS]
Starting telnetd :[SUCCESS]

System initialization complete.

Please press Enter to activate this console. 