
U-Boot SPL 2016.05-rc2 (Apr 21 2016 - 16:23:00)
Trying to boot from RAM


U-Boot 2016.05-rc2 (Apr 21 2016 - 16:23:00 -0700)

TEGRA124
Model: NVIDIA Jetson TK1
Board: NVIDIA Jetson TK1
DRAM:  2 GiB
MC:   Tegra SD/MMC: 0, Tegra SD/MMC: 1
In:    serial
Out:   serial
Err:   serial
Net:   No ethernet found.
Hit any key to stop autoboot:  2  0 
Tegra124 (Jetson TK1) # 
Tegra124 (Jetson TK1) # pci enum
Tegra124 (Jetson TK1) # setenv bootargs 'ignore_loglevel console=ttyS0,115200n8 rw root=PARTUUID=b1791faa-84e8-4e27-83a1-9fb0a77e8803 rootwait gpt debug noinitrd earlyprintk init=/bin/bash'
Tegra124 (Jetson TK1) # setenv ipaddr 192.168.100.102; setenv serverip 192.168.100.1; setenv tftpserverip 192.168.100.1
Tegra124 (Jetson TK1) # tftpboot 0x82000000 zImage.multi_v7_defconfig

Warning: eth_rtl8169 using MAC address from ROM
Using eth_rtl8169 device
TFTP from server 192.168.100.1; our IP address is 192.168.100.102
Filename 'zImage.multi_v7_defconfig'.
Load address: 0x82000000
Loading: *#################################################################
	 #################################################################
	 #################################################################
	 #################################################################
	 #################################################################
	 #################################################################
	 #################################################################
	 #########################################################
	 3.9 MiB/s
done
Bytes transferred = 7509488 (7295f0 hex)
Tegra124 (Jetson TK1) # tftpboot 0x83000000 tegra124-jetson-tk1.dtb
Using eth_rtl8169 device
TFTP from server 192.168.100.1; our IP address is 192.168.100.102
Filename 'tegra124-jetson-tk1.dtb'.
Load address: 0x83000000
Loading: *#####
	 3.8 MiB/s
done
Bytes transferred = 67133 (1063d hex)
Tegra124 (Jetson TK1) # bootz 0x82000000 - 0x83000000
Kernel image @ 0x82000000 [ 0x000000 - 0x7295f0 ]
## Flattened Device Tree blob at 83000000
   Booting using the fdt blob at 0x83000000
   Using Device Tree in place at 83000000, end 8301363c

Starting kernel ...

[    0.000000] Booting Linux on physical CPU 0x0
[    0.000000] Linux version 4.11.0-rc1-next-20170309-157496-g2e62da1 (pwalmsley@sellafield) (gcc version 4.7.3 20130328 (prerelease) (crosstool-NG linaro-1.13.1-4.7-2013.04-20130415 - Linaro GCC 2013.04) ) #1 SMP Fri Mar 17 08:39:49 PDT 2017
[    0.000000] CPU: ARMv7 Processor [413fc0f3] revision 3 (ARMv7), cr=10c5387d
[    0.000000] CPU: div instructions available: patching division code
[    0.000000] CPU: PIPT / VIPT nonaliasing data cache, PIPT instruction cache
[    0.000000] OF: fdt: Machine model: NVIDIA Tegra124 Jetson TK1
[    0.000000] debug: ignoring loglevel setting.
[    0.000000] efi: Getting EFI parameters from FDT:
[    0.000000] efi: UEFI not found.
[    0.000000] cma: Reserved 64 MiB at 0xfb800000
[    0.000000] Memory policy: Data cache writealloc
[    0.000000] On node 0 totalpages: 524032
[    0.000000] free_area_init_node: node 0, pgdat c15397c0, node_mem_map eeff8000
[    0.000000]   DMA zone: 1536 pages used for memmap
[    0.000000]   DMA zone: 0 pages reserved
[    0.000000]   DMA zone: 196608 pages, LIFO batch:31
[    0.000000]   HighMem zone: 327424 pages, LIFO batch:31
[    0.000000] percpu: Embedded 16 pages/cpu @eef86000 s34368 r8192 d22976 u65536
[    0.000000] pcpu-alloc: s34368 r8192 d22976 u65536 alloc=16*4096
[    0.000000] pcpu-alloc: [0] 0 [0] 1 [0] 2 [0] 3 
[    0.000000] Built 1 zonelists in Zone order, mobility grouping on.  Total pages: 522496
[    0.000000] Kernel command line: ignore_loglevel console=ttyS0,115200n8 rw root=PARTUUID=b1791faa-84e8-4e27-83a1-9fb0a77e8803 rootwait gpt debug noinitrd earlyprintk init=/bin/bash
[    0.000000] PID hash table entries: 4096 (order: 2, 16384 bytes)
[    0.000000] Dentry cache hash table entries: 131072 (order: 7, 524288 bytes)
[    0.000000] Inode-cache hash table entries: 65536 (order: 6, 262144 bytes)
[    0.000000] Memory: 1993776K/2096128K available (10240K kernel code, 1260K rwdata, 4228K rodata, 2048K init, 407K bss, 36816K reserved, 65536K cma-reserved, 1244160K highmem)
[    0.000000] Virtual kernel memory layout:
[    0.000000]     vector  : 0xffff0000 - 0xffff1000   (   4 kB)
[    0.000000]     fixmap  : 0xffc00000 - 0xfff00000   (3072 kB)
[    0.000000]     vmalloc : 0xf0800000 - 0xff800000   ( 240 MB)
[    0.000000]     lowmem  : 0xc0000000 - 0xf0000000   ( 768 MB)
[    0.000000]     pkmap   : 0xbfe00000 - 0xc0000000   (   2 MB)
[    0.000000]     modules : 0xbf000000 - 0xbfe00000   (  14 MB)
[    0.000000]       .text : 0xc0208000 - 0xc0d00000   (11232 kB)
[    0.000000]       .init : 0xc1200000 - 0xc1400000   (2048 kB)
[    0.000000]       .data : 0xc1400000 - 0xc153b120   (1261 kB)
[    0.000000]        .bss : 0xc153d000 - 0xc15a2cb8   ( 408 kB)
[    0.000000] SLUB: HWalign=64, Order=0-3, MinObjects=0, CPUs=4, Nodes=1
[    0.000000] Hierarchical RCU implementation.
[    0.000000] 	RCU debugfs-based tracing is enabled.
[    0.000000] 	RCU restricting CPUs from NR_CPUS=16 to nr_cpu_ids=4.
[    0.000000] RCU: Adjusting geometry for rcu_fanout_leaf=16, nr_cpu_ids=4
[    0.000000] NR_IRQS:16 nr_irqs:16 16
[    0.000000] /interrupt-controller@60004000: 160 interrupts forwarded to /interrupt-controller@50041000
[    0.000000] Tegra clk 127: register failed with -17
[    0.000009] sched_clock: 32 bits at 1000kHz, resolution 1000ns, wraps every 2147483647500ns
[    0.000033] clocksource: timer_us: mask: 0xffffffff max_cycles: 0xffffffff, max_idle_ns: 1911260446275 ns
[    0.000048] Switching to timer-based delay loop, resolution 1000ns
[    0.005482] arm_arch_timer: Architected cp15 timer(s) running at 12.00MHz (virt).
[    0.005501] clocksource: arch_sys_counter: mask: 0xffffffffffffff max_cycles: 0x2c47f4ee7, max_idle_ns: 440795202497 ns
[    0.005521] sched_clock: 56 bits at 12MHz, resolution 83ns, wraps every 4398046511096ns
[    0.005535] Switching to timer-based delay loop, resolution 83ns
[    0.006000] Console: colour dummy device 80x30
[    0.006030] Calibrating delay loop (skipped), value calculated using timer frequency.. 24.00 BogoMIPS (lpj=120000)
[    0.006048] pid_max: default: 32768 minimum: 301
[    0.006159] Mount-cache hash table entries: 2048 (order: 1, 8192 bytes)
[    0.006174] Mountpoint-cache hash table entries: 2048 (order: 1, 8192 bytes)
[    0.006645] CPU: Testing write buffer coherency: ok
[    0.006893] /cpus/cpu@0 missing clock-frequency property
[    0.006937] /cpus/cpu@1 missing clock-frequency property
[    0.006980] /cpus/cpu@2 missing clock-frequency property
[    0.007024] /cpus/cpu@3 missing clock-frequency property
[    0.007038] CPU0: thread -1, cpu 0, socket 0, mpidr 80000000
[    0.007238] Setting up static identity map for 0x80300000 - 0x80300098
[    0.011068] Tegra Revision: A01 SKU: 129 CPU Process: 1 SoC Process: 1
[    0.011729] EFI services will not be available.
[    0.011968] smp: Bringing up secondary CPUs ...
[    0.012479] CPU1: thread -1, cpu 1, socket 0, mpidr 80000001
[    0.015631] CPU2: thread -1, cpu 2, socket 0, mpidr 80000002
[    0.025635] CPU3: thread -1, cpu 3, socket 0, mpidr 80000003
[    0.035166] smp: Brought up 1 node, 4 CPUs
[    0.035187] SMP: Total of 4 processors activated (96.00 BogoMIPS).
[    0.035196] CPU: All CPU(s) started in SVC mode.
[    0.036693] devtmpfs: initialized
[    0.053249] VFP support v0.3: implementor 41 architecture 4 part 30 variant f rev 0
[    0.053656] clocksource: jiffies: mask: 0xffffffff max_cycles: 0xffffffff, max_idle_ns: 19112604462750000 ns
[    0.053676] futex hash table entries: 1024 (order: 4, 65536 bytes)
[    0.055089] pinctrl core: initialized pinctrl subsystem
[    0.057017] NET: Registered protocol family 16
[    0.059095] DMA: preallocated 256 KiB pool for atomic coherent allocations
[    0.061588] cpuidle: using governor menu
[    0.088639] No ATAGs?
[    0.088770] hw-breakpoint: found 5 (+1 reserved) breakpoint and 4 watchpoint registers.
[    0.088786] hw-breakpoint: maximum watchpoint size is 8 bytes.
[    0.095369] Serial: AMBA PL011 UART driver
[    0.111566] AT91: Could not find identification node
[    0.112103] +5V_SYS: supplied by +VDD_MUX
[    0.112376] +3.3V_SYS: supplied by +VDD_MUX
[    0.112976] +USB0_VBUS_SW: Failed to request enable GPIO108: -517
[    0.112992] reg-fixed-voltage regulators:regulator@7: Failed to register regulator: -517
[    0.113083] +5V_USB_HS: Failed to request enable GPIO109: -517
[    0.113098] reg-fixed-voltage regulators:regulator@8: Failed to register regulator: -517
[    0.113262] +1.05V_RUN_AVDD_HDMI_PLL: Failed to request enable GPIO63: -517
[    0.113277] reg-fixed-voltage regulators:regulator@11: Failed to register regulator: -517
[    0.113364] +5V_HDMI_CON: Failed to request enable GPIO86: -517
[    0.113378] reg-fixed-voltage regulators:regulator@12: Failed to register regulator: -517
[    0.113463] +5V_SATA: Failed to request enable GPIO242: -517
[    0.113476] reg-fixed-voltage regulators:regulator@13: Failed to register regulator: -517
[    0.113561] +12V_SATA: Failed to request enable GPIO242: -517
[    0.113574] reg-fixed-voltage regulators:regulator@14: Failed to register regulator: -517
[    0.116733] vgaarb: loaded
[    0.117496] SCSI subsystem initialized
[    0.117658] libata version 3.00 loaded.
[    0.117897] usbcore: registered new interface driver usbfs
[    0.117956] usbcore: registered new interface driver hub
[    0.118015] usbcore: registered new device driver usb
[    0.121424] pps_core: LinuxPPS API ver. 1 registered
[    0.121435] pps_core: Software ver. 5.3.6 - Copyright 2005-2007 Rodolfo Giometti <giometti@linux.it>
[    0.121461] PTP clock support registered
[    0.121646] EDAC MC: Ver: 3.0.0
[    0.124512] clocksource: Switched to clocksource arch_sys_counter
[    0.134178] NET: Registered protocol family 2
[    0.134687] TCP established hash table entries: 8192 (order: 3, 32768 bytes)
[    0.134787] TCP bind hash table entries: 8192 (order: 4, 65536 bytes)
[    0.134974] TCP: Hash tables configured (established 8192 bind 8192)
[    0.135054] UDP hash table entries: 512 (order: 2, 16384 bytes)
[    0.135097] UDP-Lite hash table entries: 512 (order: 2, 16384 bytes)
[    0.135249] NET: Registered protocol family 1
[    0.135544] RPC: Registered named UNIX socket transport module.
[    0.135555] RPC: Registered udp transport module.
[    0.135564] RPC: Registered tcp transport module.
[    0.135573] RPC: Registered tcp NFSv4.1 backchannel transport module.
[    0.135585] PCI: CLS 0 bytes, default 64
[    0.136779] hw perfevents: enabled with armv7_cortex_a15 PMU driver, 7 counters available
[    0.138638] workingset: timestamp_bits=30 max_order=19 bucket_order=0
[    0.146845] squashfs: version 4.0 (2009/01/31) Phillip Lougher
[    0.147537] NFS: Registering the id_resolver key type
[    0.147563] Key type id_resolver registered
[    0.147573] Key type id_legacy registered
[    0.147613] ntfs: driver 2.1.32 [Flags: R/O].
[    0.149095] bounce: pool size: 64 pages
[    0.149137] Block layer SCSI generic (bsg) driver version 0.4 loaded (major 248)
[    0.149149] io scheduler noop registered
[    0.149158] io scheduler deadline registered
[    0.149322] io scheduler cfq registered (default)
[    0.149332] io scheduler mq-deadline registered
[    0.154647]  usb2-0: usb2-0 supply vbus not found, using dummy regulator
[    0.154770]  usb2-1: usb2-1 supply vbus not found, using dummy regulator
[    0.155148] tegra-xusb-padctl 7009f000.padctl: failed to setup XUSB ports: -517
[    0.170999] tegra-pcie 1003000.pcie-controller: 2x1, 1x1 configuration
[    0.171055] tegra-pcie 1003000.pcie-controller: Failed to get supply 'avddio-pex': -517
[    0.177235] tegra124-dfll 70110000.clock: couldn't get vdd_cpu regulator
[    0.184460] tegra-apbdma 60020000.dma: Tegra20 APB DMA driver register 32 channels
[    0.186467] tegra-pmc 7000e400.pmc: emergency thermal reset enabled
[    0.241248] Serial: 8250/16550 driver, 4 ports, IRQ sharing disabled
[    0.243766] console [ttyS0] disabled
[    0.243803] 70006300.serial: ttyS0 at MMIO 0x70006300 (irq = 335, base_baud = 25500000) is a Tegra
[    1.132930] console [ttyS0] enabled
[    1.137270] SuperH (H)SCI(F) driver initialized
[    1.142782] msm_serial: driver initialized
[    1.147080] STMicroelectronics ASC driver initialized
[    1.152959] 70006000.serial: ttyTHS1 at MMIO 0x70006000 (irq = 333, base_baud = 0) is a TEGRA_UART
[    1.162226] 70006040.serial: ttyTHS2 at MMIO 0x70006040 (irq = 334, base_baud = 0) is a TEGRA_UART
[    1.177658] tegra-hdmi 54280000.hdmi: failed to get HDMI regulator
[    1.196522] brd: module loaded
[    1.206572] loop: module loaded
[    1.210896] at24 0-0056: 256 byte 24c02 EEPROM, writable, 8 bytes/write
[    1.219228] as3722 4-0040: AS3722 with revision 0x1 found
[    1.231044] as3722-sd2: supplied by +5V_SYS
[    1.235689] as3722-sd3: supplied by +5V_SYS
[    1.240074] +1.35V_LP0(sd3): Bringing 0uV into 1350000-1350000uV
[    1.246459] as3722-sd4: supplied by +5V_SYS
[    1.251079] as3722-sd5: supplied by +5V_SYS
[    1.257087] as3722-ldo0: supplied by +1.35V_LP0(sd2)
[    1.263111] +1.8V_RUN_CAM: Bringing 0uV into 1800000-1800000uV
[    1.269337] as3722-ldo2: supplied by +1.8V_VDDIO
[    1.275201] as3722-ldo3: supplied by +3.3V_SYS
[    1.279675] +1.05V_LP0_VDD_RTC: Bringing 1100000uV into 1000000-1000000uV
[    1.287449] as3722-ldo4: supplied by +3.3V_SYS
[    1.292105] +2.8V_RUN_CAM: Bringing 0uV into 2800000-2800000uV
[    1.298306] as3722-ldo5: supplied by +1.8V_VDDIO
[    1.303126] +1.2V_RUN_CAM_FRONT: Bringing 0uV into 1200000-1200000uV
[    1.310048] +VDDIO_SDMMC3: bypassed regulator has no supply!
[    1.315720] +VDDIO_SDMMC3: failed to get the current voltage(-517)
[    1.321896] as3722-regulator as3722-regulator: regulator 13 register failed -517
[    1.334365] tegra-ahci 70027000.sata: couldn't get PHY in node sata: -517
[    1.354847] random: fast init done
[    1.358375] m25p80 spi32765.0: w25q32dw (4096 Kbytes)
[    1.366265] libphy: Fixed MDIO Bus: probed
[    1.371404] CAN device driver interface
[    1.376173] bgmac_bcma: Broadcom 47xx GBit MAC driver loaded
[    1.383185] e1000e: Intel(R) PRO/1000 Network Driver - 3.2.6-k
[    1.389025] e1000e: Copyright(c) 1999 - 2015 Intel Corporation.
[    1.395003] igb: Intel(R) Gigabit Ethernet Network Driver - version 5.4.0-k
[    1.401952] igb: Copyright (c) 2007-2014 Intel Corporation.
[    1.411112] pegasus: v0.9.3 (2013/04/25), Pegasus/Pegasus II USB Ethernet driver
[    1.418560] usbcore: registered new interface driver pegasus
[    1.424263] usbcore: registered new interface driver asix
[    1.429708] usbcore: registered new interface driver ax88179_178a
[    1.435839] usbcore: registered new interface driver cdc_ether
[    1.441712] usbcore: registered new interface driver smsc75xx
[    1.447518] usbcore: registered new interface driver smsc95xx
[    1.453288] usbcore: registered new interface driver net1080
[    1.458986] usbcore: registered new interface driver cdc_subset
[    1.464952] usbcore: registered new interface driver zaurus
[    1.470570] usbcore: registered new interface driver cdc_ncm
[    1.476452] tegra-phy 7d004000.usb-phy: no vbus regulator
[    1.483794] ehci_hcd: USB 2.0 'Enhanced' Host Controller (EHCI) Driver
[    1.490332] ehci-pci: EHCI PCI platform driver
[    1.494819] ehci-platform: EHCI generic platform driver
[    1.500244] ehci-orion: EHCI orion driver
[    1.504383] SPEAr-ehci: EHCI SPEAr driver
[    1.508547] ehci-st: EHCI STMicroelectronics driver
[    1.513556] ehci-exynos: EHCI EXYNOS driver
[    1.517905] ehci-atmel: EHCI Atmel driver
[    1.522045] tegra-ehci: Tegra EHCI driver
[    1.528894] tegra-ehci 7d004000.usb: EHCI Host Controller
[    1.534308] tegra-ehci 7d004000.usb: new USB bus registered, assigned bus number 1
[    1.542092] tegra-ehci 7d004000.usb: irq 354, io mem 0x7d004000
[    1.574534] tegra-ehci 7d004000.usb: USB 2.0 started, EHCI 1.10
[    1.581245] hub 1-0:1.0: USB hub found
[    1.585049] hub 1-0:1.0: 1 port detected
[    1.589512] ohci_hcd: USB 1.1 'Open' Host Controller (OHCI) Driver
[    1.595729] ohci-pci: OHCI PCI platform driver
[    1.600207] ohci-platform: OHCI generic platform driver
[    1.605618] ohci-omap3: OHCI OMAP3 driver
[    1.609755] SPEAr-ohci: OHCI SPEAr driver
[    1.613899] ohci-st: OHCI STMicroelectronics driver
[    1.618923] ohci-atmel: OHCI Atmel driver
[    1.623697] usbcore: registered new interface driver usb-storage
[    1.634050] as3722-rtc as3722-rtc: rtc core: registered as3722-rtc as rtc0
[    1.640949] as3722-rtc as3722-rtc: RTC interrupt 377
[    1.649182] tegra_rtc 7000e000.rtc: rtc core: registered 7000e000.rtc as rtc1
[    1.656364] tegra_rtc 7000e000.rtc: Tegra internal Real Time Clock
[    1.663059] i2c /dev entries driver
[    1.673247] lm90 0-004c: 0-004c supply vcc not found, using dummy regulator
[    1.690510] sdhci: Secure Digital Host Controller Interface driver
[    1.696708] sdhci: Copyright(c) Pierre Ossman
[    1.702661] Synopsys Designware Multimedia Card Interface Driver
[    1.709846] sdhci-pltfm: SDHCI platform and OF driver helper
[    1.716267] sdhci-tegra 700b0400.sdhci: Got CD GPIO
[    1.721157] sdhci-tegra 700b0400.sdhci: Got WP GPIO
[    1.726289] mmc0: Unknown controller version (3). You may experience problems.
[    1.733581] mmc0: Invalid maximum block size, assuming 512 bytes
[    1.804538] mmc0: SDHCI controller on 700b0600.sdhci [700b0600.sdhci] using ADMA
[    1.813867] ledtrig-cpu: registered to indicate activity on CPUs
[    1.820290] usbcore: registered new interface driver usbhid
[    1.825948] usbhid: USB HID core driver
[    1.833874] NET: Registered protocol family 10
[    1.839304] Segment Routing with IPv6
[    1.843094] sit: IPv6, IPv4 and MPLS over IPv4 tunneling driver
[    1.849591] NET: Registered protocol family 17
[    1.854038] can: controller area network core (rev 20120528 abi 9)
[    1.860396] NET: Registered protocol family 29
[    1.864853] can: raw protocol (rev 20120528)
[    1.869118] can: broadcast manager protocol (rev 20161123 t)
[    1.874788] can: netlink gateway (rev 20130117) max_hops=1
[    1.880553] Key type dns_resolver registered
[    1.885373] ThumbEE CPU extension supported.
[    1.889643] Registering SWP/SWPB emulation handler
[    1.906842] +3.3V_RUN: supplied by +3.3V_SYS
[    1.911984] +USB0_VBUS_SW: supplied by +5V_SYS
[    1.916663] +3.3V_AVDD_HDMI_AP_GATED: supplied by +3.3V_RUN
[    1.922568] +5V_USB_HS: supplied by +5V_SYS
[    1.927547] +3.3V_LP0: supplied by +3.3V_SYS
[    1.932903] +5V_HDMI_CON: supplied by +5V_SYS
[    1.938055] +5V_SATA: supplied by +5V_SYS
[    1.942809] +12V_SATA: supplied by +VDD_MUX
[    1.948902]  usb2-0: usb2-0 supply vbus not found, using dummy regulator
[    1.955812]  usb2-1: usb2-1 supply vbus not found, using dummy regulator
[    1.962866]  usb3-0: usb3-0 supply vbus not found, using dummy regulator
[    1.971008] tegra-pcie 1003000.pcie-controller: 2x1, 1x1 configuration
[    1.977701] tegra-pcie 1003000.pcie-controller: Failed to get supply 'avddio-pex': -517
[    1.988748] mmc0: new high speed MMC card at address 0001
[    1.989780] tegra124-dfll 70110000.clock: couldn't get vdd_cpu regulator
[    1.995003] tegra-hdmi 54280000.hdmi: failed to get PLL regulator
[    1.998585] as3722-sd2: supplied by +5V_SYS
[    1.998904] as3722-sd3: supplied by +5V_SYS
[    1.999192] as3722-sd4: supplied by +5V_SYS
[    1.999499] as3722-sd5: supplied by +5V_SYS
[    2.000952] as3722-ldo0: supplied by +1.35V_LP0(sd2)
[    2.001438] as3722-ldo1: supplied by +3.3V_RUN
[    2.001758] as3722-ldo2: supplied by +1.8V_VDDIO
[    2.002698] as3722-ldo3: supplied by +3.3V_SYS
[    2.003634] as3722-ldo4: supplied by +3.3V_SYS
[    2.003931] as3722-ldo5: supplied by +1.8V_VDDIO
[    2.004227] as3722-ldo6: supplied by +3.3V_RUN
[    2.004566] as3722-ldo7: supplied by +1.8V_VDDIO
[    2.004805] +1.05V_RUN_CAM_REAR: Bringing 0uV into 1050000-1050000uV
[    2.005198] as3722-ldo9: supplied by +5V_SYS
[    2.005598] +3.3V_RUN_TOUCH: Bringing 0uV into 2800000-2800000uV
[    2.005990] as3722-ldo10: supplied by +5V_SYS
[    2.006214] +2.8V_RUN_CAM_AF: Bringing 0uV into 2800000-2800000uV
[    2.006594] as3722-ldo11: supplied by +3.3V_RUN
[    2.006818] +1.8V_RUN_VPP_FUSE: Bringing 0uV into 1800000-1800000uV
[    2.009979] tegra-ahci 70027000.sata: AHCI 0001.0301 32 slots 2 ports 3 Gbps 0x1 impl platform mode
[    2.009992] tegra-ahci 70027000.sata: flags: 64bit ncq sntf pm led pio slum part sadm sds apst 
[    2.015419] scsi host0: tegra-ahci
[    2.016413] scsi host1: tegra-ahci
[    2.016750] ata1: SATA max UDMA/133 mmio [mem 0x70027000-0x70028fff] port 0x100 irq 345
[    2.016756] ata2: DUMMY
[    2.020409] tegra-ehci 7d008000.usb: EHCI Host Controller
[    2.020440] tegra-ehci 7d008000.usb: new USB bus registered, assigned bus number 2
[    2.020649] tegra-ehci 7d008000.usb: irq 355, io mem 0x7d008000
[    2.044633] tegra-ehci 7d008000.usb: USB 2.0 started, EHCI 1.10
[    2.055384] hub 2-0:1.0: USB hub found
[    2.055431] hub 2-0:1.0: 1 port detected
[    2.058317] sdhci-tegra 700b0400.sdhci: Got CD GPIO
[    2.058338] sdhci-tegra 700b0400.sdhci: Got WP GPIO
[    2.058536] mmc1: Unknown controller version (3). You may experience problems.
[    2.058630] mmc1: Invalid maximum block size, assuming 512 bytes
[    2.125179] mmc1: SDHCI controller on 700b0400.sdhci [700b0400.sdhci] using ADMA
[    2.126093] tegra-pcie 1003000.pcie-controller: 2x1, 1x1 configuration
[    2.133804] tegra-pcie 1003000.pcie-controller: probing port 0, using 2 lanes
[    2.135855] tegra-pcie 1003000.pcie-controller: Slot present pin change, signature: 00000008
[    2.166393] tegra-pcie 1003000.pcie-controller: probing port 1, using 1 lanes
[    2.168523] tegra-pcie 1003000.pcie-controller: Slot present pin change, signature: 00000000
[    2.183293] tegra-pcie 1003000.pcie-controller: PCI host bridge to bus 0000:00
[    2.183302] pci_bus 0000:00: root bus resource [io  0x0000-0xffff]
[    2.183310] pci_bus 0000:00: root bus resource [mem 0x13000000-0x1fffffff]
[    2.183317] pci_bus 0000:00: root bus resource [mem 0x20000000-0x3fffffff pref]
[    2.183326] pci_bus 0000:00: root bus resource [bus 00-ff]
[    2.183368] pci 0000:00:01.0: [10de:0e12] type 01 class 0x060400
[    2.183421] pci_bus 0000:00: 2-byte config write to 0000:00:01.0 offset 0x88 may corrupt adjacent RW1C bits
[    2.183467] pci_bus 0000:00: 2-byte config write to 0000:00:01.0 offset 0x52 may corrupt adjacent RW1C bits
[    2.183519] pci 0000:00:01.0: PME# supported from D0 D1 D2 D3hot D3cold
[    2.183530] pci_bus 0000:00: 2-byte config write to 0000:00:01.0 offset 0x4c may corrupt adjacent RW1C bits
[    2.183810] pci 0000:00:02.0: [10de:0e13] type 01 class 0x060400
[    2.183859] pci_bus 0000:00: 2-byte config write to 0000:00:02.0 offset 0x88 may corrupt adjacent RW1C bits
[    2.183900] pci_bus 0000:00: 2-byte config write to 0000:00:02.0 offset 0x52 may corrupt adjacent RW1C bits
[    2.183949] pci 0000:00:02.0: PME# supported from D0 D1 D2 D3hot D3cold
[    2.183959] pci_bus 0000:00: 2-byte config write to 0000:00:02.0 offset 0x4c may corrupt adjacent RW1C bits
[    2.184239] pci_bus 0000:00: 2-byte config write to 0000:00:01.0 offset 0x3e may corrupt adjacent RW1C bits
[    2.184252] pci_bus 0000:00: 2-byte config write to 0000:00:02.0 offset 0x3e may corrupt adjacent RW1C bits
[    2.184264] pci_bus 0000:00: 2-byte config write to 0000:00:01.0 offset 0x4 may corrupt adjacent RW1C bits
[    2.184274] pci_bus 0000:00: 1-byte config write to 0000:00:01.0 offset 0xc may corrupt adjacent RW1C bits
[    2.184288] PCI: bus0: Fast back to back transfers disabled
[    2.184299] pci 0000:00:01.0: bridge configuration invalid ([bus 00-00]), reconfiguring
[    2.184319] pci 0000:00:02.0: bridge configuration invalid ([bus 00-00]), reconfiguring
[    2.184602] pci 0000:01:00.0: [8086:4232] type 00 class 0x028000
[    2.184662] pci 0000:01:00.0: reg 0x10: [mem 0x00000000-0x00001fff 64bit]
[    2.184905] pci 0000:01:00.0: PME# supported from D0 D3hot D3cold
[    2.214720] PCI: bus1: Fast back to back transfers disabled
[    2.214734] pci_bus 0000:01: busn_res: [bus 01-ff] end is updated to 01
[    2.215024] pci 0000:02:00.0: [10ec:8168] type 00 class 0x020000
[    2.215060] pci 0000:02:00.0: reg 0x10: [io  0x0000-0x00ff]
[    2.215102] pci 0000:02:00.0: reg 0x18: [mem 0x00000000-0x00000fff 64bit]
[    2.215131] pci 0000:02:00.0: reg 0x20: [mem 0x00000000-0x00003fff 64bit pref]
[    2.215313] pci 0000:02:00.0: supports D1 D2
[    2.215319] pci 0000:02:00.0: PME# supported from D0 D1 D2 D3hot D3cold
[    2.244720] PCI: bus2: Fast back to back transfers disabled
[    2.244736] pci_bus 0000:02: busn_res: [bus 02-ff] end is updated to 02
[    2.244925] pci 0000:00:01.0: BAR 8: assigned [mem 0x13000000-0x130fffff]
[    2.244936] pci 0000:00:02.0: BAR 8: assigned [mem 0x13100000-0x131fffff]
[    2.244949] pci 0000:00:02.0: BAR 9: assigned [mem 0x20000000-0x200fffff 64bit pref]
[    2.244960] pci 0000:00:02.0: BAR 7: assigned [io  0x1000-0x1fff]
[    2.244976] pci 0000:01:00.0: BAR 0: assigned [mem 0x13000000-0x13001fff 64bit]
[    2.245015] pci 0000:00:01.0: PCI bridge to [bus 01]
[    2.245030] pci 0000:00:01.0:   bridge window [mem 0x13000000-0x130fffff]
[    2.245052] pci 0000:02:00.0: BAR 4: assigned [mem 0x20000000-0x20003fff 64bit pref]
[    2.245083] pci 0000:02:00.0: BAR 2: assigned [mem 0x13100000-0x13100fff 64bit]
[    2.245112] pci 0000:02:00.0: BAR 0: assigned [io  0x1000-0x10ff]
[    2.245125] pci 0000:00:02.0: PCI bridge to [bus 02]
[    2.245133] pci 0000:00:02.0:   bridge window [io  0x1000-0x1fff]
[    2.245146] pci 0000:00:02.0:   bridge window [mem 0x13100000-0x131fffff]
[    2.245155] pci 0000:00:02.0:   bridge window [mem 0x20000000-0x200fffff 64bit pref]
[    2.245201] pci 0000:00:01.0: nv_msi_ht_cap_quirk didn't locate host bridge
[    2.245319] pcieport 0000:00:01.0: enabling device (0140 -> 0142)
[    2.245616] pcieport 0000:00:01.0: Signaling PME with IRQ 393
[    2.245739] pci 0000:00:02.0: nv_msi_ht_cap_quirk didn't locate host bridge
[    2.245817] pcieport 0000:00:02.0: enabling device (0140 -> 0143)
[    2.246072] pcieport 0000:00:02.0: Signaling PME with IRQ 394
[    2.246399] r8169 Gigabit Ethernet driver 2.3LK-NAPI loaded
[    2.246428] r8169 0000:02:00.0: enabling device (0140 -> 0143)
[    2.276410] r8169 0000:02:00.0 eth0: RTL8168g/8111g at 0xf0b41000, 00:04:4b:3a:d9:81, XID 0c000800 IRQ 395
[    2.276420] r8169 0000:02:00.0 eth0: jumbo features [frames: 9200 bytes, tx checksumming: ko]
[    2.282301] +1.05V_RUN_AVDD_HDMI_PLL: supplied by +1.05V_RUN
[    2.284263] [drm] Supports vblank timestamp caching Rev 2 (21.10.2013).
[    2.284267] [drm] No driver support for vblank timestamp query.
[    2.284308] [drm] Cannot find any crtc or sizes - going 1024x768
[    2.355008] ata1: SATA link down (SStatus 0 SControl 300)
[    2.389066] mmc1: new high speed SDHC card at address aaaa
[    2.389902] mmcblk1: mmc1:aaaa SD04G 3.69 GiB 
[    2.400428]  mmcblk1: p1 p2 p3
[    2.695643] mmcblk0: mmc0:0001 SEM16G 14.7 GiB 
[    2.696736] mmcblk0boot0: mmc0:0001 SEM16G partition 1 4.00 MiB
[    2.697852] mmcblk0boot1: mmc0:0001 SEM16G partition 2 4.00 MiB
[    2.698784] mmcblk0rpmb: mmc0:0001 SEM16G partition 3 4.00 MiB
[    2.700829]  mmcblk0: p1
[    2.729995] Console: switching to colour frame buffer device 128x48
[    2.782241] drm drm: fb0:  frame buffer device
[    2.786803] [drm] Initialized tegra 0.0.0 20120330 for drm on minor 0
[    2.794724] of: dev_pm_opp_of_cpumask_add_table: couldn't find opp table for cpu:0, -19
[    2.802779] cpufreq: cpufreq_online: CPU0: Running at unlisted freq: 696000 KHz
[    2.810153] cpufreq: cpufreq_online: CPU0: Unlisted initial frequency changed to: 714000 KHz
[    2.819344] input: gpio-keys as /devices/soc0/gpio-keys/input/input0
[    2.826524] as3722-rtc as3722-rtc: setting system clock to 2000-01-01 00:03:01 UTC (946684981)
[    2.835640] +USB0_VBUS_SW: disabling
[    2.839216] +1.8V_RUN_CAM: disabling
[    2.842990] +2.8V_RUN_CAM: disabling
[    2.846804] +1.2V_RUN_CAM_FRONT: disabling
[    2.851009] +1.05V_RUN_CAM_REAR: disabling
[    2.855266] +3.3V_RUN_TOUCH: disabling
[    2.859121] +2.8V_RUN_CAM_AF: disabling
[    2.863048] +1.8V_RUN_VPP_FUSE: disabling
[    2.867990] EXT4-fs (mmcblk0p1): mounting ext3 file system using the ext4 subsystem
[    2.888768] EXT4-fs (mmcblk0p1): recovery complete
[    2.893563] EXT4-fs (mmcblk0p1): mounted filesystem with ordered data mode. Opts: (null)
[    2.901700] VFS: Mounted root (ext3 filesystem) on device 179:17.
[    2.912095] devtmpfs: mounted
[    2.915789] Freeing unused kernel memory: 2048K
bash: cannot set terminal process group (-1): Inappropriate ioctl for device
bash: no job control in this shell
root@(none):/# mount -t sysfs none /sys
root@(none):/# 
root@(none):/# mount -t debugfs none /sys/kernel/debug
root@(none):/# 
root@(none):/# rtcwake -d rtc1 -m mem -s 3
rtcwake: assuming RTC uses UTC ...
rtcwake: wakeup from "mem" using /dev/rtc1 at Thu Jan  1 00:00:20 1970
[    6.500371] PM: Syncing filesystems ... done.
[    6.532859] Freezing user space processes ... (elapsed 0.001 seconds) done.
[    6.541559] Freezing remaining freezable tasks ... (elapsed 0.001 seconds) done.
[    6.550865] Suspending console(s) (use no_console_suspend to debug)
[    6.636578] PM: suspend of devices complete after 76.478 msecs
[    6.640323] PM: late suspend of devices complete after 3.731 msecs
[    6.666392] PM: noirq suspend of devices complete after 26.059 msecs
[    6.666396] Disabling non-boot CPUs ...
[    6.798909] IRQ17 no longer affine to CPU3
[    6.848186] Entering suspend state LP1
[    6.848186] Suspended for 3.230 seconds
[    6.848198] Enabling non-boot CPUs ...
[    6.876392] CPU1 is up
[    6.916302] CPU2 is up
[    6.956575] CPU3 is up
[    6.957277] pcieport 0000:00:02.0: nv_msi_ht_cap_quirk didn't locate host bridge
[    6.957279] pcieport 0000:00:01.0: nv_msi_ht_cap_quirk didn't locate host bridge
[    6.984603] PM: noirq resume of devices complete after 28.022 msecs
[    6.985937] PM: early resume of devices complete after 1.004 msecs
[    7.036614] PM: resume of devices complete after 50.667 msecs
[    7.114888] Restarting tasks ... done.
root@(none):/# 
root@(none):/# [    7.317050] ata1: SATA link down (SStatus 0 SControl 300)
rtcwake -d rtc1 -m mem -s 3
rtcwake: assuming RTC uses UTC ...
rtcwake: wakeup from "mem" using /dev/rtc1 at Thu Jan  1 00:00:25 1970
[    8.308976] PM: Syncing filesystems ... done.
[    8.341383] Freezing user space processes ... (elapsed 0.001 seconds) done.
[    8.350016] Freezing remaining freezable tasks ... (elapsed 0.001 seconds) done.
[    8.359245] Suspending console(s) (use no_console_suspend to debug)
[    8.388344] pci_generic_config_write32: 118 callbacks suppressed
[    8.388373] pci_bus 0000:00: 2-byte config write to 0000:00:02.0 offset 0x9c may corrupt adjacent RW1C bits
[    8.388435] pci_bus 0000:00: 2-byte config write to 0000:00:01.0 offset 0x9c may corrupt adjacent RW1C bits
[    8.447921] PM: suspend of devices complete after 79.835 msecs
[    8.458828] PM: late suspend of devices complete after 10.867 msecs
[    8.460493] pci_bus 0000:02: 2-byte config write to 0000:02:00.0 offset 0x44 may corrupt adjacent RW1C bits
[    8.460557] pci_bus 0000:02: 2-byte config write to 0000:02:00.0 offset 0x44 may corrupt adjacent RW1C bits
[    8.491069] PM: noirq suspend of devices complete after 32.209 msecs
[    8.491084] Disabling non-boot CPUs ...
[    8.492497] IRQ17 no longer affine to CPU1
[    8.704705] Entering suspend state LP1
[    8.704705] Suspended for 3.143 seconds
[    8.704716] Enabling non-boot CPUs ...
[    8.726607] CPU1 is up
[    8.766253] CPU2 is up
[    8.806533] CPU3 is up
[    8.807105] pci_bus 0000:00: 2-byte config write to 0000:00:01.0 offset 0x4c may corrupt adjacent RW1C bits
[    8.807116] pci_bus 0000:00: 2-byte config write to 0000:00:01.0 offset 0x88 may corrupt adjacent RW1C bits
[    8.807122] pci_bus 0000:00: 2-byte config write to 0000:00:01.0 offset 0x90 may corrupt adjacent RW1C bits
[    8.807127] pci_bus 0000:00: 2-byte config write to 0000:00:01.0 offset 0x98 may corrupt adjacent RW1C bits
[    8.807133] pci_bus 0000:00: 2-byte config write to 0000:00:01.0 offset 0x9c may corrupt adjacent RW1C bits
[    8.807138] pci_bus 0000:00: 2-byte config write to 0000:00:01.0 offset 0xa8 may corrupt adjacent RW1C bits
[    8.807192] pcieport 0000:00:01.0: nv_msi_ht_cap_quirk didn't locate host bridge
[    8.807354] pcieport 0000:00:02.0: nv_msi_ht_cap_quirk didn't locate host bridge
[    8.844577] PM: noirq resume of devices complete after 38.038 msecs
[    8.846110] PM: early resume of devices complete after 1.365 msecs
[    8.896406] PM: resume of devices complete after 50.287 msecs
[    9.078122] Restarting tasks ... done.
root@(none):/# 
root@(none):/# [    9.186664] ata1: SATA link down (SStatus 0 SControl 300)
rtcwake -d rtc1 -m mem -s 3
rtcwake: assuming RTC uses UTC ...
rtcwake: wakeup from "mem" using /dev/rtc1 at Thu Jan  1 00:00:30 1970
[   10.169371] PM: Syncing filesystems ... done.
[   10.201217] Freezing user space processes ... (elapsed 0.001 seconds) done.
[   10.209837] Freezing remaining freezable tasks ... (elapsed 0.001 seconds) done.
[   10.219055] Suspending console(s) (use no_console_suspend to debug)
[   10.307498] PM: suspend of devices complete after 79.607 msecs
[   10.319152] PM: late suspend of devices complete after 11.613 msecs
[   10.350789] PM: noirq suspend of devices complete after 31.605 msecs
[   10.350804] Disabling non-boot CPUs ...
[   10.352204] IRQ17 no longer affine to CPU1
[   10.544524] Entering suspend state LP1
[   10.544524] Suspended for 3.160 seconds
[   10.544536] Enabling non-boot CPUs ...
[   10.566560] CPU1 is up
[   10.606213] CPU2 is up
[   10.646502] CPU3 is up
[   10.647193] pcieport 0000:00:02.0: nv_msi_ht_cap_quirk didn't locate host bridge
[   10.647195] pcieport 0000:00:01.0: nv_msi_ht_cap_quirk didn't locate host bridge
[   10.674524] PM: noirq resume of devices complete after 28.016 msecs
[   10.676351] PM: early resume of devices complete after 1.492 msecs
[   10.726887] PM: resume of devices complete after 50.527 msecs
[   10.805245] Restarting tasks ... done.
root@(none):/# 
root@(none):/# [   11.006808] ata1: SATA link down (SStatus 0 SControl 300)
rtcwake -d rtc1 -m mem -s 3
rtcwake: assuming RTC uses UTC ...
rtcwake: wakeup from "mem" using /dev/rtc1 at Thu Jan  1 00:00:35 1970
[   12.016050] PM: Syncing filesystems ... done.
[   12.052897] Freezing user space processes ... (elapsed 0.001 seconds) done.
[   12.061512] Freezing remaining freezable tasks ... (elapsed 0.001 seconds) done.
[   12.070739] Suspending console(s) (use no_console_suspend to debug)
[   12.158100] PM: suspend of devices complete after 78.505 msecs
[   12.166656] PM: late suspend of devices complete after 8.517 msecs
[   12.200850] PM: noirq suspend of devices complete after 34.165 msecs
[   12.200865] Disabling non-boot CPUs ...
[   12.202290] IRQ17 no longer affine to CPU1
[   12.414676] Entering suspend state LP1
[   12.414676] Suspended for 3.129 seconds
[   12.414687] Enabling non-boot CPUs ...
[   12.436539] CPU1 is up
[   12.476175] CPU2 is up
[   12.516474] CPU3 is up
[   12.517161] pcieport 0000:00:01.0: nv_msi_ht_cap_quirk didn't locate host bridge
[   12.517163] pcieport 0000:00:02.0: nv_msi_ht_cap_quirk didn't locate host bridge
[   12.544488] PM: noirq resume of devices complete after 28.008 msecs
[   12.546102] PM: early resume of devices complete after 1.274 msecs
[   12.596539] PM: resume of devices complete after 50.428 msecs
[   12.674808] Restarting tasks ... done.
root@(none):/# 
root@(none):/# [   12.876761] ata1: SATA link down (SStatus 0 SControl 300)
rtcwake -d rtc1 -m mem -s 3
rtcwake: assuming RTC uses UTC ...
rtcwake: wakeup from "mem" using /dev/rtc1 at Thu Jan  1 00:00:40 1970
[   13.893131] PM: Syncing filesystems ... done.
[   13.922428] Freezing user space processes ... (elapsed 0.001 seconds) done.
[   13.931067] Freezing remaining freezable tasks ... (elapsed 0.001 seconds) done.
[   13.940234] Suspending console(s) (use no_console_suspend to debug)
[   13.969289] pci_generic_config_write32: 116 callbacks suppressed
[   13.969318] pci_bus 0000:00: 2-byte config write to 0000:00:02.0 offset 0x9c may corrupt adjacent RW1C bits
[   13.969360] pci_bus 0000:00: 2-byte config write to 0000:00:01.0 offset 0x9c may corrupt adjacent RW1C bits
[   14.027906] PM: suspend of devices complete after 78.900 msecs
[   14.039538] PM: late suspend of devices complete after 11.591 msecs
[   14.041208] pci_bus 0000:02: 2-byte config write to 0000:02:00.0 offset 0x44 may corrupt adjacent RW1C bits
[   14.041264] pci_bus 0000:02: 2-byte config write to 0000:02:00.0 offset 0x44 may corrupt adjacent RW1C bits
[   14.070684] PM: noirq suspend of devices complete after 31.114 msecs
[   14.070699] Disabling non-boot CPUs ...
[   14.072052] IRQ17 no longer affine to CPU1
[   14.284040] Entering suspend state LP1
[   14.284040] Suspended for 3.130 seconds
[   14.284052] Enabling non-boot CPUs ...
[   14.306260] CPU1 is up
[   14.346158] CPU2 is up
[   14.386461] CPU3 is up
[   14.387033] pci_bus 0000:00: 2-byte config write to 0000:00:02.0 offset 0x4c may corrupt adjacent RW1C bits
[   14.387041] pci_bus 0000:00: 2-byte config write to 0000:00:01.0 offset 0x4c may corrupt adjacent RW1C bits
[   14.387053] pci_bus 0000:00: 2-byte config write to 0000:00:02.0 offset 0x88 may corrupt adjacent RW1C bits
[   14.387059] pci_bus 0000:00: 2-byte config write to 0000:00:01.0 offset 0x88 may corrupt adjacent RW1C bits
[   14.387065] pci_bus 0000:00: 2-byte config write to 0000:00:02.0 offset 0x90 may corrupt adjacent RW1C bits
[   14.387071] pci_bus 0000:00: 2-byte config write to 0000:00:01.0 offset 0x90 may corrupt adjacent RW1C bits
[   14.387177] pcieport 0000:00:02.0: nv_msi_ht_cap_quirk didn't locate host bridge
[   14.387179] pcieport 0000:00:01.0: nv_msi_ht_cap_quirk didn't locate host bridge
[   14.414453] PM: noirq resume of devices complete after 27.986 msecs
[   14.416245] PM: early resume of devices complete after 1.469 msecs
[   14.466672] PM: resume of devices complete after 50.417 msecs
[   14.648233] Restarting tasks ... done.
root@(none):/# 
root@(none):/# [   14.747098] ata1: SATA link down (SStatus 0 SControl 300)
rtcwake -d rtc1 -m mem -s 3
rtcwake: assuming RTC uses UTC ...
rtcwake: wakeup from "mem" using /dev/rtc1 at Thu Jan  1 00:00:45 1970
[   15.756181] PM: Syncing filesystems ... done.
[   15.792513] Freezing user space processes ... (elapsed 0.001 seconds) done.
[   15.801128] Freezing remaining freezable tasks ... (elapsed 0.001 seconds) done.
[   15.810344] Suspending console(s) (use no_console_suspend to debug)
[   15.897959] PM: suspend of devices complete after 78.816 msecs
[   15.908880] PM: late suspend of devices complete after 10.881 msecs
[   15.940673] PM: noirq suspend of devices complete after 31.760 msecs
[   15.940687] Disabling non-boot CPUs ...
[   15.942028] IRQ17 no longer affine to CPU1
[   16.124441] Entering suspend state LP1
[   16.124441] Suspended for 3.159 seconds
[   16.124453] Enabling non-boot CPUs ...
[   16.146478] CPU1 is up
[   16.186122] CPU2 is up
[   16.226409] CPU3 is up
[   16.227042] pcieport 0000:00:01.0: nv_msi_ht_cap_quirk didn't locate host bridge
[   16.227201] pcieport 0000:00:02.0: nv_msi_ht_cap_quirk didn't locate host bridge
[   16.254424] PM: noirq resume of devices complete after 28.009 msecs
[   16.256010] PM: early resume of devices complete after 1.256 msecs
[   16.306540] PM: resume of devices complete after 50.519 msecs
[   16.384903] Restarting tasks ... done.
root@(none):/# 
root@(none):/# [   16.586736] ata1: SATA link down (SStatus 0 SControl 300)
rtcwake -d rtc1 -m mem -s 3
rtcwake: assuming RTC uses UTC ...
rtcwake: wakeup from "mem" using /dev/rtc1 at Thu Jan  1 00:00:50 1970
[   17.595676] PM: Syncing filesystems ... done.
[   17.632435] Freezing user space processes ... (elapsed 0.001 seconds) done.
[   17.641077] Freezing remaining freezable tasks ... (elapsed 0.001 seconds) done.
[   17.650240] Suspending console(s) (use no_console_suspend to debug)
[   17.738073] PM: suspend of devices complete after 79.047 msecs
[   17.749204] PM: late suspend of devices complete after 11.091 msecs
[   17.780734] PM: noirq suspend of devices complete after 31.498 msecs
[   17.780749] Disabling non-boot CPUs ...
[   17.839123] IRQ17 no longer affine to CPU2
[   17.983941] Entering suspend state LP1
[   17.983941] Suspended for 3.140 seconds
[   17.983952] Enabling non-boot CPUs ...
[   18.006181] CPU1 is up
[   18.046095] CPU2 is up
[   18.086389] CPU3 is up
[   18.087072] pcieport 0000:00:02.0: nv_msi_ht_cap_quirk didn't locate host bridge
[   18.087080] pcieport 0000:00:01.0: nv_msi_ht_cap_quirk didn't locate host bridge
[   18.114383] PM: noirq resume of devices complete after 27.988 msecs
[   18.115895] PM: early resume of devices complete after 1.191 msecs
[   18.166294] PM: resume of devices complete after 50.389 msecs
[   18.244658] Restarting tasks ... done.
root@(none):/# 
root@(none):/# [   18.446648] ata1: SATA link down (SStatus 0 SControl 300)
rtcwake -d rtc1 -m mem -s 3
rtcwake: assuming RTC uses UTC ...
rtcwake: wakeup from "mem" using /dev/rtc1 at Thu Jan  1 00:00:55 1970
[   19.455686] PM: Syncing filesystems ... done.
[   19.492244] Freezing user space processes ... (elapsed 0.001 seconds) done.
[   19.500864] Freezing remaining freezable tasks ... (elapsed 0.001 seconds) done.
[   19.510075] Suspending console(s) (use no_console_suspend to debug)
[   19.539246] pci_generic_config_write32: 116 callbacks suppressed
[   19.539275] pci_bus 0000:00: 2-byte config write to 0000:00:02.0 offset 0x9c may corrupt adjacent RW1C bits
[   19.539317] pci_bus 0000:00: 2-byte config write to 0000:00:01.0 offset 0x9c may corrupt adjacent RW1C bits
[   19.598011] PM: suspend of devices complete after 79.109 msecs
[   19.609027] PM: late suspend of devices complete after 10.976 msecs
[   19.610632] pci_bus 0000:02: 2-byte config write to 0000:02:00.0 offset 0x44 may corrupt adjacent RW1C bits
[   19.610693] pci_bus 0000:02: 2-byte config write to 0000:02:00.0 offset 0x44 may corrupt adjacent RW1C bits
[   19.640721] PM: noirq suspend of devices complete after 31.662 msecs
[   19.640735] Disabling non-boot CPUs ...
[   19.844486] Entering suspend state LP1
[   19.844486] Suspended for 3.139 seconds
[   19.844497] Enabling non-boot CPUs ...
[   19.866403] CPU1 is up
[   19.906034] CPU2 is up
[   19.946331] CPU3 is up
[   19.946903] pci_bus 0000:00: 2-byte config write to 0000:00:01.0 offset 0x4c may corrupt adjacent RW1C bits
[   19.946914] pci_bus 0000:00: 2-byte config write to 0000:00:02.0 offset 0x4c may corrupt adjacent RW1C bits
[   19.946924] pci_bus 0000:00: 2-byte config write to 0000:00:01.0 offset 0x88 may corrupt adjacent RW1C bits
[   19.946930] pci_bus 0000:00: 2-byte config write to 0000:00:01.0 offset 0x90 may corrupt adjacent RW1C bits
[   19.946936] pci_bus 0000:00: 2-byte config write to 0000:00:02.0 offset 0x88 may corrupt adjacent RW1C bits
[   19.946942] pci_bus 0000:00: 2-byte config write to 0000:00:01.0 offset 0x98 may corrupt adjacent RW1C bits
[   19.947048] pcieport 0000:00:01.0: nv_msi_ht_cap_quirk didn't locate host bridge
[   19.947049] pcieport 0000:00:02.0: nv_msi_ht_cap_quirk didn't locate host bridge
[   19.974350] PM: noirq resume of devices complete after 28.012 msecs
[   19.976341] PM: early resume of devices complete after 1.672 msecs
[   20.026478] PM: resume of devices complete after 50.129 msecs
[   20.204018] Restarting tasks ... done.
root@(none):/# 
root@(none):/# [   20.306078] ata1: SATA link down (SStatus 0 SControl 300)
rtcwake -d rtc1 -m mem -s 3
rtcwake: assuming RTC uses UTC ...
rtcwake: wakeup from "mem" using /dev/rtc1 at Thu Jan  1 00:01:00 1970
[   21.311843] PM: Syncing filesystems ... done.
[   21.347124] Freezing user space processes ... (elapsed 0.001 seconds) done.
[   21.355560] Freezing remaining freezable tasks ... (elapsed 0.001 seconds) done.
[   21.364518] Suspending console(s) (use no_console_suspend to debug)
[   21.457140] PM: suspend of devices complete after 84.667 msecs
[   21.465250] PM: late suspend of devices complete after 8.082 msecs
[   21.498666] PM: noirq suspend of devices complete after 33.394 msecs
[   21.498676] Disabling non-boot CPUs ...
[   21.499629] IRQ17 no longer affine to CPU1
[   21.701144] Entering suspend state LP1
[   21.701144] Suspended for 3.143 seconds
[   21.701155] Enabling non-boot CPUs ...
[   21.726336] CPU1 is up
[   21.766002] CPU2 is up
[   21.806328] CPU3 is up
[   21.806976] pcieport 0000:00:01.0: nv_msi_ht_cap_quirk didn't locate host bridge
[   21.807135] pcieport 0000:00:02.0: nv_msi_ht_cap_quirk didn't locate host bridge
[   21.834316] PM: noirq resume of devices complete after 27.981 msecs
[   21.836139] PM: early resume of devices complete after 1.487 msecs
[   21.886663] PM: resume of devices complete after 50.515 msecs
[   21.964934] Restarting tasks ... done.
root@(none):/# 
root@(none):/# [   22.166551] ata1: SATA link down (SStatus 0 SControl 300)
rtcwake -d rtc1 -m mem -s 3
rtcwake: assuming RTC uses UTC ...
rtcwake: wakeup from "mem" using /dev/rtc1 at Thu Jan  1 00:01:05 1970
[   23.176029] PM: Syncing filesystems ... done.
[   23.212500] Freezing user space processes ... (elapsed 0.001 seconds) done.
[   23.221128] Freezing remaining freezable tasks ... (elapsed 0.001 seconds) done.
[   23.230351] Suspending console(s) (use no_console_suspend to debug)
[   23.317857] PM: suspend of devices complete after 78.705 msecs
[   23.328955] PM: late suspend of devices complete after 11.058 msecs
[   23.360541] PM: noirq suspend of devices complete after 31.554 msecs
[   23.360556] Disabling non-boot CPUs ...
[   23.361914] IRQ17 no longer affine to CPU1
[   23.574318] Entering suspend state LP1
[   23.574318] Suspended for 3.126 seconds
[   23.574329] Enabling non-boot CPUs ...
[   23.596072] CPU1 is up
[   23.635981] CPU2 is up
[   23.676276] CPU3 is up
[   23.676969] pcieport 0000:00:01.0: nv_msi_ht_cap_quirk didn't locate host bridge
[   23.676971] pcieport 0000:00:02.0: nv_msi_ht_cap_quirk didn't locate host bridge
[   23.704281] PM: noirq resume of devices complete after 27.999 msecs
[   23.706003] PM: early resume of devices complete after 1.382 msecs
[   23.756326] PM: resume of devices complete after 50.314 msecs
[   23.834681] Restarting tasks ... done.
root@(none):/# 
root@(none):/# [   24.036772] ata1: SATA link down (SStatus 0 SControl 300)
NVTB SYSTEM SUSPEND TEST COMPLETE
