
U-Boot SPL 2014.07-00097-g772e173 (Jul 25 2014 - 20:02:52)


U-Boot 2014.07-00097-g772e173 (Jul 25 2014 - 20:02:52)

TEGRA124
Board: NVIDIA Jetson TK1
I2C:   ready
DRAM:  2 GiB
MMC:   Tegra SD/MMC: 0, Tegra SD/MMC: 1
In:    serial
Out:   serial
Err:   serial
Net:   Net Initialization Skipped
No ethernet found.
Hit any key to stop autoboot:  2  0 
Tegra124 (Jetson TK1) # 
Tegra124 (Jetson TK1) # usb reset
(Re)start USB...
USB0:   USB EHCI 1.10
scanning bus 0 for devices... 1 USB Device(s) found
USB1:   USB EHCI 1.10
scanning bus 1 for devices... 2 USB Device(s) found
       scanning usb for storage devices... 0 Storage Device(s) found
       scanning usb for ethernet devices... 
Warning: asx0 using MAC address from net device
1 Ethernet Device(s) found
Tegra124 (Jetson TK1) # setenv bootargs 'ignore_loglevel console=ttyS0,115200n8 rw root=/dev/mmcblk0p1 rootwait gpt debug noinitrd earlyprintk init=/bin/bash'
Tegra124 (Jetson TK1) # setenv ipaddr 192.168.100.102; setenv serverip 192.168.100.1; setenv tftpserverip 192.168.100.1
Tegra124 (Jetson TK1) # tftpboot 0x82000000 zImage.tegra_defconfig
Using asx0 device
TFTP from server 192.168.100.1; our IP address is 192.168.100.102
Filename 'zImage.tegra_defconfig'.
Load address: 0x82000000
Loading: *#################################################################
	 #################################################################
	 #################################################################
	 #################################################################
	 #################################################################
	 #####
	 2.8 MiB/s
done
Bytes transferred = 4837736 (49d168 hex)
Tegra124 (Jetson TK1) # tftpboot 0x83000000 tegra124-jetson-tk1.dtb
Using asx0 device
TFTP from server 192.168.100.1; our IP address is 192.168.100.102
Filename 'tegra124-jetson-tk1.dtb'.
Load address: 0x83000000
Loading: *####
	 2.7 MiB/s
done
Bytes transferred = 48099 (bbe3 hex)
Tegra124 (Jetson TK1) # bootz 0x82000000 - 0x83000000
Kernel image @ 0x82000000 [ 0x000000 - 0x49d168 ]
## Flattened Device Tree blob at 83000000
   Booting using the fdt blob at 0x83000000
   Using Device Tree in place at 83000000, end 8300ebe2

Starting kernel ...

Uncompressing Linux... done, booting the kernel.
[    0.000000] Booting Linux on physical CPU 0x0
[    0.000000] Initializing cgroup subsys cpu
[    0.000000] Initializing cgroup subsys cpuacct
[    0.000000] Linux version 4.0.0-rc1-next-20150224-01388-g075b7ac (pwalmsley@kaivo) (gcc version 4.7.3 20130328 (prerelease) (crosstool-NG linaro-1.13.1-4.7-2013.04-20130415 - Linaro GCC 2013.04) ) #1 SMP PREEMPT Tue Feb 9 08:56:23 PST 2016
[    0.000000] CPU: ARMv7 Processor [413fc0f3] revision 3 (ARMv7), cr=10c5387d
[    0.000000] CPU: PIPT / VIPT nonaliasing data cache, PIPT instruction cache
[    0.000000] Machine model: NVIDIA Tegra124 Jetson TK1
[    0.000000] debug: ignoring loglevel setting.
[    0.000000] bootconsole [earlycon0] enabled
[    0.000000] cma: Reserved 64 MiB at 0xfbc00000
[    0.000000] Memory policy: Data cache writealloc
[    0.000000] On node 0 totalpages: 524032
[    0.000000] free_area_init_node: node 0, pgdat c094d180, node_mem_map ee7f7000
[    0.000000]   Normal zone: 1520 pages used for memmap
[    0.000000]   Normal zone: 0 pages reserved
[    0.000000]   Normal zone: 194560 pages, LIFO batch:31
[    0.000000]   HighMem zone: 329472 pages, LIFO batch:31
[    0.000000] PERCPU: Embedded 11 pages/cpu @ee79a000 s12736 r8192 d24128 u45056
[    0.000000] pcpu-alloc: s12736 r8192 d24128 u45056 alloc=11*4096
[    0.000000] pcpu-alloc: [0] 0 [0] 1 [0] 2 [0] 3 
[    0.000000] Built 1 zonelists in Zone order, mobility grouping on.  Total pages: 522512
[    0.000000] Kernel command line: ignore_loglevel console=ttyS0,115200n8 rw root=/dev/mmcblk0p1 rootwait gpt debug noinitrd earlyprintk init=/bin/bash
[    0.000000] PID hash table entries: 4096 (order: 2, 16384 bytes)
[    0.000000] Dentry cache hash table entries: 131072 (order: 7, 524288 bytes)
[    0.000000] Inode-cache hash table entries: 65536 (order: 6, 262144 bytes)
[    0.000000] Memory: 2003108K/2096128K available (6622K kernel code, 323K rwdata, 2248K rodata, 300K init, 351K bss, 27484K reserved, 65536K cma-reserved, 1252352K highmem)
[    0.000000] Virtual kernel memory layout:
[    0.000000]     vector  : 0xffff0000 - 0xffff1000   (   4 kB)
[    0.000000]     fixmap  : 0xffc00000 - 0xfff00000   (3072 kB)
[    0.000000]     vmalloc : 0xf0000000 - 0xff000000   ( 240 MB)
[    0.000000]     lowmem  : 0xc0000000 - 0xef800000   ( 760 MB)
[    0.000000]     pkmap   : 0xbfe00000 - 0xc0000000   (   2 MB)
[    0.000000]     modules : 0xbf000000 - 0xbfe00000   (  14 MB)
[    0.000000]       .text : 0xc0008000 - 0xc08b2038   (8873 kB)
[    0.000000]       .init : 0xc08b3000 - 0xc08fe000   ( 300 kB)
[    0.000000]       .data : 0xc08fe000 - 0xc094eca0   ( 324 kB)
[    0.000000]        .bss : 0xc094eca0 - 0xc09a6a2c   ( 352 kB)
[    0.000000] Preemptible hierarchical RCU implementation.
[    0.000000] 	Additional per-CPU info printed with stalls.
[    0.000000] NR_IRQS:16 nr_irqs:16 16
[    0.000000] L2C: failed to init: -19
[    0.000009] sched_clock: 32 bits at 1000kHz, resolution 1000ns, wraps every 2147483648000ns
[    0.006537] Switching to timer-based delay loop, resolution 1000ns
[    0.013846] Architected cp15 timer(s) running at 12.00MHz (virt).
[    0.018933] sched_clock: 56 bits at 12MHz, resolution 83ns, wraps every 2863311536128ns
[    0.026983] Switching to timer-based delay loop, resolution 83ns
[    0.033466] Console: colour dummy device 80x30
[    0.037567] Calibrating delay loop (skipped), value calculated using timer frequency.. 24.00 BogoMIPS (lpj=120000)
[    0.047953] pid_max: default: 32768 minimum: 301
[    0.053022] Mount-cache hash table entries: 2048 (order: 1, 8192 bytes)
[    0.059322] Mountpoint-cache hash table entries: 2048 (order: 1, 8192 bytes)
[    0.067768] Initializing cgroup subsys freezer
[    0.070950] Initializing cgroup subsys debug
[    0.075299] CPU: Testing write buffer coherency: ok
[    0.080456] /cpus/cpu@0 missing clock-frequency property
[    0.085609] /cpus/cpu@1 missing clock-frequency property
[    0.090963] /cpus/cpu@2 missing clock-frequency property
[    0.096352] /cpus/cpu@3 missing clock-frequency property
[    0.101690] CPU0: thread -1, cpu 0, socket 0, mpidr 80000000
[    0.107451] Setting up static identity map for 0x80646580 - 0x80646618
[    0.147891] Tegra Revision: A01 SKU: 129 CPU Process: 1 Core Process: 1
[    0.168350] CPU1: thread -1, cpu 1, socket 0, mpidr 80000001
[    0.188352] CPU2: thread -1, cpu 2, socket 0, mpidr 80000002
[    0.208363] CPU3: thread -1, cpu 3, socket 0, mpidr 80000003
[    0.208442] Brought up 4 CPUs
[    0.226748] SMP: Total of 4 processors activated (96.00 BogoMIPS).
[    0.232996] CPU: All CPU(s) started in SVC mode.
[    0.238547] devtmpfs: initialized
[    0.242717] VFP support v0.3: implementor 41 architecture 4 part 30 variant f rev 0
[    0.250909] pinctrl core: initialized pinctrl subsystem
[    0.295785] NET: Registered protocol family 16
[    0.299669] DMA: preallocated 256 KiB pool for atomic coherent allocations
[    0.335422] cpuidle: using governor ladder
[    0.365442] cpuidle: using governor menu
[    0.387835] No ATAGs?
[    0.388048] hw-breakpoint: found 5 (+1 reserved) breakpoint and 4 watchpoint registers.
[    0.396361] hw-breakpoint: maximum watchpoint size is 8 bytes.
[    0.449696] +5V_SYS: supplied by +VDD_MUX
[    0.452388] +3.3V_SYS: supplied by +VDD_MUX
[    0.456353] platform regulators:regulator@3: Driver reg-fixed-voltage requests probe deferral
[    0.465145] reg-fixed-voltage regulators:regulator@4: Failed to find supply vin
[    0.472269] reg-fixed-voltage regulators:regulator@4: Failed to register regulator: -517
[    0.480255] platform regulators:regulator@4: Driver reg-fixed-voltage requests probe deferral
[    0.489177] +USB0_VBUS_SW: Failed to request enable GPIO108: -517
[    0.495155] reg-fixed-voltage regulators:regulator@7: Failed to register regulator: -517
[    0.503117] platform regulators:regulator@7: Driver reg-fixed-voltage requests probe deferral
[    0.512067] +5V_USB_HS: Failed to request enable GPIO109: -517
[    0.517756] reg-fixed-voltage regulators:regulator@8: Failed to register regulator: -517
[    0.525754] platform regulators:regulator@8: Driver reg-fixed-voltage requests probe deferral
[    0.534409] platform regulators:regulator@10: Driver reg-fixed-voltage requests probe deferral
[    0.543352] +1.05V_RUN_AVDD_HDMI_PLL: Failed to request enable GPIO63: -517
[    0.550170] reg-fixed-voltage regulators:regulator@11: Failed to register regulator: -517
[    0.558252] platform regulators:regulator@11: Driver reg-fixed-voltage requests probe deferral
[    0.567259] +5V_HDMI_CON: Failed to request enable GPIO86: -517
[    0.573065] reg-fixed-voltage regulators:regulator@12: Failed to register regulator: -517
[    0.581118] platform regulators:regulator@12: Driver reg-fixed-voltage requests probe deferral
[    0.590153] +5V_SATA: Failed to request enable GPIO242: -517
[    0.595669] reg-fixed-voltage regulators:regulator@13: Failed to register regulator: -517
[    0.603753] platform regulators:regulator@13: Driver reg-fixed-voltage requests probe deferral
[    0.612758] +12V_SATA: Failed to request enable GPIO242: -517
[    0.618392] reg-fixed-voltage regulators:regulator@14: Failed to register regulator: -517
[    0.626443] platform regulators:regulator@14: Driver reg-fixed-voltage requests probe deferral
[    0.637063] vgaarb: loaded
[    0.639380] SCSI subsystem initialized
[    0.642063] libata version 3.00 loaded.
[    0.646360] usbcore: registered new interface driver usbfs
[    0.651411] usbcore: registered new interface driver hub
[    0.656729] usbcore: registered new device driver usb
[    0.665592] Linux video capture interface: v2.00
[    0.668498] pps_core: LinuxPPS API ver. 1 registered
[    0.673424] pps_core: Software ver. 5.3.6 - Copyright 2005-2007 Rodolfo Giometti <giometti@linux.it>
[    0.682657] PTP clock support registered
[    0.687433] Advanced Linux Sound Architecture Driver Initialized.
[    0.694136] Bluetooth: Core ver 2.20
[    0.696445] NET: Registered protocol family 31
[    0.700897] Bluetooth: HCI device and connection manager initialized
[    0.707310] Bluetooth: HCI socket layer initialized
[    0.712259] Bluetooth: L2CAP socket layer initialized
[    0.717394] Bluetooth: SCO socket layer initialized
[    0.723012] cfg80211: Calling CRDA to update world regulatory domain
[    0.729408] Switched to clocksource arch_sys_counter
[    0.756989] NET: Registered protocol family 2
[    0.760783] TCP established hash table entries: 8192 (order: 3, 32768 bytes)
[    0.766725] TCP bind hash table entries: 8192 (order: 4, 65536 bytes)
[    0.773327] TCP: Hash tables configured (established 8192 bind 8192)
[    0.779975] UDP hash table entries: 512 (order: 2, 16384 bytes)
[    0.785554] UDP-Lite hash table entries: 512 (order: 2, 16384 bytes)
[    0.792314] NET: Registered protocol family 1
[    0.796979] RPC: Registered named UNIX socket transport module.
[    0.802356] RPC: Registered udp transport module.
[    0.807100] RPC: Registered tcp transport module.
[    0.811902] RPC: Registered tcp NFSv4.1 backchannel transport module.
[    0.818380] PCI: CLS 0 bytes, default 64
[    0.826567] futex hash table entries: 1024 (order: 4, 65536 bytes)
[    0.833299] squashfs: version 4.0 (2009/01/31) Phillip Lougher
[    0.840489] bounce: pool size: 64 pages
[    0.842511] io scheduler noop registered (default)
[    0.858004] tegra-pcie 1003000.pcie-controller: 2x1, 1x1 configuration
[    0.862799] tegra-pcie 1003000.pcie-controller: Failed to get supply 'avddio-pex': -517
[    0.870815] platform 1003000.pcie-controller: Driver tegra-pcie requests probe deferral
[    0.890070] tegra-apbdma 60020000.dma: Tegra20 APB DMA driver register 32 channels
[    0.896276] tegra-pmc 7000e400.pmc: emergency thermal reset enabled
[    0.902870] Serial: 8250/16550 driver, 4 ports, IRQ sharing disabled
[    0.912197] console [ttyS0] disabled
[    0.913990] 70006300.serial: ttyS0 at MMIO 0x70006300 (irq = 330, base_baud = 25500000) is a Tegra
[    0.923022] console [ttyS0] enabled
[    0.923022] console [ttyS0] enabled
[    0.929293] bootconsole [earlycon0] disabled
[    0.929293] bootconsole [earlycon0] disabled
[    0.940708] [drm] Initialized drm 1.1.0 20060810
[    0.946765] tegra-hdmi 54280000.hdmi: failed to get HDMI regulator
[    0.953005] platform 54280000.hdmi: Driver tegra-hdmi requests probe deferral
[    0.975672] loop: module loaded
[    0.979433] at24 0-0056: 256 byte 24c02 EEPROM, writable, 8 bytes/write
[    0.986851] as3722 4-0040: AS3722 with revision 0x1 found
[    0.999121] +1.35V_LP0(sd2): supplied by +5V_SYS
[    1.004529] +1.35V_LP0(sd3): supplied by +5V_SYS
[    1.009893] +1.05V_RUN: supplied by +5V_SYS
[    1.014710] +1.8V_VDDIO: supplied by +5V_SYS
[    1.021164] +1.05V_RUN_AVDD: supplied by +1.35V_LP0(sd2)
[    1.027708] as3722-regulator as3722-regulator: Failed to find supply vin-ldo1-6
[    1.035224] as3722-regulator as3722-regulator: regulator 8 register failed -517
[    1.044512] platform as3722-regulator: Driver as3722-regulator requests probe deferral
[    1.054458] tegra-ahci 70027000.sata: Failed to get supply 'avdd': -517
[    1.061115] tegra-ahci 70027000.sata: Failed to get regulators
[    1.066984] platform 70027000.sata: Driver tegra-ahci requests probe deferral
[    1.077623] m25p80 spi32765.0: w25q32dw (4096 Kbytes)
[    1.085715] CAN device driver interface
[    1.089699] igb: Intel(R) Gigabit Ethernet Network Driver - version 5.2.15-k
[    1.096735] igb: Copyright (c) 2007-2014 Intel Corporation.
[    1.102676] pegasus: v0.9.3 (2013/04/25), Pegasus/Pegasus II USB Ethernet driver
[    1.110205] usbcore: registered new interface driver pegasus
[    1.116037] usbcore: registered new interface driver asix
[    1.121646] usbcore: registered new interface driver ax88179_178a
[    1.127856] usbcore: registered new interface driver cdc_ether
[    1.133876] usbcore: registered new interface driver smsc75xx
[    1.139807] usbcore: registered new interface driver smsc95xx
[    1.145680] usbcore: registered new interface driver net1080
[    1.151488] usbcore: registered new interface driver cdc_subset
[    1.157523] usbcore: registered new interface driver zaurus
[    1.163301] usbcore: registered new interface driver cdc_ncm
[    1.169135] ehci_hcd: USB 2.0 'Enhanced' Host Controller (EHCI) Driver
[    1.175677] ehci-pci: EHCI PCI platform driver
[    1.180260] tegra-ehci: Tegra EHCI driver
[    1.184556] platform 7d004000.usb: Driver tegra-ehci requests probe deferral
[    1.191776] platform 7d008000.usb: Driver tegra-ehci requests probe deferral
[    1.199112] usbcore: registered new interface driver cdc_acm
[    1.204778] cdc_acm: USB Abstract Control Model driver for USB modems and ISDN adapters
[    1.212912] usbcore: registered new interface driver cdc_wdm
[    1.218739] usbcore: registered new interface driver usb-storage
[    1.224983] tegra-phy 7d004000.usb-phy: no vbus regulator
[    1.230694] platform 7d008000.usb-phy: Driver tegra-phy requests probe deferral
[    1.238889] mousedev: PS/2 mouse device common for all mice
[    1.248097] as3722-rtc as3722-rtc: rtc core: registered as3722-rtc as rtc0
[    1.254993] as3722-rtc as3722-rtc: RTC interrupt 364
[    1.263169] tegra_rtc 7000e000.rtc: rtc core: registered 7000e000.rtc as rtc1
[    1.270405] tegra_rtc 7000e000.rtc: Tegra internal Real Time Clock
[    1.277003] i2c /dev entries driver
[    1.282816] usbcore: registered new interface driver uvcvideo
[    1.288551] USB Video Class driver (1.1.1)
[    1.292673] gspca_main: v2.14.0 registered
[    1.297630] 0-004c supply vcc not found, using dummy regulator
[    1.305964] Driver 'mmcblk' needs updating - please use bus_type methods
[    1.312777] sdhci: Secure Digital Host Controller Interface driver
[    1.318945] sdhci: Copyright(c) Pierre Ossman
[    1.323314] sdhci-pltfm: SDHCI platform and OF driver helper
[    1.329260] sdhci-tegra 700b0400.sdhci: Got CD GPIO
[    1.334167] sdhci-tegra 700b0400.sdhci: Got WP GPIO
[    1.339085] mmc0: Unknown controller version (3). You may experience problems.
[    1.346409] sdhci-tegra 700b0400.sdhci: No vmmc regulator found
[    1.352391] platform 700b0400.sdhci: Driver sdhci-tegra requests probe deferral
[    1.359877] mmc0: Unknown controller version (3). You may experience problems.
[    1.367145] sdhci-tegra 700b0600.sdhci: No vmmc regulator found
[    1.373078] sdhci-tegra 700b0600.sdhci: No vqmmc regulator found
[    1.379076] mmc0: Invalid maximum block size, assuming 512 bytes
[    1.429472] mmc0: SDHCI controller on 700b0600.sdhci [700b0600.sdhci] using ADMA 64-bit
[    1.440200] usbcore: registered new interface driver usbhid
[    1.445762] usbhid: USB HID core driver
[    1.483445] mmc0: MAN_BKOPS_EN bit is not set
[    1.491099] mmc0: new high speed MMC card at address 0001
[    1.497233] mmcblk0: mmc0:0001 SEM16G 14.6 GiB 
[    1.502040] mmcblk0boot0: mmc0:0001 SEM16G partition 1 4.00 MiB
[    1.508223] mmcblk0boot1: mmc0:0001 SEM16G partition 2 4.00 MiB
[    1.514379] mmcblk0rpmb: mmc0:0001 SEM16G partition 3 4.00 MiB
[    1.522754] Primary GPT is invalid, using alternate GPT.
[    1.528086]  mmcblk0: p1 p2 p3 p4 p5 p6 p7 p8 p9
[    1.872772] tegra30-i2s 70301100.i2s: DMA channels sourced from device 70300000.ahub
[    1.890363] tegra-snd-rt5640 sound: rt5640-aif1 <-> 70301100.i2s mapping ok
[    1.902155] input: NVIDIA Tegra Jetson TK1 Headphones as /devices/soc0/sound/sound/card0/input0
[    1.913248] NET: Registered protocol family 10
[    1.919163] mip6: Mobile IPv6
[    1.922158] sit: IPv6 over IPv4 tunneling driver
[    1.929736] NET: Registered protocol family 17
[    1.934215] NET: Registered protocol family 15
[    1.938658] can: controller area network core (rev 20120528 abi 9)
[    1.945004] NET: Registered protocol family 29
[    1.949469] can: raw protocol (rev 20120528)
[    1.953740] can: broadcast manager protocol (rev 20120528 t)
[    1.959425] can: netlink gateway (rev 20130117) max_hops=1
[    1.965089] Bluetooth: RFCOMM socket layer initialized
[    1.970257] Bluetooth: RFCOMM ver 1.11
[    1.974019] Bluetooth: BNEP (Ethernet Emulation) ver 1.3
[    1.979336] Bluetooth: BNEP socket layer initialized
[    1.984314] Bluetooth: HIDP (Human Interface Emulation) ver 1.2
[    1.990248] Bluetooth: HIDP socket layer initialized
[    1.996648] Registering SWP/SWPB emulation handler
[    2.004272] +3.3V_RUN: supplied by +3.3V_SYS
[    2.009084] +3.3V_AVDD_HDMI_AP_GATED: supplied by +3.3V_RUN
[    2.015229] +USB0_VBUS_SW: supplied by +5V_SYS
[    2.020231] +5V_USB_HS: supplied by +5V_SYS
[    2.025631] +3.3V_LP0: supplied by +3.3V_SYS
[    2.030467] reg-fixed-voltage regulators:regulator@11: Failed to find supply vin
[    2.038055] reg-fixed-voltage regulators:regulator@11: Failed to register regulator: -517
[    2.046409] platform regulators:regulator@11: Driver reg-fixed-voltage requests probe deferral
[    2.055616] +5V_HDMI_CON: supplied by +5V_SYS
[    2.060532] +5V_SATA: supplied by +5V_SYS
[    2.065071] +12V_SATA: supplied by +VDD_MUX
[    2.069593] tegra-pcie 1003000.pcie-controller: 2x1, 1x1 configuration
[    2.076148] tegra-pcie 1003000.pcie-controller: Failed to get supply 'avddio-pex': -517
[    2.084186] platform 1003000.pcie-controller: Driver tegra-pcie requests probe deferral
[    2.092622] tegra-hdmi 54280000.hdmi: failed to get PLL regulator
[    2.098783] platform 54280000.hdmi: Driver tegra-hdmi requests probe deferral
[    2.108418] +1.35V_LP0(sd2): supplied by +5V_SYS
[    2.113620] +1.35V_LP0(sd3): supplied by +5V_SYS
[    2.118668] +1.05V_RUN: supplied by +5V_SYS
[    2.123478] +1.8V_VDDIO: supplied by +5V_SYS
[    2.129544] +1.05V_RUN_AVDD: supplied by +1.35V_LP0(sd2)
[    2.135578] +1.8V_RUN_CAM: supplied by +3.3V_RUN
[    2.141609] +1.2V_GEN_AVDD: supplied by +1.8V_VDDIO
[    2.147894] +1.05V_LP0_VDD_RTC: supplied by +3.3V_SYS
[    2.153932] +2.8V_RUN_CAM: supplied by +3.3V_SYS
[    2.159322] +1.2V_RUN_CAM_FRONT: supplied by +1.8V_VDDIO
[    2.165292] +VDDIO_SDMMC3: supplied by +3.3V_RUN
[    2.170666] +1.05V_RUN_CAM_REAR: supplied by +1.8V_VDDIO
[    2.176911] +3.3V_RUN_TOUCH: supplied by +5V_SYS
[    2.182295] +2.8V_RUN_CAM_AF: supplied by +5V_SYS
[    2.187752] +1.8V_RUN_VPP_FUSE: supplied by +3.3V_RUN
[    2.195027] tegra-ahci 70027000.sata: AHCI 0001.0301 32 slots 2 ports 3 Gbps 0x1 impl platform mode
[    2.204088] tegra-ahci 70027000.sata: flags: 64bit ncq sntf pm led pio slum part sadm sds apst 
[    2.216549] scsi host0: tegra-ahci
[    2.222284] scsi host1: tegra-ahci
[    2.226496] ata1: SATA max UDMA/133 mmio [mem 0x70027000-0x70028fff] port 0x100 irq 340
[    2.234534] ata2: DUMMY
[    2.240165] tegra-ehci 7d004000.usb: EHCI Host Controller
[    2.245611] tegra-ehci 7d004000.usb: new USB bus registered, assigned bus number 1
[    2.253572] tegra-ehci 7d004000.usb: irq 345, io mem 0x7d004000
[    2.279454] tegra-ehci 7d004000.usb: USB 2.0 started, EHCI 1.10
[    2.287213] hub 1-0:1.0: USB hub found
[    2.291077] hub 1-0:1.0: 1 port detected
[    2.296229] platform 7d008000.usb: Driver tegra-ehci requests probe deferral
[    2.304190] sdhci-tegra 700b0400.sdhci: Got CD GPIO
[    2.309078] sdhci-tegra 700b0400.sdhci: Got WP GPIO
[    2.314041] mmc1: Unknown controller version (3). You may experience problems.
[    2.321439] sdhci-tegra 700b0400.sdhci: No vmmc regulator found
[    2.327434] mmc1: Invalid maximum block size, assuming 512 bytes
[    2.380046] mmc1: SDHCI controller on 700b0400.sdhci [700b0400.sdhci] using ADMA 64-bit
[    2.388598] +1.05V_RUN_AVDD_HDMI_PLL: supplied by +1.05V_RUN
[    2.394719] tegra-pcie 1003000.pcie-controller: 2x1, 1x1 configuration
[    2.403054] tegra-pcie 1003000.pcie-controller: probing port 0, using 2 lanes
[    2.412264] tegra-pcie 1003000.pcie-controller: Slot present pin change, signature: 00000008
[    2.579588] ata1: SATA link down (SStatus 0 SControl 300)
[    2.840232] tegra-pcie 1003000.pcie-controller: link 0 down, retrying
[    3.268903] tegra-pcie 1003000.pcie-controller: link 0 down, retrying
[    3.697721] tegra-pcie 1003000.pcie-controller: link 0 down, retrying
[    3.706301] tegra-pcie 1003000.pcie-controller: link 0 down, ignoring
[    3.712794] tegra-pcie 1003000.pcie-controller: probing port 1, using 1 lanes
[    3.722051] tegra-pcie 1003000.pcie-controller: Slot present pin change, signature: 00000000
[    3.735010] tegra-pcie 1003000.pcie-controller: PCI host bridge to bus 0000:00
[    3.742248] pci_bus 0000:00: root bus resource [mem 0x13000000-0x1fffffff]
[    3.749118] pci_bus 0000:00: root bus resource [mem 0x20000000-0x3fffffff pref]
[    3.756432] pci_bus 0000:00: root bus resource [bus 00-ff]
[    3.761924] pci_bus 0000:00: root bus resource [io  0x1000-0xffff]
[    3.768139] pci 0000:00:02.0: [10de:0e13] type 01 class 0x060400
[    3.774255] pci 0000:00:02.0: PME# supported from D0 D1 D2 D3hot D3cold
[    3.781534] PCI: bus0: Fast back to back transfers disabled
[    3.787103] pci 0000:00:02.0: bridge configuration invalid ([bus 00-00]), reconfiguring
[    3.795512] pci 0000:01:00.0: [10ec:8168] type 00 class 0x020000
[    3.801554] pci 0000:01:00.0: reg 0x10: [io  0x0000-0x00ff]
[    3.807149] pci 0000:01:00.0: reg 0x18: [mem 0x00000000-0x00000fff 64bit]
[    3.813960] pci 0000:01:00.0: reg 0x20: [mem 0x00000000-0x00003fff 64bit pref]
[    3.821316] pci 0000:01:00.0: supports D1 D2
[    3.825582] pci 0000:01:00.0: PME# supported from D0 D1 D2 D3hot D3cold
[    3.849466] PCI: bus1: Fast back to back transfers disabled
[    3.855036] pci_bus 0000:01: busn_res: [bus 01-ff] end is updated to 01
[    3.861745] pci 0000:00:02.0: BAR 8: assigned [mem 0x13000000-0x130fffff]
[    3.868528] pci 0000:00:02.0: BAR 9: assigned [mem 0x20000000-0x200fffff 64bit pref]
[    3.876278] pci 0000:00:02.0: BAR 7: assigned [io  0x1000-0x1fff]
[    3.882386] pci 0000:01:00.0: BAR 4: assigned [mem 0x20000000-0x20003fff 64bit pref]
[    3.890151] pci 0000:01:00.0: BAR 2: assigned [mem 0x13000000-0x13000fff 64bit]
[    3.897468] pci 0000:01:00.0: BAR 0: assigned [io  0x1000-0x10ff]
[    3.903573] pci 0000:00:02.0: PCI bridge to [bus 01]
[    3.908534] pci 0000:00:02.0:   bridge window [io  0x1000-0x1fff]
[    3.914636] pci 0000:00:02.0:   bridge window [mem 0x13000000-0x130fffff]
[    3.921430] pci 0000:00:02.0:   bridge window [mem 0x20000000-0x200fffff 64bit pref]
[    3.929188] pci 0000:00:02.0: nv_msi_ht_cap_quirk didn't locate host bridge
[    3.936318] pcieport 0000:00:02.0: enabling device (0140 -> 0143)
[    3.942856] pcieport 0000:00:02.0: Signaling PME through PCIe PME interrupt
[    3.949826] pci 0000:01:00.0: Signaling PME through PCIe PME interrupt
[    3.956348] pcie_pme 0000:00:02.0:pcie01: service driver pcie_pme loaded
[    3.963350] r8169 Gigabit Ethernet driver 2.3LK-NAPI loaded
[    3.968957] r8169 0000:01:00.0: enabling device (0140 -> 0143)
[    3.991787] r8169 0000:01:00.0 eth0: RTL8168g/8111g at 0xf0146000, 00:04:4b:25:b3:b4, XID 0c000800 IRQ 381
[    4.001450] r8169 0000:01:00.0 eth0: jumbo features [frames: 9200 bytes, tx checksumming: ko]
[    4.013649] [drm] Supports vblank timestamp caching Rev 2 (21.10.2013).
[    4.020344] [drm] No driver support for vblank timestamp query.
[    4.132509] tegra-hdmi 54280000.hdmi: cannot set audio to 44100 at 297000000 pclk
[    4.242175] Console: switching to colour frame buffer device 512x135
[    4.336350] drm drm: fb0:  frame buffer device
[    4.340830] drm drm: registered panic notifier
[    4.369564] [drm] Initialized tegra 0.0.0 20120330 on minor 0
[    4.375843] tegra-ehci 7d008000.usb: EHCI Host Controller
[    4.381303] tegra-ehci 7d008000.usb: new USB bus registered, assigned bus number 2
[    4.389247] tegra-ehci 7d008000.usb: irq 346, io mem 0x7d008000
[    4.409439] tegra-ehci 7d008000.usb: USB 2.0 started, EHCI 1.10
[    4.417109] hub 2-0:1.0: USB hub found
[    4.420931] hub 2-0:1.0: 1 port detected
[    4.426783] input: gpio-keys as /devices/soc0/gpio-keys/input/input1
[    4.434660] as3722-rtc as3722-rtc: setting system clock to 2000-02-01 00:00:52 UTC (949363252)
[    4.461780] +1.8V_RUN_VPP_FUSE: disabling
[    4.465934] +2.8V_RUN_CAM_AF: disabling
[    4.469921] +3.3V_RUN_TOUCH: disabling
[    4.473788] +1.05V_RUN_CAM_REAR: disabling
[    4.478002] +1.2V_RUN_CAM_FRONT: disabling
[    4.482235] +2.8V_RUN_CAM: disabling
[    4.485932] +1.8V_RUN_CAM: disabling
[    4.489651] +USB0_VBUS_SW: disabling
[    4.493542] ALSA device list:
[    4.496504]   #0: NVIDIA Tegra Jetson TK1
[    4.501668] EXT3-fs (mmcblk0p1): error: couldn't mount because of unsupported optional features (240)
[    4.511433] EXT2-fs (mmcblk0p1): error: couldn't mount because of unsupported optional features (244)
[    4.540156] EXT4-fs (mmcblk0p1): recovery complete
[    4.544956] EXT4-fs (mmcblk0p1): mounted filesystem with ordered data mode. Opts: (null)
[    4.553148] VFS: Mounted root (ext4 filesystem) on device 179:1.
[    4.564908] devtmpfs: mounted
[    4.568182] Freeing unused kernel memory: 300K (c08b3000 - c08fe000)
bash: cannot set terminal process group (-1): Inappropriate ioctl for device
bash: no job control in this shell
[    4.739531] usb 2-1: new high-speed USB device number 2 using tegra-ehci
root@(none):/# mount -t sysfs none /sys
root@(none):/# 
root@(none):/# [    5.740009] asix 2-1:1.0 eth1: register 'asix' at usb-7d008000.usb-1, ASIX AX88772 USB 2.0 Ethernet, 00:50:b6:11:31:3b
mount -t debugfs none /sys/kernel/debug
root@(none):/# 
root@(none):/# rtcwake -d rtc1 -m mem -s 3
rtcwake: assuming RTC uses UTC ...
rtcwake: wakeup from "mem" using /dev/rtc1 at Thu Jan  1 00:00:23 1970
[    7.283209] PM: Syncing filesystems ... done.
[    7.301209] Freezing user space processes ... (elapsed 0.001 seconds) done.
[    7.302495] Freezing remaining freezable tasks ... (elapsed 0.001 seconds) done.
[    7.302500] Suspending console(s) (use no_console_suspend to debug)
[    7.492303] PM: suspend of devices complete after 98.673 msecs
[    7.494270] PM: late suspend of devices complete after 1.952 msecs
[    7.510753] PM: noirq suspend of devices complete after 16.473 msecs
[    7.510758] Disabling non-boot CPUs ...
[    7.511685] CPU1: shutdown
[    7.543701] CPU2: shutdown
[    7.573103] CPU3: shutdown
[    7.601553] Entering suspend state LP1
[    7.601598] Enabling non-boot CPUs ...
[    7.631770] CPU1 is up
[    7.662431] CPU2 is up
[    7.693102] CPU3 is up
[    7.694216] pcieport 0000:00:02.0: nv_msi_ht_cap_quirk didn't locate host bridge
[    7.709711] PM: noirq resume of devices complete after 16.598 msecs
[    7.710353] tegra-mc 70019000.memory-controller: unknown: write @0xecdde750: EMEM arbitration error (EMEM decode error)
[    7.713186] PM: early resume of devices complete after 2.783 msecs
[    7.841653] PM: resume of devices complete after 128.451 msecs
[    7.924288] Restarting tasks ... done.
root@(none):/# 
root@(none):/# [    7.930443] tegra-mc 70019000.memory-controller: unknown: write @0xecdde750: EMEM arbitration error (EMEM decode error)
[    7.940271] tegra-mc 70019000.memory-controller: unknown: write @0xecdde750: EMEM arbitration error (EMEM decode error)
[    7.944313] tegra-mc 70019000.memory-controller: unknown: write @0xecdde750: EMEM arbitration error (EMEM decode error)
[    7.969443] tegra-mc 70019000.memory-controller: unknown: write @0xecdde750: EMEM arbitration error (EMEM decode error)
[    7.969470] tegra-mc 70019000.memory-controller: unknown: write @0xecdde750: EMEM arbitration error (EMEM decode error)
[    7.969493] tegra-mc 70019000.memory-controller: unknown: write @0xecdde750: EMEM arbitration error (EMEM decode error)
[    7.979439] tegra-mc 70019000.memory-controller: unknown: write @0xecdde750: EMEM arbitration error (EMEM decode error)
[    7.979520] tegra-mc 70019000.memory-controller: unknown: write @0xecdde750: EMEM arbitration error (EMEM decode error)
[    7.980820] tegra-mc 70019000.memory-controller: unknown: write @0xecdde750: EMEM arbitration error (EMEM decode error)
[    8.129507] ata1: SATA link down (SStatus 0 SControl 300)
rtcwake -d rtc1 -m mem -s 3
rtcwake: assuming RTC uses UTC ...
rtcwake: wakeup from "mem" using /dev/rtc1 at Thu Jan  1 00:00:28 1970
[    9.108903] PM: Syncing filesystems ... done.
[    9.121325] Freezing user space processes ... (elapsed 0.001 seconds) done.
[    9.122829] Freezing remaining freezable tasks ... (elapsed 0.001 seconds) done.
[    9.122834] Suspending console(s) (use no_console_suspend to debug)
[    9.311289] PM: suspend of devices complete after 95.040 msecs
[    9.313177] PM: late suspend of devices complete after 1.879 msecs
[    9.330714] PM: noirq suspend of devices complete after 17.528 msecs
[    9.330718] Disabling non-boot CPUs ...
[    9.331553] CPU1: shutdown
[    9.373649] CPU2: shutdown
[    9.412970] CPU3: shutdown
[    9.441527] Entering suspend state LP1
[    9.441572] Enabling non-boot CPUs ...
[    9.471736] CPU1 is up
[    9.502396] CPU2 is up
[    9.533083] CPU3 is up
[    9.534322] pcieport 0000:00:02.0: nv_msi_ht_cap_quirk didn't locate host bridge
[    9.549670] PM: noirq resume of devices complete after 16.576 msecs
[    9.551790] PM: early resume of devices complete after 1.812 msecs
[    9.681494] PM: resume of devices complete after 129.689 msecs
[    9.753402] Restarting tasks ... done.
root@(none):/# 
root@(none):/# [    9.969406] ata1: SATA link down (SStatus 0 SControl 300)
rtcwake -d rtc1 -m mem -s 3
rtcwake: assuming RTC uses UTC ...
rtcwake: wakeup from "mem" using /dev/rtc1 at Thu Jan  1 00:00:33 1970
[   10.949187] PM: Syncing filesystems ... done.
[   10.961137] Freezing user space processes ... (elapsed 0.001 seconds) done.
[   10.962554] Freezing remaining freezable tasks ... (elapsed 0.001 seconds) done.
[   10.962559] Suspending console(s) (use no_console_suspend to debug)
[   11.150594] PM: suspend of devices complete after 93.419 msecs
[   11.152507] PM: late suspend of devices complete after 1.902 msecs
[   11.170697] PM: noirq suspend of devices complete after 18.180 msecs
[   11.170701] Disabling non-boot CPUs ...
[   11.171509] CPU1: shutdown
[   11.213596] CPU2: shutdown
[   11.242991] CPU3: shutdown
[   11.271511] Entering suspend state LP1
[   11.271556] Enabling non-boot CPUs ...
[   11.301694] CPU1 is up
[   11.332370] CPU2 is up
[   11.363028] CPU3 is up
[   11.364179] pcieport 0000:00:02.0: nv_msi_ht_cap_quirk didn't locate host bridge
[   11.379616] PM: noirq resume of devices complete after 16.576 msecs
[   11.382604] PM: early resume of devices complete after 2.680 msecs
[   11.511440] PM: resume of devices complete after 128.820 msecs
[   11.583353] Restarting tasks ... done.
root@(none):/# 
root@(none):/# [   11.799418] ata1: SATA link down (SStatus 0 SControl 300)
rtcwake -d rtc1 -m mem -s 3
rtcwake: assuming RTC uses UTC ...
rtcwake: wakeup from "mem" using /dev/rtc1 at Thu Jan  1 00:00:38 1970
[   12.779215] PM: Syncing filesystems ... done.
[   12.790021] Freezing user space processes ... 
[   12.790021] tegra_mc_irq: 37 callbacks suppressed
[   12.790036] tegra-mc 70019000.memory-controller: unknown: write @0xecdde750: EMEM arbitration error (EMEM decode error)
[   12.791088] (elapsed 0.001 seconds) done.
[   12.792354] Freezing remaining freezable tasks ... 
[   12.792355] tegra-mc 70019000.memory-controller: unknown: write @0xecdde750: EMEM arbitration error (EMEM decode error)
[   12.792538] (elapsed 0.001 seconds) done.
[   12.792543] Suspending console(s) (use no_console_suspend to debug)
[   12.825137] tegra-mc 70019000.memory-controller: unknown: write @0xecdde750: EMEM arbitration error (EMEM decode error)
[   12.829468] tegra-mc 70019000.memory-controller: unknown: write @0xecdde750: EMEM arbitration error (EMEM decode error)
[   12.856946] tegra-mc 70019000.memory-controller: unknown: write @0xecdde750: EMEM arbitration error (EMEM decode error)
[   12.858513] tegra-mc 70019000.memory-controller: unknown: write @0xecdde750: EMEM arbitration error (EMEM decode error)
[   13.061015] PM: suspend of devices complete after 101.359 msecs
[   13.063227] PM: late suspend of devices complete after 2.196 msecs
[   13.080605] PM: noirq suspend of devices complete after 17.367 msecs
[   13.080609] Disabling non-boot CPUs ...
[   13.081441] CPU1: shutdown
[   13.123603] CPU2: shutdown
[   13.152794] CPU3: shutdown
[   13.191510] Entering suspend state LP1
[   13.191555] Enabling non-boot CPUs ...
[   13.221669] CPU1 is up
[   13.252318] CPU2 is up
[   13.282983] CPU3 is up
[   13.284098] pcieport 0000:00:02.0: nv_msi_ht_cap_quirk didn't locate host bridge
[   13.299623] PM: noirq resume of devices complete after 16.628 msecs
[   13.300060] tegra-mc 70019000.memory-controller: unknown: write @0xecdde750: EMEM arbitration error (EMEM decode error)
[   13.302448] PM: early resume of devices complete after 2.517 msecs
[   13.372349] tegra-mc 70019000.memory-controller: unknown: write @0xecdde750: EMEM arbitration error (EMEM decode error)
[   13.431420] PM: resume of devices complete after 128.957 msecs
[   13.524920] Restarting tasks ... done.
root@(none):/# 
root@(none):/# [   13.559360] tegra-mc 70019000.memory-controller: unknown: write @0xecdde750: EMEM arbitration error (EMEM decode error)
[   13.579366] tegra-mc 70019000.memory-controller: unknown: write @0xecdde750: EMEM arbitration error (EMEM decode error)
[   13.719344] ata1: SATA link down (SStatus 0 SControl 300)
rtcwake -d rtc1 -m mem -s 3
rtcwake: assuming RTC uses UTC ...
rtcwake: wakeup from "mem" using /dev/rtc1 at Thu Jan  1 00:00:43 1970
[   14.708735] PM: Syncing filesystems ... done.
[   14.720981] Freezing user space processes ... (elapsed 0.001 seconds) done.
[   14.722409] Freezing remaining freezable tasks ... (elapsed 0.001 seconds) done.
[   14.722414] Suspending console(s) (use no_console_suspend to debug)
[   14.911052] PM: suspend of devices complete after 95.110 msecs
[   14.913046] PM: late suspend of devices complete after 1.980 msecs
[   14.930618] PM: noirq suspend of devices complete after 17.561 msecs
[   14.930622] Disabling non-boot CPUs ...
[   14.931426] CPU1: shutdown
[   14.963632] CPU2: shutdown
[   14.992847] CPU3: shutdown
[   15.021413] Entering suspend state LP1
[   15.021459] Enabling non-boot CPUs ...
[   15.051633] CPU1 is up
[   15.082283] CPU2 is up
[   15.112957] CPU3 is up
[   15.114052] pcieport 0000:00:02.0: nv_msi_ht_cap_quirk didn't locate host bridge
[   15.129552] PM: noirq resume of devices complete after 16.583 msecs
[   15.132163] PM: early resume of devices complete after 2.299 msecs
[   15.271317] PM: resume of devices complete after 139.139 msecs
[   15.343229] Restarting tasks ... done.
root@(none):/# 
root@(none):/# [   15.549350] ata1: SATA link down (SStatus 0 SControl 300)
NVTB SYSTEM SUSPEND TEST COMPLETE
