
U-Boot SPL 2015.04-rc3-00209-ga74ef40 (Mar 16 2015 - 14:43:39)


U-Boot 2015.04-rc3-00209-ga74ef40 (Mar 16 2015 - 14:43:39)

TEGRA20
Model: Compulab TrimSlice board
DRAM:  1 GiB
MMC:   Tegra SD/MMC: 0, Tegra SD/MMC: 1
SF: Detected W25Q80BL with page size 256 Bytes, erase size 4 KiB, total 1 MiB
tegra-pcie: PCI regions:
tegra-pcie:   I/O: 0x82000000-0x82010000
tegra-pcie:   non-prefetchable memory: 0xa0000000-0xa8000000
tegra-pcie:   prefetchable memory: 0xa8000000-0xc0000000
tegra-pcie: dual-mode configuration
tegra-pcie: probing port 0, using 2 lanes
In:    serial
Out:   serial
Err:   serial
Net:   RTL8169#0
Hit any key to stop autoboot:  2  0 
Tegra20 (TrimSlice) # 
Tegra20 (TrimSlice) # usb reset
resetting USB...
USB0:   USB EHCI 1.00
scanning bus 0 for devices... 3 USB Device(s) found
USB1:   USB EHCI 1.00
scanning bus 1 for devices... 1 USB Device(s) found
USB2:   lowlevel init failed
       scanning usb for storage devices... 0 Storage Device(s) found
       scanning usb for ethernet devices... 
Warning: asx0 using MAC address from net device
1 Ethernet Device(s) found
Tegra20 (TrimSlice) # setenv bootargs 'ignore_loglevel console=ttyS0,115200n8 rw root=PARTUUID=11eb23c1-01 rootwait gpt debug noinitrd earlyprintk init=/bin/bash'
Tegra20 (TrimSlice) # setenv ipaddr 192.168.100.103; setenv serverip 192.168.100.1; setenv tftpserverip 192.168.100.1
Tegra20 (TrimSlice) # tftpboot 0x00408000 zImage.multi_v7_defconfig
Using RTL8169#0 device
TFTP from server 192.168.100.1; our IP address is 192.168.100.103
Filename 'zImage.multi_v7_defconfig'.
Load address: 0x408000
Loading: *#################################################################
	 #################################################################
	 #################################################################
	 #################################################################
	 #################################################################
	 #################################################################
	 #################################################################
	 #################################################################
	 ########################################
	 912.1 KiB/s
done
Bytes transferred = 8217088 (7d6200 hex)
Tegra20 (TrimSlice) # tftpboot 0x02408000 tegra20-trimslice.dtb
Using RTL8169#0 device
TFTP from server 192.168.100.1; our IP address is 192.168.100.103
Filename 'tegra20-trimslice.dtb'.
Load address: 0x2408000
Loading: *##
	 860.4 KiB/s
done
Bytes transferred = 21160 (52a8 hex)
Tegra20 (TrimSlice) # bootz 0x00408000 - 0x02408000
Kernel image @ 0x408000 [ 0x000000 - 0x7d6200 ]
## Flattened Device Tree blob at 02408000
   Booting using the fdt blob at 0x2408000
   Using Device Tree in place at 02408000, end 024102a7

Starting kernel ...

[    0.000000] Booting Linux on physical CPU 0x0
[    0.000000] Linux version 4.14.0-rc8-next-20171109-214194-g5515cf1 (jonathanh@sellafield) (gcc version 4.7.3 20130328 (prerelease) (crosstool-NG linaro-1.13.1-4.7-2013.04-20130415 - Linaro GCC 2013.04)) #1 SMP Thu Nov 9 03:00:22 PST 2017
[    0.000000] CPU: ARMv7 Processor [411fc090] revision 0 (ARMv7), cr=10c5387d
[    0.000000] CPU: PIPT / VIPT nonaliasing data cache, VIPT aliasing instruction cache
[    0.000000] OF: fdt: Machine model: Compulab TrimSlice board
[    0.000000] debug: ignoring loglevel setting.
[    0.000000] Memory policy: Data cache writealloc
[    0.000000] efi: Getting EFI parameters from FDT:
[    0.000000] efi: UEFI not found.
[    0.000000] cma: Reserved 64 MiB at 0x3c000000
[    0.000000] On node 0 totalpages: 262144
[    0.000000] free_area_init_node: node 0, pgdat c1680280, node_mem_map ef7f8000
[    0.000000]   DMA zone: 1536 pages used for memmap
[    0.000000]   DMA zone: 0 pages reserved
[    0.000000]   DMA zone: 196608 pages, LIFO batch:31
[    0.000000]   HighMem zone: 65536 pages, LIFO batch:15
[    0.000000] random: fast init done
[    0.000000] percpu: Embedded 17 pages/cpu @ef7c6000 s39424 r8192 d22016 u69632
[    0.000000] pcpu-alloc: s39424 r8192 d22016 u69632 alloc=17*4096
[    0.000000] pcpu-alloc: [0] 0 [0] 1 
[    0.000000] Built 1 zonelists, mobility grouping on.  Total pages: 260608
[    0.000000] Kernel command line: ignore_loglevel console=ttyS0,115200n8 rw root=PARTUUID=11eb23c1-01 rootwait gpt debug noinitrd earlyprintk init=/bin/bash
[    0.000000] Dentry cache hash table entries: 131072 (order: 7, 524288 bytes)
[    0.000000] Inode-cache hash table entries: 65536 (order: 6, 262144 bytes)
[    0.000000] Memory: 953376K/1048576K available (11264K kernel code, 1600K rwdata, 4556K rodata, 2048K init, 404K bss, 29664K reserved, 65536K cma-reserved, 196608K highmem)
[    0.000000] Virtual kernel memory layout:
[    0.000000]     vector  : 0xffff0000 - 0xffff1000   (   4 kB)
[    0.000000]     fixmap  : 0xffc00000 - 0xfff00000   (3072 kB)
[    0.000000]     vmalloc : 0xf0800000 - 0xff800000   ( 240 MB)
[    0.000000]     lowmem  : 0xc0000000 - 0xf0000000   ( 768 MB)
[    0.000000]     pkmap   : 0xbfe00000 - 0xc0000000   (   2 MB)
[    0.000000]     modules : 0xbf000000 - 0xbfe00000   (  14 MB)
[    0.000000]       .text : 0xc0208000 - 0xc0e00000   (12256 kB)
[    0.000000]       .init : 0xc1300000 - 0xc1500000   (2048 kB)
[    0.000000]       .data : 0xc1500000 - 0xc1690280   (1601 kB)
[    0.000000]        .bss : 0xc1690280 - 0xc16f5634   ( 405 kB)
[    0.000000] SLUB: HWalign=64, Order=0-3, MinObjects=0, CPUs=2, Nodes=1
[    0.000000] Hierarchical RCU implementation.
[    0.000000] 	RCU event tracing is enabled.
[    0.000000] 	RCU restricting CPUs from NR_CPUS=16 to nr_cpu_ids=2.
[    0.000000] RCU: Adjusting geometry for rcu_fanout_leaf=16, nr_cpu_ids=2
[    0.000000] NR_IRQS: 16, nr_irqs: 16, preallocated irqs: 16
[    0.000000] /interrupt-controller@60004000: 128 interrupts forwarded to /interrupt-controller@50041000
[    0.000000] L2C: platform modifies aux control register: 0x02080000 -> 0x3e480001
[    0.000000] L2C: DT/platform modifies aux control register: 0x02080000 -> 0x3e480001
[    0.000000] L2C-310 errata 727915 769419 enabled
[    0.000000] L2C-310 enabling early BRESP for Cortex-A9
[    0.000000] L2C-310: enabling full line of zeros but not enabled in Cortex-A9
[    0.000000] L2C-310 ID prefetch enabled, offset 1 lines
[    0.000000] L2C-310 cache controller enabled, 8 ways, 1024 kB
[    0.000000] L2C-310: CACHE_ID 0x410000c4, AUX_CTRL 0x7e480001
[    0.000009] sched_clock: 32 bits at 1000kHz, resolution 1000ns, wraps every 2147483647500ns
[    0.000025] clocksource: timer_us: mask: 0xffffffff max_cycles: 0xffffffff, max_idle_ns: 1911260446275 ns
[    0.000035] Switching to timer-based delay loop, resolution 1000ns
[    0.001674] Console: colour dummy device 80x30
[    0.001703] Calibrating delay loop (skipped), value calculated using timer frequency.. 2.00 BogoMIPS (lpj=10000)
[    0.001715] pid_max: default: 32768 minimum: 301
[    0.001812] Mount-cache hash table entries: 2048 (order: 1, 8192 bytes)
[    0.001823] Mountpoint-cache hash table entries: 2048 (order: 1, 8192 bytes)
[    0.002267] CPU: Testing write buffer coherency: ok
[    0.002484] CPU0: thread -1, cpu 0, socket 0, mpidr 80000000
[    0.002719] Setting up static identity map for 0x300000 - 0x3000a0
[    0.003371] Hierarchical SRCU implementation.
[    0.004218] Tegra Revision: A03 prime SKU: 8 CPU Process: 1 SoC Process: 2
[    0.004673] EFI services will not be available.
[    0.004766] smp: Bringing up secondary CPUs ...
[    0.005291] CPU1: thread -1, cpu 1, socket 0, mpidr 80000001
[    0.005379] smp: Brought up 1 node, 2 CPUs
[    0.005390] SMP: Total of 2 processors activated (4.00 BogoMIPS).
[    0.005396] CPU: All CPU(s) started in SVC mode.
[    0.006065] devtmpfs: initialized
[    0.009628] VFP support v0.3: implementor 41 architecture 3 part 30 variant 9 rev 1
[    0.009840] clocksource: jiffies: mask: 0xffffffff max_cycles: 0xffffffff, max_idle_ns: 19112604462750000 ns
[    0.009854] futex hash table entries: 512 (order: 3, 32768 bytes)
[    0.012880] pinctrl core: initialized pinctrl subsystem
[    0.013814] DMI not present or invalid.
[    0.014046] NET: Registered protocol family 16
[    0.016148] DMA: preallocated 256 KiB pool for atomic coherent allocations
[    0.017467] cpuidle: using governor menu
[    0.033048] No ATAGs?
[    0.033111] hw-breakpoint: found 5 (+1 reserved) breakpoint and 1 watchpoint registers.
[    0.033122] hw-breakpoint: maximum watchpoint size is 4 bytes.
[    0.037662] Serial: AMBA PL011 UART driver
[    0.047888] AT91: Could not find identification node
[    0.048392] usb1_vbus: Failed to request enable GPIO170: -517
[    0.048408] reg-fixed-voltage regulators:regulator@2: Failed to register regulator: -517
[    0.052033] vgaarb: loaded
[    0.052568] SCSI subsystem initialized
[    0.052699] libata version 3.00 loaded.
[    0.052868] usbcore: registered new interface driver usbfs
[    0.052906] usbcore: registered new interface driver hub
[    0.052945] usbcore: registered new device driver usb
[    0.054889] pps_core: LinuxPPS API ver. 1 registered
[    0.054897] pps_core: Software ver. 5.3.6 - Copyright 2005-2007 Rodolfo Giometti <giometti@linux.it>
[    0.054919] PTP clock support registered
[    0.055053] EDAC MC: Ver: 3.0.0
[    0.056714] clocksource: Switched to clocksource timer_us
[    0.092274] NET: Registered protocol family 2
[    0.092706] TCP established hash table entries: 8192 (order: 3, 32768 bytes)
[    0.092776] TCP bind hash table entries: 8192 (order: 4, 65536 bytes)
[    0.092890] TCP: Hash tables configured (established 8192 bind 8192)
[    0.093018] UDP hash table entries: 512 (order: 2, 16384 bytes)
[    0.093070] UDP-Lite hash table entries: 512 (order: 2, 16384 bytes)
[    0.093235] NET: Registered protocol family 1
[    0.093561] RPC: Registered named UNIX socket transport module.
[    0.093569] RPC: Registered udp transport module.
[    0.093574] RPC: Registered tcp transport module.
[    0.093579] RPC: Registered tcp NFSv4.1 backchannel transport module.
[    0.093588] PCI: CLS 0 bytes, default 64
[    0.094394] hw perfevents: no interrupt-affinity property for /pmu, guessing.
[    0.094560] hw perfevents: enabled with armv7_cortex_a9 PMU driver, 7 counters available
[    0.095619] Initialise system trusted keyrings
[    0.095729] workingset: timestamp_bits=30 max_order=18 bucket_order=0
[    0.100673] squashfs: version 4.0 (2009/01/31) Phillip Lougher
[    0.101173] NFS: Registering the id_resolver key type
[    0.101193] Key type id_resolver registered
[    0.101199] Key type id_legacy registered
[    0.101230] ntfs: driver 2.1.32 [Flags: R/O].
[    0.102463] Key type asymmetric registered
[    0.102472] Asymmetric key parser 'x509' registered
[    0.102510] bounce: pool size: 64 pages
[    0.102555] Block layer SCSI generic (bsg) driver version 0.4 loaded (major 247)
[    0.102564] io scheduler noop registered
[    0.102569] io scheduler deadline registered
[    0.102744] io scheduler cfq registered (default)
[    0.102752] io scheduler mq-deadline registered
[    0.102758] io scheduler kyber registered
[    0.114624] tegra-pcie 80003000.pcie: dual-mode configuration
[    0.115339] tegra-pcie 80003000.pcie: probing port 0, using 2 lanes
[    0.196892] tegra-pcie 80003000.pcie: PCI host bridge to bus 0000:00
[    0.196904] pci_bus 0000:00: root bus resource [io  0x0000-0xffff]
[    0.196912] pci_bus 0000:00: root bus resource [mem 0xa0000000-0xa7ffffff]
[    0.196921] pci_bus 0000:00: root bus resource [mem 0xa8000000-0xbfffffff pref]
[    0.196931] pci_bus 0000:00: root bus resource [bus 00-ff]
[    0.196964] pci 0000:00:01.0: [10de:0bf0] type 01 class 0x060000
[    0.196984] pci_bus 0000:00: 2-byte config write to 0000:00:01.0 offset 0x4 may corrupt adjacent RW1C bits
[    0.196995] pci_bus 0000:00: 2-byte config write to 0000:00:01.0 offset 0x4 may corrupt adjacent RW1C bits
[    0.197014] pci 0000:00:01.0: enabling Extended Tags
[    0.197023] pci_bus 0000:00: 2-byte config write to 0000:00:01.0 offset 0x88 may corrupt adjacent RW1C bits
[    0.197049] pci_bus 0000:00: 2-byte config write to 0000:00:01.0 offset 0x52 may corrupt adjacent RW1C bits
[    0.197074] pci 0000:00:01.0: PME# supported from D0 D1 D2 D3hot D3cold
[    0.197084] pci_bus 0000:00: 2-byte config write to 0000:00:01.0 offset 0x4c may corrupt adjacent RW1C bits
[    0.197239] pci_bus 0000:00: 2-byte config write to 0000:00:01.0 offset 0x3e may corrupt adjacent RW1C bits
[    0.197252] pci_bus 0000:00: 2-byte config write to 0000:00:01.0 offset 0x4 may corrupt adjacent RW1C bits
[    0.197262] pci_bus 0000:00: 1-byte config write to 0000:00:01.0 offset 0xc may corrupt adjacent RW1C bits
[    0.197268] PCI: bus0: Fast back to back transfers disabled
[    0.197278] pci 0000:00:01.0: bridge configuration invalid ([bus 00-00]), reconfiguring
[    0.197287] pci_bus 0000:00: 2-byte config write to 0000:00:01.0 offset 0x3e may corrupt adjacent RW1C bits
[    0.197298] pci_bus 0000:00: 2-byte config write to 0000:00:01.0 offset 0x3e may corrupt adjacent RW1C bits
[    0.197404] pci 0000:01:00.0: [10ec:8168] type 00 class 0x020000
[    0.197432] pci 0000:01:00.0: reg 0x10: [io  0x0000-0x00ff]
[    0.197457] pci 0000:01:00.0: reg 0x18: [mem 0x00000000-0x00000fff 64bit pref]
[    0.197475] pci 0000:01:00.0: reg 0x20: [mem 0x00000000-0x00003fff 64bit pref]
[    0.197489] pci 0000:01:00.0: reg 0x30: [mem 0x00000000-0x0001ffff pref]
[    0.197608] PCI: bus1: Fast back to back transfers disabled
[    0.197621] pci_bus 0000:01: busn_res: [bus 01-ff] end is updated to 01
[    0.197649] pci 0000:00:01.0: BAR 8: assigned [mem 0xa0000000-0xa00fffff]
[    0.197661] pci 0000:00:01.0: BAR 9: assigned [mem 0xa8000000-0xa80fffff 64bit pref]
[    0.197669] pci 0000:00:01.0: BAR 7: assigned [io  0x1000-0x1fff]
[    0.197682] pci 0000:01:00.0: BAR 6: assigned [mem 0xa0000000-0xa001ffff pref]
[    0.197692] pci 0000:01:00.0: BAR 4: assigned [mem 0xa8000000-0xa8003fff 64bit pref]
[    0.197711] pci 0000:01:00.0: BAR 2: assigned [mem 0xa8004000-0xa8004fff 64bit pref]
[    0.197728] pci 0000:01:00.0: BAR 0: assigned [io  0x1000-0x10ff]
[    0.197739] pci 0000:00:01.0: PCI bridge to [bus 01]
[    0.197747] pci 0000:00:01.0:   bridge window [io  0x1000-0x1fff]
[    0.197756] pci 0000:00:01.0:   bridge window [mem 0xa0000000-0xa00fffff]
[    0.197765] pci 0000:00:01.0:   bridge window [mem 0xa8000000-0xa80fffff 64bit pref]
[    0.197787] pci 0000:00:01.0: nv_msi_ht_cap_quirk didn't locate host bridge
[    0.197840] Disabling cpuidle LP2 state, since PCIe IRQs are in use
[    0.197876] pcieport 0000:00:01.0: enabling device (0140 -> 0143)
[    0.198057] pcieport 0000:00:01.0: Signaling PME with IRQ 295
[    0.204093] tegra-apbdma 6000a000.dma: Tegra20 APB DMA driver register 16 channels
[    0.243756] Serial: 8250/16550 driver, 4 ports, IRQ sharing disabled
[    0.245920] console [ttyS0] disabled
[    0.245958] 70006000.serial: ttyS0 at MMIO 0x70006000 (irq = 279, base_baud = 13500000) is a Tegra
[    1.322491] console [ttyS0] enabled
[    1.326538] SuperH (H)SCI(F) driver initialized
[    1.331825] msm_serial: driver initialized
[    1.336047] STMicroelectronics ASC driver initialized
[    1.345292] tegra-hdmi 54280000.hdmi: 54280000.hdmi supply hdmi not found, using dummy regulator
[    1.356369] [drm] Supports vblank timestamp caching Rev 2 (21.10.2013).
[    1.363007] [drm] No driver support for vblank timestamp query.
[    1.368960] [drm] Cannot find any crtc or sizes
[    1.373505] [drm] Initialized tegra 0.0.0 20120330 for drm on minor 0
[    1.381517] [drm] Cannot find any crtc or sizes
[    1.391144] brd: module loaded
[    1.399330] loop: module loaded
[    1.408461] m25p80 spi0.0: found s25fl008k, expected w25q80bl
[    1.414264] m25p80 spi0.0: s25fl008k (1024 Kbytes)
[    1.420982] libphy: Fixed MDIO Bus: probed
[    1.425783] CAN device driver interface
[    1.430293] bgmac_bcma: Broadcom 47xx GBit MAC driver loaded
[    1.436950] e1000e: Intel(R) PRO/1000 Network Driver - 3.2.6-k
[    1.442767] e1000e: Copyright(c) 1999 - 2015 Intel Corporation.
[    1.448737] igb: Intel(R) Gigabit Ethernet Network Driver - version 5.4.0-k
[    1.455680] igb: Copyright (c) 2007-2014 Intel Corporation.
[    1.461806] r8169 Gigabit Ethernet driver 2.3LK-NAPI loaded
[    1.467402] r8169 0000:01:00.0: enabling device (0140 -> 0143)
[    1.473250] r8169 0000:01:00.0 (unnamed net_device) (uninitialized): not PCI Express
[    1.481537] r8169 0000:01:00.0 eth0: RTL8168d/8111d at 0xf0a5c000, 00:01:c0:13:7d:63, XID 081000c0 IRQ 286
[    1.491192] r8169 0000:01:00.0 eth0: jumbo features [frames: 9200 bytes, tx checksumming: ko]
[    1.501983] pegasus: v0.9.3 (2013/04/25), Pegasus/Pegasus II USB Ethernet driver
[    1.509433] usbcore: registered new interface driver pegasus
[    1.515105] usbcore: registered new interface driver asix
[    1.520542] usbcore: registered new interface driver ax88179_178a
[    1.526642] usbcore: registered new interface driver cdc_ether
[    1.532508] usbcore: registered new interface driver smsc75xx
[    1.538291] usbcore: registered new interface driver smsc95xx
[    1.544043] usbcore: registered new interface driver net1080
[    1.549726] usbcore: registered new interface driver cdc_subset
[    1.555657] usbcore: registered new interface driver zaurus
[    1.561267] usbcore: registered new interface driver cdc_ncm
[    1.567207] tegra-phy c5004000.usb-phy: no vbus regulator
[    1.573704] tegra-phy c5008000.usb-phy: no vbus regulator
[    1.580446] ehci_hcd: USB 2.0 'Enhanced' Host Controller (EHCI) Driver
[    1.586978] ehci-pci: EHCI PCI platform driver
[    1.591438] ehci-platform: EHCI generic platform driver
[    1.596817] ehci-orion: EHCI orion driver
[    1.600927] SPEAr-ehci: EHCI SPEAr driver
[    1.605026] ehci-st: EHCI STMicroelectronics driver
[    1.610007] ehci-exynos: EHCI EXYNOS driver
[    1.614287] ehci-atmel: EHCI Atmel driver
[    1.618399] tegra-ehci: Tegra EHCI driver
[    1.677694] ulpi_phy_power_on: ulpi write failed
[    1.682302] tegra-ehci c5004000.usb: Failed to power on the phy
[    1.688238] tegra-ehci: probe of c5004000.usb failed with error -110
[    1.697212] tegra-ehci c5008000.usb: EHCI Host Controller
[    1.702614] tegra-ehci c5008000.usb: new USB bus registered, assigned bus number 1
[    1.710339] tegra-ehci c5008000.usb: irq 290, io mem 0xc5008000
[    1.736732] tegra-ehci c5008000.usb: USB 2.0 started, EHCI 1.00
[    1.743179] hub 1-0:1.0: USB hub found
[    1.746973] hub 1-0:1.0: 1 port detected
[    1.750906] hub 1-0:1.0: config failed, can't get hub status (err 2)
[    1.786736] hub 1-0:1.0: activate --> -22
[    1.790811] ohci_hcd: USB 1.1 'Open' Host Controller (OHCI) Driver
[    1.797003] ohci-pci: OHCI PCI platform driver
[    1.801472] ohci-platform: OHCI generic platform driver
[    1.806866] SPEAr-ohci: OHCI SPEAr driver
[    1.810965] ohci-st: OHCI STMicroelectronics driver
[    1.815925] ohci-atmel: OHCI Atmel driver
[    1.820513] usbcore: registered new interface driver usb-storage
[    1.830084] rtc-em3027 2-0056: rtc core: registered rtc-em3027 as rtc0
[    1.837731] tegra_rtc 7000e000.rtc: rtc core: registered 7000e000.rtc as rtc1
[    1.844888] tegra_rtc 7000e000.rtc: Tegra internal Real Time Clock
[    1.851475] i2c /dev entries driver
[    1.856739] hub 1-0:1.0: activate --> -22
[    1.864330] sdhci: Secure Digital Host Controller Interface driver
[    1.870535] sdhci: Copyright(c) Pierre Ossman
[    1.876077] Synopsys Designware Multimedia Card Interface Driver
[    1.883136] sdhci-pltfm: SDHCI platform and OF driver helper
[    1.897122] mmc0: Invalid maximum block size, assuming 512 bytes
[    1.926861] hub 1-0:1.0: activate --> -22
[    1.956807] mmc0: SDHCI controller on c8000000.sdhci [c8000000.sdhci] using ADMA
[    1.964438] sdhci-tegra c8000600.sdhci: Got CD GPIO
[    1.969393] sdhci-tegra c8000600.sdhci: Got WP GPIO
[    1.983026] mmc1: Invalid maximum block size, assuming 512 bytes
[    1.986800] hub 1-0:1.0: activate --> -22
[    2.046730] hub 1-0:1.0: activate --> -22
[    2.051257] mmc1: SDHCI controller on c8000600.sdhci [c8000600.sdhci] using ADMA
[    2.065364] ledtrig-cpu: registered to indicate activity on CPUs
[    2.072472] usbcore: registered new interface driver usbhid
[    2.078144] usbhid: USB HID core driver
[    2.096497] NET: Registered protocol family 10
[    2.103378] Segment Routing with IPv6
[    2.107124] sit: IPv6, IPv4 and MPLS over IPv4 tunneling driver
[    2.113455] NET: Registered protocol family 17
[    2.117919] can: controller area network core (rev 20170425 abi 9)
[    2.124129] NET: Registered protocol family 29
[    2.128576] can: raw protocol (rev 20170425)
[    2.132833] can: broadcast manager protocol (rev 20170425 t)
[    2.138493] can: netlink gateway (rev 20170425) max_hops=1
[    2.144250] Key type dns_resolver registered
[    2.148882] ThumbEE CPU extension supported.
[    2.153149] Registering SWP/SWPB emulation handler
[    2.158112] hub 1-0:1.0: activate --> -22
[    2.160404] Loading compiled-in X.509 certificates
[    2.169158] utmi_phy_clk_enable: timeout waiting for phy to stabilize
[    2.175609] tegra-ehci c5000000.usb: EHCI Host Controller
[    2.181040] tegra-ehci c5000000.usb: new USB bus registered, assigned bus number 2
[    2.188954] tegra-ehci c5000000.usb: irq 288, io mem 0xc5000000
[    2.196733] hub 1-0:1.0: activate --> -22
[    2.216809] tegra-ehci c5000000.usb: USB 2.0 started, EHCI 1.00
[    2.223875] hub 2-0:1.0: USB hub found
[    2.227799] hub 2-0:1.0: 1 port detected
[    2.231829] hub 2-0:1.0: config failed, can't get hub status (err 2)
[    2.240484] input: gpio-keys as /devices/soc0/gpio-keys/input/input0
[    2.247783] rtc-em3027 2-0056: hctosys: unable to read the hardware clock
[    2.256223] Waiting for root device PARTUUID=11eb23c1-01...
[    2.256737] hub 1-0:1.0: activate --> -22
[    2.271991] mmc1: new high speed SD card at address b368
[    2.278007] mmcblk1: mmc1:b368 NCard 1.83 GiB (ro)
[    2.285455]  mmcblk1: p1 p2
[    2.326867] hub 1-0:1.0: activate --> -22
[    2.386875] hub 1-0:1.0: activate --> -22
[    2.446872] hub 1-0:1.0: activate --> -22
[    2.506872] hub 1-0:1.0: activate --> -22
[    2.566873] hub 1-0:1.0: activate --> -22
[    2.626872] hub 1-0:1.0: activate --> -22
[    2.686873] hub 1-0:1.0: activate --> -22
[    2.746874] hub 1-0:1.0: activate --> -22
[    2.806872] hub 1-0:1.0: activate --> -22
[    2.866872] hub 1-0:1.0: activate --> -22
[    2.926871] hub 1-0:1.0: activate --> -22
[    2.986873] hub 1-0:1.0: activate --> -22
[    3.046887] hub 1-0:1.0: activate --> -22
[    3.106871] hub 1-0:1.0: activate --> -22
[    3.166859] hub 1-0:1.0: activate --> -22
[    3.226875] hub 1-0:1.0: activate --> -22
[    3.274524] mmc0: host does not support reading read-only switch, assuming write-enable
[    3.284535] mmc0: new high speed SDHC card at address b368
[    3.286754] hub 1-0:1.0: activate --> -22
[    3.294824] mmcblk0: mmc0:b368 NCard 3.70 GiB 
[    3.301165]  mmcblk0: p1
[    3.307498] EXT4-fs (mmcblk0p1): mounting ext3 file system using the ext4 subsystem
[    3.346848] hub 1-0:1.0: activate --> -22
[    3.406867] hub 1-0:1.0: activate --> -22
[    3.466816] hub 1-0:1.0: activate --> -22
[    3.526823] hub 1-0:1.0: activate --> -22
[    3.586865] hub 1-0:1.0: activate --> -22
[    3.646873] hub 1-0:1.0: activate --> -22
[    3.706875] hub 1-0:1.0: activate --> -22
[    3.766853] hub 1-0:1.0: activate --> -22
[    3.826823] hub 1-0:1.0: activate --> -22
[    3.833375] EXT4-fs (mmcblk0p1): recovery complete
[    3.886872] hub 1-0:1.0: activate --> -22
[    3.911312] EXT4-fs (mmcblk0p1): mounted filesystem with ordered data mode. Opts: (null)
[    3.919568] VFS: Mounted root (ext3 filesystem) on device 179:17.
[    3.929883] devtmpfs: mounted
[    3.934400] Freeing unused kernel memory: 2048K
[    3.946757] hub 1-0:1.0: activate --> -22
[    4.006792] hub 1-0:1.0: activate --> -22
[    4.067238] hub 1-0:1.0: activate --> -22
[    4.126815] hub 1-0:1.0: activate --> -22
[    4.186896] hub 1-0:1.0: activate --> -22
bash: cannot set terminal process group (-1): Inappropriate ioctl for device
bash: no job control in this shell
[    4.246822] hub 1-0:1.0: activate --> -22
root@(none):/# [    4.306842] hub 1-0:1.0: activate --> -22
[    4.366881] hub 1-0:1.0: activate --> -22
[    4.426777] hub 1-0:1.0: activate --> -22
[    4.486813] hub 1-0:1.0: activate --> -22
[    4.546811] hub 1-0:1.0: activate --> -22
[    4.606811] hub 1-0:1.0: activate --> -22
[    4.666810] hub 1-0:1.0: activate --> -22
[    4.726810] hub 1-0:1.0: activate --> -22
[    4.786813] hub 1-0:1.0: activate --> -22
[    4.846810] hub 1-0:1.0: activate --> -22
[    4.906810] hub 1-0:1.0: activate --> -22
[    4.966810] hub 1-0:1.0: activate --> -22
[    5.026811] hub 1-0:1.0: activate --> -22
[    5.086810] hub 1-0:1.0: activate --> -22
[    5.146865] hub 1-0:1.0: activate --> -22
[    5.206862] hub 1-0:1.0: activate --> -22
[    5.266861] hub 1-0:1.0: activate --> -22
[    5.326864] hub 1-0:1.0: activate --> -22
[    5.386866] hub 1-0:1.0: activate --> -22
[    5.446812] hub 1-0:1.0: activate --> -22
[    5.506811] hub 1-0:1.0: activate --> -22
[    5.566811] hub 1-0:1.0: activate --> -22
[    5.626811] hub 1-0:1.0: activate --> -22
[    5.686810] hub 1-0:1.0: activate --> -22
[    5.746810] hub 1-0:1.0: activate --> -22
[    5.806809] hub 1-0:1.0: activate --> -22
[    5.866810] hub 1-0:1.0: activate --> -22
[    5.926810] hub 1-0:1.0: activate --> -22
[    5.986810] hub 1-0:1.0: activate --> -22
[    6.046809] hub 1-0:1.0: activate --> -22
[    6.106867] hub 1-0:1.0: activate --> -22
[    6.166862] hub 1-0:1.0: activate --> -22
[    6.226859] hub 1-0:1.0: activate --> -22
[    6.286862] hub 1-0:1.0: activate --> -22
[    6.346861] hub 1-0:1.0: activate --> -22
[    6.406864] hub 1-0:1.0: activate --> -22
[    6.466863] hub 1-0:1.0: activate --> -22
[    6.526860] hub 1-0:1.0: activate --> -22
[    6.586861] hub 1-0:1.0: activate --> -22
[    6.646860] hub 1-0:1.0: activate --> -22
[    6.706859] hub 1-0:1.0: activate --> -22
[    6.766859] hub 1-0:1.0: activate --> -22
[    6.826860] hub 1-0:1.0: activate --> -22
[    6.886860] hub 1-0:1.0: activate --> -22
[    6.946860] hub 1-0:1.0: activate --> -22
[    7.006860] hub 1-0:1.0: activate --> -22
[    7.066862] hub 1-0:1.0: activate --> -22
[    7.126822] hub 1-0:1.0: activate --> -22
[    7.186810] hub 1-0:1.0: activate --> -22
[    7.246810] hub 1-0:1.0: activate --> -22
[    7.306810] hub 1-0:1.0: activate --> -22
[    7.366810] hub 1-0:1.0: activate --> -22
[    7.426811] hub 1-0:1.0: activate --> -22
[    7.486820] hub 1-0:1.0: activate --> -22
[    7.546870] hub 1-0:1.0: activate --> -22
[    7.606813] hub 1-0:1.0: activate --> -22
[    7.666810] hub 1-0:1.0: activate --> -22
[    7.726810] hub 1-0:1.0: activate --> -22
[    7.786811] hub 1-0:1.0: activate --> -22
[    7.846810] hub 1-0:1.0: activate --> -22
[    7.906810] hub 1-0:1.0: activate --> -22
[    7.966811] hub 1-0:1.0: activate --> -22
[    8.026812] hub 1-0:1.0: activate --> -22
[    8.086819] hub 1-0:1.0: activate --> -22
[    8.146811] hub 1-0:1.0: activate --> -22
[    8.206810] hub 1-0:1.0: activate --> -22
[    8.266810] hub 1-0:1.0: activate --> -22
[    8.326813] hub 1-0:1.0: activate --> -22
[    8.386809] hub 1-0:1.0: activate --> -22
[    8.446818] hub 1-0:1.0: activate --> -22
[    8.506871] hub 1-0:1.0: activate --> -22
[    8.566861] hub 1-0:1.0: activate --> -22
[    8.626861] hub 1-0:1.0: activate --> -22
[    8.686862] hub 1-0:1.0: activate --> -22
[    8.746861] hub 1-0:1.0: activate --> -22
[    8.806862] hub 1-0:1.0: activate --> -22
[    8.866865] hub 1-0:1.0: activate --> -22
[    8.926857] hub 1-0:1.0: activate --> -22
[    8.986859] hub 1-0:1.0: activate --> -22
[    9.046861] hub 1-0:1.0: activate --> -22
[    9.106861] hub 1-0:1.0: activate --> -22
[    9.166856] hub 1-0:1.0: activate --> -22
[    9.226861] hub 1-0:1.0: activate --> -22
[    9.286861] hub 1-0:1.0: activate --> -22
[    9.346860] hub 1-0:1.0: activate --> -22
[    9.406865] hub 1-0:1.0: activate --> -22
[    9.466883] hub 1-0:1.0: activate --> -22
[    9.526862] hub 1-0:1.0: activate --> -22
[    9.586869] hub 1-0:1.0: activate --> -22
[    9.646863] hub 1-0:1.0: activate --> -22
[    9.706864] hub 1-0:1.0: activate --> -22
[    9.766861] hub 1-0:1.0: activate --> -22
[    9.826862] hub 1-0:1.0: activate --> -22
[    9.886860] hub 1-0:1.0: activate --> -22
[    9.946862] hub 1-0:1.0: activate --> -22
[   10.006865] hub 1-0:1.0: activate --> -22
[   10.066859] hub 1-0:1.0: activate --> -22
[   10.126859] hub 1-0:1.0: activate --> -22
[   10.186860] hub 1-0:1.0: activate --> -22
[   10.246861] hub 1-0:1.0: activate --> -22
[   10.306860] hub 1-0:1.0: activate --> -22
[   10.366860] hub 1-0:1.0: activate --> -22
 
root@(none):/# [   10.426880] hub 1-0:1.0: activate --> -22
[   10.486862] hub 1-0:1.0: activate --> -22
[   10.546862] hub 1-0:1.0: activate --> -22
[   10.606822] hub 1-0:1.0: activate --> -22
[   10.666867] hub 1-0:1.0: activate --> -22
[   10.726813] hub 1-0:1.0: activate --> -22
[   10.786811] hub 1-0:1.0: activate --> -22
[   10.846811] hub 1-0:1.0: activate --> -22
[   10.906810] hub 1-0:1.0: activate --> -22
[   10.966809] hub 1-0:1.0: activate --> -22
[   11.026812] hub 1-0:1.0: activate --> -22
[   11.086810] hub 1-0:1.0: activate --> -22
[   11.146866] hub 1-0:1.0: activate --> -22
