
U-Boot SPL 2014.01-00219-gc4d376f (Feb 18 2014 - 19:57:32)


U-Boot 2014.01-00219-gc4d376f (Feb 18 2014 - 19:57:32)

TEGRA114
Board: NVIDIA Dalmore
I2C:   ready
DRAM:  2 GiB
MMC:   Tegra SD/MMC: 0, Tegra SD/MMC: 1
In:    serial
Out:   serial
Err:   serial
Net:   Net Initialization Skipped
No ethernet found.
Hit any key to stop autoboot:  2  0 
Tegra114 (Dalmore) # 
Tegra114 (Dalmore) # usb reset
(Re)start USB...
USB0:   USB EHCI 1.10
scanning bus 0 for devices... 2 USB Device(s) found
       scanning usb for storage devices... 0 Storage Device(s) found
       scanning usb for ethernet devices... 
Warning: asx0 using MAC address from net device
1 Ethernet Device(s) found
Tegra114 (Dalmore) # setenv bootargs 'ignore_loglevel console=ttyS0,115200n8 rw root=PARTUUID=7369c667-ff51-ec4a-29cd-baabf2fbe346 rootwait gpt debug earlyprintk init=/bin/bash'
Tegra114 (Dalmore) # setenv ipaddr 192.168.100.100; setenv serverip 192.168.100.1; setenv tftpserverip 192.168.100.1
Tegra114 (Dalmore) # tftpboot 0x81000000 zImage.multi_v7_defconfig
Using asx0 device
TFTP from server 192.168.100.1; our IP address is 192.168.100.100
Filename 'zImage.multi_v7_defconfig'.
Load address: 0x81000000
Loading: *#################################################################
	 #################################################################
	 #################################################################
	 #################################################################
	 #################################################################
	 #################################################################
	 #################################################################
	 #################################################################
	 ###############
	 2.8 MiB/s
done
Bytes transferred = 7850056 (77c848 hex)
Tegra114 (Dalmore) # tftpboot 0x82000000 tegra114-dalmore.dtb
Using asx0 device
TFTP from server 192.168.100.1; our IP address is 192.168.100.100
Filename 'tegra114-dalmore.dtb'.
Load address: 0x82000000
Loading: *###
	 2.6 MiB/s
done
Bytes transferred = 35044 (88e4 hex)
Tegra114 (Dalmore) # bootz 0x81000000 - 0x82000000
Kernel image @ 0x81000000 [ 0x000000 - 0x77c848 ]
## Flattened Device Tree blob at 82000000
   Booting using the fdt blob at 0x82000000
   Loading Device Tree to 8fff4000, end 8ffff8e3 ... OK

Starting kernel ...

[    0.000000] Booting Linux on physical CPU 0x0
[    0.000000] Linux version 4.11.0-rc2-next-20170320-159700-g4f4f972 (jonathanh@sellafield) (gcc version 4.7.3 20130328 (prerelease) (crosstool-NG linaro-1.13.1-4.7-2013.04-20130415 - Linaro GCC 2013.04) ) #1 SMP Wed Mar 22 15:12:25 PDT 2017
[    0.000000] CPU: ARMv7 Processor [412fc0f2] revision 2 (ARMv7), cr=10c5387d
[    0.000000] CPU: div instructions available: patching division code
[    0.000000] CPU: PIPT / VIPT nonaliasing data cache, PIPT instruction cache
[    0.000000] OF: fdt: Machine model: NVIDIA Tegra114 Dalmore evaluation board
[    0.000000] debug: ignoring loglevel setting.
[    0.000000] efi: Getting EFI parameters from FDT:
[    0.000000] efi: UEFI not found.
[    0.000000] cma: Reserved 64 MiB at 0xfb800000
[    0.000000] Memory policy: Data cache writealloc
[    0.000000] On node 0 totalpages: 524032
[    0.000000] free_area_init_node: node 0, pgdat c157b940, node_mem_map eeff8000
[    0.000000]   DMA zone: 1536 pages used for memmap
[    0.000000]   DMA zone: 0 pages reserved
[    0.000000]   DMA zone: 196608 pages, LIFO batch:31
[    0.000000]   HighMem zone: 327424 pages, LIFO batch:31
[    0.000000] percpu: Embedded 17 pages/cpu @eef98000 s38528 r8192 d22912 u69632
[    0.000000] pcpu-alloc: s38528 r8192 d22912 u69632 alloc=17*4096
[    0.000000] pcpu-alloc: [0] 0 [0] 1 [0] 2 [0] 3 
[    0.000000] Built 1 zonelists in Zone order, mobility grouping on.  Total pages: 522496
[    0.000000] Kernel command line: ignore_loglevel console=ttyS0,115200n8 rw root=PARTUUID=7369c667-ff51-ec4a-29cd-baabf2fbe346 rootwait gpt debug earlyprintk init=/bin/bash
[    0.000000] PID hash table entries: 4096 (order: 2, 16384 bytes)
[    0.000000] Dentry cache hash table entries: 131072 (order: 7, 524288 bytes)
[    0.000000] Inode-cache hash table entries: 65536 (order: 6, 262144 bytes)
[    0.000000] Memory: 1993580K/2096128K available (10240K kernel code, 1548K rwdata, 4388K rodata, 2048K init, 417K bss, 37012K reserved, 65536K cma-reserved, 1244160K highmem)
[    0.000000] Virtual kernel memory layout:
[    0.000000]     vector  : 0xffff0000 - 0xffff1000   (   4 kB)
[    0.000000]     fixmap  : 0xffc00000 - 0xfff00000   (3072 kB)
[    0.000000]     vmalloc : 0xf0800000 - 0xff800000   ( 240 MB)
[    0.000000]     lowmem  : 0xc0000000 - 0xf0000000   ( 768 MB)
[    0.000000]     pkmap   : 0xbfe00000 - 0xc0000000   (   2 MB)
[    0.000000]     modules : 0xbf000000 - 0xbfe00000   (  14 MB)
[    0.000000]       .text : 0xc0208000 - 0xc0d00000   (11232 kB)
[    0.000000]       .init : 0xc1200000 - 0xc1400000   (2048 kB)
[    0.000000]       .data : 0xc1400000 - 0xc1583390   (1549 kB)
[    0.000000]        .bss : 0xc1585000 - 0xc15ed5c8   ( 418 kB)
[    0.000000] SLUB: HWalign=64, Order=0-3, MinObjects=0, CPUs=4, Nodes=1
[    0.000000] Hierarchical RCU implementation.
[    0.000000] 	RCU debugfs-based tracing is enabled.
[    0.000000] 	RCU restricting CPUs from NR_CPUS=16 to nr_cpu_ids=4.
[    0.000000] RCU: Adjusting geometry for rcu_fanout_leaf=16, nr_cpu_ids=4
[    0.000000] NR_IRQS:16 nr_irqs:16 16
[    0.000000] /interrupt-controller@60004000: 160 interrupts forwarded to /interrupt-controller@50041000
[    0.000000] Tegra clk 127: register failed with -17
[    0.000007] sched_clock: 32 bits at 1000kHz, resolution 1000ns, wraps every 2147483647500ns
[    0.000027] clocksource: timer_us: mask: 0xffffffff max_cycles: 0xffffffff, max_idle_ns: 1911260446275 ns
[    0.000043] Switching to timer-based delay loop, resolution 1000ns
[    0.003219] arm_arch_timer: Architected cp15 timer(s) running at 12.00MHz (virt).
[    0.003239] clocksource: arch_sys_counter: mask: 0xffffffffffffff max_cycles: 0x2c47f4ee7, max_idle_ns: 440795202497 ns
[    0.003259] sched_clock: 56 bits at 12MHz, resolution 83ns, wraps every 4398046511096ns
[    0.003274] Switching to timer-based delay loop, resolution 83ns
[    0.003660] Console: colour dummy device 80x30
[    0.003692] Calibrating delay loop (skipped), value calculated using timer frequency.. 24.00 BogoMIPS (lpj=120000)
[    0.003711] pid_max: default: 32768 minimum: 301
[    0.003810] Mount-cache hash table entries: 2048 (order: 1, 8192 bytes)
[    0.003825] Mountpoint-cache hash table entries: 2048 (order: 1, 8192 bytes)
[    0.004330] CPU: Testing write buffer coherency: ok
[    0.004568] /cpus/cpu@0 missing clock-frequency property
[    0.004598] /cpus/cpu@1 missing clock-frequency property
[    0.004628] /cpus/cpu@2 missing clock-frequency property
[    0.004659] /cpus/cpu@3 missing clock-frequency property
[    0.004673] CPU0: thread -1, cpu 0, socket 0, mpidr 80000000
[    0.004970] Setting up static identity map for 0x80300000 - 0x80300098
[    0.007477] Tegra Revision: A01 SKU: 0 CPU Process: 1 SoC Process: 0
[    0.008098] EFI services will not be available.
[    0.008336] smp: Bringing up secondary CPUs ...
[    0.008971] CPU1: thread -1, cpu 1, socket 0, mpidr 80000001
[    0.009688] CPU2: thread -1, cpu 2, socket 0, mpidr 80000002
[    0.010384] CPU3: thread -1, cpu 3, socket 0, mpidr 80000003
[    0.010471] smp: Brought up 1 node, 4 CPUs
[    0.010494] SMP: Total of 4 processors activated (96.00 BogoMIPS).
[    0.010503] CPU: All CPU(s) started in SVC mode.
[    0.011993] devtmpfs: initialized
[    0.020783] VFP support v0.3: implementor 41 architecture 4 part 30 variant f rev 0
[    0.021122] clocksource: jiffies: mask: 0xffffffff max_cycles: 0xffffffff, max_idle_ns: 19112604462750000 ns
[    0.021140] futex hash table entries: 1024 (order: 4, 65536 bytes)
[    0.022579] pinctrl core: initialized pinctrl subsystem
[    0.024322] NET: Registered protocol family 16
[    0.026477] DMA: preallocated 256 KiB pool for atomic coherent allocations
[    0.028647] cpuidle: using governor menu
[    0.051332] No ATAGs?
[    0.051462] hw-breakpoint: found 5 (+1 reserved) breakpoint and 4 watchpoint registers.
[    0.051478] hw-breakpoint: maximum watchpoint size is 8 bytes.
[    0.056450] Serial: AMBA PL011 UART driver
[    0.057180] tegra-mc 70019000.memory-controller: no memory timings for RAM code 3 registered
[    0.071384] AT91: Could not find identification node
[    0.071843] dvdd_ts: Failed to request enable GPIO61: -517
[    0.071865] reg-fixed-voltage regulators:regulator@1: Failed to register regulator: -517
[    0.071962] usb1_vbus: Failed to request enable GPIO108: -517
[    0.071976] reg-fixed-voltage regulators:regulator@3: Failed to register regulator: -517
[    0.072070] usb2_vbus: Failed to request enable GPIO86: -517
[    0.072084] reg-fixed-voltage regulators:regulator@4: Failed to register regulator: -517
[    0.072480] VDD_5V0_HDMI_CON: Failed to request enable GPIO81: -517
[    0.072495] reg-fixed-voltage regulators:regulator@7: Failed to register regulator: -517
[    0.075089] vgaarb: loaded
[    0.075814] SCSI subsystem initialized
[    0.075981] libata version 3.00 loaded.
[    0.076206] usbcore: registered new interface driver usbfs
[    0.076264] usbcore: registered new interface driver hub
[    0.076324] usbcore: registered new device driver usb
[    0.079468] tps65090 2-0048: No cache defaults, reading back from HW
[    0.081348] TPS65090_RAILSDCDC1: supplied by vdd_ac_bat
[    0.082398] TPS65090_RAILSDCDC2: supplied by vdd_ac_bat
[    0.083461] TPS65090_RAILSDCDC3: supplied by vdd_ac_bat
[    0.083979] TPS65090_RAILSFET1: supplied by vdd_ac_bat
[    0.084352] TPS65090_RAILSFET2: supplied by vdd_ac_bat
[    0.084714] TPS65090_RAILSFET3: supplied by vdd-sys-3v3
[    0.085226] TPS65090_RAILSFET4: supplied by vdd-sys-3v3
[    0.085757] TPS65090_RAILSFET5: supplied by vdd-sys-3v3
[    0.086267] TPS65090_RAILSFET6: supplied by vdd-sys-3v3
[    0.087099] TPS65090_RAILSFET7: supplied by vdd-sys-3v3
[    0.087626] TPS65090_RAILSLDO1: supplied by vdd_ac_bat
[    0.087830] TPS65090_RAILSLDO2: supplied by vdd_ac_bat
[    0.088725] palmas 2-0058: Irq flag is 0x00000004
[    0.090672] palmas 2-0058: Muxing GPIO ff, PWM 0, LED 0
[    0.093116] SMPS12: supplied by vdd-ao
[    0.094143] vdd_hdmi_5v0: supplied by vdd-sys-5v0
[    0.094948] SMPS3: supplied by vdd-ao
[    0.096679] SMPS457: supplied by vdd-sys-3v3
[    0.099521] SMPS8: supplied by vdd-sys-3v3
[    0.100383] random: fast init done
[    0.101126] SMPS9: supplied by vdd-sys-3v3
[    0.101646] sdhci-vdd-sd-slot: Bringing 2840000uV into 2800000-2800000uV
[    0.104411] LDO1: supplied by vdd-sys-3v3
[    0.105583] LDO2: supplied by vdd-sys-3v3
[    0.106757] LDO3: supplied by vddio-1v8
[    0.107917] LDO4: supplied by vdd-sys-3v3
[    0.109099] LDO5: supplied by vdd_ac_bat
[    0.109845] LDO6: supplied by vdd-sys-3v3
[    0.110355] vdd-sensor-2v85: Bringing 2900000uV into 2850000-2850000uV
[    0.111754] LDO7: supplied by vdd-sys-3v3
[    0.113481] LDO8: supplied by vdd-ao
[    0.113993] vdd-rtc: Bringing 675000uV into 900000-900000uV
[    0.123901] LDO9: supplied by sdhci-vdd-sd-slot
[    0.134232] LDOLN: supplied by vdd-sys-5v0
[    0.135417] LDOUSB: supplied by vdd-sys-5v0
[    0.146895] pps_core: LinuxPPS API ver. 1 registered
[    0.146907] pps_core: Software ver. 5.3.6 - Copyright 2005-2007 Rodolfo Giometti <giometti@linux.it>
[    0.146931] PTP clock support registered
[    0.147118] EDAC MC: Ver: 3.0.0
[    0.149217] clocksource: Switched to clocksource arch_sys_counter
[    0.204198] NET: Registered protocol family 2
[    0.204722] TCP established hash table entries: 8192 (order: 3, 32768 bytes)
[    0.204823] TCP bind hash table entries: 8192 (order: 4, 65536 bytes)
[    0.205011] TCP: Hash tables configured (established 8192 bind 8192)
[    0.205099] UDP hash table entries: 512 (order: 2, 16384 bytes)
[    0.205143] UDP-Lite hash table entries: 512 (order: 2, 16384 bytes)
[    0.205305] NET: Registered protocol family 1
[    0.205623] RPC: Registered named UNIX socket transport module.
[    0.205634] RPC: Registered udp transport module.
[    0.205644] RPC: Registered tcp transport module.
[    0.205653] RPC: Registered tcp NFSv4.1 backchannel transport module.
[    0.205667] PCI: CLS 0 bytes, default 64
[    0.208061] workingset: timestamp_bits=30 max_order=19 bucket_order=0
[    0.216503] squashfs: version 4.0 (2009/01/31) Phillip Lougher
[    0.217203] NFS: Registering the id_resolver key type
[    0.217230] Key type id_resolver registered
[    0.217240] Key type id_legacy registered
[    0.217283] ntfs: driver 2.1.32 [Flags: R/O].
[    0.218817] bounce: pool size: 64 pages
[    0.218865] Block layer SCSI generic (bsg) driver version 0.4 loaded (major 248)
[    0.218877] io scheduler noop registered
[    0.218887] io scheduler deadline registered
[    0.219054] io scheduler cfq registered (default)
[    0.219065] io scheduler mq-deadline registered
[    0.248504] tegra-apbdma 6000a000.dma: Tegra20 APB DMA driver register 32 channels
[    0.250808] tegra-pmc 7000e400.pmc: i2c-thermtrip node not found, emergency thermal reset disabled.
[    0.305185] Serial: 8250/16550 driver, 4 ports, IRQ sharing disabled
[    0.307805] console [ttyS0] disabled
[    0.307845] 70006300.serial: ttyS0 at MMIO 0x70006300 (irq = 329, base_baud = 25500000) is a Tegra
[    1.290063] console [ttyS0] enabled
[    1.294269] SuperH (H)SCI(F) driver initialized
[    1.299697] msm_serial: driver initialized
[    1.303954] STMicroelectronics ASC driver initialized
[    1.314373] tegra-hdmi 54280000.hdmi: failed to get HDMI regulator
[    1.338185] brd: module loaded
[    1.348648] loop: module loaded
[    1.368050] m25p80 spi32766.0: w25q32dw (4096 Kbytes)
[    1.376112] libphy: Fixed MDIO Bus: probed
[    1.381242] CAN device driver interface
[    1.385856] bgmac_bcma: Broadcom 47xx GBit MAC driver loaded
[    1.392690] e1000e: Intel(R) PRO/1000 Network Driver - 3.2.6-k
[    1.398514] e1000e: Copyright(c) 1999 - 2015 Intel Corporation.
[    1.404496] igb: Intel(R) Gigabit Ethernet Network Driver - version 5.4.0-k
[    1.411463] igb: Copyright (c) 2007-2014 Intel Corporation.
[    1.420160] pegasus: v0.9.3 (2013/04/25), Pegasus/Pegasus II USB Ethernet driver
[    1.427590] usbcore: registered new interface driver pegasus
[    1.433305] usbcore: registered new interface driver asix
[    1.438727] usbcore: registered new interface driver ax88179_178a
[    1.444863] usbcore: registered new interface driver cdc_ether
[    1.450758] usbcore: registered new interface driver smsc75xx
[    1.456543] usbcore: registered new interface driver smsc95xx
[    1.462332] usbcore: registered new interface driver net1080
[    1.468014] usbcore: registered new interface driver cdc_subset
[    1.473974] usbcore: registered new interface driver zaurus
[    1.479606] usbcore: registered new interface driver cdc_ncm
[    1.487058] ehci_hcd: USB 2.0 'Enhanced' Host Controller (EHCI) Driver
[    1.493597] ehci-pci: EHCI PCI platform driver
[    1.498070] ehci-platform: EHCI generic platform driver
[    1.503489] ehci-orion: EHCI orion driver
[    1.507632] SPEAr-ehci: EHCI SPEAr driver
[    1.511778] ehci-st: EHCI STMicroelectronics driver
[    1.516770] ehci-exynos: EHCI EXYNOS driver
[    1.521103] ehci-atmel: EHCI Atmel driver
[    1.525226] tegra-ehci: Tegra EHCI driver
[    1.529534] ohci_hcd: USB 1.1 'Open' Host Controller (OHCI) Driver
[    1.535715] ohci-pci: OHCI PCI platform driver
[    1.540212] ohci-platform: OHCI generic platform driver
[    1.545571] ohci-omap3: OHCI OMAP3 driver
[    1.549714] SPEAr-ohci: OHCI SPEAr driver
[    1.553842] ohci-st: OHCI STMicroelectronics driver
[    1.558837] ohci-atmel: OHCI Atmel driver
[    1.563519] usbcore: registered new interface driver usb-storage
[    1.575083] palmas-rtc 7000d000.i2c:tps65913@58:rtc: rtc core: registered 7000d000.i2c:tps659 as rtc0
[    1.586090] tegra_rtc 7000e000.rtc: rtc core: registered 7000e000.rtc as rtc1
[    1.593272] tegra_rtc 7000e000.rtc: Tegra internal Real Time Clock
[    1.599937] i2c /dev entries driver
[    1.609554] sbs-battery 0-000b: sbs_probe: Failed to get device status
[    1.616088] sbs-battery: probe of 0-000b failed with error -121
[    1.631977] sdhci: Secure Digital Host Controller Interface driver
[    1.638151] sdhci: Copyright(c) Pierre Ossman
[    1.643892] Synopsys Designware Multimedia Card Interface Driver
[    1.651031] sdhci-pltfm: SDHCI platform and OF driver helper
[    1.657356] sdhci-tegra 78000400.sdhci: Got CD GPIO
[    1.662271] sdhci-tegra 78000400.sdhci: Got WP GPIO
[    1.676363] mmc0: Invalid maximum block size, assuming 512 bytes
[    1.749351] mmc0: SDHCI controller on 78000400.sdhci [78000400.sdhci] using ADMA
[    1.769715] mmc1: Invalid maximum block size, assuming 512 bytes
[    1.839238] mmc1: SDHCI controller on 78000600.sdhci [78000600.sdhci] using ADMA
[    1.848330] ledtrig-cpu: registered to indicate activity on CPUs
[    1.854649] usbcore: registered new interface driver usbhid
[    1.860233] usbhid: USB HID core driver
[    1.867644] NET: Registered protocol family 10
[    1.877075] Segment Routing with IPv6
[    1.880812] sit: IPv6, IPv4 and MPLS over IPv4 tunneling driver
[    1.887327] NET: Registered protocol family 17
[    1.891799] can: controller area network core (rev 20120528 abi 9)
[    1.898016] NET: Registered protocol family 29
[    1.902471] can: raw protocol (rev 20120528)
[    1.906738] can: broadcast manager protocol (rev 20161123 t)
[    1.912409] can: netlink gateway (rev 20130117) max_hops=1
[    1.918195] Key type dns_resolver registered
[    1.923039] ThumbEE CPU extension supported.
[    1.927310] Registering SWP/SWPB emulation handler
[    1.944124] usb1_vbus: supplied by vdd-sys-5v0
[    1.951241] usb2_vbus: supplied by vdd-sys-5v0
[    1.961934] VDD_5V0_HDMI_CON: supplied by vdd-sys-5v0
[    1.971540] [drm] Supports vblank timestamp caching Rev 2 (21.10.2013).
[    1.974466] mmc0: new high speed SDHC card at address aaaa
[    1.975052] mmcblk0: mmc0:aaaa SL16G 14.8 GiB 
[    1.988133] [drm] No driver support for vblank timestamp query.
[    2.000036]  mmcblk0: p1 p2 p3
[    2.019183] mmc1: new high speed MMC card at address 0001
[    2.020478] mmcblk1: mmc1:0001 SEM32G 29.1 GiB 
[    2.020802] mmcblk1boot0: mmc1:0001 SEM32G partition 1 4.00 MiB
[    2.021667] mmcblk1boot1: mmc1:0001 SEM32G partition 2 4.00 MiB
[    2.022774] mmcblk1rpmb: mmc1:0001 SEM32G partition 3 4.00 MiB
[    2.026644]  mmcblk1: p1 p2 p3 p4 p5 p6 p7 p8
[    2.089258] Console: switching to colour frame buffer device 240x75
[    2.160805] drm drm: fb0:  frame buffer device
[    2.165343] [drm] Initialized tegra 0.0.0 20120330 for drm on minor 0
[    2.177476] tegra-ehci 7d008000.usb: EHCI Host Controller
[    2.182915] tegra-ehci 7d008000.usb: new USB bus registered, assigned bus number 1
[    2.190768] tegra-ehci 7d008000.usb: irq 339, io mem 0x7d008000
[    2.219355] tegra-ehci 7d008000.usb: USB 2.0 started, EHCI 1.10
[    2.226515] hub 1-0:1.0: USB hub found
[    2.230381] hub 1-0:1.0: 1 port detected
[    2.236048] input: gpio-keys as /devices/soc0/gpio-keys/input/input0
[    2.245057] palmas-rtc 7000d000.i2c:tps65913@58:rtc: setting system clock to 2001-01-14 09:49:28 UTC (979465768)
[    2.261762] dvdd_ts: disabling
[    2.264821] usb1_vbus: disabling
[    2.268047] vdd_cam_1v8_reg: disabling
[    2.273493] EXT4-fs (mmcblk1p1): mounting ext3 file system using the ext4 subsystem
[    2.296221] EXT4-fs (mmcblk1p1): recovery complete
[    2.301092] EXT4-fs (mmcblk1p1): mounted filesystem with ordered data mode. Opts: (null)
[    2.309275] VFS: Mounted root (ext3 filesystem) on device 179:17.
[    2.318245] devtmpfs: mounted
[    2.323098] Freeing unused kernel memory: 2048K
bash: cannot set terminal process group (-1): Inappropriate ioctl for device
bash: no job control in this shell
root@(none):/# [    2.589375] usb 1-1: new high-speed USB device number 2 using tegra-ehci
mount -t sysfs none /sys
[    3.260418] asix 1-1:1.0 eth0: register 'asix' at usb-7d008000.usb-1, ASIX AX88772 USB 2.0 Ethernet, 00:50:b6:0d:b5:16
root@(none):/# 
root@(none):/# mount -t debugfs none /sys/kernel/debug
root@(none):/# 
root@(none):/# rtcwake -d rtc1 -m mem -s 3
rtcwake: assuming RTC uses UTC ...
rtcwake: wakeup from "mem" using /dev/rtc1 at Thu Jan  1 00:00:20 1970
[    5.342691] PM: Syncing filesystems ... done.
[    5.371240] Freezing user space processes ... (elapsed 0.001 seconds) done.
[    5.379584] Freezing remaining freezable tasks ... (elapsed 0.001 seconds) done.
[    5.388391] Suspending console(s) (use no_console_suspend to debug)
[    5.451338] PM: suspend of devices complete after 55.389 msecs
[    5.454187] PM: late suspend of devices complete after 2.832 msecs
[    5.456640] PM: noirq suspend of devices complete after 2.442 msecs
[    5.456645] Disabling non-boot CPUs ...
[    5.554539] IRQ17 no longer affine to CPU3
[    5.583681] Entering suspend state LP1
[    5.583681] Suspended for 7.722 seconds
[    5.583701] Enabling non-boot CPUs ...
[    5.613417] CPU1 is up
[    5.653557] CPU2 is up
[    5.694226] CPU3 is up
[    5.695408] PM: noirq resume of devices complete after 1.170 msecs
[    5.698044] PM: early resume of devices complete after 2.186 msecs
[    6.290185] PM: resume of devices complete after 592.122 msecs
[    6.354504] Restarting tasks ... done.
root@(none):/# 
root@(none):/# rtcwake -d rtc1 -m mem -s 3
rtcwake: assuming RTC uses UTC ...
rtcwake: wakeup from "mem" using /dev/rtc1 at Thu Jan  1 00:00:30 1970
[    7.613463] PM: Syncing filesystems ... done.
[    7.656947] Freezing user space processes ... (elapsed 0.001 seconds) done.
[    7.665316] Freezing remaining freezable tasks ... (elapsed 0.001 seconds) done.
[    7.674186] Suspending console(s) (use no_console_suspend to debug)
[    7.731641] PM: suspend of devices complete after 49.928 msecs
[    7.734726] PM: late suspend of devices complete after 3.069 msecs
[    7.737142] PM: noirq suspend of devices complete after 2.404 msecs
[    7.737148] Disabling non-boot CPUs ...
[    7.863013] Entering suspend state LP1
[    7.863013] Suspended for 8.304 seconds
[    7.863034] Enabling non-boot CPUs ...
[    7.893847] CPU1 is up
[    7.933467] CPU2 is up
[    7.974136] CPU3 is up
[    7.975306] PM: noirq resume of devices complete after 1.159 msecs
[    7.978033] PM: early resume of devices complete after 2.264 msecs
[    8.567252] PM: resume of devices complete after 589.201 msecs
[    8.627525] Restarting tasks ... done.
root@(none):/# 
root@(none):/# rtcwake -d rtc1 -m mem -s 3
rtcwake: assuming RTC uses UTC ...
rtcwake: wakeup from "mem" using /dev/rtc1 at Thu Jan  1 00:00:40 1970
[    9.310621] PM: Syncing filesystems ... done.
[    9.353793] Freezing user space processes ... (elapsed 0.001 seconds) done.
[    9.362153] Freezing remaining freezable tasks ... (elapsed 0.001 seconds) done.
[    9.371053] Suspending console(s) (use no_console_suspend to debug)
[    9.431149] PM: suspend of devices complete after 52.591 msecs
[    9.434333] PM: late suspend of devices complete after 3.166 msecs
[    9.436767] PM: noirq suspend of devices complete after 2.423 msecs
[    9.436773] Disabling non-boot CPUs ...
[    9.437279] IRQ17 no longer affine to CPU1
[    9.583182] Entering suspend state LP1
[    9.583182] Suspended for 7.696 seconds
[    9.583203] Enabling non-boot CPUs ...
[    9.613346] CPU1 is up
[    9.653469] CPU2 is up
[    9.694114] CPU3 is up
[    9.695287] PM: noirq resume of devices complete after 1.161 msecs
[    9.697952] PM: early resume of devices complete after 2.196 msecs
[   10.287169] PM: resume of devices complete after 589.198 msecs
[   10.351537] Restarting tasks ... done.
root@(none):/# 
root@(none):/# rtcwake -d rtc1 -m mem -s 3
rtcwake: assuming RTC uses UTC ...
rtcwake: wakeup from "mem" using /dev/rtc1 at Thu Jan  1 00:00:50 1970
[   11.609145] PM: Syncing filesystems ... done.
[   11.641148] Freezing user space processes ... (elapsed 0.001 seconds) done.
[   11.649514] Freezing remaining freezable tasks ... (elapsed 0.001 seconds) done.
[   11.658345] Suspending console(s) (use no_console_suspend to debug)
[   11.721697] PM: suspend of devices complete after 55.797 msecs
[   11.724549] PM: late suspend of devices complete after 2.836 msecs
[   11.727223] PM: noirq suspend of devices complete after 2.659 msecs
[   11.727229] Disabling non-boot CPUs ...
[   11.727744] IRQ17 no longer affine to CPU1
[   11.852909] Entering suspend state LP1
[   11.852909] Suspended for 8.313 seconds
[   11.852929] Enabling non-boot CPUs ...
[   11.883771] CPU1 is up
[   11.923379] CPU2 is up
[   11.964034] CPU3 is up
[   11.965181] PM: noirq resume of devices complete after 1.135 msecs
[   11.967763] PM: early resume of devices complete after 2.130 msecs
[   12.557257] PM: resume of devices complete after 589.476 msecs
[   12.621624] Restarting tasks ... done.
root@(none):/# 
root@(none):/# rtcwake -d rtc1 -m mem -s 3
rtcwake: assuming RTC uses UTC ...
rtcwake: wakeup from "mem" using /dev/rtc1 at Thu Jan  1 00:01:00 1970
[   13.312848] PM: Syncing filesystems ... done.
[   13.343844] Freezing user space processes ... (elapsed 0.001 seconds) done.
[   13.352208] Freezing remaining freezable tasks ... (elapsed 0.001 seconds) done.
[   13.361118] Suspending console(s) (use no_console_suspend to debug)
[   13.420902] PM: suspend of devices complete after 52.279 msecs
[   13.424074] PM: late suspend of devices complete after 3.155 msecs
[   13.426530] PM: noirq suspend of devices complete after 2.444 msecs
[   13.426535] Disabling non-boot CPUs ...
[   13.464511] IRQ17 no longer affine to CPU2
[   13.573175] Entering suspend state LP1
[   13.573175] Suspended for 7.696 seconds
[   13.573195] Enabling non-boot CPUs ...
[   13.603239] CPU1 is up
[   13.643356] CPU2 is up
[   13.683998] CPU3 is up
[   13.685141] PM: noirq resume of devices complete after 1.132 msecs
[   13.687745] PM: early resume of devices complete after 2.155 msecs
[   14.279693] PM: resume of devices complete after 591.930 msecs
[   14.344067] Restarting tasks ... done.
root@(none):/# 
root@(none):/# rtcwake -d rtc1 -m mem -s 3
rtcwake: assuming RTC uses UTC ...
rtcwake: wakeup from "mem" using /dev/rtc1 at Thu Jan  1 00:01:10 1970
[   15.600538] PM: Syncing filesystems ... done.
[   15.630220] Freezing user space processes ... (elapsed 0.001 seconds) done.
[   15.638547] Freezing remaining freezable tasks ... (elapsed 0.001 seconds) done.
[   15.647411] Suspending console(s) (use no_console_suspend to debug)
[   15.711324] PM: suspend of devices complete after 56.382 msecs
[   15.714351] PM: late suspend of devices complete after 3.010 msecs
[   15.716787] PM: noirq suspend of devices complete after 2.424 msecs
[   15.716792] Disabling non-boot CPUs ...
[   15.717307] IRQ17 no longer affine to CPU1
[   15.863043] Entering suspend state LP1
[   15.863043] Suspended for 8.293 seconds
[   15.863064] Enabling non-boot CPUs ...
[   15.893194] CPU1 is up
[   15.933304] CPU2 is up
[   15.973986] CPU3 is up
[   15.975116] PM: noirq resume of devices complete after 1.119 msecs
[   15.977731] PM: early resume of devices complete after 2.151 msecs
[   16.568655] PM: resume of devices complete after 590.906 msecs
[   16.632984] Restarting tasks ... done.
root@(none):/# 
root@(none):/# rtcwake -d rtc1 -m mem -s 3
rtcwake: assuming RTC uses UTC ...
rtcwake: wakeup from "mem" using /dev/rtc1 at Thu Jan  1 00:01:20 1970
[   17.308769] PM: Syncing filesystems ... done.
[   17.337042] Freezing user space processes ... (elapsed 0.001 seconds) done.
[   17.345404] Freezing remaining freezable tasks ... (elapsed 0.001 seconds) done.
[   17.354283] Suspending console(s) (use no_console_suspend to debug)
[   17.410598] PM: suspend of devices complete after 48.770 msecs
[   17.413504] PM: late suspend of devices complete after 2.889 msecs
[   17.416099] PM: noirq suspend of devices complete after 2.580 msecs
[   17.416105] Disabling non-boot CPUs ...
[   17.454374] IRQ17 no longer affine to CPU2
[   17.562990] Entering suspend state LP1
[   17.562990] Suspended for 7.716 seconds
[   17.563010] Enabling non-boot CPUs ...
[   17.593126] CPU1 is up
[   17.633235] CPU2 is up
[   17.673915] CPU3 is up
[   17.675069] PM: noirq resume of devices complete after 1.143 msecs
[   17.677754] PM: early resume of devices complete after 2.222 msecs
[   18.269756] PM: resume of devices complete after 591.984 msecs
[   18.334072] Restarting tasks ... done.
root@(none):/# 
root@(none):/# rtcwake -d rtc1 -m mem -s 3
rtcwake: assuming RTC uses UTC ...
rtcwake: wakeup from "mem" using /dev/rtc1 at Thu Jan  1 00:01:30 1970
[   19.571651] PM: Syncing filesystems ... done.
[   19.602534] Freezing user space processes ... (elapsed 0.001 seconds) done.
[   19.610896] Freezing remaining freezable tasks ... (elapsed 0.001 seconds) done.
[   19.619776] Suspending console(s) (use no_console_suspend to debug)
[   19.680910] PM: suspend of devices complete after 53.632 msecs
[   19.684119] PM: late suspend of devices complete after 3.191 msecs
[   19.686573] PM: noirq suspend of devices complete after 2.443 msecs
[   19.686579] Disabling non-boot CPUs ...
[   19.687094] IRQ17 no longer affine to CPU1
[   19.832971] Entering suspend state LP1
[   19.832971] Suspended for 8.313 seconds
[   19.832992] Enabling non-boot CPUs ...
[   19.863111] CPU1 is up
[   19.903218] CPU2 is up
[   19.943889] CPU3 is up
[   19.945018] PM: noirq resume of devices complete after 1.118 msecs
[   19.947654] PM: early resume of devices complete after 2.171 msecs
[   20.538899] PM: resume of devices complete after 591.227 msecs
[   20.603206] Restarting tasks ... done.
root@(none):/# 
root@(none):/# rtcwake -d rtc1 -m mem -s 3
rtcwake: assuming RTC uses UTC ...
rtcwake: wakeup from "mem" using /dev/rtc1 at Thu Jan  1 00:01:40 1970
[   21.280831] PM: Syncing filesystems ... done.
[   21.323796] Freezing user space processes ... (elapsed 0.001 seconds) done.
[   21.332160] Freezing remaining freezable tasks ... (elapsed 0.001 seconds) done.
[   21.341051] Suspending console(s) (use no_console_suspend to debug)
[   21.400826] PM: suspend of devices complete after 52.272 msecs
[   21.403950] PM: late suspend of devices complete after 3.107 msecs
[   21.406462] PM: noirq suspend of devices complete after 2.500 msecs
[   21.406467] Disabling non-boot CPUs ...
[   21.406979] IRQ17 no longer affine to CPU1
[   21.552916] Entering suspend state LP1
[   21.552916] Suspended for 7.697 seconds
[   21.552937] Enabling non-boot CPUs ...
[   21.583064] CPU1 is up
[   21.623162] CPU2 is up
[   21.663875] CPU3 is up
[   21.665010] PM: noirq resume of devices complete after 1.124 msecs
[   21.667584] PM: early resume of devices complete after 2.125 msecs
[   22.260028] PM: resume of devices complete after 592.424 msecs
[   22.324410] Restarting tasks ... done.
root@(none):/# 
root@(none):/# rtcwake -d rtc1 -m mem -s 3
rtcwake: assuming RTC uses UTC ...
rtcwake: wakeup from "mem" using /dev/rtc1 at Thu Jan  1 00:01:50 1970
[   23.591910] PM: Syncing filesystems ... done.
[   23.626758] Freezing user space processes ... (elapsed 0.001 seconds) done.
[   23.635118] Freezing remaining freezable tasks ... (elapsed 0.001 seconds) done.
[   23.643999] Suspending console(s) (use no_console_suspend to debug)
[   23.710837] PM: suspend of devices complete after 59.321 msecs
[   23.713966] PM: late suspend of devices complete after 3.111 msecs
[   23.716437] PM: noirq suspend of devices complete after 2.459 msecs
[   23.716442] Disabling non-boot CPUs ...
[   23.716954] IRQ17 no longer affine to CPU1
[   23.862871] Entering suspend state LP1
[   23.862871] Suspended for 8.273 seconds
[   23.862891] Enabling non-boot CPUs ...
[   23.893010] CPU1 is up
[   23.933113] CPU2 is up
[   23.973777] CPU3 is up
[   23.974915] PM: noirq resume of devices complete after 1.127 msecs
[   23.977477] PM: early resume of devices complete after 2.094 msecs
[   24.569185] PM: resume of devices complete after 591.688 msecs
[   24.633563] Restarting tasks ... done.
root@(none):/# 
root@(none):/# NVTB SYSTEM SUSPEND TEST COMPLETE
