
U-Boot SPL 2014.01-00219-gc4d376f (Feb 18 2014 - 19:57:32)


U-Boot 2014.01-00219-gc4d376f (Feb 18 2014 - 19:57:32)

TEGRA114
Board: NVIDIA Dalmore
I2C:   ready
DRAM:  2 GiB
MMC:   Tegra SD/MMC: 0, Tegra SD/MMC: 1
In:    serial
Out:   serial
Err:   serial
Net:   Net Initialization Skipped
No ethernet found.
Hit any key to stop autoboot:  2  0 
Tegra114 (Dalmore) # 
Tegra114 (Dalmore) # usb reset
(Re)start USB...
USB0:   USB EHCI 1.10
scanning bus 0 for devices... 2 USB Device(s) found
       scanning usb for storage devices... 0 Storage Device(s) found
       scanning usb for ethernet devices... 
Warning: asx0 using MAC address from net device
1 Ethernet Device(s) found
Tegra114 (Dalmore) # setenv bootargs 'ignore_loglevel console=ttyS0,115200n8 rw root=/dev/mmcblk0p1 rootwait gpt debug init=/bin/bash'
Tegra114 (Dalmore) # setenv ipaddr 192.168.100.100; setenv serverip 192.168.100.1; setenv tftpserverip 192.168.100.1
Tegra114 (Dalmore) # tftpboot 0x81000000 zImage.multi_v7_defconfig
Using asx0 device
TFTP from server 192.168.100.1; our IP address is 192.168.100.100
Filename 'zImage.multi_v7_defconfig'.
Load address: 0x81000000
Loading: *#################################################################
	 #################################################################
	 #################################################################
	 #################################################################
	 #################################################################
	 #################################################################
	 ########################################################
	 3.3 MiB/s
done
Bytes transferred = 6542832 (63d5f0 hex)
Tegra114 (Dalmore) # tftpboot 0x82000000 tegra114-dalmore.dtb
Using asx0 device
TFTP from server 192.168.100.1; our IP address is 192.168.100.100
Filename 'tegra114-dalmore.dtb'.
Load address: 0x82000000
Loading: *###
	 2.8 MiB/s
done
Bytes transferred = 34894 (884e hex)
Tegra114 (Dalmore) # bootz 0x81000000 - 0x82000000
Kernel image @ 0x81000000 [ 0x000000 - 0x63d5f0 ]
## Flattened Device Tree blob at 82000000
   Booting using the fdt blob at 0x82000000
   Loading Device Tree to 8fff4000, end 8ffff84d ... OK

Starting kernel ...

[    0.000000] Booting Linux on physical CPU 0x0
[    0.000000] Linux version 4.3.0-next-20151109-54259-g963513a (pwalmsley@sellafield) (gcc version 4.7.3 20130328 (prerelease) (crosstool-NG linaro-1.13.1-4.7-2013.04-20130415 - Linaro GCC 2013.04) ) #1 SMP Tue Nov 10 03:03:39 PST 2015
[    0.000000] CPU: ARMv7 Processor [412fc0f2] revision 2 (ARMv7), cr=10c5387d
[    0.000000] CPU: PIPT / VIPT nonaliasing data cache, PIPT instruction cache
[    0.000000] Machine model: NVIDIA Tegra114 Dalmore evaluation board
[    0.000000] debug: ignoring loglevel setting.
[    0.000000] cma: Reserved 64 MiB at 0xfb800000
[    0.000000] Memory policy: Data cache writealloc
[    0.000000] On node 0 totalpages: 524032
[    0.000000] free_area_init_node: node 0, pgdat c0fc4180, node_mem_map eeff8000
[    0.000000]   DMA zone: 1536 pages used for memmap
[    0.000000]   DMA zone: 0 pages reserved
[    0.000000]   DMA zone: 196608 pages, LIFO batch:31
[    0.000000]   HighMem zone: 327424 pages, LIFO batch:31
[    0.000000] PERCPU: Embedded 12 pages/cpu @eefa3000 s19136 r8192 d21824 u49152
[    0.000000] pcpu-alloc: s19136 r8192 d21824 u49152 alloc=12*4096
[    0.000000] pcpu-alloc: [0] 0 [0] 1 [0] 2 [0] 3 
[    0.000000] Built 1 zonelists in Zone order, mobility grouping on.  Total pages: 522496
[    0.000000] Kernel command line: ignore_loglevel console=ttyS0,115200n8 rw root=/dev/mmcblk0p1 rootwait gpt debug init=/bin/bash
[    0.000000] PID hash table entries: 4096 (order: 2, 16384 bytes)
[    0.000000] Dentry cache hash table entries: 131072 (order: 7, 524288 bytes)
[    0.000000] Inode-cache hash table entries: 65536 (order: 6, 262144 bytes)
[    0.000000] Memory: 1998584K/2096128K available (8243K kernel code, 1040K rwdata, 3740K rodata, 1044K init, 341K bss, 32008K reserved, 65536K cma-reserved, 1244160K highmem)
[    0.000000] Virtual kernel memory layout:
[    0.000000]     vector  : 0xffff0000 - 0xffff1000   (   4 kB)
[    0.000000]     fixmap  : 0xffc00000 - 0xfff00000   (3072 kB)
[    0.000000]     vmalloc : 0xf0800000 - 0xff800000   ( 240 MB)
[    0.000000]     lowmem  : 0xc0000000 - 0xf0000000   ( 768 MB)
[    0.000000]     pkmap   : 0xbfe00000 - 0xc0000000   (   2 MB)
[    0.000000]     modules : 0xbf000000 - 0xbfe00000   (  14 MB)
[    0.000000]       .text : 0xc0208000 - 0xc0dbce28   (11988 kB)
[    0.000000]       .init : 0xc0dbd000 - 0xc0ec2000   (1044 kB)
[    0.000000]       .data : 0xc0ec2000 - 0xc0fc60e0   (1041 kB)
[    0.000000]        .bss : 0xc0fc9000 - 0xc101e468   ( 342 kB)
[    0.000000] SLUB: HWalign=64, Order=0-3, MinObjects=0, CPUs=4, Nodes=1
[    0.000000] Hierarchical RCU implementation.
[    0.000000] 	Build-time adjustment of leaf fanout to 32.
[    0.000000] 	RCU restricting CPUs from NR_CPUS=16 to nr_cpu_ids=4.
[    0.000000] RCU: Adjusting geometry for rcu_fanout_leaf=32, nr_cpu_ids=4
[    0.000000] NR_IRQS:16 nr_irqs:16 16
[    0.000000] /interrupt-controller@60004000: 160 interrupts forwarded to /interrupt-controller@50041000
[    0.000000] L2C: failed to init: -19
[    0.000009] sched_clock: 32 bits at 1000kHz, resolution 1000ns, wraps every 2147483647500ns
[    0.000028] clocksource: timer_us: mask: 0xffffffff max_cycles: 0xffffffff, max_idle_ns: 1911260446275 ns
[    0.000042] Switching to timer-based delay loop, resolution 1000ns
[    0.002897] Architected cp15 timer(s) running at 12.00MHz (virt).
[    0.002915] clocksource: arch_sys_counter: mask: 0xffffffffffffff max_cycles: 0x2c47f4ee7, max_idle_ns: 440795202497 ns
[    0.002933] sched_clock: 56 bits at 12MHz, resolution 83ns, wraps every 4398046511096ns
[    0.002946] Switching to timer-based delay loop, resolution 83ns
[    0.003311] Console: colour dummy device 80x30
[    0.003336] Calibrating delay loop (skipped), value calculated using timer frequency.. 24.00 BogoMIPS (lpj=60000)
[    0.003350] pid_max: default: 32768 minimum: 301
[    0.003459] Mount-cache hash table entries: 2048 (order: 1, 8192 bytes)
[    0.003471] Mountpoint-cache hash table entries: 2048 (order: 1, 8192 bytes)
[    0.004074] CPU: Testing write buffer coherency: ok
[    0.004295] /cpus/cpu@0 missing clock-frequency property
[    0.004324] /cpus/cpu@1 missing clock-frequency property
[    0.004352] /cpus/cpu@2 missing clock-frequency property
[    0.004381] /cpus/cpu@3 missing clock-frequency property
[    0.004394] CPU0: thread -1, cpu 0, socket 0, mpidr 80000000
[    0.004446] Setting up static identity map for 0x80209000 - 0x80209098
[    0.006695] Tegra Revision: A01 SKU: 0 CPU Process: 1 SoC Process: 0
[    0.008005] CPU1: thread -1, cpu 1, socket 0, mpidr 80000001
[    0.008650] CPU2: thread -1, cpu 2, socket 0, mpidr 80000002
[    0.009291] CPU3: thread -1, cpu 3, socket 0, mpidr 80000003
[    0.009360] Brought up 4 CPUs
[    0.009381] SMP: Total of 4 processors activated (96.00 BogoMIPS).
[    0.009388] CPU: All CPU(s) started in SVC mode.
[    0.010819] devtmpfs: initialized
[    0.021713] VFP support v0.3: implementor 41 architecture 4 part 30 variant f rev 0
[    0.022341] clocksource: jiffies: mask: 0xffffffff max_cycles: 0xffffffff, max_idle_ns: 9556302231375000 ns
[    0.024044] pinctrl core: initialized pinctrl subsystem
[    0.025623] NET: Registered protocol family 16
[    0.027728] DMA: preallocated 256 KiB pool for atomic coherent allocations
[    0.042819] cpuidle: using governor ladder
[    0.057840] cpuidle: using governor menu
[    0.072165] No ATAGs?
[    0.072201] hw-breakpoint: found 5 (+1 reserved) breakpoint and 4 watchpoint registers.
[    0.072211] hw-breakpoint: maximum watchpoint size is 8 bytes.
[    0.076515] Serial: AMBA PL011 UART driver
[    0.077826] tegra-mc 70019000.memory-controller: no memory timings for RAM code 3 registered
[    0.107485] dvdd_ts: Failed to request enable GPIO61: -517
[    0.107607] reg-fixed-voltage regulators:regulator@1: Failed to register regulator: -517
[    0.107828] usb1_vbus: Failed to request enable GPIO108: -517
[    0.107935] reg-fixed-voltage regulators:regulator@3: Failed to register regulator: -517
[    0.108181] usb2_vbus: Failed to request enable GPIO86: -517
[    0.108287] reg-fixed-voltage regulators:regulator@4: Failed to register regulator: -517
[    0.108795] VDD_5V0_HDMI_CON: Failed to request enable GPIO81: -517
[    0.108901] reg-fixed-voltage regulators:regulator@7: Failed to register regulator: -517
[    0.111827] vgaarb: loaded
[    0.112767] SCSI subsystem initialized
[    0.112948] libata version 3.00 loaded.
[    0.113288] usbcore: registered new interface driver usbfs
[    0.113363] usbcore: registered new interface driver hub
[    0.113432] usbcore: registered new device driver usb
[    0.117055] tps65090 2-0048: No cache defaults, reading back from HW
[    0.123274] genirq: Setting trigger mode 8 for irq 341 failed (irq_chip_set_type_parent+0x0/0x28)
[    0.123296] palmas 2-0058: Irq flag is 0x00000000
[    0.126486] palmas 2-0058: Muxing GPIO ff, PWM 0, LED 0
[    0.136169] sdhci-vdd-sd-slot: ramp_delay not set
[    0.161062] pps_core: LinuxPPS API ver. 1 registered
[    0.161073] pps_core: Software ver. 5.3.6 - Copyright 2005-2007 Rodolfo Giometti <giometti@linux.it>
[    0.161104] PTP clock support registered
[    0.161333] EDAC MC: Ver: 3.0.0
[    0.163816] clocksource: Switched to clocksource arch_sys_counter
[    0.174840] NET: Registered protocol family 2
[    0.175353] TCP established hash table entries: 8192 (order: 3, 32768 bytes)
[    0.175456] TCP bind hash table entries: 8192 (order: 4, 65536 bytes)
[    0.175643] TCP: Hash tables configured (established 8192 bind 8192)
[    0.175701] UDP hash table entries: 512 (order: 2, 16384 bytes)
[    0.175743] UDP-Lite hash table entries: 512 (order: 2, 16384 bytes)
[    0.175916] NET: Registered protocol family 1
[    0.176175] RPC: Registered named UNIX socket transport module.
[    0.176186] RPC: Registered udp transport module.
[    0.176194] RPC: Registered tcp transport module.
[    0.176202] RPC: Registered tcp NFSv4.1 backchannel transport module.
[    0.176222] PCI: CLS 0 bytes, default 64
[    0.178438] futex hash table entries: 1024 (order: 4, 65536 bytes)
[    0.190883] squashfs: version 4.0 (2009/01/31) Phillip Lougher
[    0.191844] NFS: Registering the id_resolver key type
[    0.191873] Key type id_resolver registered
[    0.191882] Key type id_legacy registered
[    0.191950] ntfs: driver 2.1.32 [Flags: R/O].
[    0.193355] bounce: pool size: 64 pages
[    0.193575] Block layer SCSI generic (bsg) driver version 0.4 loaded (major 249)
[    0.193593] io scheduler noop registered
[    0.193608] io scheduler deadline registered
[    0.193646] io scheduler cfq registered (default)
[    0.213258] vdd-lcd-bl: supplied by vdd_ac_bat
[    0.220501] tegra-apbdma 6000a000.dma: Tegra20 APB DMA driver register 32 channels
[    0.221935] tegra-pmc 7000e400.pmc: i2c-thermtrip node not found, emergency thermal reset disabled.
[    0.289751] Serial: 8250/16550 driver, 4 ports, IRQ sharing disabled
[    0.292302] SuperH (H)SCI(F) driver initialized
[    0.293221] msm_serial: driver initialized
[    0.294148] console [ttyS0] disabled
[    0.294184] 70006300.serial: ttyS0 at MMIO 0x70006300 (irq = 329, base_baud = 25500000) is a Tegra
[    1.106277] console [ttyS0] enabled
[    1.110509] STMicroelectronics ASC driver initialized
[    1.117770] [drm] Initialized drm 1.1.0 20060810
[    1.124533] vdd-ao: supplied by vdd_ac_bat
[    1.128852] vddio-1v8: supplied by vdd-ao
[    1.133234] avdd-dsi-csi: supplied by vddio-1v8
[    1.139986] tegra-hdmi 54280000.hdmi: failed to get HDMI regulator
[    1.148013] vdd-sys-3v3: supplied by vdd_ac_bat
[    1.152773] avdd-lcd: supplied by vdd-sys-3v3
[    1.164247] loop: module loaded
[    1.174295] m25p80 spi32766.0: w25q32dw (4096 Kbytes)
[    1.179368] spi32766.0: 'partitions' subnode not found on /spi@7000da00/spi-flash@0. Trying to parse direct subnodes as partitions.
[    1.194324] libphy: Fixed MDIO Bus: probed
[    1.199130] CAN device driver interface
[    1.204375] igb: Intel(R) Gigabit Ethernet Network Driver - version 5.3.0-k
[    1.211341] igb: Copyright (c) 2007-2014 Intel Corporation.
[    1.220038] pegasus: v0.9.3 (2013/04/25), Pegasus/Pegasus II USB Ethernet driver
[    1.227494] usbcore: registered new interface driver pegasus
[    1.233234] usbcore: registered new interface driver asix
[    1.238698] usbcore: registered new interface driver ax88179_178a
[    1.244855] usbcore: registered new interface driver cdc_ether
[    1.250770] usbcore: registered new interface driver smsc75xx
[    1.256603] usbcore: registered new interface driver smsc95xx
[    1.262411] usbcore: registered new interface driver net1080
[    1.268133] usbcore: registered new interface driver cdc_subset
[    1.274115] usbcore: registered new interface driver zaurus
[    1.279789] usbcore: registered new interface driver cdc_ncm
[    1.287400] ehci_hcd: USB 2.0 'Enhanced' Host Controller (EHCI) Driver
[    1.293950] ehci-pci: EHCI PCI platform driver
[    1.298445] ehci-platform: EHCI generic platform driver
[    1.303910] ehci-omap: OMAP-EHCI Host Controller driver
[    1.309295] ehci-orion: EHCI orion driver
[    1.313442] SPEAr-ehci: EHCI SPEAr driver
[    1.317612] ehci-st: EHCI STMicroelectronics driver
[    1.322648] ehci-exynos: EHCI EXYNOS driver
[    1.327006] ehci-atmel: EHCI Atmel driver
[    1.331172] tegra-ehci: Tegra EHCI driver
[    1.335500] ohci_hcd: USB 1.1 'Open' Host Controller (OHCI) Driver
[    1.341707] ohci-pci: OHCI PCI platform driver
[    1.346221] ohci-platform: OHCI generic platform driver
[    1.351623] ohci-omap3: OHCI OMAP3 driver
[    1.355789] SPEAr-ohci: OHCI SPEAr driver
[    1.359952] ohci-st: OHCI STMicroelectronics driver
[    1.364981] ohci-atmel: OHCI Atmel driver
[    1.369504] usbcore: registered new interface driver usb-storage
[    1.377042] mousedev: PS/2 mouse device common for all mice
[    1.387815] palmas-rtc 7000d000.i2c:tps65913@58:rtc: rtc core: registered 7000d000.i2c:tps659 as rtc0
[    1.398964] tegra_rtc 7000e000.rtc: rtc core: registered 7000e000.rtc as rtc1
[    1.406157] tegra_rtc 7000e000.rtc: Tegra internal Real Time Clock
[    1.412891] i2c /dev entries driver
[    1.420266] sbs-battery 0-000b: sbs_probe: Failed to get device status
[    1.426818] sbs-battery: probe of 0-000b failed with error -121
[    1.435522] vdd-sensor-2v85: supplied by vdd-sys-3v3
[    1.447800] sdhci: Secure Digital Host Controller Interface driver
[    1.453991] sdhci: Copyright(c) Pierre Ossman
[    1.459892] Synopsys Designware Multimedia Card Interface Driver
[    1.467013] sdhci-pltfm: SDHCI platform and OF driver helper
[    1.473400] sdhci-tegra 78000400.sdhci: Got CD GPIO
[    1.478305] sdhci-tegra 78000400.sdhci: Got WP GPIO
[    1.484359] sdhci-tegra 78000400.sdhci: No vmmc regulator found
[    1.490290] sdhci-tegra 78000400.sdhci: No vqmmc regulator found
[    1.496301] mmc0: Invalid maximum block size, assuming 512 bytes
[    1.538960] mmc0: SDHCI controller on 78000400.sdhci [78000400.sdhci] using ADMA
[    1.548644] sdhci-tegra 78000600.sdhci: No vmmc regulator found
[    1.554581] sdhci-tegra 78000600.sdhci: No vqmmc regulator found
[    1.560594] mmc1: Invalid maximum block size, assuming 512 bytes
[    1.598835] mmc1: SDHCI controller on 78000600.sdhci [78000600.sdhci] using ADMA
[    1.607687] ledtrig-cpu: registered to indicate activity on CPUs
[    1.614087] usbcore: registered new interface driver usbhid
[    1.619668] usbhid: USB HID core driver
[    1.632401] NET: Registered protocol family 10
[    1.637646] sit: IPv6 over IPv4 tunneling driver
[    1.644994] NET: Registered protocol family 17
[    1.649476] can: controller area network core (rev 20120528 abi 9)
[    1.657747] NET: Registered protocol family 29
[    1.662222] can: raw protocol (rev 20120528)
[    1.668522] can: broadcast manager protocol (rev 20120528 t)
[    1.676229] can: netlink gateway (rev 20130117) max_hops=1
[    1.682129] Key type dns_resolver registered
[    1.691075] ThumbEE CPU extension supported.
[    1.695381] Registering SWP/SWPB emulation handler
[    1.713894] vdd-sys-5v0: supplied by vdd_ac_bat
[    1.719248] VDD_5V0_HDMI_CON: supplied by vdd-sys-5v0
[    1.725835] vdd_hdmi_5v0: supplied by vdd-sys-5v0
[    1.734594] [drm] Supports vblank timestamp caching Rev 2 (21.10.2013).
[    1.741246] [drm] No driver support for vblank timestamp query.
[    1.743786] mmc1: MAN_BKOPS_EN bit is not set
[    1.749187] mmc1: new high speed MMC card at address 0001
[    1.750525] mmcblk0: mmc1:0001 SEM32G 29.1 GiB 
[    1.751204] mmcblk0boot0: mmc1:0001 SEM32G partition 1 4.00 MiB
[    1.751813] mmcblk0boot1: mmc1:0001 SEM32G partition 2 4.00 MiB
[    1.752683] mmcblk0rpmb: mmc1:0001 SEM32G partition 3 4.00 MiB
[    1.757151]  mmcblk0: p1 p2 p3 p4 p5 p6 p7 p8
[    1.841491] Console: switching to colour frame buffer device 240x75
[    1.869148] drm drm: fb0:  frame buffer device
[    1.883971] [drm] Initialized tegra 0.0.0 20120330 on minor 0
[    1.890935] usb2_vbus: supplied by vdd-sys-5v0
[    1.897602] tegra-ehci 7d008000.usb: EHCI Host Controller
[    1.903067] tegra-ehci 7d008000.usb: new USB bus registered, assigned bus number 1
[    1.911043] tegra-ehci 7d008000.usb: irq 339, io mem 0x7d008000
[    1.923976] tegra-ehci 7d008000.usb: USB 2.0 started, EHCI 1.10
[    1.931199] hub 1-0:1.0: USB hub found
[    1.935060] hub 1-0:1.0: 1 port detected
[    1.941110] input: gpio-keys as /devices/soc0/gpio-keys/input/input0
[    1.949876] palmas-rtc 7000d000.i2c:tps65913@58:rtc: setting system clock to 2000-05-22 20:01:22 UTC (959025682)
[    1.973192] dvdd_ts: disabling
[    1.976290] usb1_vbus: disabling
[    1.979526] vdd_cam_1v8_reg: disabling
[    1.985025] EXT4-fs (mmcblk0p1): mounting ext3 file system using the ext4 subsystem
[    2.015065] EXT4-fs (mmcblk0p1): recovery complete
[    2.019937] EXT4-fs (mmcblk0p1): mounted filesystem with ordered data mode. Opts: (null)
[    2.028063] VFS: Mounted root (ext3 filesystem) on device 179:1.
[    2.037675] devtmpfs: mounted
[    2.041597] Freeing unused kernel memory: 1044K (c0dbd000 - c0ec2000)
bash: cannot set terminal process group (-1): Inappropriate ioctl for device
bash: no job control in this shell
root@(none):/# [    2.248950] usb 1-1: new high-speed USB device number 2 using tegra-ehci
