
U-Boot SPL 2014.01-00219-gc4d376f (Feb 18 2014 - 19:57:18)


U-Boot 2014.01-00219-gc4d376f (Feb 18 2014 - 19:57:18)

TEGRA30
Board: NVIDIA Beaver
I2C:   ready
DRAM:  2 GiB
MMC:   Tegra SD/MMC: 0, Tegra SD/MMC: 1
In:    serial
Out:   serial
Err:   serial
Net:   Net Initialization Skipped
No ethernet found.
Hit any key to stop autoboot:  2  0 
Tegra30 (Beaver) # 
Tegra30 (Beaver) # usb reset
(Re)start USB...
USB0:   USB EHCI 1.00
scanning bus 0 for devices... 2 USB Device(s) found
       scanning usb for storage devices... 0 Storage Device(s) found
       scanning usb for ethernet devices... 
Warning: asx0 using MAC address from net device
1 Ethernet Device(s) found
Tegra30 (Beaver) # setenv bootargs 'ignore_loglevel console=ttyS0,115200n8 rw root=PARTUUID=edbe1840-3633-c751-7993-b0ac834f81e0 rootwait gpt debug noinitrd earlyprintk init=/bin/bash'
Tegra30 (Beaver) # setenv ipaddr 192.168.100.101; setenv serverip 192.168.100.1; setenv tftpserverip 192.168.100.1
Tegra30 (Beaver) # tftpboot 0x81000000 zImage.multi_v7_defconfig
Using asx0 device
TFTP from server 192.168.100.1; our IP address is 192.168.100.101
Filename 'zImage.multi_v7_defconfig'.
Load address: 0x81000000
Loading: *#################################################################
	 #################################################################
	 #################################################################
	 #################################################################
	 #################################################################
	 #################################################################
	 #################################################################
	 #################################################################
	 ####################
	 3.3 MiB/s
done
Bytes transferred = 7915264 (78c700 hex)
Tegra30 (Beaver) # tftpboot 0x82000000 tegra30-beaver.dtb
Using asx0 device
TFTP from server 192.168.100.1; our IP address is 192.168.100.101
Filename 'tegra30-beaver.dtb'.
Load address: 0x82000000
Loading: *####
	 3.3 MiB/s
done
Bytes transferred = 51804 (ca5c hex)
Tegra30 (Beaver) # bootz 0x81000000 - 0x82000000
Kernel image @ 0x81000000 [ 0x000000 - 0x78c700 ]
## Flattened Device Tree blob at 82000000
   Booting using the fdt blob at 0x82000000
   Loading Device Tree to 8fff0000, end 8ffffa5b ... OK

Starting kernel ...

[    0.000000] Booting Linux on physical CPU 0x0
[    0.000000] Linux version 4.12.0-rc1-170893-ge99b6f1 (jonathanh@sellafield) (gcc version 4.7.3 20130328 (prerelease) (crosstool-NG linaro-1.13.1-4.7-2013.04-20130415 - Linaro GCC 2013.04) ) #1 SMP Tue May 30 04:10:12 PDT 2017
[    0.000000] CPU: ARMv7 Processor [412fc099] revision 9 (ARMv7), cr=10c5387d
[    0.000000] CPU: PIPT / VIPT nonaliasing data cache, VIPT aliasing instruction cache
[    0.000000] OF: fdt: Machine model: NVIDIA Tegra30 Beaver evaluation board
[    0.000000] debug: ignoring loglevel setting.
[    0.000000] Memory policy: Data cache writealloc
[    0.000000] efi: Getting EFI parameters from FDT:
[    0.000000] efi: UEFI not found.
[    0.000000] cma: Reserved 64 MiB at 0xfb800000
[    0.000000] On node 0 totalpages: 524032
[    0.000000] free_area_init_node: node 0, pgdat c157fd40, node_mem_map eeff8000
[    0.000000]   DMA zone: 1536 pages used for memmap
[    0.000000]   DMA zone: 0 pages reserved
[    0.000000]   DMA zone: 196608 pages, LIFO batch:31
[    0.000000]   HighMem zone: 327424 pages, LIFO batch:31
[    0.000000] percpu: Embedded 17 pages/cpu @eef88000 s39168 r8192 d22272 u69632
[    0.000000] pcpu-alloc: s39168 r8192 d22272 u69632 alloc=17*4096
[    0.000000] pcpu-alloc: [0] 0 [0] 1 [0] 2 [0] 3 
[    0.000000] Built 1 zonelists in Zone order, mobility grouping on.  Total pages: 522496
[    0.000000] Kernel command line: ignore_loglevel console=ttyS0,115200n8 rw root=PARTUUID=edbe1840-3633-c751-7993-b0ac834f81e0 rootwait gpt debug noinitrd earlyprintk init=/bin/bash
[    0.000000] PID hash table entries: 4096 (order: 2, 16384 bytes)
[    0.000000] Dentry cache hash table entries: 131072 (order: 7, 524288 bytes)
[    0.000000] Inode-cache hash table entries: 65536 (order: 6, 262144 bytes)
[    0.000000] Memory: 1993460K/2096128K available (10240K kernel code, 1566K rwdata, 4388K rodata, 2048K init, 409K bss, 37132K reserved, 65536K cma-reserved, 1244160K highmem)
[    0.000000] Virtual kernel memory layout:
[    0.000000]     vector  : 0xffff0000 - 0xffff1000   (   4 kB)
[    0.000000]     fixmap  : 0xffc00000 - 0xfff00000   (3072 kB)
[    0.000000]     vmalloc : 0xf0800000 - 0xff800000   ( 240 MB)
[    0.000000]     lowmem  : 0xc0000000 - 0xf0000000   ( 768 MB)
[    0.000000]     pkmap   : 0xbfe00000 - 0xc0000000   (   2 MB)
[    0.000000]     modules : 0xbf000000 - 0xbfe00000   (  14 MB)
[    0.000000]       .text : 0xc0208000 - 0xc0d00000   (11232 kB)
[    0.000000]       .init : 0xc1200000 - 0xc1400000   (2048 kB)
[    0.000000]       .data : 0xc1400000 - 0xc15879b0   (1567 kB)
[    0.000000]        .bss : 0xc1590d04 - 0xc15f74d8   ( 410 kB)
[    0.000000] SLUB: HWalign=64, Order=0-3, MinObjects=0, CPUs=4, Nodes=1
[    0.000000] Hierarchical RCU implementation.
[    0.000000] 	RCU debugfs-based tracing is enabled.
[    0.000000] 	RCU restricting CPUs from NR_CPUS=16 to nr_cpu_ids=4.
[    0.000000] RCU: Adjusting geometry for rcu_fanout_leaf=16, nr_cpu_ids=4
[    0.000000] NR_IRQS:16 nr_irqs:16 16
[    0.000000] /interrupt-controller@60004000: 160 interrupts forwarded to /interrupt-controller@50041000
[    0.000000] L2C: platform modifies aux control register: 0x02080000 -> 0x3e480001
[    0.000000] L2C: DT/platform modifies aux control register: 0x02080000 -> 0x3e480001
[    0.000000] L2C-310 erratum 769419 enabled
[    0.000000] L2C-310 enabling early BRESP for Cortex-A9
[    0.000000] L2C-310: enabling full line of zeros but not enabled in Cortex-A9
[    0.000000] L2C-310 dynamic clock gating enabled, standby mode enabled
[    0.000000] L2C-310 cache controller enabled, 8 ways, 1024 kB
[    0.000000] L2C-310: CACHE_ID 0x410000c7, AUX_CTRL 0x4e480001
[    0.000013] sched_clock: 32 bits at 1000kHz, resolution 1000ns, wraps every 2147483647500ns
[    0.000031] clocksource: timer_us: mask: 0xffffffff max_cycles: 0xffffffff, max_idle_ns: 1911260446275 ns
[    0.000040] Switching to timer-based delay loop, resolution 1000ns
[    0.002861] Console: colour dummy device 80x30
[    0.002892] Calibrating delay loop (skipped), value calculated using timer frequency.. 2.00 BogoMIPS (lpj=10000)
[    0.002901] pid_max: default: 32768 minimum: 301
[    0.002970] Mount-cache hash table entries: 2048 (order: 1, 8192 bytes)
[    0.002977] Mountpoint-cache hash table entries: 2048 (order: 1, 8192 bytes)
[    0.003371] CPU: Testing write buffer coherency: ok
[    0.003694] CPU0: thread -1, cpu 0, socket 0, mpidr 80000000
[    0.003911] Setting up static identity map for 0x80300000 - 0x803000a0
[    0.006495] Tegra Revision: A03 SKU: 128 CPU Process: 4 SoC Process: 0
[    0.007052] EFI services will not be available.
[    0.007211] smp: Bringing up secondary CPUs ...
[    0.010384] CPU1: thread -1, cpu 1, socket 0, mpidr 80000001
[    0.020340] CPU2: thread -1, cpu 2, socket 0, mpidr 80000002
[    0.030340] CPU3: thread -1, cpu 3, socket 0, mpidr 80000003
[    0.030386] smp: Brought up 1 node, 4 CPUs
[    0.030398] SMP: Total of 4 processors activated (8.00 BogoMIPS).
[    0.030403] CPU: All CPU(s) started in SVC mode.
[    0.031081] devtmpfs: initialized
[    0.039370] VFP support v0.3: implementor 41 architecture 3 part 30 variant 9 rev 4
[    0.039794] clocksource: jiffies: mask: 0xffffffff max_cycles: 0xffffffff, max_idle_ns: 19112604462750000 ns
[    0.039812] futex hash table entries: 1024 (order: 4, 65536 bytes)
[    0.043227] pinctrl core: initialized pinctrl subsystem
[    0.044949] NET: Registered protocol family 16
[    0.047487] DMA: preallocated 256 KiB pool for atomic coherent allocations
[    0.049136] cpuidle: using governor menu
[    0.063096] No ATAGs?
[    0.063197] hw-breakpoint: found 5 (+1 reserved) breakpoint and 1 watchpoint registers.
[    0.063208] hw-breakpoint: maximum watchpoint size is 4 bytes.
[    0.067519] Serial: AMBA PL011 UART driver
[    0.067992] tegra-mc 7000f000.memory-controller: no memory timings for RAM code 3 registered
[    0.077097] AT91: Could not find identification node
[    0.077571] vdd_5v_sata: Failed to request enable GPIO30: -517
[    0.077585] reg-fixed-voltage regulators:regulator@3: Failed to register regulator: -517
[    0.077634] usb1_vbus: Failed to request enable GPIO238: -517
[    0.077641] reg-fixed-voltage regulators:regulator@4: Failed to register regulator: -517
[    0.077688] usb3_vbus: Failed to request enable GPIO236: -517
[    0.077695] reg-fixed-voltage regulators:regulator@5: Failed to register regulator: -517
[    0.077792] sys_3v3_pexs: Failed to request enable GPIO95: -517
[    0.077799] reg-fixed-voltage regulators:regulator@7: Failed to register regulator: -517
[    0.079564] vgaarb: loaded
[    0.080045] SCSI subsystem initialized
[    0.080178] libata version 3.00 loaded.
[    0.080328] usbcore: registered new interface driver usbfs
[    0.080366] usbcore: registered new interface driver hub
[    0.080398] usbcore: registered new device driver usb
[    0.087416] vrtc: supplied by vdd_5v_in
[    0.090705] vio: supplied by vdd_5v_in
[    0.101830] vdd1: supplied by vdd_5v_in
[    0.103187] vddio_ddr_1v2: Bringing 600000uV into 1200000-1200000uV
[    0.111835] vdd2: supplied by vdd_5v_in
[    0.131827] ldo1: supplied by vdd_1v5_gen
[    0.134215] ldo2: supplied by vdd_1v5_gen
[    0.134686] vdd_sata,avdd_plle: Bringing 1200000uV into 1050000-1050000uV
[    0.136918] ldo3: supplied by vdd_5v_in
[    0.139274] ldo4: supplied by vdd_5v_in
[    0.141831] ldo5: supplied by vdd_5v_in
[    0.151822] ldo6: supplied by vdd_1v8_gen
[    0.152293] avdd_dsi_csi,pwrdet_mipi: Bringing 1000000uV into 1200000-1200000uV
[    0.154548] ldo7: supplied by vdd_1v8_gen
[    0.161822] ldo8: supplied by vdd_1v8_gen
[    0.171926] pps_core: LinuxPPS API ver. 1 registered
[    0.171932] pps_core: Software ver. 5.3.6 - Copyright 2005-2007 Rodolfo Giometti <giometti@linux.it>
[    0.171946] PTP clock support registered
[    0.172079] EDAC MC: Ver: 3.0.0
[    0.173594] clocksource: Switched to clocksource timer_us
[    0.207006] NET: Registered protocol family 2
[    0.207432] TCP established hash table entries: 8192 (order: 3, 32768 bytes)
[    0.207488] TCP bind hash table entries: 8192 (order: 4, 65536 bytes)
[    0.207569] TCP: Hash tables configured (established 8192 bind 8192)
[    0.207718] UDP hash table entries: 512 (order: 2, 16384 bytes)
[    0.207784] UDP-Lite hash table entries: 512 (order: 2, 16384 bytes)
[    0.207949] NET: Registered protocol family 1
[    0.208277] RPC: Registered named UNIX socket transport module.
[    0.208284] RPC: Registered udp transport module.
[    0.208289] RPC: Registered tcp transport module.
[    0.208292] RPC: Registered tcp NFSv4.1 backchannel transport module.
[    0.208304] PCI: CLS 0 bytes, default 64
[    0.209133] hw perfevents: no interrupt-affinity property for /pmu, guessing.
[    0.209341] hw perfevents: enabled with armv7_cortex_a9 PMU driver, 7 counters available
[    0.210567] workingset: timestamp_bits=30 max_order=19 bucket_order=0
[    0.215354] squashfs: version 4.0 (2009/01/31) Phillip Lougher
[    0.215779] NFS: Registering the id_resolver key type
[    0.215804] Key type id_resolver registered
[    0.215809] Key type id_legacy registered
[    0.215841] ntfs: driver 2.1.32 [Flags: R/O].
[    0.216956] bounce: pool size: 64 pages
[    0.216994] Block layer SCSI generic (bsg) driver version 0.4 loaded (major 248)
[    0.217002] io scheduler noop registered
[    0.217007] io scheduler deadline registered
[    0.217030] io scheduler cfq registered (default)
[    0.217035] io scheduler mq-deadline registered
[    0.217040] io scheduler kyber registered
[    0.223185] tegra30-pinctrl 70000868.pinmux: invalid group "sdmmc3_dat6_pd3" for function "rsvd1"
[    0.223200] tegra30-pinctrl 70000868.pinmux: invalid group "sdmmc3_dat7_pd4" for function "rsvd1"
[    0.223214] tegra30-pinctrl 70000868.pinmux: invalid group "vi_vsync_pd6" for function "rsvd1"
[    0.223223] tegra30-pinctrl 70000868.pinmux: invalid group "vi_hsync_pd7" for function "rsvd1"
[    0.223713] tegra30-pinctrl 70000868.pinmux: invalid group "hdmi_int_pn7" for function "rsvd1"
[    0.223757] tegra30-pinctrl 70000868.pinmux: invalid group "ulpi_data3_po4" for function "rsvd1"
[    0.224086] tegra30-pinctrl 70000868.pinmux: invalid group "vi_d10_pt2" for function "rsvd1"
[    0.224099] tegra30-pinctrl 70000868.pinmux: invalid group "vi_d11_pt3" for function "rsvd1"
[    0.224111] tegra30-pinctrl 70000868.pinmux: invalid group "vi_d0_pt4" for function "rsvd1"
[    0.224165] tegra30-pinctrl 70000868.pinmux: invalid group "pu0" for function "rsvd1"
[    0.224195] tegra30-pinctrl 70000868.pinmux: invalid group "pu3" for function "rsvd1"
[    0.224225] tegra30-pinctrl 70000868.pinmux: invalid group "pu6" for function "rsvd1"
[    0.224265] tegra30-pinctrl 70000868.pinmux: invalid group "pv3" for function "rsvd1"
[    0.224752] tegra30-pinctrl 70000868.pinmux: invalid group "pbb0" for function "rsvd1"
[    0.224866] tegra30-pinctrl 70000868.pinmux: invalid group "pcc1" for function "rsvd1"
[    0.229944] tegra-pcie 3000.pcie-controller: 2x3 configuration
[    0.230084] tegra-pcie 3000.pcie-controller: Failed to get supply 'hvdd-pex': -517
[    0.233803] tegra_dma_runtime_resume-1507
[    0.235544] tegra-apbdma 6000a000.dma: Tegra20 APB DMA driver register 32 channels
[    0.237099] tegra-pmc 7000e400.pmc: i2c-thermtrip node not found, emergency thermal reset disabled.
[    0.268836] Serial: 8250/16550 driver, 4 ports, IRQ sharing disabled
[    0.270919] console [ttyS0] disabled
[    0.270959] 70006000.serial: ttyS0 at MMIO 0x70006000 (irq = 331, base_baud = 25500000) is a Tegra
[    1.295301] console [ttyS0] enabled
[    1.299313] SuperH (H)SCI(F) driver initialized
[    1.304413] msm_serial: driver initialized
[    1.308604] STMicroelectronics ASC driver initialized
[    1.317074] tegra-hdmi 54280000.hdmi: failed to get HDMI regulator
[    1.331682] brd: module loaded
[    1.340579] loop: module loaded
[    1.348236] spi-tegra-slink 7000da00.spi: Dma channel is not available: -19
[    1.356371] libphy: Fixed MDIO Bus: probed
[    1.361112] CAN device driver interface
[    1.365566] bgmac_bcma: Broadcom 47xx GBit MAC driver loaded
[    1.371944] e1000e: Intel(R) PRO/1000 Network Driver - 3.2.6-k
[    1.377774] e1000e: Copyright(c) 1999 - 2015 Intel Corporation.
[    1.383724] igb: Intel(R) Gigabit Ethernet Network Driver - version 5.4.0-k
[    1.390666] igb: Copyright (c) 2007-2014 Intel Corporation.
[    1.398215] pegasus: v0.9.3 (2013/04/25), Pegasus/Pegasus II USB Ethernet driver
[    1.405663] usbcore: registered new interface driver pegasus
[    1.411338] usbcore: registered new interface driver asix
[    1.416755] usbcore: registered new interface driver ax88179_178a
[    1.422861] usbcore: registered new interface driver cdc_ether
[    1.428722] usbcore: registered new interface driver smsc75xx
[    1.434494] usbcore: registered new interface driver smsc95xx
[    1.440246] usbcore: registered new interface driver net1080
[    1.445923] usbcore: registered new interface driver cdc_subset
[    1.451848] usbcore: registered new interface driver zaurus
[    1.457454] usbcore: registered new interface driver cdc_ncm
[    1.464540] ehci_hcd: USB 2.0 'Enhanced' Host Controller (EHCI) Driver
[    1.471053] ehci-pci: EHCI PCI platform driver
[    1.475524] ehci-platform: EHCI generic platform driver
[    1.480849] ehci-orion: EHCI orion driver
[    1.484943] SPEAr-ehci: EHCI SPEAr driver
[    1.489013] ehci-st: EHCI STMicroelectronics driver
[    1.493961] ehci-exynos: EHCI EXYNOS driver
[    1.498217] ehci-atmel: EHCI Atmel driver
[    1.502284] tegra-ehci: Tegra EHCI driver
[    1.506597] ohci_hcd: USB 1.1 'Open' Host Controller (OHCI) Driver
[    1.512775] ohci-pci: OHCI PCI platform driver
[    1.517247] ohci-platform: OHCI generic platform driver
[    1.522556] ohci-omap3: OHCI OMAP3 driver
[    1.526641] SPEAr-ohci: OHCI SPEAr driver
[    1.530712] ohci-st: OHCI STMicroelectronics driver
[    1.535667] ohci-atmel: OHCI Atmel driver
[    1.540085] usbcore: registered new interface driver usb-storage
[    1.548562] tegra_rtc 7000e000.rtc: rtc core: registered 7000e000.rtc as rtc1
[    1.555737] tegra_rtc 7000e000.rtc: Tegra internal Real Time Clock
[    1.564969] random: fast init done
[    1.577711] tps65910-rtc tps65910-rtc: rtc core: registered tps65910-rtc as rtc0
[    1.585300] i2c /dev entries driver
[    1.596707] sdhci: Secure Digital Host Controller Interface driver
[    1.602874] sdhci: Copyright(c) Pierre Ossman
[    1.608127] Synopsys Designware Multimedia Card Interface Driver
[    1.614853] sdhci-pltfm: SDHCI platform and OF driver helper
[    1.621007] sdhci-tegra 78000000.sdhci: Got CD GPIO
[    1.625900] sdhci-tegra 78000000.sdhci: Got WP GPIO
[    1.639147] mmc0: Invalid maximum block size, assuming 512 bytes
[    1.703678] mmc0: SDHCI controller on 78000000.sdhci [78000000.sdhci] using ADMA
[    1.720043] mmc1: Invalid maximum block size, assuming 512 bytes
[    1.783614] mmc1: SDHCI controller on 78000600.sdhci [78000600.sdhci] using ADMA
[    1.792343] ledtrig-cpu: registered to indicate activity on CPUs
[    1.798705] usbcore: registered new interface driver usbhid
[    1.804286] usbhid: USB HID core driver
[    1.810960] NET: Registered protocol family 10
[    1.816057] Segment Routing with IPv6
[    1.819765] sit: IPv6, IPv4 and MPLS over IPv4 tunneling driver
[    1.826100] NET: Registered protocol family 17
[    1.830538] can: controller area network core (rev 20170425 abi 9)
[    1.836761] NET: Registered protocol family 29
[    1.841193] can: raw protocol (rev 20170425)
[    1.845471] can: broadcast manager protocol (rev 20170425 t)
[    1.851119] can: netlink gateway (rev 20170425) max_hops=1
[    1.856863] Key type dns_resolver registered
[    1.861506] ThumbEE CPU extension supported.
[    1.865785] Registering SWP/SWPB emulation handler
[    1.880238] vdd_ddr: supplied by vdd_5v_in
[    1.885219] vdd_5v_sata: supplied by vdd_5v_in
[    1.890005] usb1_vbus: supplied by vdd_5v_in
[    1.894614] usb3_vbus: supplied by vdd_5v_in
[    1.900096] sys_3v3,vdd_3v3_alw: supplied by vdd_5v_in
[    1.906056] sys_3v3_pexs: supplied by sys_3v3,vdd_3v3_alw
[    1.906120] mmc1: new high speed MMC card at address 0001
[    1.908088] mmcblk1: mmc1:0001 SEM16G 14.8 GiB 
[    1.908984] mmcblk1boot0: mmc1:0001 SEM16G partition 1 1.00 MiB
[    1.909487] mmcblk1boot1: mmc1:0001 SEM16G partition 2 1.00 MiB
[    1.910357] mmcblk1rpmb: mmc1:0001 SEM16G partition 3 128 KiB
[    1.939130] +VDD_5V_HDMI: supplied by sys_3v3,vdd_3v3_alw
[    1.945231] tegra-pcie 3000.pcie-controller: 2x3 configuration
[    1.953531] tegra-pcie 3000.pcie-controller: probing port 0, using 2 lanes
[    1.964822] Primary GPT is invalid, using alternate GPT.
[    1.970137]  mmcblk1: p1 p2 p3 p4 p5
[    1.983849] mmc0: new ultra high speed DDR50 SDHC card at address aaaa
[    1.991003] mmcblk0: mmc0:aaaa SS04G 3.69 GiB 
[    2.018753] tegra-pcie 3000.pcie-controller: probing port 2, using 2 lanes
[    2.030975]  mmcblk0: p1 p2 p3
[    2.429570] tegra-pcie 3000.pcie-controller: link 2 down, retrying
[    2.839666] tegra-pcie 3000.pcie-controller: link 2 down, retrying
[    3.249735] tegra-pcie 3000.pcie-controller: link 2 down, retrying
[    3.257923] tegra-pcie 3000.pcie-controller: link 2 down, ignoring
[    3.264211] tegra-pcie 3000.pcie-controller: PCI host bridge to bus 0000:00
[    3.271160] pci_bus 0000:00: root bus resource [io  0x0000-0xffff]
[    3.277338] pci_bus 0000:00: root bus resource [mem 0x20000000-0x27ffffff]
[    3.284205] pci_bus 0000:00: root bus resource [mem 0x28000000-0x3fffffff pref]
[    3.291497] pci_bus 0000:00: root bus resource [bus 00-ff]
[    3.296999] pci 0000:00:01.0: [10de:0e1c] type 01 class 0x060400
[    3.303016] pci_bus 0000:00: 2-byte config write to 0000:00:01.0 offset 0x88 may corrupt adjacent RW1C bits
[    3.312763] pci_bus 0000:00: 2-byte config write to 0000:00:01.0 offset 0x52 may corrupt adjacent RW1C bits
[    3.322505] pci 0000:00:01.0: PME# supported from D0 D1 D2 D3hot D3cold
[    3.329115] pci_bus 0000:00: 2-byte config write to 0000:00:01.0 offset 0x4c may corrupt adjacent RW1C bits
[    3.338980] pci_bus 0000:00: 2-byte config write to 0000:00:01.0 offset 0x3e may corrupt adjacent RW1C bits
[    3.348713] pci_bus 0000:00: 2-byte config write to 0000:00:01.0 offset 0x4 may corrupt adjacent RW1C bits
[    3.358354] pci_bus 0000:00: 1-byte config write to 0000:00:01.0 offset 0xc may corrupt adjacent RW1C bits
[    3.367991] PCI: bus0: Fast back to back transfers disabled
[    3.373552] pci 0000:00:01.0: bridge configuration invalid ([bus 00-00]), reconfiguring
[    3.381545] pci_bus 0000:00: 2-byte config write to 0000:00:01.0 offset 0x3e may corrupt adjacent RW1C bits
[    3.391278] pci_bus 0000:00: 2-byte config write to 0000:00:01.0 offset 0x3e may corrupt adjacent RW1C bits
[    3.401006] pci_bus 0000:00: 2-byte config write to 0000:00:01.0 offset 0x3e may corrupt adjacent RW1C bits
[    3.410733] pci_bus 0000:00: 2-byte config write to 0000:00:01.0 offset 0x6 may corrupt adjacent RW1C bits
[    3.420471] pci 0000:01:00.0: [10ec:8168] type 00 class 0x020000
[    3.426492] pci 0000:01:00.0: reg 0x10: [io  0x0000-0x00ff]
[    3.432065] pci 0000:01:00.0: reg 0x18: [mem 0x00000000-0x00000fff 64bit pref]
[    3.439288] pci 0000:01:00.0: reg 0x20: [mem 0x00000000-0x00003fff 64bit pref]
[    3.446569] pci 0000:01:00.0: supports D1 D2
[    3.450827] pci 0000:01:00.0: PME# supported from D0 D1 D2 D3hot D3cold
[    3.483623] PCI: bus1: Fast back to back transfers disabled
[    3.489184] pci_bus 0000:01: busn_res: [bus 01-ff] end is updated to 01
[    3.495857] pci 0000:00:01.0: BAR 9: assigned [mem 0x28000000-0x280fffff 64bit pref]
[    3.503595] pci 0000:00:01.0: BAR 7: assigned [io  0x1000-0x1fff]
[    3.509676] pci 0000:01:00.0: BAR 4: assigned [mem 0x28000000-0x28003fff 64bit pref]
[    3.517422] pci 0000:01:00.0: BAR 2: assigned [mem 0x28004000-0x28004fff 64bit pref]
[    3.525164] pci 0000:01:00.0: BAR 0: assigned [io  0x1000-0x10ff]
[    3.531245] pci 0000:00:01.0: PCI bridge to [bus 01]
[    3.536204] pci 0000:00:01.0:   bridge window [io  0x1000-0x1fff]
[    3.542284] pci 0000:00:01.0:   bridge window [mem 0x28000000-0x280fffff 64bit pref]
[    3.550033] pci 0000:00:01.0: nv_msi_ht_cap_quirk didn't locate host bridge
[    3.557051] pcieport 0000:00:01.0: enabling device (0140 -> 0143)
[    3.563308] pcieport 0000:00:01.0: Signaling PME with IRQ 374
[    3.569256] r8169 Gigabit Ethernet driver 2.3LK-NAPI loaded
[    3.574847] r8169 0000:01:00.0: enabling device (0140 -> 0143)
[    3.581579] r8169 0000:01:00.0 eth0: RTL8168evl/8111evl at 0xf0b12000, 02:04:4b:01:60:a6, XID 0c900800 IRQ 375
[    3.591581] r8169 0000:01:00.0 eth0: jumbo features [frames: 9200 bytes, tx checksumming: ko]
[    3.606893] utmi_phy_clk_enable: timeout waiting for phy to stabilize
[    3.613342] tegra-ehci 7d004000.usb: EHCI Host Controller
[    3.618765] tegra-ehci 7d004000.usb: new USB bus registered, assigned bus number 1
[    3.626516] tegra-ehci 7d004000.usb: irq 343, io mem 0x7d004000
[    3.653616] tegra-ehci 7d004000.usb: USB 2.0 started, EHCI 1.00
[    3.660475] hub 1-0:1.0: USB hub found
[    3.664251] hub 1-0:1.0: 1 port detected
[    3.669314] tegra-ehci 7d008000.usb: EHCI Host Controller
[    3.674731] tegra-ehci 7d008000.usb: new USB bus registered, assigned bus number 2
[    3.682450] tegra-ehci 7d008000.usb: irq 344, io mem 0x7d008000
[    3.713604] tegra-ehci 7d008000.usb: USB 2.0 started, EHCI 1.00
[    3.720359] hub 2-0:1.0: USB hub found
[    3.724128] hub 2-0:1.0: 1 port detected
[    3.732614] tps65910-rtc tps65910-rtc: setting system clock to 2000-01-01 00:00:02 UTC (946684802)
[    3.742115] vdd_sata,avdd_plle: disabling
[    3.746490] usb1_vbus: disabling
[    3.751513] EXT4-fs (mmcblk1p1): mounting ext3 file system using the ext4 subsystem
[    3.766856] EXT4-fs (mmcblk1p1): warning: mounting fs with errors, running e2fsck is recommended
[    3.777079] EXT4-fs (mmcblk1p1): recovery complete
[    3.781866] EXT4-fs (mmcblk1p1): mounted filesystem with ordered data mode. Opts: (null)
[    3.789988] VFS: Mounted root (ext3 filesystem) on device 179:1.
[    3.806395] devtmpfs: mounted
[    3.811892] Freeing unused kernel memory: 2048K
bash: cannot set terminal process group (-1): Inappropriate ioctl for device
bash: no job control in this shell
root@(none):/# [    4.083628] usb 2-1: new high-speed USB device number 2 using tegra-ehci
[    4.743343] asix 2-1:1.0 eth1: register 'asix' at usb-7d008000.usb-1, ASIX AX88772 USB 2.0 Ethernet, 00:50:b6:0f:67:60
mount -t sysfs none /sys
root@(none):/# 
root@(none):/# mount -t debugfs none /sys/kernel/debug
root@(none):/# 
root@(none):/# rtcwake -d rtc1 -m mem -s 3
rtcwake: wakeup from "mem" using /dev/rtc1 at Thu Jan  1 00:00:22 1970
[    7.499758] PM: Syncing filesystems ... done.
[    7.506186] Freezing user space processes ... (elapsed 0.001 seconds) done.
[    7.514282] OOM killer disabled.
[    7.517499] Freezing remaining freezable tasks ... (elapsed 0.001 seconds) done.
[    7.526113] Suspending console(s) (use no_console_suspend to debug)
[    7.607233] tegra_dma_pm_suspend-1523
[    7.607238] tegra_dma_runtime_resume-1507
[    7.607251] tegra_dma_pm_suspend-1551
[    7.607331] PM: suspend of devices complete after 74.141 msecs
[    7.609409] PM: late suspend of devices complete after 2.069 msecs
[    7.634225] PM: noirq suspend of devices complete after 24.808 msecs
[    7.634229] Disabling non-boot CPUs ...
[    7.634753] IRQ346 no longer affine to CPU1
[    7.716914] IRQ347 no longer affine to CPU2
[    7.775930] IRQ17 no longer affine to CPU3
[    7.776073] IRQ348 no longer affine to CPU3
[    7.825616] Entering suspend state LP1
[    7.825616] Suspended for 3.327 seconds
[    7.825631] Enabling non-boot CPUs ...
[    7.855562] CPU1 is up
[    7.895693] CPU2 is up
[    7.935914] CPU3 is up
[    7.936647] pcieport 0000:00:01.0: nv_msi_ht_cap_quirk didn't locate host bridge
[    7.963659] PM: noirq resume of devices complete after 27.735 msecs
[    7.965947] PM: early resume of devices complete after 1.845 msecs
[    8.516206] PM: resume of devices complete after 550.249 msecs
[    8.611204] OOM killer enabled.
[    8.614341] Restarting tasks ... done.
root@(none):/# 
root@(none):/# rtcwake -d rtc1 -m mem -s 3
rtcwake: wakeup from "mem" using /dev/rtc1 at Thu Jan  1 00:00:27 1970
[    9.233490] PM: Syncing filesystems ... done.
[    9.238844] Freezing user space processes ... (elapsed 0.001 seconds) done.
[    9.246950] OOM killer disabled.
[    9.250166] Freezing remaining freezable tasks ... (elapsed 0.001 seconds) done.
[    9.258767] Suspending console(s) (use no_console_suspend to debug)
[    9.304808] pci_generic_config_write32: 63 callbacks suppressed
[    9.304820] pci_bus 0000:00: 2-byte config write to 0000:00:01.0 offset 0x9c may corrupt adjacent RW1C bits
[    9.345657] tegra_dma_pm_suspend-1523
[    9.345663] tegra_dma_runtime_resume-1507
[    9.345675] tegra_dma_pm_suspend-1551
[    9.345752] PM: suspend of devices complete after 79.992 msecs
[    9.348945] PM: late suspend of devices complete after 3.186 msecs
[    9.349523] pci_bus 0000:01: 2-byte config write to 0000:01:00.0 offset 0x44 may corrupt adjacent RW1C bits
[    9.349537] pci_bus 0000:01: 2-byte config write to 0000:01:00.0 offset 0x44 may corrupt adjacent RW1C bits
[    9.374148] PM: noirq suspend of devices complete after 25.195 msecs
[    9.374152] Disabling non-boot CPUs ...
[    9.374479] IRQ17 no longer affine to CPU1
[    9.374635] IRQ346 no longer affine to CPU1
[    9.427008] IRQ347 no longer affine to CPU2
[    9.485931] IRQ348 no longer affine to CPU3
[    9.535111] Entering suspend state LP1
[    9.535111] Suspended for 3.290 seconds
[    9.535128] Enabling non-boot CPUs ...
[    9.565898] CPU1 is up
[    9.606002] CPU2 is up
[    9.646303] CPU3 is up
[    9.647121] pci_bus 0000:00: 2-byte config write to 0000:00:01.0 offset 0x4c may corrupt adjacent RW1C bits
[    9.647141] pci_bus 0000:00: 2-byte config write to 0000:00:01.0 offset 0x88 may corrupt adjacent RW1C bits
[    9.647149] pci_bus 0000:00: 2-byte config write to 0000:00:01.0 offset 0x90 may corrupt adjacent RW1C bits
[    9.647154] pci_bus 0000:00: 2-byte config write to 0000:00:01.0 offset 0x98 may corrupt adjacent RW1C bits
[    9.647159] pci_bus 0000:00: 2-byte config write to 0000:00:01.0 offset 0x9c may corrupt adjacent RW1C bits
[    9.647182] pci_bus 0000:00: 2-byte config write to 0000:00:01.0 offset 0x52 may corrupt adjacent RW1C bits
[    9.647190] pci_bus 0000:00: 2-byte config write to 0000:00:01.0 offset 0x52 may corrupt adjacent RW1C bits
[    9.647217] pcieport 0000:00:01.0: nv_msi_ht_cap_quirk didn't locate host bridge
[    9.673620] PM: noirq resume of devices complete after 27.305 msecs
[    9.676181] PM: early resume of devices complete after 2.042 msecs
[   10.226014] PM: resume of devices complete after 549.823 msecs
[   10.424392] OOM killer enabled.
[   10.427525] Restarting tasks ... done.
root@(none):/# 
root@(none):/# rtcwake -d rtc1 -m mem -s 3
rtcwake: wakeup from "mem" using /dev/rtc1 at Thu Jan  1 00:00:32 1970
[   10.961557] PM: Syncing filesystems ... done.
[   10.968244] Freezing user space processes ... (elapsed 0.001 seconds) done.
[   10.976387] OOM killer disabled.
[   10.979604] Freezing remaining freezable tasks ... (elapsed 0.001 seconds) done.
[   10.988263] Suspending console(s) (use no_console_suspend to debug)
[   11.077955] tegra_dma_pm_suspend-1523
[   11.077962] tegra_dma_runtime_resume-1507
[   11.077978] tegra_dma_pm_suspend-1551
[   11.078081] PM: suspend of devices complete after 82.595 msecs
[   11.082199] PM: late suspend of devices complete after 4.106 msecs
[   11.104261] PM: noirq suspend of devices complete after 22.052 msecs
[   11.104266] Disabling non-boot CPUs ...
[   11.104717] IRQ17 no longer affine to CPU1
[   11.104918] IRQ346 no longer affine to CPU1
[   11.285835] Entering suspend state LP1
[   11.285835] Suspended for 3.249 seconds
[   11.285855] Enabling non-boot CPUs ...
[   11.315937] CPU1 is up
[   11.356074] CPU2 is up
[   11.396251] CPU3 is up
[   11.397135] pcieport 0000:00:01.0: nv_msi_ht_cap_quirk didn't locate host bridge
[   11.423593] PM: noirq resume of devices complete after 27.329 msecs
[   11.425515] PM: early resume of devices complete after 1.420 msecs
[   11.957561] PM: resume of devices complete after 532.032 msecs
[   12.044546] OOM killer enabled.
[   12.047676] Restarting tasks ... done.
root@(none):/# 
root@(none):/# rtcwake -d rtc1 -m mem -s 3
rtcwake: wakeup from "mem" using /dev/rtc1 at Thu Jan  1 00:00:37 1970
[   12.711536] PM: Syncing filesystems ... done.
[   12.718243] Freezing user space processes ... (elapsed 0.001 seconds) done.
[   12.726379] OOM killer disabled.
[   12.729596] Freezing remaining freezable tasks ... (elapsed 0.001 seconds) done.
[   12.738250] Suspending console(s) (use no_console_suspend to debug)
[   12.826971] tegra_dma_pm_suspend-1523
[   12.826978] tegra_dma_runtime_resume-1507
[   12.826994] tegra_dma_pm_suspend-1551
[   12.827098] PM: suspend of devices complete after 81.611 msecs
[   12.831251] PM: late suspend of devices complete after 4.144 msecs
[   12.854211] PM: noirq suspend of devices complete after 22.951 msecs
[   12.854216] Disabling non-boot CPUs ...
[   12.854683] migrate_irqs: 2 callbacks suppressed
[   12.854688] IRQ17 no longer affine to CPU1
[   12.854885] IRQ346 no longer affine to CPU1
[   12.907657] IRQ347 no longer affine to CPU2
[   12.966519] IRQ348 no longer affine to CPU3
[   13.015892] Entering suspend state LP1
[   13.015892] Suspended for 3.269 seconds
[   13.015909] Enabling non-boot CPUs ...
[   13.045839] CPU1 is up
[   13.086007] CPU2 is up
[   13.126309] CPU3 is up
[   13.127195] pcieport 0000:00:01.0: nv_msi_ht_cap_quirk didn't locate host bridge
[   13.153563] PM: noirq resume of devices complete after 27.240 msecs
[   13.155984] PM: early resume of devices complete after 1.896 msecs
[   13.699031] PM: resume of devices complete after 543.034 msecs
[   13.798921] OOM killer enabled.
[   13.802050] Restarting tasks ... done.
root@(none):/# 
root@(none):/# rtcwake -d rtc1 -m mem -s 3
rtcwake: wakeup from "mem" using /dev/rtc1 at Thu Jan  1 00:00:42 1970
[   14.440974] PM: Syncing filesystems ... done.
[   14.447689] Freezing user space processes ... (elapsed 0.001 seconds) done.
[   14.455831] OOM killer disabled.
[   14.459048] Freezing remaining freezable tasks ... (elapsed 0.001 seconds) done.
[   14.467711] Suspending console(s) (use no_console_suspend to debug)
[   14.515085] pci_generic_config_write32: 65 callbacks suppressed
[   14.515101] pci_bus 0000:00: 2-byte config write to 0000:00:01.0 offset 0x9c may corrupt adjacent RW1C bits
[   14.556382] tegra_dma_pm_suspend-1523
[   14.556388] tegra_dma_runtime_resume-1507
[   14.556404] tegra_dma_pm_suspend-1551
[   14.556506] PM: suspend of devices complete after 81.588 msecs
[   14.560093] PM: late suspend of devices complete after 3.579 msecs
[   14.560581] pci_bus 0000:01: 2-byte config write to 0000:01:00.0 offset 0x44 may corrupt adjacent RW1C bits
[   14.560597] pci_bus 0000:01: 2-byte config write to 0000:01:00.0 offset 0x44 may corrupt adjacent RW1C bits
[   14.584190] PM: noirq suspend of devices complete after 24.089 msecs
[   14.584195] Disabling non-boot CPUs ...
[   14.584811] IRQ346 no longer affine to CPU1
[   14.657876] IRQ347 no longer affine to CPU2
[   14.716277] IRQ17 no longer affine to CPU3
[   14.716442] IRQ348 no longer affine to CPU3
[   14.765358] Entering suspend state LP1
[   14.765358] Suspended for 3.250 seconds
[   14.765378] Enabling non-boot CPUs ...
[   14.795768] CPU1 is up
[   14.835944] CPU2 is up
[   14.876181] CPU3 is up
[   14.877002] pci_bus 0000:00: 2-byte config write to 0000:00:01.0 offset 0x4c may corrupt adjacent RW1C bits
[   14.877017] pci_bus 0000:00: 2-byte config write to 0000:00:01.0 offset 0x88 may corrupt adjacent RW1C bits
[   14.877023] pci_bus 0000:00: 2-byte config write to 0000:00:01.0 offset 0x90 may corrupt adjacent RW1C bits
[   14.877029] pci_bus 0000:00: 2-byte config write to 0000:00:01.0 offset 0x98 may corrupt adjacent RW1C bits
[   14.877034] pci_bus 0000:00: 2-byte config write to 0000:00:01.0 offset 0x9c may corrupt adjacent RW1C bits
[   14.877054] pci_bus 0000:00: 2-byte config write to 0000:00:01.0 offset 0x52 may corrupt adjacent RW1C bits
[   14.877061] pci_bus 0000:00: 2-byte config write to 0000:00:01.0 offset 0x52 may corrupt adjacent RW1C bits
[   14.877092] pcieport 0000:00:01.0: nv_msi_ht_cap_quirk didn't locate host bridge
[   14.903526] PM: noirq resume of devices complete after 27.334 msecs
[   14.905396] PM: early resume of devices complete after 1.376 msecs
[   15.449608] PM: resume of devices complete after 544.201 msecs
[   15.648004] OOM killer enabled.
[   15.651134] Restarting tasks ... done.
root@(none):/# 
root@(none):/# rtcwake -d rtc1 -m mem -s 3
rtcwake: wakeup from "mem" using /dev/rtc1 at Thu Jan  1 00:00:47 1970
[   16.190954] PM: Syncing filesystems ... done.
[   16.197662] Freezing user space processes ... (elapsed 0.001 seconds) done.
[   16.205801] OOM killer disabled.
[   16.209018] Freezing remaining freezable tasks ... (elapsed 0.001 seconds) done.
[   16.217674] Suspending console(s) (use no_console_suspend to debug)
[   16.305847] tegra_dma_pm_suspend-1523
[   16.305854] tegra_dma_runtime_resume-1507
[   16.305871] tegra_dma_pm_suspend-1551
[   16.305973] PM: suspend of devices complete after 81.072 msecs
[   16.310101] PM: late suspend of devices complete after 4.116 msecs
[   16.334152] PM: noirq suspend of devices complete after 24.040 msecs
[   16.334158] Disabling non-boot CPUs ...
[   16.334585] IRQ17 no longer affine to CPU1
[   16.334788] IRQ346 no longer affine to CPU1
[   16.515235] Entering suspend state LP1
[   16.515235] Suspended for 3.250 seconds
[   16.515252] Enabling non-boot CPUs ...
[   16.545745] CPU1 is up
[   16.585897] CPU2 is up
[   16.626152] CPU3 is up
[   16.627053] pcieport 0000:00:01.0: nv_msi_ht_cap_quirk didn't locate host bridge
[   16.653492] PM: noirq resume of devices complete after 27.328 msecs
[   16.655927] PM: early resume of devices complete after 1.941 msecs
[   17.209562] PM: resume of devices complete after 553.622 msecs
[   17.296487] OOM killer enabled.
[   17.299617] Restarting tasks ... done.
root@(none):/# 
root@(none):/# rtcwake -d rtc1 -m mem -s 3
rtcwake: wakeup from "mem" using /dev/rtc1 at Thu Jan  1 00:00:52 1970
[   17.940952] PM: Syncing filesystems ... done.
[   17.947671] Freezing user space processes ... (elapsed 0.001 seconds) done.
[   17.955812] OOM killer disabled.
[   17.959028] Freezing remaining freezable tasks ... (elapsed 0.001 seconds) done.
[   17.967682] Suspending console(s) (use no_console_suspend to debug)
[   18.055816] tegra_dma_pm_suspend-1523
[   18.055823] tegra_dma_runtime_resume-1507
[   18.055839] tegra_dma_pm_suspend-1551
[   18.055939] PM: suspend of devices complete after 81.022 msecs
[   18.057027] PM: late suspend of devices complete after 1.080 msecs
[   18.084160] PM: noirq suspend of devices complete after 27.123 msecs
[   18.084166] Disabling non-boot CPUs ...
[   18.084584] migrate_irqs: 2 callbacks suppressed
[   18.084587] IRQ17 no longer affine to CPU1
[   18.084782] IRQ346 no longer affine to CPU1
[   18.127737] IRQ347 no longer affine to CPU2
[   18.186176] IRQ348 no longer affine to CPU3
[   18.235194] Entering suspend state LP1
[   18.235194] Suspended for 3.280 seconds
[   18.235210] Enabling non-boot CPUs ...
[   18.265637] CPU1 is up
[   18.305811] CPU2 is up
[   18.346067] CPU3 is up
[   18.346958] pcieport 0000:00:01.0: nv_msi_ht_cap_quirk didn't locate host bridge
[   18.373459] PM: noirq resume of devices complete after 27.380 msecs
[   18.374794] PM: early resume of devices complete after 0.848 msecs
[   18.920441] PM: resume of devices complete after 545.635 msecs
[   19.020309] OOM killer enabled.
[   19.023447] Restarting tasks ... done.
root@(none):/# 
root@(none):/# rtcwake -d rtc1 -m mem -s 3
rtcwake: wakeup from "mem" using /dev/rtc1 at Thu Jan  1 00:00:57 1970
[   19.660882] PM: Syncing filesystems ... done.
[   19.667592] Freezing user space processes ... (elapsed 0.001 seconds) done.
[   19.675740] OOM killer disabled.
[   19.678956] Freezing remaining freezable tasks ... (elapsed 0.001 seconds) done.
[   19.687619] Suspending console(s) (use no_console_suspend to debug)
[   19.733998] pci_generic_config_write32: 65 callbacks suppressed
[   19.734014] pci_bus 0000:00: 2-byte config write to 0000:00:01.0 offset 0x9c may corrupt adjacent RW1C bits
[   19.775796] tegra_dma_pm_suspend-1523
[   19.775803] tegra_dma_runtime_resume-1507
[   19.775818] tegra_dma_pm_suspend-1551
[   19.775921] PM: suspend of devices complete after 81.076 msecs
[   19.779541] PM: late suspend of devices complete after 3.612 msecs
[   19.780266] pci_bus 0000:01: 2-byte config write to 0000:01:00.0 offset 0x44 may corrupt adjacent RW1C bits
[   19.780282] pci_bus 0000:01: 2-byte config write to 0000:01:00.0 offset 0x44 may corrupt adjacent RW1C bits
[   19.804087] PM: noirq suspend of devices complete after 24.539 msecs
[   19.804091] Disabling non-boot CPUs ...
[   19.804514] IRQ17 no longer affine to CPU1
[   19.804711] IRQ346 no longer affine to CPU1
[   19.877731] IRQ347 no longer affine to CPU2
[   19.936187] IRQ348 no longer affine to CPU3
[   19.985185] Entering suspend state LP1
[   19.985185] Suspended for 3.249 seconds
[   19.985202] Enabling non-boot CPUs ...
[   20.015680] CPU1 is up
[   20.055790] CPU2 is up
[   20.096035] CPU3 is up
[   20.096831] pci_bus 0000:00: 2-byte config write to 0000:00:01.0 offset 0x4c may corrupt adjacent RW1C bits
[   20.096846] pci_bus 0000:00: 2-byte config write to 0000:00:01.0 offset 0x88 may corrupt adjacent RW1C bits
[   20.096853] pci_bus 0000:00: 2-byte config write to 0000:00:01.0 offset 0x90 may corrupt adjacent RW1C bits
[   20.096862] pci_bus 0000:00: 2-byte config write to 0000:00:01.0 offset 0x98 may corrupt adjacent RW1C bits
[   20.096868] pci_bus 0000:00: 2-byte config write to 0000:00:01.0 offset 0x9c may corrupt adjacent RW1C bits
[   20.096894] pci_bus 0000:00: 2-byte config write to 0000:00:01.0 offset 0x52 may corrupt adjacent RW1C bits
[   20.096901] pci_bus 0000:00: 2-byte config write to 0000:00:01.0 offset 0x52 may corrupt adjacent RW1C bits
[   20.096929] pcieport 0000:00:01.0: nv_msi_ht_cap_quirk didn't locate host bridge
[   20.123422] PM: noirq resume of devices complete after 27.378 msecs
[   20.124763] PM: early resume of devices complete after 0.853 msecs
[   20.676293] PM: resume of devices complete after 551.514 msecs
[   20.874640] OOM killer enabled.
[   20.877769] Restarting tasks ... done.
root@(none):/# 
root@(none):/# rtcwake -d rtc1 -m mem -s 3
rtcwake: wakeup from "mem" using /dev/rtc1 at Thu Jan  1 00:01:02 1970
[   21.410323] PM: Syncing filesystems ... done.
[   21.416512] Freezing user space processes ... (elapsed 0.001 seconds) done.
[   21.424652] OOM killer disabled.
[   21.427867] Freezing remaining freezable tasks ... (elapsed 0.001 seconds) done.
[   21.436524] Suspending console(s) (use no_console_suspend to debug)
[   21.525760] tegra_dma_pm_suspend-1523
[   21.525768] tegra_dma_runtime_resume-1507
[   21.525785] tegra_dma_pm_suspend-1551
[   21.525888] PM: suspend of devices complete after 82.112 msecs
[   21.527998] PM: late suspend of devices complete after 2.100 msecs
[   21.554054] PM: noirq suspend of devices complete after 26.046 msecs
[   21.554060] Disabling non-boot CPUs ...
[   21.554516] IRQ17 no longer affine to CPU1
[   21.554719] IRQ346 no longer affine to CPU1
[   21.715127] Entering suspend state LP1
[   21.715127] Suspended for 3.270 seconds
[   21.715144] Enabling non-boot CPUs ...
[   21.745593] CPU1 is up
[   21.785756] CPU2 is up
[   21.826054] CPU3 is up
[   21.826950] pcieport 0000:00:01.0: nv_msi_ht_cap_quirk didn't locate host bridge
[   21.853394] PM: noirq resume of devices complete after 27.327 msecs
[   21.855765] PM: early resume of devices complete after 1.889 msecs
[   22.402052] PM: resume of devices complete after 546.271 msecs
[   22.488987] OOM killer enabled.
[   22.492117] Restarting tasks ... done.
root@(none):/# 
root@(none):/# rtcwake -d rtc1 -m mem -s 3
rtcwake: wakeup from "mem" using /dev/rtc1 at Thu Jan  1 00:01:07 1970
[   23.154289] PM: Syncing filesystems ... done.
[   23.160953] Freezing user space processes ... (elapsed 0.001 seconds) done.
[   23.169109] OOM killer disabled.
[   23.172324] Freezing remaining freezable tasks ... (elapsed 0.001 seconds) done.
[   23.180964] Suspending console(s) (use no_console_suspend to debug)
[   23.266759] tegra_dma_pm_suspend-1523
[   23.266766] tegra_dma_runtime_resume-1507
[   23.266786] tegra_dma_pm_suspend-1551
[   23.266888] PM: suspend of devices complete after 78.689 msecs
[   23.270984] PM: late suspend of devices complete after 4.087 msecs
[   23.294004] PM: noirq suspend of devices complete after 23.011 msecs
[   23.294010] Disabling non-boot CPUs ...
[   23.294437] migrate_irqs: 2 callbacks suppressed
[   23.294440] IRQ17 no longer affine to CPU1
[   23.294643] IRQ346 no longer affine to CPU1
[   23.367659] IRQ347 no longer affine to CPU2
[   23.426075] IRQ348 no longer affine to CPU3
[   23.475142] Entering suspend state LP1
[   23.475142] Suspended for 3.239 seconds
[   23.475162] Enabling non-boot CPUs ...
[   23.505560] CPU1 is up
[   23.545713] CPU2 is up
[   23.586002] CPU3 is up
[   23.586866] pcieport 0000:00:01.0: nv_msi_ht_cap_quirk didn't locate host bridge
[   23.623380] PM: noirq resume of devices complete after 37.364 msecs
[   23.625541] PM: early resume of devices complete after 1.834 msecs
[   24.169900] PM: resume of devices complete after 544.348 msecs
[   24.269733] OOM killer enabled.
[   24.272862] Restarting tasks ... done.
root@(none):/# 
root@(none):/# NVTB SYSTEM SUSPEND TEST COMPLETE
