
U-Boot SPL 2014.07-00097-g772e173 (Jul 25 2014 - 20:02:52)


U-Boot 2014.07-00097-g772e173 (Jul 25 2014 - 20:02:52)

TEGRA124
Board: NVIDIA Jetson TK1
I2C:   ready
DRAM:  2 GiB
MMC:   Tegra SD/MMC: 0, Tegra SD/MMC: 1
In:    serial
Out:   serial
Err:   serial
Net:   Net Initialization Skipped
No ethernet found.
Hit any key to stop autoboot:  2  0 
Tegra124 (Jetson TK1) # 
Tegra124 (Jetson TK1) # usb reset
(Re)start USB...
USB0:   USB EHCI 1.10
scanning bus 0 for devices... 1 USB Device(s) found
USB1:   USB EHCI 1.10
scanning bus 1 for devices... 2 USB Device(s) found
       scanning usb for storage devices... 0 Storage Device(s) found
       scanning usb for ethernet devices... 
Warning: asx0 using MAC address from net device
1 Ethernet Device(s) found
Tegra124 (Jetson TK1) # setenv bootargs 'ignore_loglevel console=ttyS0,115200n8 rw root=/dev/mmcblk0p1 rootwait gpt debug init=/bin/bash noinitrd'
Tegra124 (Jetson TK1) # setenv ipaddr 192.168.100.102; setenv serverip 192.168.100.1; setenv tftpserverip 192.168.100.1
Tegra124 (Jetson TK1) # tftpboot 0x81000000 zImage.multi_v7_defconfig
Using asx0 device
TFTP from server 192.168.100.1; our IP address is 192.168.100.102
Filename 'zImage.multi_v7_defconfig'.
Load address: 0x81000000
Loading: *#################################################################
	 #################################################################
	 #################################################################
	 #################################################################
	 #################################################################
	 #################################################################
	 ##############################
	 3.3 MiB/s
done
Bytes transferred = 6152080 (5ddf90 hex)
Tegra124 (Jetson TK1) # tftpboot 0x82000000 tegra124-jetson-tk1.dtb
Using asx0 device
TFTP from server 192.168.100.1; our IP address is 192.168.100.102
Filename 'tegra124-jetson-tk1.dtb'.
Load address: 0x82000000
Loading: *#####
	 3 MiB/s
done
Bytes transferred = 62999 (f617 hex)
Tegra124 (Jetson TK1) # bootz 0x81000000 - 0x82000000
Kernel image @ 0x81000000 [ 0x000000 - 0x5ddf90 ]
## Flattened Device Tree blob at 82000000
   Booting using the fdt blob at 0x82000000
   Using Device Tree in place at 82000000, end 82012616

Starting kernel ...

[    0.000000] Booting Linux on physical CPU 0x0
[    0.000000] Linux version 4.2.0-rc1-26550-gd770e55 (pwalmsley@sellafield) (gcc version 4.7.3 20130328 (prerelease) (crosstool-NG linaro-1.13.1-4.7-2013.04-20130415 - Linaro GCC 2013.04) ) #1 SMP Tue Jul 7 00:59:35 PDT 2015
[    0.000000] CPU: ARMv7 Processor [413fc0f3] revision 3 (ARMv7), cr=10c5387d
[    0.000000] CPU: PIPT / VIPT nonaliasing data cache, PIPT instruction cache
[    0.000000] Machine model: NVIDIA Tegra124 Jetson TK1
[    0.000000] debug: ignoring loglevel setting.
[    0.000000] cma: Reserved 64 MiB at 0xfb800000
[    0.000000] Memory policy: Data cache writealloc
[    0.000000] On node 0 totalpages: 524032
[    0.000000] free_area_init_node: node 0, pgdat c0efda80, node_mem_map ee7f8000
[    0.000000]   DMA zone: 1520 pages used for memmap
[    0.000000]   DMA zone: 0 pages reserved
[    0.000000]   DMA zone: 194560 pages, LIFO batch:31
[    0.000000]   HighMem zone: 329472 pages, LIFO batch:31
[    0.000000] PERCPU: Embedded 11 pages/cpu @ee794000 s14784 r8192 d22080 u45056
[    0.000000] pcpu-alloc: s14784 r8192 d22080 u45056 alloc=11*4096
[    0.000000] pcpu-alloc: [0] 0 [0] 1 [0] 2 [0] 3 
[    0.000000] Built 1 zonelists in Zone order, mobility grouping on.  Total pages: 522512
[    0.000000] Kernel command line: ignore_loglevel console=ttyS0,115200n8 rw root=/dev/mmcblk0p1 rootwait gpt debug init=/bin/bash noinitrd
[    0.000000] PID hash table entries: 4096 (order: 2, 16384 bytes)
[    0.000000] Dentry cache hash table entries: 131072 (order: 7, 524288 bytes)
[    0.000000] Inode-cache hash table entries: 65536 (order: 6, 262144 bytes)
[    0.000000] Memory: 1999308K/2096128K available (7782K kernel code, 1038K rwdata, 3508K rodata, 944K init, 327K bss, 31284K reserved, 65536K cma-reserved, 1252352K highmem)
[    0.000000] Virtual kernel memory layout:
[    0.000000]     vector  : 0xffff0000 - 0xffff1000   (   4 kB)
[    0.000000]     fixmap  : 0xffc00000 - 0xfff00000   (3072 kB)
[    0.000000]     vmalloc : 0xf0000000 - 0xff000000   ( 240 MB)
[    0.000000]     lowmem  : 0xc0000000 - 0xef800000   ( 760 MB)
[    0.000000]     pkmap   : 0xbfe00000 - 0xc0000000   (   2 MB)
[    0.000000]     modules : 0xbf000000 - 0xbfe00000   (  14 MB)
[    0.000000]       .text : 0xc0208000 - 0xc0d0f9d4   (11295 kB)
[    0.000000]       .init : 0xc0d10000 - 0xc0dfc000   ( 944 kB)
[    0.000000]       .data : 0xc0dfc000 - 0xc0effa80   (1039 kB)
[    0.000000]        .bss : 0xc0f02000 - 0xc0f53c28   ( 328 kB)
[    0.000000] SLUB: HWalign=64, Order=0-3, MinObjects=0, CPUs=4, Nodes=1
[    0.000000] Hierarchical RCU implementation.
[    0.000000] 	Additional per-CPU info printed with stalls.
[    0.000000] 	Build-time adjustment of leaf fanout to 32.
[    0.000000] 	RCU restricting CPUs from NR_CPUS=16 to nr_cpu_ids=4.
[    0.000000] RCU: Adjusting geometry for rcu_fanout_leaf=32, nr_cpu_ids=4
[    0.000000] NR_IRQS:16 nr_irqs:16 16
[    0.000000] /interrupt-controller@60004000: 160 interrupts forwarded to /interrupt-controller@0,50041000
[    0.000000] L2C: failed to init: -19
[    0.000010] sched_clock: 32 bits at 1000kHz, resolution 1000ns, wraps every 2147483647500ns
[    0.000029] clocksource: timer_us: mask: 0xffffffff max_cycles: 0xffffffff, max_idle_ns: 1911260446275 ns
[    0.000042] Switching to timer-based delay loop, resolution 1000ns
[    0.004185] Architected cp15 timer(s) running at 12.00MHz (virt).
[    0.004202] clocksource: arch_sys_counter: mask: 0xffffffffffffff max_cycles: 0x2c47f4ee7, max_idle_ns: 440795202497 ns
[    0.004219] sched_clock: 56 bits at 12MHz, resolution 83ns, wraps every 4398046511096ns
[    0.004231] Switching to timer-based delay loop, resolution 83ns
[    0.004647] Console: colour dummy device 80x30
[    0.004669] Calibrating delay loop (skipped), value calculated using timer frequency.. 24.00 BogoMIPS (lpj=60000)
[    0.004684] pid_max: default: 32768 minimum: 301
[    0.004797] Mount-cache hash table entries: 2048 (order: 1, 8192 bytes)
[    0.004809] Mountpoint-cache hash table entries: 2048 (order: 1, 8192 bytes)
[    0.005403] CPU: Testing write buffer coherency: ok
[    0.005610] /cpus/cpu@0 missing clock-frequency property
[    0.005648] /cpus/cpu@1 missing clock-frequency property
[    0.005684] /cpus/cpu@2 missing clock-frequency property
[    0.005722] /cpus/cpu@3 missing clock-frequency property
[    0.005734] CPU0: thread -1, cpu 0, socket 0, mpidr 80000000
[    0.005777] Setting up static identity map for 0x80209000 - 0x80209098
[    0.008530] Tegra Revision: A01 SKU: 129 CPU Process: 1 Core Process: 1
[    0.009735] CPU1: thread -1, cpu 1, socket 0, mpidr 80000001
[    0.010306] CPU2: thread -1, cpu 2, socket 0, mpidr 80000002
[    0.010870] CPU3: thread -1, cpu 3, socket 0, mpidr 80000003
[    0.010932] Brought up 4 CPUs
[    0.010953] SMP: Total of 4 processors activated (96.00 BogoMIPS).
[    0.010961] CPU: All CPU(s) started in SVC mode.
[    0.011479] devtmpfs: initialized
[    0.030011] VFP support v0.3: implementor 41 architecture 4 part 30 variant f rev 0
[    0.030816] clocksource: jiffies: mask: 0xffffffff max_cycles: 0xffffffff, max_idle_ns: 9556302231375000 ns
[    0.032484] pinctrl core: initialized pinctrl subsystem
[    0.034101] NET: Registered protocol family 16
[    0.036056] DMA: preallocated 256 KiB pool for atomic coherent allocations
[    0.049022] cpuidle: using governor ladder
[    0.064042] cpuidle: using governor menu
[    0.080659] No ATAGs?
[    0.080693] hw-breakpoint: found 5 (+1 reserved) breakpoint and 4 watchpoint registers.
[    0.080704] hw-breakpoint: maximum watchpoint size is 8 bytes.
[    0.085250] Serial: AMBA PL011 UART driver
[    0.114616] +USB0_VBUS_SW: Failed to request enable GPIO108: -517
[    0.114743] reg-fixed-voltage regulators:regulator@7: Failed to register regulator: -517
[    0.114966] +5V_USB_HS: Failed to request enable GPIO109: -517
[    0.115079] reg-fixed-voltage regulators:regulator@8: Failed to register regulator: -517
[    0.115373] +1.05V_RUN_AVDD_HDMI_PLL: Failed to request enable GPIO63: -517
[    0.115487] reg-fixed-voltage regulators:regulator@11: Failed to register regulator: -517
[    0.115701] +5V_HDMI_CON: Failed to request enable GPIO86: -517
[    0.115812] reg-fixed-voltage regulators:regulator@12: Failed to register regulator: -517
[    0.116028] +5V_SATA: Failed to request enable GPIO242: -517
[    0.116138] reg-fixed-voltage regulators:regulator@13: Failed to register regulator: -517
[    0.116353] +12V_SATA: Failed to request enable GPIO242: -517
[    0.116464] reg-fixed-voltage regulators:regulator@14: Failed to register regulator: -517
[    0.119379] vgaarb: loaded
[    0.120154] SCSI subsystem initialized
[    0.120329] libata version 3.00 loaded.
[    0.120645] usbcore: registered new interface driver usbfs
[    0.120710] usbcore: registered new interface driver hub
[    0.120782] usbcore: registered new device driver usb
[    0.124353] pps_core: LinuxPPS API ver. 1 registered
[    0.124363] pps_core: Software ver. 5.3.6 - Copyright 2005-2007 Rodolfo Giometti <giometti@linux.it>
[    0.124391] PTP clock support registered
[    0.124606] EDAC MC: Ver: 3.0.0
[    0.127733] clocksource: Switched to clocksource arch_sys_counter
[    0.138657] NET: Registered protocol family 2
[    0.139174] TCP established hash table entries: 8192 (order: 3, 32768 bytes)
[    0.139275] TCP bind hash table entries: 8192 (order: 4, 65536 bytes)
[    0.139462] TCP: Hash tables configured (established 8192 bind 8192)
[    0.139511] UDP hash table entries: 512 (order: 2, 16384 bytes)
[    0.139553] UDP-Lite hash table entries: 512 (order: 2, 16384 bytes)
[    0.139725] NET: Registered protocol family 1
[    0.140003] RPC: Registered named UNIX socket transport module.
[    0.140011] RPC: Registered udp transport module.
[    0.140018] RPC: Registered tcp transport module.
[    0.140026] RPC: Registered tcp NFSv4.1 backchannel transport module.
[    0.140043] PCI: CLS 0 bytes, default 64
[    0.142291] futex hash table entries: 1024 (order: 4, 65536 bytes)
[    0.154428] squashfs: version 4.0 (2009/01/31) Phillip Lougher
[    0.155383] NFS: Registering the id_resolver key type
[    0.155411] Key type id_resolver registered
[    0.155420] Key type id_legacy registered
[    0.155483] ntfs: driver 2.1.32 [Flags: R/O].
[    0.156501] bounce: pool size: 64 pages
[    0.156716] Block layer SCSI generic (bsg) driver version 0.4 loaded (major 249)
[    0.156733] io scheduler noop registered
[    0.156746] io scheduler deadline registered
[    0.156937] io scheduler cfq registered (default)
[    0.173772] tegra-pcie 1003000.pcie-controller: 2x1, 1x1 configuration
[    0.173820] tegra-pcie 1003000.pcie-controller: Failed to get supply 'avddio-pex': -517
[    0.180655] tegra-apbdma 60020000.dma: Tegra20 APB DMA driver register 32 channels
[    0.181701] tegra-pmc 7000e400.pmc: emergency thermal reset enabled
[    0.245625] Serial: 8250/16550 driver, 4 ports, IRQ sharing disabled
[    0.247913] SuperH (H)SCI(F) driver initialized
[    0.248872] msm_serial: driver initialized
[    0.249709] console [ttyS0] disabled
[    0.249744] 70006300.serial: ttyS0 at MMIO 0x70006300 (irq = 331, base_baud = 25500000) is a Tegra
[    1.064946] console [ttyS0] enabled
[    1.069243] STMicroelectronics ASC driver initialized
[    1.076639] [drm] Initialized drm 1.1.0 20060810
[    1.083382] tegra-hdmi 54280000.hdmi: failed to get HDMI regulator
[    1.096603] loop: module loaded
[    1.100054] at24 0-0056: 256 byte 24c02 EEPROM, writable, 8 bytes/write
[    1.108096] as3722 4-0040: AS3722 with revision 0x1 found
[    1.131255] +5V_SYS: supplied by +VDD_MUX
[    1.135323] +1.05V_RUN: supplied by +5V_SYS
[    1.139627] tegra-ahci 70027000.sata: Failed to get supply 'hvdd': -517
[    1.146299] tegra-ahci 70027000.sata: Failed to get regulators
[    1.156974] m25p80 spi32765.0: w25q32dw (4096 Kbytes)
[    1.165353] CAN device driver interface
[    1.170529] igb: Intel(R) Gigabit Ethernet Network Driver - version 5.2.18-k
[    1.177585] igb: Copyright (c) 2007-2014 Intel Corporation.
[    1.186211] pegasus: v0.9.3 (2013/04/25), Pegasus/Pegasus II USB Ethernet driver
[    1.193667] usbcore: registered new interface driver pegasus
[    1.199405] usbcore: registered new interface driver asix
[    1.204874] usbcore: registered new interface driver ax88179_178a
[    1.211033] usbcore: registered new interface driver cdc_ether
[    1.216946] usbcore: registered new interface driver smsc75xx
[    1.222786] usbcore: registered new interface driver smsc95xx
[    1.228589] usbcore: registered new interface driver net1080
[    1.234309] usbcore: registered new interface driver cdc_subset
[    1.240288] usbcore: registered new interface driver zaurus
[    1.245962] usbcore: registered new interface driver cdc_ncm
[    1.251888] tegra-phy 7d004000.usb-phy: no vbus regulator
[    1.259415] ehci_hcd: USB 2.0 'Enhanced' Host Controller (EHCI) Driver
[    1.265959] ehci-pci: EHCI PCI platform driver
[    1.270467] ehci-platform: EHCI generic platform driver
[    1.275918] ehci-omap: OMAP-EHCI Host Controller driver
[    1.281301] ehci-orion: EHCI orion driver
[    1.285468] SPEAr-ehci: EHCI SPEAr driver
[    1.289640] ehci-st: EHCI STMicroelectronics driver
[    1.294679] ehci-exynos: EHCI EXYNOS driver
[    1.299053] ehci-atmel: EHCI Atmel driver
[    1.303224] tegra-ehci: Tegra EHCI driver
[    1.307549] tegra-ehci 7d004000.usb: EHCI Host Controller
[    1.312982] tegra-ehci 7d004000.usb: new USB bus registered, assigned bus number 1
[    1.320735] tegra-ehci 7d004000.usb: irq 347, io mem 0x7d004000
[    1.332753] tegra-ehci 7d004000.usb: USB 2.0 started, EHCI 1.10
[    1.339518] hub 1-0:1.0: USB hub found
[    1.343334] hub 1-0:1.0: 1 port detected
[    1.347896] ohci_hcd: USB 1.1 'Open' Host Controller (OHCI) Driver
[    1.354105] ohci-pci: OHCI PCI platform driver
[    1.358618] ohci-platform: OHCI generic platform driver
[    1.364033] ohci-omap3: OHCI OMAP3 driver
[    1.368207] SPEAr-ohci: OHCI SPEAr driver
[    1.372364] ohci-st: OHCI STMicroelectronics driver
[    1.377406] ohci-atmel: OHCI Atmel driver
[    1.381676] usbcore: registered new interface driver usb-storage
[    1.389258] mousedev: PS/2 mouse device common for all mice
[    1.398723] as3722-rtc as3722-rtc: rtc core: registered as3722-rtc as rtc0
[    1.405616] as3722-rtc as3722-rtc: RTC interrupt 366
[    1.413988] tegra_rtc 7000e000.rtc: rtc core: registered 7000e000.rtc as rtc1
[    1.421177] tegra_rtc 7000e000.rtc: Tegra internal Real Time Clock
[    1.427991] i2c /dev entries driver
[    1.436297] 0-004c supply vcc not found, using dummy regulator
[    1.447425] sdhci: Secure Digital Host Controller Interface driver
[    1.453619] sdhci: Copyright(c) Pierre Ossman
[    1.459595] Synopsys Designware Multimedia Card Interface Driver
[    1.466743] sdhci-pltfm: SDHCI platform and OF driver helper
[    1.473150] sdhci-tegra 700b0400.sdhci: Got CD GPIO
[    1.478055] sdhci-tegra 700b0400.sdhci: Got WP GPIO
[    1.482990] mmc0: Unknown controller version (3). You may experience problems.
[    1.490325] as3722-regulator as3722-regulator: Failed to resolve vin-ldo1-6-supply for as3722-ldo6
[    1.499290] sdhci-tegra 700b0400.sdhci: No vmmc regulator found
[    1.505364] mmc0: Unknown controller version (3). You may experience problems.
[    1.512652] sdhci-tegra 700b0600.sdhci: No vmmc regulator found
[    1.518587] sdhci-tegra 700b0600.sdhci: No vqmmc regulator found
[    1.524603] mmc0: Invalid maximum block size, assuming 512 bytes
[    1.562753] mmc0: SDHCI controller on 700b0600.sdhci [700b0600.sdhci] using ADMA 64-bit
[    1.571918] ledtrig-cpu: registered to indicate activity on CPUs
[    1.578166] usbcore: registered new interface driver usbhid
[    1.583748] usbhid: USB HID core driver
[    1.591288] NET: Registered protocol family 17
[    1.595776] can: controller area network core (rev 20120528 abi 9)
[    1.602098] NET: Registered protocol family 29
[    1.606571] can: raw protocol (rev 20120528)
[    1.610911] can: broadcast manager protocol (rev 20120528 t)
[    1.616598] can: netlink gateway (rev 20130117) max_hops=1
[    1.622489] Key type dns_resolver registered
[    1.627389] ThumbEE CPU extension supported.
[    1.631744] Registering SWP/SWPB emulation handler
[    1.646769] tegra-pcie 1003000.pcie-controller: 2x1, 1x1 configuration
[    1.653718] +3.3V_SYS: supplied by +VDD_MUX
[    1.658015] +3.3V_LP0: supplied by +3.3V_SYS
[    1.662599] +1.35V_LP0(sd2): supplied by +5V_SYS
[    1.667309] +1.05V_RUN_AVDD: supplied by +1.35V_LP0(sd2)
[    1.674823] tegra-pcie 1003000.pcie-controller: probing port 0, using 2 lanes
[    1.684114] tegra-pcie 1003000.pcie-controller: Slot present pin change, signature: 00000008
[    1.693523] mmc0: MAN_BKOPS_EN bit is not set
[    1.703487] mmc0: new high speed MMC card at address 0001
[    1.709417] mmcblk0: mmc0:0001 SEM16G 14.6 GiB 
[    1.714409] mmcblk0boot0: mmc0:0001 SEM16G partition 1 4.00 MiB
[    1.720795] mmcblk0boot1: mmc0:0001 SEM16G partition 2 4.00 MiB
[    1.727188] mmcblk0rpmb: mmc0:0001 SEM16G partition 3 4.00 MiB
[    1.735850] Primary GPT is invalid, using alternate GPT.
[    1.741226]  mmcblk0: p1 p2 p3 p4 p5 p6 p7 p8 p9
[    2.110586] tegra-pcie 1003000.pcie-controller: link 0 down, retrying
[    2.538370] tegra-pcie 1003000.pcie-controller: link 0 down, retrying
[    2.966705] tegra-pcie 1003000.pcie-controller: link 0 down, retrying
[    2.975276] tegra-pcie 1003000.pcie-controller: link 0 down, ignoring
[    2.981766] tegra-pcie 1003000.pcie-controller: probing port 1, using 1 lanes
[    2.991018] tegra-pcie 1003000.pcie-controller: Slot present pin change, signature: 00000000
[    3.419248] tegra-pcie 1003000.pcie-controller: link 1 down, retrying
[    3.846831] tegra-pcie 1003000.pcie-controller: link 1 down, retrying
[    4.275164] tegra-pcie 1003000.pcie-controller: link 1 down, retrying
[    4.283746] tegra-pcie 1003000.pcie-controller: link 1 down, ignoring
[    4.290452] tegra-pcie 1003000.pcie-controller: PCI host bridge to bus 0000:00
[    4.297686] pci_bus 0000:00: root bus resource [mem 0x13000000-0x1fffffff]
[    4.304570] pci_bus 0000:00: root bus resource [mem 0x20000000-0x3fffffff pref]
[    4.311884] pci_bus 0000:00: root bus resource [bus 00-ff]
[    4.317387] pci_bus 0000:00: root bus resource [io  0x1000-0xffff]
[    4.323602] PCI: bus0: Fast back to back transfers enabled
[    4.329856] +5V_HDMI_CON: supplied by +5V_SYS
[    4.334350] +1.05V_RUN_AVDD_HDMI_PLL: supplied by +1.05V_RUN
[    4.340145] +3.3V_RUN: supplied by +3.3V_SYS
[    4.344461] +3.3V_AVDD_HDMI_AP_GATED: supplied by +3.3V_RUN
[    4.352084] [drm] Supports vblank timestamp caching Rev 2 (21.10.2013).
[    4.358766] [drm] No driver support for vblank timestamp query.
[    4.463712] tegra-hdmi 54280000.hdmi: cannot set audio to 44100 at 297000000 pclk
[    4.573652] Console: switching to colour frame buffer device 512x135
[    4.667596] drm drm: fb0:  frame buffer device
[    4.672049] drm drm: registered panic notifier
[    4.687904] [drm] Initialized tegra 0.0.0 20120330 on minor 0
[    4.694794] +5V_SATA: supplied by +5V_SYS
[    4.699011] +12V_SATA: supplied by +VDD_MUX
[    4.703951] tegra-ahci 70027000.sata: AHCI 0001.0301 32 slots 2 ports 3 Gbps 0x1 impl platform mode
[    4.713027] tegra-ahci 70027000.sata: flags: 64bit ncq sntf pm led pio slum part sadm sds apst 
[    4.724384] scsi host0: tegra-ahci
[    4.729035] scsi host1: tegra-ahci
[    4.732862] ata1: SATA max UDMA/133 mmio [mem 0x70027000-0x70028fff] port 0x100 irq 341
[    4.740900] ata2: DUMMY
[    4.744555] +5V_USB_HS: supplied by +5V_SYS
[    4.749978] tegra-ehci 7d008000.usb: EHCI Host Controller
[    4.755436] tegra-ehci 7d008000.usb: new USB bus registered, assigned bus number 2
[    4.763231] tegra-ehci 7d008000.usb: irq 348, io mem 0x7d008000
[    4.777887] tegra-ehci 7d008000.usb: USB 2.0 started, EHCI 1.10
[    4.784856] hub 2-0:1.0: USB hub found
[    4.788698] hub 2-0:1.0: 1 port detected
[    4.794324] sdhci-tegra 700b0400.sdhci: Got CD GPIO
[    4.799281] sdhci-tegra 700b0400.sdhci: Got WP GPIO
[    4.804265] mmc1: Unknown controller version (3). You may experience problems.
[    4.811659] +VDDIO_SDMMC3: supplied by +3.3V_RUN
[    4.816404] sdhci-tegra 700b0400.sdhci: No vmmc regulator found
[    4.822382] mmc1: Invalid maximum block size, assuming 512 bytes
[    4.863353] mmc1: SDHCI controller on 700b0400.sdhci [700b0400.sdhci] using ADMA 64-bit
[    4.872394] input: gpio-keys as /devices/soc0/gpio-keys/input/input0
[    4.879992] as3722-rtc as3722-rtc: setting system clock to 2000-02-01 00:00:18 UTC (949363218)
[    4.900291] +USB0_VBUS_SW: disabling
[    4.903918] +1.8V_RUN_VPP_FUSE: disabling
[    4.908118] +2.8V_RUN_CAM_AF: disabling
[    4.912312] +3.3V_RUN_TOUCH: disabling
[    4.916432] +1.05V_RUN_CAM_REAR: disabling
[    4.920901] +1.2V_RUN_CAM_FRONT: disabling
[    4.925378] +2.8V_RUN_CAM: disabling
[    4.929104] +1.8V_RUN_CAM: disabling
[    5.062871] ata1: SATA link down (SStatus 0 SControl 300)
[    5.069069] EXT4-fs (mmcblk0p1): couldn't mount as ext3 due to feature incompatibilities
[    5.077873] EXT4-fs (mmcblk0p1): couldn't mount as ext2 due to feature incompatibilities
[    5.097609] EXT4-fs (mmcblk0p1): recovery complete
[    5.102468] EXT4-fs (mmcblk0p1): mounted filesystem with ordered data mode. Opts: (null)
[    5.110663] VFS: Mounted root (ext4 filesystem) on device 179:1.
[    5.110699] usb 2-1: new high-speed USB device number 2 using tegra-ehci
[    5.128147] devtmpfs: mounted
[    5.131837] Freeing unused kernel memory: 944K (c0d10000 - c0dfc000)
bash: cannot set terminal process group (-1): Inappropriate ioctl for device
bash: no job control in this shell
root@(none):/# 