
U-Boot SPL 2014.01-00219-gc4d376f (Feb 18 2014 - 19:57:18)


U-Boot 2014.01-00219-gc4d376f (Feb 18 2014 - 19:57:18)

TEGRA30
Board: NVIDIA Beaver
I2C:   ready
DRAM:  2 GiB
MMC:   Tegra SD/MMC: 0, Tegra SD/MMC: 1
In:    serial
Out:   serial
Err:   serial
Net:   Net Initialization Skipped
No ethernet found.
Hit any key to stop autoboot:  2  0 
Tegra30 (Beaver) # 
Tegra30 (Beaver) # usb reset
(Re)start USB...
USB0:   USB EHCI 1.00
scanning bus 0 for devices... 2 USB Device(s) found
       scanning usb for storage devices... 0 Storage Device(s) found
       scanning usb for ethernet devices... 
Warning: asx0 using MAC address from net device
1 Ethernet Device(s) found
Tegra30 (Beaver) # setenv bootargs 'ignore_loglevel console=ttyS0,115200n8 rw root=PARTUUID=edbe1840-3633-c751-7993-b0ac834f81e0 rootwait gpt debug noinitrd earlyprintk init=/bin/bash'
Tegra30 (Beaver) # setenv ipaddr 192.168.100.101; setenv serverip 192.168.100.1; setenv tftpserverip 192.168.100.1
Tegra30 (Beaver) # tftpboot 0x81000000 zImage.multi_v7_defconfig
Using asx0 device
TFTP from server 192.168.100.1; our IP address is 192.168.100.101
Filename 'zImage.multi_v7_defconfig'.
Load address: 0x81000000
Loading: *#################################################################
	 #################################################################
	 #################################################################
	 #################################################################
	 #################################################################
	 #################################################################
	 #################################################################
	 #################################################################
	 ###############
	 3.2 MiB/s
done
Bytes transferred = 7850056 (77c848 hex)
Tegra30 (Beaver) # tftpboot 0x82000000 tegra30-beaver.dtb
Using asx0 device
TFTP from server 192.168.100.1; our IP address is 192.168.100.101
Filename 'tegra30-beaver.dtb'.
Load address: 0x82000000
Loading: *####
	 2.9 MiB/s
done
Bytes transferred = 51804 (ca5c hex)
Tegra30 (Beaver) # bootz 0x81000000 - 0x82000000
Kernel image @ 0x81000000 [ 0x000000 - 0x77c848 ]
## Flattened Device Tree blob at 82000000
   Booting using the fdt blob at 0x82000000
   Loading Device Tree to 8fff0000, end 8ffffa5b ... OK

Starting kernel ...

[    0.000000] Booting Linux on physical CPU 0x0
[    0.000000] Linux version 4.11.0-rc2-next-20170320-159700-g4f4f972 (jonathanh@sellafield) (gcc version 4.7.3 20130328 (prerelease) (crosstool-NG linaro-1.13.1-4.7-2013.04-20130415 - Linaro GCC 2013.04) ) #1 SMP Wed Mar 22 14:23:35 PDT 2017
[    0.000000] CPU: ARMv7 Processor [412fc099] revision 9 (ARMv7), cr=10c5387d
[    0.000000] CPU: PIPT / VIPT nonaliasing data cache, VIPT aliasing instruction cache
[    0.000000] OF: fdt: Machine model: NVIDIA Tegra30 Beaver evaluation board
[    0.000000] debug: ignoring loglevel setting.
[    0.000000] efi: Getting EFI parameters from FDT:
[    0.000000] efi: UEFI not found.
[    0.000000] cma: Reserved 64 MiB at 0xfb800000
[    0.000000] Memory policy: Data cache writealloc
[    0.000000] On node 0 totalpages: 524032
[    0.000000] free_area_init_node: node 0, pgdat c157b940, node_mem_map eeff8000
[    0.000000]   DMA zone: 1536 pages used for memmap
[    0.000000]   DMA zone: 0 pages reserved
[    0.000000]   DMA zone: 196608 pages, LIFO batch:31
[    0.000000]   HighMem zone: 327424 pages, LIFO batch:31
[    0.000000] percpu: Embedded 17 pages/cpu @eef88000 s38528 r8192 d22912 u69632
[    0.000000] pcpu-alloc: s38528 r8192 d22912 u69632 alloc=17*4096
[    0.000000] pcpu-alloc: [0] 0 [0] 1 [0] 2 [0] 3 
[    0.000000] Built 1 zonelists in Zone order, mobility grouping on.  Total pages: 522496
[    0.000000] Kernel command line: ignore_loglevel console=ttyS0,115200n8 rw root=PARTUUID=edbe1840-3633-c751-7993-b0ac834f81e0 rootwait gpt debug noinitrd earlyprintk init=/bin/bash
[    0.000000] PID hash table entries: 4096 (order: 2, 16384 bytes)
[    0.000000] Dentry cache hash table entries: 131072 (order: 7, 524288 bytes)
[    0.000000] Inode-cache hash table entries: 65536 (order: 6, 262144 bytes)
[    0.000000] Memory: 1993500K/2096128K available (10240K kernel code, 1548K rwdata, 4388K rodata, 2048K init, 417K bss, 37092K reserved, 65536K cma-reserved, 1244160K highmem)
[    0.000000] Virtual kernel memory layout:
[    0.000000]     vector  : 0xffff0000 - 0xffff1000   (   4 kB)
[    0.000000]     fixmap  : 0xffc00000 - 0xfff00000   (3072 kB)
[    0.000000]     vmalloc : 0xf0800000 - 0xff800000   ( 240 MB)
[    0.000000]     lowmem  : 0xc0000000 - 0xf0000000   ( 768 MB)
[    0.000000]     pkmap   : 0xbfe00000 - 0xc0000000   (   2 MB)
[    0.000000]     modules : 0xbf000000 - 0xbfe00000   (  14 MB)
[    0.000000]       .text : 0xc0208000 - 0xc0d00000   (11232 kB)
[    0.000000]       .init : 0xc1200000 - 0xc1400000   (2048 kB)
[    0.000000]       .data : 0xc1400000 - 0xc1583390   (1549 kB)
[    0.000000]        .bss : 0xc1585000 - 0xc15ed5c8   ( 418 kB)
[    0.000000] SLUB: HWalign=64, Order=0-3, MinObjects=0, CPUs=4, Nodes=1
[    0.000000] Hierarchical RCU implementation.
[    0.000000] 	RCU debugfs-based tracing is enabled.
[    0.000000] 	RCU restricting CPUs from NR_CPUS=16 to nr_cpu_ids=4.
[    0.000000] RCU: Adjusting geometry for rcu_fanout_leaf=16, nr_cpu_ids=4
[    0.000000] NR_IRQS:16 nr_irqs:16 16
[    0.000000] /interrupt-controller@60004000: 160 interrupts forwarded to /interrupt-controller@50041000
[    0.000000] L2C: platform modifies aux control register: 0x02080000 -> 0x3e480001
[    0.000000] L2C: DT/platform modifies aux control register: 0x02080000 -> 0x3e480001
[    0.000000] L2C-310 erratum 769419 enabled
[    0.000000] L2C-310 enabling early BRESP for Cortex-A9
[    0.000000] L2C-310: enabling full line of zeros but not enabled in Cortex-A9
[    0.000000] L2C-310 dynamic clock gating enabled, standby mode enabled
[    0.000000] L2C-310 cache controller enabled, 8 ways, 1024 kB
[    0.000000] L2C-310: CACHE_ID 0x410000c7, AUX_CTRL 0x4e480001
[    0.000013] sched_clock: 32 bits at 1000kHz, resolution 1000ns, wraps every 2147483647500ns
[    0.000035] clocksource: timer_us: mask: 0xffffffff max_cycles: 0xffffffff, max_idle_ns: 1911260446275 ns
[    0.000044] Switching to timer-based delay loop, resolution 1000ns
[    0.002800] Console: colour dummy device 80x30
[    0.002828] Calibrating delay loop (skipped), value calculated using timer frequency.. 2.00 BogoMIPS (lpj=10000)
[    0.002838] pid_max: default: 32768 minimum: 301
[    0.002914] Mount-cache hash table entries: 2048 (order: 1, 8192 bytes)
[    0.002923] Mountpoint-cache hash table entries: 2048 (order: 1, 8192 bytes)
[    0.003308] CPU: Testing write buffer coherency: ok
[    0.003628] CPU0: thread -1, cpu 0, socket 0, mpidr 80000000
[    0.003856] Setting up static identity map for 0x80300000 - 0x80300098
[    0.006435] Tegra Revision: A03 SKU: 128 CPU Process: 4 SoC Process: 0
[    0.006989] EFI services will not be available.
[    0.007147] smp: Bringing up secondary CPUs ...
[    0.010384] CPU1: thread -1, cpu 1, socket 0, mpidr 80000001
[    0.020340] CPU2: thread -1, cpu 2, socket 0, mpidr 80000002
[    0.030339] CPU3: thread -1, cpu 3, socket 0, mpidr 80000003
[    0.030384] smp: Brought up 1 node, 4 CPUs
[    0.030396] SMP: Total of 4 processors activated (8.00 BogoMIPS).
[    0.030402] CPU: All CPU(s) started in SVC mode.
[    0.031099] devtmpfs: initialized
[    0.039255] VFP support v0.3: implementor 41 architecture 3 part 30 variant 9 rev 4
[    0.039674] clocksource: jiffies: mask: 0xffffffff max_cycles: 0xffffffff, max_idle_ns: 19112604462750000 ns
[    0.039693] futex hash table entries: 1024 (order: 4, 65536 bytes)
[    0.043117] pinctrl core: initialized pinctrl subsystem
[    0.044821] NET: Registered protocol family 16
[    0.047152] DMA: preallocated 256 KiB pool for atomic coherent allocations
[    0.048822] cpuidle: using governor menu
[    0.063169] No ATAGs?
[    0.063269] hw-breakpoint: found 5 (+1 reserved) breakpoint and 1 watchpoint registers.
[    0.063281] hw-breakpoint: maximum watchpoint size is 4 bytes.
[    0.067220] Serial: AMBA PL011 UART driver
[    0.067691] tegra-mc 7000f000.memory-controller: no memory timings for RAM code 3 registered
[    0.076759] AT91: Could not find identification node
[    0.077227] vdd_5v_sata: Failed to request enable GPIO30: -517
[    0.077244] reg-fixed-voltage regulators:regulator@3: Failed to register regulator: -517
[    0.077291] usb1_vbus: Failed to request enable GPIO238: -517
[    0.077298] reg-fixed-voltage regulators:regulator@4: Failed to register regulator: -517
[    0.077344] usb3_vbus: Failed to request enable GPIO236: -517
[    0.077351] reg-fixed-voltage regulators:regulator@5: Failed to register regulator: -517
[    0.077441] sys_3v3_pexs: Failed to request enable GPIO95: -517
[    0.077449] reg-fixed-voltage regulators:regulator@7: Failed to register regulator: -517
[    0.079326] vgaarb: loaded
[    0.079795] SCSI subsystem initialized
[    0.079966] libata version 3.00 loaded.
[    0.080122] usbcore: registered new interface driver usbfs
[    0.080155] usbcore: registered new interface driver hub
[    0.080189] usbcore: registered new device driver usb
[    0.087261] vrtc: supplied by vdd_5v_in
[    0.090553] vio: supplied by vdd_5v_in
[    0.101832] vdd1: supplied by vdd_5v_in
[    0.103190] vddio_ddr_1v2: Bringing 600000uV into 1200000-1200000uV
[    0.111837] vdd2: supplied by vdd_5v_in
[    0.131824] ldo1: supplied by vdd_1v5_gen
[    0.134210] ldo2: supplied by vdd_1v5_gen
[    0.134688] vdd_sata,avdd_plle: Bringing 1200000uV into 1050000-1050000uV
[    0.136922] ldo3: supplied by vdd_5v_in
[    0.139287] ldo4: supplied by vdd_5v_in
[    0.141829] ldo5: supplied by vdd_5v_in
[    0.151825] ldo6: supplied by vdd_1v8_gen
[    0.152295] avdd_dsi_csi,pwrdet_mipi: Bringing 1000000uV into 1200000-1200000uV
[    0.154558] ldo7: supplied by vdd_1v8_gen
[    0.161828] ldo8: supplied by vdd_1v8_gen
[    0.171923] pps_core: LinuxPPS API ver. 1 registered
[    0.171929] pps_core: Software ver. 5.3.6 - Copyright 2005-2007 Rodolfo Giometti <giometti@linux.it>
[    0.171944] PTP clock support registered
[    0.172076] EDAC MC: Ver: 3.0.0
[    0.173602] clocksource: Switched to clocksource timer_us
[    0.205992] NET: Registered protocol family 2
[    0.206424] TCP established hash table entries: 8192 (order: 3, 32768 bytes)
[    0.206481] TCP bind hash table entries: 8192 (order: 4, 65536 bytes)
[    0.206568] TCP: Hash tables configured (established 8192 bind 8192)
[    0.206705] UDP hash table entries: 512 (order: 2, 16384 bytes)
[    0.206772] UDP-Lite hash table entries: 512 (order: 2, 16384 bytes)
[    0.206948] NET: Registered protocol family 1
[    0.207269] RPC: Registered named UNIX socket transport module.
[    0.207278] RPC: Registered udp transport module.
[    0.207282] RPC: Registered tcp transport module.
[    0.207286] RPC: Registered tcp NFSv4.1 backchannel transport module.
[    0.207296] PCI: CLS 0 bytes, default 64
[    0.208137] hw perfevents: enabled with armv7_cortex_a9 PMU driver, 7 counters available
[    0.209368] workingset: timestamp_bits=30 max_order=19 bucket_order=0
[    0.214166] squashfs: version 4.0 (2009/01/31) Phillip Lougher
[    0.214599] NFS: Registering the id_resolver key type
[    0.214626] Key type id_resolver registered
[    0.214630] Key type id_legacy registered
[    0.214659] ntfs: driver 2.1.32 [Flags: R/O].
[    0.215685] bounce: pool size: 64 pages
[    0.215723] Block layer SCSI generic (bsg) driver version 0.4 loaded (major 248)
[    0.215731] io scheduler noop registered
[    0.215736] io scheduler deadline registered
[    0.215843] io scheduler cfq registered (default)
[    0.215849] io scheduler mq-deadline registered
[    0.222512] tegra30-pinctrl 70000868.pinmux: invalid group "sdmmc3_dat6_pd3" for function "rsvd1"
[    0.222527] tegra30-pinctrl 70000868.pinmux: invalid group "sdmmc3_dat7_pd4" for function "rsvd1"
[    0.222540] tegra30-pinctrl 70000868.pinmux: invalid group "vi_vsync_pd6" for function "rsvd1"
[    0.222549] tegra30-pinctrl 70000868.pinmux: invalid group "vi_hsync_pd7" for function "rsvd1"
[    0.222977] tegra30-pinctrl 70000868.pinmux: invalid group "hdmi_int_pn7" for function "rsvd1"
[    0.223018] tegra30-pinctrl 70000868.pinmux: invalid group "ulpi_data3_po4" for function "rsvd1"
[    0.223330] tegra30-pinctrl 70000868.pinmux: invalid group "vi_d10_pt2" for function "rsvd1"
[    0.223342] tegra30-pinctrl 70000868.pinmux: invalid group "vi_d11_pt3" for function "rsvd1"
[    0.223353] tegra30-pinctrl 70000868.pinmux: invalid group "vi_d0_pt4" for function "rsvd1"
[    0.223392] tegra30-pinctrl 70000868.pinmux: invalid group "pu0" for function "rsvd1"
[    0.223434] tegra30-pinctrl 70000868.pinmux: invalid group "pu3" for function "rsvd1"
[    0.223463] tegra30-pinctrl 70000868.pinmux: invalid group "pu6" for function "rsvd1"
[    0.223502] tegra30-pinctrl 70000868.pinmux: invalid group "pv3" for function "rsvd1"
[    0.224023] tegra30-pinctrl 70000868.pinmux: invalid group "pbb0" for function "rsvd1"
[    0.224136] tegra30-pinctrl 70000868.pinmux: invalid group "pcc1" for function "rsvd1"
[    0.229355] tegra-pcie 3000.pcie-controller: 2x3 configuration
[    0.229502] tegra-pcie 3000.pcie-controller: Failed to get supply 'hvdd-pex': -517
[    0.235034] tegra-apbdma 6000a000.dma: Tegra20 APB DMA driver register 32 channels
[    0.236503] tegra-pmc 7000e400.pmc: i2c-thermtrip node not found, emergency thermal reset disabled.
[    0.268573] Serial: 8250/16550 driver, 4 ports, IRQ sharing disabled
[    0.270668] console [ttyS0] disabled
[    0.270705] 70006000.serial: ttyS0 at MMIO 0x70006000 (irq = 331, base_baud = 25500000) is a Tegra
[    1.281090] console [ttyS0] enabled
[    1.285119] SuperH (H)SCI(F) driver initialized
[    1.290210] msm_serial: driver initialized
[    1.294423] STMicroelectronics ASC driver initialized
[    1.303124] tegra-hdmi 54280000.hdmi: failed to get HDMI regulator
[    1.317500] brd: module loaded
[    1.326377] loop: module loaded
[    1.334883] m25p80 spi32766.1: w25q32 (4096 Kbytes)
[    1.341571] libphy: Fixed MDIO Bus: probed
[    1.346399] CAN device driver interface
[    1.350764] bgmac_bcma: Broadcom 47xx GBit MAC driver loaded
[    1.357156] e1000e: Intel(R) PRO/1000 Network Driver - 3.2.6-k
[    1.362972] e1000e: Copyright(c) 1999 - 2015 Intel Corporation.
[    1.368920] igb: Intel(R) Gigabit Ethernet Network Driver - version 5.4.0-k
[    1.375870] igb: Copyright (c) 2007-2014 Intel Corporation.
[    1.383376] pegasus: v0.9.3 (2013/04/25), Pegasus/Pegasus II USB Ethernet driver
[    1.390819] usbcore: registered new interface driver pegasus
[    1.396500] usbcore: registered new interface driver asix
[    1.401908] usbcore: registered new interface driver ax88179_178a
[    1.408017] usbcore: registered new interface driver cdc_ether
[    1.413868] usbcore: registered new interface driver smsc75xx
[    1.419624] usbcore: registered new interface driver smsc95xx
[    1.425383] usbcore: registered new interface driver net1080
[    1.431043] usbcore: registered new interface driver cdc_subset
[    1.436972] usbcore: registered new interface driver zaurus
[    1.442566] usbcore: registered new interface driver cdc_ncm
[    1.449604] ehci_hcd: USB 2.0 'Enhanced' Host Controller (EHCI) Driver
[    1.456128] ehci-pci: EHCI PCI platform driver
[    1.460584] ehci-platform: EHCI generic platform driver
[    1.465927] ehci-orion: EHCI orion driver
[    1.470014] SPEAr-ehci: EHCI SPEAr driver
[    1.474096] ehci-st: EHCI STMicroelectronics driver
[    1.479034] ehci-exynos: EHCI EXYNOS driver
[    1.483289] ehci-atmel: EHCI Atmel driver
[    1.487374] tegra-ehci: Tegra EHCI driver
[    1.491662] ohci_hcd: USB 1.1 'Open' Host Controller (OHCI) Driver
[    1.497845] ohci-pci: OHCI PCI platform driver
[    1.502304] ohci-platform: OHCI generic platform driver
[    1.507628] ohci-omap3: OHCI OMAP3 driver
[    1.511701] SPEAr-ohci: OHCI SPEAr driver
[    1.515791] ohci-st: OHCI STMicroelectronics driver
[    1.520730] ohci-atmel: OHCI Atmel driver
[    1.525171] usbcore: registered new interface driver usb-storage
[    1.533671] tegra_rtc 7000e000.rtc: rtc core: registered 7000e000.rtc as rtc1
[    1.540827] tegra_rtc 7000e000.rtc: Tegra internal Real Time Clock
[    1.549714] random: fast init done
[    1.563036] tps65910-rtc tps65910-rtc: rtc core: registered tps65910-rtc as rtc0
[    1.570625] i2c /dev entries driver
[    1.582241] sdhci: Secure Digital Host Controller Interface driver
[    1.588432] sdhci: Copyright(c) Pierre Ossman
[    1.593698] Synopsys Designware Multimedia Card Interface Driver
[    1.600435] sdhci-pltfm: SDHCI platform and OF driver helper
[    1.606603] sdhci-tegra 78000000.sdhci: Got CD GPIO
[    1.611477] sdhci-tegra 78000000.sdhci: Got WP GPIO
[    1.625664] mmc0: Invalid maximum block size, assuming 512 bytes
[    1.693688] mmc0: SDHCI controller on 78000000.sdhci [78000000.sdhci] using ADMA
[    1.713880] mmc1: Invalid maximum block size, assuming 512 bytes
[    1.773604] mmc1: SDHCI controller on 78000600.sdhci [78000600.sdhci] using ADMA
[    1.782320] ledtrig-cpu: registered to indicate activity on CPUs
[    1.790550] usbcore: registered new interface driver usbhid
[    1.796124] usbhid: USB HID core driver
[    1.802301] NET: Registered protocol family 10
[    1.809423] Segment Routing with IPv6
[    1.813113] sit: IPv6, IPv4 and MPLS over IPv4 tunneling driver
[    1.819460] NET: Registered protocol family 17
[    1.823912] can: controller area network core (rev 20120528 abi 9)
[    1.830114] NET: Registered protocol family 29
[    1.834556] can: raw protocol (rev 20120528)
[    1.838814] can: broadcast manager protocol (rev 20161123 t)
[    1.844468] can: netlink gateway (rev 20130117) max_hops=1
[    1.850202] Key type dns_resolver registered
[    1.854887] ThumbEE CPU extension supported.
[    1.859151] Registering SWP/SWPB emulation handler
[    1.888910] vdd_ddr: supplied by vdd_5v_in
[    1.893876] vdd_5v_sata: supplied by vdd_5v_in
[    1.898614] usb1_vbus: supplied by vdd_5v_in
[    1.903169] usb3_vbus: supplied by vdd_5v_in
[    1.908694] sys_3v3,vdd_3v3_alw: supplied by vdd_5v_in
[    1.917208] sys_3v3_pexs: supplied by sys_3v3,vdd_3v3_alw
[    1.922745] +VDD_5V_HDMI: supplied by sys_3v3,vdd_3v3_alw
[    1.928531] mmc1: new high speed MMC card at address 0001
[    1.928763] tegra-pcie 3000.pcie-controller: 2x3 configuration
[    1.936911] tegra-pcie 3000.pcie-controller: probing port 0, using 2 lanes
[    1.947215] mmcblk1: mmc1:0001 SEM16G 14.8 GiB 
[    1.953956] mmcblk1boot0: mmc1:0001 SEM16G partition 1 1.00 MiB
[    1.960352] mmcblk1boot1: mmc1:0001 SEM16G partition 2 1.00 MiB
[    1.966822] mmcblk1rpmb: mmc1:0001 SEM16G partition 3 128 KiB
[    1.975949] mmc0: new ultra high speed DDR50 SDHC card at address aaaa
[    1.983159] mmcblk0: mmc0:aaaa SS04G 3.69 GiB 
[    1.987791] Primary GPT is invalid, using alternate GPT.
[    1.993105]  mmcblk1: p1 p2 p3 p4 p5
[    1.995251] tegra-pcie 3000.pcie-controller: probing port 2, using 2 lanes
[    2.029560]  mmcblk0: p1 p2 p3
[    2.399080] tegra-pcie 3000.pcie-controller: link 2 down, retrying
[    2.809043] tegra-pcie 3000.pcie-controller: link 2 down, retrying
[    3.218996] tegra-pcie 3000.pcie-controller: link 2 down, retrying
[    3.227186] tegra-pcie 3000.pcie-controller: link 2 down, ignoring
[    3.233475] tegra-pcie 3000.pcie-controller: PCI host bridge to bus 0000:00
[    3.240438] pci_bus 0000:00: root bus resource [io  0x0000-0xffff]
[    3.246611] pci_bus 0000:00: root bus resource [mem 0x20000000-0x27ffffff]
[    3.253469] pci_bus 0000:00: root bus resource [mem 0x28000000-0x3fffffff pref]
[    3.260769] pci_bus 0000:00: root bus resource [bus 00-ff]
[    3.266272] pci 0000:00:01.0: [10de:0e1c] type 01 class 0x060400
[    3.272288] pci_bus 0000:00: 2-byte config write to 0000:00:01.0 offset 0x88 may corrupt adjacent RW1C bits
[    3.282047] pci_bus 0000:00: 2-byte config write to 0000:00:01.0 offset 0x52 may corrupt adjacent RW1C bits
[    3.291791] pci 0000:00:01.0: PME# supported from D0 D1 D2 D3hot D3cold
[    3.298402] pci_bus 0000:00: 2-byte config write to 0000:00:01.0 offset 0x4c may corrupt adjacent RW1C bits
[    3.308271] pci_bus 0000:00: 2-byte config write to 0000:00:01.0 offset 0x3e may corrupt adjacent RW1C bits
[    3.318003] pci_bus 0000:00: 2-byte config write to 0000:00:01.0 offset 0x4 may corrupt adjacent RW1C bits
[    3.327643] pci_bus 0000:00: 1-byte config write to 0000:00:01.0 offset 0xc may corrupt adjacent RW1C bits
[    3.337280] PCI: bus0: Fast back to back transfers disabled
[    3.342840] pci 0000:00:01.0: bridge configuration invalid ([bus 00-00]), reconfiguring
[    3.350833] pci_bus 0000:00: 2-byte config write to 0000:00:01.0 offset 0x3e may corrupt adjacent RW1C bits
[    3.360560] pci_bus 0000:00: 2-byte config write to 0000:00:01.0 offset 0x3e may corrupt adjacent RW1C bits
[    3.370287] pci_bus 0000:00: 2-byte config write to 0000:00:01.0 offset 0x3e may corrupt adjacent RW1C bits
[    3.380013] pci_bus 0000:00: 2-byte config write to 0000:00:01.0 offset 0x6 may corrupt adjacent RW1C bits
[    3.389755] pci 0000:01:00.0: [10ec:8168] type 00 class 0x020000
[    3.395771] pci 0000:01:00.0: reg 0x10: [io  0x0000-0x00ff]
[    3.401344] pci 0000:01:00.0: reg 0x18: [mem 0x00000000-0x00000fff 64bit pref]
[    3.408567] pci 0000:01:00.0: reg 0x20: [mem 0x00000000-0x00003fff 64bit pref]
[    3.415855] pci 0000:01:00.0: supports D1 D2
[    3.420112] pci 0000:01:00.0: PME# supported from D0 D1 D2 D3hot D3cold
[    3.453630] PCI: bus1: Fast back to back transfers disabled
[    3.459192] pci_bus 0000:01: busn_res: [bus 01-ff] end is updated to 01
[    3.465869] pci 0000:00:01.0: BAR 9: assigned [mem 0x28000000-0x280fffff 64bit pref]
[    3.473605] pci 0000:00:01.0: BAR 7: assigned [io  0x1000-0x1fff]
[    3.479686] pci 0000:01:00.0: BAR 4: assigned [mem 0x28000000-0x28003fff 64bit pref]
[    3.487432] pci 0000:01:00.0: BAR 2: assigned [mem 0x28004000-0x28004fff 64bit pref]
[    3.495175] pci 0000:01:00.0: BAR 0: assigned [io  0x1000-0x10ff]
[    3.501257] pci 0000:00:01.0: PCI bridge to [bus 01]
[    3.506217] pci 0000:00:01.0:   bridge window [io  0x1000-0x1fff]
[    3.512295] pci 0000:00:01.0:   bridge window [mem 0x28000000-0x280fffff 64bit pref]
[    3.520043] pci 0000:00:01.0: nv_msi_ht_cap_quirk didn't locate host bridge
[    3.527058] pcieport 0000:00:01.0: enabling device (0140 -> 0143)
[    3.533330] pcieport 0000:00:01.0: Signaling PME with IRQ 374
[    3.539274] r8169 Gigabit Ethernet driver 2.3LK-NAPI loaded
[    3.544863] r8169 0000:01:00.0: enabling device (0140 -> 0143)
[    3.551642] r8169 0000:01:00.0 eth0: RTL8168evl/8111evl at 0xf0b01000, 02:04:4b:01:60:a6, XID 0c900800 IRQ 375
[    3.561649] r8169 0000:01:00.0 eth0: jumbo features [frames: 9200 bytes, tx checksumming: ko]
[    3.572345] [drm] Supports vblank timestamp caching Rev 2 (21.10.2013).
[    3.578986] [drm] No driver support for vblank timestamp query.
[    3.584936] [drm] Cannot find any crtc or sizes - going 1024x768
[    3.610623] Console: switching to colour frame buffer device 128x48
[    3.623155] drm drm: fb0:  frame buffer device
[    3.627708] [drm] Initialized tegra 0.0.0 20120330 for drm on minor 0
[    3.639564] utmi_phy_clk_enable: timeout waiting for phy to stabilize
[    3.646055] tegra-ehci 7d004000.usb: EHCI Host Controller
[    3.651459] tegra-ehci 7d004000.usb: new USB bus registered, assigned bus number 1
[    3.659271] tegra-ehci 7d004000.usb: irq 343, io mem 0x7d004000
[    3.693612] tegra-ehci 7d004000.usb: USB 2.0 started, EHCI 1.00
[    3.700125] hub 1-0:1.0: USB hub found
[    3.703916] hub 1-0:1.0: 1 port detected
[    3.708992] tegra-ehci 7d008000.usb: EHCI Host Controller
[    3.714415] tegra-ehci 7d008000.usb: new USB bus registered, assigned bus number 2
[    3.722143] tegra-ehci 7d008000.usb: irq 344, io mem 0x7d008000
[    3.754373] tegra-ehci 7d008000.usb: USB 2.0 started, EHCI 1.00
[    3.760747] hub 2-0:1.0: USB hub found
[    3.764524] hub 2-0:1.0: 1 port detected
[    3.773633] tps65910-rtc tps65910-rtc: setting system clock to 2000-01-01 00:00:02 UTC (946684802)
[    3.783246] vdd_sata,avdd_plle: disabling
[    3.787996] usb1_vbus: disabling
[    3.792641] EXT4-fs (mmcblk1p1): mounting ext3 file system using the ext4 subsystem
[    3.852627] EXT4-fs (mmcblk1p1): warning: mounting fs with errors, running e2fsck is recommended
[    3.862927] EXT4-fs (mmcblk1p1): recovery complete
[    3.868908] EXT4-fs (mmcblk1p1): mounted filesystem with ordered data mode. Opts: (null)
[    3.877038] VFS: Mounted root (ext3 filesystem) on device 179:1.
[    3.886767] devtmpfs: mounted
[    3.892241] Freeing unused kernel memory: 2048K
bash: cannot set terminal process group (-1): Inappropriate ioctl for device
bash: no job control in this shell
root@(none):/# [    4.124013] usb 2-1: new high-speed USB device number 2 using tegra-ehci
[    4.801354] asix 2-1:1.0 eth1: register 'asix' at usb-7d008000.usb-1, ASIX AX88772 USB 2.0 Ethernet, 00:50:b6:0f:67:60
