
U-Boot SPL 2016.05-rc2 (Apr 21 2016 - 16:23:00)
Trying to boot from RAM


U-Boot 2016.05-rc2 (Apr 21 2016 - 16:23:00 -0700)

TEGRA124
Model: NVIDIA Jetson TK1
Board: NVIDIA Jetson TK1
DRAM:  2 GiB
MC:   Tegra SD/MMC: 0, Tegra SD/MMC: 1
In:    serial
Out:   serial
Err:   serial
Net:   No ethernet found.
Hit any key to stop autoboot:  2  0 
Tegra124 (Jetson TK1) # 
Tegra124 (Jetson TK1) # pci enum
Tegra124 (Jetson TK1) # setenv bootargs 'ignore_loglevel console=ttyS0,115200n8 rw root=PARTUUID=b1791faa-84e8-4e27-83a1-9fb0a77e8803 rootwait gpt debug noinitrd earlyprintk init=/bin/bash'
Tegra124 (Jetson TK1) # setenv ipaddr 192.168.100.102; setenv serverip 192.168.100.1; setenv tftpserverip 192.168.100.1
Tegra124 (Jetson TK1) # tftpboot 0x82000000 zImage.multi_v7_defconfig

Warning: eth_rtl8169 using MAC address from ROM
Using eth_rtl8169 device
TFTP from server 192.168.100.1; our IP address is 192.168.100.102
Filename 'zImage.multi_v7_defconfig'.
Load address: 0x82000000
Loading: *#################################################################
	 #################################################################
	 #################################################################
	 #################################################################
	 #################################################################
	 #################################################################
	 #################################################################
	 #################################################################
	 ########################################
	 3.6 MiB/s
done
Bytes transferred = 8217088 (7d6200 hex)
Tegra124 (Jetson TK1) # tftpboot 0x83000000 tegra124-jetson-tk1.dtb
Using eth_rtl8169 device
TFTP from server 192.168.100.1; our IP address is 192.168.100.102
Filename 'tegra124-jetson-tk1.dtb'.
Load address: 0x83000000
Loading: *#####
	 3.3 MiB/s
done
Bytes transferred = 66544 (103f0 hex)
Tegra124 (Jetson TK1) # bootz 0x82000000 - 0x83000000
Kernel image @ 0x82000000 [ 0x000000 - 0x7d6200 ]
## Flattened Device Tree blob at 83000000
   Booting using the fdt blob at 0x83000000
   Using Device Tree in place at 83000000, end 830133ef

Starting kernel ...

[    0.000000] Booting Linux on physical CPU 0x0
[    0.000000] Linux version 4.14.0-rc8-next-20171109-214194-g5515cf1 (jonathanh@sellafield) (gcc version 4.7.3 20130328 (prerelease) (crosstool-NG linaro-1.13.1-4.7-2013.04-20130415 - Linaro GCC 2013.04)) #1 SMP Thu Nov 9 03:00:22 PST 2017
[    0.000000] CPU: ARMv7 Processor [413fc0f3] revision 3 (ARMv7), cr=10c5387d
[    0.000000] CPU: div instructions available: patching division code
[    0.000000] CPU: PIPT / VIPT nonaliasing data cache, PIPT instruction cache
[    0.000000] OF: fdt: Machine model: NVIDIA Tegra124 Jetson TK1
[    0.000000] debug: ignoring loglevel setting.
[    0.000000] Memory policy: Data cache writealloc
[    0.000000] efi: Getting EFI parameters from FDT:
[    0.000000] efi: UEFI not found.
[    0.000000] cma: Reserved 64 MiB at 0xfb800000
[    0.000000] On node 0 totalpages: 524032
[    0.000000] free_area_init_node: node 0, pgdat c1680280, node_mem_map eeff8000
[    0.000000]   DMA zone: 1536 pages used for memmap
[    0.000000]   DMA zone: 0 pages reserved
[    0.000000]   DMA zone: 196608 pages, LIFO batch:31
[    0.000000]   HighMem zone: 327424 pages, LIFO batch:31
[    0.000000] random: fast init done
[    0.000000] percpu: Embedded 17 pages/cpu @eef87000 s39424 r8192 d22016 u69632
[    0.000000] pcpu-alloc: s39424 r8192 d22016 u69632 alloc=17*4096
[    0.000000] pcpu-alloc: [0] 0 [0] 1 [0] 2 [0] 3 
[    0.000000] Built 1 zonelists, mobility grouping on.  Total pages: 522496
[    0.000000] Kernel command line: ignore_loglevel console=ttyS0,115200n8 rw root=PARTUUID=b1791faa-84e8-4e27-83a1-9fb0a77e8803 rootwait gpt debug noinitrd earlyprintk init=/bin/bash
[    0.000000] Dentry cache hash table entries: 131072 (order: 7, 524288 bytes)
[    0.000000] Inode-cache hash table entries: 65536 (order: 6, 262144 bytes)
[    0.000000] Memory: 1992440K/2096128K available (11264K kernel code, 1600K rwdata, 4556K rodata, 2048K init, 404K bss, 38152K reserved, 65536K cma-reserved, 1244160K highmem)
[    0.000000] Virtual kernel memory layout:
[    0.000000]     vector  : 0xffff0000 - 0xffff1000   (   4 kB)
[    0.000000]     fixmap  : 0xffc00000 - 0xfff00000   (3072 kB)
[    0.000000]     vmalloc : 0xf0800000 - 0xff800000   ( 240 MB)
[    0.000000]     lowmem  : 0xc0000000 - 0xf0000000   ( 768 MB)
[    0.000000]     pkmap   : 0xbfe00000 - 0xc0000000   (   2 MB)
[    0.000000]     modules : 0xbf000000 - 0xbfe00000   (  14 MB)
[    0.000000]       .text : 0xc0208000 - 0xc0e00000   (12256 kB)
[    0.000000]       .init : 0xc1300000 - 0xc1500000   (2048 kB)
[    0.000000]       .data : 0xc1500000 - 0xc1690280   (1601 kB)
[    0.000000]        .bss : 0xc1690280 - 0xc16f5634   ( 405 kB)
[    0.000000] SLUB: HWalign=64, Order=0-3, MinObjects=0, CPUs=4, Nodes=1
[    0.000000] Hierarchical RCU implementation.
[    0.000000] 	RCU event tracing is enabled.
[    0.000000] 	RCU restricting CPUs from NR_CPUS=16 to nr_cpu_ids=4.
[    0.000000] RCU: Adjusting geometry for rcu_fanout_leaf=16, nr_cpu_ids=4
[    0.000000] NR_IRQS: 16, nr_irqs: 16, preallocated irqs: 16
[    0.000000] /interrupt-controller@60004000: 160 interrupts forwarded to /interrupt-controller@50041000
[    0.000000] Tegra clk 127: register failed with -17
[    0.000009] sched_clock: 32 bits at 1000kHz, resolution 1000ns, wraps every 2147483647500ns
[    0.000029] clocksource: timer_us: mask: 0xffffffff max_cycles: 0xffffffff, max_idle_ns: 1911260446275 ns
[    0.000044] Switching to timer-based delay loop, resolution 1000ns
[    0.005525] arch_timer: cp15 timer(s) running at 12.00MHz (virt).
[    0.005544] clocksource: arch_sys_counter: mask: 0xffffffffffffff max_cycles: 0x2c47f4ee7, max_idle_ns: 440795202497 ns
[    0.005563] sched_clock: 56 bits at 12MHz, resolution 83ns, wraps every 4398046511096ns
[    0.005577] Switching to timer-based delay loop, resolution 83ns
[    0.006059] Console: colour dummy device 80x30
[    0.006093] Calibrating delay loop (skipped), value calculated using timer frequency.. 24.00 BogoMIPS (lpj=120000)
[    0.006112] pid_max: default: 32768 minimum: 301
[    0.006231] Mount-cache hash table entries: 2048 (order: 1, 8192 bytes)
[    0.006246] Mountpoint-cache hash table entries: 2048 (order: 1, 8192 bytes)
[    0.006746] CPU: Testing write buffer coherency: ok
[    0.007007] /cpus/cpu@0 missing clock-frequency property
[    0.007051] /cpus/cpu@1 missing clock-frequency property
[    0.007094] /cpus/cpu@2 missing clock-frequency property
[    0.007139] /cpus/cpu@3 missing clock-frequency property
[    0.007153] CPU0: thread -1, cpu 0, socket 0, mpidr 80000000
[    0.007451] Setting up static identity map for 0x80300000 - 0x803000a0
[    0.009439] Hierarchical SRCU implementation.
[    0.011379] Tegra Revision: A01 SKU: 129 CPU Process: 1 SoC Process: 1
[    0.012177] EFI services will not be available.
[    0.012333] smp: Bringing up secondary CPUs ...
[    0.012825] CPU1: thread -1, cpu 1, socket 0, mpidr 80000001
[    0.015965] CPU2: thread -1, cpu 2, socket 0, mpidr 80000002
[    0.025983] CPU3: thread -1, cpu 3, socket 0, mpidr 80000003
[    0.035521] smp: Brought up 1 node, 4 CPUs
[    0.035544] SMP: Total of 4 processors activated (96.00 BogoMIPS).
[    0.035552] CPU: All CPU(s) started in SVC mode.
[    0.037083] devtmpfs: initialized
[    0.050534] VFP support v0.3: implementor 41 architecture 4 part 30 variant f rev 0
[    0.050918] clocksource: jiffies: mask: 0xffffffff max_cycles: 0xffffffff, max_idle_ns: 19112604462750000 ns
[    0.050937] futex hash table entries: 1024 (order: 4, 65536 bytes)
[    0.052396] pinctrl core: initialized pinctrl subsystem
[    0.053930] DMI not present or invalid.
[    0.054171] NET: Registered protocol family 16
[    0.056380] DMA: preallocated 256 KiB pool for atomic coherent allocations
[    0.058762] cpuidle: using governor menu
[    0.084265] No ATAGs?
[    0.084392] hw-breakpoint: found 5 (+1 reserved) breakpoint and 4 watchpoint registers.
[    0.084408] hw-breakpoint: maximum watchpoint size is 8 bytes.
[    0.091956] Serial: AMBA PL011 UART driver
[    0.093361] iommu: Adding device reg-dummy to group 0
[    0.093402] iommu: Adding device 1003000.pcie to group 1
[    0.093477] iommu: Adding device 50000000.host1x to group 2
[    0.093547] iommu: Adding device 54200000.dc to group 3
[    0.093615] iommu: Adding device 54240000.dc to group 4
[    0.093646] iommu: Adding device 54280000.hdmi to group 5
[    0.093714] iommu: Adding device 57000000.gpu to group 6
[    0.093749] iommu: Adding device 60005000.timer to group 7
[    0.093779] iommu: Adding device 60007000.flow-controller to group 8
[    0.093814] iommu: Adding device 6000c800.actmon to group 9
[    0.093845] iommu: Adding device 6000d000.gpio to group 10
[    0.093875] iommu: Adding device 60020000.dma to group 11
[    0.093905] iommu: Adding device 70000800.apbmisc to group 12
[    0.093934] iommu: Adding device 70000868.pinmux to group 13
[    0.093965] iommu: Adding device 70006000.serial to group 14
[    0.093995] iommu: Adding device 70006040.serial to group 15
[    0.094028] iommu: Adding device 70006300.serial to group 16
[    0.094058] iommu: Adding device 7000c000.i2c to group 17
[    0.094087] iommu: Adding device 7000c400.i2c to group 18
[    0.094122] iommu: Adding device 7000c500.i2c to group 19
[    0.094152] iommu: Adding device 7000c700.i2c to group 20
[    0.094181] iommu: Adding device 7000d000.i2c to group 21
[    0.094212] iommu: Adding device 7000d400.spi to group 22
[    0.094242] iommu: Adding device 7000da00.spi to group 23
[    0.094274] iommu: Adding device 7000e000.rtc to group 24
[    0.094304] iommu: Adding device 7000e400.pmc to group 25
[    0.094333] iommu: Adding device 7000f800.fuse to group 26
[    0.094364] iommu: Adding device 70019000.memory-controller to group 27
[    0.094392] iommu: Adding device 7001b000.emc to group 28
[    0.094422] iommu: Adding device 70027000.sata to group 29
[    0.094457] iommu: Adding device 70030000.hda to group 30
[    0.094491] iommu: Adding device 70090000.usb to group 31
[    0.094521] iommu: Adding device 7009f000.padctl to group 32
[    0.094555] iommu: Adding device 700b0400.sdhci to group 33
[    0.094584] iommu: Adding device 700b0600.sdhci to group 34
[    0.094615] iommu: Adding device 70015000.cec to group 35
[    0.094645] iommu: Adding device 700e2000.thermal-sensor to group 36
[    0.094676] iommu: Adding device 70110000.clock to group 37
[    0.094708] iommu: Adding device 70300000.ahub to group 38
[    0.094738] iommu: Adding device 7d000000.usb to group 39
[    0.094769] iommu: Adding device 7d000000.usb-phy to group 40
[    0.094807] iommu: Adding device 7d004000.usb to group 41
[    0.094838] iommu: Adding device 7d004000.usb-phy to group 42
[    0.094868] iommu: Adding device 7d008000.usb to group 43
[    0.094899] iommu: Adding device 7d008000.usb-phy to group 44
[    0.094928] iommu: Adding device pmu to group 45
[    0.094958] iommu: Adding device timer to group 46
[    0.094987] iommu: Adding device clocks to group 47
[    0.095018] iommu: Adding device gpio-keys to group 48
[    0.095051] iommu: Adding device regulators to group 49
[    0.095082] iommu: Adding device regulators:regulator@0 to group 50
[    0.095117] iommu: Adding device regulators:regulator@1 to group 51
[    0.095147] iommu: Adding device regulators:regulator@2 to group 52
[    0.095178] iommu: Adding device regulators:regulator@3 to group 53
[    0.095208] iommu: Adding device regulators:regulator@4 to group 54
[    0.095238] iommu: Adding device regulators:regulator@7 to group 55
[    0.095268] iommu: Adding device regulators:regulator@8 to group 56
[    0.095299] iommu: Adding device regulators:regulator@10 to group 57
[    0.095332] iommu: Adding device regulators:regulator@11 to group 58
[    0.095362] iommu: Adding device regulators:regulator@12 to group 59
[    0.095392] iommu: Adding device regulators:regulator@13 to group 60
[    0.095423] iommu: Adding device regulators:regulator@14 to group 61
[    0.095459] iommu: Adding device sound to group 62
[    0.110423] AT91: Could not find identification node
[    0.110983] +5V_SYS: supplied by +VDD_MUX
[    0.111267] +3.3V_SYS: supplied by +VDD_MUX
[    0.111873] +USB0_VBUS_SW: Failed to request enable GPIO108: -517
[    0.111889] reg-fixed-voltage regulators:regulator@7: Failed to register regulator: -517
[    0.111988] +5V_USB_HS: Failed to request enable GPIO109: -517
[    0.112002] reg-fixed-voltage regulators:regulator@8: Failed to register regulator: -517
[    0.112183] +1.05V_RUN_AVDD_HDMI_PLL: Failed to request enable GPIO63: -517
[    0.112197] reg-fixed-voltage regulators:regulator@11: Failed to register regulator: -517
[    0.112294] +5V_HDMI_CON: Failed to request enable GPIO86: -517
[    0.112307] reg-fixed-voltage regulators:regulator@12: Failed to register regulator: -517
[    0.112402] +5V_SATA: Failed to request enable GPIO242: -517
[    0.112415] reg-fixed-voltage regulators:regulator@13: Failed to register regulator: -517
[    0.112510] +12V_SATA: Failed to request enable GPIO242: -517
[    0.112523] reg-fixed-voltage regulators:regulator@14: Failed to register regulator: -517
[    0.115515] vgaarb: loaded
[    0.116264] SCSI subsystem initialized
[    0.116437] libata version 3.00 loaded.
[    0.116627] usbcore: registered new interface driver usbfs
[    0.116675] usbcore: registered new interface driver hub
[    0.116737] usbcore: registered new device driver usb
[    0.120181] pps_core: LinuxPPS API ver. 1 registered
[    0.120193] pps_core: Software ver. 5.3.6 - Copyright 2005-2007 Rodolfo Giometti <giometti@linux.it>
[    0.120217] PTP clock support registered
[    0.120407] EDAC MC: Ver: 3.0.0
[    0.123285] clocksource: Switched to clocksource arch_sys_counter
[    0.172457] NET: Registered protocol family 2
[    0.172954] TCP established hash table entries: 8192 (order: 3, 32768 bytes)
[    0.173054] TCP bind hash table entries: 8192 (order: 4, 65536 bytes)
[    0.173241] TCP: Hash tables configured (established 8192 bind 8192)
[    0.173356] UDP hash table entries: 512 (order: 2, 16384 bytes)
[    0.173402] UDP-Lite hash table entries: 512 (order: 2, 16384 bytes)
[    0.173552] NET: Registered protocol family 1
[    0.173869] RPC: Registered named UNIX socket transport module.
[    0.173880] RPC: Registered udp transport module.
[    0.173889] RPC: Registered tcp transport module.
[    0.173897] RPC: Registered tcp NFSv4.1 backchannel transport module.
[    0.173910] PCI: CLS 0 bytes, default 64
[    0.175392] hw perfevents: enabled with armv7_cortex_a15 PMU driver, 7 counters available
[    0.176141] iommu: Adding device alarmtimer to group 63
[    0.176929] Initialise system trusted keyrings
[    0.177067] workingset: timestamp_bits=30 max_order=19 bucket_order=0
[    0.183552] squashfs: version 4.0 (2009/01/31) Phillip Lougher
[    0.184125] NFS: Registering the id_resolver key type
[    0.184162] Key type id_resolver registered
[    0.184172] Key type id_legacy registered
[    0.184214] ntfs: driver 2.1.32 [Flags: R/O].
[    0.185695] Key type asymmetric registered
[    0.185708] Asymmetric key parser 'x509' registered
[    0.185758] bounce: pool size: 64 pages
[    0.185805] Block layer SCSI generic (bsg) driver version 0.4 loaded (major 247)
[    0.185817] io scheduler noop registered
[    0.185826] io scheduler deadline registered
[    0.186049] io scheduler cfq registered (default)
[    0.186060] io scheduler mq-deadline registered
[    0.186069] io scheduler kyber registered
[    0.190093]  usb2-0: usb2-0 supply vbus not found, using dummy regulator
[    0.190206]  usb2-1: usb2-1 supply vbus not found, using dummy regulator
[    0.190593] tegra-xusb-padctl 7009f000.padctl: failed to setup XUSB ports: -517
[    0.210062] tegra-pcie 1003000.pcie: 2x1, 1x1 configuration
[    0.210125] tegra-pcie 1003000.pcie: Failed to get supply 'avddio-pex': -517
[    0.216547] tegra124-dfll 70110000.clock: couldn't get vdd_cpu regulator
[    0.222991] tegra-apbdma 60020000.dma: Tegra20 APB DMA driver register 32 channels
[    0.226365] tegra-pmc 7000e400.pmc: emergency thermal reset enabled
[    0.276920] Serial: 8250/16550 driver, 4 ports, IRQ sharing disabled
[    0.277024] iommu: Adding device serial8250 to group 64
[    0.279516] console [ttyS0] disabled
[    0.279556] 70006300.serial: ttyS0 at MMIO 0x70006300 (irq = 335, base_baud = 25500000) is a Tegra
[    1.552582] console [ttyS0] enabled
[    1.556984] SuperH (H)SCI(F) driver initialized
[    1.562622] msm_serial: driver initialized
[    1.566930] STMicroelectronics ASC driver initialized
[    1.572657] 70006000.serial: ttyTHS1 at MMIO 0x70006000 (irq = 333, base_baud = 0) is a TEGRA_UART
[    1.581917] 70006040.serial: ttyTHS2 at MMIO 0x70006040 (irq = 334, base_baud = 0) is a TEGRA_UART
[    1.613072] tegra-hdmi 54280000.hdmi: failed to get HDMI regulator
[    1.629877] brd: module loaded
[    1.639229] loop: module loaded
[    1.643601] at24 0-0056: 256 byte 24c02 EEPROM, writable, 8 bytes/write
[    1.651911] as3722 4-0040: AS3722 with revision 0x1 found
[    1.659228] iommu: Adding device as3722-pinctrl to group 65
[    1.666421] iommu: Adding device as3722-regulator to group 66
[    1.675098] as3722-sd2: supplied by +5V_SYS
[    1.679678] as3722-sd3: supplied by +5V_SYS
[    1.684100] +1.35V_LP0(sd3): Bringing 0uV into 1350000-1350000uV
[    1.690421] as3722-sd4: supplied by +5V_SYS
[    1.695021] as3722-sd5: supplied by +5V_SYS
[    1.700974] as3722-ldo0: supplied by +1.35V_LP0(sd2)
[    1.707018] +1.8V_RUN_CAM: Bringing 0uV into 1800000-1800000uV
[    1.713183] as3722-ldo2: supplied by +1.8V_VDDIO
[    1.719057] as3722-ldo3: supplied by +3.3V_SYS
[    1.723564] +1.05V_LP0_VDD_RTC: Bringing 1100000uV into 1000000-1000000uV
[    1.731306] as3722-ldo4: supplied by +3.3V_SYS
[    1.735986] +2.8V_RUN_CAM: Bringing 0uV into 2800000-2800000uV
[    1.742157] as3722-ldo5: supplied by +1.8V_VDDIO
[    1.747006] +1.2V_RUN_CAM_FRONT: Bringing 0uV into 1200000-1200000uV
[    1.753922] +VDDIO_SDMMC3: bypassed regulator has no supply!
[    1.759574] +VDDIO_SDMMC3: failed to get the current voltage(-517)
[    1.765771] as3722-regulator as3722-regulator: regulator 13 register failed -517
[    1.775678] iommu: Adding device as3722-rtc to group 67
[    1.781221] iommu: Adding device as3722-adc to group 68
[    1.786772] iommu: Adding device as3722-power-off to group 69
[    1.792806] iommu: Adding device as3722-wdt to group 70
[    1.799898] tegra-ahci 70027000.sata: couldn't get PHY in node sata: -517
[    1.822405] m25p80 spi1.0: w25q32dw (4096 Kbytes)
[    1.829370] iommu: Adding device Fixed MDIO bus.0 to group 71
[    1.835485] libphy: Fixed MDIO Bus: probed
[    1.840508] CAN device driver interface
[    1.845392] bgmac_bcma: Broadcom 47xx GBit MAC driver loaded
[    1.852457] e1000e: Intel(R) PRO/1000 Network Driver - 3.2.6-k
[    1.858296] e1000e: Copyright(c) 1999 - 2015 Intel Corporation.
[    1.864272] igb: Intel(R) Gigabit Ethernet Network Driver - version 5.4.0-k
[    1.871222] igb: Copyright (c) 2007-2014 Intel Corporation.
[    1.880855] pegasus: v0.9.3 (2013/04/25), Pegasus/Pegasus II USB Ethernet driver
[    1.888304] usbcore: registered new interface driver pegasus
[    1.894010] usbcore: registered new interface driver asix
[    1.899429] usbcore: registered new interface driver ax88179_178a
[    1.905560] usbcore: registered new interface driver cdc_ether
[    1.911431] usbcore: registered new interface driver smsc75xx
[    1.917223] usbcore: registered new interface driver smsc95xx
[    1.922987] usbcore: registered new interface driver net1080
[    1.928685] usbcore: registered new interface driver cdc_subset
[    1.934639] usbcore: registered new interface driver zaurus
[    1.940250] usbcore: registered new interface driver cdc_ncm
[    1.946158] tegra-phy 7d000000.usb-phy: no vbus regulator
[    1.951750] tegra-phy 7d004000.usb-phy: no vbus regulator
[    1.959224] ehci_hcd: USB 2.0 'Enhanced' Host Controller (EHCI) Driver
[    1.965764] ehci-pci: EHCI PCI platform driver
[    1.970233] ehci-platform: EHCI generic platform driver
[    1.975682] ehci-orion: EHCI orion driver
[    1.979848] SPEAr-ehci: EHCI SPEAr driver
[    1.984016] ehci-st: EHCI STMicroelectronics driver
[    1.989028] ehci-exynos: EHCI EXYNOS driver
[    1.993385] ehci-atmel: EHCI Atmel driver
[    1.997534] tegra-ehci: Tegra EHCI driver
[    2.004386] tegra-ehci 7d004000.usb: EHCI Host Controller
[    2.009798] tegra-ehci 7d004000.usb: new USB bus registered, assigned bus number 1
[    2.017583] tegra-ehci 7d004000.usb: irq 356, io mem 0x7d004000
[    2.053306] tegra-ehci 7d004000.usb: USB 2.0 started, EHCI 1.10
[    2.059905] hub 1-0:1.0: USB hub found
[    2.063709] hub 1-0:1.0: 1 port detected
[    2.067658] hub 1-0:1.0: config failed, can't get hub status (err 2)
[    2.074460] ohci_hcd: USB 1.1 'Open' Host Controller (OHCI) Driver
[    2.080658] ohci-pci: OHCI PCI platform driver
[    2.085153] ohci-platform: OHCI generic platform driver
[    2.090573] SPEAr-ohci: OHCI SPEAr driver
[    2.094750] ohci-st: OHCI STMicroelectronics driver
[    2.099766] ohci-atmel: OHCI Atmel driver
[    2.104597] usbcore: registered new interface driver usb-storage
[    2.112394] iommu: Adding device ci_hdrc.0 to group 72
[    2.124830] as3722-rtc as3722-rtc: rtc core: registered as3722-rtc as rtc0
[    2.131699] as3722-rtc as3722-rtc: RTC interrupt 379
[    2.140110] tegra_rtc 7000e000.rtc: rtc core: registered 7000e000.rtc as rtc1
[    2.147304] tegra_rtc 7000e000.rtc: Tegra internal Real Time Clock
[    2.154057] i2c /dev entries driver
[    2.164688] lm90 0-004c: 0-004c supply vcc not found, using dummy regulator
[    2.179905] iommu: Adding device cpufreq-tegra124 to group 73
[    2.188108] sdhci: Secure Digital Host Controller Interface driver
[    2.194302] sdhci: Copyright(c) Pierre Ossman
[    2.200437] Synopsys Designware Multimedia Card Interface Driver
[    2.208014] sdhci-pltfm: SDHCI platform and OF driver helper
[    2.214504] sdhci-tegra 700b0400.sdhci: Got CD GPIO
[    2.219396] sdhci-tegra 700b0400.sdhci: Got WP GPIO
[    2.240660] mmc0: Unknown controller version (3). You may experience problems.
[    2.247940] mmc0: Invalid maximum block size, assuming 512 bytes
[    2.313309] mmc0: SDHCI controller on 700b0600.sdhci [700b0600.sdhci] using ADMA
[    2.322902] ledtrig-cpu: registered to indicate activity on CPUs
[    2.329247] usbcore: registered new interface driver usbhid
[    2.334831] usbhid: USB HID core driver
[    2.342893] NET: Registered protocol family 10
[    2.348223] Segment Routing with IPv6
[    2.352039] sit: IPv6, IPv4 and MPLS over IPv4 tunneling driver
[    2.358498] NET: Registered protocol family 17
[    2.362948] can: controller area network core (rev 20170425 abi 9)
[    2.369194] NET: Registered protocol family 29
[    2.373652] can: raw protocol (rev 20170425)
[    2.377917] can: broadcast manager protocol (rev 20170425 t)
[    2.383588] can: netlink gateway (rev 20170425) max_hops=1
[    2.389347] Key type dns_resolver registered
[    2.394149] ThumbEE CPU extension supported.
[    2.398420] Registering SWP/SWPB emulation handler
[    2.403893] Loading compiled-in X.509 certificates
[    2.421706] +3.3V_RUN: supplied by +3.3V_SYS
[    2.426983] +USB0_VBUS_SW: supplied by +5V_SYS
[    2.431606] +3.3V_AVDD_HDMI_AP_GATED: supplied by +3.3V_RUN
[    2.437826] +5V_USB_HS: supplied by +5V_SYS
[    2.442923] +3.3V_LP0: supplied by +3.3V_SYS
[    2.449051] +5V_HDMI_CON: supplied by +5V_SYS
[    2.454424] +5V_SATA: supplied by +5V_SYS
[    2.459100] +12V_SATA: supplied by +VDD_MUX
[    2.464658]  usb2-0: usb2-0 supply vbus not found, using dummy regulator
[    2.471514]  usb2-1: usb2-1 supply vbus not found, using dummy regulator
[    2.478635]  usb3-0: usb3-0 supply vbus not found, using dummy regulator
[    2.487010] tegra-pcie 1003000.pcie: 2x1, 1x1 configuration
[    2.492719] tegra-pcie 1003000.pcie: Failed to get supply 'avddio-pex': -517
[    2.502937] mmc0: new high speed MMC card at address 0001
[    2.503544] tegra124-dfll 70110000.clock: couldn't get vdd_cpu regulator
[    2.507886] tegra-hdmi 54280000.hdmi: failed to get PLL regulator
[    2.512289] as3722-sd2: supplied by +5V_SYS
[    2.512567] as3722-sd3: supplied by +5V_SYS
[    2.512830] as3722-sd4: supplied by +5V_SYS
[    2.513111] as3722-sd5: supplied by +5V_SYS
[    2.514696] as3722-ldo0: supplied by +1.35V_LP0(sd2)
[    2.515214] as3722-ldo1: supplied by +3.3V_RUN
[    2.515511] as3722-ldo2: supplied by +1.8V_VDDIO
[    2.516435] as3722-ldo3: supplied by +3.3V_SYS
[    2.517335] as3722-ldo4: supplied by +3.3V_SYS
[    2.517624] as3722-ldo5: supplied by +1.8V_VDDIO
[    2.517920] as3722-ldo6: supplied by +3.3V_RUN
[    2.518209] as3722-ldo7: supplied by +1.8V_VDDIO
[    2.518448] +1.05V_RUN_CAM_REAR: Bringing 0uV into 1050000-1050000uV
[    2.518834] as3722-ldo9: supplied by +5V_SYS
[    2.519239] +3.3V_RUN_TOUCH: Bringing 0uV into 2800000-2800000uV
[    2.519603] as3722-ldo10: supplied by +5V_SYS
[    2.519825] +2.8V_RUN_CAM_AF: Bringing 0uV into 2800000-2800000uV
[    2.520198] as3722-ldo11: supplied by +3.3V_RUN
[    2.520435] +1.8V_RUN_VPP_FUSE: Bringing 0uV into 1800000-1800000uV
[    2.523978] tegra-ahci 70027000.sata: AHCI 0001.0301 32 slots 2 ports 3 Gbps 0x1 impl platform mode
[    2.523990] tegra-ahci 70027000.sata: flags: 64bit ncq sntf pm led pio slum part sadm sds apst 
[    2.525203] scsi host0: tegra-ahci
[    2.525809] scsi host1: tegra-ahci
[    2.526094] ata1: SATA max UDMA/133 mmio [mem 0x70027000-0x70028fff] port 0x100 irq 345
[    2.526102] ata2: DUMMY
[    2.530175] tegra-ehci 7d008000.usb: EHCI Host Controller
[    2.530203] tegra-ehci 7d008000.usb: new USB bus registered, assigned bus number 2
[    2.530419] tegra-ehci 7d008000.usb: irq 357, io mem 0x7d008000
[    2.553438] tegra-ehci 7d008000.usb: USB 2.0 started, EHCI 1.10
[    2.554712] hub 2-0:1.0: USB hub found
[    2.554757] hub 2-0:1.0: 1 port detected
[    2.554796] hub 2-0:1.0: config failed, can't get hub status (err 2)
[    2.557750] sdhci-tegra 700b0400.sdhci: Got CD GPIO
[    2.557773] sdhci-tegra 700b0400.sdhci: Got WP GPIO
[    2.566278] mmc1: Unknown controller version (3). You may experience problems.
[    2.566387] mmc1: Invalid maximum block size, assuming 512 bytes
[    2.634002] mmc1: SDHCI controller on 700b0400.sdhci [700b0400.sdhci] using ADMA
[    2.634999] tegra-pcie 1003000.pcie: 2x1, 1x1 configuration
[    2.637158] tegra-pcie 1003000.pcie: probing port 0, using 2 lanes
[    2.640529] tegra-pcie 1003000.pcie: Slot present pin change, signature: 00000008
[    2.669568] tegra-pcie 1003000.pcie: probing port 1, using 1 lanes
[    2.671701] tegra-pcie 1003000.pcie: Slot present pin change, signature: 00000000
[    2.685627] tegra-pcie 1003000.pcie: PCI host bridge to bus 0000:00
[    2.685636] pci_bus 0000:00: root bus resource [io  0x0000-0xffff]
[    2.685643] pci_bus 0000:00: root bus resource [mem 0x13000000-0x1fffffff]
[    2.685651] pci_bus 0000:00: root bus resource [mem 0x20000000-0x3fffffff pref]
[    2.685660] pci_bus 0000:00: root bus resource [bus 00-ff]
[    2.685704] pci 0000:00:01.0: [10de:0e12] type 01 class 0x060400
[    2.685726] pci_bus 0000:00: 2-byte config write to 0000:00:01.0 offset 0x4 may corrupt adjacent RW1C bits
[    2.685739] pci_bus 0000:00: 2-byte config write to 0000:00:01.0 offset 0x4 may corrupt adjacent RW1C bits
[    2.685781] pci 0000:00:01.0: enabling Extended Tags
[    2.685792] pci_bus 0000:00: 2-byte config write to 0000:00:01.0 offset 0x88 may corrupt adjacent RW1C bits
[    2.685829] pci_bus 0000:00: 2-byte config write to 0000:00:01.0 offset 0x52 may corrupt adjacent RW1C bits
[    2.685883] pci 0000:00:01.0: PME# supported from D0 D1 D2 D3hot D3cold
[    2.685895] pci_bus 0000:00: 2-byte config write to 0000:00:01.0 offset 0x4c may corrupt adjacent RW1C bits
[    2.686162] pci 0000:00:02.0: [10de:0e13] type 01 class 0x060400
[    2.686181] pci_bus 0000:00: 2-byte config write to 0000:00:02.0 offset 0x4 may corrupt adjacent RW1C bits
[    2.686193] pci_bus 0000:00: 2-byte config write to 0000:00:02.0 offset 0x4 may corrupt adjacent RW1C bits
[    2.686235] pci 0000:00:02.0: enabling Extended Tags
[    2.686245] pci_bus 0000:00: 2-byte config write to 0000:00:02.0 offset 0x88 may corrupt adjacent RW1C bits
[    2.686279] pci_bus 0000:00: 2-byte config write to 0000:00:02.0 offset 0x52 may corrupt adjacent RW1C bits
[    2.686333] pci 0000:00:02.0: PME# supported from D0 D1 D2 D3hot D3cold
[    2.686345] pci_bus 0000:00: 2-byte config write to 0000:00:02.0 offset 0x4c may corrupt adjacent RW1C bits
[    2.686614] PCI: bus0: Fast back to back transfers disabled
[    2.686626] pci 0000:00:01.0: bridge configuration invalid ([bus 00-00]), reconfiguring
[    2.686646] pci 0000:00:02.0: bridge configuration invalid ([bus 00-00]), reconfiguring
[    2.686833] pci 0000:01:00.0: [8086:4232] type 00 class 0x028000
[    2.686892] pci 0000:01:00.0: reg 0x10: [mem 0x00000000-0x00001fff 64bit]
[    2.687182] PCI: bus1: Fast back to back transfers disabled
[    2.687193] pci_bus 0000:01: busn_res: [bus 01-ff] end is updated to 01
[    2.687371] pci 0000:02:00.0: [10ec:8168] type 00 class 0x020000
[    2.687411] pci 0000:02:00.0: reg 0x10: [io  0x0000-0x00ff]
[    2.687454] pci 0000:02:00.0: reg 0x18: [mem 0x00000000-0x00000fff 64bit]
[    2.687482] pci 0000:02:00.0: reg 0x20: [mem 0x00000000-0x00003fff 64bit pref]
[    2.687688] PCI: bus2: Fast back to back transfers disabled
[    2.687697] pci_bus 0000:02: busn_res: [bus 02-ff] end is updated to 02
[    2.687745] pci 0000:00:01.0: BAR 8: assigned [mem 0x13000000-0x130fffff]
[    2.687754] pci 0000:00:02.0: BAR 8: assigned [mem 0x13100000-0x131fffff]
[    2.687765] pci 0000:00:02.0: BAR 9: assigned [mem 0x20000000-0x200fffff 64bit pref]
[    2.687773] pci 0000:00:02.0: BAR 7: assigned [io  0x1000-0x1fff]
[    2.687785] pci 0000:01:00.0: BAR 0: assigned [mem 0x13000000-0x13001fff 64bit]
[    2.687817] pci 0000:00:01.0: PCI bridge to [bus 01]
[    2.687832] pci 0000:00:01.0:   bridge window [mem 0x13000000-0x130fffff]
[    2.687854] pci 0000:02:00.0: BAR 4: assigned [mem 0x20000000-0x20003fff 64bit pref]
[    2.687880] pci 0000:02:00.0: BAR 2: assigned [mem 0x13100000-0x13100fff 64bit]
[    2.687905] pci 0000:02:00.0: BAR 0: assigned [io  0x1000-0x10ff]
[    2.687918] pci 0000:00:02.0: PCI bridge to [bus 02]
[    2.687926] pci 0000:00:02.0:   bridge window [io  0x1000-0x1fff]
[    2.687939] pci 0000:00:02.0:   bridge window [mem 0x13100000-0x131fffff]
[    2.687949] pci 0000:00:02.0:   bridge window [mem 0x20000000-0x200fffff 64bit pref]
[    2.687990] pci 0000:00:01.0: nv_msi_ht_cap_quirk didn't locate host bridge
[    2.688138] pcieport 0000:00:01.0: enabling device (0140 -> 0142)
[    2.688418] pcieport 0000:00:01.0: Signaling PME with IRQ 395
[    2.688611] pci 0000:00:02.0: nv_msi_ht_cap_quirk didn't locate host bridge
[    2.688733] pcieport 0000:00:02.0: enabling device (0140 -> 0143)
[    2.688992] pcieport 0000:00:02.0: Signaling PME with IRQ 396
[    2.689384] r8169 Gigabit Ethernet driver 2.3LK-NAPI loaded
[    2.689408] r8169 0000:02:00.0: enabling device (0140 -> 0143)
[    2.689455] r8169 0000:02:00.0 (unnamed net_device) (uninitialized): not PCI Express
[    2.714945] r8169 0000:02:00.0 eth0: RTL8168g/8111g at 0xf0a6d000, 00:04:4b:3a:d9:81, XID 0c000800 IRQ 22
[    2.714954] r8169 0000:02:00.0 eth0: jumbo features [frames: 9200 bytes, tx checksumming: ko]
[    2.720191] +1.05V_RUN_AVDD_HDMI_PLL: supplied by +1.05V_RUN
[    2.723000] [drm] Supports vblank timestamp caching Rev 2 (21.10.2013).
[    2.723006] [drm] No driver support for vblank timestamp query.
[    2.723048] [drm] Cannot find any crtc or sizes
[    2.723082] [drm] Initialized tegra 0.0.0 20120330 for drm on minor 0
[    2.724913] iommu: Adding device cpufreq-dt.0 to group 74
[    2.725685] cpufreq: cpufreq_online: CPU0: Running at unlisted freq: 696000 KHz
[    2.725719] cpufreq: cpufreq_online: CPU0: Unlisted initial frequency changed to: 714000 KHz
[    2.726377] input: gpio-keys as /devices/soc0/gpio-keys/input/input0
[    2.728437] as3722-rtc as3722-rtc: setting system clock to 2000-01-01 00:00:13 UTC (946684813)
[    2.728793] +USB0_VBUS_SW: disabling
[    2.728806] +1.8V_RUN_CAM: disabling
[    2.729037] +2.8V_RUN_CAM: disabling
[    2.729285] +1.2V_RUN_CAM_FRONT: disabling
[    2.729445] +1.05V_RUN_CAM_REAR: disabling
[    2.729551] +3.3V_RUN_TOUCH: disabling
[    2.729659] +2.8V_RUN_CAM_AF: disabling
[    2.729818] +1.8V_RUN_VPP_FUSE: disabling
[    2.854697] ata1: SATA link down (SStatus 0 SControl 300)
[    2.861449] tegra-hdmi 54280000.hdmi: cannot set audio to 48000 Hz at 297000000 Hz pixel clock
[    2.866633] mmc1: new high speed SDHC card at address aaaa
[    2.867006] mmcblk1: mmc1:aaaa SD04G 3.69 GiB 
[    2.875871]  mmcblk1: p1 p2 p3
[    3.289132] mmcblk0: mmc0:0001 SEM16G 14.7 GiB 
[    3.289432] mmcblk0boot0: mmc0:0001 SEM16G partition 1 4.00 MiB
[    3.289708] mmcblk0boot1: mmc0:0001 SEM16G partition 2 4.00 MiB
[    3.289961] mmcblk0rpmb: mmc0:0001 SEM16G partition 3 4.00 MiB, chardev (237:0)
[    3.291651]  mmcblk0: p1
[    3.292877] EXT4-fs (mmcblk0p1): mounting ext3 file system using the ext4 subsystem
[    3.328846] EXT4-fs (mmcblk0p1): recovery complete
[    3.329682] EXT4-fs (mmcblk0p1): mounted filesystem with ordered data mode. Opts: (null)
[    3.329730] VFS: Mounted root (ext3 filesystem) on device 179:17.
[    3.334179] devtmpfs: mounted
[    3.335141] Freeing unused kernel memory: 2048K
[    3.400093] Console: switching to colour frame buffer device 512x135
[    3.501617] drm drm: fb0:  frame buffer device
bash: cannot set terminal process group (-1): Inappropriate ioctl for device
bash: no job control in this shell
root@(none):/# 