
U-Boot SPL 2014.01-00219-gc4d376f (Feb 18 2014 - 19:57:18)


U-Boot 2014.01-00219-gc4d376f (Feb 18 2014 - 19:57:18)

TEGRA30
Board: NVIDIA Beaver
I2C:   ready
DRAM:  2 GiB
MMC:   Tegra SD/MMC: 0, Tegra SD/MMC: 1
In:    serial
Out:   serial
Err:   serial
Net:   Net Initialization Skipped
No ethernet found.
Hit any key to stop autoboot:  2  0 
Tegra30 (Beaver) # 
Tegra30 (Beaver) # usb reset
(Re)start USB...
USB0:   USB EHCI 1.00
scanning bus 0 for devices... 2 USB Device(s) found
       scanning usb for storage devices... 0 Storage Device(s) found
       scanning usb for ethernet devices... 
Warning: asx0 using MAC address from net device
1 Ethernet Device(s) found
Tegra30 (Beaver) # setenv bootargs 'ignore_loglevel console=ttyS0,115200n8 rw root=/dev/mmcblk0p1 rootwait gpt debug noinitrd earlyprintk init=/bin/bash'
Tegra30 (Beaver) # setenv ipaddr 192.168.100.101; setenv serverip 192.168.100.1; setenv tftpserverip 192.168.100.1
Tegra30 (Beaver) # tftpboot 0x81000000 zImage.multi_v7_defconfig
Using asx0 device
TFTP from server 192.168.100.1; our IP address is 192.168.100.101
Filename 'zImage.multi_v7_defconfig'.
Load address: 0x81000000
Loading: *#################################################################
	 #################################################################
	 #################################################################
	 #################################################################
	 #################################################################
	 #################################################################
	 ####################################################
	 3.2 MiB/s
done
Bytes transferred = 6477176 (62d578 hex)
Tegra30 (Beaver) # tftpboot 0x82000000 tegra30-beaver.dtb
Using asx0 device
TFTP from server 192.168.100.1; our IP address is 192.168.100.101
Filename 'tegra30-beaver.dtb'.
Load address: 0x82000000
Loading: *####
	 145.5 KiB/s
done
Bytes transferred = 51467 (c90b hex)
Tegra30 (Beaver) # bootz 0x81000000 - 0x82000000
Kernel image @ 0x81000000 [ 0x000000 - 0x62d578 ]
## Flattened Device Tree blob at 82000000
   Booting using the fdt blob at 0x82000000
   Loading Device Tree to 8fff0000, end 8ffff90a ... OK

Starting kernel ...

[    0.000000] Booting Linux on physical CPU 0x0
[    0.000000] Linux version 4.3.0-51166-gbd4f203 (pwalmsley@sellafield) (gcc version 4.7.3 20130328 (prerelease) (crosstool-NG linaro-1.13.1-4.7-2013.04-20130415 - Linaro GCC 2013.04) ) #1 SMP Wed Nov 18 05:59:05 PST 2015
[    0.000000] CPU: ARMv7 Processor [412fc099] revision 9 (ARMv7), cr=10c5387d
[    0.000000] CPU: PIPT / VIPT nonaliasing data cache, VIPT aliasing instruction cache
[    0.000000] Machine model: NVIDIA Tegra30 Beaver evaluation board
[    0.000000] debug: ignoring loglevel setting.
[    0.000000] cma: Reserved 64 MiB at 0xfb800000
[    0.000000] Memory policy: Data cache writealloc
[    0.000000] On node 0 totalpages: 524032
[    0.000000] free_area_init_node: node 0, pgdat c0f982c0, node_mem_map eeff8000
[    0.000000]   DMA zone: 1536 pages used for memmap
[    0.000000]   DMA zone: 0 pages reserved
[    0.000000]   DMA zone: 196608 pages, LIFO batch:31
[    0.000000]   HighMem zone: 327424 pages, LIFO batch:31
[    0.000000] PERCPU: Embedded 12 pages/cpu @eef93000 s19136 r8192 d21824 u49152
[    0.000000] pcpu-alloc: s19136 r8192 d21824 u49152 alloc=12*4096
[    0.000000] pcpu-alloc: [0] 0 [0] 1 [0] 2 [0] 3 
[    0.000000] Built 1 zonelists in Zone order, mobility grouping on.  Total pages: 522496
[    0.000000] Kernel command line: ignore_loglevel console=ttyS0,115200n8 rw root=/dev/mmcblk0p1 rootwait gpt debug noinitrd earlyprintk init=/bin/bash
[    0.000000] PID hash table entries: 4096 (order: 2, 16384 bytes)
[    0.000000] Dentry cache hash table entries: 131072 (order: 7, 524288 bytes)
[    0.000000] Inode-cache hash table entries: 65536 (order: 6, 262144 bytes)
[    0.000000] Memory: 1998680K/2096128K available (8156K kernel code, 1032K rwdata, 3660K rodata, 1040K init, 340K bss, 31912K reserved, 65536K cma-reserved, 1244160K highmem)
[    0.000000] Virtual kernel memory layout:
[    0.000000]     vector  : 0xffff0000 - 0xffff1000   (   4 kB)
[    0.000000]     fixmap  : 0xffc00000 - 0xfff00000   (3072 kB)
[    0.000000]     vmalloc : 0xf0800000 - 0xff800000   ( 240 MB)
[    0.000000]     lowmem  : 0xc0000000 - 0xf0000000   ( 768 MB)
[    0.000000]     pkmap   : 0xbfe00000 - 0xc0000000   (   2 MB)
[    0.000000]     modules : 0xbf000000 - 0xbfe00000   (  14 MB)
[    0.000000]       .text : 0xc0208000 - 0xc0d932ac   (11821 kB)
[    0.000000]       .init : 0xc0d94000 - 0xc0e98000   (1040 kB)
[    0.000000]       .data : 0xc0e98000 - 0xc0f9a220   (1033 kB)
[    0.000000]        .bss : 0xc0f9d000 - 0xc0ff23a8   ( 341 kB)
[    0.000000] SLUB: HWalign=64, Order=0-3, MinObjects=0, CPUs=4, Nodes=1
[    0.000000] Hierarchical RCU implementation.
[    0.000000] 	Build-time adjustment of leaf fanout to 32.
[    0.000000] 	RCU restricting CPUs from NR_CPUS=16 to nr_cpu_ids=4.
[    0.000000] RCU: Adjusting geometry for rcu_fanout_leaf=32, nr_cpu_ids=4
[    0.000000] NR_IRQS:16 nr_irqs:16 16
[    0.000000] /interrupt-controller@60004000: 160 interrupts forwarded to /interrupt-controller@50041000
[    0.000000] L2C: platform modifies aux control register: 0x02080000 -> 0x3e480001
[    0.000000] L2C: DT/platform modifies aux control register: 0x02080000 -> 0x3e480001
[    0.000000] L2C-310 erratum 769419 enabled
[    0.000000] L2C-310 enabling early BRESP for Cortex-A9
[    0.000000] L2C-310: enabling full line of zeros but not enabled in Cortex-A9
[    0.000000] L2C-310 dynamic clock gating enabled, standby mode enabled
[    0.000000] L2C-310 cache controller enabled, 8 ways, 1024 kB
[    0.000000] L2C-310: CACHE_ID 0x410000c7, AUX_CTRL 0x4e480001
[    0.000014] sched_clock: 32 bits at 1000kHz, resolution 1000ns, wraps every 2147483647500ns
[    0.000032] clocksource: timer_us: mask: 0xffffffff max_cycles: 0xffffffff, max_idle_ns: 1911260446275 ns
[    0.000041] Switching to timer-based delay loop, resolution 1000ns
[    0.002490] Console: colour dummy device 80x30
[    0.002515] Calibrating delay loop (skipped), value calculated using timer frequency.. 2.00 BogoMIPS (lpj=5000)
[    0.002524] pid_max: default: 32768 minimum: 301
[    0.002610] Mount-cache hash table entries: 2048 (order: 1, 8192 bytes)
[    0.002618] Mountpoint-cache hash table entries: 2048 (order: 1, 8192 bytes)
[    0.003042] CPU: Testing write buffer coherency: ok
[    0.003329] CPU0: thread -1, cpu 0, socket 0, mpidr 80000000
[    0.003394] Setting up static identity map for 0x80209000 - 0x80209098
[    0.005655] Tegra Revision: A03 SKU: 128 CPU Process: 4 SoC Process: 0
[    0.006848] CPU1: thread -1, cpu 1, socket 0, mpidr 80000001
[    0.007490] CPU2: thread -1, cpu 2, socket 0, mpidr 80000002
[    0.008126] CPU3: thread -1, cpu 3, socket 0, mpidr 80000003
[    0.008166] Brought up 4 CPUs
[    0.008179] SMP: Total of 4 processors activated (8.00 BogoMIPS).
[    0.008184] CPU: All CPU(s) started in SVC mode.
[    0.008755] devtmpfs: initialized
[    0.016954] VFP support v0.3: implementor 41 architecture 3 part 30 variant 9 rev 4
[    0.017658] clocksource: jiffies: mask: 0xffffffff max_cycles: 0xffffffff, max_idle_ns: 9556302231375000 ns
[    0.021140] pinctrl core: initialized pinctrl subsystem
[    0.022619] NET: Registered protocol family 16
[    0.024813] DMA: preallocated 256 KiB pool for atomic coherent allocations
[    0.039935] cpuidle: using governor ladder
[    0.054927] cpuidle: using governor menu
[    0.062933] No ATAGs?
[    0.062966] hw-breakpoint: found 5 (+1 reserved) breakpoint and 1 watchpoint registers.
[    0.062973] hw-breakpoint: maximum watchpoint size is 4 bytes.
[    0.065677] Serial: AMBA PL011 UART driver
[    0.066661] tegra-mc 7000f000.memory-controller: no memory timings for RAM code 3 registered
[    0.087841] vdd_5v_sata: Failed to request enable GPIO30: -517
[    0.087909] reg-fixed-voltage regulators:regulator@3: Failed to register regulator: -517
[    0.088016] usb1_vbus: Failed to request enable GPIO238: -517
[    0.088065] reg-fixed-voltage regulators:regulator@4: Failed to register regulator: -517
[    0.088170] usb3_vbus: Failed to request enable GPIO236: -517
[    0.088218] reg-fixed-voltage regulators:regulator@5: Failed to register regulator: -517
[    0.088370] sys_3v3_pexs: Failed to request enable GPIO95: -517
[    0.088419] reg-fixed-voltage regulators:regulator@7: Failed to register regulator: -517
[    0.090150] vgaarb: loaded
[    0.090601] SCSI subsystem initialized
[    0.090754] libata version 3.00 loaded.
[    0.090943] usbcore: registered new interface driver usbfs
[    0.090980] usbcore: registered new interface driver hub
[    0.091015] usbcore: registered new device driver usb
[    0.146726] pps_core: LinuxPPS API ver. 1 registered
[    0.146735] pps_core: Software ver. 5.3.6 - Copyright 2005-2007 Rodolfo Giometti <giometti@linux.it>
[    0.146751] PTP clock support registered
[    0.146901] EDAC MC: Ver: 3.0.0
[    0.148380] clocksource: Switched to clocksource timer_us
[    0.154402] NET: Registered protocol family 2
[    0.154801] TCP established hash table entries: 8192 (order: 3, 32768 bytes)
[    0.154856] TCP bind hash table entries: 8192 (order: 4, 65536 bytes)
[    0.154939] TCP: Hash tables configured (established 8192 bind 8192)
[    0.155022] UDP hash table entries: 512 (order: 2, 16384 bytes)
[    0.155080] UDP-Lite hash table entries: 512 (order: 2, 16384 bytes)
[    0.155260] NET: Registered protocol family 1
[    0.155500] RPC: Registered named UNIX socket transport module.
[    0.155506] RPC: Registered udp transport module.
[    0.155510] RPC: Registered tcp transport module.
[    0.155515] RPC: Registered tcp NFSv4.1 backchannel transport module.
[    0.155536] PCI: CLS 0 bytes, default 64
[    0.156289] hw perfevents: enabled with armv7_cortex_a9 PMU driver, 7 counters available
[    0.157216] futex hash table entries: 1024 (order: 4, 65536 bytes)
[    0.163157] squashfs: version 4.0 (2009/01/31) Phillip Lougher
[    0.163700] NFS: Registering the id_resolver key type
[    0.163737] Key type id_resolver registered
[    0.163742] Key type id_legacy registered
[    0.163786] ntfs: driver 2.1.32 [Flags: R/O].
[    0.164607] bounce: pool size: 64 pages
[    0.164724] Block layer SCSI generic (bsg) driver version 0.4 loaded (major 249)
[    0.164737] io scheduler noop registered
[    0.164745] io scheduler deadline registered
[    0.164767] io scheduler cfq registered (default)
[    0.169709] tegra30-pinctrl 70000868.pinmux: invalid group "sdmmc3_dat6_pd3" for function "rsvd1"
[    0.169724] tegra30-pinctrl 70000868.pinmux: invalid group "sdmmc3_dat7_pd4" for function "rsvd1"
[    0.169740] tegra30-pinctrl 70000868.pinmux: invalid group "vi_vsync_pd6" for function "rsvd1"
[    0.169750] tegra30-pinctrl 70000868.pinmux: invalid group "vi_hsync_pd7" for function "rsvd1"
[    0.170423] tegra30-pinctrl 70000868.pinmux: invalid group "hdmi_int_pn7" for function "rsvd1"
[    0.170488] tegra30-pinctrl 70000868.pinmux: invalid group "ulpi_data3_po4" for function "rsvd1"
[    0.171020] tegra30-pinctrl 70000868.pinmux: invalid group "vi_d10_pt2" for function "rsvd1"
[    0.171036] tegra30-pinctrl 70000868.pinmux: invalid group "vi_d11_pt3" for function "rsvd1"
[    0.171052] tegra30-pinctrl 70000868.pinmux: invalid group "vi_d0_pt4" for function "rsvd1"
[    0.171114] tegra30-pinctrl 70000868.pinmux: invalid group "pu0" for function "rsvd1"
[    0.171160] tegra30-pinctrl 70000868.pinmux: invalid group "pu3" for function "rsvd1"
[    0.171206] tegra30-pinctrl 70000868.pinmux: invalid group "pu6" for function "rsvd1"
[    0.171271] tegra30-pinctrl 70000868.pinmux: invalid group "pv3" for function "rsvd1"
[    0.172063] tegra30-pinctrl 70000868.pinmux: invalid group "pbb0" for function "rsvd1"
[    0.172250] tegra30-pinctrl 70000868.pinmux: invalid group "pcc1" for function "rsvd1"
[    0.176508] tegra-pcie 3000.pcie-controller: 2x3 configuration
[    0.176622] vdd_1v5_gen: supplied by vdd_5v_in
[    0.176667] vdd_pexa,vdd_pexb: supplied by vdd_1v5_gen
[    0.176766] tegra-pcie 3000.pcie-controller: Failed to get supply 'hvdd-pex': -517
[    0.180557] tegra-apbdma 6000a000.dma: Tegra20 APB DMA driver register 32 channels
[    0.181426] tegra-pmc 7000e400.pmc: i2c-thermtrip node not found, emergency thermal reset disabled.
[    0.214012] Serial: 8250/16550 driver, 4 ports, IRQ sharing disabled
[    0.215579] SuperH (H)SCI(F) driver initialized
[    0.216111] msm_serial: driver initialized
[    0.216733] console [ttyS0] disabled
[    0.216771] 70006000.serial: ttyS0 at MMIO 0x70006000 (irq = 331, base_baud = 25500000) is a Tegra
[    1.143553] console [ttyS0] enabled
[    1.147512] STMicroelectronics ASC driver initialized
[    1.154041] [drm] Initialized drm 1.1.0 20060810
[    1.160123] tegra-hdmi 54280000.hdmi: failed to get HDMI regulator
[    1.171537] loop: module loaded
[    1.179146] m25p80 spi32766.1: w25q32 (4096 Kbytes)
[    1.184037] spi32766.1: 'partitions' subnode not found on /spi@7000da00/spi-flash@1. Trying to parse direct subnodes as partitions.
[    1.197588] CAN device driver interface
[    1.202167] igb: Intel(R) Gigabit Ethernet Network Driver - version 5.3.0-k
[    1.209123] igb: Copyright (c) 2007-2014 Intel Corporation.
[    1.216403] pegasus: v0.9.3 (2013/04/25), Pegasus/Pegasus II USB Ethernet driver
[    1.223845] usbcore: registered new interface driver pegasus
[    1.229540] usbcore: registered new interface driver asix
[    1.234960] usbcore: registered new interface driver ax88179_178a
[    1.241071] usbcore: registered new interface driver cdc_ether
[    1.246933] usbcore: registered new interface driver smsc75xx
[    1.252717] usbcore: registered new interface driver smsc95xx
[    1.258484] usbcore: registered new interface driver net1080
[    1.264167] usbcore: registered new interface driver cdc_subset
[    1.270105] usbcore: registered new interface driver zaurus
[    1.275731] usbcore: registered new interface driver cdc_ncm
[    1.282634] ehci_hcd: USB 2.0 'Enhanced' Host Controller (EHCI) Driver
[    1.289165] ehci-pci: EHCI PCI platform driver
[    1.293631] ehci-platform: EHCI generic platform driver
[    1.298970] ehci-omap: OMAP-EHCI Host Controller driver
[    1.304264] ehci-orion: EHCI orion driver
[    1.308331] SPEAr-ehci: EHCI SPEAr driver
[    1.312412] ehci-st: EHCI STMicroelectronics driver
[    1.317365] ehci-exynos: EHCI EXYNOS driver
[    1.321636] ehci-atmel: EHCI Atmel driver
[    1.325717] tegra-ehci: Tegra EHCI driver
[    1.330036] ohci_hcd: USB 1.1 'Open' Host Controller (OHCI) Driver
[    1.336223] ohci-pci: OHCI PCI platform driver
[    1.340694] ohci-platform: OHCI generic platform driver
[    1.346011] ohci-omap3: OHCI OMAP3 driver
[    1.350092] SPEAr-ohci: OHCI SPEAr driver
[    1.354174] ohci-st: OHCI STMicroelectronics driver
[    1.359121] ohci-atmel: OHCI Atmel driver
[    1.363421] usbcore: registered new interface driver usb-storage
[    1.370304] mousedev: PS/2 mouse device common for all mice
[    1.377943] tegra_rtc 7000e000.rtc: rtc core: registered 7000e000.rtc as rtc1
[    1.385110] tegra_rtc 7000e000.rtc: Tegra internal Real Time Clock
[    1.403815] tps65910-rtc tps65910-rtc: rtc core: registered tps65910-rtc as rtc0
[    1.411405] i2c /dev entries driver
[    1.419761] sdhci: Secure Digital Host Controller Interface driver
[    1.425938] sdhci: Copyright(c) Pierre Ossman
[    1.431170] Synopsys Designware Multimedia Card Interface Driver
[    1.437802] sdhci-pltfm: SDHCI platform and OF driver helper
[    1.443964] sdhci-tegra 78000000.sdhci: Got CD GPIO
[    1.448849] sdhci-tegra 78000000.sdhci: Got WP GPIO
[    1.454863] sdhci-tegra 78000000.sdhci: No vmmc regulator found
[    1.460780] sdhci-tegra 78000000.sdhci: No vqmmc regulator found
[    1.466778] mmc0: Invalid maximum block size, assuming 512 bytes
[    1.508460] mmc0: SDHCI controller on 78000000.sdhci [78000000.sdhci] using ADMA
[    1.517034] sdhci-tegra 78000600.sdhci: No vmmc regulator found
[    1.522952] sdhci-tegra 78000600.sdhci: No vqmmc regulator found
[    1.528950] mmc1: Invalid maximum block size, assuming 512 bytes
[    1.568385] mmc1: SDHCI controller on 78000600.sdhci [78000600.sdhci] using ADMA
[    1.576726] ledtrig-cpu: registered to indicate activity on CPUs
[    1.582853] usbcore: registered new interface driver usbhid
[    1.588419] usbhid: USB HID core driver
[    1.594909] NET: Registered protocol family 10
[    1.599924] sit: IPv6 over IPv4 tunneling driver
[    1.604980] NET: Registered protocol family 17
[    1.609439] can: controller area network core (rev 20120528 abi 9)
[    1.615656] NET: Registered protocol family 29
[    1.620101] can: raw protocol (rev 20120528)
[    1.624371] can: broadcast manager protocol (rev 20120528 t)
[    1.630030] can: netlink gateway (rev 20130117) max_hops=1
[    1.635773] Key type dns_resolver registered
[    1.640454] ThumbEE CPU extension supported.
[    1.644738] Registering SWP/SWPB emulation handler
[    1.654620] mmc1: new high speed MMC card at address 0001
[    1.661160] mmcblk0: mmc1:0001 SEM16G 14.8 GiB 
[    1.667070] mmcblk0boot0: mmc1:0001 SEM16G partition 1 1.00 MiB
[    1.674410] mmcblk0boot1: mmc1:0001 SEM16G partition 2 1.00 MiB
[    1.681748] mmcblk0rpmb: mmc1:0001 SEM16G partition 3 128 KiB
[    1.693120] tegra-pcie 3000.pcie-controller: 2x3 configuration
[    1.693874] Primary GPT is invalid, using alternate GPT.
[    1.693889]  mmcblk0: p1 p2 p3 p4 p5
[    1.707968] sys_3v3,vdd_3v3_alw: supplied by vdd_5v_in
[    1.713130] sys_3v3_pexs: supplied by sys_3v3,vdd_3v3_alw
[    1.721034] tegra-pcie 3000.pcie-controller: probing port 0, using 2 lanes
[    1.786169] tegra-pcie 3000.pcie-controller: probing port 2, using 2 lanes
[    2.196799] tegra-pcie 3000.pcie-controller: link 2 down, retrying
[    2.606740] tegra-pcie 3000.pcie-controller: link 2 down, retrying
[    3.016676] tegra-pcie 3000.pcie-controller: link 2 down, retrying
[    3.024867] tegra-pcie 3000.pcie-controller: link 2 down, ignoring
[    3.031166] tegra-pcie 3000.pcie-controller: PCI host bridge to bus 0000:00
[    3.038125] pci_bus 0000:00: root bus resource [mem 0x20000000-0x27ffffff]
[    3.044992] pci_bus 0000:00: root bus resource [mem 0x28000000-0x3fffffff pref]
[    3.052291] pci_bus 0000:00: root bus resource [bus 00-ff]
[    3.057768] pci_bus 0000:00: root bus resource [io  0x1000-0xffff]
[    3.063961] pci 0000:00:01.0: [10de:0e1c] type 01 class 0x060400
[    3.070016] pci 0000:00:01.0: PME# supported from D0 D1 D2 D3hot D3cold
[    3.076775] PCI: bus0: Fast back to back transfers disabled
[    3.082345] pci 0000:00:01.0: bridge configuration invalid ([bus 00-00]), reconfiguring
[    3.090446] pci 0000:01:00.0: [10ec:8168] type 00 class 0x020000
[    3.096475] pci 0000:01:00.0: reg 0x10: [io  0x0000-0x00ff]
[    3.102054] pci 0000:01:00.0: reg 0x18: [mem 0x00000000-0x00000fff 64bit pref]
[    3.109275] pci 0000:01:00.0: reg 0x20: [mem 0x00000000-0x00003fff 64bit pref]
[    3.116539] pci 0000:01:00.0: supports D1 D2
[    3.120805] pci 0000:01:00.0: PME# supported from D0 D1 D2 D3hot D3cold
[    3.133406] PCI: bus1: Fast back to back transfers disabled
[    3.138975] pci_bus 0000:01: busn_res: [bus 01-ff] end is updated to 01
[    3.145637] pci 0000:00:01.0: BAR 9: assigned [mem 0x28000000-0x280fffff 64bit pref]
[    3.153376] pci 0000:00:01.0: BAR 7: assigned [io  0x1000-0x1fff]
[    3.159464] pci 0000:01:00.0: BAR 4: assigned [mem 0x28000000-0x28003fff 64bit pref]
[    3.167206] pci 0000:01:00.0: BAR 2: assigned [mem 0x28004000-0x28004fff 64bit pref]
[    3.174945] pci 0000:01:00.0: BAR 0: assigned [io  0x1000-0x10ff]
[    3.181033] pci 0000:00:01.0: PCI bridge to [bus 01]
[    3.185990] pci 0000:00:01.0:   bridge window [io  0x1000-0x1fff]
[    3.192075] pci 0000:00:01.0:   bridge window [mem 0x28000000-0x280fffff 64bit pref]
[    3.199820] pci 0000:00:01.0: nv_msi_ht_cap_quirk didn't locate host bridge
[    3.206863] pcieport 0000:00:01.0: enabling device (0140 -> 0143)
[    3.213090] pcieport 0000:00:01.0: Signaling PME through PCIe PME interrupt
[    3.220046] pci 0000:01:00.0: Signaling PME through PCIe PME interrupt
[    3.226566] pcie_pme 0000:00:01.0:pcie01: service driver pcie_pme loaded
[    3.233451] r8169 Gigabit Ethernet driver 2.3LK-NAPI loaded
[    3.239034] r8169 0000:01:00.0: enabling device (0140 -> 0143)
[    3.246138] r8169 0000:01:00.0 eth0: RTL8168evl/8111evl at 0xf08d6000, 02:04:4b:01:60:a6, XID 0c900800 IRQ 375
[    3.256139] r8169 0000:01:00.0 eth0: jumbo features [frames: 9200 bytes, tx checksumming: ko]
[    3.265398] +VDD_5V_HDMI: supplied by sys_3v3,vdd_3v3_alw
[    3.270900] vdd_1v8_gen: supplied by vdd_5v_in
[    3.277906] [drm] Supports vblank timestamp caching Rev 2 (21.10.2013).
[    3.284520] [drm] No driver support for vblank timestamp query.
[    3.290454] drm drm: No connectors reported connected with modes
[    3.296459] [drm] Cannot find any crtc or sizes - going 1024x768
[    3.322259] Console: switching to colour frame buffer device 128x48
[    3.335173] drm drm: fb0:  frame buffer device
[    3.353390] [drm] Initialized tegra 0.0.0 20120330 on minor 0
[    3.361810] usb3_vbus: supplied by vdd_5v_in
[    3.368168] utmi_phy_clk_enable: timeout waiting for phy to stabilize
[    3.374634] tegra-ehci 7d004000.usb: EHCI Host Controller
[    3.380043] tegra-ehci 7d004000.usb: new USB bus registered, assigned bus number 1
[    3.388711] tegra-ehci 7d004000.usb: irq 343, io mem 0x7d004000
[    3.403395] tegra-ehci 7d004000.usb: USB 2.0 started, EHCI 1.00
[    3.409852] hub 1-0:1.0: USB hub found
[    3.413636] hub 1-0:1.0: 1 port detected
[    3.418486] tegra-ehci 7d008000.usb: EHCI Host Controller
[    3.423902] tegra-ehci 7d008000.usb: new USB bus registered, assigned bus number 2
[    3.431666] tegra-ehci 7d008000.usb: irq 344, io mem 0x7d008000
[    3.443388] tegra-ehci 7d008000.usb: USB 2.0 started, EHCI 1.00
[    3.449759] hub 2-0:1.0: USB hub found
[    3.453532] hub 2-0:1.0: 1 port detected
[    3.464317] tps65910-rtc tps65910-rtc: setting system clock to 2000-01-01 00:00:02 UTC (946684802)
[    3.478226] vdd_sata,avdd_plle: disabling
[    3.483030] usb1_vbus: disabling
[    3.488238] EXT4-fs (mmcblk0p1): mounting ext3 file system using the ext4 subsystem
[    3.502822] EXT4-fs (mmcblk0p1): warning: mounting fs with errors, running e2fsck is recommended
[    3.513901] EXT4-fs (mmcblk0p1): recovery complete
[    3.518700] EXT4-fs (mmcblk0p1): mounted filesystem with ordered data mode. Opts: (null)
[    3.526804] VFS: Mounted root (ext3 filesystem) on device 179:1.
[    3.543184] devtmpfs: mounted
[    3.547115] Freeing unused kernel memory: 1040K (c0d94000 - c0e98000)
bash: cannot set terminal process group (-1): Inappropriate ioctl for device
bash: no job control in this shell
root@(none):/# [    3.763403] usb 2-1: new high-speed USB device number 2 using tegra-ehci
