
U-Boot SPL 2015.04-rc3-00209-ga74ef40 (Mar 16 2015 - 14:43:39)


U-Boot 2015.04-rc3-00209-ga74ef40 (Mar 16 2015 - 14:43:39)

TEGRA20
Model: Compulab TrimSlice board
DRAM:  1 GiB
MMC:   Tegra SD/MMC: 0, Tegra SD/MMC: 1
SF: Detected W25Q80BL with page size 256 Bytes, erase size 4 KiB, total 1 MiB
tegra-pcie: PCI regions:
tegra-pcie:   I/O: 0x82000000-0x82010000
tegra-pcie:   non-prefetchable memory: 0xa0000000-0xa8000000
tegra-pcie:   prefetchable memory: 0xa8000000-0xc0000000
tegra-pcie: dual-mode configuration
tegra-pcie: probing port 0, using 2 lanes
In:    serial
Out:   serial
Err:   serial
Net:   RTL8169#0
Hit any key to stop autoboot:  2  0 
Tegra20 (TrimSlice) # 
Tegra20 (TrimSlice) # usb reset
resetting USB...
USB0:   USB EHCI 1.00
scanning bus 0 for devices... 2 USB Device(s) found
USB1:   USB EHCI 1.00
scanning bus 1 for devices... 1 USB Device(s) found
USB2:   lowlevel init failed
       scanning usb for storage devices... 0 Storage Device(s) found
       scanning usb for ethernet devices... 0 Ethernet Device(s) found
Tegra20 (TrimSlice) # setenv bootargs 'ignore_loglevel console=ttyS0,115200n8 rw root=/dev/mmcblk0p1 rootwait gpt debug noinitrd earlyprintk init=/bin/bash'
Tegra20 (TrimSlice) # setenv ipaddr 192.168.100.103; setenv serverip 192.168.100.1; setenv tftpserverip 192.168.100.1
Tegra20 (TrimSlice) # tftpboot 0x00408000 zImage.multi_v7_defconfig
Using RTL8169#0 device
TFTP from server 192.168.100.1; our IP address is 192.168.100.103
Filename 'zImage.multi_v7_defconfig'.
Load address: 0x408000
Loading: *#################################################################
	 #################################################################
	 #################################################################
	 #################################################################
	 #################################################################
	 #################################################################
	 #########
	 3.9 MiB/s
done
Bytes transferred = 5843072 (592880 hex)
Tegra20 (TrimSlice) # tftpboot 0x01408000 tegra20-trimslice.dtb
Using RTL8169#0 device
TFTP from server 192.168.100.1; our IP address is 192.168.100.103
Filename 'tegra20-trimslice.dtb'.
Load address: 0x1408000
Loading: *##
	 3.3 MiB/s
done
Bytes transferred = 20902 (51a6 hex)
Tegra20 (TrimSlice) # bootz 0x00408000 - 0x01408000
Kernel image @ 0x408000 [ 0x000000 - 0x592880 ]
## Flattened Device Tree blob at 01408000
   Booting using the fdt blob at 0x1408000
   Using Device Tree in place at 01408000, end 014101a5

Starting kernel ...

[    0.000000] Booting Linux on physical CPU 0x0
[    0.000000] Linux version 4.0.0-rc1-00019-g6af714b (pwalmsley@sellafield) (gcc version 4.7.3 20130328 (prerelease) (crosstool-NG linaro-1.13.1-4.7-2013.04-20130415 - Linaro GCC 2013.04) ) #1 SMP Wed Mar 25 11:01:03 PDT 2015
[    0.000000] CPU: ARMv7 Processor [411fc090] revision 0 (ARMv7), cr=10c5387d
[    0.000000] CPU: PIPT / VIPT nonaliasing data cache, VIPT aliasing instruction cache
[    0.000000] Machine model: Compulab TrimSlice board
[    0.000000] debug: ignoring loglevel setting.
[    0.000000] cma: Reserved 64 MiB at 0x3c000000
[    0.000000] Memory policy: Data cache writealloc
[    0.000000] On node 0 totalpages: 262144
[    0.000000] free_area_init_node: node 0, pgdat c0e34ac0, node_mem_map eeff8000
[    0.000000]   DMA zone: 1520 pages used for memmap
[    0.000000]   DMA zone: 0 pages reserved
[    0.000000]   DMA zone: 194560 pages, LIFO batch:31
[    0.000000]   HighMem zone: 67584 pages, LIFO batch:15
[    0.000000] PERCPU: Embedded 11 pages/cpu @eefcc000 s12480 r8192 d24384 u45056
[    0.000000] pcpu-alloc: s12480 r8192 d24384 u45056 alloc=11*4096
[    0.000000] pcpu-alloc: [0] 0 [0] 1 
[    0.000000] Built 1 zonelists in Zone order, mobility grouping on.  Total pages: 260624
[    0.000000] Kernel command line: ignore_loglevel console=ttyS0,115200n8 rw root=/dev/mmcblk0p1 rootwait gpt debug noinitrd earlyprintk init=/bin/bash
[    0.000000] PID hash table entries: 4096 (order: 2, 16384 bytes)
[    0.000000] Dentry cache hash table entries: 131072 (order: 7, 524288 bytes)
[    0.000000] Inode-cache hash table entries: 65536 (order: 6, 262144 bytes)
[    0.000000] Memory: 961040K/1048576K available (7602K kernel code, 922K rwdata, 3168K rodata, 780K init, 307K bss, 22000K reserved, 65536K cma-reserved, 204800K highmem)
[    0.000000] Virtual kernel memory layout:
[    0.000000]     vector  : 0xffff0000 - 0xffff1000   (   4 kB)
[    0.000000]     fixmap  : 0xffc00000 - 0xfff00000   (3072 kB)
[    0.000000]     vmalloc : 0xf0000000 - 0xff000000   ( 240 MB)
[    0.000000]     lowmem  : 0xc0000000 - 0xef800000   ( 760 MB)
[    0.000000]     pkmap   : 0xbfe00000 - 0xc0000000   (   2 MB)
[    0.000000]     modules : 0xbf000000 - 0xbfe00000   (  14 MB)
[    0.000000]       .text : 0xc0208000 - 0xc0c8cb18   (10771 kB)
[    0.000000]       .init : 0xc0c8d000 - 0xc0d50000   ( 780 kB)
[    0.000000]       .data : 0xc0d50000 - 0xc0e36a20   ( 923 kB)
[    0.000000]        .bss : 0xc0e36a20 - 0xc0e838e8   ( 308 kB)
[    0.000000] SLUB: HWalign=64, Order=0-3, MinObjects=0, CPUs=2, Nodes=1
[    0.000000] Hierarchical RCU implementation.
[    0.000000] 	Additional per-CPU info printed with stalls.
[    0.000000] 	RCU restricting CPUs from NR_CPUS=8 to nr_cpu_ids=2.
[    0.000000] RCU: Adjusting geometry for rcu_fanout_leaf=16, nr_cpu_ids=2
[    0.000000] NR_IRQS:16 nr_irqs:16 16
[    0.000000] L2C: platform modifies aux control register: 0x02080000 -> 0x3e480001
[    0.000000] L2C: DT/platform modifies aux control register: 0x02080000 -> 0x3e480001
[    0.000000] L2C-310 errata 727915 769419 enabled
[    0.000000] L2C-310 enabling early BRESP for Cortex-A9
[    0.000000] L2C-310: enabling full line of zeros but not enabled in Cortex-A9
[    0.000000] L2C-310 ID prefetch enabled, offset 1 lines
[    0.000000] L2C-310 cache controller enabled, 8 ways, 1024 kB
[    0.000000] L2C-310: CACHE_ID 0x410000c4, AUX_CTRL 0x7e480001
[    0.000010] sched_clock: 32 bits at 1000kHz, resolution 1000ns, wraps every 2147483648000ns
[    0.000026] Switching to timer-based delay loop, resolution 1000ns
[    0.001363] Console: colour dummy device 80x30
[    0.001382] Calibrating delay loop (skipped), value calculated using timer frequency.. 2.00 BogoMIPS (lpj=5000)
[    0.001392] pid_max: default: 32768 minimum: 301
[    0.001488] Mount-cache hash table entries: 2048 (order: 1, 8192 bytes)
[    0.001497] Mountpoint-cache hash table entries: 2048 (order: 1, 8192 bytes)
[    0.001947] CPU: Testing write buffer coherency: ok
[    0.002114] CPU0: thread -1, cpu 0, socket 0, mpidr 80000000
[    0.002154] Setting up static identity map for 0x92fc90 - 0x92fd28
[    0.003311] Tegra Revision: A03 prime SKU: 8 CPU Process: 1 Core Process: 2
[    0.004293] CPU1: thread -1, cpu 1, socket 0, mpidr 80000001
[    0.004348] Brought up 2 CPUs
[    0.004359] SMP: Total of 2 processors activated (4.00 BogoMIPS).
[    0.004364] CPU: All CPU(s) started in SVC mode.
[    0.004719] devtmpfs: initialized
[    0.005425] VFP support v0.3: implementor 41 architecture 3 part 30 variant 9 rev 1
[    0.008627] pinctrl core: initialized pinctrl subsystem
[    0.013393] NET: Registered protocol family 16
[    0.015683] DMA: preallocated 256 KiB pool for atomic coherent allocations
[    0.029972] cpuidle: using governor ladder
[    0.044960] cpuidle: using governor menu
[    0.051708] platform 7000f800.fuse: Driver tegra20_fuse requests probe deferral
[    0.054587] No ATAGs?
[    0.054612] hw-breakpoint: found 5 (+1 reserved) breakpoint and 1 watchpoint registers.
[    0.054620] hw-breakpoint: maximum watchpoint size is 4 bytes.
[    0.056789] Serial: AMBA PL011 UART driver
[    0.082787] usb1_vbus: Failed to request enable GPIO170: -517
[    0.082864] reg-fixed-voltage regulators:regulator@2: Failed to register regulator: -517
[    0.082878] platform regulators:regulator@2: Driver reg-fixed-voltage requests probe deferral
[    0.086217] vgaarb: loaded
[    0.086715] SCSI subsystem initialized
[    0.086843] libata version 3.00 loaded.
[    0.087095] usbcore: registered new interface driver usbfs
[    0.087144] usbcore: registered new interface driver hub
[    0.087185] usbcore: registered new device driver usb
[    0.088854] Linux video capture interface: v2.00
[    0.088893] pps_core: LinuxPPS API ver. 1 registered
[    0.088899] pps_core: Software ver. 5.3.6 - Copyright 2005-2007 Rodolfo Giometti <giometti@linux.it>
[    0.088921] PTP clock support registered
[    0.089106] EDAC MC: Ver: 3.0.0
[    0.089504] Advanced Linux Sound Architecture Driver Initialized.
[    0.090357] Switched to clocksource timer_us
[    0.097602] NET: Registered protocol family 2
[    0.098090] TCP established hash table entries: 8192 (order: 3, 32768 bytes)
[    0.098153] TCP bind hash table entries: 8192 (order: 4, 65536 bytes)
[    0.098267] TCP: Hash tables configured (established 8192 bind 8192)
[    0.098338] TCP: reno registered
[    0.098350] UDP hash table entries: 512 (order: 2, 16384 bytes)
[    0.098398] UDP-Lite hash table entries: 512 (order: 2, 16384 bytes)
[    0.098560] NET: Registered protocol family 1
[    0.098770] RPC: Registered named UNIX socket transport module.
[    0.098778] RPC: Registered udp transport module.
[    0.098783] RPC: Registered tcp transport module.
[    0.098788] RPC: Registered tcp NFSv4.1 backchannel transport module.
[    0.098805] PCI: CLS 0 bytes, default 64
[    0.099560] hw perfevents: enabled with armv7_cortex_a9 PMU driver, 7 counters available
[    0.100568] futex hash table entries: 512 (order: 3, 32768 bytes)
[    0.108768] squashfs: version 4.0 (2009/01/31) Phillip Lougher
[    0.109394] NFS: Registering the id_resolver key type
[    0.109422] Key type id_resolver registered
[    0.109428] Key type id_legacy registered
[    0.109479] ntfs: driver 2.1.31 [Flags: R/O].
[    0.110325] bounce: pool size: 64 pages
[    0.110504] Block layer SCSI generic (bsg) driver version 0.4 loaded (major 249)
[    0.110518] io scheduler noop registered
[    0.110529] io scheduler deadline registered
[    0.110675] io scheduler cfq registered (default)
[    0.118404] tegra-pcie 80003000.pcie-controller: dual-mode configuration
[    0.118948] tegra-pcie 80003000.pcie-controller: probing port 0, using 2 lanes
[    0.200523] tegra-pcie 80003000.pcie-controller: PCI host bridge to bus 0000:00
[    0.200535] pci_bus 0000:00: root bus resource [mem 0xa0000000-0xa7ffffff]
[    0.200545] pci_bus 0000:00: root bus resource [mem 0xa8000000-0xbfffffff pref]
[    0.200554] pci_bus 0000:00: root bus resource [bus 00-ff]
[    0.200562] pci_bus 0000:00: root bus resource [io  0x1000-0xffff]
[    0.200590] pci 0000:00:01.0: [10de:0bf0] type 01 class 0x060000
[    0.200645] pci 0000:00:01.0: PME# supported from D0 D1 D2 D3hot D3cold
[    0.200830] PCI: bus0: Fast back to back transfers disabled
[    0.200841] pci 0000:00:01.0: bridge configuration invalid ([bus 00-00]), reconfiguring
[    0.200982] pci 0000:01:00.0: [10ec:8168] type 00 class 0x020000
[    0.201005] pci 0000:01:00.0: reg 0x10: [io  0x0000-0x00ff]
[    0.201028] pci 0000:01:00.0: reg 0x18: [mem 0x00000000-0x00000fff 64bit pref]
[    0.201045] pci 0000:01:00.0: reg 0x20: [mem 0x00000000-0x00003fff 64bit pref]
[    0.201058] pci 0000:01:00.0: reg 0x30: [mem 0x00000000-0x0001ffff pref]
[    0.201130] pci 0000:01:00.0: supports D1 D2
[    0.201139] pci 0000:01:00.0: PME# supported from D0 D1 D2 D3hot D3cold
[    0.210388] PCI: bus1: Fast back to back transfers disabled
[    0.210402] pci_bus 0000:01: busn_res: [bus 01-ff] end is updated to 01
[    0.210414] Disabling cpuidle LP2 state, since PCIe IRQs are in use
[    0.210467] pci 0000:00:01.0: BAR 8: assigned [mem 0xa0000000-0xa00fffff]
[    0.210480] pci 0000:00:01.0: BAR 9: assigned [mem 0xa8000000-0xa80fffff 64bit pref]
[    0.210490] pci 0000:00:01.0: BAR 7: assigned [io  0x1000-0x1fff]
[    0.210502] pci 0000:01:00.0: BAR 6: assigned [mem 0xa0000000-0xa001ffff pref]
[    0.210513] pci 0000:01:00.0: BAR 4: assigned [mem 0xa8000000-0xa8003fff 64bit pref]
[    0.210530] pci 0000:01:00.0: BAR 2: assigned [mem 0xa8004000-0xa8004fff 64bit pref]
[    0.210547] pci 0000:01:00.0: BAR 0: assigned [io  0x1000-0x10ff]
[    0.210558] pci 0000:00:01.0: PCI bridge to [bus 01]
[    0.210567] pci 0000:00:01.0:   bridge window [io  0x1000-0x1fff]
[    0.210576] pci 0000:00:01.0:   bridge window [mem 0xa0000000-0xa00fffff]
[    0.210584] pci 0000:00:01.0:   bridge window [mem 0xa8000000-0xa80fffff 64bit pref]
[    0.210604] pci 0000:00:01.0: nv_msi_ht_cap_quirk didn't locate host bridge
[    0.210666] pcieport 0000:00:01.0: enabling device (0140 -> 0143)
[    0.210824] pcieport 0000:00:01.0: Signaling PME through PCIe PME interrupt
[    0.210833] pci 0000:01:00.0: Signaling PME through PCIe PME interrupt
[    0.210843] pcie_pme 0000:00:01.0:pcie01: service driver pcie_pme loaded
[    0.213197] tegra-apbdma 6000a000.dma: Tegra20 APB DMA driver register 16 channels
[    0.259870] Serial: 8250/16550 driver, 4 ports, IRQ sharing disabled
[    0.261876] msm_serial: driver initialized
[    0.262536] console [ttyS0] disabled
[    0.262570] 70006000.serial: ttyS0 at MMIO 0x70006000 (irq = 279, base_baud = 13500000) is a Tegra
[    1.207038] console [ttyS0] enabled
[    1.211086] STMicroelectronics ASC driver initialized
[    1.217611] [drm] Initialized drm 1.1.0 20060810
[    1.223466] 54280000.hdmi supply hdmi not found, using dummy regulator
[    1.232578] [drm] Supports vblank timestamp caching Rev 2 (21.10.2013).
[    1.239202] [drm] No driver support for vblank timestamp query.
[    1.245134] drm drm: No connectors reported connected with modes
[    1.251140] [drm] Cannot find any crtc or sizes - going 1024x768
[    1.272766] Console: switching to colour frame buffer device 128x48
[    1.287438] drm drm: fb0:  frame buffer device
[    1.291878] drm drm: registered panic notifier
[    1.310368] [drm] Initialized tegra 0.0.0 20120330 on minor 0
[    1.320218] loop: module loaded
[    1.327005] m25p80 spi32766.0: found s25fl008k, expected w25q80bl
[    1.333102] m25p80 spi32766.0: s25fl008k (1024 Kbytes)
[    1.340020] CAN device driver interface
[    1.344678] igb: Intel(R) Gigabit Ethernet Network Driver - version 5.2.15-k
[    1.351721] igb: Copyright (c) 2007-2014 Intel Corporation.
[    1.357769] r8169 Gigabit Ethernet driver 2.3LK-NAPI loaded
[    1.363360] r8169 0000:01:00.0: enabling device (0140 -> 0143)
[    1.369769] r8169 0000:01:00.0 eth0: RTL8168d/8111d at 0xf005c000, 00:01:c0:13:7d:63, XID 081000c0 IRQ 296
[    1.379417] r8169 0000:01:00.0 eth0: jumbo features [frames: 9200 bytes, tx checksumming: ko]
[    1.388796] pegasus: v0.9.3 (2013/04/25), Pegasus/Pegasus II USB Ethernet driver
[    1.396237] usbcore: registered new interface driver pegasus
[    1.401949] usbcore: registered new interface driver asix
[    1.407386] usbcore: registered new interface driver ax88179_178a
[    1.413509] usbcore: registered new interface driver cdc_ether
[    1.419386] usbcore: registered new interface driver smsc75xx
[    1.425176] usbcore: registered new interface driver smsc95xx
[    1.430955] usbcore: registered new interface driver net1080
[    1.436646] usbcore: registered new interface driver cdc_subset
[    1.442603] usbcore: registered new interface driver zaurus
[    1.448246] usbcore: registered new interface driver cdc_ncm
[    1.454697] ehci_hcd: USB 2.0 'Enhanced' Host Controller (EHCI) Driver
[    1.461226] ehci-pci: EHCI PCI platform driver
[    1.465723] ehci-platform: EHCI generic platform driver
[    1.471098] ehci-omap: OMAP-EHCI Host Controller driver
[    1.476420] ehci-orion: EHCI orion driver
[    1.480527] SPEAr-ehci: EHCI SPEAr driver
[    1.484623] ehci-st: EHCI STMicroelectronics driver
[    1.489595] ehci-exynos: EHCI EXYNOS driver
[    1.493891] tegra-ehci: Tegra EHCI driver
[    1.498087] platform c5000000.usb: Driver tegra-ehci requests probe deferral
[    1.505206] platform c5004000.usb: Driver tegra-ehci requests probe deferral
[    1.512321] platform c5008000.usb: Driver tegra-ehci requests probe deferral
[    1.519418] ohci_hcd: USB 1.1 'Open' Host Controller (OHCI) Driver
[    1.525609] ohci-pci: OHCI PCI platform driver
[    1.530087] ohci-platform: OHCI generic platform driver
[    1.535448] ohci-omap3: OHCI OMAP3 driver
[    1.539544] SPEAr-ohci: OHCI SPEAr driver
[    1.543653] ohci-st: OHCI STMicroelectronics driver
[    1.548692] usbcore: registered new interface driver usb-storage
[    1.554880] platform c5000000.usb-phy: Driver tegra-phy requests probe deferral
[    1.562234] tegra-phy c5004000.usb-phy: no vbus regulator
[    1.568717] tegra-phy c5008000.usb-phy: no vbus regulator
[    1.575410] mousedev: PS/2 mouse device common for all mice
[    1.582829] rtc-em3027 2-0056: rtc core: registered rtc-em3027 as rtc0
[    1.590417] tegra_rtc 7000e000.rtc: rtc core: registered 7000e000.rtc as rtc1
[    1.597584] tegra_rtc 7000e000.rtc: Tegra internal Real Time Clock
[    1.604168] i2c /dev entries driver
[    1.609156] usbcore: registered new interface driver uvcvideo
[    1.614903] USB Video Class driver (1.1.1)
[    1.619005] gspca_main: v2.14.0 registered
[    1.626080] Driver 'mmcblk' needs updating - please use bus_type methods
[    1.632839] sdhci: Secure Digital Host Controller Interface driver
[    1.639013] sdhci: Copyright(c) Pierre Ossman
[    1.643968] Synopsys Designware Multimedia Card Interface Driver
[    1.650649] sdhci-pltfm: SDHCI platform and OF driver helper
[    1.657016] sdhci-tegra c8000000.sdhci: No vmmc regulator found
[    1.662938] sdhci-tegra c8000000.sdhci: No vqmmc regulator found
[    1.668939] mmc0: Invalid maximum block size, assuming 512 bytes
[    1.700376] mmc0: SDHCI controller on c8000000.sdhci [c8000000.sdhci] using ADMA
[    1.707867] sdhci-tegra c8000600.sdhci: Got CD GPIO
[    1.712766] sdhci-tegra c8000600.sdhci: Got WP GPIO
[    1.717781] sdhci-tegra c8000600.sdhci: No vmmc regulator found
[    1.723714] sdhci-tegra c8000600.sdhci: No vqmmc regulator found
[    1.729724] mmc1: Invalid maximum block size, assuming 512 bytes
[    1.765452] mmc1: SDHCI controller on c8000600.sdhci [c8000600.sdhci] using ADMA
[    1.773497] ledtrig-cpu: registered to indicate activity on CPUs
[    1.779672] usbcore: registered new interface driver usbhid
[    1.785247] usbhid: USB HID core driver
[    1.791639] usbcore: registered new interface driver snd-usb-audio
[    1.801334] tlv320aic23-codec 2-001a: Control not supported for path LLINEIN -> [NULL] -> Line Input
[    1.810468] tlv320aic23-codec 2-001a: ASoC: no dapm match for LLINEIN --> NULL --> Line Input
[    1.818987] tlv320aic23-codec 2-001a: ASoC: Failed to add route LLINEIN -> NULL -> Line Input
[    1.827510] tlv320aic23-codec 2-001a: Control not supported for path RLINEIN -> [NULL] -> Line Input
[    1.836636] tlv320aic23-codec 2-001a: ASoC: no dapm match for RLINEIN --> NULL --> Line Input
[    1.845154] tlv320aic23-codec 2-001a: ASoC: Failed to add route RLINEIN -> NULL -> Line Input
[    1.853675] tlv320aic23-codec 2-001a: Control not supported for path MICIN -> [NULL] -> Mic Input
[    1.862535] tlv320aic23-codec 2-001a: ASoC: no dapm match for MICIN --> NULL --> Mic Input
[    1.870795] tlv320aic23-codec 2-001a: ASoC: Failed to add route MICIN -> NULL -> Mic Input
[    1.879623] tegra-snd-trimslice sound: tlv320aic23-hifi <-> 70002800.i2s mapping ok
[    1.888907] TCP: cubic registered
[    1.892248] NET: Registered protocol family 17
[    1.896711] can: controller area network core (rev 20120528 abi 9)
[    1.902942] NET: Registered protocol family 29
[    1.907389] can: raw protocol (rev 20120528)
[    1.911658] can: broadcast manager protocol (rev 20120528 t)
[    1.912895] mmc0: host does not support reading read-only switch, assuming write-enable
[    1.914854] mmc0: new high speed SDHC card at address b368
[    1.915083] mmcblk0: mmc0:b368 NCard 3.70 GiB 
[    1.935214] can: netlink gateway (rev 20130117) max_hops=1
[    1.940996] Key type dns_resolver registered
[    1.945627] ThumbEE CPU extension supported.
[    1.949893] Registering SWP/SWPB emulation handler
[    1.957347] platform c5000000.usb: Driver tegra-ehci requests probe deferral
[    1.965246]  mmcblk0: p1
[    1.981560] ulpi_phy_power_on: ulpi write failed
[    1.986178] tegra-ehci c5004000.usb: Failed to power on the phy
[    1.992111] tegra-ehci: probe of c5004000.usb failed with error -110
[    2.001790] tegra-ehci c5008000.usb: EHCI Host Controller
[    2.007202] tegra-ehci c5008000.usb: new USB bus registered, assigned bus number 1
[    2.015003] tegra-ehci c5008000.usb: irq 290, io mem 0xc5008000
[    2.025387] tegra-ehci c5008000.usb: USB 2.0 started, EHCI 1.00
[    2.032073] hub 1-0:1.0: USB hub found
[    2.035869] hub 1-0:1.0: 1 port detected
[    2.043000] utmi_phy_clk_enable: timeout waiting for phy to stabilize
[    2.049467] tegra-ehci c5000000.usb: EHCI Host Controller
[    2.054885] tegra-ehci c5000000.usb: new USB bus registered, assigned bus number 2
[    2.062736] tegra-ehci c5000000.usb: irq 288, io mem 0xc5000000
[    2.075387] tegra-ehci c5000000.usb: USB 2.0 started, EHCI 1.00
[    2.082036] hub 2-0:1.0: USB hub found
[    2.085824] hub 2-0:1.0: 1 port detected
[    2.090975] input: gpio-keys as /devices/soc0/gpio-keys/input/input0
[    2.097956] rtc-em3027 2-0056: setting system clock to 2014-12-25 19:20:06 UTC (1419535206)
[    2.110603] ALSA device list:
[    2.113567]   #0: tegra-trimslice
[    2.118496] EXT4-fs (mmcblk0p1): mounting ext3 file system using the ext4 subsystem
[    2.207234] EXT4-fs (mmcblk0p1): recovery complete
[    2.212045] EXT4-fs (mmcblk0p1): mounted filesystem with ordered data mode. Opts: (null)
[    2.220152] VFS: Mounted root (ext3 filesystem) on device 179:1.
[    2.234282] devtmpfs: mounted
[    2.237970] Freeing unused kernel memory: 780K (c0c8d000 - c0d50000)
[    2.350437] usb 1-1: new high-speed USB device number 2 using tegra-ehci
bash: cannot set terminal process group (-1): Inappropriate ioctl for device
bash: no job control in this shell
[    2.486751] hub 1-1:1.0: USB hub found
[    2.490670] hub 1-1:1.0: 4 ports detected
root@(none):/# 