
U-Boot SPL 2014.07-00097-g772e173 (Jul 25 2014 - 20:02:52)


U-Boot 2014.07-00097-g772e173 (Jul 25 2014 - 20:02:52)

TEGRA124
Board: NVIDIA Jetson TK1
I2C:   ready
DRAM:  2 GiB
MMC:   Tegra SD/MMC: 0, Tegra SD/MMC: 1
In:    serial
Out:   serial
Err:   serial
Net:   Net Initialization Skipped
No ethernet found.
Hit any key to stop autoboot:  2  0 
Tegra124 (Jetson TK1) # 
Tegra124 (Jetson TK1) # usb reset
(Re)start USB...
USB0:   USB EHCI 1.10
scanning bus 0 for devices... 1 USB Device(s) found
USB1:   USB EHCI 1.10
scanning bus 1 for devices... 2 USB Device(s) found
       scanning usb for storage devices... 0 Storage Device(s) found
       scanning usb for ethernet devices... 
Warning: asx0 using MAC address from net device
1 Ethernet Device(s) found
Tegra124 (Jetson TK1) # setenv bootargs 'ignore_loglevel console=ttyS0,115200n8 rw root=/dev/mmcblk0p1 rootwait gpt debug noinitrd earlyprintk init=/bin/bash'
Tegra124 (Jetson TK1) # setenv ipaddr 192.168.100.102; setenv serverip 192.168.100.1; setenv tftpserverip 192.168.100.1
Tegra124 (Jetson TK1) # tftpboot 0x82000000 zImage.multi_v7_defconfig
Using asx0 device
TFTP from server 192.168.100.1; our IP address is 192.168.100.102
Filename 'zImage.multi_v7_defconfig'.
Load address: 0x82000000
Loading: *#################################################################
	 #################################################################
	 #################################################################
	 #################################################################
	 #################################################################
	 #################################################################
	 ####################################################
	 3.2 MiB/s
done
Bytes transferred = 6477184 (62d580 hex)
Tegra124 (Jetson TK1) # tftpboot 0x83000000 tegra124-jetson-tk1.dtb
Using asx0 device
TFTP from server 192.168.100.1; our IP address is 192.168.100.102
Filename 'tegra124-jetson-tk1.dtb'.
Load address: 0x83000000
Loading: *#####
	 3.2 MiB/s
done
Bytes transferred = 64138 (fa8a hex)
Tegra124 (Jetson TK1) # bootz 0x82000000 - 0x83000000
Kernel image @ 0x82000000 [ 0x000000 - 0x62d580 ]
## Flattened Device Tree blob at 83000000
   Booting using the fdt blob at 0x83000000
   Using Device Tree in place at 83000000, end 83012a89

Starting kernel ...

[    0.000000] Booting Linux on physical CPU 0x0
[    0.000000] Linux version 4.3.0-51166-gbd4f203 (pwalmsley@sellafield) (gcc version 4.7.3 20130328 (prerelease) (crosstool-NG linaro-1.13.1-4.7-2013.04-20130415 - Linaro GCC 2013.04) ) #1 SMP Wed Nov 11 13:12:25 PST 2015
[    0.000000] CPU: ARMv7 Processor [413fc0f3] revision 3 (ARMv7), cr=10c5387d
[    0.000000] CPU: PIPT / VIPT nonaliasing data cache, PIPT instruction cache
[    0.000000] Machine model: NVIDIA Tegra124 Jetson TK1
[    0.000000] debug: ignoring loglevel setting.
[    0.000000] cma: Reserved 64 MiB at 0xfb800000
[    0.000000] Memory policy: Data cache writealloc
[    0.000000] On node 0 totalpages: 524032
[    0.000000] free_area_init_node: node 0, pgdat c0f982c0, node_mem_map eeff8000
[    0.000000]   DMA zone: 1536 pages used for memmap
[    0.000000]   DMA zone: 0 pages reserved
[    0.000000]   DMA zone: 196608 pages, LIFO batch:31
[    0.000000]   HighMem zone: 327424 pages, LIFO batch:31
[    0.000000] PERCPU: Embedded 12 pages/cpu @eef8f000 s19136 r8192 d21824 u49152
[    0.000000] pcpu-alloc: s19136 r8192 d21824 u49152 alloc=12*4096
[    0.000000] pcpu-alloc: [0] 0 [0] 1 [0] 2 [0] 3 
[    0.000000] Built 1 zonelists in Zone order, mobility grouping on.  Total pages: 522496
[    0.000000] Kernel command line: ignore_loglevel console=ttyS0,115200n8 rw root=/dev/mmcblk0p1 rootwait gpt debug noinitrd earlyprintk init=/bin/bash
[    0.000000] PID hash table entries: 4096 (order: 2, 16384 bytes)
[    0.000000] Dentry cache hash table entries: 131072 (order: 7, 524288 bytes)
[    0.000000] Inode-cache hash table entries: 65536 (order: 6, 262144 bytes)
[    0.000000] Memory: 1998652K/2096128K available (8156K kernel code, 1032K rwdata, 3660K rodata, 1040K init, 340K bss, 31940K reserved, 65536K cma-reserved, 1244160K highmem)
[    0.000000] Virtual kernel memory layout:
[    0.000000]     vector  : 0xffff0000 - 0xffff1000   (   4 kB)
[    0.000000]     fixmap  : 0xffc00000 - 0xfff00000   (3072 kB)
[    0.000000]     vmalloc : 0xf0800000 - 0xff800000   ( 240 MB)
[    0.000000]     lowmem  : 0xc0000000 - 0xf0000000   ( 768 MB)
[    0.000000]     pkmap   : 0xbfe00000 - 0xc0000000   (   2 MB)
[    0.000000]     modules : 0xbf000000 - 0xbfe00000   (  14 MB)
[    0.000000]       .text : 0xc0208000 - 0xc0d932ac   (11821 kB)
[    0.000000]       .init : 0xc0d94000 - 0xc0e98000   (1040 kB)
[    0.000000]       .data : 0xc0e98000 - 0xc0f9a220   (1033 kB)
[    0.000000]        .bss : 0xc0f9d000 - 0xc0ff23a8   ( 341 kB)
[    0.000000] SLUB: HWalign=64, Order=0-3, MinObjects=0, CPUs=4, Nodes=1
[    0.000000] Hierarchical RCU implementation.
[    0.000000] 	Build-time adjustment of leaf fanout to 32.
[    0.000000] 	RCU restricting CPUs from NR_CPUS=16 to nr_cpu_ids=4.
[    0.000000] RCU: Adjusting geometry for rcu_fanout_leaf=32, nr_cpu_ids=4
[    0.000000] NR_IRQS:16 nr_irqs:16 16
[    0.000000] /interrupt-controller@60004000: 160 interrupts forwarded to /interrupt-controller@0,50041000
[    0.000000] L2C: failed to init: -19
[    0.000010] sched_clock: 32 bits at 1000kHz, resolution 1000ns, wraps every 2147483647500ns
[    0.000030] clocksource: timer_us: mask: 0xffffffff max_cycles: 0xffffffff, max_idle_ns: 1911260446275 ns
[    0.000044] Switching to timer-based delay loop, resolution 1000ns
[    0.004387] Architected cp15 timer(s) running at 12.00MHz (virt).
[    0.004406] clocksource: arch_sys_counter: mask: 0xffffffffffffff max_cycles: 0x2c47f4ee7, max_idle_ns: 440795202497 ns
[    0.004424] sched_clock: 56 bits at 12MHz, resolution 83ns, wraps every 4398046511096ns
[    0.004437] Switching to timer-based delay loop, resolution 83ns
[    0.004850] Console: colour dummy device 80x30
[    0.004873] Calibrating delay loop (skipped), value calculated using timer frequency.. 24.00 BogoMIPS (lpj=60000)
[    0.004888] pid_max: default: 32768 minimum: 301
[    0.004994] Mount-cache hash table entries: 2048 (order: 1, 8192 bytes)
[    0.005005] Mountpoint-cache hash table entries: 2048 (order: 1, 8192 bytes)
[    0.005591] CPU: Testing write buffer coherency: ok
[    0.005808] /cpus/cpu@0 missing clock-frequency property
[    0.005846] /cpus/cpu@1 missing clock-frequency property
[    0.005883] /cpus/cpu@2 missing clock-frequency property
[    0.005922] /cpus/cpu@3 missing clock-frequency property
[    0.005934] CPU0: thread -1, cpu 0, socket 0, mpidr 80000000
[    0.005976] Setting up static identity map for 0x80209000 - 0x80209098
[    0.008929] Tegra Revision: A01 SKU: 129 CPU Process: 1 SoC Process: 1
[    0.010210] CPU1: thread -1, cpu 1, socket 0, mpidr 80000001
[    0.010736] CPU2: thread -1, cpu 2, socket 0, mpidr 80000002
[    0.011253] CPU3: thread -1, cpu 3, socket 0, mpidr 80000003
[    0.011320] Brought up 4 CPUs
[    0.011341] SMP: Total of 4 processors activated (96.00 BogoMIPS).
[    0.011348] CPU: All CPU(s) started in SVC mode.
[    0.012778] devtmpfs: initialized
[    0.031017] VFP support v0.3: implementor 41 architecture 4 part 30 variant f rev 0
[    0.031793] clocksource: jiffies: mask: 0xffffffff max_cycles: 0xffffffff, max_idle_ns: 9556302231375000 ns
[    0.033428] pinctrl core: initialized pinctrl subsystem
[    0.035073] NET: Registered protocol family 16
[    0.037088] DMA: preallocated 256 KiB pool for atomic coherent allocations
[    0.049607] cpuidle: using governor ladder
[    0.064627] cpuidle: using governor menu
[    0.081160] No ATAGs?
[    0.081197] hw-breakpoint: found 5 (+1 reserved) breakpoint and 4 watchpoint registers.
[    0.081207] hw-breakpoint: maximum watchpoint size is 8 bytes.
[    0.085947] Serial: AMBA PL011 UART driver
[    0.115281] +USB0_VBUS_SW: Failed to request enable GPIO108: -517
[    0.115396] reg-fixed-voltage regulators:regulator@7: Failed to register regulator: -517
[    0.115615] +5V_USB_HS: Failed to request enable GPIO109: -517
[    0.115720] reg-fixed-voltage regulators:regulator@8: Failed to register regulator: -517
[    0.116019] +1.05V_RUN_AVDD_HDMI_PLL: Failed to request enable GPIO63: -517
[    0.116123] reg-fixed-voltage regulators:regulator@11: Failed to register regulator: -517
[    0.116339] +5V_HDMI_CON: Failed to request enable GPIO86: -517
[    0.116442] reg-fixed-voltage regulators:regulator@12: Failed to register regulator: -517
[    0.116654] +5V_SATA: Failed to request enable GPIO242: -517
[    0.116755] reg-fixed-voltage regulators:regulator@13: Failed to register regulator: -517
[    0.116971] +12V_SATA: Failed to request enable GPIO242: -517
[    0.117072] reg-fixed-voltage regulators:regulator@14: Failed to register regulator: -517
[    0.119947] vgaarb: loaded
[    0.120692] SCSI subsystem initialized
[    0.120875] libata version 3.00 loaded.
[    0.121169] usbcore: registered new interface driver usbfs
[    0.121234] usbcore: registered new interface driver hub
[    0.121295] usbcore: registered new device driver usb
[    0.124877] pps_core: LinuxPPS API ver. 1 registered
[    0.124887] pps_core: Software ver. 5.3.6 - Copyright 2005-2007 Rodolfo Giometti <giometti@linux.it>
[    0.124914] PTP clock support registered
[    0.125136] EDAC MC: Ver: 3.0.0
[    0.128239] clocksource: Switched to clocksource arch_sys_counter
[    0.139862] NET: Registered protocol family 2
[    0.140389] TCP established hash table entries: 8192 (order: 3, 32768 bytes)
[    0.140489] TCP bind hash table entries: 8192 (order: 4, 65536 bytes)
[    0.140675] TCP: Hash tables configured (established 8192 bind 8192)
[    0.140729] UDP hash table entries: 512 (order: 2, 16384 bytes)
[    0.140770] UDP-Lite hash table entries: 512 (order: 2, 16384 bytes)
[    0.140938] NET: Registered protocol family 1
[    0.141188] RPC: Registered named UNIX socket transport module.
[    0.141198] RPC: Registered udp transport module.
[    0.141205] RPC: Registered tcp transport module.
[    0.141212] RPC: Registered tcp NFSv4.1 backchannel transport module.
[    0.141233] PCI: CLS 0 bytes, default 64
[    0.142211] hw perfevents: enabled with armv7_cortex_a15 PMU driver, 7 counters available
[    0.143759] futex hash table entries: 1024 (order: 4, 65536 bytes)
[    0.155807] squashfs: version 4.0 (2009/01/31) Phillip Lougher
[    0.156734] NFS: Registering the id_resolver key type
[    0.156762] Key type id_resolver registered
[    0.156771] Key type id_legacy registered
[    0.156843] ntfs: driver 2.1.32 [Flags: R/O].
[    0.158287] bounce: pool size: 64 pages
[    0.158504] Block layer SCSI generic (bsg) driver version 0.4 loaded (major 249)
[    0.158523] io scheduler noop registered
[    0.158539] io scheduler deadline registered
[    0.158577] io scheduler cfq registered (default)
[    0.175329] tegra-pcie 1003000.pcie-controller: 2x1, 1x1 configuration
[    0.175381] tegra-pcie 1003000.pcie-controller: Failed to get supply 'avddio-pex': -517
[    0.182579] tegra-apbdma 60020000.dma: Tegra20 APB DMA driver register 32 channels
[    0.183964] tegra-pmc 7000e400.pmc: emergency thermal reset enabled
[    0.247765] Serial: 8250/16550 driver, 4 ports, IRQ sharing disabled
[    0.250165] SuperH (H)SCI(F) driver initialized
[    0.251099] msm_serial: driver initialized
[    0.251923] console [ttyS0] disabled
[    0.251958] 70006300.serial: ttyS0 at MMIO 0x70006300 (irq = 331, base_baud = 25500000) is a Tegra
[    1.070606] console [ttyS0] enabled
[    1.074924] STMicroelectronics ASC driver initialized
[    1.082364] [drm] Initialized drm 1.1.0 20060810
[    1.089343] tegra-hdmi 54280000.hdmi: failed to get HDMI regulator
[    1.103562] loop: module loaded
[    1.106996] at24 0-0056: 256 byte 24c02 EEPROM, writable, 8 bytes/write
[    1.114887] as3722 4-0040: AS3722 with revision 0x1 found
[    1.138187] +5V_SYS: supplied by +VDD_MUX
[    1.142268] +1.05V_RUN: supplied by +5V_SYS
[    1.146578] tegra-ahci 70027000.sata: Failed to get supply 'hvdd': -517
[    1.153270] tegra-ahci 70027000.sata: Failed to get regulators
[    1.164551] m25p80 spi32765.0: w25q32dw (4096 Kbytes)
[    1.169627] spi32765.0: 'partitions' subnode not found on /spi@0,7000da00/spi-flash@0. Trying to parse direct subnodes as partitions.
[    1.185005] CAN device driver interface
[    1.190233] igb: Intel(R) Gigabit Ethernet Network Driver - version 5.3.0-k
[    1.197199] igb: Copyright (c) 2007-2014 Intel Corporation.
[    1.206146] pegasus: v0.9.3 (2013/04/25), Pegasus/Pegasus II USB Ethernet driver
[    1.213600] usbcore: registered new interface driver pegasus
[    1.219341] usbcore: registered new interface driver asix
[    1.224803] usbcore: registered new interface driver ax88179_178a
[    1.230953] usbcore: registered new interface driver cdc_ether
[    1.236866] usbcore: registered new interface driver smsc75xx
[    1.242691] usbcore: registered new interface driver smsc95xx
[    1.248498] usbcore: registered new interface driver net1080
[    1.254218] usbcore: registered new interface driver cdc_subset
[    1.260204] usbcore: registered new interface driver zaurus
[    1.265881] usbcore: registered new interface driver cdc_ncm
[    1.271802] tegra-phy 7d004000.usb-phy: no vbus regulator
[    1.279157] ehci_hcd: USB 2.0 'Enhanced' Host Controller (EHCI) Driver
[    1.285696] ehci-pci: EHCI PCI platform driver
[    1.290197] ehci-platform: EHCI generic platform driver
[    1.295646] ehci-omap: OMAP-EHCI Host Controller driver
[    1.301024] ehci-orion: EHCI orion driver
[    1.305190] SPEAr-ehci: EHCI SPEAr driver
[    1.309360] ehci-st: EHCI STMicroelectronics driver
[    1.314400] ehci-exynos: EHCI EXYNOS driver
[    1.318763] ehci-atmel: EHCI Atmel driver
[    1.322918] tegra-ehci: Tegra EHCI driver
[    1.327262] tegra-ehci 7d004000.usb: EHCI Host Controller
[    1.332693] tegra-ehci 7d004000.usb: new USB bus registered, assigned bus number 1
[    1.340436] tegra-ehci 7d004000.usb: irq 348, io mem 0x7d004000
[    1.353261] tegra-ehci 7d004000.usb: USB 2.0 started, EHCI 1.10
[    1.360034] hub 1-0:1.0: USB hub found
[    1.363833] hub 1-0:1.0: 1 port detected
[    1.368368] ohci_hcd: USB 1.1 'Open' Host Controller (OHCI) Driver
[    1.374570] ohci-pci: OHCI PCI platform driver
[    1.379074] ohci-platform: OHCI generic platform driver
[    1.384484] ohci-omap3: OHCI OMAP3 driver
[    1.388649] SPEAr-ohci: OHCI SPEAr driver
[    1.392800] ohci-st: OHCI STMicroelectronics driver
[    1.397838] ohci-atmel: OHCI Atmel driver
[    1.402401] usbcore: registered new interface driver usb-storage
[    1.410000] mousedev: PS/2 mouse device common for all mice
[    1.419451] as3722-rtc as3722-rtc: rtc core: registered as3722-rtc as rtc0
[    1.426336] as3722-rtc as3722-rtc: RTC interrupt 371
[    1.434689] tegra_rtc 7000e000.rtc: rtc core: registered 7000e000.rtc as rtc1
[    1.441882] tegra_rtc 7000e000.rtc: Tegra internal Real Time Clock
[    1.448671] i2c /dev entries driver
[    1.457268] 0-004c supply vcc not found, using dummy regulator
[    1.469755] sdhci: Secure Digital Host Controller Interface driver
[    1.475955] sdhci: Copyright(c) Pierre Ossman
[    1.481987] Synopsys Designware Multimedia Card Interface Driver
[    1.489203] sdhci-pltfm: SDHCI platform and OF driver helper
[    1.495634] sdhci-tegra 700b0400.sdhci: Got CD GPIO
[    1.500546] sdhci-tegra 700b0400.sdhci: Got WP GPIO
[    1.505482] mmc0: Unknown controller version (3). You may experience problems.
[    1.512896] sdhci-tegra 700b0400.sdhci: No vmmc regulator found
[    1.518987] mmc0: Unknown controller version (3). You may experience problems.
[    1.526297] sdhci-tegra 700b0600.sdhci: No vmmc regulator found
[    1.532226] sdhci-tegra 700b0600.sdhci: No vqmmc regulator found
[    1.538237] mmc0: Invalid maximum block size, assuming 512 bytes
[    1.578259] mmc0: SDHCI controller on 700b0600.sdhci [700b0600.sdhci] using ADMA 64-bit
[    1.587873] ledtrig-cpu: registered to indicate activity on CPUs
[    1.594106] usbcore: registered new interface driver usbhid
[    1.599686] usbhid: USB HID core driver
[    1.610312] NET: Registered protocol family 10
[    1.615464] sit: IPv6 over IPv4 tunneling driver
[    1.620746] NET: Registered protocol family 17
[    1.622242] mmc0: MAN_BKOPS_EN bit is not set
[    1.625579] mmc0: new high speed MMC card at address 0001
[    1.626118] mmcblk0: mmc0:0001 SEM16G 14.6 GiB 
[    1.626367] mmcblk0boot0: mmc0:0001 SEM16G partition 1 4.00 MiB
[    1.626604] mmcblk0boot1: mmc0:0001 SEM16G partition 2 4.00 MiB
[    1.626833] mmcblk0rpmb: mmc0:0001 SEM16G partition 3 4.00 MiB
[    1.628835] Primary GPT is invalid, using alternate GPT.
[    1.628862]  mmcblk0: p1 p2 p3 p4 p5 p6 p7 p8 p9
[    1.667104] can: controller area network core (rev 20120528 abi 9)
[    1.673355] NET: Registered protocol family 29
[    1.677803] can: raw protocol (rev 20120528)
[    1.682092] can: broadcast manager protocol (rev 20120528 t)
[    1.687775] can: netlink gateway (rev 20130117) max_hops=1
[    1.693673] Key type dns_resolver registered
[    1.698600] ThumbEE CPU extension supported.
[    1.702880] Registering SWP/SWPB emulation handler
[    1.715379] tegra-pcie 1003000.pcie-controller: 2x1, 1x1 configuration
[    1.722286] +3.3V_SYS: supplied by +VDD_MUX
[    1.726560] +3.3V_LP0: supplied by +3.3V_SYS
[    1.731330] +1.35V_LP0(sd2): supplied by +5V_SYS
[    1.736084] +1.05V_RUN_AVDD: supplied by +1.35V_LP0(sd2)
[    1.743004] tegra-pcie 1003000.pcie-controller: probing port 0, using 2 lanes
[    1.752268] tegra-pcie 1003000.pcie-controller: Slot present pin change, signature: 00000008
[    2.180727] tegra-pcie 1003000.pcie-controller: link 0 down, retrying
[    2.609268] tegra-pcie 1003000.pcie-controller: link 0 down, retrying
[    3.037906] tegra-pcie 1003000.pcie-controller: link 0 down, retrying
[    3.046494] tegra-pcie 1003000.pcie-controller: link 0 down, ignoring
[    3.052983] tegra-pcie 1003000.pcie-controller: probing port 1, using 1 lanes
[    3.062240] tegra-pcie 1003000.pcie-controller: Slot present pin change, signature: 00000000
[    3.490788] tegra-pcie 1003000.pcie-controller: link 1 down, retrying
[    3.919141] tegra-pcie 1003000.pcie-controller: link 1 down, retrying
[    4.347319] tegra-pcie 1003000.pcie-controller: link 1 down, retrying
[    4.355904] tegra-pcie 1003000.pcie-controller: link 1 down, ignoring
[    4.362601] tegra-pcie 1003000.pcie-controller: PCI host bridge to bus 0000:00
[    4.369839] pci_bus 0000:00: root bus resource [mem 0x13000000-0x1fffffff]
[    4.376722] pci_bus 0000:00: root bus resource [mem 0x20000000-0x3fffffff pref]
[    4.384036] pci_bus 0000:00: root bus resource [bus 00-ff]
[    4.389527] pci_bus 0000:00: root bus resource [io  0x1000-0xffff]
[    4.395736] PCI: bus0: Fast back to back transfers enabled
[    4.402049] +5V_HDMI_CON: supplied by +5V_SYS
[    4.406552] +1.05V_RUN_AVDD_HDMI_PLL: supplied by +1.05V_RUN
[    4.412372] +3.3V_RUN: supplied by +3.3V_SYS
[    4.416687] +3.3V_AVDD_HDMI_AP_GATED: supplied by +3.3V_RUN
[    4.424803] [drm] Supports vblank timestamp caching Rev 2 (21.10.2013).
[    4.431490] [drm] No driver support for vblank timestamp query.
[    4.537683] tegra-hdmi 54280000.hdmi: cannot set audio to 44100 at 297000000 pclk
[    4.647293] Console: switching to colour frame buffer device 512x135
[    4.741759] drm drm: fb0:  frame buffer device
[    4.763376] [drm] Initialized tegra 0.0.0 20120330 on minor 0
[    4.770430] +5V_SATA: supplied by +5V_SYS
[    4.774672] +12V_SATA: supplied by +VDD_MUX
[    4.779600] tegra-ahci 70027000.sata: AHCI 0001.0301 32 slots 2 ports 3 Gbps 0x1 impl platform mode
[    4.788674] tegra-ahci 70027000.sata: flags: 64bit ncq sntf pm led pio slum part sadm sds apst 
[    4.799963] scsi host0: tegra-ahci
[    4.804305] scsi host1: tegra-ahci
[    4.808041] ata1: SATA max UDMA/133 mmio [mem 0x70027000-0x70028fff] port 0x100 irq 341
[    4.816076] ata2: DUMMY
[    4.819699] +5V_USB_HS: supplied by +5V_SYS
[    4.825392] tegra-ehci 7d008000.usb: EHCI Host Controller
[    4.830846] tegra-ehci 7d008000.usb: new USB bus registered, assigned bus number 2
[    4.838645] tegra-ehci 7d008000.usb: irq 349, io mem 0x7d008000
[    4.853397] tegra-ehci 7d008000.usb: USB 2.0 started, EHCI 1.10
[    4.860556] hub 2-0:1.0: USB hub found
[    4.864406] hub 2-0:1.0: 1 port detected
[    4.869891] dev_pm_opp_of_cpumask_add_table: couldn't find opp table for cpu:0, -19
[    4.877676] cpufreq: cpufreq_online: CPU0: Running at unlisted freq: 696000 KHz
[    4.885045] cpufreq: cpufreq_online: CPU0: Unlisted initial frequency changed to: 714000 KHz
[    4.894235] sdhci-tegra 700b0400.sdhci: Got CD GPIO
[    4.899142] sdhci-tegra 700b0400.sdhci: Got WP GPIO
[    4.904068] mmc1: Unknown controller version (3). You may experience problems.
[    4.911396] +VDDIO_SDMMC3: supplied by +3.3V_RUN
[    4.916069] sdhci-tegra 700b0400.sdhci: No vmmc regulator found
[    4.922007] mmc1: Invalid maximum block size, assuming 512 bytes
[    4.963541] mmc1: SDHCI controller on 700b0400.sdhci [700b0400.sdhci] using ADMA 64-bit
[    4.972222] input: gpio-keys as /devices/soc0/gpio-keys/input/input0
[    4.979406] as3722-rtc as3722-rtc: setting system clock to 2000-01-01 00:00:18 UTC (946684818)
[    4.991818] +1.8V_RUN_CAM: disabling
[    4.995602] +2.8V_RUN_CAM: disabling
[    4.999386] +1.2V_RUN_CAM_FRONT: disabling
[    5.003695] +1.05V_RUN_CAM_REAR: disabling
[    5.007949] +3.3V_RUN_TOUCH: disabling
[    5.011859] +2.8V_RUN_CAM_AF: disabling
[    5.015858] +1.8V_RUN_VPP_FUSE: disabling
[    5.020030] +USB0_VBUS_SW: disabling
[    5.148360] ata1: SATA link down (SStatus 0 SControl 300)
[    5.155014] EXT4-fs (mmcblk0p1): couldn't mount as ext3 due to feature incompatibilities
[    5.163878] EXT4-fs (mmcblk0p1): couldn't mount as ext2 due to feature incompatibilities
[    5.178297] usb 2-1: new high-speed USB device number 2 using tegra-ehci
[    5.189417] EXT4-fs (mmcblk0p1): recovery complete
[    5.194268] EXT4-fs (mmcblk0p1): mounted filesystem with ordered data mode. Opts: (null)
[    5.202412] VFS: Mounted root (ext4 filesystem) on device 179:1.
[    5.212811] devtmpfs: mounted
[    5.216453] Freeing unused kernel memory: 1040K (c0d94000 - c0e98000)
bash: cannot set terminal process group (-1): Inappropriate ioctl for device
bash: no job control in this shell
root@(none):/# 