

U-Boot 2015.04-00466-gedec83e90172 (Mar 14 2016 - 10:42:01)

TEGRA124
Model: Acer Chromebook 13 CB5-311
DRAM:  4 GiB
C:   Tegra SD/MMC: 0, Tegra SD/MMC: 1, Tegra SD/MMC: 2
MMC init failed
Using default environment

In:    serial
Out:   serial
Err:   serial
Net:   Net Initialization Skipped
No ethernet found.
Hit any key to stop autoboot:  2  0 
Tegra124 (Nyan-big) # 
Tegra124 (Nyan-big) # usb start
starting USB...
USB0:   USB EHCI 1.10
scanning bus 0 for devices... 2 USB Device(s) found
USB1:   USB EHCI 1.10
scanning bus 1 for devices... 2 USB Device(s) found
       scanning usb for storage devices... 1 Storage Device(s) found
       scanning usb for ethernet devices... 
Warning: asx0 using MAC address from net device
1 Ethernet Device(s) found
Tegra124 (Nyan-big) # setenv bootargs 'ignore_loglevel console=ttyS0,115200n8 rw root=PARTUUID=4d36e82a-b3c0-4b4b-bfcd-afe5217ac023 rootwait gpt debug noinitrd earlyprintk init=/bin/bash'
Tegra124 (Nyan-big) # setenv ipaddr 192.168.100.102; setenv serverip 192.168.100.1; setenv tftpserverip 192.168.100.1
Tegra124 (Nyan-big) # tftpboot 0x82000000 zImage.tegra_defconfig
Using asx0 device
TFTP from server 192.168.100.1; our IP address is 192.168.100.102
Filename 'zImage.tegra_defconfig'.
Load address: 0x82000000
Loading: *#################################################################
	 #################################################################
	 #################################################################
	 #################################################################
	 #################################################################
	 ##########################################
	 3.5 MiB/s
done
Bytes transferred = 5378336 (521120 hex)
Tegra124 (Nyan-big) # tftpboot 0x83000000 tegra124-nyan-big.dtb
Using asx0 device
TFTP from server 192.168.100.1; our IP address is 192.168.100.102
Filename 'tegra124-nyan-big.dtb'.
Load address: 0x83000000
Loading: *#####
	 3.4 MiB/s
done
Bytes transferred = 66901 (10555 hex)
Tegra124 (Nyan-big) # bootz 0x82000000 - 0x83000000
Kernel image @ 0x82000000 [ 0x000000 - 0x521120 ]
## Flattened Device Tree blob at 83000000
   Booting using the fdt blob at 0x83000000
   Using Device Tree in place at 83000000, end 83013554

Starting kernel ...

[    2.415478] console [ttyS0] enabled
[    2.418954] bootconsole [earlycon0] disabled
[    2.424284] [drm] Initialized drm 1.1.0 20060810
[    2.429617] tegra-hdmi 54280000.hdmi: failed to get HDMI regulator
[    2.436217] tegra-dpaux 545c0000.dpaux: failed to get VDD supply: -517
[    2.443509] panel supply power not found, using dummy regulator
[    2.484915] loop: module loaded
[    2.488672] as3722 4-0040: AS3722 with revision 0x1 found
[    2.498886] as3722-sd2: supplied by +5V_SYS
[    2.503395] as3722-sd3: supplied by +5V_SYS
[    2.507746] +1.35V_LP0(sd3): Bringing 0uV into 1350000-1350000uV
[    2.514008] as3722-sd4: supplied by +5V_SYS
[    2.518352] +1.05V_RUN: Bringing 0uV into 1050000-1050000uV
[    2.524180] as3722-sd5: supplied by +5V_SYS
[    2.529968] as3722-ldo0: supplied by +1.35V_LP0(sd2)
[    2.535806] +1.8V_RUN_CAM: Bringing 0uV into 1800000-1800000uV
[    2.541915] as3722-ldo2: supplied by +1.8V_VDDIO
[    2.547644] as3722-ldo3: supplied by +3.3V_SYS
[    2.552095] +1.00V_LP0_VDD_RTC: Bringing 1100000uV into 1000000-1000000uV
[    2.559762] as3722-ldo4: supplied by +3.3V_SYS
[    2.564359] +3.3V_RUN_CAM: Bringing 0uV into 2800000-2800000uV
[    2.570471] as3722-ldo5: supplied by +1.8V_VDDIO
[    2.575254] +1.2V_RUN_CAM_FRONT: Bringing 0uV into 1200000-1200000uV
[    2.582038] +VDDIO_SDMMC3: Bringing 0uV into 1800000-1800000uV
[    2.588172] as3722-ldo7: supplied by +1.8V_VDDIO
[    2.592945] +1.05V_RUN_CAM_REAR: Bringing 0uV into 1050000-1050000uV
[    2.599595] as3722-ldo9: supplied by +5V_SYS
[    2.604167] +2.8V_RUN_TOUCH: Bringing 0uV into 2800000-2800000uV
[    2.610470] as3722-ldo10: supplied by +5V_SYS
[    2.614990] +2.8V_RUN_CAM_AF: Bringing 0uV into 2800000-2800000uV
[    2.621529] +1.8V_RUN_VPP_FUSE: Bringing 0uV into 1800000-1800000uV
[    2.661821] cros-ec-spi spi32766.0: Chrome EC device registered
[    2.677136] m25p80 spi32765.0: w25q32dw (4096 Kbytes)
[    2.683356] CAN device driver interface
[    2.687226] igb: Intel(R) Gigabit Ethernet Network Driver - version 5.3.0-k
[    2.694168] igb: Copyright (c) 2007-2014 Intel Corporation.
[    2.699838] pegasus: v0.9.3 (2013/04/25), Pegasus/Pegasus II USB Ethernet driver
[    2.707275] usbcore: registered new interface driver pegasus
[    2.712971] usbcore: registered new interface driver asix
[    2.718403] usbcore: registered new interface driver ax88179_178a
[    2.724519] usbcore: registered new interface driver cdc_ether
[    2.730398] usbcore: registered new interface driver smsc75xx
[    2.736193] usbcore: registered new interface driver smsc95xx
[    2.741961] usbcore: registered new interface driver net1080
[    2.747653] usbcore: registered new interface driver cdc_subset
[    2.753594] usbcore: registered new interface driver zaurus
[    2.759216] usbcore: registered new interface driver cdc_ncm
[    2.764970] ehci_hcd: USB 2.0 'Enhanced' Host Controller (EHCI) Driver
[    2.771479] ehci-pci: EHCI PCI platform driver
[    2.775961] tegra-ehci: Tegra EHCI driver
[    2.780298] usbcore: registered new interface driver cdc_acm
[    2.785949] cdc_acm: USB Abstract Control Model driver for USB modems and ISDN adapters
[    2.793972] usbcore: registered new interface driver cdc_wdm
[    2.799677] usbcore: registered new interface driver usb-storage
[    2.805942] mousedev: PS/2 mouse device common for all mice
[    2.811815] input: cros_ec as /devices/soc0/7000d400.spi/spi_master/spi32766/spi32766.0/7000d400.spi:cros-ec@0:keyboard-controller/input/input0
[    2.826749] as3722-rtc as3722-rtc: rtc core: registered as3722-rtc as rtc0
[    2.833608] as3722-rtc as3722-rtc: RTC interrupt 370
[    2.840443] tegra_rtc 7000e000.rtc: rtc core: registered 7000e000.rtc as rtc1
[    2.847600] tegra_rtc 7000e000.rtc: Tegra internal Real Time Clock
[    2.853903] i2c /dev entries driver
[    2.858148] usbcore: registered new interface driver uvcvideo
[    2.863877] USB Video Class driver (1.1.1)
[    2.867969] gspca_main: v2.14.0 registered
[    2.872355] 0-004c supply vcc not found, using dummy regulator
[    2.880130] tegra-wdt 60005000.timer: initialized (heartbeat = 120 sec, nowayout = 0)
[    2.888558] sdhci: Secure Digital Host Controller Interface driver
[    2.894733] sdhci: Copyright(c) Pierre Ossman
[    2.899076] sdhci-pltfm: SDHCI platform and OF driver helper
[    2.904878] sdhci-tegra 700b0000.sdhci: allocated mmc-pwrseq
[    2.910537] mmc0: Unknown controller version (3). You may experience problems.
[    2.917931] sdhci-tegra 700b0400.sdhci: Got CD GPIO
[    2.922802] sdhci-tegra 700b0400.sdhci: Got WP GPIO
[    2.927699] mmc0: Unknown controller version (3). You may experience problems.
[    2.935051] mmc0: Unknown controller version (3). You may experience problems.
[    2.942289] mmc0: Invalid maximum block size, assuming 512 bytes
[    2.984631] mmc0: SDHCI controller on 700b0600.sdhci [700b0600.sdhci] using ADMA 64-bit
[    2.995171] usbcore: registered new interface driver usbhid
[    3.003793] usbhid: USB HID core driver
[    3.014651] tegra30-i2s 70301100.i2s: DMA channels sourced from device 70300000.ahub
[    3.045079] max98090 0-0010: MAX98090 REVID=0x43
[    3.052442] max98090 0-0010: use default 2.8v micbias
[    3.055110] mmc0: new high speed MMC card at address 0001
[    3.065427] tegra-snd-max98090 sound: HiFi <-> 70301100.i2s mapping ok
[    3.065590] mmcblk0: mmc0:0001 MMC16G 14.4 GiB 
[    3.065800] mmcblk0boot0: mmc0:0001 MMC16G partition 1 2.00 MiB
[    3.076000] mmcblk0boot1: mmc0:0001 MMC16G partition 2 2.00 MiB
[    3.076172] mmcblk0rpmb: mmc0:0001 MMC16G partition 3 128 KiB
[    3.079427]  mmcblk0: p1 p2 p3 p4 p5 p6 p7 p8 p9 p10 p11 p12
[    3.101036] input: GoogleNyanBig Headphones as /devices/soc0/sound/sound/card1/input1
[    3.109138] input: GoogleNyanBig Mic Jack as /devices/soc0/sound/sound/card1/input2
[    3.354602] NET: Registered protocol family 10
[    3.484615] mip6: Mobile IPv6
[    3.487574] sit: IPv6 over IPv4 tunneling driver
[    3.493233] NET: Registered protocol family 17
[    3.497691] NET: Registered protocol family 15
[    3.502121] can: controller area network core (rev 20120528 abi 9)
[    3.534644] NET: Registered protocol family 29
[    3.535367] input: tegra-hda HDMI/DP,pcm=3 as /devices/soc0/70030000.hda/sound/card0/input3
[    3.547412] can: raw protocol (rev 20120528)
[    3.551669] can: broadcast manager protocol (rev 20120528 t)
[    3.557324] can: netlink gateway (rev 20130117) max_hops=1
[    3.584648] Bluetooth: RFCOMM socket layer initialized
[    3.589776] Bluetooth: RFCOMM ver 1.11
[    3.593516] Bluetooth: BNEP (Ethernet Emulation) ver 1.3
[    3.598849] Bluetooth: BNEP socket layer initialized
[    3.603799] Bluetooth: HIDP (Human Interface Emulation) ver 1.2
[    3.609714] Bluetooth: HIDP socket layer initialized
[    3.614812] Key type dns_resolver registered
[    3.619536] Registering SWP/SWPB emulation handler
[    3.625861] +3.3V_RUN: supplied by +3.3V_SYS
[    3.630491] +3.3V_AVDD_HDMI_AP_GATED: supplied by +3.3V_RUN
[    3.636097] +1.8V_RUN_CAM: supplied by +3.3V_RUN
[    3.640740] +VDDIO_SDMMC3: supplied by +3.3V_RUN
[    3.645486] +1.8V_RUN_VPP_FUSE: supplied by +3.3V_RUN
[    3.650661] +VDD_LED: supplied by +VDD_MUX
[    3.655114] +5V_VDD_TS_SW: supplied by +5V_SYS
[    3.659766] +5V_USB_HS: supplied by +5V_SYS
[    3.664150] +5V_USB_SS: supplied by +5V_SYS
[    3.669142] +3.3V_PANEL: supplied by +3.3V_RUN
[    3.674168] +3.3V_LP0: supplied by +3.3V_SYS
[    3.679055] +1.05V_RUN_AVDD_HDMI_PLL: supplied by +1.05V_RUN
[    3.684944] +5V_HDMI_CON: supplied by +5V_SYS
[    3.690414] usb3-0 supply vbus not found, using dummy regulator
[    3.696408] usb3-1 supply vbus not found, using dummy regulator
[    3.704617] tegra-sor 54540000.sor: failed to probe output: -517
[    3.710762] panel supply power not found, using dummy regulator
[    3.718607] tegra-xusb 70090000.usb: Direct firmware load for nvidia/tegra124/xusb.bin failed with error -2
[    3.728344] tegra-xusb 70090000.usb: failed to request firmware: -2
[    3.734644] tegra-xusb 70090000.usb: failed to load firmware: -2
[    3.741741] tegra-xusb: probe of 70090000.usb failed with error -2
[    3.748488] sdhci-tegra 700b0000.sdhci: allocated mmc-pwrseq
[    3.754153] mmc1: Unknown controller version (3). You may experience problems.
[    3.761583] mmc1: Invalid maximum block size, assuming 512 bytes
[    3.768227] +1.8V_VDDIO: voltage operation not allowed
[    3.773357] mmc1: Switching to 3.3V signalling voltage failed
[    3.814734] mmc1: SDHCI controller on 700b0000.sdhci [700b0000.sdhci] using ADMA 64-bit
[    3.823054] sdhci-tegra 700b0400.sdhci: Got CD GPIO
[    3.830080] sdhci-tegra 700b0400.sdhci: Got WP GPIO
[    3.838046] mmc2: Unknown controller version (3). You may experience problems.
[    3.845486] mmc2: Invalid maximum block size, assuming 512 bytes
[    3.883966] mmc1: new high speed SDIO card at address 0001
[    3.894775] mmc2: SDHCI controller on 700b0400.sdhci [700b0400.sdhci] using ADMA 64-bit
[    3.999833] [drm] Supports vblank timestamp caching Rev 2 (21.10.2013).
[    4.006462] [drm] No driver support for vblank timestamp query.
[    4.046784] mmc2: new high speed SDHC card at address 0007
[    4.047450] mmcblk2: mmc2:0007 SD08G 7.42 GiB 
[    4.056711] GPT:Primary header alternate_lba != Alt. header my_lba
[    4.056714] GPT:3014591 != 15564799
[    4.056716] GPT:Primary header thinks Alt. header is not at the end of the disk.
[    4.056717] GPT:3014591 != 15564799
[    4.056718] GPT: Use GNU Parted to correct GPT errors.
[    4.056744]  mmcblk2: p1 p2 p3 p4 p5 p6 p7 p8 p9 p10 p11 p12
[    4.068123] Console: switching to colour frame buffer device 170x48
[    4.119518] drm drm: fb0:  frame buffer device
[    4.144694] [drm] Initialized tegra 0.0.0 20120330 on minor 0
[    4.151216] input: gpio-keys as /devices/soc0/gpio-keys/input/input4
[    4.158742] as3722-rtc as3722-rtc: setting system clock to 2016-01-11 09:17:26 UTC (1452503846)
[    4.173050] +1.8V_RUN_CAM: disabling
[    4.176854] +1.2V_RUN_CAM_FRONT: disabling
[    4.181108] +1.05V_RUN_CAM_REAR: disabling
[    4.185385] +2.8V_RUN_TOUCH: disabling
[    4.189288] +2.8V_RUN_CAM_AF: disabling
[    4.193241] +1.8V_RUN_VPP_FUSE: disabling
[    4.197431] +5V_VDD_TS_SW: disabling
[    4.201002] +5V_USB_HS: disabling
[    4.204307] +5V_USB_SS: disabling
[    4.207828] ALSA device list:
[    4.210794]   #0: tegra-hda at 0x70038000 irq 341
[    4.215520]   #1: GoogleNyanBig
[    4.219452] EXT4-fs (mmcblk0p3): couldn't mount as ext3 due to feature incompatibilities
[    4.654949] EXT4-fs (mmcblk0p3): recovery complete
[    4.660544] EXT4-fs (mmcblk0p3): mounted filesystem with ordered data mode. Opts: (null)
[    4.668682] VFS: Mounted root (ext4 filesystem) on device 179:3.
[    4.675834] devtmpfs: mounted
[    4.679238] Freeing unused kernel memory: 1024K (c0b00000 - c0c00000)
bash: cannot set terminal process group (-1): Inappropriate ioctl for device
bash: no job control in this shell
root@(none):/# mount -t sysfs none /sys
root@(none):/# 
root@(none):/# mount -t debugfs none /sys/kernel/debug
root@(none):/# 
root@(none):/# rtcwake -d rtc1 -m mem -s 3
rtcwake: assuming RTC uses UTC ...
rtcwake: wakeup from "mem" using /dev/rtc1 at Thu Jan  1 00:00:52 1970
[   31.823219] PM: Syncing filesystems ... done.
[   31.832845] Freezing user space processes ... [   31.837307] Freezing remaining freezable tasks ... (elapsed 0.004 seconds) done.
[   31.842252] Suspending console(s) (use no_console_suspend to debug)
(elapsed 0.004 seconds) done.
[   32.016021] PM: suspend of devices complete after 164.218 msecs
[   32.016624] PM: late suspend of devices complete after 0.598 msecs
[   32.017194] PM: noirq suspend of devices complete after 0.567 msecs
[   32.017196] Disabling non-boot CPUs ...
[   32.065029] CPU1: shutdown
[   32.125009] CPU2: shutdown
[   32.184813] IRQ17 no longer affine to CPU3
[   32.184985] CPU3: shutdown
[   32.215414] Entering suspend state LP1
[   32.215441] Enabling non-boot CPUs ...
[   32.265751] CPU1 is up
[   32.315907] CPU2 is up
[   32.366144] CPU3 is up
[   32.366533] PM: noirq resume of devices complete after 0.385 msecs
[   32.367469] PM: early resume of devices complete after 0.615 msecs
[   32.398477] +1.8V_VDDIO: voltage operation not allowed
[   32.398481] mmc1: Switching to 3.3V signalling voltage failed
[   32.468773] PM: resume of devices complete after 101.292 msecs
[   32.550273] Restarting tasks ... done.
root@(none):/# 
root@(none):/# rtcwake -d rtc1 -m mem -s 3
rtcwake: assuming RTC uses UTC ...
rtcwake: wakeup from "mem" using /dev/rtc1 at Thu Jan  1 00:00:56 1970
[   32.935483] PM: Syncing filesystems ... done.
[   32.945143] Freezing user space processes ... (elapsed 0.001 seconds) done.
[   32.953316] Freezing remaining freezable tasks ... (elapsed 0.001 seconds) done.
[   32.962008] Suspending console(s) (use no_console_suspend to debug)
[   33.146038] PM: suspend of devices complete after 177.232 msecs
[   33.147161] PM: late suspend of devices complete after 1.113 msecs
[   33.147824] PM: noirq suspend of devices complete after 0.659 msecs
[   33.147826] Disabling non-boot CPUs ...
[   33.184925] CPU1: shutdown
[   33.264929] CPU2: shutdown
[   33.324730] IRQ17 no longer affine to CPU3
[   33.324898] CPU3: shutdown
[   33.355385] Entering suspend state LP1
[   33.355398] Enabling non-boot CPUs ...
[   33.405725] CPU1 is up
[   33.455876] CPU2 is up
[   33.506114] CPU3 is up
[   33.506527] PM: noirq resume of devices complete after 0.408 msecs
[   33.507542] PM: early resume of devices complete after 0.691 msecs
[   33.538840] +1.8V_VDDIO: voltage operation not allowed
[   33.538844] mmc1: Switching to 3.3V signalling voltage failed
[   33.606830] PM: resume of devices complete after 99.277 msecs
[   33.685556] Restarting tasks ... done.
root@(none):/# 
root@(none):/# rtcwake -d rtc1 -m mem -s 3
rtcwake: assuming RTC uses UTC ...
rtcwake: wakeup from "mem" using /dev/rtc1 at Thu Jan  1 00:01:00 1970
[   34.075038] PM: Syncing filesystems ... done.
[   34.084667] Freezing user space processes ... (elapsed 0.001 seconds) done.
[   34.092835] Freezing remaining freezable tasks ... (elapsed 0.001 seconds) done.
[   34.101533] Suspending console(s) (use no_console_suspend to debug)
[   34.286012] PM: suspend of devices complete after 177.682 msecs
[   34.287130] PM: late suspend of devices complete after 1.109 msecs
[   34.287793] PM: noirq suspend of devices complete after 0.658 msecs
[   34.287795] Disabling non-boot CPUs ...
[   34.324914] CPU1: shutdown
[   34.384903] CPU2: shutdown
[   34.444862] CPU3: shutdown
[   34.475355] Entering suspend state LP1
[   34.475369] Enabling non-boot CPUs ...
[   34.515697] CPU1 is up
[   34.565847] CPU2 is up
[   34.616079] CPU3 is up
[   34.616461] PM: noirq resume of devices complete after 0.377 msecs
[   34.617516] PM: early resume of devices complete after 0.732 msecs
[   34.649269] +1.8V_VDDIO: voltage operation not allowed
[   34.649294] mmc1: Switching to 3.3V signalling voltage failed
[   34.716103] PM: resume of devices complete after 98.576 msecs
[   34.790633] Restarting tasks ... done.
root@(none):/# 
root@(none):/# rtcwake -d rtc1 -m mem -s 3
rtcwake: assuming RTC uses UTC ...
rtcwake: wakeup from "mem" using /dev/rtc1 at Thu Jan  1 00:01:04 1970
[   35.194780] PM: Syncing filesystems ... done.
[   35.204369] Freezing user space processes ... [   35.208837] Freezing remaining freezable tasks ... (elapsed 0.004 seconds) done.
[   35.213747] Suspending console(s) (use no_console_suspend to debug)
(elapsed 0.004 seconds) done.
[   35.395933] PM: suspend of devices complete after 172.661 msecs
[   35.396746] PM: late suspend of devices complete after 0.803 msecs
[   35.397419] PM: noirq suspend of devices complete after 0.668 msecs
[   35.397421] Disabling non-boot CPUs ...
[   35.424744] IRQ17 no longer affine to CPU1
[   35.424904] CPU1: shutdown
[   35.504875] CPU2: shutdown
[   35.564843] CPU3: shutdown
[   35.595332] Entering suspend state LP1
[   35.595345] Enabling non-boot CPUs ...
[   35.645680] CPU1 is up
[   35.695829] CPU2 is up
[   35.746060] CPU3 is up
[   35.746439] PM: noirq resume of devices complete after 0.374 msecs
[   35.747369] PM: early resume of devices complete after 0.604 msecs
[   35.778760] +1.8V_VDDIO: voltage operation not allowed
[   35.778765] mmc1: Switching to 3.3V signalling voltage failed
[   35.846513] PM: resume of devices complete after 99.133 msecs
[   35.927878] Restarting tasks ... done.
root@(none):/# 
root@(none):/# rtcwake -d rtc1 -m mem -s 3
rtcwake: assuming RTC uses UTC ...
rtcwake: wakeup from "mem" using /dev/rtc1 at Thu Jan  1 00:01:08 1970
[   36.314872] PM: Syncing filesystems ... done.
[   36.324452] Freezing user space processes ... [   36.328926] Freezing remaining freezable tasks ... (elapsed 0.004 seconds) done.
[   36.333859] Suspending console(s) (use no_console_suspend to debug)
(elapsed 0.004 seconds) done.
[   36.515964] PM: suspend of devices complete after 172.593 msecs
[   36.517089] PM: late suspend of devices complete after 1.115 msecs
[   36.517754] PM: noirq suspend of devices complete after 0.660 msecs
[   36.517756] Disabling non-boot CPUs ...
[   36.544857] CPU1: shutdown
[   36.604854] CPU2: shutdown
[   36.664817] CPU3: shutdown
[   36.695311] Entering suspend state LP1
[   36.695325] Enabling non-boot CPUs ...
[   36.745657] CPU1 is up
[   36.795799] CPU2 is up
[   36.846043] CPU3 is up
[   36.846423] PM: noirq resume of devices complete after 0.375 msecs
[   36.847706] PM: early resume of devices complete after 0.956 msecs
[   36.878884] +1.8V_VDDIO: voltage operation not allowed
[   36.878888] mmc1: Switching to 3.3V signalling voltage failed
[   36.949335] PM: resume of devices complete after 101.618 msecs
[   37.026552] Restarting tasks ... done.
root@(none):/# 
root@(none):/# rtcwake -d rtc1 -m mem -s 3
rtcwake: assuming RTC uses UTC ...
rtcwake: wakeup from "mem" using /dev/rtc1 at Thu Jan  1 00:01:12 1970
[   37.415147] PM: Syncing filesystems ... done.
[   37.424773] Freezing user space processes ... [   37.429209] Freezing remaining freezable tasks ... (elapsed 0.004 seconds) done.
[   37.434133] Suspending console(s) (use no_console_suspend to debug)
(elapsed 0.004 seconds) done.
[   37.615937] PM: suspend of devices complete after 172.283 msecs
[   37.617053] PM: late suspend of devices complete after 1.106 msecs
[   37.617710] PM: noirq suspend of devices complete after 0.652 msecs
[   37.617712] Disabling non-boot CPUs ...
[   37.644663] IRQ17 no longer affine to CPU1
[   37.644835] CPU1: shutdown
[   37.714829] CPU2: shutdown
[   37.784801] CPU3: shutdown
[   37.815288] Entering suspend state LP1
[   37.815302] Enabling non-boot CPUs ...
[   37.865643] CPU1 is up
[   37.915777] CPU2 is up
[   37.966015] CPU3 is up
[   37.966397] PM: noirq resume of devices complete after 0.377 msecs
[   37.967595] PM: early resume of devices complete after 0.893 msecs
[   37.999129] +1.8V_VDDIO: voltage operation not allowed
[   37.999134] mmc1: Switching to 3.3V signalling voltage failed
[   38.067036] PM: resume of devices complete after 99.430 msecs
[   38.148312] Restarting tasks ... done.
root@(none):/# 
root@(none):/# rtcwake -d rtc1 -m mem -s 3
rtcwake: assuming RTC uses UTC ...
rtcwake: wakeup from "mem" using /dev/rtc1 at Thu Jan  1 00:01:16 1970
[   38.534822] PM: Syncing filesystems ... done.
[   38.544401] Freezing user space processes ... [   38.548873] Freezing remaining freezable tasks ... (elapsed 0.004 seconds) done.
[   38.553805] Suspending console(s) (use no_console_suspend to debug)
(elapsed 0.004 seconds) done.
[   38.735916] PM: suspend of devices complete after 172.598 msecs
[   38.737037] PM: late suspend of devices complete after 1.112 msecs
[   38.737701] PM: noirq suspend of devices complete after 0.659 msecs
[   38.737703] Disabling non-boot CPUs ...
[   38.774808] CPU1: shutdown
[   38.834809] CPU2: shutdown
[   38.894768] CPU3: shutdown
[   38.925261] Entering suspend state LP1
[   38.925275] Enabling non-boot CPUs ...
[   38.975609] CPU1 is up
[   39.025754] CPU2 is up
[   39.075989] CPU3 is up
[   39.076376] PM: noirq resume of devices complete after 0.381 msecs
[   39.077435] PM: early resume of devices complete after 0.728 msecs
[   39.109215] +1.8V_VDDIO: voltage operation not allowed
[   39.109218] mmc1: Switching to 3.3V signalling voltage failed
[   39.178650] PM: resume of devices complete after 101.203 msecs
[   39.255967] Restarting tasks ... done.
root@(none):/# 
root@(none):/# rtcwake -d rtc1 -m mem -s 3
rtcwake: assuming RTC uses UTC ...
rtcwake: wakeup from "mem" using /dev/rtc1 at Thu Jan  1 00:01:20 1970
[   39.644911] PM: Syncing filesystems ... done.
[   39.654525] Freezing user space processes ... [   39.658962] Freezing remaining freezable tasks ... (elapsed 0.004 seconds) done.
[   39.663883] Suspending console(s) (use no_console_suspend to debug)
(elapsed 0.004 seconds) done.
[   39.845889] PM: suspend of devices complete after 172.491 msecs
[   39.846997] PM: late suspend of devices complete after 1.098 msecs
[   39.847650] PM: noirq suspend of devices complete after 0.647 msecs
[   39.847652] Disabling non-boot CPUs ...
[   39.884790] CPU1: shutdown
[   39.944780] CPU2: shutdown
[   40.004743] CPU3: shutdown
[   40.035235] Entering suspend state LP1
[   40.035249] Enabling non-boot CPUs ...
[   40.085582] CPU1 is up
[   40.135729] CPU2 is up
[   40.185966] CPU3 is up
[   40.186354] PM: noirq resume of devices complete after 0.384 msecs
[   40.187678] PM: early resume of devices complete after 0.998 msecs
[   40.218639] +1.8V_VDDIO: voltage operation not allowed
[   40.218642] mmc1: Switching to 3.3V signalling voltage failed
[   41.244546] PM: resume of devices complete after 1056.859 msecs
[   41.321852] Restarting tasks ... done.
root@(none):/# 
root@(none):/# rtcwake -d rtc1 -m mem -s 3
rtcwake: assuming RTC uses UTC ...
rtcwake: wakeup from "mem" using /dev/rtc1 at Thu Jan  1 00:01:25 1970
[   41.754765] PM: Syncing filesystems ... done.
[   41.764345] Freezing user space processes ... [   41.768820] Freezing remaining freezable tasks ... (elapsed 0.004 seconds) done.
[   41.773749] Suspending console(s) (use no_console_suspend to debug)
(elapsed 0.004 seconds) done.
[   41.955866] PM: suspend of devices complete after 172.605 msecs
[   41.956986] PM: late suspend of devices complete after 1.110 msecs
[   41.957653] PM: noirq suspend of devices complete after 0.662 msecs
[   41.957655] Disabling non-boot CPUs ...
[   41.984604] IRQ17 no longer affine to CPU1
[   41.984765] CPU1: shutdown
[   42.044767] CPU2: shutdown
[   42.114724] CPU3: shutdown
[   42.145220] Entering suspend state LP1
[   42.145234] Enabling non-boot CPUs ...
[   42.195568] CPU1 is up
[   42.245712] CPU2 is up
[   42.295951] CPU3 is up
[   42.296333] PM: noirq resume of devices complete after 0.377 msecs
[   42.297396] PM: early resume of devices complete after 0.734 msecs
[   42.328882] +1.8V_VDDIO: voltage operation not allowed
[   42.328885] mmc1: Switching to 3.3V signalling voltage failed
[   42.398974] PM: resume of devices complete after 101.566 msecs
[   42.480316] Restarting tasks ... done.
root@(none):/# 
root@(none):/# rtcwake -d rtc1 -m mem -s 3
rtcwake: assuming RTC uses UTC ...
rtcwake: wakeup from "mem" using /dev/rtc1 at Thu Jan  1 00:01:29 1970
[   42.864783] PM: Syncing filesystems ... done.
[   42.874354] Freezing user space processes ... [   42.878826] Freezing remaining freezable tasks ... (elapsed 0.004 seconds) done.
[   42.883749] Suspending console(s) (use no_console_suspend to debug)
(elapsed 0.004 seconds) done.
[   43.065838] PM: suspend of devices complete after 172.577 msecs
[   43.066918] PM: late suspend of devices complete after 1.070 msecs
[   43.067592] PM: noirq suspend of devices complete after 0.669 msecs
[   43.067593] Disabling non-boot CPUs ...
[   43.094740] CPU1: shutdown
[   43.154743] CPU2: shutdown
[   43.224711] CPU3: shutdown
[   43.255200] Entering suspend state LP1
[   43.255213] Enabling non-boot CPUs ...
[   43.305550] CPU1 is up
[   43.355694] CPU2 is up
[   43.405928] CPU3 is up
[   43.406306] PM: noirq resume of devices complete after 0.373 msecs
[   43.407240] PM: early resume of devices complete after 0.601 msecs
[   43.438666] +1.8V_VDDIO: voltage operation not allowed
[   43.438669] mmc1: Switching to 3.3V signalling voltage failed
[   43.499805] random: nonblocking pool is initialized
[   43.506724] PM: resume of devices complete after 99.477 msecs
[   43.588785] Restarting tasks ... done.
root@(none):/# 
root@(none):/# NVTB SYSTEM SUSPEND TEST COMPLETE
