
U-Boot SPL 2014.01-00219-gc4d376f (Feb 18 2014 - 19:57:32)


U-Boot 2014.01-00219-gc4d376f (Feb 18 2014 - 19:57:32)

TEGRA114
Board: NVIDIA Dalmore
I2C:   ready
DRAM:  2 GiB
MMC:   Tegra SD/MMC: 0, Tegra SD/MMC: 1
In:    serial
Out:   serial
Err:   serial
Net:   Net Initialization Skipped
No ethernet found.
Hit any key to stop autoboot:  2  0 
Tegra114 (Dalmore) # 
Tegra114 (Dalmore) # usb reset
(Re)start USB...
USB0:   USB EHCI 1.10
scanning bus 0 for devices... 2 USB Device(s) found
       scanning usb for storage devices... 0 Storage Device(s) found
       scanning usb for ethernet devices... 
Warning: asx0 using MAC address from net device
1 Ethernet Device(s) found
Tegra114 (Dalmore) # setenv bootargs 'ignore_loglevel console=ttyS0,115200n8 rw root=PARTUUID=7369c667-ff51-ec4a-29cd-baabf2fbe346 rootwait gpt debug earlyprintk init=/bin/bash'
Tegra114 (Dalmore) # setenv ipaddr 192.168.100.100; setenv serverip 192.168.100.1; setenv tftpserverip 192.168.100.1
Tegra114 (Dalmore) # tftpboot 0x81000000 zImage.multi_v7_defconfig
Using asx0 device
TFTP from server 192.168.100.1; our IP address is 192.168.100.100
Filename 'zImage.multi_v7_defconfig'.
Load address: 0x81000000
Loading: *#################################################################
	 #################################################################
	 #################################################################
	 #################################################################
	 #################################################################
	 #################################################################
	 #################################################################
	 ############################
	 3.1 MiB/s
done
Bytes transferred = 7077928 (6c0028 hex)
Tegra114 (Dalmore) # tftpboot 0x82000000 tegra114-dalmore.dtb
Using asx0 device
TFTP from server 192.168.100.1; our IP address is 192.168.100.100
Filename 'tegra114-dalmore.dtb'.
Load address: 0x82000000
Loading: *###
	 2.6 MiB/s
done
Bytes transferred = 34956 (888c hex)
Tegra114 (Dalmore) # bootz 0x81000000 - 0x82000000
Kernel image @ 0x81000000 [ 0x000000 - 0x6c0028 ]
## Flattened Device Tree blob at 82000000
   Booting using the fdt blob at 0x82000000
   Loading Device Tree to 8fff4000, end 8ffff88b ... OK

Starting kernel ...

[    0.000000] Booting Linux on physical CPU 0x0
[    0.000000] Linux version 4.6.0-next-20160523-95490-gcbafe21 (pwalmsley@sellafield) (gcc version 4.7.3 20130328 (prerelease) (crosstool-NG linaro-1.13.1-4.7-2013.04-20130415 - Linaro GCC 2013.04) ) #1 SMP Mon May 23 12:18:04 PDT 2016
[    0.000000] CPU: ARMv7 Processor [412fc0f2] revision 2 (ARMv7), cr=10c5387d
[    0.000000] CPU: div instructions available: patching division code
[    0.000000] CPU: PIPT / VIPT nonaliasing data cache, PIPT instruction cache
[    0.000000] Machine model: NVIDIA Tegra114 Dalmore evaluation board
[    0.000000] debug: ignoring loglevel setting.
[    0.000000] cma: Reserved 64 MiB at 0xfb800000
[    0.000000] Memory policy: Data cache writealloc
[    0.000000] On node 0 totalpages: 524032
[    0.000000] free_area_init_node: node 0, pgdat c141bb00, node_mem_map eeff8000
[    0.000000]   DMA zone: 1536 pages used for memmap
[    0.000000]   DMA zone: 0 pages reserved
[    0.000000]   DMA zone: 196608 pages, LIFO batch:31
[    0.000000]   HighMem zone: 327424 pages, LIFO batch:31
[    0.000000] percpu: Embedded 13 pages/cpu @eef9f000 s23808 r8192 d21248 u53248
[    0.000000] pcpu-alloc: s23808 r8192 d21248 u53248 alloc=13*4096
[    0.000000] pcpu-alloc: [0] 0 [0] 1 [0] 2 [0] 3 
[    0.000000] Built 1 zonelists in Zone order, mobility grouping on.  Total pages: 522496
[    0.000000] Kernel command line: ignore_loglevel console=ttyS0,115200n8 rw root=PARTUUID=7369c667-ff51-ec4a-29cd-baabf2fbe346 rootwait gpt debug earlyprintk init=/bin/bash
[    0.000000] PID hash table entries: 4096 (order: 2, 16384 bytes)
[    0.000000] Dentry cache hash table entries: 131072 (order: 7, 524288 bytes)
[    0.000000] Inode-cache hash table entries: 65536 (order: 6, 262144 bytes)
[    0.000000] Memory: 1995116K/2096128K available (9529K kernel code, 1142K rwdata, 4216K rodata, 2048K init, 343K bss, 35476K reserved, 65536K cma-reserved, 1244160K highmem)
[    0.000000] Virtual kernel memory layout:
[    0.000000]     vector  : 0xffff0000 - 0xffff1000   (   4 kB)
[    0.000000]     fixmap  : 0xffc00000 - 0xfff00000   (3072 kB)
[    0.000000]     vmalloc : 0xf0800000 - 0xff800000   ( 240 MB)
[    0.000000]     lowmem  : 0xc0000000 - 0xf0000000   ( 768 MB)
[    0.000000]     pkmap   : 0xbfe00000 - 0xc0000000   (   2 MB)
[    0.000000]     modules : 0xbf000000 - 0xbfe00000   (  14 MB)
[    0.000000]       .text : 0xc0208000 - 0xc106c574   (14738 kB)
[    0.000000]       .init : 0xc1100000 - 0xc1300000   (2048 kB)
[    0.000000]       .data : 0xc1300000 - 0xc141db60   (1143 kB)
[    0.000000]        .bss : 0xc141f000 - 0xc1474ca0   ( 344 kB)
[    0.000000] SLUB: HWalign=64, Order=0-3, MinObjects=0, CPUs=4, Nodes=1
[    0.000000] Hierarchical RCU implementation.
[    0.000000] 	Build-time adjustment of leaf fanout to 32.
[    0.000000] 	RCU restricting CPUs from NR_CPUS=16 to nr_cpu_ids=4.
[    0.000000] RCU: Adjusting geometry for rcu_fanout_leaf=32, nr_cpu_ids=4
[    0.000000] NR_IRQS:16 nr_irqs:16 16
[    0.000000] /interrupt-controller@60004000: 160 interrupts forwarded to /interrupt-controller@50041000
[    0.000000] Tegra clk 127: register failed with -17
[    0.000007] sched_clock: 32 bits at 1000kHz, resolution 1000ns, wraps every 2147483647500ns
[    0.000027] clocksource: timer_us: mask: 0xffffffff max_cycles: 0xffffffff, max_idle_ns: 1911260446275 ns
[    0.000041] Switching to timer-based delay loop, resolution 1000ns
[    0.003188] Architected cp15 timer(s) running at 12.00MHz (virt).
[    0.003207] clocksource: arch_sys_counter: mask: 0xffffffffffffff max_cycles: 0x2c47f4ee7, max_idle_ns: 440795202497 ns
[    0.003225] sched_clock: 56 bits at 12MHz, resolution 83ns, wraps every 4398046511096ns
[    0.003238] Switching to timer-based delay loop, resolution 83ns
[    0.003619] Console: colour dummy device 80x30
[    0.003646] Calibrating delay loop (skipped), value calculated using timer frequency.. 24.00 BogoMIPS (lpj=60000)
[    0.003662] pid_max: default: 32768 minimum: 301
[    0.003759] Mount-cache hash table entries: 2048 (order: 1, 8192 bytes)
[    0.003770] Mountpoint-cache hash table entries: 2048 (order: 1, 8192 bytes)
[    0.004400] CPU: Testing write buffer coherency: ok
[    0.004612] /cpus/cpu@0 missing clock-frequency property
[    0.004640] /cpus/cpu@1 missing clock-frequency property
[    0.004669] /cpus/cpu@2 missing clock-frequency property
[    0.004700] /cpus/cpu@3 missing clock-frequency property
[    0.004712] CPU0: thread -1, cpu 0, socket 0, mpidr 80000000
[    0.004735] Setting up static identity map for 0x80300000 - 0x80300098
[    0.007205] Tegra Revision: A01 SKU: 0 CPU Process: 1 SoC Process: 0
[    0.008623] CPU1: thread -1, cpu 1, socket 0, mpidr 80000001
[    0.009343] CPU2: thread -1, cpu 2, socket 0, mpidr 80000002
[    0.010041] CPU3: thread -1, cpu 3, socket 0, mpidr 80000003
[    0.010126] Brought up 4 CPUs
[    0.010149] SMP: Total of 4 processors activated (96.00 BogoMIPS).
[    0.010157] CPU: All CPU(s) started in SVC mode.
[    0.011635] devtmpfs: initialized
[    0.022367] VFP support v0.3: implementor 41 architecture 4 part 30 variant f rev 0
[    0.022896] clocksource: jiffies: mask: 0xffffffff max_cycles: 0xffffffff, max_idle_ns: 9556302231375000 ns
[    0.024296] pinctrl core: initialized pinctrl subsystem
[    0.025886] NET: Registered protocol family 16
[    0.027917] DMA: preallocated 256 KiB pool for atomic coherent allocations
[    0.043235] cpuidle: using governor menu
[    0.058937] No ATAGs?
[    0.058966] hw-breakpoint: found 5 (+1 reserved) breakpoint and 4 watchpoint registers.
[    0.058976] hw-breakpoint: maximum watchpoint size is 8 bytes.
[    0.064029] Serial: AMBA PL011 UART driver
[    0.065669] tegra-mc 70019000.memory-controller: no memory timings for RAM code 3 registered
[    0.092676] dvdd_ts: Failed to request enable GPIO61: -517
[    0.092693] reg-fixed-voltage regulators:regulator@1: Failed to register regulator: -517
[    0.092791] usb1_vbus: Failed to request enable GPIO108: -517
[    0.092806] reg-fixed-voltage regulators:regulator@3: Failed to register regulator: -517
[    0.092899] usb2_vbus: Failed to request enable GPIO86: -517
[    0.092913] reg-fixed-voltage regulators:regulator@4: Failed to register regulator: -517
[    0.093361] VDD_5V0_HDMI_CON: Failed to request enable GPIO81: -517
[    0.093376] reg-fixed-voltage regulators:regulator@7: Failed to register regulator: -517
[    0.096122] vgaarb: loaded
[    0.096927] SCSI subsystem initialized
[    0.097095] libata version 3.00 loaded.
[    0.097395] usbcore: registered new interface driver usbfs
[    0.097465] usbcore: registered new interface driver hub
[    0.097542] usbcore: registered new device driver usb
[    0.101211] tps65090 2-0048: No cache defaults, reading back from HW
[    0.103110] TPS65090_RAILSDCDC1: supplied by vdd_ac_bat
[    0.103667] vdd_hdmi_5v0: supplied by vdd-sys-5v0
[    0.104427] TPS65090_RAILSDCDC2: supplied by vdd_ac_bat
[    0.105510] TPS65090_RAILSDCDC3: supplied by vdd_ac_bat
[    0.106050] TPS65090_RAILSFET1: supplied by vdd_ac_bat
[    0.106442] TPS65090_RAILSFET2: supplied by vdd_ac_bat
[    0.106822] TPS65090_RAILSFET3: supplied by vdd-sys-3v3
[    0.107355] TPS65090_RAILSFET4: supplied by vdd-sys-3v3
[    0.107899] TPS65090_RAILSFET5: supplied by vdd-sys-3v3
[    0.108449] TPS65090_RAILSFET6: supplied by vdd-sys-3v3
[    0.109285] TPS65090_RAILSFET7: supplied by vdd-sys-3v3
[    0.109838] TPS65090_RAILSLDO1: supplied by vdd_ac_bat
[    0.110063] TPS65090_RAILSLDO2: supplied by vdd_ac_bat
[    0.110918] genirq: Setting trigger mode 8 for irq 341 failed (irq_chip_set_type_parent+0x0/0x28)
[    0.110941] palmas 2-0058: Irq flag is 0x00000000
[    0.114120] palmas 2-0058: Muxing GPIO ff, PWM 0, LED 0
[    0.116677] SMPS12: supplied by vdd-ao
[    0.118301] SMPS3: supplied by vdd-ao
[    0.120075] SMPS457: supplied by vdd-sys-3v3
[    0.122976] SMPS8: supplied by vdd-sys-3v3
[    0.124599] SMPS9: supplied by vdd-sys-3v3
[    0.125109] sdhci-vdd-sd-slot: Bringing 2840000uV into 2800000-2800000uV
[    0.125841] sdhci-vdd-sd-slot: ramp_delay not set
[    0.127850] LDO1: supplied by vdd-sys-3v3
[    0.129062] LDO2: supplied by vdd-sys-3v3
[    0.130259] LDO3: supplied by vddio-1v8
[    0.131469] LDO4: supplied by vdd-sys-3v3
[    0.132679] LDO5: supplied by vdd_ac_bat
[    0.133447] LDO6: supplied by vdd-sys-3v3
[    0.133989] vdd-sensor-2v85: Bringing 2900000uV into 2850000-2850000uV
[    0.135279] LDO7: supplied by vdd-sys-3v3
[    0.137009] LDO8: supplied by vdd-ao
[    0.137515] vdd-rtc: Bringing 675000uV into 900000-900000uV
[    0.139239] LDO9: supplied by sdhci-vdd-sd-slot
[    0.144539] LDOLN: supplied by vdd-sys-5v0
[    0.145762] LDOUSB: supplied by vdd-sys-5v0
[    0.152473] pps_core: LinuxPPS API ver. 1 registered
[    0.152483] pps_core: Software ver. 5.3.6 - Copyright 2005-2007 Rodolfo Giometti <giometti@linux.it>
[    0.152507] PTP clock support registered
[    0.152706] EDAC MC: Ver: 3.0.0
[    0.155147] clocksource: Switched to clocksource arch_sys_counter
[    0.165853] NET: Registered protocol family 2
[    0.166392] TCP established hash table entries: 8192 (order: 3, 32768 bytes)
[    0.166491] TCP bind hash table entries: 8192 (order: 4, 65536 bytes)
[    0.166678] TCP: Hash tables configured (established 8192 bind 8192)
[    0.166733] UDP hash table entries: 512 (order: 2, 16384 bytes)
[    0.166775] UDP-Lite hash table entries: 512 (order: 2, 16384 bytes)
[    0.166936] NET: Registered protocol family 1
[    0.167181] RPC: Registered named UNIX socket transport module.
[    0.167190] RPC: Registered udp transport module.
[    0.167198] RPC: Registered tcp transport module.
[    0.167206] RPC: Registered tcp NFSv4.1 backchannel transport module.
[    0.167219] PCI: CLS 0 bytes, default 64
[    0.169391] futex hash table entries: 1024 (order: 4, 65536 bytes)
[    0.169894] workingset: timestamp_bits=28 max_order=19 bucket_order=0
[    0.181784] squashfs: version 4.0 (2009/01/31) Phillip Lougher
[    0.182674] NFS: Registering the id_resolver key type
[    0.182704] Key type id_resolver registered
[    0.182713] Key type id_legacy registered
[    0.182759] ntfs: driver 2.1.32 [Flags: R/O].
[    0.184119] bounce: pool size: 64 pages
[    0.184345] Block layer SCSI generic (bsg) driver version 0.4 loaded (major 248)
[    0.184356] io scheduler noop registered
[    0.184365] io scheduler deadline registered
[    0.184398] io scheduler cfq registered (default)
[    0.213096] tegra-apbdma 6000a000.dma: Tegra20 APB DMA driver register 32 channels
[    0.214994] tegra-pmc 7000e400.pmc: i2c-thermtrip node not found, emergency thermal reset disabled.
[    0.280568] Serial: 8250/16550 driver, 4 ports, IRQ sharing disabled
[    0.283628] console [ttyS0] disabled
[    0.283664] 70006300.serial: ttyS0 at MMIO 0x70006300 (irq = 329, base_baud = 25500000) is a Tegra
[    1.246825] console [ttyS0] enabled
[    1.251176] SuperH (H)SCI(F) driver initialized
[    1.256703] msm_serial: driver initialized
[    1.261009] STMicroelectronics ASC driver initialized
[    1.269731] [drm] Initialized drm 1.1.0 20060810
[    1.277747] tegra-hdmi 54280000.hdmi: failed to get HDMI regulator
[    1.299461] brd: module loaded
[    1.308755] loop: module loaded
[    1.328231] m25p80 spi32766.0: w25q32dw (4096 Kbytes)
[    1.336889] libphy: Fixed MDIO Bus: probed
[    1.341692] CAN device driver interface
[    1.347427] igb: Intel(R) Gigabit Ethernet Network Driver - version 5.3.0-k
[    1.354395] igb: Copyright (c) 2007-2014 Intel Corporation.
[    1.363099] pegasus: v0.9.3 (2013/04/25), Pegasus/Pegasus II USB Ethernet driver
[    1.370560] usbcore: registered new interface driver pegasus
[    1.376290] usbcore: registered new interface driver asix
[    1.381744] usbcore: registered new interface driver ax88179_178a
[    1.387889] usbcore: registered new interface driver cdc_ether
[    1.393794] usbcore: registered new interface driver smsc75xx
[    1.399618] usbcore: registered new interface driver smsc95xx
[    1.405416] usbcore: registered new interface driver net1080
[    1.411130] usbcore: registered new interface driver cdc_subset
[    1.417101] usbcore: registered new interface driver zaurus
[    1.422767] usbcore: registered new interface driver cdc_ncm
[    1.430582] ehci_hcd: USB 2.0 'Enhanced' Host Controller (EHCI) Driver
[    1.437118] ehci-pci: EHCI PCI platform driver
[    1.441618] ehci-platform: EHCI generic platform driver
[    1.447056] ehci-omap: OMAP-EHCI Host Controller driver
[    1.452429] ehci-orion: EHCI orion driver
[    1.456588] SPEAr-ehci: EHCI SPEAr driver
[    1.460751] ehci-st: EHCI STMicroelectronics driver
[    1.465781] ehci-exynos: EHCI EXYNOS driver
[    1.470112] ehci-atmel: EHCI Atmel driver
[    1.474272] tegra-ehci: Tegra EHCI driver
[    1.478521] ------------[ cut here ]------------
[    1.483163] WARNING: CPU: 1 PID: 1 at drivers/reset/core.c:187 __of_reset_control_get+0x1bc/0x228
[    1.492034] Modules linked in:
[    1.495099] CPU: 1 PID: 1 Comm: swapper/0 Not tainted 4.6.0-next-20160523-95490-gcbafe21 #1
[    1.503435] Hardware name: NVIDIA Tegra SoC (Flattened Device Tree)
[    1.509721] [<c030f9d0>] (unwind_backtrace) from [<c030b0c8>] (show_stack+0x10/0x14)
[    1.517462] [<c030b0c8>] (show_stack) from [<c0586548>] (dump_stack+0x84/0xa4)
[    1.524682] [<c0586548>] (dump_stack) from [<c0341b88>] (__warn+0xd4/0x100)
[    1.531640] [<c0341b88>] (__warn) from [<c0341bd4>] (warn_slowpath_null+0x20/0x28)
[    1.539203] [<c0341bd4>] (warn_slowpath_null) from [<c06a109c>] (__of_reset_control_get+0x1bc/0x228)
[    1.548330] [<c06a109c>] (__of_reset_control_get) from [<c0912c28>] (tegra_ehci_probe+0x2d0/0x51c)
[    1.557283] [<c0912c28>] (tegra_ehci_probe) from [<c0779bcc>] (platform_drv_probe+0x50/0xb0)
[    1.565717] [<c0779bcc>] (platform_drv_probe) from [<c0778530>] (driver_probe_device+0x1f4/0x2b0)
[    1.574582] [<c0778530>] (driver_probe_device) from [<c0778698>] (__driver_attach+0xac/0xb0)
[    1.583012] [<c0778698>] (__driver_attach) from [<c0776b44>] (bus_for_each_dev+0x54/0x88)
[    1.591183] [<c0776b44>] (bus_for_each_dev) from [<c0777b24>] (bus_add_driver+0xe8/0x1f4)
[    1.599353] [<c0777b24>] (bus_add_driver) from [<c0778eb4>] (driver_register+0x78/0xf4)
[    1.607351] [<c0778eb4>] (driver_register) from [<c0301e7c>] (do_one_initcall+0x3c/0x16c)
[    1.615523] [<c0301e7c>] (do_one_initcall) from [<c1100d80>] (kernel_init_freeable+0x120/0x1ec)
[    1.624217] [<c1100d80>] (kernel_init_freeable) from [<c0b5c2d0>] (kernel_init+0x8/0x118)
[    1.632390] [<c0b5c2d0>] (kernel_init) from [<c0307fb8>] (ret_from_fork+0x14/0x3c)
[    1.639981] ---[ end trace a91cf4b4c1889223 ]---
[    1.644613] tegra-ehci 7d008000.usb: can't get utmi-pads reset from the PHY
[    1.651580] tegra-ehci 7d008000.usb: continuing, but please update your DT
[    1.658572] ohci_hcd: USB 1.1 'Open' Host Controller (OHCI) Driver
[    1.664769] ohci-pci: OHCI PCI platform driver
[    1.669273] ohci-platform: OHCI generic platform driver
[    1.674669] ohci-omap3: OHCI OMAP3 driver
[    1.678828] SPEAr-ohci: OHCI SPEAr driver
[    1.682992] ohci-st: OHCI STMicroelectronics driver
[    1.688025] ohci-atmel: OHCI Atmel driver
[    1.692769] usbcore: registered new interface driver usb-storage
[    1.700397] mousedev: PS/2 mouse device common for all mice
[    1.710800] palmas-rtc 7000d000.i2c:tps65913@58:rtc: rtc core: registered 7000d000.i2c:tps659 as rtc0
[    1.721946] tegra_rtc 7000e000.rtc: rtc core: registered 7000e000.rtc as rtc1
[    1.729133] tegra_rtc 7000e000.rtc: Tegra internal Real Time Clock
[    1.735857] i2c /dev entries driver
[    1.743498] sbs-battery 0-000b: sbs_probe: Failed to get device status
[    1.750052] sbs-battery: probe of 0-000b failed with error -121
[    1.767988] sdhci: Secure Digital Host Controller Interface driver
[    1.774181] sdhci: Copyright(c) Pierre Ossman
[    1.780038] Synopsys Designware Multimedia Card Interface Driver
[    1.787122] sdhci-pltfm: SDHCI platform and OF driver helper
[    1.793559] sdhci-tegra 78000400.sdhci: Got CD GPIO
[    1.798469] sdhci-tegra 78000400.sdhci: Got WP GPIO
[    1.804574] mmc0: Invalid maximum block size, assuming 512 bytes
[    1.845274] mmc0: SDHCI controller on 78000400.sdhci [78000400.sdhci] using ADMA
[    1.852957] mmc1: Invalid maximum block size, assuming 512 bytes
[    1.895161] mmc1: SDHCI controller on 78000600.sdhci [78000600.sdhci] using ADMA
[    1.904088] ledtrig-cpu: registered to indicate activity on CPUs
[    1.910436] usbcore: registered new interface driver usbhid
[    1.916018] usbhid: USB HID core driver
[    1.925585] NET: Registered protocol family 10
[    1.930760] sit: IPv6 over IPv4 tunneling driver
[    1.936086] NET: Registered protocol family 17
[    1.940558] can: controller area network core (rev 20120528 abi 9)
[    1.946810] NET: Registered protocol family 29
[    1.951267] can: raw protocol (rev 20120528)
[    1.955549] can: broadcast manager protocol (rev 20120528 t)
[    1.961223] can: netlink gateway (rev 20130117) max_hops=1
[    1.967111] Key type dns_resolver registered
[    1.972043] ThumbEE CPU extension supported.
[    1.976335] Registering SWP/SWPB emulation handler
[    1.983415] usb1_vbus: supplied by vdd-sys-5v0
[    1.989410] usb2_vbus: supplied by vdd-sys-5v0
[    2.001268] VDD_5V0_HDMI_CON: supplied by vdd-sys-5v0
[    2.016440] [drm] Supports vblank timestamp caching Rev 2 (21.10.2013).
[    2.019899] mmc0: new high speed SDHC card at address aaaa
[    2.028652] [drm] No driver support for vblank timestamp query.
[    2.031410] mmcblk0: mmc0:aaaa SL16G 14.8 GiB 
[    2.049125] mmc1: new high speed MMC card at address 0001
[    2.056008] mmcblk1: mmc1:0001 SEM32G 29.1 GiB 
[    2.061450] mmcblk1boot0: mmc1:0001 SEM32G partition 1 4.00 MiB
[    2.062255]  mmcblk0: p1 p2 p3
[    2.062953] mmcblk1boot1: mmc1:0001 SEM32G partition 2 4.00 MiB
[    2.063810] mmcblk1rpmb: mmc1:0001 SEM32G partition 3 4.00 MiB
[    2.068942]  mmcblk1: p1 p2 p3 p4 p5 p6 p7 p8
[    2.100247] Console: switching to colour frame buffer device 240x75
[    2.153206] drm drm: fb0:  frame buffer device
[    2.170286] [drm] Initialized tegra 0.0.0 20120330 on minor 0
[    2.178703] tegra-ehci 7d008000.usb: EHCI Host Controller
[    2.184185] tegra-ehci 7d008000.usb: new USB bus registered, assigned bus number 1
[    2.192495] tegra-ehci 7d008000.usb: irq 339, io mem 0x7d008000
[    2.205265] tegra-ehci 7d008000.usb: USB 2.0 started, EHCI 1.10
[    2.212520] hub 1-0:1.0: USB hub found
[    2.216413] hub 1-0:1.0: 1 port detected
[    2.222082] input: gpio-keys as /devices/soc0/gpio-keys/input/input0
[    2.230551] palmas-rtc 7000d000.i2c:tps65913@58:rtc: setting system clock to 2000-03-17 06:38:23 UTC (953275103)
[    2.255813] dvdd_ts: disabling
[    2.258873] usb1_vbus: disabling
[    2.262151] vdd_cam_1v8_reg: disabling
[    2.267762] EXT4-fs (mmcblk1p1): mounting ext3 file system using the ext4 subsystem
[    2.290291] EXT4-fs (mmcblk1p1): recovery complete
[    2.295104] EXT4-fs (mmcblk1p1): mounted filesystem with ordered data mode. Opts: (null)
[    2.303274] VFS: Mounted root (ext3 filesystem) on device 179:17.
[    2.314289] devtmpfs: mounted
[    2.319177] Freeing unused kernel memory: 2048K (c1100000 - c1300000)
bash: cannot set terminal process group (-1): Inappropriate ioctl for device
bash: no job control in this shell
root@(none):/# [    2.540267] usb 1-1: new high-speed USB device number 2 using tegra-ehci
mount -t sysfs none /sys
root@(none):/# 
root@(none):/# [    3.485633] asix 1-1:1.0 eth0: register 'asix' at usb-7d008000.usb-1, ASIX AX88772 USB 2.0 Ethernet, 00:50:b6:0d:b5:16
mount -t debugfs none /sys/kernel/debug
root@(none):/# 
root@(none):/# rtcwake -d rtc1 -m mem -s 3
rtcwake: assuming RTC uses UTC ...
rtcwake: wakeup from "mem" using /dev/rtc1 at Thu Jan  1 00:00:19 1970
[    5.377884] PM: Syncing filesystems ... done.
[    5.406168] Freezing user space processes ... (elapsed 0.001 seconds) done.
[    5.414560] Freezing remaining freezable tasks ... (elapsed 0.001 seconds) done.
[    5.423433] Suspending console(s) (use no_console_suspend to debug)
[    5.468457] PM: suspend of devices complete after 37.333 msecs
[    5.470824] PM: late suspend of devices complete after 2.351 msecs
[    5.472863] PM: noirq suspend of devices complete after 2.029 msecs
[    5.472867] Disabling non-boot CPUs ...
[    5.473736] CPU1: shutdown
[    5.497749] CPU2: shutdown
[    5.522579] CPU3: shutdown
[    5.536368] Entering suspend state LP1
[    5.536392] Enabling non-boot CPUs ...
[    5.561824] CPU1 is up
[    5.587065] CPU2 is up
[    5.612359] CPU3 is up
[    5.613620] PM: noirq resume of devices complete after 1.251 msecs
[    5.615957] PM: early resume of devices complete after 1.889 msecs
[    5.711832] PM: resume of devices complete after 95.857 msecs
[    5.776462] Restarting tasks ... done.
root@(none):/# 
root@(none):/# rtcwake -d rtc1 -m mem -s 3
rtcwake: assuming RTC uses UTC ...
rtcwake: wakeup from "mem" using /dev/rtc1 at Thu Jan  1 00:00:27 1970
[    6.314098] PM: Syncing filesystems ... done.
[    6.340741] Freezing user space processes ... (elapsed 0.001 seconds) done.
[    6.349122] Freezing remaining freezable tasks ... (elapsed 0.001 seconds) done.
[    6.358030] Suspending console(s) (use no_console_suspend to debug)
[    6.402413] PM: suspend of devices complete after 36.702 msecs
[    6.404827] PM: late suspend of devices complete after 2.396 msecs
[    6.406742] PM: noirq suspend of devices complete after 1.905 msecs
[    6.406746] Disabling non-boot CPUs ...
[    6.407576] CPU1: shutdown
[    6.432377] IRQ17 no longer affine to CPU2
[    6.432759] CPU2: shutdown
[    6.457372] CPU3: shutdown
[    6.471316] Entering suspend state LP1
[    6.471340] Enabling non-boot CPUs ...
[    6.491796] CPU1 is up
[    6.517027] CPU2 is up
[    6.542346] CPU3 is up
[    6.543646] PM: noirq resume of devices complete after 1.289 msecs
[    6.546335] PM: early resume of devices complete after 2.219 msecs
[    6.642162] PM: resume of devices complete after 95.807 msecs
[    6.711020] Restarting tasks ... done.
root@(none):/# 
root@(none):/# rtcwake -d rtc1 -m mem -s 3
rtcwake: assuming RTC uses UTC ...
rtcwake: wakeup from "mem" using /dev/rtc1 at Thu Jan  1 00:00:35 1970
[    7.253063] PM: Syncing filesystems ... done.
[    7.280344] Freezing user space processes ... (elapsed 0.001 seconds) done.
[    7.288715] Freezing remaining freezable tasks ... (elapsed 0.001 seconds) done.
[    7.297616] Suspending console(s) (use no_console_suspend to debug)
[    7.342371] PM: suspend of devices complete after 37.064 msecs
[    7.344765] PM: late suspend of devices complete after 2.378 msecs
[    7.346799] PM: noirq suspend of devices complete after 2.023 msecs
[    7.346803] Disabling non-boot CPUs ...
[    7.347670] CPU1: shutdown
[    7.372668] CPU2: shutdown
[    7.397000] IRQ17 no longer affine to CPU3
[    7.397374] CPU3: shutdown
[    7.411266] Entering suspend state LP1
[    7.411291] Enabling non-boot CPUs ...
[    7.436744] CPU1 is up
[    7.461994] CPU2 is up
[    7.487295] CPU3 is up
[    7.488544] PM: noirq resume of devices complete after 1.239 msecs
[    7.491241] PM: early resume of devices complete after 2.242 msecs
[    7.587100] PM: resume of devices complete after 95.841 msecs
[    7.655911] Restarting tasks ... done.
root@(none):/# 
root@(none):/# rtcwake -d rtc1 -m mem -s 3
rtcwake: assuming RTC uses UTC ...
rtcwake: wakeup from "mem" using /dev/rtc1 at Thu Jan  1 00:00:43 1970
[    8.184305] PM: Syncing filesystems ... done.
[    8.211512] Freezing user space processes ... (elapsed 0.001 seconds) done.
[    8.219919] Freezing remaining freezable tasks ... (elapsed 0.001 seconds) done.
[    8.228806] Suspending console(s) (use no_console_suspend to debug)
[    8.271977] PM: suspend of devices complete after 35.488 msecs
[    8.274592] PM: late suspend of devices complete after 2.598 msecs
[    8.276469] PM: noirq suspend of devices complete after 1.867 msecs
[    8.276473] Disabling non-boot CPUs ...
[    8.277312] CPU1: shutdown
[    8.307646] CPU2: shutdown
[    8.331977] IRQ17 no longer affine to CPU3
[    8.332351] CPU3: shutdown
[    8.346237] Entering suspend state LP1
[    8.346261] Enabling non-boot CPUs ...
[    8.371691] CPU1 is up
[    8.396945] CPU2 is up
[    8.422271] CPU3 is up
[    8.423529] PM: noirq resume of devices complete after 1.248 msecs
[    8.426183] PM: early resume of devices complete after 2.212 msecs
[    8.522148] PM: resume of devices complete after 95.947 msecs
[    8.590968] Restarting tasks ... done.
root@(none):/# 
root@(none):/# rtcwake -d rtc1 -m mem -s 3
rtcwake: assuming RTC uses UTC ...
rtcwake: wakeup from "mem" using /dev/rtc1 at Thu Jan  1 00:00:51 1970
[    9.127461] PM: Syncing filesystems ... done.
[    9.154322] Freezing user space processes ... (elapsed 0.001 seconds) done.
[    9.162732] Freezing remaining freezable tasks ... (elapsed 0.001 seconds) done.
[    9.171706] Suspending console(s) (use no_console_suspend to debug)
[    9.220475] PM: suspend of devices complete after 41.116 msecs
[    9.223216] PM: late suspend of devices complete after 2.723 msecs
[    9.225225] PM: noirq suspend of devices complete after 1.999 msecs
[    9.225229] Disabling non-boot CPUs ...
[    9.226061] CPU1: shutdown
[    9.247600] CPU2: shutdown
[    9.271940] IRQ17 no longer affine to CPU3
[    9.272317] CPU3: shutdown
[    9.286205] Entering suspend state LP1
[    9.286229] Enabling non-boot CPUs ...
[    9.311659] CPU1 is up
[    9.336895] CPU2 is up
[    9.362210] CPU3 is up
[    9.363472] PM: noirq resume of devices complete after 1.252 msecs
[    9.366223] PM: early resume of devices complete after 2.285 msecs
[    9.461869] PM: resume of devices complete after 95.627 msecs
[    9.530745] Restarting tasks ... done.
root@(none):/# 
root@(none):/# rtcwake -d rtc1 -m mem -s 3
rtcwake: assuming RTC uses UTC ...
rtcwake: wakeup from "mem" using /dev/rtc1 at Thu Jan  1 00:00:59 1970
[   10.055994] PM: Syncing filesystems ... done.
[   10.083213] Freezing user space processes ... (elapsed 0.001 seconds) done.
[   10.091647] Freezing remaining freezable tasks ... (elapsed 0.001 seconds) done.
[   10.100519] Suspending console(s) (use no_console_suspend to debug)
[   10.147335] PM: suspend of devices complete after 39.140 msecs
[   10.150113] PM: late suspend of devices complete after 2.761 msecs
[   10.152282] PM: noirq suspend of devices complete after 2.155 msecs
[   10.152287] Disabling non-boot CPUs ...
[   10.153201] CPU1: shutdown
[   10.182245] IRQ17 no longer affine to CPU2
[   10.182642] CPU2: shutdown
[   10.207195] CPU3: shutdown
[   10.221190] Entering suspend state LP1
[   10.221214] Enabling non-boot CPUs ...
[   10.246645] CPU1 is up
[   10.271861] CPU2 is up
[   10.297179] CPU3 is up
[   10.298421] PM: noirq resume of devices complete after 1.231 msecs
[   10.301127] PM: early resume of devices complete after 2.266 msecs
[   10.397082] PM: resume of devices complete after 95.938 msecs
[   10.465939] Restarting tasks ... done.
root@(none):/# 
root@(none):/# rtcwake -d rtc1 -m mem -s 3
rtcwake: assuming RTC uses UTC ...
rtcwake: wakeup from "mem" using /dev/rtc1 at Thu Jan  1 00:01:07 1970
[   10.994524] PM: Syncing filesystems ... done.
[   11.021593] Freezing user space processes ... (elapsed 0.001 seconds) done.
[   11.030034] Freezing remaining freezable tasks ... (elapsed 0.001 seconds) done.
[   11.038900] Suspending console(s) (use no_console_suspend to debug)
[   11.082150] PM: suspend of devices complete after 35.566 msecs
[   11.084867] PM: late suspend of devices complete after 2.701 msecs
[   11.086812] PM: noirq suspend of devices complete after 1.934 msecs
[   11.086816] Disabling non-boot CPUs ...
[   11.087277] IRQ17 no longer affine to CPU1
[   11.087676] CPU1: shutdown
[   11.117555] CPU2: shutdown
[   11.142176] CPU3: shutdown
[   11.156157] Entering suspend state LP1
[   11.156181] Enabling non-boot CPUs ...
[   11.181572] CPU1 is up
[   11.206831] CPU2 is up
[   11.232142] CPU3 is up
[   11.233443] PM: noirq resume of devices complete after 1.290 msecs
[   11.236430] PM: early resume of devices complete after 2.542 msecs
[   11.331967] PM: resume of devices complete after 95.518 msecs
[   11.400791] Restarting tasks ... done.
root@(none):/# 
root@(none):/# rtcwake -d rtc1 -m mem -s 3
rtcwake: assuming RTC uses UTC ...
rtcwake: wakeup from "mem" using /dev/rtc1 at Thu Jan  1 00:01:15 1970
[   11.927438] PM: Syncing filesystems ... done.
[   11.954408] Freezing user space processes ... (elapsed 0.001 seconds) done.
[   11.962811] Freezing remaining freezable tasks ... (elapsed 0.001 seconds) done.
[   11.971720] Suspending console(s) (use no_console_suspend to debug)
[   12.016920] PM: suspend of devices complete after 37.522 msecs
[   12.019321] PM: late suspend of devices complete after 2.385 msecs
[   12.021274] PM: noirq suspend of devices complete after 1.943 msecs
[   12.021278] Disabling non-boot CPUs ...
[   12.022122] CPU1: shutdown
[   12.052491] CPU2: shutdown
[   12.076830] IRQ17 no longer affine to CPU3
[   12.077204] CPU3: shutdown
[   12.091081] Entering suspend state LP1
[   12.091105] Enabling non-boot CPUs ...
[   12.116557] CPU1 is up
[   12.141804] CPU2 is up
[   12.167121] CPU3 is up
[   12.168393] PM: noirq resume of devices complete after 1.262 msecs
[   12.171341] PM: early resume of devices complete after 2.500 msecs
[   12.266888] PM: resume of devices complete after 95.529 msecs
[   12.335709] Restarting tasks ... done.
root@(none):/# 
root@(none):/# rtcwake -d rtc1 -m mem -s 3
rtcwake: assuming RTC uses UTC ...
rtcwake: wakeup from "mem" using /dev/rtc1 at Thu Jan  1 00:01:23 1970
[   12.866884] PM: Syncing filesystems ... done.
[   12.893860] Freezing user space processes ... (elapsed 0.001 seconds) done.
[   12.902289] Freezing remaining freezable tasks ... (elapsed 0.001 seconds) done.
[   12.911186] Suspending console(s) (use no_console_suspend to debug)
[   12.957191] PM: suspend of devices complete after 38.351 msecs
[   12.959584] PM: late suspend of devices complete after 2.376 msecs
[   12.961572] PM: noirq suspend of devices complete after 1.978 msecs
[   12.961576] Disabling non-boot CPUs ...
[   12.962427] CPU1: shutdown
[   12.987465] CPU2: shutdown
[   13.012138] CPU3: shutdown
[   13.026043] Entering suspend state LP1
[   13.026067] Enabling non-boot CPUs ...
[   13.051508] CPU1 is up
[   13.076757] CPU2 is up
[   13.102087] CPU3 is up
[   13.103351] PM: noirq resume of devices complete after 1.254 msecs
[   13.106633] PM: early resume of devices complete after 2.830 msecs
[   13.201959] PM: resume of devices complete after 95.306 msecs
[   13.266725] Restarting tasks ... done.
root@(none):/# 
root@(none):/# rtcwake -d rtc1 -m mem -s 3
rtcwake: assuming RTC uses UTC ...
rtcwake: wakeup from "mem" using /dev/rtc1 at Thu Jan  1 00:01:31 1970
[   13.805171] PM: Syncing filesystems ... done.
[   13.832079] Freezing user space processes ... (elapsed 0.001 seconds) done.
[   13.840492] Freezing remaining freezable tasks ... (elapsed 0.001 seconds) done.
[   13.849441] Suspending console(s) (use no_console_suspend to debug)
[   13.892186] PM: suspend of devices complete after 35.076 msecs
[   13.894524] PM: late suspend of devices complete after 2.322 msecs
[   13.896533] PM: noirq suspend of devices complete after 2.000 msecs
[   13.896537] Disabling non-boot CPUs ...
[   13.897010] IRQ17 no longer affine to CPU1
[   13.897404] CPU1: shutdown
[   13.922427] CPU2: shutdown
[   13.947145] CPU3: shutdown
[   13.961021] Entering suspend state LP1
[   13.961045] Enabling non-boot CPUs ...
[   13.986482] CPU1 is up
[   14.011719] CPU2 is up
[   14.037023] CPU3 is up
[   14.038273] PM: noirq resume of devices complete after 1.239 msecs
[   14.040946] PM: early resume of devices complete after 2.226 msecs
[   14.136942] PM: resume of devices complete after 95.977 msecs
[   14.205736] Restarting tasks ... done.
root@(none):/# 
root@(none):/# NVTB SYSTEM SUSPEND TEST COMPLETE
