
U-Boot SPL 2014.01-00219-gc4d376f (Feb 18 2014 - 19:57:32)


U-Boot 2014.01-00219-gc4d376f (Feb 18 2014 - 19:57:32)

TEGRA114
Board: NVIDIA Dalmore
I2C:   ready
DRAM:  2 GiB
MMC:   Tegra SD/MMC: 0, Tegra SD/MMC: 1
In:    serial
Out:   serial
Err:   serial
Net:   Net Initialization Skipped
No ethernet found.
Hit any key to stop autoboot:  2  0 
Tegra114 (Dalmore) # 
Tegra114 (Dalmore) # usb reset
(Re)start USB...
USB0:   USB EHCI 1.10
scanning bus 0 for devices... 2 USB Device(s) found
       scanning usb for storage devices... 0 Storage Device(s) found
       scanning usb for ethernet devices... 
Warning: asx0 using MAC address from net device
1 Ethernet Device(s) found
Tegra114 (Dalmore) # setenv bootargs 'ignore_loglevel console=ttyS0,115200n8 rw root=PARTUUID=7369c667-ff51-ec4a-29cd-baabf2fbe346 rootwait gpt debug earlyprintk init=/bin/bash'
Tegra114 (Dalmore) # setenv ipaddr 192.168.100.100; setenv serverip 192.168.100.1; setenv tftpserverip 192.168.100.1
Tegra114 (Dalmore) # tftpboot 0x81000000 zImage.multi_v7_defconfig
Using asx0 device
TFTP from server 192.168.100.1; our IP address is 192.168.100.100
Filename 'zImage.multi_v7_defconfig'.
Load address: 0x81000000
Loading: *#################################################################
	 #################################################################
	 #################################################################
	 #################################################################
	 #################################################################
	 #################################################################
	 #################################################################
	 #################################################################
	 ########################################
	 3.2 MiB/s
done
Bytes transferred = 8217088 (7d6200 hex)
Tegra114 (Dalmore) # tftpboot 0x82000000 tegra114-dalmore.dtb
Using asx0 device
TFTP from server 192.168.100.1; our IP address is 192.168.100.100
Filename 'tegra114-dalmore.dtb'.
Load address: 0x82000000
Loading: *###
	 2.7 MiB/s
done
Bytes transferred = 34502 (86c6 hex)
Tegra114 (Dalmore) # bootz 0x81000000 - 0x82000000
Kernel image @ 0x81000000 [ 0x000000 - 0x7d6200 ]
## Flattened Device Tree blob at 82000000
   Booting using the fdt blob at 0x82000000
   Loading Device Tree to 8fff4000, end 8ffff6c5 ... OK

Starting kernel ...

[    0.000000] Booting Linux on physical CPU 0x0
[    0.000000] Linux version 4.14.0-rc8-next-20171109-214194-g5515cf1 (jonathanh@sellafield) (gcc version 4.7.3 20130328 (prerelease) (crosstool-NG linaro-1.13.1-4.7-2013.04-20130415 - Linaro GCC 2013.04)) #1 SMP Thu Nov 9 03:00:22 PST 2017
[    0.000000] CPU: ARMv7 Processor [412fc0f2] revision 2 (ARMv7), cr=10c5387d
[    0.000000] CPU: div instructions available: patching division code
[    0.000000] CPU: PIPT / VIPT nonaliasing data cache, PIPT instruction cache
[    0.000000] OF: fdt: Machine model: NVIDIA Tegra114 Dalmore evaluation board
[    0.000000] debug: ignoring loglevel setting.
[    0.000000] Memory policy: Data cache writealloc
[    0.000000] efi: Getting EFI parameters from FDT:
[    0.000000] efi: UEFI not found.
[    0.000000] cma: Reserved 64 MiB at 0xfb800000
[    0.000000] On node 0 totalpages: 524032
[    0.000000] free_area_init_node: node 0, pgdat c1680280, node_mem_map eeff8000
[    0.000000]   DMA zone: 1536 pages used for memmap
[    0.000000]   DMA zone: 0 pages reserved
[    0.000000]   DMA zone: 196608 pages, LIFO batch:31
[    0.000000]   HighMem zone: 327424 pages, LIFO batch:31
[    0.000000] random: fast init done
[    0.000000] percpu: Embedded 17 pages/cpu @eef9b000 s39424 r8192 d22016 u69632
[    0.000000] pcpu-alloc: s39424 r8192 d22016 u69632 alloc=17*4096
[    0.000000] pcpu-alloc: [0] 0 [0] 1 [0] 2 [0] 3 
[    0.000000] Built 1 zonelists, mobility grouping on.  Total pages: 522496
[    0.000000] Kernel command line: ignore_loglevel console=ttyS0,115200n8 rw root=PARTUUID=7369c667-ff51-ec4a-29cd-baabf2fbe346 rootwait gpt debug earlyprintk init=/bin/bash
[    0.000000] Dentry cache hash table entries: 131072 (order: 7, 524288 bytes)
[    0.000000] Inode-cache hash table entries: 65536 (order: 6, 262144 bytes)
[    0.000000] Memory: 1992548K/2096128K available (11264K kernel code, 1600K rwdata, 4556K rodata, 2048K init, 404K bss, 38044K reserved, 65536K cma-reserved, 1244160K highmem)
[    0.000000] Virtual kernel memory layout:
[    0.000000]     vector  : 0xffff0000 - 0xffff1000   (   4 kB)
[    0.000000]     fixmap  : 0xffc00000 - 0xfff00000   (3072 kB)
[    0.000000]     vmalloc : 0xf0800000 - 0xff800000   ( 240 MB)
[    0.000000]     lowmem  : 0xc0000000 - 0xf0000000   ( 768 MB)
[    0.000000]     pkmap   : 0xbfe00000 - 0xc0000000   (   2 MB)
[    0.000000]     modules : 0xbf000000 - 0xbfe00000   (  14 MB)
[    0.000000]       .text : 0xc0208000 - 0xc0e00000   (12256 kB)
[    0.000000]       .init : 0xc1300000 - 0xc1500000   (2048 kB)
[    0.000000]       .data : 0xc1500000 - 0xc1690280   (1601 kB)
[    0.000000]        .bss : 0xc1690280 - 0xc16f5634   ( 405 kB)
[    0.000000] SLUB: HWalign=64, Order=0-3, MinObjects=0, CPUs=4, Nodes=1
[    0.000000] Hierarchical RCU implementation.
[    0.000000] 	RCU event tracing is enabled.
[    0.000000] 	RCU restricting CPUs from NR_CPUS=16 to nr_cpu_ids=4.
[    0.000000] RCU: Adjusting geometry for rcu_fanout_leaf=16, nr_cpu_ids=4
[    0.000000] NR_IRQS: 16, nr_irqs: 16, preallocated irqs: 16
[    0.000000] /interrupt-controller@60004000: 160 interrupts forwarded to /interrupt-controller@50041000
[    0.000000] Tegra clk 127: register failed with -17
[    0.000009] sched_clock: 32 bits at 1000kHz, resolution 1000ns, wraps every 2147483647500ns
[    0.000029] clocksource: timer_us: mask: 0xffffffff max_cycles: 0xffffffff, max_idle_ns: 1911260446275 ns
[    0.000045] Switching to timer-based delay loop, resolution 1000ns
[    0.003269] arch_timer: cp15 timer(s) running at 12.00MHz (virt).
[    0.003290] clocksource: arch_sys_counter: mask: 0xffffffffffffff max_cycles: 0x2c47f4ee7, max_idle_ns: 440795202497 ns
[    0.003310] sched_clock: 56 bits at 12MHz, resolution 83ns, wraps every 4398046511096ns
[    0.003326] Switching to timer-based delay loop, resolution 83ns
[    0.003747] Console: colour dummy device 80x30
[    0.003781] Calibrating delay loop (skipped), value calculated using timer frequency.. 24.00 BogoMIPS (lpj=120000)
[    0.003801] pid_max: default: 32768 minimum: 301
[    0.003920] Mount-cache hash table entries: 2048 (order: 1, 8192 bytes)
[    0.003935] Mountpoint-cache hash table entries: 2048 (order: 1, 8192 bytes)
[    0.004453] CPU: Testing write buffer coherency: ok
[    0.004703] /cpus/cpu@0 missing clock-frequency property
[    0.004737] /cpus/cpu@1 missing clock-frequency property
[    0.004768] /cpus/cpu@2 missing clock-frequency property
[    0.004800] /cpus/cpu@3 missing clock-frequency property
[    0.004815] CPU0: thread -1, cpu 0, socket 0, mpidr 80000000
[    0.005119] Setting up static identity map for 0x80300000 - 0x803000a0
[    0.006358] Hierarchical SRCU implementation.
[    0.007736] Tegra Revision: A01 SKU: 0 CPU Process: 1 SoC Process: 0
[    0.008396] EFI services will not be available.
[    0.008551] smp: Bringing up secondary CPUs ...
[    0.009062] CPU1: thread -1, cpu 1, socket 0, mpidr 80000001
[    0.009670] CPU2: thread -1, cpu 2, socket 0, mpidr 80000002
[    0.010258] CPU3: thread -1, cpu 3, socket 0, mpidr 80000003
[    0.010364] smp: Brought up 1 node, 4 CPUs
[    0.010387] SMP: Total of 4 processors activated (96.00 BogoMIPS).
[    0.010396] CPU: All CPU(s) started in SVC mode.
[    0.011905] devtmpfs: initialized
[    0.019743] VFP support v0.3: implementor 41 architecture 4 part 30 variant f rev 0
[    0.020059] clocksource: jiffies: mask: 0xffffffff max_cycles: 0xffffffff, max_idle_ns: 19112604462750000 ns
[    0.020078] futex hash table entries: 1024 (order: 4, 65536 bytes)
[    0.021549] pinctrl core: initialized pinctrl subsystem
[    0.022840] DMI not present or invalid.
[    0.023095] NET: Registered protocol family 16
[    0.025412] DMA: preallocated 256 KiB pool for atomic coherent allocations
[    0.027363] cpuidle: using governor menu
[    0.048864] No ATAGs?
[    0.048998] hw-breakpoint: found 5 (+1 reserved) breakpoint and 4 watchpoint registers.
[    0.049015] hw-breakpoint: maximum watchpoint size is 8 bytes.
[    0.054584] Serial: AMBA PL011 UART driver
[    0.055496] tegra-mc 70019000.memory-controller: no memory timings for RAM code 3 registered
[    0.055625] iommu: Adding device reg-dummy to group 0
[    0.055660] iommu: Adding device 50000000.host1x to group 1
[    0.055699] iommu: Adding device 54140000.gr2d to group 2
[    0.055732] iommu: Adding device 54180000.gr3d to group 3
[    0.055801] iommu: Adding device 54200000.dc to group 4
[    0.055870] iommu: Adding device 54240000.dc to group 5
[    0.055902] iommu: Adding device 54280000.hdmi to group 6
[    0.055934] iommu: Adding device 54300000.dsi to group 7
[    0.055967] iommu: Adding device 60005000.timer to group 8
[    0.055998] iommu: Adding device 60007000.flow-controller to group 9
[    0.056031] iommu: Adding device 6000a000.dma to group 10
[    0.056063] iommu: Adding device 6000c000.ahb to group 11
[    0.056096] iommu: Adding device 6000d000.gpio to group 12
[    0.056132] iommu: Adding device 70000800.apbmisc to group 13
[    0.056173] iommu: Adding device 70000868.pinmux to group 14
[    0.056205] iommu: Adding device 70006300.serial to group 15
[    0.056236] iommu: Adding device 7000a000.pwm to group 16
[    0.056269] iommu: Adding device 7000c000.i2c to group 17
[    0.056301] iommu: Adding device 7000c700.i2c to group 18
[    0.056334] iommu: Adding device 7000d000.i2c to group 19
[    0.056365] iommu: Adding device 7000da00.spi to group 20
[    0.056400] iommu: Adding device 7000e000.rtc to group 21
[    0.056435] iommu: Adding device 7000e400.pmc to group 22
[    0.056473] iommu: Adding device 7000f800.fuse to group 23
[    0.056506] iommu: Adding device 70019000.memory-controller to group 24
[    0.056538] iommu: Adding device 70080000.ahub to group 25
[    0.056570] iommu: Adding device 700e3000.mipi to group 26
[    0.056603] iommu: Adding device 78000400.sdhci to group 27
[    0.056634] iommu: Adding device 78000600.sdhci to group 28
[    0.056667] iommu: Adding device 7d000000.usb to group 29
[    0.056699] iommu: Adding device 7d000000.usb-phy to group 30
[    0.056736] iommu: Adding device 7d008000.usb to group 31
[    0.056769] iommu: Adding device 7d008000.usb-phy to group 32
[    0.056801] iommu: Adding device timer to group 33
[    0.056837] iommu: Adding device backlight to group 34
[    0.056869] iommu: Adding device clocks to group 35
[    0.056902] iommu: Adding device gpio-keys to group 36
[    0.056934] iommu: Adding device regulators to group 37
[    0.056966] iommu: Adding device regulators:regulator@0 to group 38
[    0.057002] iommu: Adding device regulators:regulator@1 to group 39
[    0.057034] iommu: Adding device regulators:regulator@3 to group 40
[    0.057068] iommu: Adding device regulators:regulator@4 to group 41
[    0.057100] iommu: Adding device regulators:regulator@5 to group 42
[    0.057132] iommu: Adding device regulators:regulator@6 to group 43
[    0.057164] iommu: Adding device regulators:regulator@7 to group 44
[    0.057199] iommu: Adding device sound to group 45
[    0.071049] AT91: Could not find identification node
[    0.071536] dvdd_ts: Failed to request enable GPIO61: -517
[    0.071557] reg-fixed-voltage regulators:regulator@1: Failed to register regulator: -517
[    0.071663] usb1_vbus: Failed to request enable GPIO108: -517
[    0.071678] reg-fixed-voltage regulators:regulator@3: Failed to register regulator: -517
[    0.071783] usb2_vbus: Failed to request enable GPIO86: -517
[    0.071797] reg-fixed-voltage regulators:regulator@4: Failed to register regulator: -517
[    0.072216] VDD_5V0_HDMI_CON: Failed to request enable GPIO81: -517
[    0.072231] reg-fixed-voltage regulators:regulator@7: Failed to register regulator: -517
[    0.074655] vgaarb: loaded
[    0.075357] SCSI subsystem initialized
[    0.075531] libata version 3.00 loaded.
[    0.075724] usbcore: registered new interface driver usbfs
[    0.075773] usbcore: registered new interface driver hub
[    0.075845] usbcore: registered new device driver usb
[    0.079057] tps65090 2-0048: No cache defaults, reading back from HW
[    0.080062] iommu: Adding device tps65090-pmic to group 46
[    0.081008] TPS65090_RAILSDCDC1: supplied by vdd_ac_bat
[    0.082068] TPS65090_RAILSDCDC2: supplied by vdd_ac_bat
[    0.083118] TPS65090_RAILSDCDC3: supplied by vdd_ac_bat
[    0.083661] TPS65090_RAILSFET1: supplied by vdd_ac_bat
[    0.084019] TPS65090_RAILSFET2: supplied by vdd_ac_bat
[    0.084368] TPS65090_RAILSFET3: supplied by vdd-sys-3v3
[    0.084872] TPS65090_RAILSFET4: supplied by vdd-sys-3v3
[    0.085393] TPS65090_RAILSFET5: supplied by vdd-sys-3v3
[    0.085895] TPS65090_RAILSFET6: supplied by vdd-sys-3v3
[    0.086726] TPS65090_RAILSFET7: supplied by vdd-sys-3v3
[    0.087230] TPS65090_RAILSLDO1: supplied by vdd_ac_bat
[    0.087415] TPS65090_RAILSLDO2: supplied by vdd_ac_bat
[    0.087738] iommu: Adding device tps65090-charger to group 47
[    0.088347] palmas 2-0058: Irq flag is 0x00000004
[    0.090305] palmas 2-0058: Muxing GPIO ff, PWM 0, LED 0
[    0.090536] iommu: Adding device 7000d000.i2c:tps65913@58:gpio to group 48
[    0.091070] iommu: Adding device 7000d000.i2c:tps65913@58:pmic to group 49
[    0.092878] SMPS12: supplied by vdd-ao
[    0.093880] vdd_hdmi_5v0: supplied by vdd-sys-5v0
[    0.094689] SMPS3: supplied by vdd-ao
[    0.096409] SMPS457: supplied by vdd-sys-3v3
[    0.098038] SMPS6: supplied by regulator-dummy
[    0.099422] SMPS8: supplied by vdd-sys-3v3
[    0.100996] SMPS9: supplied by vdd-sys-3v3
[    0.101522] sdhci-vdd-sd-slot: Bringing 2840000uV into 2800000-2800000uV
[    0.102900] SMPS10_OUT2: supplied by regulator-dummy
[    0.103773] SMPS10_OUT1: supplied by regulator-dummy
[    0.104600] LDO1: supplied by vdd-sys-3v3
[    0.105709] LDO2: supplied by vdd-sys-3v3
[    0.106823] LDO3: supplied by vddio-1v8
[    0.107918] LDO4: supplied by vdd-sys-3v3
[    0.109013] LDO5: supplied by vdd_ac_bat
[    0.109688] LDO6: supplied by vdd-sys-3v3
[    0.110203] vdd-sensor-2v85: Bringing 2900000uV into 2850000-2850000uV
[    0.111524] LDO7: supplied by vdd-sys-3v3
[    0.113141] LDO8: supplied by vdd-ao
[    0.113673] vdd-rtc: Bringing 675000uV into 900000-900000uV
[    0.124015] LDO9: supplied by sdhci-vdd-sd-slot
[    0.134335] LDOLN: supplied by vdd-sys-5v0
[    0.135444] LDOUSB: supplied by vdd-sys-5v0
[    0.145750] iommu: Adding device 7000d000.i2c:tps65913@58:rtc to group 50
[    0.146156] iommu: Adding device 7000d000.i2c:tps65913@58:pinmux to group 51
[    0.146724] pps_core: LinuxPPS API ver. 1 registered
[    0.146734] pps_core: Software ver. 5.3.6 - Copyright 2005-2007 Rodolfo Giometti <giometti@linux.it>
[    0.146759] PTP clock support registered
[    0.146946] EDAC MC: Ver: 3.0.0
[    0.148992] clocksource: Switched to clocksource arch_sys_counter
[    0.199992] NET: Registered protocol family 2
[    0.200504] TCP established hash table entries: 8192 (order: 3, 32768 bytes)
[    0.200604] TCP bind hash table entries: 8192 (order: 4, 65536 bytes)
[    0.200792] TCP: Hash tables configured (established 8192 bind 8192)
[    0.200880] UDP hash table entries: 512 (order: 2, 16384 bytes)
[    0.200924] UDP-Lite hash table entries: 512 (order: 2, 16384 bytes)
[    0.201079] NET: Registered protocol family 1
[    0.201475] RPC: Registered named UNIX socket transport module.
[    0.201487] RPC: Registered udp transport module.
[    0.201497] RPC: Registered tcp transport module.
[    0.201506] RPC: Registered tcp NFSv4.1 backchannel transport module.
[    0.201519] PCI: CLS 0 bytes, default 64
[    0.202970] iommu: Adding device alarmtimer to group 52
[    0.203682] Initialise system trusted keyrings
[    0.203824] workingset: timestamp_bits=30 max_order=19 bucket_order=0
[    0.210541] squashfs: version 4.0 (2009/01/31) Phillip Lougher
[    0.211146] NFS: Registering the id_resolver key type
[    0.211171] Key type id_resolver registered
[    0.211181] Key type id_legacy registered
[    0.211226] ntfs: driver 2.1.32 [Flags: R/O].
[    0.212878] Key type asymmetric registered
[    0.212890] Asymmetric key parser 'x509' registered
[    0.212943] bounce: pool size: 64 pages
[    0.212993] Block layer SCSI generic (bsg) driver version 0.4 loaded (major 247)
[    0.213005] io scheduler noop registered
[    0.213015] io scheduler deadline registered
[    0.213241] io scheduler cfq registered (default)
[    0.213253] io scheduler mq-deadline registered
[    0.213262] io scheduler kyber registered
[    0.245269] tegra-apbdma 6000a000.dma: Tegra20 APB DMA driver register 32 channels
[    0.248159] tegra-pmc 7000e400.pmc: i2c-thermtrip node not found, emergency thermal reset disabled.
[    0.299953] Serial: 8250/16550 driver, 4 ports, IRQ sharing disabled
[    0.300055] iommu: Adding device serial8250 to group 53
[    0.302643] console [ttyS0] disabled
[    0.302686] 70006300.serial: ttyS0 at MMIO 0x70006300 (irq = 329, base_baud = 25500000) is a Tegra
[    1.622041] console [ttyS0] enabled
[    1.626285] SuperH (H)SCI(F) driver initialized
[    1.631805] msm_serial: driver initialized
[    1.636073] STMicroelectronics ASC driver initialized
[    1.663052] tegra-hdmi 54280000.hdmi: failed to get HDMI regulator
[    1.685009] brd: module loaded
[    1.694701] loop: module loaded
[    1.715157] m25p80 spi0.0: w25q32dw (4096 Kbytes)
[    1.722139] iommu: Adding device Fixed MDIO bus.0 to group 54
[    1.728313] libphy: Fixed MDIO Bus: probed
[    1.733399] CAN device driver interface
[    1.738042] bgmac_bcma: Broadcom 47xx GBit MAC driver loaded
[    1.744925] e1000e: Intel(R) PRO/1000 Network Driver - 3.2.6-k
[    1.750768] e1000e: Copyright(c) 1999 - 2015 Intel Corporation.
[    1.756724] igb: Intel(R) Gigabit Ethernet Network Driver - version 5.4.0-k
[    1.763692] igb: Copyright (c) 2007-2014 Intel Corporation.
[    1.772767] pegasus: v0.9.3 (2013/04/25), Pegasus/Pegasus II USB Ethernet driver
[    1.780216] usbcore: registered new interface driver pegasus
[    1.785904] usbcore: registered new interface driver asix
[    1.791345] usbcore: registered new interface driver ax88179_178a
[    1.797460] usbcore: registered new interface driver cdc_ether
[    1.803345] usbcore: registered new interface driver smsc75xx
[    1.809149] usbcore: registered new interface driver smsc95xx
[    1.814912] usbcore: registered new interface driver net1080
[    1.820614] usbcore: registered new interface driver cdc_subset
[    1.826551] usbcore: registered new interface driver zaurus
[    1.832183] usbcore: registered new interface driver cdc_ncm
[    1.838058] tegra-phy 7d000000.usb-phy: no vbus regulator
[    1.845479] ehci_hcd: USB 2.0 'Enhanced' Host Controller (EHCI) Driver
[    1.852021] ehci-pci: EHCI PCI platform driver
[    1.856492] ehci-platform: EHCI generic platform driver
[    1.861910] ehci-orion: EHCI orion driver
[    1.866057] SPEAr-ehci: EHCI SPEAr driver
[    1.870207] ehci-st: EHCI STMicroelectronics driver
[    1.875203] ehci-exynos: EHCI EXYNOS driver
[    1.879551] ehci-atmel: EHCI Atmel driver
[    1.883679] tegra-ehci: Tegra EHCI driver
[    1.887979] ohci_hcd: USB 1.1 'Open' Host Controller (OHCI) Driver
[    1.894181] ohci-pci: OHCI PCI platform driver
[    1.898654] ohci-platform: OHCI generic platform driver
[    1.904056] SPEAr-ohci: OHCI SPEAr driver
[    1.908188] ohci-st: OHCI STMicroelectronics driver
[    1.913206] ohci-atmel: OHCI Atmel driver
[    1.917887] usbcore: registered new interface driver usb-storage
[    1.927985] iommu: Adding device ci_hdrc.0 to group 55
[    1.941823] palmas-rtc 7000d000.i2c:tps65913@58:rtc: rtc core: registered 7000d000.i2c:tps65913@58:rtc as rtc0
[    1.953639] tegra_rtc 7000e000.rtc: rtc core: registered 7000e000.rtc as rtc1
[    1.960827] tegra_rtc 7000e000.rtc: Tegra internal Real Time Clock
[    1.967509] i2c /dev entries driver
[    1.977420] sbs-battery 0-000b: sbs_probe: Failed to get device status
[    1.983976] sbs-battery: probe of 0-000b failed with error -121
[    2.000273] sdhci: Secure Digital Host Controller Interface driver
[    2.006445] sdhci: Copyright(c) Pierre Ossman
[    2.012342] Synopsys Designware Multimedia Card Interface Driver
[    2.019707] sdhci-pltfm: SDHCI platform and OF driver helper
[    2.026090] sdhci-tegra 78000400.sdhci: Got CD GPIO
[    2.031003] sdhci-tegra 78000400.sdhci: Got WP GPIO
[    2.044112] mmc0: Invalid maximum block size, assuming 512 bytes
[    2.109142] mmc0: SDHCI controller on 78000400.sdhci [78000400.sdhci] using ADMA
[    2.125828] mmc1: Invalid maximum block size, assuming 512 bytes
[    2.189034] mmc1: SDHCI controller on 78000600.sdhci [78000600.sdhci] using ADMA
[    2.198435] ledtrig-cpu: registered to indicate activity on CPUs
[    2.204818] usbcore: registered new interface driver usbhid
[    2.210403] usbhid: USB HID core driver
[    2.218152] NET: Registered protocol family 10
[    2.223507] Segment Routing with IPv6
[    2.227234] sit: IPv6, IPv4 and MPLS over IPv4 tunneling driver
[    2.233686] NET: Registered protocol family 17
[    2.238133] can: controller area network core (rev 20170425 abi 9)
[    2.244383] NET: Registered protocol family 29
[    2.248823] can: raw protocol (rev 20170425)
[    2.253111] can: broadcast manager protocol (rev 20170425 t)
[    2.258768] can: netlink gateway (rev 20170425) max_hops=1
[    2.264551] Key type dns_resolver registered
[    2.269341] ThumbEE CPU extension supported.
[    2.273612] Registering SWP/SWPB emulation handler
[    2.278915] Loading compiled-in X.509 certificates
[    2.294911] mmc0: new high speed SDHC card at address aaaa
[    2.296982] usb1_vbus: supplied by vdd-sys-5v0
[    2.305571] usb2_vbus: supplied by vdd-sys-5v0
[    2.309277] mmcblk0: mmc0:aaaa SL16G 14.8 GiB 
[    2.317602] VDD_5V0_HDMI_CON: supplied by vdd-sys-5v0
[    2.327116]  mmcblk0: p1 p2 p3
[    2.331412] [drm] Supports vblank timestamp caching Rev 2 (21.10.2013).
[    2.338034] [drm] No driver support for vblank timestamp query.
[    2.347439] mmc1: new high speed MMC card at address 0001
[    2.353396] mmcblk1: mmc1:0001 SEM32G 29.1 GiB 
[    2.358228] mmcblk1boot0: mmc1:0001 SEM32G partition 1 4.00 MiB
[    2.364520] mmcblk1boot1: mmc1:0001 SEM32G partition 2 4.00 MiB
[    2.371085] mmcblk1rpmb: mmc1:0001 SEM32G partition 3 4.00 MiB, chardev (237:0)
[    2.374115]  mmcblk1: p1 p2 p3 p4 p5 p6 p7 p8
[    2.440170] Console: switching to colour frame buffer device 240x75
[    2.491459] drm drm: fb0:  frame buffer device
[    2.495999] [drm] Initialized tegra 0.0.0 20120330 for drm on minor 0
[    2.505929] tegra-ehci 7d008000.usb: EHCI Host Controller
[    2.511393] tegra-ehci 7d008000.usb: new USB bus registered, assigned bus number 1
[    2.519679] tegra-ehci 7d008000.usb: irq 340, io mem 0x7d008000
[    2.549118] tegra-ehci 7d008000.usb: USB 2.0 started, EHCI 1.10
[    2.556189] hub 1-0:1.0: USB hub found
[    2.560059] hub 1-0:1.0: 1 port detected
[    2.564010] hub 1-0:1.0: config failed, can't get hub status (err 2)
[    2.571976] input: gpio-keys as /devices/soc0/gpio-keys/input/input0
[    2.581103] palmas-rtc 7000d000.i2c:tps65913@58:rtc: setting system clock to 2000-04-01 17:59:08 UTC (954611948)
[    2.596543] dvdd_ts: disabling
[    2.599679] usb1_vbus: disabling
[    2.602922] vdd_cam_1v8_reg: disabling
[    2.608251] EXT4-fs (mmcblk1p1): mounting ext3 file system using the ext4 subsystem
[    2.630198] EXT4-fs (mmcblk1p1): recovery complete
[    2.635002] EXT4-fs (mmcblk1p1): mounted filesystem with ordered data mode. Opts: (null)
[    2.643195] VFS: Mounted root (ext3 filesystem) on device 179:17.
[    2.653732] devtmpfs: mounted
[    2.658599] Freeing unused kernel memory: 2048K
bash: cannot set terminal process group (-1): Inappropriate ioctl for device
bash: no job control in this shell
root@(none):/# mount -t sysfs none /sys
root@(none):/# 
root@(none):/# mount -t debugfs none /sys/kernel/debug
root@(none):/# 
root@(none):/# rtcwake -d rtc1 -m mem -s 3
rtcwake: assuming RTC uses UTC ...
rtcwake: wakeup from "mem" using /dev/rtc1 at Thu Jan  1 00:00:20 1970
[    5.362978] PM: suspend entry (deep)
[    5.366561] PM: Syncing filesystems ... done.
[    5.405626] Freezing user space processes ... (elapsed 0.001 seconds) done.
[    5.413790] OOM killer disabled.
[    5.417014] Freezing remaining freezable tasks ... (elapsed 0.001 seconds) done.
[    5.425741] Suspending console(s) (use no_console_suspend to debug)
[    5.433662] hub 1-0:1.0: activate --> -22
[    5.517604] Disabling non-boot CPUs ...
[    5.549387] IRQ17 no longer affine to CPU1
[    5.650297] Entering suspend state LP1
[    5.650319] Enabling non-boot CPUs ...
[    5.650910] CPU1 is up
[    5.651431] CPU2 is up
[    5.652071] CPU3 is up
[    5.727530] hub 1-0:1.0: activate --> -22
[    5.760138] OOM killer enabled.
[    5.763276] Restarting tasks ... done.
[    5.794042] PM: suspend exit
root@(none):/# 
root@(none):/# rtcwake -d rtc1 -m mem -s 3
rtcwake: assuming RTC uses UTC ...
rtcwake: wakeup from "mem" using /dev/rtc1 at Thu Jan  1 00:00:29 1970
[    6.602282] PM: suspend entry (deep)
[    6.605884] PM: Syncing filesystems ... done.
[    6.643961] Freezing user space processes ... (elapsed 0.001 seconds) done.
[    6.652230] OOM killer disabled.
[    6.655473] Freezing remaining freezable tasks ... (elapsed 0.001 seconds) done.
[    6.664210] Suspending console(s) (use no_console_suspend to debug)
[    6.672142] hub 1-0:1.0: activate --> -22
[    6.756571] Disabling non-boot CPUs ...
[    6.920129] Entering suspend state LP1
[    6.920152] Enabling non-boot CPUs ...
[    6.920737] CPU1 is up
[    6.921258] CPU2 is up
[    6.921898] CPU3 is up
[    6.997583] hub 1-0:1.0: activate --> -22
[    7.025867] OOM killer enabled.
[    7.029031] Restarting tasks ... done.
[    7.064086] PM: suspend exit
root@(none):/# 
root@(none):/# rtcwake -d rtc1 -m mem -s 3
rtcwake: assuming RTC uses UTC ...
rtcwake: wakeup from "mem" using /dev/rtc1 at Thu Jan  1 00:00:38 1970
[    7.871284] PM: suspend entry (deep)
[    7.874866] PM: Syncing filesystems ... done.
[    7.914022] Freezing user space processes ... (elapsed 0.001 seconds) done.
[    7.922294] OOM killer disabled.
[    7.925537] Freezing remaining freezable tasks ... (elapsed 0.001 seconds) done.
[    7.934279] Suspending console(s) (use no_console_suspend to debug)
[    7.942228] hub 1-0:1.0: activate --> -22
[    8.026573] Disabling non-boot CPUs ...
[    8.180092] Entering suspend state LP1
[    8.180115] Enabling non-boot CPUs ...
[    8.180705] CPU1 is up
[    8.181230] CPU2 is up
[    8.181857] CPU3 is up
[    8.257386] hub 1-0:1.0: activate --> -22
[    8.285725] OOM killer enabled.
[    8.288890] Restarting tasks ... done.
[    8.323960] PM: suspend exit
root@(none):/# 
root@(none):/# rtcwake -d rtc1 -m mem -s 3
rtcwake: assuming RTC uses UTC ...
rtcwake: wakeup from "mem" using /dev/rtc1 at Thu Jan  1 00:00:47 1970
[    9.129808] PM: suspend entry (deep)
[    9.133390] PM: Syncing filesystems ... done.
[    9.173891] Freezing user space processes ... (elapsed 0.001 seconds) done.
[    9.182163] OOM killer disabled.
[    9.185406] Freezing remaining freezable tasks ... (elapsed 0.001 seconds) done.
[    9.194159] Suspending console(s) (use no_console_suspend to debug)
[    9.202096] hub 1-0:1.0: activate --> -22
[    9.286712] Disabling non-boot CPUs ...
[    9.440038] Entering suspend state LP1
[    9.440061] Enabling non-boot CPUs ...
[    9.440647] CPU1 is up
[    9.441172] CPU2 is up
[    9.441803] CPU3 is up
[    9.517595] hub 1-0:1.0: activate --> -22
[    9.545959] OOM killer enabled.
[    9.549116] Restarting tasks ... done.
[    9.584067] PM: suspend exit
root@(none):/# 
root@(none):/# rtcwake -d rtc1 -m mem -s 3
rtcwake: assuming RTC uses UTC ...
rtcwake: wakeup from "mem" using /dev/rtc1 at Thu Jan  1 00:00:56 1970
[   10.403722] PM: suspend entry (deep)
[   10.407305] PM: Syncing filesystems ... done.
[   10.450747] Freezing user space processes ... (elapsed 0.001 seconds) done.
[   10.459023] OOM killer disabled.
[   10.462266] Freezing remaining freezable tasks ... (elapsed 0.001 seconds) done.
[   10.471025] Suspending console(s) (use no_console_suspend to debug)
[   10.478941] hub 1-0:1.0: activate --> -22
[   10.566345] Disabling non-boot CPUs ...
[   10.609264] IRQ17 no longer affine to CPU1
[   10.699990] Entering suspend state LP1
[   10.700012] Enabling non-boot CPUs ...
[   10.700600] CPU1 is up
[   10.701129] CPU2 is up
[   10.701758] CPU3 is up
[   10.777232] hub 1-0:1.0: activate --> -22
[   10.809726] OOM killer enabled.
[   10.812863] Restarting tasks ... done.
[   10.843840] PM: suspend exit
root@(none):/# 
root@(none):/# rtcwake -d rtc1 -m mem -s 3
rtcwake: assuming RTC uses UTC ...
rtcwake: wakeup from "mem" using /dev/rtc1 at Thu Jan  1 00:01:05 1970
[   11.651395] PM: suspend entry (deep)
[   11.654977] PM: Syncing filesystems ... done.
[   11.693789] Freezing user space processes ... (elapsed 0.001 seconds) done.
[   11.702060] OOM killer disabled.
[   11.705304] Freezing remaining freezable tasks ... (elapsed 0.001 seconds) done.
[   11.714044] Suspending console(s) (use no_console_suspend to debug)
[   11.721987] hub 1-0:1.0: activate --> -22
[   11.806675] Disabling non-boot CPUs ...
[   11.959958] Entering suspend state LP1
[   11.959982] Enabling non-boot CPUs ...
[   11.960573] CPU1 is up
[   11.961100] CPU2 is up
[   11.961729] CPU3 is up
[   12.037447] hub 1-0:1.0: activate --> -22
[   12.065805] OOM killer enabled.
[   12.068961] Restarting tasks ... done.
[   12.103994] PM: suspend exit
root@(none):/# 
root@(none):/# rtcwake -d rtc1 -m mem -s 3
rtcwake: assuming RTC uses UTC ...
rtcwake: wakeup from "mem" using /dev/rtc1 at Thu Jan  1 00:01:14 1970
[   12.908998] PM: suspend entry (deep)
[   12.912579] PM: Syncing filesystems ... done.
[   12.953936] Freezing user space processes ... (elapsed 0.001 seconds) done.
[   12.962210] OOM killer disabled.
[   12.965454] Freezing remaining freezable tasks ... (elapsed 0.001 seconds) done.
[   12.974212] Suspending console(s) (use no_console_suspend to debug)
[   12.982139] hub 1-0:1.0: activate --> -22
[   13.066514] Disabling non-boot CPUs ...
[   13.229917] Entering suspend state LP1
[   13.229940] Enabling non-boot CPUs ...
[   13.230530] CPU1 is up
[   13.231056] CPU2 is up
[   13.231694] CPU3 is up
[   13.307358] hub 1-0:1.0: activate --> -22
[   13.335791] OOM killer enabled.
[   13.338957] Restarting tasks ... done.
[   13.373784] PM: suspend exit
root@(none):/# 
root@(none):/# rtcwake -d rtc1 -m mem -s 3
rtcwake: assuming RTC uses UTC ...
rtcwake: wakeup from "mem" using /dev/rtc1 at Thu Jan  1 00:01:23 1970
[   14.182339] PM: suspend entry (deep)
[   14.185948] PM: Syncing filesystems ... done.
[   14.223792] Freezing user space processes ... (elapsed 0.001 seconds) done.
[   14.232064] OOM killer disabled.
[   14.235306] Freezing remaining freezable tasks ... (elapsed 0.001 seconds) done.
[   14.244049] Suspending console(s) (use no_console_suspend to debug)
[   14.251996] hub 1-0:1.0: activate --> -22
[   14.336497] Disabling non-boot CPUs ...
[   14.479903] Entering suspend state LP1
[   14.479926] Enabling non-boot CPUs ...
[   14.480512] CPU1 is up
[   14.481039] CPU2 is up
[   14.481666] CPU3 is up
[   14.557200] hub 1-0:1.0: activate --> -22
[   14.585538] OOM killer enabled.
[   14.588701] Restarting tasks ... done.
[   14.623774] PM: suspend exit
root@(none):/# 
root@(none):/# rtcwake -d rtc1 -m mem -s 3
rtcwake: assuming RTC uses UTC ...
rtcwake: wakeup from "mem" using /dev/rtc1 at Thu Jan  1 00:01:32 1970
[   15.431020] PM: suspend entry (deep)
[   15.434601] PM: Syncing filesystems ... done.
[   15.473709] Freezing user space processes ... (elapsed 0.001 seconds) done.
[   15.481984] OOM killer disabled.
[   15.485226] Freezing remaining freezable tasks ... (elapsed 0.001 seconds) done.
[   15.493964] Suspending console(s) (use no_console_suspend to debug)
[   15.501904] hub 1-0:1.0: activate --> -22
[   15.586609] Disabling non-boot CPUs ...
[   15.739846] Entering suspend state LP1
[   15.739868] Enabling non-boot CPUs ...
[   15.740459] CPU1 is up
[   15.740986] CPU2 is up
[   15.741615] CPU3 is up
[   15.817143] hub 1-0:1.0: activate --> -22
[   15.845563] OOM killer enabled.
[   15.848721] Restarting tasks ... done.
[   15.883717] PM: suspend exit
root@(none):/# 
root@(none):/# rtcwake -d rtc1 -m mem -s 3
rtcwake: assuming RTC uses UTC ...
rtcwake: wakeup from "mem" using /dev/rtc1 at Thu Jan  1 00:01:41 1970
[   16.691392] PM: suspend entry (deep)
[   16.694973] PM: Syncing filesystems ... done.
[   16.733652] Freezing user space processes ... (elapsed 0.001 seconds) done.
[   16.741926] OOM killer disabled.
[   16.745169] Freezing remaining freezable tasks ... (elapsed 0.001 seconds) done.
[   16.753910] Suspending console(s) (use no_console_suspend to debug)
[   16.761862] hub 1-0:1.0: activate --> -22
[   16.846525] Disabling non-boot CPUs ...
[   16.989801] Entering suspend state LP1
[   16.989824] Enabling non-boot CPUs ...
[   16.990415] CPU1 is up
[   16.990940] CPU2 is up
[   16.991569] CPU3 is up
[   17.067121] hub 1-0:1.0: activate --> -22
[   17.095470] OOM killer enabled.
[   17.098635] Restarting tasks ... done.
[   17.133588] PM: suspend exit
root@(none):/# 
root@(none):/# NVTB SYSTEM SUSPEND TEST COMPLETE
