
U-Boot SPL 2014.01-00219-gc4d376f (Feb 18 2014 - 19:57:18)


U-Boot 2014.01-00219-gc4d376f (Feb 18 2014 - 19:57:18)

TEGRA30
Board: NVIDIA Beaver
I2C:   ready
DRAM:  2 GiB
MMC:   Tegra SD/MMC: 0, Tegra SD/MMC: 1
In:    serial
Out:   serial
Err:   serial
Net:   Net Initialization Skipped
No ethernet found.
Hit any key to stop autoboot:  2  0 
Tegra30 (Beaver) # 
Tegra30 (Beaver) # usb reset
(Re)start USB...
USB0:   USB EHCI 1.00
scanning bus 0 for devices... 2 USB Device(s) found
       scanning usb for storage devices... 0 Storage Device(s) found
       scanning usb for ethernet devices... 
Warning: asx0 using MAC address from net device
1 Ethernet Device(s) found
Tegra30 (Beaver) # setenv bootargs 'ignore_loglevel console=ttyS0,115200n8 rw root=/dev/mmcblk0p1 rootwait gpt debug init=/bin/bash noinitrd'
Tegra30 (Beaver) # setenv ipaddr 192.168.100.101; setenv serverip 192.168.100.1; setenv tftpserverip 192.168.100.1
Tegra30 (Beaver) # tftpboot 0x81000000 zImage.tegra_defconfig
Using asx0 device
TFTP from server 192.168.100.1; our IP address is 192.168.100.101
Filename 'zImage.tegra_defconfig'.
Load address: 0x81000000
Loading: *#################################################################
	 #################################################################
	 #################################################################
	 #################################################################
	 #################################################################
	 ##################
	 3.1 MiB/s
done
Bytes transferred = 5030168 (4cc118 hex)
Tegra30 (Beaver) # tftpboot 0x82000000 tegra30-beaver.dtb
Using asx0 device
TFTP from server 192.168.100.1; our IP address is 192.168.100.101
Filename 'tegra30-beaver.dtb'.
Load address: 0x82000000
Loading: *####
	 2.9 MiB/s
done
Bytes transferred = 51467 (c90b hex)
Tegra30 (Beaver) # bootz 0x81000000 - 0x82000000
Kernel image @ 0x81000000 [ 0x000000 - 0x4cc118 ]
## Flattened Device Tree blob at 82000000
   Booting using the fdt blob at 0x82000000
   Loading Device Tree to 8fff0000, end 8ffff90a ... OK

Starting kernel ...

Uncompressing Linux... done, booting the kernel.
[    0.000000] Booting Linux on physical CPU 0x0
[    0.000000] Initializing cgroup subsys cpu
[    0.000000] Initializing cgroup subsys cpuacct
[    0.000000] Linux version 4.1.0-rc4-next-20150519-18250-g1e662ab (pwalmsley@kaivo) (gcc version 4.7.3 20130328 (prerelease) (crosstool-NG linaro-1.13.1-4.7-2013.04-20130415 - Linaro GCC 2013.04) ) #1 SMP PREEMPT Tue May 19 05:43:35 PDT 2015
[    0.000000] CPU: ARMv7 Processor [412fc099] revision 9 (ARMv7), cr=10c5387d
[    0.000000] CPU: PIPT / VIPT nonaliasing data cache, VIPT aliasing instruction cache
[    0.000000] Machine model: NVIDIA Tegra30 Beaver evaluation board
[    0.000000] debug: ignoring loglevel setting.
[    0.000000] cma: Reserved 64 MiB at 0xfbc00000
[    0.000000] Memory policy: Data cache writealloc
[    0.000000] On node 0 totalpages: 524032
[    0.000000] free_area_init_node: node 0, pgdat c09ac480, node_mem_map ee7f7000
[    0.000000]   Normal zone: 1520 pages used for memmap
[    0.000000]   Normal zone: 0 pages reserved
[    0.000000]   Normal zone: 194560 pages, LIFO batch:31
[    0.000000]   HighMem zone: 329472 pages, LIFO batch:31
[    0.000000] PERCPU: Embedded 12 pages/cpu @ee792000 s17216 r8192 d23744 u49152
[    0.000000] pcpu-alloc: s17216 r8192 d23744 u49152 alloc=12*4096
[    0.000000] pcpu-alloc: [0] 0 [0] 1 [0] 2 [0] 3 
[    0.000000] Built 1 zonelists in Zone order, mobility grouping on.  Total pages: 522512
[    0.000000] Kernel command line: ignore_loglevel console=ttyS0,115200n8 rw root=/dev/mmcblk0p1 rootwait gpt debug init=/bin/bash noinitrd
[    0.000000] PID hash table entries: 4096 (order: 2, 16384 bytes)
[    0.000000] Dentry cache hash table entries: 131072 (order: 7, 524288 bytes)
[    0.000000] Inode-cache hash table entries: 65536 (order: 6, 262144 bytes)
[    0.000000] Memory: 2002684K/2096128K available (6902K kernel code, 328K rwdata, 2340K rodata, 308K init, 351K bss, 27908K reserved, 65536K cma-reserved, 1252352K highmem)
[    0.000000] Virtual kernel memory layout:
[    0.000000]     vector  : 0xffff0000 - 0xffff1000   (   4 kB)
[    0.000000]     fixmap  : 0xffc00000 - 0xfff00000   (3072 kB)
[    0.000000]     vmalloc : 0xf0000000 - 0xff000000   ( 240 MB)
[    0.000000]     lowmem  : 0xc0000000 - 0xef800000   ( 760 MB)
[    0.000000]     pkmap   : 0xbfe00000 - 0xc0000000   (   2 MB)
[    0.000000]     modules : 0xbf000000 - 0xbfe00000   (  14 MB)
[    0.000000]       .text : 0xc0008000 - 0xc090ef48   (9244 kB)
[    0.000000]       .init : 0xc090f000 - 0xc095c000   ( 308 kB)
[    0.000000]       .data : 0xc095c000 - 0xc09ae000   ( 328 kB)
[    0.000000]        .bss : 0xc09b0000 - 0xc0a07fd4   ( 352 kB)
[    0.000000] Preemptible hierarchical RCU implementation.
[    0.000000] 	Additional per-CPU info printed with stalls.
[    0.000000] 	Build-time adjustment of leaf fanout to 32.
[    0.000000] NR_IRQS:16 nr_irqs:16 16
[    0.000000] /interrupt-controller@60004000: 160 interrupts forwarded to /interrupt-controller@50041000
[    0.000000] L2C: platform modifies aux control register: 0x02080000 -> 0x3e480001
[    0.000000] L2C: DT/platform modifies aux control register: 0x02080000 -> 0x3e480001
[    0.000000] L2C-310 erratum 769419 enabled
[    0.000000] L2C-310 enabling early BRESP for Cortex-A9
[    0.000000] L2C-310: enabling full line of zeros but not enabled in Cortex-A9
[    0.000000] L2C-310 dynamic clock gating enabled, standby mode enabled
[    0.000000] L2C-310 cache controller enabled, 8 ways, 1024 kB
[    0.000000] L2C-310: CACHE_ID 0x410000c7, AUX_CTRL 0x4e480001
[    0.000015] sched_clock: 32 bits at 1000kHz, resolution 1000ns, wraps every 2147483647500ns
[    0.000034] clocksource timer_us: mask: 0xffffffff max_cycles: 0xffffffff, max_idle_ns: 1911260446275 ns
[    0.000043] Switching to timer-based delay loop, resolution 1000ns
[    0.000777] Console: colour dummy device 80x30
[    0.000798] Calibrating delay loop (skipped), value calculated using timer frequency.. 2.00 BogoMIPS (lpj=10000)
[    0.000808] pid_max: default: 32768 minimum: 301
[    0.001128] Mount-cache hash table entries: 2048 (order: 1, 8192 bytes)
[    0.001137] Mountpoint-cache hash table entries: 2048 (order: 1, 8192 bytes)
[    0.002333] Initializing cgroup subsys freezer
[    0.002354] Initializing cgroup subsys debug
[    0.002401] CPU: Testing write buffer coherency: ok
[    0.002757] CPU0: thread -1, cpu 0, socket 0, mpidr 80000000
[    0.002823] Setting up static identity map for 0x80008440 - 0x800084d8
[    0.020527] Tegra Revision: A03 SKU: 128 CPU Process: 4 SoC Process: 0
[    0.031160] CPU1: thread -1, cpu 1, socket 0, mpidr 80000001
[    0.041132] CPU2: thread -1, cpu 2, socket 0, mpidr 80000002
[    0.051126] CPU3: thread -1, cpu 3, socket 0, mpidr 80000003
[    0.051171] Brought up 4 CPUs
[    0.051184] SMP: Total of 4 processors activated (8.00 BogoMIPS).
[    0.051189] CPU: All CPU(s) started in SVC mode.
[    0.051935] devtmpfs: initialized
[    0.053139] VFP support v0.3: implementor 41 architecture 3 part 30 variant 9 rev 4
[    0.053638] clocksource jiffies: mask: 0xffffffff max_cycles: 0xffffffff, max_idle_ns: 19112604462750000 ns
[    0.057165] pinctrl core: initialized pinctrl subsystem
[    0.090609] NET: Registered protocol family 16
[    0.092515] DMA: preallocated 256 KiB pool for atomic coherent allocations
[    0.119983] cpuidle: using governor ladder
[    0.149978] cpuidle: using governor menu
[    0.164680] No ATAGs?
[    0.164710] hw-breakpoint: found 5 (+1 reserved) breakpoint and 1 watchpoint registers.
[    0.164717] hw-breakpoint: maximum watchpoint size is 4 bytes.
[    0.166035] tegra-mc 7000f000.memory-controller: no memory timings for RAM code 3 registered
[    0.212786] vdd_5v_sata: Failed to request enable GPIO30: -517
[    0.212906] reg-fixed-voltage regulators:regulator@3: Failed to register regulator: -517
[    0.213224] usb1_vbus: Failed to request enable GPIO238: -517
[    0.213323] reg-fixed-voltage regulators:regulator@4: Failed to register regulator: -517
[    0.213642] usb3_vbus: Failed to request enable GPIO236: -517
[    0.213740] reg-fixed-voltage regulators:regulator@5: Failed to register regulator: -517
[    0.214128] sys_3v3_pexs: Failed to request enable GPIO95: -517
[    0.214229] reg-fixed-voltage regulators:regulator@7: Failed to register regulator: -517
[    0.216041] vgaarb: loaded
[    0.217245] SCSI subsystem initialized
[    0.217526] libata version 3.00 loaded.
[    0.218132] usbcore: registered new interface driver usbfs
[    0.218280] usbcore: registered new interface driver hub
[    0.218395] usbcore: registered new device driver usb
[    0.322453] Linux video capture interface: v2.00
[    0.322564] pps_core: LinuxPPS API ver. 1 registered
[    0.322570] pps_core: Software ver. 5.3.6 - Copyright 2005-2007 Rodolfo Giometti <giometti@linux.it>
[    0.322625] PTP clock support registered
[    0.323546] Advanced Linux Sound Architecture Driver Initialized.
[    0.324910] Bluetooth: Core ver 2.20
[    0.324980] NET: Registered protocol family 31
[    0.324985] Bluetooth: HCI device and connection manager initialized
[    0.325002] Bluetooth: HCI socket layer initialized
[    0.325018] Bluetooth: L2CAP socket layer initialized
[    0.325055] Bluetooth: SCO socket layer initialized
[    0.325742] cfg80211: Calling CRDA to update world regulatory domain
[    0.326409] Switched to clocksource timer_us
[    0.345623] NET: Registered protocol family 2
[    0.346700] TCP established hash table entries: 8192 (order: 3, 32768 bytes)
[    0.346762] TCP bind hash table entries: 8192 (order: 4, 65536 bytes)
[    0.346844] TCP: Hash tables configured (established 8192 bind 8192)
[    0.347369] UDP hash table entries: 512 (order: 2, 16384 bytes)
[    0.347430] UDP-Lite hash table entries: 512 (order: 2, 16384 bytes)
[    0.347811] NET: Registered protocol family 1
[    0.348489] RPC: Registered named UNIX socket transport module.
[    0.348495] RPC: Registered udp transport module.
[    0.348499] RPC: Registered tcp transport module.
[    0.348503] RPC: Registered tcp NFSv4.1 backchannel transport module.
[    0.348522] PCI: CLS 0 bytes, default 64
[    0.350475] CPU PMU: Failed to parse /pmu/interrupt-affinity[0]
[    0.350504] hw perfevents: enabled with armv7_cortex_a9 PMU driver, 7 counters available
[    0.352603] futex hash table entries: 1024 (order: 4, 65536 bytes)
[    0.354750] squashfs: version 4.0 (2009/01/31) Phillip Lougher
[    0.357367] bounce: pool size: 64 pages
[    0.357387] io scheduler noop registered (default)
[    0.358630] tegra30-pinctrl 70000868.pinmux: try to register 260 pins ...
[    0.358642] pinctrl core: registered pin 0 (CLK_32K_OUT PA0) on 70000868.pinmux
[    0.358653] pinctrl core: registered pin 1 (UART3_CTS_N PA1) on 70000868.pinmux
[    0.358658] pinctrl core: registered pin 2 (DAP2_FS PA2) on 70000868.pinmux
[    0.358663] pinctrl core: registered pin 3 (DAP2_SCLK PA3) on 70000868.pinmux
[    0.358669] pinctrl core: registered pin 4 (DAP2_DIN PA4) on 70000868.pinmux
[    0.358674] pinctrl core: registered pin 5 (DAP2_DOUT PA5) on 70000868.pinmux
[    0.358679] pinctrl core: registered pin 6 (SDMMC3_CLK PA6) on 70000868.pinmux
[    0.358683] pinctrl core: registered pin 7 (SDMMC3_CMD PA7) on 70000868.pinmux
[    0.358688] pinctrl core: registered pin 8 (GMI_A17 PB0) on 70000868.pinmux
[    0.358693] pinctrl core: registered pin 9 (GMI_A18 PB1) on 70000868.pinmux
[    0.358698] pinctrl core: registered pin 10 (LCD_PWR0 PB2) on 70000868.pinmux
[    0.358703] pinctrl core: registered pin 11 (LCD_PCLK PB3) on 70000868.pinmux
[    0.358707] pinctrl core: registered pin 12 (SDMMC3_DAT3 PB4) on 70000868.pinmux
[    0.358711] pinctrl core: registered pin 13 (SDMMC3_DAT2 PB5) on 70000868.pinmux
[    0.358716] pinctrl core: registered pin 14 (SDMMC3_DAT1 PB6) on 70000868.pinmux
[    0.358720] pinctrl core: registered pin 15 (SDMMC3_DAT0 PB7) on 70000868.pinmux
[    0.358725] pinctrl core: registered pin 16 (UART3_RTS_N PC0) on 70000868.pinmux
[    0.358730] pinctrl core: registered pin 17 (LCD_PWR1 PC1) on 70000868.pinmux
[    0.358734] pinctrl core: registered pin 18 (UART2_TXD PC2) on 70000868.pinmux
[    0.358739] pinctrl core: registered pin 19 (UART2_RXD PC3) on 70000868.pinmux
[    0.358744] pinctrl core: registered pin 20 (GEN1_I2C_SCL PC4) on 70000868.pinmux
[    0.358749] pinctrl core: registered pin 21 (GEN1_I2C_SDA PC5) on 70000868.pinmux
[    0.358754] pinctrl core: registered pin 22 (LCD_PWR2 PC6) on 70000868.pinmux
[    0.358758] pinctrl core: registered pin 23 (GMI_WP_N PC7) on 70000868.pinmux
[    0.358763] pinctrl core: registered pin 24 (SDMMC3_DAT5 PD0) on 70000868.pinmux
[    0.358768] pinctrl core: registered pin 25 (SDMMC3_DAT4 PD1) on 70000868.pinmux
[    0.358772] pinctrl core: registered pin 26 (LCD_DC1 PD2) on 70000868.pinmux
[    0.358777] pinctrl core: registered pin 27 (SDMMC3_DAT6 PD3) on 70000868.pinmux
[    0.358781] pinctrl core: registered pin 28 (SDMMC3_DAT7 PD4) on 70000868.pinmux
[    0.358786] pinctrl core: registered pin 29 (VI_D1 PD5) on 70000868.pinmux
[    0.358791] pinctrl core: registered pin 30 (VI_VSYNC PD6) on 70000868.pinmux
[    0.358795] pinctrl core: registered pin 31 (VI_HSYNC PD7) on 70000868.pinmux
[    0.358800] pinctrl core: registered pin 32 (LCD_D0 PE0) on 70000868.pinmux
[    0.358804] pinctrl core: registered pin 33 (LCD_D1 PE1) on 70000868.pinmux
[    0.358809] pinctrl core: registered pin 34 (LCD_D2 PE2) on 70000868.pinmux
[    0.358813] pinctrl core: registered pin 35 (LCD_D3 PE3) on 70000868.pinmux
[    0.358819] pinctrl core: registered pin 36 (LCD_D4 PE4) on 70000868.pinmux
[    0.358823] pinctrl core: registered pin 37 (LCD_D5 PE5) on 70000868.pinmux
[    0.358828] pinctrl core: registered pin 38 (LCD_D6 PE6) on 70000868.pinmux
[    0.358832] pinctrl core: registered pin 39 (LCD_D7 PE7) on 70000868.pinmux
[    0.358837] pinctrl core: registered pin 40 (LCD_D8 PF0) on 70000868.pinmux
[    0.358841] pinctrl core: registered pin 41 (LCD_D9 PF1) on 70000868.pinmux
[    0.358846] pinctrl core: registered pin 42 (LCD_D10 PF2) on 70000868.pinmux
[    0.358850] pinctrl core: registered pin 43 (LCD_D11 PF3) on 70000868.pinmux
[    0.358855] pinctrl core: registered pin 44 (LCD_D12 PF4) on 70000868.pinmux
[    0.358859] pinctrl core: registered pin 45 (LCD_D13 PF5) on 70000868.pinmux
[    0.358864] pinctrl core: registered pin 46 (LCD_D14 PF6) on 70000868.pinmux
[    0.358868] pinctrl core: registered pin 47 (LCD_D15 PF7) on 70000868.pinmux
[    0.358873] pinctrl core: registered pin 48 (GMI_AD0 PG0) on 70000868.pinmux
[    0.358877] pinctrl core: registered pin 49 (GMI_AD1 PG1) on 70000868.pinmux
[    0.358881] pinctrl core: registered pin 50 (GMI_AD2 PG2) on 70000868.pinmux
[    0.358903] pinctrl core: registered pin 51 (GMI_AD3 PG3) on 70000868.pinmux
[    0.358908] pinctrl core: registered pin 52 (GMI_AD4 PG4) on 70000868.pinmux
[    0.358913] pinctrl core: registered pin 53 (GMI_AD5 PG5) on 70000868.pinmux
[    0.358917] pinctrl core: registered pin 54 (GMI_AD6 PG6) on 70000868.pinmux
[    0.358922] pinctrl core: registered pin 55 (GMI_AD7 PG7) on 70000868.pinmux
[    0.358926] pinctrl core: registered pin 56 (GMI_AD8 PH0) on 70000868.pinmux
[    0.358931] pinctrl core: registered pin 57 (GMI_AD9 PH1) on 70000868.pinmux
[    0.358935] pinctrl core: registered pin 58 (GMI_AD10 PH2) on 70000868.pinmux
[    0.358940] pinctrl core: registered pin 59 (GMI_AD11 PH3) on 70000868.pinmux
[    0.358944] pinctrl core: registered pin 60 (GMI_AD12 PH4) on 70000868.pinmux
[    0.358949] pinctrl core: registered pin 61 (GMI_AD13 PH5) on 70000868.pinmux
[    0.358953] pinctrl core: registered pin 62 (GMI_AD14 PH6) on 70000868.pinmux
[    0.358958] pinctrl core: registered pin 63 (GMI_AD15 PH7) on 70000868.pinmux
[    0.358968] pinctrl core: registered pin 64 (GMI_WR_N PI0) on 70000868.pinmux
[    0.358973] pinctrl core: registered pin 65 (GMI_OE_N PI1) on 70000868.pinmux
[    0.358977] pinctrl core: registered pin 66 (GMI_DQS PI2) on 70000868.pinmux
[    0.358982] pinctrl core: registered pin 67 (GMI_CS6_N PI3) on 70000868.pinmux
[    0.358987] pinctrl core: registered pin 68 (GMI_RST_N PI4) on 70000868.pinmux
[    0.358992] pinctrl core: registered pin 69 (GMI_IORDY PI5) on 70000868.pinmux
[    0.358996] pinctrl core: registered pin 70 (GMI_CS7_N PI6) on 70000868.pinmux
[    0.359001] pinctrl core: registered pin 71 (GMI_WAIT PI7) on 70000868.pinmux
[    0.359006] pinctrl core: registered pin 72 (GMI_CS0_N PJ0) on 70000868.pinmux
[    0.359011] pinctrl core: registered pin 73 (LCD_DE PJ1) on 70000868.pinmux
[    0.359015] pinctrl core: registered pin 74 (GMI_CS1_N PJ2) on 70000868.pinmux
[    0.359020] pinctrl core: registered pin 75 (LCD_HSYNC PJ3) on 70000868.pinmux
[    0.359024] pinctrl core: registered pin 76 (LCD_VSYNC PJ4) on 70000868.pinmux
[    0.359029] pinctrl core: registered pin 77 (UART2_CTS_N PJ5) on 70000868.pinmux
[    0.359034] pinctrl core: registered pin 78 (UART2_RTS_N PJ6) on 70000868.pinmux
[    0.359038] pinctrl core: registered pin 79 (GMI_A16 PJ7) on 70000868.pinmux
[    0.359043] pinctrl core: registered pin 80 (GMI_ADV_N PK0) on 70000868.pinmux
[    0.359047] pinctrl core: registered pin 81 (GMI_CLK PK1) on 70000868.pinmux
[    0.359052] pinctrl core: registered pin 82 (GMI_CS4_N PK2) on 70000868.pinmux
[    0.359057] pinctrl core: registered pin 83 (GMI_CS2_N PK3) on 70000868.pinmux
[    0.359062] pinctrl core: registered pin 84 (GMI_CS3_N PK4) on 70000868.pinmux
[    0.359066] pinctrl core: registered pin 85 (SPDIF_OUT PK5) on 70000868.pinmux
[    0.359071] pinctrl core: registered pin 86 (SPDIF_IN PK6) on 70000868.pinmux
[    0.359075] pinctrl core: registered pin 87 (GMI_A19 PK7) on 70000868.pinmux
[    0.359080] pinctrl core: registered pin 88 (VI_D2 PL0) on 70000868.pinmux
[    0.359085] pinctrl core: registered pin 89 (VI_D3 PL1) on 70000868.pinmux
[    0.359089] pinctrl core: registered pin 90 (VI_D4 PL2) on 70000868.pinmux
[    0.359094] pinctrl core: registered pin 91 (VI_D5 PL3) on 70000868.pinmux
[    0.359099] pinctrl core: registered pin 92 (VI_D6 PL4) on 70000868.pinmux
[    0.359103] pinctrl core: registered pin 93 (VI_D7 PL5) on 70000868.pinmux
[    0.359108] pinctrl core: registered pin 94 (VI_D8 PL6) on 70000868.pinmux
[    0.359112] pinctrl core: registered pin 95 (VI_D9 PL7) on 70000868.pinmux
[    0.359117] pinctrl core: registered pin 96 (LCD_D16 PM0) on 70000868.pinmux
[    0.359121] pinctrl core: registered pin 97 (LCD_D17 PM1) on 70000868.pinmux
[    0.359126] pinctrl core: registered pin 98 (LCD_D18 PM2) on 70000868.pinmux
[    0.359131] pinctrl core: registered pin 99 (LCD_D19 PM3) on 70000868.pinmux
[    0.359136] pinctrl core: registered pin 100 (LCD_D20 PM4) on 70000868.pinmux
[    0.359140] pinctrl core: registered pin 101 (LCD_D21 PM5) on 70000868.pinmux
[    0.359145] pinctrl core: registered pin 102 (LCD_D22 PM6) on 70000868.pinmux
[    0.359149] pinctrl core: registered pin 103 (LCD_D23 PM7) on 70000868.pinmux
[    0.359154] pinctrl core: registered pin 104 (DAP1_FS PN0) on 70000868.pinmux
[    0.359159] pinctrl core: registered pin 105 (DAP1_DIN PN1) on 70000868.pinmux
[    0.359164] pinctrl core: registered pin 106 (DAP1_DOUT PN2) on 70000868.pinmux
[    0.359168] pinctrl core: registered pin 107 (DAP1_SCLK PN3) on 70000868.pinmux
[    0.359173] pinctrl core: registered pin 108 (LCD_CS0_N PN4) on 70000868.pinmux
[    0.359178] pinctrl core: registered pin 109 (LCD_SDOUT PN5) on 70000868.pinmux
[    0.359182] pinctrl core: registered pin 110 (LCD_DC0 PN6) on 70000868.pinmux
[    0.359187] pinctrl core: registered pin 111 (HDMI_INT PN7) on 70000868.pinmux
[    0.359191] pinctrl core: registered pin 112 (ULPI_DATA7 PO0) on 70000868.pinmux
[    0.359196] pinctrl core: registered pin 113 (ULPI_DATA0 PO1) on 70000868.pinmux
[    0.359205] pinctrl core: registered pin 114 (ULPI_DATA1 PO2) on 70000868.pinmux
[    0.359210] pinctrl core: registered pin 115 (ULPI_DATA2 PO3) on 70000868.pinmux
[    0.359215] pinctrl core: registered pin 116 (ULPI_DATA3 PO4) on 70000868.pinmux
[    0.359219] pinctrl core: registered pin 117 (ULPI_DATA4 PO5) on 70000868.pinmux
[    0.359224] pinctrl core: registered pin 118 (ULPI_DATA5 PO6) on 70000868.pinmux
[    0.359229] pinctrl core: registered pin 119 (ULPI_DATA6 PO7) on 70000868.pinmux
[    0.359233] pinctrl core: registered pin 120 (DAP3_FS PP0) on 70000868.pinmux
[    0.359238] pinctrl core: registered pin 121 (DAP3_DIN PP1) on 70000868.pinmux
[    0.359243] pinctrl core: registered pin 122 (DAP3_DOUT PP2) on 70000868.pinmux
[    0.359248] pinctrl core: registered pin 123 (DAP3_SCLK PP3) on 70000868.pinmux
[    0.359252] pinctrl core: registered pin 124 (DAP4_FS PP4) on 70000868.pinmux
[    0.359256] pinctrl core: registered pin 125 (DAP4_DIN PP5) on 70000868.pinmux
[    0.359261] pinctrl core: registered pin 126 (DAP4_DOUT PP6) on 70000868.pinmux
[    0.359266] pinctrl core: registered pin 127 (DAP4_SCLK PP7) on 70000868.pinmux
[    0.359273] pinctrl core: registered pin 128 (KB_COL0 PQ0) on 70000868.pinmux
[    0.359278] pinctrl core: registered pin 129 (KB_COL1 PQ1) on 70000868.pinmux
[    0.359283] pinctrl core: registered pin 130 (KB_COL2 PQ2) on 70000868.pinmux
[    0.359288] pinctrl core: registered pin 131 (KB_COL3 PQ3) on 70000868.pinmux
[    0.359293] pinctrl core: registered pin 132 (KB_COL4 PQ4) on 70000868.pinmux
[    0.359297] pinctrl core: registered pin 133 (KB_COL5 PQ5) on 70000868.pinmux
[    0.359302] pinctrl core: registered pin 134 (KB_COL6 PQ6) on 70000868.pinmux
[    0.359307] pinctrl core: registered pin 135 (KB_COL7 PQ7) on 70000868.pinmux
[    0.359311] pinctrl core: registered pin 136 (KB_ROW0 PR0) on 70000868.pinmux
[    0.359316] pinctrl core: registered pin 137 (KB_ROW1 PR1) on 70000868.pinmux
[    0.359320] pinctrl core: registered pin 138 (KB_ROW2 PR2) on 70000868.pinmux
[    0.359324] pinctrl core: registered pin 139 (KB_ROW3 PR3) on 70000868.pinmux
[    0.359329] pinctrl core: registered pin 140 (KB_ROW4 PR4) on 70000868.pinmux
[    0.359334] pinctrl core: registered pin 141 (KB_ROW5 PR5) on 70000868.pinmux
[    0.359338] pinctrl core: registered pin 142 (KB_ROW6 PR6) on 70000868.pinmux
[    0.359343] pinctrl core: registered pin 143 (KB_ROW7 PR7) on 70000868.pinmux
[    0.359347] pinctrl core: registered pin 144 (KB_ROW8 PS0) on 70000868.pinmux
[    0.359352] pinctrl core: registered pin 145 (KB_ROW9 PS1) on 70000868.pinmux
[    0.359357] pinctrl core: registered pin 146 (KB_ROW10 PS2) on 70000868.pinmux
[    0.359362] pinctrl core: registered pin 147 (KB_ROW11 PS3) on 70000868.pinmux
[    0.359366] pinctrl core: registered pin 148 (KB_ROW12 PS4) on 70000868.pinmux
[    0.359371] pinctrl core: registered pin 149 (KB_ROW13 PS5) on 70000868.pinmux
[    0.359375] pinctrl core: registered pin 150 (KB_ROW14 PS6) on 70000868.pinmux
[    0.359380] pinctrl core: registered pin 151 (KB_ROW15 PS7) on 70000868.pinmux
[    0.359385] pinctrl core: registered pin 152 (VI_PCLK PT0) on 70000868.pinmux
[    0.359389] pinctrl core: registered pin 153 (VI_MCLK PT1) on 70000868.pinmux
[    0.359394] pinctrl core: registered pin 154 (VI_D10 PT2) on 70000868.pinmux
[    0.359398] pinctrl core: registered pin 155 (VI_D11 PT3) on 70000868.pinmux
[    0.359403] pinctrl core: registered pin 156 (VI_D0 PT4) on 70000868.pinmux
[    0.359407] pinctrl core: registered pin 157 (GEN2_I2C_SCL PT5) on 70000868.pinmux
[    0.359412] pinctrl core: registered pin 158 (GEN2_I2C_SDA PT6) on 70000868.pinmux
[    0.359417] pinctrl core: registered pin 159 (SDMMC4_CMD PT7) on 70000868.pinmux
[    0.359421] pinctrl core: registered pin 160 (PU0) on 70000868.pinmux
[    0.359425] pinctrl core: registered pin 161 (PU1) on 70000868.pinmux
[    0.359431] pinctrl core: registered pin 162 (PU2) on 70000868.pinmux
[    0.359435] pinctrl core: registered pin 163 (PU3) on 70000868.pinmux
[    0.359440] pinctrl core: registered pin 164 (PU4) on 70000868.pinmux
[    0.359444] pinctrl core: registered pin 165 (PU5) on 70000868.pinmux
[    0.359448] pinctrl core: registered pin 166 (PU6) on 70000868.pinmux
[    0.359453] pinctrl core: registered pin 167 (JTAG_RTCK PU7) on 70000868.pinmux
[    0.359457] pinctrl core: registered pin 168 (PV0) on 70000868.pinmux
[    0.359462] pinctrl core: registered pin 169 (PV1) on 70000868.pinmux
[    0.359467] pinctrl core: registered pin 170 (PV2) on 70000868.pinmux
[    0.359471] pinctrl core: registered pin 171 (PV3) on 70000868.pinmux
[    0.359476] pinctrl core: registered pin 172 (DDC_SCL PV4) on 70000868.pinmux
[    0.359480] pinctrl core: registered pin 173 (DDC_SDA PV5) on 70000868.pinmux
[    0.359485] pinctrl core: registered pin 174 (CRT_HSYNC PV6) on 70000868.pinmux
[    0.359489] pinctrl core: registered pin 175 (CRT_VSYNC PV7) on 70000868.pinmux
[    0.359494] pinctrl core: registered pin 176 (LCD_CS1_N PW0) on 70000868.pinmux
[    0.359503] pinctrl core: registered pin 177 (LCD_M1 PW1) on 70000868.pinmux
[    0.359508] pinctrl core: registered pin 178 (SPI2_CS1_N PW2) on 70000868.pinmux
[    0.359513] pinctrl core: registered pin 179 (SPI2_CS2_N PW3) on 70000868.pinmux
[    0.359518] pinctrl core: registered pin 180 (CLK1_OUT PW4) on 70000868.pinmux
[    0.359522] pinctrl core: registered pin 181 (CLK2_OUT PW5) on 70000868.pinmux
[    0.359527] pinctrl core: registered pin 182 (UART3_TXD PW6) on 70000868.pinmux
[    0.359532] pinctrl core: registered pin 183 (UART3_RXD PW7) on 70000868.pinmux
[    0.359536] pinctrl core: registered pin 184 (SPI2_MOSI PX0) on 70000868.pinmux
[    0.359541] pinctrl core: registered pin 185 (SPI2_MISO PX1) on 70000868.pinmux
[    0.359545] pinctrl core: registered pin 186 (SPI2_SCK PX2) on 70000868.pinmux
[    0.359550] pinctrl core: registered pin 187 (SPI2_CS0_N PX3) on 70000868.pinmux
[    0.359554] pinctrl core: registered pin 188 (SPI1_MOSI PX4) on 70000868.pinmux
[    0.359559] pinctrl core: registered pin 189 (SPI1_SCK PX5) on 70000868.pinmux
[    0.359564] pinctrl core: registered pin 190 (SPI1_CS0_N PX6) on 70000868.pinmux
[    0.359568] pinctrl core: registered pin 191 (SPI1_MISO PX7) on 70000868.pinmux
[    0.359576] pinctrl core: registered pin 192 (ULPI_CLK PY0) on 70000868.pinmux
[    0.359582] pinctrl core: registered pin 193 (ULPI_DIR PY1) on 70000868.pinmux
[    0.359586] pinctrl core: registered pin 194 (ULPI_NXT PY2) on 70000868.pinmux
[    0.359591] pinctrl core: registered pin 195 (ULPI_STP PY3) on 70000868.pinmux
[    0.359596] pinctrl core: registered pin 196 (SDMMC1_DAT3 PY4) on 70000868.pinmux
[    0.359600] pinctrl core: registered pin 197 (SDMMC1_DAT2 PY5) on 70000868.pinmux
[    0.359605] pinctrl core: registered pin 198 (SDMMC1_DAT1 PY6) on 70000868.pinmux
[    0.359609] pinctrl core: registered pin 199 (SDMMC1_DAT0 PY7) on 70000868.pinmux
[    0.359614] pinctrl core: registered pin 200 (SDMMC1_CLK PZ0) on 70000868.pinmux
[    0.359619] pinctrl core: registered pin 201 (SDMMC1_CMD PZ1) on 70000868.pinmux
[    0.359623] pinctrl core: registered pin 202 (LCD_SDIN PZ2) on 70000868.pinmux
[    0.359628] pinctrl core: registered pin 203 (LCD_WR_N PZ3) on 70000868.pinmux
[    0.359633] pinctrl core: registered pin 204 (LCD_SCK PZ4) on 70000868.pinmux
[    0.359637] pinctrl core: registered pin 205 (SYS_CLK_REQ PZ5) on 70000868.pinmux
[    0.359642] pinctrl core: registered pin 206 (PWR_I2C_SCL PZ6) on 70000868.pinmux
[    0.359646] pinctrl core: registered pin 207 (PWR_I2C_SDA PZ7) on 70000868.pinmux
[    0.359651] pinctrl core: registered pin 208 (SDMMC4_DAT0 PAA0) on 70000868.pinmux
[    0.359656] pinctrl core: registered pin 209 (SDMMC4_DAT1 PAA1) on 70000868.pinmux
[    0.359661] pinctrl core: registered pin 210 (SDMMC4_DAT2 PAA2) on 70000868.pinmux
[    0.359665] pinctrl core: registered pin 211 (SDMMC4_DAT3 PAA3) on 70000868.pinmux
[    0.359670] pinctrl core: registered pin 212 (SDMMC4_DAT4 PAA4) on 70000868.pinmux
[    0.359674] pinctrl core: registered pin 213 (SDMMC4_DAT5 PAA5) on 70000868.pinmux
[    0.359679] pinctrl core: registered pin 214 (SDMMC4_DAT6 PAA6) on 70000868.pinmux
[    0.359683] pinctrl core: registered pin 215 (SDMMC4_DAT7 PAA7) on 70000868.pinmux
[    0.359688] pinctrl core: registered pin 216 (PBB0) on 70000868.pinmux
[    0.359692] pinctrl core: registered pin 217 (CAM_I2C_SCL PBB1) on 70000868.pinmux
[    0.359697] pinctrl core: registered pin 218 (CAM_I2C_SDA PBB2) on 70000868.pinmux
[    0.359702] pinctrl core: registered pin 219 (PBB3) on 70000868.pinmux
[    0.359706] pinctrl core: registered pin 220 (PBB4) on 70000868.pinmux
[    0.359710] pinctrl core: registered pin 221 (PBB5) on 70000868.pinmux
[    0.359715] pinctrl core: registered pin 222 (PBB6) on 70000868.pinmux
[    0.359720] pinctrl core: registered pin 223 (PBB7) on 70000868.pinmux
[    0.359724] pinctrl core: registered pin 224 (CAM_MCLK PCC0) on 70000868.pinmux
[    0.359729] pinctrl core: registered pin 225 (PCC1) on 70000868.pinmux
[    0.359734] pinctrl core: registered pin 226 (PCC2) on 70000868.pinmux
[    0.359739] pinctrl core: registered pin 227 (SDMMC4_RST_N PCC3) on 70000868.pinmux
[    0.359743] pinctrl core: registered pin 228 (SDMMC4_CLK PCC4) on 70000868.pinmux
[    0.359748] pinctrl core: registered pin 229 (CLK2_REQ PCC5) on 70000868.pinmux
[    0.359752] pinctrl core: registered pin 230 (PEX_L2_RST_N PCC6) on 70000868.pinmux
[    0.359757] pinctrl core: registered pin 231 (PEX_L2_CLKREQ_N PCC7) on 70000868.pinmux
[    0.359762] pinctrl core: registered pin 232 (PEX_L0_PRSNT_N PDD0) on 70000868.pinmux
[    0.359767] pinctrl core: registered pin 233 (PEX_L0_RST_N PDD1) on 70000868.pinmux
[    0.359772] pinctrl core: registered pin 234 (PEX_L0_CLKREQ_N PDD2) on 70000868.pinmux
[    0.359777] pinctrl core: registered pin 235 (PEX_WAKE_N PDD3) on 70000868.pinmux
[    0.359781] pinctrl core: registered pin 236 (PEX_L1_PRSNT_N PDD4) on 70000868.pinmux
[    0.359785] pinctrl core: registered pin 237 (PEX_L1_RST_N PDD5) on 70000868.pinmux
[    0.359790] pinctrl core: registered pin 238 (PEX_L1_CLKREQ_N PDD6) on 70000868.pinmux
[    0.359795] pinctrl core: registered pin 239 (PEX_L2_PRSNT_N PDD7) on 70000868.pinmux
[    0.359805] pinctrl core: registered pin 240 (CLK3_OUT PEE0) on 70000868.pinmux
[    0.359809] pinctrl core: registered pin 241 (CLK3_REQ PEE1) on 70000868.pinmux
[    0.359814] pinctrl core: registered pin 242 (CLK1_REQ PEE2) on 70000868.pinmux
[    0.359819] pinctrl core: registered pin 243 (HDMI_CEC PEE3) on 70000868.pinmux
[    0.359823] pinctrl core: registered pin 244 (PEE4) on 70000868.pinmux
[    0.359827] pinctrl core: registered pin 245 (PEE5) on 70000868.pinmux
[    0.359832] pinctrl core: registered pin 246 (PEE6) on 70000868.pinmux
[    0.359836] pinctrl core: registered pin 247 (PEE7) on 70000868.pinmux
[    0.359841] pinctrl core: registered pin 248 (CLK_32K_IN) on 70000868.pinmux
[    0.359846] pinctrl core: registered pin 249 (CORE_PWR_REQ) on 70000868.pinmux
[    0.359851] pinctrl core: registered pin 250 (CPU_PWR_REQ) on 70000868.pinmux
[    0.359855] pinctrl core: registered pin 251 (JTAG_TCK) on 70000868.pinmux
[    0.359860] pinctrl core: registered pin 252 (JTAG_TDI) on 70000868.pinmux
[    0.359864] pinctrl core: registered pin 253 (JTAG_TDO) on 70000868.pinmux
[    0.359869] pinctrl core: registered pin 254 (JTAG_TMS) on 70000868.pinmux
[    0.359873] pinctrl core: registered pin 255 (JTAG_TRST_N) on 70000868.pinmux
[    0.359888] pinctrl core: registered pin 256 (OWR) on 70000868.pinmux
[    0.359893] pinctrl core: registered pin 257 (PWR_INT_N) on 70000868.pinmux
[    0.359897] pinctrl core: registered pin 258 (SYS_RESET_N) on 70000868.pinmux
[    0.359902] pinctrl core: registered pin 259 (TEST_MODE_EN) on 70000868.pinmux
[    0.362500] tegra30-pinctrl 70000868.pinmux: invalid group "sdmmc3_dat6_pd3" for function "rsvd1"
[    0.362516] tegra30-pinctrl 70000868.pinmux: invalid group "sdmmc3_dat7_pd4" for function "rsvd1"
[    0.362533] tegra30-pinctrl 70000868.pinmux: invalid group "vi_vsync_pd6" for function "rsvd1"
[    0.362544] tegra30-pinctrl 70000868.pinmux: invalid group "vi_hsync_pd7" for function "rsvd1"
[    0.363087] tegra30-pinctrl 70000868.pinmux: invalid group "hdmi_int_pn7" for function "rsvd1"
[    0.363139] tegra30-pinctrl 70000868.pinmux: invalid group "ulpi_data3_po4" for function "rsvd1"
[    0.363503] tegra30-pinctrl 70000868.pinmux: invalid group "vi_d10_pt2" for function "rsvd1"
[    0.363518] tegra30-pinctrl 70000868.pinmux: invalid group "vi_d11_pt3" for function "rsvd1"
[    0.363532] tegra30-pinctrl 70000868.pinmux: invalid group "vi_d0_pt4" for function "rsvd1"
[    0.363576] tegra30-pinctrl 70000868.pinmux: invalid group "pu0" for function "rsvd1"
[    0.363609] tegra30-pinctrl 70000868.pinmux: invalid group "pu3" for function "rsvd1"
[    0.363648] tegra30-pinctrl 70000868.pinmux: invalid group "pu6" for function "rsvd1"
[    0.363693] tegra30-pinctrl 70000868.pinmux: invalid group "pv3" for function "rsvd1"
[    0.364217] tegra30-pinctrl 70000868.pinmux: invalid group "pbb0" for function "rsvd1"
[    0.364338] tegra30-pinctrl 70000868.pinmux: invalid group "pcc1" for function "rsvd1"
[    0.364642] tegra30-pinctrl 70000868.pinmux: request pin 0 (CLK_32K_OUT PA0) for 70000868.pinmux
[    0.364656] tegra30-pinctrl 70000868.pinmux: request pin 1 (UART3_CTS_N PA1) for 70000868.pinmux
[    0.364665] tegra30-pinctrl 70000868.pinmux: request pin 2 (DAP2_FS PA2) for 70000868.pinmux
[    0.364674] tegra30-pinctrl 70000868.pinmux: request pin 3 (DAP2_SCLK PA3) for 70000868.pinmux
[    0.364682] tegra30-pinctrl 70000868.pinmux: request pin 4 (DAP2_DIN PA4) for 70000868.pinmux
[    0.364690] tegra30-pinctrl 70000868.pinmux: request pin 5 (DAP2_DOUT PA5) for 70000868.pinmux
[    0.364698] tegra30-pinctrl 70000868.pinmux: request pin 6 (SDMMC3_CLK PA6) for 70000868.pinmux
[    0.364706] tegra30-pinctrl 70000868.pinmux: request pin 7 (SDMMC3_CMD PA7) for 70000868.pinmux
[    0.364714] tegra30-pinctrl 70000868.pinmux: request pin 8 (GMI_A17 PB0) for 70000868.pinmux
[    0.364722] tegra30-pinctrl 70000868.pinmux: request pin 9 (GMI_A18 PB1) for 70000868.pinmux
[    0.364730] tegra30-pinctrl 70000868.pinmux: request pin 10 (LCD_PWR0 PB2) for 70000868.pinmux
[    0.364738] tegra30-pinctrl 70000868.pinmux: request pin 11 (LCD_PCLK PB3) for 70000868.pinmux
[    0.364746] tegra30-pinctrl 70000868.pinmux: request pin 12 (SDMMC3_DAT3 PB4) for 70000868.pinmux
[    0.364754] tegra30-pinctrl 70000868.pinmux: request pin 13 (SDMMC3_DAT2 PB5) for 70000868.pinmux
[    0.364762] tegra30-pinctrl 70000868.pinmux: request pin 14 (SDMMC3_DAT1 PB6) for 70000868.pinmux
[    0.364769] tegra30-pinctrl 70000868.pinmux: request pin 15 (SDMMC3_DAT0 PB7) for 70000868.pinmux
[    0.364777] tegra30-pinctrl 70000868.pinmux: request pin 16 (UART3_RTS_N PC0) for 70000868.pinmux
[    0.364785] tegra30-pinctrl 70000868.pinmux: request pin 17 (LCD_PWR1 PC1) for 70000868.pinmux
[    0.364793] tegra30-pinctrl 70000868.pinmux: request pin 18 (UART2_TXD PC2) for 70000868.pinmux
[    0.364802] tegra30-pinctrl 70000868.pinmux: request pin 19 (UART2_RXD PC3) for 70000868.pinmux
[    0.364810] tegra30-pinctrl 70000868.pinmux: request pin 20 (GEN1_I2C_SCL PC4) for 70000868.pinmux
[    0.364818] tegra30-pinctrl 70000868.pinmux: request pin 21 (GEN1_I2C_SDA PC5) for 70000868.pinmux
[    0.364826] tegra30-pinctrl 70000868.pinmux: request pin 22 (LCD_PWR2 PC6) for 70000868.pinmux
[    0.364834] tegra30-pinctrl 70000868.pinmux: request pin 23 (GMI_WP_N PC7) for 70000868.pinmux
[    0.364842] tegra30-pinctrl 70000868.pinmux: request pin 24 (SDMMC3_DAT5 PD0) for 70000868.pinmux
[    0.364850] tegra30-pinctrl 70000868.pinmux: request pin 25 (SDMMC3_DAT4 PD1) for 70000868.pinmux
[    0.364857] tegra30-pinctrl 70000868.pinmux: request pin 26 (LCD_DC1 PD2) for 70000868.pinmux
[    0.364868] tegra30-pinctrl 70000868.pinmux: request pin 29 (VI_D1 PD5) for 70000868.pinmux
[    0.364878] tegra30-pinctrl 70000868.pinmux: request pin 32 (LCD_D0 PE0) for 70000868.pinmux
[    0.364886] tegra30-pinctrl 70000868.pinmux: request pin 33 (LCD_D1 PE1) for 70000868.pinmux
[    0.364894] tegra30-pinctrl 70000868.pinmux: request pin 34 (LCD_D2 PE2) for 70000868.pinmux
[    0.364902] tegra30-pinctrl 70000868.pinmux: request pin 35 (LCD_D3 PE3) for 70000868.pinmux
[    0.364909] tegra30-pinctrl 70000868.pinmux: request pin 36 (LCD_D4 PE4) for 70000868.pinmux
[    0.364917] tegra30-pinctrl 70000868.pinmux: request pin 37 (LCD_D5 PE5) for 70000868.pinmux
[    0.364925] tegra30-pinctrl 70000868.pinmux: request pin 38 (LCD_D6 PE6) for 70000868.pinmux
[    0.364932] tegra30-pinctrl 70000868.pinmux: request pin 39 (LCD_D7 PE7) for 70000868.pinmux
[    0.364940] tegra30-pinctrl 70000868.pinmux: request pin 40 (LCD_D8 PF0) for 70000868.pinmux
[    0.364947] tegra30-pinctrl 70000868.pinmux: request pin 41 (LCD_D9 PF1) for 70000868.pinmux
[    0.364956] tegra30-pinctrl 70000868.pinmux: request pin 42 (LCD_D10 PF2) for 70000868.pinmux
[    0.364963] tegra30-pinctrl 70000868.pinmux: request pin 43 (LCD_D11 PF3) for 70000868.pinmux
[    0.364971] tegra30-pinctrl 70000868.pinmux: request pin 44 (LCD_D12 PF4) for 70000868.pinmux
[    0.364979] tegra30-pinctrl 70000868.pinmux: request pin 45 (LCD_D13 PF5) for 70000868.pinmux
[    0.364986] tegra30-pinctrl 70000868.pinmux: request pin 46 (LCD_D14 PF6) for 70000868.pinmux
[    0.364994] tegra30-pinctrl 70000868.pinmux: request pin 47 (LCD_D15 PF7) for 70000868.pinmux
[    0.365001] tegra30-pinctrl 70000868.pinmux: request pin 48 (GMI_AD0 PG0) for 70000868.pinmux
[    0.365009] tegra30-pinctrl 70000868.pinmux: request pin 49 (GMI_AD1 PG1) for 70000868.pinmux
[    0.365017] tegra30-pinctrl 70000868.pinmux: request pin 50 (GMI_AD2 PG2) for 70000868.pinmux
[    0.365025] tegra30-pinctrl 70000868.pinmux: request pin 51 (GMI_AD3 PG3) for 70000868.pinmux
[    0.365032] tegra30-pinctrl 70000868.pinmux: request pin 52 (GMI_AD4 PG4) for 70000868.pinmux
[    0.365040] tegra30-pinctrl 70000868.pinmux: request pin 53 (GMI_AD5 PG5) for 70000868.pinmux
[    0.365048] tegra30-pinctrl 70000868.pinmux: request pin 54 (GMI_AD6 PG6) for 70000868.pinmux
[    0.365055] tegra30-pinctrl 70000868.pinmux: request pin 55 (GMI_AD7 PG7) for 70000868.pinmux
[    0.365063] tegra30-pinctrl 70000868.pinmux: request pin 56 (GMI_AD8 PH0) for 70000868.pinmux
[    0.365071] tegra30-pinctrl 70000868.pinmux: request pin 57 (GMI_AD9 PH1) for 70000868.pinmux
[    0.365079] tegra30-pinctrl 70000868.pinmux: request pin 58 (GMI_AD10 PH2) for 70000868.pinmux
[    0.365086] tegra30-pinctrl 70000868.pinmux: request pin 59 (GMI_AD11 PH3) for 70000868.pinmux
[    0.365094] tegra30-pinctrl 70000868.pinmux: request pin 60 (GMI_AD12 PH4) for 70000868.pinmux
[    0.365102] tegra30-pinctrl 70000868.pinmux: request pin 61 (GMI_AD13 PH5) for 70000868.pinmux
[    0.365110] tegra30-pinctrl 70000868.pinmux: request pin 62 (GMI_AD14 PH6) for 70000868.pinmux
[    0.365118] tegra30-pinctrl 70000868.pinmux: request pin 64 (GMI_WR_N PI0) for 70000868.pinmux
[    0.365126] tegra30-pinctrl 70000868.pinmux: request pin 65 (GMI_OE_N PI1) for 70000868.pinmux
[    0.365134] tegra30-pinctrl 70000868.pinmux: request pin 66 (GMI_DQS PI2) for 70000868.pinmux
[    0.365142] tegra30-pinctrl 70000868.pinmux: request pin 69 (GMI_IORDY PI5) for 70000868.pinmux
[    0.365150] tegra30-pinctrl 70000868.pinmux: request pin 70 (GMI_CS7_N PI6) for 70000868.pinmux
[    0.365157] tegra30-pinctrl 70000868.pinmux: request pin 71 (GMI_WAIT PI7) for 70000868.pinmux
[    0.365165] tegra30-pinctrl 70000868.pinmux: request pin 73 (LCD_DE PJ1) for 70000868.pinmux
[    0.365173] tegra30-pinctrl 70000868.pinmux: request pin 75 (LCD_HSYNC PJ3) for 70000868.pinmux
[    0.365181] tegra30-pinctrl 70000868.pinmux: request pin 76 (LCD_VSYNC PJ4) for 70000868.pinmux
[    0.365188] tegra30-pinctrl 70000868.pinmux: request pin 77 (UART2_CTS_N PJ5) for 70000868.pinmux
[    0.365196] tegra30-pinctrl 70000868.pinmux: request pin 78 (UART2_RTS_N PJ6) for 70000868.pinmux
[    0.365204] tegra30-pinctrl 70000868.pinmux: request pin 79 (GMI_A16 PJ7) for 70000868.pinmux
[    0.365212] tegra30-pinctrl 70000868.pinmux: request pin 80 (GMI_ADV_N PK0) for 70000868.pinmux
[    0.365220] tegra30-pinctrl 70000868.pinmux: request pin 81 (GMI_CLK PK1) for 70000868.pinmux
[    0.365227] tegra30-pinctrl 70000868.pinmux: request pin 83 (GMI_CS2_N PK3) for 70000868.pinmux
[    0.365235] tegra30-pinctrl 70000868.pinmux: request pin 84 (GMI_CS3_N PK4) for 70000868.pinmux
[    0.365243] tegra30-pinctrl 70000868.pinmux: request pin 85 (SPDIF_OUT PK5) for 70000868.pinmux
[    0.365251] tegra30-pinctrl 70000868.pinmux: request pin 86 (SPDIF_IN PK6) for 70000868.pinmux
[    0.365258] tegra30-pinctrl 70000868.pinmux: request pin 87 (GMI_A19 PK7) for 70000868.pinmux
[    0.365266] tegra30-pinctrl 70000868.pinmux: request pin 88 (VI_D2 PL0) for 70000868.pinmux
[    0.365274] tegra30-pinctrl 70000868.pinmux: request pin 89 (VI_D3 PL1) for 70000868.pinmux
[    0.365282] tegra30-pinctrl 70000868.pinmux: request pin 90 (VI_D4 PL2) for 70000868.pinmux
[    0.365290] tegra30-pinctrl 70000868.pinmux: request pin 91 (VI_D5 PL3) for 70000868.pinmux
[    0.365298] tegra30-pinctrl 70000868.pinmux: request pin 92 (VI_D6 PL4) for 70000868.pinmux
[    0.365305] tegra30-pinctrl 70000868.pinmux: request pin 93 (VI_D7 PL5) for 70000868.pinmux
[    0.365313] tegra30-pinctrl 70000868.pinmux: request pin 94 (VI_D8 PL6) for 70000868.pinmux
[    0.365321] tegra30-pinctrl 70000868.pinmux: request pin 95 (VI_D9 PL7) for 70000868.pinmux
[    0.365329] tegra30-pinctrl 70000868.pinmux: request pin 96 (LCD_D16 PM0) for 70000868.pinmux
[    0.365337] tegra30-pinctrl 70000868.pinmux: request pin 97 (LCD_D17 PM1) for 70000868.pinmux
[    0.365345] tegra30-pinctrl 70000868.pinmux: request pin 98 (LCD_D18 PM2) for 70000868.pinmux
[    0.365352] tegra30-pinctrl 70000868.pinmux: request pin 99 (LCD_D19 PM3) for 70000868.pinmux
[    0.365360] tegra30-pinctrl 70000868.pinmux: request pin 100 (LCD_D20 PM4) for 70000868.pinmux
[    0.365368] tegra30-pinctrl 70000868.pinmux: request pin 101 (LCD_D21 PM5) for 70000868.pinmux
[    0.365376] tegra30-pinctrl 70000868.pinmux: request pin 102 (LCD_D22 PM6) for 70000868.pinmux
[    0.365383] tegra30-pinctrl 70000868.pinmux: request pin 103 (LCD_D23 PM7) for 70000868.pinmux
[    0.365391] tegra30-pinctrl 70000868.pinmux: request pin 104 (DAP1_FS PN0) for 70000868.pinmux
[    0.365399] tegra30-pinctrl 70000868.pinmux: request pin 105 (DAP1_DIN PN1) for 70000868.pinmux
[    0.365407] tegra30-pinctrl 70000868.pinmux: request pin 106 (DAP1_DOUT PN2) for 70000868.pinmux
[    0.365414] tegra30-pinctrl 70000868.pinmux: request pin 107 (DAP1_SCLK PN3) for 70000868.pinmux
[    0.365422] tegra30-pinctrl 70000868.pinmux: request pin 108 (LCD_CS0_N PN4) for 70000868.pinmux
[    0.365430] tegra30-pinctrl 70000868.pinmux: request pin 109 (LCD_SDOUT PN5) for 70000868.pinmux
[    0.365437] tegra30-pinctrl 70000868.pinmux: request pin 110 (LCD_DC0 PN6) for 70000868.pinmux
[    0.365447] tegra30-pinctrl 70000868.pinmux: request pin 112 (ULPI_DATA7 PO0) for 70000868.pinmux
[    0.365455] tegra30-pinctrl 70000868.pinmux: request pin 113 (ULPI_DATA0 PO1) for 70000868.pinmux
[    0.365463] tegra30-pinctrl 70000868.pinmux: request pin 114 (ULPI_DATA1 PO2) for 70000868.pinmux
[    0.365471] tegra30-pinctrl 70000868.pinmux: request pin 115 (ULPI_DATA2 PO3) for 70000868.pinmux
[    0.365480] tegra30-pinctrl 70000868.pinmux: request pin 117 (ULPI_DATA4 PO5) for 70000868.pinmux
[    0.365487] tegra30-pinctrl 70000868.pinmux: request pin 118 (ULPI_DATA5 PO6) for 70000868.pinmux
[    0.365495] tegra30-pinctrl 70000868.pinmux: request pin 119 (ULPI_DATA6 PO7) for 70000868.pinmux
[    0.365503] tegra30-pinctrl 70000868.pinmux: request pin 120 (DAP3_FS PP0) for 70000868.pinmux
[    0.365511] tegra30-pinctrl 70000868.pinmux: request pin 121 (DAP3_DIN PP1) for 70000868.pinmux
[    0.365519] tegra30-pinctrl 70000868.pinmux: request pin 122 (DAP3_DOUT PP2) for 70000868.pinmux
[    0.365527] tegra30-pinctrl 70000868.pinmux: request pin 123 (DAP3_SCLK PP3) for 70000868.pinmux
[    0.365534] tegra30-pinctrl 70000868.pinmux: request pin 124 (DAP4_FS PP4) for 70000868.pinmux
[    0.365542] tegra30-pinctrl 70000868.pinmux: request pin 125 (DAP4_DIN PP5) for 70000868.pinmux
[    0.365550] tegra30-pinctrl 70000868.pinmux: request pin 126 (DAP4_DOUT PP6) for 70000868.pinmux
[    0.365558] tegra30-pinctrl 70000868.pinmux: request pin 127 (DAP4_SCLK PP7) for 70000868.pinmux
[    0.365565] tegra30-pinctrl 70000868.pinmux: request pin 128 (KB_COL0 PQ0) for 70000868.pinmux
[    0.365573] tegra30-pinctrl 70000868.pinmux: request pin 129 (KB_COL1 PQ1) for 70000868.pinmux
[    0.365581] tegra30-pinctrl 70000868.pinmux: request pin 130 (KB_COL2 PQ2) for 70000868.pinmux
[    0.365589] tegra30-pinctrl 70000868.pinmux: request pin 131 (KB_COL3 PQ3) for 70000868.pinmux
[    0.365596] tegra30-pinctrl 70000868.pinmux: request pin 132 (KB_COL4 PQ4) for 70000868.pinmux
[    0.365604] tegra30-pinctrl 70000868.pinmux: request pin 133 (KB_COL5 PQ5) for 70000868.pinmux
[    0.365612] tegra30-pinctrl 70000868.pinmux: request pin 134 (KB_COL6 PQ6) for 70000868.pinmux
[    0.365620] tegra30-pinctrl 70000868.pinmux: request pin 135 (KB_COL7 PQ7) for 70000868.pinmux
[    0.365627] tegra30-pinctrl 70000868.pinmux: request pin 136 (KB_ROW0 PR0) for 70000868.pinmux
[    0.365635] tegra30-pinctrl 70000868.pinmux: request pin 137 (KB_ROW1 PR1) for 70000868.pinmux
[    0.365643] tegra30-pinctrl 70000868.pinmux: request pin 138 (KB_ROW2 PR2) for 70000868.pinmux
[    0.365651] tegra30-pinctrl 70000868.pinmux: request pin 139 (KB_ROW3 PR3) for 70000868.pinmux
[    0.365658] tegra30-pinctrl 70000868.pinmux: request pin 140 (KB_ROW4 PR4) for 70000868.pinmux
[    0.365666] tegra30-pinctrl 70000868.pinmux: request pin 141 (KB_ROW5 PR5) for 70000868.pinmux
[    0.365674] tegra30-pinctrl 70000868.pinmux: request pin 142 (KB_ROW6 PR6) for 70000868.pinmux
[    0.365681] tegra30-pinctrl 70000868.pinmux: request pin 143 (KB_ROW7 PR7) for 70000868.pinmux
[    0.365689] tegra30-pinctrl 70000868.pinmux: request pin 144 (KB_ROW8 PS0) for 70000868.pinmux
[    0.365697] tegra30-pinctrl 70000868.pinmux: request pin 145 (KB_ROW9 PS1) for 70000868.pinmux
[    0.365705] tegra30-pinctrl 70000868.pinmux: request pin 146 (KB_ROW10 PS2) for 70000868.pinmux
[    0.365713] tegra30-pinctrl 70000868.pinmux: request pin 147 (KB_ROW11 PS3) for 70000868.pinmux
[    0.365721] tegra30-pinctrl 70000868.pinmux: request pin 148 (KB_ROW12 PS4) for 70000868.pinmux
[    0.365728] tegra30-pinctrl 70000868.pinmux: request pin 149 (KB_ROW13 PS5) for 70000868.pinmux
[    0.365736] tegra30-pinctrl 70000868.pinmux: request pin 150 (KB_ROW14 PS6) for 70000868.pinmux
[    0.365744] tegra30-pinctrl 70000868.pinmux: request pin 151 (KB_ROW15 PS7) for 70000868.pinmux
[    0.365751] tegra30-pinctrl 70000868.pinmux: request pin 152 (VI_PCLK PT0) for 70000868.pinmux
[    0.365759] tegra30-pinctrl 70000868.pinmux: request pin 153 (VI_MCLK PT1) for 70000868.pinmux
[    0.365771] tegra30-pinctrl 70000868.pinmux: request pin 157 (GEN2_I2C_SCL PT5) for 70000868.pinmux
[    0.365780] tegra30-pinctrl 70000868.pinmux: request pin 158 (GEN2_I2C_SDA PT6) for 70000868.pinmux
[    0.365788] tegra30-pinctrl 70000868.pinmux: request pin 159 (SDMMC4_CMD PT7) for 70000868.pinmux
[    0.365797] tegra30-pinctrl 70000868.pinmux: request pin 161 (PU1) for 70000868.pinmux
[    0.365805] tegra30-pinctrl 70000868.pinmux: request pin 162 (PU2) for 70000868.pinmux
[    0.365815] tegra30-pinctrl 70000868.pinmux: request pin 164 (PU4) for 70000868.pinmux
[    0.365823] tegra30-pinctrl 70000868.pinmux: request pin 165 (PU5) for 70000868.pinmux
[    0.365832] tegra30-pinctrl 70000868.pinmux: request pin 167 (JTAG_RTCK PU7) for 70000868.pinmux
[    0.365840] tegra30-pinctrl 70000868.pinmux: request pin 168 (PV0) for 70000868.pinmux
[    0.365848] tegra30-pinctrl 70000868.pinmux: request pin 170 (PV2) for 70000868.pinmux
[    0.365857] tegra30-pinctrl 70000868.pinmux: request pin 172 (DDC_SCL PV4) for 70000868.pinmux
[    0.365864] tegra30-pinctrl 70000868.pinmux: request pin 173 (DDC_SDA PV5) for 70000868.pinmux
[    0.365872] tegra30-pinctrl 70000868.pinmux: request pin 174 (CRT_HSYNC PV6) for 70000868.pinmux
[    0.365880] tegra30-pinctrl 70000868.pinmux: request pin 175 (CRT_VSYNC PV7) for 70000868.pinmux
[    0.365888] tegra30-pinctrl 70000868.pinmux: request pin 176 (LCD_CS1_N PW0) for 70000868.pinmux
[    0.365895] tegra30-pinctrl 70000868.pinmux: request pin 177 (LCD_M1 PW1) for 70000868.pinmux
[    0.365903] tegra30-pinctrl 70000868.pinmux: request pin 178 (SPI2_CS1_N PW2) for 70000868.pinmux
[    0.365911] tegra30-pinctrl 70000868.pinmux: request pin 180 (CLK1_OUT PW4) for 70000868.pinmux
[    0.365919] tegra30-pinctrl 70000868.pinmux: request pin 181 (CLK2_OUT PW5) for 70000868.pinmux
[    0.365927] tegra30-pinctrl 70000868.pinmux: request pin 182 (UART3_TXD PW6) for 70000868.pinmux
[    0.365934] tegra30-pinctrl 70000868.pinmux: request pin 183 (UART3_RXD PW7) for 70000868.pinmux
[    0.365942] tegra30-pinctrl 70000868.pinmux: request pin 186 (SPI2_SCK PX2) for 70000868.pinmux
[    0.365950] tegra30-pinctrl 70000868.pinmux: request pin 188 (SPI1_MOSI PX4) for 70000868.pinmux
[    0.365958] tegra30-pinctrl 70000868.pinmux: request pin 189 (SPI1_SCK PX5) for 70000868.pinmux
[    0.365966] tegra30-pinctrl 70000868.pinmux: request pin 190 (SPI1_CS0_N PX6) for 70000868.pinmux
[    0.365974] tegra30-pinctrl 70000868.pinmux: request pin 191 (SPI1_MISO PX7) for 70000868.pinmux
[    0.365981] tegra30-pinctrl 70000868.pinmux: request pin 192 (ULPI_CLK PY0) for 70000868.pinmux
[    0.365989] tegra30-pinctrl 70000868.pinmux: request pin 193 (ULPI_DIR PY1) for 70000868.pinmux
[    0.365997] tegra30-pinctrl 70000868.pinmux: request pin 194 (ULPI_NXT PY2) for 70000868.pinmux
[    0.366005] tegra30-pinctrl 70000868.pinmux: request pin 195 (ULPI_STP PY3) for 70000868.pinmux
[    0.366013] tegra30-pinctrl 70000868.pinmux: request pin 196 (SDMMC1_DAT3 PY4) for 70000868.pinmux
[    0.366021] tegra30-pinctrl 70000868.pinmux: request pin 197 (SDMMC1_DAT2 PY5) for 70000868.pinmux
[    0.366029] tegra30-pinctrl 70000868.pinmux: request pin 198 (SDMMC1_DAT1 PY6) for 70000868.pinmux
[    0.366037] tegra30-pinctrl 70000868.pinmux: request pin 199 (SDMMC1_DAT0 PY7) for 70000868.pinmux
[    0.366044] tegra30-pinctrl 70000868.pinmux: request pin 200 (SDMMC1_CLK PZ0) for 70000868.pinmux
[    0.366052] tegra30-pinctrl 70000868.pinmux: request pin 201 (SDMMC1_CMD PZ1) for 70000868.pinmux
[    0.366060] tegra30-pinctrl 70000868.pinmux: request pin 202 (LCD_SDIN PZ2) for 70000868.pinmux
[    0.366068] tegra30-pinctrl 70000868.pinmux: request pin 203 (LCD_WR_N PZ3) for 70000868.pinmux
[    0.366076] tegra30-pinctrl 70000868.pinmux: request pin 204 (LCD_SCK PZ4) for 70000868.pinmux
[    0.366083] tegra30-pinctrl 70000868.pinmux: request pin 205 (SYS_CLK_REQ PZ5) for 70000868.pinmux
[    0.366091] tegra30-pinctrl 70000868.pinmux: request pin 206 (PWR_I2C_SCL PZ6) for 70000868.pinmux
[    0.366099] tegra30-pinctrl 70000868.pinmux: request pin 207 (PWR_I2C_SDA PZ7) for 70000868.pinmux
[    0.366108] tegra30-pinctrl 70000868.pinmux: request pin 208 (SDMMC4_DAT0 PAA0) for 70000868.pinmux
[    0.366115] tegra30-pinctrl 70000868.pinmux: request pin 209 (SDMMC4_DAT1 PAA1) for 70000868.pinmux
[    0.366124] tegra30-pinctrl 70000868.pinmux: request pin 210 (SDMMC4_DAT2 PAA2) for 70000868.pinmux
[    0.366131] tegra30-pinctrl 70000868.pinmux: request pin 211 (SDMMC4_DAT3 PAA3) for 70000868.pinmux
[    0.366139] tegra30-pinctrl 70000868.pinmux: request pin 212 (SDMMC4_DAT4 PAA4) for 70000868.pinmux
[    0.366146] tegra30-pinctrl 70000868.pinmux: request pin 213 (SDMMC4_DAT5 PAA5) for 70000868.pinmux
[    0.366154] tegra30-pinctrl 70000868.pinmux: request pin 214 (SDMMC4_DAT6 PAA6) for 70000868.pinmux
[    0.366162] tegra30-pinctrl 70000868.pinmux: request pin 215 (SDMMC4_DAT7 PAA7) for 70000868.pinmux
[    0.366171] tegra30-pinctrl 70000868.pinmux: request pin 217 (CAM_I2C_SCL PBB1) for 70000868.pinmux
[    0.366180] tegra30-pinctrl 70000868.pinmux: request pin 218 (CAM_I2C_SDA PBB2) for 70000868.pinmux
[    0.366188] tegra30-pinctrl 70000868.pinmux: request pin 219 (PBB3) for 70000868.pinmux
[    0.366196] tegra30-pinctrl 70000868.pinmux: request pin 220 (PBB4) for 70000868.pinmux
[    0.366203] tegra30-pinctrl 70000868.pinmux: request pin 221 (PBB5) for 70000868.pinmux
[    0.366211] tegra30-pinctrl 70000868.pinmux: request pin 222 (PBB6) for 70000868.pinmux
[    0.366219] tegra30-pinctrl 70000868.pinmux: request pin 223 (PBB7) for 70000868.pinmux
[    0.366226] tegra30-pinctrl 70000868.pinmux: request pin 224 (CAM_MCLK PCC0) for 70000868.pinmux
[    0.366236] tegra30-pinctrl 70000868.pinmux: request pin 226 (PCC2) for 70000868.pinmux
[    0.366244] tegra30-pinctrl 70000868.pinmux: request pin 227 (SDMMC4_RST_N PCC3) for 70000868.pinmux
[    0.366251] tegra30-pinctrl 70000868.pinmux: request pin 228 (SDMMC4_CLK PCC4) for 70000868.pinmux
[    0.366259] tegra30-pinctrl 70000868.pinmux: request pin 229 (CLK2_REQ PCC5) for 70000868.pinmux
[    0.366267] tegra30-pinctrl 70000868.pinmux: request pin 230 (PEX_L2_RST_N PCC6) for 70000868.pinmux
[    0.366275] tegra30-pinctrl 70000868.pinmux: request pin 231 (PEX_L2_CLKREQ_N PCC7) for 70000868.pinmux
[    0.366283] tegra30-pinctrl 70000868.pinmux: request pin 232 (PEX_L0_PRSNT_N PDD0) for 70000868.pinmux
[    0.366291] tegra30-pinctrl 70000868.pinmux: request pin 233 (PEX_L0_RST_N PDD1) for 70000868.pinmux
[    0.366298] tegra30-pinctrl 70000868.pinmux: request pin 234 (PEX_L0_CLKREQ_N PDD2) for 70000868.pinmux
[    0.366306] tegra30-pinctrl 70000868.pinmux: request pin 235 (PEX_WAKE_N PDD3) for 70000868.pinmux
[    0.366314] tegra30-pinctrl 70000868.pinmux: request pin 236 (PEX_L1_PRSNT_N PDD4) for 70000868.pinmux
[    0.366321] tegra30-pinctrl 70000868.pinmux: request pin 237 (PEX_L1_RST_N PDD5) for 70000868.pinmux
[    0.366329] tegra30-pinctrl 70000868.pinmux: request pin 238 (PEX_L1_CLKREQ_N PDD6) for 70000868.pinmux
[    0.366337] tegra30-pinctrl 70000868.pinmux: request pin 239 (PEX_L2_PRSNT_N PDD7) for 70000868.pinmux
[    0.366345] tegra30-pinctrl 70000868.pinmux: request pin 240 (CLK3_OUT PEE0) for 70000868.pinmux
[    0.366353] tegra30-pinctrl 70000868.pinmux: request pin 241 (CLK3_REQ PEE1) for 70000868.pinmux
[    0.366361] tegra30-pinctrl 70000868.pinmux: request pin 242 (CLK1_REQ PEE2) for 70000868.pinmux
[    0.366369] tegra30-pinctrl 70000868.pinmux: request pin 243 (HDMI_CEC PEE3) for 70000868.pinmux
[    0.366377] tegra30-pinctrl 70000868.pinmux: request pin 256 (OWR) for 70000868.pinmux
[    0.367894] tegra-pcie 3000.pcie-controller: 2x3 configuration
[    0.368018] vdd_1v5_gen: supplied by vdd_5v_in
[    0.368096] vdd_pexa,vdd_pexb: supplied by vdd_1v5_gen
[    0.368215] tegra-pcie 3000.pcie-controller: Failed to get supply 'hvdd-pex': -517
[    0.368668] tegra-ahb 6000c004.ahb: incorrect AHB base address in DT data - enabling workaround
[    0.377380] tegra-apbdma 6000a000.dma: Tegra20 APB DMA driver register 32 channels
[    0.378086] tegra-pmc 7000e400.pmc: i2c-thermtrip node not found, emergency thermal reset disabled.
[    0.378693] Serial: 8250/16550 driver, 4 ports, IRQ sharing disabled
[    0.381624] console [ttyS0] disabled
[    0.381676] 70006000.serial: ttyS0 at MMIO 0x70006000 (irq = 331, base_baud = 25500000) is a Tegra
[    3.490094] cfg80211: Calling CRDA to update world regulatory domain
[    5.087736] console [ttyS0] enabled
[    5.093293] [drm] Initialized drm 1.1.0 20060810
[    5.099066] reg-fixed-voltage regulators:regulator@8: Failed to resolve vin-supply for +VDD_5V_HDMI
[    5.108110] tegra-hdmi 54280000.hdmi: failed to get HDMI regulator
[    5.126838] loop: module loaded
[    5.133697] m25p80 spi32766.1: w25q32 (4096 Kbytes)
[    5.141106] CAN device driver interface
[    5.145036] igb: Intel(R) Gigabit Ethernet Network Driver - version 5.2.15-k
[    5.152081] igb: Copyright (c) 2007-2014 Intel Corporation.
[    5.157952] pegasus: v0.9.3 (2013/04/25), Pegasus/Pegasus II USB Ethernet driver
[    5.165452] usbcore: registered new interface driver pegasus
[    5.171249] usbcore: registered new interface driver asix
[    5.176749] usbcore: registered new interface driver ax88179_178a
[    5.182927] usbcore: registered new interface driver cdc_ether
[    5.188896] usbcore: registered new interface driver smsc75xx
[    5.194778] usbcore: registered new interface driver smsc95xx
[    5.200625] usbcore: registered new interface driver net1080
[    5.206370] usbcore: registered new interface driver cdc_subset
[    5.212385] usbcore: registered new interface driver zaurus
[    5.218102] usbcore: registered new interface driver cdc_ncm
[    5.224464] ehci_hcd: USB 2.0 'Enhanced' Host Controller (EHCI) Driver
[    5.230996] ehci-pci: EHCI PCI platform driver
[    5.235530] tegra-ehci: Tegra EHCI driver
[    5.240111] usbcore: registered new interface driver cdc_acm
[    5.245753] cdc_acm: USB Abstract Control Model driver for USB modems and ISDN adapters
[    5.253855] usbcore: registered new interface driver cdc_wdm
[    5.259651] usbcore: registered new interface driver usb-storage
[    5.266332] mousedev: PS/2 mouse device common for all mice
[    5.274109] tegra_rtc 7000e000.rtc: rtc core: registered 7000e000.rtc as rtc1
[    5.281349] tegra_rtc 7000e000.rtc: Tegra internal Real Time Clock
[    5.300599] tps65910-rtc tps65910-rtc: rtc core: registered tps65910-rtc as rtc0
[    5.308063] i2c /dev entries driver
[    5.313353] usbcore: registered new interface driver uvcvideo
[    5.319095] USB Video Class driver (1.1.1)
[    5.323181] gspca_main: v2.14.0 registered
[    5.328586] tegra-wdt 60005000.timer: initialized (heartbeat = 120 sec, nowayout = 0)
[    5.336671] sdhci: Secure Digital Host Controller Interface driver
[    5.342833] sdhci: Copyright(c) Pierre Ossman
[    5.347191] sdhci-pltfm: SDHCI platform and OF driver helper
[    5.353091] tegra30-pinctrl 70000868.pinmux: request pin 69 (GMI_IORDY PI5) for Tegra GPIOs:69
[    5.361702] sdhci-tegra 78000000.sdhci: Got CD GPIO
[    5.366586] tegra30-pinctrl 70000868.pinmux: request pin 155 (VI_D11 PT3) for Tegra GPIOs:155
[    5.375090] sdhci-tegra 78000000.sdhci: Got WP GPIO
[    5.379979] tegra30-pinctrl 70000868.pinmux: request pin 31 (VI_HSYNC PD7) for Tegra GPIOs:31
[    5.389621] sdhci-tegra 78000000.sdhci: No vmmc regulator found
[    5.395526] sdhci-tegra 78000000.sdhci: No vqmmc regulator found
[    5.401528] mmc0: Invalid maximum block size, assuming 512 bytes
[    5.446582] mmc0: SDHCI controller on 78000000.sdhci [78000000.sdhci] using ADMA
[    5.455182] sdhci-tegra 78000600.sdhci: No vmmc regulator found
[    5.461103] sdhci-tegra 78000600.sdhci: No vqmmc regulator found
[    5.467102] mmc1: Invalid maximum block size, assuming 512 bytes
[    5.516421] mmc1: SDHCI controller on 78000600.sdhci [78000600.sdhci] using ADMA
[    5.526073] tegra30-pinctrl 70000868.pinmux: request pin 89 (VI_D3 PL1) for Tegra GPIOs:89
[    5.536584] tegra30-pinctrl 70000868.pinmux: request pin 88 (VI_D2 PL0) for Tegra GPIOs:88
[    5.545633] usbcore: registered new interface driver usbhid
[    5.553210] usbhid: USB HID core driver
[    5.567842] tegra30-pinctrl 70000868.pinmux: request pin 186 (SPI2_SCK PX2) for Tegra GPIOs:186
[    5.636615] mmc1: new high speed MMC card at address 0001
[    5.642667] mmcblk0: mmc1:0001 SEM16G 14.8 GiB 
[    5.647451] mmcblk0boot0: mmc1:0001 SEM16G partition 1 1.00 MiB
[    5.653564] mmcblk0boot1: mmc1:0001 SEM16G partition 2 1.00 MiB
[    5.659662] mmcblk0rpmb: mmc1:0001 SEM16G partition 3 128 KiB
[    5.668624] Primary GPT is invalid, using alternate GPT.
[    5.673937]  mmcblk0: p1 p2 p3 p4 p5
[    5.997932] tegra30-i2s 70080400.i2s: DMA channels sourced from device 70080000.ahub
[    6.013262] tegra30-pinctrl 70000868.pinmux: request pin 178 (SPI2_CS1_N PW2) for Tegra GPIOs:178
[    6.023196] tegra-snd-rt5640 sound: rt5640-aif1 <-> 70080400.i2s mapping ok
[    6.033838] input: NVIDIA Tegra Beaver Headphones as /devices/soc0/sound/sound/card0/input0
[    6.044044] NET: Registered protocol family 10
[    6.049938] mip6: Mobile IPv6
[    6.052903] sit: IPv6 over IPv4 tunneling driver
[    6.059906] NET: Registered protocol family 17
[    6.064370] NET: Registered protocol family 15
[    6.068823] can: controller area network core (rev 20120528 abi 9)
[    6.075136] NET: Registered protocol family 29
[    6.079585] can: raw protocol (rev 20120528)
[    6.083846] can: broadcast manager protocol (rev 20120528 t)
[    6.089514] can: netlink gateway (rev 20130117) max_hops=1
[    6.095138] Bluetooth: RFCOMM socket layer initialized
[    6.100293] Bluetooth: RFCOMM ver 1.11
[    6.104044] Bluetooth: BNEP (Ethernet Emulation) ver 1.3
[    6.109363] Bluetooth: BNEP socket layer initialized
[    6.114317] Bluetooth: HIDP (Human Interface Emulation) ver 1.2
[    6.120245] Bluetooth: HIDP socket layer initialized
[    6.126357] Registering SWP/SWPB emulation handler
[    6.137005] tegra30-pinctrl 70000868.pinmux: request pin 30 (VI_VSYNC PD6) for Tegra GPIOs:30
[    6.145915] tegra30-pinctrl 70000868.pinmux: request pin 238 (PEX_L1_CLKREQ_N PDD6) for Tegra GPIOs:238
[    6.155701] tegra30-pinctrl 70000868.pinmux: request pin 236 (PEX_L1_PRSNT_N PDD4) for Tegra GPIOs:236
[    6.167209] tegra30-pinctrl 70000868.pinmux: request pin 95 (VI_D9 PL7) for Tegra GPIOs:95
[    6.175690] tegra-pcie 3000.pcie-controller: 2x3 configuration
[    6.181675] sys_3v3,vdd_3v3_alw: supplied by vdd_5v_in
[    6.186865] sys_3v3_pexs: supplied by sys_3v3,vdd_3v3_alw
[    6.194756] tegra-pcie 3000.pcie-controller: probing port 0, using 2 lanes
[    6.259930] tegra-pcie 3000.pcie-controller: probing port 2, using 2 lanes
[    6.646438] cfg80211: Calling CRDA to update world regulatory domain
[    6.676422] tegra-pcie 3000.pcie-controller: link 2 down, retrying
[    7.086573] tegra-pcie 3000.pcie-controller: link 2 down, retrying
[    7.496736] tegra-pcie 3000.pcie-controller: link 2 down, retrying
[    7.504913] tegra-pcie 3000.pcie-controller: link 2 down, ignoring
[    7.511470] tegra-pcie 3000.pcie-controller: PCI host bridge to bus 0000:00
[    7.518436] pci_bus 0000:00: root bus resource [mem 0x20000000-0x27ffffff]
[    7.525295] pci_bus 0000:00: root bus resource [mem 0x28000000-0x3fffffff pref]
[    7.532597] pci_bus 0000:00: root bus resource [bus 00-ff]
[    7.538077] pci_bus 0000:00: root bus resource [io  0x1000-0xffff]
[    7.544269] pci 0000:00:01.0: [10de:0e1c] type 01 class 0x060400
[    7.550298] pci 0000:00:01.0: IOMMU is currently not supported for PCI
[    7.556846] pci 0000:00:01.0: PME# supported from D0 D1 D2 D3hot D3cold
[    7.563931] PCI: bus0: Fast back to back transfers disabled
[    7.569506] pci 0000:00:01.0: bridge configuration invalid ([bus 00-00]), reconfiguring
[    7.577778] pci 0000:01:00.0: [10ec:8168] type 00 class 0x020000
[    7.583798] pci 0000:01:00.0: reg 0x10: [io  0x0000-0x00ff]
[    7.589382] pci 0000:01:00.0: reg 0x18: [mem 0x00000000-0x00000fff 64bit pref]
[    7.596603] pci 0000:01:00.0: reg 0x20: [mem 0x00000000-0x00003fff 64bit pref]
[    7.603818] pci 0000:01:00.0: IOMMU is currently not supported for PCI
[    7.610376] pci 0000:01:00.0: supports D1 D2
[    7.614633] pci 0000:01:00.0: PME# supported from D0 D1 D2 D3hot D3cold
[    7.636443] PCI: bus1: Fast back to back transfers disabled
[    7.642005] pci_bus 0000:01: busn_res: [bus 01-ff] end is updated to 01
[    7.648675] pci 0000:00:01.0: BAR 9: assigned [mem 0x28000000-0x280fffff 64bit pref]
[    7.656413] pci 0000:00:01.0: BAR 7: assigned [io  0x1000-0x1fff]
[    7.662497] pci 0000:01:00.0: BAR 4: assigned [mem 0x28000000-0x28003fff 64bit pref]
[    7.670240] pci 0000:01:00.0: BAR 2: assigned [mem 0x28004000-0x28004fff 64bit pref]
[    7.677981] pci 0000:01:00.0: BAR 0: assigned [io  0x1000-0x10ff]
[    7.684062] pci 0000:00:01.0: PCI bridge to [bus 01]
[    7.689022] pci 0000:00:01.0:   bridge window [io  0x1000-0x1fff]
[    7.695101] pci 0000:00:01.0:   bridge window [mem 0x28000000-0x280fffff 64bit pref]
[    7.702845] pci 0000:00:01.0: nv_msi_ht_cap_quirk didn't locate host bridge
[    7.709941] pcieport 0000:00:01.0: enabling device (0140 -> 0143)
[    7.716365] pcieport 0000:00:01.0: Signaling PME through PCIe PME interrupt
[    7.723325] pci 0000:01:00.0: Signaling PME through PCIe PME interrupt
[    7.729847] pcie_pme 0000:00:01.0:pcie01: service driver pcie_pme loaded
[    7.736833] r8169 Gigabit Ethernet driver 2.3LK-NAPI loaded
[    7.742436] r8169 0000:01:00.0: enabling device (0140 -> 0143)
[    7.749880] r8169 0000:01:00.0 eth0: RTL8168evl/8111evl at 0xf00b6000, 02:04:4b:01:60:a6, XID 0c900800 IRQ 375
[    7.759878] r8169 0000:01:00.0 eth0: jumbo features [frames: 9200 bytes, tx checksumming: ko]
[    7.768760] +VDD_5V_HDMI: supplied by sys_3v3,vdd_3v3_alw
[    7.774290] vdd_1v8_gen: supplied by vdd_5v_in
[    7.778942] tegra30-pinctrl 70000868.pinmux: request pin 111 (HDMI_INT PN7) for Tegra GPIOs:111
[    7.791334] [drm] Supports vblank timestamp caching Rev 2 (21.10.2013).
[    7.797994] [drm] No driver support for vblank timestamp query.
[    7.803970] drm drm: No connectors reported connected with modes
[    7.809994] [drm] Cannot find any crtc or sizes - going 1024x768
[    7.837089] Console: switching to colour frame buffer device 128x48
[    7.849382] drm drm: fb0:  frame buffer device
[    7.853812] drm drm: registered panic notifier
[    7.886823] [drm] Initialized tegra 0.0.0 20120330 on minor 0
[    7.894313] usb3_vbus: supplied by vdd_5v_in
[    7.900407] utmi_phy_clk_enable: timeout waiting for phy to stabilize
[    7.906871] tegra-ehci 7d004000.usb: EHCI Host Controller
[    7.912287] tegra-ehci 7d004000.usb: new USB bus registered, assigned bus number 1
[    7.920278] tegra-ehci 7d004000.usb: irq 343, io mem 0x7d004000
[    7.936818] tegra-ehci 7d004000.usb: USB 2.0 started, EHCI 1.00
[    7.944095] hub 1-0:1.0: USB hub found
[    7.947901] hub 1-0:1.0: 1 port detected
[    7.952691] tegra-ehci 7d008000.usb: EHCI Host Controller
[    7.958136] tegra-ehci 7d008000.usb: new USB bus registered, assigned bus number 2
[    7.965981] tegra-ehci 7d008000.usb: irq 344, io mem 0x7d008000
[    7.986813] tegra-ehci 7d008000.usb: USB 2.0 started, EHCI 1.00
[    7.993974] hub 2-0:1.0: USB hub found
[    7.997763] hub 2-0:1.0: 1 port detected
[    8.006110] tps65910-rtc tps65910-rtc: setting system clock to 2000-01-01 00:00:02 UTC (946684802)
[    8.025135] usb1_vbus: disabling
[    8.028441] vdd_sata,avdd_plle: disabling
[    8.033018] ALSA device list:
[    8.035976]   #0: NVIDIA Tegra Beaver
[    8.044653] kjournald starting.  Commit interval 5 seconds
[    8.044681] EXT3-fs (mmcblk0p1): warning: mounting fs with errors, running e2fsck is recommended
[    8.045820] EXT3-fs (mmcblk0p1): using internal journal
[    8.045829] EXT3-fs (mmcblk0p1): recovery complete
[    8.045832] EXT3-fs (mmcblk0p1): mounted filesystem with writeback data mode
[    8.045886] VFS: Mounted root (ext3 filesystem) on device 179:1.
[    8.047658] devtmpfs: mounted
[    8.048000] Freeing unused kernel memory: 308K (c090f000 - c095c000)
bash: cannot set terminal process group (-1): Inappropriate ioctl for device
bash: no job control in this shell
root@(none):/# [    8.316841] usb 2-1: new high-speed USB device number 2 using tegra-ehci
