
U-Boot SPL 2014.01-00219-gc4d376f (Feb 18 2014 - 19:57:32)


U-Boot 2014.01-00219-gc4d376f (Feb 18 2014 - 19:57:32)

TEGRA114
Board: NVIDIA Dalmore
I2C:   ready
DRAM:  2 GiB
MMC:   Tegra SD/MMC: 0, Tegra SD/MMC: 1
In:    serial
Out:   serial
Err:   serial
Net:   Net Initialization Skipped
No ethernet found.
Hit any key to stop autoboot:  2  0 
Tegra114 (Dalmore) # 
Tegra114 (Dalmore) # usb reset
(Re)start USB...
USB0:   USB EHCI 1.10
scanning bus 0 for devices... 2 USB Device(s) found
       scanning usb for storage devices... 0 Storage Device(s) found
       scanning usb for ethernet devices... 
Warning: asx0 using MAC address from net device
1 Ethernet Device(s) found
Tegra114 (Dalmore) # setenv bootargs 'ignore_loglevel console=ttyS0,115200n8 rw root=PARTUUID=7369c667-ff51-ec4a-29cd-baabf2fbe346 rootwait gpt debug earlyprintk init=/bin/bash'
Tegra114 (Dalmore) # setenv ipaddr 192.168.100.100; setenv serverip 192.168.100.1; setenv tftpserverip 192.168.100.1
Tegra114 (Dalmore) # tftpboot 0x81000000 zImage.multi_v7_defconfig
Using asx0 device
TFTP from server 192.168.100.1; our IP address is 192.168.100.100
Filename 'zImage.multi_v7_defconfig'.
Load address: 0x81000000
Loading: *#################################################################
	 #################################################################
	 #################################################################
	 #################################################################
	 #################################################################
	 #################################################################
	 #################################################################
	 #################
	 3 MiB/s
done
Bytes transferred = 6919032 (699378 hex)
Tegra114 (Dalmore) # tftpboot 0x82000000 tegra114-dalmore.dtb
Using asx0 device
TFTP from server 192.168.100.1; our IP address is 192.168.100.100
Filename 'tegra114-dalmore.dtb'.
Load address: 0x82000000
Loading: *###
	 2.8 MiB/s
done
Bytes transferred = 34894 (884e hex)
Tegra114 (Dalmore) # bootz 0x81000000 - 0x82000000
Kernel image @ 0x81000000 [ 0x000000 - 0x699378 ]
## Flattened Device Tree blob at 82000000
   Booting using the fdt blob at 0x82000000
   Loading Device Tree to 8fff4000, end 8ffff84d ... OK

Starting kernel ...

[    0.000000] Booting Linux on physical CPU 0x0
[    0.000000] Linux version 4.6.0-83646-g2dcd0af (pwalmsley@sellafield) (gcc version 4.7.3 20130328 (prerelease) (crosstool-NG linaro-1.13.1-4.7-2013.04-20130415 - Linaro GCC 2013.04) ) #1 SMP Mon May 16 02:48:31 PDT 2016
[    0.000000] CPU: ARMv7 Processor [412fc0f2] revision 2 (ARMv7), cr=10c5387d
[    0.000000] CPU: div instructions available: patching division code
[    0.000000] CPU: PIPT / VIPT nonaliasing data cache, PIPT instruction cache
[    0.000000] Machine model: NVIDIA Tegra114 Dalmore evaluation board
[    0.000000] debug: ignoring loglevel setting.
[    0.000000] cma: Reserved 64 MiB at 0xfb800000
[    0.000000] Memory policy: Data cache writealloc
[    0.000000] On node 0 totalpages: 524032
[    0.000000] free_area_init_node: node 0, pgdat c141b3c0, node_mem_map eeff8000
[    0.000000]   DMA zone: 1536 pages used for memmap
[    0.000000]   DMA zone: 0 pages reserved
[    0.000000]   DMA zone: 196608 pages, LIFO batch:31
[    0.000000]   HighMem zone: 327424 pages, LIFO batch:31
[    0.000000] percpu: Embedded 12 pages/cpu @eefa3000 s19776 r8192 d21184 u49152
[    0.000000] pcpu-alloc: s19776 r8192 d21184 u49152 alloc=12*4096
[    0.000000] pcpu-alloc: [0] 0 [0] 1 [0] 2 [0] 3 
[    0.000000] Built 1 zonelists in Zone order, mobility grouping on.  Total pages: 522496
[    0.000000] Kernel command line: ignore_loglevel console=ttyS0,115200n8 rw root=PARTUUID=7369c667-ff51-ec4a-29cd-baabf2fbe346 rootwait gpt debug earlyprintk init=/bin/bash
[    0.000000] PID hash table entries: 4096 (order: 2, 16384 bytes)
[    0.000000] Dentry cache hash table entries: 131072 (order: 7, 524288 bytes)
[    0.000000] Inode-cache hash table entries: 65536 (order: 6, 262144 bytes)
[    0.000000] Memory: 1995132K/2096128K available (9522K kernel code, 1141K rwdata, 4108K rodata, 2048K init, 341K bss, 35460K reserved, 65536K cma-reserved, 1244160K highmem)
[    0.000000] Virtual kernel memory layout:
[    0.000000]     vector  : 0xffff0000 - 0xffff1000   (   4 kB)
[    0.000000]     fixmap  : 0xffc00000 - 0xfff00000   (3072 kB)
[    0.000000]     vmalloc : 0xf0800000 - 0xff800000   ( 240 MB)
[    0.000000]     lowmem  : 0xc0000000 - 0xf0000000   ( 768 MB)
[    0.000000]     pkmap   : 0xbfe00000 - 0xc0000000   (   2 MB)
[    0.000000]     modules : 0xbf000000 - 0xbfe00000   (  14 MB)
[    0.000000]       .text : 0xc0208000 - 0xc104fa34   (14623 kB)
[    0.000000]       .init : 0xc1100000 - 0xc1300000   (2048 kB)
[    0.000000]       .data : 0xc1300000 - 0xc141d400   (1141 kB)
[    0.000000]        .bss : 0xc141f000 - 0xc1474518   ( 342 kB)
[    0.000000] SLUB: HWalign=64, Order=0-3, MinObjects=0, CPUs=4, Nodes=1
[    0.000000] Hierarchical RCU implementation.
[    0.000000] 	Build-time adjustment of leaf fanout to 32.
[    0.000000] 	RCU restricting CPUs from NR_CPUS=16 to nr_cpu_ids=4.
[    0.000000] RCU: Adjusting geometry for rcu_fanout_leaf=32, nr_cpu_ids=4
[    0.000000] NR_IRQS:16 nr_irqs:16 16
[    0.000000] /interrupt-controller@60004000: 160 interrupts forwarded to /interrupt-controller@50041000
[    0.000000] Tegra clk 127: register failed with -17
[    0.000008] sched_clock: 32 bits at 1000kHz, resolution 1000ns, wraps every 2147483647500ns
[    0.000026] clocksource: timer_us: mask: 0xffffffff max_cycles: 0xffffffff, max_idle_ns: 1911260446275 ns
[    0.000041] Switching to timer-based delay loop, resolution 1000ns
[    0.003114] Architected cp15 timer(s) running at 12.00MHz (virt).
[    0.003133] clocksource: arch_sys_counter: mask: 0xffffffffffffff max_cycles: 0x2c47f4ee7, max_idle_ns: 440795202497 ns
[    0.003151] sched_clock: 56 bits at 12MHz, resolution 83ns, wraps every 4398046511096ns
[    0.003164] Switching to timer-based delay loop, resolution 83ns
[    0.003544] Console: colour dummy device 80x30
[    0.003571] Calibrating delay loop (skipped), value calculated using timer frequency.. 24.00 BogoMIPS (lpj=60000)
[    0.003587] pid_max: default: 32768 minimum: 301
[    0.003688] Mount-cache hash table entries: 2048 (order: 1, 8192 bytes)
[    0.003699] Mountpoint-cache hash table entries: 2048 (order: 1, 8192 bytes)
[    0.004328] CPU: Testing write buffer coherency: ok
[    0.004542] /cpus/cpu@0 missing clock-frequency property
[    0.004571] /cpus/cpu@1 missing clock-frequency property
[    0.004598] /cpus/cpu@2 missing clock-frequency property
[    0.004627] /cpus/cpu@3 missing clock-frequency property
[    0.004640] CPU0: thread -1, cpu 0, socket 0, mpidr 80000000
[    0.004692] Setting up static identity map for 0x80300000 - 0x80300098
[    0.006970] Tegra Revision: A01 SKU: 0 CPU Process: 1 SoC Process: 0
[    0.008401] CPU1: thread -1, cpu 1, socket 0, mpidr 80000001
[    0.009110] CPU2: thread -1, cpu 2, socket 0, mpidr 80000002
[    0.009795] CPU3: thread -1, cpu 3, socket 0, mpidr 80000003
[    0.009882] Brought up 4 CPUs
[    0.009903] SMP: Total of 4 processors activated (96.00 BogoMIPS).
[    0.009910] CPU: All CPU(s) started in SVC mode.
[    0.011375] devtmpfs: initialized
[    0.022081] VFP support v0.3: implementor 41 architecture 4 part 30 variant f rev 0
[    0.022704] clocksource: jiffies: mask: 0xffffffff max_cycles: 0xffffffff, max_idle_ns: 9556302231375000 ns
[    0.024323] pinctrl core: initialized pinctrl subsystem
[    0.026094] NET: Registered protocol family 16
[    0.028290] DMA: preallocated 256 KiB pool for atomic coherent allocations
[    0.043040] cpuidle: using governor menu
[    0.058110] No ATAGs?
[    0.058146] hw-breakpoint: found 5 (+1 reserved) breakpoint and 4 watchpoint registers.
[    0.058157] hw-breakpoint: maximum watchpoint size is 8 bytes.
[    0.063371] Serial: AMBA PL011 UART driver
[    0.064781] tegra-mc 70019000.memory-controller: no memory timings for RAM code 3 registered
[    0.092809] dvdd_ts: Failed to request enable GPIO61: -517
[    0.092824] reg-fixed-voltage regulators:regulator@1: Failed to register regulator: -517
[    0.092920] usb1_vbus: Failed to request enable GPIO108: -517
[    0.092934] reg-fixed-voltage regulators:regulator@3: Failed to register regulator: -517
[    0.093024] usb2_vbus: Failed to request enable GPIO86: -517
[    0.093036] reg-fixed-voltage regulators:regulator@4: Failed to register regulator: -517
[    0.093472] VDD_5V0_HDMI_CON: Failed to request enable GPIO81: -517
[    0.093489] reg-fixed-voltage regulators:regulator@7: Failed to register regulator: -517
[    0.096558] vgaarb: loaded
[    0.097595] SCSI subsystem initialized
[    0.097773] libata version 3.00 loaded.
[    0.098089] usbcore: registered new interface driver usbfs
[    0.098158] usbcore: registered new interface driver hub
[    0.098259] usbcore: registered new device driver usb
[    0.101941] tps65090 2-0048: No cache defaults, reading back from HW
[    0.108145] genirq: Setting trigger mode 8 for irq 341 failed (irq_chip_set_type_parent+0x0/0x28)
[    0.108167] palmas 2-0058: Irq flag is 0x00000000
[    0.111391] palmas 2-0058: Muxing GPIO ff, PWM 0, LED 0
[    0.121253] sdhci-vdd-sd-slot: ramp_delay not set
[    0.146291] pps_core: LinuxPPS API ver. 1 registered
[    0.146302] pps_core: Software ver. 5.3.6 - Copyright 2005-2007 Rodolfo Giometti <giometti@linux.it>
[    0.146333] PTP clock support registered
[    0.146562] EDAC MC: Ver: 3.0.0
[    0.149167] clocksource: Switched to clocksource arch_sys_counter
[    0.160165] NET: Registered protocol family 2
[    0.160700] TCP established hash table entries: 8192 (order: 3, 32768 bytes)
[    0.160799] TCP bind hash table entries: 8192 (order: 4, 65536 bytes)
[    0.160986] TCP: Hash tables configured (established 8192 bind 8192)
[    0.161040] UDP hash table entries: 512 (order: 2, 16384 bytes)
[    0.161081] UDP-Lite hash table entries: 512 (order: 2, 16384 bytes)
[    0.161262] NET: Registered protocol family 1
[    0.161513] RPC: Registered named UNIX socket transport module.
[    0.161524] RPC: Registered udp transport module.
[    0.161531] RPC: Registered tcp transport module.
[    0.161539] RPC: Registered tcp NFSv4.1 backchannel transport module.
[    0.161558] PCI: CLS 0 bytes, default 64
[    0.163894] futex hash table entries: 1024 (order: 4, 65536 bytes)
[    0.164519] workingset: timestamp_bits=28 max_order=19 bucket_order=0
[    0.176756] squashfs: version 4.0 (2009/01/31) Phillip Lougher
[    0.177677] NFS: Registering the id_resolver key type
[    0.177710] Key type id_resolver registered
[    0.177719] Key type id_legacy registered
[    0.177785] ntfs: driver 2.1.32 [Flags: R/O].
[    0.179246] bounce: pool size: 64 pages
[    0.179475] Block layer SCSI generic (bsg) driver version 0.4 loaded (major 248)
[    0.179492] io scheduler noop registered
[    0.179507] io scheduler deadline registered
[    0.179545] io scheduler cfq registered (default)
[    0.201644] vdd-lcd-bl: supplied by vdd_ac_bat
[    0.208318] tegra-apbdma 6000a000.dma: Tegra20 APB DMA driver register 32 channels
[    0.210244] tegra-pmc 7000e400.pmc: i2c-thermtrip node not found, emergency thermal reset disabled.
[    0.276690] Serial: 8250/16550 driver, 4 ports, IRQ sharing disabled
[    0.279776] console [ttyS0] disabled
[    0.279812] 70006300.serial: ttyS0 at MMIO 0x70006300 (irq = 329, base_baud = 25500000) is a Tegra
[    1.096220] console [ttyS0] enabled
[    1.100516] SuperH (H)SCI(F) driver initialized
[    1.106042] msm_serial: driver initialized
[    1.110354] STMicroelectronics ASC driver initialized
[    1.117740] [drm] Initialized drm 1.1.0 20060810
[    1.125372] tegra-hdmi 54280000.hdmi: failed to get HDMI regulator
[    1.132122] vdd-ao: supplied by vdd_ac_bat
[    1.136451] vddio-1v8: supplied by vdd-ao
[    1.140849] avdd-dsi-csi: supplied by vddio-1v8
[    1.149299] vdd-sys-3v3: supplied by vdd_ac_bat
[    1.154046] avdd-lcd: supplied by vdd-sys-3v3
[    1.170178] brd: module loaded
[    1.179492] loop: module loaded
[    1.199225] m25p80 spi32766.0: w25q32dw (4096 Kbytes)
[    1.207882] libphy: Fixed MDIO Bus: probed
[    1.212738] CAN device driver interface
[    1.218543] igb: Intel(R) Gigabit Ethernet Network Driver - version 5.3.0-k
[    1.225513] igb: Copyright (c) 2007-2014 Intel Corporation.
[    1.234377] pegasus: v0.9.3 (2013/04/25), Pegasus/Pegasus II USB Ethernet driver
[    1.241833] usbcore: registered new interface driver pegasus
[    1.247571] usbcore: registered new interface driver asix
[    1.253026] usbcore: registered new interface driver ax88179_178a
[    1.259188] usbcore: registered new interface driver cdc_ether
[    1.265094] usbcore: registered new interface driver smsc75xx
[    1.270914] usbcore: registered new interface driver smsc95xx
[    1.276714] usbcore: registered new interface driver net1080
[    1.282428] usbcore: registered new interface driver cdc_subset
[    1.288406] usbcore: registered new interface driver zaurus
[    1.294068] usbcore: registered new interface driver cdc_ncm
[    1.301633] ehci_hcd: USB 2.0 'Enhanced' Host Controller (EHCI) Driver
[    1.308177] ehci-pci: EHCI PCI platform driver
[    1.312680] ehci-platform: EHCI generic platform driver
[    1.318113] ehci-omap: OMAP-EHCI Host Controller driver
[    1.323488] ehci-orion: EHCI orion driver
[    1.327646] SPEAr-ehci: EHCI SPEAr driver
[    1.331810] ehci-st: EHCI STMicroelectronics driver
[    1.336840] ehci-exynos: EHCI EXYNOS driver
[    1.341191] ehci-atmel: EHCI Atmel driver
[    1.345358] tegra-ehci: Tegra EHCI driver
[    1.349685] ohci_hcd: USB 1.1 'Open' Host Controller (OHCI) Driver
[    1.355889] ohci-pci: OHCI PCI platform driver
[    1.360396] ohci-platform: OHCI generic platform driver
[    1.365790] ohci-omap3: OHCI OMAP3 driver
[    1.369950] SPEAr-ohci: OHCI SPEAr driver
[    1.374096] ohci-st: OHCI STMicroelectronics driver
[    1.379127] ohci-atmel: OHCI Atmel driver
[    1.383883] usbcore: registered new interface driver usb-storage
[    1.391591] mousedev: PS/2 mouse device common for all mice
[    1.402242] palmas-rtc 7000d000.i2c:tps65913@58:rtc: rtc core: registered 7000d000.i2c:tps659 as rtc0
[    1.413397] tegra_rtc 7000e000.rtc: rtc core: registered 7000e000.rtc as rtc1
[    1.420591] tegra_rtc 7000e000.rtc: Tegra internal Real Time Clock
[    1.427360] i2c /dev entries driver
[    1.435023] sbs-battery 0-000b: sbs_probe: Failed to get device status
[    1.441576] sbs-battery: probe of 0-000b failed with error -121
[    1.450921] vdd-sensor-2v85: supplied by vdd-sys-3v3
[    1.464304] sdhci: Secure Digital Host Controller Interface driver
[    1.470493] sdhci: Copyright(c) Pierre Ossman
[    1.476430] Synopsys Designware Multimedia Card Interface Driver
[    1.483564] sdhci-pltfm: SDHCI platform and OF driver helper
[    1.489983] sdhci-tegra 78000400.sdhci: Got CD GPIO
[    1.494891] sdhci-tegra 78000400.sdhci: Got WP GPIO
[    1.500952] mmc0: Invalid maximum block size, assuming 512 bytes
[    1.539312] mmc0: SDHCI controller on 78000400.sdhci [78000400.sdhci] using ADMA
[    1.547018] mmc1: Invalid maximum block size, assuming 512 bytes
[    1.589191] mmc1: SDHCI controller on 78000600.sdhci [78000600.sdhci] using ADMA
[    1.598437] ledtrig-cpu: registered to indicate activity on CPUs
[    1.604841] usbcore: registered new interface driver usbhid
[    1.610422] usbhid: USB HID core driver
[    1.620060] NET: Registered protocol family 10
[    1.625248] sit: IPv6 over IPv4 tunneling driver
[    1.630610] NET: Registered protocol family 17
[    1.635086] can: controller area network core (rev 20120528 abi 9)
[    1.641343] NET: Registered protocol family 29
[    1.645805] can: raw protocol (rev 20120528)
[    1.650094] can: broadcast manager protocol (rev 20120528 t)
[    1.655773] can: netlink gateway (rev 20130117) max_hops=1
[    1.661675] Key type dns_resolver registered
[    1.666609] ThumbEE CPU extension supported.
[    1.670907] Registering SWP/SWPB emulation handler
[    1.683464] vdd-sys-5v0: supplied by vdd_ac_bat
[    1.689133] VDD_5V0_HDMI_CON: supplied by vdd-sys-5v0
[    1.699121] vdd_hdmi_5v0: supplied by vdd-sys-5v0
[    1.708877] [drm] Supports vblank timestamp caching Rev 2 (21.10.2013).
[    1.715540] [drm] No driver support for vblank timestamp query.
[    1.719643] mmc0: new high speed SDHC card at address aaaa
[    1.720583] mmcblk0: mmc0:aaaa SL16G 14.8 GiB 
[    1.742478]  mmcblk0: p1 p2 p3
[    1.748410] mmc1: new high speed MMC card at address 0001
[    1.755198] mmcblk1: mmc1:0001 SEM32G 29.1 GiB 
[    1.755830] mmcblk1boot0: mmc1:0001 SEM32G partition 1 4.00 MiB
[    1.756536] mmcblk1boot1: mmc1:0001 SEM32G partition 2 4.00 MiB
[    1.757421] mmcblk1rpmb: mmc1:0001 SEM32G partition 3 4.00 MiB
[    1.762278]  mmcblk1: p1 p2 p3 p4 p5 p6 p7 p8
[    1.793154] Console: switching to colour frame buffer device 240x75
[    1.847463] drm drm: fb0:  frame buffer device
[    1.864292] [drm] Initialized tegra 0.0.0 20120330 on minor 0
[    1.871386] usb2_vbus: supplied by vdd-sys-5v0
[    1.878206] tegra-ehci 7d008000.usb: EHCI Host Controller
[    1.883673] tegra-ehci 7d008000.usb: new USB bus registered, assigned bus number 1
[    1.891627] tegra-ehci 7d008000.usb: irq 339, io mem 0x7d008000
[    1.904292] tegra-ehci 7d008000.usb: USB 2.0 started, EHCI 1.10
[    1.911558] hub 1-0:1.0: USB hub found
[    1.915422] hub 1-0:1.0: 1 port detected
[    1.921390] input: gpio-keys as /devices/soc0/gpio-keys/input/input0
[    1.930285] palmas-rtc 7000d000.i2c:tps65913@58:rtc: setting system clock to 2000-03-09 21:08:30 UTC (952636110)
[    1.955048] dvdd_ts: disabling
[    1.958111] usb1_vbus: disabling
[    1.961392] vdd_cam_1v8_reg: disabling
[    1.967023] EXT4-fs (mmcblk1p1): mounting ext3 file system using the ext4 subsystem
[    1.989673] EXT4-fs (mmcblk1p1): recovery complete
[    1.994531] EXT4-fs (mmcblk1p1): mounted filesystem with ordered data mode. Opts: (null)
[    2.002699] VFS: Mounted root (ext3 filesystem) on device 179:17.
[    2.013365] devtmpfs: mounted
[    2.018257] Freeing unused kernel memory: 2048K (c1100000 - c1300000)
bash: cannot set terminal process group (-1): Inappropriate ioctl for device
bash: no job control in this shell
root@(none):/# [    2.234246] usb 1-1: new high-speed USB device number 2 using tegra-ehci
[    3.182778] asix 1-1:1.0 eth0: register 'asix' at usb-7d008000.usb-1, ASIX AX88772 USB 2.0 Ethernet, 00:50:b6:0d:b5:16
mount -t sysfs none /sys
root@(none):/# 
root@(none):/# mount -t debugfs none /sys/kernel/debug
root@(none):/# 
root@(none):/# rtcwake -d rtc1 -m mem -s 3
rtcwake: assuming RTC uses UTC ...
rtcwake: wakeup from "mem" using /dev/rtc1 at Thu Jan  1 00:00:19 1970
[    5.345005] PM: Syncing filesystems ... done.
[    5.373099] Freezing user space processes ... (elapsed 0.001 seconds) done.
[    5.381494] Freezing remaining freezable tasks ... (elapsed 0.001 seconds) done.
[    5.390357] Suspending console(s) (use no_console_suspend to debug)
[    5.436535] PM: suspend of devices complete after 38.521 msecs
[    5.439420] PM: late suspend of devices complete after 2.870 msecs
[    5.441594] PM: noirq suspend of devices complete after 2.160 msecs
[    5.441599] Disabling non-boot CPUs ...
[    5.442111] IRQ16 no longer affine to CPU1
[    5.442519] CPU1: shutdown
[    5.466842] CPU2: shutdown
[    5.491555] CPU3: shutdown
[    5.505392] Entering suspend state LP1
[    5.505415] Enabling non-boot CPUs ...
[    5.530874] CPU1 is up
[    5.556120] CPU2 is up
[    5.581468] CPU3 is up
[    5.582904] PM: noirq resume of devices complete after 1.426 msecs
[    5.585745] PM: early resume of devices complete after 2.375 msecs
[    5.686287] PM: resume of devices complete after 100.523 msecs
[    5.755172] Restarting tasks ... done.
root@(none):/# 
root@(none):/# rtcwake -d rtc1 -m mem -s 3
rtcwake: assuming RTC uses UTC ...
rtcwake: wakeup from "mem" using /dev/rtc1 at Thu Jan  1 00:00:27 1970
[    6.228149] PM: Syncing filesystems ... done.
[    6.255094] Freezing user space processes ... (elapsed 0.001 seconds) done.
[    6.263487] Freezing remaining freezable tasks ... (elapsed 0.001 seconds) done.
[    6.272350] Suspending console(s) (use no_console_suspend to debug)
[    6.316517] PM: suspend of devices complete after 36.477 msecs
[    6.319096] PM: late suspend of devices complete after 2.563 msecs
[    6.321019] PM: noirq suspend of devices complete after 1.913 msecs
[    6.321023] Disabling non-boot CPUs ...
[    6.321517] IRQ16 no longer affine to CPU1
[    6.321908] CPU1: shutdown
[    6.346802] CPU2: shutdown
[    6.371476] CPU3: shutdown
[    6.385338] Entering suspend state LP1
[    6.385362] Enabling non-boot CPUs ...
[    6.410828] CPU1 is up
[    6.436065] CPU2 is up
[    6.461376] CPU3 is up
[    6.462812] PM: noirq resume of devices complete after 1.426 msecs
[    6.465917] PM: early resume of devices complete after 2.663 msecs
[    6.561256] PM: resume of devices complete after 95.321 msecs
[    6.629991] Restarting tasks ... done.
root@(none):/# 
root@(none):/# rtcwake -d rtc1 -m mem -s 3
rtcwake: assuming RTC uses UTC ...
rtcwake: wakeup from "mem" using /dev/rtc1 at Thu Jan  1 00:00:35 1970
[    7.092591] PM: Syncing filesystems ... done.
[    7.119554] Freezing user space processes ... (elapsed 0.001 seconds) done.
[    7.127912] Freezing remaining freezable tasks ... (elapsed 0.001 seconds) done.
[    7.136807] Suspending console(s) (use no_console_suspend to debug)
[    7.181444] PM: suspend of devices complete after 36.953 msecs
[    7.183907] PM: late suspend of devices complete after 2.448 msecs
[    7.186064] PM: noirq suspend of devices complete after 2.144 msecs
[    7.186069] Disabling non-boot CPUs ...
[    7.186574] IRQ16 no longer affine to CPU1
[    7.186965] CPU1: shutdown
[    7.211786] CPU2: shutdown
[    7.236458] CPU3: shutdown
[    7.250304] Entering suspend state LP1
[    7.250328] Enabling non-boot CPUs ...
[    7.275802] CPU1 is up
[    7.301040] CPU2 is up
[    7.326358] CPU3 is up
[    7.327789] PM: noirq resume of devices complete after 1.421 msecs
[    7.330804] PM: early resume of devices complete after 2.554 msecs
[    7.426226] PM: resume of devices complete after 95.405 msecs
[    7.494986] Restarting tasks ... done.
root@(none):/# 
root@(none):/# rtcwake -d rtc1 -m mem -s 3
rtcwake: assuming RTC uses UTC ...
rtcwake: wakeup from "mem" using /dev/rtc1 at Thu Jan  1 00:00:43 1970
[    7.951610] PM: Syncing filesystems ... done.
[    7.978771] Freezing user space processes ... (elapsed 0.001 seconds) done.
[    7.987167] Freezing remaining freezable tasks ... (elapsed 0.001 seconds) done.
[    7.996128] Suspending console(s) (use no_console_suspend to debug)
[    8.041290] PM: suspend of devices complete after 37.517 msecs
[    8.043669] PM: late suspend of devices complete after 2.365 msecs
[    8.045673] PM: noirq suspend of devices complete after 1.994 msecs
[    8.045677] Disabling non-boot CPUs ...
[    8.046540] CPU1: shutdown
[    8.071322] IRQ16 no longer affine to CPU2
[    8.071743] CPU2: shutdown
[    8.096406] CPU3: shutdown
[    8.110264] Entering suspend state LP1
[    8.110287] Enabling non-boot CPUs ...
[    8.135759] CPU1 is up
[    8.160981] CPU2 is up
[    8.186299] CPU3 is up
[    8.187725] PM: noirq resume of devices complete after 1.416 msecs
[    8.190674] PM: early resume of devices complete after 2.496 msecs
[    8.291090] PM: resume of devices complete after 100.399 msecs
[    8.359953] Restarting tasks ... done.
root@(none):/# 
root@(none):/# rtcwake -d rtc1 -m mem -s 3
rtcwake: assuming RTC uses UTC ...
rtcwake: wakeup from "mem" using /dev/rtc1 at Thu Jan  1 00:00:51 1970
[    8.816609] PM: Syncing filesystems ... done.
[    8.843785] Freezing user space processes ... (elapsed 0.001 seconds) done.
[    8.852175] Freezing remaining freezable tasks ... (elapsed 0.001 seconds) done.
[    8.861078] Suspending console(s) (use no_console_suspend to debug)
[    8.906402] PM: suspend of devices complete after 37.650 msecs
[    8.909205] PM: late suspend of devices complete after 2.788 msecs
[    8.911376] PM: noirq suspend of devices complete after 2.158 msecs
[    8.911380] Disabling non-boot CPUs ...
[    8.911883] IRQ16 no longer affine to CPU1
[    8.912319] CPU1: shutdown
[    8.941681] CPU2: shutdown
[    8.966371] CPU3: shutdown
[    8.980235] Entering suspend state LP1
[    8.980259] Enabling non-boot CPUs ...
[    9.005738] CPU1 is up
[    9.030964] CPU2 is up
[    9.056282] CPU3 is up
[    9.057716] PM: noirq resume of devices complete after 1.423 msecs
[    9.060330] PM: early resume of devices complete after 2.175 msecs
[    9.160842] PM: resume of devices complete after 100.494 msecs
[    9.229696] Restarting tasks ... done.
root@(none):/# 
root@(none):/# rtcwake -d rtc1 -m mem -s 3
rtcwake: assuming RTC uses UTC ...
rtcwake: wakeup from "mem" using /dev/rtc1 at Thu Jan  1 00:00:59 1970
[    9.685508] PM: Syncing filesystems ... done.
[    9.712689] Freezing user space processes ... (elapsed 0.001 seconds) done.
[    9.721110] Freezing remaining freezable tasks ... (elapsed 0.001 seconds) done.
[    9.729982] Suspending console(s) (use no_console_suspend to debug)
[    9.775894] PM: suspend of devices complete after 38.242 msecs
[    9.778322] PM: late suspend of devices complete after 2.412 msecs
[    9.780229] PM: noirq suspend of devices complete after 1.898 msecs
[    9.780234] Disabling non-boot CPUs ...
[    9.781114] CPU1: shutdown
[    9.811651] CPU2: shutdown
[    9.835954] IRQ16 no longer affine to CPU3
[    9.836329] CPU3: shutdown
[    9.850198] Entering suspend state LP1
[    9.850221] Enabling non-boot CPUs ...
[    9.875680] CPU1 is up
[    9.900909] CPU2 is up
[    9.926214] CPU3 is up
[    9.927637] PM: noirq resume of devices complete after 1.412 msecs
[    9.930616] PM: early resume of devices complete after 2.534 msecs
[   10.026025] PM: resume of devices complete after 95.392 msecs
[   10.094748] Restarting tasks ... done.
root@(none):/# 
root@(none):/# rtcwake -d rtc1 -m mem -s 3
rtcwake: assuming RTC uses UTC ...
rtcwake: wakeup from "mem" using /dev/rtc1 at Thu Jan  1 00:01:07 1970
[   10.553844] PM: Syncing filesystems ... done.
[   10.580698] Freezing user space processes ... (elapsed 0.001 seconds) done.
[   10.589120] Freezing remaining freezable tasks ... (elapsed 0.001 seconds) done.
[   10.597960] Suspending console(s) (use no_console_suspend to debug)
[   10.641723] PM: suspend of devices complete after 36.088 msecs
[   10.644223] PM: late suspend of devices complete after 2.484 msecs
[   10.646369] PM: noirq suspend of devices complete after 2.133 msecs
[   10.646374] Disabling non-boot CPUs ...
[   10.646856] IRQ16 no longer affine to CPU1
[   10.647254] CPU1: shutdown
[   10.676627] CPU2: shutdown
[   10.701304] CPU3: shutdown
[   10.715158] Entering suspend state LP1
[   10.715181] Enabling non-boot CPUs ...
[   10.740659] CPU1 is up
[   10.765882] CPU2 is up
[   10.791202] CPU3 is up
[   10.792623] PM: noirq resume of devices complete after 1.410 msecs
[   10.795554] PM: early resume of devices complete after 2.490 msecs
[   10.890939] PM: resume of devices complete after 95.367 msecs
[   10.959703] Restarting tasks ... done.
root@(none):/# 
root@(none):/# rtcwake -d rtc1 -m mem -s 3
rtcwake: assuming RTC uses UTC ...
rtcwake: wakeup from "mem" using /dev/rtc1 at Thu Jan  1 00:01:15 1970
[   11.417315] PM: Syncing filesystems ... done.
[   11.444359] Freezing user space processes ... (elapsed 0.001 seconds) done.
[   11.452725] Freezing remaining freezable tasks ... (elapsed 0.001 seconds) done.
[   11.461623] Suspending console(s) (use no_console_suspend to debug)
[   11.506186] PM: suspend of devices complete after 36.886 msecs
[   11.508810] PM: late suspend of devices complete after 2.608 msecs
[   11.510790] PM: noirq suspend of devices complete after 1.970 msecs
[   11.510794] Disabling non-boot CPUs ...
[   11.511677] CPU1: shutdown
[   11.546181] IRQ16 no longer affine to CPU2
[   11.546602] CPU2: shutdown
[   11.571272] CPU3: shutdown
[   11.585135] Entering suspend state LP1
[   11.585159] Enabling non-boot CPUs ...
[   11.610641] CPU1 is up
[   11.635867] CPU2 is up
[   11.661191] CPU3 is up
[   11.662627] PM: noirq resume of devices complete after 1.424 msecs
[   11.665408] PM: early resume of devices complete after 2.501 msecs
[   11.765625] PM: resume of devices complete after 100.199 msecs
[   11.834480] Restarting tasks ... done.
root@(none):/# 
root@(none):/# rtcwake -d rtc1 -m mem -s 3
rtcwake: assuming RTC uses UTC ...
rtcwake: wakeup from "mem" using /dev/rtc1 at Thu Jan  1 00:01:23 1970
[   12.289294] PM: Syncing filesystems ... done.
[   12.315755] Freezing user space processes ... (elapsed 0.001 seconds) done.
[   12.324151] Freezing remaining freezable tasks ... (elapsed 0.001 seconds) done.
[   12.332980] Suspending console(s) (use no_console_suspend to debug)
[   12.378267] PM: suspend of devices complete after 37.616 msecs
[   12.380706] PM: late suspend of devices complete after 2.424 msecs
[   12.382659] PM: noirq suspend of devices complete after 1.944 msecs
[   12.382663] Disabling non-boot CPUs ...
[   12.383185] IRQ16 no longer affine to CPU1
[   12.383580] CPU1: shutdown
[   12.406615] CPU2: shutdown
[   12.421152] CPU3: shutdown
[   12.435105] Entering suspend state LP1
[   12.435128] Enabling non-boot CPUs ...
[   12.460597] CPU1 is up
[   12.485831] CPU2 is up
[   12.511128] CPU3 is up
[   12.512576] PM: noirq resume of devices complete after 1.438 msecs
[   12.515158] PM: early resume of devices complete after 2.139 msecs
[   12.610901] PM: resume of devices complete after 95.725 msecs
[   12.679634] Restarting tasks ... done.
root@(none):/# 
root@(none):/# rtcwake -d rtc1 -m mem -s 3
rtcwake: assuming RTC uses UTC ...
rtcwake: wakeup from "mem" using /dev/rtc1 at Thu Jan  1 00:01:31 1970
[   13.140695] PM: Syncing filesystems ... done.
[   13.167681] Freezing user space processes ... (elapsed 0.001 seconds) done.
[   13.176116] Freezing remaining freezable tasks ... (elapsed 0.001 seconds) done.
[   13.184990] Suspending console(s) (use no_console_suspend to debug)
[   13.231188] PM: suspend of devices complete after 38.523 msecs
[   13.234067] PM: late suspend of devices complete after 2.863 msecs
[   13.236229] PM: noirq suspend of devices complete after 2.148 msecs
[   13.236234] Disabling non-boot CPUs ...
[   13.237159] CPU1: shutdown
[   13.261553] CPU2: shutdown
[   13.286205] CPU3: shutdown
[   13.300058] Entering suspend state LP1
[   13.300081] Enabling non-boot CPUs ...
[   13.325574] CPU1 is up
[   13.350808] CPU2 is up
[   13.376141] CPU3 is up
[   13.377574] PM: noirq resume of devices complete after 1.423 msecs
[   13.380521] PM: early resume of devices complete after 2.486 msecs
[   13.475666] PM: resume of devices complete after 95.128 msecs
[   13.540403] Restarting tasks ... done.
root@(none):/# 
root@(none):/# NVTB SYSTEM SUSPEND TEST COMPLETE
