
U-Boot SPL 2014.01-00219-gc4d376f (Feb 18 2014 - 19:57:32)


U-Boot 2014.01-00219-gc4d376f (Feb 18 2014 - 19:57:32)

TEGRA114
Board: NVIDIA Dalmore
I2C:   ready
DRAM:  2 GiB
MMC:   Tegra SD/MMC: 0, Tegra SD/MMC: 1
In:    serial
Out:   serial
Err:   serial
Net:   Net Initialization Skipped
No ethernet found.
Hit any key to stop autoboot:  2  0 
Tegra114 (Dalmore) # 
Tegra114 (Dalmore) # usb reset
(Re)start USB...
USB0:   USB EHCI 1.10
scanning bus 0 for devices... 2 USB Device(s) found
       scanning usb for storage devices... 0 Storage Device(s) found
       scanning usb for ethernet devices... 
Warning: asx0 using MAC address from net device
1 Ethernet Device(s) found
Tegra114 (Dalmore) # setenv bootargs 'ignore_loglevel console=ttyS0,115200n8 rw root=PARTUUID=7369c667-ff51-ec4a-29cd-baabf2fbe346 rootwait gpt debug earlyprintk init=/bin/bash'
Tegra114 (Dalmore) # setenv ipaddr 192.168.100.100; setenv serverip 192.168.100.1; setenv tftpserverip 192.168.100.1
Tegra114 (Dalmore) # tftpboot 0x81000000 zImage.tegra_defconfig
Using asx0 device
TFTP from server 192.168.100.1; our IP address is 192.168.100.100
Filename 'zImage.tegra_defconfig'.
Load address: 0x81000000
Loading: *#################################################################
	 #################################################################
	 #################################################################
	 #################################################################
	 #################################################################
	 ######################################
	 3.1 MiB/s
done
Bytes transferred = 5315968 (511d80 hex)
Tegra114 (Dalmore) # tftpboot 0x82000000 tegra114-dalmore.dtb
Using asx0 device
TFTP from server 192.168.100.1; our IP address is 192.168.100.100
Filename 'tegra114-dalmore.dtb'.
Load address: 0x82000000
Loading: *###
	 2.8 MiB/s
done
Bytes transferred = 34894 (884e hex)
Tegra114 (Dalmore) # bootz 0x81000000 - 0x82000000
Kernel image @ 0x81000000 [ 0x000000 - 0x511d80 ]
## Flattened Device Tree blob at 82000000
   Booting using the fdt blob at 0x82000000
   Loading Device Tree to 8fff4000, end 8ffff84d ... OK

Starting kernel ...

Uncompressing Linux... done, booting the kernel.
[    0.000000] Booting Linux on physical CPU 0x0
[    0.000000] Linux version 4.6.0-83646-g2dcd0af (pwalmsley@kaivo) (gcc version 4.7.3 20130328 (prerelease) (crosstool-NG linaro-1.13.1-4.7-2013.04-20130415 - Linaro GCC 2013.04) ) #1 SMP PREEMPT Mon May 16 02:49:06 PDT 2016
[    0.000000] CPU: ARMv7 Processor [412fc0f2] revision 2 (ARMv7), cr=10c5387d
[    0.000000] CPU: div instructions available: patching division code
[    0.000000] CPU: PIPT / VIPT nonaliasing data cache, PIPT instruction cache
[    0.000000] Machine model: NVIDIA Tegra114 Dalmore evaluation board
[    0.000000] debug: ignoring loglevel setting.
[    0.000000] bootconsole [earlycon0] enabled
[    0.000000] cma: Reserved 64 MiB at 0xfbc00000
[    0.000000] Memory policy: Data cache writealloc
[    0.000000] On node 0 totalpages: 524032
[    0.000000] free_area_init_node: node 0, pgdat c0c5c440, node_mem_map eeff7000
[    0.000000]   Normal zone: 1536 pages used for memmap
[    0.000000]   Normal zone: 0 pages reserved
[    0.000000]   Normal zone: 196608 pages, LIFO batch:31
[    0.000000]   HighMem zone: 327424 pages, LIFO batch:31
[    0.000000] percpu: Embedded 12 pages/cpu @eefa2000 s19968 r8192 d20992 u49152
[    0.000000] pcpu-alloc: s19968 r8192 d20992 u49152 alloc=12*4096
[    0.000000] pcpu-alloc: [0] 0 [0] 1 [0] 2 [0] 3 
[    0.000000] Built 1 zonelists in Zone order, mobility grouping on.  Total pages: 522496
[    0.000000] Kernel command line: ignore_loglevel console=ttyS0,115200n8 rw root=PARTUUID=7369c667-ff51-ec4a-29cd-baabf2fbe346 rootwait gpt debug earlyprintk init=/bin/bash
[    0.000000] PID hash table entries: 4096 (order: 2, 16384 bytes)
[    0.000000] Dentry cache hash table entries: 131072 (order: 7, 524288 bytes)
[    0.000000] Inode-cache hash table entries: 65536 (order: 6, 262144 bytes)
[    0.000000] Memory: 2000996K/2096128K available (7412K kernel code, 375K rwdata, 2516K rodata, 1024K init, 362K bss, 29596K reserved, 65536K cma-reserved, 1244160K highmem)
[    0.000000] Virtual kernel memory layout:
[    0.000000]     vector  : 0xffff0000 - 0xffff1000   (   4 kB)
[    0.000000]     fixmap  : 0xffc00000 - 0xfff00000   (3072 kB)
[    0.000000]     vmalloc : 0xf0800000 - 0xff800000   ( 240 MB)
[    0.000000]     lowmem  : 0xc0000000 - 0xf0000000   ( 768 MB)
[    0.000000]     pkmap   : 0xbfe00000 - 0xc0000000   (   2 MB)
[    0.000000]     modules : 0xbf000000 - 0xbfe00000   (  14 MB)
[    0.000000]       .text : 0xc0008000 - 0xc0ab22c4   (10921 kB)
[    0.000000]       .init : 0xc0b00000 - 0xc0c00000   (1024 kB)
[    0.000000]       .data : 0xc0c00000 - 0xc0c5dfc0   ( 376 kB)
[    0.000000]        .bss : 0xc0c5f000 - 0xc0cb9a04   ( 363 kB)
[    0.000000] Preemptible hierarchical RCU implementation.
[    0.000000] 	Build-time adjustment of leaf fanout to 32.
[    0.000000] NR_IRQS:16 nr_irqs:16 16
[    0.000000] /interrupt-controller@60004000: 160 interrupts forwarded to /interrupt-controller@50041000
[    0.000000] Tegra clk 127: register failed with -17
[    0.000008] sched_clock: 32 bits at 1000kHz, resolution 1000ns, wraps every 2147483647500ns
[    0.007527] clocksource: timer_us: mask: 0xffffffff max_cycles: 0xffffffff, max_idle_ns: 1911260446275 ns
[    0.017145] Switching to timer-based delay loop, resolution 1000ns
[    0.024201] Architected cp15 timer(s) running at 12.00MHz (virt).
[    0.029539] clocksource: arch_sys_counter: mask: 0xffffffffffffff max_cycles: 0x2c47f4ee7, max_idle_ns: 440795202497 ns
[    0.040374] sched_clock: 56 bits at 12MHz, resolution 83ns, wraps every 4398046511096ns
[    0.048428] Switching to timer-based delay loop, resolution 83ns
[    0.054945] Console: colour dummy device 80x30
[    0.059014] Calibrating delay loop (skipped), value calculated using timer frequency.. 24.00 BogoMIPS (lpj=120000)
[    0.069398] pid_max: default: 32768 minimum: 301
[    0.074652] Mount-cache hash table entries: 2048 (order: 1, 8192 bytes)
[    0.080769] Mountpoint-cache hash table entries: 2048 (order: 1, 8192 bytes)
[    0.089336] CPU: Testing write buffer coherency: ok
[    0.093089] /cpus/cpu@0 missing clock-frequency property
[    0.098190] /cpus/cpu@1 missing clock-frequency property
[    0.103582] /cpus/cpu@2 missing clock-frequency property
[    0.108938] /cpus/cpu@3 missing clock-frequency property
[    0.114307] CPU0: thread -1, cpu 0, socket 0, mpidr 80000000
[    0.120050] Setting up static identity map for 0x80100000 - 0x80100098
[    0.177136] Tegra Revision: A01 SKU: 0 CPU Process: 1 SoC Process: 0
[    0.227231] CPU1: thread -1, cpu 1, socket 0, mpidr 80000001
[    0.267277] CPU2: thread -1, cpu 2, socket 0, mpidr 80000002
[    0.307353] CPU3: thread -1, cpu 3, socket 0, mpidr 80000003
[    0.307457] Brought up 4 CPUs
[    0.325765] SMP: Total of 4 processors activated (96.00 BogoMIPS).
[    0.332013] CPU: All CPU(s) started in SVC mode.
[    0.338536] devtmpfs: initialized
[    0.369464] VFP support v0.3: implementor 41 architecture 4 part 30 variant f rev 0
[    0.376009] clocksource: jiffies: mask: 0xffffffff max_cycles: 0xffffffff, max_idle_ns: 19112604462750000 ns
[    0.386641] pinctrl core: initialized pinctrl subsystem
[    0.392541] NET: Registered protocol family 16
[    0.396545] DMA: preallocated 256 KiB pool for atomic coherent allocations
[    0.425409] cpuidle: using governor menu
[    0.448041] No ATAGs?
[    0.448256] hw-breakpoint: found 5 (+1 reserved) breakpoint and 4 watchpoint registers.
[    0.456567] hw-breakpoint: maximum watchpoint size is 8 bytes.
[    0.463625] tegra-mc 70019000.memory-controller: no memory timings for RAM code 3 registered
[    0.524578] dvdd_ts: Failed to request enable GPIO61: -517
[    0.528244] reg-fixed-voltage regulators:regulator@1: Failed to register regulator: -517
[    0.536542] usb1_vbus: Failed to request enable GPIO108: -517
[    0.542197] reg-fixed-voltage regulators:regulator@3: Failed to register regulator: -517
[    0.550486] usb2_vbus: Failed to request enable GPIO86: -517
[    0.556062] reg-fixed-voltage regulators:regulator@4: Failed to register regulator: -517
[    0.564980] VDD_5V0_HDMI_CON: Failed to request enable GPIO81: -517
[    0.570536] reg-fixed-voltage regulators:regulator@7: Failed to register regulator: -517
[    0.580613] vgaarb: loaded
[    0.583048] SCSI subsystem initialized
[    0.585608] libata version 3.00 loaded.
[    0.589935] usbcore: registered new interface driver usbfs
[    0.594912] usbcore: registered new interface driver hub
[    0.600308] usbcore: registered new device driver usb
[    0.609691] tps65090 2-0048: No cache defaults, reading back from HW
[    0.623679] genirq: Setting trigger mode 8 for irq 341 failed (irq_chip_set_type_parent+0x0/0x28)
[    0.630753] palmas 2-0058: Irq flag is 0x00000000
[    0.639171] palmas 2-0058: Muxing GPIO ff, PWM 0, LED 0
[    0.654721] sdhci-vdd-sd-slot: ramp_delay not set
[    0.696711] Linux video capture interface: v2.00
[    0.699620] pps_core: LinuxPPS API ver. 1 registered
[    0.704551] pps_core: Software ver. 5.3.6 - Copyright 2005-2007 Rodolfo Giometti <giometti@linux.it>
[    0.713776] PTP clock support registered
[    0.718805] Advanced Linux Sound Architecture Driver Initialized.
[    0.725655] Bluetooth: Core ver 2.21
[    0.727569] NET: Registered protocol family 31
[    0.732022] Bluetooth: HCI device and connection manager initialized
[    0.738430] Bluetooth: HCI socket layer initialized
[    0.743383] Bluetooth: L2CAP socket layer initialized
[    0.748515] Bluetooth: SCO socket layer initialized
[    0.755069] clocksource: Switched to clocksource arch_sys_counter
[    0.784883] NET: Registered protocol family 2
[    0.788793] TCP established hash table entries: 8192 (order: 3, 32768 bytes)
[    0.794613] TCP bind hash table entries: 8192 (order: 4, 65536 bytes)
[    0.801223] TCP: Hash tables configured (established 8192 bind 8192)
[    0.807890] UDP hash table entries: 512 (order: 2, 16384 bytes)
[    0.813447] UDP-Lite hash table entries: 512 (order: 2, 16384 bytes)
[    0.820295] NET: Registered protocol family 1
[    0.824998] RPC: Registered named UNIX socket transport module.
[    0.830255] RPC: Registered udp transport module.
[    0.834993] RPC: Registered tcp transport module.
[    0.839776] RPC: Registered tcp NFSv4.1 backchannel transport module.
[    0.846291] PCI: CLS 0 bytes, default 64
[    0.854818] futex hash table entries: 1024 (order: 4, 65536 bytes)
[    0.860393] workingset: timestamp_bits=28 max_order=19 bucket_order=0
[    0.867387] squashfs: version 4.0 (2009/01/31) Phillip Lougher
[    0.872518] NFS: Registering the id_resolver key type
[    0.876764] Key type id_resolver registered
[    0.880922] Key type id_legacy registered
[    0.889818] bounce: pool size: 64 pages
[    0.891837] io scheduler noop registered (default)
[    0.908311] vdd-lcd-bl: supplied by vdd_ac_bat
[    0.923258] tegra-apbdma 6000a000.dma: Tegra20 APB DMA driver register 32 channels
[    0.929901] tegra-pmc 7000e400.pmc: i2c-thermtrip node not found, emergency thermal reset disabled.
[    0.938885] Serial: 8250/16550 driver, 4 ports, IRQ sharing disabled
[    0.948454] console [ttyS0] disabled
[    0.950251] 70006300.serial: ttyS0 at MMIO 0x70006300 (irq = 329, base_baud = 25500000) is a Tegra
[    0.959278] console [ttyS0] enabled
[    0.959278] console [ttyS0] enabled
[    0.965569] bootconsole [earlycon0] disabled
[    0.965569] bootconsole [earlycon0] disabled
[    0.976883] [drm] Initialized drm 1.1.0 20060810
[    0.982850] tegra-hdmi 54280000.hdmi: failed to get HDMI regulator
[    0.989694] vdd-ao: supplied by vdd_ac_bat
[    0.994043] vddio-1v8: supplied by vdd-ao
[    0.998475] avdd-dsi-csi: supplied by vddio-1v8
[    1.007573] vdd-sys-3v3: supplied by vdd_ac_bat
[    1.012338] avdd-lcd: supplied by vdd-sys-3v3
[    1.033580] loop: module loaded
[    1.050229] m25p80 spi32766.0: w25q32dw (4096 Kbytes)
[    1.058643] CAN device driver interface
[    1.062597] igb: Intel(R) Gigabit Ethernet Network Driver - version 5.3.0-k
[    1.069582] igb: Copyright (c) 2007-2014 Intel Corporation.
[    1.075545] pegasus: v0.9.3 (2013/04/25), Pegasus/Pegasus II USB Ethernet driver
[    1.083057] usbcore: registered new interface driver pegasus
[    1.088916] usbcore: registered new interface driver asix
[    1.094434] usbcore: registered new interface driver ax88179_178a
[    1.100707] usbcore: registered new interface driver cdc_ether
[    1.106737] usbcore: registered new interface driver smsc75xx
[    1.112648] usbcore: registered new interface driver smsc95xx
[    1.118535] usbcore: registered new interface driver net1080
[    1.124310] usbcore: registered new interface driver cdc_subset
[    1.130372] usbcore: registered new interface driver zaurus
[    1.136160] usbcore: registered new interface driver cdc_ncm
[    1.142305] ehci_hcd: USB 2.0 'Enhanced' Host Controller (EHCI) Driver
[    1.148856] ehci-pci: EHCI PCI platform driver
[    1.153425] tegra-ehci: Tegra EHCI driver
[    1.158145] usbcore: registered new interface driver cdc_acm
[    1.163794] cdc_acm: USB Abstract Control Model driver for USB modems and ISDN adapters
[    1.171948] usbcore: registered new interface driver cdc_wdm
[    1.177803] usbcore: registered new interface driver usb-storage
[    1.184627] mousedev: PS/2 mouse device common for all mice
[    1.205471] palmas-rtc 7000d000.i2c:tps65913@58:rtc: rtc core: registered 7000d000.i2c:tps659 as rtc0
[    1.216470] tegra_rtc 7000e000.rtc: rtc core: registered 7000e000.rtc as rtc1
[    1.223695] tegra_rtc 7000e000.rtc: Tegra internal Real Time Clock
[    1.230294] i2c /dev entries driver
[    1.235468] usbcore: registered new interface driver uvcvideo
[    1.241204] USB Video Class driver (1.1.1)
[    1.245322] gspca_main: v2.14.0 registered
[    1.250154] sbs-battery 0-000b: sbs_probe: Failed to get device status
[    1.256716] sbs-battery: probe of 0-000b failed with error -121
[    1.264745] vdd-sensor-2v85: supplied by vdd-sys-3v3
[    1.274221] sdhci: Secure Digital Host Controller Interface driver
[    1.280417] sdhci: Copyright(c) Pierre Ossman
[    1.284775] sdhci-pltfm: SDHCI platform and OF driver helper
[    1.290801] sdhci-tegra 78000400.sdhci: Got CD GPIO
[    1.295716] sdhci-tegra 78000400.sdhci: Got WP GPIO
[    1.301780] mmc0: Invalid maximum block size, assuming 512 bytes
[    1.355284] mmc0: SDHCI controller on 78000400.sdhci [78000400.sdhci] using ADMA
[    1.362991] mmc1: Invalid maximum block size, assuming 512 bytes
[    1.415128] mmc1: SDHCI controller on 78000600.sdhci [78000600.sdhci] using ADMA
[    1.433044] usbcore: registered new interface driver usbhid
[    1.440677] usbhid: USB HID core driver
[    1.500282] mmc1: new high speed MMC card at address 0001
[    1.516885] mmcblk1: mmc1:0001 SEM32G 29.1 GiB 
[    1.521579] mmc0: new high speed SDHC card at address aaaa
[    1.527958] mmcblk0: mmc0:aaaa SL16G 14.8 GiB 
[    1.533717] mmcblk1boot0: mmc1:0001 SEM32G partition 1 4.00 MiB
[    1.549342]  mmcblk0: p1 p2 p3
[    1.552657] mmcblk1boot1: mmc1:0001 SEM32G partition 2 4.00 MiB
[    1.559959] mmcblk1rpmb: mmc1:0001 SEM32G partition 3 4.00 MiB
[    1.569600]  mmcblk1: p1 p2 p3 p4 p5 p6 p7 p8
[    1.888446] tegra30-i2s 70080400.i2s: DMA channels sourced from device 70080000.ahub
[    1.905863] tegra-snd-rt5640 sound: rt5640-aif1 <-> 70080400.i2s mapping ok
[    1.918489] input: NVIDIA Tegra Dalmore Headphones as /devices/soc0/sound/sound/card0/input0
[    1.929659] NET: Registered protocol family 10
[    1.935830] mip6: Mobile IPv6
[    1.938807] sit: IPv6 over IPv4 tunneling driver
[    1.946607] NET: Registered protocol family 17
[    1.951091] NET: Registered protocol family 15
[    1.955559] can: controller area network core (rev 20120528 abi 9)
[    1.961916] NET: Registered protocol family 29
[    1.966387] can: raw protocol (rev 20120528)
[    1.970661] can: broadcast manager protocol (rev 20120528 t)
[    1.976352] can: netlink gateway (rev 20130117) max_hops=1
[    1.982038] Bluetooth: RFCOMM socket layer initialized
[    1.987223] Bluetooth: RFCOMM ver 1.11
[    1.990988] Bluetooth: BNEP (Ethernet Emulation) ver 1.3
[    1.996326] Bluetooth: BNEP socket layer initialized
[    2.001291] Bluetooth: HIDP (Human Interface Emulation) ver 1.2
[    2.007232] Bluetooth: HIDP socket layer initialized
[    2.012540] Key type dns_resolver registered
[    2.018156] Registering SWP/SWPB emulation handler
[    2.028300] vdd-sys-5v0: supplied by vdd_ac_bat
[    2.033621] VDD_5V0_HDMI_CON: supplied by vdd-sys-5v0
[    2.040423] vdd_hdmi_5v0: supplied by vdd-sys-5v0
[    2.050736] [drm] Supports vblank timestamp caching Rev 2 (21.10.2013).
[    2.057401] [drm] No driver support for vblank timestamp query.
[    2.123192] Console: switching to colour frame buffer device 240x75
[    2.150812] drm drm: fb0:  frame buffer device
[    2.195207] [drm] Initialized tegra 0.0.0 20120330 on minor 0
[    2.201406] usb2_vbus: supplied by vdd-sys-5v0
[    2.207478] tegra-ehci 7d008000.usb: EHCI Host Controller
[    2.212927] tegra-ehci 7d008000.usb: new USB bus registered, assigned bus number 1
[    2.220995] tegra-ehci 7d008000.usb: irq 339, io mem 0x7d008000
[    2.245205] tegra-ehci 7d008000.usb: USB 2.0 started, EHCI 1.10
[    2.253297] hub 1-0:1.0: USB hub found
[    2.257181] hub 1-0:1.0: 1 port detected
[    2.263545] input: gpio-keys as /devices/soc0/gpio-keys/input/input1
[    2.272581] palmas-rtc 7000d000.i2c:tps65913@58:rtc: setting system clock to 2000-03-09 21:10:44 UTC (952636244)
[    2.304788] dvdd_ts: disabling
[    2.307901] usb1_vbus: disabling
[    2.311130] vdd_cam_1v8_reg: disabling
[    2.315221] ALSA device list:
[    2.318185]   #0: NVIDIA Tegra Dalmore
[    2.323504] EXT4-fs (mmcblk1p1): mounting ext3 file system using the ext4 subsystem
[    2.351858] EXT4-fs (mmcblk1p1): recovery complete
[    2.356716] EXT4-fs (mmcblk1p1): mounted filesystem with ordered data mode. Opts: (null)
[    2.364860] VFS: Mounted root (ext3 filesystem) on device 179:1.
[    2.376861] devtmpfs: mounted
[    2.380946] Freeing unused kernel memory: 1024K (c0b00000 - c0c00000)
bash: cannot set terminal process group (-1): Inappropriate ioctl for device
bash: no job control in this shell
root@(none):/# [    2.595213] usb 1-1: new high-speed USB device number 2 using tegra-ehci
mount -t sysfs none /sys
root@(none):/# 
root@(none):/# [    3.614027] asix 1-1:1.0 eth0: register 'asix' at usb-7d008000.usb-1, ASIX AX88772 USB 2.0 Ethernet, 00:50:b6:0d:b5:16
mount -t debugfs none /sys/kernel/debug
root@(none):/# 
root@(none):/# rtcwake -d rtc1 -m mem -s 3
rtcwake: assuming RTC uses UTC ...
rtcwake: wakeup from "mem" using /dev/rtc1 at Thu Jan  1 00:00:18 1970
[    5.185347] PM: Syncing filesystems ... done.
[    5.206775] Freezing user space processes ... (elapsed 0.001 seconds) done.
[    5.208187] Freezing remaining freezable tasks ... (elapsed 0.001 seconds) done.
[    5.208192] Suspending console(s) (use no_console_suspend to debug)
[    5.307179] PM: suspend of devices complete after 70.630 msecs
[    5.309176] PM: late suspend of devices complete after 1.981 msecs
[    5.310745] PM: noirq suspend of devices complete after 1.558 msecs
[    5.310749] Disabling non-boot CPUs ...
[    5.355564] CPU1: shutdown
[    5.435565] CPU2: shutdown
[    5.495235] IRQ16 no longer affine to CPU3
[    5.495597] CPU3: shutdown
[    5.527461] Entering suspend state LP1
[    5.527510] Enabling non-boot CPUs ...
[    5.578372] CPU1 is up
[    5.629027] CPU2 is up
[    5.679772] CPU3 is up
[    5.680826] PM: noirq resume of devices complete after 1.043 msecs
[    5.683336] PM: early resume of devices complete after 1.854 msecs
[    5.787240] PM: resume of devices complete after 103.887 msecs
[    5.855753] Restarting tasks ... done.
root@(none):/# 
root@(none):/# rtcwake -d rtc1 -m mem -s 3
rtcwake: assuming RTC uses UTC ...
rtcwake: wakeup from "mem" using /dev/rtc1 at Thu Jan  1 00:00:26 1970
[    6.258134] PM: Syncing filesystems ... done.
[    6.276747] Freezing user space processes ... (elapsed 0.001 seconds) done.
[    6.278083] Freezing remaining freezable tasks ... (elapsed 0.001 seconds) done.
[    6.278087] Suspending console(s) (use no_console_suspend to debug)
[    6.377076] PM: suspend of devices complete after 69.412 msecs
[    6.378764] PM: late suspend of devices complete after 1.673 msecs
[    6.380419] PM: noirq suspend of devices complete after 1.646 msecs
[    6.380424] Disabling non-boot CPUs ...
[    6.415140] IRQ16 no longer affine to CPU1
[    6.415501] CPU1: shutdown
[    6.495505] CPU2: shutdown
[    6.555513] CPU3: shutdown
[    6.587408] Entering suspend state LP1
[    6.587456] Enabling non-boot CPUs ...
[    6.638325] CPU1 is up
[    6.688994] CPU2 is up
[    6.739742] CPU3 is up
[    6.740795] PM: noirq resume of devices complete after 1.042 msecs
[    6.742983] PM: early resume of devices complete after 1.545 msecs
[    6.847203] PM: resume of devices complete after 104.202 msecs
[    6.915753] Restarting tasks ... done.
root@(none):/# 
root@(none):/# rtcwake -d rtc1 -m mem -s 3
rtcwake: assuming RTC uses UTC ...
rtcwake: wakeup from "mem" using /dev/rtc1 at Thu Jan  1 00:00:34 1970
[    7.295377] PM: Syncing filesystems ... done.
[    7.316706] Freezing user space processes ... (elapsed 0.001 seconds) done.
[    7.318135] Freezing remaining freezable tasks ... (elapsed 0.001 seconds) done.
[    7.318139] Suspending console(s) (use no_console_suspend to debug)
[    7.407100] PM: suspend of devices complete after 62.184 msecs
[    7.408835] PM: late suspend of devices complete after 1.720 msecs
[    7.410455] PM: noirq suspend of devices complete after 1.611 msecs
[    7.410460] Disabling non-boot CPUs ...
[    7.435471] CPU1: shutdown
[    7.495449] CPU2: shutdown
[    7.575132] IRQ16 no longer affine to CPU3
[    7.575496] CPU3: shutdown
[    7.607361] Entering suspend state LP1
[    7.607410] Enabling non-boot CPUs ...
[    7.658286] CPU1 is up
[    7.708950] CPU2 is up
[    7.759714] CPU3 is up
[    7.760749] PM: noirq resume of devices complete after 1.023 msecs
[    7.762938] PM: early resume of devices complete after 1.547 msecs
[    7.857010] PM: resume of devices complete after 94.055 msecs
[    7.925517] Restarting tasks ... done.
root@(none):/# 
root@(none):/# rtcwake -d rtc1 -m mem -s 3
rtcwake: assuming RTC uses UTC ...
rtcwake: wakeup from "mem" using /dev/rtc1 at Thu Jan  1 00:00:42 1970
[    8.313119] PM: Syncing filesystems ... done.
[    8.336671] Freezing user space processes ... (elapsed 0.001 seconds) done.
[    8.338081] Freezing remaining freezable tasks ... (elapsed 0.001 seconds) done.
[    8.338085] Suspending console(s) (use no_console_suspend to debug)
[    8.426995] PM: suspend of devices complete after 64.254 msecs
[    8.428972] PM: late suspend of devices complete after 1.960 msecs
[    8.430539] PM: noirq suspend of devices complete after 1.557 msecs
[    8.430544] Disabling non-boot CPUs ...
[    8.455410] CPU1: shutdown
[    8.515461] CPU2: shutdown
[    8.575087] IRQ16 no longer affine to CPU3
[    8.575449] CPU3: shutdown
[    8.607328] Entering suspend state LP1
[    8.607376] Enabling non-boot CPUs ...
[    8.658233] CPU1 is up
[    8.708922] CPU2 is up
[    8.759677] CPU3 is up
[    8.760684] PM: noirq resume of devices complete after 0.996 msecs
[    8.762874] PM: early resume of devices complete after 1.549 msecs
[    8.867134] PM: resume of devices complete after 104.242 msecs
[    8.935679] Restarting tasks ... done.
root@(none):/# 
root@(none):/# rtcwake -d rtc1 -m mem -s 3
rtcwake: assuming RTC uses UTC ...
rtcwake: wakeup from "mem" using /dev/rtc1 at Thu Jan  1 00:00:50 1970
[    9.316200] PM: Syncing filesystems ... done.
[    9.336626] Freezing user space processes ... (elapsed 0.001 seconds) done.
[    9.338057] Freezing remaining freezable tasks ... (elapsed 0.001 seconds) done.
[    9.338061] Suspending console(s) (use no_console_suspend to debug)
[    9.437037] PM: suspend of devices complete after 71.619 msecs
[    9.438954] PM: late suspend of devices complete after 1.900 msecs
[    9.440556] PM: noirq suspend of devices complete after 1.592 msecs
[    9.440561] Disabling non-boot CPUs ...
[    9.465382] CPU1: shutdown
[    9.525364] CPU2: shutdown
[    9.595044] IRQ16 no longer affine to CPU3
[    9.595408] CPU3: shutdown
[    9.627286] Entering suspend state LP1
[    9.627335] Enabling non-boot CPUs ...
[    9.678207] CPU1 is up
[    9.728870] CPU2 is up
[    9.779658] CPU3 is up
[    9.780649] PM: noirq resume of devices complete after 0.981 msecs
[    9.782853] PM: early resume of devices complete after 1.568 msecs
[    9.887036] PM: resume of devices complete after 104.164 msecs
[    9.955623] Restarting tasks ... done.
root@(none):/# 
root@(none):/# rtcwake -d rtc1 -m mem -s 3
rtcwake: assuming RTC uses UTC ...
rtcwake: wakeup from "mem" using /dev/rtc1 at Thu Jan  1 00:00:58 1970
[   10.343335] PM: Syncing filesystems ... done.
[   10.366591] Freezing user space processes ... (elapsed 0.001 seconds) done.
[   10.368000] Freezing remaining freezable tasks ... (elapsed 0.001 seconds) done.
[   10.368004] Suspending console(s) (use no_console_suspend to debug)
[   10.456956] PM: suspend of devices complete after 64.038 msecs
[   10.458652] PM: late suspend of devices complete after 1.681 msecs
[   10.460304] PM: noirq suspend of devices complete after 1.643 msecs
[   10.460309] Disabling non-boot CPUs ...
[   10.484983] IRQ16 no longer affine to CPU1
[   10.485344] CPU1: shutdown
[   10.555316] CPU2: shutdown
[   10.625357] CPU3: shutdown
[   10.657236] Entering suspend state LP1
[   10.657284] Enabling non-boot CPUs ...
[   10.708163] CPU1 is up
[   10.758834] CPU2 is up
[   10.809571] CPU3 is up
[   10.810538] PM: noirq resume of devices complete after 0.956 msecs
[   10.812725] PM: early resume of devices complete after 1.533 msecs
[   10.917084] PM: resume of devices complete after 104.339 msecs
[   10.985577] Restarting tasks ... done.
root@(none):/# 
root@(none):/# rtcwake -d rtc1 -m mem -s 3
rtcwake: assuming RTC uses UTC ...
rtcwake: wakeup from "mem" using /dev/rtc1 at Thu Jan  1 00:01:06 1970
[   11.363953] PM: Syncing filesystems ... done.
[   11.386542] Freezing user space processes ... (elapsed 0.001 seconds) done.
[   11.387955] Freezing remaining freezable tasks ... (elapsed 0.001 seconds) done.
[   11.387959] Suspending console(s) (use no_console_suspend to debug)
[   11.477258] PM: suspend of devices complete after 63.446 msecs
[   11.479230] PM: late suspend of devices complete after 1.955 msecs
[   11.480785] PM: noirq suspend of devices complete after 1.545 msecs
[   11.480789] Disabling non-boot CPUs ...
[   11.505275] CPU1: shutdown
[   11.565321] CPU2: shutdown
[   11.624961] IRQ16 no longer affine to CPU3
[   11.625321] CPU3: shutdown
[   11.657202] Entering suspend state LP1
[   11.657251] Enabling non-boot CPUs ...
[   11.708125] CPU1 is up
[   11.758786] CPU2 is up
[   11.809523] CPU3 is up
[   11.810487] PM: noirq resume of devices complete after 0.954 msecs
[   11.812884] PM: early resume of devices complete after 1.745 msecs
[   11.916968] PM: resume of devices complete after 104.066 msecs
[   11.985500] Restarting tasks ... done.
root@(none):/# 
root@(none):/# rtcwake -d rtc1 -m mem -s 3
rtcwake: assuming RTC uses UTC ...
rtcwake: wakeup from "mem" using /dev/rtc1 at Thu Jan  1 00:01:14 1970
[   12.360400] PM: Syncing filesystems ... done.
[   12.384965] Freezing user space processes ... (elapsed 0.009 seconds) done.
[   12.386493] Freezing remaining freezable tasks ... (elapsed 0.001 seconds) done.
[   12.386498] Suspending console(s) (use no_console_suspend to debug)
[   12.476835] PM: suspend of devices complete after 66.812 msecs
[   12.478729] PM: late suspend of devices complete after 1.878 msecs
[   12.480313] PM: noirq suspend of devices complete after 1.573 msecs
[   12.480317] Disabling non-boot CPUs ...
[   12.515244] CPU1: shutdown
[   12.574872] IRQ16 no longer affine to CPU2
[   12.575243] CPU2: shutdown
[   12.635273] CPU3: shutdown
[   12.667158] Entering suspend state LP1
[   12.667206] Enabling non-boot CPUs ...
[   12.718082] CPU1 is up
[   12.768736] CPU2 is up
[   12.819506] CPU3 is up
[   12.820472] PM: noirq resume of devices complete after 0.956 msecs
[   12.822803] PM: early resume of devices complete after 1.690 msecs
[   12.916973] PM: resume of devices complete after 94.152 msecs
[   12.985387] Restarting tasks ... done.
root@(none):/# 
root@(none):/# rtcwake -d rtc1 -m mem -s 3
rtcwake: assuming RTC uses UTC ...
rtcwake: wakeup from "mem" using /dev/rtc1 at Thu Jan  1 00:01:22 1970
[   13.375564] PM: Syncing filesystems ... done.
[   13.386721] Freezing user space processes ... (elapsed 0.001 seconds) done.
[   13.388081] Freezing remaining freezable tasks ... (elapsed 0.001 seconds) done.
[   13.388085] Suspending console(s) (use no_console_suspend to debug)
[   13.496802] PM: suspend of devices complete after 72.818 msecs
[   13.498781] PM: late suspend of devices complete after 1.963 msecs
[   13.500362] PM: noirq suspend of devices complete after 1.571 msecs
[   13.500367] Disabling non-boot CPUs ...
[   13.525250] CPU1: shutdown
[   13.584890] IRQ16 no longer affine to CPU2
[   13.585259] CPU2: shutdown
[   13.645229] CPU3: shutdown
[   13.677112] Entering suspend state LP1
[   13.677160] Enabling non-boot CPUs ...
[   13.728042] CPU1 is up
[   13.778700] CPU2 is up
[   13.829450] CPU3 is up
[   13.830430] PM: noirq resume of devices complete after 0.970 msecs
[   13.832778] PM: early resume of devices complete after 1.699 msecs
[   13.926975] PM: resume of devices complete after 94.180 msecs
[   13.995385] Restarting tasks ... done.
root@(none):/# 
root@(none):/# rtcwake -d rtc1 -m mem -s 3
rtcwake: assuming RTC uses UTC ...
rtcwake: wakeup from "mem" using /dev/rtc1 at Thu Jan  1 00:01:30 1970
[   14.384600] PM: Syncing filesystems ... done.
[   14.406419] Freezing user space processes ... (elapsed 0.001 seconds) done.
[   14.407705] Freezing remaining freezable tasks ... (elapsed 0.001 seconds) done.
[   14.407709] Suspending console(s) (use no_console_suspend to debug)
[   14.496772] PM: suspend of devices complete after 62.944 msecs
[   14.498408] PM: late suspend of devices complete after 1.626 msecs
[   14.500015] PM: noirq suspend of devices complete after 1.599 msecs
[   14.500020] Disabling non-boot CPUs ...
[   14.525168] CPU1: shutdown
[   14.584787] IRQ16 no longer affine to CPU2
[   14.585162] CPU2: shutdown
[   14.655183] CPU3: shutdown
[   14.687063] Entering suspend state LP1
[   14.687111] Enabling non-boot CPUs ...
[   14.737990] CPU1 is up
[   14.788653] CPU2 is up
[   14.839396] CPU3 is up
[   14.840371] PM: noirq resume of devices complete after 0.964 msecs
[   14.842732] PM: early resume of devices complete after 1.700 msecs
[   14.946886] PM: resume of devices complete after 104.136 msecs
[   15.015368] Restarting tasks ... done.
root@(none):/# 
root@(none):/# NVTB SYSTEM SUSPEND TEST COMPLETE
