
U-Boot SPL 2015.04-rc3-00209-ga74ef40 (Mar 16 2015 - 14:43:39)


U-Boot 2015.04-rc3-00209-ga74ef40 (Mar 16 2015 - 14:43:39)

TEGRA20
Model: Compulab TrimSlice board
DRAM:  1 GiB
MMC:   Tegra SD/MMC: 0, Tegra SD/MMC: 1
SF: Detected W25Q80BL with page size 256 Bytes, erase size 4 KiB, total 1 MiB
tegra-pcie: PCI regions:
tegra-pcie:   I/O: 0x82000000-0x82010000
tegra-pcie:   non-prefetchable memory: 0xa0000000-0xa8000000
tegra-pcie:   prefetchable memory: 0xa8000000-0xc0000000
tegra-pcie: dual-mode configuration
tegra-pcie: probing port 0, using 2 lanes
In:    serial
Out:   serial
Err:   serial
Net:   RTL8169#0
Hit any key to stop autoboot:  2  0 
Tegra20 (TrimSlice) # 
Tegra20 (TrimSlice) # usb reset
resetting USB...
USB0:   USB EHCI 1.00
scanning bus 0 for devices... 2 USB Device(s) found
USB1:   USB EHCI 1.00
scanning bus 1 for devices... 1 USB Device(s) found
USB2:   lowlevel init failed
       scanning usb for storage devices... 0 Storage Device(s) found
       scanning usb for ethernet devices... 0 Ethernet Device(s) found
Tegra20 (TrimSlice) # setenv bootargs 'ignore_loglevel console=ttyS0,115200n8 rw root=/dev/mmcblk0p1 rootwait gpt debug noinitrd earlyprintk init=/bin/bash'
Tegra20 (TrimSlice) # setenv ipaddr 192.168.100.103; setenv serverip 192.168.100.1; setenv tftpserverip 192.168.100.1
Tegra20 (TrimSlice) # tftpboot 0x00408000 zImage.multi_v7_defconfig
Using RTL8169#0 device
TFTP from server 192.168.100.1; our IP address is 192.168.100.103
Filename 'zImage.multi_v7_defconfig'.
Load address: 0x408000
Loading: *#################################################################
	 #################################################################
	 #################################################################
	 #################################################################
	 #################################################################
	 #################################################################
	 ####################################
	 4 MiB/s
done
Bytes transferred = 6247296 (5f5380 hex)
Tegra20 (TrimSlice) # tftpboot 0x02408000 tegra20-trimslice.dtb
Using RTL8169#0 device
TFTP from server 192.168.100.1; our IP address is 192.168.100.103
Filename 'tegra20-trimslice.dtb'.
Load address: 0x2408000
Loading: *##
	 3.4 MiB/s
done
Bytes transferred = 21130 (528a hex)
Tegra20 (TrimSlice) # bootz 0x00408000 - 0x02408000
Kernel image @ 0x408000 [ 0x000000 - 0x5f5380 ]
## Flattened Device Tree blob at 02408000
   Booting using the fdt blob at 0x2408000
   Using Device Tree in place at 02408000, end 02410289

Starting kernel ...

[    0.000000] Booting Linux on physical CPU 0x0
[    0.000000] Linux version 4.0.0-next-20150415-12302-gfb5e230 (pwalmsley@sellafield) (gcc version 4.7.3 20130328 (prerelease) (crosstool-NG linaro-1.13.1-4.7-2013.04-20130415 - Linaro GCC 2013.04) ) #1 SMP Thu Apr 23 23:57:19 PDT 2015
[    0.000000] CPU: ARMv7 Processor [411fc090] revision 0 (ARMv7), cr=10c5387d
[    0.000000] CPU: PIPT / VIPT nonaliasing data cache, VIPT aliasing instruction cache
[    0.000000] Machine model: Compulab TrimSlice board
[    0.000000] debug: ignoring loglevel setting.
[    0.000000] earlycon: no match for ttyS0,115200n8
[    0.000000] cma: Reserved 64 MiB at 0x3c000000
[    0.000000] Memory policy: Data cache writealloc
[    0.000000] On node 0 totalpages: 262144
[    0.000000] free_area_init_node: node 0, pgdat c0f29580, node_mem_map eeff8000
[    0.000000]   DMA zone: 1520 pages used for memmap
[    0.000000]   DMA zone: 0 pages reserved
[    0.000000]   DMA zone: 194560 pages, LIFO batch:31
[    0.000000]   HighMem zone: 67584 pages, LIFO batch:15
[    0.000000] PERCPU: Embedded 12 pages/cpu @eefca000 s17024 r8192 d23936 u49152
[    0.000000] pcpu-alloc: s17024 r8192 d23936 u49152 alloc=12*4096
[    0.000000] pcpu-alloc: [0] 0 [0] 1 
[    0.000000] Built 1 zonelists in Zone order, mobility grouping on.  Total pages: 260624
[    0.000000] Kernel command line: ignore_loglevel console=ttyS0,115200n8 rw root=/dev/mmcblk0p1 rootwait gpt debug noinitrd earlyprintk init=/bin/bash
[    0.000000] PID hash table entries: 4096 (order: 2, 16384 bytes)
[    0.000000] Dentry cache hash table entries: 131072 (order: 7, 524288 bytes)
[    0.000000] Inode-cache hash table entries: 65536 (order: 6, 262144 bytes)
[    0.000000] Memory: 960036K/1048576K available (8024K kernel code, 1021K rwdata, 3584K rodata, 816K init, 317K bss, 23004K reserved, 65536K cma-reserved, 204800K highmem)
[    0.000000] Virtual kernel memory layout:
[    0.000000]     vector  : 0xffff0000 - 0xffff1000   (   4 kB)
[    0.000000]     fixmap  : 0xffc00000 - 0xfff00000   (3072 kB)
[    0.000000]     vmalloc : 0xf0000000 - 0xff000000   ( 240 MB)
[    0.000000]     lowmem  : 0xc0000000 - 0xef800000   ( 760 MB)
[    0.000000]     pkmap   : 0xbfe00000 - 0xc0000000   (   2 MB)
[    0.000000]     modules : 0xbf000000 - 0xbfe00000   (  14 MB)
[    0.000000]       .text : 0xc0208000 - 0xc0d5f064   (11613 kB)
[    0.000000]       .init : 0xc0d60000 - 0xc0e2c000   ( 816 kB)
[    0.000000]       .data : 0xc0e2c000 - 0xc0f2b540   (1022 kB)
[    0.000000]        .bss : 0xc0f2e000 - 0xc0f7d6a8   ( 318 kB)
[    0.000000] SLUB: HWalign=64, Order=0-3, MinObjects=0, CPUs=2, Nodes=1
[    0.000000] Hierarchical RCU implementation.
[    0.000000] 	Additional per-CPU info printed with stalls.
[    0.000000] 	RCU restricting CPUs from NR_CPUS=16 to nr_cpu_ids=2.
[    0.000000] RCU: Adjusting geometry for rcu_fanout_leaf=16, nr_cpu_ids=2
[    0.000000] NR_IRQS:16 nr_irqs:16 16
[    0.000000] /interrupt-controller@60004000: 128 interrupts forwarded to /interrupt-controller@50041000
[    0.000000] L2C: platform modifies aux control register: 0x02080000 -> 0x3e480001
[    0.000000] L2C: DT/platform modifies aux control register: 0x02080000 -> 0x3e480001
[    0.000000] L2C-310 errata 727915 769419 enabled
[    0.000000] L2C-310 enabling early BRESP for Cortex-A9
[    0.000000] L2C-310: enabling full line of zeros but not enabled in Cortex-A9
[    0.000000] L2C-310 ID prefetch enabled, offset 1 lines
[    0.000000] L2C-310 cache controller enabled, 8 ways, 1024 kB
[    0.000000] L2C-310: CACHE_ID 0x410000c4, AUX_CTRL 0x7e480001
[    0.000010] sched_clock: 32 bits at 1000kHz, resolution 1000ns, wraps every 2147483647500ns
[    0.000027] clocksource timer_us: mask: 0xffffffff max_cycles: 0xffffffff, max_idle_ns: 1911260446275 ns
[    0.000036] Switching to timer-based delay loop, resolution 1000ns
[    0.001355] Console: colour dummy device 80x30
[    0.001374] Calibrating delay loop (skipped), value calculated using timer frequency.. 2.00 BogoMIPS (lpj=5000)
[    0.001384] pid_max: default: 32768 minimum: 301
[    0.001473] Mount-cache hash table entries: 2048 (order: 1, 8192 bytes)
[    0.001482] Mountpoint-cache hash table entries: 2048 (order: 1, 8192 bytes)
[    0.001938] CPU: Testing write buffer coherency: ok
[    0.002105] CPU0: thread -1, cpu 0, socket 0, mpidr 80000000
[    0.002151] Setting up static identity map for 0x209000 - 0x209098
[    0.003307] Tegra Revision: A03 prime SKU: 8 CPU Process: 1 Core Process: 2
[    0.004391] CPU1: thread -1, cpu 1, socket 0, mpidr 80000001
[    0.004445] Brought up 2 CPUs
[    0.004457] SMP: Total of 2 processors activated (4.00 BogoMIPS).
[    0.004463] CPU: All CPU(s) started in SVC mode.
[    0.004817] devtmpfs: initialized
[    0.005515] VFP support v0.3: implementor 41 architecture 3 part 30 variant 9 rev 1
[    0.005793] clocksource jiffies: mask: 0xffffffff max_cycles: 0xffffffff, max_idle_ns: 9556302231375000 ns
[    0.008827] pinctrl core: initialized pinctrl subsystem
[    0.013523] NET: Registered protocol family 16
[    0.015715] DMA: preallocated 256 KiB pool for atomic coherent allocations
[    0.029941] cpuidle: using governor ladder
[    0.044939] cpuidle: using governor menu
[    0.055369] No ATAGs?
[    0.055399] hw-breakpoint: found 5 (+1 reserved) breakpoint and 1 watchpoint registers.
[    0.055407] hw-breakpoint: maximum watchpoint size is 4 bytes.
[    0.057782] Serial: AMBA PL011 UART driver
[    0.082900] usb1_vbus: Failed to request enable GPIO170: -517
[    0.082987] reg-fixed-voltage regulators:regulator@2: Failed to register regulator: -517
[    0.086491] vgaarb: loaded
[    0.087023] SCSI subsystem initialized
[    0.087146] libata version 3.00 loaded.
[    0.087364] usbcore: registered new interface driver usbfs
[    0.087408] usbcore: registered new interface driver hub
[    0.087448] usbcore: registered new device driver usb
[    0.089366] media: Linux media interface: v0.10
[    0.089412] Linux video capture interface: v2.00
[    0.089447] pps_core: LinuxPPS API ver. 1 registered
[    0.089453] pps_core: Software ver. 5.3.6 - Copyright 2005-2007 Rodolfo Giometti <giometti@linux.it>
[    0.089474] PTP clock support registered
[    0.089653] EDAC MC: Ver: 3.0.0
[    0.090648] Advanced Linux Sound Architecture Driver Initialized.
[    0.091491] Switched to clocksource timer_us
[    0.098871] NET: Registered protocol family 2
[    0.099369] TCP established hash table entries: 8192 (order: 3, 32768 bytes)
[    0.099433] TCP bind hash table entries: 8192 (order: 4, 65536 bytes)
[    0.099538] TCP: Hash tables configured (established 8192 bind 8192)
[    0.099621] UDP hash table entries: 512 (order: 2, 16384 bytes)
[    0.099669] UDP-Lite hash table entries: 512 (order: 2, 16384 bytes)
[    0.099820] NET: Registered protocol family 1
[    0.100031] RPC: Registered named UNIX socket transport module.
[    0.100039] RPC: Registered udp transport module.
[    0.100044] RPC: Registered tcp transport module.
[    0.100049] RPC: Registered tcp NFSv4.1 backchannel transport module.
[    0.100065] PCI: CLS 0 bytes, default 64
[    0.100833] CPU PMU: Failed to parse <no-node>/interrupt-affinity[0]
[    0.100873] hw perfevents: enabled with armv7_cortex_a9 PMU driver, 7 counters available
[    0.101918] futex hash table entries: 512 (order: 3, 32768 bytes)
[    0.110203] squashfs: version 4.0 (2009/01/31) Phillip Lougher
[    0.110847] NFS: Registering the id_resolver key type
[    0.110875] Key type id_resolver registered
[    0.110881] Key type id_legacy registered
[    0.110929] ntfs: driver 2.1.32 [Flags: R/O].
[    0.111806] bounce: pool size: 64 pages
[    0.111973] Block layer SCSI generic (bsg) driver version 0.4 loaded (major 248)
[    0.111986] io scheduler noop registered
[    0.111996] io scheduler deadline registered
[    0.112137] io scheduler cfq registered (default)
[    0.120885] tegra-pcie 80003000.pcie-controller: dual-mode configuration
[    0.121443] tegra-pcie 80003000.pcie-controller: probing port 0, using 2 lanes
[    0.204897] tegra-pcie 80003000.pcie-controller: PCI host bridge to bus 0000:00
[    0.204910] pci_bus 0000:00: root bus resource [mem 0xa0000000-0xa7ffffff]
[    0.204919] pci_bus 0000:00: root bus resource [mem 0xa8000000-0xbfffffff pref]
[    0.204928] pci_bus 0000:00: root bus resource [bus 00-ff]
[    0.204936] pci_bus 0000:00: root bus resource [io  0x1000-0xffff]
[    0.204963] pci 0000:00:01.0: [10de:0bf0] type 01 class 0x060000
[    0.204997] pci 0000:00:01.0: IOMMU is currently not supported for PCI
[    0.205027] pci 0000:00:01.0: PME# supported from D0 D1 D2 D3hot D3cold
[    0.205207] PCI: bus0: Fast back to back transfers disabled
[    0.205219] pci 0000:00:01.0: bridge configuration invalid ([bus 00-00]), reconfiguring
[    0.205346] pci 0000:01:00.0: [10ec:8168] type 00 class 0x020000
[    0.205384] pci 0000:01:00.0: reg 0x10: [io  0x0000-0x00ff]
[    0.205407] pci 0000:01:00.0: reg 0x18: [mem 0x00000000-0x00000fff 64bit pref]
[    0.205424] pci 0000:01:00.0: reg 0x20: [mem 0x00000000-0x00003fff 64bit pref]
[    0.205436] pci 0000:01:00.0: reg 0x30: [mem 0x00000000-0x0001ffff pref]
[    0.205451] pci 0000:01:00.0: IOMMU is currently not supported for PCI
[    0.205495] pci 0000:01:00.0: supports D1 D2
[    0.205503] pci 0000:01:00.0: PME# supported from D0 D1 D2 D3hot D3cold
[    0.211521] PCI: bus1: Fast back to back transfers disabled
[    0.211534] pci_bus 0000:01: busn_res: [bus 01-ff] end is updated to 01
[    0.211546] Disabling cpuidle LP2 state, since PCIe IRQs are in use
[    0.211601] pci 0000:00:01.0: BAR 8: assigned [mem 0xa0000000-0xa00fffff]
[    0.211614] pci 0000:00:01.0: BAR 9: assigned [mem 0xa8000000-0xa80fffff 64bit pref]
[    0.211624] pci 0000:00:01.0: BAR 7: assigned [io  0x1000-0x1fff]
[    0.211636] pci 0000:01:00.0: BAR 6: assigned [mem 0xa0000000-0xa001ffff pref]
[    0.211646] pci 0000:01:00.0: BAR 4: assigned [mem 0xa8000000-0xa8003fff 64bit pref]
[    0.211664] pci 0000:01:00.0: BAR 2: assigned [mem 0xa8004000-0xa8004fff 64bit pref]
[    0.211681] pci 0000:01:00.0: BAR 0: assigned [io  0x1000-0x10ff]
[    0.211692] pci 0000:00:01.0: PCI bridge to [bus 01]
[    0.211701] pci 0000:00:01.0:   bridge window [io  0x1000-0x1fff]
[    0.211709] pci 0000:00:01.0:   bridge window [mem 0xa0000000-0xa00fffff]
[    0.211718] pci 0000:00:01.0:   bridge window [mem 0xa8000000-0xa80fffff 64bit pref]
[    0.211737] pci 0000:00:01.0: nv_msi_ht_cap_quirk didn't locate host bridge
[    0.211799] pcieport 0000:00:01.0: enabling device (0140 -> 0143)
[    0.211942] pcieport 0000:00:01.0: Signaling PME through PCIe PME interrupt
[    0.211951] pci 0000:01:00.0: Signaling PME through PCIe PME interrupt
[    0.211960] pcie_pme 0000:00:01.0:pcie01: service driver pcie_pme loaded
[    0.213192] tegra-ahb 6000c004.ahb: incorrect AHB base address in DT data - enabling workaround
[    0.215265] tegra-apbdma 6000a000.dma: Tegra20 APB DMA driver register 16 channels
[    0.262965] Serial: 8250/16550 driver, 4 ports, IRQ sharing disabled
[    0.264756] SuperH (H)SCI(F) driver initialized
[    0.265303] msm_serial: driver initialized
[    0.265976] console [ttyS0] disabled
[    0.266011] 70006000.serial: ttyS0 at MMIO 0x70006000 (irq = 279, base_baud = 13500000) is a Tegra
[    1.262632] console [ttyS0] enabled
[    1.266701] STMicroelectronics ASC driver initialized
[    1.273221] [drm] Initialized drm 1.1.0 20060810
[    1.279175] 54280000.hdmi supply hdmi not found, using dummy regulator
[    1.288287] [drm] Supports vblank timestamp caching Rev 2 (21.10.2013).
[    1.294909] [drm] No driver support for vblank timestamp query.
[    1.300841] drm drm: No connectors reported connected with modes
[    1.306848] [drm] Cannot find any crtc or sizes - going 1024x768
[    1.328749] Console: switching to colour frame buffer device 128x48
[    1.343420] drm drm: fb0:  frame buffer device
[    1.347860] drm drm: registered panic notifier
[    1.366500] [drm] Initialized tegra 0.0.0 20120330 on minor 0
[    1.376758] loop: module loaded
[    1.383835] m25p80 spi32766.0: found s25fl008k, expected w25q80bl
[    1.389938] m25p80 spi32766.0: s25fl008k (1024 Kbytes)
[    1.397320] CAN device driver interface
[    1.402042] igb: Intel(R) Gigabit Ethernet Network Driver - version 5.2.15-k
[    1.409086] igb: Copyright (c) 2007-2014 Intel Corporation.
[    1.415152] r8169 Gigabit Ethernet driver 2.3LK-NAPI loaded
[    1.420747] r8169 0000:01:00.0: enabling device (0140 -> 0143)
[    1.427203] r8169 0000:01:00.0 eth0: RTL8168d/8111d at 0xf005c000, 00:01:c0:13:7d:63, XID 081000c0 IRQ 296
[    1.436856] r8169 0000:01:00.0 eth0: jumbo features [frames: 9200 bytes, tx checksumming: ko]
[    1.446543] pegasus: v0.9.3 (2013/04/25), Pegasus/Pegasus II USB Ethernet driver
[    1.453989] usbcore: registered new interface driver pegasus
[    1.459697] usbcore: registered new interface driver asix
[    1.465137] usbcore: registered new interface driver ax88179_178a
[    1.471264] usbcore: registered new interface driver cdc_ether
[    1.477147] usbcore: registered new interface driver smsc75xx
[    1.482943] usbcore: registered new interface driver smsc95xx
[    1.488732] usbcore: registered new interface driver net1080
[    1.494428] usbcore: registered new interface driver cdc_subset
[    1.500383] usbcore: registered new interface driver zaurus
[    1.506021] usbcore: registered new interface driver cdc_ncm
[    1.511967] tegra-phy c5004000.usb-phy: no vbus regulator
[    1.518452] tegra-phy c5008000.usb-phy: no vbus regulator
[    1.524953] ehci_hcd: USB 2.0 'Enhanced' Host Controller (EHCI) Driver
[    1.531492] ehci-pci: EHCI PCI platform driver
[    1.535969] ehci-platform: EHCI generic platform driver
[    1.541353] ehci-omap: OMAP-EHCI Host Controller driver
[    1.546683] ehci-orion: EHCI orion driver
[    1.550783] SPEAr-ehci: EHCI SPEAr driver
[    1.554906] ehci-st: EHCI STMicroelectronics driver
[    1.559897] ehci-exynos: EHCI EXYNOS driver
[    1.564206] tegra-ehci: Tegra EHCI driver
[    1.587696] ulpi_phy_power_on: ulpi write failed
[    1.592314] tegra-ehci c5004000.usb: Failed to power on the phy
[    1.598242] tegra-ehci: probe of c5004000.usb failed with error -110
[    1.607223] tegra-ehci c5008000.usb: EHCI Host Controller
[    1.612636] tegra-ehci c5008000.usb: new USB bus registered, assigned bus number 1
[    1.620501] tegra-ehci c5008000.usb: irq 290, io mem 0xc5008000
[    1.631507] tegra-ehci c5008000.usb: USB 2.0 started, EHCI 1.00
[    1.638034] hub 1-0:1.0: USB hub found
[    1.641828] hub 1-0:1.0: 1 port detected
[    1.646061] ohci_hcd: USB 1.1 'Open' Host Controller (OHCI) Driver
[    1.652256] ohci-pci: OHCI PCI platform driver
[    1.656759] ohci-platform: OHCI generic platform driver
[    1.662133] ohci-omap3: OHCI OMAP3 driver
[    1.666233] SPEAr-ohci: OHCI SPEAr driver
[    1.670350] ohci-st: OHCI STMicroelectronics driver
[    1.675410] usbcore: registered new interface driver usb-storage
[    1.682520] mousedev: PS/2 mouse device common for all mice
[    1.690107] rtc-em3027 2-0056: rtc core: registered rtc-em3027 as rtc0
[    1.697691] tegra_rtc 7000e000.rtc: rtc core: registered 7000e000.rtc as rtc1
[    1.704854] tegra_rtc 7000e000.rtc: Tegra internal Real Time Clock
[    1.711452] i2c /dev entries driver
[    1.716832] usbcore: registered new interface driver uvcvideo
[    1.722578] USB Video Class driver (1.1.1)
[    1.726677] gspca_main: v2.14.0 registered
[    1.734162] Driver 'mmcblk' needs updating - please use bus_type methods
[    1.740924] sdhci: Secure Digital Host Controller Interface driver
[    1.747100] sdhci: Copyright(c) Pierre Ossman
[    1.752488] Synopsys Designware Multimedia Card Interface Driver
[    1.759287] sdhci-pltfm: SDHCI platform and OF driver helper
[    1.765642] sdhci-tegra c8000000.sdhci: No vmmc regulator found
[    1.771566] sdhci-tegra c8000000.sdhci: No vqmmc regulator found
[    1.777566] mmc0: Invalid maximum block size, assuming 512 bytes
[    1.811507] mmc0: SDHCI controller on c8000000.sdhci [c8000000.sdhci] using ADMA
[    1.818990] sdhci-tegra c8000600.sdhci: Got CD GPIO
[    1.823880] sdhci-tegra c8000600.sdhci: Got WP GPIO
[    1.828928] sdhci-tegra c8000600.sdhci: No vmmc regulator found
[    1.834850] sdhci-tegra c8000600.sdhci: No vqmmc regulator found
[    1.840853] mmc1: Invalid maximum block size, assuming 512 bytes
[    1.876579] mmc1: SDHCI controller on c8000600.sdhci [c8000600.sdhci] using ADMA
[    1.884873] ledtrig-cpu: registered to indicate activity on CPUs
[    1.891056] usbcore: registered new interface driver usbhid
[    1.896630] usbhid: USB HID core driver
[    1.903201] usbcore: registered new interface driver snd-usb-audio
[    1.913036] tlv320aic23-codec 2-001a: Control not supported for path LLINEIN -> [NULL] -> Line Input
[    1.922169] tlv320aic23-codec 2-001a: ASoC: no dapm match for LLINEIN --> NULL --> Line Input
[    1.930692] tlv320aic23-codec 2-001a: ASoC: Failed to add route LLINEIN -> NULL -> Line Input
[    1.939214] tlv320aic23-codec 2-001a: Control not supported for path RLINEIN -> [NULL] -> Line Input
[    1.948340] tlv320aic23-codec 2-001a: ASoC: no dapm match for RLINEIN --> NULL --> Line Input
[    1.951527] usb 1-1: new high-speed USB device number 2 using tegra-ehci
[    1.963575] tlv320aic23-codec 2-001a: ASoC: Failed to add route RLINEIN -> NULL -> Line Input
[    1.972094] tlv320aic23-codec 2-001a: Control not supported for path MICIN -> [NULL] -> Mic Input
[    1.980961] tlv320aic23-codec 2-001a: ASoC: no dapm match for MICIN --> NULL --> Mic Input
[    1.989218] tlv320aic23-codec 2-001a: ASoC: Failed to add route MICIN -> NULL -> Mic Input
[    1.998096] tegra-snd-trimslice sound: tlv320aic23-hifi <-> 70002800.i2s mapping ok
[    2.007307] NET: Registered protocol family 17
[    2.011783] can: controller area network core (rev 20120528 abi 9)
[    2.018023] NET: Registered protocol family 29
[    2.022474] can: raw protocol (rev 20120528)
[    2.026747] can: broadcast manager protocol (rev 20120528 t)
[    2.032498] can: netlink gateway (rev 20130117) max_hops=1
[    2.038397] Key type dns_resolver registered
[    2.043130] ThumbEE CPU extension supported.
[    2.045605] mmc0: host does not support reading read-only switch, assuming write-enable
[    2.047591] mmc0: new high speed SDHC card at address b368
[    2.055483] mmcblk0: mmc0:b368 NCard 3.70 GiB 
[    2.062732]  mmcblk0: p1
[    2.067886] Registering SWP/SWPB emulation handler
[    2.078064] utmi_phy_clk_enable: timeout waiting for phy to stabilize
[    2.084541] tegra-ehci c5000000.usb: EHCI Host Controller
[    2.089978] tegra-ehci c5000000.usb: new USB bus registered, assigned bus number 2
[    2.097906] tegra-ehci c5000000.usb: irq 288, io mem 0xc5000000
[    2.136512] tegra-ehci c5000000.usb: USB 2.0 started, EHCI 1.00
[    2.143170] hub 2-0:1.0: USB hub found
[    2.147006] hub 2-0:1.0: 1 port detected
[    2.151819] hub 1-1:1.0: USB hub found
[    2.152388] input: gpio-keys as /devices/soc0/gpio-keys/input/input0
[    2.155581] rtc-em3027 2-0056: setting system clock to 2014-12-25 19:49:40 UTC (1419536980)
[    2.159977] ALSA device list:
[    2.159982]   #0: tegra-trimslice
[   2.176780] hub 1-1:1.0: 4 ports detected
[    2.182817] EXT4-fs (mmcblk0p1): mounting ext3 file system using the ext4 subsystem
[    2.197322] mmc1: new high speed SD card at address b368
[    2.202990] mmcblk1: mmc1:b368 NCard 1.83 GiB (ro)
[    2.210284]  mmcblk1: p1 p2
[    2.274653] EXT4-fs (mmcblk0p1): recovery complete
[    2.279464] EXT4-fs (mmcblk0p1): mounted filesystem with ordered data mode. Opts: (null)
[    2.287596] VFS: Mounted root (ext3 filesystem) on device 179:1.
[    2.301774] devtmpfs: mounted
[    2.305470] Freeing unused kernel memory: 816K (c0d60000 - c0e2c000)
bash: cannot set terminal process group (-1): Inappropriate ioctl for device
bash: no job control in this shell
root@(none):/# 