[    0.000000] Booting Linux on physical CPU 0x0
[    0.000000] Linux version 4.11.0-rc4-next-20170327-279802-g93a4a44 (jonathanh@tamien) (gcc version 4.9.2 20140904 (prerelease) (crosstool-NG linaro-1.13.1-4.9-2014.09 - Linaro GCC 4.9-2014.09) ) #1 SMP PREEMPT Tue Mar 28 01:56:41 PDT 2017
[    0.000000] Boot CPU: AArch64 Processor [411fd070]
[    0.000000] Memory limited to 1024MB
[    0.000000] efi: Getting EFI parameters from FDT:
[    0.000000] efi: UEFI not found.
[    0.000000] cma: Reserved 16 MiB at 0x000000007f000000
[    0.000000] NUMA: No NUMA configuration found
[    0.000000] NUMA: Faking a node at [mem 0x0000000000000000-0x000000007fffffff]
[    0.000000] NUMA: Adding memblock [0x40000000 - 0x7fffffff] on node 0
[    0.000000] NUMA: Initmem setup node 0 [mem 0x40000000-0x7fffffff]
[    0.000000] NUMA: NODE_DATA [mem 0x7efeae80-0x7efec97f]
[    0.000000] Zone ranges:
[    0.000000]   DMA      [mem 0x0000000040000000-0x000000007fffffff]
[    0.000000]   Normal   empty
[    0.000000] Movable zone start for each node
[    0.000000] Early memory node ranges
[    0.000000]   node   0: [mem 0x0000000040000000-0x000000007fffffff]
[    0.000000] Initmem setup node 0 [mem 0x0000000040000000-0x000000007fffffff]
[    0.000000] psci: probing for conduit method from DT.
[    0.000000] psci: PSCIv0.2 detected in firmware.
[    0.000000] psci: Using standard PSCI v0.2 function IDs
[    0.000000] psci: Trusted OS migration not required
[    0.000000] percpu: Embedded 23 pages/cpu @ffff80003efd0000 s56832 r8192 d29184 u94208
[    0.000000] Detected PIPT I-cache on CPU0
[    0.000000] CPU features: enabling workaround for ARM erratum 832075
[    0.000000] CPU features: enabling workaround for ARM erratum 834220
[    0.000000] Built 1 zonelists in Node order, mobility grouping on.  Total pages: 258048
[    0.000000] Policy zone: DMA
[    0.000000] Kernel command line: root=/dev/vda2 rw rootwait mem=1024M console=ttyAMA0,38400n8 init=/bin/bash
[    0.000000] PID hash table entries: 4096 (order: 3, 32768 bytes)
[    0.000000] Memory: 999952K/1048576K available (8764K kernel code, 1008K rwdata, 4252K rodata, 1088K init, 396K bss, 32240K reserved, 16384K cma-reserved)
[    0.000000] Virtual kernel memory layout:
[    0.000000]     modules : 0xffff000000000000 - 0xffff000008000000   (   128 MB)
[    0.000000]     vmalloc : 0xffff000008000000 - 0xffff7dffbfff0000   (129022 GB)
[    0.000000]       .text : 0xffff000008080000 - 0xffff000008910000   (  8768 KB)
[    0.000000]     .rodata : 0xffff000008910000 - 0xffff000008d40000   (  4288 KB)
[    0.000000]       .init : 0xffff000008d40000 - 0xffff000008e50000   (  1088 KB)
[    0.000000]       .data : 0xffff000008e50000 - 0xffff000008f4c200   (  1009 KB)
[    0.000000]        .bss : 0xffff000008f4c200 - 0xffff000008faf538   (   397 KB)
[    0.000000]     fixed   : 0xffff7dfffe7fd000 - 0xffff7dfffec00000   (  4108 KB)
[    0.000000]     PCI I/O : 0xffff7dfffee00000 - 0xffff7dffffe00000   (    16 MB)
[    0.000000]     vmemmap : 0xffff7e0000000000 - 0xffff800000000000   (  2048 GB maximum)
[    0.000000]               0xffff7e0000000000 - 0xffff7e0001000000   (    16 MB actual)
[    0.000000]     memory  : 0xffff800000000000 - 0xffff800040000000   (  1024 MB)
[    0.000000] SLUB: HWalign=64, Order=0-3, MinObjects=0, CPUs=1, Nodes=1
[    0.000000] Preemptible hierarchical RCU implementation.
[    0.000000] 	RCU restricting CPUs from NR_CPUS=64 to nr_cpu_ids=1.
[    0.000000] RCU: Adjusting geometry for rcu_fanout_leaf=16, nr_cpu_ids=1
[    0.000000] NR_IRQS:64 nr_irqs:64 0
[    0.000000] GICv2m: range[mem 0x08020000-0x08020fff], SPI[80:143]
[    0.000000] arm_arch_timer: WARNING: Invalid trigger for IRQ3, assuming level low
[    0.000000] arm_arch_timer: WARNING: Please fix your firmware
[    0.000000] arm_arch_timer: Architected cp15 timer(s) running at 62.50MHz (virt).
[    0.000000] clocksource: arch_sys_counter: mask: 0xffffffffffffff max_cycles: 0x1cd42e208c, max_idle_ns: 881590405314 ns
[    0.000170] sched_clock: 56 bits at 62MHz, resolution 16ns, wraps every 4398046511096ns
[    0.006970] Console: colour dummy device 80x25
[    0.008296] Calibrating delay loop (skipped), value calculated using timer frequency.. 125.00 BogoMIPS (lpj=250000)
[    0.008468] pid_max: default: 32768 minimum: 301
[    0.009946] Security Framework initialized
[    0.013657] Dentry cache hash table entries: 131072 (order: 8, 1048576 bytes)
[    0.015118] Inode-cache hash table entries: 65536 (order: 7, 524288 bytes)
[    0.015382] Mount-cache hash table entries: 2048 (order: 2, 16384 bytes)
[    0.015483] Mountpoint-cache hash table entries: 2048 (order: 2, 16384 bytes)
[    0.139255] ASID allocator initialised with 65536 entries
[    0.167634] EFI services will not be available.
[    0.186069] smp: Bringing up secondary CPUs ...
[    0.186194] smp: Brought up 1 node, 1 CPU
[    0.186238] SMP: Total of 1 processors activated.
[    0.186339] CPU features: detected feature: 32-bit EL0 Support
[    0.187164] CPU: All CPU(s) started at EL1
[    0.188336] alternatives: patching kernel code
[    0.209443] devtmpfs: initialized
[    0.224842] DMI not present or invalid.
[    0.226938] clocksource: jiffies: mask: 0xffffffff max_cycles: 0xffffffff, max_idle_ns: 7645041785100000 ns
[    0.227175] futex hash table entries: 256 (order: 3, 32768 bytes)
[    0.231485] pinctrl core: initialized pinctrl subsystem
[    0.274161] NET: Registered protocol family 16
[    0.300946] cpuidle: using governor menu
[    0.302437] vdso: 2 pages (1 code @ ffff000008917000, 1 data @ ffff000008e55000)
[    0.302699] hw-breakpoint: found 6 breakpoint and 4 watchpoint registers.
[    0.312777] DMA: preallocated 256 KiB pool for atomic allocations
[    0.317578] Serial: AMBA PL011 UART driver
[    0.389049] 9000000.pl011: ttyAMA0 at MMIO 0x9000000 (irq = 39, base_baud = 0) is a PL011 rev1
[    0.415083] console [ttyAMA0] enabled
[    0.421784] irq: type mismatch, failed to map hwirq-27 for /intc!
[    0.587926] HugeTLB registered 2 MB page size, pre-allocated 0 pages
[    0.609722] ACPI: Interpreter disabled.
[    0.629526] vgaarb: loaded
[    0.631876] SCSI subsystem initialized
[    0.642284] usbcore: registered new interface driver usbfs
[    0.646101] usbcore: registered new interface driver hub
[    0.647062] usbcore: registered new device driver usb
[    0.656365] pps_core: LinuxPPS API ver. 1 registered
[    0.656661] pps_core: Software ver. 5.3.6 - Copyright 2005-2007 Rodolfo Giometti <giometti@linux.it>
[    0.658808] PTP clock support registered
[    0.661065] dmi: Firmware registration failed.
[    0.663440] Advanced Linux Sound Architecture Driver Initialized.
[    0.679427] clocksource: Switched to clocksource arch_sys_counter
[    0.680653] VFS: Disk quotas dquot_6.6.0
[    0.681191] VFS: Dquot-cache hash table entries: 512 (order 0, 4096 bytes)
[    0.686980] pnp: PnP ACPI: disabled
[    0.769910] NET: Registered protocol family 2
[    0.779194] TCP established hash table entries: 8192 (order: 4, 65536 bytes)
[    0.780261] TCP bind hash table entries: 8192 (order: 5, 131072 bytes)
[    0.781177] TCP: Hash tables configured (established 8192 bind 8192)
[    0.782848] UDP hash table entries: 512 (order: 2, 16384 bytes)
[    0.783699] UDP-Lite hash table entries: 512 (order: 2, 16384 bytes)
[    0.785628] NET: Registered protocol family 1
[    0.797784] RPC: Registered named UNIX socket transport module.
[    0.798399] RPC: Registered udp transport module.
[    0.798833] RPC: Registered tcp transport module.
[    0.799241] RPC: Registered tcp NFSv4.1 backchannel transport module.
[    0.810712] kvm [1]: HYP mode not available
[    0.832367] audit: initializing netlink subsys (disabled)
[    0.838508] workingset: timestamp_bits=44 max_order=18 bucket_order=0
[    0.920974] squashfs: version 4.0 (2009/01/31) Phillip Lougher
[    0.933337] NFS: Registering the id_resolver key type
[    0.934774] Key type id_resolver registered
[    0.935128] Key type id_legacy registered
[    0.936591] nfs4filelayout_init: NFSv4 File Layout Driver Registering...
[    0.938664] 9p: Installing v9fs 9p2000 file system support
[    0.958276] Block layer SCSI generic (bsg) driver version 0.4 loaded (major 247)
[    0.958782] io scheduler noop registered
[    0.960847] io scheduler cfq registered (default)
[    0.961128] io scheduler mq-deadline registered
[    1.002754] pl061_gpio 9030000.pl061: PL061 GPIO chip @0x0000000009030000 registered
[    1.016483] OF: PCI: host bridge /pcie@10000000 ranges:
[    1.017173] OF: PCI:    IO 0x3eff0000..0x3effffff -> 0x00000000
[    1.017775] OF: PCI:   MEM 0x10000000..0x3efeffff -> 0x10000000
[    1.018106] OF: PCI:   MEM 0x8000000000..0xffffffffff -> 0x8000000000
[    1.018998] pci-host-generic 3f000000.pcie: ECAM at [mem 0x3f000000-0x3fffffff] for [bus 00-0f]
[    1.021402] pci-host-generic 3f000000.pcie: PCI host bridge to bus 0000:00
[    1.021918] pci_bus 0000:00: root bus resource [bus 00-0f]
[    1.022274] pci_bus 0000:00: root bus resource [io  0x0000-0xffff]
[    1.022585] pci_bus 0000:00: root bus resource [mem 0x10000000-0x3efeffff]
[    1.022921] pci_bus 0000:00: root bus resource [mem 0x8000000000-0xffffffffff]
[    1.096408] xenfs: not registering filesystem on non-xen platform
[    1.141456] Serial: 8250/16550 driver, 4 ports, IRQ sharing enabled
[    1.158772] SuperH (H)SCI(F) driver initialized
[    1.162373] msm_serial: driver initialized
[    1.167806] cacheinfo: Unable to detect cache hierarchy for CPU 0
[    1.262333] loop: module loaded
[    1.312443]  vda: vda1 vda2
[    1.332941] hisi_sas: driver version v1.6
[    1.365627] libphy: Fixed MDIO Bus: probed
[    1.370756] tun: Universal TUN/TAP device driver, 1.6
[    1.392015] e1000e: Intel(R) PRO/1000 Network Driver - 3.2.6-k
[    1.392321] e1000e: Copyright(c) 1999 - 2015 Intel Corporation.
[    1.393524] igb: Intel(R) Gigabit Ethernet Network Driver - version 5.4.0-k
[    1.393857] igb: Copyright (c) 2007-2014 Intel Corporation.
[    1.395051] igbvf: Intel(R) Gigabit Virtual Function Network Driver - version 2.4.0-k
[    1.396209] igbvf: Copyright (c) 2009 - 2012 Intel Corporation.
[    1.399206] sky2: driver version 1.30
[    1.405826] VFIO - User Level meta-driver version: 0.3
[    1.425063] ehci_hcd: USB 2.0 'Enhanced' Host Controller (EHCI) Driver
[    1.425435] ehci-pci: EHCI PCI platform driver
[    1.426852] ehci-platform: EHCI generic platform driver
[    1.428522] ehci-orion: EHCI orion driver
[    1.429525] ehci-exynos: EHCI EXYNOS driver
[    1.430518] ehci-msm: Qualcomm On-Chip EHCI Host Controller
[    1.432542] ohci_hcd: USB 1.1 'Open' Host Controller (OHCI) Driver
[    1.432968] ohci-pci: OHCI PCI platform driver
[    1.433965] ohci-platform: OHCI generic platform driver
[    1.435804] ohci-exynos: OHCI EXYNOS driver
[    1.441044] usbcore: registered new interface driver usb-storage
[    1.462230] rtc-pl031 9010000.pl031: rtc core: registered pl031 as rtc0
[    1.469580] i2c /dev entries driver
[    1.502175] sdhci: Secure Digital Host Controller Interface driver
[    1.502490] sdhci: Copyright(c) Pierre Ossman
[    1.506382] Synopsys Designware Multimedia Card Interface Driver
[    1.515099] sdhci-pltfm: SDHCI platform and OF driver helper
[    1.526272] ledtrig-cpu: registered to indicate activity on CPUs
[    1.539174] usbcore: registered new interface driver usbhid
[    1.541014] usbhid: USB HID core driver
[    1.560666] NET: Registered protocol family 17
[    1.562092] 9pnet: Installing 9P2000 support
[    1.562913] Key type dns_resolver registered
[    1.567674] registered taskstats version 1
[    1.577301] input: gpio-keys as /devices/platform/gpio-keys/input/input0
[    1.581422] rtc-pl031 9010000.pl031: setting system clock to 2017-03-28 08:57:29 UTC (1490691449)
[    1.582775] ALSA device list:
[    1.582982]   No soundcards found.
[    1.586933] uart-pl011 9000000.pl011: no DMA platform data
[    1.593660] EXT4-fs (vda2): couldn't mount as ext3 due to feature incompatibilities
[    1.654681] EXT4-fs (vda2): recovery complete
[    1.657270] EXT4-fs (vda2): mounted filesystem with ordered data mode. Opts: (null)
[    1.658367] VFS: Mounted root (ext4 filesystem) on device 254:2.
[    1.662461] devtmpfs: mounted
[    1.707574] Freeing unused kernel memory: 1088K
bash: cannot set terminal process group (-1): Inappropriate ioctl for device
bash: no job control in this shell
bash-4.3# 