
U-Boot SPL 2015.04-rc3-00209-ga74ef40 (Mar 16 2015 - 14:43:39)


U-Boot 2015.04-rc3-00209-ga74ef40 (Mar 16 2015 - 14:43:39)

TEGRA20
Model: Compulab TrimSlice board
DRAM:  1 GiB
MMC:   Tegra SD/MMC: 0, Tegra SD/MMC: 1
SF: Detected W25Q80BL with page size 256 Bytes, erase size 4 KiB, total 1 MiB
tegra-pcie: PCI regions:
tegra-pcie:   I/O: 0x82000000-0x82010000
tegra-pcie:   non-prefetchable memory: 0xa0000000-0xa8000000
tegra-pcie:   prefetchable memory: 0xa8000000-0xc0000000
tegra-pcie: dual-mode configuration
tegra-pcie: probing port 0, using 2 lanes
In:    serial
Out:   serial
Err:   serial
Net:   RTL8169#0
Hit any key to stop autoboot:  2  0 
Tegra20 (TrimSlice) # 
Tegra20 (TrimSlice) # usb reset
resetting USB...
USB0:   USB EHCI 1.00
scanning bus 0 for devices... 3 USB Device(s) found
USB1:   USB EHCI 1.00
scanning bus 1 for devices... 1 USB Device(s) found
USB2:   lowlevel init failed
       scanning usb for storage devices... 0 Storage Device(s) found
       scanning usb for ethernet devices... 
Warning: asx0 using MAC address from net device
1 Ethernet Device(s) found
Tegra20 (TrimSlice) # setenv bootargs 'ignore_loglevel console=ttyS0,115200n8 rw root=/dev/mmcblk0p1 rootwait gpt debug noinitrd earlyprintk init=/bin/bash'
Tegra20 (TrimSlice) # setenv ipaddr 192.168.100.103; setenv serverip 192.168.100.1; setenv tftpserverip 192.168.100.1
Tegra20 (TrimSlice) # tftpboot 0x00408000 zImage.multi_v7_defconfig
Using RTL8169#0 device
TFTP from server 192.168.100.1; our IP address is 192.168.100.103
Filename 'zImage.multi_v7_defconfig'.
Load address: 0x408000
Loading: *#################################################################
	 #################################################################
	 #################################################################
	 #################################################################
	 #################################################################
	 #################################################################
	 ##############################
	 4 MiB/s
done
Bytes transferred = 6155136 (5deb80 hex)
Tegra20 (TrimSlice) # tftpboot 0x02408000 tegra20-trimslice.dtb
Using RTL8169#0 device
TFTP from server 192.168.100.1; our IP address is 192.168.100.103
Filename 'tegra20-trimslice.dtb'.
Load address: 0x2408000
Loading: *##
	 3.4 MiB/s
done
Bytes transferred = 21130 (528a hex)
Tegra20 (TrimSlice) # bootz 0x00408000 - 0x02408000
Kernel image @ 0x408000 [ 0x000000 - 0x5deb80 ]
## Flattened Device Tree blob at 02408000
   Booting using the fdt blob at 0x2408000
   Using Device Tree in place at 02408000, end 02410289

Starting kernel ...

[    0.000000] Booting Linux on physical CPU 0x0
[    0.000000] Linux version 4.2.0-rc7-28329-gf4566ed (pwalmsley@sellafield) (gcc version 4.7.3 20130328 (prerelease) (crosstool-NG linaro-1.13.1-4.7-2013.04-20130415 - Linaro GCC 2013.04) ) #1 SMP Wed Aug 19 04:48:44 PDT 2015
[    0.000000] CPU: ARMv7 Processor [411fc090] revision 0 (ARMv7), cr=10c5387d
[    0.000000] CPU: PIPT / VIPT nonaliasing data cache, VIPT aliasing instruction cache
[    0.000000] Machine model: Compulab TrimSlice board
[    0.000000] debug: ignoring loglevel setting.
[    0.000000] cma: Reserved 64 MiB at 0x3c000000
[    0.000000] Memory policy: Data cache writealloc
[    0.000000] On node 0 totalpages: 262144
[    0.000000] free_area_init_node: node 0, pgdat c0efdb00, node_mem_map eeff8000
[    0.000000]   DMA zone: 1520 pages used for memmap
[    0.000000]   DMA zone: 0 pages reserved
[    0.000000]   DMA zone: 194560 pages, LIFO batch:31
[    0.000000]   HighMem zone: 67584 pages, LIFO batch:15
[    0.000000] PERCPU: Embedded 11 pages/cpu @eefcc000 s14784 r8192 d22080 u45056
[    0.000000] pcpu-alloc: s14784 r8192 d22080 u45056 alloc=11*4096
[    0.000000] pcpu-alloc: [0] 0 [0] 1 
[    0.000000] Built 1 zonelists in Zone order, mobility grouping on.  Total pages: 260624
[    0.000000] Kernel command line: ignore_loglevel console=ttyS0,115200n8 rw root=/dev/mmcblk0p1 rootwait gpt debug noinitrd earlyprintk init=/bin/bash
[    0.000000] PID hash table entries: 4096 (order: 2, 16384 bytes)
[    0.000000] Dentry cache hash table entries: 131072 (order: 7, 524288 bytes)
[    0.000000] Inode-cache hash table entries: 65536 (order: 6, 262144 bytes)
[    0.000000] Memory: 960212K/1048576K available (7782K kernel code, 1038K rwdata, 3508K rodata, 944K init, 327K bss, 22828K reserved, 65536K cma-reserved, 204800K highmem)
[    0.000000] Virtual kernel memory layout:
[    0.000000]     vector  : 0xffff0000 - 0xffff1000   (   4 kB)
[    0.000000]     fixmap  : 0xffc00000 - 0xfff00000   (3072 kB)
[    0.000000]     vmalloc : 0xf0000000 - 0xff000000   ( 240 MB)
[    0.000000]     lowmem  : 0xc0000000 - 0xef800000   ( 760 MB)
[    0.000000]     pkmap   : 0xbfe00000 - 0xc0000000   (   2 MB)
[    0.000000]     modules : 0xbf000000 - 0xbfe00000   (  14 MB)
[    0.000000]       .text : 0xc0208000 - 0xc0d0faa0   (11295 kB)
[    0.000000]       .init : 0xc0d10000 - 0xc0dfc000   ( 944 kB)
[    0.000000]       .data : 0xc0dfc000 - 0xc0effb00   (1039 kB)
[    0.000000]        .bss : 0xc0f02000 - 0xc0f53c28   ( 328 kB)
[    0.000000] SLUB: HWalign=64, Order=0-3, MinObjects=0, CPUs=2, Nodes=1
[    0.000000] Hierarchical RCU implementation.
[    0.000000] 	Additional per-CPU info printed with stalls.
[    0.000000] 	Build-time adjustment of leaf fanout to 32.
[    0.000000] 	RCU restricting CPUs from NR_CPUS=16 to nr_cpu_ids=2.
[    0.000000] RCU: Adjusting geometry for rcu_fanout_leaf=32, nr_cpu_ids=2
[    0.000000] NR_IRQS:16 nr_irqs:16 16
[    0.000000] /interrupt-controller@60004000: 128 interrupts forwarded to /interrupt-controller@50041000
[    0.000000] L2C: platform modifies aux control register: 0x02080000 -> 0x3e480001
[    0.000000] L2C: DT/platform modifies aux control register: 0x02080000 -> 0x3e480001
[    0.000000] L2C-310 errata 727915 769419 enabled
[    0.000000] L2C-310 enabling early BRESP for Cortex-A9
[    0.000000] L2C-310: enabling full line of zeros but not enabled in Cortex-A9
[    0.000000] L2C-310 ID prefetch enabled, offset 1 lines
[    0.000000] L2C-310 cache controller enabled, 8 ways, 1024 kB
[    0.000000] L2C-310: CACHE_ID 0x410000c4, AUX_CTRL 0x7e480001
[    0.000010] sched_clock: 32 bits at 1000kHz, resolution 1000ns, wraps every 2147483647500ns
[    0.000027] clocksource: timer_us: mask: 0xffffffff max_cycles: 0xffffffff, max_idle_ns: 1911260446275 ns
[    0.000036] Switching to timer-based delay loop, resolution 1000ns
[    0.001515] Console: colour dummy device 80x30
[    0.001536] Calibrating delay loop (skipped), value calculated using timer frequency.. 2.00 BogoMIPS (lpj=5000)
[    0.001546] pid_max: default: 32768 minimum: 301
[    0.001630] Mount-cache hash table entries: 2048 (order: 1, 8192 bytes)
[    0.001639] Mountpoint-cache hash table entries: 2048 (order: 1, 8192 bytes)
[    0.002103] CPU: Testing write buffer coherency: ok
[    0.002273] CPU0: thread -1, cpu 0, socket 0, mpidr 80000000
[    0.002319] Setting up static identity map for 0x209000 - 0x209098
[    0.003510] Tegra Revision: A03 prime SKU: 8 CPU Process: 1 Core Process: 2
[    0.004379] CPU1: thread -1, cpu 1, socket 0, mpidr 80000001
[    0.004433] Brought up 2 CPUs
[    0.004445] SMP: Total of 2 processors activated (4.00 BogoMIPS).
[    0.004450] CPU: All CPU(s) started in SVC mode.
[    0.004813] devtmpfs: initialized
[    0.008849] VFP support v0.3: implementor 41 architecture 3 part 30 variant 9 rev 1
[    0.009251] clocksource: jiffies: mask: 0xffffffff max_cycles: 0xffffffff, max_idle_ns: 9556302231375000 ns
[    0.012412] pinctrl core: initialized pinctrl subsystem
[    0.013610] NET: Registered protocol family 16
[    0.015882] DMA: preallocated 256 KiB pool for atomic coherent allocations
[    0.029927] cpuidle: using governor ladder
[    0.044926] cpuidle: using governor menu
[    0.055792] No ATAGs?
[    0.055820] hw-breakpoint: found 5 (+1 reserved) breakpoint and 1 watchpoint registers.
[    0.055828] hw-breakpoint: maximum watchpoint size is 4 bytes.
[    0.058724] Serial: AMBA PL011 UART driver
[    0.083357] usb1_vbus: Failed to request enable GPIO170: -517
[    0.083441] reg-fixed-voltage regulators:regulator@2: Failed to register regulator: -517
[    0.087013] vgaarb: loaded
[    0.087590] SCSI subsystem initialized
[    0.087717] libata version 3.00 loaded.
[    0.087933] usbcore: registered new interface driver usbfs
[    0.087979] usbcore: registered new interface driver hub
[    0.088025] usbcore: registered new device driver usb
[    0.090050] pps_core: LinuxPPS API ver. 1 registered
[    0.090058] pps_core: Software ver. 5.3.6 - Copyright 2005-2007 Rodolfo Giometti <giometti@linux.it>
[    0.090079] PTP clock support registered
[    0.090246] EDAC MC: Ver: 3.0.0
[    0.092082] clocksource: Switched to clocksource timer_us
[    0.099909] NET: Registered protocol family 2
[    0.100335] TCP established hash table entries: 8192 (order: 3, 32768 bytes)
[    0.100406] TCP bind hash table entries: 8192 (order: 4, 65536 bytes)
[    0.100519] TCP: Hash tables configured (established 8192 bind 8192)
[    0.100593] UDP hash table entries: 512 (order: 2, 16384 bytes)
[    0.100636] UDP-Lite hash table entries: 512 (order: 2, 16384 bytes)
[    0.100798] NET: Registered protocol family 1
[    0.101021] RPC: Registered named UNIX socket transport module.
[    0.101028] RPC: Registered udp transport module.
[    0.101034] RPC: Registered tcp transport module.
[    0.101039] RPC: Registered tcp NFSv4.1 backchannel transport module.
[    0.101056] PCI: CLS 0 bytes, default 64
[    0.101809] hw perfevents: Failed to parse /pmu/interrupt-affinity[0]
[    0.101839] hw perfevents: enabled with armv7_cortex_a9 PMU driver, 7 counters available
[    0.102892] futex hash table entries: 512 (order: 3, 32768 bytes)
[    0.110702] squashfs: version 4.0 (2009/01/31) Phillip Lougher
[    0.111356] NFS: Registering the id_resolver key type
[    0.111382] Key type id_resolver registered
[    0.111389] Key type id_legacy registered
[    0.111439] ntfs: driver 2.1.32 [Flags: R/O].
[    0.112244] bounce: pool size: 64 pages
[    0.112410] Block layer SCSI generic (bsg) driver version 0.4 loaded (major 249)
[    0.112424] io scheduler noop registered
[    0.112434] io scheduler deadline registered
[    0.112580] io scheduler cfq registered (default)
[    0.121696] tegra-pcie 80003000.pcie-controller: dual-mode configuration
[    0.122288] tegra-pcie 80003000.pcie-controller: probing port 0, using 2 lanes
[    0.204565] tegra-pcie 80003000.pcie-controller: PCI host bridge to bus 0000:00
[    0.204577] pci_bus 0000:00: root bus resource [mem 0xa0000000-0xa7ffffff]
[    0.204587] pci_bus 0000:00: root bus resource [mem 0xa8000000-0xbfffffff pref]
[    0.204596] pci_bus 0000:00: root bus resource [bus 00-ff]
[    0.204605] pci_bus 0000:00: root bus resource [io  0x1000-0xffff]
[    0.204631] pci 0000:00:01.0: [10de:0bf0] type 01 class 0x060000
[    0.204664] pci 0000:00:01.0: IOMMU is currently not supported for PCI
[    0.204694] pci 0000:00:01.0: PME# supported from D0 D1 D2 D3hot D3cold
[    0.204865] PCI: bus0: Fast back to back transfers disabled
[    0.204876] pci 0000:00:01.0: bridge configuration invalid ([bus 00-00]), reconfiguring
[    0.205010] pci 0000:01:00.0: [10ec:8168] type 00 class 0x020000
[    0.205047] pci 0000:01:00.0: reg 0x10: [io  0x0000-0x00ff]
[    0.205070] pci 0000:01:00.0: reg 0x18: [mem 0x00000000-0x00000fff 64bit pref]
[    0.205087] pci 0000:01:00.0: reg 0x20: [mem 0x00000000-0x00003fff 64bit pref]
[    0.205099] pci 0000:01:00.0: reg 0x30: [mem 0x00000000-0x0001ffff pref]
[    0.205114] pci 0000:01:00.0: IOMMU is currently not supported for PCI
[    0.205157] pci 0000:01:00.0: supports D1 D2
[    0.205165] pci 0000:01:00.0: PME# supported from D0 D1 D2 D3hot D3cold
[    0.212126] PCI: bus1: Fast back to back transfers disabled
[    0.212138] pci_bus 0000:01: busn_res: [bus 01-ff] end is updated to 01
[    0.212149] Disabling cpuidle LP2 state, since PCIe IRQs are in use
[    0.212205] pci 0000:00:01.0: BAR 8: assigned [mem 0xa0000000-0xa00fffff]
[    0.212217] pci 0000:00:01.0: BAR 9: assigned [mem 0xa8000000-0xa80fffff 64bit pref]
[    0.212227] pci 0000:00:01.0: BAR 7: assigned [io  0x1000-0x1fff]
[    0.212239] pci 0000:01:00.0: BAR 6: assigned [mem 0xa0000000-0xa001ffff pref]
[    0.212249] pci 0000:01:00.0: BAR 4: assigned [mem 0xa8000000-0xa8003fff 64bit pref]
[    0.212266] pci 0000:01:00.0: BAR 2: assigned [mem 0xa8004000-0xa8004fff 64bit pref]
[    0.212281] pci 0000:01:00.0: BAR 0: assigned [io  0x1000-0x10ff]
[    0.212292] pci 0000:00:01.0: PCI bridge to [bus 01]
[    0.212301] pci 0000:00:01.0:   bridge window [io  0x1000-0x1fff]
[    0.212309] pci 0000:00:01.0:   bridge window [mem 0xa0000000-0xa00fffff]
[    0.212318] pci 0000:00:01.0:   bridge window [mem 0xa8000000-0xa80fffff 64bit pref]
[    0.212336] pci 0000:00:01.0: nv_msi_ht_cap_quirk didn't locate host bridge
[    0.212402] pcieport 0000:00:01.0: enabling device (0140 -> 0143)
[    0.212553] pcieport 0000:00:01.0: Signaling PME through PCIe PME interrupt
[    0.212562] pci 0000:01:00.0: Signaling PME through PCIe PME interrupt
[    0.212571] pcie_pme 0000:00:01.0:pcie01: service driver pcie_pme loaded
[    0.213893] tegra-ahb 6000c004.ahb: incorrect AHB base address in DT data - enabling workaround
[    0.215999] tegra-apbdma 6000a000.dma: Tegra20 APB DMA driver register 16 channels
[    0.263116] Serial: 8250/16550 driver, 4 ports, IRQ sharing disabled
[    0.264902] SuperH (H)SCI(F) driver initialized
[    0.265630] msm_serial: driver initialized
[    0.266269] console [ttyS0] disabled
[    0.266305] 70006000.serial: ttyS0 at MMIO 0x70006000 (irq = 279, base_baud = 13500000) is a Tegra
[    1.248864] console [ttyS0] enabled
[    1.252942] STMicroelectronics ASC driver initialized
[    1.259662] [drm] Initialized drm 1.1.0 20060810
[    1.265772] 54280000.hdmi supply hdmi not found, using dummy regulator
[    1.274881] [drm] Supports vblank timestamp caching Rev 2 (21.10.2013).
[    1.281503] [drm] No driver support for vblank timestamp query.
[    1.287437] drm drm: No connectors reported connected with modes
[    1.293443] [drm] Cannot find any crtc or sizes - going 1024x768
[    1.315591] Console: switching to colour frame buffer device 128x48
[    1.330266] drm drm: fb0:  frame buffer device
[    1.334707] drm drm: registered panic notifier
[    1.352101] [drm] Initialized tegra 0.0.0 20120330 on minor 0
[    1.362163] loop: module loaded
[    1.369991] m25p80 spi32766.0: found s25fl008k, expected w25q80bl
[    1.376093] m25p80 spi32766.0: s25fl008k (1024 Kbytes)
[    1.383493] CAN device driver interface
[    1.388309] igb: Intel(R) Gigabit Ethernet Network Driver - version 5.2.18-k
[    1.395352] igb: Copyright (c) 2007-2014 Intel Corporation.
[    1.401492] r8169 Gigabit Ethernet driver 2.3LK-NAPI loaded
[    1.407096] r8169 0000:01:00.0: enabling device (0140 -> 0143)
[    1.413528] r8169 0000:01:00.0 eth0: RTL8168d/8111d at 0xf005c000, 00:01:c0:13:7d:63, XID 081000c0 IRQ 296
[    1.423185] r8169 0000:01:00.0 eth0: jumbo features [frames: 9200 bytes, tx checksumming: ko]
[    1.433498] pegasus: v0.9.3 (2013/04/25), Pegasus/Pegasus II USB Ethernet driver
[    1.440946] usbcore: registered new interface driver pegasus
[    1.446671] usbcore: registered new interface driver asix
[    1.452121] usbcore: registered new interface driver ax88179_178a
[    1.458250] usbcore: registered new interface driver cdc_ether
[    1.464133] usbcore: registered new interface driver smsc75xx
[    1.469930] usbcore: registered new interface driver smsc95xx
[    1.475713] usbcore: registered new interface driver net1080
[    1.481409] usbcore: registered new interface driver cdc_subset
[    1.487373] usbcore: registered new interface driver zaurus
[    1.493014] usbcore: registered new interface driver cdc_ncm
[    1.498951] tegra-phy c5004000.usb-phy: no vbus regulator
[    1.505438] tegra-phy c5008000.usb-phy: no vbus regulator
[    1.512253] ehci_hcd: USB 2.0 'Enhanced' Host Controller (EHCI) Driver
[    1.518784] ehci-pci: EHCI PCI platform driver
[    1.523275] ehci-platform: EHCI generic platform driver
[    1.528668] ehci-omap: OMAP-EHCI Host Controller driver
[    1.534005] ehci-orion: EHCI orion driver
[    1.538128] SPEAr-ehci: EHCI SPEAr driver
[    1.542260] ehci-st: EHCI STMicroelectronics driver
[    1.547252] ehci-exynos: EHCI EXYNOS driver
[    1.551552] ehci-atmel: EHCI Atmel driver
[    1.555680] tegra-ehci: Tegra EHCI driver
[    1.578288] ulpi_phy_power_on: ulpi write failed
[    1.582907] tegra-ehci c5004000.usb: Failed to power on the phy
[    1.588835] tegra-ehci: probe of c5004000.usb failed with error -110
[    1.597819] tegra-ehci c5008000.usb: EHCI Host Controller
[    1.603231] tegra-ehci c5008000.usb: new USB bus registered, assigned bus number 1
[    1.611101] tegra-ehci c5008000.usb: irq 290, io mem 0xc5008000
[    1.622100] tegra-ehci c5008000.usb: USB 2.0 started, EHCI 1.00
[    1.628590] hub 1-0:1.0: USB hub found
[    1.632382] hub 1-0:1.0: 1 port detected
[    1.636603] ohci_hcd: USB 1.1 'Open' Host Controller (OHCI) Driver
[    1.642803] ohci-pci: OHCI PCI platform driver
[    1.647303] ohci-platform: OHCI generic platform driver
[    1.652685] ohci-omap3: OHCI OMAP3 driver
[    1.656794] SPEAr-ohci: OHCI SPEAr driver
[    1.660929] ohci-st: OHCI STMicroelectronics driver
[    1.665920] ohci-atmel: OHCI Atmel driver
[    1.670123] usbcore: registered new interface driver usb-storage
[    1.677271] mousedev: PS/2 mouse device common for all mice
[    1.684984] rtc-em3027 2-0056: rtc core: registered rtc-em3027 as rtc0
[    1.692722] tegra_rtc 7000e000.rtc: rtc core: registered 7000e000.rtc as rtc1
[    1.699889] tegra_rtc 7000e000.rtc: Tegra internal Real Time Clock
[    1.706500] i2c /dev entries driver
[    1.716149] sdhci: Secure Digital Host Controller Interface driver
[    1.722336] sdhci: Copyright(c) Pierre Ossman
[    1.727924] Synopsys Designware Multimedia Card Interface Driver
[    1.734779] sdhci-pltfm: SDHCI platform and OF driver helper
[    1.741216] sdhci-tegra c8000000.sdhci: No vmmc regulator found
[    1.747147] sdhci-tegra c8000000.sdhci: No vqmmc regulator found
[    1.753151] mmc0: Invalid maximum block size, assuming 512 bytes
[    1.787098] mmc0: SDHCI controller on c8000000.sdhci [c8000000.sdhci] using ADMA
[    1.794579] sdhci-tegra c8000600.sdhci: Got CD GPIO
[    1.799465] sdhci-tegra c8000600.sdhci: Got WP GPIO
[    1.804459] sdhci-tegra c8000600.sdhci: No vmmc regulator found
[    1.810379] sdhci-tegra c8000600.sdhci: No vqmmc regulator found
[    1.816376] mmc1: Invalid maximum block size, assuming 512 bytes
[    1.852172] mmc1: SDHCI controller on c8000600.sdhci [c8000600.sdhci] using ADMA
[    1.860427] ledtrig-cpu: registered to indicate activity on CPUs
[    1.866617] usbcore: registered new interface driver usbhid
[    1.872185] usbhid: USB HID core driver
[    1.878941] NET: Registered protocol family 17
[    1.883404] can: controller area network core (rev 20120528 abi 9)
[    1.889631] NET: Registered protocol family 29
[    1.894080] can: raw protocol (rev 20120528)
[    1.898352] can: broadcast manager protocol (rev 20120528 t)
[    1.904012] can: netlink gateway (rev 20130117) max_hops=1
[    1.909815] Key type dns_resolver registered
[    1.914427] ThumbEE CPU extension supported.
[    1.918711] Registering SWP/SWPB emulation handler
[    1.928180] utmi_phy_clk_enable: timeout waiting for phy to stabilize
[    1.934639] tegra-ehci c5000000.usb: EHCI Host Controller
[    1.940056] tegra-ehci c5000000.usb: new USB bus registered, assigned bus number 2
[    1.947708] usb 1-1: new high-speed USB device number 2 using tegra-ehci
[    1.954658] tegra-ehci c5000000.usb: irq 288, io mem 0xc5000000
[    1.967466] mmc0: host does not support reading read-only switch, assuming write-enable
[    1.977420] mmc0: new high speed SDHC card at address b368
[    1.983169] mmcblk0: mmc0:b368 NCard 3.70 GiB 
[    1.989462]  mmcblk0: p1
[    2.072118] tegra-ehci c5000000.usb: USB 2.0 started, EHCI 1.00
[    2.078925] hub 2-0:1.0: USB hub found
[    2.082770] hub 2-0:1.0: 1 port detected
[    2.088780] input: gpio-keys as /devices/soc0/gpio-keys/input/input0
[    2.095579] hub 1-1:1.0: USB hub found
[    2.099592] hub 1-1:1.0: 4 ports detected
[    2.103936] rtc-em3027 2-0056: setting system clock to 2014-12-26 20:32:42 UTC (1419625962)
[    2.120424] EXT4-fs (mmcblk0p1): mounting ext3 file system using the ext4 subsystem
[    2.132122] mmc1: new high speed SD card at address b368
[    2.137928] mmcblk1: mmc1:b368 NCard 1.83 GiB (ro)
[    2.145345]  mmcblk1: p1 p2
[    2.211740] EXT4-fs (mmcblk0p1): recovery complete
[    2.216559] EXT4-fs (mmcblk0p1): mounted filesystem with ordered data mode. Opts: (null)
[    2.224684] VFS: Mounted root (ext3 filesystem) on device 179:1.
[    2.234228] devtmpfs: mounted
[    2.238260] Freeing unused kernel memory: 944K (c0d10000 - c0dfc000)
[    2.402140] usb 1-1.2: new high-speed USB device number 3 using tegra-ehci
bash: cannot set terminal process group (-1): Inappropriate ioctl for device
bash: no job control in this shell
root@(none):/# 