
U-Boot SPL 2015.04-rc3-00209-ga74ef40 (Mar 16 2015 - 14:43:39)


U-Boot 2015.04-rc3-00209-ga74ef40 (Mar 16 2015 - 14:43:39)

TEGRA20
Model: Compulab TrimSlice board
DRAM:  1 GiB
MMC:   Tegra SD/MMC: 0, Tegra SD/MMC: 1
SF: Detected W25Q80BL with page size 256 Bytes, erase size 4 KiB, total 1 MiB
tegra-pcie: PCI regions:
tegra-pcie:   I/O: 0x82000000-0x82010000
tegra-pcie:   non-prefetchable memory: 0xa0000000-0xa8000000
tegra-pcie:   prefetchable memory: 0xa8000000-0xc0000000
tegra-pcie: dual-mode configuration
tegra-pcie: probing port 0, using 2 lanes
In:    serial
Out:   serial
Err:   serial
Net:   RTL8169#0
Hit any key to stop autoboot:  2  1  0 
Tegra20 (TrimSlice) # 
Tegra20 (TrimSlice) # usb reset
resetting USB...
USB0:   USB EHCI 1.00
scanning bus 0 for devices... 3 USB Device(s) found
USB1:   USB EHCI 1.00
scanning bus 1 for devices... 1 USB Device(s) found
USB2:   lowlevel init failed
       scanning usb for storage devices... 0 Storage Device(s) found
       scanning usb for ethernet devices... 
Warning: asx0 using MAC address from net device
1 Ethernet Device(s) found
Tegra20 (TrimSlice) # setenv bootargs 'ignore_loglevel console=ttyS0,115200n8 rw root=PARTUUID=11eb23c1-01 rootwait gpt debug noinitrd earlyprintk init=/bin/bash'
Tegra20 (TrimSlice) # setenv ipaddr 192.168.100.103; setenv serverip 192.168.100.1; setenv tftpserverip 192.168.100.1
Tegra20 (TrimSlice) # tftpboot 0x00408000 zImage.multi_v7_defconfig
Using RTL8169#0 device
TFTP from server 192.168.100.1; our IP address is 192.168.100.103
Filename 'zImage.multi_v7_defconfig'.
Load address: 0x408000
Loading: *#################################################################
	 #################################################################
	 #################################################################
	 #################################################################
	 #################################################################
	 #################################################################
	 #################################################################
	 ############################
	 4.1 MiB/s
done
Bytes transferred = 7077928 (6c0028 hex)
Tegra20 (TrimSlice) # tftpboot 0x02408000 tegra20-trimslice.dtb
Using RTL8169#0 device
TFTP from server 192.168.100.1; our IP address is 192.168.100.103
Filename 'tegra20-trimslice.dtb'.
Load address: 0x2408000
Loading: *##
	 4 MiB/s
done
Bytes transferred = 21172 (52b4 hex)
Tegra20 (TrimSlice) # bootz 0x00408000 - 0x02408000
Kernel image @ 0x408000 [ 0x000000 - 0x6c0028 ]
## Flattened Device Tree blob at 02408000
   Booting using the fdt blob at 0x2408000
   Using Device Tree in place at 02408000, end 024102b3

Starting kernel ...

[    0.000000] Booting Linux on physical CPU 0x0
[    0.000000] Linux version 4.6.0-next-20160523-95490-gcbafe21 (pwalmsley@sellafield) (gcc version 4.7.3 20130328 (prerelease) (crosstool-NG linaro-1.13.1-4.7-2013.04-20130415 - Linaro GCC 2013.04) ) #1 SMP Mon May 23 12:18:04 PDT 2016
[    0.000000] CPU: ARMv7 Processor [411fc090] revision 0 (ARMv7), cr=10c5387d
[    0.000000] CPU: PIPT / VIPT nonaliasing data cache, VIPT aliasing instruction cache
[    0.000000] Machine model: Compulab TrimSlice board
[    0.000000] debug: ignoring loglevel setting.
[    0.000000] cma: Reserved 64 MiB at 0x3c000000
[    0.000000] Memory policy: Data cache writealloc
[    0.000000] On node 0 totalpages: 262144
[    0.000000] free_area_init_node: node 0, pgdat c141bb00, node_mem_map ef7f8000
[    0.000000]   DMA zone: 1536 pages used for memmap
[    0.000000]   DMA zone: 0 pages reserved
[    0.000000]   DMA zone: 196608 pages, LIFO batch:31
[    0.000000]   HighMem zone: 65536 pages, LIFO batch:15
[    0.000000] percpu: Embedded 13 pages/cpu @ef7c9000 s23808 r8192 d21248 u53248
[    0.000000] pcpu-alloc: s23808 r8192 d21248 u53248 alloc=13*4096
[    0.000000] pcpu-alloc: [0] 0 [0] 1 
[    0.000000] Built 1 zonelists in Zone order, mobility grouping on.  Total pages: 260608
[    0.000000] Kernel command line: ignore_loglevel console=ttyS0,115200n8 rw root=PARTUUID=11eb23c1-01 rootwait gpt debug noinitrd earlyprintk init=/bin/bash
[    0.000000] PID hash table entries: 4096 (order: 2, 16384 bytes)
[    0.000000] Dentry cache hash table entries: 131072 (order: 7, 524288 bytes)
[    0.000000] Inode-cache hash table entries: 65536 (order: 6, 262144 bytes)
[    0.000000] Memory: 955932K/1048576K available (9529K kernel code, 1142K rwdata, 4216K rodata, 2048K init, 343K bss, 27108K reserved, 65536K cma-reserved, 196608K highmem)
[    0.000000] Virtual kernel memory layout:
[    0.000000]     vector  : 0xffff0000 - 0xffff1000   (   4 kB)
[    0.000000]     fixmap  : 0xffc00000 - 0xfff00000   (3072 kB)
[    0.000000]     vmalloc : 0xf0800000 - 0xff800000   ( 240 MB)
[    0.000000]     lowmem  : 0xc0000000 - 0xf0000000   ( 768 MB)
[    0.000000]     pkmap   : 0xbfe00000 - 0xc0000000   (   2 MB)
[    0.000000]     modules : 0xbf000000 - 0xbfe00000   (  14 MB)
[    0.000000]       .text : 0xc0208000 - 0xc106c574   (14738 kB)
[    0.000000]       .init : 0xc1100000 - 0xc1300000   (2048 kB)
[    0.000000]       .data : 0xc1300000 - 0xc141db60   (1143 kB)
[    0.000000]        .bss : 0xc141f000 - 0xc1474ca0   ( 344 kB)
[    0.000000] SLUB: HWalign=64, Order=0-3, MinObjects=0, CPUs=2, Nodes=1
[    0.000000] Hierarchical RCU implementation.
[    0.000000] 	Build-time adjustment of leaf fanout to 32.
[    0.000000] 	RCU restricting CPUs from NR_CPUS=16 to nr_cpu_ids=2.
[    0.000000] RCU: Adjusting geometry for rcu_fanout_leaf=32, nr_cpu_ids=2
[    0.000000] NR_IRQS:16 nr_irqs:16 16
[    0.000000] /interrupt-controller@60004000: 128 interrupts forwarded to /interrupt-controller@50041000
[    0.000000] L2C: platform modifies aux control register: 0x02080000 -> 0x3e480001
[    0.000000] L2C: DT/platform modifies aux control register: 0x02080000 -> 0x3e480001
[    0.000000] L2C-310 errata 727915 769419 enabled
[    0.000000] L2C-310 enabling early BRESP for Cortex-A9
[    0.000000] L2C-310: enabling full line of zeros but not enabled in Cortex-A9
[    0.000000] L2C-310 ID prefetch enabled, offset 1 lines
[    0.000000] L2C-310 cache controller enabled, 8 ways, 1024 kB
[    0.000000] L2C-310: CACHE_ID 0x410000c4, AUX_CTRL 0x7e480001
[    0.000010] sched_clock: 32 bits at 1000kHz, resolution 1000ns, wraps every 2147483647500ns
[    0.000026] clocksource: timer_us: mask: 0xffffffff max_cycles: 0xffffffff, max_idle_ns: 1911260446275 ns
[    0.000037] Switching to timer-based delay loop, resolution 1000ns
[    0.001672] Console: colour dummy device 80x30
[    0.001694] Calibrating delay loop (skipped), value calculated using timer frequency.. 2.00 BogoMIPS (lpj=5000)
[    0.001705] pid_max: default: 32768 minimum: 301
[    0.001780] Mount-cache hash table entries: 2048 (order: 1, 8192 bytes)
[    0.001788] Mountpoint-cache hash table entries: 2048 (order: 1, 8192 bytes)
[    0.002279] CPU: Testing write buffer coherency: ok
[    0.002463] CPU0: thread -1, cpu 0, socket 0, mpidr 80000000
[    0.002487] Setting up static identity map for 0x300000 - 0x300098
[    0.003943] Tegra Revision: A03 prime SKU: 8 CPU Process: 1 SoC Process: 2
[    0.004978] CPU1: thread -1, cpu 1, socket 0, mpidr 80000001
[    0.005043] Brought up 2 CPUs
[    0.005055] SMP: Total of 2 processors activated (4.00 BogoMIPS).
[    0.005061] CPU: All CPU(s) started in SVC mode.
[    0.005710] devtmpfs: initialized
[    0.009657] VFP support v0.3: implementor 41 architecture 3 part 30 variant 9 rev 1
[    0.009999] clocksource: jiffies: mask: 0xffffffff max_cycles: 0xffffffff, max_idle_ns: 9556302231375000 ns
[    0.012908] pinctrl core: initialized pinctrl subsystem
[    0.014066] NET: Registered protocol family 16
[    0.016249] DMA: preallocated 256 KiB pool for atomic coherent allocations
[    0.029922] cpuidle: using governor menu
[    0.041438] No ATAGs?
[    0.041459] hw-breakpoint: found 5 (+1 reserved) breakpoint and 1 watchpoint registers.
[    0.041466] hw-breakpoint: maximum watchpoint size is 4 bytes.
[    0.044974] Serial: AMBA PL011 UART driver
[    0.068259] usb1_vbus: Failed to request enable GPIO170: -517
[    0.068274] reg-fixed-voltage regulators:regulator@2: Failed to register regulator: -517
[    0.071905] vgaarb: loaded
[    0.072479] SCSI subsystem initialized
[    0.072595] libata version 3.00 loaded.
[    0.072791] usbcore: registered new interface driver usbfs
[    0.072837] usbcore: registered new interface driver hub
[    0.072876] usbcore: registered new device driver usb
[    0.075006] pps_core: LinuxPPS API ver. 1 registered
[    0.075014] pps_core: Software ver. 5.3.6 - Copyright 2005-2007 Rodolfo Giometti <giometti@linux.it>
[    0.075030] PTP clock support registered
[    0.075177] EDAC MC: Ver: 3.0.0
[    0.076953] clocksource: Switched to clocksource timer_us
[    0.084628] NET: Registered protocol family 2
[    0.085064] TCP established hash table entries: 8192 (order: 3, 32768 bytes)
[    0.085135] TCP bind hash table entries: 8192 (order: 4, 65536 bytes)
[    0.085248] TCP: Hash tables configured (established 8192 bind 8192)
[    0.085337] UDP hash table entries: 512 (order: 2, 16384 bytes)
[    0.085383] UDP-Lite hash table entries: 512 (order: 2, 16384 bytes)
[    0.085522] NET: Registered protocol family 1
[    0.085742] RPC: Registered named UNIX socket transport module.
[    0.085751] RPC: Registered udp transport module.
[    0.085756] RPC: Registered tcp transport module.
[    0.085760] RPC: Registered tcp NFSv4.1 backchannel transport module.
[    0.085769] PCI: CLS 0 bytes, default 64
[    0.086568] hw perfevents: enabled with armv7_cortex_a9 PMU driver, 7 counters available
[    0.087554] futex hash table entries: 512 (order: 3, 32768 bytes)
[    0.088115] workingset: timestamp_bits=28 max_order=18 bucket_order=0
[    0.095597] squashfs: version 4.0 (2009/01/31) Phillip Lougher
[    0.096182] NFS: Registering the id_resolver key type
[    0.096210] Key type id_resolver registered
[    0.096216] Key type id_legacy registered
[    0.096249] ntfs: driver 2.1.32 [Flags: R/O].
[    0.097225] bounce: pool size: 64 pages
[    0.097379] Block layer SCSI generic (bsg) driver version 0.4 loaded (major 248)
[    0.097387] io scheduler noop registered
[    0.097393] io scheduler deadline registered
[    0.097420] io scheduler cfq registered (default)
[    0.108918] tegra-pcie 80003000.pcie-controller: dual-mode configuration
[    0.109625] tegra-pcie 80003000.pcie-controller: probing port 0, using 2 lanes
[    0.193436] tegra-pcie 80003000.pcie-controller: PCI host bridge to bus 0000:00
[    0.193448] pci_bus 0000:00: root bus resource [io  0x0000-0xffff]
[    0.193457] pci_bus 0000:00: root bus resource [mem 0xa0000000-0xa7ffffff]
[    0.193465] pci_bus 0000:00: root bus resource [mem 0xa8000000-0xbfffffff pref]
[    0.193473] pci_bus 0000:00: root bus resource [bus 00-ff]
[    0.193500] pci 0000:00:01.0: [10de:0bf0] type 01 class 0x060000
[    0.193566] pci 0000:00:01.0: PME# supported from D0 D1 D2 D3hot D3cold
[    0.193759] PCI: bus0: Fast back to back transfers disabled
[    0.193770] pci 0000:00:01.0: bridge configuration invalid ([bus 00-00]), reconfiguring
[    0.193897] pci 0000:01:00.0: [10ec:8168] type 00 class 0x020000
[    0.193919] pci 0000:01:00.0: reg 0x10: [io  0x0000-0x00ff]
[    0.193941] pci 0000:01:00.0: reg 0x18: [mem 0x00000000-0x00000fff 64bit pref]
[    0.193957] pci 0000:01:00.0: reg 0x20: [mem 0x00000000-0x00003fff 64bit pref]
[    0.193969] pci 0000:01:00.0: reg 0x30: [mem 0x00000000-0x0001ffff pref]
[    0.194046] pci 0000:01:00.0: supports D1 D2
[    0.194054] pci 0000:01:00.0: PME# supported from D0 D1 D2 D3hot D3cold
[    0.201988] PCI: bus1: Fast back to back transfers disabled
[    0.202000] pci_bus 0000:01: busn_res: [bus 01-ff] end is updated to 01
[    0.202012] Disabling cpuidle LP2 state, since PCIe IRQs are in use
[    0.202067] pci 0000:00:01.0: BAR 8: assigned [mem 0xa0000000-0xa00fffff]
[    0.202079] pci 0000:00:01.0: BAR 9: assigned [mem 0xa8000000-0xa80fffff 64bit pref]
[    0.202088] pci 0000:00:01.0: BAR 7: assigned [io  0x1000-0x1fff]
[    0.202100] pci 0000:01:00.0: BAR 6: assigned [mem 0xa0000000-0xa001ffff pref]
[    0.202110] pci 0000:01:00.0: BAR 4: assigned [mem 0xa8000000-0xa8003fff 64bit pref]
[    0.202127] pci 0000:01:00.0: BAR 2: assigned [mem 0xa8004000-0xa8004fff 64bit pref]
[    0.202142] pci 0000:01:00.0: BAR 0: assigned [io  0x1000-0x10ff]
[    0.202152] pci 0000:00:01.0: PCI bridge to [bus 01]
[    0.202160] pci 0000:00:01.0:   bridge window [io  0x1000-0x1fff]
[    0.202168] pci 0000:00:01.0:   bridge window [mem 0xa0000000-0xa00fffff]
[    0.202176] pci 0000:00:01.0:   bridge window [mem 0xa8000000-0xa80fffff 64bit pref]
[    0.202195] pci 0000:00:01.0: nv_msi_ht_cap_quirk didn't locate host bridge
[    0.202258] pcieport 0000:00:01.0: enabling device (0140 -> 0143)
[    0.202405] pcieport 0000:00:01.0: Signaling PME through PCIe PME interrupt
[    0.202414] pci 0000:01:00.0: Signaling PME through PCIe PME interrupt
[    0.202423] pcie_pme 0000:00:01.0:pcie001: service driver pcie_pme loaded
[    0.206157] tegra-apbdma 6000a000.dma: Tegra20 APB DMA driver register 16 channels
[    0.255706] Serial: 8250/16550 driver, 4 ports, IRQ sharing disabled
[    0.258078] console [ttyS0] disabled
[    0.258112] 70006000.serial: ttyS0 at MMIO 0x70006000 (irq = 279, base_baud = 13500000) is a Tegra
[    1.202665] console [ttyS0] enabled
[    1.206805] SuperH (H)SCI(F) driver initialized
[    1.212150] msm_serial: driver initialized
[    1.216380] STMicroelectronics ASC driver initialized
[    1.224163] [drm] Initialized drm 1.1.0 20060810
[    1.231043] 54280000.hdmi supply hdmi not found, using dummy regulator
[    1.240743] [drm] Supports vblank timestamp caching Rev 2 (21.10.2013).
[    1.247367] [drm] No driver support for vblank timestamp query.
[    1.253305] drm drm: No connectors reported connected with modes
[    1.259310] [drm] Cannot find any crtc or sizes - going 1024x768
[    1.281442] Console: switching to colour frame buffer device 128x48
[    1.296137] drm drm: fb0:  frame buffer device
[    1.311964] [drm] Initialized tegra 0.0.0 20120330 on minor 0
[    1.326419] brd: module loaded
[    1.333682] loop: module loaded
[    1.342272] m25p80 spi32766.0: found s25fl008k, expected w25q80bl
[    1.348405] m25p80 spi32766.0: s25fl008k (1024 Kbytes)
[    1.355906] libphy: Fixed MDIO Bus: probed
[    1.360515] CAN device driver interface
[    1.365823] igb: Intel(R) Gigabit Ethernet Network Driver - version 5.3.0-k
[    1.372782] igb: Copyright (c) 2007-2014 Intel Corporation.
[    1.378874] r8169 Gigabit Ethernet driver 2.3LK-NAPI loaded
[    1.384469] r8169 0000:01:00.0: enabling device (0140 -> 0143)
[    1.391064] r8169 0000:01:00.0 eth0: RTL8168d/8111d at 0xf0878000, 00:01:c0:13:7d:63, XID 081000c0 IRQ 296
[    1.400719] r8169 0000:01:00.0 eth0: jumbo features [frames: 9200 bytes, tx checksumming: ko]
[    1.411197] pegasus: v0.9.3 (2013/04/25), Pegasus/Pegasus II USB Ethernet driver
[    1.418662] usbcore: registered new interface driver pegasus
[    1.424365] usbcore: registered new interface driver asix
[    1.429796] usbcore: registered new interface driver ax88179_178a
[    1.435920] usbcore: registered new interface driver cdc_ether
[    1.441797] usbcore: registered new interface driver smsc75xx
[    1.447586] usbcore: registered new interface driver smsc95xx
[    1.453367] usbcore: registered new interface driver net1080
[    1.459064] usbcore: registered new interface driver cdc_subset
[    1.465014] usbcore: registered new interface driver zaurus
[    1.470643] usbcore: registered new interface driver cdc_ncm
[    1.476590] tegra-phy c5004000.usb-phy: no vbus regulator
[    1.483087] tegra-phy c5008000.usb-phy: no vbus regulator
[    1.489893] ehci_hcd: USB 2.0 'Enhanced' Host Controller (EHCI) Driver
[    1.496422] ehci-pci: EHCI PCI platform driver
[    1.500901] ehci-platform: EHCI generic platform driver
[    1.506294] ehci-omap: OMAP-EHCI Host Controller driver
[    1.511628] ehci-orion: EHCI orion driver
[    1.515745] SPEAr-ehci: EHCI SPEAr driver
[    1.519874] ehci-st: EHCI STMicroelectronics driver
[    1.524864] ehci-exynos: EHCI EXYNOS driver
[    1.529174] ehci-atmel: EHCI Atmel driver
[    1.533298] tegra-ehci: Tegra EHCI driver
[    1.537490] ------------[ cut here ]------------
[    1.542124] WARNING: CPU: 1 PID: 1 at drivers/reset/core.c:187 __of_reset_control_get+0x1bc/0x228
[    1.550984] Modules linked in:
[    1.554046] CPU: 1 PID: 1 Comm: swapper/0 Not tainted 4.6.0-next-20160523-95490-gcbafe21 #1
[    1.562376] Hardware name: NVIDIA Tegra SoC (Flattened Device Tree)
[    1.568652] [<c030f9d0>] (unwind_backtrace) from [<c030b0c8>] (show_stack+0x10/0x14)
[    1.576383] [<c030b0c8>] (show_stack) from [<c0586548>] (dump_stack+0x84/0xa4)
[    1.583597] [<c0586548>] (dump_stack) from [<c0341b88>] (__warn+0xd4/0x100)
[    1.590546] [<c0341b88>] (__warn) from [<c0341bd4>] (warn_slowpath_null+0x20/0x28)
[    1.598100] [<c0341bd4>] (warn_slowpath_null) from [<c06a109c>] (__of_reset_control_get+0x1bc/0x228)
[    1.607220] [<c06a109c>] (__of_reset_control_get) from [<c0912c28>] (tegra_ehci_probe+0x2d0/0x51c)
[    1.616163] [<c0912c28>] (tegra_ehci_probe) from [<c0779bcc>] (platform_drv_probe+0x50/0xb0)
[    1.624591] [<c0779bcc>] (platform_drv_probe) from [<c0778530>] (driver_probe_device+0x1f4/0x2b0)
[    1.633446] [<c0778530>] (driver_probe_device) from [<c0778698>] (__driver_attach+0xac/0xb0)
[    1.641867] [<c0778698>] (__driver_attach) from [<c0776b44>] (bus_for_each_dev+0x54/0x88)
[    1.650027] [<c0776b44>] (bus_for_each_dev) from [<c0777b24>] (bus_add_driver+0xe8/0x1f4)
[    1.658188] [<c0777b24>] (bus_add_driver) from [<c0778eb4>] (driver_register+0x78/0xf4)
[    1.666176] [<c0778eb4>] (driver_register) from [<c0301e7c>] (do_one_initcall+0x3c/0x16c)
[    1.674341] [<c0301e7c>] (do_one_initcall) from [<c1100d80>] (kernel_init_freeable+0x120/0x1ec)
[    1.683032] [<c1100d80>] (kernel_init_freeable) from [<c0b5c2d0>] (kernel_init+0x8/0x118)
[    1.691195] [<c0b5c2d0>] (kernel_init) from [<c0307fb8>] (ret_from_fork+0x14/0x3c)
[    1.698776] ---[ end trace e3afda336200d7ff ]---
[    1.703394] tegra-ehci c5000000.usb: can't get utmi-pads reset from the PHY
[    1.710350] tegra-ehci c5000000.usb: continuing, but please update your DT
[    1.738161] ulpi_phy_power_on: ulpi write failed
[    1.742782] tegra-ehci c5004000.usb: Failed to power on the phy
[    1.748711] tegra-ehci: probe of c5004000.usb failed with error -110
[    1.757704] tegra-ehci c5008000.usb: EHCI Host Controller
[    1.763119] tegra-ehci c5008000.usb: new USB bus registered, assigned bus number 1
[    1.770930] tegra-ehci c5008000.usb: irq 290, io mem 0xc5008000
[    1.781971] tegra-ehci c5008000.usb: USB 2.0 started, EHCI 1.00
[    1.788508] hub 1-0:1.0: USB hub found
[    1.792293] hub 1-0:1.0: 1 port detected
[    1.796495] ohci_hcd: USB 1.1 'Open' Host Controller (OHCI) Driver
[    1.802687] ohci-pci: OHCI PCI platform driver
[    1.807176] ohci-platform: OHCI generic platform driver
[    1.812565] ohci-omap3: OHCI OMAP3 driver
[    1.816678] SPEAr-ohci: OHCI SPEAr driver
[    1.820798] ohci-st: OHCI STMicroelectronics driver
[    1.825782] ohci-atmel: OHCI Atmel driver
[    1.830393] usbcore: registered new interface driver usb-storage
[    1.837661] mousedev: PS/2 mouse device common for all mice
[    1.844996] rtc-em3027 2-0056: rtc core: registered rtc-em3027 as rtc0
[    1.852717] tegra_rtc 7000e000.rtc: rtc core: registered 7000e000.rtc as rtc1
[    1.859881] tegra_rtc 7000e000.rtc: Tegra internal Real Time Clock
[    1.866477] i2c /dev entries driver
[    1.879114] sdhci: Secure Digital Host Controller Interface driver
[    1.885308] sdhci: Copyright(c) Pierre Ossman
[    1.890853] Synopsys Designware Multimedia Card Interface Driver
[    1.897732] sdhci-pltfm: SDHCI platform and OF driver helper
[    1.904248] mmc0: Invalid maximum block size, assuming 512 bytes
[    1.936973] mmc0: SDHCI controller on c8000000.sdhci [c8000000.sdhci] using ADMA
[    1.944474] sdhci-tegra c8000600.sdhci: Got CD GPIO
[    1.949366] sdhci-tegra c8000600.sdhci: Got WP GPIO
[    1.954367] mmc1: Invalid maximum block size, assuming 512 bytes
[    1.987040] mmc1: SDHCI controller on c8000600.sdhci [c8000600.sdhci] using ADMA
[    1.995642] ledtrig-cpu: registered to indicate activity on CPUs
[    2.001922] usbcore: registered new interface driver usbhid
[    2.007499] usbhid: USB HID core driver
[    2.015723] NET: Registered protocol family 10
[    2.020885] sit: IPv6 over IPv4 tunneling driver
[    2.025991] NET: Registered protocol family 17
[    2.030452] can: controller area network core (rev 20120528 abi 9)
[    2.036674] NET: Registered protocol family 29
[    2.041120] can: raw protocol (rev 20120528)
[    2.045388] can: broadcast manager protocol (rev 20120528 t)
[    2.051048] can: netlink gateway (rev 20130117) max_hops=1
[    2.056861] Key type dns_resolver registered
[    2.061487] ThumbEE CPU extension supported.
[    2.065769] Registering SWP/SWPB emulation handler
[    2.076477] utmi_phy_clk_enable: timeout waiting for phy to stabilize
[    2.082978] tegra-ehci c5000000.usb: EHCI Host Controller
[    2.088396] tegra-ehci c5000000.usb: new USB bus registered, assigned bus number 2
[    2.097294] tegra-ehci c5000000.usb: irq 288, io mem 0xc5000000
[    2.111980] usb 1-1: new high-speed USB device number 2 using tegra-ehci
[    2.121988] tegra-ehci c5000000.usb: USB 2.0 started, EHCI 1.00
[    2.128613] hub 2-0:1.0: USB hub found
[    2.132425] hub 2-0:1.0: 1 port detected
[    2.137346] input: gpio-keys as /devices/soc0/gpio-keys/input/input0
[    2.144254] rtc-em3027 2-0056: hctosys: unable to read the hardware clock
[    2.154827] Waiting for root device PARTUUID=11eb23c1-01...
[    2.164093] mmc0: host does not support reading read-only switch, assuming write-enable
[    2.173912] mmc0: new high speed SDHC card at address b368
[    2.179820] mmcblk0: mmc0:b368 NCard 3.70 GiB 
[    2.186828]  mmcblk0: p1
[    2.192981] mmc1: new high speed SD card at address b368
[    2.198694] mmcblk1: mmc1:b368 NCard 1.83 GiB (ro)
[    2.205879]  mmcblk1: p1 p2
[    2.253087] hub 1-1:1.0: USB hub found
[    2.256961] hub 1-1:1.0: 4 ports detected
[    2.367662] EXT4-fs (mmcblk0p1): mounting ext3 file system using the ext4 subsystem
[    2.454833] EXT4-fs (mmcblk0p1): recovery complete
[    2.459646] EXT4-fs (mmcblk0p1): mounted filesystem with ordered data mode. Opts: (null)
[    2.467772] VFS: Mounted root (ext3 filesystem) on device 179:1.
[    2.477215] devtmpfs: mounted
[    2.482116] Freeing unused kernel memory: 2048K (c1100000 - c1300000)
[    2.542045] usb 1-1.2: new high-speed USB device number 3 using tegra-ehci
bash: cannot set terminal process group (-1): Inappropriate ioctl for device
bash: no job control in this shell
root@(none):/# mount -t sysfs none /sys
root@(none):/# 
root@(none):/# mount -t debugfs none /sys/kernel/debug
root@(none):/# 
root@(none):/# rtcwake -d rtc1 -m mem -s 3
rtcwake: assuming RTC uses UTC ...
rtcwake: wakeup from "mem" using /dev/rtc1 at Thu Jan  1 00:00:23 1970
[    7.938583] PM: Syncing filesystems ... done.
[    7.985014] Freezing user space processes ... (elapsed 0.001 seconds) done.
[    7.993577] Freezing remaining freezable tasks ... (elapsed 0.001 seconds) done.
[    8.002597] Suspending console(s) (use no_console_suspend to debug)
[    8.039749] PM: suspend of devices complete after 28.985 msecs
[    8.043753] PM: late suspend of devices complete after 3.973 msecs
[    8.062607] PM: noirq suspend of devices complete after 18.821 msecs
[    8.062618] Disabling non-boot CPUs ...
[    8.064423] CPU1: shutdown
[    8.090151] Entering suspend state LP1
[    8.090202] Enabling non-boot CPUs ...
[    8.116256] CPU1 is up
[    8.117109] pcieport 0000:00:01.0: nv_msi_ht_cap_quirk didn't locate host bridge
[    8.132233] PM: noirq resume of devices complete after 15.943 msecs
[    8.135889] PM: early resume of devices complete after 2.940 msecs
[    8.200261] PM: resume of devices complete after 64.338 msecs
[    8.264365] Restarting tasks ... done.
root@(none):/# 
root@(none):/# rtcwake -d rtc1 -m mem -s 3
rtcwake: assuming RTC uses UTC ...
rtcwake: wakeup from "mem" using /dev/rtc1 at Thu Jan  1 00:00:27 1970
[    8.813696] PM: Syncing filesystems ... done.
[    8.854797] Freezing user space processes ... (elapsed 0.001 seconds) done.
[    8.863404] Freezing remaining freezable tasks ... (elapsed 0.001 seconds) done.
[    8.872524] Suspending console(s) (use no_console_suspend to debug)
[    8.909636] PM: suspend of devices complete after 28.257 msecs
[    8.913668] PM: late suspend of devices complete after 3.998 msecs
[    8.932569] PM: noirq suspend of devices complete after 18.869 msecs
[    8.932581] Disabling non-boot CPUs ...
[    8.934371] CPU1: shutdown
[    8.950114] Entering suspend state LP1
[    8.950163] Enabling non-boot CPUs ...
[    8.976184] CPU1 is up
[    8.978826] pcieport 0000:00:01.0: nv_msi_ht_cap_quirk didn't locate host bridge
[    8.992164] PM: noirq resume of devices complete after 15.947 msecs
[    8.995918] PM: early resume of devices complete after 3.033 msecs
[    9.060392] PM: resume of devices complete after 64.439 msecs
[    9.124504] Restarting tasks ... done.
root@(none):/# 
root@(none):/# rtcwake -d rtc1 -m mem -s 3
rtcwake: assuming RTC uses UTC ...
rtcwake: wakeup from "mem" using /dev/rtc1 at Thu Jan  1 00:00:31 1970
[    9.676744] PM: Syncing filesystems ... done.
[    9.709624] Freezing user space processes ... (elapsed 0.001 seconds) done.
[    9.718045] Freezing remaining freezable tasks ... (elapsed 0.001 seconds) done.
[    9.726945] Suspending console(s) (use no_console_suspend to debug)
[    9.763451] PM: suspend of devices complete after 28.393 msecs
[    9.767592] PM: late suspend of devices complete after 4.108 msecs
[    9.782481] PM: noirq suspend of devices complete after 14.857 msecs
[    9.782493] Disabling non-boot CPUs ...
[    9.784255] CPU1: shutdown
[    9.805029] Entering suspend state LP1
[    9.805078] Enabling non-boot CPUs ...
[    9.831110] CPU1 is up
[    9.833730] pcieport 0000:00:01.0: nv_msi_ht_cap_quirk didn't locate host bridge
[    9.847070] PM: noirq resume of devices complete after 15.927 msecs
[    9.850956] PM: early resume of devices complete after 3.160 msecs
[    9.920486] PM: resume of devices complete after 69.496 msecs
[    9.984526] Restarting tasks ... done.
root@(none):/# 
root@(none):/# rtcwake -d rtc1 -m mem -s 3
rtcwake: assuming RTC uses UTC ...
rtcwake: wakeup from "mem" using /dev/rtc1 at Thu Jan  1 00:00:35 1970
[   10.531484] PM: Syncing filesystems ... done.
[   10.564278] Freezing user space processes ... (elapsed 0.001 seconds) done.
[   10.572699] Freezing remaining freezable tasks ... (elapsed 0.001 seconds) done.
[   10.581557] Suspending console(s) (use no_console_suspend to debug)
[   10.609382] PM: suspend of devices complete after 19.697 msecs
[   10.613115] PM: late suspend of devices complete after 3.700 msecs
[   10.627407] PM: noirq suspend of devices complete after 14.259 msecs
[   10.627419] Disabling non-boot CPUs ...
[   10.629193] CPU1: shutdown
[   10.654989] Entering suspend state LP1
[   10.655038] Enabling non-boot CPUs ...
[   10.681082] CPU1 is up
[   10.682353] pcieport 0000:00:01.0: nv_msi_ht_cap_quirk didn't locate host bridge
[   10.697042] PM: noirq resume of devices complete after 15.926 msecs
[   10.700816] PM: early resume of devices complete after 3.055 msecs
[   10.765231] PM: resume of devices complete after 64.381 msecs
[   10.829322] Restarting tasks ... done.
root@(none):/# 
root@(none):/# rtcwake -d rtc1 -m mem -s 3
rtcwake: assuming RTC uses UTC ...
rtcwake: wakeup from "mem" using /dev/rtc1 at Thu Jan  1 00:00:39 1970
[   11.378471] PM: Syncing filesystems ... done.
[   11.402342] Freezing user space processes ... (elapsed 0.001 seconds) done.
[   11.410664] Freezing remaining freezable tasks ... (elapsed 0.001 seconds) done.
[   11.419570] Suspending console(s) (use no_console_suspend to debug)
[   11.453768] PM: suspend of devices complete after 26.052 msecs
[   11.457380] PM: late suspend of devices complete after 3.580 msecs
[   11.472334] PM: noirq suspend of devices complete after 14.921 msecs
[   11.472346] Disabling non-boot CPUs ...
[   11.474120] CPU1: shutdown
[   11.499933] Entering suspend state LP1
[   11.499984] Enabling non-boot CPUs ...
[   11.526082] CPU1 is up
[   11.527359] pcieport 0000:00:01.0: nv_msi_ht_cap_quirk didn't locate host bridge
[   11.542022] PM: noirq resume of devices complete after 15.906 msecs
[   11.545763] PM: early resume of devices complete after 3.028 msecs
[   11.610063] PM: resume of devices complete after 64.269 msecs
[   11.674133] Restarting tasks ... done.
root@(none):/# 
root@(none):/# rtcwake -d rtc1 -m mem -s 3
rtcwake: assuming RTC uses UTC ...
rtcwake: wakeup from "mem" using /dev/rtc1 at Thu Jan  1 00:00:43 1970
[   12.226270] PM: Syncing filesystems ... done.
[   12.259070] Freezing user space processes ... (elapsed 0.001 seconds) done.
[   12.267503] Freezing remaining freezable tasks ... (elapsed 0.001 seconds) done.
[   12.276366] Suspending console(s) (use no_console_suspend to debug)
[   12.314093] PM: suspend of devices complete after 29.601 msecs
[   12.317708] PM: late suspend of devices complete after 3.583 msecs
[   12.332277] PM: noirq suspend of devices complete after 14.538 msecs
[   12.332288] Disabling non-boot CPUs ...
[   12.334142] CPU1: shutdown
[   12.359835] Entering suspend state LP1
[   12.359885] Enabling non-boot CPUs ...
[   12.385906] CPU1 is up
[   12.387173] pcieport 0000:00:01.0: nv_msi_ht_cap_quirk didn't locate host bridge
[   12.401952] PM: noirq resume of devices complete after 16.013 msecs
[   12.405706] PM: early resume of devices complete after 3.043 msecs
[   12.474881] PM: resume of devices complete after 69.141 msecs
[   12.539013] Restarting tasks ... done.
root@(none):/# 
root@(none):/# rtcwake -d rtc1 -m mem -s 3
rtcwake: assuming RTC uses UTC ...
rtcwake: wakeup from "mem" using /dev/rtc1 at Thu Jan  1 00:00:47 1970
[   13.086157] PM: Syncing filesystems ... done.
[   13.118969] Freezing user space processes ... (elapsed 0.001 seconds) done.
[   13.127391] Freezing remaining freezable tasks ... (elapsed 0.001 seconds) done.
[   13.136252] Suspending console(s) (use no_console_suspend to debug)
[   13.168328] PM: suspend of devices complete after 23.951 msecs
[   13.172078] PM: late suspend of devices complete after 3.718 msecs
[   13.187215] PM: noirq suspend of devices complete after 15.105 msecs
[   13.187227] Disabling non-boot CPUs ...
[   13.189137] CPU1: shutdown
[   13.214769] Entering suspend state LP1
[   13.214819] Enabling non-boot CPUs ...
[   13.235846] CPU1 is up
[   13.236969] pcieport 0000:00:01.0: nv_msi_ht_cap_quirk didn't locate host bridge
[   13.251858] PM: noirq resume of devices complete after 15.977 msecs
[   13.255573] PM: early resume of devices complete after 3.010 msecs
[   13.319926] PM: resume of devices complete after 64.319 msecs
[   13.384166] Restarting tasks ... done.
root@(none):/# 
root@(none):/# rtcwake -d rtc1 -m mem -s 3
rtcwake: assuming RTC uses UTC ...
rtcwake: wakeup from "mem" using /dev/rtc1 at Thu Jan  1 00:00:51 1970
[   13.950133] PM: Syncing filesystems ... done.
[   13.995565] Freezing user space processes ... (elapsed 0.001 seconds) done.
[   14.004101] Freezing remaining freezable tasks ... (elapsed 0.001 seconds) done.
[   14.013010] Suspending console(s) (use no_console_suspend to debug)
[   14.048459] PM: suspend of devices complete after 27.335 msecs
[   14.052256] PM: late suspend of devices complete after 3.764 msecs
[   14.067125] PM: noirq suspend of devices complete after 14.837 msecs
[   14.067137] Disabling non-boot CPUs ...
[   14.069011] CPU1: shutdown
[   14.094698] Entering suspend state LP1
[   14.094749] Enabling non-boot CPUs ...
[   14.120807] CPU1 is up
[   14.121654] pcieport 0000:00:01.0: nv_msi_ht_cap_quirk didn't locate host bridge
[   14.136775] PM: noirq resume of devices complete after 15.934 msecs
[   14.140514] PM: early resume of devices complete after 3.016 msecs
[   14.204884] PM: resume of devices complete after 64.337 msecs
[   14.268967] Restarting tasks ... done.
root@(none):/# 
root@(none):/# rtcwake -d rtc1 -m mem -s 3
rtcwake: assuming RTC uses UTC ...
rtcwake: wakeup from "mem" using /dev/rtc1 at Thu Jan  1 00:00:55 1970
[   14.818209] PM: Syncing filesystems ... done.
[   14.863635] Freezing user space processes ... (elapsed 0.001 seconds) done.
[   14.872258] Freezing remaining freezable tasks ... (elapsed 0.001 seconds) done.
[   14.881330] Suspending console(s) (use no_console_suspend to debug)
[   14.918657] PM: suspend of devices complete after 28.444 msecs
[   14.922260] PM: late suspend of devices complete after 3.571 msecs
[   14.937113] PM: noirq suspend of devices complete after 14.822 msecs
[   14.937124] Disabling non-boot CPUs ...
[   14.938978] CPU1: shutdown
[   14.964638] Entering suspend state LP1
[   14.964688] Enabling non-boot CPUs ...
[   14.990754] CPU1 is up
[   14.991829] pcieport 0000:00:01.0: nv_msi_ht_cap_quirk didn't locate host bridge
[   15.006727] PM: noirq resume of devices complete after 15.939 msecs
[   15.010444] PM: early resume of devices complete after 3.007 msecs
[   15.074918] PM: resume of devices complete after 64.440 msecs
[   15.139154] Restarting tasks ... done.
root@(none):/# 
root@(none):/# rtcwake -d rtc1 -m mem -s 3
rtcwake: assuming RTC uses UTC ...
rtcwake: wakeup from "mem" using /dev/rtc1 at Thu Jan  1 00:00:59 1970
[   15.700029] PM: Syncing filesystems ... done.
[   15.745460] Freezing user space processes ... (elapsed 0.001 seconds) done.
[   15.754086] Freezing remaining freezable tasks ... (elapsed 0.001 seconds) done.
[   15.763213] Suspending console(s) (use no_console_suspend to debug)
[   15.797944] PM: suspend of devices complete after 25.820 msecs
[   15.801705] PM: late suspend of devices complete after 3.728 msecs
[   15.816997] PM: noirq suspend of devices complete after 15.260 msecs
[   15.817008] Disabling non-boot CPUs ...
[   15.818858] CPU1: shutdown
[   15.844585] Entering suspend state LP1
[   15.844635] Enabling non-boot CPUs ...
[   15.870674] CPU1 is up
[   15.872153] pcieport 0000:00:01.0: nv_msi_ht_cap_quirk didn't locate host bridge
[   15.886668] PM: noirq resume of devices complete after 15.959 msecs
[   15.890390] PM: early resume of devices complete after 3.006 msecs
[   15.954829] PM: resume of devices complete after 64.405 msecs
[   16.019136] Restarting tasks ... done.
root@(none):/# 
root@(none):/# NVTB SYSTEM SUSPEND TEST COMPLETE
