
U-Boot SPL 2014.01-00219-gc4d376f (Feb 18 2014 - 19:57:18)


U-Boot 2014.01-00219-gc4d376f (Feb 18 2014 - 19:57:18)

TEGRA30
Board: NVIDIA Beaver
I2C:   ready
DRAM:  2 GiB
MMC:   Tegra SD/MMC: 0, Tegra SD/MMC: 1
In:    serial
Out:   serial
Err:   serial
Net:   Net Initialization Skipped
No ethernet found.
Hit any key to stop autoboot:  2  0 
Tegra30 (Beaver) # 
Tegra30 (Beaver) # usb reset
(Re)start USB...
USB0:   USB EHCI 1.00
scanning bus 0 for devices... 2 USB Device(s) found
       scanning usb for storage devices... 0 Storage Device(s) found
       scanning usb for ethernet devices... 
Warning: asx0 using MAC address from net device
1 Ethernet Device(s) found
Tegra30 (Beaver) # setenv bootargs 'ignore_loglevel console=ttyS0,115200n8 rw root=PARTUUID=edbe1840-3633-c751-7993-b0ac834f81e0 rootwait gpt debug noinitrd earlyprintk init=/bin/bash'
Tegra30 (Beaver) # setenv ipaddr 192.168.100.101; setenv serverip 192.168.100.1; setenv tftpserverip 192.168.100.1
Tegra30 (Beaver) # tftpboot 0x81000000 zImage.multi_v7_defconfig
Using asx0 device
TFTP from server 192.168.100.1; our IP address is 192.168.100.101
Filename 'zImage.multi_v7_defconfig'.
Load address: 0x81000000
Loading: *#################################################################
	 #################################################################
	 #################################################################
	 #################################################################
	 #################################################################
	 #################################################################
	 #################################################################
	 #################################################################
	 ####################
	 3.2 MiB/s
done
Bytes transferred = 7915464 (78c7c8 hex)
Tegra30 (Beaver) # tftpboot 0x82000000 tegra30-beaver.dtb
Using asx0 device
TFTP from server 192.168.100.1; our IP address is 192.168.100.101
Filename 'tegra30-beaver.dtb'.
Load address: 0x82000000
Loading: *####
	 2.9 MiB/s
done
Bytes transferred = 51804 (ca5c hex)
Tegra30 (Beaver) # bootz 0x81000000 - 0x82000000
Kernel image @ 0x81000000 [ 0x000000 - 0x78c7c8 ]
## Flattened Device Tree blob at 82000000
   Booting using the fdt blob at 0x82000000
   Loading Device Tree to 8fff0000, end 8ffffa5b ... OK

Starting kernel ...

[    0.000000] Booting Linux on physical CPU 0x0
[    0.000000] Linux version 4.12.0-rc1-170893-ge99b6f1 (jonathanh@sellafield) (gcc version 4.7.3 20130328 (prerelease) (crosstool-NG linaro-1.13.1-4.7-2013.04-20130415 - Linaro GCC 2013.04) ) #1 SMP Tue May 30 03:52:36 PDT 2017
[    0.000000] CPU: ARMv7 Processor [412fc099] revision 9 (ARMv7), cr=10c5387d
[    0.000000] CPU: PIPT / VIPT nonaliasing data cache, VIPT aliasing instruction cache
[    0.000000] OF: fdt: Machine model: NVIDIA Tegra30 Beaver evaluation board
[    0.000000] debug: ignoring loglevel setting.
[    0.000000] Memory policy: Data cache writealloc
[    0.000000] efi: Getting EFI parameters from FDT:
[    0.000000] efi: UEFI not found.
[    0.000000] cma: Reserved 64 MiB at 0xfb800000
[    0.000000] On node 0 totalpages: 524032
[    0.000000] free_area_init_node: node 0, pgdat c157fd40, node_mem_map eeff8000
[    0.000000]   DMA zone: 1536 pages used for memmap
[    0.000000]   DMA zone: 0 pages reserved
[    0.000000]   DMA zone: 196608 pages, LIFO batch:31
[    0.000000]   HighMem zone: 327424 pages, LIFO batch:31
[    0.000000] percpu: Embedded 17 pages/cpu @eef88000 s39168 r8192 d22272 u69632
[    0.000000] pcpu-alloc: s39168 r8192 d22272 u69632 alloc=17*4096
[    0.000000] pcpu-alloc: [0] 0 [0] 1 [0] 2 [0] 3 
[    0.000000] Built 1 zonelists in Zone order, mobility grouping on.  Total pages: 522496
[    0.000000] Kernel command line: ignore_loglevel console=ttyS0,115200n8 rw root=PARTUUID=edbe1840-3633-c751-7993-b0ac834f81e0 rootwait gpt debug noinitrd earlyprintk init=/bin/bash
[    0.000000] PID hash table entries: 4096 (order: 2, 16384 bytes)
[    0.000000] Dentry cache hash table entries: 131072 (order: 7, 524288 bytes)
[    0.000000] Inode-cache hash table entries: 65536 (order: 6, 262144 bytes)
[    0.000000] Memory: 1993460K/2096128K available (10240K kernel code, 1566K rwdata, 4388K rodata, 2048K init, 409K bss, 37132K reserved, 65536K cma-reserved, 1244160K highmem)
[    0.000000] Virtual kernel memory layout:
[    0.000000]     vector  : 0xffff0000 - 0xffff1000   (   4 kB)
[    0.000000]     fixmap  : 0xffc00000 - 0xfff00000   (3072 kB)
[    0.000000]     vmalloc : 0xf0800000 - 0xff800000   ( 240 MB)
[    0.000000]     lowmem  : 0xc0000000 - 0xf0000000   ( 768 MB)
[    0.000000]     pkmap   : 0xbfe00000 - 0xc0000000   (   2 MB)
[    0.000000]     modules : 0xbf000000 - 0xbfe00000   (  14 MB)
[    0.000000]       .text : 0xc0208000 - 0xc0d00000   (11232 kB)
[    0.000000]       .init : 0xc1200000 - 0xc1400000   (2048 kB)
[    0.000000]       .data : 0xc1400000 - 0xc15879b0   (1567 kB)
[    0.000000]        .bss : 0xc1590d04 - 0xc15f74d8   ( 410 kB)
[    0.000000] SLUB: HWalign=64, Order=0-3, MinObjects=0, CPUs=4, Nodes=1
[    0.000000] Hierarchical RCU implementation.
[    0.000000] 	RCU debugfs-based tracing is enabled.
[    0.000000] 	RCU restricting CPUs from NR_CPUS=16 to nr_cpu_ids=4.
[    0.000000] RCU: Adjusting geometry for rcu_fanout_leaf=16, nr_cpu_ids=4
[    0.000000] NR_IRQS:16 nr_irqs:16 16
[    0.000000] /interrupt-controller@60004000: 160 interrupts forwarded to /interrupt-controller@50041000
[    0.000000] L2C: platform modifies aux control register: 0x02080000 -> 0x3e480001
[    0.000000] L2C: DT/platform modifies aux control register: 0x02080000 -> 0x3e480001
[    0.000000] L2C-310 erratum 769419 enabled
[    0.000000] L2C-310 enabling early BRESP for Cortex-A9
[    0.000000] L2C-310: enabling full line of zeros but not enabled in Cortex-A9
[    0.000000] L2C-310 dynamic clock gating enabled, standby mode enabled
[    0.000000] L2C-310 cache controller enabled, 8 ways, 1024 kB
[    0.000000] L2C-310: CACHE_ID 0x410000c7, AUX_CTRL 0x4e480001
[    0.000013] sched_clock: 32 bits at 1000kHz, resolution 1000ns, wraps every 2147483647500ns
[    0.000031] clocksource: timer_us: mask: 0xffffffff max_cycles: 0xffffffff, max_idle_ns: 1911260446275 ns
[    0.000040] Switching to timer-based delay loop, resolution 1000ns
[    0.002867] Console: colour dummy device 80x30
[    0.002898] Calibrating delay loop (skipped), value calculated using timer frequency.. 2.00 BogoMIPS (lpj=10000)
[    0.002908] pid_max: default: 32768 minimum: 301
[    0.002976] Mount-cache hash table entries: 2048 (order: 1, 8192 bytes)
[    0.002983] Mountpoint-cache hash table entries: 2048 (order: 1, 8192 bytes)
[    0.003379] CPU: Testing write buffer coherency: ok
[    0.003697] CPU0: thread -1, cpu 0, socket 0, mpidr 80000000
[    0.003913] Setting up static identity map for 0x80300000 - 0x803000a0
[    0.006499] Tegra Revision: A03 SKU: 128 CPU Process: 4 SoC Process: 0
[    0.007056] EFI services will not be available.
[    0.007215] smp: Bringing up secondary CPUs ...
[    0.010383] CPU1: thread -1, cpu 1, socket 0, mpidr 80000001
[    0.020340] CPU2: thread -1, cpu 2, socket 0, mpidr 80000002
[    0.030337] CPU3: thread -1, cpu 3, socket 0, mpidr 80000003
[    0.030382] smp: Brought up 1 node, 4 CPUs
[    0.030394] SMP: Total of 4 processors activated (8.00 BogoMIPS).
[    0.030400] CPU: All CPU(s) started in SVC mode.
[    0.031087] devtmpfs: initialized
[    0.039407] VFP support v0.3: implementor 41 architecture 3 part 30 variant 9 rev 4
[    0.039836] clocksource: jiffies: mask: 0xffffffff max_cycles: 0xffffffff, max_idle_ns: 19112604462750000 ns
[    0.039856] futex hash table entries: 1024 (order: 4, 65536 bytes)
[    0.043273] pinctrl core: initialized pinctrl subsystem
[    0.044980] NET: Registered protocol family 16
[    0.047842] DMA: preallocated 256 KiB pool for atomic coherent allocations
[    0.049528] cpuidle: using governor menu
[    0.063494] No ATAGs?
[    0.063597] hw-breakpoint: found 5 (+1 reserved) breakpoint and 1 watchpoint registers.
[    0.063609] hw-breakpoint: maximum watchpoint size is 4 bytes.
[    0.067916] Serial: AMBA PL011 UART driver
[    0.068388] tegra-mc 7000f000.memory-controller: no memory timings for RAM code 3 registered
[    0.077434] AT91: Could not find identification node
[    0.077908] vdd_5v_sata: Failed to request enable GPIO30: -517
[    0.077922] reg-fixed-voltage regulators:regulator@3: Failed to register regulator: -517
[    0.077970] usb1_vbus: Failed to request enable GPIO238: -517
[    0.077978] reg-fixed-voltage regulators:regulator@4: Failed to register regulator: -517
[    0.078023] usb3_vbus: Failed to request enable GPIO236: -517
[    0.078030] reg-fixed-voltage regulators:regulator@5: Failed to register regulator: -517
[    0.078126] sys_3v3_pexs: Failed to request enable GPIO95: -517
[    0.078133] reg-fixed-voltage regulators:regulator@7: Failed to register regulator: -517
[    0.079889] vgaarb: loaded
[    0.080379] SCSI subsystem initialized
[    0.080515] libata version 3.00 loaded.
[    0.080665] usbcore: registered new interface driver usbfs
[    0.080702] usbcore: registered new interface driver hub
[    0.080735] usbcore: registered new device driver usb
[    0.087756] vrtc: supplied by vdd_5v_in
[    0.091074] vio: supplied by vdd_5v_in
[    0.101826] vdd1: supplied by vdd_5v_in
[    0.103184] vddio_ddr_1v2: Bringing 600000uV into 1200000-1200000uV
[    0.111837] vdd2: supplied by vdd_5v_in
[    0.131827] ldo1: supplied by vdd_1v5_gen
[    0.134213] ldo2: supplied by vdd_1v5_gen
[    0.134684] vdd_sata,avdd_plle: Bringing 1200000uV into 1050000-1050000uV
[    0.136916] ldo3: supplied by vdd_5v_in
[    0.139274] ldo4: supplied by vdd_5v_in
[    0.141833] ldo5: supplied by vdd_5v_in
[    0.151823] ldo6: supplied by vdd_1v8_gen
[    0.152293] avdd_dsi_csi,pwrdet_mipi: Bringing 1000000uV into 1200000-1200000uV
[    0.154549] ldo7: supplied by vdd_1v8_gen
[    0.161823] ldo8: supplied by vdd_1v8_gen
[    0.171920] pps_core: LinuxPPS API ver. 1 registered
[    0.171926] pps_core: Software ver. 5.3.6 - Copyright 2005-2007 Rodolfo Giometti <giometti@linux.it>
[    0.171940] PTP clock support registered
[    0.172073] EDAC MC: Ver: 3.0.0
[    0.173578] clocksource: Switched to clocksource timer_us
[    0.206879] NET: Registered protocol family 2
[    0.207305] TCP established hash table entries: 8192 (order: 3, 32768 bytes)
[    0.207361] TCP bind hash table entries: 8192 (order: 4, 65536 bytes)
[    0.207443] TCP: Hash tables configured (established 8192 bind 8192)
[    0.207591] UDP hash table entries: 512 (order: 2, 16384 bytes)
[    0.207660] UDP-Lite hash table entries: 512 (order: 2, 16384 bytes)
[    0.207830] NET: Registered protocol family 1
[    0.208152] RPC: Registered named UNIX socket transport module.
[    0.208160] RPC: Registered udp transport module.
[    0.208165] RPC: Registered tcp transport module.
[    0.208168] RPC: Registered tcp NFSv4.1 backchannel transport module.
[    0.208179] PCI: CLS 0 bytes, default 64
[    0.209015] hw perfevents: no interrupt-affinity property for /pmu, guessing.
[    0.209221] hw perfevents: enabled with armv7_cortex_a9 PMU driver, 7 counters available
[    0.210454] workingset: timestamp_bits=30 max_order=19 bucket_order=0
[    0.215255] squashfs: version 4.0 (2009/01/31) Phillip Lougher
[    0.215679] NFS: Registering the id_resolver key type
[    0.215706] Key type id_resolver registered
[    0.215710] Key type id_legacy registered
[    0.215744] ntfs: driver 2.1.32 [Flags: R/O].
[    0.216858] bounce: pool size: 64 pages
[    0.216897] Block layer SCSI generic (bsg) driver version 0.4 loaded (major 248)
[    0.216905] io scheduler noop registered
[    0.216910] io scheduler deadline registered
[    0.216932] io scheduler cfq registered (default)
[    0.216937] io scheduler mq-deadline registered
[    0.216942] io scheduler kyber registered
[    0.223112] tegra30-pinctrl 70000868.pinmux: invalid group "sdmmc3_dat6_pd3" for function "rsvd1"
[    0.223127] tegra30-pinctrl 70000868.pinmux: invalid group "sdmmc3_dat7_pd4" for function "rsvd1"
[    0.223140] tegra30-pinctrl 70000868.pinmux: invalid group "vi_vsync_pd6" for function "rsvd1"
[    0.223149] tegra30-pinctrl 70000868.pinmux: invalid group "vi_hsync_pd7" for function "rsvd1"
[    0.223638] tegra30-pinctrl 70000868.pinmux: invalid group "hdmi_int_pn7" for function "rsvd1"
[    0.223682] tegra30-pinctrl 70000868.pinmux: invalid group "ulpi_data3_po4" for function "rsvd1"
[    0.224013] tegra30-pinctrl 70000868.pinmux: invalid group "vi_d10_pt2" for function "rsvd1"
[    0.224026] tegra30-pinctrl 70000868.pinmux: invalid group "vi_d11_pt3" for function "rsvd1"
[    0.224038] tegra30-pinctrl 70000868.pinmux: invalid group "vi_d0_pt4" for function "rsvd1"
[    0.224091] tegra30-pinctrl 70000868.pinmux: invalid group "pu0" for function "rsvd1"
[    0.224122] tegra30-pinctrl 70000868.pinmux: invalid group "pu3" for function "rsvd1"
[    0.224152] tegra30-pinctrl 70000868.pinmux: invalid group "pu6" for function "rsvd1"
[    0.224193] tegra30-pinctrl 70000868.pinmux: invalid group "pv3" for function "rsvd1"
[    0.224681] tegra30-pinctrl 70000868.pinmux: invalid group "pbb0" for function "rsvd1"
[    0.224796] tegra30-pinctrl 70000868.pinmux: invalid group "pcc1" for function "rsvd1"
[    0.229877] tegra-pcie 3000.pcie-controller: 2x3 configuration
[    0.230026] tegra-pcie 3000.pcie-controller: Failed to get supply 'hvdd-pex': -517
[    0.233732] tegra_dma_runtime_resume-1507
[    0.235477] tegra-apbdma 6000a000.dma: Tegra20 APB DMA driver register 32 channels
[    0.237029] tegra-pmc 7000e400.pmc: i2c-thermtrip node not found, emergency thermal reset disabled.
[    0.268805] Serial: 8250/16550 driver, 4 ports, IRQ sharing disabled
[    0.270799] console [ttyS0] disabled
[    0.270837] 70006000.serial: ttyS0 at MMIO 0x70006000 (irq = 331, base_baud = 25500000) is a Tegra
[    1.295134] console [ttyS0] enabled
[    1.299145] SuperH (H)SCI(F) driver initialized
[    1.304247] msm_serial: driver initialized
[    1.308438] STMicroelectronics ASC driver initialized
[    1.316909] tegra-hdmi 54280000.hdmi: failed to get HDMI regulator
[    1.331500] brd: module loaded
[    1.340370] loop: module loaded
[    1.348053] spi-tegra-slink 7000da00.spi: Dma channel is not available: -19
[    1.356207] libphy: Fixed MDIO Bus: probed
[    1.360950] CAN device driver interface
[    1.365405] bgmac_bcma: Broadcom 47xx GBit MAC driver loaded
[    1.371782] e1000e: Intel(R) PRO/1000 Network Driver - 3.2.6-k
[    1.377614] e1000e: Copyright(c) 1999 - 2015 Intel Corporation.
[    1.383557] igb: Intel(R) Gigabit Ethernet Network Driver - version 5.4.0-k
[    1.390510] igb: Copyright (c) 2007-2014 Intel Corporation.
[    1.398054] pegasus: v0.9.3 (2013/04/25), Pegasus/Pegasus II USB Ethernet driver
[    1.405501] usbcore: registered new interface driver pegasus
[    1.411175] usbcore: registered new interface driver asix
[    1.416593] usbcore: registered new interface driver ax88179_178a
[    1.422696] usbcore: registered new interface driver cdc_ether
[    1.428556] usbcore: registered new interface driver smsc75xx
[    1.434329] usbcore: registered new interface driver smsc95xx
[    1.440081] usbcore: registered new interface driver net1080
[    1.445756] usbcore: registered new interface driver cdc_subset
[    1.451680] usbcore: registered new interface driver zaurus
[    1.457287] usbcore: registered new interface driver cdc_ncm
[    1.464378] ehci_hcd: USB 2.0 'Enhanced' Host Controller (EHCI) Driver
[    1.470890] ehci-pci: EHCI PCI platform driver
[    1.475360] ehci-platform: EHCI generic platform driver
[    1.480688] ehci-orion: EHCI orion driver
[    1.484784] SPEAr-ehci: EHCI SPEAr driver
[    1.488856] ehci-st: EHCI STMicroelectronics driver
[    1.493806] ehci-exynos: EHCI EXYNOS driver
[    1.498061] ehci-atmel: EHCI Atmel driver
[    1.502130] tegra-ehci: Tegra EHCI driver
[    1.506438] ohci_hcd: USB 1.1 'Open' Host Controller (OHCI) Driver
[    1.512617] ohci-pci: OHCI PCI platform driver
[    1.517089] ohci-platform: OHCI generic platform driver
[    1.522397] ohci-omap3: OHCI OMAP3 driver
[    1.526481] SPEAr-ohci: OHCI SPEAr driver
[    1.530551] ohci-st: OHCI STMicroelectronics driver
[    1.535506] ohci-atmel: OHCI Atmel driver
[    1.539921] usbcore: registered new interface driver usb-storage
[    1.548392] tegra_rtc 7000e000.rtc: rtc core: registered 7000e000.rtc as rtc1
[    1.555563] tegra_rtc 7000e000.rtc: Tegra internal Real Time Clock
[    1.564802] random: fast init done
[    1.577539] tps65910-rtc tps65910-rtc: rtc core: registered tps65910-rtc as rtc0
[    1.585121] i2c /dev entries driver
[    1.596516] sdhci: Secure Digital Host Controller Interface driver
[    1.602684] sdhci: Copyright(c) Pierre Ossman
[    1.607939] Synopsys Designware Multimedia Card Interface Driver
[    1.614657] sdhci-pltfm: SDHCI platform and OF driver helper
[    1.620816] sdhci-tegra 78000000.sdhci: Got CD GPIO
[    1.625709] sdhci-tegra 78000000.sdhci: Got WP GPIO
[    1.638959] mmc0: Invalid maximum block size, assuming 512 bytes
[    1.703666] mmc0: SDHCI controller on 78000000.sdhci [78000000.sdhci] using ADMA
[    1.720034] mmc1: Invalid maximum block size, assuming 512 bytes
[    1.783596] mmc1: SDHCI controller on 78000600.sdhci [78000600.sdhci] using ADMA
[    1.792323] ledtrig-cpu: registered to indicate activity on CPUs
[    1.798691] usbcore: registered new interface driver usbhid
[    1.804273] usbhid: USB HID core driver
[    1.810968] NET: Registered protocol family 10
[    1.816083] Segment Routing with IPv6
[    1.819795] sit: IPv6, IPv4 and MPLS over IPv4 tunneling driver
[    1.826127] NET: Registered protocol family 17
[    1.830565] can: controller area network core (rev 20170425 abi 9)
[    1.836792] NET: Registered protocol family 29
[    1.841224] can: raw protocol (rev 20170425)
[    1.845501] can: broadcast manager protocol (rev 20170425 t)
[    1.851150] can: netlink gateway (rev 20170425) max_hops=1
[    1.856901] Key type dns_resolver registered
[    1.861548] ThumbEE CPU extension supported.
[    1.865828] Registering SWP/SWPB emulation handler
[    1.880278] vdd_ddr: supplied by vdd_5v_in
[    1.885263] vdd_5v_sata: supplied by vdd_5v_in
[    1.890059] usb1_vbus: supplied by vdd_5v_in
[    1.894669] usb3_vbus: supplied by vdd_5v_in
[    1.900149] sys_3v3,vdd_3v3_alw: supplied by vdd_5v_in
[    1.906100] sys_3v3_pexs: supplied by sys_3v3,vdd_3v3_alw
[    1.906169] mmc1: new high speed MMC card at address 0001
[    1.908562] mmcblk1: mmc1:0001 SEM16G 14.8 GiB 
[    1.910225] mmcblk1boot0: mmc1:0001 SEM16G partition 1 1.00 MiB
[    1.911183] mmcblk1boot1: mmc1:0001 SEM16G partition 2 1.00 MiB
[    1.912149] mmcblk1rpmb: mmc1:0001 SEM16G partition 3 128 KiB
[    1.939173] +VDD_5V_HDMI: supplied by sys_3v3,vdd_3v3_alw
[    1.945276] tegra-pcie 3000.pcie-controller: 2x3 configuration
[    1.953595] tegra-pcie 3000.pcie-controller: probing port 0, using 2 lanes
[    1.962972] Primary GPT is invalid, using alternate GPT.
[    1.968297]  mmcblk1: p1 p2 p3 p4 p5
[    1.984482] mmc0: new ultra high speed DDR50 SDHC card at address aaaa
[    1.991629] mmcblk0: mmc0:aaaa SS04G 3.69 GiB 
[    2.018814] tegra-pcie 3000.pcie-controller: probing port 2, using 2 lanes
[    2.031024]  mmcblk0: p1 p2 p3
[    2.429625] tegra-pcie 3000.pcie-controller: link 2 down, retrying
[    2.839710] tegra-pcie 3000.pcie-controller: link 2 down, retrying
[    3.249763] tegra-pcie 3000.pcie-controller: link 2 down, retrying
[    3.257950] tegra-pcie 3000.pcie-controller: link 2 down, ignoring
[    3.264235] tegra-pcie 3000.pcie-controller: PCI host bridge to bus 0000:00
[    3.271184] pci_bus 0000:00: root bus resource [io  0x0000-0xffff]
[    3.277361] pci_bus 0000:00: root bus resource [mem 0x20000000-0x27ffffff]
[    3.284228] pci_bus 0000:00: root bus resource [mem 0x28000000-0x3fffffff pref]
[    3.291520] pci_bus 0000:00: root bus resource [bus 00-ff]
[    3.297022] pci 0000:00:01.0: [10de:0e1c] type 01 class 0x060400
[    3.303039] pci_bus 0000:00: 2-byte config write to 0000:00:01.0 offset 0x88 may corrupt adjacent RW1C bits
[    3.312786] pci_bus 0000:00: 2-byte config write to 0000:00:01.0 offset 0x52 may corrupt adjacent RW1C bits
[    3.322528] pci 0000:00:01.0: PME# supported from D0 D1 D2 D3hot D3cold
[    3.329138] pci_bus 0000:00: 2-byte config write to 0000:00:01.0 offset 0x4c may corrupt adjacent RW1C bits
[    3.339003] pci_bus 0000:00: 2-byte config write to 0000:00:01.0 offset 0x3e may corrupt adjacent RW1C bits
[    3.348736] pci_bus 0000:00: 2-byte config write to 0000:00:01.0 offset 0x4 may corrupt adjacent RW1C bits
[    3.358378] pci_bus 0000:00: 1-byte config write to 0000:00:01.0 offset 0xc may corrupt adjacent RW1C bits
[    3.368015] PCI: bus0: Fast back to back transfers disabled
[    3.373582] pci 0000:00:01.0: bridge configuration invalid ([bus 00-00]), reconfiguring
[    3.381567] pci_bus 0000:00: 2-byte config write to 0000:00:01.0 offset 0x3e may corrupt adjacent RW1C bits
[    3.391295] pci_bus 0000:00: 2-byte config write to 0000:00:01.0 offset 0x3e may corrupt adjacent RW1C bits
[    3.401023] pci_bus 0000:00: 2-byte config write to 0000:00:01.0 offset 0x3e may corrupt adjacent RW1C bits
[    3.410749] pci_bus 0000:00: 2-byte config write to 0000:00:01.0 offset 0x6 may corrupt adjacent RW1C bits
[    3.420484] pci 0000:01:00.0: [10ec:8168] type 00 class 0x020000
[    3.426505] pci 0000:01:00.0: reg 0x10: [io  0x0000-0x00ff]
[    3.432078] pci 0000:01:00.0: reg 0x18: [mem 0x00000000-0x00000fff 64bit pref]
[    3.439301] pci 0000:01:00.0: reg 0x20: [mem 0x00000000-0x00003fff 64bit pref]
[    3.446583] pci 0000:01:00.0: supports D1 D2
[    3.450840] pci 0000:01:00.0: PME# supported from D0 D1 D2 D3hot D3cold
[    3.483606] PCI: bus1: Fast back to back transfers disabled
[    3.489167] pci_bus 0000:01: busn_res: [bus 01-ff] end is updated to 01
[    3.495843] pci 0000:00:01.0: BAR 9: assigned [mem 0x28000000-0x280fffff 64bit pref]
[    3.503581] pci 0000:00:01.0: BAR 7: assigned [io  0x1000-0x1fff]
[    3.509662] pci 0000:01:00.0: BAR 4: assigned [mem 0x28000000-0x28003fff 64bit pref]
[    3.517408] pci 0000:01:00.0: BAR 2: assigned [mem 0x28004000-0x28004fff 64bit pref]
[    3.525153] pci 0000:01:00.0: BAR 0: assigned [io  0x1000-0x10ff]
[    3.531234] pci 0000:00:01.0: PCI bridge to [bus 01]
[    3.536194] pci 0000:00:01.0:   bridge window [io  0x1000-0x1fff]
[    3.542273] pci 0000:00:01.0:   bridge window [mem 0x28000000-0x280fffff 64bit pref]
[    3.550022] pci 0000:00:01.0: nv_msi_ht_cap_quirk didn't locate host bridge
[    3.557041] pcieport 0000:00:01.0: enabling device (0140 -> 0143)
[    3.563307] pcieport 0000:00:01.0: Signaling PME with IRQ 374
[    3.569251] r8169 Gigabit Ethernet driver 2.3LK-NAPI loaded
[    3.574840] r8169 0000:01:00.0: enabling device (0140 -> 0143)
[    3.581578] r8169 0000:01:00.0 eth0: RTL8168evl/8111evl at 0xf0b12000, 02:04:4b:01:60:a6, XID 0c900800 IRQ 375
[    3.591581] r8169 0000:01:00.0 eth0: jumbo features [frames: 9200 bytes, tx checksumming: ko]
[    3.606905] utmi_phy_clk_enable: timeout waiting for phy to stabilize
[    3.613355] tegra-ehci 7d004000.usb: EHCI Host Controller
[    3.618777] tegra-ehci 7d004000.usb: new USB bus registered, assigned bus number 1
[    3.626528] tegra-ehci 7d004000.usb: irq 343, io mem 0x7d004000
[    3.653601] tegra-ehci 7d004000.usb: USB 2.0 started, EHCI 1.00
[    3.660460] hub 1-0:1.0: USB hub found
[    3.664236] hub 1-0:1.0: 1 port detected
[    3.669308] tegra-ehci 7d008000.usb: EHCI Host Controller
[    3.674725] tegra-ehci 7d008000.usb: new USB bus registered, assigned bus number 2
[    3.682446] tegra-ehci 7d008000.usb: irq 344, io mem 0x7d008000
[    3.713587] tegra-ehci 7d008000.usb: USB 2.0 started, EHCI 1.00
[    3.720345] hub 2-0:1.0: USB hub found
[    3.724116] hub 2-0:1.0: 1 port detected
[    3.732625] tps65910-rtc tps65910-rtc: setting system clock to 2000-01-01 00:00:02 UTC (946684802)
[    3.742126] vdd_sata,avdd_plle: disabling
[    3.746491] usb1_vbus: disabling
[    3.751564] EXT4-fs (mmcblk1p1): mounting ext3 file system using the ext4 subsystem
[    3.766495] EXT4-fs (mmcblk1p1): warning: mounting fs with errors, running e2fsck is recommended
[    3.776721] EXT4-fs (mmcblk1p1): recovery complete
[    3.781508] EXT4-fs (mmcblk1p1): mounted filesystem with ordered data mode. Opts: (null)
[    3.789626] VFS: Mounted root (ext3 filesystem) on device 179:1.
[    3.806036] devtmpfs: mounted
[    3.811555] Freeing unused kernel memory: 2048K
bash: cannot set terminal process group (-1): Inappropriate ioctl for device
bash: no job control in this shell
root@(none):/# [    4.083610] usb 2-1: new high-speed USB device number 2 using tegra-ehci
[    4.743331] asix 2-1:1.0 eth1: register 'asix' at usb-7d008000.usb-1, ASIX AX88772 USB 2.0 Ethernet, 00:50:b6:0f:67:60
mount -t sysfs none /sys
root@(none):/# 
root@(none):/# mount -t debugfs none /sys/kernel/debug
root@(none):/# 
root@(none):/# rtcwake -d rtc1 -m mem -s 3
rtcwake: wakeup from "mem" using /dev/rtc1 at Thu Jan  1 00:00:22 1970
[    7.479507] PM: Syncing filesystems ... done.
[    7.485942] Freezing user space processes ... (elapsed 0.001 seconds) done.
[    7.494045] OOM killer disabled.
[    7.497261] Freezing remaining freezable tasks ... (elapsed 0.001 seconds) done.
[    7.505875] Suspending console(s) (use no_console_suspend to debug)
[    7.585684] tegra_dma_pm_suspend-1523
[    7.585689] tegra_dma_runtime_resume-1507
[    7.585702] tegra_dma_pm_suspend-1551
[    7.585783] PM: suspend of devices complete after 72.830 msecs
[    7.588595] PM: late suspend of devices complete after 2.805 msecs
[    7.614201] PM: noirq suspend of devices complete after 25.599 msecs
[    7.614205] Disabling non-boot CPUs ...
[    7.614722] IRQ346 no longer affine to CPU1
[    7.686939] IRQ347 no longer affine to CPU2
[    7.745920] IRQ17 no longer affine to CPU3
[    7.746051] IRQ348 no longer affine to CPU3
[    7.775240] Entering suspend state LP1
[    7.775240] Suspended for 3.236 seconds
[    7.775255] Enabling non-boot CPUs ...
[    7.805772] CPU1 is up
[    7.845646] CPU2 is up
[    7.885832] CPU3 is up
[    7.886561] pcieport 0000:00:01.0: nv_msi_ht_cap_quirk didn't locate host bridge
[    7.913644] PM: noirq resume of devices complete after 27.804 msecs
[    7.915641] PM: early resume of devices complete after 1.550 msecs
[    8.457269] PM: resume of devices complete after 541.618 msecs
[    8.552231] OOM killer enabled.
[    8.555367] Restarting tasks ... done.
root@(none):/# 
root@(none):/# rtcwake -d rtc1 -m mem -s 3
rtcwake: wakeup from "mem" using /dev/rtc1 at Thu Jan  1 00:00:27 1970
[    9.313517] PM: Syncing filesystems ... done.
[    9.318884] Freezing user space processes ... (elapsed 0.001 seconds) done.
[    9.326978] OOM killer disabled.
[    9.330194] Freezing remaining freezable tasks ... (elapsed 0.001 seconds) done.
[    9.338791] Suspending console(s) (use no_console_suspend to debug)
[    9.384435] pci_generic_config_write32: 63 callbacks suppressed
[    9.384447] pci_bus 0000:00: 2-byte config write to 0000:00:01.0 offset 0x9c may corrupt adjacent RW1C bits
[    9.426033] tegra_dma_pm_suspend-1523
[    9.426039] tegra_dma_runtime_resume-1507
[    9.426052] tegra_dma_pm_suspend-1551
[    9.426133] PM: suspend of devices complete after 80.339 msecs
[    9.427777] PM: late suspend of devices complete after 1.636 msecs
[    9.428431] pci_bus 0000:01: 2-byte config write to 0000:01:00.0 offset 0x44 may corrupt adjacent RW1C bits
[    9.428446] pci_bus 0000:01: 2-byte config write to 0000:01:00.0 offset 0x44 may corrupt adjacent RW1C bits
[    9.454135] PM: noirq suspend of devices complete after 26.350 msecs
[    9.454139] Disabling non-boot CPUs ...
[    9.454647] IRQ346 no longer affine to CPU1
[    9.526708] IRQ17 no longer affine to CPU2
[    9.526869] IRQ347 no longer affine to CPU2
[    9.585839] IRQ348 no longer affine to CPU3
[    9.635100] Entering suspend state LP1
[    9.635100] Suspended for 3.140 seconds
[    9.635117] Enabling non-boot CPUs ...
[    9.665802] CPU1 is up
[    9.706023] CPU2 is up
[    9.746275] CPU3 is up
[    9.747134] pci_bus 0000:00: 2-byte config write to 0000:00:01.0 offset 0x4c may corrupt adjacent RW1C bits
[    9.747150] pci_bus 0000:00: 2-byte config write to 0000:00:01.0 offset 0x88 may corrupt adjacent RW1C bits
[    9.747156] pci_bus 0000:00: 2-byte config write to 0000:00:01.0 offset 0x90 may corrupt adjacent RW1C bits
[    9.747160] pci_bus 0000:00: 2-byte config write to 0000:00:01.0 offset 0x98 may corrupt adjacent RW1C bits
[    9.747165] pci_bus 0000:00: 2-byte config write to 0000:00:01.0 offset 0x9c may corrupt adjacent RW1C bits
[    9.747187] pci_bus 0000:00: 2-byte config write to 0000:00:01.0 offset 0x52 may corrupt adjacent RW1C bits
[    9.747194] pci_bus 0000:00: 2-byte config write to 0000:00:01.0 offset 0x52 may corrupt adjacent RW1C bits
[    9.747222] pcieport 0000:00:01.0: nv_msi_ht_cap_quirk didn't locate host bridge
[    9.783632] PM: noirq resume of devices complete after 37.349 msecs
[    9.784819] PM: early resume of devices complete after 0.855 msecs
[   10.335479] PM: resume of devices complete after 550.645 msecs
[   10.533785] OOM killer enabled.
[   10.536914] Restarting tasks ... done.
root@(none):/# 
root@(none):/# rtcwake -d rtc1 -m mem -s 3
rtcwake: wakeup from "mem" using /dev/rtc1 at Thu Jan  1 00:00:32 1970
[   11.173655] PM: Syncing filesystems ... done.
[   11.178795] Freezing user space processes ... (elapsed 0.001 seconds) done.
[   11.186948] OOM killer disabled.
[   11.190163] Freezing remaining freezable tasks ... (elapsed 0.001 seconds) done.
[   11.198817] Suspending console(s) (use no_console_suspend to debug)
[   11.275445] tegra_dma_pm_suspend-1523
[   11.275453] tegra_dma_runtime_resume-1507
[   11.275469] tegra_dma_pm_suspend-1551
[   11.275568] PM: suspend of devices complete after 69.519 msecs
[   11.277695] PM: late suspend of devices complete after 2.116 msecs
[   11.304228] PM: noirq suspend of devices complete after 26.520 msecs
[   11.304233] Disabling non-boot CPUs ...
[   11.304684] IRQ17 no longer affine to CPU1
[   11.304887] IRQ346 no longer affine to CPU1
[   11.465356] Entering suspend state LP1
[   11.465356] Suspended for 3.169 seconds
[   11.465371] Enabling non-boot CPUs ...
[   11.495767] CPU1 is up
[   11.535941] CPU2 is up
[   11.576203] CPU3 is up
[   11.577073] pcieport 0000:00:01.0: nv_msi_ht_cap_quirk didn't locate host bridge
[   11.603591] PM: noirq resume of devices complete after 27.374 msecs
[   11.606386] PM: early resume of devices complete after 2.308 msecs
[   12.153187] PM: resume of devices complete after 546.789 msecs
[   12.240116] OOM killer enabled.
[   12.243245] Restarting tasks ... done.
root@(none):/# 
root@(none):/# rtcwake -d rtc1 -m mem -s 3
rtcwake: wakeup from "mem" using /dev/rtc1 at Thu Jan  1 00:00:37 1970
[   13.004069] PM: Syncing filesystems ... done.
[   13.009213] Freezing user space processes ... (elapsed 0.001 seconds) done.
[   13.017360] OOM killer disabled.
[   13.020577] Freezing remaining freezable tasks ... (elapsed 0.001 seconds) done.
[   13.029242] Suspending console(s) (use no_console_suspend to debug)
[   13.115387] tegra_dma_pm_suspend-1523
[   13.115395] tegra_dma_runtime_resume-1507
[   13.115410] tegra_dma_pm_suspend-1551
[   13.115510] PM: suspend of devices complete after 79.045 msecs
[   13.116632] PM: late suspend of devices complete after 1.114 msecs
[   13.144223] PM: noirq suspend of devices complete after 27.580 msecs
[   13.144229] Disabling non-boot CPUs ...
[   13.144844] migrate_irqs: 2 callbacks suppressed
[   13.144849] IRQ346 no longer affine to CPU1
[   13.217871] IRQ347 no longer affine to CPU2
[   13.276192] IRQ17 no longer affine to CPU3
[   13.276355] IRQ348 no longer affine to CPU3
[   13.325319] Entering suspend state LP1
[   13.325319] Suspended for 3.140 seconds
[   13.325335] Enabling non-boot CPUs ...
[   13.355723] CPU1 is up
[   13.395937] CPU2 is up
[   13.436151] CPU3 is up
[   13.437057] pcieport 0000:00:01.0: nv_msi_ht_cap_quirk didn't locate host bridge
[   13.463558] PM: noirq resume of devices complete after 27.396 msecs
[   13.466007] PM: early resume of devices complete after 1.932 msecs
[   14.015941] PM: resume of devices complete after 549.923 msecs
[   14.115880] OOM killer enabled.
[   14.119011] Restarting tasks ... done.
root@(none):/# 
root@(none):/# rtcwake -d rtc1 -m mem -s 3
rtcwake: wakeup from "mem" using /dev/rtc1 at Thu Jan  1 00:00:42 1970
[   14.876247] PM: Syncing filesystems ... done.
[   14.882393] Freezing user space processes ... (elapsed 0.001 seconds) done.
[   14.890529] OOM killer disabled.
[   14.893768] Freezing remaining freezable tasks ... (elapsed 0.001 seconds) done.
[   14.902412] Suspending console(s) (use no_console_suspend to debug)
[   14.944099] pci_generic_config_write32: 65 callbacks suppressed
[   14.944114] pci_bus 0000:00: 2-byte config write to 0000:00:01.0 offset 0x9c may corrupt adjacent RW1C bits
[   14.986934] tegra_dma_pm_suspend-1523
[   14.986942] tegra_dma_runtime_resume-1507
[   14.986958] tegra_dma_pm_suspend-1551
[   14.987062] PM: suspend of devices complete after 77.407 msecs
[   14.991185] PM: late suspend of devices complete after 4.113 msecs
[   14.991911] pci_bus 0000:01: 2-byte config write to 0000:01:00.0 offset 0x44 may corrupt adjacent RW1C bits
[   14.991927] pci_bus 0000:01: 2-byte config write to 0000:01:00.0 offset 0x44 may corrupt adjacent RW1C bits
[   15.014159] PM: noirq suspend of devices complete after 22.965 msecs
[   15.014163] Disabling non-boot CPUs ...
[   15.014617] IRQ17 no longer affine to CPU1
[   15.014820] IRQ346 no longer affine to CPU1
[   15.067662] IRQ347 no longer affine to CPU2
[   15.126630] IRQ348 no longer affine to CPU3
[   15.175807] Entering suspend state LP1
[   15.175807] Suspended for 3.149 seconds
[   15.175825] Enabling non-boot CPUs ...
[   15.205833] CPU1 is up
[   15.245961] CPU2 is up
[   15.286201] CPU3 is up
[   15.287040] pci_bus 0000:00: 2-byte config write to 0000:00:01.0 offset 0x4c may corrupt adjacent RW1C bits
[   15.287053] pci_bus 0000:00: 2-byte config write to 0000:00:01.0 offset 0x88 may corrupt adjacent RW1C bits
[   15.287061] pci_bus 0000:00: 2-byte config write to 0000:00:01.0 offset 0x90 may corrupt adjacent RW1C bits
[   15.287066] pci_bus 0000:00: 2-byte config write to 0000:00:01.0 offset 0x98 may corrupt adjacent RW1C bits
[   15.287072] pci_bus 0000:00: 2-byte config write to 0000:00:01.0 offset 0x9c may corrupt adjacent RW1C bits
[   15.287093] pci_bus 0000:00: 2-byte config write to 0000:00:01.0 offset 0x52 may corrupt adjacent RW1C bits
[   15.287102] pci_bus 0000:00: 2-byte config write to 0000:00:01.0 offset 0x52 may corrupt adjacent RW1C bits
[   15.287131] pcieport 0000:00:01.0: nv_msi_ht_cap_quirk didn't locate host bridge
[   15.313531] PM: noirq resume of devices complete after 27.316 msecs
[   15.316006] PM: early resume of devices complete after 1.962 msecs
[   15.865792] PM: resume of devices complete after 549.774 msecs
[   16.064136] OOM killer enabled.
[   16.067264] Restarting tasks ... done.
root@(none):/# 
root@(none):/# rtcwake -d rtc1 -m mem -s 3
rtcwake: wakeup from "mem" using /dev/rtc1 at Thu Jan  1 00:00:47 1970
[   16.714018] PM: Syncing filesystems ... done.
[   16.719156] Freezing user space processes ... (elapsed 0.001 seconds) done.
[   16.727310] OOM killer disabled.
[   16.730525] Freezing remaining freezable tasks ... (elapsed 0.001 seconds) done.
[   16.739185] Suspending console(s) (use no_console_suspend to debug)
[   16.826381] tegra_dma_pm_suspend-1523
[   16.826389] tegra_dma_runtime_resume-1507
[   16.826406] tegra_dma_pm_suspend-1551
[   16.826507] PM: suspend of devices complete after 80.093 msecs
[   16.827631] PM: late suspend of devices complete after 1.116 msecs
[   16.854166] PM: noirq suspend of devices complete after 26.523 msecs
[   16.854171] Disabling non-boot CPUs ...
[   16.854596] IRQ17 no longer affine to CPU1
[   16.854795] IRQ346 no longer affine to CPU1
[   17.015271] Entering suspend state LP1
[   17.015271] Suspended for 3.160 seconds
[   17.015288] Enabling non-boot CPUs ...
[   17.045724] CPU1 is up
[   17.085877] CPU2 is up
[   17.126282] CPU3 is up
[   17.127182] pcieport 0000:00:01.0: nv_msi_ht_cap_quirk didn't locate host bridge
[   17.163515] PM: noirq resume of devices complete after 37.220 msecs
[   17.165943] PM: early resume of devices complete after 2.082 msecs
[   17.709918] PM: resume of devices complete after 543.962 msecs
[   17.796801] OOM killer enabled.
[   17.799929] Restarting tasks ... done.
root@(none):/# 
root@(none):/# rtcwake -d rtc1 -m mem -s 3
rtcwake: wakeup from "mem" using /dev/rtc1 at Thu Jan  1 00:00:52 1970
[   18.570630] PM: Syncing filesystems ... done.
[   18.576801] Freezing user space processes ... (elapsed 0.001 seconds) done.
[   18.584944] OOM killer disabled.
[   18.588159] Freezing remaining freezable tasks ... (elapsed 0.001 seconds) done.
[   18.596812] Suspending console(s) (use no_console_suspend to debug)
[   18.685825] tegra_dma_pm_suspend-1523
[   18.685832] tegra_dma_runtime_resume-1507
[   18.685849] tegra_dma_pm_suspend-1551
[   18.685952] PM: suspend of devices complete after 81.911 msecs
[   18.688629] PM: late suspend of devices complete after 2.666 msecs
[   18.714109] PM: noirq suspend of devices complete after 25.468 msecs
[   18.714112] Disabling non-boot CPUs ...
[   18.714575] migrate_irqs: 2 callbacks suppressed
[   18.714579] IRQ17 no longer affine to CPU1
[   18.714779] IRQ346 no longer affine to CPU1
[   18.787623] IRQ347 no longer affine to CPU2
[   18.846215] IRQ348 no longer affine to CPU3
[   18.895244] Entering suspend state LP1
[   18.895244] Suspended for 3.119 seconds
[   18.895261] Enabling non-boot CPUs ...
[   18.925667] CPU1 is up
[   18.965857] CPU2 is up
[   19.006132] CPU3 is up
[   19.006994] pcieport 0000:00:01.0: nv_msi_ht_cap_quirk didn't locate host bridge
[   19.033467] PM: noirq resume of devices complete after 27.324 msecs
[   19.035834] PM: early resume of devices complete after 1.861 msecs
[   19.572372] PM: resume of devices complete after 536.521 msecs
[   19.672240] OOM killer enabled.
[   19.675376] Restarting tasks ... done.
root@(none):/# 
root@(none):/# rtcwake -d rtc1 -m mem -s 3
rtcwake: wakeup from "mem" using /dev/rtc1 at Thu Jan  1 00:00:57 1970
[   20.451422] PM: Syncing filesystems ... done.
[   20.457600] Freezing user space processes ... (elapsed 0.001 seconds) done.
[   20.465743] OOM killer disabled.
[   20.468960] Freezing remaining freezable tasks ... (elapsed 0.001 seconds) done.
[   20.477615] Suspending console(s) (use no_console_suspend to debug)
[   20.514012] pci_generic_config_write32: 65 callbacks suppressed
[   20.514031] pci_bus 0000:00: 2-byte config write to 0000:00:01.0 offset 0x9c may corrupt adjacent RW1C bits
[   20.555254] tegra_dma_pm_suspend-1523
[   20.555262] tegra_dma_runtime_resume-1507
[   20.555278] tegra_dma_pm_suspend-1551
[   20.555384] PM: suspend of devices complete after 70.539 msecs
[   20.556457] PM: late suspend of devices complete after 1.066 msecs
[   20.556975] pci_bus 0000:01: 2-byte config write to 0000:01:00.0 offset 0x44 may corrupt adjacent RW1C bits
[   20.556995] pci_bus 0000:01: 2-byte config write to 0000:01:00.0 offset 0x44 may corrupt adjacent RW1C bits
[   20.584078] PM: noirq suspend of devices complete after 27.610 msecs
[   20.584084] Disabling non-boot CPUs ...
[   20.584710] IRQ346 no longer affine to CPU1
[   20.657757] IRQ347 no longer affine to CPU2
[   20.716056] IRQ17 no longer affine to CPU3
[   20.716214] IRQ348 no longer affine to CPU3
[   20.765190] Entering suspend state LP1
[   20.765190] Suspended for 3.130 seconds
[   20.765208] Enabling non-boot CPUs ...
[   20.795636] CPU1 is up
[   20.835766] CPU2 is up
[   20.876080] CPU3 is up
[   20.876898] pci_bus 0000:00: 2-byte config write to 0000:00:01.0 offset 0x4c may corrupt adjacent RW1C bits
[   20.876914] pci_bus 0000:00: 2-byte config write to 0000:00:01.0 offset 0x88 may corrupt adjacent RW1C bits
[   20.876920] pci_bus 0000:00: 2-byte config write to 0000:00:01.0 offset 0x90 may corrupt adjacent RW1C bits
[   20.876926] pci_bus 0000:00: 2-byte config write to 0000:00:01.0 offset 0x98 may corrupt adjacent RW1C bits
[   20.876932] pci_bus 0000:00: 2-byte config write to 0000:00:01.0 offset 0x9c may corrupt adjacent RW1C bits
[   20.876953] pci_bus 0000:00: 2-byte config write to 0000:00:01.0 offset 0x52 may corrupt adjacent RW1C bits
[   20.876960] pci_bus 0000:00: 2-byte config write to 0000:00:01.0 offset 0x52 may corrupt adjacent RW1C bits
[   20.876988] pcieport 0000:00:01.0: nv_msi_ht_cap_quirk didn't locate host bridge
[   20.903430] PM: noirq resume of devices complete after 27.340 msecs
[   20.905861] PM: early resume of devices complete after 1.907 msecs
[   21.455390] PM: resume of devices complete after 549.516 msecs
[   21.653775] OOM killer enabled.
[   21.656905] Restarting tasks ... done.
root@(none):/# 
root@(none):/# rtcwake -d rtc1 -m mem -s 3
rtcwake: wakeup from "mem" using /dev/rtc1 at Thu Jan  1 00:01:02 1970
[   22.321055] PM: Syncing filesystems ... done.
[   22.327267] Freezing user space processes ... (elapsed 0.001 seconds) done.
[   22.335423] OOM killer disabled.
[   22.338641] Freezing remaining freezable tasks ... (elapsed 0.001 seconds) done.
[   22.347294] Suspending console(s) (use no_console_suspend to debug)
[   22.435751] tegra_dma_pm_suspend-1523
[   22.435759] tegra_dma_runtime_resume-1507
[   22.435775] tegra_dma_pm_suspend-1551
[   22.435880] PM: suspend of devices complete after 81.361 msecs
[   22.436995] PM: late suspend of devices complete after 1.107 msecs
[   22.464064] PM: noirq suspend of devices complete after 27.059 msecs
[   22.464070] Disabling non-boot CPUs ...
[   22.464519] IRQ17 no longer affine to CPU1
[   22.464719] IRQ346 no longer affine to CPU1
[   22.645192] Entering suspend state LP1
[   22.645192] Suspended for 3.119 seconds
[   22.645209] Enabling non-boot CPUs ...
[   22.675615] CPU1 is up
[   22.715796] CPU2 is up
[   22.756049] CPU3 is up
[   22.756981] pcieport 0000:00:01.0: nv_msi_ht_cap_quirk didn't locate host bridge
[   22.783393] PM: noirq resume of devices complete after 27.333 msecs
[   22.785199] PM: early resume of devices complete after 1.277 msecs
[   23.335218] PM: resume of devices complete after 550.005 msecs
[   23.422146] OOM killer enabled.
[   23.425283] Restarting tasks ... done.
root@(none):/# 
root@(none):/# rtcwake -d rtc1 -m mem -s 3
rtcwake: wakeup from "mem" using /dev/rtc1 at Thu Jan  1 00:01:07 1970
[   24.183923] PM: Syncing filesystems ... done.
[   24.189572] Freezing user space processes ... (elapsed 0.001 seconds) done.
[   24.197726] OOM killer disabled.
[   24.200942] Freezing remaining freezable tasks ... (elapsed 0.001 seconds) done.
[   24.209596] Suspending console(s) (use no_console_suspend to debug)
[   24.295716] tegra_dma_pm_suspend-1523
[   24.295724] tegra_dma_runtime_resume-1507
[   24.295741] tegra_dma_pm_suspend-1551
[   24.295844] PM: suspend of devices complete after 79.014 msecs
[   24.299422] PM: late suspend of devices complete after 3.569 msecs
[   24.324003] PM: noirq suspend of devices complete after 24.569 msecs
[   24.324009] Disabling non-boot CPUs ...
[   24.324424] migrate_irqs: 2 callbacks suppressed
[   24.324427] IRQ17 no longer affine to CPU1
[   24.324619] IRQ346 no longer affine to CPU1
[   24.377690] IRQ347 no longer affine to CPU2
[   24.436141] IRQ348 no longer affine to CPU3
[   24.485107] Entering suspend state LP1
[   24.485107] Suspended for 3.160 seconds
[   24.485124] Enabling non-boot CPUs ...
[   24.515555] CPU1 is up
[   24.555743] CPU2 is up
[   24.595954] CPU3 is up
[   24.596830] pcieport 0000:00:01.0: nv_msi_ht_cap_quirk didn't locate host bridge
[   24.623362] PM: noirq resume of devices complete after 27.396 msecs
[   24.625710] PM: early resume of devices complete after 1.838 msecs
[   25.175681] PM: resume of devices complete after 549.960 msecs
[   25.275568] OOM killer enabled.
[   25.278698] Restarting tasks ... done.
root@(none):/# 
root@(none):/# NVTB SYSTEM SUSPEND TEST COMPLETE
