
U-Boot SPL 2015.04-rc3-00209-ga74ef40 (Mar 16 2015 - 14:43:39)


U-Boot 2015.04-rc3-00209-ga74ef40 (Mar 16 2015 - 14:43:39)

TEGRA20
Model: Compulab TrimSlice board
DRAM:  1 GiB
MMC:   Tegra SD/MMC: 0, Tegra SD/MMC: 1
SF: Detected W25Q80BL with page size 256 Bytes, erase size 4 KiB, total 1 MiB
tegra-pcie: PCI regions:
tegra-pcie:   I/O: 0x82000000-0x82010000
tegra-pcie:   non-prefetchable memory: 0xa0000000-0xa8000000
tegra-pcie:   prefetchable memory: 0xa8000000-0xc0000000
tegra-pcie: dual-mode configuration
tegra-pcie: probing port 0, using 2 lanes
In:    serial
Out:   serial
Err:   serial
Net:   RTL8169#0
Hit any key to stop autoboot:  2  1  0 
Tegra20 (TrimSlice) # 
Tegra20 (TrimSlice) # usb reset
resetting USB...
USB0:   USB EHCI 1.00
scanning bus 0 for devices... 3 USB Device(s) found
USB1:   USB EHCI 1.00
scanning bus 1 for devices... 1 USB Device(s) found
USB2:   lowlevel init failed
       scanning usb for storage devices... 0 Storage Device(s) found
       scanning usb for ethernet devices... 
Warning: asx0 using MAC address from net device
1 Ethernet Device(s) found
Tegra20 (TrimSlice) # setenv bootargs 'ignore_loglevel console=ttyS0,115200n8 rw root=PARTUUID=11eb23c1-01 rootwait gpt debug noinitrd earlyprintk init=/bin/bash'
Tegra20 (TrimSlice) # setenv ipaddr 192.168.100.103; setenv serverip 192.168.100.1; setenv tftpserverip 192.168.100.1
Tegra20 (TrimSlice) # tftpboot 0x00408000 zImage.multi_v7_defconfig
Using RTL8169#0 device
TFTP from server 192.168.100.1; our IP address is 192.168.100.103
Filename 'zImage.multi_v7_defconfig'.
Load address: 0x408000
Loading: *#################################################################
	 #################################################################
	 #################################################################
	 #################################################################
	 #################################################################
	 #################################################################
	 #################################################################
	 #########################
	 4 MiB/s
done
Bytes transferred = 7043696 (6b7a70 hex)
Tegra20 (TrimSlice) # tftpboot 0x02408000 tegra20-trimslice.dtb
Using RTL8169#0 device
TFTP from server 192.168.100.1; our IP address is 192.168.100.103
Filename 'tegra20-trimslice.dtb'.
Load address: 0x2408000
Loading: *##
	 4 MiB/s
done
Bytes transferred = 21172 (52b4 hex)
Tegra20 (TrimSlice) # bootz 0x00408000 - 0x02408000
Kernel image @ 0x408000 [ 0x000000 - 0x6b7a70 ]
## Flattened Device Tree blob at 02408000
   Booting using the fdt blob at 0x2408000
   Using Device Tree in place at 02408000, end 024102b3

Starting kernel ...

[    0.000000] Booting Linux on physical CPU 0x0
[    0.000000] Linux version 4.6.0-rc5-next-20160428-114809-gef413b9 (pwalmsley@tamien) (gcc version 4.7.3 20130328 (prerelease) (crosstool-NG linaro-1.13.1-4.7-2013.04-20130415 - Linaro GCC 2013.04) ) #1 SMP Thu Apr 28 04:23:30 PDT 2016
[    0.000000] CPU: ARMv7 Processor [411fc090] revision 0 (ARMv7), cr=10c5387d
[    0.000000] CPU: PIPT / VIPT nonaliasing data cache, VIPT aliasing instruction cache
[    0.000000] Machine model: Compulab TrimSlice board
[    0.000000] debug: ignoring loglevel setting.
[    0.000000] cma: Reserved 64 MiB at 0x3c000000
[    0.000000] Memory policy: Data cache writealloc
[    0.000000] On node 0 totalpages: 262144
[    0.000000] free_area_init_node: node 0, pgdat c1418040, node_mem_map ef7f8000
[    0.000000]   DMA zone: 1536 pages used for memmap
[    0.000000]   DMA zone: 0 pages reserved
[    0.000000]   DMA zone: 196608 pages, LIFO batch:31
[    0.000000]   HighMem zone: 65536 pages, LIFO batch:15
[    0.000000] percpu: Embedded 13 pages/cpu @ef7c9000 s23744 r8192 d21312 u53248
[    0.000000] pcpu-alloc: s23744 r8192 d21312 u53248 alloc=13*4096
[    0.000000] pcpu-alloc: [0] 0 [0] 1 
[    0.000000] Built 1 zonelists in Zone order, mobility grouping on.  Total pages: 260608
[    0.000000] Kernel command line: ignore_loglevel console=ttyS0,115200n8 rw root=PARTUUID=11eb23c1-01 rootwait gpt debug noinitrd earlyprintk init=/bin/bash
[    0.000000] PID hash table entries: 4096 (order: 2, 16384 bytes)
[    0.000000] Dentry cache hash table entries: 131072 (order: 7, 524288 bytes)
[    0.000000] Inode-cache hash table entries: 65536 (order: 6, 262144 bytes)
[    0.000000] Memory: 955948K/1048576K available (9527K kernel code, 1128K rwdata, 4184K rodata, 2048K init, 338K bss, 27092K reserved, 65536K cma-reserved, 196608K highmem)
[    0.000000] Virtual kernel memory layout:
[    0.000000]     vector  : 0xffff0000 - 0xffff1000   (   4 kB)
[    0.000000]     fixmap  : 0xffc00000 - 0xfff00000   (3072 kB)
[    0.000000]     vmalloc : 0xf0800000 - 0xff800000   ( 240 MB)
[    0.000000]     lowmem  : 0xc0000000 - 0xf0000000   ( 768 MB)
[    0.000000]     pkmap   : 0xbfe00000 - 0xc0000000   (   2 MB)
[    0.000000]     modules : 0xbf000000 - 0xbfe00000   (  14 MB)
[    0.000000]       .text : 0xc0208000 - 0xc1063fe4   (14704 kB)
[    0.000000]       .init : 0xc1100000 - 0xc1300000   (2048 kB)
[    0.000000]       .data : 0xc1300000 - 0xc141a080   (1129 kB)
[    0.000000]        .bss : 0xc141c000 - 0xc1470a98   ( 339 kB)
[    0.000000] SLUB: HWalign=64, Order=0-3, MinObjects=0, CPUs=2, Nodes=1
[    0.000000] Hierarchical RCU implementation.
[    0.000000] 	Build-time adjustment of leaf fanout to 32.
[    0.000000] 	RCU restricting CPUs from NR_CPUS=16 to nr_cpu_ids=2.
[    0.000000] RCU: Adjusting geometry for rcu_fanout_leaf=32, nr_cpu_ids=2
[    0.000000] NR_IRQS:16 nr_irqs:16 16
[    0.000000] /interrupt-controller@60004000: 128 interrupts forwarded to /interrupt-controller@50041000
[    0.000000] L2C: platform modifies aux control register: 0x02080000 -> 0x3e480001
[    0.000000] L2C: DT/platform modifies aux control register: 0x02080000 -> 0x3e480001
[    0.000000] L2C-310 errata 727915 769419 enabled
[    0.000000] L2C-310 enabling early BRESP for Cortex-A9
[    0.000000] L2C-310: enabling full line of zeros but not enabled in Cortex-A9
[    0.000000] L2C-310 ID prefetch enabled, offset 1 lines
[    0.000000] L2C-310 cache controller enabled, 8 ways, 1024 kB
[    0.000000] L2C-310: CACHE_ID 0x410000c4, AUX_CTRL 0x7e480001
[    0.000010] sched_clock: 32 bits at 1000kHz, resolution 1000ns, wraps every 2147483647500ns
[    0.000026] clocksource: timer_us: mask: 0xffffffff max_cycles: 0xffffffff, max_idle_ns: 1911260446275 ns
[    0.000037] Switching to timer-based delay loop, resolution 1000ns
[    0.001745] Console: colour dummy device 80x30
[    0.001767] Calibrating delay loop (skipped), value calculated using timer frequency.. 2.00 BogoMIPS (lpj=5000)
[    0.001778] pid_max: default: 32768 minimum: 301
[    0.001852] Mount-cache hash table entries: 2048 (order: 1, 8192 bytes)
[    0.001861] Mountpoint-cache hash table entries: 2048 (order: 1, 8192 bytes)
[    0.002337] CPU: Testing write buffer coherency: ok
[    0.002517] CPU0: thread -1, cpu 0, socket 0, mpidr 80000000
[    0.002540] Setting up static identity map for 0x300000 - 0x300098
[    0.004039] Tegra Revision: A03 prime SKU: 8 CPU Process: 1 SoC Process: 2
[    0.005075] CPU1: thread -1, cpu 1, socket 0, mpidr 80000001
[    0.005140] Brought up 2 CPUs
[    0.005152] SMP: Total of 2 processors activated (4.00 BogoMIPS).
[    0.005158] CPU: All CPU(s) started in SVC mode.
[    0.005807] devtmpfs: initialized
[    0.009620] VFP support v0.3: implementor 41 architecture 3 part 30 variant 9 rev 1
[    0.009948] clocksource: jiffies: mask: 0xffffffff max_cycles: 0xffffffff, max_idle_ns: 9556302231375000 ns
[    0.012943] pinctrl core: initialized pinctrl subsystem
[    0.014073] NET: Registered protocol family 16
[    0.016203] DMA: preallocated 256 KiB pool for atomic coherent allocations
[    0.029917] cpuidle: using governor menu
[    0.041286] No ATAGs?
[    0.041306] hw-breakpoint: found 5 (+1 reserved) breakpoint and 1 watchpoint registers.
[    0.041314] hw-breakpoint: maximum watchpoint size is 4 bytes.
[    0.044802] Serial: AMBA PL011 UART driver
[    0.068308] usb1_vbus: Failed to request enable GPIO170: -517
[    0.068323] reg-fixed-voltage regulators:regulator@2: Failed to register regulator: -517
[    0.072089] vgaarb: loaded
[    0.072665] SCSI subsystem initialized
[    0.072778] libata version 3.00 loaded.
[    0.072974] usbcore: registered new interface driver usbfs
[    0.073020] usbcore: registered new interface driver hub
[    0.073060] usbcore: registered new device driver usb
[    0.075211] pps_core: LinuxPPS API ver. 1 registered
[    0.075219] pps_core: Software ver. 5.3.6 - Copyright 2005-2007 Rodolfo Giometti <giometti@linux.it>
[    0.075241] PTP clock support registered
[    0.075390] EDAC MC: Ver: 3.0.0
[    0.077150] clocksource: Switched to clocksource timer_us
[    0.084780] NET: Registered protocol family 2
[    0.085218] TCP established hash table entries: 8192 (order: 3, 32768 bytes)
[    0.085332] TCP bind hash table entries: 8192 (order: 4, 65536 bytes)
[    0.085446] TCP: Hash tables configured (established 8192 bind 8192)
[    0.085523] UDP hash table entries: 512 (order: 2, 16384 bytes)
[    0.085568] UDP-Lite hash table entries: 512 (order: 2, 16384 bytes)
[    0.085718] NET: Registered protocol family 1
[    0.085944] RPC: Registered named UNIX socket transport module.
[    0.085951] RPC: Registered udp transport module.
[    0.085956] RPC: Registered tcp transport module.
[    0.085961] RPC: Registered tcp NFSv4.1 backchannel transport module.
[    0.085970] PCI: CLS 0 bytes, default 64
[    0.086773] hw perfevents: enabled with armv7_cortex_a9 PMU driver, 7 counters available
[    0.087755] futex hash table entries: 512 (order: 3, 32768 bytes)
[    0.088316] workingset: timestamp_bits=28 max_order=18 bucket_order=0
[    0.095661] squashfs: version 4.0 (2009/01/31) Phillip Lougher
[    0.096248] NFS: Registering the id_resolver key type
[    0.096276] Key type id_resolver registered
[    0.096283] Key type id_legacy registered
[    0.096314] ntfs: driver 2.1.32 [Flags: R/O].
[    0.097253] bounce: pool size: 64 pages
[    0.097405] Block layer SCSI generic (bsg) driver version 0.4 loaded (major 248)
[    0.097414] io scheduler noop registered
[    0.097420] io scheduler deadline registered
[    0.097445] io scheduler cfq registered (default)
[    0.108741] tegra-pcie 80003000.pcie-controller: dual-mode configuration
[    0.109440] tegra-pcie 80003000.pcie-controller: probing port 0, using 2 lanes
[    0.193357] tegra-pcie 80003000.pcie-controller: PCI host bridge to bus 0000:00
[    0.193370] pci_bus 0000:00: root bus resource [io  0x0000-0xffff]
[    0.193379] pci_bus 0000:00: root bus resource [mem 0xa0000000-0xa7ffffff]
[    0.193388] pci_bus 0000:00: root bus resource [mem 0xa8000000-0xbfffffff pref]
[    0.193397] pci_bus 0000:00: root bus resource [bus 00-ff]
[    0.193430] pci 0000:00:01.0: [10de:0bf0] type 01 class 0x060000
[    0.193489] pci 0000:00:01.0: PME# supported from D0 D1 D2 D3hot D3cold
[    0.193679] PCI: bus0: Fast back to back transfers disabled
[    0.193690] pci 0000:00:01.0: bridge configuration invalid ([bus 00-00]), reconfiguring
[    0.193816] pci 0000:01:00.0: [10ec:8168] type 00 class 0x020000
[    0.193838] pci 0000:01:00.0: reg 0x10: [io  0x0000-0x00ff]
[    0.193859] pci 0000:01:00.0: reg 0x18: [mem 0x00000000-0x00000fff 64bit pref]
[    0.193875] pci 0000:01:00.0: reg 0x20: [mem 0x00000000-0x00003fff 64bit pref]
[    0.193888] pci 0000:01:00.0: reg 0x30: [mem 0x00000000-0x0001ffff pref]
[    0.193962] pci 0000:01:00.0: supports D1 D2
[    0.193970] pci 0000:01:00.0: PME# supported from D0 D1 D2 D3hot D3cold
[    0.202184] PCI: bus1: Fast back to back transfers disabled
[    0.202197] pci_bus 0000:01: busn_res: [bus 01-ff] end is updated to 01
[    0.202209] Disabling cpuidle LP2 state, since PCIe IRQs are in use
[    0.202265] pci 0000:00:01.0: BAR 8: assigned [mem 0xa0000000-0xa00fffff]
[    0.202277] pci 0000:00:01.0: BAR 9: assigned [mem 0xa8000000-0xa80fffff 64bit pref]
[    0.202287] pci 0000:00:01.0: BAR 7: assigned [io  0x1000-0x1fff]
[    0.202299] pci 0000:01:00.0: BAR 6: assigned [mem 0xa0000000-0xa001ffff pref]
[    0.202309] pci 0000:01:00.0: BAR 4: assigned [mem 0xa8000000-0xa8003fff 64bit pref]
[    0.202326] pci 0000:01:00.0: BAR 2: assigned [mem 0xa8004000-0xa8004fff 64bit pref]
[    0.202341] pci 0000:01:00.0: BAR 0: assigned [io  0x1000-0x10ff]
[    0.202352] pci 0000:00:01.0: PCI bridge to [bus 01]
[    0.202359] pci 0000:00:01.0:   bridge window [io  0x1000-0x1fff]
[    0.202367] pci 0000:00:01.0:   bridge window [mem 0xa0000000-0xa00fffff]
[    0.202375] pci 0000:00:01.0:   bridge window [mem 0xa8000000-0xa80fffff 64bit pref]
[    0.202395] pci 0000:00:01.0: nv_msi_ht_cap_quirk didn't locate host bridge
[    0.202463] pcieport 0000:00:01.0: enabling device (0140 -> 0143)
[    0.202612] pcieport 0000:00:01.0: Signaling PME through PCIe PME interrupt
[    0.202620] pci 0000:01:00.0: Signaling PME through PCIe PME interrupt
[    0.202630] pcie_pme 0000:00:01.0:pcie01: service driver pcie_pme loaded
[    0.206344] tegra-apbdma 6000a000.dma: Tegra20 APB DMA driver register 16 channels
[    0.251902] Serial: 8250/16550 driver, 4 ports, IRQ sharing disabled
[    0.254248] console [ttyS0] disabled
[    0.254283] 70006000.serial: ttyS0 at MMIO 0x70006000 (irq = 279, base_baud = 13500000) is a Tegra
[    1.198877] console [ttyS0] enabled
[    1.202992] SuperH (H)SCI(F) driver initialized
[    1.208299] msm_serial: driver initialized
[    1.212555] STMicroelectronics ASC driver initialized
[    1.220308] [drm] Initialized drm 1.1.0 20060810
[    1.227255] 54280000.hdmi supply hdmi not found, using dummy regulator
[    1.236954] [drm] Supports vblank timestamp caching Rev 2 (21.10.2013).
[    1.243586] [drm] No driver support for vblank timestamp query.
[    1.249538] drm drm: No connectors reported connected with modes
[    1.255548] [drm] Cannot find any crtc or sizes - going 1024x768
[    1.277674] Console: switching to colour frame buffer device 128x48
[    1.292360] drm drm: fb0:  frame buffer device
[    1.312160] [drm] Initialized tegra 0.0.0 20120330 on minor 0
[    1.326529] brd: module loaded
[    1.333738] loop: module loaded
[    1.342447] m25p80 spi32766.0: found s25fl008k, expected w25q80bl
[    1.348546] m25p80 spi32766.0: s25fl008k (1024 Kbytes)
[    1.356600] CAN device driver interface
[    1.361929] igb: Intel(R) Gigabit Ethernet Network Driver - version 5.3.0-k
[    1.368889] igb: Copyright (c) 2007-2014 Intel Corporation.
[    1.374986] r8169 Gigabit Ethernet driver 2.3LK-NAPI loaded
[    1.380582] r8169 0000:01:00.0: enabling device (0140 -> 0143)
[    1.387195] r8169 0000:01:00.0 eth0: RTL8168d/8111d at 0xf0878000, 00:01:c0:13:7d:63, XID 081000c0 IRQ 296
[    1.396844] r8169 0000:01:00.0 eth0: jumbo features [frames: 9200 bytes, tx checksumming: ko]
[    1.407367] pegasus: v0.9.3 (2013/04/25), Pegasus/Pegasus II USB Ethernet driver
[    1.414815] usbcore: registered new interface driver pegasus
[    1.420517] usbcore: registered new interface driver asix
[    1.425950] usbcore: registered new interface driver ax88179_178a
[    1.432072] usbcore: registered new interface driver cdc_ether
[    1.437955] usbcore: registered new interface driver smsc75xx
[    1.443750] usbcore: registered new interface driver smsc95xx
[    1.449526] usbcore: registered new interface driver net1080
[    1.455214] usbcore: registered new interface driver cdc_subset
[    1.461162] usbcore: registered new interface driver zaurus
[    1.466789] usbcore: registered new interface driver cdc_ncm
[    1.472740] tegra-phy c5004000.usb-phy: no vbus regulator
[    1.479236] tegra-phy c5008000.usb-phy: no vbus regulator
[    1.486066] ehci_hcd: USB 2.0 'Enhanced' Host Controller (EHCI) Driver
[    1.492597] ehci-pci: EHCI PCI platform driver
[    1.497065] ehci-platform: EHCI generic platform driver
[    1.502462] ehci-omap: OMAP-EHCI Host Controller driver
[    1.507794] ehci-orion: EHCI orion driver
[    1.511893] SPEAr-ehci: EHCI SPEAr driver
[    1.516011] ehci-st: EHCI STMicroelectronics driver
[    1.520996] ehci-exynos: EHCI EXYNOS driver
[    1.525304] ehci-atmel: EHCI Atmel driver
[    1.529422] tegra-ehci: Tegra EHCI driver
[    1.533606] ------------[ cut here ]------------
[    1.538248] WARNING: CPU: 1 PID: 1 at drivers/reset/core.c:187 __of_reset_control_get+0x1bc/0x228
[    1.547109] Modules linked in:
[    1.550172] CPU: 1 PID: 1 Comm: swapper/0 Not tainted 4.6.0-rc5-next-20160428-114809-gef413b9 #1
[    1.558935] Hardware name: NVIDIA Tegra SoC (Flattened Device Tree)
[    1.565212] [<c030f9a0>] (unwind_backtrace) from [<c030b088>] (show_stack+0x10/0x14)
[    1.572944] [<c030b088>] (show_stack) from [<c0584f08>] (dump_stack+0x84/0xa4)
[    1.580157] [<c0584f08>] (dump_stack) from [<c0341b64>] (__warn+0xd4/0x100)
[    1.587105] [<c0341b64>] (__warn) from [<c0341bb0>] (warn_slowpath_null+0x20/0x28)
[    1.594662] [<c0341bb0>] (warn_slowpath_null) from [<c069b5ec>] (__of_reset_control_get+0x1bc/0x228)
[    1.603782] [<c069b5ec>] (__of_reset_control_get) from [<c090bf54>] (tegra_ehci_probe+0x2d0/0x51c)
[    1.612729] [<c090bf54>] (tegra_ehci_probe) from [<c0774044>] (platform_drv_probe+0x50/0xb0)
[    1.621152] [<c0774044>] (platform_drv_probe) from [<c07729a8>] (driver_probe_device+0x1f4/0x2b0)
[    1.630006] [<c07729a8>] (driver_probe_device) from [<c0772b10>] (__driver_attach+0xac/0xb0)
[    1.638426] [<c0772b10>] (__driver_attach) from [<c0770fbc>] (bus_for_each_dev+0x54/0x88)
[    1.646586] [<c0770fbc>] (bus_for_each_dev) from [<c0771f9c>] (bus_add_driver+0xe8/0x1f4)
[    1.654746] [<c0771f9c>] (bus_add_driver) from [<c077332c>] (driver_register+0x78/0xf4)
[    1.662733] [<c077332c>] (driver_register) from [<c0301e5c>] (do_one_initcall+0x3c/0x16c)
[    1.670897] [<c0301e5c>] (do_one_initcall) from [<c1100d80>] (kernel_init_freeable+0x120/0x1ec)
[    1.679582] [<c1100d80>] (kernel_init_freeable) from [<c0b5253c>] (kernel_init+0x8/0x118)
[    1.687744] [<c0b5253c>] (kernel_init) from [<c0307f78>] (ret_from_fork+0x14/0x3c)
[    1.695326] ---[ end trace 31bcfedf3935bfa9 ]---
[    1.699945] tegra-ehci c5000000.usb: can't get utmi-pads reset from the PHY
[    1.706902] tegra-ehci c5000000.usb: continuing, but please update your DT
[    1.733356] ulpi_phy_power_on: ulpi write failed
[    1.737977] tegra-ehci c5004000.usb: Failed to power on the phy
[    1.743909] tegra-ehci: probe of c5004000.usb failed with error -110
[    1.752903] tegra-ehci c5008000.usb: EHCI Host Controller
[    1.758318] tegra-ehci c5008000.usb: new USB bus registered, assigned bus number 1
[    1.766127] tegra-ehci c5008000.usb: irq 290, io mem 0xc5008000
[    1.777167] tegra-ehci c5008000.usb: USB 2.0 started, EHCI 1.00
[    1.783716] hub 1-0:1.0: USB hub found
[    1.787512] hub 1-0:1.0: 1 port detected
[    1.791750] ohci_hcd: USB 1.1 'Open' Host Controller (OHCI) Driver
[    1.797947] ohci-pci: OHCI PCI platform driver
[    1.802438] ohci-platform: OHCI generic platform driver
[    1.807831] ohci-omap3: OHCI OMAP3 driver
[    1.811933] SPEAr-ohci: OHCI SPEAr driver
[    1.816056] ohci-st: OHCI STMicroelectronics driver
[    1.821041] ohci-atmel: OHCI Atmel driver
[    1.825673] usbcore: registered new interface driver usb-storage
[    1.832960] mousedev: PS/2 mouse device common for all mice
[    1.840376] rtc-em3027 2-0056: rtc core: registered rtc-em3027 as rtc0
[    1.848068] tegra_rtc 7000e000.rtc: rtc core: registered 7000e000.rtc as rtc1
[    1.855232] tegra_rtc 7000e000.rtc: Tegra internal Real Time Clock
[    1.861817] i2c /dev entries driver
[    1.874256] sdhci: Secure Digital Host Controller Interface driver
[    1.880449] sdhci: Copyright(c) Pierre Ossman
[    1.886012] Synopsys Designware Multimedia Card Interface Driver
[    1.892885] sdhci-pltfm: SDHCI platform and OF driver helper
[    1.899409] mmc0: Invalid maximum block size, assuming 512 bytes
[    1.932169] mmc0: SDHCI controller on c8000000.sdhci [c8000000.sdhci] using ADMA
[    1.939670] sdhci-tegra c8000600.sdhci: Got CD GPIO
[    1.944563] sdhci-tegra c8000600.sdhci: Got WP GPIO
[    1.949596] mmc1: Invalid maximum block size, assuming 512 bytes
[    1.982245] mmc1: SDHCI controller on c8000600.sdhci [c8000600.sdhci] using ADMA
[    1.990840] ledtrig-cpu: registered to indicate activity on CPUs
[    1.997247] usbcore: registered new interface driver usbhid
[    2.002820] usbhid: USB HID core driver
[    2.011044] NET: Registered protocol family 10
[    2.016190] sit: IPv6 over IPv4 tunneling driver
[    2.021298] NET: Registered protocol family 17
[    2.025757] can: controller area network core (rev 20120528 abi 9)
[    2.031982] NET: Registered protocol family 29
[    2.036428] can: raw protocol (rev 20120528)
[    2.040696] can: broadcast manager protocol (rev 20120528 t)
[    2.046356] can: netlink gateway (rev 20130117) max_hops=1
[    2.052159] Key type dns_resolver registered
[    2.056775] ThumbEE CPU extension supported.
[    2.061057] Registering SWP/SWPB emulation handler
[    2.073852] utmi_phy_clk_enable: timeout waiting for phy to stabilize
[    2.080317] tegra-ehci c5000000.usb: EHCI Host Controller
[    2.085730] tegra-ehci c5000000.usb: new USB bus registered, assigned bus number 2
[    2.093595] tegra-ehci c5000000.usb: irq 288, io mem 0xc5000000
[    2.107181] usb 1-1: new high-speed USB device number 2 using tegra-ehci
[    2.114178] mmc0: host does not support reading read-only switch, assuming write-enable
[    2.122234] tegra-ehci c5000000.usb: USB 2.0 started, EHCI 1.00
[    2.128315] mmc0: new high speed SDHC card at address b368
[    2.134217] mmcblk0: mmc0:b368 NCard 3.70 GiB 
[    2.134415] hub 2-0:1.0: USB hub found
[    2.134444] hub 2-0:1.0: 1 port detected
[    2.139291] input: gpio-keys as /devices/soc0/gpio-keys/input/input0
[    2.152714] rtc-em3027 2-0056: setting system clock to 2014-12-29 17:05:16 UTC (1419872716)
[    2.163123]  mmcblk0: p1
[    2.166698] EXT4-fs (mmcblk0p1): mounting ext3 file system using the ext4 subsystem
[    2.186252] mmc1: new high speed SD card at address b368
[    2.191999] mmcblk1: mmc1:b368 NCard 1.83 GiB (ro)
[    2.199260]  mmcblk1: p1 p2
[    2.253322] hub 1-1:1.0: USB hub found
[    2.257536] EXT4-fs (mmcblk0p1): recovery complete
[    2.262348] EXT4-fs (mmcblk0p1): mounted filesystem with ordered data mode. Opts: (null)
[    2.270460] VFS: Mounted root (ext3 filesystem) on device 179:1.
[    2.276536] hub 1-1:1.0: 4 ports detected
[    2.283331] devtmpfs: mounted
[    2.288372] Freeing unused kernel memory: 2048K (c1100000 - c1300000)
bash: cannot set terminal process group (-1): Inappropriate ioctl for device
bash: no job control in this shell
[    2.562260] usb 1-1.2: new high-speed USB device number 3 using tegra-ehci
root@(none):/# [    3.480470] asix 1-1.2:1.0 eth1: register 'asix' at usb-c5008000.usb-1.2, ASIX AX88772 USB 2.0 Ethernet, 00:60:6e:60:6c:68
mount -t sysfs none /sys
root@(none):/# 
root@(none):/# mount -t debugfs none /sys/kernel/debug
root@(none):/# 
root@(none):/# rtcwake -d rtc1 -m mem -s 3
rtcwake: assuming RTC uses UTC ...
rtcwake: wakeup from "mem" using /dev/rtc1 at Thu Jan  1 00:00:23 1970
[    6.963344] PM: Syncing filesystems ... done.
[    7.009793] Freezing user space processes ... (elapsed 0.001 seconds) done.
[    7.018339] Freezing remaining freezable tasks ... (elapsed 0.001 seconds) done.
[    7.027417] Suspending console(s) (use no_console_suspend to debug)
[    7.064932] PM: suspend of devices complete after 28.614 msecs
[    7.068477] PM: late suspend of devices complete after 3.513 msecs
[    7.082833] PM: noirq suspend of devices complete after 14.324 msecs
[    7.082845] Disabling non-boot CPUs ...
[    7.084770] CPU1: shutdown
[    7.110281] Entering suspend state LP1
[    7.110331] Enabling non-boot CPUs ...
[    7.136398] CPU1 is up
[    7.137366] pcieport 0000:00:01.0: nv_msi_ht_cap_quirk didn't locate host bridge
[    7.152444] PM: noirq resume of devices complete after 16.011 msecs
[    7.155865] PM: early resume of devices complete after 2.888 msecs
[    7.215727] PM: resume of devices complete after 59.827 msecs
[    7.279778] Restarting tasks ... done.
root@(none):/# 
root@(none):/# rtcwake -d rtc1 -m mem -s 3
rtcwake: assuming RTC uses UTC ...
rtcwake: wakeup from "mem" using /dev/rtc1 at Thu Jan  1 00:00:27 1970
[    7.872051] PM: Syncing filesystems ... done.
[    7.917548] Freezing user space processes ... (elapsed 0.001 seconds) done.
[    7.926020] Freezing remaining freezable tasks ... (elapsed 0.001 seconds) done.
[    7.935099] Suspending console(s) (use no_console_suspend to debug)
[    7.968906] PM: suspend of devices complete after 24.887 msecs
[    7.972507] PM: late suspend of devices complete after 3.568 msecs
[    7.987754] PM: noirq suspend of devices complete after 15.214 msecs
[    7.987766] Disabling non-boot CPUs ...
[    7.989624] CPU1: shutdown
[    8.005272] Entering suspend state LP1
[    8.005322] Enabling non-boot CPUs ...
[    8.031398] CPU1 is up
[    8.032221] pcieport 0000:00:01.0: nv_msi_ht_cap_quirk didn't locate host bridge
[    8.047336] PM: noirq resume of devices complete after 15.904 msecs
[    8.050713] PM: early resume of devices complete after 2.847 msecs
[    8.110649] PM: resume of devices complete after 59.902 msecs
[    8.174687] Restarting tasks ... done.
root@(none):/# 
root@(none):/# rtcwake -d rtc1 -m mem -s 3
rtcwake: assuming RTC uses UTC ...
rtcwake: wakeup from "mem" using /dev/rtc1 at Thu Jan  1 00:00:31 1970
[    8.762553] PM: Syncing filesystems ... done.
[    8.795308] Freezing user space processes ... (elapsed 0.001 seconds) done.
[    8.803732] Freezing remaining freezable tasks ... (elapsed 0.001 seconds) done.
[    8.812641] Suspending console(s) (use no_console_suspend to debug)
[    8.840299] PM: suspend of devices complete after 19.541 msecs
[    8.843853] PM: late suspend of devices complete after 3.521 msecs
[    8.862688] PM: noirq suspend of devices complete after 18.802 msecs
[    8.862699] Disabling non-boot CPUs ...
[    8.864534] CPU1: shutdown
[    8.880181] Entering suspend state LP1
[    8.880231] Enabling non-boot CPUs ...
[    8.906306] CPU1 is up
[    8.907527] pcieport 0000:00:01.0: nv_msi_ht_cap_quirk didn't locate host bridge
[    8.922346] PM: noirq resume of devices complete after 16.006 msecs
[    8.926060] PM: early resume of devices complete after 2.983 msecs
[    8.990443] PM: resume of devices complete after 64.350 msecs
[    9.054515] Restarting tasks ... done.
root@(none):/# 
root@(none):/# rtcwake -d rtc1 -m mem -s 3
rtcwake: assuming RTC uses UTC ...
rtcwake: wakeup from "mem" using /dev/rtc1 at Thu Jan  1 00:00:35 1970
[    9.646941] PM: Syncing filesystems ... done.
[    9.692467] Freezing user space processes ... (elapsed 0.001 seconds) done.
[    9.701026] Freezing remaining freezable tasks ... (elapsed 0.001 seconds) done.
[    9.710110] Suspending console(s) (use no_console_suspend to debug)
[    9.739308] PM: suspend of devices complete after 20.273 msecs
[    9.742849] PM: late suspend of devices complete after 3.508 msecs
[    9.757602] PM: noirq suspend of devices complete after 14.720 msecs
[    9.757614] Disabling non-boot CPUs ...
[    9.759410] CPU1: shutdown
[    9.785112] Entering suspend state LP1
[    9.785162] Enabling non-boot CPUs ...
[    9.811262] CPU1 is up
[    9.812593] pcieport 0000:00:01.0: nv_msi_ht_cap_quirk didn't locate host bridge
[    9.827255] PM: noirq resume of devices complete after 15.957 msecs
[    9.830928] PM: early resume of devices complete after 2.951 msecs
[    9.900442] PM: resume of devices complete after 69.480 msecs
[    9.964500] Restarting tasks ... done.
root@(none):/# 
root@(none):/# rtcwake -d rtc1 -m mem -s 3
rtcwake: assuming RTC uses UTC ...
rtcwake: wakeup from "mem" using /dev/rtc1 at Thu Jan  1 00:00:39 1970
[   10.547605] PM: Syncing filesystems ... done.
[   10.580366] Freezing user space processes ... (elapsed 0.001 seconds) done.
[   10.588781] Freezing remaining freezable tasks ... (elapsed 0.001 seconds) done.
[   10.597713] Suspending console(s) (use no_console_suspend to debug)
[   10.624692] PM: suspend of devices complete after 18.858 msecs
[   10.628255] PM: late suspend of devices complete after 3.531 msecs
[   10.642541] PM: noirq suspend of devices complete after 14.252 msecs
[   10.642552] Disabling non-boot CPUs ...
[   10.644364] CPU1: shutdown
[   10.670027] Entering suspend state LP1
[   10.670077] Enabling non-boot CPUs ...
[   10.696182] CPU1 is up
[   10.697682] pcieport 0000:00:01.0: nv_msi_ht_cap_quirk didn't locate host bridge
[   10.712217] PM: noirq resume of devices complete after 16.001 msecs
[   10.715826] PM: early resume of devices complete after 2.903 msecs
[   10.780240] PM: resume of devices complete after 64.379 msecs
[   10.844329] Restarting tasks ... done.
root@(none):/# 
root@(none):/# rtcwake -d rtc1 -m mem -s 3
rtcwake: assuming RTC uses UTC ...
rtcwake: wakeup from "mem" using /dev/rtc1 at Thu Jan  1 00:00:43 1970
[   11.436924] PM: Syncing filesystems ... done.
[   11.482376] Freezing user space processes ... (elapsed 0.001 seconds) done.
[   11.490926] Freezing remaining freezable tasks ... (elapsed 0.001 seconds) done.
[   11.500037] Suspending console(s) (use no_console_suspend to debug)
[   11.529379] PM: suspend of devices complete after 20.415 msecs
[   11.532953] PM: late suspend of devices complete after 3.541 msecs
[   11.547474] PM: noirq suspend of devices complete after 14.488 msecs
[   11.547485] Disabling non-boot CPUs ...
[   11.549291] CPU1: shutdown
[   11.574993] Entering suspend state LP1
[   11.575043] Enabling non-boot CPUs ...
[   11.601140] CPU1 is up
[   11.602446] pcieport 0000:00:01.0: nv_msi_ht_cap_quirk didn't locate host bridge
[   11.617130] PM: noirq resume of devices complete after 15.954 msecs
[   11.620761] PM: early resume of devices complete after 2.905 msecs
[   11.690362] PM: resume of devices complete after 69.567 msecs
[   11.754462] Restarting tasks ... done.
root@(none):/# 
root@(none):/# rtcwake -d rtc1 -m mem -s 3
rtcwake: assuming RTC uses UTC ...
rtcwake: wakeup from "mem" using /dev/rtc1 at Thu Jan  1 00:00:47 1970
[   12.341561] PM: Syncing filesystems ... done.
[   12.387069] Freezing user space processes ... (elapsed 0.001 seconds) done.
[   12.395588] Freezing remaining freezable tasks ... (elapsed 0.001 seconds) done.
[   12.404713] Suspending console(s) (use no_console_suspend to debug)
[   12.438986] PM: suspend of devices complete after 25.359 msecs
[   12.442580] PM: late suspend of devices complete after 3.562 msecs
[   12.457410] PM: noirq suspend of devices complete after 14.796 msecs
[   12.457421] Disabling non-boot CPUs ...
[   12.459238] CPU1: shutdown
[   12.484898] Entering suspend state LP1
[   12.484949] Enabling non-boot CPUs ...
[   12.511027] CPU1 is up
[   12.512385] pcieport 0000:00:01.0: nv_msi_ht_cap_quirk didn't locate host bridge
[   12.527057] PM: noirq resume of devices complete after 15.995 msecs
[   12.530692] PM: early resume of devices complete after 2.928 msecs
[   12.595248] PM: resume of devices complete after 64.520 msecs
[   12.659353] Restarting tasks ... done.
root@(none):/# 
root@(none):/# rtcwake -d rtc1 -m mem -s 3
rtcwake: assuming RTC uses UTC ...
rtcwake: wakeup from "mem" using /dev/rtc1 at Thu Jan  1 00:00:51 1970
[   13.247243] PM: Syncing filesystems ... done.
[   13.280030] Freezing user space processes ... (elapsed 0.001 seconds) done.
[   13.288460] Freezing remaining freezable tasks ... (elapsed 0.001 seconds) done.
[   13.297388] Suspending console(s) (use no_console_suspend to debug)
[   13.324055] PM: suspend of devices complete after 18.533 msecs
[   13.327641] PM: late suspend of devices complete after 3.553 msecs
[   13.342350] PM: noirq suspend of devices complete after 14.676 msecs
[   13.342361] Disabling non-boot CPUs ...
[   13.344173] CPU1: shutdown
[   13.369869] Entering suspend state LP1
[   13.369920] Enabling non-boot CPUs ...
[   13.395998] CPU1 is up
[   13.397398] pcieport 0000:00:01.0: nv_msi_ht_cap_quirk didn't locate host bridge
[   13.412009] PM: noirq resume of devices complete after 15.977 msecs
[   13.415636] PM: early resume of devices complete after 2.900 msecs
[   13.485221] PM: resume of devices complete after 69.551 msecs
[   13.549341] Restarting tasks ... done.
root@(none):/# 
root@(none):/# rtcwake -d rtc1 -m mem -s 3
rtcwake: assuming RTC uses UTC ...
rtcwake: wakeup from "mem" using /dev/rtc1 at Thu Jan  1 00:00:55 1970
[   14.132420] PM: Syncing filesystems ... done.
[   14.165174] Freezing user space processes ... (elapsed 0.001 seconds) done.
[   14.173593] Freezing remaining freezable tasks ... (elapsed 0.001 seconds) done.
[   14.182505] Suspending console(s) (use no_console_suspend to debug)
[   14.210468] PM: suspend of devices complete after 19.820 msecs
[   14.214011] PM: late suspend of devices complete after 3.509 msecs
[   14.232308] PM: noirq suspend of devices complete after 18.265 msecs
[   14.232319] Disabling non-boot CPUs ...
[   14.234267] CPU1: shutdown
[   14.259789] Entering suspend state LP1
[   14.259840] Enabling non-boot CPUs ...
[   14.285897] CPU1 is up
[   14.287209] pcieport 0000:00:01.0: nv_msi_ht_cap_quirk didn't locate host bridge
[   14.301964] PM: noirq resume of devices complete after 16.033 msecs
[   14.305587] PM: early resume of devices complete after 2.903 msecs
[   14.375103] PM: resume of devices complete after 69.483 msecs
[   14.439193] Restarting tasks ... done.
root@(none):/# 
root@(none):/# rtcwake -d rtc1 -m mem -s 3
rtcwake: assuming RTC uses UTC ...
rtcwake: wakeup from "mem" using /dev/rtc1 at Thu Jan  1 00:00:59 1970
[   15.026414] PM: Syncing filesystems ... done.
[   15.071957] Freezing user space processes ... (elapsed 0.001 seconds) done.
[   15.080474] Freezing remaining freezable tasks ... (elapsed 0.001 seconds) done.
[   15.089557] Suspending console(s) (use no_console_suspend to debug)
[   15.123785] PM: suspend of devices complete after 25.263 msecs
[   15.127320] PM: late suspend of devices complete after 3.502 msecs
[   15.142232] PM: noirq suspend of devices complete after 14.881 msecs
[   15.142244] Disabling non-boot CPUs ...
[   15.144177] CPU1: shutdown
[   15.169747] Entering suspend state LP1
[   15.169796] Enabling non-boot CPUs ...
[   15.195879] CPU1 is up
[   15.197066] pcieport 0000:00:01.0: nv_msi_ht_cap_quirk didn't locate host bridge
[   15.211850] PM: noirq resume of devices complete after 15.937 msecs
[   15.215510] PM: early resume of devices complete after 2.926 msecs
[   15.283833] PM: resume of devices complete after 68.288 msecs
[   15.347920] Restarting tasks ... done.
root@(none):/# 
root@(none):/# NVTB SYSTEM SUSPEND TEST COMPLETE
