
U-Boot SPL 2015.04-rc3-00209-ga74ef40 (Mar 16 2015 - 14:43:39)


U-Boot 2015.04-rc3-00209-ga74ef40 (Mar 16 2015 - 14:43:39)

TEGRA20
Model: Compulab TrimSlice board
DRAM:  1 GiB
MMC:   Tegra SD/MMC: 0, Tegra SD/MMC: 1
SF: Detected W25Q80BL with page size 256 Bytes, erase size 4 KiB, total 1 MiB
tegra-pcie: PCI regions:
tegra-pcie:   I/O: 0x82000000-0x82010000
tegra-pcie:   non-prefetchable memory: 0xa0000000-0xa8000000
tegra-pcie:   prefetchable memory: 0xa8000000-0xc0000000
tegra-pcie: dual-mode configuration
tegra-pcie: probing port 0, using 2 lanes
In:    serial
Out:   serial
Err:   serial
Net:   RTL8169#0
Hit any key to stop autoboot:  2  1  0 
Tegra20 (TrimSlice) # 
Tegra20 (TrimSlice) # usb reset
resetting USB...
USB0:   USB EHCI 1.00
scanning bus 0 for devices... 3 USB Device(s) found
USB1:   USB EHCI 1.00
scanning bus 1 for devices... 1 USB Device(s) found
USB2:   lowlevel init failed
       scanning usb for storage devices... 0 Storage Device(s) found
       scanning usb for ethernet devices... 
Warning: asx0 using MAC address from net device
1 Ethernet Device(s) found
Tegra20 (TrimSlice) # setenv bootargs 'ignore_loglevel console=ttyS0,115200n8 rw root=PARTUUID=11eb23c1-01 rootwait gpt debug noinitrd earlyprintk init=/bin/bash'
Tegra20 (TrimSlice) # setenv ipaddr 192.168.100.103; setenv serverip 192.168.100.1; setenv tftpserverip 192.168.100.1
Tegra20 (TrimSlice) # tftpboot 0x00408000 zImage.tegra_defconfig
Using RTL8169#0 device
TFTP from server 192.168.100.1; our IP address is 192.168.100.103
Filename 'zImage.tegra_defconfig'.
Load address: 0x408000
Loading: *#################################################################
	 #################################################################
	 #################################################################
	 #################################################################
	 #################################################################
	 #########################################
	 4 MiB/s
done
Bytes transferred = 5360304 (51cab0 hex)
Tegra20 (TrimSlice) # tftpboot 0x02408000 tegra20-trimslice.dtb
Using RTL8169#0 device
TFTP from server 192.168.100.1; our IP address is 192.168.100.103
Filename 'tegra20-trimslice.dtb'.
Load address: 0x2408000
Loading: *##
	 3.4 MiB/s
done
Bytes transferred = 21172 (52b4 hex)
Tegra20 (TrimSlice) # bootz 0x00408000 - 0x02408000
Kernel image @ 0x408000 [ 0x000000 - 0x51cab0 ]
## Flattened Device Tree blob at 02408000
   Booting using the fdt blob at 0x2408000
   Using Device Tree in place at 02408000, end 024102b3

Starting kernel ...

Uncompressing Linux... done, booting the kernel.
[    0.000000] Booting Linux on physical CPU 0x0
[    0.000000] Linux version 4.6.0-rc5-next-20160428-114809-gef413b9 (pwalmsley@tamien) (gcc version 4.7.3 20130328 (prerelease) (crosstool-NG linaro-1.13.1-4.7-2013.04-20130415 - Linaro GCC 2013.04) ) #1 SMP PREEMPT Thu Apr 28 04:18:00 PDT 2016
[    0.000000] CPU: ARMv7 Processor [411fc090] revision 0 (ARMv7), cr=10c5387d
[    0.000000] CPU: PIPT / VIPT nonaliasing data cache, VIPT aliasing instruction cache
[    0.000000] Machine model: Compulab TrimSlice board
[    0.000000] debug: ignoring loglevel setting.
[    0.000000] bootconsole [earlycon0] enabled
[    0.000000] cma: Reserved 64 MiB at 0x3c000000
[    0.000000] Memory policy: Data cache writealloc
[    0.000000] On node 0 totalpages: 262144
[    0.000000] free_area_init_node: node 0, pgdat c0c5bf80, node_mem_map ef7f7000
[    0.000000]   Normal zone: 1536 pages used for memmap
[    0.000000]   Normal zone: 0 pages reserved
[    0.000000]   Normal zone: 196608 pages, LIFO batch:31
[    0.000000]   HighMem zone: 65536 pages, LIFO batch:15
[    0.000000] percpu: Embedded 13 pages/cpu @ef7c8000 s23872 r8192 d21184 u53248
[    0.000000] pcpu-alloc: s23872 r8192 d21184 u53248 alloc=13*4096
[    0.000000] pcpu-alloc: [0] 0 [0] 1 
[    0.000000] Built 1 zonelists in Zone order, mobility grouping on.  Total pages: 260608
[    0.000000] Kernel command line: ignore_loglevel console=ttyS0,115200n8 rw root=PARTUUID=11eb23c1-01 rootwait gpt debug noinitrd earlyprintk init=/bin/bash
[    0.000000] PID hash table entries: 4096 (order: 2, 16384 bytes)
[    0.000000] Dentry cache hash table entries: 131072 (order: 7, 524288 bytes)
[    0.000000] Inode-cache hash table entries: 65536 (order: 6, 262144 bytes)
[    0.000000] Memory: 961796K/1048576K available (7415K kernel code, 374K rwdata, 2552K rodata, 1024K init, 362K bss, 21244K reserved, 65536K cma-reserved, 196608K highmem)
[    0.000000] Virtual kernel memory layout:
[    0.000000]     vector  : 0xffff0000 - 0xffff1000   (   4 kB)
[    0.000000]     fixmap  : 0xffc00000 - 0xfff00000   (3072 kB)
[    0.000000]     vmalloc : 0xf0800000 - 0xff800000   ( 240 MB)
[    0.000000]     lowmem  : 0xc0000000 - 0xf0000000   ( 768 MB)
[    0.000000]     pkmap   : 0xbfe00000 - 0xc0000000   (   2 MB)
[    0.000000]     modules : 0xbf000000 - 0xbfe00000   (  14 MB)
[    0.000000]       .text : 0xc0008000 - 0xc0abbcf4   (10960 kB)
[    0.000000]       .init : 0xc0b00000 - 0xc0c00000   (1024 kB)
[    0.000000]       .data : 0xc0c00000 - 0xc0c5db00   ( 375 kB)
[    0.000000]        .bss : 0xc0c5f000 - 0xc0cb9a90   ( 363 kB)
[    0.000000] Preemptible hierarchical RCU implementation.
[    0.000000] 	Build-time adjustment of leaf fanout to 32.
[    0.000000] 	RCU restricting CPUs from NR_CPUS=4 to nr_cpu_ids=2.
[    0.000000] RCU: Adjusting geometry for rcu_fanout_leaf=32, nr_cpu_ids=2
[    0.000000] NR_IRQS:16 nr_irqs:16 16
[    0.000000] /interrupt-controller@60004000: 128 interrupts forwarded to /interrupt-controller@50041000
[    0.000000] L2C: platform modifies aux control register: 0x02080000 -> 0x3e480001
[    0.000000] L2C: DT/platform modifies aux control register: 0x02080000 -> 0x3e480001
[    0.000000] L2C-310 errata 727915 769419 enabled
[    0.000000] L2C-310 enabling early BRESP for Cortex-A9
[    0.000000] L2C-310: enabling full line of zeros but not enabled in Cortex-A9
[    0.000000] L2C-310 ID prefetch enabled, offset 1 lines
[    0.000000] L2C-310 cache controller enabled, 8 ways, 1024 kB
[    0.000000] L2C-310: CACHE_ID 0x410000c4, AUX_CTRL 0x7e480001
[    0.000010] sched_clock: 32 bits at 1000kHz, resolution 1000ns, wraps every 2147483647500ns
[    0.008354] clocksource: timer_us: mask: 0xffffffff max_cycles: 0xffffffff, max_idle_ns: 1911260446275 ns
[    0.017969] Switching to timer-based delay loop, resolution 1000ns
[    0.024851] Console: colour dummy device 80x30
[    0.029295] Calibrating delay loop (skipped), value calculated using timer frequency.. 2.00 BogoMIPS (lpj=10000)
[    0.039511] pid_max: default: 32768 minimum: 301
[    0.044678] Mount-cache hash table entries: 2048 (order: 1, 8192 bytes)
[    0.051292] Mountpoint-cache hash table entries: 2048 (order: 1, 8192 bytes)
[    0.060026] CPU: Testing write buffer coherency: ok
[    0.065172] CPU0: thread -1, cpu 0, socket 0, mpidr 80000000
[    0.070851] Setting up static identity map for 0x100000 - 0x100098
[    0.078476] Tegra Revision: A03 prime SKU: 8 CPU Process: 1 SoC Process: 2
[    0.087025] CPU1: thread -1, cpu 1, socket 0, mpidr 80000001
[    0.087101] Brought up 2 CPUs
[    0.095783] SMP: Total of 2 processors activated (4.00 BogoMIPS).
[    0.101943] CPU: All CPU(s) started in SVC mode.
[    0.130741] devtmpfs: initialized
[    0.151152] VFP support v0.3: implementor 41 architecture 3 part 30 variant 9 rev 1
[    0.159391] clocksource: jiffies: mask: 0xffffffff max_cycles: 0xffffffff, max_idle_ns: 19112604462750000 ns
[    0.230013] pinctrl core: initialized pinctrl subsystem
[    0.320589] NET: Registered protocol family 16
[    0.326810] DMA: preallocated 256 KiB pool for atomic coherent allocations
[    0.359978] cpuidle: using governor menu
[    0.384340] No ATAGs?
[    0.386359] hw-breakpoint: found 5 (+1 reserved) breakpoint and 1 watchpoint registers.
[    0.394681] hw-breakpoint: maximum watchpoint size is 4 bytes.
[    0.751971] usb1_vbus: Failed to request enable GPIO170: -517
[    0.757712] reg-fixed-voltage regulators:regulator@2: Failed to register regulator: -517
[    0.769886] vgaarb: loaded
[    0.800547] SCSI subsystem initialized
[    0.804596] libata version 3.00 loaded.
[    0.809180] usbcore: registered new interface driver usbfs
[    0.814843] usbcore: registered new interface driver hub
[    0.820338] usbcore: registered new device driver usb
[    0.828255] Linux video capture interface: v2.00
[    0.833014] pps_core: LinuxPPS API ver. 1 registered
[    0.837966] pps_core: Software ver. 5.3.6 - Copyright 2005-2007 Rodolfo Giometti <giometti@linux.it>
[    0.847229] PTP clock support registered
[    0.852265] Advanced Linux Sound Architecture Driver Initialized.
[    0.860196] Bluetooth: Core ver 2.21
[    0.863846] NET: Registered protocol family 31
[    0.868278] Bluetooth: HCI device and connection manager initialized
[    0.874723] Bluetooth: HCI socket layer initialized
[    0.879646] Bluetooth: L2CAP socket layer initialized
[    0.884799] Bluetooth: SCO socket layer initialized
[    0.891380] clocksource: Switched to clocksource timer_us
[    1.171404] NET: Registered protocol family 2
[    1.411410] TCP established hash table entries: 8192 (order: 3, 32768 bytes)
[    1.418509] TCP bind hash table entries: 8192 (order: 4, 65536 bytes)
[    1.425068] TCP: Hash tables configured (established 8192 bind 8192)
[    1.432104] UDP hash table entries: 512 (order: 2, 16384 bytes)
[    1.438048] UDP-Lite hash table entries: 512 (order: 2, 16384 bytes)
[    1.531403] NET: Registered protocol family 1
[    1.621409] RPC: Registered named UNIX socket transport module.
[    1.627316] RPC: Registered udp transport module.
[    1.632098] RPC: Registered tcp transport module.
[    1.636849] RPC: Registered tcp NFSv4.1 backchannel transport module.
[    1.643380] PCI: CLS 0 bytes, default 64
[    1.649752] hw perfevents: enabled with armv7_cortex_a9 PMU driver, 7 counters available
[    1.683333] futex hash table entries: 512 (order: 3, 32768 bytes)
[    1.691066] workingset: timestamp_bits=28 max_order=18 bucket_order=0
[    2.271403] squashfs: version 4.0 (2009/01/31) Phillip Lougher
[    2.511475] NFS: Registering the id_resolver key type
[    2.516551] Key type id_resolver registered
[    2.520761] Key type id_legacy registered
[    2.529174] bounce: pool size: 64 pages
[    2.533045] io scheduler noop registered (default)
[    2.696443] tegra-pcie 80003000.pcie-controller: dual-mode configuration
[    2.704295] tegra-pcie 80003000.pcie-controller: probing port 0, using 2 lanes
[    2.782424] tegra-pcie 80003000.pcie-controller: PCI host bridge to bus 0000:00
[    2.789722] pci_bus 0000:00: root bus resource [io  0x0000-0xffff]
[    2.795978] pci_bus 0000:00: root bus resource [mem 0xa0000000-0xa7ffffff]
[    2.802905] pci_bus 0000:00: root bus resource [mem 0xa8000000-0xbfffffff pref]
[    2.810260] pci_bus 0000:00: root bus resource [bus 00-ff]
[    2.815859] pci 0000:00:01.0: [10de:0bf0] type 01 class 0x060000
[    2.821942] pci 0000:00:01.0: PME# supported from D0 D1 D2 D3hot D3cold
[    2.829195] PCI: bus0: Fast back to back transfers disabled
[    2.834775] pci 0000:00:01.0: bridge configuration invalid ([bus 00-00]), reconfiguring
[    2.843214] pci 0000:01:00.0: [10ec:8168] type 00 class 0x020000
[    2.849222] pci 0000:01:00.0: reg 0x10: [io  0x0000-0x00ff]
[    2.854872] pci 0000:01:00.0: reg 0x18: [mem 0x00000000-0x00000fff 64bit pref]
[    2.862142] pci 0000:01:00.0: reg 0x20: [mem 0x00000000-0x00003fff 64bit pref]
[    2.869407] pci 0000:01:00.0: reg 0x30: [mem 0x00000000-0x0001ffff pref]
[    2.876245] pci 0000:01:00.0: supports D1 D2
[    2.880506] pci 0000:01:00.0: PME# supported from D0 D1 D2 D3hot D3cold
[    2.901415] PCI: bus1: Fast back to back transfers disabled
[    2.906979] pci_bus 0000:01: busn_res: [bus 01-ff] end is updated to 01
[    2.913668] Disabling cpuidle LP2 state, since PCIe IRQs are in use
[    2.920030] pci 0000:00:01.0: BAR 8: assigned [mem 0xa0000000-0xa00fffff]
[    2.926839] pci 0000:00:01.0: BAR 9: assigned [mem 0xa8000000-0xa80fffff 64bit pref]
[    2.934635] pci 0000:00:01.0: BAR 7: assigned [io  0x1000-0x1fff]
[    2.940784] pci 0000:01:00.0: BAR 6: assigned [mem 0xa0000000-0xa001ffff pref]
[    2.948070] pci 0000:01:00.0: BAR 4: assigned [mem 0xa8000000-0xa8003fff 64bit pref]
[    2.955876] pci 0000:01:00.0: BAR 2: assigned [mem 0xa8004000-0xa8004fff 64bit pref]
[    2.963675] pci 0000:01:00.0: BAR 0: assigned [io  0x1000-0x10ff]
[    2.969814] pci 0000:00:01.0: PCI bridge to [bus 01]
[    2.974848] pci 0000:00:01.0:   bridge window [io  0x1000-0x1fff]
[    2.980990] pci 0000:00:01.0:   bridge window [mem 0xa0000000-0xa00fffff]
[    2.987847] pci 0000:00:01.0:   bridge window [mem 0xa8000000-0xa80fffff 64bit pref]
[    2.995659] pci 0000:00:01.0: nv_msi_ht_cap_quirk didn't locate host bridge
[    3.002776] pcieport 0000:00:01.0: enabling device (0140 -> 0143)
[    3.009285] pcieport 0000:00:01.0: Signaling PME through PCIe PME interrupt
[    3.016249] pci 0000:01:00.0: Signaling PME through PCIe PME interrupt
[    3.022831] pcie_pme 0000:00:01.0:pcie01: service driver pcie_pme loaded
[    3.036283] tegra-apbdma 6000a000.dma: Tegra20 APB DMA driver register 16 channels
[    3.045578] Serial: 8250/16550 driver, 4 ports, IRQ sharing disabled
[    3.055837] console [ttyS0] disabled
[    3.059439] 70006000.serial: ttyS0 at MMIO 0x70006000 (irq = 279, base_baud = 13500000) is a Tegra
[    3.068482] console [ttyS0] enabled
[    3.068482] console [ttyS0] enabled
[    3.075468] bootconsole [earlycon0] disabled
[    3.075468] bootconsole [earlycon0] disabled
[    3.086576] [drm] Initialized drm 1.1.0 20060810
[    3.092210] 54280000.hdmi supply hdmi not found, using dummy regulator
[    3.104235] [drm] Supports vblank timestamp caching Rev 2 (21.10.2013).
[    3.110834] [drm] No driver support for vblank timestamp query.
[    3.116889] drm drm: No connectors reported connected with modes
[    3.122919] [drm] Cannot find any crtc or sizes - going 1024x768
[    3.146200] Console: switching to colour frame buffer device 128x48
[    3.160241] drm drm: fb0:  frame buffer device
[    3.191404] [drm] Initialized tegra 0.0.0 20120330 on minor 0
[    3.213815] loop: module loaded
[    3.244744] m25p80 spi32766.0: found s25fl008k, expected w25q80bl
[    3.250832] m25p80 spi32766.0: s25fl008k (1024 Kbytes)
[    3.259162] CAN device driver interface
[    3.263148] igb: Intel(R) Gigabit Ethernet Network Driver - version 5.3.0-k
[    3.270091] igb: Copyright (c) 2007-2014 Intel Corporation.
[    3.275965] r8169 Gigabit Ethernet driver 2.3LK-NAPI loaded
[    3.281638] r8169 0000:01:00.0: enabling device (0140 -> 0143)
[    3.289291] r8169 0000:01:00.0 eth0: RTL8168d/8111d at 0xf085e000, 00:01:c0:13:7d:63, XID 081000c0 IRQ 296
[    3.298971] r8169 0000:01:00.0 eth0: jumbo features [frames: 9200 bytes, tx checksumming: ko]
[    3.307709] pegasus: v0.9.3 (2013/04/25), Pegasus/Pegasus II USB Ethernet driver
[    3.315270] usbcore: registered new interface driver pegasus
[    3.321092] usbcore: registered new interface driver asix
[    3.326627] usbcore: registered new interface driver ax88179_178a
[    3.332872] usbcore: registered new interface driver cdc_ether
[    3.338875] usbcore: registered new interface driver smsc75xx
[    3.344815] usbcore: registered new interface driver smsc95xx
[    3.350679] usbcore: registered new interface driver net1080
[    3.356473] usbcore: registered new interface driver cdc_subset
[    3.362526] usbcore: registered new interface driver zaurus
[    3.368271] usbcore: registered new interface driver cdc_ncm
[    3.374324] tegra-phy c5004000.usb-phy: no vbus regulator
[    3.380844] tegra-phy c5008000.usb-phy: no vbus regulator
[    3.386387] ehci_hcd: USB 2.0 'Enhanced' Host Controller (EHCI) Driver
[    3.392913] ehci-pci: EHCI PCI platform driver
[    3.397500] tegra-ehci: Tegra EHCI driver
[    3.401715] ------------[ cut here ]------------
[    3.406336] WARNING: CPU: 0 PID: 1 at drivers/reset/core.c:187 __of_reset_control_get+0x1b4/0x218
[    3.415201] Modules linked in:
[    3.418253] CPU: 0 PID: 1 Comm: swapper/0 Not tainted 4.6.0-rc5-next-20160428-114809-gef413b9 #1
[    3.427016] Hardware name: NVIDIA Tegra SoC (Flattened Device Tree)
[    3.433291] [<c010f1f8>] (unwind_backtrace) from [<c010a86c>] (show_stack+0x10/0x14)
[    3.441022] [<c010a86c>] (show_stack) from [<c033c3f4>] (dump_stack+0x84/0xa4)
[    3.448237] [<c033c3f4>] (dump_stack) from [<c011f268>] (__warn+0xd4/0x100)
[    3.455186] [<c011f268>] (__warn) from [<c011f2b4>] (warn_slowpath_null+0x20/0x28)
[    3.462743] [<c011f2b4>] (warn_slowpath_null) from [<c03be35c>] (__of_reset_control_get+0x1b4/0x218)
[    3.471866] [<c03be35c>] (__of_reset_control_get) from [<c050f71c>] (tegra_ehci_probe+0x2c8/0x514)
[    3.480811] [<c050f71c>] (tegra_ehci_probe) from [<c043dee4>] (platform_drv_probe+0x50/0xb0)
[    3.489238] [<c043dee4>] (platform_drv_probe) from [<c043c910>] (driver_probe_device+0x1f4/0x2b0)
[    3.498094] [<c043c910>] (driver_probe_device) from [<c043ca78>] (__driver_attach+0xac/0xb0)
[    3.506515] [<c043ca78>] (__driver_attach) from [<c043af34>] (bus_for_each_dev+0x54/0x88)
[    3.514677] [<c043af34>] (bus_for_each_dev) from [<c043bf04>] (bus_add_driver+0xe8/0x1f4)
[    3.522839] [<c043bf04>] (bus_add_driver) from [<c043d274>] (driver_register+0x78/0xf4)
[    3.530827] [<c043d274>] (driver_register) from [<c010179c>] (do_one_initcall+0x3c/0x16c)
[    3.538995] [<c010179c>] (do_one_initcall) from [<c0b00d94>] (kernel_init_freeable+0x11c/0x1e8)
[    3.547683] [<c0b00d94>] (kernel_init_freeable) from [<c07ea058>] (kernel_init+0x8/0x118)
[    3.555846] [<c07ea058>] (kernel_init) from [<c0107938>] (ret_from_fork+0x14/0x3c)
[    3.563458] ---[ end trace eecf8d85328efd6a ]---
[    3.568067] tegra-ehci c5000000.usb: can't get utmi-pads reset from the PHY
[    3.575026] tegra-ehci c5000000.usb: continuing, but please update your DT
[    3.622590] ulpi_phy_power_on: ulpi write failed
[    3.627198] tegra-ehci c5004000.usb: Failed to power on the phy
[    3.633137] tegra-ehci: probe of c5004000.usb failed with error -110
[    3.642165] tegra-ehci c5008000.usb: EHCI Host Controller
[    3.647597] tegra-ehci c5008000.usb: new USB bus registered, assigned bus number 1
[    3.655569] tegra-ehci c5008000.usb: irq 290, io mem 0xc5008000
[    3.681402] tegra-ehci c5008000.usb: USB 2.0 started, EHCI 1.00
[    3.689134] hub 1-0:1.0: USB hub found
[    3.692941] hub 1-0:1.0: 1 port detected
[    3.698344] usbcore: registered new interface driver cdc_acm
[    3.704024] cdc_acm: USB Abstract Control Model driver for USB modems and ISDN adapters
[    3.712176] usbcore: registered new interface driver cdc_wdm
[    3.718042] usbcore: registered new interface driver usb-storage
[    3.724899] mousedev: PS/2 mouse device common for all mice
[    3.733078] rtc-em3027 2-0056: rtc core: registered rtc-em3027 as rtc0
[    3.740776] tegra_rtc 7000e000.rtc: rtc core: registered 7000e000.rtc as rtc1
[    3.748041] tegra_rtc 7000e000.rtc: Tegra internal Real Time Clock
[    3.754603] i2c /dev entries driver
[    3.759766] usbcore: registered new interface driver uvcvideo
[    3.765534] USB Video Class driver (1.1.1)
[    3.769618] gspca_main: v2.14.0 registered
[    3.775928] sdhci: Secure Digital Host Controller Interface driver
[    3.782136] sdhci: Copyright(c) Pierre Ossman
[    3.786480] sdhci-pltfm: SDHCI platform and OF driver helper
[    3.792764] mmc0: Invalid maximum block size, assuming 512 bytes
[    3.831435] mmc0: SDHCI controller on c8000000.sdhci [c8000000.sdhci] using ADMA
[    3.839050] sdhci-tegra c8000600.sdhci: Got CD GPIO
[    3.845004] sdhci-tegra c8000600.sdhci: Got WP GPIO
[    3.852052] mmc1: Invalid maximum block size, assuming 512 bytes
[    3.891781] mmc1: SDHCI controller on c8000600.sdhci [c8000600.sdhci] using ADMA
[    3.900134] usbcore: registered new interface driver usbhid
[    3.905827] usbhid: USB HID core driver
[    3.921345] tlv320aic23-codec 2-001a: Control not supported for path LLINEIN -> [NULL] -> Line Input
[    3.930565] tlv320aic23-codec 2-001a: ASoC: no dapm match for LLINEIN --> NULL --> Line Input
[    3.939153] tlv320aic23-codec 2-001a: ASoC: Failed to add route LLINEIN -> NULL -> Line Input
[    3.948880] tlv320aic23-codec 2-001a: Control not supported for path RLINEIN -> [NULL] -> Line Input
[    3.960118] tlv320aic23-codec 2-001a: ASoC: no dapm match for RLINEIN --> NULL --> Line Input
[    3.968723] tlv320aic23-codec 2-001a: ASoC: Failed to add route RLINEIN -> NULL -> Line Input
[    3.977311] tlv320aic23-codec 2-001a: Control not supported for path MICIN -> [NULL] -> Mic Input
[    3.986219] tlv320aic23-codec 2-001a: ASoC: no dapm match for MICIN --> NULL --> Mic Input
[    3.994477] tlv320aic23-codec 2-001a: ASoC: Failed to add route MICIN -> NULL -> Mic Input
[    4.004055] tegra-snd-trimslice sound: tlv320aic23-hifi <-> 70002800.i2s mapping ok
[    4.011741] usb 1-1: new high-speed USB device number 2 using tegra-ehci
[    4.023641] mmc0: host does not support reading read-only switch, assuming write-enable
[    4.033536] mmc0: new high speed SDHC card at address b368
[    4.040094] mmcblk0: mmc0:b368 NCard 3.70 GiB 
[    4.046391] mmc1: new high speed SD card at address b368
[    4.052897] mmcblk1: mmc1:b368 NCard 1.83 GiB (ro)
[    4.058391]  mmcblk0: p1
[    4.064087]  mmcblk1: p1 p2
[    4.163985] hub 1-1:1.0: USB hub found
[    4.167884] hub 1-1:1.0: 4 ports detected
[    4.221418] NET: Registered protocol family 10
[    4.341471] mip6: Mobile IPv6
[    4.344435] sit: IPv6 over IPv4 tunneling driver
[    4.353334] NET: Registered protocol family 17
[    4.357817] NET: Registered protocol family 15
[    4.362298] can: controller area network core (rev 20120528 abi 9)
[    4.392760] NET: Registered protocol family 29
[    4.397222] can: raw protocol (rev 20120528)
[    4.401559] can: broadcast manager protocol (rev 20120528 t)
[    4.407275] can: netlink gateway (rev 20130117) max_hops=1
[    4.441845] Bluetooth: RFCOMM socket layer initialized
[    4.447037] Bluetooth: RFCOMM ver 1.11
[    4.450823] Bluetooth: BNEP (Ethernet Emulation) ver 1.3
[    4.456233] usb 1-1.2: new high-speed USB device number 3 using tegra-ehci
[    4.463505] Bluetooth: BNEP socket layer initialized
[    4.468564] Bluetooth: HIDP (Human Interface Emulation) ver 1.2
[    4.474618] Bluetooth: HIDP socket layer initialized
[    4.480616] Key type dns_resolver registered
[    4.487851] Registering SWP/SWPB emulation handler
[    4.504967] tegra-ehci c5000000.usb: EHCI Host Controller
[    4.510492] tegra-ehci c5000000.usb: new USB bus registered, assigned bus number 2
[    4.519339] tegra-ehci c5000000.usb: irq 288, io mem 0xc5000000
[    4.561477] tegra-ehci c5000000.usb: USB 2.0 started, EHCI 1.00
[    4.573133] hub 2-0:1.0: USB hub found
[    4.577005] hub 2-0:1.0: 1 port detected
[    4.589817] input: gpio-keys as /devices/soc0/gpio-keys/input/input0
[    4.601558] rtc-em3027 2-0056: setting system clock to 2014-12-29 17:03:48 UTC (1419872628)
[    4.636372] ALSA device list:
[    4.639406]   #0: tegra-trimslice
[    5.477040] asix 1-1.2:1.0 eth1: register 'asix' at usb-c5008000.usb-1.2, ASIX AX88772 USB 2.0 Ethernet, 00:60:6e:60:6c:68
[    5.490914] EXT4-fs (mmcblk0p1): mounting ext3 file system using the ext4 subsystem
[    5.613817] EXT4-fs (mmcblk0p1): recovery complete
[    5.618665] EXT4-fs (mmcblk0p1): mounted filesystem with ordered data mode. Opts: (null)
[    5.627079] VFS: Mounted root (ext3 filesystem) on device 179:1.
[    5.644475] devtmpfs: mounted
[    5.651687] Freeing unused kernel memory: 1024K (c0b00000 - c0c00000)
bash: cannot set terminal process group (-1): Inappropriate ioctl for device
bash: no job control in this shell
root@(none):/# mount -t sysfs none /sys
root@(none):/# 
root@(none):/# mount -t debugfs none /sys/kernel/debug
root@(none):/# 
root@(none):/# rtcwake -d rtc1 -m mem -s 3
rtcwake: assuming RTC uses UTC ...
rtcwake: wakeup from "mem" using /dev/rtc1 at Thu Jan  1 00:00:26 1970
[    9.778706] PM: Syncing filesystems ... done.
[    9.811583] Freezing user space processes ... (elapsed 0.009 seconds) done.
[    9.821590] Freezing remaining freezable tasks ... (elapsed 0.009 seconds) done.
[    9.821601] Suspending console(s) (use no_console_suspend to debug)
[    9.889429] PM: suspend of devices complete after 38.200 msecs
[    9.892035] PM: late suspend of devices complete after 2.575 msecs
[    9.912160] PM: noirq suspend of devices complete after 20.093 msecs
[    9.912172] Disabling non-boot CPUs ...
[    9.952802] CPU1: shutdown
[    9.990698] Entering suspend state LP1
[    9.990800] Enabling non-boot CPUs ...
[   10.055096] CPU1 is up
[   10.056013] pcieport 0000:00:01.0: nv_msi_ht_cap_quirk didn't locate host bridge
[   10.071763] PM: noirq resume of devices complete after 16.632 msecs
[   10.074822] PM: early resume of devices complete after 2.083 msecs
[   10.135886] PM: resume of devices complete after 61.031 msecs
[   10.198663] Restarting tasks ... done.
root@(none):/# 
root@(none):/# rtcwake -d rtc1 -m mem -s 3
rtcwake: assuming RTC uses UTC ...
rtcwake: wakeup from "mem" using /dev/rtc1 at Thu Jan  1 00:00:30 1970
[   10.715301] PM: Syncing filesystems ... done.
[   10.741506] Freezing user space processes ... (elapsed 0.009 seconds) done.
[   10.748541] Freezing remaining freezable tasks ... (elapsed 0.007 seconds) done.
[   10.748549] Suspending console(s) (use no_console_suspend to debug)
[   10.789774] PM: suspend of devices complete after 19.220 msecs
[   10.793727] PM: late suspend of devices complete after 3.921 msecs
[   10.812113] PM: noirq suspend of devices complete after 18.354 msecs
[   10.812125] Disabling non-boot CPUs ...
[   10.842639] CPU1: shutdown
[   10.880651] Entering suspend state LP1
[   10.880754] Enabling non-boot CPUs ...
[   10.944875] CPU1 is up
[   10.946325] pcieport 0000:00:01.0: nv_msi_ht_cap_quirk didn't locate host bridge
[   10.961597] PM: noirq resume of devices complete after 16.688 msecs
[   10.965174] PM: early resume of devices complete after 2.606 msecs
[   11.035337] PM: resume of devices complete after 70.130 msecs
[   11.098249] Restarting tasks ... done.
root@(none):/# 
root@(none):/# rtcwake -d rtc1 -m mem -s 3
rtcwake: assuming RTC uses UTC ...
rtcwake: wakeup from "mem" using /dev/rtc1 at Thu Jan  1 00:00:34 1970
[   11.600873] PM: Syncing filesystems ... done.
[   11.624747] Freezing user space processes ... (elapsed 0.003 seconds) done.
[   11.632000] Freezing remaining freezable tasks ... (elapsed 0.007 seconds) done.
[   11.632006] Suspending console(s) (use no_console_suspend to debug)
[   11.678697] PM: suspend of devices complete after 32.087 msecs
[   11.682260] PM: late suspend of devices complete after 3.531 msecs
[   11.702066] PM: noirq suspend of devices complete after 19.774 msecs
[   11.702078] Disabling non-boot CPUs ...
[   11.732739] CPU1: shutdown
[   11.770588] Entering suspend state LP1
[   11.770689] Enabling non-boot CPUs ...
[   11.834818] CPU1 is up
[   11.836576] pcieport 0000:00:01.0: nv_msi_ht_cap_quirk didn't locate host bridge
[   11.851619] PM: noirq resume of devices complete after 16.766 msecs
[   11.855941] PM: early resume of devices complete after 3.344 msecs
[   11.925754] PM: resume of devices complete after 69.780 msecs
[   11.988521] Restarting tasks ... done.
root@(none):/# 
root@(none):/# rtcwake -d rtc1 -m mem -s 3
rtcwake: assuming RTC uses UTC ...
rtcwake: wakeup from "mem" using /dev/rtc1 at Thu Jan  1 00:00:38 1970
[   12.495036] PM: Syncing filesystems ... done.
[   12.521379] Freezing user space processes ... (elapsed 0.009 seconds) done.
[   12.528297] Freezing remaining freezable tasks ... (elapsed 0.006 seconds) done.
[   12.528305] Suspending console(s) (use no_console_suspend to debug)
[   12.566765] PM: suspend of devices complete after 16.442 msecs
[   12.570607] PM: late suspend of devices complete after 3.811 msecs
[   12.591970] PM: noirq suspend of devices complete after 21.332 msecs
[   12.591982] Disabling non-boot CPUs ...
[   12.632583] CPU1: shutdown
[   12.670480] Entering suspend state LP1
[   12.670582] Enabling non-boot CPUs ...
[   12.734730] CPU1 is up
[   12.735989] pcieport 0000:00:01.0: nv_msi_ht_cap_quirk didn't locate host bridge
[   12.751448] PM: noirq resume of devices complete after 16.684 msecs
[   12.754632] PM: early resume of devices complete after 2.234 msecs
[   12.825552] PM: resume of devices complete after 70.887 msecs
[   12.888294] Restarting tasks ... done.
root@(none):/# 
root@(none):/# rtcwake -d rtc1 -m mem -s 3
rtcwake: assuming RTC uses UTC ...
rtcwake: wakeup from "mem" using /dev/rtc1 at Thu Jan  1 00:00:42 1970
[   13.390646] PM: Syncing filesystems ... done.
[   13.402655] Freezing user space processes ... (elapsed 0.001 seconds) done.
[   13.403979] Freezing remaining freezable tasks ... (elapsed 0.001 seconds) done.
[   13.403985] Suspending console(s) (use no_console_suspend to debug)
[   13.468641] PM: suspend of devices complete after 33.048 msecs
[   13.472631] PM: late suspend of devices complete after 3.958 msecs
[   13.491907] PM: noirq suspend of devices complete after 19.244 msecs
[   13.491919] Disabling non-boot CPUs ...
[   13.542514] CPU1: shutdown
[   13.580469] Entering suspend state LP1
[   13.580573] Enabling non-boot CPUs ...
[   13.644647] CPU1 is up
[   13.645950] pcieport 0000:00:01.0: nv_msi_ht_cap_quirk didn't locate host bridge
[   13.661379] PM: noirq resume of devices complete after 16.697 msecs
[   13.664532] PM: early resume of devices complete after 2.177 msecs
[   13.735068] PM: resume of devices complete after 70.502 msecs
[   13.797841] Restarting tasks ... done.
root@(none):/# 
root@(none):/# rtcwake -d rtc1 -m mem -s 3
rtcwake: assuming RTC uses UTC ...
rtcwake: wakeup from "mem" using /dev/rtc1 at Thu Jan  1 00:00:46 1970
[   14.300649] PM: Syncing filesystems ... done.
[   14.324544] Freezing user space processes ... (elapsed 0.003 seconds) done.
[   14.331805] Freezing remaining freezable tasks ... (elapsed 0.007 seconds) done.
[   14.331810] Suspending console(s) (use no_console_suspend to debug)
[   14.376916] PM: suspend of devices complete after 30.495 msecs
[   14.380761] PM: late suspend of devices complete after 3.814 msecs
[   14.401860] PM: noirq suspend of devices complete after 21.068 msecs
[   14.401872] Disabling non-boot CPUs ...
[   14.432545] CPU1: shutdown
[   14.470317] Entering suspend state LP1
[   14.470420] Enabling non-boot CPUs ...
[   14.534608] CPU1 is up
[   14.535944] pcieport 0000:00:01.0: nv_msi_ht_cap_quirk didn't locate host bridge
[   14.551410] PM: noirq resume of devices complete after 16.767 msecs
[   14.554710] PM: early resume of devices complete after 2.328 msecs
[   14.625213] PM: resume of devices complete after 70.469 msecs
[   14.686617] Restarting tasks ... done.
root@(none):/# 
root@(none):/# rtcwake -d rtc1 -m mem -s 3
rtcwake: assuming RTC uses UTC ...
rtcwake: wakeup from "mem" using /dev/rtc1 at Thu Jan  1 00:00:50 1970
[   15.190527] PM: Syncing filesystems ... done.
[   15.214446] Freezing user space processes ... (elapsed 0.003 seconds) done.
[   15.221766] Freezing remaining freezable tasks ... (elapsed 0.007 seconds) done.
[   15.221771] Suspending console(s) (use no_console_suspend to debug)
[   15.266960] PM: suspend of devices complete after 30.596 msecs
[   15.270810] PM: late suspend of devices complete after 3.819 msecs
[   15.291773] PM: noirq suspend of devices complete after 20.931 msecs
[   15.291785] Disabling non-boot CPUs ...
[   15.342406] CPU1: shutdown
[   15.380275] Entering suspend state LP1
[   15.380376] Enabling non-boot CPUs ...
[   15.444543] CPU1 is up
[   15.446006] pcieport 0000:00:01.0: nv_msi_ht_cap_quirk didn't locate host bridge
[   15.461262] PM: noirq resume of devices complete after 16.683 msecs
[   15.464608] PM: early resume of devices complete after 2.382 msecs
[   15.535210] PM: resume of devices complete after 70.569 msecs
[   15.597983] Restarting tasks ... done.
root@(none):/# 
root@(none):/# rtcwake -d rtc1 -m mem -s 3
rtcwake: assuming RTC uses UTC ...
rtcwake: wakeup from "mem" using /dev/rtc1 at Thu Jan  1 00:00:54 1970
[   16.104594] PM: Syncing filesystems ... done.
[   16.131099] Freezing user space processes ... (elapsed 0.009 seconds) done.
[   16.137919] Freezing remaining freezable tasks ... (elapsed 0.006 seconds) done.
[   16.137927] Suspending console(s) (use no_console_suspend to debug)
[   16.187741] PM: suspend of devices complete after 27.815 msecs
[   16.191204] PM: late suspend of devices complete after 3.432 msecs
[   16.211701] PM: noirq suspend of devices complete after 20.465 msecs
[   16.211713] Disabling non-boot CPUs ...
[   16.252290] CPU1: shutdown
[   16.290195] Entering suspend state LP1
[   16.290297] Enabling non-boot CPUs ...
[   16.354458] CPU1 is up
[   16.356091] pcieport 0000:00:01.0: nv_msi_ht_cap_quirk didn't locate host bridge
[   16.371275] PM: noirq resume of devices complete after 16.781 msecs
[   16.374677] PM: early resume of devices complete after 2.439 msecs
[   16.445336] PM: resume of devices complete after 70.625 msecs
[   16.507580] Restarting tasks ... done.
root@(none):/# 
root@(none):/# rtcwake -d rtc1 -m mem -s 3
rtcwake: assuming RTC uses UTC ...
rtcwake: wakeup from "mem" using /dev/rtc1 at Thu Jan  1 00:00:58 1970
[   17.010368] PM: Syncing filesystems ... done.
[   17.022378] Freezing user space processes ... (elapsed 0.001 seconds) done.
[   17.023652] Freezing remaining freezable tasks ... (elapsed 0.001 seconds) done.
[   17.023658] Suspending console(s) (use no_console_suspend to debug)
[   17.088631] PM: suspend of devices complete after 33.227 msecs
[   17.092644] PM: late suspend of devices complete after 3.982 msecs
[   17.111649] PM: noirq suspend of devices complete after 18.973 msecs
[   17.111661] Disabling non-boot CPUs ...
[   17.142331] CPU1: shutdown
[   17.180131] Entering suspend state LP1
[   17.180233] Enabling non-boot CPUs ...
[   17.244451] CPU1 is up
[   17.246092] pcieport 0000:00:01.0: nv_msi_ht_cap_quirk didn't locate host bridge
[   17.261199] PM: noirq resume of devices complete after 16.713 msecs
[   17.264662] PM: early resume of devices complete after 2.489 msecs
[   17.335195] PM: resume of devices complete after 70.499 msecs
[   17.397966] Restarting tasks ... done.
root@(none):/# 
root@(none):/# rtcwake -d rtc1 -m mem -s 3
rtcwake: assuming RTC uses UTC ...
rtcwake: wakeup from "mem" using /dev/rtc1 at Thu Jan  1 00:01:02 1970
[   17.904668] PM: Syncing filesystems ... done.
[   17.926898] Freezing user space processes ... (elapsed 0.015 seconds) done.
[   17.928281] Freezing remaining freezable tasks ... (elapsed 0.001 seconds) done.
[   17.928289] Suspending console(s) (use no_console_suspend to debug)
[   17.987492] PM: suspend of devices complete after 28.587 msecs
[   17.990989] PM: late suspend of devices complete after 3.466 msecs
[   18.011586] PM: noirq suspend of devices complete after 20.566 msecs
[   18.011599] Disabling non-boot CPUs ...
[   18.042301] CPU1: shutdown
[   18.080153] Entering suspend state LP1
[   18.080254] Enabling non-boot CPUs ...
[   18.144365] CPU1 is up
[   18.145691] pcieport 0000:00:01.0: nv_msi_ht_cap_quirk didn't locate host bridge
[   18.161184] PM: noirq resume of devices complete after 16.785 msecs
[   18.164587] PM: early resume of devices complete after 2.454 msecs
[   18.234874] PM: resume of devices complete after 70.252 msecs
[   18.297644] Restarting tasks ... done.
root@(none):/# 
root@(none):/# NVTB SYSTEM SUSPEND TEST COMPLETE
