
U-Boot SPL 2015.04-rc3-00209-ga74ef40 (Mar 16 2015 - 14:43:39)


U-Boot 2015.04-rc3-00209-ga74ef40 (Mar 16 2015 - 14:43:39)

TEGRA20
Model: Compulab TrimSlice board
DRAM:  1 GiB
MMC:   Tegra SD/MMC: 0, Tegra SD/MMC: 1
SF: Detected W25Q80BL with page size 256 Bytes, erase size 4 KiB, total 1 MiB
tegra-pcie: PCI regions:
tegra-pcie:   I/O: 0x82000000-0x82010000
tegra-pcie:   non-prefetchable memory: 0xa0000000-0xa8000000
tegra-pcie:   prefetchable memory: 0xa8000000-0xc0000000
tegra-pcie: dual-mode configuration
tegra-pcie: probing port 0, using 2 lanes
In:    serial
Out:   serial
Err:   serial
Net:   RTL8169#0
Hit any key to stop autoboot:  2  0 
Tegra20 (TrimSlice) # 
Tegra20 (TrimSlice) # usb reset
resetting USB...
USB0:   USB EHCI 1.00
scanning bus 0 for devices... 3 USB Device(s) found
USB1:   USB EHCI 1.00
scanning bus 1 for devices... 1 USB Device(s) found
USB2:   lowlevel init failed
       scanning usb for storage devices... 0 Storage Device(s) found
       scanning usb for ethernet devices... 
Warning: asx0 using MAC address from net device
1 Ethernet Device(s) found
Tegra20 (TrimSlice) # setenv bootargs 'ignore_loglevel console=ttyS0,115200n8 rw root=PARTUUID=11eb23c1-01 rootwait gpt debug noinitrd earlyprintk init=/bin/bash'
Tegra20 (TrimSlice) # setenv ipaddr 192.168.100.103; setenv serverip 192.168.100.1; setenv tftpserverip 192.168.100.1
Tegra20 (TrimSlice) # tftpboot 0x00408000 zImage.multi_v7_defconfig
Using RTL8169#0 device
TFTP from server 192.168.100.1; our IP address is 192.168.100.103
Filename 'zImage.multi_v7_defconfig'.
Load address: 0x408000
Loading: *#################################################################
	 #################################################################
	 #################################################################
	 #################################################################
	 #################################################################
	 #################################################################
	 #################################################################
	 ############################
	 904.3 KiB/s
done
Bytes transferred = 7076728 (6bfb78 hex)
Tegra20 (TrimSlice) # tftpboot 0x02408000 tegra20-trimslice.dtb
Using RTL8169#0 device
TFTP from server 192.168.100.1; our IP address is 192.168.100.103
Filename 'tegra20-trimslice.dtb'.
Load address: 0x2408000
Loading: *##
	 861.3 KiB/s
done
Bytes transferred = 21172 (52b4 hex)
Tegra20 (TrimSlice) # bootz 0x00408000 - 0x02408000
Kernel image @ 0x408000 [ 0x000000 - 0x6bfb78 ]
## Flattened Device Tree blob at 02408000
   Booting using the fdt blob at 0x2408000
   Using Device Tree in place at 02408000, end 024102b3

Starting kernel ...

[    0.000000] Booting Linux on physical CPU 0x0
[    0.000000] Linux version 4.6.0-rc7-next-20160516-94924-gb0dc27a (pwalmsley@sellafield) (gcc version 4.7.3 20130328 (prerelease) (crosstool-NG linaro-1.13.1-4.7-2013.04-20130415 - Linaro GCC 2013.04) ) #1 SMP Mon May 23 11:58:58 PDT 2016
[    0.000000] CPU: ARMv7 Processor [411fc090] revision 0 (ARMv7), cr=10c5387d
[    0.000000] CPU: PIPT / VIPT nonaliasing data cache, VIPT aliasing instruction cache
[    0.000000] Machine model: Compulab TrimSlice board
[    0.000000] debug: ignoring loglevel setting.
[    0.000000] cma: Reserved 64 MiB at 0x3c000000
[    0.000000] Memory policy: Data cache writealloc
[    0.000000] On node 0 totalpages: 262144
[    0.000000] free_area_init_node: node 0, pgdat c141bb40, node_mem_map ef7f8000
[    0.000000]   DMA zone: 1536 pages used for memmap
[    0.000000]   DMA zone: 0 pages reserved
[    0.000000]   DMA zone: 196608 pages, LIFO batch:31
[    0.000000]   HighMem zone: 65536 pages, LIFO batch:15
[    0.000000] percpu: Embedded 13 pages/cpu @ef7c9000 s23808 r8192 d21248 u53248
[    0.000000] pcpu-alloc: s23808 r8192 d21248 u53248 alloc=13*4096
[    0.000000] pcpu-alloc: [0] 0 [0] 1 
[    0.000000] Built 1 zonelists in Zone order, mobility grouping on.  Total pages: 260608
[    0.000000] Kernel command line: ignore_loglevel console=ttyS0,115200n8 rw root=PARTUUID=11eb23c1-01 rootwait gpt debug noinitrd earlyprintk init=/bin/bash
[    0.000000] PID hash table entries: 4096 (order: 2, 16384 bytes)
[    0.000000] Dentry cache hash table entries: 131072 (order: 7, 524288 bytes)
[    0.000000] Inode-cache hash table entries: 65536 (order: 6, 262144 bytes)
[    0.000000] Memory: 955932K/1048576K available (9529K kernel code, 1142K rwdata, 4216K rodata, 2048K init, 343K bss, 27108K reserved, 65536K cma-reserved, 196608K highmem)
[    0.000000] Virtual kernel memory layout:
[    0.000000]     vector  : 0xffff0000 - 0xffff1000   (   4 kB)
[    0.000000]     fixmap  : 0xffc00000 - 0xfff00000   (3072 kB)
[    0.000000]     vmalloc : 0xf0800000 - 0xff800000   ( 240 MB)
[    0.000000]     lowmem  : 0xc0000000 - 0xf0000000   ( 768 MB)
[    0.000000]     pkmap   : 0xbfe00000 - 0xc0000000   (   2 MB)
[    0.000000]     modules : 0xbf000000 - 0xbfe00000   (  14 MB)
[    0.000000]       .text : 0xc0208000 - 0xc106c518   (14738 kB)
[    0.000000]       .init : 0xc1100000 - 0xc1300000   (2048 kB)
[    0.000000]       .data : 0xc1300000 - 0xc141dba0   (1143 kB)
[    0.000000]        .bss : 0xc141f000 - 0xc1474ca0   ( 344 kB)
[    0.000000] SLUB: HWalign=64, Order=0-3, MinObjects=0, CPUs=2, Nodes=1
[    0.000000] Hierarchical RCU implementation.
[    0.000000] 	Build-time adjustment of leaf fanout to 32.
[    0.000000] 	RCU restricting CPUs from NR_CPUS=16 to nr_cpu_ids=2.
[    0.000000] RCU: Adjusting geometry for rcu_fanout_leaf=32, nr_cpu_ids=2
[    0.000000] NR_IRQS:16 nr_irqs:16 16
[    0.000000] /interrupt-controller@60004000: 128 interrupts forwarded to /interrupt-controller@50041000
[    0.000000] L2C: platform modifies aux control register: 0x02080000 -> 0x3e480001
[    0.000000] L2C: DT/platform modifies aux control register: 0x02080000 -> 0x3e480001
[    0.000000] L2C-310 errata 727915 769419 enabled
[    0.000000] L2C-310 enabling early BRESP for Cortex-A9
[    0.000000] L2C-310: enabling full line of zeros but not enabled in Cortex-A9
[    0.000000] L2C-310 ID prefetch enabled, offset 1 lines
[    0.000000] L2C-310 cache controller enabled, 8 ways, 1024 kB
[    0.000000] L2C-310: CACHE_ID 0x410000c4, AUX_CTRL 0x7e480001
[    0.000010] sched_clock: 32 bits at 1000kHz, resolution 1000ns, wraps every 2147483647500ns
[    0.000027] clocksource: timer_us: mask: 0xffffffff max_cycles: 0xffffffff, max_idle_ns: 1911260446275 ns
[    0.000037] Switching to timer-based delay loop, resolution 1000ns
[    0.001629] Console: colour dummy device 80x30
[    0.001650] Calibrating delay loop (skipped), value calculated using timer frequency.. 2.00 BogoMIPS (lpj=5000)
[    0.001661] pid_max: default: 32768 minimum: 301
[    0.001736] Mount-cache hash table entries: 2048 (order: 1, 8192 bytes)
[    0.001746] Mountpoint-cache hash table entries: 2048 (order: 1, 8192 bytes)
[    0.002233] CPU: Testing write buffer coherency: ok
[    0.002417] CPU0: thread -1, cpu 0, socket 0, mpidr 80000000
[    0.002440] Setting up static identity map for 0x300000 - 0x300098
[    0.003887] Tegra Revision: A03 prime SKU: 8 CPU Process: 1 SoC Process: 2
[    0.004906] CPU1: thread -1, cpu 1, socket 0, mpidr 80000001
[    0.004972] Brought up 2 CPUs
[    0.004984] SMP: Total of 2 processors activated (4.00 BogoMIPS).
[    0.004989] CPU: All CPU(s) started in SVC mode.
[    0.005643] devtmpfs: initialized
[    0.009474] VFP support v0.3: implementor 41 architecture 3 part 30 variant 9 rev 1
[    0.009785] clocksource: jiffies: mask: 0xffffffff max_cycles: 0xffffffff, max_idle_ns: 9556302231375000 ns
[    0.012743] pinctrl core: initialized pinctrl subsystem
[    0.013896] NET: Registered protocol family 16
[    0.016057] DMA: preallocated 256 KiB pool for atomic coherent allocations
[    0.029922] cpuidle: using governor menu
[    0.041387] No ATAGs?
[    0.041407] hw-breakpoint: found 5 (+1 reserved) breakpoint and 1 watchpoint registers.
[    0.041414] hw-breakpoint: maximum watchpoint size is 4 bytes.
[    0.044849] Serial: AMBA PL011 UART driver
[    0.068230] usb1_vbus: Failed to request enable GPIO170: -517
[    0.068244] reg-fixed-voltage regulators:regulator@2: Failed to register regulator: -517
[    0.071926] vgaarb: loaded
[    0.072502] SCSI subsystem initialized
[    0.072618] libata version 3.00 loaded.
[    0.072814] usbcore: registered new interface driver usbfs
[    0.072859] usbcore: registered new interface driver hub
[    0.072898] usbcore: registered new device driver usb
[    0.075014] pps_core: LinuxPPS API ver. 1 registered
[    0.075022] pps_core: Software ver. 5.3.6 - Copyright 2005-2007 Rodolfo Giometti <giometti@linux.it>
[    0.075038] PTP clock support registered
[    0.075182] EDAC MC: Ver: 3.0.0
[    0.076955] clocksource: Switched to clocksource timer_us
[    0.084589] NET: Registered protocol family 2
[    0.085029] TCP established hash table entries: 8192 (order: 3, 32768 bytes)
[    0.085104] TCP bind hash table entries: 8192 (order: 4, 65536 bytes)
[    0.085217] TCP: Hash tables configured (established 8192 bind 8192)
[    0.085304] UDP hash table entries: 512 (order: 2, 16384 bytes)
[    0.085351] UDP-Lite hash table entries: 512 (order: 2, 16384 bytes)
[    0.085489] NET: Registered protocol family 1
[    0.085713] RPC: Registered named UNIX socket transport module.
[    0.085721] RPC: Registered udp transport module.
[    0.085726] RPC: Registered tcp transport module.
[    0.085731] RPC: Registered tcp NFSv4.1 backchannel transport module.
[    0.085740] PCI: CLS 0 bytes, default 64
[    0.086539] hw perfevents: enabled with armv7_cortex_a9 PMU driver, 7 counters available
[    0.087514] futex hash table entries: 512 (order: 3, 32768 bytes)
[    0.088075] workingset: timestamp_bits=28 max_order=18 bucket_order=0
[    0.095389] squashfs: version 4.0 (2009/01/31) Phillip Lougher
[    0.095989] NFS: Registering the id_resolver key type
[    0.096026] Key type id_resolver registered
[    0.096032] Key type id_legacy registered
[    0.096064] ntfs: driver 2.1.32 [Flags: R/O].
[    0.097046] bounce: pool size: 64 pages
[    0.097199] Block layer SCSI generic (bsg) driver version 0.4 loaded (major 248)
[    0.097209] io scheduler noop registered
[    0.097215] io scheduler deadline registered
[    0.097240] io scheduler cfq registered (default)
[    0.108635] tegra-pcie 80003000.pcie-controller: dual-mode configuration
[    0.109336] tegra-pcie 80003000.pcie-controller: probing port 0, using 2 lanes
[    0.193160] tegra-pcie 80003000.pcie-controller: PCI host bridge to bus 0000:00
[    0.193172] pci_bus 0000:00: root bus resource [io  0x0000-0xffff]
[    0.193180] pci_bus 0000:00: root bus resource [mem 0xa0000000-0xa7ffffff]
[    0.193188] pci_bus 0000:00: root bus resource [mem 0xa8000000-0xbfffffff pref]
[    0.193197] pci_bus 0000:00: root bus resource [bus 00-ff]
[    0.193229] pci 0000:00:01.0: [10de:0bf0] type 01 class 0x060000
[    0.193289] pci 0000:00:01.0: PME# supported from D0 D1 D2 D3hot D3cold
[    0.193478] PCI: bus0: Fast back to back transfers disabled
[    0.193489] pci 0000:00:01.0: bridge configuration invalid ([bus 00-00]), reconfiguring
[    0.193614] pci 0000:01:00.0: [10ec:8168] type 00 class 0x020000
[    0.193637] pci 0000:01:00.0: reg 0x10: [io  0x0000-0x00ff]
[    0.193658] pci 0000:01:00.0: reg 0x18: [mem 0x00000000-0x00000fff 64bit pref]
[    0.193674] pci 0000:01:00.0: reg 0x20: [mem 0x00000000-0x00003fff 64bit pref]
[    0.193687] pci 0000:01:00.0: reg 0x30: [mem 0x00000000-0x0001ffff pref]
[    0.193762] pci 0000:01:00.0: supports D1 D2
[    0.193770] pci 0000:01:00.0: PME# supported from D0 D1 D2 D3hot D3cold
[    0.201988] PCI: bus1: Fast back to back transfers disabled
[    0.202000] pci_bus 0000:01: busn_res: [bus 01-ff] end is updated to 01
[    0.202012] Disabling cpuidle LP2 state, since PCIe IRQs are in use
[    0.202068] pci 0000:00:01.0: BAR 8: assigned [mem 0xa0000000-0xa00fffff]
[    0.202080] pci 0000:00:01.0: BAR 9: assigned [mem 0xa8000000-0xa80fffff 64bit pref]
[    0.202089] pci 0000:00:01.0: BAR 7: assigned [io  0x1000-0x1fff]
[    0.202102] pci 0000:01:00.0: BAR 6: assigned [mem 0xa0000000-0xa001ffff pref]
[    0.202111] pci 0000:01:00.0: BAR 4: assigned [mem 0xa8000000-0xa8003fff 64bit pref]
[    0.202128] pci 0000:01:00.0: BAR 2: assigned [mem 0xa8004000-0xa8004fff 64bit pref]
[    0.202144] pci 0000:01:00.0: BAR 0: assigned [io  0x1000-0x10ff]
[    0.202154] pci 0000:00:01.0: PCI bridge to [bus 01]
[    0.202162] pci 0000:00:01.0:   bridge window [io  0x1000-0x1fff]
[    0.202171] pci 0000:00:01.0:   bridge window [mem 0xa0000000-0xa00fffff]
[    0.202179] pci 0000:00:01.0:   bridge window [mem 0xa8000000-0xa80fffff 64bit pref]
[    0.202200] pci 0000:00:01.0: nv_msi_ht_cap_quirk didn't locate host bridge
[    0.202267] pcieport 0000:00:01.0: enabling device (0140 -> 0143)
[    0.202415] pcieport 0000:00:01.0: Signaling PME through PCIe PME interrupt
[    0.202424] pci 0000:01:00.0: Signaling PME through PCIe PME interrupt
[    0.202433] pcie_pme 0000:00:01.0:pcie001: service driver pcie_pme loaded
[    0.206144] tegra-apbdma 6000a000.dma: Tegra20 APB DMA driver register 16 channels
[    0.251627] Serial: 8250/16550 driver, 4 ports, IRQ sharing disabled
[    0.253962] console [ttyS0] disabled
[    0.253990] 70006000.serial: ttyS0 at MMIO 0x70006000 (irq = 279, base_baud = 13500000) is a Tegra
[    1.198940] console [ttyS0] enabled
[    1.203067] SuperH (H)SCI(F) driver initialized
[    1.208347] msm_serial: driver initialized
[    1.212606] STMicroelectronics ASC driver initialized
[    1.220319] [drm] Initialized drm 1.1.0 20060810
[    1.227224] 54280000.hdmi supply hdmi not found, using dummy regulator
[    1.236919] [drm] Supports vblank timestamp caching Rev 2 (21.10.2013).
[    1.243540] [drm] No driver support for vblank timestamp query.
[    1.249483] drm drm: No connectors reported connected with modes
[    1.255490] [drm] Cannot find any crtc or sizes - going 1024x768
[    1.277537] Console: switching to colour frame buffer device 128x48
[    1.292228] drm drm: fb0:  frame buffer device
[    1.306964] [drm] Initialized tegra 0.0.0 20120330 on minor 0
[    1.321349] brd: module loaded
[    1.328603] loop: module loaded
[    1.337210] m25p80 spi32766.0: found s25fl008k, expected w25q80bl
[    1.343317] m25p80 spi32766.0: s25fl008k (1024 Kbytes)
[    1.350802] libphy: Fixed MDIO Bus: probed
[    1.355420] CAN device driver interface
[    1.360707] igb: Intel(R) Gigabit Ethernet Network Driver - version 5.3.0-k
[    1.367666] igb: Copyright (c) 2007-2014 Intel Corporation.
[    1.373752] r8169 Gigabit Ethernet driver 2.3LK-NAPI loaded
[    1.379349] r8169 0000:01:00.0: enabling device (0140 -> 0143)
[    1.385930] r8169 0000:01:00.0 eth0: RTL8168d/8111d at 0xf0878000, 00:01:c0:13:7d:63, XID 081000c0 IRQ 296
[    1.395587] r8169 0000:01:00.0 eth0: jumbo features [frames: 9200 bytes, tx checksumming: ko]
[    1.406049] pegasus: v0.9.3 (2013/04/25), Pegasus/Pegasus II USB Ethernet driver
[    1.413504] usbcore: registered new interface driver pegasus
[    1.419216] usbcore: registered new interface driver asix
[    1.424649] usbcore: registered new interface driver ax88179_178a
[    1.430775] usbcore: registered new interface driver cdc_ether
[    1.436650] usbcore: registered new interface driver smsc75xx
[    1.442438] usbcore: registered new interface driver smsc95xx
[    1.448221] usbcore: registered new interface driver net1080
[    1.453911] usbcore: registered new interface driver cdc_subset
[    1.459859] usbcore: registered new interface driver zaurus
[    1.465487] usbcore: registered new interface driver cdc_ncm
[    1.471436] tegra-phy c5004000.usb-phy: no vbus regulator
[    1.477946] tegra-phy c5008000.usb-phy: no vbus regulator
[    1.484740] ehci_hcd: USB 2.0 'Enhanced' Host Controller (EHCI) Driver
[    1.491271] ehci-pci: EHCI PCI platform driver
[    1.495752] ehci-platform: EHCI generic platform driver
[    1.501156] ehci-omap: OMAP-EHCI Host Controller driver
[    1.506489] ehci-orion: EHCI orion driver
[    1.510611] SPEAr-ehci: EHCI SPEAr driver
[    1.514732] ehci-st: EHCI STMicroelectronics driver
[    1.519719] ehci-exynos: EHCI EXYNOS driver
[    1.524026] ehci-atmel: EHCI Atmel driver
[    1.528146] tegra-ehci: Tegra EHCI driver
[    1.532331] ------------[ cut here ]------------
[    1.536948] WARNING: CPU: 0 PID: 1 at drivers/reset/core.c:187 __of_reset_control_get+0x1bc/0x228
[    1.545823] Modules linked in:
[    1.548886] CPU: 0 PID: 1 Comm: swapper/0 Not tainted 4.6.0-rc7-next-20160516-94924-gb0dc27a #1
[    1.557562] Hardware name: NVIDIA Tegra SoC (Flattened Device Tree)
[    1.563838] [<c030f9d0>] (unwind_backtrace) from [<c030b0c8>] (show_stack+0x10/0x14)
[    1.571570] [<c030b0c8>] (show_stack) from [<c05861c8>] (dump_stack+0x84/0xa4)
[    1.578783] [<c05861c8>] (dump_stack) from [<c0341b6c>] (__warn+0xd4/0x100)
[    1.585731] [<c0341b6c>] (__warn) from [<c0341bb8>] (warn_slowpath_null+0x20/0x28)
[    1.593286] [<c0341bb8>] (warn_slowpath_null) from [<c06a0280>] (__of_reset_control_get+0x1bc/0x228)
[    1.602406] [<c06a0280>] (__of_reset_control_get) from [<c0911d14>] (tegra_ehci_probe+0x2d0/0x51c)
[    1.611358] [<c0911d14>] (tegra_ehci_probe) from [<c0778df8>] (platform_drv_probe+0x50/0xb0)
[    1.619781] [<c0778df8>] (platform_drv_probe) from [<c077775c>] (driver_probe_device+0x1f4/0x2b0)
[    1.628636] [<c077775c>] (driver_probe_device) from [<c07778c4>] (__driver_attach+0xac/0xb0)
[    1.637058] [<c07778c4>] (__driver_attach) from [<c0775d70>] (bus_for_each_dev+0x54/0x88)
[    1.645219] [<c0775d70>] (bus_for_each_dev) from [<c0776d50>] (bus_add_driver+0xe8/0x1f4)
[    1.653380] [<c0776d50>] (bus_add_driver) from [<c07780e0>] (driver_register+0x78/0xf4)
[    1.661368] [<c07780e0>] (driver_register) from [<c0301e7c>] (do_one_initcall+0x3c/0x16c)
[    1.669534] [<c0301e7c>] (do_one_initcall) from [<c1100d80>] (kernel_init_freeable+0x120/0x1ec)
[    1.678226] [<c1100d80>] (kernel_init_freeable) from [<c0b5b920>] (kernel_init+0x8/0x118)
[    1.686389] [<c0b5b920>] (kernel_init) from [<c0307fb8>] (ret_from_fork+0x14/0x3c)
[    1.693965] ---[ end trace 21810d47867fdc77 ]---
[    1.698584] tegra-ehci c5000000.usb: can't get utmi-pads reset from the PHY
[    1.705539] tegra-ehci c5000000.usb: continuing, but please update your DT
[    1.733160] ulpi_phy_power_on: ulpi write failed
[    1.737780] tegra-ehci c5004000.usb: Failed to power on the phy
[    1.743710] tegra-ehci: probe of c5004000.usb failed with error -110
[    1.752704] tegra-ehci c5008000.usb: EHCI Host Controller
[    1.758120] tegra-ehci c5008000.usb: new USB bus registered, assigned bus number 1
[    1.765926] tegra-ehci c5008000.usb: irq 290, io mem 0xc5008000
[    1.776971] tegra-ehci c5008000.usb: USB 2.0 started, EHCI 1.00
[    1.783528] hub 1-0:1.0: USB hub found
[    1.787308] hub 1-0:1.0: 1 port detected
[    1.791511] ohci_hcd: USB 1.1 'Open' Host Controller (OHCI) Driver
[    1.797701] ohci-pci: OHCI PCI platform driver
[    1.802198] ohci-platform: OHCI generic platform driver
[    1.807586] ohci-omap3: OHCI OMAP3 driver
[    1.811688] SPEAr-ohci: OHCI SPEAr driver
[    1.815805] ohci-st: OHCI STMicroelectronics driver
[    1.820786] ohci-atmel: OHCI Atmel driver
[    1.825383] usbcore: registered new interface driver usb-storage
[    1.832649] mousedev: PS/2 mouse device common for all mice
[    1.840082] rtc-em3027 2-0056: rtc core: registered rtc-em3027 as rtc0
[    1.847783] tegra_rtc 7000e000.rtc: rtc core: registered 7000e000.rtc as rtc1
[    1.854947] tegra_rtc 7000e000.rtc: Tegra internal Real Time Clock
[    1.861539] i2c /dev entries driver
[    1.874109] sdhci: Secure Digital Host Controller Interface driver
[    1.880303] sdhci: Copyright(c) Pierre Ossman
[    1.885856] Synopsys Designware Multimedia Card Interface Driver
[    1.892721] sdhci-pltfm: SDHCI platform and OF driver helper
[    1.899238] mmc0: Invalid maximum block size, assuming 512 bytes
[    1.931974] mmc0: SDHCI controller on c8000000.sdhci [c8000000.sdhci] using ADMA
[    1.939482] sdhci-tegra c8000600.sdhci: Got CD GPIO
[    1.944376] sdhci-tegra c8000600.sdhci: Got WP GPIO
[    1.949390] mmc1: Invalid maximum block size, assuming 512 bytes
[    1.982058] mmc1: SDHCI controller on c8000600.sdhci [c8000600.sdhci] using ADMA
[    1.990643] ledtrig-cpu: registered to indicate activity on CPUs
[    1.997053] usbcore: registered new interface driver usbhid
[    2.002626] usbhid: USB HID core driver
[    2.010853] NET: Registered protocol family 10
[    2.015980] sit: IPv6 over IPv4 tunneling driver
[    2.021087] NET: Registered protocol family 17
[    2.025546] can: controller area network core (rev 20120528 abi 9)
[    2.031770] NET: Registered protocol family 29
[    2.036215] can: raw protocol (rev 20120528)
[    2.040483] can: broadcast manager protocol (rev 20120528 t)
[    2.046143] can: netlink gateway (rev 20130117) max_hops=1
[    2.051937] Key type dns_resolver registered
[    2.056557] ThumbEE CPU extension supported.
[    2.060839] Registering SWP/SWPB emulation handler
[    2.071618] utmi_phy_clk_enable: timeout waiting for phy to stabilize
[    2.078119] tegra-ehci c5000000.usb: EHCI Host Controller
[    2.083560] tegra-ehci c5000000.usb: new USB bus registered, assigned bus number 2
[    2.091449] tegra-ehci c5000000.usb: irq 288, io mem 0xc5000000
[    2.106981] usb 1-1: new high-speed USB device number 2 using tegra-ehci
[    2.120466] mmc0: host does not support reading read-only switch, assuming write-enable
[    2.128509] tegra-ehci c5000000.usb: USB 2.0 started, EHCI 1.00
[    2.134535] mmc0: new high speed SDHC card at address b368
[    2.140392] mmcblk0: mmc0:b368 NCard 3.70 GiB 
[    2.145620] hub 2-0:1.0: USB hub found
[    2.149458] hub 2-0:1.0: 1 port detected
[    2.153414]  mmcblk0: p1
[    2.157211] input: gpio-keys as /devices/soc0/gpio-keys/input/input0
[    2.164097] rtc-em3027 2-0056: hctosys: unable to read the hardware clock
[    2.175383] EXT4-fs (mmcblk0p1): mounting ext3 file system using the ext4 subsystem
[    2.195856] mmc1: new high speed SD card at address b368
[    2.201975] mmcblk1: mmc1:b368 NCard 1.83 GiB (ro)
[    2.209934]  mmcblk1: p1 p2
[    2.263095] hub 1-1:1.0: USB hub found
[    2.266962] hub 1-1:1.0: 4 ports detected
[    2.557110] usb 1-1.2: new high-speed USB device number 3 using tegra-ehci
[    2.764711] EXT4-fs (mmcblk0p1): recovery complete
[    2.840336] EXT4-fs (mmcblk0p1): mounted filesystem with ordered data mode. Opts: (null)
[    2.848549] VFS: Mounted root (ext3 filesystem) on device 179:1.
[    2.864403] devtmpfs: mounted
[    2.872408] Freeing unused kernel memory: 2048K (c1100000 - c1300000)
bash: cannot set terminal process group (-1): Inappropriate ioctl for device
bash: no job control in this shell
root@(none):/# 