
U-Boot SPL 2014.07-00097-g772e173 (Jul 25 2014 - 20:02:52)


U-Boot 2014.07-00097-g772e173 (Jul 25 2014 - 20:02:52)

TEGRA124
Board: NVIDIA Jetson TK1
I2C:   ready
DRAM:  2 GiB
MMC:   Tegra SD/MMC: 0, Tegra SD/MMC: 1
In:    serial
Out:   serial
Err:   serial
Net:   Net Initialization Skipped
No ethernet found.
Hit any key to stop autoboot:  2  0 
Tegra124 (Jetson TK1) # 
Tegra124 (Jetson TK1) # usb reset
(Re)start USB...
USB0:   USB EHCI 1.10
scanning bus 0 for devices... 1 USB Device(s) found
USB1:   USB EHCI 1.10
scanning bus 1 for devices... 2 USB Device(s) found
       scanning usb for storage devices... 0 Storage Device(s) found
       scanning usb for ethernet devices... 
Warning: asx0 using MAC address from net device
1 Ethernet Device(s) found
Tegra124 (Jetson TK1) # setenv bootargs 'ignore_loglevel console=ttyS0,115200n8 rw root=/dev/mmcblk0p1 rootwait gpt debug noinitrd earlyprintk init=/bin/bash'
Tegra124 (Jetson TK1) # setenv ipaddr 192.168.100.102; setenv serverip 192.168.100.1; setenv tftpserverip 192.168.100.1
Tegra124 (Jetson TK1) # tftpboot 0x82000000 zImage.multi_v7_defconfig
Using asx0 device
TFTP from server 192.168.100.1; our IP address is 192.168.100.102
Filename 'zImage.multi_v7_defconfig'.
Load address: 0x82000000
Loading: *#################################################################
	 #################################################################
	 #################################################################
	 #################################################################
	 #################################################################
	 #################################################################
	 ####################################################
	 3.4 MiB/s
done
Bytes transferred = 6477184 (62d580 hex)
Tegra124 (Jetson TK1) # tftpboot 0x83000000 tegra124-jetson-tk1.dtb
Using asx0 device
TFTP from server 192.168.100.1; our IP address is 192.168.100.102
Filename 'tegra124-jetson-tk1.dtb'.
Load address: 0x83000000
Loading: *#####
	 3.1 MiB/s
done
Bytes transferred = 64138 (fa8a hex)
Tegra124 (Jetson TK1) # bootz 0x82000000 - 0x83000000
Kernel image @ 0x82000000 [ 0x000000 - 0x62d580 ]
## Flattened Device Tree blob at 83000000
   Booting using the fdt blob at 0x83000000
   Using Device Tree in place at 83000000, end 83012a89

Starting kernel ...

[    0.000000] Booting Linux on physical CPU 0x0
[    0.000000] Linux version 4.3.0-51166-gbd4f203 (pwalmsley@sellafield) (gcc version 4.7.3 20130328 (prerelease) (crosstool-NG linaro-1.13.1-4.7-2013.04-20130415 - Linaro GCC 2013.04) ) #1 SMP Wed Jan 20 11:04:27 PST 2016
[    0.000000] CPU: ARMv7 Processor [413fc0f3] revision 3 (ARMv7), cr=10c5387d
[    0.000000] CPU: PIPT / VIPT nonaliasing data cache, PIPT instruction cache
[    0.000000] Machine model: NVIDIA Tegra124 Jetson TK1
[    0.000000] debug: ignoring loglevel setting.
[    0.000000] cma: Reserved 64 MiB at 0xfb800000
[    0.000000] Memory policy: Data cache writealloc
[    0.000000] On node 0 totalpages: 524032
[    0.000000] free_area_init_node: node 0, pgdat c0f982c0, node_mem_map eeff8000
[    0.000000]   DMA zone: 1536 pages used for memmap
[    0.000000]   DMA zone: 0 pages reserved
[    0.000000]   DMA zone: 196608 pages, LIFO batch:31
[    0.000000]   HighMem zone: 327424 pages, LIFO batch:31
[    0.000000] PERCPU: Embedded 12 pages/cpu @eef8f000 s19136 r8192 d21824 u49152
[    0.000000] pcpu-alloc: s19136 r8192 d21824 u49152 alloc=12*4096
[    0.000000] pcpu-alloc: [0] 0 [0] 1 [0] 2 [0] 3 
[    0.000000] Built 1 zonelists in Zone order, mobility grouping on.  Total pages: 522496
[    0.000000] Kernel command line: ignore_loglevel console=ttyS0,115200n8 rw root=/dev/mmcblk0p1 rootwait gpt debug noinitrd earlyprintk init=/bin/bash
[    0.000000] PID hash table entries: 4096 (order: 2, 16384 bytes)
[    0.000000] Dentry cache hash table entries: 131072 (order: 7, 524288 bytes)
[    0.000000] Inode-cache hash table entries: 65536 (order: 6, 262144 bytes)
[    0.000000] Memory: 1998652K/2096128K available (8156K kernel code, 1032K rwdata, 3660K rodata, 1040K init, 340K bss, 31940K reserved, 65536K cma-reserved, 1244160K highmem)
[    0.000000] Virtual kernel memory layout:
[    0.000000]     vector  : 0xffff0000 - 0xffff1000   (   4 kB)
[    0.000000]     fixmap  : 0xffc00000 - 0xfff00000   (3072 kB)
[    0.000000]     vmalloc : 0xf0800000 - 0xff800000   ( 240 MB)
[    0.000000]     lowmem  : 0xc0000000 - 0xf0000000   ( 768 MB)
[    0.000000]     pkmap   : 0xbfe00000 - 0xc0000000   (   2 MB)
[    0.000000]     modules : 0xbf000000 - 0xbfe00000   (  14 MB)
[    0.000000]       .text : 0xc0208000 - 0xc0d932ac   (11821 kB)
[    0.000000]       .init : 0xc0d94000 - 0xc0e98000   (1040 kB)
[    0.000000]       .data : 0xc0e98000 - 0xc0f9a220   (1033 kB)
[    0.000000]        .bss : 0xc0f9d000 - 0xc0ff23a8   ( 341 kB)
[    0.000000] SLUB: HWalign=64, Order=0-3, MinObjects=0, CPUs=4, Nodes=1
[    0.000000] Hierarchical RCU implementation.
[    0.000000] 	Build-time adjustment of leaf fanout to 32.
[    0.000000] 	RCU restricting CPUs from NR_CPUS=16 to nr_cpu_ids=4.
[    0.000000] RCU: Adjusting geometry for rcu_fanout_leaf=32, nr_cpu_ids=4
[    0.000000] NR_IRQS:16 nr_irqs:16 16
[    0.000000] /interrupt-controller@60004000: 160 interrupts forwarded to /interrupt-controller@0,50041000
[    0.000000] L2C: failed to init: -19
[    0.000010] sched_clock: 32 bits at 1000kHz, resolution 1000ns, wraps every 2147483647500ns
[    0.000029] clocksource: timer_us: mask: 0xffffffff max_cycles: 0xffffffff, max_idle_ns: 1911260446275 ns
[    0.000043] Switching to timer-based delay loop, resolution 1000ns
[    0.004390] Architected cp15 timer(s) running at 12.00MHz (virt).
[    0.004408] clocksource: arch_sys_counter: mask: 0xffffffffffffff max_cycles: 0x2c47f4ee7, max_idle_ns: 440795202497 ns
[    0.004426] sched_clock: 56 bits at 12MHz, resolution 83ns, wraps every 4398046511096ns
[    0.004439] Switching to timer-based delay loop, resolution 83ns
[    0.004858] Console: colour dummy device 80x30
[    0.004882] Calibrating delay loop (skipped), value calculated using timer frequency.. 24.00 BogoMIPS (lpj=60000)
[    0.004896] pid_max: default: 32768 minimum: 301
[    0.005003] Mount-cache hash table entries: 2048 (order: 1, 8192 bytes)
[    0.005014] Mountpoint-cache hash table entries: 2048 (order: 1, 8192 bytes)
[    0.005600] CPU: Testing write buffer coherency: ok
[    0.005819] /cpus/cpu@0 missing clock-frequency property
[    0.005858] /cpus/cpu@1 missing clock-frequency property
[    0.005895] /cpus/cpu@2 missing clock-frequency property
[    0.005934] /cpus/cpu@3 missing clock-frequency property
[    0.005945] CPU0: thread -1, cpu 0, socket 0, mpidr 80000000
[    0.005987] Setting up static identity map for 0x80209000 - 0x80209098
[    0.008941] Tegra Revision: A01 SKU: 129 CPU Process: 1 SoC Process: 1
[    0.010222] CPU1: thread -1, cpu 1, socket 0, mpidr 80000001
[    0.010745] CPU2: thread -1, cpu 2, socket 0, mpidr 80000002
[    0.011264] CPU3: thread -1, cpu 3, socket 0, mpidr 80000003
[    0.011329] Brought up 4 CPUs
[    0.011350] SMP: Total of 4 processors activated (96.00 BogoMIPS).
[    0.011357] CPU: All CPU(s) started in SVC mode.
[    0.012789] devtmpfs: initialized
[    0.031027] VFP support v0.3: implementor 41 architecture 4 part 30 variant f rev 0
[    0.031799] clocksource: jiffies: mask: 0xffffffff max_cycles: 0xffffffff, max_idle_ns: 9556302231375000 ns
[    0.033436] pinctrl core: initialized pinctrl subsystem
[    0.035089] NET: Registered protocol family 16
[    0.037108] DMA: preallocated 256 KiB pool for atomic coherent allocations
[    0.049623] cpuidle: using governor ladder
[    0.064642] cpuidle: using governor menu
[    0.081131] No ATAGs?
[    0.081168] hw-breakpoint: found 5 (+1 reserved) breakpoint and 4 watchpoint registers.
[    0.081178] hw-breakpoint: maximum watchpoint size is 8 bytes.
[    0.085915] Serial: AMBA PL011 UART driver
[    0.115287] +USB0_VBUS_SW: Failed to request enable GPIO108: -517
[    0.115401] reg-fixed-voltage regulators:regulator@7: Failed to register regulator: -517
[    0.115620] +5V_USB_HS: Failed to request enable GPIO109: -517
[    0.115724] reg-fixed-voltage regulators:regulator@8: Failed to register regulator: -517
[    0.116020] +1.05V_RUN_AVDD_HDMI_PLL: Failed to request enable GPIO63: -517
[    0.116123] reg-fixed-voltage regulators:regulator@11: Failed to register regulator: -517
[    0.116340] +5V_HDMI_CON: Failed to request enable GPIO86: -517
[    0.116442] reg-fixed-voltage regulators:regulator@12: Failed to register regulator: -517
[    0.116655] +5V_SATA: Failed to request enable GPIO242: -517
[    0.116756] reg-fixed-voltage regulators:regulator@13: Failed to register regulator: -517
[    0.116970] +12V_SATA: Failed to request enable GPIO242: -517
[    0.117070] reg-fixed-voltage regulators:regulator@14: Failed to register regulator: -517
[    0.119949] vgaarb: loaded
[    0.120695] SCSI subsystem initialized
[    0.120876] libata version 3.00 loaded.
[    0.121170] usbcore: registered new interface driver usbfs
[    0.121234] usbcore: registered new interface driver hub
[    0.121307] usbcore: registered new device driver usb
[    0.124886] pps_core: LinuxPPS API ver. 1 registered
[    0.124896] pps_core: Software ver. 5.3.6 - Copyright 2005-2007 Rodolfo Giometti <giometti@linux.it>
[    0.124925] PTP clock support registered
[    0.125146] EDAC MC: Ver: 3.0.0
[    0.128272] clocksource: Switched to clocksource arch_sys_counter
[    0.139859] NET: Registered protocol family 2
[    0.140382] TCP established hash table entries: 8192 (order: 3, 32768 bytes)
[    0.140483] TCP bind hash table entries: 8192 (order: 4, 65536 bytes)
[    0.140669] TCP: Hash tables configured (established 8192 bind 8192)
[    0.140722] UDP hash table entries: 512 (order: 2, 16384 bytes)
[    0.140762] UDP-Lite hash table entries: 512 (order: 2, 16384 bytes)
[    0.140929] NET: Registered protocol family 1
[    0.141184] RPC: Registered named UNIX socket transport module.
[    0.141193] RPC: Registered udp transport module.
[    0.141201] RPC: Registered tcp transport module.
[    0.141208] RPC: Registered tcp NFSv4.1 backchannel transport module.
[    0.141228] PCI: CLS 0 bytes, default 64
[    0.142223] hw perfevents: enabled with armv7_cortex_a15 PMU driver, 7 counters available
[    0.143771] futex hash table entries: 1024 (order: 4, 65536 bytes)
[    0.155723] squashfs: version 4.0 (2009/01/31) Phillip Lougher
[    0.156642] NFS: Registering the id_resolver key type
[    0.156670] Key type id_resolver registered
[    0.156678] Key type id_legacy registered
[    0.156753] ntfs: driver 2.1.32 [Flags: R/O].
[    0.158130] bounce: pool size: 64 pages
[    0.158368] Block layer SCSI generic (bsg) driver version 0.4 loaded (major 249)
[    0.158388] io scheduler noop registered
[    0.158405] io scheduler deadline registered
[    0.158446] io scheduler cfq registered (default)
[    0.175273] tegra-pcie 1003000.pcie-controller: 2x1, 1x1 configuration
[    0.175327] tegra-pcie 1003000.pcie-controller: Failed to get supply 'avddio-pex': -517
[    0.182519] tegra-apbdma 60020000.dma: Tegra20 APB DMA driver register 32 channels
[    0.183918] tegra-pmc 7000e400.pmc: emergency thermal reset enabled
[    0.248727] Serial: 8250/16550 driver, 4 ports, IRQ sharing disabled
[    0.251095] SuperH (H)SCI(F) driver initialized
[    0.252037] msm_serial: driver initialized
[    0.252861] console [ttyS0] disabled
[    0.252894] 70006300.serial: ttyS0 at MMIO 0x70006300 (irq = 331, base_baud = 25500000) is a Tegra
[    1.071515] console [ttyS0] enabled
[    1.075815] STMicroelectronics ASC driver initialized
[    1.083292] [drm] Initialized drm 1.1.0 20060810
[    1.090272] tegra-hdmi 54280000.hdmi: failed to get HDMI regulator
[    1.104494] loop: module loaded
[    1.107924] at24 0-0056: 256 byte 24c02 EEPROM, writable, 8 bytes/write
[    1.115809] as3722 4-0040: AS3722 with revision 0x1 found
[    1.139076] +5V_SYS: supplied by +VDD_MUX
[    1.143122] +1.05V_RUN: supplied by +5V_SYS
[    1.147436] tegra-ahci 70027000.sata: Failed to get supply 'hvdd': -517
[    1.154109] tegra-ahci 70027000.sata: Failed to get regulators
[    1.165386] m25p80 spi32765.0: w25q32dw (4096 Kbytes)
[    1.170464] spi32765.0: 'partitions' subnode not found on /spi@0,7000da00/spi-flash@0. Trying to parse direct subnodes as partitions.
[    1.185822] CAN device driver interface
[    1.191027] igb: Intel(R) Gigabit Ethernet Network Driver - version 5.3.0-k
[    1.197994] igb: Copyright (c) 2007-2014 Intel Corporation.
[    1.206906] pegasus: v0.9.3 (2013/04/25), Pegasus/Pegasus II USB Ethernet driver
[    1.214365] usbcore: registered new interface driver pegasus
[    1.220103] usbcore: registered new interface driver asix
[    1.225562] usbcore: registered new interface driver ax88179_178a
[    1.231713] usbcore: registered new interface driver cdc_ether
[    1.237623] usbcore: registered new interface driver smsc75xx
[    1.243448] usbcore: registered new interface driver smsc95xx
[    1.249253] usbcore: registered new interface driver net1080
[    1.254977] usbcore: registered new interface driver cdc_subset
[    1.260957] usbcore: registered new interface driver zaurus
[    1.266627] usbcore: registered new interface driver cdc_ncm
[    1.272550] tegra-phy 7d004000.usb-phy: no vbus regulator
[    1.279899] ehci_hcd: USB 2.0 'Enhanced' Host Controller (EHCI) Driver
[    1.286439] ehci-pci: EHCI PCI platform driver
[    1.290938] ehci-platform: EHCI generic platform driver
[    1.296385] ehci-omap: OMAP-EHCI Host Controller driver
[    1.301765] ehci-orion: EHCI orion driver
[    1.305929] SPEAr-ehci: EHCI SPEAr driver
[    1.310097] ehci-st: EHCI STMicroelectronics driver
[    1.315136] ehci-exynos: EHCI EXYNOS driver
[    1.319501] ehci-atmel: EHCI Atmel driver
[    1.323669] tegra-ehci: Tegra EHCI driver
[    1.327979] tegra-ehci 7d004000.usb: EHCI Host Controller
[    1.333411] tegra-ehci 7d004000.usb: new USB bus registered, assigned bus number 1
[    1.341150] tegra-ehci 7d004000.usb: irq 348, io mem 0x7d004000
[    1.353295] tegra-ehci 7d004000.usb: USB 2.0 started, EHCI 1.10
[    1.360056] hub 1-0:1.0: USB hub found
[    1.363854] hub 1-0:1.0: 1 port detected
[    1.368393] ohci_hcd: USB 1.1 'Open' Host Controller (OHCI) Driver
[    1.374592] ohci-pci: OHCI PCI platform driver
[    1.379099] ohci-platform: OHCI generic platform driver
[    1.384511] ohci-omap3: OHCI OMAP3 driver
[    1.388678] SPEAr-ohci: OHCI SPEAr driver
[    1.392836] ohci-st: OHCI STMicroelectronics driver
[    1.397870] ohci-atmel: OHCI Atmel driver
[    1.402428] usbcore: registered new interface driver usb-storage
[    1.410028] mousedev: PS/2 mouse device common for all mice
[    1.419310] as3722-rtc as3722-rtc: rtc core: registered as3722-rtc as rtc0
[    1.426197] as3722-rtc as3722-rtc: RTC interrupt 371
[    1.434547] tegra_rtc 7000e000.rtc: rtc core: registered 7000e000.rtc as rtc1
[    1.441732] tegra_rtc 7000e000.rtc: Tegra internal Real Time Clock
[    1.448519] i2c /dev entries driver
[    1.457121] 0-004c supply vcc not found, using dummy regulator
[    1.469731] sdhci: Secure Digital Host Controller Interface driver
[    1.475927] sdhci: Copyright(c) Pierre Ossman
[    1.481970] Synopsys Designware Multimedia Card Interface Driver
[    1.489194] sdhci-pltfm: SDHCI platform and OF driver helper
[    1.495609] sdhci-tegra 700b0400.sdhci: Got CD GPIO
[    1.500515] sdhci-tegra 700b0400.sdhci: Got WP GPIO
[    1.505447] mmc0: Unknown controller version (3). You may experience problems.
[    1.512798] sdhci-tegra 700b0400.sdhci: No vmmc regulator found
[    1.518880] mmc0: Unknown controller version (3). You may experience problems.
[    1.526183] sdhci-tegra 700b0600.sdhci: No vmmc regulator found
[    1.532120] sdhci-tegra 700b0600.sdhci: No vqmmc regulator found
[    1.538135] mmc0: Invalid maximum block size, assuming 512 bytes
[    1.578295] mmc0: SDHCI controller on 700b0600.sdhci [700b0600.sdhci] using ADMA 64-bit
[    1.587689] ledtrig-cpu: registered to indicate activity on CPUs
[    1.593931] usbcore: registered new interface driver usbhid
[    1.599510] usbhid: USB HID core driver
[    1.610250] NET: Registered protocol family 10
[    1.615466] sit: IPv6 over IPv4 tunneling driver
[    1.620822] NET: Registered protocol family 17
[    1.625308] can: controller area network core (rev 20120528 abi 9)
[    1.631617] NET: Registered protocol family 29
[    1.636092] can: raw protocol (rev 20120528)
[    1.640436] can: broadcast manager protocol (rev 20120528 t)
[    1.646126] can: netlink gateway (rev 20130117) max_hops=1
[    1.652118] Key type dns_resolver registered
[    1.657019] ThumbEE CPU extension supported.
[    1.661372] Registering SWP/SWPB emulation handler
[    1.682226] tegra-pcie 1003000.pcie-controller: 2x1, 1x1 configuration
[    1.689124] +3.3V_SYS: supplied by +VDD_MUX
[    1.693388] +3.3V_LP0: supplied by +3.3V_SYS
[    1.698017] +1.35V_LP0(sd2): supplied by +5V_SYS
[    1.702667] mmc0: MAN_BKOPS_EN bit is not set
[    1.702741] +1.05V_RUN_AVDD: supplied by +1.35V_LP0(sd2)
[    1.704852] tegra-pcie 1003000.pcie-controller: probing port 0, using 2 lanes
[    1.712440] tegra-pcie 1003000.pcie-controller: Slot present pin change, signature: 00000008
[    1.732534] mmc0: new high speed MMC card at address 0001
[    1.739318] mmcblk0: mmc0:0001 SEM16G 14.6 GiB 
[    1.744971] mmcblk0boot0: mmc0:0001 SEM16G partition 1 4.00 MiB
[    1.752008] mmcblk0boot1: mmc0:0001 SEM16G partition 2 4.00 MiB
[    1.758894] mmcblk0rpmb: mmc0:0001 SEM16G partition 3 4.00 MiB
[    1.769155] Primary GPT is invalid, using alternate GPT.
[    1.774562]  mmcblk0: p1 p2 p3 p4 p5 p6 p7 p8 p9
[    2.176433] tegra-pcie 1003000.pcie-controller: link 0 down, retrying
[    2.612239] tegra-pcie 1003000.pcie-controller: link 0 down, retrying
[    3.048460] tegra-pcie 1003000.pcie-controller: link 0 down, retrying
[    3.057095] tegra-pcie 1003000.pcie-controller: link 0 down, ignoring
[    3.063606] tegra-pcie 1003000.pcie-controller: probing port 1, using 1 lanes
[    3.073103] tegra-pcie 1003000.pcie-controller: Slot present pin change, signature: 00000000
[    3.506949] tegra-pcie 1003000.pcie-controller: link 1 down, retrying
[    3.942903] tegra-pcie 1003000.pcie-controller: link 1 down, retrying
[    4.377823] tegra-pcie 1003000.pcie-controller: link 1 down, retrying
[    4.386451] tegra-pcie 1003000.pcie-controller: link 1 down, ignoring
[    4.393172] tegra-pcie 1003000.pcie-controller: PCI host bridge to bus 0000:00
[    4.400409] pci_bus 0000:00: root bus resource [mem 0x13000000-0x1fffffff]
[    4.407290] pci_bus 0000:00: root bus resource [mem 0x20000000-0x3fffffff pref]
[    4.414614] pci_bus 0000:00: root bus resource [bus 00-ff]
[    4.420107] pci_bus 0000:00: root bus resource [io  0x1000-0xffff]
[    4.426317] PCI: bus0: Fast back to back transfers enabled
[    4.432627] +5V_HDMI_CON: supplied by +5V_SYS
[    4.437131] +1.05V_RUN_AVDD_HDMI_PLL: supplied by +1.05V_RUN
[    4.442950] +3.3V_RUN: supplied by +3.3V_SYS
[    4.447265] +3.3V_AVDD_HDMI_AP_GATED: supplied by +3.3V_RUN
[    4.454858] [drm] Supports vblank timestamp caching Rev 2 (21.10.2013).
[    4.461526] [drm] No driver support for vblank timestamp query.
[    4.567724] tegra-hdmi 54280000.hdmi: cannot set audio to 44100 at 297000000 pclk
[    4.677916] Console: switching to colour frame buffer device 512x135
[    4.772271] drm drm: fb0:  frame buffer device
[    4.793413] [drm] Initialized tegra 0.0.0 20120330 on minor 0
[    4.800396] +5V_SATA: supplied by +5V_SYS
[    4.804554] +12V_SATA: supplied by +VDD_MUX
[    4.809527] tegra-ahci 70027000.sata: AHCI 0001.0301 32 slots 2 ports 3 Gbps 0x1 impl platform mode
[    4.818602] tegra-ahci 70027000.sata: flags: 64bit ncq sntf pm led pio slum part sadm sds apst 
[    4.829590] scsi host0: tegra-ahci
[    4.834295] scsi host1: tegra-ahci
[    4.838043] ata1: SATA max UDMA/133 mmio [mem 0x70027000-0x70028fff] port 0x100 irq 341
[    4.846078] ata2: DUMMY
[    4.849805] +5V_USB_HS: supplied by +5V_SYS
[    4.855255] tegra-ehci 7d008000.usb: EHCI Host Controller
[    4.860713] tegra-ehci 7d008000.usb: new USB bus registered, assigned bus number 2
[    4.868510] tegra-ehci 7d008000.usb: irq 349, io mem 0x7d008000
[    4.883430] tegra-ehci 7d008000.usb: USB 2.0 started, EHCI 1.10
[    4.890596] hub 2-0:1.0: USB hub found
[    4.894453] hub 2-0:1.0: 1 port detected
[    4.899953] dev_pm_opp_of_cpumask_add_table: couldn't find opp table for cpu:0, -19
[    4.907729] cpufreq: cpufreq_online: CPU0: Running at unlisted freq: 696000 KHz
[    4.915099] cpufreq: cpufreq_online: CPU0: Unlisted initial frequency changed to: 714000 KHz
[    4.924308] sdhci-tegra 700b0400.sdhci: Got CD GPIO
[    4.929216] sdhci-tegra 700b0400.sdhci: Got WP GPIO
[    4.934142] mmc1: Unknown controller version (3). You may experience problems.
[    4.941470] +VDDIO_SDMMC3: supplied by +3.3V_RUN
[    4.946149] sdhci-tegra 700b0400.sdhci: No vmmc regulator found
[    4.952087] mmc1: Invalid maximum block size, assuming 512 bytes
[    4.993575] mmc1: SDHCI controller on 700b0400.sdhci [700b0400.sdhci] using ADMA 64-bit
[    5.002255] input: gpio-keys as /devices/soc0/gpio-keys/input/input0
[    5.009375] as3722-rtc as3722-rtc: setting system clock to 2000-01-01 00:00:52 UTC (946684852)
[    5.021800] +1.8V_RUN_CAM: disabling
[    5.025715] +2.8V_RUN_CAM: disabling
[    5.029476] +1.2V_RUN_CAM_FRONT: disabling
[    5.033747] +1.05V_RUN_CAM_REAR: disabling
[    5.038000] +3.3V_RUN_TOUCH: disabling
[    5.041858] +2.8V_RUN_CAM_AF: disabling
[    5.045783] +1.8V_RUN_VPP_FUSE: disabling
[    5.049881] +USB0_VBUS_SW: disabling
[    5.168406] ata1: SATA link down (SStatus 0 SControl 300)
[    5.169623] EXT4-fs (mmcblk0p1): couldn't mount as ext3 due to feature incompatibilities
[    5.170418] EXT4-fs (mmcblk0p1): couldn't mount as ext2 due to feature incompatibilities
[    5.184603] EXT4-fs (mmcblk0p1): recovery complete
[    5.184619] EXT4-fs (mmcblk0p1): mounted filesystem with ordered data mode. Opts: (null)
[    5.184655] VFS: Mounted root (ext4 filesystem) on device 179:1.
[    5.186492] devtmpfs: mounted
[    5.187179] Freeing unused kernel memory: 1040K (c0d94000 - c0e98000)
[    5.218372] usb 2-1: new high-speed USB device number 2 using tegra-ehci
bash: cannot set terminal process group (-1): Inappropriate ioctl for device
bash: no job control in this shell
root@(none):/# mount -t sysfs none /sys
root@(none):/# 
root@(none):/# mount -t debugfs none /sys/kernel/debug
root@(none):/# 
root@(none):/# rtcwake -d rtc1 -m mem -s 3
rtcwake: assuming RTC uses UTC ...
rtcwake: wakeup from "mem" using /dev/rtc1 at Thu Jan  1 00:00:25 1970
[    8.484662] PM: Syncing filesystems ... done.
[    8.753821] Freezing user space processes ... (elapsed 0.001 seconds) done.
[    8.762228] Freezing remaining freezable tasks ... (elapsed 0.001 seconds) done.
[    8.770828] Suspending console(s) (use no_console_suspend to debug)
[    8.848842] PM: suspend of devices complete after 71.059 msecs
[    8.850187] PM: late suspend of devices complete after 1.336 msecs
[    8.851421] PM: noirq suspend of devices complete after 1.226 msecs
[    8.851424] Disabling non-boot CPUs ...
[    8.851793] CPU1: shutdown
[    8.864364] CPU2: shutdown
[    8.879264] CPU3: shutdown
[    8.893739] Entering suspend state LP1
[    8.893754] Enabling non-boot CPUs ...
[    8.918940] CPU1 is up
[    8.943996] CPU2 is up
[    8.969122] CPU3 is up
[    8.969794] PM: noirq resume of devices complete after 0.667 msecs
[    8.972061] PM: early resume of devices complete after 1.938 msecs
[    9.090025] PM: resume of devices complete after 117.951 msecs
[    9.153614] Restarting tasks ... done.
root@(none):/# 
root@(none):/# [    9.358395] ata1: SATA link down (SStatus 0 SControl 300)
rtcwake -d rtc1 -m mem -s 3
rtcwake: assuming RTC uses UTC ...
rtcwake: wakeup from "mem" using /dev/rtc1 at Thu Jan  1 00:00:29 1970
[    9.403141] PM: Syncing filesystems ... done.
[    9.465165] Freezing user space processes ... (elapsed 0.001 seconds) done.
[    9.473400] Freezing remaining freezable tasks ... (elapsed 0.001 seconds) done.
[    9.482030] Suspending console(s) (use no_console_suspend to debug)
[    9.558977] PM: suspend of devices complete after 69.712 msecs
[    9.560811] PM: late suspend of devices complete after 1.826 msecs
[    9.562333] PM: noirq suspend of devices complete after 1.516 msecs
[    9.562336] Disabling non-boot CPUs ...
[    9.562894] CPU1: shutdown
[    9.579982] CPU2: shutdown
[    9.604766] CPU3: shutdown
[    9.619031] Entering suspend state LP1
[    9.619046] Enabling non-boot CPUs ...
[    9.643940] CPU1 is up
[    9.669007] CPU2 is up
[    9.694138] CPU3 is up
[    9.694814] PM: noirq resume of devices complete after 0.670 msecs
[    9.696716] PM: early resume of devices complete after 1.572 msecs
[    9.814970] PM: resume of devices complete after 118.243 msecs
[    9.878591] Restarting tasks ... done.
root@(none):/# 
root@(none):/# [   10.083378] ata1: SATA link down (SStatus 0 SControl 300)
rtcwake -d rtc1 -m mem -s 3
rtcwake: assuming RTC uses UTC ...
rtcwake: wakeup from "mem" using /dev/rtc1 at Thu Jan  1 00:00:33 1970
[   10.128380] PM: Syncing filesystems ... done.
[   10.197562] Freezing user space processes ... (elapsed 0.001 seconds) done.
[   10.205823] Freezing remaining freezable tasks ... (elapsed 0.001 seconds) done.
[   10.214505] Suspending console(s) (use no_console_suspend to debug)
[   10.294056] PM: suspend of devices complete after 72.216 msecs
[   10.296298] PM: late suspend of devices complete after 2.229 msecs
[   10.298122] PM: noirq suspend of devices complete after 1.816 msecs
[   10.298125] Disabling non-boot CPUs ...
[   10.298748] CPU1: shutdown
[   10.325149] CPU2: shutdown
[   10.349920] CPU3: shutdown
[   10.364098] Entering suspend state LP1
[   10.364114] Enabling non-boot CPUs ...
[   10.388923] CPU1 is up
[   10.413980] CPU2 is up
[   10.439100] CPU3 is up
[   10.439774] PM: noirq resume of devices complete after 0.669 msecs
[   10.441446] PM: early resume of devices complete after 1.362 msecs
[   10.560224] PM: resume of devices complete after 118.767 msecs
[   10.623827] Restarting tasks ... done.
root@(none):/# 
root@(none):/# [   10.828352] ata1: SATA link down (SStatus 0 SControl 300)
rtcwake -d rtc1 -m mem -s 3
rtcwake: assuming RTC uses UTC ...
rtcwake: wakeup from "mem" using /dev/rtc1 at Thu Jan  1 00:00:37 1970
[   10.872806] PM: Syncing filesystems ... done.
[   10.941984] Freezing user space processes ... (elapsed 0.001 seconds) done.
[   10.950260] Freezing remaining freezable tasks ... (elapsed 0.001 seconds) done.
[   10.958941] Suspending console(s) (use no_console_suspend to debug)
[   11.038819] PM: suspend of devices complete after 72.543 msecs
[   11.041079] PM: late suspend of devices complete after 2.247 msecs
[   11.042922] PM: noirq suspend of devices complete after 1.834 msecs
[   11.042925] Disabling non-boot CPUs ...
[   11.043573] CPU1: shutdown
[   11.075085] CPU2: shutdown
[   11.089868] CPU3: shutdown
[   11.104060] Entering suspend state LP1
[   11.104075] Enabling non-boot CPUs ...
[   11.128891] CPU1 is up
[   11.153947] CPU2 is up
[   11.179074] CPU3 is up
[   11.179721] PM: noirq resume of devices complete after 0.642 msecs
[   11.181582] PM: early resume of devices complete after 1.536 msecs
[   11.299965] PM: resume of devices complete after 118.373 msecs
[   11.363579] Restarting tasks ... done.
root@(none):/# 
root@(none):/# [   11.568316] ata1: SATA link down (SStatus 0 SControl 300)
rtcwake -d rtc1 -m mem -s 3
rtcwake: assuming RTC uses UTC ...
rtcwake: wakeup from "mem" using /dev/rtc1 at Thu Jan  1 00:00:41 1970
[   11.622056] PM: Syncing filesystems ... done.
[   11.691059] Freezing user space processes ... (elapsed 0.001 seconds) done.
[   11.699293] Freezing remaining freezable tasks ... (elapsed 0.001 seconds) done.
[   11.707989] Suspending console(s) (use no_console_suspend to debug)
[   11.783874] PM: suspend of devices complete after 68.642 msecs
[   11.786099] PM: late suspend of devices complete after 2.212 msecs
[   11.787911] PM: noirq suspend of devices complete after 1.802 msecs
[   11.787914] Disabling non-boot CPUs ...
[   11.788528] CPU1: shutdown
[   11.814866] CPU2: shutdown
[   11.829696] CPU3: shutdown
[   11.843943] Entering suspend state LP1
[   11.843958] Enabling non-boot CPUs ...
[   11.868869] CPU1 is up
[   11.893934] CPU2 is up
[   11.919057] CPU3 is up
[   11.919708] PM: noirq resume of devices complete after 0.646 msecs
[   11.921539] PM: early resume of devices complete after 1.518 msecs
[   12.040079] PM: resume of devices complete after 118.530 msecs
[   12.103687] Restarting tasks ... done.
NVTB SYSTEM SUSPEND TEST COMPLETE
root@(none):/# 
root@(none):/# [   12.308315] ata1: SATA link down (SStatus 0 SControl 300)
