
U-Boot SPL 2014.01-00219-gc4d376f (Feb 18 2014 - 19:57:32)


U-Boot 2014.01-00219-gc4d376f (Feb 18 2014 - 19:57:32)

TEGRA114
Board: NVIDIA Dalmore
I2C:   ready
DRAM:  2 GiB
MMC:   Tegra SD/MMC: 0, Tegra SD/MMC: 1
In:    serial
Out:   serial
Err:   serial
Net:   Net Initialization Skipped
No ethernet found.
Hit any key to stop autoboot:  2  0 
Tegra114 (Dalmore) # 
Tegra114 (Dalmore) # usb reset
(Re)start USB...
USB0:   USB EHCI 1.10
scanning bus 0 for devices... 2 USB Device(s) found
       scanning usb for storage devices... 0 Storage Device(s) found
       scanning usb for ethernet devices... 
Warning: asx0 using MAC address from net device
1 Ethernet Device(s) found
Tegra114 (Dalmore) # setenv bootargs 'ignore_loglevel console=ttyS0,115200n8 rw root=/dev/mmcblk0p1 rootwait gpt debug init=/bin/bash'
Tegra114 (Dalmore) # setenv ipaddr 192.168.100.100; setenv serverip 192.168.100.1; setenv tftpserverip 192.168.100.1
Tegra114 (Dalmore) # tftpboot 0x81000000 zImage.multi_v7_defconfig
Using asx0 device
TFTP from server 192.168.100.1; our IP address is 192.168.100.100
Filename 'zImage.multi_v7_defconfig'.
Load address: 0x81000000
Loading: *#################################################################
	 #################################################################
	 #################################################################
	 #################################################################
	 #################################################################
	 #################################################################
	 ###################################
	 3.3 MiB/s
done
Bytes transferred = 6227920 (5f07d0 hex)
Tegra114 (Dalmore) # tftpboot 0x82000000 tegra114-dalmore.dtb
Using asx0 device
TFTP from server 192.168.100.1; our IP address is 192.168.100.100
Filename 'tegra114-dalmore.dtb'.
Load address: 0x82000000
Loading: *###
	 2.8 MiB/s
done
Bytes transferred = 34894 (884e hex)
Tegra114 (Dalmore) # bootz 0x81000000 - 0x82000000
Kernel image @ 0x81000000 [ 0x000000 - 0x5f07d0 ]
## Flattened Device Tree blob at 82000000
   Booting using the fdt blob at 0x82000000
   Loading Device Tree to 8fff4000, end 8ffff84d ... OK

Starting kernel ...

[    0.000000] Booting Linux on physical CPU 0x0
[    0.000000] Linux version 4.0.0-11486-g27cf3a1 (pwalmsley@sellafield) (gcc version 4.7.3 20130328 (prerelease) (crosstool-NG linaro-1.13.1-4.7-2013.04-20130415 - Linaro GCC 2013.04) ) #1 SMP Mon May 11 20:21:59 PDT 2015
[    0.000000] CPU: ARMv7 Processor [412fc0f2] revision 2 (ARMv7), cr=10c5387d
[    0.000000] CPU: PIPT / VIPT nonaliasing data cache, PIPT instruction cache
[    0.000000] Machine model: NVIDIA Tegra114 Dalmore evaluation board
[    0.000000] debug: ignoring loglevel setting.
[    0.000000] earlycon: no match for ttyS0,115200n8
[    0.000000] cma: Reserved 64 MiB at 0xfb800000
[    0.000000] Memory policy: Data cache writealloc
[    0.000000] On node 0 totalpages: 524032
[    0.000000] free_area_init_node: node 0, pgdat c0f1d6c0, node_mem_map ee7f8000
[    0.000000]   DMA zone: 1520 pages used for memmap
[    0.000000]   DMA zone: 0 pages reserved
[    0.000000]   DMA zone: 194560 pages, LIFO batch:31
[    0.000000]   HighMem zone: 329472 pages, LIFO batch:31
[    0.000000] PERCPU: Embedded 12 pages/cpu @ee7a3000 s16960 r8192 d24000 u49152
[    0.000000] pcpu-alloc: s16960 r8192 d24000 u49152 alloc=12*4096
[    0.000000] pcpu-alloc: [0] 0 [0] 1 [0] 2 [0] 3 
[    0.000000] Built 1 zonelists in Zone order, mobility grouping on.  Total pages: 522512
[    0.000000] Kernel command line: ignore_loglevel console=ttyS0,115200n8 rw root=/dev/mmcblk0p1 rootwait gpt debug init=/bin/bash
[    0.000000] PID hash table entries: 4096 (order: 2, 16384 bytes)
[    0.000000] Dentry cache hash table entries: 131072 (order: 7, 524288 bytes)
[    0.000000] Inode-cache hash table entries: 65536 (order: 6, 262144 bytes)
[    0.000000] Memory: 1999276K/2096128K available (7983K kernel code, 1021K rwdata, 3576K rodata, 820K init, 317K bss, 31316K reserved, 65536K cma-reserved, 1252352K highmem)
[    0.000000] Virtual kernel memory layout:
[    0.000000]     vector  : 0xffff0000 - 0xffff1000   (   4 kB)
[    0.000000]     fixmap  : 0xffc00000 - 0xfff00000   (3072 kB)
[    0.000000]     vmalloc : 0xf0000000 - 0xff000000   ( 240 MB)
[    0.000000]     lowmem  : 0xc0000000 - 0xef800000   ( 760 MB)
[    0.000000]     pkmap   : 0xbfe00000 - 0xc0000000   (   2 MB)
[    0.000000]     modules : 0xbf000000 - 0xbfe00000   (  14 MB)
[    0.000000]       .text : 0xc0208000 - 0xc0d52f14   (11564 kB)
[    0.000000]       .init : 0xc0d53000 - 0xc0e20000   ( 820 kB)
[    0.000000]       .data : 0xc0e20000 - 0xc0f1f680   (1022 kB)
[    0.000000]        .bss : 0xc0f22000 - 0xc0f716a8   ( 318 kB)
[    0.000000] SLUB: HWalign=64, Order=0-3, MinObjects=0, CPUs=4, Nodes=1
[    0.000000] Hierarchical RCU implementation.
[    0.000000] 	Additional per-CPU info printed with stalls.
[    0.000000] 	RCU restricting CPUs from NR_CPUS=16 to nr_cpu_ids=4.
[    0.000000] RCU: Adjusting geometry for rcu_fanout_leaf=16, nr_cpu_ids=4
[    0.000000] NR_IRQS:16 nr_irqs:16 16
[    0.000000] /interrupt-controller@60004000: 160 interrupts forwarded to /interrupt-controller@50041000
[    0.000000] L2C: failed to init: -19
[    0.000009] sched_clock: 32 bits at 1000kHz, resolution 1000ns, wraps every 2147483647500ns
[    0.000028] clocksource timer_us: mask: 0xffffffff max_cycles: 0xffffffff, max_idle_ns: 1911260446275 ns
[    0.000042] Switching to timer-based delay loop, resolution 1000ns
[    0.002655] Architected cp15 timer(s) running at 12.00MHz (virt).
[    0.002673] clocksource arch_sys_counter: mask: 0xffffffffffffff max_cycles: 0x2c47f4ee7, max_idle_ns: 440795202497 ns
[    0.002691] sched_clock: 56 bits at 12MHz, resolution 83ns, wraps every 4398046511096ns
[    0.002704] Switching to timer-based delay loop, resolution 83ns
[    0.003039] Console: colour dummy device 80x30
[    0.003063] Calibrating delay loop (skipped), value calculated using timer frequency.. 24.00 BogoMIPS (lpj=60000)
[    0.003077] pid_max: default: 32768 minimum: 301
[    0.003194] Mount-cache hash table entries: 2048 (order: 1, 8192 bytes)
[    0.003206] Mountpoint-cache hash table entries: 2048 (order: 1, 8192 bytes)
[    0.003813] CPU: Testing write buffer coherency: ok
[    0.004019] /cpus/cpu@0 missing clock-frequency property
[    0.004049] /cpus/cpu@1 missing clock-frequency property
[    0.004077] /cpus/cpu@2 missing clock-frequency property
[    0.004105] /cpus/cpu@3 missing clock-frequency property
[    0.004117] CPU0: thread -1, cpu 0, socket 0, mpidr 80000000
[    0.004169] Setting up static identity map for 0x80209000 - 0x80209098
[    0.006312] Tegra Revision: A01 SKU: 0 CPU Process: 1 Core Process: 0
[    0.007475] CPU1: thread -1, cpu 1, socket 0, mpidr 80000001
[    0.008090] CPU2: thread -1, cpu 2, socket 0, mpidr 80000002
[    0.008697] CPU3: thread -1, cpu 3, socket 0, mpidr 80000003
[    0.008761] Brought up 4 CPUs
[    0.008781] SMP: Total of 4 processors activated (96.00 BogoMIPS).
[    0.008789] CPU: All CPU(s) started in SVC mode.
[    0.009336] devtmpfs: initialized
[    0.010197] VFP support v0.3: implementor 41 architecture 4 part 30 variant f rev 0
[    0.010646] clocksource jiffies: mask: 0xffffffff max_cycles: 0xffffffff, max_idle_ns: 9556302231375000 ns
[    0.012258] pinctrl core: initialized pinctrl subsystem
[    0.024073] NET: Registered protocol family 16
[    0.026135] DMA: preallocated 256 KiB pool for atomic coherent allocations
[    0.042565] cpuidle: using governor ladder
[    0.057584] cpuidle: using governor menu
[    0.072210] No ATAGs?
[    0.072244] hw-breakpoint: found 5 (+1 reserved) breakpoint and 4 watchpoint registers.
[    0.072255] hw-breakpoint: maximum watchpoint size is 8 bytes.
[    0.075748] Serial: AMBA PL011 UART driver
[    0.106645] dvdd_ts: Failed to request enable GPIO61: -517
[    0.106774] reg-fixed-voltage regulators:regulator@1: Failed to register regulator: -517
[    0.106996] usb1_vbus: Failed to request enable GPIO108: -517
[    0.107111] reg-fixed-voltage regulators:regulator@3: Failed to register regulator: -517
[    0.107326] usb2_vbus: Failed to request enable GPIO86: -517
[    0.107440] reg-fixed-voltage regulators:regulator@4: Failed to register regulator: -517
[    0.107981] VDD_5V0_HDMI_CON: Failed to request enable GPIO81: -517
[    0.108095] reg-fixed-voltage regulators:regulator@7: Failed to register regulator: -517
[    0.110630] vgaarb: loaded
[    0.111384] SCSI subsystem initialized
[    0.111567] libata version 3.00 loaded.
[    0.111909] usbcore: registered new interface driver usbfs
[    0.111986] usbcore: registered new interface driver hub
[    0.112062] usbcore: registered new device driver usb
[    0.115607] tps65090 2-0048: No cache defaults, reading back from HW
[    0.121747] palmas 2-0058: Irq flag is 0x00000000
[    0.124916] palmas 2-0058: Muxing GPIO ff, PWM 0, LED 0
[    0.134418] sdhci-vdd-sd-slot: ramp_delay not set
[    0.160698] media: Linux media interface: v0.10
[    0.160771] Linux video capture interface: v2.00
[    0.160824] pps_core: LinuxPPS API ver. 1 registered
[    0.160833] pps_core: Software ver. 5.3.6 - Copyright 2005-2007 Rodolfo Giometti <giometti@linux.it>
[    0.160865] PTP clock support registered
[    0.161136] EDAC MC: Ver: 3.0.0
[    0.162407] Advanced Linux Sound Architecture Driver Initialized.
[    0.163567] Switched to clocksource arch_sys_counter
[    0.174025] NET: Registered protocol family 2
[    0.174629] TCP established hash table entries: 8192 (order: 3, 32768 bytes)
[    0.174720] TCP bind hash table entries: 8192 (order: 4, 65536 bytes)
[    0.174906] TCP: Hash tables configured (established 8192 bind 8192)
[    0.174960] UDP hash table entries: 512 (order: 2, 16384 bytes)
[    0.175002] UDP-Lite hash table entries: 512 (order: 2, 16384 bytes)
[    0.175174] NET: Registered protocol family 1
[    0.175426] RPC: Registered named UNIX socket transport module.
[    0.175437] RPC: Registered udp transport module.
[    0.175444] RPC: Registered tcp transport module.
[    0.175452] RPC: Registered tcp NFSv4.1 backchannel transport module.
[    0.175475] PCI: CLS 0 bytes, default 64
[    0.177863] futex hash table entries: 1024 (order: 4, 65536 bytes)
[    0.190313] squashfs: version 4.0 (2009/01/31) Phillip Lougher
[    0.191281] NFS: Registering the id_resolver key type
[    0.191312] Key type id_resolver registered
[    0.191320] Key type id_legacy registered
[    0.191408] ntfs: driver 2.1.32 [Flags: R/O].
[    0.192622] bounce: pool size: 64 pages
[    0.192847] Block layer SCSI generic (bsg) driver version 0.4 loaded (major 248)
[    0.192863] io scheduler noop registered
[    0.192875] io scheduler deadline registered
[    0.193084] io scheduler cfq registered (default)
[    0.211663] vdd-lcd-bl: supplied by vdd_ac_bat
[    0.213325] tegra-ahb 6000c004.ahb: incorrect AHB base address in DT data - enabling workaround
[    0.218528] tegra-apbdma 6000a000.dma: Tegra20 APB DMA driver register 32 channels
[    0.219254] tegra-pmc 7000e400.pmc: i2c-thermtrip node not found, emergency thermal reset disabled.
[    0.286141] Serial: 8250/16550 driver, 4 ports, IRQ sharing disabled
[    0.288492] SuperH (H)SCI(F) driver initialized
[    0.289261] msm_serial: driver initialized
[    0.290211] console [ttyS0] disabled
[    0.290248] 70006300.serial: ttyS0 at MMIO 0x70006300 (irq = 329, base_baud = 25500000) is a Tegra
[    1.111154] console [ttyS0] enabled
[    1.115413] STMicroelectronics ASC driver initialized
[    1.122475] [drm] Initialized drm 1.1.0 20060810
[    1.128949] vdd-ao: supplied by vdd_ac_bat
[    1.133280] vddio-1v8: supplied by vdd-ao
[    1.137685] avdd-dsi-csi: supplied by vddio-1v8
[    1.144276] tegra-hdmi 54280000.hdmi: failed to get HDMI regulator
[    1.152204] vdd-sys-3v3: supplied by vdd_ac_bat
[    1.156959] avdd-lcd: supplied by vdd-sys-3v3
[    1.167624] loop: module loaded
[    1.176519] m25p80 spi32766.0: w25q32dw (4096 Kbytes)
[    1.184969] CAN device driver interface
[    1.189974] igb: Intel(R) Gigabit Ethernet Network Driver - version 5.2.15-k
[    1.197027] igb: Copyright (c) 2007-2014 Intel Corporation.
[    1.204662] pegasus: v0.9.3 (2013/04/25), Pegasus/Pegasus II USB Ethernet driver
[    1.212116] usbcore: registered new interface driver pegasus
[    1.217851] usbcore: registered new interface driver asix
[    1.223315] usbcore: registered new interface driver ax88179_178a
[    1.229466] usbcore: registered new interface driver cdc_ether
[    1.235376] usbcore: registered new interface driver smsc75xx
[    1.241198] usbcore: registered new interface driver smsc95xx
[    1.247001] usbcore: registered new interface driver net1080
[    1.252723] usbcore: registered new interface driver cdc_subset
[    1.258701] usbcore: registered new interface driver zaurus
[    1.264372] usbcore: registered new interface driver cdc_ncm
[    1.271772] ehci_hcd: USB 2.0 'Enhanced' Host Controller (EHCI) Driver
[    1.278314] ehci-pci: EHCI PCI platform driver
[    1.282820] ehci-platform: EHCI generic platform driver
[    1.288252] ehci-omap: OMAP-EHCI Host Controller driver
[    1.293638] ehci-orion: EHCI orion driver
[    1.297777] SPEAr-ehci: EHCI SPEAr driver
[    1.301938] ehci-st: EHCI STMicroelectronics driver
[    1.306964] ehci-exynos: EHCI EXYNOS driver
[    1.311315] tegra-ehci: Tegra EHCI driver
[    1.315657] ohci_hcd: USB 1.1 'Open' Host Controller (OHCI) Driver
[    1.321861] ohci-pci: OHCI PCI platform driver
[    1.326368] ohci-platform: OHCI generic platform driver
[    1.331761] ohci-omap3: OHCI OMAP3 driver
[    1.335920] SPEAr-ohci: OHCI SPEAr driver
[    1.340088] ohci-st: OHCI STMicroelectronics driver
[    1.345190] usbcore: registered new interface driver usb-storage
[    1.352657] mousedev: PS/2 mouse device common for all mice
[    1.363604] palmas-rtc 7000d000.i2c:tps65913@58:rtc: rtc core: registered 7000d000.i2c:tps659 as rtc0
[    1.374620] tegra_rtc 7000e000.rtc: rtc core: registered 7000e000.rtc as rtc1
[    1.381814] tegra_rtc 7000e000.rtc: Tegra internal Real Time Clock
[    1.388576] i2c /dev entries driver
[    1.394623] usbcore: registered new interface driver uvcvideo
[    1.400376] USB Video Class driver (1.1.1)
[    1.404486] gspca_main: v2.14.0 registered
[    1.409276] sbs-battery 0-000b: sbs_probe: Failed to get device status
[    1.415823] sbs-battery: probe of 0-000b failed with error -121
[    1.424164] vdd-sensor-2v85: supplied by vdd-sys-3v3
[    1.435428] sdhci: Secure Digital Host Controller Interface driver
[    1.441615] sdhci: Copyright(c) Pierre Ossman
[    1.447369] Synopsys Designware Multimedia Card Interface Driver
[    1.454474] sdhci-pltfm: SDHCI platform and OF driver helper
[    1.460850] sdhci-tegra 78000400.sdhci: Got CD GPIO
[    1.465755] sdhci-tegra 78000400.sdhci: Got WP GPIO
[    1.471749] sdhci-tegra 78000400.sdhci: No vmmc regulator found
[    1.477679] sdhci-tegra 78000400.sdhci: No vqmmc regulator found
[    1.483691] mmc0: Invalid maximum block size, assuming 512 bytes
[    1.523707] mmc0: SDHCI controller on 78000400.sdhci [78000400.sdhci] using ADMA
[    1.531350] sdhci-tegra 78000600.sdhci: No vmmc regulator found
[    1.537286] sdhci-tegra 78000600.sdhci: No vqmmc regulator found
[    1.543302] mmc1: Invalid maximum block size, assuming 512 bytes
[    1.583586] mmc1: SDHCI controller on 78000600.sdhci [78000600.sdhci] using ADMA
[    1.592089] ledtrig-cpu: registered to indicate activity on CPUs
[    1.598336] usbcore: registered new interface driver usbhid
[    1.603919] usbhid: USB HID core driver
[    1.611199] usbcore: registered new interface driver snd-usb-audio
[    1.677527] mmc1: MAN_BKOPS_EN bit is not set
[    1.684833] mmc1: new high speed MMC card at address 0001
[    1.690609] mmcblk0: mmc1:0001 SEM32G 29.1 GiB 
[    1.695267] mmcblk0boot0: mmc1:0001 SEM32G partition 1 4.00 MiB
[    1.701308] mmcblk0boot1: mmc1:0001 SEM32G partition 2 4.00 MiB
[    1.707338] mmcblk0rpmb: mmc1:0001 SEM32G partition 3 4.00 MiB
[    1.715713]  mmcblk0: p1 p2 p3 p4 p5 p6 p7 p8
[    2.036494] tegra30-i2s 70080400.i2s: DMA channels sourced from device 70080000.ahub
[    2.053154] tegra-snd-rt5640 sound: rt5640-aif1 <-> 70080400.i2s mapping ok
[    2.063658] input: NVIDIA Tegra Dalmore Headphones as /devices/soc0/sound/sound/card0/input0
[    2.073512] NET: Registered protocol family 17
[    2.077989] can: controller area network core (rev 20120528 abi 9)
[    2.084243] NET: Registered protocol family 29
[    2.088705] can: raw protocol (rev 20120528)
[    2.092973] can: broadcast manager protocol (rev 20120528 t)
[    2.098650] can: netlink gateway (rev 20130117) max_hops=1
[    2.104529] Key type dns_resolver registered
[    2.109383] ThumbEE CPU extension supported.
[    2.113677] Registering SWP/SWPB emulation handler
[    2.122949] vdd-sys-5v0: supplied by vdd_ac_bat
[    2.127717] VDD_5V0_HDMI_CON: supplied by vdd-sys-5v0
[    2.133275] vdd_hdmi_5v0: supplied by vdd-sys-5v0
[    2.140799] [drm] Supports vblank timestamp caching Rev 2 (21.10.2013).
[    2.147451] [drm] No driver support for vblank timestamp query.
[    2.211049] Console: switching to colour frame buffer device 240x75
[    2.238900] drm drm: fb0:  frame buffer device
[    2.243374] drm drm: registered panic notifier
[    2.258712] [drm] Initialized tegra 0.0.0 20120330 on minor 0
[    2.265433] usb2_vbus: supplied by vdd-sys-5v0
[    2.271905] tegra-ehci 7d008000.usb: EHCI Host Controller
[    2.277382] tegra-ehci 7d008000.usb: new USB bus registered, assigned bus number 1
[    2.285276] tegra-ehci 7d008000.usb: irq 339, io mem 0x7d008000
[    2.298695] tegra-ehci 7d008000.usb: USB 2.0 started, EHCI 1.10
[    2.305677] hub 1-0:1.0: USB hub found
[    2.309562] hub 1-0:1.0: 1 port detected
[    2.315372] input: gpio-keys as /devices/soc0/gpio-keys/input/input1
[    2.322971] palmas-rtc 7000d000.i2c:tps65913@58:rtc: setting system clock to 2000-10-16 22:46:54 UTC (971736414)
[    2.344578] vdd_cam_1v8_reg: disabling
[    2.348330] usb1_vbus: disabling
[    2.351609] dvdd_ts: disabling
[    2.356418] ALSA device list:
[    2.359431]   #0: NVIDIA Tegra Dalmore
[    2.364608] EXT4-fs (mmcblk0p1): mounting ext3 file system using the ext4 subsystem
[    2.390714] EXT4-fs (mmcblk0p1): recovery complete
[    2.395546] EXT4-fs (mmcblk0p1): mounted filesystem with ordered data mode. Opts: (null)
[    2.403672] VFS: Mounted root (ext3 filesystem) on device 179:1.
[    2.414469] devtmpfs: mounted
[    2.418077] Freeing unused kernel memory: 820K (c0d53000 - c0e20000)
bash: cannot set terminal process group (-1): Inappropriate ioctl for device
bash: no job control in this shell
root@(none):/# [    2.623732] usb 1-1: new high-speed USB device number 2 using tegra-ehci
