

U-Boot 2015.04-00466-gedec83e90172 (Mar 14 2016 - 10:42:01)

TEGRA124
Model: Acer Chromebook 13 CB5-311
DRAM:  4 GiB
:   Tegra SD/MMC: 0, Tegra SD/MMC: 1, Tegra SD/MMC: 2
MMC init failed
Using default environment

In:    serial
Out:   serial
Err:   serial
Net:   Net Initialization Skipped
No ethernet found.
Hit any key to stop autoboot:  2  1  0 
Tegra124 (Nyan-big) # 
Tegra124 (Nyan-big) # usb start
starting USB...
USB0:   USB EHCI 1.10
scanning bus 0 for devices... 2 USB Device(s) found
USB1:   USB EHCI 1.10
scanning bus 1 for devices... 2 USB Device(s) found
       scanning usb for storage devices... 1 Storage Device(s) found
       scanning usb for ethernet devices... 
Warning: asx0 using MAC address from net device
1 Ethernet Device(s) found
Tegra124 (Nyan-big) # mw 0x7000e4a0 0x00080000
Tegra124 (Nyan-big) # setenv bootargs 'ignore_loglevel console=ttyS0,115200n8 rw root=PARTUUID=4d36e82a-b3c0-4b4b-bfcd-afe5217ac023 rootwait gpt debug noinitrd earlyprintk init=/bin/bash'
Tegra124 (Nyan-big) # setenv ipaddr 192.168.100.102; setenv serverip 192.168.100.1; setenv tftpserverip 192.168.100.1
Tegra124 (Nyan-big) # tftpboot 0x82000000 zImage.multi_v7_defconfig
Using asx0 device
TFTP from server 192.168.100.1; our IP address is 192.168.100.102
Filename 'zImage.multi_v7_defconfig'.
Load address: 0x82000000
Loading: *#################################################################
	 #################################################################
	 #################################################################
	 #################################################################
	 #################################################################
	 #################################################################
	 #################################################################
	 #################################################################
	 ####################################
	 3.5 MiB/s
done
Bytes transferred = 8159752 (7c8208 hex)
Tegra124 (Nyan-big) # tftpboot 0x83000000 tegra124-nyan-big.dtb
Using asx0 device
TFTP from server 192.168.100.1; our IP address is 192.168.100.102
Filename 'tegra124-nyan-big.dtb'.
Load address: 0x83000000
Loading: *#####
	 3.4 MiB/s
done
Bytes transferred = 68203 (10a6b hex)
Tegra124 (Nyan-big) # bootz 0x82000000 - 0x83000000
Kernel image @ 0x82000000 [ 0x000000 - 0x7c8200 ]
## Flattened Device Tree blob at 83000000
   Booting using the fdt blob at 0x83000000
   Using Device Tree in place at 83000000, end 83013a6a

Starting kernel ...

[    0.000000] Booting Linux on physical CPU 0x0
[    0.000000] Linux version 4.13.0-next-20170908-199620-gda52d78 (jonathanh@sellafield) (gcc version 4.7.3 20130328 (prerelease) (crosstool-NG linaro-1.13.1-4.7-2013.04-20130415 - Linaro GCC 2013.04)) #1 SMP Mon Sep 11 15:35:44 PDT 2017
[    0.000000] CPU: ARMv7 Processor [413fc0f3] revision 3 (ARMv7), cr=10c5387d
[    0.000000] CPU: div instructions available: patching division code
[    0.000000] CPU: PIPT / VIPT nonaliasing data cache, PIPT instruction cache
[    0.000000] OF: fdt: Machine model: Acer Chromebook 13 CB5-311
[    0.000000] OF: fdt: Ignoring memory range 0x100000000 - 0x17ffff000
[    0.000000] debug: ignoring loglevel setting.
[    0.000000] Memory policy: Data cache writealloc
[    0.000000] efi: Getting EFI parameters from FDT:
[    0.000000] efi: UEFI not found.
[    0.000000] cma: Reserved 64 MiB at 0xfb800000
[    0.000000] On node 0 totalpages: 524287
[    0.000000] free_area_init_node: node 0, pgdat c158e5c0, node_mem_map eeff8000
[    0.000000]   DMA zone: 1536 pages used for memmap
[    0.000000]   DMA zone: 0 pages reserved
[    0.000000]   DMA zone: 196608 pages, LIFO batch:31
[    0.000000]   HighMem zone: 327679 pages, LIFO batch:31
[    0.000000] random: fast init done
[    0.000000] percpu: Embedded 17 pages/cpu @eef81000 s39424 r8192 d22016 u69632
[    0.000000] pcpu-alloc: s39424 r8192 d22016 u69632 alloc=17*4096
[    0.000000] pcpu-alloc: [0] 0 [0] 1 [0] 2 [0] 3 
[    0.000000] Built 1 zonelists, mobility grouping on.  Total pages: 522751
[    0.000000] Kernel command line: ignore_loglevel console=ttyS0,115200n8 rw root=PARTUUID=4d36e82a-b3c0-4b4b-bfcd-afe5217ac023 rootwait gpt debug noinitrd earlyprintk init=/bin/bash
[    0.000000] PID hash table entries: 4096 (order: 2, 16384 bytes)
[    0.000000] Dentry cache hash table entries: 131072 (order: 7, 524288 bytes)
[    0.000000] Inode-cache hash table entries: 65536 (order: 6, 262144 bytes)
[    0.000000] Memory: 1994376K/2097148K available (10240K kernel code, 1626K rwdata, 4508K rodata, 2048K init, 405K bss, 37236K reserved, 65536K cma-reserved, 1245180K highmem)
[    0.000000] Virtual kernel memory layout:
[    0.000000]     vector  : 0xffff0000 - 0xffff1000   (   4 kB)
[    0.000000]     fixmap  : 0xffc00000 - 0xfff00000   (3072 kB)
[    0.000000]     vmalloc : 0xf0800000 - 0xff800000   ( 240 MB)
[    0.000000]     lowmem  : 0xc0000000 - 0xf0000000   ( 768 MB)
[    0.000000]     pkmap   : 0xbfe00000 - 0xc0000000   (   2 MB)
[    0.000000]     modules : 0xbf000000 - 0xbfe00000   (  14 MB)
[    0.000000]       .text : 0xc0208000 - 0xc0d00000   (11232 kB)
[    0.000000]       .init : 0xc1200000 - 0xc1400000   (2048 kB)
[    0.000000]       .data : 0xc1400000 - 0xc1596910   (1627 kB)
[    0.000000]        .bss : 0xc159fbc0 - 0xc160537c   ( 406 kB)
[    0.000000] SLUB: HWalign=64, Order=0-3, MinObjects=0, CPUs=4, Nodes=1
[    0.000000] Hierarchical RCU implementation.
[    0.000000] 	RCU event tracing is enabled.
[    0.000000] 	RCU restricting CPUs from NR_CPUS=16 to nr_cpu_ids=4.
[    0.000000] RCU: Adjusting geometry for rcu_fanout_leaf=16, nr_cpu_ids=4
[    0.000000] NR_IRQS: 16, nr_irqs: 16, preallocated irqs: 16
[    0.000000] /interrupt-controller@60004000: 160 interrupts forwarded to /interrupt-controller@50041000
[    0.000000] Tegra clk 127: register failed with -17
[    0.000005] sched_clock: 32 bits at 1000kHz, resolution 1000ns, wraps every 2147483647500ns
[    0.000012] clocksource: timer_us: mask: 0xffffffff max_cycles: 0xffffffff, max_idle_ns: 1911260446275 ns
[    0.000018] Switching to timer-based delay loop, resolution 1000ns
[    0.001739] arch_timer: cp15 timer(s) running at 12.00MHz (virt).
[    0.001746] clocksource: arch_sys_counter: mask: 0xffffffffffffff max_cycles: 0x2c47f4ee7, max_idle_ns: 440795202497 ns
[    0.001753] sched_clock: 56 bits at 12MHz, resolution 83ns, wraps every 4398046511096ns
[    0.001758] Switching to timer-based delay loop, resolution 83ns
[    0.001969] Console: colour dummy device 80x30
[    0.001985] Calibrating delay loop (skipped), value calculated using timer frequency.. 24.00 BogoMIPS (lpj=120000)
[    0.001992] pid_max: default: 32768 minimum: 301
[    0.002031] Mount-cache hash table entries: 2048 (order: 1, 8192 bytes)
[    0.002037] Mountpoint-cache hash table entries: 2048 (order: 1, 8192 bytes)
[    0.002243] CPU: Testing write buffer coherency: ok
[    0.002369] /cpus/cpu@0 missing clock-frequency property
[    0.002385] /cpus/cpu@1 missing clock-frequency property
[    0.002400] /cpus/cpu@2 missing clock-frequency property
[    0.002416] /cpus/cpu@3 missing clock-frequency property
[    0.002421] CPU0: thread -1, cpu 0, socket 0, mpidr 80000000
[    0.002541] Setting up static identity map for 0x80300000 - 0x803000a0
[    0.003241] Hierarchical SRCU implementation.
[    0.003917] Tegra Revision: A01 SKU: 131 CPU Process: 1 SoC Process: 1
[    0.004186] EFI services will not be available.
[    0.004244] smp: Bringing up secondary CPUs ...
[    0.004472] CPU1: thread -1, cpu 1, socket 0, mpidr 80000001
[    0.011948] CPU2: thread -1, cpu 2, socket 0, mpidr 80000002
[    0.021958] CPU3: thread -1, cpu 3, socket 0, mpidr 80000003
[    0.031735] smp: Brought up 1 node, 4 CPUs
[    0.031742] SMP: Total of 4 processors activated (96.00 BogoMIPS).
[    0.031745] CPU: All CPU(s) started in SVC mode.
[    0.032300] devtmpfs: initialized
[    0.037564] Built 1 zonelists, mobility grouping on.  Total pages: 514978
[    0.037728] VFP support v0.3: implementor 41 architecture 4 part 30 variant f rev 0
[    0.037963] clocksource: jiffies: mask: 0xffffffff max_cycles: 0xffffffff, max_idle_ns: 19112604462750000 ns
[    0.037973] futex hash table entries: 1024 (order: 4, 65536 bytes)
[    0.038067] pinctrl core: initialized pinctrl subsystem
[    0.038636] DMI not present or invalid.
[    0.038739] NET: Registered protocol family 16
[    0.039410] DMA: preallocated 256 KiB pool for atomic coherent allocations
[    0.040325] cpuidle: using governor menu
[    0.048697] No ATAGs?
[    0.048751] hw-breakpoint: found 5 (+1 reserved) breakpoint and 4 watchpoint registers.
[    0.048757] hw-breakpoint: maximum watchpoint size is 8 bytes.
[    0.051512] Serial: AMBA PL011 UART driver
[    0.051879] tegra-mc 70019000.memory-controller: no memory timings for RAM code 0 registered
[    0.051993] iommu: Adding device reg-dummy to group 0
[    0.052021] iommu: Adding device 50000000.host1x to group 1
[    0.052045] iommu: Adding device 54200000.dc to group 2
[    0.052069] iommu: Adding device 54240000.dc to group 3
[    0.052084] iommu: Adding device 54280000.hdmi to group 4
[    0.052095] iommu: Adding device 54540000.sor to group 5
[    0.052108] iommu: Adding device 545c0000.dpaux to group 6
[    0.052132] iommu: Adding device 57000000.gpu to group 7
[    0.052144] iommu: Adding device 60005000.timer to group 8
[    0.052154] iommu: Adding device 60007000.flow-controller to group 9
[    0.052165] iommu: Adding device 6000c800.actmon to group 10
[    0.052176] iommu: Adding device 6000d000.gpio to group 11
[    0.052188] iommu: Adding device 60020000.dma to group 12
[    0.052199] iommu: Adding device 70000800.apbmisc to group 13
[    0.052210] iommu: Adding device 70000868.pinmux to group 14
[    0.052220] iommu: Adding device 70006000.serial to group 15
[    0.052233] iommu: Adding device 7000a000.pwm to group 16
[    0.052243] iommu: Adding device 7000c000.i2c to group 17
[    0.052254] iommu: Adding device 7000c400.i2c to group 18
[    0.052265] iommu: Adding device 7000c500.i2c to group 19
[    0.052277] iommu: Adding device 7000c700.i2c to group 20
[    0.052288] iommu: Adding device 7000d000.i2c to group 21
[    0.052300] iommu: Adding device 7000d400.spi to group 22
[    0.052311] iommu: Adding device 7000da00.spi to group 23
[    0.052321] iommu: Adding device 7000e000.rtc to group 24
[    0.052331] iommu: Adding device 7000e400.pmc to group 25
[    0.052341] iommu: Adding device 7000f800.fuse to group 26
[    0.052355] iommu: Adding device 70019000.memory-controller to group 27
[    0.052366] iommu: Adding device 7001b000.emc to group 28
[    0.052378] iommu: Adding device 70030000.hda to group 29
[    0.052389] iommu: Adding device 70090000.usb to group 30
[    0.052400] iommu: Adding device 7009f000.padctl to group 31
[    0.052411] iommu: Adding device 700b0000.sdhci to group 32
[    0.052422] iommu: Adding device 700b0400.sdhci to group 33
[    0.052432] iommu: Adding device 700b0600.sdhci to group 34
[    0.052443] iommu: Adding device 700e2000.thermal-sensor to group 35
[    0.052453] iommu: Adding device 70300000.ahub to group 36
[    0.052465] iommu: Adding device pmu to group 37
[    0.052478] iommu: Adding device timer to group 38
[    0.052489] iommu: Adding device sdhci0_pwrseq to group 39
[    0.052500] iommu: Adding device backlight to group 40
[    0.052512] iommu: Adding device clocks to group 41
[    0.052522] iommu: Adding device gpio-keys to group 42
[    0.052533] iommu: Adding device regulators to group 43
[    0.052543] iommu: Adding device regulators:regulator@0 to group 44
[    0.052554] iommu: Adding device regulators:regulator@1 to group 45
[    0.052566] iommu: Adding device regulators:regulator@2 to group 46
[    0.052577] iommu: Adding device regulators:regulator@3 to group 47
[    0.052590] iommu: Adding device regulators:regulator@4 to group 48
[    0.052601] iommu: Adding device regulators:regulator@5 to group 49
[    0.052612] iommu: Adding device regulators:regulator@6 to group 50
[    0.052622] iommu: Adding device regulators:regulator@7 to group 51
[    0.052633] iommu: Adding device regulators:regulator@8 to group 52
[    0.052645] iommu: Adding device regulators:regulator@9 to group 53
[    0.052658] iommu: Adding device regulators:regulator@10 to group 54
[    0.052669] iommu: Adding device regulators:regulator@11 to group 55
[    0.052679] iommu: Adding device regulators:regulator@12 to group 56
[    0.052689] iommu: Adding device sound to group 57
[    0.052700] iommu: Adding device gpio-restart to group 58
[    0.052712] iommu: Adding device panel to group 59
[    0.057723] AT91: Could not find identification node
[    0.057930] +5V_SYS: supplied by +VDD_MUX
[    0.058027] +3.3V_SYS: supplied by +VDD_MUX
[    0.058239] +VDD_LED: Failed to request enable GPIO122: -517
[    0.058244] reg-fixed-voltage regulators:regulator@5: Failed to register regulator: -517
[    0.058278] +5V_VDD_TS_SW: Failed to request enable GPIO81: -517
[    0.058283] reg-fixed-voltage regulators:regulator@6: Failed to register regulator: -517
[    0.058316] +5V_USB_HS: Failed to request enable GPIO108: -517
[    0.058321] reg-fixed-voltage regulators:regulator@7: Failed to register regulator: -517
[    0.058354] +5V_USB_SS: Failed to request enable GPIO109: -517
[    0.058358] reg-fixed-voltage regulators:regulator@8: Failed to register regulator: -517
[    0.058447] +1.05V_RUN_AVDD_HDMI_PLL: Failed to request enable GPIO63: -517
[    0.058452] reg-fixed-voltage regulators:regulator@11: Failed to register regulator: -517
[    0.058485] +5V_HDMI_CON: Failed to request enable GPIO86: -517
[    0.058490] reg-fixed-voltage regulators:regulator@12: Failed to register regulator: -517
[    0.059463] vgaarb: loaded
[    0.059722] SCSI subsystem initialized
[    0.059787] libata version 3.00 loaded.
[    0.059861] usbcore: registered new interface driver usbfs
[    0.059878] usbcore: registered new interface driver hub
[    0.059898] usbcore: registered new device driver usb
[    0.061164] pps_core: LinuxPPS API ver. 1 registered
[    0.061168] pps_core: Software ver. 5.3.6 - Copyright 2005-2007 Rodolfo Giometti <giometti@linux.it>
[    0.061176] PTP clock support registered
[    0.061239] EDAC MC: Ver: 3.0.0
[    0.061345] dmi: Firmware registration failed.
[    0.061638] tegra-emc 7001b000.emc: no memory timings for RAM code 0 found in DT
[    0.061648] tegra-emc: probe of 7001b000.emc failed with error -2
[    0.062087] clocksource: Switched to clocksource arch_sys_counter
[    0.081574] NET: Registered protocol family 2
[    0.081767] TCP established hash table entries: 8192 (order: 3, 32768 bytes)
[    0.081801] TCP bind hash table entries: 8192 (order: 4, 65536 bytes)
[    0.081864] TCP: Hash tables configured (established 8192 bind 8192)
[    0.081897] UDP hash table entries: 512 (order: 2, 16384 bytes)
[    0.081912] UDP-Lite hash table entries: 512 (order: 2, 16384 bytes)
[    0.081971] NET: Registered protocol family 1
[    0.082134] RPC: Registered named UNIX socket transport module.
[    0.082138] RPC: Registered udp transport module.
[    0.082141] RPC: Registered tcp transport module.
[    0.082144] RPC: Registered tcp NFSv4.1 backchannel transport module.
[    0.082150] PCI: CLS 0 bytes, default 64
[    0.082726] hw perfevents: enabled with armv7_cortex_a15 PMU driver, 7 counters available
[    0.083000] iommu: Adding device alarmtimer to group 60
[    0.083362] workingset: timestamp_bits=30 max_order=19 bucket_order=0
[    0.085344] squashfs: version 4.0 (2009/01/31) Phillip Lougher
[    0.085554] NFS: Registering the id_resolver key type
[    0.085565] Key type id_resolver registered
[    0.085569] Key type id_legacy registered
[    0.085585] ntfs: driver 2.1.32 [Flags: R/O].
[    0.086118] bounce: pool size: 64 pages
[    0.086135] Block layer SCSI generic (bsg) driver version 0.4 loaded (major 248)
[    0.086140] io scheduler noop registered
[    0.086144] io scheduler deadline registered
[    0.086216] io scheduler cfq registered (default)
[    0.086220] io scheduler mq-deadline registered
[    0.086223] io scheduler kyber registered
[    0.087481] tegra-xusb-padctl 7009f000.padctl: failed to setup XUSB ports: -517
[    0.097881] tegra-apbdma 60020000.dma: Tegra20 APB DMA driver register 32 channels
[    0.098931] tegra-pmc 7000e400.pmc: i2c-thermtrip node not found, emergency thermal reset disabled.
[    0.115824] Serial: 8250/16550 driver, 4 ports, IRQ sharing disabled
[    0.115868] iommu: Adding device serial8250 to group 61
[    0.116871] console [ttyS0] disabled
[    0.116889] 70006000.serial: ttyS0 at MMIO 0x70006000 (irq = 333, base_baud = 25500000) is a Tegra
[    1.372089] console [ttyS0] enabled
[    1.375865] SuperH (H)SCI(F) driver initialized
[    1.380741] msm_serial: driver initialized
[    1.384895] STMicroelectronics ASC driver initialized
[    1.392269] tegra-hdmi 54280000.hdmi: failed to get HDMI regulator
[    1.398803] tegra-dpaux 545c0000.dpaux: failed to get VDD supply: -517
[    1.406208] panel-simple panel: panel supply power not found, using dummy regulator
[    1.416501] brd: module loaded
[    1.421767] loop: module loaded
[    1.425819] as3722 4-0040: AS3722 with revision 0x1 found
[    1.432338] iommu: Adding device as3722-pinctrl to group 62
[    1.439225] iommu: Adding device as3722-regulator to group 63
[    1.447071] as3722-sd2: supplied by +5V_SYS
[    1.451461] as3722-sd3: supplied by +5V_SYS
[    1.455850] +1.35V_LP0(sd3): Bringing 0uV into 1350000-1350000uV
[    1.462016] as3722-sd4: supplied by +5V_SYS
[    1.466354] +1.05V_RUN: Bringing 0uV into 1050000-1050000uV
[    1.472084] as3722-sd5: supplied by +5V_SYS
[    1.477635] as3722-ldo0: supplied by +1.35V_LP0(sd2)
[    1.483354] +1.8V_RUN_CAM: Bringing 0uV into 1800000-1800000uV
[    1.489351] as3722-ldo2: supplied by +1.8V_VDDIO
[    1.494958] as3722-ldo3: supplied by +3.3V_SYS
[    1.499403] +1.00V_LP0_VDD_RTC: Bringing 1100000uV into 1000000-1000000uV
[    1.506967] as3722-ldo4: supplied by +3.3V_SYS
[    1.511556] +3.3V_RUN_CAM: Bringing 0uV into 2800000-2800000uV
[    1.517559] as3722-ldo5: supplied by +1.8V_VDDIO
[    1.522337] +1.2V_RUN_CAM_FRONT: Bringing 0uV into 1200000-1200000uV
[    1.529007] +VDDIO_SDMMC3: Bringing 0uV into 1800000-1800000uV
[    1.535023] as3722-ldo7: supplied by +1.8V_VDDIO
[    1.539786] +1.05V_RUN_CAM_REAR: Bringing 0uV into 1050000-1050000uV
[    1.546321] as3722-ldo9: supplied by +5V_SYS
[    1.550885] +2.8V_RUN_TOUCH: Bringing 0uV into 2800000-2800000uV
[    1.557077] as3722-ldo10: supplied by +5V_SYS
[    1.561580] +2.8V_RUN_CAM_AF: Bringing 0uV into 2800000-2800000uV
[    1.568007] +1.8V_RUN_VPP_FUSE: Bringing 0uV into 1800000-1800000uV
[    1.574498] iommu: Adding device as3722-rtc to group 64
[    1.579848] iommu: Adding device as3722-adc to group 65
[    1.585168] iommu: Adding device as3722-power-off to group 66
[    1.591003] iommu: Adding device as3722-wdt to group 67
[    1.607882] m25p80 spi1.0: w25q32dw (4096 Kbytes)
[    1.613389] iommu: Adding device Fixed MDIO bus.0 to group 68
[    1.619264] libphy: Fixed MDIO Bus: probed
[    1.623675] CAN device driver interface
[    1.627809] bgmac_bcma: Broadcom 47xx GBit MAC driver loaded
[    1.633910] e1000e: Intel(R) PRO/1000 Network Driver - 3.2.6-k
[    1.639726] e1000e: Copyright(c) 1999 - 2015 Intel Corporation.
[    1.645654] igb: Intel(R) Gigabit Ethernet Network Driver - version 5.4.0-k
[    1.652604] igb: Copyright (c) 2007-2014 Intel Corporation.
[    1.659404] pegasus: v0.9.3 (2013/04/25), Pegasus/Pegasus II USB Ethernet driver
[    1.666809] usbcore: registered new interface driver pegasus
[    1.672474] usbcore: registered new interface driver asix
[    1.677870] usbcore: registered new interface driver ax88179_178a
[    1.683961] usbcore: registered new interface driver cdc_ether
[    1.689791] usbcore: registered new interface driver smsc75xx
[    1.695541] usbcore: registered new interface driver smsc95xx
[    1.701281] usbcore: registered new interface driver net1080
[    1.706939] usbcore: registered new interface driver cdc_subset
[    1.712859] usbcore: registered new interface driver zaurus
[    1.718432] usbcore: registered new interface driver cdc_ncm
[    1.724738] ehci_hcd: USB 2.0 'Enhanced' Host Controller (EHCI) Driver
[    1.731248] ehci-pci: EHCI PCI platform driver
[    1.735696] ehci-platform: EHCI generic platform driver
[    1.740975] ehci-orion: EHCI orion driver
[    1.745030] SPEAr-ehci: EHCI SPEAr driver
[    1.749072] ehci-st: EHCI STMicroelectronics driver
[    1.753990] ehci-exynos: EHCI EXYNOS driver
[    1.758212] ehci-atmel: EHCI Atmel driver
[    1.762261] tegra-ehci: Tegra EHCI driver
[    1.766321] ohci_hcd: USB 1.1 'Open' Host Controller (OHCI) Driver
[    1.772495] ohci-pci: OHCI PCI platform driver
[    1.776936] ohci-platform: OHCI generic platform driver
[    1.782213] SPEAr-ohci: OHCI SPEAr driver
[    1.786256] ohci-st: OHCI STMicroelectronics driver
[    1.791165] ohci-atmel: OHCI Atmel driver
[    1.795416] usbcore: registered new interface driver usb-storage
[    1.802678] elan_i2c 1-0015: 1-0015 supply vcc not found, using dummy regulator
[    1.811236] as3722-rtc as3722-rtc: rtc core: registered as3722-rtc as rtc0
[    1.818110] as3722-rtc as3722-rtc: RTC interrupt 372
[    1.825046] tegra_rtc 7000e000.rtc: rtc core: registered 7000e000.rtc as rtc1
[    1.832188] tegra_rtc 7000e000.rtc: Tegra internal Real Time Clock
[    1.838538] i2c /dev entries driver
[    1.843324] IR NEC protocol handler initialized
[    1.847841] IR RC5(x/sz) protocol handler initialized
[    1.852885] IR RC6 protocol handler initialized
[    1.857402] IR JVC protocol handler initialized
[    1.861919] IR Sony protocol handler initialized
[    1.866527] IR SANYO protocol handler initialized
[    1.871217] IR Sharp protocol handler initialized
[    1.875911] IR MCE Keyboard/mouse protocol handler initialized
[    1.881728] IR XMP protocol handler initialized
[    1.887349] lm90 0-004c: 0-004c supply vcc not found, using dummy regulator
[    1.897628] iommu: Adding device cpufreq-tegra124 to group 69
[    1.904429] sdhci: Secure Digital Host Controller Interface driver
[    1.910593] sdhci: Copyright(c) Pierre Ossman
[    1.915497] Synopsys Designware Multimedia Card Interface Driver
[    1.921928] sdhci-pltfm: SDHCI platform and OF driver helper
[    1.927862] sdhci-tegra 700b0000.sdhci: allocated mmc-pwrseq
[    1.941666] sdhci-tegra 700b0400.sdhci: Got CD GPIO
[    1.946560] sdhci-tegra 700b0400.sdhci: Got WP GPIO
[    1.966117] mmc0: Unknown controller version (3). You may experience problems.
[    1.973370] mmc0: Invalid maximum block size, assuming 512 bytes
[    2.003609] elan_i2c 1-0015: Elan Touchpad: Module ID: 0x002a, Firmware: 0x0005, Sample: 0x0007, IAP: 0x0009
[    2.013549] input: Elan Touchpad as /devices/soc0/7000c400.i2c/i2c-1/1-0015/input/input0
[    2.042095] mmc0: SDHCI controller on 700b0600.sdhci [700b0600.sdhci] using ADMA
[    2.050214] ledtrig-cpu: registered to indicate activity on CPUs
[    2.056387] usbcore: registered new interface driver usbhid
[    2.061944] usbhid: USB HID core driver
[    2.067167] NET: Registered protocol family 10
[    2.071920] Segment Routing with IPv6
[    2.075617] sit: IPv6, IPv4 and MPLS over IPv4 tunneling driver
[    2.081708] NET: Registered protocol family 17
[    2.086149] can: controller area network core (rev 20170425 abi 9)
[    2.092342] NET: Registered protocol family 29
[    2.096773] can: raw protocol (rev 20170425)
[    2.101030] can: broadcast manager protocol (rev 20170425 t)
[    2.106682] can: netlink gateway (rev 20170425) max_hops=1
[    2.112276] Key type dns_resolver registered
[    2.116728] ThumbEE CPU extension supported.
[    2.120987] Registering SWP/SWPB emulation handler
[    2.131632] +3.3V_RUN: supplied by +3.3V_SYS
[    2.136729] +VDD_LED: supplied by +VDD_MUX
[    2.140975] +3.3V_AVDD_HDMI_AP_GATED: supplied by +3.3V_RUN
[    2.146602] +1.8V_RUN_CAM: supplied by +3.3V_RUN
[    2.151237] +VDDIO_SDMMC3: supplied by +3.3V_RUN
[    2.155881] +1.8V_RUN_VPP_FUSE: supplied by +3.3V_RUN
[    2.161131] +5V_VDD_TS_SW: supplied by +5V_SYS
[    2.165923] +5V_USB_HS: supplied by +5V_SYS
[    2.170261] +5V_USB_SS: supplied by +5V_SYS
[    2.175400] +3.3V_PANEL: supplied by +3.3V_RUN
[    2.180581] +3.3V_LP0: supplied by +3.3V_SYS
[    2.183096] mmc0: new high speed MMC card at address 0001
[    2.185144] mmcblk0: mmc0:0001 MMC16G 14.4 GiB 
[    2.185435] mmcblk0boot0: mmc0:0001 MMC16G partition 1 2.00 MiB
[    2.185669] mmcblk0boot1: mmc0:0001 MMC16G partition 2 2.00 MiB
[    2.185910] mmcblk0rpmb: mmc0:0001 MMC16G partition 3 128 KiB
[    2.200334]  mmcblk0: p1 p2 p3 p4 p5 p6 p7 p8 p9 p10 p11 p12
[    2.218791] +1.05V_RUN_AVDD_HDMI_PLL: supplied by +1.05V_RUN
[    2.224861] +5V_HDMI_CON: supplied by +5V_SYS
[    2.229835]  usb3-0: usb3-0 supply vbus not found, using dummy regulator
[    2.236648]  usb3-1: usb3-1 supply vbus not found, using dummy regulator
[    2.243475] elan_i2c 1-0015: failed to read report data: -121
[    2.252608] tegra-sor 54540000.sor: failed to probe output: -517
[    2.259212] panel-simple panel: panel supply power not found, using dummy regulator
[    2.267949] sdhci-tegra 700b0000.sdhci: allocated mmc-pwrseq
[    2.281932] mmc1: Unknown controller version (3). You may experience problems.
[    2.289195] mmc1: Invalid maximum block size, assuming 512 bytes
[    2.295581] mmc1: Switching to 3.3V signalling voltage failed
[    2.352173] mmc1: SDHCI controller on 700b0000.sdhci [700b0000.sdhci] using ADMA
[    2.360307] sdhci-tegra 700b0400.sdhci: Got CD GPIO
[    2.365187] sdhci-tegra 700b0400.sdhci: Got WP GPIO
[    2.376732] elan_i2c 1-0015: invalid report id data (ff)
[    2.382228] mmc2: Unknown controller version (3). You may experience problems.
[    2.389523] mmc2: Invalid maximum block size, assuming 512 bytes
[    2.423357] mmc1: new high speed SDIO card at address 0001
[    2.452253] mmc2: SDHCI controller on 700b0400.sdhci [700b0400.sdhci] using ADMA
[    2.556203] [drm] Supports vblank timestamp caching Rev 2 (21.10.2013).
[    2.562826] [drm] No driver support for vblank timestamp query.
[    2.593148] mmc2: new high speed SDHC card at address 0007
[    2.593370] mmcblk2: mmc2:0007 SD08G 7.42 GiB 
[    2.603235] GPT:Primary header alternate_lba != Alt. header my_lba
[    2.603239] GPT:3014591 != 15564799
[    2.603241] GPT:Primary header thinks Alt. header is not at the end of the disk.
[    2.603242] GPT:3014591 != 15564799
[    2.603243] GPT: Use GNU Parted to correct GPT errors.
[    2.603273]  mmcblk2: p1 p2 p3 p4 p5 p6 p7 p8 p9 p10 p11 p12
[    2.651334] Console: switching to colour frame buffer device 170x48
[    2.715516] drm drm: fb0:  frame buffer device
[    2.719998] [drm] Initialized tegra 0.0.0 20120330 for drm on minor 0
[    2.727446] input: gpio-keys as /devices/soc0/gpio-keys/input/input1
[    2.735073] as3722-rtc as3722-rtc: setting system clock to 2000-01-01 00:30:42 UTC (946686642)
[    2.744078] +1.8V_RUN_CAM: disabling
[    2.747856] +3.3V_RUN_CAM: disabling
[    2.751585] +1.2V_RUN_CAM_FRONT: disabling
[    2.755951] +1.05V_RUN_CAM_REAR: disabling
[    2.760204] +2.8V_RUN_TOUCH: disabling
[    2.764197] +2.8V_RUN_CAM_AF: disabling
[    2.768186] +1.8V_RUN_VPP_FUSE: disabling
[    2.772373] +5V_VDD_TS_SW: disabling
[    2.775947] +5V_USB_HS: disabling
[    2.779252] +5V_USB_SS: disabling
[    2.783525] EXT4-fs (mmcblk0p3): couldn't mount as ext3 due to feature incompatibilities
[    2.792158] EXT4-fs (mmcblk0p3): couldn't mount as ext2 due to feature incompatibilities
[    2.929379] EXT4-fs (mmcblk0p3): recovery complete
[    2.935051] EXT4-fs (mmcblk0p3): mounted filesystem with ordered data mode. Opts: (null)
[    2.943185] VFS: Mounted root (ext4 filesystem) on device 179:3.
[    2.949901] devtmpfs: mounted
[    2.953586] Freeing unused kernel memory: 2048K
bash: cannot set terminal process group (-1): Inappropriate ioctl for device
bash: no job control in this shell
root@(none):/# mount -t sysfs none /sys
root@(none):/# 
root@(none):/# mount -t debugfs none /sys/kernel/debug
root@(none):/# 
root@(none):/# rtcwake -d rtc1 -m mem -s 3
rtcwake: assuming RTC uses UTC ...
rtcwake: wakeup from "mem" using /dev/rtc1 at Thu Jan  1 00:00:29 1970
[    5.854818] PM: suspend entry (deep)
[    5.858389] PM: Syncing filesystems ... done.
[    5.884420] Freezing user space processes ... (elapsed 0.001 seconds) done.
[    5.892553] OOM killer disabled.
[    5.895772] Freezing remaining freezable tasks ... (elapsed 0.001 seconds) done.
[    5.904381] Suspending console(s) (use no_console_suspend to debug)
[    5.950544] Disabling non-boot CPUs ...
[    6.092251] IRQ17 no longer affine to CPU2
[    6.152798] Entering suspend state LP1
[    6.152811] Enabling non-boot CPUs ...
[    6.153108] CPU1 is up
[    6.153346] CPU2 is up
[    6.153593] CPU3 is up
[    6.313447] mmc1: Switching to 3.3V signalling voltage failed
[    6.572126] tegra-sor 54540000.sor: failed to attach SOR: -110
[    6.636482] OOM killer enabled.
[    6.639611] Restarting tasks ... done.
[    6.651298] PM: suspend exit
root@(none):/# 
root@(none):/# rtcwake -d rtc1 -m mem -s 3
rtcwake: assuming RTC uses UTC ...
rtcwake: wakeup from "mem" using /dev/rtc1 at Thu Jan  1 00:00:33 1970
[    7.111914] PM: suspend entry (deep)
[    7.115542] PM: Syncing filesystems ... done.
[    7.134864] Freezing user space processes ... (elapsed 0.001 seconds) done.
[    7.142988] OOM killer disabled.
[    7.146207] Freezing remaining freezable tasks ... (elapsed 0.001 seconds) done.
[    7.154832] Suspending console(s) (use no_console_suspend to debug)
[    7.201084] Disabling non-boot CPUs ...
[    7.302232] IRQ17 no longer affine to CPU2
[    7.362688] Entering suspend state LP1
[    7.362702] Enabling non-boot CPUs ...
[    7.363000] CPU1 is up
[    7.363238] CPU2 is up
[    7.363487] CPU3 is up
[    7.524464] mmc1: Switching to 3.3V signalling voltage failed
[    7.782066] tegra-sor 54540000.sor: failed to attach SOR: -110
[    7.847325] OOM killer enabled.
[    7.850454] Restarting tasks ... done.
[    7.862271] PM: suspend exit
root@(none):/# 
root@(none):/# rtcwake -d rtc1 -m mem -s 3
rtcwake: assuming RTC uses UTC ...
rtcwake: wakeup from "mem" using /dev/rtc1 at Thu Jan  1 00:00:37 1970
[    8.322283] PM: suspend entry (deep)
[    8.325855] PM: Syncing filesystems ... done.
[    8.345761] Freezing user space processes ... (elapsed 0.001 seconds) done.
[    8.353890] OOM killer disabled.
[    8.357115] Freezing remaining freezable tasks ... (elapsed 0.001 seconds) done.
[    8.365753] Suspending console(s) (use no_console_suspend to debug)
[    8.411652] Disabling non-boot CPUs ...
[    8.512210] IRQ17 no longer affine to CPU2
[    8.572666] Entering suspend state LP1
[    8.572679] Enabling non-boot CPUs ...
[    8.572982] CPU1 is up
[    8.573224] CPU2 is up
[    8.573468] CPU3 is up
[    8.734405] mmc1: Switching to 3.3V signalling voltage failed
[    8.992092] tegra-sor 54540000.sor: failed to attach SOR: -110
[    9.057289] OOM killer enabled.
[    9.060421] Restarting tasks ... done.
[    9.072161] PM: suspend exit
root@(none):/# 
root@(none):/# rtcwake -d rtc1 -m mem -s 3
rtcwake: assuming RTC uses UTC ...
rtcwake: wakeup from "mem" using /dev/rtc1 at Thu Jan  1 00:00:41 1970
[    9.532321] PM: suspend entry (deep)
[    9.535906] PM: Syncing filesystems ... done.
[    9.555556] Freezing user space processes ... (elapsed 0.001 seconds) done.
[    9.563690] OOM killer disabled.
[    9.566910] Freezing remaining freezable tasks ... (elapsed 0.001 seconds) done.
[    9.575528] Suspending console(s) (use no_console_suspend to debug)
[    9.621405] Disabling non-boot CPUs ...
[    9.682188] IRQ17 no longer affine to CPU1
[    9.802645] Entering suspend state LP1
[    9.802658] Enabling non-boot CPUs ...
[    9.802962] CPU1 is up
[    9.803204] CPU2 is up
[    9.803453] CPU3 is up
[    9.963550] mmc1: Switching to 3.3V signalling voltage failed
[   10.222003] tegra-sor 54540000.sor: failed to attach SOR: -110
[   10.286562] OOM killer enabled.
[   10.289691] Restarting tasks ... done.
[   10.301339] PM: suspend exit
root@(none):/# 
root@(none):/# rtcwake -d rtc1 -m mem -s 3
rtcwake: assuming RTC uses UTC ...
rtcwake: wakeup from "mem" using /dev/rtc1 at Thu Jan  1 00:00:45 1970
[   10.762120] PM: suspend entry (deep)
[   10.765692] PM: Syncing filesystems ... done.
[   10.784922] Freezing user space processes ... (elapsed 0.001 seconds) done.
[   10.793054] OOM killer disabled.
[   10.796273] Freezing remaining freezable tasks ... (elapsed 0.001 seconds) done.
[   10.804905] Suspending console(s) (use no_console_suspend to debug)
[   10.851204] Disabling non-boot CPUs ...
[   10.962168] IRQ17 no longer affine to CPU2
[   11.022622] Entering suspend state LP1
[   11.022635] Enabling non-boot CPUs ...
[   11.022938] CPU1 is up
[   11.023179] CPU2 is up
[   11.023423] CPU3 is up
[   11.184344] mmc1: Switching to 3.3V signalling voltage failed
[   11.442040] tegra-sor 54540000.sor: failed to attach SOR: -110
[   11.507135] OOM killer enabled.
[   11.510264] Restarting tasks ... done.
[   11.522049] PM: suspend exit
root@(none):/# 
root@(none):/# rtcwake -d rtc1 -m mem -s 3
rtcwake: assuming RTC uses UTC ...
rtcwake: wakeup from "mem" using /dev/rtc1 at Thu Jan  1 00:00:49 1970
[   11.982288] PM: suspend entry (deep)
[   11.985857] PM: Syncing filesystems ... done.
[   12.005577] Freezing user space processes ... (elapsed 0.001 seconds) done.
[   12.013714] OOM killer disabled.
[   12.016933] Freezing remaining freezable tasks ... (elapsed 0.001 seconds) done.
[   12.025558] Suspending console(s) (use no_console_suspend to debug)
[   12.071303] Disabling non-boot CPUs ...
[   12.252587] Entering suspend state LP1
[   12.252601] Enabling non-boot CPUs ...
[   12.252904] CPU1 is up
[   12.253150] CPU2 is up
[   12.253394] CPU3 is up
[   12.414529] mmc1: Switching to 3.3V signalling voltage failed
[   12.672014] tegra-sor 54540000.sor: failed to attach SOR: -110
[   12.733344] OOM killer enabled.
[   12.736476] Restarting tasks ... done.
[   12.752224] PM: suspend exit
root@(none):/# 
root@(none):/# rtcwake -d rtc1 -m mem -s 3
rtcwake: assuming RTC uses UTC ...
rtcwake: wakeup from "mem" using /dev/rtc1 at Thu Jan  1 00:00:53 1970
[   13.212109] PM: suspend entry (deep)
[   13.215693] PM: Syncing filesystems ... done.
[   13.235683] Freezing user space processes ... (elapsed 0.001 seconds) done.
[   13.243820] OOM killer disabled.
[   13.247039] Freezing remaining freezable tasks ... (elapsed 0.001 seconds) done.
[   13.255661] Suspending console(s) (use no_console_suspend to debug)
[   13.300891] Disabling non-boot CPUs ...
[   13.512563] Entering suspend state LP1
[   13.512576] Enabling non-boot CPUs ...
[   13.512881] CPU1 is up
[   13.513127] CPU2 is up
[   13.513372] CPU3 is up
[   13.673463] mmc1: Switching to 3.3V signalling voltage failed
[   13.932014] tegra-sor 54540000.sor: failed to attach SOR: -110
[   13.992195] OOM killer enabled.
[   13.995324] Restarting tasks ... done.
[   14.011115] PM: suspend exit
root@(none):/# 
root@(none):/# rtcwake -d rtc1 -m mem -s 3
rtcwake: assuming RTC uses UTC ...
rtcwake: wakeup from "mem" using /dev/rtc1 at Thu Jan  1 00:00:57 1970
[   14.471736] PM: suspend entry (deep)
[   14.475347] PM: Syncing filesystems ... done.
[   14.494658] Freezing user space processes ... (elapsed 0.001 seconds) done.
[   14.502703] OOM killer disabled.
[   14.505919] Freezing remaining freezable tasks ... (elapsed 0.001 seconds) done.
[   14.514490] Suspending console(s) (use no_console_suspend to debug)
[   14.560582] Disabling non-boot CPUs ...
[   14.622108] IRQ17 no longer affine to CPU1
[   14.742548] Entering suspend state LP1
[   14.742561] Enabling non-boot CPUs ...
[   14.742865] CPU1 is up
[   14.743110] CPU2 is up
[   14.743355] CPU3 is up
[   14.903488] mmc1: Switching to 3.3V signalling voltage failed
[   15.161923] tegra-sor 54540000.sor: failed to attach SOR: -110
[   15.226305] OOM killer enabled.
[   15.229434] Restarting tasks ... done.
[   15.241086] PM: suspend exit
root@(none):/# 
root@(none):/# rtcwake -d rtc1 -m mem -s 3
rtcwake: assuming RTC uses UTC ...
rtcwake: wakeup from "mem" using /dev/rtc1 at Thu Jan  1 00:01:01 1970
[   15.701830] PM: suspend entry (deep)
[   15.705441] PM: Syncing filesystems ... done.
[   15.724611] Freezing user space processes ... (elapsed 0.001 seconds) done.
[   15.732748] OOM killer disabled.
[   15.735967] Freezing remaining freezable tasks ... (elapsed 0.001 seconds) done.
[   15.744586] Suspending console(s) (use no_console_suspend to debug)
[   15.790654] Disabling non-boot CPUs ...
[   15.842085] IRQ17 no longer affine to CPU1
[   15.962533] Entering suspend state LP1
[   15.962546] Enabling non-boot CPUs ...
[   15.962849] CPU1 is up
[   15.963094] CPU2 is up
[   15.963342] CPU3 is up
[   16.123425] mmc1: Switching to 3.3V signalling voltage failed
[   16.381902] tegra-sor 54540000.sor: failed to attach SOR: -110
[   16.446296] OOM killer enabled.
[   16.449425] Restarting tasks ... done.
[   16.461088] PM: suspend exit
root@(none):/# 
root@(none):/# rtcwake -d rtc1 -m mem -s 3
rtcwake: assuming RTC uses UTC ...
rtcwake: wakeup from "mem" using /dev/rtc1 at Thu Jan  1 00:01:05 1970
[   16.922024] PM: suspend entry (deep)
[   16.925595] PM: Syncing filesystems ... done.
[   16.944671] Freezing user space processes ... (elapsed 0.001 seconds) done.
[   16.952813] OOM killer disabled.
[   16.956031] Freezing remaining freezable tasks ... (elapsed 0.001 seconds) done.
[   16.964661] Suspending console(s) (use no_console_suspend to debug)
[   17.010329] Disabling non-boot CPUs ...
[   17.122059] IRQ17 no longer affine to CPU2
[   17.182505] Entering suspend state LP1
[   17.182518] Enabling non-boot CPUs ...
[   17.182823] CPU1 is up
[   17.183068] CPU2 is up
[   17.183313] CPU3 is up
[   17.343264] mmc1: Switching to 3.3V signalling voltage failed
[   17.601951] tegra-sor 54540000.sor: failed to attach SOR: -110
[   17.666373] OOM killer enabled.
[   17.669503] Restarting tasks ... done.
[   17.681150] PM: suspend exit
root@(none):/# 
root@(none):/# NVTB SYSTEM SUSPEND TEST COMPLETE
