
U-Boot SPL 2014.01-00219-gc4d376f (Feb 18 2014 - 19:57:32)


U-Boot 2014.01-00219-gc4d376f (Feb 18 2014 - 19:57:32)

TEGRA114
Board: NVIDIA Dalmore
I2C:   ready
DRAM:  2 GiB
MMC:   Tegra SD/MMC: 0, Tegra SD/MMC: 1
In:    serial
Out:   serial
Err:   serial
Net:   Net Initialization Skipped
No ethernet found.
Hit any key to stop autoboot:  2  0 
Tegra114 (Dalmore) # 
Tegra114 (Dalmore) # usb reset
(Re)start USB...
USB0:   USB EHCI 1.10
scanning bus 0 for devices... 2 USB Device(s) found
       scanning usb for storage devices... 0 Storage Device(s) found
       scanning usb for ethernet devices... 
Warning: asx0 using MAC address from net device
1 Ethernet Device(s) found
Tegra114 (Dalmore) # setenv bootargs 'ignore_loglevel console=ttyS0,115200n8 rw root=/dev/mmcblk0p1 rootwait gpt debug init=/bin/bash'
Tegra114 (Dalmore) # setenv ipaddr 192.168.100.100; setenv serverip 192.168.100.1; setenv tftpserverip 192.168.100.1
Tegra114 (Dalmore) # tftpboot 0x81000000 zImage.multi_v7_defconfig
Using asx0 device
TFTP from server 192.168.100.1; our IP address is 192.168.100.100
Filename 'zImage.multi_v7_defconfig'.
Load address: 0x81000000
Loading: *#################################################################
	 #################################################################
	 #################################################################
	 #################################################################
	 #################################################################
	 #################################################################
	 #################################################
	 3.3 MiB/s
done
Bytes transferred = 6437056 (6238c0 hex)
Tegra114 (Dalmore) # tftpboot 0x82000000 tegra114-dalmore.dtb
Using asx0 device
TFTP from server 192.168.100.1; our IP address is 192.168.100.100
Filename 'tegra114-dalmore.dtb'.
Load address: 0x82000000
Loading: *###
	 2.8 MiB/s
done
Bytes transferred = 34966 (8896 hex)
Tegra114 (Dalmore) # bootz 0x81000000 - 0x82000000
Kernel image @ 0x81000000 [ 0x000000 - 0x6238c0 ]
## Flattened Device Tree blob at 82000000
   Booting using the fdt blob at 0x82000000
   Loading Device Tree to 8fff4000, end 8ffff895 ... OK

Starting kernel ...

[    0.000000] Booting Linux on physical CPU 0x0
[    0.000000] Linux version 4.2.0-next-20150901-40358-g80b0ee7 (pwalmsley@sellafield) (gcc version 4.7.3 20130328 (prerelease) (crosstool-NG linaro-1.13.1-4.7-2013.04-20130415 - Linaro GCC 2013.04) ) #1 SMP Mon Sep 7 08:23:28 PDT 2015
[    0.000000] CPU: ARMv7 Processor [412fc0f2] revision 2 (ARMv7), cr=10c5387d
[    0.000000] CPU: PIPT / VIPT nonaliasing data cache, PIPT instruction cache
[    0.000000] Machine model: NVIDIA Tegra114 Dalmore evaluation board
[    0.000000] debug: ignoring loglevel setting.
[    0.000000] cma: Reserved 64 MiB at 0xfb800000
[    0.000000] Memory policy: Data cache writealloc
[    0.000000] On node 0 totalpages: 524032
[    0.000000] free_area_init_node: node 0, pgdat c0f7f3c0, node_mem_map ee7f8000
[    0.000000]   DMA zone: 1520 pages used for memmap
[    0.000000]   DMA zone: 0 pages reserved
[    0.000000]   DMA zone: 194560 pages, LIFO batch:31
[    0.000000]   HighMem zone: 329472 pages, LIFO batch:31
[    0.000000] PERCPU: Embedded 12 pages/cpu @ee7a3000 s19200 r8192 d21760 u49152
[    0.000000] pcpu-alloc: s19200 r8192 d21760 u49152 alloc=12*4096
[    0.000000] pcpu-alloc: [0] 0 [0] 1 [0] 2 [0] 3 
[    0.000000] Built 1 zonelists in Zone order, mobility grouping on.  Total pages: 522512
[    0.000000] Kernel command line: ignore_loglevel console=ttyS0,115200n8 rw root=/dev/mmcblk0p1 rootwait gpt debug init=/bin/bash
[    0.000000] PID hash table entries: 4096 (order: 2, 16384 bytes)
[    0.000000] Dentry cache hash table entries: 131072 (order: 7, 524288 bytes)
[    0.000000] Inode-cache hash table entries: 65536 (order: 6, 262144 bytes)
[    0.000000] Memory: 1998860K/2096128K available (8123K kernel code, 1012K rwdata, 3628K rodata, 1028K init, 340K bss, 31732K reserved, 65536K cma-reserved, 1252352K highmem)
[    0.000000] Virtual kernel memory layout:
[    0.000000]     vector  : 0xffff0000 - 0xffff1000   (   4 kB)
[    0.000000]     fixmap  : 0xffc00000 - 0xfff00000   (3072 kB)
[    0.000000]     vmalloc : 0xf0000000 - 0xff000000   ( 240 MB)
[    0.000000]     lowmem  : 0xc0000000 - 0xef800000   ( 760 MB)
[    0.000000]     pkmap   : 0xbfe00000 - 0xc0000000   (   2 MB)
[    0.000000]     modules : 0xbf000000 - 0xbfe00000   (  14 MB)
[    0.000000]       .text : 0xc0208000 - 0xc0d82f38   (11756 kB)
[    0.000000]       .init : 0xc0d83000 - 0xc0e84000   (1028 kB)
[    0.000000]       .data : 0xc0e84000 - 0xc0f813a0   (1013 kB)
[    0.000000]        .bss : 0xc0f84000 - 0xc0fd92e8   ( 341 kB)
[    0.000000] SLUB: HWalign=64, Order=0-3, MinObjects=0, CPUs=4, Nodes=1
[    0.000000] Hierarchical RCU implementation.
[    0.000000] 	Build-time adjustment of leaf fanout to 32.
[    0.000000] 	RCU restricting CPUs from NR_CPUS=16 to nr_cpu_ids=4.
[    0.000000] RCU: Adjusting geometry for rcu_fanout_leaf=32, nr_cpu_ids=4
[    0.000000] NR_IRQS:16 nr_irqs:16 16
[    0.000000] /interrupt-controller@60004000: 160 interrupts forwarded to /interrupt-controller@50041000
[    0.000000] L2C: failed to init: -19
[    0.000009] sched_clock: 32 bits at 1000kHz, resolution 1000ns, wraps every 2147483647500ns
[    0.000028] clocksource: timer_us: mask: 0xffffffff max_cycles: 0xffffffff, max_idle_ns: 1911260446275 ns
[    0.000042] Switching to timer-based delay loop, resolution 1000ns
[    0.002828] Architected cp15 timer(s) running at 12.00MHz (virt).
[    0.002846] clocksource: arch_sys_counter: mask: 0xffffffffffffff max_cycles: 0x2c47f4ee7, max_idle_ns: 440795202497 ns
[    0.002863] sched_clock: 56 bits at 12MHz, resolution 83ns, wraps every 4398046511096ns
[    0.002876] Switching to timer-based delay loop, resolution 83ns
[    0.003239] Console: colour dummy device 80x30
[    0.003264] Calibrating delay loop (skipped), value calculated using timer frequency.. 24.00 BogoMIPS (lpj=60000)
[    0.003278] pid_max: default: 32768 minimum: 301
[    0.003393] Mount-cache hash table entries: 2048 (order: 1, 8192 bytes)
[    0.003405] Mountpoint-cache hash table entries: 2048 (order: 1, 8192 bytes)
[    0.004012] CPU: Testing write buffer coherency: ok
[    0.004229] /cpus/cpu@0 missing clock-frequency property
[    0.004257] /cpus/cpu@1 missing clock-frequency property
[    0.004284] /cpus/cpu@2 missing clock-frequency property
[    0.004312] /cpus/cpu@3 missing clock-frequency property
[    0.004325] CPU0: thread -1, cpu 0, socket 0, mpidr 80000000
[    0.004368] Setting up static identity map for 0x80209000 - 0x80209098
[    0.006714] Tegra Revision: A01 SKU: 0 CPU Process: 1 SoC Process: 0
[    0.007923] CPU1: thread -1, cpu 1, socket 0, mpidr 80000001
[    0.008465] CPU2: thread -1, cpu 2, socket 0, mpidr 80000002
[    0.009011] CPU3: thread -1, cpu 3, socket 0, mpidr 80000003
[    0.009079] Brought up 4 CPUs
[    0.009100] SMP: Total of 4 processors activated (96.00 BogoMIPS).
[    0.009108] CPU: All CPU(s) started in SVC mode.
[    0.010490] devtmpfs: initialized
[    0.021626] VFP support v0.3: implementor 41 architecture 4 part 30 variant f rev 0
[    0.022274] clocksource: jiffies: mask: 0xffffffff max_cycles: 0xffffffff, max_idle_ns: 9556302231375000 ns
[    0.023994] pinctrl core: initialized pinctrl subsystem
[    0.025637] NET: Registered protocol family 16
[    0.027745] DMA: preallocated 256 KiB pool for atomic coherent allocations
[    0.042749] cpuidle: using governor ladder
[    0.057766] cpuidle: using governor menu
[    0.063403] gpiochip_add: GPIOs 0..255 (tegra-gpio) failed to register
[    0.070585] No ATAGs?
[    0.070623] hw-breakpoint: found 5 (+1 reserved) breakpoint and 4 watchpoint registers.
[    0.070634] hw-breakpoint: maximum watchpoint size is 8 bytes.
[    0.074665] Serial: AMBA PL011 UART driver
[    0.075820] tegra-mc 70019000.memory-controller: no memory timings for RAM code 3 registered
[    0.105275] vgaarb: loaded
[    0.106074] SCSI subsystem initialized
[    0.106259] libata version 3.00 loaded.
[    0.106595] usbcore: registered new interface driver usbfs
[    0.106671] usbcore: registered new interface driver hub
[    0.106749] usbcore: registered new device driver usb
[    0.110617] palmas 2-0058: Irq flag is 0x00000000
[    0.113847] palmas 2-0058: Muxing GPIO ff, PWM 0, LED 0
[    0.123584] sdhci-vdd-sd-slot: ramp_delay not set
[    0.145888] pps_core: LinuxPPS API ver. 1 registered
[    0.145898] pps_core: Software ver. 5.3.6 - Copyright 2005-2007 Rodolfo Giometti <giometti@linux.it>
[    0.145930] PTP clock support registered
[    0.146157] EDAC MC: Ver: 3.0.0
[    0.148804] clocksource: Switched to clocksource arch_sys_counter
[    0.160082] NET: Registered protocol family 2
[    0.160615] TCP established hash table entries: 8192 (order: 3, 32768 bytes)
[    0.160714] TCP bind hash table entries: 8192 (order: 4, 65536 bytes)
[    0.160901] TCP: Hash tables configured (established 8192 bind 8192)
[    0.160954] UDP hash table entries: 512 (order: 2, 16384 bytes)
[    0.160995] UDP-Lite hash table entries: 512 (order: 2, 16384 bytes)
[    0.161166] NET: Registered protocol family 1
[    0.161430] RPC: Registered named UNIX socket transport module.
[    0.161440] RPC: Registered udp transport module.
[    0.161447] RPC: Registered tcp transport module.
[    0.161455] RPC: Registered tcp NFSv4.1 backchannel transport module.
[    0.161475] PCI: CLS 0 bytes, default 64
[    0.163729] futex hash table entries: 1024 (order: 4, 65536 bytes)
[    0.176592] squashfs: version 4.0 (2009/01/31) Phillip Lougher
[    0.177560] NFS: Registering the id_resolver key type
[    0.177594] Key type id_resolver registered
[    0.177603] Key type id_legacy registered
[    0.177677] ntfs: driver 2.1.32 [Flags: R/O].
[    0.179126] bounce: pool size: 64 pages
[    0.179347] Block layer SCSI generic (bsg) driver version 0.4 loaded (major 249)
[    0.179365] io scheduler noop registered
[    0.179383] io scheduler deadline registered
[    0.179421] io scheduler cfq registered (default)
[    0.204233] tegra-apbdma 6000a000.dma: Tegra20 APB DMA driver register 32 channels
[    0.205552] tegra-pmc 7000e400.pmc: i2c-thermtrip node not found, emergency thermal reset disabled.
[    0.273835] Serial: 8250/16550 driver, 4 ports, IRQ sharing disabled
[    0.276347] SuperH (H)SCI(F) driver initialized
[    0.277256] msm_serial: driver initialized
[    0.278165] console [ttyS0] disabled
[    0.278200] 70006300.serial: ttyS0 at MMIO 0x70006300 (irq = 73, base_baud = 25500000) is a Tegra
[    1.021624] console [ttyS0] enabled
[    1.025862] STMicroelectronics ASC driver initialized
[    1.033131] [drm] Initialized drm 1.1.0 20060810
[    1.039857] vddio-1v8: supplied by regulator-dummy
[    1.044878] avdd-dsi-csi: supplied by vddio-1v8
[    1.051614] tegra-hdmi 54280000.hdmi: failed to get HDMI regulator
[    1.066350] loop: module loaded
[    1.075867] m25p80 spi32766.0: w25q32dw (4096 Kbytes)
[    1.084473] CAN device driver interface
[    1.089560] igb: Intel(R) Gigabit Ethernet Network Driver - version 5.3.0-k
[    1.096529] igb: Copyright (c) 2007-2014 Intel Corporation.
[    1.104999] pegasus: v0.9.3 (2013/04/25), Pegasus/Pegasus II USB Ethernet driver
[    1.112461] usbcore: registered new interface driver pegasus
[    1.118203] usbcore: registered new interface driver asix
[    1.123666] usbcore: registered new interface driver ax88179_178a
[    1.129822] usbcore: registered new interface driver cdc_ether
[    1.135739] usbcore: registered new interface driver smsc75xx
[    1.141568] usbcore: registered new interface driver smsc95xx
[    1.147377] usbcore: registered new interface driver net1080
[    1.153111] usbcore: registered new interface driver cdc_subset
[    1.159096] usbcore: registered new interface driver zaurus
[    1.164773] usbcore: registered new interface driver cdc_ncm
[    1.172623] ehci_hcd: USB 2.0 'Enhanced' Host Controller (EHCI) Driver
[    1.179174] ehci-pci: EHCI PCI platform driver
[    1.183671] ehci-platform: EHCI generic platform driver
[    1.189107] ehci-omap: OMAP-EHCI Host Controller driver
[    1.194487] ehci-orion: EHCI orion driver
[    1.198632] SPEAr-ehci: EHCI SPEAr driver
[    1.202799] ehci-st: EHCI STMicroelectronics driver
[    1.207826] ehci-exynos: EHCI EXYNOS driver
[    1.212177] ehci-atmel: EHCI Atmel driver
[    1.216334] tegra-ehci: Tegra EHCI driver
[    1.220655] ohci_hcd: USB 1.1 'Open' Host Controller (OHCI) Driver
[    1.226859] ohci-pci: OHCI PCI platform driver
[    1.231366] ohci-platform: OHCI generic platform driver
[    1.236758] ohci-omap3: OHCI OMAP3 driver
[    1.240917] SPEAr-ohci: OHCI SPEAr driver
[    1.245079] ohci-st: OHCI STMicroelectronics driver
[    1.250105] ohci-atmel: OHCI Atmel driver
[    1.254340] usbcore: registered new interface driver usb-storage
[    1.261810] mousedev: PS/2 mouse device common for all mice
[    1.272684] palmas-rtc 7000d000.i2c:tps65913@58:rtc: rtc core: registered 7000d000.i2c:tps659 as rtc0
[    1.283822] tegra_rtc 7000e000.rtc: rtc core: registered 7000e000.rtc as rtc1
[    1.291013] tegra_rtc 7000e000.rtc: Tegra internal Real Time Clock
[    1.297755] i2c /dev entries driver
[    1.304679] sbs-battery 0-000b: sbs_probe: Failed to get device status
[    1.311231] sbs-battery: probe of 0-000b failed with error -121
[    1.322838] sdhci: Secure Digital Host Controller Interface driver
[    1.329029] sdhci: Copyright(c) Pierre Ossman
[    1.334920] Synopsys Designware Multimedia Card Interface Driver
[    1.341989] sdhci-pltfm: SDHCI platform and OF driver helper
[    1.348561] sdhci-tegra 78000600.sdhci: No vmmc regulator found
[    1.354506] sdhci-tegra 78000600.sdhci: No vqmmc regulator found
[    1.360523] mmc0: Invalid maximum block size, assuming 512 bytes
[    1.398827] mmc0: SDHCI controller on 78000600.sdhci [78000600.sdhci] using ADMA
[    1.407488] ledtrig-cpu: registered to indicate activity on CPUs
[    1.413921] usbcore: registered new interface driver usbhid
[    1.419503] usbhid: USB HID core driver
[    1.432062] NET: Registered protocol family 10
[    1.437316] sit: IPv6 over IPv4 tunneling driver
[    1.444689] NET: Registered protocol family 17
[    1.449172] can: controller area network core (rev 20120528 abi 9)
[    1.457446] NET: Registered protocol family 29
[    1.461920] can: raw protocol (rev 20120528)
[    1.468222] can: broadcast manager protocol (rev 20120528 t)
[    1.473914] can: netlink gateway (rev 20130117) max_hops=1
[    1.483873] Key type dns_resolver registered
[    1.492847] ThumbEE CPU extension supported.
[    1.497156] Registering SWP/SWPB emulation handler
[    1.516688] tps65090 2-0048: No cache defaults, reading back from HW
[    1.541530] vdd-lcd-bl: supplied by vdd_ac_bat
[    1.548686] mmc0: MAN_BKOPS_EN bit is not set
[    1.549284] vdd-sys-5v0: supplied by vdd_ac_bat
[    1.557781] VDD_5V0_HDMI_CON: supplied by vdd-sys-5v0
[    1.561491] mmc0: new high speed MMC card at address 0001
[    1.562805] mmcblk0: mmc0:0001 SEM32G 29.1 GiB 
[    1.563873] mmcblk0boot0: mmc0:0001 SEM32G partition 1 4.00 MiB
[    1.564720] mmcblk0boot1: mmc0:0001 SEM32G partition 2 4.00 MiB
[    1.565841] mmcblk0rpmb: mmc0:0001 SEM32G partition 3 4.00 MiB
[    1.571694]  mmcblk0: p1 p2 p3 p4 p5 p6 p7 p8
[    1.596477] vdd_hdmi_5v0: supplied by vdd-sys-5v0
[    1.604261] [drm] Supports vblank timestamp caching Rev 2 (21.10.2013).
[    1.610913] [drm] No driver support for vblank timestamp query.
[    1.616910] drm drm: No connectors reported connected with modes
[    1.622958] [drm] Cannot find any crtc or sizes - going 1024x768
[    1.643709] Console: switching to colour frame buffer device 128x48
[    1.657571] drm drm: fb0:  frame buffer device
[    1.673961] [drm] Initialized tegra 0.0.0 20120330 on minor 0
[    1.679938] vdd-sys-3v3: supplied by vdd_ac_bat
[    1.685279] avdd-lcd: supplied by vdd-sys-3v3
[    1.692282] usb2_vbus: supplied by vdd-sys-5v0
[    1.698660] tegra-ehci 7d008000.usb: EHCI Host Controller
[    1.704121] tegra-ehci 7d008000.usb: new USB bus registered, assigned bus number 1
[    1.712412] tegra-ehci 7d008000.usb: irq 83, io mem 0x7d008000
[    1.723961] tegra-ehci 7d008000.usb: USB 2.0 started, EHCI 1.10
[    1.730843] hub 1-0:1.0: USB hub found
[    1.734671] hub 1-0:1.0: 1 port detected
[    1.739436] vdd-sensor-2v85: supplied by vdd-sys-3v3
[    1.751655] sdhci-tegra 78000400.sdhci: Got CD GPIO
[    1.756606] sdhci-tegra 78000400.sdhci: Got WP GPIO
[    1.762736] sdhci-tegra 78000400.sdhci: No vmmc regulator found
[    1.768693] sdhci-tegra 78000400.sdhci: No vqmmc regulator found
[    1.774709] mmc1: Invalid maximum block size, assuming 512 bytes
[    1.814418] mmc1: SDHCI controller on 78000400.sdhci [78000400.sdhci] using ADMA
[    1.823134] input: gpio-keys as /devices/soc0/gpio-keys/input/input0
[    1.831936] palmas-rtc 7000d000.i2c:tps65913@58:rtc: setting system clock to 2000-03-20 00:18:11 UTC (953511491)
[    1.856058] dvdd_ts: disabling
[    1.859172] usb1_vbus: disabling
[    1.862401] vdd_cam_1v8_reg: disabling
[    1.870500] EXT4-fs (mmcblk0p1): mounting ext3 file system using the ext4 subsystem
[    1.899577] EXT4-fs (mmcblk0p1): recovery complete
[    1.904426] EXT4-fs (mmcblk0p1): mounted filesystem with ordered data mode. Opts: (null)
[    1.912553] VFS: Mounted root (ext3 filesystem) on device 179:1.
[    1.923167] devtmpfs: mounted
[    1.927004] Freeing unused kernel memory: 1028K (c0d83000 - c0e84000)
bash: cannot set terminal process group (-1): Inappropriate ioctl for device
bash: no job control in this shell
[    2.058901] usb 1-1: new high-speed USB device number 2 using tegra-ehci
root@(none):/# 