
U-Boot SPL 2015.04-rc3-00209-ga74ef40 (Mar 16 2015 - 14:43:39)


U-Boot 2015.04-rc3-00209-ga74ef40 (Mar 16 2015 - 14:43:39)

TEGRA20
Model: Compulab TrimSlice board
DRAM:  1 GiB
MMC:   Tegra SD/MMC: 0, Tegra SD/MMC: 1
SF: Detected W25Q80BL with page size 256 Bytes, erase size 4 KiB, total 1 MiB
tegra-pcie: PCI regions:
tegra-pcie:   I/O: 0x82000000-0x82010000
tegra-pcie:   non-prefetchable memory: 0xa0000000-0xa8000000
tegra-pcie:   prefetchable memory: 0xa8000000-0xc0000000
tegra-pcie: dual-mode configuration
tegra-pcie: probing port 0, using 2 lanes
In:    serial
Out:   serial
Err:   serial
Net:   RTL8169#0
Hit any key to stop autoboot:  2  1  0 
Tegra20 (TrimSlice) # 
Tegra20 (TrimSlice) # usb reset
resetting USB...
USB0:   USB EHCI 1.00
scanning bus 0 for devices... 3 USB Device(s) found
USB1:   USB EHCI 1.00
scanning bus 1 for devices... 1 USB Device(s) found
USB2:   lowlevel init failed
       scanning usb for storage devices... 0 Storage Device(s) found
       scanning usb for ethernet devices... 
Warning: asx0 using MAC address from net device
1 Ethernet Device(s) found
Tegra20 (TrimSlice) # setenv bootargs 'ignore_loglevel console=ttyS0,115200n8 rw root=PARTUUID=11eb23c1-01 rootwait gpt debug noinitrd earlyprintk init=/bin/bash'
Tegra20 (TrimSlice) # setenv ipaddr 192.168.100.103; setenv serverip 192.168.100.1; setenv tftpserverip 192.168.100.1
Tegra20 (TrimSlice) # tftpboot 0x00408000 zImage.multi_v7_defconfig
Using RTL8169#0 device
TFTP from server 192.168.100.1; our IP address is 192.168.100.103
Filename 'zImage.multi_v7_defconfig'.
Load address: 0x408000
Loading: *#################################################################
	 #################################################################
	 #################################################################
	 #################################################################
	 #################################################################
	 #################################################################
	 #################################################################
	 #################################################################
	 ####################################
	 3.5 MiB/s
done
Bytes transferred = 8159752 (7c8208 hex)
Tegra20 (TrimSlice) # tftpboot 0x02408000 tegra20-trimslice.dtb
Using RTL8169#0 device
TFTP from server 192.168.100.1; our IP address is 192.168.100.103
Filename 'tegra20-trimslice.dtb'.
Load address: 0x2408000
Loading: *##
	 3.4 MiB/s
done
Bytes transferred = 21454 (53ce hex)
Tegra20 (TrimSlice) # bootz 0x00408000 - 0x02408000
Kernel image @ 0x408000 [ 0x000000 - 0x7c8200 ]
## Flattened Device Tree blob at 02408000
   Booting using the fdt blob at 0x2408000
   Using Device Tree in place at 02408000, end 024103cd

Starting kernel ...

[    0.000000] Booting Linux on physical CPU 0x0
[    0.000000] Linux version 4.13.0-next-20170908-199620-gda52d78 (jonathanh@sellafield) (gcc version 4.7.3 20130328 (prerelease) (crosstool-NG linaro-1.13.1-4.7-2013.04-20130415 - Linaro GCC 2013.04)) #1 SMP Mon Sep 11 15:05:03 PDT 2017
[    0.000000] CPU: ARMv7 Processor [411fc090] revision 0 (ARMv7), cr=10c5387d
[    0.000000] CPU: PIPT / VIPT nonaliasing data cache, VIPT aliasing instruction cache
[    0.000000] OF: fdt: Machine model: Compulab TrimSlice board
[    0.000000] debug: ignoring loglevel setting.
[    0.000000] Memory policy: Data cache writealloc
[    0.000000] efi: Getting EFI parameters from FDT:
[    0.000000] efi: UEFI not found.
[    0.000000] cma: Reserved 64 MiB at 0x3c000000
[    0.000000] On node 0 totalpages: 262144
[    0.000000] free_area_init_node: node 0, pgdat c158e5c0, node_mem_map ef7f8000
[    0.000000]   DMA zone: 1536 pages used for memmap
[    0.000000]   DMA zone: 0 pages reserved
[    0.000000]   DMA zone: 196608 pages, LIFO batch:31
[    0.000000]   HighMem zone: 65536 pages, LIFO batch:15
[    0.000000] random: fast init done
[    0.000000] percpu: Embedded 17 pages/cpu @ef7c4000 s39424 r8192 d22016 u69632
[    0.000000] pcpu-alloc: s39424 r8192 d22016 u69632 alloc=17*4096
[    0.000000] pcpu-alloc: [0] 0 [0] 1 
[    0.000000] Built 1 zonelists, mobility grouping on.  Total pages: 260608
[    0.000000] Kernel command line: ignore_loglevel console=ttyS0,115200n8 rw root=PARTUUID=11eb23c1-01 rootwait gpt debug noinitrd earlyprintk init=/bin/bash
[    0.000000] PID hash table entries: 4096 (order: 2, 16384 bytes)
[    0.000000] Dentry cache hash table entries: 131072 (order: 7, 524288 bytes)
[    0.000000] Inode-cache hash table entries: 65536 (order: 6, 262144 bytes)
[    0.000000] Memory: 954308K/1048576K available (10240K kernel code, 1626K rwdata, 4508K rodata, 2048K init, 405K bss, 28732K reserved, 65536K cma-reserved, 196608K highmem)
[    0.000000] Virtual kernel memory layout:
[    0.000000]     vector  : 0xffff0000 - 0xffff1000   (   4 kB)
[    0.000000]     fixmap  : 0xffc00000 - 0xfff00000   (3072 kB)
[    0.000000]     vmalloc : 0xf0800000 - 0xff800000   ( 240 MB)
[    0.000000]     lowmem  : 0xc0000000 - 0xf0000000   ( 768 MB)
[    0.000000]     pkmap   : 0xbfe00000 - 0xc0000000   (   2 MB)
[    0.000000]     modules : 0xbf000000 - 0xbfe00000   (  14 MB)
[    0.000000]       .text : 0xc0208000 - 0xc0d00000   (11232 kB)
[    0.000000]       .init : 0xc1200000 - 0xc1400000   (2048 kB)
[    0.000000]       .data : 0xc1400000 - 0xc1596910   (1627 kB)
[    0.000000]        .bss : 0xc159fbc0 - 0xc160537c   ( 406 kB)
[    0.000000] SLUB: HWalign=64, Order=0-3, MinObjects=0, CPUs=2, Nodes=1
[    0.000000] Hierarchical RCU implementation.
[    0.000000] 	RCU event tracing is enabled.
[    0.000000] 	RCU restricting CPUs from NR_CPUS=16 to nr_cpu_ids=2.
[    0.000000] RCU: Adjusting geometry for rcu_fanout_leaf=16, nr_cpu_ids=2
[    0.000000] NR_IRQS: 16, nr_irqs: 16, preallocated irqs: 16
[    0.000000] /interrupt-controller@60004000: 128 interrupts forwarded to /interrupt-controller@50041000
[    0.000000] L2C: platform modifies aux control register: 0x02080000 -> 0x3e480001
[    0.000000] L2C: DT/platform modifies aux control register: 0x02080000 -> 0x3e480001
[    0.000000] L2C-310 errata 727915 769419 enabled
[    0.000000] L2C-310 enabling early BRESP for Cortex-A9
[    0.000000] L2C-310: enabling full line of zeros but not enabled in Cortex-A9
[    0.000000] L2C-310 ID prefetch enabled, offset 1 lines
[    0.000000] L2C-310 cache controller enabled, 8 ways, 1024 kB
[    0.000000] L2C-310: CACHE_ID 0x410000c4, AUX_CTRL 0x7e480001
[    0.000009] sched_clock: 32 bits at 1000kHz, resolution 1000ns, wraps every 2147483647500ns
[    0.000026] clocksource: timer_us: mask: 0xffffffff max_cycles: 0xffffffff, max_idle_ns: 1911260446275 ns
[    0.000036] Switching to timer-based delay loop, resolution 1000ns
[    0.001707] Console: colour dummy device 80x30
[    0.001736] Calibrating delay loop (skipped), value calculated using timer frequency.. 2.00 BogoMIPS (lpj=10000)
[    0.001748] pid_max: default: 32768 minimum: 301
[    0.001835] Mount-cache hash table entries: 2048 (order: 1, 8192 bytes)
[    0.001847] Mountpoint-cache hash table entries: 2048 (order: 1, 8192 bytes)
[    0.002283] CPU: Testing write buffer coherency: ok
[    0.002491] CPU0: thread -1, cpu 0, socket 0, mpidr 80000000
[    0.002727] Setting up static identity map for 0x300000 - 0x3000a0
[    0.003362] Hierarchical SRCU implementation.
[    0.004200] Tegra Revision: A03 prime SKU: 8 CPU Process: 1 SoC Process: 2
[    0.004647] EFI services will not be available.
[    0.004738] smp: Bringing up secondary CPUs ...
[    0.005258] CPU1: thread -1, cpu 1, socket 0, mpidr 80000001
[    0.005332] smp: Brought up 1 node, 2 CPUs
[    0.005343] SMP: Total of 2 processors activated (4.00 BogoMIPS).
[    0.005349] CPU: All CPU(s) started in SVC mode.
[    0.006006] devtmpfs: initialized
[    0.012443] Built 1 zonelists, mobility grouping on.  Total pages: 254961
[    0.012802] VFP support v0.3: implementor 41 architecture 3 part 30 variant 9 rev 1
[    0.013060] clocksource: jiffies: mask: 0xffffffff max_cycles: 0xffffffff, max_idle_ns: 19112604462750000 ns
[    0.013081] futex hash table entries: 512 (order: 3, 32768 bytes)
[    0.013260] pinctrl core: initialized pinctrl subsystem
[    0.014149] DMI not present or invalid.
[    0.014361] NET: Registered protocol family 16
[    0.016486] DMA: preallocated 256 KiB pool for atomic coherent allocations
[    0.017901] cpuidle: using governor menu
[    0.033630] No ATAGs?
[    0.033694] hw-breakpoint: found 5 (+1 reserved) breakpoint and 1 watchpoint registers.
[    0.033704] hw-breakpoint: maximum watchpoint size is 4 bytes.
[    0.038495] Serial: AMBA PL011 UART driver
[    0.048823] AT91: Could not find identification node
[    0.049331] usb1_vbus: Failed to request enable GPIO170: -517
[    0.049347] reg-fixed-voltage regulators:regulator@2: Failed to register regulator: -517
[    0.052778] vgaarb: loaded
[    0.053343] SCSI subsystem initialized
[    0.053475] libata version 3.00 loaded.
[    0.053651] usbcore: registered new interface driver usbfs
[    0.053690] usbcore: registered new interface driver hub
[    0.053731] usbcore: registered new device driver usb
[    0.055698] pps_core: LinuxPPS API ver. 1 registered
[    0.055706] pps_core: Software ver. 5.3.6 - Copyright 2005-2007 Rodolfo Giometti <giometti@linux.it>
[    0.055723] PTP clock support registered
[    0.055873] EDAC MC: Ver: 3.0.0
[    0.056119] dmi: Firmware registration failed.
[    0.057549] clocksource: Switched to clocksource timer_us
[    0.095338] NET: Registered protocol family 2
[    0.095772] TCP established hash table entries: 8192 (order: 3, 32768 bytes)
[    0.095842] TCP bind hash table entries: 8192 (order: 4, 65536 bytes)
[    0.095956] TCP: Hash tables configured (established 8192 bind 8192)
[    0.096081] UDP hash table entries: 512 (order: 2, 16384 bytes)
[    0.096136] UDP-Lite hash table entries: 512 (order: 2, 16384 bytes)
[    0.096291] NET: Registered protocol family 1
[    0.096584] RPC: Registered named UNIX socket transport module.
[    0.096592] RPC: Registered udp transport module.
[    0.096598] RPC: Registered tcp transport module.
[    0.096603] RPC: Registered tcp NFSv4.1 backchannel transport module.
[    0.096612] PCI: CLS 0 bytes, default 64
[    0.097415] hw perfevents: no interrupt-affinity property for /pmu, guessing.
[    0.097640] hw perfevents: enabled with armv7_cortex_a9 PMU driver, 7 counters available
[    0.098810] workingset: timestamp_bits=30 max_order=18 bucket_order=0
[    0.103223] squashfs: version 4.0 (2009/01/31) Phillip Lougher
[    0.103693] NFS: Registering the id_resolver key type
[    0.103721] Key type id_resolver registered
[    0.103727] Key type id_legacy registered
[    0.103758] ntfs: driver 2.1.32 [Flags: R/O].
[    0.104860] bounce: pool size: 64 pages
[    0.104914] Block layer SCSI generic (bsg) driver version 0.4 loaded (major 248)
[    0.104923] io scheduler noop registered
[    0.104929] io scheduler deadline registered
[    0.105100] io scheduler cfq registered (default)
[    0.105108] io scheduler mq-deadline registered
[    0.105114] io scheduler kyber registered
[    0.116829] tegra-pcie 80003000.pcie: dual-mode configuration
[    0.117567] tegra-pcie 80003000.pcie: probing port 0, using 2 lanes
[    0.199669] tegra-pcie 80003000.pcie: PCI host bridge to bus 0000:00
[    0.199681] pci_bus 0000:00: root bus resource [io  0x0000-0xffff]
[    0.199690] pci_bus 0000:00: root bus resource [mem 0xa0000000-0xa7ffffff]
[    0.199699] pci_bus 0000:00: root bus resource [mem 0xa8000000-0xbfffffff pref]
[    0.199708] pci_bus 0000:00: root bus resource [bus 00-ff]
[    0.199737] pci 0000:00:01.0: [10de:0bf0] type 01 class 0x060000
[    0.199756] pci_bus 0000:00: 2-byte config write to 0000:00:01.0 offset 0x4 may corrupt adjacent RW1C bits
[    0.199767] pci_bus 0000:00: 2-byte config write to 0000:00:01.0 offset 0x4 may corrupt adjacent RW1C bits
[    0.199785] pci 0000:00:01.0: enabling Extended Tags
[    0.199796] pci_bus 0000:00: 2-byte config write to 0000:00:01.0 offset 0x88 may corrupt adjacent RW1C bits
[    0.199821] pci_bus 0000:00: 2-byte config write to 0000:00:01.0 offset 0x52 may corrupt adjacent RW1C bits
[    0.199845] pci 0000:00:01.0: PME# supported from D0 D1 D2 D3hot D3cold
[    0.199856] pci_bus 0000:00: 2-byte config write to 0000:00:01.0 offset 0x4c may corrupt adjacent RW1C bits
[    0.200011] pci_bus 0000:00: 2-byte config write to 0000:00:01.0 offset 0x3e may corrupt adjacent RW1C bits
[    0.200023] pci_bus 0000:00: 2-byte config write to 0000:00:01.0 offset 0x4 may corrupt adjacent RW1C bits
[    0.200033] pci_bus 0000:00: 1-byte config write to 0000:00:01.0 offset 0xc may corrupt adjacent RW1C bits
[    0.200040] PCI: bus0: Fast back to back transfers disabled
[    0.200049] pci 0000:00:01.0: bridge configuration invalid ([bus 00-00]), reconfiguring
[    0.200058] pci_bus 0000:00: 2-byte config write to 0000:00:01.0 offset 0x3e may corrupt adjacent RW1C bits
[    0.200069] pci_bus 0000:00: 2-byte config write to 0000:00:01.0 offset 0x3e may corrupt adjacent RW1C bits
[    0.200176] pci 0000:01:00.0: [10ec:8168] type 00 class 0x020000
[    0.200211] pci 0000:01:00.0: reg 0x10: [io  0x0000-0x00ff]
[    0.200236] pci 0000:01:00.0: reg 0x18: [mem 0x00000000-0x00000fff 64bit pref]
[    0.200254] pci 0000:01:00.0: reg 0x20: [mem 0x00000000-0x00003fff 64bit pref]
[    0.200267] pci 0000:01:00.0: reg 0x30: [mem 0x00000000-0x0001ffff pref]
[    0.200343] pci 0000:01:00.0: supports D1 D2
[    0.200352] pci 0000:01:00.0: PME# supported from D0 D1 D2 D3hot D3cold
[    0.227580] PCI: bus1: Fast back to back transfers disabled
[    0.227594] pci_bus 0000:01: busn_res: [bus 01-ff] end is updated to 01
[    0.227622] pci 0000:00:01.0: BAR 8: assigned [mem 0xa0000000-0xa00fffff]
[    0.227634] pci 0000:00:01.0: BAR 9: assigned [mem 0xa8000000-0xa80fffff 64bit pref]
[    0.227643] pci 0000:00:01.0: BAR 7: assigned [io  0x1000-0x1fff]
[    0.227656] pci 0000:01:00.0: BAR 6: assigned [mem 0xa0000000-0xa001ffff pref]
[    0.227666] pci 0000:01:00.0: BAR 4: assigned [mem 0xa8000000-0xa8003fff 64bit pref]
[    0.227685] pci 0000:01:00.0: BAR 2: assigned [mem 0xa8004000-0xa8004fff 64bit pref]
[    0.227703] pci 0000:01:00.0: BAR 0: assigned [io  0x1000-0x10ff]
[    0.227715] pci 0000:00:01.0: PCI bridge to [bus 01]
[    0.227723] pci 0000:00:01.0:   bridge window [io  0x1000-0x1fff]
[    0.227732] pci 0000:00:01.0:   bridge window [mem 0xa0000000-0xa00fffff]
[    0.227741] pci 0000:00:01.0:   bridge window [mem 0xa8000000-0xa80fffff 64bit pref]
[    0.227764] pci 0000:00:01.0: nv_msi_ht_cap_quirk didn't locate host bridge
[    0.227816] Disabling cpuidle LP2 state, since PCIe IRQs are in use
[    0.227851] pcieport 0000:00:01.0: enabling device (0140 -> 0143)
[    0.228038] pcieport 0000:00:01.0: Signaling PME with IRQ 295
[    0.234058] tegra-apbdma 6000a000.dma: Tegra20 APB DMA driver register 16 channels
[    0.278065] Serial: 8250/16550 driver, 4 ports, IRQ sharing disabled
[    0.280251] console [ttyS0] disabled
[    0.280290] 70006000.serial: ttyS0 at MMIO 0x70006000 (irq = 279, base_baud = 13500000) is a Tegra
[    1.370920] console [ttyS0] enabled
[    1.374978] SuperH (H)SCI(F) driver initialized
[    1.380268] msm_serial: driver initialized
[    1.384491] STMicroelectronics ASC driver initialized
[    1.393958] tegra-hdmi 54280000.hdmi: 54280000.hdmi supply hdmi not found, using dummy regulator
[    1.404980] [drm] Supports vblank timestamp caching Rev 2 (21.10.2013).
[    1.411597] [drm] No driver support for vblank timestamp query.
[    1.417557] [drm] Cannot find any crtc or sizes
[    1.422093] [drm] Initialized tegra 0.0.0 20120330 for drm on minor 0
[    1.430059] [drm] Cannot find any crtc or sizes
[    1.440224] brd: module loaded
[    1.448214] loop: module loaded
[    1.457374] m25p80 spi0.0: found s25fl008k, expected w25q80bl
[    1.463204] m25p80 spi0.0: s25fl008k (1024 Kbytes)
[    1.469991] libphy: Fixed MDIO Bus: probed
[    1.474799] CAN device driver interface
[    1.479314] bgmac_bcma: Broadcom 47xx GBit MAC driver loaded
[    1.485888] e1000e: Intel(R) PRO/1000 Network Driver - 3.2.6-k
[    1.491761] e1000e: Copyright(c) 1999 - 2015 Intel Corporation.
[    1.497727] igb: Intel(R) Gigabit Ethernet Network Driver - version 5.4.0-k
[    1.504670] igb: Copyright (c) 2007-2014 Intel Corporation.
[    1.510821] r8169 Gigabit Ethernet driver 2.3LK-NAPI loaded
[    1.516403] r8169 0000:01:00.0: enabling device (0140 -> 0143)
[    1.522841] r8169 0000:01:00.0 eth0: RTL8168d/8111d at 0xf0a5c000, 00:01:c0:13:7d:63, XID 081000c0 IRQ 296
[    1.532497] r8169 0000:01:00.0 eth0: jumbo features [frames: 9200 bytes, tx checksumming: ko]
[    1.543224] pegasus: v0.9.3 (2013/04/25), Pegasus/Pegasus II USB Ethernet driver
[    1.550680] usbcore: registered new interface driver pegasus
[    1.556355] usbcore: registered new interface driver asix
[    1.561780] usbcore: registered new interface driver ax88179_178a
[    1.567898] usbcore: registered new interface driver cdc_ether
[    1.573752] usbcore: registered new interface driver smsc75xx
[    1.579532] usbcore: registered new interface driver smsc95xx
[    1.585284] usbcore: registered new interface driver net1080
[    1.590968] usbcore: registered new interface driver cdc_subset
[    1.596899] usbcore: registered new interface driver zaurus
[    1.602507] usbcore: registered new interface driver cdc_ncm
[    1.608443] tegra-phy c5004000.usb-phy: no vbus regulator
[    1.614936] tegra-phy c5008000.usb-phy: no vbus regulator
[    1.621657] ehci_hcd: USB 2.0 'Enhanced' Host Controller (EHCI) Driver
[    1.628191] ehci-pci: EHCI PCI platform driver
[    1.632653] ehci-platform: EHCI generic platform driver
[    1.638030] ehci-orion: EHCI orion driver
[    1.642143] SPEAr-ehci: EHCI SPEAr driver
[    1.646239] ehci-st: EHCI STMicroelectronics driver
[    1.651222] ehci-exynos: EHCI EXYNOS driver
[    1.655505] ehci-atmel: EHCI Atmel driver
[    1.659622] tegra-ehci: Tegra EHCI driver
[    1.718754] ulpi_phy_power_on: ulpi write failed
[    1.723362] tegra-ehci c5004000.usb: Failed to power on the phy
[    1.729299] tegra-ehci: probe of c5004000.usb failed with error -110
[    1.738274] tegra-ehci c5008000.usb: EHCI Host Controller
[    1.743676] tegra-ehci c5008000.usb: new USB bus registered, assigned bus number 1
[    1.751402] tegra-ehci c5008000.usb: irq 290, io mem 0xc5008000
[    1.777566] tegra-ehci c5008000.usb: USB 2.0 started, EHCI 1.00
[    1.784012] hub 1-0:1.0: USB hub found
[    1.787795] hub 1-0:1.0: 1 port detected
[    1.792018] ohci_hcd: USB 1.1 'Open' Host Controller (OHCI) Driver
[    1.798210] ohci-pci: OHCI PCI platform driver
[    1.802680] ohci-platform: OHCI generic platform driver
[    1.808073] SPEAr-ohci: OHCI SPEAr driver
[    1.812173] ohci-st: OHCI STMicroelectronics driver
[    1.817135] ohci-atmel: OHCI Atmel driver
[    1.821714] usbcore: registered new interface driver usb-storage
[    1.830763] rtc-em3027 2-0056: rtc core: registered rtc-em3027 as rtc0
[    1.838415] tegra_rtc 7000e000.rtc: rtc core: registered 7000e000.rtc as rtc1
[    1.845566] tegra_rtc 7000e000.rtc: Tegra internal Real Time Clock
[    1.852167] i2c /dev entries driver
[    1.858293] IR NEC protocol handler initialized
[    1.862811] IR RC5(x/sz) protocol handler initialized
[    1.867865] IR RC6 protocol handler initialized
[    1.872381] IR JVC protocol handler initialized
[    1.876896] IR Sony protocol handler initialized
[    1.881508] IR SANYO protocol handler initialized
[    1.886198] IR Sharp protocol handler initialized
[    1.890896] IR MCE Keyboard/mouse protocol handler initialized
[    1.896711] IR XMP protocol handler initialized
[    1.908191] sdhci: Secure Digital Host Controller Interface driver
[    1.914356] sdhci: Copyright(c) Pierre Ossman
[    1.919893] Synopsys Designware Multimedia Card Interface Driver
[    1.926830] sdhci-pltfm: SDHCI platform and OF driver helper
[    1.941257] mmc0: Invalid maximum block size, assuming 512 bytes
[    2.007721] mmc0: SDHCI controller on c8000000.sdhci [c8000000.sdhci] using ADMA
[    2.015604] sdhci-tegra c8000600.sdhci: Got CD GPIO
[    2.020665] sdhci-tegra c8000600.sdhci: Got WP GPIO
[    2.034062] mmc1: Invalid maximum block size, assuming 512 bytes
[    2.098171] mmc1: SDHCI controller on c8000600.sdhci [c8000600.sdhci] using ADMA
[    2.114311] ledtrig-cpu: registered to indicate activity on CPUs
[    2.120622] usbcore: registered new interface driver usbhid
[    2.126180] usbhid: USB HID core driver
[    2.133598] NET: Registered protocol family 10
[    2.141326] Segment Routing with IPv6
[    2.145027] sit: IPv6, IPv4 and MPLS over IPv4 tunneling driver
[    2.151373] NET: Registered protocol family 17
[    2.155810] can: controller area network core (rev 20170425 abi 9)
[    2.162038] NET: Registered protocol family 29
[    2.166470] can: raw protocol (rev 20170425)
[    2.170747] can: broadcast manager protocol (rev 20170425 t)
[    2.176395] can: netlink gateway (rev 20170425) max_hops=1
[    2.182162] Key type dns_resolver registered
[    2.186787] ThumbEE CPU extension supported.
[    2.191074] Registering SWP/SWPB emulation handler
[    2.204215] utmi_phy_clk_enable: timeout waiting for phy to stabilize
[    2.210697] tegra-ehci c5000000.usb: EHCI Host Controller
[    2.216100] tegra-ehci c5000000.usb: new USB bus registered, assigned bus number 2
[    2.217569] usb 1-1: new high-speed USB device number 2 using tegra-ehci
[    2.230564] tegra-ehci c5000000.usb: irq 288, io mem 0xc5000000
[    2.246937] mmc1: new high speed SD card at address b368
[    2.253388] mmcblk1: mmc1:b368 NCard 1.83 GiB (ro)
[    2.260895]  mmcblk1: p1 p2
[    2.397715] tegra-ehci c5000000.usb: USB 2.0 started, EHCI 1.00
[    2.405967] hub 2-0:1.0: USB hub found
[    2.410020] hub 2-0:1.0: 1 port detected
[    2.417186] input: gpio-keys as /devices/soc0/gpio-keys/input/input0
[    2.425468] rtc-em3027 2-0056: hctosys: unable to read the hardware clock
[   2.432639] hub 1-1:1.0: USB hub found
[    2.436409] hub 1-1:1.0: 4 ports detected
[    2.441480] Waiting for root device PARTUUID=11eb23c1-01...
[    2.757700] usb 1-1.2: new high-speed USB device number 3 using tegra-ehci
[    3.275446] mmc0: host does not support reading read-only switch, assuming write-enable
[    3.285378] mmc0: new high speed SDHC card at address b368
[    3.291209] mmcblk0: mmc0:b368 NCard 3.70 GiB 
[    3.297615]  mmcblk0: p1
[    3.381337] asix 1-1.2:1.0 eth1: register 'asix' at usb-c5008000.usb-1.2, ASIX AX88772 USB 2.0 Ethernet, 00:60:6e:60:6c:68
[    3.398278] EXT4-fs (mmcblk0p1): mounting ext3 file system using the ext4 subsystem
[    3.635718] EXT4-fs (mmcblk0p1): recovery complete
[    3.711979] EXT4-fs (mmcblk0p1): mounted filesystem with ordered data mode. Opts: (null)
[    3.720243] VFS: Mounted root (ext3 filesystem) on device 179:17.
[    3.734684] devtmpfs: mounted
[    3.741290] Freeing unused kernel memory: 2048K
bash: cannot set terminal process group (-1): Inappropriate ioctl for device
bash: no job control in this shell
root@(none):/#  
root@(none):/# mount -t sysfs none /sys
root@(none):/# 
root@(none):/# mount -t debugfs none /sys/kernel/debug
root@(none):/# 
root@(none):/# rtcwake -d rtc1 -m mem -s 3
rtcwake: assuming RTC uses UTC ...
rtcwake: wakeup from "mem" using /dev/rtc1 at Thu Jan  1 00:00:32 1970
[   13.967498] PM: suspend entry (deep)
[   13.971206] PM: Syncing filesystems ... done.
[   13.978162] Freezing user space processes ... (elapsed 0.001 seconds) done.
[   13.986284] OOM killer disabled.
[   13.989525] Freezing remaining freezable tasks ... (elapsed 0.001 seconds) done.
[   13.998015] Suspending console(s) (use no_console_suspend to debug)
[   14.034235] pci_generic_config_write32: 43 callbacks suppressed
[   14.034280] pci_bus 0000:00: 2-byte config write to 0000:00:01.0 offset 0x9c may corrupt adjacent RW1C bits
[   14.055062] pci_bus 0000:01: 2-byte config write to 0000:01:00.0 offset 0x44 may corrupt adjacent RW1C bits
[   14.055120] pci_bus 0000:01: 2-byte config write to 0000:01:00.0 offset 0x44 may corrupt adjacent RW1C bits
[   14.078208] Disabling non-boot CPUs ...
[   14.131102] Entering suspend state LP1
[   14.131152] Enabling non-boot CPUs ...
[   14.132797] CPU1 is up
[   14.133646] pci_bus 0000:00: 2-byte config write to 0000:00:01.0 offset 0x4c may corrupt adjacent RW1C bits
[   14.133695] pci_bus 0000:00: 2-byte config write to 0000:00:01.0 offset 0x88 may corrupt adjacent RW1C bits
[   14.133727] pci_bus 0000:00: 2-byte config write to 0000:00:01.0 offset 0x90 may corrupt adjacent RW1C bits
[   14.133756] pci_bus 0000:00: 2-byte config write to 0000:00:01.0 offset 0x98 may corrupt adjacent RW1C bits
[   14.133784] pci_bus 0000:00: 2-byte config write to 0000:00:01.0 offset 0x9c may corrupt adjacent RW1C bits
[   14.133863] pci_bus 0000:00: 2-byte config write to 0000:00:01.0 offset 0x52 may corrupt adjacent RW1C bits
[   14.133896] pci_bus 0000:00: 2-byte config write to 0000:00:01.0 offset 0x52 may corrupt adjacent RW1C bits
[   14.133974] pcieport 0000:00:01.0: nv_msi_ht_cap_quirk didn't locate host bridge
[   14.833959] OOM killer enabled.
[   14.837088] Restarting tasks ... done.
[   14.841596] PM: suspend exit
root@(none):/# 
root@(none):/# rtcwake -d rtc1 -m mem -s 3
rtcwake: assuming RTC uses UTC ...
rtcwake: wakeup from "mem" using /dev/rtc1 at Thu Jan  1 00:00:37 1970
[   15.758423] PM: suspend entry (deep)
[   15.761997] PM: Syncing filesystems ... done.
[   15.766976] Freezing user space processes ... (elapsed 0.001 seconds) done.
[   15.775068] OOM killer disabled.
[   15.778336] Freezing remaining freezable tasks ... (elapsed 0.001 seconds) done.
[   15.786871] Suspending console(s) (use no_console_suspend to debug)
[   15.868223] Disabling non-boot CPUs ...
[   15.920216] Entering suspend state LP1
[   15.920265] Enabling non-boot CPUs ...
[   15.921827] CPU1 is up
[   15.922608] pcieport 0000:00:01.0: nv_msi_ht_cap_quirk didn't locate host bridge
[   16.530844] OOM killer enabled.
[   16.533979] Restarting tasks ... done.
[   16.538066] PM: suspend exit
root@(none):/# 
root@(none):/# rtcwake -d rtc1 -m mem -s 3
rtcwake: assuming RTC uses UTC ...
rtcwake: wakeup from "mem" using /dev/rtc1 at Thu Jan  1 00:00:42 1970
[   17.548406] PM: suspend entry (deep)
[   17.551979] PM: Syncing filesystems ... done.
[   17.556980] Freezing user space processes ... (elapsed 0.001 seconds) done.
[   17.565071] OOM killer disabled.
[   17.568342] Freezing remaining freezable tasks ... (elapsed 0.001 seconds) done.
[   17.576875] Suspending console(s) (use no_console_suspend to debug)
[   17.658125] Disabling non-boot CPUs ...
[   17.710149] Entering suspend state LP1
[   17.710197] Enabling non-boot CPUs ...
[   17.711740] CPU1 is up
[   17.714187] pcieport 0000:00:01.0: nv_msi_ht_cap_quirk didn't locate host bridge
[   18.311546] OOM killer enabled.
[   18.314681] Restarting tasks ... done.
[   18.319381] PM: suspend exit
root@(none):/# 
root@(none):/# rtcwake -d rtc1 -m mem -s 3
rtcwake: assuming RTC uses UTC ...
rtcwake: wakeup from "mem" using /dev/rtc1 at Thu Jan  1 00:00:47 1970
[   19.338292] PM: suspend entry (deep)
[   19.341866] PM: Syncing filesystems ... done.
[   19.346850] Freezing user space processes ... (elapsed 0.001 seconds) done.
[   19.354943] OOM killer disabled.
[   19.358211] Freezing remaining freezable tasks ... (elapsed 0.001 seconds) done.
[   19.366742] Suspending console(s) (use no_console_suspend to debug)
[   19.402988] pci_generic_config_write32: 71 callbacks suppressed
[   19.403034] pci_bus 0000:00: 2-byte config write to 0000:00:01.0 offset 0x9c may corrupt adjacent RW1C bits
[   19.423853] pci_bus 0000:01: 2-byte config write to 0000:01:00.0 offset 0x44 may corrupt adjacent RW1C bits
[   19.423911] pci_bus 0000:01: 2-byte config write to 0000:01:00.0 offset 0x44 may corrupt adjacent RW1C bits
[   19.448103] Disabling non-boot CPUs ...
[   19.500136] Entering suspend state LP1
[   19.500184] Enabling non-boot CPUs ...
[   19.501741] CPU1 is up
[   19.502369] pci_bus 0000:00: 2-byte config write to 0000:00:01.0 offset 0x4c may corrupt adjacent RW1C bits
[   19.502416] pci_bus 0000:00: 2-byte config write to 0000:00:01.0 offset 0x88 may corrupt adjacent RW1C bits
[   19.502447] pci_bus 0000:00: 2-byte config write to 0000:00:01.0 offset 0x90 may corrupt adjacent RW1C bits
[   19.502476] pci_bus 0000:00: 2-byte config write to 0000:00:01.0 offset 0x98 may corrupt adjacent RW1C bits
[   19.502503] pci_bus 0000:00: 2-byte config write to 0000:00:01.0 offset 0x9c may corrupt adjacent RW1C bits
[   19.502582] pci_bus 0000:00: 2-byte config write to 0000:00:01.0 offset 0x52 may corrupt adjacent RW1C bits
[   19.502614] pci_bus 0000:00: 2-byte config write to 0000:00:01.0 offset 0x52 may corrupt adjacent RW1C bits
[   19.502694] pcieport 0000:00:01.0: nv_msi_ht_cap_quirk didn't locate host bridge
[   20.203869] OOM killer enabled.
[   20.206998] Restarting tasks ... done.
[   20.211713] PM: suspend exit
root@(none):/# 
root@(none):/# rtcwake -d rtc1 -m mem -s 3
rtcwake: assuming RTC uses UTC ...
rtcwake: wakeup from "mem" using /dev/rtc1 at Thu Jan  1 00:00:52 1970
[   21.128314] PM: suspend entry (deep)
[   21.131887] PM: Syncing filesystems ... done.
[   21.136875] Freezing user space processes ... (elapsed 0.001 seconds) done.
[   21.144968] OOM killer disabled.
[   21.148238] Freezing remaining freezable tasks ... (elapsed 0.001 seconds) done.
[   21.156770] Suspending console(s) (use no_console_suspend to debug)
[   21.237989] Disabling non-boot CPUs ...
[   21.279997] Entering suspend state LP1
[   21.280045] Enabling non-boot CPUs ...
[   21.281591] CPU1 is up
[   21.282676] pcieport 0000:00:01.0: nv_msi_ht_cap_quirk didn't locate host bridge
[   21.890926] OOM killer enabled.
[   21.894062] Restarting tasks ... done.
[   21.898936] PM: suspend exit
root@(none):/# 
root@(none):/# rtcwake -d rtc1 -m mem -s 3
rtcwake: assuming RTC uses UTC ...
rtcwake: wakeup from "mem" using /dev/rtc1 at Thu Jan  1 00:00:57 1970
[   22.908313] PM: suspend entry (deep)
[   22.911913] PM: Syncing filesystems ... done.
[   22.917920] Freezing user space processes ... (elapsed 0.001 seconds) done.
[   22.926066] OOM killer disabled.
[   22.929307] Freezing remaining freezable tasks ... (elapsed 0.001 seconds) done.
[   22.937816] Suspending console(s) (use no_console_suspend to debug)
[   22.997940] Disabling non-boot CPUs ...
[   23.039989] Entering suspend state LP1
[   23.040038] Enabling non-boot CPUs ...
[   23.041594] CPU1 is up
[   23.044046] pcieport 0000:00:01.0: nv_msi_ht_cap_quirk didn't locate host bridge
[   23.650731] OOM killer enabled.
[   23.653867] Restarting tasks ... done.
[   23.658362] PM: suspend exit
root@(none):/# 
root@(none):/# rtcwake -d rtc1 -m mem -s 3
rtcwake: assuming RTC uses UTC ...
rtcwake: wakeup from "mem" using /dev/rtc1 at Thu Jan  1 00:01:02 1970
[   24.669170] PM: suspend entry (deep)
[   24.672758] PM: Syncing filesystems ... done.
[   24.678314] Freezing user space processes ... (elapsed 0.001 seconds) done.
[   24.686426] OOM killer disabled.
[   24.689677] Freezing remaining freezable tasks ... (elapsed 0.001 seconds) done.
[   24.698183] Suspending console(s) (use no_console_suspend to debug)
[   24.712208] pci_generic_config_write32: 71 callbacks suppressed
[   24.712253] pci_bus 0000:00: 2-byte config write to 0000:00:01.0 offset 0x9c may corrupt adjacent RW1C bits
[   24.736148] pci_bus 0000:01: 2-byte config write to 0000:01:00.0 offset 0x44 may corrupt adjacent RW1C bits
[   24.736208] pci_bus 0000:01: 2-byte config write to 0000:01:00.0 offset 0x44 may corrupt adjacent RW1C bits
[   24.757885] Disabling non-boot CPUs ...
[   24.799791] Entering suspend state LP1
[   24.799839] Enabling non-boot CPUs ...
[   24.801392] CPU1 is up
[   24.802046] pci_bus 0000:00: 2-byte config write to 0000:00:01.0 offset 0x4c may corrupt adjacent RW1C bits
[   24.802092] pci_bus 0000:00: 2-byte config write to 0000:00:01.0 offset 0x88 may corrupt adjacent RW1C bits
[   24.802122] pci_bus 0000:00: 2-byte config write to 0000:00:01.0 offset 0x90 may corrupt adjacent RW1C bits
[   24.802152] pci_bus 0000:00: 2-byte config write to 0000:00:01.0 offset 0x98 may corrupt adjacent RW1C bits
[   24.802180] pci_bus 0000:00: 2-byte config write to 0000:00:01.0 offset 0x9c may corrupt adjacent RW1C bits
[   24.802260] pci_bus 0000:00: 2-byte config write to 0000:00:01.0 offset 0x52 may corrupt adjacent RW1C bits
[   24.802292] pci_bus 0000:00: 2-byte config write to 0000:00:01.0 offset 0x52 may corrupt adjacent RW1C bits
[   24.802370] pcieport 0000:00:01.0: nv_msi_ht_cap_quirk didn't locate host bridge
[   25.513805] OOM killer enabled.
[   25.516935] Restarting tasks ... done.
[   25.521553] PM: suspend exit
root@(none):/# 
root@(none):/# rtcwake -d rtc1 -m mem -s 3
rtcwake: assuming RTC uses UTC ...
rtcwake: wakeup from "mem" using /dev/rtc1 at Thu Jan  1 00:01:07 1970
[   26.428035] PM: suspend entry (deep)
[   26.431608] PM: Syncing filesystems ... done.
[   26.436609] Freezing user space processes ... (elapsed 0.001 seconds) done.
[   26.444700] OOM killer disabled.
[   26.447971] Freezing remaining freezable tasks ... (elapsed 0.001 seconds) done.
[   26.456501] Suspending console(s) (use no_console_suspend to debug)
[   26.537806] Disabling non-boot CPUs ...
[   26.579834] Entering suspend state LP1
[   26.579883] Enabling non-boot CPUs ...
[   26.581445] CPU1 is up
[   26.582429] pcieport 0000:00:01.0: nv_msi_ht_cap_quirk didn't locate host bridge
[   27.180593] OOM killer enabled.
[   27.183728] Restarting tasks ... done.
[   27.188010] PM: suspend exit
root@(none):/# 
root@(none):/# rtcwake -d rtc1 -m mem -s 3
rtcwake: assuming RTC uses UTC ...
rtcwake: wakeup from "mem" using /dev/rtc1 at Thu Jan  1 00:01:12 1970
[   28.208211] PM: suspend entry (deep)
[   28.211811] PM: Syncing filesystems ... done.
[   28.217780] Freezing user space processes ... (elapsed 0.001 seconds) done.
[   28.225930] OOM killer disabled.
[   28.229171] Freezing remaining freezable tasks ... (elapsed 0.001 seconds) done.
[   28.237677] Suspending console(s) (use no_console_suspend to debug)
[   28.317732] Disabling non-boot CPUs ...
[   28.359746] Entering suspend state LP1
[   28.359795] Enabling non-boot CPUs ...
[   28.361349] CPU1 is up
[   28.362354] pcieport 0000:00:01.0: nv_msi_ht_cap_quirk didn't locate host bridge
[   28.961170] OOM killer enabled.
[   28.964305] Restarting tasks ... done.
[   28.968324] PM: suspend exit
root@(none):/# 
root@(none):/# rtcwake -d rtc1 -m mem -s 3
rtcwake: assuming RTC uses UTC ...
rtcwake: wakeup from "mem" using /dev/rtc1 at Thu Jan  1 00:01:17 1970
[   29.987897] PM: suspend entry (deep)
[   29.991470] PM: Syncing filesystems ... done.
[   29.996458] Freezing user space processes ... (elapsed 0.001 seconds) done.
[   30.004548] OOM killer disabled.
[   30.007819] Freezing remaining freezable tasks ... (elapsed 0.001 seconds) done.
[   30.016353] Suspending console(s) (use no_console_suspend to debug)
[   30.051835] pci_generic_config_write32: 71 callbacks suppressed
[   30.051881] pci_bus 0000:00: 2-byte config write to 0000:00:01.0 offset 0x9c may corrupt adjacent RW1C bits
[   30.072740] pci_bus 0000:01: 2-byte config write to 0000:01:00.0 offset 0x44 may corrupt adjacent RW1C bits
[   30.072796] pci_bus 0000:01: 2-byte config write to 0000:01:00.0 offset 0x44 may corrupt adjacent RW1C bits
[   30.097715] Disabling non-boot CPUs ...
[   30.139780] Entering suspend state LP1
[   30.139828] Enabling non-boot CPUs ...
[   30.141392] CPU1 is up
[   30.142776] pci_bus 0000:00: 2-byte config write to 0000:00:01.0 offset 0x4c may corrupt adjacent RW1C bits
[   30.142825] pci_bus 0000:00: 2-byte config write to 0000:00:01.0 offset 0x88 may corrupt adjacent RW1C bits
[   30.142855] pci_bus 0000:00: 2-byte config write to 0000:00:01.0 offset 0x90 may corrupt adjacent RW1C bits
[   30.142883] pci_bus 0000:00: 2-byte config write to 0000:00:01.0 offset 0x98 may corrupt adjacent RW1C bits
[   30.142910] pci_bus 0000:00: 2-byte config write to 0000:00:01.0 offset 0x9c may corrupt adjacent RW1C bits
[   30.142991] pci_bus 0000:00: 2-byte config write to 0000:00:01.0 offset 0x52 may corrupt adjacent RW1C bits
[   30.143023] pci_bus 0000:00: 2-byte config write to 0000:00:01.0 offset 0x52 may corrupt adjacent RW1C bits
[   30.143102] pcieport 0000:00:01.0: nv_msi_ht_cap_quirk didn't locate host bridge
[   30.840709] OOM killer enabled.
[   30.843838] Restarting tasks ... done.
[   30.848638] PM: suspend exit
root@(none):/# 
root@(none):/# NVTB SYSTEM SUSPEND TEST COMPLETE
