

U-Boot 2015.04-00466-gedec83e90172 (Mar 14 2016 - 10:42:01)

TEGRA124
Model: Acer Chromebook 13 CB5-311
DRAM:  4 GiB
:   Tegra SD/MMC: 0, Tegra SD/MMC: 1, Tegra SD/MMC: 2
MMC init failed
Using default environment

In:    serial
Out:   serial
Err:   serial
Net:   Net Initialization Skipped
No ethernet found.
Hit any key to stop autoboot:  2  0 
Tegra124 (Nyan-big) # 
Tegra124 (Nyan-big) # usb start
starting USB...
USB0:   USB EHCI 1.10
scanning bus 0 for devices... 2 USB Device(s) found
USB1:   USB EHCI 1.10
scanning bus 1 for devices... 2 USB Device(s) found
       scanning usb for storage devices... 1 Storage Device(s) found
       scanning usb for ethernet devices... 
Warning: asx0 using MAC address from net device
1 Ethernet Device(s) found
Tegra124 (Nyan-big) # setenv bootargs 'ignore_loglevel console=ttyS0,115200n8 rw root=PARTUUID=4d36e82a-b3c0-4b4b-bfcd-afe5217ac023 rootwait gpt debug noinitrd earlyprintk init=/bin/bash'
Tegra124 (Nyan-big) # setenv ipaddr 192.168.100.102; setenv serverip 192.168.100.1; setenv tftpserverip 192.168.100.1
Tegra124 (Nyan-big) # tftpboot 0x82000000 zImage.multi_v7_defconfig
Using asx0 device
TFTP from server 192.168.100.1; our IP address is 192.168.100.102
Filename 'zImage.multi_v7_defconfig'.
Load address: 0x82000000
Loading: *#################################################################
	 #################################################################
	 #################################################################
	 #################################################################
	 #################################################################
	 #################################################################
	 #################################################################
	 ############################
	 2.8 MiB/s
done
Bytes transferred = 7076728 (6bfb78 hex)
Tegra124 (Nyan-big) # tftpboot 0x83000000 tegra124-nyan-big.dtb
Using asx0 device
TFTP from server 192.168.100.1; our IP address is 192.168.100.102
Filename 'tegra124-nyan-big.dtb'.
Load address: 0x83000000
Loading: *#####
	 2.7 MiB/s
done
Bytes transferred = 66901 (10555 hex)
Tegra124 (Nyan-big) # bootz 0x82000000 - 0x83000000
Kernel image @ 0x82000000 [ 0x000000 - 0x6bfb78 ]
## Flattened Device Tree blob at 83000000
   Booting using the fdt blob at 0x83000000
   Using Device Tree in place at 83000000, end 83013554

Starting kernel ...

[    0.000000] Booting Linux on physical CPU 0x0
[    0.000000] Linux version 4.6.0-rc7-next-20160516-94924-gb0dc27a (pwalmsley@sellafield) (gcc version 4.7.3 20130328 (prerelease) (crosstool-NG linaro-1.13.1-4.7-2013.04-20130415 - Linaro GCC 2013.04) ) #1 SMP Mon May 23 11:58:58 PDT 2016
[    0.000000] CPU: ARMv7 Processor [413fc0f3] revision 3 (ARMv7), cr=10c5387d
[    0.000000] CPU: div instructions available: patching division code
[    0.000000] CPU: PIPT / VIPT nonaliasing data cache, PIPT instruction cache
[    0.000000] Machine model: Acer Chromebook 13 CB5-311
[    0.000000] Ignoring memory range 0x100000000 - 0x17ffff000
[    0.000000] debug: ignoring loglevel setting.
[    0.000000] cma: Reserved 64 MiB at 0xfb800000
[    0.000000] Memory policy: Data cache writealloc
[    0.000000] On node 0 totalpages: 524287
[    0.000000] free_area_init_node: node 0, pgdat c141bb40, node_mem_map eeff8000
[    0.000000]   DMA zone: 1536 pages used for memmap
[    0.000000]   DMA zone: 0 pages reserved
[    0.000000]   DMA zone: 196608 pages, LIFO batch:31
[    0.000000]   HighMem zone: 327679 pages, LIFO batch:31
[    0.000000] percpu: Embedded 13 pages/cpu @eef89000 s23808 r8192 d21248 u53248
[    0.000000] pcpu-alloc: s23808 r8192 d21248 u53248 alloc=13*4096
[    0.000000] pcpu-alloc: [0] 0 [0] 1 [0] 2 [0] 3 
[    0.000000] Built 1 zonelists in Zone order, mobility grouping on.  Total pages: 522751
[    0.000000] Kernel command line: ignore_loglevel console=ttyS0,115200n8 rw root=PARTUUID=4d36e82a-b3c0-4b4b-bfcd-afe5217ac023 rootwait gpt debug noinitrd earlyprintk init=/bin/bash
[    0.000000] PID hash table entries: 4096 (order: 2, 16384 bytes)
[    0.000000] Dentry cache hash table entries: 131072 (order: 7, 524288 bytes)
[    0.000000] Inode-cache hash table entries: 65536 (order: 6, 262144 bytes)
[    0.000000] Memory: 1996016K/2097148K available (9529K kernel code, 1142K rwdata, 4216K rodata, 2048K init, 343K bss, 35596K reserved, 65536K cma-reserved, 1245180K highmem)
[    0.000000] Virtual kernel memory layout:
[    0.000000]     vector  : 0xffff0000 - 0xffff1000   (   4 kB)
[    0.000000]     fixmap  : 0xffc00000 - 0xfff00000   (3072 kB)
[    0.000000]     vmalloc : 0xf0800000 - 0xff800000   ( 240 MB)
[    0.000000]     lowmem  : 0xc0000000 - 0xf0000000   ( 768 MB)
[    0.000000]     pkmap   : 0xbfe00000 - 0xc0000000   (   2 MB)
[    0.000000]     modules : 0xbf000000 - 0xbfe00000   (  14 MB)
[    0.000000]       .text : 0xc0208000 - 0xc106c518   (14738 kB)
[    0.000000]       .init : 0xc1100000 - 0xc1300000   (2048 kB)
[    0.000000]       .data : 0xc1300000 - 0xc141dba0   (1143 kB)
[    0.000000]        .bss : 0xc141f000 - 0xc1474ca0   ( 344 kB)
[    0.000000] SLUB: HWalign=64, Order=0-3, MinObjects=0, CPUs=4, Nodes=1
[    0.000000] Hierarchical RCU implementation.
[    0.000000] 	Build-time adjustment of leaf fanout to 32.
[    0.000000] 	RCU restricting CPUs from NR_CPUS=16 to nr_cpu_ids=4.
[    0.000000] RCU: Adjusting geometry for rcu_fanout_leaf=32, nr_cpu_ids=4
[    0.000000] NR_IRQS:16 nr_irqs:16 16
[    0.000000] /interrupt-controller@60004000: 160 interrupts forwarded to /interrupt-controller@0,50041000
[    0.000000] Tegra clk 127: register failed with -17
[    0.000003] sched_clock: 32 bits at 1000kHz, resolution 1000ns, wraps every 2147483647500ns
[    0.000012] clocksource: timer_us: mask: 0xffffffff max_cycles: 0xffffffff, max_idle_ns: 1911260446275 ns
[    0.000017] Switching to timer-based delay loop, resolution 1000ns
[    0.001778] Architected cp15 timer(s) running at 12.00MHz (virt).
[    0.001785] clocksource: arch_sys_counter: mask: 0xffffffffffffff max_cycles: 0x2c47f4ee7, max_idle_ns: 440795202497 ns
[    0.001792] sched_clock: 56 bits at 12MHz, resolution 83ns, wraps every 4398046511096ns
[    0.001796] Switching to timer-based delay loop, resolution 83ns
[    0.001996] Console: colour dummy device 80x30
[    0.002009] Calibrating delay loop (skipped), value calculated using timer frequency.. 24.00 BogoMIPS (lpj=60000)
[    0.002015] pid_max: default: 32768 minimum: 301
[    0.002055] Mount-cache hash table entries: 2048 (order: 1, 8192 bytes)
[    0.002059] Mountpoint-cache hash table entries: 2048 (order: 1, 8192 bytes)
[    0.002305] CPU: Testing write buffer coherency: ok
[    0.002417] /cpus/cpu@0 missing clock-frequency property
[    0.002431] /cpus/cpu@1 missing clock-frequency property
[    0.002445] /cpus/cpu@2 missing clock-frequency property
[    0.002459] /cpus/cpu@3 missing clock-frequency property
[    0.002464] CPU0: thread -1, cpu 0, socket 0, mpidr 80000000
[    0.002474] Setting up static identity map for 0x80300000 - 0x80300098
[    0.003723] Tegra Revision: A01 SKU: 131 CPU Process: 1 SoC Process: 1
[    0.004319] CPU1: thread -1, cpu 1, socket 0, mpidr 80000001
[    0.006954] CPU2: thread -1, cpu 2, socket 0, mpidr 80000002
[    0.011947] CPU3: thread -1, cpu 3, socket 0, mpidr 80000003
[    0.016677] Brought up 4 CPUs
[    0.016685] SMP: Total of 4 processors activated (96.00 BogoMIPS).
[    0.016688] CPU: All CPU(s) started in SVC mode.
[    0.017228] devtmpfs: initialized
[    0.023635] VFP support v0.3: implementor 41 architecture 4 part 30 variant f rev 0
[    0.023909] clocksource: jiffies: mask: 0xffffffff max_cycles: 0xffffffff, max_idle_ns: 9556302231375000 ns
[    0.024429] pinctrl core: initialized pinctrl subsystem
[    0.025097] NET: Registered protocol family 16
[    0.025774] DMA: preallocated 256 KiB pool for atomic coherent allocations
[    0.036711] cpuidle: using governor menu
[    0.043277] No ATAGs?
[    0.043289] hw-breakpoint: found 5 (+1 reserved) breakpoint and 4 watchpoint registers.
[    0.043293] hw-breakpoint: maximum watchpoint size is 8 bytes.
[    0.045421] Serial: AMBA PL011 UART driver
[    0.046415] tegra-mc 70019000.memory-controller: no memory timings for RAM code 0 registered
[    0.063477] +5V_SYS: supplied by +VDD_MUX
[    0.063587] +3.3V_SYS: supplied by +VDD_MUX
[    0.063822] +VDD_LED: Failed to request enable GPIO122: -517
[    0.063827] reg-fixed-voltage regulators:regulator@5: Failed to register regulator: -517
[    0.063859] +5V_VDD_TS_SW: Failed to request enable GPIO81: -517
[    0.063863] reg-fixed-voltage regulators:regulator@6: Failed to register regulator: -517
[    0.063893] +5V_USB_HS: Failed to request enable GPIO108: -517
[    0.063898] reg-fixed-voltage regulators:regulator@7: Failed to register regulator: -517
[    0.063927] +5V_USB_SS: Failed to request enable GPIO109: -517
[    0.063931] reg-fixed-voltage regulators:regulator@8: Failed to register regulator: -517
[    0.064013] +1.05V_RUN_AVDD_HDMI_PLL: Failed to request enable GPIO63: -517
[    0.064017] reg-fixed-voltage regulators:regulator@11: Failed to register regulator: -517
[    0.064046] +5V_HDMI_CON: Failed to request enable GPIO86: -517
[    0.064050] reg-fixed-voltage regulators:regulator@12: Failed to register regulator: -517
[    0.065194] vgaarb: loaded
[    0.065495] SCSI subsystem initialized
[    0.065565] libata version 3.00 loaded.
[    0.065674] usbcore: registered new interface driver usbfs
[    0.065700] usbcore: registered new interface driver hub
[    0.065726] usbcore: registered new device driver usb
[    0.067136] pps_core: LinuxPPS API ver. 1 registered
[    0.067139] pps_core: Software ver. 5.3.6 - Copyright 2005-2007 Rodolfo Giometti <giometti@linux.it>
[    0.067147] PTP clock support registered
[    0.067219] EDAC MC: Ver: 3.0.0
[    0.067650] tegra-emc 7001b000.emc: no memory timings for RAM code 0 found in DT
[    0.067659] tegra-emc: probe of 7001b000.emc failed with error -2
[    0.068140] clocksource: Switched to clocksource arch_sys_counter
[    0.071788] NET: Registered protocol family 2
[    0.071984] TCP established hash table entries: 8192 (order: 3, 32768 bytes)
[    0.072017] TCP bind hash table entries: 8192 (order: 4, 65536 bytes)
[    0.072080] TCP: Hash tables configured (established 8192 bind 8192)
[    0.072102] UDP hash table entries: 512 (order: 2, 16384 bytes)
[    0.072115] UDP-Lite hash table entries: 512 (order: 2, 16384 bytes)
[    0.072176] NET: Registered protocol family 1
[    0.072277] RPC: Registered named UNIX socket transport module.
[    0.072280] RPC: Registered udp transport module.
[    0.072283] RPC: Registered tcp transport module.
[    0.072286] RPC: Registered tcp NFSv4.1 backchannel transport module.
[    0.072289] PCI: CLS 0 bytes, default 64
[    0.072736] hw perfevents: enabled with armv7_cortex_a15 PMU driver, 7 counters available
[    0.073294] futex hash table entries: 1024 (order: 4, 65536 bytes)
[    0.073576] workingset: timestamp_bits=28 max_order=19 bucket_order=0
[    0.077350] squashfs: version 4.0 (2009/01/31) Phillip Lougher
[    0.077649] NFS: Registering the id_resolver key type
[    0.077663] Key type id_resolver registered
[    0.077666] Key type id_legacy registered
[    0.077683] ntfs: driver 2.1.32 [Flags: R/O].
[    0.078160] bounce: pool size: 64 pages
[    0.078233] Block layer SCSI generic (bsg) driver version 0.4 loaded (major 248)
[    0.078237] io scheduler noop registered
[    0.078240] io scheduler deadline registered
[    0.078251] io scheduler cfq registered (default)
[    0.080161] tegra-xusb-padctl 7009f000.padctl: failed to setup XUSB ports: -517
[    0.089089] tegra-apbdma 60020000.dma: Tegra20 APB DMA driver register 32 channels
[    0.089778] tegra-pmc 7000e400.pmc: i2c-thermtrip node not found, emergency thermal reset disabled.
[    0.110218] Serial: 8250/16550 driver, 4 ports, IRQ sharing disabled
[    0.111351] console [ttyS0] disabled
[    0.111368] 70006000.serial: ttyS0 at MMIO 0x70006000 (irq = 331, base_baud = 25500000) is a Tegra
[    0.965543] console [ttyS0] enabled
[    0.969363] SuperH (H)SCI(F) driver initialized
[    0.974252] msm_serial: driver initialized
[    0.978413] STMicroelectronics ASC driver initialized
[    0.984900] [drm] Initialized drm 1.1.0 20060810
[    0.990920] tegra-hdmi 54280000.hdmi: failed to get HDMI regulator
[    0.997470] tegra-dpaux 545c0000.dpaux: failed to get VDD supply: -517
[    1.004685] panel supply power not found, using dummy regulator
[    1.014365] brd: module loaded
[    1.019477] loop: module loaded
[    1.023515] as3722 4-0040: AS3722 with revision 0x1 found
[    1.033253] as3722-sd2: supplied by +5V_SYS
[    1.037663] as3722-sd3: supplied by +5V_SYS
[    1.042013] +1.35V_LP0(sd3): Bringing 0uV into 1350000-1350000uV
[    1.048212] as3722-sd4: supplied by +5V_SYS
[    1.052540] +1.05V_RUN: Bringing 0uV into 1050000-1050000uV
[    1.058288] as3722-sd5: supplied by +5V_SYS
[    1.063875] as3722-ldo0: supplied by +1.35V_LP0(sd2)
[    1.069611] +1.8V_RUN_CAM: Bringing 0uV into 1800000-1800000uV
[    1.075631] as3722-ldo2: supplied by +1.8V_VDDIO
[    1.081251] as3722-ldo3: supplied by +3.3V_SYS
[    1.085707] +1.00V_LP0_VDD_RTC: Bringing 1100000uV into 1000000-1000000uV
[    1.093288] as3722-ldo4: supplied by +3.3V_SYS
[    1.097876] +3.3V_RUN_CAM: Bringing 0uV into 2800000-2800000uV
[    1.103898] as3722-ldo5: supplied by +1.8V_VDDIO
[    1.108667] +1.2V_RUN_CAM_FRONT: Bringing 0uV into 1200000-1200000uV
[    1.115368] +VDDIO_SDMMC3: Bringing 0uV into 1800000-1800000uV
[    1.121405] as3722-ldo7: supplied by +1.8V_VDDIO
[    1.126177] +1.05V_RUN_CAM_REAR: Bringing 0uV into 1050000-1050000uV
[    1.132732] as3722-ldo9: supplied by +5V_SYS
[    1.137297] +2.8V_RUN_TOUCH: Bringing 0uV into 2800000-2800000uV
[    1.143511] as3722-ldo10: supplied by +5V_SYS
[    1.148011] +2.8V_RUN_CAM_AF: Bringing 0uV into 2800000-2800000uV
[    1.154458] +1.8V_RUN_VPP_FUSE: Bringing 0uV into 1800000-1800000uV
[    1.172657] m25p80 spi32765.0: w25q32dw (4096 Kbytes)
[    1.178913] libphy: Fixed MDIO Bus: probed
[    1.183244] CAN device driver interface
[    1.187776] igb: Intel(R) Gigabit Ethernet Network Driver - version 5.3.0-k
[    1.194727] igb: Copyright (c) 2007-2014 Intel Corporation.
[    1.201456] pegasus: v0.9.3 (2013/04/25), Pegasus/Pegasus II USB Ethernet driver
[    1.208863] usbcore: registered new interface driver pegasus
[    1.214532] usbcore: registered new interface driver asix
[    1.219935] usbcore: registered new interface driver ax88179_178a
[    1.226032] usbcore: registered new interface driver cdc_ether
[    1.231875] usbcore: registered new interface driver smsc75xx
[    1.237631] usbcore: registered new interface driver smsc95xx
[    1.243380] usbcore: registered new interface driver net1080
[    1.249043] usbcore: registered new interface driver cdc_subset
[    1.254964] usbcore: registered new interface driver zaurus
[    1.260553] usbcore: registered new interface driver cdc_ncm
[    1.266922] ehci_hcd: USB 2.0 'Enhanced' Host Controller (EHCI) Driver
[    1.273439] ehci-pci: EHCI PCI platform driver
[    1.277885] ehci-platform: EHCI generic platform driver
[    1.283181] ehci-omap: OMAP-EHCI Host Controller driver
[    1.288448] ehci-orion: EHCI orion driver
[    1.292494] SPEAr-ehci: EHCI SPEAr driver
[    1.296548] ehci-st: EHCI STMicroelectronics driver
[    1.301468] ehci-exynos: EHCI EXYNOS driver
[    1.305701] ehci-atmel: EHCI Atmel driver
[    1.309754] tegra-ehci: Tegra EHCI driver
[    1.313821] ohci_hcd: USB 1.1 'Open' Host Controller (OHCI) Driver
[    1.319995] ohci-pci: OHCI PCI platform driver
[    1.324446] ohci-platform: OHCI generic platform driver
[    1.329718] ohci-omap3: OHCI OMAP3 driver
[    1.333772] SPEAr-ohci: OHCI SPEAr driver
[    1.337820] ohci-st: OHCI STMicroelectronics driver
[    1.342740] ohci-atmel: OHCI Atmel driver
[    1.347005] usbcore: registered new interface driver usb-storage
[    1.353592] mousedev: PS/2 mouse device common for all mice
[    1.359629] 1-0015 supply vcc not found, using dummy regulator
[    1.361301] as3722-rtc as3722-rtc: rtc core: registered as3722-rtc as rtc0
[    1.361304] as3722-rtc as3722-rtc: RTC interrupt 370
[    1.363549] tegra_rtc 7000e000.rtc: rtc core: registered 7000e000.rtc as rtc1
[    1.363572] tegra_rtc 7000e000.rtc: Tegra internal Real Time Clock
[    1.363851] i2c /dev entries driver
[    1.367192] 0-004c supply vcc not found, using dummy regulator
[    1.376668] sdhci: Secure Digital Host Controller Interface driver
[    1.376670] sdhci: Copyright(c) Pierre Ossman
[    1.377419] Synopsys Designware Multimedia Card Interface Driver
[    1.377954] sdhci-pltfm: SDHCI platform and OF driver helper
[    1.378345] sdhci-tegra 700b0000.sdhci: allocated mmc-pwrseq
[    1.378364] mmc0: Unknown controller version (3). You may experience problems.
[    1.378561] sdhci-tegra 700b0400.sdhci: Got CD GPIO
[    1.378570] sdhci-tegra 700b0400.sdhci: Got WP GPIO
[    1.378600] mmc0: Unknown controller version (3). You may experience problems.
[    1.378755] mmc0: Unknown controller version (3). You may experience problems.
[    1.378797] mmc0: Invalid maximum block size, assuming 512 bytes
[    1.413152] mmc0: SDHCI controller on 700b0600.sdhci [700b0600.sdhci] using ADMA 64-bit
[    1.413960] ledtrig-cpu: registered to indicate activity on CPUs
[    1.414194] usbcore: registered new interface driver usbhid
[    1.414195] usbhid: USB HID core driver
[    1.417089] NET: Registered protocol family 10
[    1.417440] sit: IPv6 over IPv4 tunneling driver
[    1.417827] NET: Registered protocol family 17
[    1.417835] can: controller area network core (rev 20120528 abi 9)
[    1.417872] NET: Registered protocol family 29
[    1.417875] can: raw protocol (rev 20120528)
[    1.417878] can: broadcast manager protocol (rev 20120528 t)
[    1.417883] can: netlink gateway (rev 20130117) max_hops=1
[    1.418089] Key type dns_resolver registered
[    1.422194] ThumbEE CPU extension supported.
[    1.422199] Registering SWP/SWPB emulation handler
[    1.423509] +3.3V_RUN: supplied by +3.3V_SYS
[    1.423814] +3.3V_AVDD_HDMI_AP_GATED: supplied by +3.3V_RUN
[    1.423859] +1.8V_RUN_CAM: supplied by +3.3V_RUN
[    1.423909] +VDDIO_SDMMC3: supplied by +3.3V_RUN
[    1.423949] +1.8V_RUN_VPP_FUSE: supplied by +3.3V_RUN
[    1.424141] +VDD_LED: supplied by +VDD_MUX
[    1.424404] +5V_VDD_TS_SW: supplied by +5V_SYS
[    1.424663] +5V_USB_HS: supplied by +5V_SYS
[    1.424919] +5V_USB_SS: supplied by +5V_SYS
[    1.425550] +3.3V_PANEL: supplied by +3.3V_RUN
[    1.426173] +3.3V_LP0: supplied by +3.3V_SYS
[    1.426679] +1.05V_RUN_AVDD_HDMI_PLL: supplied by +1.05V_RUN
[    1.426935] +5V_HDMI_CON: supplied by +5V_SYS
[    1.427971] usb3-0 supply vbus not found, using dummy regulator
[    1.428038] usb3-1 supply vbus not found, using dummy regulator
[    1.432937] tegra-sor 54540000.sor: failed to probe output: -517
[    1.433733] panel supply power not found, using dummy regulator
[    1.434693] sdhci-tegra 700b0000.sdhci: allocated mmc-pwrseq
[    1.434714] mmc1: Unknown controller version (3). You may experience problems.
[    1.435117] mmc1: Invalid maximum block size, assuming 512 bytes
[    1.435319] +1.8V_VDDIO: voltage operation not allowed
[    1.435321] mmc1: Switching to 3.3V signalling voltage failed
[    1.463271] mmc1: SDHCI controller on 700b0000.sdhci [700b0000.sdhci] using ADMA 64-bit
[    1.464253] sdhci-tegra 700b0400.sdhci: Got CD GPIO
[    1.464262] sdhci-tegra 700b0400.sdhci: Got WP GPIO
[    1.464300] mmc2: Unknown controller version (3). You may experience problems.
[    1.464444] mmc2: Invalid maximum block size, assuming 512 bytes
[    1.471609] mmc0: new MMC card at address 0001
[    1.472110] mmcblk0: mmc0:0001 MMC16G 14.4 GiB 
[    1.472397] mmcblk0boot0: mmc0:0001 MMC16G partition 1 2.00 MiB
[    1.472746] mmcblk0boot1: mmc0:0001 MMC16G partition 2 2.00 MiB
[    1.473016] mmcblk0rpmb: mmc0:0001 MMC16G partition 3 128 KiB
[    1.492600]  mmcblk0: p1 p2 p3 p4 p5 p6 p7 p8 p9 p10 p11 p12
[    1.498548] mmc2: SDHCI controller on 700b0400.sdhci [700b0400.sdhci] using ADMA 64-bit
[    1.518028] mmc1: new high speed SDIO card at address 0001
[    1.591365] [drm] Supports vblank timestamp caching Rev 2 (21.10.2013).
[    1.591367] [drm] No driver support for vblank timestamp query.
[    1.650227] mmc2: new high speed SDHC card at address 0007
[    1.650723] mmcblk2: mmc2:0007 SD08G 7.42 GiB 
[    1.659350] GPT:Primary header alternate_lba != Alt. header my_lba
[    1.659354] GPT:3014591 != 15564799
[    1.659356] GPT:Primary header thinks Alt. header is not at the end of the disk.
[    1.659358] GPT:3014591 != 15564799
[    1.659359] GPT: Use GNU Parted to correct GPT errors.
[    1.659389]  mmcblk2: p1 p2 p3 p4 p5 p6 p7 p8 p9 p10 p11 p12
[    1.829800] Console: switching to colour frame buffer device 170x48
[    1.839843] drm drm: fb0:  frame buffer device
[    1.858235] [drm] Initialized tegra 0.0.0 20120330 on minor 0
[    1.864963] input: gpio-keys as /devices/soc0/gpio-keys/input/input0
[    1.872100] as3722-rtc as3722-rtc: setting system clock to 2016-01-11 09:00:49 UTC (1452502849)
[    1.884768] +1.8V_RUN_CAM: disabling
[    1.888566] +3.3V_RUN_CAM: disabling
[    1.892318] +1.2V_RUN_CAM_FRONT: disabling
[    1.896610] +1.05V_RUN_CAM_REAR: disabling
[    1.900942] +2.8V_RUN_TOUCH: disabling
[    1.904868] +2.8V_RUN_CAM_AF: disabling
[    1.908875] +1.8V_RUN_VPP_FUSE: disabling
[    1.913039] +5V_VDD_TS_SW: disabling
[    1.916632] +5V_USB_HS: disabling
[    1.919957] +5V_USB_SS: disabling
[    1.936262] input: Elan Touchpad as /devices/soc0/7000c400.i2c/i2c-1/1-0015/input/input1
[    1.945850] EXT4-fs (mmcblk0p3): couldn't mount as ext3 due to feature incompatibilities
[    1.954846] EXT4-fs (mmcblk0p3): couldn't mount as ext2 due to feature incompatibilities
[    2.444466] EXT4-fs (mmcblk0p3): recovery complete
[    2.451444] EXT4-fs (mmcblk0p3): mounted filesystem with ordered data mode. Opts: (null)
[    2.459577] VFS: Mounted root (ext4 filesystem) on device 179:3.
[    2.469310] devtmpfs: mounted
[    2.472980] Freeing unused kernel memory: 2048K (c1100000 - c1300000)
bash: cannot set terminal process group (-1): Inappropriate ioctl for device
bash: no job control in this shell
root@(none):/# mount -t sysfs none /sys
root@(none):/# 
root@(none):/# mount -t debugfs none /sys/kernel/debug
root@(none):/# 
root@(none):/# rtcwake -d rtc1 -m mem -s 3
rtcwake: assuming RTC uses UTC ...
rtcwake: wakeup from "mem" using /dev/rtc1 at Thu Jan  1 00:00:27 1970
[    5.854073] PM: Syncing filesystems ... done.
[    5.864111] Freezing user space processes ... (elapsed 0.001 seconds) done.
[    5.872281] Freezing remaining freezable tasks ... (elapsed 0.001 seconds) done.
[    5.880909] Suspending console(s) (use no_console_suspend to debug)
[    5.939672] PM: suspend of devices complete after 51.943 msecs
[    5.940927] PM: late suspend of devices complete after 1.246 msecs
[    5.941677] PM: noirq suspend of devices complete after 0.746 msecs
[    5.941679] Disabling non-boot CPUs ...
[    5.942084] CPU1: shutdown
[    5.958971] IRQ17 no longer affine to CPU2
[    5.959158] CPU2: shutdown
[    5.984049] CPU3: shutdown
[    5.998575] Entering suspend state LP1
[    5.998589] Enabling non-boot CPUs ...
[    6.023816] CPU1 is up
[    6.048837] CPU2 is up
[    6.073941] CPU3 is up
[    6.074408] PM: noirq resume of devices complete after 0.461 msecs
[    6.075550] PM: early resume of devices complete after 0.815 msecs
[    6.220128] +1.8V_VDDIO: voltage operation not allowed
[    6.220132] mmc1: Switching to 3.3V signalling voltage failed
[    6.280594] PM: resume of devices complete after 205.034 msecs
[    6.359223] Restarting tasks ... done.
root@(none):/# 
root@(none):/# rtcwake -d rtc1 -m mem -s 3
rtcwake: assuming RTC uses UTC ...
rtcwake: wakeup from "mem" using /dev/rtc1 at Thu Jan  1 00:00:31 1970
[    6.760457] PM: Syncing filesystems ... done.
[    6.770131] Freezing user space processes ... (elapsed 0.001 seconds) done.
[    6.778231] Freezing remaining freezable tasks ... (elapsed 0.001 seconds) done.
[    6.786832] Suspending console(s) (use no_console_suspend to debug)
[    6.849587] PM: suspend of devices complete after 55.923 msecs
[    6.850838] PM: late suspend of devices complete after 1.242 msecs
[    6.851587] PM: noirq suspend of devices complete after 0.745 msecs
[    6.851589] Disabling non-boot CPUs ...
[    6.851953] CPU1: shutdown
[    6.869155] CPU2: shutdown
[    6.894007] CPU3: shutdown
[    6.908567] Entering suspend state LP1
[    6.908581] Enabling non-boot CPUs ...
[    6.933792] CPU1 is up
[    6.958814] CPU2 is up
[    6.983922] CPU3 is up
[    6.984393] PM: noirq resume of devices complete after 0.467 msecs
[    6.985883] PM: early resume of devices complete after 1.183 msecs
[    7.130107] +1.8V_VDDIO: voltage operation not allowed
[    7.130112] mmc1: Switching to 3.3V signalling voltage failed
[    7.192675] PM: resume of devices complete after 206.780 msecs
[    7.267261] Restarting tasks ... done.
root@(none):/# 
root@(none):/# rtcwake -d rtc1 -m mem -s 3
rtcwake: assuming RTC uses UTC ...
rtcwake: wakeup from "mem" using /dev/rtc1 at Thu Jan  1 00:00:35 1970
[    7.670474] PM: Syncing filesystems ... done.
[    7.680206] Freezing user space processes ... (elapsed 0.001 seconds) done.
[    7.688425] Freezing remaining freezable tasks ... (elapsed 0.001 seconds) done.
[    7.697021] Suspending console(s) (use no_console_suspend to debug)
[    7.754707] PM: suspend of devices complete after 50.858 msecs
[    7.755841] PM: late suspend of devices complete after 1.125 msecs
[    7.756592] PM: noirq suspend of devices complete after 0.747 msecs
[    7.756594] Disabling non-boot CPUs ...
[    7.756961] CPU1: shutdown
[    7.769126] CPU2: shutdown
[    7.793785] IRQ17 no longer affine to CPU3
[    7.793973] CPU3: shutdown
[    7.808543] Entering suspend state LP1
[    7.808557] Enabling non-boot CPUs ...
[    7.833777] CPU1 is up
[    7.858792] CPU2 is up
[    7.883897] CPU3 is up
[    7.884367] PM: noirq resume of devices complete after 0.466 msecs
[    7.885787] PM: early resume of devices complete after 1.120 msecs
[    8.030018] +1.8V_VDDIO: voltage operation not allowed
[    8.030021] mmc1: Switching to 3.3V signalling voltage failed
[    8.092165] PM: resume of devices complete after 206.367 msecs
[    8.170824] Restarting tasks ... done.
root@(none):/# 
root@(none):/# rtcwake -d rtc1 -m mem -s 3
rtcwake: assuming RTC uses UTC ...
rtcwake: wakeup from "mem" using /dev/rtc1 at Thu Jan  1 00:00:39 1970
[    8.575340] PM: Syncing filesystems ... done.
[    8.584933] Freezing user space processes ... (elapsed 0.001 seconds) done.
[    8.593148] Freezing remaining freezable tasks ... (elapsed 0.001 seconds) done.
[    8.601789] Suspending console(s) (use no_console_suspend to debug)
[    8.654607] PM: suspend of devices complete after 46.000 msecs
[    8.655575] PM: late suspend of devices complete after 0.959 msecs
[    8.656333] PM: noirq suspend of devices complete after 0.754 msecs
[    8.656335] Disabling non-boot CPUs ...
[    8.656530] IRQ17 no longer affine to CPU1
[    8.656706] CPU1: shutdown
[    8.689111] CPU2: shutdown
[    8.703950] CPU3: shutdown
[    8.718525] Entering suspend state LP1
[    8.718539] Enabling non-boot CPUs ...
[    8.743753] CPU1 is up
[    8.768764] CPU2 is up
[    8.793868] CPU3 is up
[    8.794360] PM: noirq resume of devices complete after 0.488 msecs
[    8.795737] PM: early resume of devices complete after 1.060 msecs
[    8.940052] +1.8V_VDDIO: voltage operation not allowed
[    8.940055] mmc1: Switching to 3.3V signalling voltage failed
[    9.002477] PM: resume of devices complete after 206.729 msecs
[    9.081146] Restarting tasks ... done.
root@(none):/# 
root@(none):/# rtcwake -d rtc1 -m mem -s 3
rtcwake: assuming RTC uses UTC ...
rtcwake: wakeup from "mem" using /dev/rtc1 at Thu Jan  1 00:00:43 1970
[    9.485419] PM: Syncing filesystems ... done.
[    9.495184] Freezing user space processes ... (elapsed 0.001 seconds) done.
[    9.503375] Freezing remaining freezable tasks ... (elapsed 0.001 seconds) done.
[    9.512057] Suspending console(s) (use no_console_suspend to debug)
[    9.564496] PM: suspend of devices complete after 45.565 msecs
[    9.565577] PM: late suspend of devices complete after 1.072 msecs
[    9.566326] PM: noirq suspend of devices complete after 0.745 msecs
[    9.566328] Disabling non-boot CPUs ...
[    9.566693] CPU1: shutdown
[    9.579069] CPU2: shutdown
[    9.593800] IRQ17 no longer affine to CPU3
[    9.593981] CPU3: shutdown
[    9.608493] Entering suspend state LP1
[    9.608507] Enabling non-boot CPUs ...
[    9.633728] CPU1 is up
[    9.658745] CPU2 is up
[    9.683849] CPU3 is up
[    9.684319] PM: noirq resume of devices complete after 0.465 msecs
[    9.685499] PM: early resume of devices complete after 0.879 msecs
[    9.829849] +1.8V_VDDIO: voltage operation not allowed
[    9.829853] mmc1: Switching to 3.3V signalling voltage failed
[    9.891764] PM: resume of devices complete after 206.252 msecs
[    9.970434] Restarting tasks ... done.
root@(none):/# 
root@(none):/# rtcwake -d rtc1 -m mem -s 3
rtcwake: assuming RTC uses UTC ...
rtcwake: wakeup from "mem" using /dev/rtc1 at Thu Jan  1 00:00:47 1970
[   10.375315] PM: Syncing filesystems ... done.
[   10.384886] Freezing user space processes ... (elapsed 0.001 seconds) done.
[   10.393068] Freezing remaining freezable tasks ... (elapsed 0.001 seconds) done.
[   10.401710] Suspending console(s) (use no_console_suspend to debug)
[   10.454740] PM: suspend of devices complete after 46.213 msecs
[   10.455860] PM: late suspend of devices complete after 1.110 msecs
[   10.456612] PM: noirq suspend of devices complete after 0.748 msecs
[   10.456614] Disabling non-boot CPUs ...
[   10.456986] CPU1: shutdown
[   10.469060] CPU2: shutdown
[   10.493909] CPU3: shutdown
[   10.508477] Entering suspend state LP1
[   10.508491] Enabling non-boot CPUs ...
[   10.533705] CPU1 is up
[   10.558721] CPU2 is up
[   10.583827] CPU3 is up
[   10.584297] PM: noirq resume of devices complete after 0.466 msecs
[   10.585467] PM: early resume of devices complete after 0.868 msecs
[   10.730004] +1.8V_VDDIO: voltage operation not allowed
[   10.730007] mmc1: Switching to 3.3V signalling voltage failed
[   10.792259] PM: resume of devices complete after 206.779 msecs
[   10.866847] Restarting tasks ... done.
root@(none):/# 
root@(none):/# rtcwake -d rtc1 -m mem -s 3
rtcwake: assuming RTC uses UTC ...
rtcwake: wakeup from "mem" using /dev/rtc1 at Thu Jan  1 00:00:51 1970
[   11.275379] PM: Syncing filesystems ... done.
[   11.284969] Freezing user space processes ... (elapsed 0.001 seconds) done.
[   11.293162] Freezing remaining freezable tasks ... (elapsed 0.001 seconds) done.
[   11.301848] Suspending console(s) (use no_console_suspend to debug)
[   11.354702] PM: suspend of devices complete after 46.039 msecs
[   11.355831] PM: late suspend of devices complete after 1.119 msecs
[   11.356583] PM: noirq suspend of devices complete after 0.747 msecs
[   11.356584] Disabling non-boot CPUs ...
[   11.356780] IRQ17 no longer affine to CPU1
[   11.356954] CPU1: shutdown
[   11.379030] CPU2: shutdown
[   11.403911] CPU3: shutdown
[   11.418445] Entering suspend state LP1
[   11.418459] Enabling non-boot CPUs ...
[   11.443679] CPU1 is up
[   11.468703] CPU2 is up
[   11.493806] CPU3 is up
[   11.494272] PM: noirq resume of devices complete after 0.461 msecs
[   11.495648] PM: early resume of devices complete after 1.081 msecs
[   11.639944] +1.8V_VDDIO: voltage operation not allowed
[   11.639946] mmc1: Switching to 3.3V signalling voltage failed
[   11.702788] PM: resume of devices complete after 207.130 msecs
[   11.781460] Restarting tasks ... done.
root@(none):/# 
root@(none):/# rtcwake -d rtc1 -m mem -s 3
rtcwake: assuming RTC uses UTC ...
rtcwake: wakeup from "mem" using /dev/rtc1 at Thu Jan  1 00:00:55 1970
[   12.185298] PM: Syncing filesystems ... done.
[   12.194952] Freezing user space processes ... (elapsed 0.001 seconds) done.
[   12.203154] Freezing remaining freezable tasks ... (elapsed 0.001 seconds) done.
[   12.211814] Suspending console(s) (use no_console_suspend to debug)
[   12.269541] PM: suspend of devices complete after 50.909 msecs
[   12.270543] PM: late suspend of devices complete after 0.993 msecs
[   12.271284] PM: noirq suspend of devices complete after 0.737 msecs
[   12.271286] Disabling non-boot CPUs ...
[   12.271650] CPU1: shutdown
[   12.289013] CPU2: shutdown
[   12.318868] CPU3: shutdown
[   12.333434] Entering suspend state LP1
[   12.333448] Enabling non-boot CPUs ...
[   12.358659] CPU1 is up
[   12.383680] CPU2 is up
[   12.408785] CPU3 is up
[   12.409259] PM: noirq resume of devices complete after 0.469 msecs
[   12.410629] PM: early resume of devices complete after 1.068 msecs
[   12.554788] +1.8V_VDDIO: voltage operation not allowed
[   12.554790] mmc1: Switching to 3.3V signalling voltage failed
[   12.618071] PM: resume of devices complete after 207.431 msecs
[   12.692619] Restarting tasks ... done.
root@(none):/# 
root@(none):/# rtcwake -d rtc1 -m mem -s 3
rtcwake: assuming RTC uses UTC ...
rtcwake: wakeup from "mem" using /dev/rtc1 at Thu Jan  1 00:00:59 1970
[   13.100337] PM: Syncing filesystems ... done.
[   13.109961] Freezing user space processes ... (elapsed 0.001 seconds) done.
[   13.118150] Freezing remaining freezable tasks ... (elapsed 0.001 seconds) done.
[   13.126833] Suspending console(s) (use no_console_suspend to debug)
[   13.179513] PM: suspend of devices complete after 45.865 msecs
[   13.180418] PM: late suspend of devices complete after 0.897 msecs
[   13.181141] PM: noirq suspend of devices complete after 0.719 msecs
[   13.181143] Disabling non-boot CPUs ...
[   13.181511] CPU1: shutdown
[   13.203982] CPU2: shutdown
[   13.228872] CPU3: shutdown
[   13.243401] Entering suspend state LP1
[   13.243415] Enabling non-boot CPUs ...
[   13.268634] CPU1 is up
[   13.293654] CPU2 is up
[   13.318760] CPU3 is up
[   13.319227] PM: noirq resume of devices complete after 0.462 msecs
[   13.320501] PM: early resume of devices complete after 0.963 msecs
[   13.464936] +1.8V_VDDIO: voltage operation not allowed
[   13.464940] mmc1: Switching to 3.3V signalling voltage failed
[   13.527348] PM: resume of devices complete after 206.836 msecs
[   13.601947] Restarting tasks ... done.
root@(none):/# 
root@(none):/# rtcwake -d rtc1 -m mem -s 3
rtcwake: assuming RTC uses UTC ...
rtcwake: wakeup from "mem" using /dev/rtc1 at Thu Jan  1 00:01:03 1970
[   14.010328] PM: Syncing filesystems ... done.
[   14.019951] Freezing user space processes ... (elapsed 0.001 seconds) done.
[   14.028143] Freezing remaining freezable tasks ... (elapsed 0.001 seconds) done.
[   14.036831] Suspending console(s) (use no_console_suspend to debug)
[   14.089632] PM: suspend of devices complete after 45.984 msecs
[   14.090546] PM: late suspend of devices complete after 0.904 msecs
[   14.091268] PM: noirq suspend of devices complete after 0.718 msecs
[   14.091270] Disabling non-boot CPUs ...
[   14.091634] CPU1: shutdown
[   14.103973] CPU2: shutdown
[   14.128837] CPU3: shutdown
[   14.143385] Entering suspend state LP1
[   14.143399] Enabling non-boot CPUs ...
[   14.168612] CPU1 is up
[   14.193630] CPU2 is up
[   14.218732] CPU3 is up
[   14.219198] PM: noirq resume of devices complete after 0.461 msecs
[   14.220587] PM: early resume of devices complete after 1.075 msecs
[   14.364872] +1.8V_VDDIO: voltage operation not allowed
[   14.364875] mmc1: Switching to 3.3V signalling voltage failed
[   14.428111] PM: resume of devices complete after 207.512 msecs
[   14.502665] Restarting tasks ... done.
root@(none):/# 
root@(none):/# NVTB SYSTEM SUSPEND TEST COMPLETE
