
U-Boot SPL 2014.07-00097-g772e173 (Jul 25 2014 - 20:02:52)


U-Boot 2014.07-00097-g772e173 (Jul 25 2014 - 20:02:52)

TEGRA124
Board: NVIDIA Jetson TK1
I2C:   ready
DRAM:  2 GiB
MMC:   Tegra SD/MMC: 0, Tegra SD/MMC: 1
In:    serial
Out:   serial
Err:   serial
Net:   Net Initialization Skipped
No ethernet found.
Hit any key to stop autoboot:  2  0 
Tegra124 (Jetson TK1) # 
Tegra124 (Jetson TK1) # usb reset
(Re)start USB...
USB0:   USB EHCI 1.10
scanning bus 0 for devices... 1 USB Device(s) found
USB1:   USB EHCI 1.10
scanning bus 1 for devices... 2 USB Device(s) found
       scanning usb for storage devices... 0 Storage Device(s) found
       scanning usb for ethernet devices... 
Warning: asx0 using MAC address from net device
1 Ethernet Device(s) found
Tegra124 (Jetson TK1) # setenv bootargs 'ignore_loglevel console=ttyS0,115200n8 rw root=/dev/mmcblk0p1 rootwait gpt debug init=/bin/bash noinitrd'
Tegra124 (Jetson TK1) # setenv ipaddr 192.168.100.102; setenv serverip 192.168.100.1; setenv tftpserverip 192.168.100.1
Tegra124 (Jetson TK1) # tftpboot 0x81000000 zImage.multi_v7_defconfig
Using asx0 device
TFTP from server 192.168.100.1; our IP address is 192.168.100.102
Filename 'zImage.multi_v7_defconfig'.
Load address: 0x81000000
Loading: *#################################################################
	 #################################################################
	 #################################################################
	 #################################################################
	 #################################################################
	 #################################################################
	 ################################
	 3.3 MiB/s
done
Bytes transferred = 6183136 (5e58e0 hex)
Tegra124 (Jetson TK1) # tftpboot 0x82000000 tegra124-jetson-tk1.dtb
Using asx0 device
TFTP from server 192.168.100.1; our IP address is 192.168.100.102
Filename 'tegra124-jetson-tk1.dtb'.
Load address: 0x82000000
Loading: *#####
	 3 MiB/s
done
Bytes transferred = 65184 (fea0 hex)
Tegra124 (Jetson TK1) # bootz 0x81000000 - 0x82000000
Kernel image @ 0x81000000 [ 0x000000 - 0x5e58e0 ]
## Flattened Device Tree blob at 82000000
   Booting using the fdt blob at 0x82000000
   Using Device Tree in place at 82000000, end 82012e9f

Starting kernel ...

[    0.000000] Booting Linux on physical CPU 0x0
[    0.000000] Linux version 4.2.0-rc2-next-20150713-28663-g7d9ffbf (pwalmsley@sellafield) (gcc version 4.7.3 20130328 (prerelease) (crosstool-NG linaro-1.13.1-4.7-2013.04-20130415 - Linaro GCC 2013.04) ) #1 SMP Mon Jul 13 03:57:01 PDT 2015
[    0.000000] CPU: ARMv7 Processor [413fc0f3] revision 3 (ARMv7), cr=10c5387d
[    0.000000] CPU: PIPT / VIPT nonaliasing data cache, PIPT instruction cache
[    0.000000] Machine model: NVIDIA Tegra124 Jetson TK1
[    0.000000] debug: ignoring loglevel setting.
[    0.000000] cma: Reserved 64 MiB at 0xfb800000
[    0.000000] Memory policy: Data cache writealloc
[    0.000000] On node 0 totalpages: 524032
[    0.000000] free_area_init_node: node 0, pgdat c0f09f00, node_mem_map ee7f8000
[    0.000000]   DMA zone: 1520 pages used for memmap
[    0.000000]   DMA zone: 0 pages reserved
[    0.000000]   DMA zone: 194560 pages, LIFO batch:31
[    0.000000]   HighMem zone: 329472 pages, LIFO batch:31
[    0.000000] PERCPU: Embedded 11 pages/cpu @ee792000 s14848 r8192 d22016 u45056
[    0.000000] pcpu-alloc: s14848 r8192 d22016 u45056 alloc=11*4096
[    0.000000] pcpu-alloc: [0] 0 [0] 1 [0] 2 [0] 3 
[    0.000000] Built 1 zonelists in Zone order, mobility grouping on.  Total pages: 522512
[    0.000000] Kernel command line: ignore_loglevel console=ttyS0,115200n8 rw root=/dev/mmcblk0p1 rootwait gpt debug init=/bin/bash noinitrd
[    0.000000] PID hash table entries: 4096 (order: 2, 16384 bytes)
[    0.000000] Dentry cache hash table entries: 131072 (order: 7, 524288 bytes)
[    0.000000] Inode-cache hash table entries: 65536 (order: 6, 262144 bytes)
[    0.000000] Memory: 1999252K/2096128K available (7827K kernel code, 1015K rwdata, 3520K rodata, 960K init, 327K bss, 31340K reserved, 65536K cma-reserved, 1252352K highmem)
[    0.000000] Virtual kernel memory layout:
[    0.000000]     vector  : 0xffff0000 - 0xffff1000   (   4 kB)
[    0.000000]     fixmap  : 0xffc00000 - 0xfff00000   (3072 kB)
[    0.000000]     vmalloc : 0xf0000000 - 0xff000000   ( 240 MB)
[    0.000000]     lowmem  : 0xc0000000 - 0xef800000   ( 760 MB)
[    0.000000]     pkmap   : 0xbfe00000 - 0xc0000000   (   2 MB)
[    0.000000]     modules : 0xbf000000 - 0xbfe00000   (  14 MB)
[    0.000000]       .text : 0xc0208000 - 0xc0d1de28   (11352 kB)
[    0.000000]       .init : 0xc0d1e000 - 0xc0e0e000   ( 960 kB)
[    0.000000]       .data : 0xc0e0e000 - 0xc0f0bf00   (1016 kB)
[    0.000000]        .bss : 0xc0f0e000 - 0xc0f5fc28   ( 328 kB)
[    0.000000] SLUB: HWalign=64, Order=0-3, MinObjects=0, CPUs=4, Nodes=1
[    0.000000] Hierarchical RCU implementation.
[    0.000000] 	Additional per-CPU info printed with stalls.
[    0.000000] 	Build-time adjustment of leaf fanout to 32.
[    0.000000] 	RCU restricting CPUs from NR_CPUS=16 to nr_cpu_ids=4.
[    0.000000] RCU: Adjusting geometry for rcu_fanout_leaf=32, nr_cpu_ids=4
[    0.000000] NR_IRQS:16 nr_irqs:16 16
[    0.000000] /interrupt-controller@60004000: 160 interrupts forwarded to /interrupt-controller@0,50041000
[    0.000000] L2C: failed to init: -19
[    0.000009] sched_clock: 32 bits at 1000kHz, resolution 1000ns, wraps every 2147483647500ns
[    0.000029] clocksource: timer_us: mask: 0xffffffff max_cycles: 0xffffffff, max_idle_ns: 1911260446275 ns
[    0.000043] Switching to timer-based delay loop, resolution 1000ns
[    0.004385] Architected cp15 timer(s) running at 12.00MHz (virt).
[    0.004402] clocksource: arch_sys_counter: mask: 0xffffffffffffff max_cycles: 0x2c47f4ee7, max_idle_ns: 440795202497 ns
[    0.004418] sched_clock: 56 bits at 12MHz, resolution 83ns, wraps every 4398046511096ns
[    0.004431] Switching to timer-based delay loop, resolution 83ns
[    0.004850] Console: colour dummy device 80x30
[    0.004873] Calibrating delay loop (skipped), value calculated using timer frequency.. 24.00 BogoMIPS (lpj=60000)
[    0.004887] pid_max: default: 32768 minimum: 301
[    0.005003] Mount-cache hash table entries: 2048 (order: 1, 8192 bytes)
[    0.005015] Mountpoint-cache hash table entries: 2048 (order: 1, 8192 bytes)
[    0.005600] CPU: Testing write buffer coherency: ok
[    0.005811] /cpus/cpu@0 missing clock-frequency property
[    0.005849] /cpus/cpu@1 missing clock-frequency property
[    0.005886] /cpus/cpu@2 missing clock-frequency property
[    0.005926] /cpus/cpu@3 missing clock-frequency property
[    0.005938] CPU0: thread -1, cpu 0, socket 0, mpidr 80000000
[    0.005985] Setting up static identity map for 0x80209000 - 0x80209098
[    0.008871] Tegra Revision: A01 SKU: 129 CPU Process: 1 SoC Process: 1
[    0.010197] CPU1: thread -1, cpu 1, socket 0, mpidr 80000001
[    0.010778] CPU2: thread -1, cpu 2, socket 0, mpidr 80000002
[    0.011350] CPU3: thread -1, cpu 3, socket 0, mpidr 80000003
[    0.011411] Brought up 4 CPUs
[    0.011432] SMP: Total of 4 processors activated (96.00 BogoMIPS).
[    0.011439] CPU: All CPU(s) started in SVC mode.
[    0.011965] devtmpfs: initialized
[    0.031172] VFP support v0.3: implementor 41 architecture 4 part 30 variant f rev 0
[    0.031977] clocksource: jiffies: mask: 0xffffffff max_cycles: 0xffffffff, max_idle_ns: 9556302231375000 ns
[    0.033650] pinctrl core: initialized pinctrl subsystem
[    0.035289] NET: Registered protocol family 16
[    0.037253] DMA: preallocated 256 KiB pool for atomic coherent allocations
[    0.049674] cpuidle: using governor ladder
[    0.064692] cpuidle: using governor menu
[    0.081343] No ATAGs?
[    0.081379] hw-breakpoint: found 5 (+1 reserved) breakpoint and 4 watchpoint registers.
[    0.081388] hw-breakpoint: maximum watchpoint size is 8 bytes.
[    0.085995] Serial: AMBA PL011 UART driver
[    0.115303] +USB0_VBUS_SW: Failed to request enable GPIO108: -517
[    0.115429] reg-fixed-voltage regulators:regulator@7: Failed to register regulator: -517
[    0.115650] +5V_USB_HS: Failed to request enable GPIO109: -517
[    0.115764] reg-fixed-voltage regulators:regulator@8: Failed to register regulator: -517
[    0.116055] +1.05V_RUN_AVDD_HDMI_PLL: Failed to request enable GPIO63: -517
[    0.116167] reg-fixed-voltage regulators:regulator@11: Failed to register regulator: -517
[    0.116383] +5V_HDMI_CON: Failed to request enable GPIO86: -517
[    0.116496] reg-fixed-voltage regulators:regulator@12: Failed to register regulator: -517
[    0.116710] +5V_SATA: Failed to request enable GPIO242: -517
[    0.116822] reg-fixed-voltage regulators:regulator@13: Failed to register regulator: -517
[    0.117038] +12V_SATA: Failed to request enable GPIO242: -517
[    0.117149] reg-fixed-voltage regulators:regulator@14: Failed to register regulator: -517
[    0.120073] vgaarb: loaded
[    0.120838] SCSI subsystem initialized
[    0.121017] libata version 3.00 loaded.
[    0.121345] usbcore: registered new interface driver usbfs
[    0.121410] usbcore: registered new interface driver hub
[    0.121484] usbcore: registered new device driver usb
[    0.125063] pps_core: LinuxPPS API ver. 1 registered
[    0.125072] pps_core: Software ver. 5.3.6 - Copyright 2005-2007 Rodolfo Giometti <giometti@linux.it>
[    0.125100] PTP clock support registered
[    0.125320] EDAC MC: Ver: 3.0.0
[    0.128475] clocksource: Switched to clocksource arch_sys_counter
[    0.140225] NET: Registered protocol family 2
[    0.140755] TCP established hash table entries: 8192 (order: 3, 32768 bytes)
[    0.140853] TCP bind hash table entries: 8192 (order: 4, 65536 bytes)
[    0.141039] TCP: Hash tables configured (established 8192 bind 8192)
[    0.141090] UDP hash table entries: 512 (order: 2, 16384 bytes)
[    0.141131] UDP-Lite hash table entries: 512 (order: 2, 16384 bytes)
[    0.141305] NET: Registered protocol family 1
[    0.141537] RPC: Registered named UNIX socket transport module.
[    0.141547] RPC: Registered udp transport module.
[    0.141555] RPC: Registered tcp transport module.
[    0.141561] RPC: Registered tcp NFSv4.1 backchannel transport module.
[    0.141579] PCI: CLS 0 bytes, default 64
[    0.143884] futex hash table entries: 1024 (order: 4, 65536 bytes)
[    0.156331] squashfs: version 4.0 (2009/01/31) Phillip Lougher
[    0.157260] NFS: Registering the id_resolver key type
[    0.157292] Key type id_resolver registered
[    0.157301] Key type id_legacy registered
[    0.157366] ntfs: driver 2.1.32 [Flags: R/O].
[    0.158396] bounce: pool size: 64 pages
[    0.158644] Block layer SCSI generic (bsg) driver version 0.4 loaded (major 249)
[    0.158666] io scheduler noop registered
[    0.158681] io scheduler deadline registered
[    0.158889] io scheduler cfq registered (default)
[    0.175742] tegra-pcie 1003000.pcie-controller: 2x1, 1x1 configuration
[    0.175787] tegra-pcie 1003000.pcie-controller: Failed to get supply 'avddio-pex': -517
[    0.182620] tegra-apbdma 60020000.dma: Tegra20 APB DMA driver register 32 channels
[    0.184054] tegra-pmc 7000e400.pmc: emergency thermal reset enabled
[    0.184076] tegra-pmc 7000e400.pmc: couldn't locate regulator
[    0.184112] tegra-pmc 7000e400.pmc: added power domain gpu-power-domain
[    0.184262] tegra-pmc 7000e400.pmc: added power domain pcie-power-domain
[    0.184755] tegra-pmc 7000e400.pmc: added power domain sata-power-domain
[    0.185142] tegra-pmc 7000e400.pmc: added power domain sor-power-domain
[    0.185255] tegra-pmc 7000e400.pmc: added power domain dc-power-domain
[    0.185370] tegra-pmc 7000e400.pmc: added power domain dcb-power-domain
[    0.249479] Serial: 8250/16550 driver, 4 ports, IRQ sharing disabled
[    0.251783] SuperH (H)SCI(F) driver initialized
[    0.252759] msm_serial: driver initialized
[    0.253603] console [ttyS0] disabled
[    0.253635] 70006300.serial: ttyS0 at MMIO 0x70006300 (irq = 331, base_baud = 25500000) is a Tegra
[    1.115439] console [ttyS0] enabled
[    1.119752] STMicroelectronics ASC driver initialized
[    1.127211] [drm] Initialized drm 1.1.0 20060810
[    1.134360] tegra-hdmi 54280000.hdmi: failed to get HDMI regulator
[    1.147573] loop: module loaded
[    1.151029] at24 0-0056: 256 byte 24c02 EEPROM, writable, 8 bytes/write
[    1.159078] as3722 4-0040: AS3722 with revision 0x1 found
[    1.182688] +5V_SYS: supplied by +VDD_MUX
[    1.186755] +1.05V_RUN: supplied by +5V_SYS
[    1.191047] tegra-ahci 70027000.sata: Failed to get supply 'hvdd': -517
[    1.197717] tegra-ahci 70027000.sata: Failed to get regulators
[    1.209034] m25p80 spi32765.0: w25q32dw (4096 Kbytes)
[    1.217459] CAN device driver interface
[    1.222671] igb: Intel(R) Gigabit Ethernet Network Driver - version 5.2.18-k
[    1.229728] igb: Copyright (c) 2007-2014 Intel Corporation.
[    1.238443] pegasus: v0.9.3 (2013/04/25), Pegasus/Pegasus II USB Ethernet driver
[    1.245899] usbcore: registered new interface driver pegasus
[    1.251647] usbcore: registered new interface driver asix
[    1.257115] usbcore: registered new interface driver ax88179_178a
[    1.263269] usbcore: registered new interface driver cdc_ether
[    1.269186] usbcore: registered new interface driver smsc75xx
[    1.275014] usbcore: registered new interface driver smsc95xx
[    1.280820] usbcore: registered new interface driver net1080
[    1.286541] usbcore: registered new interface driver cdc_subset
[    1.292520] usbcore: registered new interface driver zaurus
[    1.298195] usbcore: registered new interface driver cdc_ncm
[    1.304100] tegra-phy 7d004000.usb-phy: no vbus regulator
[    1.311637] ehci_hcd: USB 2.0 'Enhanced' Host Controller (EHCI) Driver
[    1.318180] ehci-pci: EHCI PCI platform driver
[    1.322691] ehci-platform: EHCI generic platform driver
[    1.328151] ehci-omap: OMAP-EHCI Host Controller driver
[    1.333554] ehci-orion: EHCI orion driver
[    1.337708] SPEAr-ehci: EHCI SPEAr driver
[    1.341892] ehci-st: EHCI STMicroelectronics driver
[    1.346936] ehci-exynos: EHCI EXYNOS driver
[    1.351307] ehci-atmel: EHCI Atmel driver
[    1.355489] tegra-ehci: Tegra EHCI driver
[    1.359820] tegra-ehci 7d004000.usb: EHCI Host Controller
[    1.365253] tegra-ehci 7d004000.usb: new USB bus registered, assigned bus number 1
[    1.372990] tegra-ehci 7d004000.usb: irq 348, io mem 0x7d004000
[    1.388498] tegra-ehci 7d004000.usb: USB 2.0 started, EHCI 1.10
[    1.395245] hub 1-0:1.0: USB hub found
[    1.399058] hub 1-0:1.0: 1 port detected
[    1.403603] ohci_hcd: USB 1.1 'Open' Host Controller (OHCI) Driver
[    1.409810] ohci-pci: OHCI PCI platform driver
[    1.414327] ohci-platform: OHCI generic platform driver
[    1.419746] ohci-omap3: OHCI OMAP3 driver
[    1.423921] SPEAr-ohci: OHCI SPEAr driver
[    1.428079] ohci-st: OHCI STMicroelectronics driver
[    1.433122] ohci-atmel: OHCI Atmel driver
[    1.437398] usbcore: registered new interface driver usb-storage
[    1.444977] mousedev: PS/2 mouse device common for all mice
[    1.454499] as3722-rtc as3722-rtc: rtc core: registered as3722-rtc as rtc0
[    1.461385] as3722-rtc as3722-rtc: RTC interrupt 367
[    1.469800] tegra_rtc 7000e000.rtc: rtc core: registered 7000e000.rtc as rtc1
[    1.476992] tegra_rtc 7000e000.rtc: Tegra internal Real Time Clock
[    1.483830] i2c /dev entries driver
[    1.492287] 0-004c supply vcc not found, using dummy regulator
[    1.504238] sdhci: Secure Digital Host Controller Interface driver
[    1.510437] sdhci: Copyright(c) Pierre Ossman
[    1.516471] Synopsys Designware Multimedia Card Interface Driver
[    1.523672] sdhci-pltfm: SDHCI platform and OF driver helper
[    1.530076] sdhci-tegra 700b0400.sdhci: Got CD GPIO
[    1.534983] sdhci-tegra 700b0400.sdhci: Got WP GPIO
[    1.539917] mmc0: Unknown controller version (3). You may experience problems.
[    1.547264] as3722-regulator as3722-regulator: Failed to resolve vin-ldo1-6-supply for as3722-ldo6
[    1.556228] sdhci-tegra 700b0400.sdhci: No vmmc regulator found
[    1.562335] mmc0: Unknown controller version (3). You may experience problems.
[    1.569610] sdhci-tegra 700b0600.sdhci: No vmmc regulator found
[    1.575535] sdhci-tegra 700b0600.sdhci: No vqmmc regulator found
[    1.581543] mmc0: Invalid maximum block size, assuming 512 bytes
[    1.618496] mmc0: SDHCI controller on 700b0600.sdhci [700b0600.sdhci] using ADMA 64-bit
[    1.627883] ledtrig-cpu: registered to indicate activity on CPUs
[    1.634133] usbcore: registered new interface driver usbhid
[    1.639712] usbhid: USB HID core driver
[    1.651376] NET: Registered protocol family 17
[    1.655853] can: controller area network core (rev 20120528 abi 9)
[    1.662103] NET: Registered protocol family 29
[    1.662458] mmc0: MAN_BKOPS_EN bit is not set
[    1.665762] mmc0: new high speed MMC card at address 0001
[    1.666203] mmcblk0: mmc0:0001 SEM16G 14.6 GiB 
[    1.666331] mmcblk0boot0: mmc0:0001 SEM16G partition 1 4.00 MiB
[    1.666462] mmcblk0boot1: mmc0:0001 SEM16G partition 2 4.00 MiB
[    1.666602] mmcblk0rpmb: mmc0:0001 SEM16G partition 3 4.00 MiB
[    1.668633] Primary GPT is invalid, using alternate GPT.
[    1.668662]  mmcblk0: p1 p2 p3 p4 p5 p6 p7 p8 p9
[    1.708428] can: raw protocol (rev 20120528)
[    1.712712] can: broadcast manager protocol (rev 20120528 t)
[    1.718389] can: netlink gateway (rev 20130117) max_hops=1
[    1.724290] Key type dns_resolver registered
[    1.729181] ThumbEE CPU extension supported.
[    1.733480] Registering SWP/SWPB emulation handler
[    1.747524] tegra-pcie 1003000.pcie-controller: 2x1, 1x1 configuration
[    1.754382] +3.3V_SYS: supplied by +VDD_MUX
[    1.758685] +3.3V_LP0: supplied by +3.3V_SYS
[    1.763265] +1.35V_LP0(sd2): supplied by +5V_SYS
[    1.768004] +1.05V_RUN_AVDD: supplied by +1.35V_LP0(sd2)
[    1.774870] tegra-pcie 1003000.pcie-controller: probing port 0, using 2 lanes
[    1.784129] tegra-pcie 1003000.pcie-controller: Slot present pin change, signature: 00000008
[    2.212183] tegra-pcie 1003000.pcie-controller: link 0 down, retrying
[    2.639844] tegra-pcie 1003000.pcie-controller: link 0 down, retrying
[    3.068056] tegra-pcie 1003000.pcie-controller: link 0 down, retrying
[    3.076641] tegra-pcie 1003000.pcie-controller: link 0 down, ignoring
[    3.083132] tegra-pcie 1003000.pcie-controller: probing port 1, using 1 lanes
[    3.092386] tegra-pcie 1003000.pcie-controller: Slot present pin change, signature: 00000000
[    3.520389] tegra-pcie 1003000.pcie-controller: link 1 down, retrying
[    3.948265] tegra-pcie 1003000.pcie-controller: link 1 down, retrying
[    4.376350] tegra-pcie 1003000.pcie-controller: link 1 down, retrying
[    4.384941] tegra-pcie 1003000.pcie-controller: link 1 down, ignoring
[    4.391651] tegra-pcie 1003000.pcie-controller: PCI host bridge to bus 0000:00
[    4.398887] pci_bus 0000:00: root bus resource [mem 0x13000000-0x1fffffff]
[    4.405769] pci_bus 0000:00: root bus resource [mem 0x20000000-0x3fffffff pref]
[    4.413084] pci_bus 0000:00: root bus resource [bus 00-ff]
[    4.418579] pci_bus 0000:00: root bus resource [io  0x1000-0xffff]
[    4.424792] PCI: bus0: Fast back to back transfers enabled
[    4.431061] +5V_HDMI_CON: supplied by +5V_SYS
[    4.435572] +1.05V_RUN_AVDD_HDMI_PLL: supplied by +1.05V_RUN
[    4.441501] +3.3V_RUN: supplied by +3.3V_SYS
[    4.445876] +3.3V_AVDD_HDMI_AP_GATED: supplied by +3.3V_RUN
[    4.453763] [drm] Supports vblank timestamp caching Rev 2 (21.10.2013).
[    4.460431] [drm] No driver support for vblank timestamp query.
[    4.566369] tegra-hdmi 54280000.hdmi: cannot set audio to 44100 at 297000000 pclk
[    4.676129] Console: switching to colour frame buffer device 512x135
[    4.770418] drm drm: fb0:  frame buffer device
[    4.774869] drm drm: registered panic notifier
[    4.793611] [drm] Initialized tegra 0.0.0 20120330 on minor 0
[    4.800695] +5V_SATA: supplied by +5V_SYS
[    4.804848] +12V_SATA: supplied by +VDD_MUX
[    4.809403] tegra-ahci 70027000.sata: AHCI 0001.0301 32 slots 2 ports 3 Gbps 0x1 impl platform mode
[    4.818481] tegra-ahci 70027000.sata: flags: 64bit ncq sntf pm led pio slum part sadm sds apst 
[    4.829741] scsi host0: tegra-ahci
[    4.834338] scsi host1: tegra-ahci
[    4.838065] ata1: SATA max UDMA/133 mmio [mem 0x70027000-0x70028fff] port 0x100 irq 341
[    4.846101] ata2: DUMMY
[    4.849712] +5V_USB_HS: supplied by +5V_SYS
[    4.855377] tegra-ehci 7d008000.usb: EHCI Host Controller
[    4.860847] tegra-ehci 7d008000.usb: new USB bus registered, assigned bus number 2
[    4.868692] tegra-ehci 7d008000.usb: irq 349, io mem 0x7d008000
[    4.883630] tegra-ehci 7d008000.usb: USB 2.0 started, EHCI 1.10
[    4.890459] hub 2-0:1.0: USB hub found
[    4.894278] hub 2-0:1.0: 1 port detected
[    4.899823] cpufreq: cpufreq_add_dev: CPU0: Running at unlisted freq: 696000 KHz
[    4.907292] cpufreq: cpufreq_add_dev: CPU0: Unlisted initial frequency changed to: 714000 KHz
[    4.916592] sdhci-tegra 700b0400.sdhci: Got CD GPIO
[    4.921505] sdhci-tegra 700b0400.sdhci: Got WP GPIO
[    4.926437] mmc1: Unknown controller version (3). You may experience problems.
[    4.933754] +VDDIO_SDMMC3: supplied by +3.3V_RUN
[    4.938407] sdhci-tegra 700b0400.sdhci: No vmmc regulator found
[    4.944354] mmc1: Invalid maximum block size, assuming 512 bytes
[    4.983778] mmc1: SDHCI controller on 700b0400.sdhci [700b0400.sdhci] using ADMA 64-bit
[    4.992471] input: gpio-keys as /devices/soc0/gpio-keys/input/input0
[    4.999586] as3722-rtc as3722-rtc: setting system clock to 2000-02-01 00:00:17 UTC (949363217)
[    5.012301] +USB0_VBUS_SW: disabling
[    5.015981] +1.8V_RUN_VPP_FUSE: disabling
[    5.020180] +2.8V_RUN_CAM_AF: disabling
[    5.024183] +3.3V_RUN_TOUCH: disabling
[    5.028096] +1.05V_RUN_CAM_REAR: disabling
[    5.032378] +1.2V_RUN_CAM_FRONT: disabling
[    5.036647] +2.8V_RUN_CAM: disabling
[    5.040333] +1.8V_RUN_CAM: disabling
[    5.178621] ata1: SATA link down (SStatus 0 SControl 300)
[    5.184899] EXT4-fs (mmcblk0p1): couldn't mount as ext3 due to feature incompatibilities
[    5.193594] EXT4-fs (mmcblk0p1): couldn't mount as ext2 due to feature incompatibilities
[    5.208575] usb 2-1: new high-speed USB device number 2 using tegra-ehci
[    5.212917] EXT4-fs (mmcblk0p1): recovery complete
[    5.212930] EXT4-fs (mmcblk0p1): mounted filesystem with ordered data mode. Opts: (null)
[    5.212964] VFS: Mounted root (ext4 filesystem) on device 179:1.
[    5.217330] devtmpfs: mounted
[    5.217914] Freeing unused kernel memory: 960K (c0d1e000 - c0e0e000)
bash: cannot set terminal process group (-1): Inappropriate ioctl for device
bash: no job control in this shell
root@(none):/# 