
U-Boot SPL 2014.07-00097-g772e173 (Jul 25 2014 - 20:02:52)


U-Boot 2014.07-00097-g772e173 (Jul 25 2014 - 20:02:52)

TEGRA124
Board: NVIDIA Jetson TK1
I2C:   ready
DRAM:  2 GiB
MMC:   Tegra SD/MMC: 0, Tegra SD/MMC: 1
In:    serial
Out:   serial
Err:   serial
Net:   Net Initialization Skipped
No ethernet found.
Hit any key to stop autoboot:  2  0 
Tegra124 (Jetson TK1) # 
Tegra124 (Jetson TK1) # usb reset
(Re)start USB...
USB0:   USB EHCI 1.10
scanning bus 0 for devices... 1 USB Device(s) found
USB1:   USB EHCI 1.10
scanning bus 1 for devices... 2 USB Device(s) found
       scanning usb for storage devices... 0 Storage Device(s) found
       scanning usb for ethernet devices... 
Warning: asx0 using MAC address from net device
1 Ethernet Device(s) found
Tegra124 (Jetson TK1) # setenv bootargs 'ignore_loglevel console=ttyS0,115200n8 rw root=/dev/mmcblk0p1 rootwait gpt debug init=/bin/bash noinitrd'
Tegra124 (Jetson TK1) # setenv ipaddr 192.168.100.102; setenv serverip 192.168.100.1; setenv tftpserverip 192.168.100.1
Tegra124 (Jetson TK1) # tftpboot 0x81000000 zImage.multi_v7_defconfig
Using asx0 device
TFTP from server 192.168.100.1; our IP address is 192.168.100.102
Filename 'zImage.multi_v7_defconfig'.
Load address: 0x81000000
Loading: *#################################################################
	 #################################################################
	 #################################################################
	 #################################################################
	 #################################################################
	 #################################################################
	 ########################################################
	 3.2 MiB/s
done
Bytes transferred = 6543184 (63d750 hex)
Tegra124 (Jetson TK1) # tftpboot 0x82000000 tegra124-jetson-tk1.dtb
Using asx0 device
TFTP from server 192.168.100.1; our IP address is 192.168.100.102
Filename 'tegra124-jetson-tk1.dtb'.
Load address: 0x82000000
Loading: *#####
	 2.9 MiB/s
done
Bytes transferred = 64138 (fa8a hex)
Tegra124 (Jetson TK1) # bootz 0x81000000 - 0x82000000
Kernel image @ 0x81000000 [ 0x000000 - 0x63d750 ]
## Flattened Device Tree blob at 82000000
   Booting using the fdt blob at 0x82000000
   Using Device Tree in place at 82000000, end 82012a89

Starting kernel ...

[    0.000000] Booting Linux on physical CPU 0x0
[    0.000000] Linux version 4.3.0-next-20151109-54253-g6958584 (pwalmsley@sellafield) (gcc version 4.7.3 20130328 (prerelease) (crosstool-NG linaro-1.13.1-4.7-2013.04-20130415 - Linaro GCC 2013.04) ) #1 SMP Mon Nov 9 13:43:01 PST 2015
[    0.000000] CPU: ARMv7 Processor [413fc0f3] revision 3 (ARMv7), cr=10c5387d
[    0.000000] CPU: PIPT / VIPT nonaliasing data cache, PIPT instruction cache
[    0.000000] Machine model: NVIDIA Tegra124 Jetson TK1
[    0.000000] debug: ignoring loglevel setting.
[    0.000000] cma: Reserved 64 MiB at 0xfb800000
[    0.000000] Memory policy: Data cache writealloc
[    0.000000] On node 0 totalpages: 524032
[    0.000000] free_area_init_node: node 0, pgdat c0fc4180, node_mem_map eeff8000
[    0.000000]   DMA zone: 1536 pages used for memmap
[    0.000000]   DMA zone: 0 pages reserved
[    0.000000]   DMA zone: 196608 pages, LIFO batch:31
[    0.000000]   HighMem zone: 327424 pages, LIFO batch:31
[    0.000000] PERCPU: Embedded 12 pages/cpu @eef8f000 s19136 r8192 d21824 u49152
[    0.000000] pcpu-alloc: s19136 r8192 d21824 u49152 alloc=12*4096
[    0.000000] pcpu-alloc: [0] 0 [0] 1 [0] 2 [0] 3 
[    0.000000] Built 1 zonelists in Zone order, mobility grouping on.  Total pages: 522496
[    0.000000] Kernel command line: ignore_loglevel console=ttyS0,115200n8 rw root=/dev/mmcblk0p1 rootwait gpt debug init=/bin/bash noinitrd
[    0.000000] PID hash table entries: 4096 (order: 2, 16384 bytes)
[    0.000000] Dentry cache hash table entries: 131072 (order: 7, 524288 bytes)
[    0.000000] Inode-cache hash table entries: 65536 (order: 6, 262144 bytes)
[    0.000000] Memory: 1998476K/2096128K available (8243K kernel code, 1040K rwdata, 3740K rodata, 1044K init, 341K bss, 32116K reserved, 65536K cma-reserved, 1244160K highmem)
[    0.000000] Virtual kernel memory layout:
[    0.000000]     vector  : 0xffff0000 - 0xffff1000   (   4 kB)
[    0.000000]     fixmap  : 0xffc00000 - 0xfff00000   (3072 kB)
[    0.000000]     vmalloc : 0xf0800000 - 0xff800000   ( 240 MB)
[    0.000000]     lowmem  : 0xc0000000 - 0xf0000000   ( 768 MB)
[    0.000000]     pkmap   : 0xbfe00000 - 0xc0000000   (   2 MB)
[    0.000000]     modules : 0xbf000000 - 0xbfe00000   (  14 MB)
[    0.000000]       .text : 0xc0208000 - 0xc0dbce14   (11988 kB)
[    0.000000]       .init : 0xc0dbd000 - 0xc0ec2000   (1044 kB)
[    0.000000]       .data : 0xc0ec2000 - 0xc0fc60e0   (1041 kB)
[    0.000000]        .bss : 0xc0fc9000 - 0xc101e468   ( 342 kB)
[    0.000000] SLUB: HWalign=64, Order=0-3, MinObjects=0, CPUs=4, Nodes=1
[    0.000000] Hierarchical RCU implementation.
[    0.000000] 	Build-time adjustment of leaf fanout to 32.
[    0.000000] 	RCU restricting CPUs from NR_CPUS=16 to nr_cpu_ids=4.
[    0.000000] RCU: Adjusting geometry for rcu_fanout_leaf=32, nr_cpu_ids=4
[    0.000000] NR_IRQS:16 nr_irqs:16 16
[    0.000000] /interrupt-controller@60004000: 160 interrupts forwarded to /interrupt-controller@0,50041000
[    0.000000] L2C: failed to init: -19
[    0.000009] sched_clock: 32 bits at 1000kHz, resolution 1000ns, wraps every 2147483647500ns
[    0.000029] clocksource: timer_us: mask: 0xffffffff max_cycles: 0xffffffff, max_idle_ns: 1911260446275 ns
[    0.000042] Switching to timer-based delay loop, resolution 1000ns
[    0.004467] Architected cp15 timer(s) running at 12.00MHz (virt).
[    0.004484] clocksource: arch_sys_counter: mask: 0xffffffffffffff max_cycles: 0x2c47f4ee7, max_idle_ns: 440795202497 ns
[    0.004501] sched_clock: 56 bits at 12MHz, resolution 83ns, wraps every 4398046511096ns
[    0.004514] Switching to timer-based delay loop, resolution 83ns
[    0.004933] Console: colour dummy device 80x30
[    0.004956] Calibrating delay loop (skipped), value calculated using timer frequency.. 24.00 BogoMIPS (lpj=60000)
[    0.004970] pid_max: default: 32768 minimum: 301
[    0.005075] Mount-cache hash table entries: 2048 (order: 1, 8192 bytes)
[    0.005087] Mountpoint-cache hash table entries: 2048 (order: 1, 8192 bytes)
[    0.005667] CPU: Testing write buffer coherency: ok
[    0.005883] /cpus/cpu@0 missing clock-frequency property
[    0.005921] /cpus/cpu@1 missing clock-frequency property
[    0.005958] /cpus/cpu@2 missing clock-frequency property
[    0.005996] /cpus/cpu@3 missing clock-frequency property
[    0.006008] CPU0: thread -1, cpu 0, socket 0, mpidr 80000000
[    0.006059] Setting up static identity map for 0x80209000 - 0x80209098
[    0.008981] Tegra Revision: A01 SKU: 129 CPU Process: 1 SoC Process: 1
[    0.010342] CPU1: thread -1, cpu 1, socket 0, mpidr 80000001
[    0.010944] CPU2: thread -1, cpu 2, socket 0, mpidr 80000002
[    0.011539] CPU3: thread -1, cpu 3, socket 0, mpidr 80000003
[    0.011604] Brought up 4 CPUs
[    0.011625] SMP: Total of 4 processors activated (96.00 BogoMIPS).
[    0.011633] CPU: All CPU(s) started in SVC mode.
[    0.013062] devtmpfs: initialized
[    0.031662] VFP support v0.3: implementor 41 architecture 4 part 30 variant f rev 0
[    0.032429] clocksource: jiffies: mask: 0xffffffff max_cycles: 0xffffffff, max_idle_ns: 9556302231375000 ns
[    0.034086] pinctrl core: initialized pinctrl subsystem
[    0.035750] NET: Registered protocol family 16
[    0.037754] DMA: preallocated 256 KiB pool for atomic coherent allocations
[    0.054604] cpuidle: using governor ladder
[    0.069623] cpuidle: using governor menu
[    0.086327] No ATAGs?
[    0.086362] hw-breakpoint: found 5 (+1 reserved) breakpoint and 4 watchpoint registers.
[    0.086372] hw-breakpoint: maximum watchpoint size is 8 bytes.
[    0.091348] Serial: AMBA PL011 UART driver
[    0.120453] +USB0_VBUS_SW: Failed to request enable GPIO108: -517
[    0.120571] reg-fixed-voltage regulators:regulator@7: Failed to register regulator: -517
[    0.120789] +5V_USB_HS: Failed to request enable GPIO109: -517
[    0.120896] reg-fixed-voltage regulators:regulator@8: Failed to register regulator: -517
[    0.121189] +1.05V_RUN_AVDD_HDMI_PLL: Failed to request enable GPIO63: -517
[    0.121294] reg-fixed-voltage regulators:regulator@11: Failed to register regulator: -517
[    0.121510] +5V_HDMI_CON: Failed to request enable GPIO86: -517
[    0.121614] reg-fixed-voltage regulators:regulator@12: Failed to register regulator: -517
[    0.121828] +5V_SATA: Failed to request enable GPIO242: -517
[    0.121929] reg-fixed-voltage regulators:regulator@13: Failed to register regulator: -517
[    0.122142] +12V_SATA: Failed to request enable GPIO242: -517
[    0.122245] reg-fixed-voltage regulators:regulator@14: Failed to register regulator: -517
[    0.125565] vgaarb: loaded
[    0.126496] SCSI subsystem initialized
[    0.126676] libata version 3.00 loaded.
[    0.126970] usbcore: registered new interface driver usbfs
[    0.127032] usbcore: registered new interface driver hub
[    0.127106] usbcore: registered new device driver usb
[    0.130725] pps_core: LinuxPPS API ver. 1 registered
[    0.130734] pps_core: Software ver. 5.3.6 - Copyright 2005-2007 Rodolfo Giometti <giometti@linux.it>
[    0.130762] PTP clock support registered
[    0.130986] EDAC MC: Ver: 3.0.0
[    0.134089] clocksource: Switched to clocksource arch_sys_counter
[    0.145712] NET: Registered protocol family 2
[    0.146224] TCP established hash table entries: 8192 (order: 3, 32768 bytes)
[    0.146323] TCP bind hash table entries: 8192 (order: 4, 65536 bytes)
[    0.146510] TCP: Hash tables configured (established 8192 bind 8192)
[    0.146563] UDP hash table entries: 512 (order: 2, 16384 bytes)
[    0.146605] UDP-Lite hash table entries: 512 (order: 2, 16384 bytes)
[    0.146776] NET: Registered protocol family 1
[    0.147026] RPC: Registered named UNIX socket transport module.
[    0.147035] RPC: Registered udp transport module.
[    0.147042] RPC: Registered tcp transport module.
[    0.147049] RPC: Registered tcp NFSv4.1 backchannel transport module.
[    0.147068] PCI: CLS 0 bytes, default 64
[    0.148023] hw perfevents: enabled with armv7_cortex_a15 PMU driver, 7 counters available
[    0.149571] futex hash table entries: 1024 (order: 4, 65536 bytes)
[    0.161690] squashfs: version 4.0 (2009/01/31) Phillip Lougher
[    0.162587] NFS: Registering the id_resolver key type
[    0.162618] Key type id_resolver registered
[    0.162627] Key type id_legacy registered
[    0.162694] ntfs: driver 2.1.32 [Flags: R/O].
[    0.164131] bounce: pool size: 64 pages
[    0.164345] Block layer SCSI generic (bsg) driver version 0.4 loaded (major 249)
[    0.164362] io scheduler noop registered
[    0.164377] io scheduler deadline registered
[    0.164415] io scheduler cfq registered (default)
[    0.182048] tegra-pcie 1003000.pcie-controller: 2x1, 1x1 configuration
[    0.182105] tegra-pcie 1003000.pcie-controller: Failed to get supply 'avddio-pex': -517
[    0.189481] tegra-apbdma 60020000.dma: Tegra20 APB DMA driver register 32 channels
[    0.190976] tegra-pmc 7000e400.pmc: emergency thermal reset enabled
[    0.255771] Serial: 8250/16550 driver, 4 ports, IRQ sharing disabled
[    0.258218] SuperH (H)SCI(F) driver initialized
[    0.259202] msm_serial: driver initialized
[    0.260025] console [ttyS0] disabled
[    0.260060] 70006300.serial: ttyS0 at MMIO 0x70006300 (irq = 331, base_baud = 25500000) is a Tegra
[    1.078884] console [ttyS0] enabled
[    1.083200] STMicroelectronics ASC driver initialized
[    1.090661] [drm] Initialized drm 1.1.0 20060810
[    1.097657] tegra-hdmi 54280000.hdmi: failed to get HDMI regulator
[    1.111864] loop: module loaded
[    1.115317] at24 0-0056: 256 byte 24c02 EEPROM, writable, 8 bytes/write
[    1.123546] as3722 4-0040: AS3722 with revision 0x1 found
[    1.146888] +5V_SYS: supplied by +VDD_MUX
[    1.150966] +1.05V_RUN: supplied by +5V_SYS
[    1.155279] tegra-ahci 70027000.sata: Failed to get supply 'hvdd': -517
[    1.161952] tegra-ahci 70027000.sata: Failed to get regulators
[    1.173201] m25p80 spi32765.0: w25q32dw (4096 Kbytes)
[    1.178282] spi32765.0: 'partitions' subnode not found on /spi@0,7000da00/spi-flash@0. Trying to parse direct subnodes as partitions.
[    1.193381] libphy: Fixed MDIO Bus: probed
[    1.198192] CAN device driver interface
[    1.203556] igb: Intel(R) Gigabit Ethernet Network Driver - version 5.3.0-k
[    1.210526] igb: Copyright (c) 2007-2014 Intel Corporation.
[    1.219468] pegasus: v0.9.3 (2013/04/25), Pegasus/Pegasus II USB Ethernet driver
[    1.226927] usbcore: registered new interface driver pegasus
[    1.232665] usbcore: registered new interface driver asix
[    1.238126] usbcore: registered new interface driver ax88179_178a
[    1.244282] usbcore: registered new interface driver cdc_ether
[    1.250192] usbcore: registered new interface driver smsc75xx
[    1.256014] usbcore: registered new interface driver smsc95xx
[    1.261817] usbcore: registered new interface driver net1080
[    1.267539] usbcore: registered new interface driver cdc_subset
[    1.273517] usbcore: registered new interface driver zaurus
[    1.279186] usbcore: registered new interface driver cdc_ncm
[    1.285119] tegra-phy 7d004000.usb-phy: no vbus regulator
[    1.292504] ehci_hcd: USB 2.0 'Enhanced' Host Controller (EHCI) Driver
[    1.299051] ehci-pci: EHCI PCI platform driver
[    1.303558] ehci-platform: EHCI generic platform driver
[    1.309012] ehci-omap: OMAP-EHCI Host Controller driver
[    1.314400] ehci-orion: EHCI orion driver
[    1.318555] SPEAr-ehci: EHCI SPEAr driver
[    1.322737] ehci-st: EHCI STMicroelectronics driver
[    1.327783] ehci-exynos: EHCI EXYNOS driver
[    1.332154] ehci-atmel: EHCI Atmel driver
[    1.336328] tegra-ehci: Tegra EHCI driver
[    1.340652] tegra-ehci 7d004000.usb: EHCI Host Controller
[    1.346082] tegra-ehci 7d004000.usb: new USB bus registered, assigned bus number 1
[    1.353822] tegra-ehci 7d004000.usb: irq 348, io mem 0x7d004000
[    1.369112] tegra-ehci 7d004000.usb: USB 2.0 started, EHCI 1.10
[    1.375845] hub 1-0:1.0: USB hub found
[    1.379642] hub 1-0:1.0: 1 port detected
[    1.384168] ohci_hcd: USB 1.1 'Open' Host Controller (OHCI) Driver
[    1.390370] ohci-pci: OHCI PCI platform driver
[    1.394882] ohci-platform: OHCI generic platform driver
[    1.400299] ohci-omap3: OHCI OMAP3 driver
[    1.404477] SPEAr-ohci: OHCI SPEAr driver
[    1.408630] ohci-st: OHCI STMicroelectronics driver
[    1.413668] ohci-atmel: OHCI Atmel driver
[    1.418225] usbcore: registered new interface driver usb-storage
[    1.425814] mousedev: PS/2 mouse device common for all mice
[    1.435271] as3722-rtc as3722-rtc: rtc core: registered as3722-rtc as rtc0
[    1.442156] as3722-rtc as3722-rtc: RTC interrupt 371
[    1.450565] tegra_rtc 7000e000.rtc: rtc core: registered 7000e000.rtc as rtc1
[    1.457751] tegra_rtc 7000e000.rtc: Tegra internal Real Time Clock
[    1.464551] i2c /dev entries driver
[    1.473724] 0-004c supply vcc not found, using dummy regulator
[    1.486421] sdhci: Secure Digital Host Controller Interface driver
[    1.492621] sdhci: Copyright(c) Pierre Ossman
[    1.498651] Synopsys Designware Multimedia Card Interface Driver
[    1.505858] sdhci-pltfm: SDHCI platform and OF driver helper
[    1.512290] sdhci-tegra 700b0400.sdhci: Got CD GPIO
[    1.517198] sdhci-tegra 700b0400.sdhci: Got WP GPIO
[    1.522133] mmc0: Unknown controller version (3). You may experience problems.
[    1.529534] sdhci-tegra 700b0400.sdhci: No vmmc regulator found
[    1.535648] mmc0: Unknown controller version (3). You may experience problems.
[    1.542997] sdhci-tegra 700b0600.sdhci: No vmmc regulator found
[    1.548929] sdhci-tegra 700b0600.sdhci: No vqmmc regulator found
[    1.554941] mmc0: Invalid maximum block size, assuming 512 bytes
[    1.594109] mmc0: SDHCI controller on 700b0600.sdhci [700b0600.sdhci] using ADMA 64-bit
[    1.603870] ledtrig-cpu: registered to indicate activity on CPUs
[    1.610253] usbcore: registered new interface driver usbhid
[    1.615834] usbhid: USB HID core driver
[    1.626424] NET: Registered protocol family 10
[    1.631574] sit: IPv6 over IPv4 tunneling driver
[    1.636857] NET: Registered protocol family 17
[    1.638099] mmc0: MAN_BKOPS_EN bit is not set
[    1.641454] mmc0: new high speed MMC card at address 0001
[    1.641999] mmcblk0: mmc0:0001 SEM16G 14.6 GiB 
[    1.642247] mmcblk0boot0: mmc0:0001 SEM16G partition 1 4.00 MiB
[    1.642485] mmcblk0boot1: mmc0:0001 SEM16G partition 2 4.00 MiB
[    1.642722] mmcblk0rpmb: mmc0:0001 SEM16G partition 3 4.00 MiB
[    1.644768] Primary GPT is invalid, using alternate GPT.
[    1.644796]  mmcblk0: p1 p2 p3 p4 p5 p6 p7 p8 p9
[    1.683223] can: controller area network core (rev 20120528 abi 9)
[    1.689474] NET: Registered protocol family 29
[    1.693921] can: raw protocol (rev 20120528)
[    1.698212] can: broadcast manager protocol (rev 20120528 t)
[    1.703894] can: netlink gateway (rev 20130117) max_hops=1
[    1.709800] Key type dns_resolver registered
[    1.714682] ThumbEE CPU extension supported.
[    1.718962] Registering SWP/SWPB emulation handler
[    1.732411] tegra-pcie 1003000.pcie-controller: 2x1, 1x1 configuration
[    1.739400] +3.3V_SYS: supplied by +VDD_MUX
[    1.743636] +3.3V_LP0: supplied by +3.3V_SYS
[    1.748286] +1.35V_LP0(sd2): supplied by +5V_SYS
[    1.753012] +1.05V_RUN_AVDD: supplied by +1.35V_LP0(sd2)
[    1.760154] tegra-pcie 1003000.pcie-controller: probing port 0, using 2 lanes
[    1.769414] tegra-pcie 1003000.pcie-controller: Slot present pin change, signature: 00000008
[    2.197842] tegra-pcie 1003000.pcie-controller: link 0 down, retrying
[    2.625855] tegra-pcie 1003000.pcie-controller: link 0 down, retrying
[    3.054557] tegra-pcie 1003000.pcie-controller: link 0 down, retrying
[    3.063129] tegra-pcie 1003000.pcie-controller: link 0 down, ignoring
[    3.069623] tegra-pcie 1003000.pcie-controller: probing port 1, using 1 lanes
[    3.078877] tegra-pcie 1003000.pcie-controller: Slot present pin change, signature: 00000000
[    3.507410] tegra-pcie 1003000.pcie-controller: link 1 down, retrying
[    3.936143] tegra-pcie 1003000.pcie-controller: link 1 down, retrying
[    4.364881] tegra-pcie 1003000.pcie-controller: link 1 down, retrying
[    4.373463] tegra-pcie 1003000.pcie-controller: link 1 down, ignoring
[    4.380167] tegra-pcie 1003000.pcie-controller: PCI host bridge to bus 0000:00
[    4.387402] pci_bus 0000:00: root bus resource [mem 0x13000000-0x1fffffff]
[    4.394286] pci_bus 0000:00: root bus resource [mem 0x20000000-0x3fffffff pref]
[    4.401600] pci_bus 0000:00: root bus resource [bus 00-ff]
[    4.407094] pci_bus 0000:00: root bus resource [io  0x1000-0xffff]
[    4.413304] PCI: bus0: Fast back to back transfers enabled
[    4.419675] +5V_HDMI_CON: supplied by +5V_SYS
[    4.424178] +1.05V_RUN_AVDD_HDMI_PLL: supplied by +1.05V_RUN
[    4.429988] +3.3V_RUN: supplied by +3.3V_SYS
[    4.434302] +3.3V_AVDD_HDMI_AP_GATED: supplied by +3.3V_RUN
[    4.442399] [drm] Supports vblank timestamp caching Rev 2 (21.10.2013).
[    4.449109] [drm] No driver support for vblank timestamp query.
[    4.554599] tegra-hdmi 54280000.hdmi: cannot set audio to 44100 at 297000000 pclk
[    4.707608] Console: switching to colour frame buffer device 512x135
[    4.802922] drm drm: fb0:  frame buffer device
[    4.819211] [drm] Initialized tegra 0.0.0 20120330 on minor 0
[    4.826318] +5V_SATA: supplied by +5V_SYS
[    4.830511] +12V_SATA: supplied by +VDD_MUX
[    4.835119] tegra-ahci 70027000.sata: AHCI 0001.0301 32 slots 2 ports 3 Gbps 0x1 impl platform mode
[    4.844211] tegra-ahci 70027000.sata: flags: 64bit ncq sntf pm led pio slum part sadm sds apst 
[    4.855258] scsi host0: tegra-ahci
[    4.859959] scsi host1: tegra-ahci
[    4.863763] ata1: SATA max UDMA/133 mmio [mem 0x70027000-0x70028fff] port 0x100 irq 341
[    4.871805] ata2: DUMMY
[    4.875566] +5V_USB_HS: supplied by +5V_SYS
[    4.881077] tegra-ehci 7d008000.usb: EHCI Host Controller
[    4.886525] tegra-ehci 7d008000.usb: new USB bus registered, assigned bus number 2
[    4.894350] tegra-ehci 7d008000.usb: irq 349, io mem 0x7d008000
[    4.909210] tegra-ehci 7d008000.usb: USB 2.0 started, EHCI 1.10
[    4.916166] hub 2-0:1.0: USB hub found
[    4.920033] hub 2-0:1.0: 1 port detected
[    4.925631] cpu: dev_pm_opp_of_cpumask_add_table: couldn't find opp table for cpu:0, -19
[    4.933896] cpufreq: cpufreq_online: CPU0: Running at unlisted freq: 696000 KHz
[    4.941303] cpufreq: cpufreq_online: CPU0: Unlisted initial frequency changed to: 714000 KHz
[    4.950594] sdhci-tegra 700b0400.sdhci: Got CD GPIO
[    4.955504] sdhci-tegra 700b0400.sdhci: Got WP GPIO
[    4.960482] mmc1: Unknown controller version (3). You may experience problems.
[    4.967875] +VDDIO_SDMMC3: supplied by +3.3V_RUN
[    4.972592] sdhci-tegra 700b0400.sdhci: No vmmc regulator found
[    4.978553] mmc1: Invalid maximum block size, assuming 512 bytes
[    5.019354] mmc1: SDHCI controller on 700b0400.sdhci [700b0400.sdhci] using ADMA 64-bit
[    5.028039] input: gpio-keys as /devices/soc0/gpio-keys/input/input0
[    5.035351] as3722-rtc as3722-rtc: setting system clock to 2000-01-01 00:00:18 UTC (946684818)
[    5.047711] +1.8V_RUN_CAM: disabling
[    5.051495] +2.8V_RUN_CAM: disabling
[    5.055312] +1.2V_RUN_CAM_FRONT: disabling
[    5.059622] +1.05V_RUN_CAM_REAR: disabling
[    5.063865] +3.3V_RUN_TOUCH: disabling
[    5.067797] +2.8V_RUN_CAM_AF: disabling
[    5.071799] +1.8V_RUN_VPP_FUSE: disabling
[    5.075974] +USB0_VBUS_SW: disabling
[    5.199248] ata1: SATA link down (SStatus 0 SControl 300)
[    5.205652] EXT4-fs (mmcblk0p1): couldn't mount as ext3 due to feature incompatibilities
[    5.214415] EXT4-fs (mmcblk0p1): couldn't mount as ext2 due to feature incompatibilities
[    5.234166] EXT4-fs (mmcblk0p1): recovery complete
[    5.238965] EXT4-fs (mmcblk0p1): mounted filesystem with ordered data mode. Opts: (null)
[    5.239224] usb 2-1: new high-speed USB device number 2 using tegra-ehci
[    5.253856] VFS: Mounted root (ext4 filesystem) on device 179:1.
[    5.264027] devtmpfs: mounted
[    5.267671] Freeing unused kernel memory: 1044K (c0dbd000 - c0ec2000)
bash: cannot set terminal process group (-1): Inappropriate ioctl for device
bash: no job control in this shell
root@(none):/# 