
U-Boot SPL 2014.07-00097-g772e173 (Jul 25 2014 - 20:02:52)


U-Boot 2014.07-00097-g772e173 (Jul 25 2014 - 20:02:52)

TEGRA124
Board: NVIDIA Jetson TK1
I2C:   ready
DRAM:  2 GiB
MMC:   Tegra SD/MMC: 0, Tegra SD/MMC: 1
In:    serial
Out:   serial
Err:   serial
Net:   Net Initialization Skipped
No ethernet found.
Hit any key to stop autoboot:  2  0 
Tegra124 (Jetson TK1) # 
Tegra124 (Jetson TK1) # usb reset
(Re)start USB...
USB0:   USB EHCI 1.10
scanning bus 0 for devices... 1 USB Device(s) found
USB1:   USB EHCI 1.10
scanning bus 1 for devices... 2 USB Device(s) found
       scanning usb for storage devices... 0 Storage Device(s) found
       scanning usb for ethernet devices... 
Warning: asx0 using MAC address from net device
1 Ethernet Device(s) found
Tegra124 (Jetson TK1) # setenv bootargs 'ignore_loglevel console=ttyS0,115200n8 rw root=/dev/mmcblk0p1 rootwait gpt debug init=/bin/bash noinitrd'
Tegra124 (Jetson TK1) # setenv ipaddr 192.168.100.102; setenv serverip 192.168.100.1; setenv tftpserverip 192.168.100.1
Tegra124 (Jetson TK1) # tftpboot 0x81000000 zImage.multi_v7_defconfig
Using asx0 device
TFTP from server 192.168.100.1; our IP address is 192.168.100.102
Filename 'zImage.multi_v7_defconfig'.
Load address: 0x81000000
Loading: *#################################################################
	 #################################################################
	 #################################################################
	 #################################################################
	 #################################################################
	 #################################################################
	 ####################################
	 3.2 MiB/s
done
Bytes transferred = 6247856 (5f55b0 hex)
Tegra124 (Jetson TK1) # tftpboot 0x82000000 tegra124-jetson-tk1.dtb
Using asx0 device
TFTP from server 192.168.100.1; our IP address is 192.168.100.102
Filename 'tegra124-jetson-tk1.dtb'.
Load address: 0x82000000
Loading: *#####
	 2.9 MiB/s
done
Bytes transferred = 64294 (fb26 hex)
Tegra124 (Jetson TK1) # bootz 0x81000000 - 0x82000000
Kernel image @ 0x81000000 [ 0x000000 - 0x5f55b0 ]
## Flattened Device Tree blob at 82000000
   Booting using the fdt blob at 0x82000000
   Using Device Tree in place at 82000000, end 82012b25

Starting kernel ...

[    0.000000] Booting Linux on physical CPU 0x0
[    0.000000] Linux version 4.1.0-rc1-next-20150501-13873-gf4f4e07 (pwalmsley@sellafield) (gcc version 4.7.3 20130328 (prerelease) (crosstool-NG linaro-1.13.1-4.7-2013.04-20130415 - Linaro GCC 2013.04) ) #1 SMP Fri May 1 03:14:30 PDT 2015
[    0.000000] CPU: ARMv7 Processor [413fc0f3] revision 3 (ARMv7), cr=10c5387d
[    0.000000] CPU: PIPT / VIPT nonaliasing data cache, PIPT instruction cache
[    0.000000] Machine model: NVIDIA Tegra124 Jetson TK1
[    0.000000] debug: ignoring loglevel setting.
[    0.000000] earlycon: no match for ttyS0,115200n8
[    0.000000] cma: Reserved 64 MiB at 0xfb800000
[    0.000000] Memory policy: Data cache writealloc
[    0.000000] On node 0 totalpages: 524032
[    0.000000] free_area_init_node: node 0, pgdat c0f27400, node_mem_map ee7f8000
[    0.000000]   DMA zone: 1520 pages used for memmap
[    0.000000]   DMA zone: 0 pages reserved
[    0.000000]   DMA zone: 194560 pages, LIFO batch:31
[    0.000000]   HighMem zone: 329472 pages, LIFO batch:31
[    0.000000] PERCPU: Embedded 12 pages/cpu @ee78f000 s17024 r8192 d23936 u49152
[    0.000000] pcpu-alloc: s17024 r8192 d23936 u49152 alloc=12*4096
[    0.000000] pcpu-alloc: [0] 0 [0] 1 [0] 2 [0] 3 
[    0.000000] Built 1 zonelists in Zone order, mobility grouping on.  Total pages: 522512
[    0.000000] Kernel command line: ignore_loglevel console=ttyS0,115200n8 rw root=/dev/mmcblk0p1 rootwait gpt debug init=/bin/bash noinitrd
[    0.000000] PID hash table entries: 4096 (order: 2, 16384 bytes)
[    0.000000] Dentry cache hash table entries: 131072 (order: 7, 524288 bytes)
[    0.000000] Inode-cache hash table entries: 65536 (order: 6, 262144 bytes)
[    0.000000] Memory: 1999128K/2096128K available (8020K kernel code, 1020K rwdata, 3580K rodata, 816K init, 317K bss, 31464K reserved, 65536K cma-reserved, 1252352K highmem)
[    0.000000] Virtual kernel memory layout:
[    0.000000]     vector  : 0xffff0000 - 0xffff1000   (   4 kB)
[    0.000000]     fixmap  : 0xffc00000 - 0xfff00000   (3072 kB)
[    0.000000]     vmalloc : 0xf0000000 - 0xff000000   ( 240 MB)
[    0.000000]     lowmem  : 0xc0000000 - 0xef800000   ( 760 MB)
[    0.000000]     pkmap   : 0xbfe00000 - 0xc0000000   (   2 MB)
[    0.000000]     modules : 0xbf000000 - 0xbfe00000   (  14 MB)
[    0.000000]       .text : 0xc0208000 - 0xc0d5d108   (11605 kB)
[    0.000000]       .init : 0xc0d5e000 - 0xc0e2a000   ( 816 kB)
[    0.000000]       .data : 0xc0e2a000 - 0xc0f293e0   (1021 kB)
[    0.000000]        .bss : 0xc0f2c000 - 0xc0f7b6a8   ( 318 kB)
[    0.000000] SLUB: HWalign=64, Order=0-3, MinObjects=0, CPUs=4, Nodes=1
[    0.000000] Hierarchical RCU implementation.
[    0.000000] 	Additional per-CPU info printed with stalls.
[    0.000000] 	RCU restricting CPUs from NR_CPUS=16 to nr_cpu_ids=4.
[    0.000000] RCU: Adjusting geometry for rcu_fanout_leaf=16, nr_cpu_ids=4
[    0.000000] NR_IRQS:16 nr_irqs:16 16
[    0.000000] /interrupt-controller@60004000: 160 interrupts forwarded to /interrupt-controller@0,50041000
[    0.000000] L2C: failed to init: -19
[    0.000009] sched_clock: 32 bits at 1000kHz, resolution 1000ns, wraps every 2147483647500ns
[    0.000028] clocksource timer_us: mask: 0xffffffff max_cycles: 0xffffffff, max_idle_ns: 1911260446275 ns
[    0.000042] Switching to timer-based delay loop, resolution 1000ns
[    0.004436] Architected cp15 timer(s) running at 12.00MHz (virt).
[    0.004454] clocksource arch_sys_counter: mask: 0xffffffffffffff max_cycles: 0x2c47f4ee7, max_idle_ns: 440795202497 ns
[    0.004472] sched_clock: 56 bits at 12MHz, resolution 83ns, wraps every 4398046511096ns
[    0.004485] Switching to timer-based delay loop, resolution 83ns
[    0.004869] Console: colour dummy device 80x30
[    0.004893] Calibrating delay loop (skipped), value calculated using timer frequency.. 24.00 BogoMIPS (lpj=60000)
[    0.004908] pid_max: default: 32768 minimum: 301
[    0.005018] Mount-cache hash table entries: 2048 (order: 1, 8192 bytes)
[    0.005030] Mountpoint-cache hash table entries: 2048 (order: 1, 8192 bytes)
[    0.005628] CPU: Testing write buffer coherency: ok
[    0.005838] /cpus/cpu@0 missing clock-frequency property
[    0.005877] /cpus/cpu@1 missing clock-frequency property
[    0.005915] /cpus/cpu@2 missing clock-frequency property
[    0.005955] /cpus/cpu@3 missing clock-frequency property
[    0.005967] CPU0: thread -1, cpu 0, socket 0, mpidr 80000000
[    0.006015] Setting up static identity map for 0x80209000 - 0x80209098
[    0.008840] Tegra Revision: A01 SKU: 129 CPU Process: 1 Core Process: 1
[    0.010075] CPU1: thread -1, cpu 1, socket 0, mpidr 80000001
[    0.010654] CPU2: thread -1, cpu 2, socket 0, mpidr 80000002
[    0.011227] CPU3: thread -1, cpu 3, socket 0, mpidr 80000003
[    0.011288] Brought up 4 CPUs
[    0.011308] SMP: Total of 4 processors activated (96.00 BogoMIPS).
[    0.011316] CPU: All CPU(s) started in SVC mode.
[    0.011838] devtmpfs: initialized
[    0.012721] VFP support v0.3: implementor 41 architecture 4 part 30 variant f rev 0
[    0.013216] clocksource jiffies: mask: 0xffffffff max_cycles: 0xffffffff, max_idle_ns: 9556302231375000 ns
[    0.014842] pinctrl core: initialized pinctrl subsystem
[    0.033993] NET: Registered protocol family 16
[    0.036005] DMA: preallocated 256 KiB pool for atomic coherent allocations
[    0.049348] cpuidle: using governor ladder
[    0.064367] cpuidle: using governor menu
[    0.080024] No ATAGs?
[    0.080062] hw-breakpoint: found 5 (+1 reserved) breakpoint and 4 watchpoint registers.
[    0.080073] hw-breakpoint: maximum watchpoint size is 8 bytes.
[    0.084154] Serial: AMBA PL011 UART driver
[    0.114386] +USB0_VBUS_SW: Failed to request enable GPIO108: -517
[    0.114512] reg-fixed-voltage regulators:regulator@7: Failed to register regulator: -517
[    0.114754] +5V_USB_HS: Failed to request enable GPIO109: -517
[    0.114868] reg-fixed-voltage regulators:regulator@8: Failed to register regulator: -517
[    0.115155] +1.05V_RUN_AVDD_HDMI_PLL: Failed to request enable GPIO63: -517
[    0.115267] reg-fixed-voltage regulators:regulator@11: Failed to register regulator: -517
[    0.115484] +5V_HDMI_CON: Failed to request enable GPIO86: -517
[    0.115593] reg-fixed-voltage regulators:regulator@12: Failed to register regulator: -517
[    0.115807] +5V_SATA: Failed to request enable GPIO242: -517
[    0.115916] reg-fixed-voltage regulators:regulator@13: Failed to register regulator: -517
[    0.116129] +12V_SATA: Failed to request enable GPIO242: -517
[    0.116240] reg-fixed-voltage regulators:regulator@14: Failed to register regulator: -517
[    0.118938] vgaarb: loaded
[    0.119664] SCSI subsystem initialized
[    0.119843] libata version 3.00 loaded.
[    0.120167] usbcore: registered new interface driver usbfs
[    0.120232] usbcore: registered new interface driver hub
[    0.120305] usbcore: registered new device driver usb
[    0.123707] media: Linux media interface: v0.10
[    0.123769] Linux video capture interface: v2.00
[    0.123817] pps_core: LinuxPPS API ver. 1 registered
[    0.123826] pps_core: Software ver. 5.3.6 - Copyright 2005-2007 Rodolfo Giometti <giometti@linux.it>
[    0.123853] PTP clock support registered
[    0.124091] EDAC MC: Ver: 3.0.0
[    0.125311] Advanced Linux Sound Architecture Driver Initialized.
[    0.126360] Switched to clocksource arch_sys_counter
[    0.137723] NET: Registered protocol family 2
[    0.138313] TCP established hash table entries: 8192 (order: 3, 32768 bytes)
[    0.138402] TCP bind hash table entries: 8192 (order: 4, 65536 bytes)
[    0.138589] TCP: Hash tables configured (established 8192 bind 8192)
[    0.138638] UDP hash table entries: 512 (order: 2, 16384 bytes)
[    0.138680] UDP-Lite hash table entries: 512 (order: 2, 16384 bytes)
[    0.138858] NET: Registered protocol family 1
[    0.139100] RPC: Registered named UNIX socket transport module.
[    0.139110] RPC: Registered udp transport module.
[    0.139118] RPC: Registered tcp transport module.
[    0.139125] RPC: Registered tcp NFSv4.1 backchannel transport module.
[    0.139145] PCI: CLS 0 bytes, default 64
[    0.141428] futex hash table entries: 1024 (order: 4, 65536 bytes)
[    0.153365] squashfs: version 4.0 (2009/01/31) Phillip Lougher
[    0.154355] NFS: Registering the id_resolver key type
[    0.154387] Key type id_resolver registered
[    0.154396] Key type id_legacy registered
[    0.154463] ntfs: driver 2.1.32 [Flags: R/O].
[    0.155640] bounce: pool size: 64 pages
[    0.155869] Block layer SCSI generic (bsg) driver version 0.4 loaded (major 248)
[    0.155887] io scheduler noop registered
[    0.155903] io scheduler deadline registered
[    0.156113] io scheduler cfq registered (default)
[    0.172717] tegra-pcie 1003000.pcie-controller: 2x1, 1x1 configuration
[    0.172767] tegra-pcie 1003000.pcie-controller: Failed to get supply 'avddio-pex': -517
[    0.179343] tegra-apbdma 60020000.dma: Tegra20 APB DMA driver register 32 channels
[    0.180183] tegra-pmc 7000e400.pmc: emergency thermal reset enabled
[    0.244644] Serial: 8250/16550 driver, 4 ports, IRQ sharing disabled
[    0.246915] SuperH (H)SCI(F) driver initialized
[    0.247651] msm_serial: driver initialized
[    0.248514] console [ttyS0] disabled
[    0.248550] 70006300.serial: ttyS0 at MMIO 0x70006300 (irq = 331, base_baud = 25500000) is a Tegra
[    1.078042] console [ttyS0] enabled
[    1.082276] STMicroelectronics ASC driver initialized
[    1.089461] [drm] Initialized drm 1.1.0 20060810
[    1.095965] tegra-hdmi 54280000.hdmi: failed to get HDMI regulator
[    1.109095] loop: module loaded
[    1.112557] at24 0-0056: 256 byte 24c02 EEPROM, writable, 8 bytes/write
[    1.120472] as3722 4-0040: AS3722 with revision 0x1 found
[    1.143309] tegra-ahci 70027000.sata: couldn't get PHY in node sata: -517
[    1.154165] m25p80 spi32765.0: w25q32dw (4096 Kbytes)
[    1.162524] CAN device driver interface
[    1.167569] igb: Intel(R) Gigabit Ethernet Network Driver - version 5.2.15-k
[    1.174622] igb: Copyright (c) 2007-2014 Intel Corporation.
[    1.182338] pegasus: v0.9.3 (2013/04/25), Pegasus/Pegasus II USB Ethernet driver
[    1.189796] usbcore: registered new interface driver pegasus
[    1.195533] usbcore: registered new interface driver asix
[    1.200993] usbcore: registered new interface driver ax88179_178a
[    1.207146] usbcore: registered new interface driver cdc_ether
[    1.213058] usbcore: registered new interface driver smsc75xx
[    1.218884] usbcore: registered new interface driver smsc95xx
[    1.224692] usbcore: registered new interface driver net1080
[    1.230417] usbcore: registered new interface driver cdc_subset
[    1.236404] usbcore: registered new interface driver zaurus
[    1.242079] usbcore: registered new interface driver cdc_ncm
[    1.249358] ehci_hcd: USB 2.0 'Enhanced' Host Controller (EHCI) Driver
[    1.255900] ehci-pci: EHCI PCI platform driver
[    1.260408] ehci-platform: EHCI generic platform driver
[    1.265845] ehci-omap: OMAP-EHCI Host Controller driver
[    1.271224] ehci-orion: EHCI orion driver
[    1.275386] SPEAr-ehci: EHCI SPEAr driver
[    1.279552] ehci-st: EHCI STMicroelectronics driver
[    1.284586] ehci-exynos: EHCI EXYNOS driver
[    1.288947] tegra-ehci: Tegra EHCI driver
[    1.293153] ohci_hcd: USB 1.1 'Open' Host Controller (OHCI) Driver
[    1.299356] ohci-pci: OHCI PCI platform driver
[    1.303865] ohci-platform: OHCI generic platform driver
[    1.309264] ohci-omap3: OHCI OMAP3 driver
[    1.313427] SPEAr-ohci: OHCI SPEAr driver
[    1.317594] ohci-st: OHCI STMicroelectronics driver
[    1.322702] usbcore: registered new interface driver usb-storage
[    1.330201] mousedev: PS/2 mouse device common for all mice
[    1.339674] as3722-rtc as3722-rtc: rtc core: registered as3722-rtc as rtc0
[    1.346563] as3722-rtc as3722-rtc: RTC interrupt 363
[    1.354767] tegra_rtc 7000e000.rtc: rtc core: registered 7000e000.rtc as rtc1
[    1.361960] tegra_rtc 7000e000.rtc: Tegra internal Real Time Clock
[    1.368741] i2c /dev entries driver
[    1.375108] usbcore: registered new interface driver uvcvideo
[    1.380866] USB Video Class driver (1.1.1)
[    1.384974] gspca_main: v2.14.0 registered
[    1.390577] 0-004c supply vcc not found, using dummy regulator
[    1.401173] sdhci: Secure Digital Host Controller Interface driver
[    1.407367] sdhci: Copyright(c) Pierre Ossman
[    1.413118] Synopsys Designware Multimedia Card Interface Driver
[    1.420200] sdhci-pltfm: SDHCI platform and OF driver helper
[    1.426556] sdhci-tegra 700b0400.sdhci: Got CD GPIO
[    1.431461] sdhci-tegra 700b0400.sdhci: Got WP GPIO
[    1.436397] mmc0: Unknown controller version (3). You may experience problems.
[    1.443737] as3722-regulator as3722-regulator: Failed to resolve vin-ldo1-6-supply for as3722-ldo6
[    1.452702] sdhci-tegra 700b0400.sdhci: No vmmc regulator found
[    1.458780] mmc0: Unknown controller version (3). You may experience problems.
[    1.466066] sdhci-tegra 700b0600.sdhci: No vmmc regulator found
[    1.471999] sdhci-tegra 700b0600.sdhci: No vqmmc regulator found
[    1.478010] mmc0: Invalid maximum block size, assuming 512 bytes
[    1.516384] mmc0: SDHCI controller on 700b0600.sdhci [700b0600.sdhci] using ADMA 64-bit
[    1.525476] ledtrig-cpu: registered to indicate activity on CPUs
[    1.531718] usbcore: registered new interface driver usbhid
[    1.537299] usbhid: USB HID core driver
[    1.544614] usbcore: registered new interface driver snd-usb-audio
[    1.590341] mmc0: MAN_BKOPS_EN bit is not set
[    1.597921] mmc0: new high speed MMC card at address 0001
[    1.603675] mmcblk0: mmc0:0001 SEM16G 14.6 GiB 
[    1.608325] mmcblk0boot0: mmc0:0001 SEM16G partition 1 4.00 MiB
[    1.614362] mmcblk0boot1: mmc0:0001 SEM16G partition 2 4.00 MiB
[    1.620392] mmcblk0rpmb: mmc0:0001 SEM16G partition 3 4.00 MiB
[    1.628199] Primary GPT is invalid, using alternate GPT.
[    1.633553]  mmcblk0: p1 p2 p3 p4 p5 p6 p7 p8 p9
[    1.969359] tegra30-i2s 70301100.i2s: DMA channels sourced from device 70300000.ahub
[    1.985926] tegra-snd-rt5640 sound: rt5640-aif1 <-> 70301100.i2s mapping ok
[    1.995697] input: NVIDIA Tegra Jetson TK1 Headphones as /devices/soc0/sound/sound/card0/input0
[    2.005826] NET: Registered protocol family 17
[    2.010308] can: controller area network core (rev 20120528 abi 9)
[    2.016560] NET: Registered protocol family 29
[    2.021008] can: raw protocol (rev 20120528)
[    2.025295] can: broadcast manager protocol (rev 20120528 t)
[    2.030973] can: netlink gateway (rev 20130117) max_hops=1
[    2.036870] Key type dns_resolver registered
[    2.041753] ThumbEE CPU extension supported.
[    2.046033] Registering SWP/SWPB emulation handler
[    2.060581] tegra-pcie 1003000.pcie-controller: 2x1, 1x1 configuration
[    2.067268] +5V_SYS: supplied by +VDD_MUX
[    2.071326] +1.05V_RUN: supplied by +5V_SYS
[    2.075844] +3.3V_SYS: supplied by +VDD_MUX
[    2.080107] +3.3V_LP0: supplied by +3.3V_SYS
[    2.084711] +1.35V_LP0(sd2): supplied by +5V_SYS
[    2.089408] +1.05V_RUN_AVDD: supplied by +1.35V_LP0(sd2)
[    2.094959] tegra-pcie 1003000.pcie-controller: failed to get PHY: -517
[    2.101594] tegra-pcie 1003000.pcie-controller: failed to request resources: -517
[    2.110671] +5V_HDMI_CON: supplied by +5V_SYS
[    2.115233] +1.05V_RUN_AVDD_HDMI_PLL: supplied by +1.05V_RUN
[    2.121102] +3.3V_RUN: supplied by +3.3V_SYS
[    2.125452] +3.3V_AVDD_HDMI_AP_GATED: supplied by +3.3V_RUN
[    2.133158] [drm] Supports vblank timestamp caching Rev 2 (21.10.2013).
[    2.139843] [drm] No driver support for vblank timestamp query.
[    2.244682] tegra-hdmi 54280000.hdmi: cannot set audio to 44100 at 297000000 pclk
[    2.355277] Console: switching to colour frame buffer device 512x135
[    2.450034] drm drm: fb0:  frame buffer device
[    2.454520] drm drm: registered panic notifier
[    2.471538] [drm] Initialized tegra 0.0.0 20120330 on minor 0
[    2.478116] tegra-ahci 70027000.sata: couldn't get PHY in node sata: -517
[    2.486118] sdhci-tegra 700b0400.sdhci: Got CD GPIO
[    2.491022] sdhci-tegra 700b0400.sdhci: Got WP GPIO
[    2.495956] mmc1: Unknown controller version (3). You may experience problems.
[    2.503469] +VDDIO_SDMMC3: supplied by +3.3V_RUN
[    2.508238] sdhci-tegra 700b0400.sdhci: No vmmc regulator found
[    2.514206] mmc1: Invalid maximum block size, assuming 512 bytes
[    2.556946] mmc1: SDHCI controller on 700b0400.sdhci [700b0400.sdhci] using ADMA 64-bit
[    2.567583] tegra-pcie 1003000.pcie-controller: 2x1, 1x1 configuration
[    2.574808] tegra-pcie 1003000.pcie-controller: failed to get PHY: -517
[    2.581476] tegra-pcie 1003000.pcie-controller: failed to request resources: -517
[    2.590697] tegra-ahci 70027000.sata: couldn't get PHY in node sata: -517
[    2.599124] input: gpio-keys as /devices/soc0/gpio-keys/input/input1
[    2.606382] as3722-rtc as3722-rtc: setting system clock to 2000-02-01 00:00:16 UTC (949363216)
[    2.608980] tegra-pcie 1003000.pcie-controller: 2x1, 1x1 configuration
[    2.609563] tegra-pcie 1003000.pcie-controller: failed to get PHY: -517
[    2.609570] tegra-pcie 1003000.pcie-controller: failed to request resources: -517
[    2.611146] tegra-ahci 70027000.sata: couldn't get PHY in node sata: -517
[    2.654092] +12V_SATA: disabling
[    2.657364] +5V_SATA: disabling
[    2.660515] +5V_USB_HS: disabling
[    2.663871] +USB0_VBUS_SW: disabling
[    2.667516] +1.8V_RUN_VPP_FUSE: disabling
[    2.671723] +2.8V_RUN_CAM_AF: disabling
[    2.675918] +3.3V_RUN_TOUCH: disabling
[    2.679833] +1.05V_RUN_CAM_REAR: disabling
[    2.684131] +1.2V_RUN_CAM_FRONT: disabling
[    2.688414] +2.8V_RUN_CAM: disabling
[    2.692123] +1.8V_RUN_CAM: disabling
[    2.696166] ALSA device list:
[    2.699147]   #0: NVIDIA Tegra Jetson TK1
[    2.704474] EXT4-fs (mmcblk0p1): couldn't mount as ext3 due to feature incompatibilities
[    2.713291] EXT4-fs (mmcblk0p1): couldn't mount as ext2 due to feature incompatibilities
[    2.727863] EXT4-fs (mmcblk0p1): recovery complete
[    2.732725] EXT4-fs (mmcblk0p1): mounted filesystem with ordered data mode. Opts: (null)
[    2.740904] VFS: Mounted root (ext4 filesystem) on device 179:1.
[    2.751511] devtmpfs: mounted
[    2.755138] Freeing unused kernel memory: 816K (c0d5e000 - c0e2a000)
bash: cannot set terminal process group (-1): Inappropriate ioctl for device
bash: no job control in this shell
root@(none):/# 