
U-Boot SPL 2014.01-00219-gc4d376f (Feb 18 2014 - 19:57:18)


U-Boot 2014.01-00219-gc4d376f (Feb 18 2014 - 19:57:18)

TEGRA30
Board: NVIDIA Beaver
I2C:   ready
DRAM:  2 GiB
MMC:   Tegra SD/MMC: 0, Tegra SD/MMC: 1
In:    serial
Out:   serial
Err:   serial
Net:   Net Initialization Skipped
No ethernet found.
Hit any key to stop autoboot:  2  0 
Tegra30 (Beaver) # 
Tegra30 (Beaver) # usb reset
(Re)start USB...
USB0:   USB EHCI 1.00
scanning bus 0 for devices... 2 USB Device(s) found
       scanning usb for storage devices... 0 Storage Device(s) found
       scanning usb for ethernet devices... 
Warning: asx0 using MAC address from net device
1 Ethernet Device(s) found
Tegra30 (Beaver) # setenv bootargs 'ignore_loglevel console=ttyS0,115200n8 rw root=PARTUUID=edbe1840-3633-c751-7993-b0ac834f81e0 rootwait gpt debug noinitrd earlyprintk init=/bin/bash'
Tegra30 (Beaver) # setenv ipaddr 192.168.100.101; setenv serverip 192.168.100.1; setenv tftpserverip 192.168.100.1
Tegra30 (Beaver) # tftpboot 0x81000000 zImage.multi_v7_defconfig
Using asx0 device
TFTP from server 192.168.100.1; our IP address is 192.168.100.101
Filename 'zImage.multi_v7_defconfig'.
Load address: 0x81000000
Loading: *#################################################################
	 #################################################################
	 #################################################################
	 #################################################################
	 #################################################################
	 #################################################################
	 #################################################################
	 ######################################################
	 3.2 MiB/s
done
Bytes transferred = 7468384 (71f560 hex)
Tegra30 (Beaver) # tftpboot 0x82000000 tegra30-beaver.dtb
Using asx0 device
TFTP from server 192.168.100.1; our IP address is 192.168.100.101
Filename 'tegra30-beaver.dtb'.
Load address: 0x82000000
Loading: *####
	 2.9 MiB/s
done
Bytes transferred = 51804 (ca5c hex)
Tegra30 (Beaver) # bootz 0x81000000 - 0x82000000
Kernel image @ 0x81000000 [ 0x000000 - 0x71f560 ]
## Flattened Device Tree blob at 82000000
   Booting using the fdt blob at 0x82000000
   Loading Device Tree to 8fff0000, end 8ffffa5b ... OK

Starting kernel ...

[    0.000000] Booting Linux on physical CPU 0x0
[    0.000000] Linux version 4.10.0-rc5-next-20170125-148138-gf37208bc (pwalmsley@sellafield) (gcc version 4.7.3 20130328 (prerelease) (crosstool-NG linaro-1.13.1-4.7-2013.04-20130415 - Linaro GCC 2013.04) ) #1 SMP Thu Jan 26 06:25:24 PST 2017
[    0.000000] CPU: ARMv7 Processor [412fc099] revision 9 (ARMv7), cr=10c5387d
[    0.000000] CPU: PIPT / VIPT nonaliasing data cache, VIPT aliasing instruction cache
[    0.000000] OF: fdt:Machine model: NVIDIA Tegra30 Beaver evaluation board
[    0.000000] debug: ignoring loglevel setting.
[    0.000000] efi: Getting EFI parameters from FDT:
[    0.000000] efi: UEFI not found.
[    0.000000] cma: Reserved 64 MiB at 0xfb800000
[    0.000000] Memory policy: Data cache writealloc
[    0.000000] On node 0 totalpages: 524032
[    0.000000] free_area_init_node: node 0, pgdat c1436d40, node_mem_map eeff8000
[    0.000000]   DMA zone: 1536 pages used for memmap
[    0.000000]   DMA zone: 0 pages reserved
[    0.000000]   DMA zone: 196608 pages, LIFO batch:31
[    0.000000]   HighMem zone: 327424 pages, LIFO batch:31
[    0.000000] percpu: Embedded 16 pages/cpu @eef8c000 s34304 r8192 d23040 u65536
[    0.000000] pcpu-alloc: s34304 r8192 d23040 u65536 alloc=16*4096
[    0.000000] pcpu-alloc: [0] 0 [0] 1 [0] 2 [0] 3 
[    0.000000] Built 1 zonelists in Zone order, mobility grouping on.  Total pages: 522496
[    0.000000] Kernel command line: ignore_loglevel console=ttyS0,115200n8 rw root=PARTUUID=edbe1840-3633-c751-7993-b0ac834f81e0 rootwait gpt debug noinitrd earlyprintk init=/bin/bash
[    0.000000] PID hash table entries: 4096 (order: 2, 16384 bytes)
[    0.000000] Dentry cache hash table entries: 131072 (order: 7, 524288 bytes)
[    0.000000] Inode-cache hash table entries: 65536 (order: 6, 262144 bytes)
[    0.000000] Memory: 1994724K/2096128K available (9216K kernel code, 1250K rwdata, 4180K rodata, 2048K init, 534K bss, 35868K reserved, 65536K cma-reserved, 1244160K highmem)
[    0.000000] Virtual kernel memory layout:
[    0.000000]     vector  : 0xffff0000 - 0xffff1000   (   4 kB)
[    0.000000]     fixmap  : 0xffc00000 - 0xfff00000   (3072 kB)
[    0.000000]     vmalloc : 0xf0800000 - 0xff800000   ( 240 MB)
[    0.000000]     lowmem  : 0xc0000000 - 0xf0000000   ( 768 MB)
[    0.000000]     pkmap   : 0xbfe00000 - 0xc0000000   (   2 MB)
[    0.000000]     modules : 0xbf000000 - 0xbfe00000   (  14 MB)
[    0.000000]       .text : 0xc0208000 - 0xc0c00000   (10208 kB)
[    0.000000]       .init : 0xc1100000 - 0xc1300000   (2048 kB)
[    0.000000]       .data : 0xc1300000 - 0xc1438840   (1251 kB)
[    0.000000]        .bss : 0xc143a000 - 0xc14bfa30   ( 535 kB)
[    0.000000] SLUB: HWalign=64, Order=0-3, MinObjects=0, CPUs=4, Nodes=1
[    0.000000] Hierarchical RCU implementation.
[    0.000000] 	RCU debugfs-based tracing is enabled.
[    0.000000] 	Build-time adjustment of leaf fanout to 32.
[    0.000000] 	RCU restricting CPUs from NR_CPUS=16 to nr_cpu_ids=4.
[    0.000000] RCU: Adjusting geometry for rcu_fanout_leaf=32, nr_cpu_ids=4
[    0.000000] NR_IRQS:16 nr_irqs:16 16
[    0.000000] /interrupt-controller@60004000: 160 interrupts forwarded to /interrupt-controller@50041000
[    0.000000] L2C: platform modifies aux control register: 0x02080000 -> 0x3e480001
[    0.000000] L2C: DT/platform modifies aux control register: 0x02080000 -> 0x3e480001
[    0.000000] L2C-310 erratum 769419 enabled
[    0.000000] L2C-310 enabling early BRESP for Cortex-A9
[    0.000000] L2C-310: enabling full line of zeros but not enabled in Cortex-A9
[    0.000000] L2C-310 dynamic clock gating enabled, standby mode enabled
[    0.000000] L2C-310 cache controller enabled, 8 ways, 1024 kB
[    0.000000] L2C-310: CACHE_ID 0x410000c7, AUX_CTRL 0x4e480001
[    0.000013] sched_clock: 32 bits at 1000kHz, resolution 1000ns, wraps every 2147483647500ns
[    0.000030] clocksource: timer_us: mask: 0xffffffff max_cycles: 0xffffffff, max_idle_ns: 1911260446275 ns
[    0.000039] Switching to timer-based delay loop, resolution 1000ns
[    0.002758] Console: colour dummy device 80x30
[    0.002786] Calibrating delay loop (skipped), value calculated using timer frequency.. 2.00 BogoMIPS (lpj=10000)
[    0.002796] pid_max: default: 32768 minimum: 301
[    0.002870] Mount-cache hash table entries: 2048 (order: 1, 8192 bytes)
[    0.002877] Mountpoint-cache hash table entries: 2048 (order: 1, 8192 bytes)
[    0.003272] CPU: Testing write buffer coherency: ok
[    0.003587] CPU0: thread -1, cpu 0, socket 0, mpidr 80000000
[    0.003747] Setting up static identity map for 0x80300000 - 0x80300098
[    0.006345] Tegra Revision: A03 SKU: 128 CPU Process: 4 SoC Process: 0
[    0.006838] EFI services will not be available.
[    0.006992] smp: Bringing up secondary CPUs ...
[    0.010370] CPU1: thread -1, cpu 1, socket 0, mpidr 80000001
[    0.020332] CPU2: thread -1, cpu 2, socket 0, mpidr 80000002
[    0.030327] CPU3: thread -1, cpu 3, socket 0, mpidr 80000003
[    0.030370] smp: Brought up 1 node, 4 CPUs
[    0.030383] SMP: Total of 4 processors activated (8.00 BogoMIPS).
[    0.030389] CPU: All CPU(s) started in SVC mode.
[    0.031080] devtmpfs: initialized
[    0.039134] VFP support v0.3: implementor 41 architecture 3 part 30 variant 9 rev 4
[    0.039540] clocksource: jiffies: mask: 0xffffffff max_cycles: 0xffffffff, max_idle_ns: 19112604462750000 ns
[    0.042864] pinctrl core: initialized pinctrl subsystem
[    0.044481] NET: Registered protocol family 16
[    0.046760] DMA: preallocated 256 KiB pool for atomic coherent allocations
[    0.048392] cpuidle: using governor menu
[    0.062472] No ATAGs?
[    0.062586] hw-breakpoint: found 5 (+1 reserved) breakpoint and 1 watchpoint registers.
[    0.062597] hw-breakpoint: maximum watchpoint size is 4 bytes.
[    0.066362] Serial: AMBA PL011 UART driver
[    0.066818] tegra-mc 7000f000.memory-controller: no memory timings for RAM code 3 registered
[    0.075550] vdd_5v_sata: Failed to request enable GPIO30: -517
[    0.075564] reg-fixed-voltage regulators:regulator@3: Failed to register regulator: -517
[    0.075608] usb1_vbus: Failed to request enable GPIO238: -517
[    0.075616] reg-fixed-voltage regulators:regulator@4: Failed to register regulator: -517
[    0.075660] usb3_vbus: Failed to request enable GPIO236: -517
[    0.075667] reg-fixed-voltage regulators:regulator@5: Failed to register regulator: -517
[    0.075753] sys_3v3_pexs: Failed to request enable GPIO95: -517
[    0.075761] reg-fixed-voltage regulators:regulator@7: Failed to register regulator: -517
[    0.077607] vgaarb: loaded
[    0.078053] SCSI subsystem initialized
[    0.078165] libata version 3.00 loaded.
[    0.078304] usbcore: registered new interface driver usbfs
[    0.078349] usbcore: registered new interface driver hub
[    0.078381] usbcore: registered new device driver usb
[    0.085411] vrtc: supplied by vdd_5v_in
[    0.088704] vio: supplied by vdd_5v_in
[    0.091815] vdd1: supplied by vdd_5v_in
[    0.093182] vddio_ddr_1v2: Bringing 600000uV into 1200000-1200000uV
[    0.101838] vdd2: supplied by vdd_5v_in
[    0.121817] ldo1: supplied by vdd_1v5_gen
[    0.124205] ldo2: supplied by vdd_1v5_gen
[    0.124677] vdd_sata,avdd_plle: Bringing 1200000uV into 1050000-1050000uV
[    0.126916] ldo3: supplied by vdd_5v_in
[    0.129270] ldo4: supplied by vdd_5v_in
[    0.131819] ldo5: supplied by vdd_5v_in
[    0.141811] ldo6: supplied by vdd_1v8_gen
[    0.142281] avdd_dsi_csi,pwrdet_mipi: Bringing 1000000uV into 1200000-1200000uV
[    0.144529] ldo7: supplied by vdd_1v8_gen
[    0.151821] ldo8: supplied by vdd_1v8_gen
[    0.161894] pps_core: LinuxPPS API ver. 1 registered
[    0.161900] pps_core: Software ver. 5.3.6 - Copyright 2005-2007 Rodolfo Giometti <giometti@linux.it>
[    0.161913] PTP clock support registered
[    0.162048] EDAC MC: Ver: 3.0.0
[    0.163576] clocksource: Switched to clocksource timer_us
[    0.168837] NET: Registered protocol family 2
[    0.169212] TCP established hash table entries: 8192 (order: 3, 32768 bytes)
[    0.169267] TCP bind hash table entries: 8192 (order: 4, 65536 bytes)
[    0.169350] TCP: Hash tables configured (established 8192 bind 8192)
[    0.169469] UDP hash table entries: 512 (order: 2, 16384 bytes)
[    0.169528] UDP-Lite hash table entries: 512 (order: 2, 16384 bytes)
[    0.169682] NET: Registered protocol family 1
[    0.170011] RPC: Registered named UNIX socket transport module.
[    0.170019] RPC: Registered udp transport module.
[    0.170023] RPC: Registered tcp transport module.
[    0.170028] RPC: Registered tcp NFSv4.1 backchannel transport module.
[    0.170036] PCI: CLS 0 bytes, default 64
[    0.170808] hw perfevents: enabled with armv7_cortex_a9 PMU driver, 7 counters available
[    0.171658] futex hash table entries: 1024 (order: 4, 65536 bytes)
[    0.172113] workingset: timestamp_bits=30 max_order=19 bucket_order=0
[    0.176877] squashfs: version 4.0 (2009/01/31) Phillip Lougher
[    0.177292] NFS: Registering the id_resolver key type
[    0.177317] Key type id_resolver registered
[    0.177322] Key type id_legacy registered
[    0.177350] ntfs: driver 2.1.32 [Flags: R/O].
[    0.178399] bounce: pool size: 64 pages
[    0.178521] Block layer SCSI generic (bsg) driver version 0.4 loaded (major 248)
[    0.178529] io scheduler noop registered
[    0.178534] io scheduler deadline registered
[    0.178621] io scheduler cfq registered (default)
[    0.178626] io scheduler mq-deadline registered
[    0.184419] tegra30-pinctrl 70000868.pinmux: invalid group "sdmmc3_dat6_pd3" for function "rsvd1"
[    0.184435] tegra30-pinctrl 70000868.pinmux: invalid group "sdmmc3_dat7_pd4" for function "rsvd1"
[    0.184450] tegra30-pinctrl 70000868.pinmux: invalid group "vi_vsync_pd6" for function "rsvd1"
[    0.184459] tegra30-pinctrl 70000868.pinmux: invalid group "vi_hsync_pd7" for function "rsvd1"
[    0.184893] tegra30-pinctrl 70000868.pinmux: invalid group "hdmi_int_pn7" for function "rsvd1"
[    0.184935] tegra30-pinctrl 70000868.pinmux: invalid group "ulpi_data3_po4" for function "rsvd1"
[    0.185249] tegra30-pinctrl 70000868.pinmux: invalid group "vi_d10_pt2" for function "rsvd1"
[    0.185261] tegra30-pinctrl 70000868.pinmux: invalid group "vi_d11_pt3" for function "rsvd1"
[    0.185273] tegra30-pinctrl 70000868.pinmux: invalid group "vi_d0_pt4" for function "rsvd1"
[    0.185312] tegra30-pinctrl 70000868.pinmux: invalid group "pu0" for function "rsvd1"
[    0.185347] tegra30-pinctrl 70000868.pinmux: invalid group "pu3" for function "rsvd1"
[    0.185376] tegra30-pinctrl 70000868.pinmux: invalid group "pu6" for function "rsvd1"
[    0.185415] tegra30-pinctrl 70000868.pinmux: invalid group "pv3" for function "rsvd1"
[    0.185886] tegra30-pinctrl 70000868.pinmux: invalid group "pbb0" for function "rsvd1"
[    0.185995] tegra30-pinctrl 70000868.pinmux: invalid group "pcc1" for function "rsvd1"
[    0.191015] tegra-pcie 3000.pcie-controller: 2x3 configuration
[    0.191159] tegra-pcie 3000.pcie-controller: Failed to get supply 'hvdd-pex': -517
[    0.196233] tegra-apbdma 6000a000.dma: Tegra20 APB DMA driver register 32 channels
[    0.197344] tegra-pmc 7000e400.pmc: i2c-thermtrip node not found, emergency thermal reset disabled.
[    0.229262] Serial: 8250/16550 driver, 4 ports, IRQ sharing disabled
[    0.231389] console [ttyS0] disabled
[    0.231430] 70006000.serial: ttyS0 at MMIO 0x70006000 (irq = 331, base_baud = 25500000) is a Tegra
[    1.242109] console [ttyS0] enabled
[    1.246147] SuperH (H)SCI(F) driver initialized
[    1.251220] msm_serial: driver initialized
[    1.255436] STMicroelectronics ASC driver initialized
[    1.264429] tegra-hdmi 54280000.hdmi: failed to get HDMI regulator
[    1.278588] brd: module loaded
[    1.285653] loop: module loaded
[    1.293822] m25p80 spi32766.1: w25q32 (4096 Kbytes)
[    1.300511] libphy: Fixed MDIO Bus: probed
[    1.305242] CAN device driver interface
[    1.309588] bgmac_bcma: Broadcom 47xx GBit MAC driver loaded
[    1.316009] e1000e: Intel(R) PRO/1000 Network Driver - 3.2.6-k
[    1.321827] e1000e: Copyright(c) 1999 - 2015 Intel Corporation.
[    1.327773] igb: Intel(R) Gigabit Ethernet Network Driver - version 5.4.0-k
[    1.334730] igb: Copyright (c) 2007-2014 Intel Corporation.
[    1.342127] pegasus: v0.9.3 (2013/04/25), Pegasus/Pegasus II USB Ethernet driver
[    1.349564] usbcore: registered new interface driver pegasus
[    1.355244] usbcore: registered new interface driver asix
[    1.360653] usbcore: registered new interface driver ax88179_178a
[    1.366757] usbcore: registered new interface driver cdc_ether
[    1.372599] usbcore: registered new interface driver smsc75xx
[    1.378365] usbcore: registered new interface driver smsc95xx
[    1.384122] usbcore: registered new interface driver net1080
[    1.389783] usbcore: registered new interface driver cdc_subset
[    1.395714] usbcore: registered new interface driver zaurus
[    1.401309] usbcore: registered new interface driver cdc_ncm
[    1.408288] ehci_hcd: USB 2.0 'Enhanced' Host Controller (EHCI) Driver
[    1.414817] ehci-pci: EHCI PCI platform driver
[    1.419273] ehci-platform: EHCI generic platform driver
[    1.424610] ehci-orion: EHCI orion driver
[    1.428677] SPEAr-ehci: EHCI SPEAr driver
[    1.432746] ehci-st: EHCI STMicroelectronics driver
[    1.437692] ehci-exynos: EHCI EXYNOS driver
[    1.441945] ehci-atmel: EHCI Atmel driver
[    1.446022] tegra-ehci: Tegra EHCI driver
[    1.450306] ohci_hcd: USB 1.1 'Open' Host Controller (OHCI) Driver
[    1.456492] ohci-pci: OHCI PCI platform driver
[    1.460951] ohci-platform: OHCI generic platform driver
[    1.466268] ohci-omap3: OHCI OMAP3 driver
[    1.470342] SPEAr-ohci: OHCI SPEAr driver
[    1.474426] ohci-st: OHCI STMicroelectronics driver
[    1.479360] ohci-atmel: OHCI Atmel driver
[    1.483781] usbcore: registered new interface driver usb-storage
[    1.490665] mousedev: PS/2 mouse device common for all mice
[    1.497918] tegra_rtc 7000e000.rtc: rtc core: registered 7000e000.rtc as rtc1
[    1.505087] tegra_rtc 7000e000.rtc: Tegra internal Real Time Clock
[    1.513942] random: fast init done
[    1.527220] tps65910-rtc tps65910-rtc: rtc core: registered tps65910-rtc as rtc0
[    1.534803] i2c /dev entries driver
[    1.545693] sdhci: Secure Digital Host Controller Interface driver
[    1.551858] sdhci: Copyright(c) Pierre Ossman
[    1.557101] Synopsys Designware Multimedia Card Interface Driver
[    1.563724] sdhci-pltfm: SDHCI platform and OF driver helper
[    1.569861] sdhci-tegra 78000000.sdhci: Got CD GPIO
[    1.574751] sdhci-tegra 78000000.sdhci: Got WP GPIO
[    1.580862] mmc0: Invalid maximum block size, assuming 512 bytes
[    1.653660] mmc0: SDHCI controller on 78000000.sdhci [78000000.sdhci] using ADMA
[    1.662246] mmc1: Invalid maximum block size, assuming 512 bytes
[    1.723582] mmc1: SDHCI controller on 78000600.sdhci [78000600.sdhci] using ADMA
[    1.732209] ledtrig-cpu: registered to indicate activity on CPUs
[    1.742497] usbcore: registered new interface driver usbhid
[    1.748077] usbhid: USB HID core driver
[    1.756220] NET: Registered protocol family 10
[    1.765320] Segment Routing with IPv6
[    1.769021] sit: IPv6, IPv4 and MPLS over IPv4 tunneling driver
[    1.775360] NET: Registered protocol family 17
[    1.779797] can: controller area network core (rev 20120528 abi 9)
[    1.786024] NET: Registered protocol family 29
[    1.790456] can: raw protocol (rev 20120528)
[    1.794724] can: broadcast manager protocol (rev 20161123 t)
[    1.800371] can: netlink gateway (rev 20130117) max_hops=1
[    1.806107] Key type dns_resolver registered
[    1.810756] ThumbEE CPU extension supported.
[    1.815033] Registering SWP/SWPB emulation handler
[    1.841123] vdd_ddr: supplied by vdd_5v_in
[    1.846083] vdd_5v_sata: supplied by vdd_5v_in
[    1.850818] usb1_vbus: supplied by vdd_5v_in
[    1.855423] usb3_vbus: supplied by vdd_5v_in
[    1.860889] sys_3v3,vdd_3v3_alw: supplied by vdd_5v_in
[    1.866808] sys_3v3_pexs: supplied by sys_3v3,vdd_3v3_alw
[    1.872376] +VDD_5V_HDMI: supplied by sys_3v3,vdd_3v3_alw
[    1.878448] tegra-pcie 3000.pcie-controller: 2x3 configuration
[    1.886885] tegra-pcie 3000.pcie-controller: probing port 0, using 2 lanes
[    1.899754] mmc1: new high speed MMC card at address 0001
[    1.907602] mmcblk1: mmc1:0001 SEM16G 14.8 GiB 
[    1.914203] mmcblk1boot0: mmc1:0001 SEM16G partition 1 1.00 MiB
[    1.921195] mmcblk1boot1: mmc1:0001 SEM16G partition 2 1.00 MiB
[    1.928628] mmcblk1rpmb: mmc1:0001 SEM16G partition 3 128 KiB
[    1.940886] mmc0: new ultra high speed DDR50 SDHC card at address aaaa
[    1.947627] Primary GPT is invalid, using alternate GPT.
[    1.952891] tegra-pcie 3000.pcie-controller: probing port 2, using 2 lanes
[    1.959807]  mmcblk1: p1 p2 p3 p4 p5
[    1.963977] mmcblk0: mmc0:aaaa SS04G 3.69 GiB 
[    1.990401]  mmcblk0: p1 p2 p3
[    2.356734] tegra-pcie 3000.pcie-controller: link 2 down, retrying
[    2.766697] tegra-pcie 3000.pcie-controller: link 2 down, retrying
[    3.175819] tegra-pcie 3000.pcie-controller: link 2 down, retrying
[    3.183998] tegra-pcie 3000.pcie-controller: link 2 down, ignoring
[    3.190279] tegra-pcie 3000.pcie-controller: PCI host bridge to bus 0000:00
[    3.197247] pci_bus 0000:00: root bus resource [io  0x0000-0xffff]
[    3.203412] pci_bus 0000:00: root bus resource [mem 0x20000000-0x27ffffff]
[    3.210279] pci_bus 0000:00: root bus resource [mem 0x28000000-0x3fffffff pref]
[    3.217579] pci_bus 0000:00: root bus resource [bus 00-ff]
[    3.223075] pci 0000:00:01.0: [10de:0e1c] type 01 class 0x060400
[    3.229127] pci_bus 0000:00: 2-byte config write to 0000:00:01.0 offset 0x52 may corrupt adjacent RW1C bits
[    3.238873] pci 0000:00:01.0: PME# supported from D0 D1 D2 D3hot D3cold
[    3.245481] pci_bus 0000:00: 2-byte config write to 0000:00:01.0 offset 0x4c may corrupt adjacent RW1C bits
[    3.255358] pci_bus 0000:00: 2-byte config write to 0000:00:01.0 offset 0x3e may corrupt adjacent RW1C bits
[    3.265090] pci_bus 0000:00: 2-byte config write to 0000:00:01.0 offset 0x4 may corrupt adjacent RW1C bits
[    3.274731] pci_bus 0000:00: 1-byte config write to 0000:00:01.0 offset 0xc may corrupt adjacent RW1C bits
[    3.284368] PCI: bus0: Fast back to back transfers disabled
[    3.289928] pci 0000:00:01.0: bridge configuration invalid ([bus 00-00]), reconfiguring
[    3.297922] pci_bus 0000:00: 2-byte config write to 0000:00:01.0 offset 0x3e may corrupt adjacent RW1C bits
[    3.307649] pci_bus 0000:00: 2-byte config write to 0000:00:01.0 offset 0x3e may corrupt adjacent RW1C bits
[    3.317376] pci_bus 0000:00: 2-byte config write to 0000:00:01.0 offset 0x3e may corrupt adjacent RW1C bits
[    3.327103] pci_bus 0000:00: 2-byte config write to 0000:00:01.0 offset 0x6 may corrupt adjacent RW1C bits
[    3.336834] pci 0000:01:00.0: [10ec:8168] type 00 class 0x020000
[    3.342840] pci 0000:01:00.0: reg 0x10: [io  0x0000-0x00ff]
[    3.348425] pci 0000:01:00.0: reg 0x18: [mem 0x00000000-0x00000fff 64bit pref]
[    3.355648] pci 0000:01:00.0: reg 0x20: [mem 0x00000000-0x00003fff 64bit pref]
[    3.362884] pci_bus 0000:01: 2-byte config write to 0000:01:00.0 offset 0x52 may corrupt adjacent RW1C bits
[    3.372654] pci 0000:01:00.0: supports D1 D2
[    3.376919] pci 0000:01:00.0: PME# supported from D0 D1 D2 D3hot D3cold
[    3.413595] PCI: bus1: Fast back to back transfers disabled
[    3.419157] pci_bus 0000:01: busn_res: [bus 01-ff] end is updated to 01
[    3.425835] pci 0000:00:01.0: BAR 9: assigned [mem 0x28000000-0x280fffff 64bit pref]
[    3.433573] pci 0000:00:01.0: BAR 7: assigned [io  0x1000-0x1fff]
[    3.439654] pci 0000:01:00.0: BAR 4: assigned [mem 0x28000000-0x28003fff 64bit pref]
[    3.447400] pci 0000:01:00.0: BAR 2: assigned [mem 0x28004000-0x28004fff 64bit pref]
[    3.455143] pci 0000:01:00.0: BAR 0: assigned [io  0x1000-0x10ff]
[    3.461225] pci 0000:00:01.0: PCI bridge to [bus 01]
[    3.466185] pci 0000:00:01.0:   bridge window [io  0x1000-0x1fff]
[    3.472265] pci 0000:00:01.0:   bridge window [mem 0x28000000-0x280fffff 64bit pref]
[    3.480013] pci 0000:00:01.0: nv_msi_ht_cap_quirk didn't locate host bridge
[    3.487030] pcieport 0000:00:01.0: enabling device (0140 -> 0143)
[    3.493305] pcieport 0000:00:01.0: Signaling PME with IRQ 374
[    3.499244] r8169 Gigabit Ethernet driver 2.3LK-NAPI loaded
[    3.504833] r8169 0000:01:00.0: enabling device (0140 -> 0143)
[    3.511594] r8169 0000:01:00.0 eth0: RTL8168evl/8111evl at 0xf0afe000, 02:04:4b:01:60:a6, XID 0c900800 IRQ 375
[    3.521598] r8169 0000:01:00.0 eth0: jumbo features [frames: 9200 bytes, tx checksumming: ko]
[    3.533153] [drm] Supports vblank timestamp caching Rev 2 (21.10.2013).
[    3.539771] [drm] No driver support for vblank timestamp query.
[    3.545714] [drm] Cannot find any crtc or sizes - going 1024x768
[    3.570517] Console: switching to colour frame buffer device 128x48
[    3.583234] drm drm: fb0:  frame buffer device
[    3.587735] [drm] Initialized tegra 0.0.0 20120330 for drm on minor 0
[    3.599638] utmi_phy_clk_enable: timeout waiting for phy to stabilize
[    3.606128] tegra-ehci 7d004000.usb: EHCI Host Controller
[    3.611533] tegra-ehci 7d004000.usb: new USB bus registered, assigned bus number 1
[    3.619348] tegra-ehci 7d004000.usb: irq 343, io mem 0x7d004000
[    3.653588] tegra-ehci 7d004000.usb: USB 2.0 started, EHCI 1.00
[    3.660499] hub 1-0:1.0: USB hub found
[    3.664274] hub 1-0:1.0: 1 port detected
[    3.669380] tegra-ehci 7d008000.usb: EHCI Host Controller
[    3.674797] tegra-ehci 7d008000.usb: new USB bus registered, assigned bus number 2
[    3.682528] tegra-ehci 7d008000.usb: irq 344, io mem 0x7d008000
[    3.713583] tegra-ehci 7d008000.usb: USB 2.0 started, EHCI 1.00
[    3.720324] hub 2-0:1.0: USB hub found
[    3.724096] hub 2-0:1.0: 1 port detected
[    3.732562] tps65910-rtc tps65910-rtc: setting system clock to 2000-01-01 00:00:02 UTC (946684802)
[    3.742165] vdd_sata,avdd_plle: disabling
[    3.746537] usb1_vbus: disabling
[    3.752040] EXT4-fs (mmcblk1p1): mounting ext3 file system using the ext4 subsystem
[    3.818984] EXT4-fs (mmcblk1p1): warning: mounting fs with errors, running e2fsck is recommended
[    3.830398] EXT4-fs (mmcblk1p1): recovery complete
[    3.837611] EXT4-fs (mmcblk1p1): mounted filesystem with ordered data mode. Opts: (null)
[    3.845728] VFS: Mounted root (ext3 filesystem) on device 179:1.
[    3.863527] devtmpfs: mounted
[    3.869043] Freeing unused kernel memory: 2048K
bash: cannot set terminal process group (-1): Inappropriate ioctl for device
bash: no job control in this shell
root@(none):/# [    4.093601] usb 2-1: new high-speed USB device number 2 using tegra-ehci
[    4.753235] asix 2-1:1.0 eth1: register 'asix' at usb-7d008000.usb-1, ASIX AX88772 USB 2.0 Ethernet, 00:50:b6:0f:67:60
