
U-Boot SPL 2015.04-rc3-00209-ga74ef40 (Mar 16 2015 - 14:43:39)


U-Boot 2015.04-rc3-00209-ga74ef40 (Mar 16 2015 - 14:43:39)

TEGRA20
Model: Compulab TrimSlice board
DRAM:  1 GiB
MMC:   Tegra SD/MMC: 0, Tegra SD/MMC: 1
SF: Detected W25Q80BL with page size 256 Bytes, erase size 4 KiB, total 1 MiB
tegra-pcie: PCI regions:
tegra-pcie:   I/O: 0x82000000-0x82010000
tegra-pcie:   non-prefetchable memory: 0xa0000000-0xa8000000
tegra-pcie:   prefetchable memory: 0xa8000000-0xc0000000
tegra-pcie: dual-mode configuration
tegra-pcie: probing port 0, using 2 lanes
In:    serial
Out:   serial
Err:   serial
Net:   RTL8169#0
Hit any key to stop autoboot:  2  0 
Tegra20 (TrimSlice) # 
Tegra20 (TrimSlice) # usb reset
resetting USB...
USB0:   USB EHCI 1.00
scanning bus 0 for devices... 3 USB Device(s) found
USB1:   USB EHCI 1.00
scanning bus 1 for devices... 1 USB Device(s) found
USB2:   lowlevel init failed
       scanning usb for storage devices... 0 Storage Device(s) found
       scanning usb for ethernet devices... 
Warning: asx0 using MAC address from net device
1 Ethernet Device(s) found
Tegra20 (TrimSlice) # setenv bootargs 'ignore_loglevel console=ttyS0,115200n8 rw root=PARTUUID=11eb23c1-01 rootwait gpt debug noinitrd earlyprintk init=/bin/bash'
Tegra20 (TrimSlice) # setenv ipaddr 192.168.100.103; setenv serverip 192.168.100.1; setenv tftpserverip 192.168.100.1
Tegra20 (TrimSlice) # tftpboot 0x00408000 zImage.tegra_defconfig
Using RTL8169#0 device
TFTP from server 192.168.100.1; our IP address is 192.168.100.103
Filename 'zImage.tegra_defconfig'.
Load address: 0x408000
Loading: *#################################################################
	 #################################################################
	 #################################################################
	 #################################################################
	 #################################################################
	 #################################################################
	 ##################################
	 4 MiB/s
done
Bytes transferred = 6222056 (5ef0e8 hex)
Tegra20 (TrimSlice) # tftpboot 0x02408000 tegra20-trimslice.dtb
Using RTL8169#0 device
TFTP from server 192.168.100.1; our IP address is 192.168.100.103
Filename 'tegra20-trimslice.dtb'.
Load address: 0x2408000
Loading: *##
	 3.4 MiB/s
done
Bytes transferred = 21686 (54b6 hex)
Tegra20 (TrimSlice) # bootz 0x00408000 - 0x02408000
Kernel image @ 0x408000 [ 0x000000 - 0x5ef0e8 ]
## Flattened Device Tree blob at 02408000
   Booting using the fdt blob at 0x2408000
   Using Device Tree in place at 02408000, end 024104b5

Starting kernel ...

[    0.000000] Booting Linux on physical CPU 0x0
[    0.000000] Linux version 4.15.0-next-20180131-28676-gd957d62 (jonathanh@kaivo) (gcc version 4.7.3 20130328 (prerelease) (crosstool-NG linaro-1.13.1-4.7-2013.04-20130415 - Linaro GCC 2013.04)) #1 SMP PREEMPT Wed Jan 31 02:16:45 PST 2018
[    0.000000] CPU: ARMv7 Processor [411fc090] revision 0 (ARMv7), cr=10c5387d
[    0.000000] CPU: PIPT / VIPT nonaliasing data cache, VIPT aliasing instruction cache
[    0.000000] OF: fdt: Machine model: Compulab TrimSlice board
[    0.000000] debug: ignoring loglevel setting.
[    0.000000] bootconsole [earlycon0] enabled
[    0.000000] Memory policy: Data cache writealloc
[    0.000000] cma: Reserved 64 MiB at 0x3c000000
[    0.000000] On node 0 totalpages: 262144
[    0.000000]   Normal zone: 1536 pages used for memmap
[    0.000000]   Normal zone: 0 pages reserved
[    0.000000]   Normal zone: 196608 pages, LIFO batch:31
[    0.000000]   HighMem zone: 65536 pages, LIFO batch:15
[    0.000000] random: fast init done
[    0.000000] percpu: Embedded 17 pages/cpu @(ptrval) s39296 r8192 d22144 u69632
[    0.000000] pcpu-alloc: s39296 r8192 d22144 u69632 alloc=17*4096
[    0.000000] pcpu-alloc: [0] 0 [0] 1 
[    0.000000] Built 1 zonelists, mobility grouping on.  Total pages: 260608
[    0.000000] Kernel command line: ignore_loglevel console=ttyS0,115200n8 rw root=PARTUUID=11eb23c1-01 rootwait gpt debug noinitrd earlyprintk init=/bin/bash
[    0.000000] Dentry cache hash table entries: 131072 (order: 7, 524288 bytes)
[    0.000000] Inode-cache hash table entries: 65536 (order: 6, 262144 bytes)
[    0.000000] Memory: 959400K/1048576K available (9216K kernel code, 797K rwdata, 2584K rodata, 1024K init, 298K bss, 23640K reserved, 65536K cma-reserved, 196608K highmem)
[    0.000000] Virtual kernel memory layout:
[    0.000000]     vector  : 0xffff0000 - 0xffff1000   (   4 kB)
[    0.000000]     fixmap  : 0xffc00000 - 0xfff00000   (3072 kB)
[    0.000000]     vmalloc : 0xf0800000 - 0xff800000   ( 240 MB)
[    0.000000]     lowmem  : 0xc0000000 - 0xf0000000   ( 768 MB)
[    0.000000]     pkmap   : 0xbfe00000 - 0xc0000000   (   2 MB)
[    0.000000]     modules : 0xbf000000 - 0xbfe00000   (  14 MB)
[    0.000000]       .text : 0x(ptrval) - 0x(ptrval)   (10208 kB)
[    0.000000]       .init : 0x(ptrval) - 0x(ptrval)   (1024 kB)
[    0.000000]       .data : 0x(ptrval) - 0x(ptrval)   ( 798 kB)
[    0.000000]        .bss : 0x(ptrval) - 0x(ptrval)   ( 299 kB)
[    0.000000] Preemptible hierarchical RCU implementation.
[    0.000000] 	RCU restricting CPUs from NR_CPUS=4 to nr_cpu_ids=2.
[    0.000000] 	Tasks RCU enabled.
[    0.000000] RCU: Adjusting geometry for rcu_fanout_leaf=16, nr_cpu_ids=2
[    0.000000] NR_IRQS: 16, nr_irqs: 16, preallocated irqs: 16
[    0.000000] /interrupt-controller@60004000: 128 interrupts forwarded to /interrupt-controller@50041000
[    0.000000] L2C: platform modifies aux control register: 0x02080000 -> 0x3e480001
[    0.000000] L2C: DT/platform modifies aux control register: 0x02080000 -> 0x3e480001
[    0.000000] L2C-310 errata 727915 769419 enabled
[    0.000000] L2C-310 enabling early BRESP for Cortex-A9
[    0.000000] L2C-310: enabling full line of zeros but not enabled in Cortex-A9
[    0.000000] L2C-310 ID prefetch enabled, offset 1 lines
[    0.000000] L2C-310 cache controller enabled, 8 ways, 1024 kB
[    0.000000] L2C-310: CACHE_ID 0x410000c4, AUX_CTRL 0x7e480001
[    0.000010] sched_clock: 32 bits at 1000kHz, resolution 1000ns, wraps every 2147483647500ns
[    0.008268] clocksource: timer_us: mask: 0xffffffff max_cycles: 0xffffffff, max_idle_ns: 1911260446275 ns
[    0.017796] Switching to timer-based delay loop, resolution 1000ns
[    0.024636] Console: colour dummy device 80x30
[    0.028999] Calibrating delay loop (skipped), value calculated using timer frequency.. 2.00 BogoMIPS (lpj=10000)
[    0.039136] pid_max: default: 32768 minimum: 301
[    0.044139] Mount-cache hash table entries: 2048 (order: 1, 8192 bytes)
[    0.050669] Mountpoint-cache hash table entries: 2048 (order: 1, 8192 bytes)
[    0.058471] CPU: Testing write buffer coherency: ok
[    0.063561] CPU0: thread -1, cpu 0, socket 0, mpidr 80000000
[    0.100011] Setting up static identity map for 0x100000 - 0x1000a0
[    0.106229] Hierarchical SRCU implementation.
[    0.130321] Tegra Revision: A03 prime SKU: 8 CPU Process: 1 SoC Process: 2
[    0.149972] smp: Bringing up secondary CPUs ...
[    0.200569] CPU1: thread -1, cpu 1, socket 0, mpidr 80000001
[    0.200656] smp: Brought up 1 node, 2 CPUs
[    0.210327] SMP: Total of 2 processors activated (4.00 BogoMIPS).
[    0.216356] CPU: All CPU(s) started in SVC mode.
[    0.222029] devtmpfs: initialized
[    0.233444] Built 1 zonelists, mobility grouping on.  Total pages: 256234
[    0.240555] VFP support v0.3: implementor 41 architecture 3 part 30 variant 9 rev 1
[    0.248453] clocksource: jiffies: mask: 0xffffffff max_cycles: 0xffffffff, max_idle_ns: 19112604462750000 ns
[    0.258199] futex hash table entries: 512 (order: 3, 32768 bytes)
[    0.264485] pinctrl core: initialized pinctrl subsystem
[    0.270887] NET: Registered protocol family 16
[    0.276735] DMA: preallocated 256 KiB pool for atomic coherent allocations
[    0.284867] cpuidle: using governor menu
[    0.304922] No ATAGs?
[    0.304998] hw-breakpoint: found 5 (+1 reserved) breakpoint and 1 watchpoint registers.
[    0.315174] hw-breakpoint: maximum watchpoint size is 4 bytes.
[    0.339649] usb1_vbus: Failed to request enable GPIO170: -517
[    0.345354] reg-fixed-voltage regulators:regulator@2: Failed to register regulator: -517
[    0.356552] vgaarb: loaded
[    0.359941] SCSI subsystem initialized
[    0.363892] libata version 3.00 loaded.
[    0.367983] usbcore: registered new interface driver usbfs
[    0.373472] usbcore: registered new interface driver hub
[    0.378777] usbcore: registered new device driver usb
[    0.385698] Linux video capture interface: v2.00
[    0.390330] pps_core: LinuxPPS API ver. 1 registered
[    0.395196] pps_core: Software ver. 5.3.6 - Copyright 2005-2007 Rodolfo Giometti <giometti@linux.it>
[    0.404356] PTP clock support registered
[    0.408835] Advanced Linux Sound Architecture Driver Initialized.
[    0.415511] Bluetooth: Core ver 2.22
[    0.419051] NET: Registered protocol family 31
[    0.423428] Bluetooth: HCI device and connection manager initialized
[    0.429745] Bluetooth: HCI socket layer initialized
[    0.434606] Bluetooth: L2CAP socket layer initialized
[    0.439647] Bluetooth: SCO socket layer initialized
[    0.445127] clocksource: Switched to clocksource timer_us
[    0.533290] NET: Registered protocol family 2
[    0.538548] tcp_listen_portaddr_hash hash table entries: 512 (order: 0, 6144 bytes)
[    0.546187] TCP established hash table entries: 8192 (order: 3, 32768 bytes)
[    0.553198] TCP bind hash table entries: 8192 (order: 4, 65536 bytes)
[    0.559675] TCP: Hash tables configured (established 8192 bind 8192)
[    0.566625] UDP hash table entries: 512 (order: 2, 16384 bytes)
[    0.572493] UDP-Lite hash table entries: 512 (order: 2, 16384 bytes)
[    0.579103] NET: Registered protocol family 1
[    0.584034] RPC: Registered named UNIX socket transport module.
[    0.589878] RPC: Registered udp transport module.
[    0.594534] RPC: Registered tcp transport module.
[    0.599230] RPC: Registered tcp NFSv4.1 backchannel transport module.
[    0.606329] PCI: CLS 0 bytes, default 64
[    0.611490] hw perfevents: no interrupt-affinity property for /pmu, guessing.
[    0.618742] hw perfevents: enabled with armv7_cortex_a9 PMU driver, 7 counters available
[    0.628233] Initialise system trusted keyrings
[    0.632775] workingset: timestamp_bits=30 max_order=18 bucket_order=0
[    0.640226] squashfs: version 4.0 (2009/01/31) Phillip Lougher
[    0.646655] NFS: Registering the id_resolver key type
[    0.651623] Key type id_resolver registered
[    0.655794] Key type id_legacy registered
[    0.664397] Key type asymmetric registered
[    0.668418] Asymmetric key parser 'x509' registered
[    0.673466] bounce: pool size: 64 pages
[    0.677308] io scheduler noop registered (default)
[    0.682002] io scheduler mq-deadline registered
[    0.686523] io scheduler kyber registered
[    0.695094] tegra-pcie 80003000.pcie: dual-mode configuration
[    0.701720] tegra-pcie 80003000.pcie: probing port 0, using 2 lanes
[    0.778520] tegra-pcie 80003000.pcie: PCI host bridge to bus 0000:00
[    0.784777] pci_bus 0000:00: root bus resource [io  0x0000-0xffff]
[    0.790953] pci_bus 0000:00: root bus resource [mem 0xa0000000-0xa7ffffff]
[    0.797790] pci_bus 0000:00: root bus resource [mem 0xa8000000-0xbfffffff pref]
[    0.805057] pci_bus 0000:00: root bus resource [bus 00-ff]
[    0.810568] pci 0000:00:01.0: [10de:0bf0] type 01 class 0x060000
[    0.816521] pci_bus 0000:00: 2-byte config write to 0000:00:01.0 offset 0x4 may corrupt adjacent RW1C bits
[    0.826131] pci_bus 0000:00: 2-byte config write to 0000:00:01.0 offset 0x4 may corrupt adjacent RW1C bits
[    0.835763] pci 0000:00:01.0: enabling Extended Tags
[    0.840678] pci_bus 0000:00: 2-byte config write to 0000:00:01.0 offset 0x88 may corrupt adjacent RW1C bits
[    0.850414] pci_bus 0000:00: 2-byte config write to 0000:00:01.0 offset 0x52 may corrupt adjacent RW1C bits
[    0.860118] pci 0000:00:01.0: PME# supported from D0 D1 D2 D3hot D3cold
[    0.866691] pci_bus 0000:00: 2-byte config write to 0000:00:01.0 offset 0x4c may corrupt adjacent RW1C bits
[    0.876597] pci_bus 0000:00: 2-byte config write to 0000:00:01.0 offset 0x3e may corrupt adjacent RW1C bits
[    0.886253] pci_bus 0000:00: 2-byte config write to 0000:00:01.0 offset 0x4 may corrupt adjacent RW1C bits
[    0.895868] pci_bus 0000:00: 1-byte config write to 0000:00:01.0 offset 0xc may corrupt adjacent RW1C bits
[    0.905483] PCI: bus0: Fast back to back transfers disabled
[    0.911021] pci 0000:00:01.0: bridge configuration invalid ([bus 00-00]), reconfiguring
[    0.919007] pci_bus 0000:00: 2-byte config write to 0000:00:01.0 offset 0x3e may corrupt adjacent RW1C bits
[    0.928715] pci_bus 0000:00: 2-byte config write to 0000:00:01.0 offset 0x3e may corrupt adjacent RW1C bits
[    0.938585] pci 0000:01:00.0: [10ec:8168] type 00 class 0x020000
[    0.944516] pci 0000:01:00.0: reg 0x10: [io  0x0000-0x00ff]
[    0.950073] pci 0000:01:00.0: reg 0x18: [mem 0x00000000-0x00000fff 64bit pref]
[    0.957256] pci 0000:01:00.0: reg 0x20: [mem 0x00000000-0x00003fff 64bit pref]
[    0.964431] pci 0000:01:00.0: reg 0x30: [mem 0x00000000-0x0001ffff pref]
[    0.971192] pci 0000:01:00.0: supports D1 D2
[    0.975380] pci 0000:01:00.0: PME# supported from D0 D1 D2 D3hot D3cold
[    1.005166] PCI: bus1: Fast back to back transfers disabled
[    1.010644] pci_bus 0000:01: busn_res: [bus 01-ff] end is updated to 01
[    1.017269] pci 0000:00:01.0: BAR 8: assigned [mem 0xa0000000-0xa00fffff]
[    1.023991] pci 0000:00:01.0: BAR 9: assigned [mem 0xa8000000-0xa80fffff 64bit pref]
[    1.031718] pci 0000:00:01.0: BAR 7: assigned [io  0x1000-0x1fff]
[    1.037789] pci 0000:01:00.0: BAR 6: assigned [mem 0xa0000000-0xa001ffff pref]
[    1.044964] pci 0000:01:00.0: BAR 4: assigned [mem 0xa8000000-0xa8003fff 64bit pref]
[    1.052697] pci 0000:01:00.0: BAR 2: assigned [mem 0xa8004000-0xa8004fff 64bit pref]
[    1.060410] pci 0000:01:00.0: BAR 0: assigned [io  0x1000-0x10ff]
[    1.066471] pci 0000:00:01.0: PCI bridge to [bus 01]
[    1.071395] pci 0000:00:01.0:   bridge window [io  0x1000-0x1fff]
[    1.077476] pci 0000:00:01.0:   bridge window [mem 0xa0000000-0xa00fffff]
[    1.084222] pci 0000:00:01.0:   bridge window [mem 0xa8000000-0xa80fffff 64bit pref]
[    1.091963] pci 0000:00:01.0: nv_msi_ht_cap_quirk didn't locate host bridge
[    1.098933] Disabling cpuidle LP2 state, since PCIe IRQs are in use
[    1.105151] pcieport 0000:00:01.0: enabling device (0140 -> 0143)
[    1.111425] pcieport 0000:00:01.0: Signaling PME with IRQ 298
[    1.120365] tegra-apbdma 6000a000.dma: Tegra20 APB DMA driver register 16 channels
[    1.129494] Serial: 8250/16550 driver, 4 ports, IRQ sharing disabled
[    1.137694] console [ttyS0] disabled
[    1.141213] 70006000.serial: ttyS0 at MMIO 0x70006000 (irq = 282, base_baud = 13500000) is a Tegra
[    1.150151] console [ttyS0] enabled
[    1.150151] console [ttyS0] enabled
[    1.157055] bootconsole [earlycon0] disabled
[    1.157055] bootconsole [earlycon0] disabled
[    1.175837] tegra-dc 54240000.dc: Linked as a consumer to 54200000.dc
[    1.190803] tegra-hdmi 54280000.hdmi: 54280000.hdmi supply hdmi not found, using dummy regulator
[    1.202742] [drm] Supports vblank timestamp caching Rev 2 (21.10.2013).
[    1.209362] [drm] No driver support for vblank timestamp query.
[    1.215399] [drm] Cannot find any crtc or sizes
[    1.220007] [drm] Cannot find any crtc or sizes
[    1.224624] [drm] Initialized tegra 0.0.0 20120330 for drm on minor 0
[    1.242160] loop: module loaded
[    1.247609] m25p80 spi0.0: found s25fl008k, expected w25q80bl
[    1.253423] m25p80 spi0.0: s25fl008k (1024 Kbytes)
[    1.260207] libphy: Fixed MDIO Bus: probed
[    1.264294] CAN device driver interface
[    1.268221] igb: Intel(R) Gigabit Ethernet Network Driver - version 5.4.0-k
[    1.275183] igb: Copyright (c) 2007-2014 Intel Corporation.
[    1.280925] r8169 Gigabit Ethernet driver 2.3LK-NAPI loaded
[    1.286564] r8169 0000:01:00.0: enabling device (0140 -> 0143)
[    1.293177] r8169 0000:01:00.0 eth0: RTL8168d/8111d at 0xf87316f6, 00:01:c0:13:7d:63, XID 081000c0 IRQ 299
[    1.302852] r8169 0000:01:00.0 eth0: jumbo features [frames: 9200 bytes, tx checksumming: ko]
[    1.311536] pegasus: v0.9.3 (2013/04/25), Pegasus/Pegasus II USB Ethernet driver
[    1.319015] usbcore: registered new interface driver pegasus
[    1.324736] usbcore: registered new interface driver asix
[    1.330200] usbcore: registered new interface driver ax88179_178a
[    1.336358] usbcore: registered new interface driver cdc_ether
[    1.342253] usbcore: registered new interface driver smsc75xx
[    1.348074] usbcore: registered new interface driver smsc95xx
[    1.353863] usbcore: registered new interface driver net1080
[    1.359588] usbcore: registered new interface driver cdc_subset
[    1.365568] usbcore: registered new interface driver zaurus
[    1.371206] usbcore: registered new interface driver cdc_ncm
[    1.377175] tegra-phy c5004000.usb-phy: no vbus regulator
[    1.383717] tegra-phy c5008000.usb-phy: no vbus regulator
[    1.389266] ehci_hcd: USB 2.0 'Enhanced' Host Controller (EHCI) Driver
[    1.395800] ehci-pci: EHCI PCI platform driver
[    1.400301] tegra-ehci: Tegra EHCI driver
[    1.456113] ulpi_phy_power_on: ulpi write failed
[    1.460721] tegra-ehci c5004000.usb: Failed to power on the phy
[    1.466662] tegra-ehci: probe of c5004000.usb failed with error -110
[    1.475653] tegra-ehci c5008000.usb: EHCI Host Controller
[    1.481062] tegra-ehci c5008000.usb: new USB bus registered, assigned bus number 1
[    1.488858] tegra-ehci c5008000.usb: irq 293, io mem 0xc5008000
[    1.515151] tegra-ehci c5008000.usb: USB 2.0 started, EHCI 1.00
[    1.521933] hub 1-0:1.0: USB hub found
[    1.525728] hub 1-0:1.0: 1 port detected
[    1.530504] usbcore: registered new interface driver cdc_acm
[    1.536171] cdc_acm: USB Abstract Control Model driver for USB modems and ISDN adapters
[    1.544221] usbcore: registered new interface driver cdc_wdm
[    1.549984] usbcore: registered new interface driver usb-storage
[    1.558570] rtc-em3027 2-0056: rtc core: registered rtc-em3027 as rtc0
[    1.565764] tegra_rtc 7000e000.rtc: rtc core: registered 7000e000.rtc as rtc1
[    1.572929] tegra_rtc 7000e000.rtc: Tegra internal Real Time Clock
[    1.579406] i2c /dev entries driver
[    1.583784] usbcore: registered new interface driver uvcvideo
[    1.589541] USB Video Class driver (1.1.1)
[    1.593624] gspca_main: v2.14.0 registered
[    1.599046] sdhci: Secure Digital Host Controller Interface driver
[    1.605258] sdhci: Copyright(c) Pierre Ossman
[    1.609602] sdhci-pltfm: SDHCI platform and OF driver helper
[    1.623695] mmc0: Invalid maximum block size, assuming 512 bytes
[    1.656163] mmc0: SDHCI controller on c8000000.sdhci [c8000000.sdhci] using ADMA
[    1.664406] sdhci-tegra c8000600.sdhci: Got CD GPIO
[    1.669481] sdhci-tegra c8000600.sdhci: Got WP GPIO
[    1.683233] mmc1: Invalid maximum block size, assuming 512 bytes
[    1.715735] mmc1: SDHCI controller on c8000600.sdhci [c8000600.sdhci] using ADMA
[    1.724699] usbcore: registered new interface driver usbhid
[    1.730376] usbhid: USB HID core driver
[    1.747300] tegra-snd-trimslice sound: tlv320aic23-hifi <-> 70002800.i2s mapping ok
[    1.757547] NET: Registered protocol family 10
[    1.763437] Segment Routing with IPv6
[    1.767753] mip6: Mobile IPv6
[    1.770752] sit: IPv6, IPv4 and MPLS over IPv4 tunneling driver
[    1.778384] NET: Registered protocol family 17
[    1.782834] NET: Registered protocol family 15
[    1.787867] can: controller area network core (rev 20170425 abi 9)
[    1.794288] NET: Registered protocol family 29
[    1.798744] can: raw protocol (rev 20170425)
[    1.803037] can: broadcast manager protocol (rev 20170425 t)
[    1.808748] can: netlink gateway (rev 20170425) max_hops=1
[    1.814429] Bluetooth: RFCOMM socket layer initialized
[    1.819635] Bluetooth: RFCOMM ver 1.11
[    1.823382] Bluetooth: BNEP (Ethernet Emulation) ver 1.3
[    1.828804] Bluetooth: BNEP socket layer initialized
[    1.833788] Bluetooth: HIDP (Human Interface Emulation) ver 1.2
[    1.839755] Bluetooth: HIDP socket layer initialized
[    1.844971] Key type dns_resolver registered
[    1.849722] Registering SWP/SWPB emulation handler
[    1.855455] Loading compiled-in X.509 certificates
[    1.865837] mmc1: new high speed SD card at address b368
[    1.878637] mmcblk1: mmc1:b368 NCard 1.83 GiB (ro)
[    1.881740] utmi_phy_clk_enable: timeout waiting for phy to stabilize
[    1.890020] tegra-ehci c5000000.usb: EHCI Host Controller
[    1.895167] usb 1-1: new high-speed USB device number 2 using tegra-ehci
[    1.895549] tegra-ehci c5000000.usb: new USB bus registered, assigned bus number 2
[    1.910069] tegra-ehci c5000000.usb: irq 291, io mem 0xc5000000
[    1.914456]  mmcblk1: p1 p2
[    2.075305] tegra-ehci c5000000.usb: USB 2.0 started, EHCI 1.00
[    2.084915] hub 2-0:1.0: USB hub found
[    2.088980] hub 2-0:1.0: 1 port detected
[    2.096005] input: gpio-keys as /devices/soc0/gpio-keys/input/input0
[    2.103641] rtc-em3027 2-0056: hctosys: unable to read the hardware clock
[    2.110862] cfg80211: Loading compiled-in X.509 certificates for regulatory database
[    2.119510] hub 1-1:1.0: USB hub found
[    2.123489] hub 1-1:1.0: 4 ports detected
[    2.130096] cfg80211: Loaded X.509 cert 'sforshee: 00b28ddf47aef9cea7'
[    2.136971] platform regulatory.0: Direct firmware load for regulatory.db failed with error -2
[    2.145269] ALSA device list:
[    2.145844] cfg80211: failed to load regulatory.db
[    2.148517]   #0: tegra-trimslice
[    2.157274] Waiting for root device PARTUUID=11eb23c1-01...
[    2.475279] usb 1-1.2: new high-speed USB device number 3 using tegra-ehci
[    2.953821] mmc0: host does not support reading read-only switch, assuming write-enable
[    2.963857] mmc0: new high speed SDHC card at address b368
[    2.984575] mmcblk0: mmc0:b368 NCard 3.70 GiB 
[    2.991917]  mmcblk0: p1
[    3.111434] asix 1-1.2:1.0 eth1: register 'asix' at usb-c5008000.usb-1.2, ASIX AX88772 USB 2.0 Ethernet, 00:60:6e:60:6c:68
[    3.156754] EXT4-fs (mmcblk0p1): mounting ext3 file system using the ext4 subsystem
[    3.179206] EXT4-fs (mmcblk0p1): warning: mounting fs with errors, running e2fsck is recommended
[    3.257478] EXT4-fs (mmcblk0p1): recovery complete
[    3.262270] EXT4-fs (mmcblk0p1): mounted filesystem with ordered data mode. Opts: (null)
[    3.270448] VFS: Mounted root (ext3 filesystem) on device 179:17.
[    3.285695] devtmpfs: mounted
[    3.289583] Freeing unused kernel memory: 1024K
bash: cannot set terminal process group (-1): Inappropriate ioctl for device
bash: no job control in this shell
root@(none):/# mount -t sysfs none /sys
root@(none):/# 
root@(none):/# mount -t debugfs none /sys/kernel/debug
root@(none):/# 
root@(none):/# rtcwake -d rtc1 -m mem -s 3
rtcwake: assuming RTC uses UTC ...
rtcwake: wakeup from "mem" using /dev/rtc1 at Thu Jan  1 00:00:24 1970
[    8.113758] PM: suspend entry (deep)
[    8.118021] PM: Syncing filesystems ... done.
[    8.124461] Freezing user space processes ... (elapsed 0.001 seconds) done.
[    8.132681] OOM killer disabled.
[    8.135970] Freezing remaining freezable tasks ... (elapsed 0.001 seconds) done.
[    8.144666] Suspending console(s) (use no_console_suspend to debug)
[    8.177675] pci_generic_config_write32: 21 callbacks suppressed
[    8.177720] pci_bus 0000:00: 2-byte config write to 0000:00:01.0 offset 0x9c may corrupt adjacent RW1C bits
[    8.225942] Disabling non-boot CPUs ...
[    8.310524] Entering suspend state LP1
[    8.310629] Enabling non-boot CPUs ...
[    8.318340] CPU1 is up
[    8.319249] pci_bus 0000:00: 2-byte config write to 0000:00:01.0 offset 0x4c may corrupt adjacent RW1C bits
[    8.319304] pci_bus 0000:00: 2-byte config write to 0000:00:01.0 offset 0x88 may corrupt adjacent RW1C bits
[    8.319338] pci_bus 0000:00: 2-byte config write to 0000:00:01.0 offset 0x90 may corrupt adjacent RW1C bits
[    8.319369] pci_bus 0000:00: 2-byte config write to 0000:00:01.0 offset 0x98 may corrupt adjacent RW1C bits
[    8.319400] pci_bus 0000:00: 2-byte config write to 0000:00:01.0 offset 0x9c may corrupt adjacent RW1C bits
[    8.319487] pci_bus 0000:00: 2-byte config write to 0000:00:01.0 offset 0x52 may corrupt adjacent RW1C bits
[    8.319523] pci_bus 0000:00: 2-byte config write to 0000:00:01.0 offset 0x52 may corrupt adjacent RW1C bits
[    8.319558] pci_bus 0000:00: 2-byte config write to 0000:00:01.0 offset 0x5c may corrupt adjacent RW1C bits
[    8.319591] pci_bus 0000:00: 2-byte config write to 0000:00:01.0 offset 0x52 may corrupt adjacent RW1C bits
[    8.319667] pcieport 0000:00:01.0: nv_msi_ht_cap_quirk didn't locate host bridge
[    9.023692] OOM killer enabled.
[    9.026852] Restarting tasks ... done.
[    9.030862] PM: suspend exit
root@(none):/# 
root@(none):/# rtcwake -d rtc1 -m mem -s 3
rtcwake: assuming RTC uses UTC ...
rtcwake: wakeup from "mem" using /dev/rtc1 at Thu Jan  1 00:00:29 1970
[    9.959486] PM: suspend entry (deep)
[    9.963061] PM: Syncing filesystems ... done.
[    9.967823] Freezing user space processes ... (elapsed 0.001 seconds) done.
[    9.975975] OOM killer disabled.
[    9.979197] Freezing remaining freezable tasks ... (elapsed 0.001 seconds) done.
[    9.987758] Suspending console(s) (use no_console_suspend to debug)
[   10.075819] Disabling non-boot CPUs ...
[   10.128672] Entering suspend state LP1
[   10.128775] Enabling non-boot CPUs ...
[   10.136385] CPU1 is up
[   10.138429] pcieport 0000:00:01.0: nv_msi_ht_cap_quirk didn't locate host bridge
[   10.740112] OOM killer enabled.
[   10.743245] Restarting tasks ... done.
[   10.747287] PM: suspend exit
root@(none):/# 
root@(none):/# rtcwake -d rtc1 -m mem -s 3
rtcwake: assuming RTC uses UTC ...
rtcwake: wakeup from "mem" using /dev/rtc1 at Thu Jan  1 00:00:34 1970
[   11.769586] PM: suspend entry (deep)
[   11.773162] PM: Syncing filesystems ... done.
[   11.778067] Freezing user space processes ... (elapsed 0.001 seconds) done.
[   11.786227] OOM killer disabled.
[   11.789449] Freezing remaining freezable tasks ... (elapsed 0.001 seconds) done.
[   11.798029] Suspending console(s) (use no_console_suspend to debug)
[   11.885796] Disabling non-boot CPUs ...
[   11.928670] Entering suspend state LP1
[   11.928774] Enabling non-boot CPUs ...
[   11.936420] CPU1 is up
[   11.937747] pcieport 0000:00:01.0: nv_msi_ht_cap_quirk didn't locate host bridge
[   12.540108] OOM killer enabled.
[   12.543238] Restarting tasks ... done.
[   12.547265] PM: suspend exit
root@(none):/# 
root@(none):/# rtcwake -d rtc1 -m mem -s 3
rtcwake: assuming RTC uses UTC ...
rtcwake: wakeup from "mem" using /dev/rtc1 at Thu Jan  1 00:00:39 1970
[   13.579818] PM: suspend entry (deep)
[   13.583392] PM: Syncing filesystems ... done.
[   13.588167] Freezing user space processes ... (elapsed 0.001 seconds) done.
[   13.596348] OOM killer disabled.
[   13.599570] Freezing remaining freezable tasks ... (elapsed 0.001 seconds) done.
[   13.608685] Suspending console(s) (use no_console_suspend to debug)
[   13.647516] pci_generic_config_write32: 26 callbacks suppressed
[   13.647559] pci_bus 0000:00: 2-byte config write to 0000:00:01.0 offset 0x9c may corrupt adjacent RW1C bits
[   13.695681] Disabling non-boot CPUs ...
[   13.749137] Entering suspend state LP1
[   13.749244] Enabling non-boot CPUs ...
[   13.756816] CPU1 is up
[   13.759152] pci_bus 0000:00: 2-byte config write to 0000:00:01.0 offset 0x4c may corrupt adjacent RW1C bits
[   13.759204] pci_bus 0000:00: 2-byte config write to 0000:00:01.0 offset 0x88 may corrupt adjacent RW1C bits
[   13.759239] pci_bus 0000:00: 2-byte config write to 0000:00:01.0 offset 0x90 may corrupt adjacent RW1C bits
[   13.759270] pci_bus 0000:00: 2-byte config write to 0000:00:01.0 offset 0x98 may corrupt adjacent RW1C bits
[   13.759300] pci_bus 0000:00: 2-byte config write to 0000:00:01.0 offset 0x9c may corrupt adjacent RW1C bits
[   13.759387] pci_bus 0000:00: 2-byte config write to 0000:00:01.0 offset 0x52 may corrupt adjacent RW1C bits
[   13.759422] pci_bus 0000:00: 2-byte config write to 0000:00:01.0 offset 0x52 may corrupt adjacent RW1C bits
[   13.759456] pci_bus 0000:00: 2-byte config write to 0000:00:01.0 offset 0x5c may corrupt adjacent RW1C bits
[   13.759490] pci_bus 0000:00: 2-byte config write to 0000:00:01.0 offset 0x52 may corrupt adjacent RW1C bits
[   13.759561] pcieport 0000:00:01.0: nv_msi_ht_cap_quirk didn't locate host bridge
[   14.473133] OOM killer enabled.
[   14.476292] Restarting tasks ... done.
[   14.480739] PM: suspend exit
root@(none):/# 
root@(none):/# rtcwake -d rtc1 -m mem -s 3
rtcwake: assuming RTC uses UTC ...
rtcwake: wakeup from "mem" using /dev/rtc1 at Thu Jan  1 00:00:44 1970
[   15.399305] PM: suspend entry (deep)
[   15.402880] PM: Syncing filesystems ... done.
[   15.407681] Freezing user space processes ... (elapsed 0.001 seconds) done.
[   15.415842] OOM killer disabled.
[   15.419064] Freezing remaining freezable tasks ... (elapsed 0.001 seconds) done.
[   15.427650] Suspending console(s) (use no_console_suspend to debug)
[   15.515646] Disabling non-boot CPUs ...
[   15.568453] Entering suspend state LP1
[   15.568558] Enabling non-boot CPUs ...
[   15.576266] CPU1 is up
[   15.578056] pcieport 0000:00:01.0: nv_msi_ht_cap_quirk didn't locate host bridge
[   16.179495] OOM killer enabled.
[   16.182625] Restarting tasks ... done.
[   16.187409] PM: suspend exit
root@(none):/# 
root@(none):/# rtcwake -d rtc1 -m mem -s 3
rtcwake: assuming RTC uses UTC ...
rtcwake: wakeup from "mem" using /dev/rtc1 at Thu Jan  1 00:00:49 1970
[   17.219152] PM: suspend entry (deep)
[   17.222727] PM: Syncing filesystems ... done.
[   17.227517] Freezing user space processes ... (elapsed 0.001 seconds) done.
[   17.235680] OOM killer disabled.
[   17.238901] Freezing remaining freezable tasks ... (elapsed 0.001 seconds) done.
[   17.247456] Suspending console(s) (use no_console_suspend to debug)
[   17.335600] Disabling non-boot CPUs ...
[   17.378920] Entering suspend state LP1
[   17.379024] Enabling non-boot CPUs ...
[   17.386682] CPU1 is up
[   17.388768] pcieport 0000:00:01.0: nv_msi_ht_cap_quirk didn't locate host bridge
[   17.989526] OOM killer enabled.
[   17.992656] Restarting tasks ... done.
[   17.997310] PM: suspend exit
root@(none):/# 
root@(none):/# rtcwake -d rtc1 -m mem -s 3
rtcwake: assuming RTC uses UTC ...
rtcwake: wakeup from "mem" using /dev/rtc1 at Thu Jan  1 00:00:54 1970
[   19.029019] PM: suspend entry (deep)
[   19.032593] PM: Syncing filesystems ... done.
[   19.037355] Freezing user space processes ... (elapsed 0.001 seconds) done.
[   19.045519] OOM killer disabled.
[   19.048740] Freezing remaining freezable tasks ... (elapsed 0.001 seconds) done.
[   19.057277] Suspending console(s) (use no_console_suspend to debug)
[   19.097975] pci_generic_config_write32: 26 callbacks suppressed
[   19.098019] pci_bus 0000:00: 2-byte config write to 0000:00:01.0 offset 0x9c may corrupt adjacent RW1C bits
[   19.145481] Disabling non-boot CPUs ...
[   19.198674] Entering suspend state LP1
[   19.198778] Enabling non-boot CPUs ...
[   19.206345] CPU1 is up
[   19.207953] pci_bus 0000:00: 2-byte config write to 0000:00:01.0 offset 0x4c may corrupt adjacent RW1C bits
[   19.208005] pci_bus 0000:00: 2-byte config write to 0000:00:01.0 offset 0x88 may corrupt adjacent RW1C bits
[   19.208040] pci_bus 0000:00: 2-byte config write to 0000:00:01.0 offset 0x90 may corrupt adjacent RW1C bits
[   19.208072] pci_bus 0000:00: 2-byte config write to 0000:00:01.0 offset 0x98 may corrupt adjacent RW1C bits
[   19.208103] pci_bus 0000:00: 2-byte config write to 0000:00:01.0 offset 0x9c may corrupt adjacent RW1C bits
[   19.208190] pci_bus 0000:00: 2-byte config write to 0000:00:01.0 offset 0x52 may corrupt adjacent RW1C bits
[   19.208226] pci_bus 0000:00: 2-byte config write to 0000:00:01.0 offset 0x52 may corrupt adjacent RW1C bits
[   19.208261] pci_bus 0000:00: 2-byte config write to 0000:00:01.0 offset 0x5c may corrupt adjacent RW1C bits
[   19.208294] pci_bus 0000:00: 2-byte config write to 0000:00:01.0 offset 0x52 may corrupt adjacent RW1C bits
[   19.208365] pcieport 0000:00:01.0: nv_msi_ht_cap_quirk didn't locate host bridge
[   19.913464] OOM killer enabled.
[   19.916624] Restarting tasks ... done.
[   19.921399] PM: suspend exit
root@(none):/# 
root@(none):/# rtcwake -d rtc1 -m mem -s 3
rtcwake: assuming RTC uses UTC ...
rtcwake: wakeup from "mem" using /dev/rtc1 at Thu Jan  1 00:00:59 1970
[   20.849178] PM: suspend entry (deep)
[   20.852753] PM: Syncing filesystems ... done.
[   20.857530] Freezing user space processes ... (elapsed 0.001 seconds) done.
[   20.865692] OOM killer disabled.
[   20.868914] Freezing remaining freezable tasks ... (elapsed 0.001 seconds) done.
[   20.878021] Suspending console(s) (use no_console_suspend to debug)
[   20.965413] Disabling non-boot CPUs ...
[   21.008406] Entering suspend state LP1
[   21.008512] Enabling non-boot CPUs ...
[   21.016253] CPU1 is up
[   21.017991] pcieport 0000:00:01.0: nv_msi_ht_cap_quirk didn't locate host bridge
[   21.620045] OOM killer enabled.
[   21.623175] Restarting tasks ... done.
[   21.627572] PM: suspend exit
root@(none):/# 
root@(none):/# rtcwake -d rtc1 -m mem -s 3
rtcwake: assuming RTC uses UTC ...
rtcwake: wakeup from "mem" using /dev/rtc1 at Thu Jan  1 00:01:04 1970
[   22.659040] PM: suspend entry (deep)
[   22.662615] PM: Syncing filesystems ... done.
[   22.667420] Freezing user space processes ... (elapsed 0.001 seconds) done.
[   22.675582] OOM killer disabled.
[   22.678803] Freezing remaining freezable tasks ... (elapsed 0.001 seconds) done.
[   22.687392] Suspending console(s) (use no_console_suspend to debug)
[   22.775343] Disabling non-boot CPUs ...
[   22.828751] Entering suspend state LP1
[   22.828857] Enabling non-boot CPUs ...
[   22.836461] CPU1 is up
[   22.838202] pcieport 0000:00:01.0: nv_msi_ht_cap_quirk didn't locate host bridge
[   23.439220] OOM killer enabled.
[   23.442355] Restarting tasks ... done.
[   23.446434] PM: suspend exit
root@(none):/# 
root@(none):/# rtcwake -d rtc1 -m mem -s 3
rtcwake: assuming RTC uses UTC ...
rtcwake: wakeup from "mem" using /dev/rtc1 at Thu Jan  1 00:01:09 1970
[   24.478982] PM: suspend entry (deep)
[   24.482557] PM: Syncing filesystems ... done.
[   24.487332] Freezing user space processes ... (elapsed 0.001 seconds) done.
[   24.495490] OOM killer disabled.
[   24.498711] Freezing remaining freezable tasks ... (elapsed 0.001 seconds) done.
[   24.507278] Suspending console(s) (use no_console_suspend to debug)
[   24.547666] pci_generic_config_write32: 26 callbacks suppressed
[   24.547710] pci_bus 0000:00: 2-byte config write to 0000:00:01.0 offset 0x9c may corrupt adjacent RW1C bits
[   24.595291] Disabling non-boot CPUs ...
[   24.638207] Entering suspend state LP1
[   24.638313] Enabling non-boot CPUs ...
[   24.646029] CPU1 is up
[   24.647920] pci_bus 0000:00: 2-byte config write to 0000:00:01.0 offset 0x4c may corrupt adjacent RW1C bits
[   24.647971] pci_bus 0000:00: 2-byte config write to 0000:00:01.0 offset 0x88 may corrupt adjacent RW1C bits
[   24.648005] pci_bus 0000:00: 2-byte config write to 0000:00:01.0 offset 0x90 may corrupt adjacent RW1C bits
[   24.648037] pci_bus 0000:00: 2-byte config write to 0000:00:01.0 offset 0x98 may corrupt adjacent RW1C bits
[   24.648067] pci_bus 0000:00: 2-byte config write to 0000:00:01.0 offset 0x9c may corrupt adjacent RW1C bits
[   24.648155] pci_bus 0000:00: 2-byte config write to 0000:00:01.0 offset 0x52 may corrupt adjacent RW1C bits
[   24.648192] pci_bus 0000:00: 2-byte config write to 0000:00:01.0 offset 0x52 may corrupt adjacent RW1C bits
[   24.648228] pci_bus 0000:00: 2-byte config write to 0000:00:01.0 offset 0x5c may corrupt adjacent RW1C bits
[   24.648261] pci_bus 0000:00: 2-byte config write to 0000:00:01.0 offset 0x52 may corrupt adjacent RW1C bits
[   24.648333] pcieport 0000:00:01.0: nv_msi_ht_cap_quirk didn't locate host bridge
[   25.352769] OOM killer enabled.
[   25.355928] Restarting tasks ... done.
[   25.360037] PM: suspend exit
root@(none):/# 
root@(none):/# NVTB SYSTEM SUSPEND TEST COMPLETE
