
U-Boot SPL 2014.01-00219-gc4d376f (Feb 18 2014 - 19:57:32)


U-Boot 2014.01-00219-gc4d376f (Feb 18 2014 - 19:57:32)

TEGRA114
Board: NVIDIA Dalmore
I2C:   ready
DRAM:  2 GiB
MMC:   Tegra SD/MMC: 0, Tegra SD/MMC: 1
In:    serial
Out:   serial
Err:   serial
Net:   Net Initialization Skipped
No ethernet found.
Hit any key to stop autoboot:  2  0 
Tegra114 (Dalmore) # 
Tegra114 (Dalmore) # usb reset
(Re)start USB...
USB0:   USB EHCI 1.10
scanning bus 0 for devices... 2 USB Device(s) found
       scanning usb for storage devices... 0 Storage Device(s) found
       scanning usb for ethernet devices... 
Warning: asx0 using MAC address from net device
1 Ethernet Device(s) found
Tegra114 (Dalmore) # setenv bootargs 'ignore_loglevel console=ttyS0,115200n8 rw root=PARTUUID=7369c667-ff51-ec4a-29cd-baabf2fbe346 rootwait gpt debug earlyprintk init=/bin/bash'
Tegra114 (Dalmore) # setenv ipaddr 192.168.100.100; setenv serverip 192.168.100.1; setenv tftpserverip 192.168.100.1
Tegra114 (Dalmore) # tftpboot 0x81000000 zImage.multi_v7_defconfig
Using asx0 device
TFTP from server 192.168.100.1; our IP address is 192.168.100.100
Filename 'zImage.multi_v7_defconfig'.
Load address: 0x81000000
Loading: *#################################################################
	 #################################################################
	 #################################################################
	 #################################################################
	 #################################################################
	 #################################################################
	 #################################################################
	 #########################################################
	 3.1 MiB/s
done
Bytes transferred = 7509488 (7295f0 hex)
Tegra114 (Dalmore) # tftpboot 0x82000000 tegra114-dalmore.dtb
Using asx0 device
TFTP from server 192.168.100.1; our IP address is 192.168.100.100
Filename 'tegra114-dalmore.dtb'.
Load address: 0x82000000
Loading: *###
	 2.8 MiB/s
done
Bytes transferred = 35044 (88e4 hex)
Tegra114 (Dalmore) # bootz 0x81000000 - 0x82000000
Kernel image @ 0x81000000 [ 0x000000 - 0x7295f0 ]
## Flattened Device Tree blob at 82000000
   Booting using the fdt blob at 0x82000000
   Loading Device Tree to 8fff4000, end 8ffff8e3 ... OK

Starting kernel ...

[    0.000000] Booting Linux on physical CPU 0x0
[    0.000000] Linux version 4.11.0-rc1-next-20170309-157496-g2e62da1 (pwalmsley@sellafield) (gcc version 4.7.3 20130328 (prerelease) (crosstool-NG linaro-1.13.1-4.7-2013.04-20130415 - Linaro GCC 2013.04) ) #1 SMP Fri Mar 17 08:39:49 PDT 2017
[    0.000000] CPU: ARMv7 Processor [412fc0f2] revision 2 (ARMv7), cr=10c5387d
[    0.000000] CPU: div instructions available: patching division code
[    0.000000] CPU: PIPT / VIPT nonaliasing data cache, PIPT instruction cache
[    0.000000] OF: fdt: Machine model: NVIDIA Tegra114 Dalmore evaluation board
[    0.000000] debug: ignoring loglevel setting.
[    0.000000] efi: Getting EFI parameters from FDT:
[    0.000000] efi: UEFI not found.
[    0.000000] cma: Reserved 64 MiB at 0xfb800000
[    0.000000] Memory policy: Data cache writealloc
[    0.000000] On node 0 totalpages: 524032
[    0.000000] free_area_init_node: node 0, pgdat c15397c0, node_mem_map eeff8000
[    0.000000]   DMA zone: 1536 pages used for memmap
[    0.000000]   DMA zone: 0 pages reserved
[    0.000000]   DMA zone: 196608 pages, LIFO batch:31
[    0.000000]   HighMem zone: 327424 pages, LIFO batch:31
[    0.000000] percpu: Embedded 16 pages/cpu @eef9c000 s34368 r8192 d22976 u65536
[    0.000000] pcpu-alloc: s34368 r8192 d22976 u65536 alloc=16*4096
[    0.000000] pcpu-alloc: [0] 0 [0] 1 [0] 2 [0] 3 
[    0.000000] Built 1 zonelists in Zone order, mobility grouping on.  Total pages: 522496
[    0.000000] Kernel command line: ignore_loglevel console=ttyS0,115200n8 rw root=PARTUUID=7369c667-ff51-ec4a-29cd-baabf2fbe346 rootwait gpt debug earlyprintk init=/bin/bash
[    0.000000] PID hash table entries: 4096 (order: 2, 16384 bytes)
[    0.000000] Dentry cache hash table entries: 131072 (order: 7, 524288 bytes)
[    0.000000] Inode-cache hash table entries: 65536 (order: 6, 262144 bytes)
[    0.000000] Memory: 1993896K/2096128K available (10240K kernel code, 1260K rwdata, 4228K rodata, 2048K init, 407K bss, 36696K reserved, 65536K cma-reserved, 1244160K highmem)
[    0.000000] Virtual kernel memory layout:
[    0.000000]     vector  : 0xffff0000 - 0xffff1000   (   4 kB)
[    0.000000]     fixmap  : 0xffc00000 - 0xfff00000   (3072 kB)
[    0.000000]     vmalloc : 0xf0800000 - 0xff800000   ( 240 MB)
[    0.000000]     lowmem  : 0xc0000000 - 0xf0000000   ( 768 MB)
[    0.000000]     pkmap   : 0xbfe00000 - 0xc0000000   (   2 MB)
[    0.000000]     modules : 0xbf000000 - 0xbfe00000   (  14 MB)
[    0.000000]       .text : 0xc0208000 - 0xc0d00000   (11232 kB)
[    0.000000]       .init : 0xc1200000 - 0xc1400000   (2048 kB)
[    0.000000]       .data : 0xc1400000 - 0xc153b120   (1261 kB)
[    0.000000]        .bss : 0xc153d000 - 0xc15a2cb8   ( 408 kB)
[    0.000000] SLUB: HWalign=64, Order=0-3, MinObjects=0, CPUs=4, Nodes=1
[    0.000000] Hierarchical RCU implementation.
[    0.000000] 	RCU debugfs-based tracing is enabled.
[    0.000000] 	RCU restricting CPUs from NR_CPUS=16 to nr_cpu_ids=4.
[    0.000000] RCU: Adjusting geometry for rcu_fanout_leaf=16, nr_cpu_ids=4
[    0.000000] NR_IRQS:16 nr_irqs:16 16
[    0.000000] /interrupt-controller@60004000: 160 interrupts forwarded to /interrupt-controller@50041000
[    0.000000] Tegra clk 127: register failed with -17
[    0.000008] sched_clock: 32 bits at 1000kHz, resolution 1000ns, wraps every 2147483647500ns
[    0.000028] clocksource: timer_us: mask: 0xffffffff max_cycles: 0xffffffff, max_idle_ns: 1911260446275 ns
[    0.000043] Switching to timer-based delay loop, resolution 1000ns
[    0.003295] arm_arch_timer: Architected cp15 timer(s) running at 12.00MHz (virt).
[    0.003315] clocksource: arch_sys_counter: mask: 0xffffffffffffff max_cycles: 0x2c47f4ee7, max_idle_ns: 440795202497 ns
[    0.003335] sched_clock: 56 bits at 12MHz, resolution 83ns, wraps every 4398046511096ns
[    0.003349] Switching to timer-based delay loop, resolution 83ns
[    0.003754] Console: colour dummy device 80x30
[    0.003785] Calibrating delay loop (skipped), value calculated using timer frequency.. 24.00 BogoMIPS (lpj=120000)
[    0.003803] pid_max: default: 32768 minimum: 301
[    0.003915] Mount-cache hash table entries: 2048 (order: 1, 8192 bytes)
[    0.003931] Mountpoint-cache hash table entries: 2048 (order: 1, 8192 bytes)
[    0.004421] CPU: Testing write buffer coherency: ok
[    0.004657] /cpus/cpu@0 missing clock-frequency property
[    0.004688] /cpus/cpu@1 missing clock-frequency property
[    0.004719] /cpus/cpu@2 missing clock-frequency property
[    0.004751] /cpus/cpu@3 missing clock-frequency property
[    0.004765] CPU0: thread -1, cpu 0, socket 0, mpidr 80000000
[    0.004973] Setting up static identity map for 0x80300000 - 0x80300098
[    0.007548] Tegra Revision: A01 SKU: 0 CPU Process: 1 SoC Process: 0
[    0.008093] EFI services will not be available.
[    0.008344] smp: Bringing up secondary CPUs ...
[    0.008881] CPU1: thread -1, cpu 1, socket 0, mpidr 80000001
[    0.009504] CPU2: thread -1, cpu 2, socket 0, mpidr 80000002
[    0.010101] CPU3: thread -1, cpu 3, socket 0, mpidr 80000003
[    0.010190] smp: Brought up 1 node, 4 CPUs
[    0.010212] SMP: Total of 4 processors activated (96.00 BogoMIPS).
[    0.010222] CPU: All CPU(s) started in SVC mode.
[    0.011716] devtmpfs: initialized
[    0.020838] VFP support v0.3: implementor 41 architecture 4 part 30 variant f rev 0
[    0.021175] clocksource: jiffies: mask: 0xffffffff max_cycles: 0xffffffff, max_idle_ns: 19112604462750000 ns
[    0.021195] futex hash table entries: 1024 (order: 4, 65536 bytes)
[    0.022628] pinctrl core: initialized pinctrl subsystem
[    0.024388] NET: Registered protocol family 16
[    0.026580] DMA: preallocated 256 KiB pool for atomic coherent allocations
[    0.028747] cpuidle: using governor menu
[    0.051985] No ATAGs?
[    0.052119] hw-breakpoint: found 5 (+1 reserved) breakpoint and 4 watchpoint registers.
[    0.052135] hw-breakpoint: maximum watchpoint size is 8 bytes.
[    0.057087] Serial: AMBA PL011 UART driver
[    0.057800] tegra-mc 70019000.memory-controller: no memory timings for RAM code 3 registered
[    0.072312] AT91: Could not find identification node
[    0.072768] dvdd_ts: Failed to request enable GPIO61: -517
[    0.072789] reg-fixed-voltage regulators:regulator@1: Failed to register regulator: -517
[    0.072885] usb1_vbus: Failed to request enable GPIO108: -517
[    0.072900] reg-fixed-voltage regulators:regulator@3: Failed to register regulator: -517
[    0.072994] usb2_vbus: Failed to request enable GPIO86: -517
[    0.073008] reg-fixed-voltage regulators:regulator@4: Failed to register regulator: -517
[    0.073429] VDD_5V0_HDMI_CON: Failed to request enable GPIO81: -517
[    0.073443] reg-fixed-voltage regulators:regulator@7: Failed to register regulator: -517
[    0.076016] vgaarb: loaded
[    0.076735] SCSI subsystem initialized
[    0.076904] libata version 3.00 loaded.
[    0.077119] usbcore: registered new interface driver usbfs
[    0.077173] usbcore: registered new interface driver hub
[    0.077233] usbcore: registered new device driver usb
[    0.080369] tps65090 2-0048: No cache defaults, reading back from HW
[    0.082260] TPS65090_RAILSDCDC1: supplied by vdd_ac_bat
[    0.083327] TPS65090_RAILSDCDC2: supplied by vdd_ac_bat
[    0.084403] TPS65090_RAILSDCDC3: supplied by vdd_ac_bat
[    0.084924] TPS65090_RAILSFET1: supplied by vdd_ac_bat
[    0.085297] TPS65090_RAILSFET2: supplied by vdd_ac_bat
[    0.085654] TPS65090_RAILSFET3: supplied by vdd-sys-3v3
[    0.086165] TPS65090_RAILSFET4: supplied by vdd-sys-3v3
[    0.086703] TPS65090_RAILSFET5: supplied by vdd-sys-3v3
[    0.087220] TPS65090_RAILSFET6: supplied by vdd-sys-3v3
[    0.088065] TPS65090_RAILSFET7: supplied by vdd-sys-3v3
[    0.088597] TPS65090_RAILSLDO1: supplied by vdd_ac_bat
[    0.088799] TPS65090_RAILSLDO2: supplied by vdd_ac_bat
[    0.089708] palmas 2-0058: Irq flag is 0x00000004
[    0.091660] palmas 2-0058: Muxing GPIO ff, PWM 0, LED 0
[    0.094110] SMPS12: supplied by vdd-ao
[    0.095125] vdd_hdmi_5v0: supplied by vdd-sys-5v0
[    0.095937] SMPS3: supplied by vdd-ao
[    0.097684] SMPS457: supplied by vdd-sys-3v3
[    0.100561] SMPS8: supplied by vdd-sys-3v3
[    0.101646] random: fast init done
[    0.102182] SMPS9: supplied by vdd-sys-3v3
[    0.102707] sdhci-vdd-sd-slot: Bringing 2840000uV into 2800000-2800000uV
[    0.105520] LDO1: supplied by vdd-sys-3v3
[    0.106702] LDO2: supplied by vdd-sys-3v3
[    0.107892] LDO3: supplied by vddio-1v8
[    0.109074] LDO4: supplied by vdd-sys-3v3
[    0.110263] LDO5: supplied by vdd_ac_bat
[    0.111012] LDO6: supplied by vdd-sys-3v3
[    0.111528] vdd-sensor-2v85: Bringing 2900000uV into 2850000-2850000uV
[    0.112942] LDO7: supplied by vdd-sys-3v3
[    0.114661] LDO8: supplied by vdd-ao
[    0.115176] vdd-rtc: Bringing 675000uV into 900000-900000uV
[    0.123980] LDO9: supplied by sdhci-vdd-sd-slot
[    0.134312] LDOLN: supplied by vdd-sys-5v0
[    0.135519] LDOUSB: supplied by vdd-sys-5v0
[    0.146979] pps_core: LinuxPPS API ver. 1 registered
[    0.146990] pps_core: Software ver. 5.3.6 - Copyright 2005-2007 Rodolfo Giometti <giometti@linux.it>
[    0.147013] PTP clock support registered
[    0.147194] EDAC MC: Ver: 3.0.0
[    0.149335] clocksource: Switched to clocksource arch_sys_counter
[    0.158422] NET: Registered protocol family 2
[    0.158926] TCP established hash table entries: 8192 (order: 3, 32768 bytes)
[    0.159026] TCP bind hash table entries: 8192 (order: 4, 65536 bytes)
[    0.159214] TCP: Hash tables configured (established 8192 bind 8192)
[    0.159301] UDP hash table entries: 512 (order: 2, 16384 bytes)
[    0.159371] UDP-Lite hash table entries: 512 (order: 2, 16384 bytes)
[    0.159529] NET: Registered protocol family 1
[    0.159846] RPC: Registered named UNIX socket transport module.
[    0.159857] RPC: Registered udp transport module.
[    0.159867] RPC: Registered tcp transport module.
[    0.159877] RPC: Registered tcp NFSv4.1 backchannel transport module.
[    0.159890] PCI: CLS 0 bytes, default 64
[    0.162298] workingset: timestamp_bits=30 max_order=19 bucket_order=0
[    0.170697] squashfs: version 4.0 (2009/01/31) Phillip Lougher
[    0.171415] NFS: Registering the id_resolver key type
[    0.171446] Key type id_resolver registered
[    0.171456] Key type id_legacy registered
[    0.171498] ntfs: driver 2.1.32 [Flags: R/O].
[    0.173103] bounce: pool size: 64 pages
[    0.173148] Block layer SCSI generic (bsg) driver version 0.4 loaded (major 248)
[    0.173160] io scheduler noop registered
[    0.173170] io scheduler deadline registered
[    0.173330] io scheduler cfq registered (default)
[    0.173341] io scheduler mq-deadline registered
[    0.202768] tegra-apbdma 6000a000.dma: Tegra20 APB DMA driver register 32 channels
[    0.204562] tegra-pmc 7000e400.pmc: i2c-thermtrip node not found, emergency thermal reset disabled.
[    0.262451] Serial: 8250/16550 driver, 4 ports, IRQ sharing disabled
[    0.265074] console [ttyS0] disabled
[    0.265115] 70006300.serial: ttyS0 at MMIO 0x70006300 (irq = 329, base_baud = 25500000) is a Tegra
[    1.247321] console [ttyS0] enabled
[    1.251532] SuperH (H)SCI(F) driver initialized
[    1.256931] msm_serial: driver initialized
[    1.261214] STMicroelectronics ASC driver initialized
[    1.272574] tegra-hdmi 54280000.hdmi: failed to get HDMI regulator
[    1.296444] brd: module loaded
[    1.306924] loop: module loaded
[    1.326270] m25p80 spi32766.0: w25q32dw (4096 Kbytes)
[    1.334245] libphy: Fixed MDIO Bus: probed
[    1.339397] CAN device driver interface
[    1.344020] bgmac_bcma: Broadcom 47xx GBit MAC driver loaded
[    1.350929] e1000e: Intel(R) PRO/1000 Network Driver - 3.2.6-k
[    1.356753] e1000e: Copyright(c) 1999 - 2015 Intel Corporation.
[    1.362735] igb: Intel(R) Gigabit Ethernet Network Driver - version 5.4.0-k
[    1.369705] igb: Copyright (c) 2007-2014 Intel Corporation.
[    1.378356] pegasus: v0.9.3 (2013/04/25), Pegasus/Pegasus II USB Ethernet driver
[    1.385801] usbcore: registered new interface driver pegasus
[    1.391518] usbcore: registered new interface driver asix
[    1.396943] usbcore: registered new interface driver ax88179_178a
[    1.403074] usbcore: registered new interface driver cdc_ether
[    1.408946] usbcore: registered new interface driver smsc75xx
[    1.414751] usbcore: registered new interface driver smsc95xx
[    1.420538] usbcore: registered new interface driver net1080
[    1.426222] usbcore: registered new interface driver cdc_subset
[    1.432182] usbcore: registered new interface driver zaurus
[    1.437796] usbcore: registered new interface driver cdc_ncm
[    1.445265] ehci_hcd: USB 2.0 'Enhanced' Host Controller (EHCI) Driver
[    1.451806] ehci-pci: EHCI PCI platform driver
[    1.456282] ehci-platform: EHCI generic platform driver
[    1.461691] ehci-orion: EHCI orion driver
[    1.465815] SPEAr-ehci: EHCI SPEAr driver
[    1.469970] ehci-st: EHCI STMicroelectronics driver
[    1.474966] ehci-exynos: EHCI EXYNOS driver
[    1.479280] ehci-atmel: EHCI Atmel driver
[    1.483432] tegra-ehci: Tegra EHCI driver
[    1.487722] ohci_hcd: USB 1.1 'Open' Host Controller (OHCI) Driver
[    1.493924] ohci-pci: OHCI PCI platform driver
[    1.498401] ohci-platform: OHCI generic platform driver
[    1.503777] ohci-omap3: OHCI OMAP3 driver
[    1.507901] SPEAr-ohci: OHCI SPEAr driver
[    1.512049] ohci-st: OHCI STMicroelectronics driver
[    1.517042] ohci-atmel: OHCI Atmel driver
[    1.521720] usbcore: registered new interface driver usb-storage
[    1.533326] palmas-rtc 7000d000.i2c:tps65913@58:rtc: rtc core: registered 7000d000.i2c:tps659 as rtc0
[    1.544357] tegra_rtc 7000e000.rtc: rtc core: registered 7000e000.rtc as rtc1
[    1.551545] tegra_rtc 7000e000.rtc: Tegra internal Real Time Clock
[    1.558202] i2c /dev entries driver
[    1.567839] sbs-battery 0-000b: sbs_probe: Failed to get device status
[    1.574396] sbs-battery: probe of 0-000b failed with error -121
[    1.590328] sdhci: Secure Digital Host Controller Interface driver
[    1.596500] sdhci: Copyright(c) Pierre Ossman
[    1.602249] Synopsys Designware Multimedia Card Interface Driver
[    1.609237] sdhci-pltfm: SDHCI platform and OF driver helper
[    1.615575] sdhci-tegra 78000400.sdhci: Got CD GPIO
[    1.620486] sdhci-tegra 78000400.sdhci: Got WP GPIO
[    1.626562] mmc0: Invalid maximum block size, assuming 512 bytes
[    1.699468] mmc0: SDHCI controller on 78000400.sdhci [78000400.sdhci] using ADMA
[    1.707138] mmc1: Invalid maximum block size, assuming 512 bytes
[    1.779355] mmc1: SDHCI controller on 78000600.sdhci [78000600.sdhci] using ADMA
[    1.788461] ledtrig-cpu: registered to indicate activity on CPUs
[    1.796826] usbcore: registered new interface driver usbhid
[    1.804439] usbhid: USB HID core driver
[    1.813958] NET: Registered protocol family 10
[    1.825303] Segment Routing with IPv6
[    1.831080] sit: IPv6, IPv4 and MPLS over IPv4 tunneling driver
[    1.837612] NET: Registered protocol family 17
[    1.842079] can: controller area network core (rev 20120528 abi 9)
[    1.848434] NET: Registered protocol family 29
[    1.852893] can: raw protocol (rev 20120528)
[    1.857158] can: broadcast manager protocol (rev 20161123 t)
[    1.862829] can: netlink gateway (rev 20130117) max_hops=1
[    1.868620] Key type dns_resolver registered
[    1.873477] ThumbEE CPU extension supported.
[    1.877749] Registering SWP/SWPB emulation handler
[    1.903733] usb1_vbus: supplied by vdd-sys-5v0
[    1.909158] mmc0: new high speed SDHC card at address aaaa
[    1.909429] usb2_vbus: supplied by vdd-sys-5v0
[    1.911425] VDD_5V0_HDMI_CON: supplied by vdd-sys-5v0
[    1.921280] [drm] Supports vblank timestamp caching Rev 2 (21.10.2013).
[    1.921284] [drm] No driver support for vblank timestamp query.
[    1.937787] mmcblk0: mmc0:aaaa SL16G 14.8 GiB 
[    1.961217] mmc1: new high speed MMC card at address 0001
[    1.962183] mmcblk1: mmc1:0001 SEM32G 29.1 GiB 
[    1.963457] mmcblk1boot0: mmc1:0001 SEM32G partition 1 4.00 MiB
[    1.964289] mmcblk1boot1: mmc1:0001 SEM32G partition 2 4.00 MiB
[    1.965030]  mmcblk0: p1 p2 p3
[    1.965509] mmcblk1rpmb: mmc1:0001 SEM32G partition 3 4.00 MiB
[    1.968857]  mmcblk1: p1 p2 p3 p4 p5 p6 p7 p8
[    2.016878] Console: switching to colour frame buffer device 240x75
[    2.091634] drm drm: fb0:  frame buffer device
[    2.096204] [drm] Initialized tegra 0.0.0 20120330 for drm on minor 0
[    2.108328] tegra-ehci 7d008000.usb: EHCI Host Controller
[    2.113777] tegra-ehci 7d008000.usb: new USB bus registered, assigned bus number 1
[    2.121567] tegra-ehci 7d008000.usb: irq 339, io mem 0x7d008000
[    2.149471] tegra-ehci 7d008000.usb: USB 2.0 started, EHCI 1.10
[    2.156594] hub 1-0:1.0: USB hub found
[    2.160463] hub 1-0:1.0: 1 port detected
[    2.166106] input: gpio-keys as /devices/soc0/gpio-keys/input/input0
[    2.174777] palmas-rtc 7000d000.i2c:tps65913@58:rtc: setting system clock to 2001-01-09 03:15:00 UTC (979010100)
[    2.188581] dvdd_ts: disabling
[    2.191703] usb1_vbus: disabling
[    2.194947] vdd_cam_1v8_reg: disabling
[    2.200200] EXT4-fs (mmcblk1p1): mounting ext3 file system using the ext4 subsystem
[    2.293052] EXT4-fs (mmcblk1p1): recovery complete
[    2.298995] EXT4-fs (mmcblk1p1): mounted filesystem with ordered data mode. Opts: (null)
[    2.307149] VFS: Mounted root (ext3 filesystem) on device 179:17.
[    2.317533] devtmpfs: mounted
[    2.322244] Freeing unused kernel memory: 2048K
bash: cannot set terminal process group (-1): Inappropriate ioctl for device
bash: no job control in this shell
root@(none):/# [    2.519468] usb 1-1: new high-speed USB device number 2 using tegra-ehci
