
U-Boot SPL 2014.01-00219-gc4d376f (Feb 18 2014 - 19:57:32)


U-Boot 2014.01-00219-gc4d376f (Feb 18 2014 - 19:57:32)

TEGRA114
Board: NVIDIA Dalmore
I2C:   ready
DRAM:  2 GiB
MMC:   Tegra SD/MMC: 0, Tegra SD/MMC: 1
In:    serial
Out:   serial
Err:   serial
Net:   Net Initialization Skipped
No ethernet found.
Hit any key to stop autoboot:  2  0 
Tegra114 (Dalmore) # 
Tegra114 (Dalmore) # usb reset
(Re)start USB...
USB0:   USB EHCI 1.10
scanning bus 0 for devices... 2 USB Device(s) found
       scanning usb for storage devices... 0 Storage Device(s) found
       scanning usb for ethernet devices... 
Warning: asx0 using MAC address from net device
1 Ethernet Device(s) found
Tegra114 (Dalmore) # setenv bootargs 'ignore_loglevel console=ttyS0,115200n8 rw root=PARTUUID=7369c667-ff51-ec4a-29cd-baabf2fbe346 rootwait gpt debug earlyprintk init=/bin/bash'
Tegra114 (Dalmore) # setenv ipaddr 192.168.100.100; setenv serverip 192.168.100.1; setenv tftpserverip 192.168.100.1
Tegra114 (Dalmore) # tftpboot 0x81000000 zImage.multi_v7_defconfig
Using asx0 device
TFTP from server 192.168.100.1; our IP address is 192.168.100.100
Filename 'zImage.multi_v7_defconfig'.
Load address: 0x81000000
Loading: *#################################################################
	 #################################################################
	 #################################################################
	 #################################################################
	 #################################################################
	 #################################################################
	 #################################################################
	 #################################################################
	 ###############
	 3.3 MiB/s
done
Bytes transferred = 7850056 (77c848 hex)
Tegra114 (Dalmore) # tftpboot 0x82000000 tegra114-dalmore.dtb
Using asx0 device
TFTP from server 192.168.100.1; our IP address is 192.168.100.100
Filename 'tegra114-dalmore.dtb'.
Load address: 0x82000000
Loading: *###
	 2.8 MiB/s
done
Bytes transferred = 35044 (88e4 hex)
Tegra114 (Dalmore) # bootz 0x81000000 - 0x82000000
Kernel image @ 0x81000000 [ 0x000000 - 0x77c848 ]
## Flattened Device Tree blob at 82000000
   Booting using the fdt blob at 0x82000000
   Loading Device Tree to 8fff4000, end 8ffff8e3 ... OK

Starting kernel ...

[    0.000000] Booting Linux on physical CPU 0x0
[    0.000000] Linux version 4.11.0-rc2-next-20170320-159700-g4f4f972 (jonathanh@sellafield) (gcc version 4.7.3 20130328 (prerelease) (crosstool-NG linaro-1.13.1-4.7-2013.04-20130415 - Linaro GCC 2013.04) ) #1 SMP Wed Mar 22 14:23:35 PDT 2017
[    0.000000] CPU: ARMv7 Processor [412fc0f2] revision 2 (ARMv7), cr=10c5387d
[    0.000000] CPU: div instructions available: patching division code
[    0.000000] CPU: PIPT / VIPT nonaliasing data cache, PIPT instruction cache
[    0.000000] OF: fdt: Machine model: NVIDIA Tegra114 Dalmore evaluation board
[    0.000000] debug: ignoring loglevel setting.
[    0.000000] efi: Getting EFI parameters from FDT:
[    0.000000] efi: UEFI not found.
[    0.000000] cma: Reserved 64 MiB at 0xfb800000
[    0.000000] Memory policy: Data cache writealloc
[    0.000000] On node 0 totalpages: 524032
[    0.000000] free_area_init_node: node 0, pgdat c157b940, node_mem_map eeff8000
[    0.000000]   DMA zone: 1536 pages used for memmap
[    0.000000]   DMA zone: 0 pages reserved
[    0.000000]   DMA zone: 196608 pages, LIFO batch:31
[    0.000000]   HighMem zone: 327424 pages, LIFO batch:31
[    0.000000] percpu: Embedded 17 pages/cpu @eef98000 s38528 r8192 d22912 u69632
[    0.000000] pcpu-alloc: s38528 r8192 d22912 u69632 alloc=17*4096
[    0.000000] pcpu-alloc: [0] 0 [0] 1 [0] 2 [0] 3 
[    0.000000] Built 1 zonelists in Zone order, mobility grouping on.  Total pages: 522496
[    0.000000] Kernel command line: ignore_loglevel console=ttyS0,115200n8 rw root=PARTUUID=7369c667-ff51-ec4a-29cd-baabf2fbe346 rootwait gpt debug earlyprintk init=/bin/bash
[    0.000000] PID hash table entries: 4096 (order: 2, 16384 bytes)
[    0.000000] Dentry cache hash table entries: 131072 (order: 7, 524288 bytes)
[    0.000000] Inode-cache hash table entries: 65536 (order: 6, 262144 bytes)
[    0.000000] Memory: 1993580K/2096128K available (10240K kernel code, 1548K rwdata, 4388K rodata, 2048K init, 417K bss, 37012K reserved, 65536K cma-reserved, 1244160K highmem)
[    0.000000] Virtual kernel memory layout:
[    0.000000]     vector  : 0xffff0000 - 0xffff1000   (   4 kB)
[    0.000000]     fixmap  : 0xffc00000 - 0xfff00000   (3072 kB)
[    0.000000]     vmalloc : 0xf0800000 - 0xff800000   ( 240 MB)
[    0.000000]     lowmem  : 0xc0000000 - 0xf0000000   ( 768 MB)
[    0.000000]     pkmap   : 0xbfe00000 - 0xc0000000   (   2 MB)
[    0.000000]     modules : 0xbf000000 - 0xbfe00000   (  14 MB)
[    0.000000]       .text : 0xc0208000 - 0xc0d00000   (11232 kB)
[    0.000000]       .init : 0xc1200000 - 0xc1400000   (2048 kB)
[    0.000000]       .data : 0xc1400000 - 0xc1583390   (1549 kB)
[    0.000000]        .bss : 0xc1585000 - 0xc15ed5c8   ( 418 kB)
[    0.000000] SLUB: HWalign=64, Order=0-3, MinObjects=0, CPUs=4, Nodes=1
[    0.000000] Hierarchical RCU implementation.
[    0.000000] 	RCU debugfs-based tracing is enabled.
[    0.000000] 	RCU restricting CPUs from NR_CPUS=16 to nr_cpu_ids=4.
[    0.000000] RCU: Adjusting geometry for rcu_fanout_leaf=16, nr_cpu_ids=4
[    0.000000] NR_IRQS:16 nr_irqs:16 16
[    0.000000] /interrupt-controller@60004000: 160 interrupts forwarded to /interrupt-controller@50041000
[    0.000000] Tegra clk 127: register failed with -17
[    0.000008] sched_clock: 32 bits at 1000kHz, resolution 1000ns, wraps every 2147483647500ns
[    0.000027] clocksource: timer_us: mask: 0xffffffff max_cycles: 0xffffffff, max_idle_ns: 1911260446275 ns
[    0.000043] Switching to timer-based delay loop, resolution 1000ns
[    0.003225] arm_arch_timer: Architected cp15 timer(s) running at 12.00MHz (virt).
[    0.003245] clocksource: arch_sys_counter: mask: 0xffffffffffffff max_cycles: 0x2c47f4ee7, max_idle_ns: 440795202497 ns
[    0.003264] sched_clock: 56 bits at 12MHz, resolution 83ns, wraps every 4398046511096ns
[    0.003279] Switching to timer-based delay loop, resolution 83ns
[    0.003659] Console: colour dummy device 80x30
[    0.003690] Calibrating delay loop (skipped), value calculated using timer frequency.. 24.00 BogoMIPS (lpj=120000)
[    0.003709] pid_max: default: 32768 minimum: 301
[    0.003807] Mount-cache hash table entries: 2048 (order: 1, 8192 bytes)
[    0.003822] Mountpoint-cache hash table entries: 2048 (order: 1, 8192 bytes)
[    0.004324] CPU: Testing write buffer coherency: ok
[    0.004563] /cpus/cpu@0 missing clock-frequency property
[    0.004592] /cpus/cpu@1 missing clock-frequency property
[    0.004623] /cpus/cpu@2 missing clock-frequency property
[    0.004655] /cpus/cpu@3 missing clock-frequency property
[    0.004668] CPU0: thread -1, cpu 0, socket 0, mpidr 80000000
[    0.004969] Setting up static identity map for 0x80300000 - 0x80300098
[    0.007477] Tegra Revision: A01 SKU: 0 CPU Process: 1 SoC Process: 0
[    0.008099] EFI services will not be available.
[    0.008338] smp: Bringing up secondary CPUs ...
[    0.008983] CPU1: thread -1, cpu 1, socket 0, mpidr 80000001
[    0.009702] CPU2: thread -1, cpu 2, socket 0, mpidr 80000002
[    0.010406] CPU3: thread -1, cpu 3, socket 0, mpidr 80000003
[    0.010494] smp: Brought up 1 node, 4 CPUs
[    0.010516] SMP: Total of 4 processors activated (96.00 BogoMIPS).
[    0.010526] CPU: All CPU(s) started in SVC mode.
[    0.012013] devtmpfs: initialized
[    0.020736] VFP support v0.3: implementor 41 architecture 4 part 30 variant f rev 0
[    0.021077] clocksource: jiffies: mask: 0xffffffff max_cycles: 0xffffffff, max_idle_ns: 19112604462750000 ns
[    0.021096] futex hash table entries: 1024 (order: 4, 65536 bytes)
[    0.022534] pinctrl core: initialized pinctrl subsystem
[    0.024283] NET: Registered protocol family 16
[    0.026459] DMA: preallocated 256 KiB pool for atomic coherent allocations
[    0.028624] cpuidle: using governor menu
[    0.051308] No ATAGs?
[    0.051438] hw-breakpoint: found 5 (+1 reserved) breakpoint and 4 watchpoint registers.
[    0.051455] hw-breakpoint: maximum watchpoint size is 8 bytes.
[    0.056428] Serial: AMBA PL011 UART driver
[    0.057159] tegra-mc 70019000.memory-controller: no memory timings for RAM code 3 registered
[    0.071349] AT91: Could not find identification node
[    0.071807] dvdd_ts: Failed to request enable GPIO61: -517
[    0.071829] reg-fixed-voltage regulators:regulator@1: Failed to register regulator: -517
[    0.071926] usb1_vbus: Failed to request enable GPIO108: -517
[    0.071940] reg-fixed-voltage regulators:regulator@3: Failed to register regulator: -517
[    0.072036] usb2_vbus: Failed to request enable GPIO86: -517
[    0.072050] reg-fixed-voltage regulators:regulator@4: Failed to register regulator: -517
[    0.072447] VDD_5V0_HDMI_CON: Failed to request enable GPIO81: -517
[    0.072461] reg-fixed-voltage regulators:regulator@7: Failed to register regulator: -517
[    0.075031] vgaarb: loaded
[    0.075755] SCSI subsystem initialized
[    0.075924] libata version 3.00 loaded.
[    0.076147] usbcore: registered new interface driver usbfs
[    0.076204] usbcore: registered new interface driver hub
[    0.076264] usbcore: registered new device driver usb
[    0.079408] tps65090 2-0048: No cache defaults, reading back from HW
[    0.081294] TPS65090_RAILSDCDC1: supplied by vdd_ac_bat
[    0.082344] TPS65090_RAILSDCDC2: supplied by vdd_ac_bat
[    0.083407] TPS65090_RAILSDCDC3: supplied by vdd_ac_bat
[    0.083924] TPS65090_RAILSFET1: supplied by vdd_ac_bat
[    0.084301] TPS65090_RAILSFET2: supplied by vdd_ac_bat
[    0.084666] TPS65090_RAILSFET3: supplied by vdd-sys-3v3
[    0.085177] TPS65090_RAILSFET4: supplied by vdd-sys-3v3
[    0.085707] TPS65090_RAILSFET5: supplied by vdd-sys-3v3
[    0.086219] TPS65090_RAILSFET6: supplied by vdd-sys-3v3
[    0.087052] TPS65090_RAILSFET7: supplied by vdd-sys-3v3
[    0.087580] TPS65090_RAILSLDO1: supplied by vdd_ac_bat
[    0.087781] TPS65090_RAILSLDO2: supplied by vdd_ac_bat
[    0.088677] palmas 2-0058: Irq flag is 0x00000004
[    0.090620] palmas 2-0058: Muxing GPIO ff, PWM 0, LED 0
[    0.093077] SMPS12: supplied by vdd-ao
[    0.094087] vdd_hdmi_5v0: supplied by vdd-sys-5v0
[    0.094894] SMPS3: supplied by vdd-ao
[    0.096625] SMPS457: supplied by vdd-sys-3v3
[    0.099471] SMPS8: supplied by vdd-sys-3v3
[    0.100334] random: fast init done
[    0.101075] SMPS9: supplied by vdd-sys-3v3
[    0.101594] sdhci-vdd-sd-slot: Bringing 2840000uV into 2800000-2800000uV
[    0.104375] LDO1: supplied by vdd-sys-3v3
[    0.105544] LDO2: supplied by vdd-sys-3v3
[    0.106719] LDO3: supplied by vddio-1v8
[    0.107882] LDO4: supplied by vdd-sys-3v3
[    0.109066] LDO5: supplied by vdd_ac_bat
[    0.109816] LDO6: supplied by vdd-sys-3v3
[    0.110326] vdd-sensor-2v85: Bringing 2900000uV into 2850000-2850000uV
[    0.111724] LDO7: supplied by vdd-sys-3v3
[    0.113432] LDO8: supplied by vdd-ao
[    0.113946] vdd-rtc: Bringing 675000uV into 900000-900000uV
[    0.124061] LDO9: supplied by sdhci-vdd-sd-slot
[    0.134388] LDOLN: supplied by vdd-sys-5v0
[    0.135573] LDOUSB: supplied by vdd-sys-5v0
[    0.147061] pps_core: LinuxPPS API ver. 1 registered
[    0.147072] pps_core: Software ver. 5.3.6 - Copyright 2005-2007 Rodolfo Giometti <giometti@linux.it>
[    0.147096] PTP clock support registered
[    0.147284] EDAC MC: Ver: 3.0.0
[    0.149376] clocksource: Switched to clocksource arch_sys_counter
[    0.204252] NET: Registered protocol family 2
[    0.204772] TCP established hash table entries: 8192 (order: 3, 32768 bytes)
[    0.204872] TCP bind hash table entries: 8192 (order: 4, 65536 bytes)
[    0.205060] TCP: Hash tables configured (established 8192 bind 8192)
[    0.205146] UDP hash table entries: 512 (order: 2, 16384 bytes)
[    0.205190] UDP-Lite hash table entries: 512 (order: 2, 16384 bytes)
[    0.205350] NET: Registered protocol family 1
[    0.205668] RPC: Registered named UNIX socket transport module.
[    0.205679] RPC: Registered udp transport module.
[    0.205688] RPC: Registered tcp transport module.
[    0.205698] RPC: Registered tcp NFSv4.1 backchannel transport module.
[    0.205711] PCI: CLS 0 bytes, default 64
[    0.208125] workingset: timestamp_bits=30 max_order=19 bucket_order=0
[    0.216516] squashfs: version 4.0 (2009/01/31) Phillip Lougher
[    0.217213] NFS: Registering the id_resolver key type
[    0.217239] Key type id_resolver registered
[    0.217249] Key type id_legacy registered
[    0.217292] ntfs: driver 2.1.32 [Flags: R/O].
[    0.218829] bounce: pool size: 64 pages
[    0.218876] Block layer SCSI generic (bsg) driver version 0.4 loaded (major 248)
[    0.218888] io scheduler noop registered
[    0.218898] io scheduler deadline registered
[    0.219065] io scheduler cfq registered (default)
[    0.219076] io scheduler mq-deadline registered
[    0.248735] tegra-apbdma 6000a000.dma: Tegra20 APB DMA driver register 32 channels
[    0.251040] tegra-pmc 7000e400.pmc: i2c-thermtrip node not found, emergency thermal reset disabled.
[    0.305480] Serial: 8250/16550 driver, 4 ports, IRQ sharing disabled
[    0.308099] console [ttyS0] disabled
[    0.308138] 70006300.serial: ttyS0 at MMIO 0x70006300 (irq = 329, base_baud = 25500000) is a Tegra
[    1.290360] console [ttyS0] enabled
[    1.294570] SuperH (H)SCI(F) driver initialized
[    1.300001] msm_serial: driver initialized
[    1.304257] STMicroelectronics ASC driver initialized
[    1.314679] tegra-hdmi 54280000.hdmi: failed to get HDMI regulator
[    1.338395] brd: module loaded
[    1.348847] loop: module loaded
[    1.368311] m25p80 spi32766.0: w25q32dw (4096 Kbytes)
[    1.376369] libphy: Fixed MDIO Bus: probed
[    1.381513] CAN device driver interface
[    1.386141] bgmac_bcma: Broadcom 47xx GBit MAC driver loaded
[    1.392981] e1000e: Intel(R) PRO/1000 Network Driver - 3.2.6-k
[    1.398804] e1000e: Copyright(c) 1999 - 2015 Intel Corporation.
[    1.404785] igb: Intel(R) Gigabit Ethernet Network Driver - version 5.4.0-k
[    1.411752] igb: Copyright (c) 2007-2014 Intel Corporation.
[    1.420445] pegasus: v0.9.3 (2013/04/25), Pegasus/Pegasus II USB Ethernet driver
[    1.427876] usbcore: registered new interface driver pegasus
[    1.433591] usbcore: registered new interface driver asix
[    1.439016] usbcore: registered new interface driver ax88179_178a
[    1.445153] usbcore: registered new interface driver cdc_ether
[    1.451046] usbcore: registered new interface driver smsc75xx
[    1.456832] usbcore: registered new interface driver smsc95xx
[    1.462620] usbcore: registered new interface driver net1080
[    1.468303] usbcore: registered new interface driver cdc_subset
[    1.474263] usbcore: registered new interface driver zaurus
[    1.479895] usbcore: registered new interface driver cdc_ncm
[    1.487349] ehci_hcd: USB 2.0 'Enhanced' Host Controller (EHCI) Driver
[    1.493890] ehci-pci: EHCI PCI platform driver
[    1.498364] ehci-platform: EHCI generic platform driver
[    1.503783] ehci-orion: EHCI orion driver
[    1.507926] SPEAr-ehci: EHCI SPEAr driver
[    1.512072] ehci-st: EHCI STMicroelectronics driver
[    1.517066] ehci-exynos: EHCI EXYNOS driver
[    1.521400] ehci-atmel: EHCI Atmel driver
[    1.525522] tegra-ehci: Tegra EHCI driver
[    1.529826] ohci_hcd: USB 1.1 'Open' Host Controller (OHCI) Driver
[    1.536007] ohci-pci: OHCI PCI platform driver
[    1.540508] ohci-platform: OHCI generic platform driver
[    1.545867] ohci-omap3: OHCI OMAP3 driver
[    1.550010] SPEAr-ohci: OHCI SPEAr driver
[    1.554138] ohci-st: OHCI STMicroelectronics driver
[    1.559132] ohci-atmel: OHCI Atmel driver
[    1.563810] usbcore: registered new interface driver usb-storage
[    1.575397] palmas-rtc 7000d000.i2c:tps65913@58:rtc: rtc core: registered 7000d000.i2c:tps659 as rtc0
[    1.586409] tegra_rtc 7000e000.rtc: rtc core: registered 7000e000.rtc as rtc1
[    1.593596] tegra_rtc 7000e000.rtc: Tegra internal Real Time Clock
[    1.600265] i2c /dev entries driver
[    1.609890] sbs-battery 0-000b: sbs_probe: Failed to get device status
[    1.616424] sbs-battery: probe of 0-000b failed with error -121
[    1.632299] sdhci: Secure Digital Host Controller Interface driver
[    1.638473] sdhci: Copyright(c) Pierre Ossman
[    1.644219] Synopsys Designware Multimedia Card Interface Driver
[    1.651359] sdhci-pltfm: SDHCI platform and OF driver helper
[    1.657690] sdhci-tegra 78000400.sdhci: Got CD GPIO
[    1.662605] sdhci-tegra 78000400.sdhci: Got WP GPIO
[    1.676709] mmc0: Invalid maximum block size, assuming 512 bytes
[    1.749508] mmc0: SDHCI controller on 78000400.sdhci [78000400.sdhci] using ADMA
[    1.769872] mmc1: Invalid maximum block size, assuming 512 bytes
[    1.839396] mmc1: SDHCI controller on 78000600.sdhci [78000600.sdhci] using ADMA
[    1.848478] ledtrig-cpu: registered to indicate activity on CPUs
[    1.854795] usbcore: registered new interface driver usbhid
[    1.860379] usbhid: USB HID core driver
[    1.867780] NET: Registered protocol family 10
[    1.877207] Segment Routing with IPv6
[    1.880946] sit: IPv6, IPv4 and MPLS over IPv4 tunneling driver
[    1.887461] NET: Registered protocol family 17
[    1.891929] can: controller area network core (rev 20120528 abi 9)
[    1.898146] NET: Registered protocol family 29
[    1.902603] can: raw protocol (rev 20120528)
[    1.906869] can: broadcast manager protocol (rev 20161123 t)
[    1.912538] can: netlink gateway (rev 20130117) max_hops=1
[    1.918331] Key type dns_resolver registered
[    1.923176] ThumbEE CPU extension supported.
[    1.927446] Registering SWP/SWPB emulation handler
[    1.944112] usb1_vbus: supplied by vdd-sys-5v0
[    1.949979] usb2_vbus: supplied by vdd-sys-5v0
[    1.962397] VDD_5V0_HDMI_CON: supplied by vdd-sys-5v0
[    1.972024] [drm] Supports vblank timestamp caching Rev 2 (21.10.2013).
[    1.975626] mmc0: new high speed SDHC card at address aaaa
[    1.984201] [drm] No driver support for vblank timestamp query.
[    1.985223] mmcblk0: mmc0:aaaa SL16G 14.8 GiB 
[    2.009772]  mmcblk0: p1 p2 p3
[    2.018898] mmc1: new high speed MMC card at address 0001
[    2.020209] mmcblk1: mmc1:0001 SEM32G 29.1 GiB 
[    2.020545] mmcblk1boot0: mmc1:0001 SEM32G partition 1 4.00 MiB
[    2.021278] mmcblk1boot1: mmc1:0001 SEM32G partition 2 4.00 MiB
[    2.021654] mmcblk1rpmb: mmc1:0001 SEM32G partition 3 4.00 MiB
[    2.026263]  mmcblk1: p1 p2 p3 p4 p5 p6 p7 p8
[    2.089866] Console: switching to colour frame buffer device 240x75
[    2.161433] drm drm: fb0:  frame buffer device
[    2.165975] [drm] Initialized tegra 0.0.0 20120330 for drm on minor 0
[    2.178103] tegra-ehci 7d008000.usb: EHCI Host Controller
[    2.183542] tegra-ehci 7d008000.usb: new USB bus registered, assigned bus number 1
[    2.191403] tegra-ehci 7d008000.usb: irq 339, io mem 0x7d008000
[    2.219511] tegra-ehci 7d008000.usb: USB 2.0 started, EHCI 1.10
[    2.226659] hub 1-0:1.0: USB hub found
[    2.230526] hub 1-0:1.0: 1 port detected
[    2.236214] input: gpio-keys as /devices/soc0/gpio-keys/input/input0
[    2.245187] palmas-rtc 7000d000.i2c:tps65913@58:rtc: setting system clock to 2001-01-14 08:57:42 UTC (979462662)
[    2.261898] dvdd_ts: disabling
[    2.264958] usb1_vbus: disabling
[    2.268183] vdd_cam_1v8_reg: disabling
[    2.273585] EXT4-fs (mmcblk1p1): mounting ext3 file system using the ext4 subsystem
[    2.295623] EXT4-fs (mmcblk1p1): recovery complete
[    2.300509] EXT4-fs (mmcblk1p1): mounted filesystem with ordered data mode. Opts: (null)
[    2.308637] VFS: Mounted root (ext3 filesystem) on device 179:17.
[    2.317383] devtmpfs: mounted
[    2.322206] Freeing unused kernel memory: 2048K
bash: cannot set terminal process group (-1): Inappropriate ioctl for device
bash: no job control in this shell
root@(none):/# [    2.589518] usb 1-1: new high-speed USB device number 2 using tegra-ehci
mount -t sysfs none /sys
[    3.263425] asix 1-1:1.0 eth0: register 'asix' at usb-7d008000.usb-1, ASIX AX88772 USB 2.0 Ethernet, 00:50:b6:0d:b5:16
root@(none):/# 
root@(none):/# mount -t debugfs none /sys/kernel/debug
root@(none):/# 
root@(none):/# rtcwake -d rtc1 -m mem -s 3
rtcwake: assuming RTC uses UTC ...
rtcwake: wakeup from "mem" using /dev/rtc1 at Thu Jan  1 00:00:19 1970
[    5.420048] PM: Syncing filesystems ... done.
[    5.455063] Freezing user space processes ... (elapsed 0.001 seconds) done.
[    5.463406] Freezing remaining freezable tasks ... (elapsed 0.001 seconds) done.
[    5.472235] Suspending console(s) (use no_console_suspend to debug)
[    5.531691] PM: suspend of devices complete after 51.919 msecs
[    5.534558] PM: late suspend of devices complete after 2.850 msecs
[    5.537253] PM: noirq suspend of devices complete after 2.679 msecs
[    5.537260] Disabling non-boot CPUs ...
[    5.634923] IRQ17 no longer affine to CPU3
[    5.663196] Entering suspend state LP1
[    5.663196] Suspended for 6.949 seconds
[    5.663217] Enabling non-boot CPUs ...
[    5.694047] CPU1 is up
[    5.733664] CPU2 is up
[    5.774320] CPU3 is up
[    5.775507] PM: noirq resume of devices complete after 1.176 msecs
[    5.778121] PM: early resume of devices complete after 2.162 msecs
[    6.370104] PM: resume of devices complete after 591.966 msecs
[    6.434524] Restarting tasks ... done.
root@(none):/# 
root@(none):/# rtcwake -d rtc1 -m mem -s 3
rtcwake: assuming RTC uses UTC ...
rtcwake: wakeup from "mem" using /dev/rtc1 at Thu Jan  1 00:00:28 1970
[    7.460685] PM: Syncing filesystems ... done.
[    7.487951] Freezing user space processes ... (elapsed 0.001 seconds) done.
[    7.496314] Freezing remaining freezable tasks ... (elapsed 0.001 seconds) done.
[    7.505159] Suspending console(s) (use no_console_suspend to debug)
[    7.571697] PM: suspend of devices complete after 59.002 msecs
[    7.574932] PM: late suspend of devices complete after 3.218 msecs
[    7.577366] PM: noirq suspend of devices complete after 2.422 msecs
[    7.577371] Disabling non-boot CPUs ...
[    7.577880] IRQ17 no longer affine to CPU1
[    7.723918] Entering suspend state LP1
[    7.723918] Suspended for 6.939 seconds
[    7.723939] Enabling non-boot CPUs ...
[    7.753549] CPU1 is up
[    7.793636] CPU2 is up
[    7.834323] CPU3 is up
[    7.835469] PM: noirq resume of devices complete after 1.136 msecs
[    7.838357] PM: early resume of devices complete after 2.439 msecs
[    8.427455] PM: resume of devices complete after 589.079 msecs
[    8.491761] Restarting tasks ... done.
root@(none):/# 
root@(none):/# rtcwake -d rtc1 -m mem -s 3
rtcwake: assuming RTC uses UTC ...
rtcwake: wakeup from "mem" using /dev/rtc1 at Thu Jan  1 00:00:37 1970
[    9.511030] PM: Syncing filesystems ... done.
[    9.546975] Freezing user space processes ... (elapsed 0.001 seconds) done.
[    9.555343] Freezing remaining freezable tasks ... (elapsed 0.001 seconds) done.
[    9.564190] Suspending console(s) (use no_console_suspend to debug)
[    9.621880] PM: suspend of devices complete after 50.156 msecs
[    9.624694] PM: late suspend of devices complete after 2.797 msecs
[    9.627129] PM: noirq suspend of devices complete after 2.424 msecs
[    9.627135] Disabling non-boot CPUs ...
[    9.627637] IRQ17 no longer affine to CPU1
[    9.773964] Entering suspend state LP1
[    9.773964] Suspended for 6.950 seconds
[    9.773985] Enabling non-boot CPUs ...
[    9.803471] CPU1 is up
[    9.843616] CPU2 is up
[    9.884257] CPU3 is up
[    9.885426] PM: noirq resume of devices complete after 1.158 msecs
[    9.887994] PM: early resume of devices complete after 2.125 msecs
[   10.480139] PM: resume of devices complete after 592.127 msecs
[   10.544508] Restarting tasks ... done.
root@(none):/# 
root@(none):/# rtcwake -d rtc1 -m mem -s 3
rtcwake: assuming RTC uses UTC ...
rtcwake: wakeup from "mem" using /dev/rtc1 at Thu Jan  1 00:00:46 1970
[   11.560140] PM: Syncing filesystems ... done.
[   11.597354] Freezing user space processes ... (elapsed 0.001 seconds) done.
[   11.605723] Freezing remaining freezable tasks ... (elapsed 0.001 seconds) done.
[   11.614578] Suspending console(s) (use no_console_suspend to debug)
[   11.681662] PM: suspend of devices complete after 59.552 msecs
[   11.684860] PM: late suspend of devices complete after 3.182 msecs
[   11.687307] PM: noirq suspend of devices complete after 2.435 msecs
[   11.687312] Disabling non-boot CPUs ...
[   11.833874] Entering suspend state LP1
[   11.833874] Suspended for 6.940 seconds
[   11.833894] Enabling non-boot CPUs ...
[   11.863447] CPU1 is up
[   11.903632] CPU2 is up
[   11.944232] CPU3 is up
[   11.945398] PM: noirq resume of devices complete after 1.155 msecs
[   11.947990] PM: early resume of devices complete after 2.120 msecs
[   12.537076] PM: resume of devices complete after 589.067 msecs
[   12.597415] Restarting tasks ... done.
root@(none):/# 
root@(none):/# rtcwake -d rtc1 -m mem -s 3
rtcwake: assuming RTC uses UTC ...
rtcwake: wakeup from "mem" using /dev/rtc1 at Thu Jan  1 00:00:55 1970
[   13.620979] PM: Syncing filesystems ... done.
[   13.656793] Freezing user space processes ... (elapsed 0.001 seconds) done.
[   13.665160] Freezing remaining freezable tasks ... (elapsed 0.001 seconds) done.
[   13.674049] Suspending console(s) (use no_console_suspend to debug)
[   13.731189] PM: suspend of devices complete after 49.615 msecs
[   13.734404] PM: late suspend of devices complete after 3.197 msecs
[   13.736874] PM: noirq suspend of devices complete after 2.458 msecs
[   13.736879] Disabling non-boot CPUs ...
[   13.883361] Entering suspend state LP1
[   13.883361] Suspended for 6.950 seconds
[   13.883382] Enabling non-boot CPUs ...
[   13.913449] CPU1 is up
[   13.953534] CPU2 is up
[   13.994225] CPU3 is up
[   13.995374] PM: noirq resume of devices complete after 1.137 msecs
[   13.998235] PM: early resume of devices complete after 2.416 msecs
[   14.590736] PM: resume of devices complete after 592.481 msecs
[   14.651045] Restarting tasks ... done.
root@(none):/# 
root@(none):/# rtcwake -d rtc1 -m mem -s 3
rtcwake: assuming RTC uses UTC ...
rtcwake: wakeup from "mem" using /dev/rtc1 at Thu Jan  1 00:01:04 1970
[   15.667050] PM: Syncing filesystems ... done.
[   15.707716] Freezing user space processes ... (elapsed 0.001 seconds) done.
[   15.716099] Freezing remaining freezable tasks ... (elapsed 0.001 seconds) done.
[   15.724832] Suspending console(s) (use no_console_suspend to debug)
[   15.791570] PM: suspend of devices complete after 59.196 msecs
[   15.794724] PM: late suspend of devices complete after 3.136 msecs
[   15.797147] PM: noirq suspend of devices complete after 2.411 msecs
[   15.797152] Disabling non-boot CPUs ...
[   15.797658] IRQ17 no longer affine to CPU1
[   15.943760] Entering suspend state LP1
[   15.943760] Suspended for 6.939 seconds
[   15.943780] Enabling non-boot CPUs ...
[   15.973362] CPU1 is up
[   16.013525] CPU2 is up
[   16.054123] CPU3 is up
[   16.055281] PM: noirq resume of devices complete after 1.145 msecs
[   16.057876] PM: early resume of devices complete after 2.151 msecs
[   16.649476] PM: resume of devices complete after 591.582 msecs
[   16.713806] Restarting tasks ... done.
root@(none):/# 
root@(none):/# rtcwake -d rtc1 -m mem -s 3
rtcwake: assuming RTC uses UTC ...
rtcwake: wakeup from "mem" using /dev/rtc1 at Thu Jan  1 00:01:13 1970
[   17.726532] PM: Syncing filesystems ... done.
[   17.767351] Freezing user space processes ... (elapsed 0.001 seconds) done.
[   17.775729] Freezing remaining freezable tasks ... (elapsed 0.001 seconds) done.
[   17.784465] Suspending console(s) (use no_console_suspend to debug)
[   17.851503] PM: suspend of devices complete after 59.505 msecs
[   17.854701] PM: late suspend of devices complete after 3.181 msecs
[   17.857179] PM: noirq suspend of devices complete after 2.467 msecs
[   17.857185] Disabling non-boot CPUs ...
[   17.857686] IRQ17 no longer affine to CPU1
[   18.003737] Entering suspend state LP1
[   18.003737] Suspended for 6.940 seconds
[   18.003758] Enabling non-boot CPUs ...
[   18.033276] CPU1 is up
[   18.073400] CPU2 is up
[   18.114054] CPU3 is up
[   18.115221] PM: noirq resume of devices complete after 1.155 msecs
[   18.117833] PM: early resume of devices complete after 2.330 msecs
[   18.710337] PM: resume of devices complete after 592.486 msecs
[   18.774806] Restarting tasks ... done.
root@(none):/# 
root@(none):/# rtcwake -d rtc1 -m mem -s 3
rtcwake: assuming RTC uses UTC ...
rtcwake: wakeup from "mem" using /dev/rtc1 at Thu Jan  1 00:01:22 1970
[   19.801047] PM: Syncing filesystems ... done.
[   19.844504] Freezing user space processes ... (elapsed 0.001 seconds) done.
[   19.852881] Freezing remaining freezable tasks ... (elapsed 0.001 seconds) done.
[   19.861633] Suspending console(s) (use no_console_suspend to debug)
[   19.921650] PM: suspend of devices complete after 52.493 msecs
[   19.924496] PM: late suspend of devices complete after 2.829 msecs
[   19.927131] PM: noirq suspend of devices complete after 2.620 msecs
[   19.927137] Disabling non-boot CPUs ...
[   20.083757] Entering suspend state LP1
[   20.083757] Suspended for 6.920 seconds
[   20.083778] Enabling non-boot CPUs ...
[   20.113353] CPU1 is up
[   20.153419] CPU2 is up
[   20.194052] CPU3 is up
[   20.195206] PM: noirq resume of devices complete after 1.142 msecs
[   20.197812] PM: early resume of devices complete after 2.140 msecs
[   20.785249] PM: resume of devices complete after 587.418 msecs
[   20.845515] Restarting tasks ... done.
root@(none):/# 
root@(none):/# rtcwake -d rtc1 -m mem -s 3
rtcwake: assuming RTC uses UTC ...
rtcwake: wakeup from "mem" using /dev/rtc1 at Thu Jan  1 00:01:31 1970
[   21.880887] PM: Syncing filesystems ... done.
[   21.923104] Freezing user space processes ... (elapsed 0.001 seconds) done.
[   21.931477] Freezing remaining freezable tasks ... (elapsed 0.001 seconds) done.
[   21.940366] Suspending console(s) (use no_console_suspend to debug)
[   22.001425] PM: suspend of devices complete after 53.551 msecs
[   22.004504] PM: late suspend of devices complete after 3.062 msecs
[   22.006959] PM: noirq suspend of devices complete after 2.443 msecs
[   22.006964] Disabling non-boot CPUs ...
[   22.007465] IRQ17 no longer affine to CPU1
[   22.132806] Entering suspend state LP1
[   22.132806] Suspended for 6.951 seconds
[   22.132827] Enabling non-boot CPUs ...
[   22.163711] CPU1 is up
[   22.203409] CPU2 is up
[   22.243983] CPU3 is up
[   22.245140] PM: noirq resume of devices complete after 1.146 msecs
[   22.247765] PM: early resume of devices complete after 2.158 msecs
[   22.839626] PM: resume of devices complete after 591.842 msecs
[   22.904009] Restarting tasks ... done.
root@(none):/# 
root@(none):/# rtcwake -d rtc1 -m mem -s 3
rtcwake: assuming RTC uses UTC ...
rtcwake: wakeup from "mem" using /dev/rtc1 at Thu Jan  1 00:01:40 1970
[   23.920645] PM: Syncing filesystems ... done.
[   23.957444] Freezing user space processes ... (elapsed 0.001 seconds) done.
[   23.965822] Freezing remaining freezable tasks ... (elapsed 0.001 seconds) done.
[   23.974562] Suspending console(s) (use no_console_suspend to debug)
[   24.041386] PM: suspend of devices complete after 59.286 msecs
[   24.044584] PM: late suspend of devices complete after 3.180 msecs
[   24.047036] PM: noirq suspend of devices complete after 2.441 msecs
[   24.047042] Disabling non-boot CPUs ...
[   24.047541] IRQ17 no longer affine to CPU1
[   24.193615] Entering suspend state LP1
[   24.193615] Suspended for 6.939 seconds
[   24.193636] Enabling non-boot CPUs ...
[   24.223214] CPU1 is up
[   24.263320] CPU2 is up
[   24.304069] CPU3 is up
[   24.305210] PM: noirq resume of devices complete after 1.129 msecs
[   24.307800] PM: early resume of devices complete after 2.128 msecs
[   24.897077] PM: resume of devices complete after 589.259 msecs
[   24.961394] Restarting tasks ... done.
root@(none):/# 
root@(none):/# NVTB SYSTEM SUSPEND TEST COMPLETE
