
U-Boot SPL 2014.01-00219-gc4d376f (Feb 18 2014 - 19:57:32)


U-Boot 2014.01-00219-gc4d376f (Feb 18 2014 - 19:57:32)

TEGRA114
Board: NVIDIA Dalmore
I2C:   ready
DRAM:  2 GiB
MMC:   Tegra SD/MMC: 0, Tegra SD/MMC: 1
In:    serial
Out:   serial
Err:   serial
Net:   Net Initialization Skipped
No ethernet found.
Hit any key to stop autoboot:  2  0 
Tegra114 (Dalmore) # 
Tegra114 (Dalmore) # usb reset
(Re)start USB...
USB0:   USB EHCI 1.10
scanning bus 0 for devices... 2 USB Device(s) found
       scanning usb for storage devices... 0 Storage Device(s) found
       scanning usb for ethernet devices... 
Warning: asx0 using MAC address from net device
1 Ethernet Device(s) found
Tegra114 (Dalmore) # setenv bootargs 'ignore_loglevel console=ttyS0,115200n8 rw root=PARTUUID=7369c667-ff51-ec4a-29cd-baabf2fbe346 rootwait gpt debug earlyprintk init=/bin/bash'
Tegra114 (Dalmore) # setenv ipaddr 192.168.100.100; setenv serverip 192.168.100.1; setenv tftpserverip 192.168.100.1
Tegra114 (Dalmore) # tftpboot 0x81000000 zImage.tegra_defconfig
Using asx0 device
TFTP from server 192.168.100.1; our IP address is 192.168.100.100
Filename 'zImage.tegra_defconfig'.
Load address: 0x81000000
Loading: *#################################################################
	 #################################################################
	 #################################################################
	 #################################################################
	 #################################################################
	 #################################################################
	 #####################
	 2.8 MiB/s
done
Bytes transferred = 6032912 (5c0e10 hex)
Tegra114 (Dalmore) # tftpboot 0x82000000 tegra114-dalmore.dtb
Using asx0 device
TFTP from server 192.168.100.1; our IP address is 192.168.100.100
Filename 'tegra114-dalmore.dtb'.
Load address: 0x82000000
Loading: *###
	 2.4 MiB/s
done
Bytes transferred = 35044 (88e4 hex)
Tegra114 (Dalmore) # bootz 0x81000000 - 0x82000000
Kernel image @ 0x81000000 [ 0x000000 - 0x5c0e10 ]
## Flattened Device Tree blob at 82000000
   Booting using the fdt blob at 0x82000000
   Loading Device Tree to 8fff4000, end 8ffff8e3 ... OK

Starting kernel ...

Uncompressing Linux... done, booting the kernel.
[    0.000000] Booting Linux on physical CPU 0x0
[    0.000000] Linux version 4.11.0-rc2-next-20170320-159700-g4f4f972 (jonathanh@kaivo) (gcc version 4.7.3 20130328 (prerelease) (crosstool-NG linaro-1.13.1-4.7-2013.04-20130415 - Linaro GCC 2013.04) ) #1 SMP PREEMPT Wed Mar 22 14:23:38 PDT 2017
[    0.000000] CPU: ARMv7 Processor [412fc0f2] revision 2 (ARMv7), cr=10c5387d
[    0.000000] CPU: div instructions available: patching division code
[    0.000000] CPU: PIPT / VIPT nonaliasing data cache, PIPT instruction cache
[    0.000000] OF: fdt: Machine model: NVIDIA Tegra114 Dalmore evaluation board
[    0.000000] debug: ignoring loglevel setting.
[    0.000000] bootconsole [earlycon0] enabled
[    0.000000] cma: Reserved 64 MiB at 0xfbc00000
[    0.000000] Memory policy: Data cache writealloc
[    0.000000] On node 0 totalpages: 524032
[    0.000000] free_area_init_node: node 0, pgdat c0eab1c0, node_mem_map eeff7000
[    0.000000]   Normal zone: 1536 pages used for memmap
[    0.000000]   Normal zone: 0 pages reserved
[    0.000000]   Normal zone: 196608 pages, LIFO batch:31
[    0.000000]   HighMem zone: 327424 pages, LIFO batch:31
[    0.000000] percpu: Embedded 17 pages/cpu @eef97000 s38464 r8192 d22976 u69632
[    0.000000] pcpu-alloc: s38464 r8192 d22976 u69632 alloc=17*4096
[    0.000000] pcpu-alloc: [0] 0 [0] 1 [0] 2 [0] 3 
[    0.000000] Built 1 zonelists in Zone order, mobility grouping on.  Total pages: 522496
[    0.000000] Kernel command line: ignore_loglevel console=ttyS0,115200n8 rw root=PARTUUID=7369c667-ff51-ec4a-29cd-baabf2fbe346 rootwait gpt debug earlyprintk init=/bin/bash
[    0.000000] PID hash table entries: 4096 (order: 2, 16384 bytes)
[    0.000000] Dentry cache hash table entries: 131072 (order: 7, 524288 bytes)
[    0.000000] Inode-cache hash table entries: 65536 (order: 6, 262144 bytes)
[    0.000000] Memory: 1998600K/2096128K available (9216K kernel code, 725K rwdata, 2704K rodata, 1024K init, 314K bss, 31992K reserved, 65536K cma-reserved, 1244160K highmem)
[    0.000000] Virtual kernel memory layout:
[    0.000000]     vector  : 0xffff0000 - 0xffff1000   (   4 kB)
[    0.000000]     fixmap  : 0xffc00000 - 0xfff00000   (3072 kB)
[    0.000000]     vmalloc : 0xf0800000 - 0xff800000   ( 240 MB)
[    0.000000]     lowmem  : 0xc0000000 - 0xf0000000   ( 768 MB)
[    0.000000]     pkmap   : 0xbfe00000 - 0xc0000000   (   2 MB)
[    0.000000]     modules : 0xbf000000 - 0xbfe00000   (  14 MB)
[    0.000000]       .text : 0xc0008000 - 0xc0a00000   (10208 kB)
[    0.000000]       .init : 0xc0d00000 - 0xc0e00000   (1024 kB)
[    0.000000]       .data : 0xc0e00000 - 0xc0eb5520   ( 726 kB)
[    0.000000]        .bss : 0xc0eb7000 - 0xc0f0599c   ( 315 kB)
[    0.000000] Preemptible hierarchical RCU implementation.
[    0.000000] NR_IRQS:16 nr_irqs:16 16
[    0.000000] /interrupt-controller@60004000: 160 interrupts forwarded to /interrupt-controller@50041000
[    0.000000] Tegra clk 127: register failed with -17
[    0.000007] sched_clock: 32 bits at 1000kHz, resolution 1000ns, wraps every 2147483647500ns
[    0.007734] clocksource: timer_us: mask: 0xffffffff max_cycles: 0xffffffff, max_idle_ns: 1911260446275 ns
[    0.017348] Switching to timer-based delay loop, resolution 1000ns
[    0.024401] arm_arch_timer: Architected cp15 timer(s) running at 12.00MHz (virt).
[    0.031133] clocksource: arch_sys_counter: mask: 0xffffffffffffff max_cycles: 0x2c47f4ee7, max_idle_ns: 440795202497 ns
[    0.041966] sched_clock: 56 bits at 12MHz, resolution 83ns, wraps every 4398046511096ns
[    0.050021] Switching to timer-based delay loop, resolution 83ns
[    0.056565] Console: colour dummy device 80x30
[    0.060607] Calibrating delay loop (skipped), value calculated using timer frequency.. 24.00 BogoMIPS (lpj=120000)
[    0.071004] pid_max: default: 32768 minimum: 301
[    0.076205] Mount-cache hash table entries: 2048 (order: 1, 8192 bytes)
[    0.082365] Mountpoint-cache hash table entries: 2048 (order: 1, 8192 bytes)
[    0.090276] CPU: Testing write buffer coherency: ok
[    0.094690] /cpus/cpu@0 missing clock-frequency property
[    0.099782] /cpus/cpu@1 missing clock-frequency property
[    0.105177] /cpus/cpu@2 missing clock-frequency property
[    0.110531] /cpus/cpu@3 missing clock-frequency property
[    0.115901] CPU0: thread -1, cpu 0, socket 0, mpidr 80000000
[    0.156021] Setting up static identity map for 0x80100000 - 0x80100098
[    0.176442] Tegra Revision: A01 SKU: 0 CPU Process: 1 SoC Process: 0
[    0.196047] smp: Bringing up secondary CPUs ...
[    0.246619] CPU1: thread -1, cpu 1, socket 0, mpidr 80000001
[    0.316710] CPU2: thread -1, cpu 2, socket 0, mpidr 80000002
[    0.386821] CPU3: thread -1, cpu 3, socket 0, mpidr 80000003
[    0.386913] smp: Brought up 1 node, 4 CPUs
[    0.406347] SMP: Total of 4 processors activated (96.00 BogoMIPS).
[    0.412597] CPU: All CPU(s) started in SVC mode.
[    0.419124] devtmpfs: initialized
[    0.433591] VFP support v0.3: implementor 41 architecture 4 part 30 variant f rev 0
[    0.439738] clocksource: jiffies: mask: 0xffffffff max_cycles: 0xffffffff, max_idle_ns: 19112604462750000 ns
[    0.449340] futex hash table entries: 1024 (order: 4, 65536 bytes)
[    0.456884] pinctrl core: initialized pinctrl subsystem
[    0.462230] NET: Registered protocol family 16
[    0.466850] DMA: preallocated 256 KiB pool for atomic coherent allocations
[    0.474061] cpuidle: using governor menu
[    0.499475] No ATAGs?
[    0.499612] hw-breakpoint: found 5 (+1 reserved) breakpoint and 4 watchpoint registers.
[    0.508147] hw-breakpoint: maximum watchpoint size is 8 bytes.
[    0.515042] tegra-mc 70019000.memory-controller: no memory timings for RAM code 3 registered
[    0.540175] dvdd_ts: Failed to request enable GPIO61: -517
[    0.543866] reg-fixed-voltage regulators:regulator@1: Failed to register regulator: -517
[    0.552087] usb1_vbus: Failed to request enable GPIO108: -517
[    0.557811] reg-fixed-voltage regulators:regulator@3: Failed to register regulator: -517
[    0.566036] usb2_vbus: Failed to request enable GPIO86: -517
[    0.571677] reg-fixed-voltage regulators:regulator@4: Failed to register regulator: -517
[    0.580295] VDD_5V0_HDMI_CON: Failed to request enable GPIO81: -517
[    0.586153] reg-fixed-voltage regulators:regulator@7: Failed to register regulator: -517
[    0.595484] vgaarb: loaded
[    0.597874] SCSI subsystem initialized
[    0.601115] libata version 3.00 loaded.
[    0.605145] usbcore: registered new interface driver usbfs
[    0.610409] usbcore: registered new interface driver hub
[    0.615786] usbcore: registered new device driver usb
[    0.623947] tps65090 2-0048: No cache defaults, reading back from HW
[    0.630435] TPS65090_RAILSDCDC1: supplied by vdd_ac_bat
[    0.635044] TPS65090_RAILSDCDC2: supplied by vdd_ac_bat
[    0.640284] TPS65090_RAILSDCDC3: supplied by vdd_ac_bat
[    0.645052] TPS65090_RAILSFET1: supplied by vdd_ac_bat
[    0.650070] TPS65090_RAILSFET2: supplied by vdd_ac_bat
[    0.655270] TPS65090_RAILSFET3: supplied by vdd-sys-3v3
[    0.660720] TPS65090_RAILSFET4: supplied by vdd-sys-3v3
[    0.666014] TPS65090_RAILSFET5: supplied by vdd-sys-3v3
[    0.671289] TPS65090_RAILSFET6: supplied by vdd-sys-3v3
[    0.676912] TPS65090_RAILSFET7: supplied by vdd-sys-3v3
[    0.681870] TPS65090_RAILSLDO1: supplied by vdd_ac_bat
[    0.686753] TPS65090_RAILSLDO2: supplied by vdd_ac_bat
[    0.692492] palmas 2-0058: Irq flag is 0x00000004
[    0.698624] palmas 2-0058: Muxing GPIO ff, PWM 0, LED 0
[    0.704462] SMPS12: supplied by vdd-ao
[    0.707488] vdd_hdmi_5v0: supplied by vdd-sys-5v0
[    0.711999] SMPS3: supplied by vdd-ao
[    0.716716] SMPS457: supplied by vdd-sys-3v3
[    0.722253] SMPS8: supplied by vdd-sys-3v3
[    0.725435] random: fast init done
[    0.728807] SMPS9: supplied by vdd-sys-3v3
[    0.732688] sdhci-vdd-sd-slot: Bringing 2840000uV into 2800000-2800000uV
[    0.741930] LDO1: supplied by vdd-sys-3v3
[    0.745383] LDO2: supplied by vdd-sys-3v3
[    0.749490] LDO3: supplied by vddio-1v8
[    0.753342] LDO4: supplied by vdd-sys-3v3
[    0.757434] LDO5: supplied by vdd_ac_bat
[    0.761021] LDO6: supplied by vdd-sys-3v3
[    0.764753] vdd-sensor-2v85: Bringing 2900000uV into 2850000-2850000uV
[    0.772297] LDO7: supplied by vdd-sys-3v3
[    0.776678] LDO8: supplied by vdd-ao
[    0.779067] vdd-rtc: Bringing 675000uV into 900000-900000uV
[    0.794939] LDO9: supplied by sdhci-vdd-sd-slot
[    0.805285] LDOLN: supplied by vdd-sys-5v0
[    0.808833] LDOUSB: supplied by vdd-sys-5v0
[    0.818012] Linux video capture interface: v2.00
[    0.820888] pps_core: LinuxPPS API ver. 1 registered
[    0.825854] pps_core: Software ver. 5.3.6 - Copyright 2005-2007 Rodolfo Giometti <giometti@linux.it>
[    0.835060] PTP clock support registered
[    0.839687] Advanced Linux Sound Architecture Driver Initialized.
[    0.845987] Bluetooth: Core ver 2.22
[    0.848856] NET: Registered protocol family 31
[    0.853326] Bluetooth: HCI device and connection manager initialized
[    0.859724] Bluetooth: HCI socket layer initialized
[    0.864676] Bluetooth: L2CAP socket layer initialized
[    0.869807] Bluetooth: SCO socket layer initialized
[    0.876126] clocksource: Switched to clocksource arch_sys_counter
[    0.976834] NET: Registered protocol family 2
[    0.980608] TCP established hash table entries: 8192 (order: 3, 32768 bytes)
[    0.986596] TCP bind hash table entries: 8192 (order: 4, 65536 bytes)
[    0.993153] TCP: Hash tables configured (established 8192 bind 8192)
[    0.999904] UDP hash table entries: 512 (order: 2, 16384 bytes)
[    1.005405] UDP-Lite hash table entries: 512 (order: 2, 16384 bytes)
[    1.012144] NET: Registered protocol family 1
[    1.016970] RPC: Registered named UNIX socket transport module.
[    1.022181] RPC: Registered udp transport module.
[    1.026972] RPC: Registered tcp transport module.
[    1.031715] RPC: Registered tcp NFSv4.1 backchannel transport module.
[    1.038235] PCI: CLS 0 bytes, default 64
[    1.045859] workingset: timestamp_bits=30 max_order=19 bucket_order=0
[    1.052166] squashfs: version 4.0 (2009/01/31) Phillip Lougher
[    1.057216] NFS: Registering the id_resolver key type
[    1.061505] Key type id_resolver registered
[    1.065725] Key type id_legacy registered
[    1.074467] bounce: pool size: 64 pages
[    1.076540] io scheduler noop registered (default)
[    1.081334] io scheduler mq-deadline registered
[    1.103156] tegra-apbdma 6000a000.dma: Tegra20 APB DMA driver register 32 channels
[    1.109925] tegra-pmc 7000e400.pmc: i2c-thermtrip node not found, emergency thermal reset disabled.
[    1.118555] Serial: 8250/16550 driver, 4 ports, IRQ sharing disabled
[    1.126611] console [ttyS0] disabled
[    1.128405] 70006300.serial: ttyS0 at MMIO 0x70006300 (irq = 329, base_baud = 25500000) is a Tegra
[    1.137440] console [ttyS0] enabled
[    1.137440] console [ttyS0] enabled
[    1.143708] bootconsole [earlycon0] disabled
[    1.143708] bootconsole [earlycon0] disabled
[    1.155049] tegra-hdmi 54280000.hdmi: failed to get HDMI regulator
[    1.190812] loop: module loaded
[    1.205558] m25p80 spi32766.0: w25q32dw (4096 Kbytes)
[    1.212942] libphy: Fixed MDIO Bus: probed
[    1.217061] CAN device driver interface
[    1.220964] igb: Intel(R) Gigabit Ethernet Network Driver - version 5.4.0-k
[    1.227971] igb: Copyright (c) 2007-2014 Intel Corporation.
[    1.233717] pegasus: v0.9.3 (2013/04/25), Pegasus/Pegasus II USB Ethernet driver
[    1.241261] usbcore: registered new interface driver pegasus
[    1.247049] usbcore: registered new interface driver asix
[    1.252517] usbcore: registered new interface driver ax88179_178a
[    1.258705] usbcore: registered new interface driver cdc_ether
[    1.264612] usbcore: registered new interface driver smsc75xx
[    1.270484] usbcore: registered new interface driver smsc95xx
[    1.276312] usbcore: registered new interface driver net1080
[    1.282037] usbcore: registered new interface driver cdc_subset
[    1.288061] usbcore: registered new interface driver zaurus
[    1.293712] usbcore: registered new interface driver cdc_ncm
[    1.299791] ehci_hcd: USB 2.0 'Enhanced' Host Controller (EHCI) Driver
[    1.306357] ehci-pci: EHCI PCI platform driver
[    1.310864] tegra-ehci: Tegra EHCI driver
[    1.315533] usbcore: registered new interface driver cdc_acm
[    1.321206] cdc_acm: USB Abstract Control Model driver for USB modems and ISDN adapters
[    1.329281] usbcore: registered new interface driver cdc_wdm
[    1.335019] usbcore: registered new interface driver usb-storage
[    1.345365] palmas-rtc 7000d000.i2c:tps65913@58:rtc: rtc core: registered 7000d000.i2c:tps659 as rtc0
[    1.356103] tegra_rtc 7000e000.rtc: rtc core: registered 7000e000.rtc as rtc1
[    1.363296] tegra_rtc 7000e000.rtc: Tegra internal Real Time Clock
[    1.369763] i2c /dev entries driver
[    1.374291] usbcore: registered new interface driver uvcvideo
[    1.380054] USB Video Class driver (1.1.1)
[    1.384146] gspca_main: v2.14.0 registered
[    1.389160] sbs-battery 0-000b: sbs_probe: Failed to get device status
[    1.395694] sbs-battery: probe of 0-000b failed with error -121
[    1.406905] tegra-wdt 60005000.timer: initialized (heartbeat = 120 sec, nowayout = 0)
[    1.415295] sdhci: Secure Digital Host Controller Interface driver
[    1.421568] sdhci: Copyright(c) Pierre Ossman
[    1.425920] sdhci-pltfm: SDHCI platform and OF driver helper
[    1.431880] sdhci-tegra 78000400.sdhci: Got CD GPIO
[    1.436792] sdhci-tegra 78000400.sdhci: Got WP GPIO
[    1.450907] mmc0: Invalid maximum block size, assuming 512 bytes
[    1.516345] mmc0: SDHCI controller on 78000400.sdhci [78000400.sdhci] using ADMA
[    1.536253] mmc1: Invalid maximum block size, assuming 512 bytes
[    1.606207] mmc1: SDHCI controller on 78000600.sdhci [78000600.sdhci] using ADMA
[    1.623566] usbcore: registered new interface driver usbhid
[    1.631206] usbhid: USB HID core driver
[    1.678501] mmc0: new high speed SDHC card at address aaaa
[    1.684655] mmcblk0: mmc0:aaaa SL16G 14.8 GiB 
[    1.706423] mmc1: new high speed MMC card at address 0001
[    1.712385]  mmcblk0: p1 p2 p3
[    1.716181] mmcblk1: mmc1:0001 SEM32G 29.1 GiB 
[    1.721632] mmcblk1boot0: mmc1:0001 SEM32G partition 1 4.00 MiB
[    1.738043] mmcblk1boot1: mmc1:0001 SEM32G partition 2 4.00 MiB
[    1.744359] mmcblk1rpmb: mmc1:0001 SEM32G partition 3 4.00 MiB
[    1.752912]  mmcblk1: p1 p2 p3 p4 p5 p6 p7 p8
[    2.089694] tegra30-i2s 70080400.i2s: DMA channels sourced from device 70080000.ahub
[    2.106296] tegra-snd-rt5640 sound: rt5640-aif1 <-> 70080400.i2s mapping ok
[    2.117986] input: NVIDIA Tegra Dalmore Headphones as /devices/soc0/sound/sound/card0/input0
[    2.128732] NET: Registered protocol family 10
[    2.134559] Segment Routing with IPv6
[    2.138440] mip6: Mobile IPv6
[    2.141408] sit: IPv6, IPv4 and MPLS over IPv4 tunneling driver
[    2.149015] NET: Registered protocol family 17
[    2.153472] NET: Registered protocol family 15
[    2.157961] can: controller area network core (rev 20120528 abi 9)
[    2.164251] NET: Registered protocol family 29
[    2.168709] can: raw protocol (rev 20120528)
[    2.172974] can: broadcast manager protocol (rev 20161123 t)
[    2.178673] can: netlink gateway (rev 20130117) max_hops=1
[    2.184332] Bluetooth: RFCOMM socket layer initialized
[    2.189504] Bluetooth: RFCOMM ver 1.11
[    2.193260] Bluetooth: BNEP (Ethernet Emulation) ver 1.3
[    2.198663] Bluetooth: BNEP socket layer initialized
[    2.203623] Bluetooth: HIDP (Human Interface Emulation) ver 1.2
[    2.209557] Bluetooth: HIDP socket layer initialized
[    2.214712] Key type dns_resolver registered
[    2.219627] Registering SWP/SWPB emulation handler
[    2.241578] usb1_vbus: supplied by vdd-sys-5v0
[    2.246949] usb2_vbus: supplied by vdd-sys-5v0
[    2.252941] VDD_5V0_HDMI_CON: supplied by vdd-sys-5v0
[    2.261651] [drm] Supports vblank timestamp caching Rev 2 (21.10.2013).
[    2.268323] [drm] No driver support for vblank timestamp query.
[    2.368206] Console: switching to colour frame buffer device 240x75
[    2.407910] drm drm: fb0:  frame buffer device
[    2.412452] [drm] Initialized tegra 0.0.0 20120330 for drm on minor 0
[    2.422527] tegra-ehci 7d008000.usb: EHCI Host Controller
[    2.427982] tegra-ehci 7d008000.usb: new USB bus registered, assigned bus number 1
[    2.435844] tegra-ehci 7d008000.usb: irq 339, io mem 0x7d008000
[    2.476263] tegra-ehci 7d008000.usb: USB 2.0 started, EHCI 1.10
[    2.483623] hub 1-0:1.0: USB hub found
[    2.487509] hub 1-0:1.0: 1 port detected
[    2.492830] input: gpio-keys as /devices/soc0/gpio-keys/input/input1
[    2.501886] palmas-rtc 7000d000.i2c:tps65913@58:rtc: setting system clock to 2001-01-14 09:00:45 UTC (979462845)
[    2.517315] dvdd_ts: disabling
[    2.520376] usb1_vbus: disabling
[    2.523601] vdd_cam_1v8_reg: disabling
[    2.527417] ALSA device list:
[    2.530395]   #0: NVIDIA Tegra Dalmore
[    2.535562] EXT4-fs (mmcblk1p1): mounting ext3 file system using the ext4 subsystem
[    2.561460] EXT4-fs (mmcblk1p1): recovery complete
[    2.566341] EXT4-fs (mmcblk1p1): mounted filesystem with ordered data mode. Opts: (null)
[    2.574485] VFS: Mounted root (ext3 filesystem) on device 179:17.
[    2.586493] devtmpfs: mounted
[    2.590518] Freeing unused kernel memory: 1024K
bash: cannot set terminal process group (-1): Inappropriate ioctl for device
bash: no job control in this shell
root@(none):/# [    2.856290] usb 1-1: new high-speed USB device number 2 using tegra-ehci
mount -t sysfs none /sys
root@(none):/# 
root@(none):/# [    3.531817] asix 1-1:1.0 eth0: register 'asix' at usb-7d008000.usb-1, ASIX AX88772 USB 2.0 Ethernet, 00:50:b6:0d:b5:16
mount -t debugfs none /sys/kernel/debug
root@(none):/# 
root@(none):/# rtcwake -d rtc1 -m mem -s 3
rtcwake: assuming RTC uses UTC ...
rtcwake: wakeup from "mem" using /dev/rtc1 at Thu Jan  1 00:00:20 1970
[    5.197333] PM: Syncing filesystems ... done.
[    5.204314] Freezing user space processes ... (elapsed 0.001 seconds) done.
[    5.205640] Freezing remaining freezable tasks ... (elapsed 0.001 seconds) done.
[    5.207016] Suspending console(s) (use no_console_suspend to debug)
[    5.347884] PM: suspend of devices complete after 93.159 msecs
[    5.349788] PM: late suspend of devices complete after 1.886 msecs
[    5.351256] PM: noirq suspend of devices complete after 1.456 msecs
[    5.351262] Disabling non-boot CPUs ...
[    5.587019] IRQ17 no longer affine to CPU3
[    5.641100] Entering suspend state LP1
[    5.641100] Suspended for 7.582 seconds
[    5.641142] Enabling non-boot CPUs ...
[    5.671367] CPU1 is up
[    5.711591] CPU2 is up
[    5.752458] CPU3 is up
[    5.753274] PM: noirq resume of devices complete after 0.804 msecs
[    5.755275] PM: early resume of devices complete after 1.357 msecs
[    6.349013] PM: resume of devices complete after 593.720 msecs
[    6.412619] Restarting tasks ... done.
root@(none):/# 
root@(none):/# rtcwake -d rtc1 -m mem -s 3
rtcwake: assuming RTC uses UTC ...
rtcwake: wakeup from "mem" using /dev/rtc1 at Thu Jan  1 00:00:30 1970
[    7.637492] PM: Syncing filesystems ... done.
[    7.642996] Freezing user space processes ... (elapsed 0.001 seconds) done.
[    7.644333] Freezing remaining freezable tasks ... (elapsed 0.001 seconds) done.
[    7.645708] Suspending console(s) (use no_console_suspend to debug)
[    7.777980] PM: suspend of devices complete after 76.159 msecs
[    7.779884] PM: late suspend of devices complete after 1.887 msecs
[    7.781349] PM: noirq suspend of devices complete after 1.453 msecs
[    7.781355] Disabling non-boot CPUs ...
[    8.036456] IRQ17 no longer affine to CPU3
[    8.090613] Entering suspend state LP1
[    8.090613] Suspended for 8.134 seconds
[    8.090655] Enabling non-boot CPUs ...
[    8.121346] CPU1 is up
[    8.161529] CPU2 is up
[    8.202634] CPU3 is up
[    8.203307] PM: noirq resume of devices complete after 0.662 msecs
[    8.205123] PM: early resume of devices complete after 1.172 msecs
[    8.799199] PM: resume of devices complete after 594.057 msecs
[    8.862877] Restarting tasks ... done.
root@(none):/# 
root@(none):/# rtcwake -d rtc1 -m mem -s 3
rtcwake: assuming RTC uses UTC ...
rtcwake: wakeup from "mem" using /dev/rtc1 at Thu Jan  1 00:00:40 1970
[    9.494639] PM: Syncing filesystems ... done.
[    9.500050] Freezing user space processes ... (elapsed 0.001 seconds) done.
[    9.501374] Freezing remaining freezable tasks ... (elapsed 0.001 seconds) done.
[    9.502760] Suspending console(s) (use no_console_suspend to debug)
[    9.638557] PM: suspend of devices complete after 86.537 msecs
[    9.640375] PM: late suspend of devices complete after 1.801 msecs
[    9.641840] PM: noirq suspend of devices complete after 1.453 msecs
[    9.641846] Disabling non-boot CPUs ...
[    9.876661] IRQ17 no longer affine to CPU3
[    9.930539] Entering suspend state LP1
[    9.930539] Suspended for 7.577 seconds
[    9.930580] Enabling non-boot CPUs ...
[    9.961327] CPU1 is up
[   10.001462] CPU2 is up
[   10.042344] CPU3 is up
[   10.042970] PM: noirq resume of devices complete after 0.615 msecs
[   10.044842] PM: early resume of devices complete after 1.208 msecs
[   10.638877] PM: resume of devices complete after 594.016 msecs
[   10.702502] Restarting tasks ... done.
root@(none):/# 
root@(none):/# rtcwake -d rtc1 -m mem -s 3
rtcwake: assuming RTC uses UTC ...
rtcwake: wakeup from "mem" using /dev/rtc1 at Thu Jan  1 00:00:50 1970
[   11.914163] PM: Syncing filesystems ... done.
[   11.919795] Freezing user space processes ... (elapsed 0.001 seconds) done.
[   11.921134] Freezing remaining freezable tasks ... (elapsed 0.001 seconds) done.
[   11.922515] Suspending console(s) (use no_console_suspend to debug)
[   12.048464] PM: suspend of devices complete after 73.986 msecs
[   12.050352] PM: late suspend of devices complete after 1.871 msecs
[   12.051828] PM: noirq suspend of devices complete after 1.465 msecs
[   12.051834] Disabling non-boot CPUs ...
[   12.086494] IRQ17 no longer affine to CPU1
[   12.340465] Entering suspend state LP1
[   12.340465] Suspended for 8.173 seconds
[   12.340506] Enabling non-boot CPUs ...
[   12.371245] CPU1 is up
[   12.411440] CPU2 is up
[   12.452275] CPU3 is up
[   12.452886] PM: noirq resume of devices complete after 0.600 msecs
[   12.454710] PM: early resume of devices complete after 1.163 msecs
[   13.049131] PM: resume of devices complete after 594.402 msecs
[   13.112748] Restarting tasks ... done.
root@(none):/# 
root@(none):/# rtcwake -d rtc1 -m mem -s 3
rtcwake: assuming RTC uses UTC ...
rtcwake: wakeup from "mem" using /dev/rtc1 at Thu Jan  1 00:01:00 1970
[   13.748900] PM: Syncing filesystems ... done.
[   13.754813] Freezing user space processes ... (elapsed 0.001 seconds) done.
[   13.756197] Freezing remaining freezable tasks ... (elapsed 0.001 seconds) done.
[   13.757573] Suspending console(s) (use no_console_suspend to debug)
[   13.888227] PM: suspend of devices complete after 86.849 msecs
[   13.889854] PM: late suspend of devices complete after 1.611 msecs
[   13.891359] PM: noirq suspend of devices complete after 1.495 msecs
[   13.891365] Disabling non-boot CPUs ...
[   13.926451] IRQ17 no longer affine to CPU1
[   14.200824] Entering suspend state LP1
[   14.200824] Suspended for 7.556 seconds
[   14.200866] Enabling non-boot CPUs ...
[   14.231268] CPU1 is up
[   14.271372] CPU2 is up
[   14.312293] CPU3 is up
[   14.312917] PM: noirq resume of devices complete after 0.613 msecs
[   14.314693] PM: early resume of devices complete after 1.119 msecs
[   14.909075] PM: resume of devices complete after 594.359 msecs
[   14.972760] Restarting tasks ... done.
root@(none):/# 
root@(none):/# rtcwake -d rtc1 -m mem -s 3
rtcwake: assuming RTC uses UTC ...
rtcwake: wakeup from "mem" using /dev/rtc1 at Thu Jan  1 00:01:10 1970
[   16.195031] PM: Syncing filesystems ... done.
[   16.200746] Freezing user space processes ... (elapsed 0.015 seconds) done.
[   16.216067] Freezing remaining freezable tasks ... (elapsed 0.001 seconds) done.
[   16.217451] Suspending console(s) (use no_console_suspend to debug)
[   16.338233] PM: suspend of devices complete after 93.645 msecs
[   16.340013] PM: late suspend of devices complete after 1.763 msecs
[   16.341529] PM: noirq suspend of devices complete after 1.504 msecs
[   16.341535] Disabling non-boot CPUs ...
[   16.376395] IRQ17 no longer affine to CPU1
[   16.630357] Entering suspend state LP1
[   16.630357] Suspended for 8.154 seconds
[   16.630399] Enabling non-boot CPUs ...
[   16.661163] CPU1 is up
[   16.701362] CPU2 is up
[   16.742188] CPU3 is up
[   16.742804] PM: noirq resume of devices complete after 0.605 msecs
[   16.744619] PM: early resume of devices complete after 1.167 msecs
[   17.339056] PM: resume of devices complete after 594.419 msecs
[   17.402730] Restarting tasks ... done.
root@(none):/# 
root@(none):/# rtcwake -d rtc1 -m mem -s 3
rtcwake: assuming RTC uses UTC ...
rtcwake: wakeup from "mem" using /dev/rtc1 at Thu Jan  1 00:01:20 1970
[   18.042528] PM: Syncing filesystems ... done.
[   18.047985] Freezing user space processes ... (elapsed 0.001 seconds) done.
[   18.049331] Freezing remaining freezable tasks ... (elapsed 0.001 seconds) done.
[   18.050720] Suspending console(s) (use no_console_suspend to debug)
[   18.178286] PM: suspend of devices complete after 71.595 msecs
[   18.180175] PM: late suspend of devices complete after 1.870 msecs
[   18.181673] PM: noirq suspend of devices complete after 1.487 msecs
[   18.181679] Disabling non-boot CPUs ...
[   18.216324] IRQ17 no longer affine to CPU1
[   18.480296] Entering suspend state LP1
[   18.480296] Suspended for 7.567 seconds
[   18.480337] Enabling non-boot CPUs ...
[   18.511124] CPU1 is up
[   18.551288] CPU2 is up
[   18.592152] CPU3 is up
[   18.592782] PM: noirq resume of devices complete after 0.618 msecs
[   18.594597] PM: early resume of devices complete after 1.180 msecs
[   19.188489] PM: resume of devices complete after 593.873 msecs
[   19.252263] Restarting tasks ... done.
root@(none):/# 
root@(none):/# rtcwake -d rtc1 -m mem -s 3
rtcwake: assuming RTC uses UTC ...
rtcwake: wakeup from "mem" using /dev/rtc1 at Thu Jan  1 00:01:30 1970
[   20.474720] PM: Syncing filesystems ... done.
[   20.480127] Freezing user space processes ... (elapsed 0.001 seconds) done.
[   20.481458] Freezing remaining freezable tasks ... (elapsed 0.014 seconds) done.
[   20.495982] Suspending console(s) (use no_console_suspend to debug)
[   20.617882] PM: suspend of devices complete after 92.976 msecs
[   20.619660] PM: late suspend of devices complete after 1.761 msecs
[   20.621211] PM: noirq suspend of devices complete after 1.540 msecs
[   20.621217] Disabling non-boot CPUs ...
[   20.756367] IRQ17 no longer affine to CPU2
[   20.910329] Entering suspend state LP1
[   20.910329] Suspended for 8.153 seconds
[   20.910371] Enabling non-boot CPUs ...
[   20.941073] CPU1 is up
[   20.981236] CPU2 is up
[   21.022082] CPU3 is up
[   21.022740] PM: noirq resume of devices complete after 0.646 msecs
[   21.024591] PM: early resume of devices complete after 1.203 msecs
[   21.618581] PM: resume of devices complete after 593.972 msecs
[   21.682276] Restarting tasks ... done.
root@(none):/# 
root@(none):/# rtcwake -d rtc1 -m mem -s 3
rtcwake: assuming RTC uses UTC ...
rtcwake: wakeup from "mem" using /dev/rtc1 at Thu Jan  1 00:01:40 1970
[   22.324072] PM: Syncing filesystems ... done.
[   22.329622] Freezing user space processes ... (elapsed 0.001 seconds) done.
[   22.330993] Freezing remaining freezable tasks ... (elapsed 0.001 seconds) done.
[   22.332390] Suspending console(s) (use no_console_suspend to debug)
[   22.477827] PM: suspend of devices complete after 89.289 msecs
[   22.479663] PM: late suspend of devices complete after 1.819 msecs
[   22.481128] PM: noirq suspend of devices complete after 1.454 msecs
[   22.481134] Disabling non-boot CPUs ...
[   22.726085] IRQ17 no longer affine to CPU3
[   22.780192] Entering suspend state LP1
[   22.780192] Suspended for 7.547 seconds
[   22.780233] Enabling non-boot CPUs ...
[   22.811035] CPU1 is up
[   22.851182] CPU2 is up
[   22.891998] CPU3 is up
[   22.892624] PM: noirq resume of devices complete after 0.615 msecs
[   22.894485] PM: early resume of devices complete after 1.200 msecs
[   23.498487] PM: resume of devices complete after 603.985 msecs
[   23.562100] Restarting tasks ... done.
root@(none):/# 
root@(none):/# rtcwake -d rtc1 -m mem -s 3
rtcwake: assuming RTC uses UTC ...
rtcwake: wakeup from "mem" using /dev/rtc1 at Thu Jan  1 00:01:50 1970
[   24.774072] PM: Syncing filesystems ... done.
[   24.779568] Freezing user space processes ... (elapsed 0.001 seconds) done.
[   24.780906] Freezing remaining freezable tasks ... (elapsed 0.014 seconds) done.
[   24.795870] Suspending console(s) (use no_console_suspend to debug)
[   24.917491] PM: suspend of devices complete after 92.499 msecs
[   24.919325] PM: late suspend of devices complete after 1.816 msecs
[   24.920788] PM: noirq suspend of devices complete after 1.451 msecs
[   24.920794] Disabling non-boot CPUs ...
[   25.166043] IRQ17 no longer affine to CPU3
[   25.220181] Entering suspend state LP1
[   25.220181] Suspended for 8.143 seconds
[   25.220222] Enabling non-boot CPUs ...
[   25.250990] CPU1 is up
[   25.291127] CPU2 is up
[   25.331964] CPU3 is up
[   25.332603] PM: noirq resume of devices complete after 0.627 msecs
[   25.334495] PM: early resume of devices complete after 1.255 msecs
[   25.929214] PM: resume of devices complete after 594.700 msecs
[   25.992843] Restarting tasks ... done.
root@(none):/# 
root@(none):/# NVTB SYSTEM SUSPEND TEST COMPLETE
