

U-Boot 2015.04-00466-gedec83e90172 (Mar 14 2016 - 10:42:01)

TEGRA124
Model: Acer Chromebook 13 CB5-311
DRAM:  4 GiB
C:   Tegra SD/MMC: 0, Tegra SD/MMC: 1, Tegra SD/MMC: 2
MMC init failed
Using default environment

In:    serial
Out:   serial
Err:   serial
Net:   Net Initialization Skipped
No ethernet found.
Hit any key to stop autoboot:  2  0 
Tegra124 (Nyan-big) # 
Tegra124 (Nyan-big) # usb start
starting USB...
USB0:   USB EHCI 1.10
scanning bus 0 for devices... 2 USB Device(s) found
USB1:   USB EHCI 1.10
scanning bus 1 for devices... 2 USB Device(s) found
       scanning usb for storage devices... 1 Storage Device(s) found
       scanning usb for ethernet devices... 
Warning: asx0 using MAC address from net device
1 Ethernet Device(s) found
Tegra124 (Nyan-big) # mw 0x7000e4a0 0x00080000
Tegra124 (Nyan-big) # setenv bootargs 'ignore_loglevel console=ttyS0,115200n8 rw root=PARTUUID=4d36e82a-b3c0-4b4b-bfcd-afe5217ac023 rootwait gpt debug noinitrd earlyprintk init=/bin/bash'
Tegra124 (Nyan-big) # setenv ipaddr 192.168.100.102; setenv serverip 192.168.100.1; setenv tftpserverip 192.168.100.1
Tegra124 (Nyan-big) # tftpboot 0x82000000 zImage.multi_v7_defconfig
Using asx0 device
TFTP from server 192.168.100.1; our IP address is 192.168.100.102
Filename 'zImage.multi_v7_defconfig'.
Load address: 0x82000000
Loading: *#################################################################
	 #################################################################
	 #################################################################
	 #################################################################
	 #################################################################
	 #################################################################
	 #################################################################
	 #################################################################
	 ####################
	 2.8 MiB/s
done
Bytes transferred = 7915264 (78c700 hex)
Tegra124 (Nyan-big) # tftpboot 0x83000000 tegra124-nyan-big.dtb
Using asx0 device
TFTP from server 192.168.100.1; our IP address is 192.168.100.102
Filename 'tegra124-nyan-big.dtb'.
Load address: 0x83000000
Loading: *#####
	 2.7 MiB/s
done
Bytes transferred = 68155 (10a3b hex)
Tegra124 (Nyan-big) # bootz 0x82000000 - 0x83000000
Kernel image @ 0x82000000 [ 0x000000 - 0x78c700 ]
## Flattened Device Tree blob at 83000000
   Booting using the fdt blob at 0x83000000
   Using Device Tree in place at 83000000, end 83013a3a

Starting kernel ...

[    0.000000] Booting Linux on physical CPU 0x0
[    0.000000] Linux version 4.12.0-rc1-170893-ge99b6f1 (jonathanh@sellafield) (gcc version 4.7.3 20130328 (prerelease) (crosstool-NG linaro-1.13.1-4.7-2013.04-20130415 - Linaro GCC 2013.04) ) #1 SMP Tue May 30 04:10:12 PDT 2017
[    0.000000] CPU: ARMv7 Processor [413fc0f3] revision 3 (ARMv7), cr=10c5387d
[    0.000000] CPU: div instructions available: patching division code
[    0.000000] CPU: PIPT / VIPT nonaliasing data cache, PIPT instruction cache
[    0.000000] OF: fdt: Machine model: Acer Chromebook 13 CB5-311
[    0.000000] OF: fdt: Ignoring memory range 0x100000000 - 0x17ffff000
[    0.000000] debug: ignoring loglevel setting.
[    0.000000] Memory policy: Data cache writealloc
[    0.000000] efi: Getting EFI parameters from FDT:
[    0.000000] efi: UEFI not found.
[    0.000000] cma: Reserved 64 MiB at 0xfb800000
[    0.000000] On node 0 totalpages: 524287
[    0.000000] free_area_init_node: node 0, pgdat c157fd40, node_mem_map eeff8000
[    0.000000]   DMA zone: 1536 pages used for memmap
[    0.000000]   DMA zone: 0 pages reserved
[    0.000000]   DMA zone: 196608 pages, LIFO batch:31
[    0.000000]   HighMem zone: 327679 pages, LIFO batch:31
[    0.000000] percpu: Embedded 17 pages/cpu @eef81000 s39168 r8192 d22272 u69632
[    0.000000] pcpu-alloc: s39168 r8192 d22272 u69632 alloc=17*4096
[    0.000000] pcpu-alloc: [0] 0 [0] 1 [0] 2 [0] 3 
[    0.000000] Built 1 zonelists in Zone order, mobility grouping on.  Total pages: 522751
[    0.000000] Kernel command line: ignore_loglevel console=ttyS0,115200n8 rw root=PARTUUID=4d36e82a-b3c0-4b4b-bfcd-afe5217ac023 rootwait gpt debug noinitrd earlyprintk init=/bin/bash
[    0.000000] PID hash table entries: 4096 (order: 2, 16384 bytes)
[    0.000000] Dentry cache hash table entries: 131072 (order: 7, 524288 bytes)
[    0.000000] Inode-cache hash table entries: 65536 (order: 6, 262144 bytes)
[    0.000000] Memory: 1994436K/2097148K available (10240K kernel code, 1566K rwdata, 4388K rodata, 2048K init, 409K bss, 37176K reserved, 65536K cma-reserved, 1245180K highmem)
[    0.000000] Virtual kernel memory layout:
[    0.000000]     vector  : 0xffff0000 - 0xffff1000   (   4 kB)
[    0.000000]     fixmap  : 0xffc00000 - 0xfff00000   (3072 kB)
[    0.000000]     vmalloc : 0xf0800000 - 0xff800000   ( 240 MB)
[    0.000000]     lowmem  : 0xc0000000 - 0xf0000000   ( 768 MB)
[    0.000000]     pkmap   : 0xbfe00000 - 0xc0000000   (   2 MB)
[    0.000000]     modules : 0xbf000000 - 0xbfe00000   (  14 MB)
[    0.000000]       .text : 0xc0208000 - 0xc0d00000   (11232 kB)
[    0.000000]       .init : 0xc1200000 - 0xc1400000   (2048 kB)
[    0.000000]       .data : 0xc1400000 - 0xc15879b0   (1567 kB)
[    0.000000]        .bss : 0xc1590d04 - 0xc15f74d8   ( 410 kB)
[    0.000000] SLUB: HWalign=64, Order=0-3, MinObjects=0, CPUs=4, Nodes=1
[    0.000000] Hierarchical RCU implementation.
[    0.000000] 	RCU debugfs-based tracing is enabled.
[    0.000000] 	RCU restricting CPUs from NR_CPUS=16 to nr_cpu_ids=4.
[    0.000000] RCU: Adjusting geometry for rcu_fanout_leaf=16, nr_cpu_ids=4
[    0.000000] NR_IRQS:16 nr_irqs:16 16
[    0.000000] /interrupt-controller@60004000: 160 interrupts forwarded to /interrupt-controller@50041000
[    0.000000] Tegra clk 127: register failed with -17
[    0.000004] sched_clock: 32 bits at 1000kHz, resolution 1000ns, wraps every 2147483647500ns
[    0.000011] clocksource: timer_us: mask: 0xffffffff max_cycles: 0xffffffff, max_idle_ns: 1911260446275 ns
[    0.000017] Switching to timer-based delay loop, resolution 1000ns
[    0.001660] arch_timer: cp15 timer(s) running at 12.00MHz (virt).
[    0.001667] clocksource: arch_sys_counter: mask: 0xffffffffffffff max_cycles: 0x2c47f4ee7, max_idle_ns: 440795202497 ns
[    0.001674] sched_clock: 56 bits at 12MHz, resolution 83ns, wraps every 4398046511096ns
[    0.001679] Switching to timer-based delay loop, resolution 83ns
[    0.001891] Console: colour dummy device 80x30
[    0.001904] Calibrating delay loop (skipped), value calculated using timer frequency.. 24.00 BogoMIPS (lpj=120000)
[    0.001911] pid_max: default: 32768 minimum: 301
[    0.001948] Mount-cache hash table entries: 2048 (order: 1, 8192 bytes)
[    0.001952] Mountpoint-cache hash table entries: 2048 (order: 1, 8192 bytes)
[    0.002153] CPU: Testing write buffer coherency: ok
[    0.002276] /cpus/cpu@0 missing clock-frequency property
[    0.002291] /cpus/cpu@1 missing clock-frequency property
[    0.002305] /cpus/cpu@2 missing clock-frequency property
[    0.002320] /cpus/cpu@3 missing clock-frequency property
[    0.002325] CPU0: thread -1, cpu 0, socket 0, mpidr 80000000
[    0.002441] Setting up static identity map for 0x80300000 - 0x803000a0
[    0.003780] Tegra Revision: A01 SKU: 131 CPU Process: 1 SoC Process: 1
[    0.004040] EFI services will not be available.
[    0.004130] smp: Bringing up secondary CPUs ...
[    0.004422] CPU1: thread -1, cpu 1, socket 0, mpidr 80000001
[    0.011910] CPU2: thread -1, cpu 2, socket 0, mpidr 80000002
[    0.021912] CPU3: thread -1, cpu 3, socket 0, mpidr 80000003
[    0.031635] smp: Brought up 1 node, 4 CPUs
[    0.031643] SMP: Total of 4 processors activated (96.00 BogoMIPS).
[    0.031646] CPU: All CPU(s) started in SVC mode.
[    0.032191] devtmpfs: initialized
[    0.037993] VFP support v0.3: implementor 41 architecture 4 part 30 variant f rev 0
[    0.038184] clocksource: jiffies: mask: 0xffffffff max_cycles: 0xffffffff, max_idle_ns: 19112604462750000 ns
[    0.038192] futex hash table entries: 1024 (order: 4, 65536 bytes)
[    0.038769] pinctrl core: initialized pinctrl subsystem
[    0.039522] NET: Registered protocol family 16
[    0.040277] DMA: preallocated 256 KiB pool for atomic coherent allocations
[    0.041156] cpuidle: using governor menu
[    0.049992] No ATAGs?
[    0.050046] hw-breakpoint: found 5 (+1 reserved) breakpoint and 4 watchpoint registers.
[    0.050052] hw-breakpoint: maximum watchpoint size is 8 bytes.
[    0.052886] Serial: AMBA PL011 UART driver
[    0.053243] tegra-mc 70019000.memory-controller: no memory timings for RAM code 0 registered
[    0.058535] AT91: Could not find identification node
[    0.058739] +5V_SYS: supplied by +VDD_MUX
[    0.058836] +3.3V_SYS: supplied by +VDD_MUX
[    0.059051] +VDD_LED: Failed to request enable GPIO122: -517
[    0.059056] reg-fixed-voltage regulators:regulator@5: Failed to register regulator: -517
[    0.059091] +5V_VDD_TS_SW: Failed to request enable GPIO81: -517
[    0.059096] reg-fixed-voltage regulators:regulator@6: Failed to register regulator: -517
[    0.059129] +5V_USB_HS: Failed to request enable GPIO108: -517
[    0.059134] reg-fixed-voltage regulators:regulator@7: Failed to register regulator: -517
[    0.059167] +5V_USB_SS: Failed to request enable GPIO109: -517
[    0.059171] reg-fixed-voltage regulators:regulator@8: Failed to register regulator: -517
[    0.059260] +1.05V_RUN_AVDD_HDMI_PLL: Failed to request enable GPIO63: -517
[    0.059265] reg-fixed-voltage regulators:regulator@11: Failed to register regulator: -517
[    0.059297] +5V_HDMI_CON: Failed to request enable GPIO86: -517
[    0.059301] reg-fixed-voltage regulators:regulator@12: Failed to register regulator: -517
[    0.060300] vgaarb: loaded
[    0.060572] SCSI subsystem initialized
[    0.060635] libata version 3.00 loaded.
[    0.060723] usbcore: registered new interface driver usbfs
[    0.060743] usbcore: registered new interface driver hub
[    0.060769] usbcore: registered new device driver usb
[    0.062078] pps_core: LinuxPPS API ver. 1 registered
[    0.062082] pps_core: Software ver. 5.3.6 - Copyright 2005-2007 Rodolfo Giometti <giometti@linux.it>
[    0.062090] PTP clock support registered
[    0.062154] EDAC MC: Ver: 3.0.0
[    0.062552] tegra-emc 7001b000.emc: no memory timings for RAM code 0 found in DT
[    0.062562] tegra-emc: probe of 7001b000.emc failed with error -2
[    0.062990] clocksource: Switched to clocksource arch_sys_counter
[    0.082736] NET: Registered protocol family 2
[    0.082936] TCP established hash table entries: 8192 (order: 3, 32768 bytes)
[    0.082969] TCP bind hash table entries: 8192 (order: 4, 65536 bytes)
[    0.083048] TCP: Hash tables configured (established 8192 bind 8192)
[    0.083088] UDP hash table entries: 512 (order: 2, 16384 bytes)
[    0.083103] UDP-Lite hash table entries: 512 (order: 2, 16384 bytes)
[    0.083161] NET: Registered protocol family 1
[    0.083304] RPC: Registered named UNIX socket transport module.
[    0.083307] RPC: Registered udp transport module.
[    0.083311] RPC: Registered tcp transport module.
[    0.083314] RPC: Registered tcp NFSv4.1 backchannel transport module.
[    0.083319] PCI: CLS 0 bytes, default 64
[    0.083876] hw perfevents: enabled with armv7_cortex_a15 PMU driver, 7 counters available
[    0.084574] workingset: timestamp_bits=30 max_order=19 bucket_order=0
[    0.087426] squashfs: version 4.0 (2009/01/31) Phillip Lougher
[    0.087674] NFS: Registering the id_resolver key type
[    0.087687] Key type id_resolver registered
[    0.087690] Key type id_legacy registered
[    0.087706] ntfs: driver 2.1.32 [Flags: R/O].
[    0.088323] bounce: pool size: 64 pages
[    0.088340] Block layer SCSI generic (bsg) driver version 0.4 loaded (major 248)
[    0.088345] io scheduler noop registered
[    0.088348] io scheduler deadline registered
[    0.088358] io scheduler cfq registered (default)
[    0.088362] io scheduler mq-deadline registered
[    0.088365] io scheduler kyber registered
[    0.090238] tegra-xusb-padctl 7009f000.padctl: failed to setup XUSB ports: -517
[    0.098767] tegra_dma_runtime_resume-1507
[    0.099813] tegra-apbdma 60020000.dma: Tegra20 APB DMA driver register 32 channels
[    0.100753] tegra-pmc 7000e400.pmc: i2c-thermtrip node not found, emergency thermal reset disabled.
[    0.119239] Serial: 8250/16550 driver, 4 ports, IRQ sharing disabled
[    0.120284] console [ttyS0] disabled
[    0.120303] 70006000.serial: ttyS0 at MMIO 0x70006000 (irq = 333, base_baud = 25500000) is a Tegra
[    1.009907] console [ttyS0] enabled
[    1.013673] SuperH (H)SCI(F) driver initialized
[    1.018528] msm_serial: driver initialized
[    1.022673] STMicroelectronics ASC driver initialized
[    1.029720] tegra-hdmi 54280000.hdmi: failed to get HDMI regulator
[    1.036254] tegra-dpaux 545c0000.dpaux: failed to get VDD supply: -517
[    1.043643] panel-simple panel: panel supply power not found, using dummy regulator
[    1.054929] brd: module loaded
[    1.060631] loop: module loaded
[    1.064711] as3722 4-0040: AS3722 with revision 0x1 found
[    1.074692] as3722-sd2: supplied by +5V_SYS
[    1.079091] as3722-sd3: supplied by +5V_SYS
[    1.083442] +1.35V_LP0(sd3): Bringing 0uV into 1350000-1350000uV
[    1.089613] as3722-sd4: supplied by +5V_SYS
[    1.093947] +1.05V_RUN: Bringing 0uV into 1050000-1050000uV
[    1.099675] as3722-sd5: supplied by +5V_SYS
[    1.105276] as3722-ldo0: supplied by +1.35V_LP0(sd2)
[    1.110986] +1.8V_RUN_CAM: Bringing 0uV into 1800000-1800000uV
[    1.117005] as3722-ldo2: supplied by +1.8V_VDDIO
[    1.122619] as3722-ldo3: supplied by +3.3V_SYS
[    1.127072] +1.00V_LP0_VDD_RTC: Bringing 1100000uV into 1000000-1000000uV
[    1.134639] as3722-ldo4: supplied by +3.3V_SYS
[    1.139229] +3.3V_RUN_CAM: Bringing 0uV into 2800000-2800000uV
[    1.145241] as3722-ldo5: supplied by +1.8V_VDDIO
[    1.150009] +1.2V_RUN_CAM_FRONT: Bringing 0uV into 1200000-1200000uV
[    1.156685] +VDDIO_SDMMC3: Bringing 0uV into 1800000-1800000uV
[    1.162693] as3722-ldo7: supplied by +1.8V_VDDIO
[    1.167465] +1.05V_RUN_CAM_REAR: Bringing 0uV into 1050000-1050000uV
[    1.174003] as3722-ldo9: supplied by +5V_SYS
[    1.178565] +2.8V_RUN_TOUCH: Bringing 0uV into 2800000-2800000uV
[    1.184756] as3722-ldo10: supplied by +5V_SYS
[    1.189258] +2.8V_RUN_CAM_AF: Bringing 0uV into 2800000-2800000uV
[    1.195688] +1.8V_RUN_VPP_FUSE: Bringing 0uV into 1800000-1800000uV
[    1.204651] spi-tegra114 7000d400.spi: Dma channel is not available: -19
[    1.211436] spi-tegra114 7000da00.spi: Dma channel is not available: -19
[    1.218791] libphy: Fixed MDIO Bus: probed
[    1.223272] CAN device driver interface
[    1.227408] bgmac_bcma: Broadcom 47xx GBit MAC driver loaded
[    1.233519] e1000e: Intel(R) PRO/1000 Network Driver - 3.2.6-k
[    1.239335] e1000e: Copyright(c) 1999 - 2015 Intel Corporation.
[    1.245263] igb: Intel(R) Gigabit Ethernet Network Driver - version 5.4.0-k
[    1.252205] igb: Copyright (c) 2007-2014 Intel Corporation.
[    1.258993] pegasus: v0.9.3 (2013/04/25), Pegasus/Pegasus II USB Ethernet driver
[    1.266399] usbcore: registered new interface driver pegasus
[    1.272060] usbcore: registered new interface driver asix
[    1.277463] usbcore: registered new interface driver ax88179_178a
[    1.283557] usbcore: registered new interface driver cdc_ether
[    1.289390] usbcore: registered new interface driver smsc75xx
[    1.295143] usbcore: registered new interface driver smsc95xx
[    1.300884] usbcore: registered new interface driver net1080
[    1.306545] usbcore: registered new interface driver cdc_subset
[    1.312459] usbcore: registered new interface driver zaurus
[    1.318044] usbcore: registered new interface driver cdc_ncm
[    1.324354] ehci_hcd: USB 2.0 'Enhanced' Host Controller (EHCI) Driver
[    1.330865] ehci-pci: EHCI PCI platform driver
[    1.335314] ehci-platform: EHCI generic platform driver
[    1.340594] ehci-orion: EHCI orion driver
[    1.344651] SPEAr-ehci: EHCI SPEAr driver
[    1.348696] ehci-st: EHCI STMicroelectronics driver
[    1.353611] ehci-exynos: EHCI EXYNOS driver
[    1.357835] ehci-atmel: EHCI Atmel driver
[    1.361878] tegra-ehci: Tegra EHCI driver
[    1.365941] ohci_hcd: USB 1.1 'Open' Host Controller (OHCI) Driver
[    1.372110] ohci-pci: OHCI PCI platform driver
[    1.376560] ohci-platform: OHCI generic platform driver
[    1.381823] ohci-omap3: OHCI OMAP3 driver
[    1.385872] SPEAr-ohci: OHCI SPEAr driver
[    1.389915] ohci-st: OHCI STMicroelectronics driver
[    1.394830] ohci-atmel: OHCI Atmel driver
[    1.399076] usbcore: registered new interface driver usb-storage
[    1.405847] elan_i2c 1-0015: 1-0015 supply vcc not found, using dummy regulator
[    1.413217] as3722-rtc as3722-rtc: rtc core: registered as3722-rtc as rtc0
[    1.420081] as3722-rtc as3722-rtc: RTC interrupt 372
[    1.426959] tegra_rtc 7000e000.rtc: rtc core: registered 7000e000.rtc as rtc1
[    1.434098] tegra_rtc 7000e000.rtc: Tegra internal Real Time Clock
[    1.440440] i2c /dev entries driver
[    1.446245] lm90 0-004c: 0-004c supply vcc not found, using dummy regulator
[    1.457547] sdhci: Secure Digital Host Controller Interface driver
[    1.463720] sdhci: Copyright(c) Pierre Ossman
[    1.468609] Synopsys Designware Multimedia Card Interface Driver
[    1.475053] sdhci-pltfm: SDHCI platform and OF driver helper
[    1.480974] sdhci-tegra 700b0000.sdhci: allocated mmc-pwrseq
[    1.493111] sdhci-tegra 700b0400.sdhci: Got CD GPIO
[    1.497981] sdhci-tegra 700b0400.sdhci: Got WP GPIO
[    1.517017] mmc0: Unknown controller version (3). You may experience problems.
[    1.524293] mmc0: Invalid maximum block size, assuming 512 bytes
[    1.568150] random: fast init done
[    1.582285] elan_i2c 1-0015: Elan Touchpad: Module ID: 0x002a, Firmware: 0x0005, Sample: 0x0007, IAP: 0x0009
[    1.592233] input: Elan Touchpad as /devices/soc0/7000c400.i2c/i2c-1/1-0015/input/input0
[    1.593006] mmc0: SDHCI controller on 700b0600.sdhci [700b0600.sdhci] using ADMA
[    1.607823] ledtrig-cpu: registered to indicate activity on CPUs
[    1.613933] usbcore: registered new interface driver usbhid
[    1.619490] usbhid: USB HID core driver
[    1.624677] NET: Registered protocol family 10
[    1.629419] Segment Routing with IPv6
[    1.633100] sit: IPv6, IPv4 and MPLS over IPv4 tunneling driver
[    1.639204] NET: Registered protocol family 17
[    1.643646] can: controller area network core (rev 20170425 abi 9)
[    1.649831] NET: Registered protocol family 29
[    1.654268] can: raw protocol (rev 20170425)
[    1.658525] can: broadcast manager protocol (rev 20170425 t)
[    1.664177] can: netlink gateway (rev 20170425) max_hops=1
[    1.669763] Key type dns_resolver registered
[    1.674237] ThumbEE CPU extension supported.
[    1.678497] Registering SWP/SWPB emulation handler
[    1.688002] +3.3V_RUN: supplied by +3.3V_SYS
[    1.692726] +VDD_LED: supplied by +VDD_MUX
[    1.696897] +3.3V_AVDD_HDMI_AP_GATED: supplied by +3.3V_RUN
[    1.702482] +1.8V_RUN_CAM: supplied by +3.3V_RUN
[    1.707181] +VDDIO_SDMMC3: supplied by +3.3V_RUN
[    1.711876] +1.8V_RUN_VPP_FUSE: supplied by +3.3V_RUN
[    1.717228] +5V_VDD_TS_SW: supplied by +5V_SYS
[    1.721926] +5V_USB_HS: supplied by +5V_SYS
[    1.726448] +5V_USB_SS: supplied by +5V_SYS
[    1.731231] +3.3V_PANEL: supplied by +3.3V_RUN
[    1.736587] +3.3V_LP0: supplied by +3.3V_SYS
[    1.741660] +1.05V_RUN_AVDD_HDMI_PLL: supplied by +1.05V_RUN
[    1.747394] elan_i2c 1-0015: failed to read report data: -121
[    1.747615] +5V_HDMI_CON: supplied by +5V_SYS
[    1.748502]  usb3-0: usb3-0 supply vbus not found, using dummy regulator
[    1.748558]  usb3-1: usb3-1 supply vbus not found, using dummy regulator
[    1.752787] tegra-sor 54540000.sor: failed to probe output: -517
[    1.753870] panel-simple panel: panel supply power not found, using dummy regulator
[    1.755144] sdhci-tegra 700b0000.sdhci: allocated mmc-pwrseq
[    1.758038] mmc0: new high speed MMC card at address 0001
[    1.758624] mmcblk0: mmc0:0001 MMC16G 14.4 GiB 
[    1.759160] mmcblk0boot0: mmc0:0001 MMC16G partition 1 2.00 MiB
[    1.763232] mmc1: Unknown controller version (3). You may experience problems.
[    1.763274] mmc1: Invalid maximum block size, assuming 512 bytes
[    1.763653] mmc1: Switching to 3.3V signalling voltage failed
[    1.763706] mmcblk0boot1: mmc0:0001 MMC16G partition 2 2.00 MiB
[    1.764314] mmcblk0rpmb: mmc0:0001 MMC16G partition 3 128 KiB
[    1.768846]  mmcblk0: p1 p2 p3 p4 p5 p6 p7 p8 p9 p10 p11 p12
[    1.823081] mmc1: SDHCI controller on 700b0000.sdhci [700b0000.sdhci] using ADMA
[    1.824030] sdhci-tegra 700b0400.sdhci: Got CD GPIO
[    1.824040] sdhci-tegra 700b0400.sdhci: Got WP GPIO
[    1.832565] mmc2: Unknown controller version (3). You may experience problems.
[    1.832618] mmc2: Invalid maximum block size, assuming 512 bytes
[    1.859461] mmc1: new high speed SDIO card at address 0001
[    1.884152] elan_i2c 1-0015: invalid report id data (ff)
[    1.893316] mmc2: SDHCI controller on 700b0400.sdhci [700b0400.sdhci] using ADMA
[    1.906379] input: gpio-keys as /devices/soc0/gpio-keys/input/input1
[    1.913804] as3722-rtc as3722-rtc: setting system clock to 2000-01-01 01:19:20 UTC (946689560)
[    1.922823] +3.3V_AVDD_HDMI_AP_GATED: disabling
[    1.927399] +1.05V_RUN: disabling
[    1.930839] +1.8V_RUN_CAM: disabling
[    1.934548] +3.3V_RUN_CAM: disabling
[    1.938280] +1.2V_RUN_CAM_FRONT: disabling
[    1.942482] +1.05V_RUN_CAM_REAR: disabling
[    1.947788] +2.8V_RUN_TOUCH: disabling
[    1.953089] +2.8V_RUN_CAM_AF: disabling
[    1.957129] +1.8V_RUN_VPP_FUSE: disabling
[    1.961294] +VDD_LED: disabling
[    1.964486] +5V_VDD_TS_SW: disabling
[    1.968062] +5V_USB_HS: disabling
[    1.971368] +5V_USB_SS: disabling
[    1.974698] +3.3V_PANEL: disabling
[    1.978098] +1.05V_RUN_AVDD_HDMI_PLL: disabling
[    1.982618] +5V_HDMI_CON: disabling
[    1.987018] EXT4-fs (mmcblk0p3): couldn't mount as ext3 due to feature incompatibilities
[    1.995800] EXT4-fs (mmcblk0p3): couldn't mount as ext2 due to feature incompatibilities
[    2.084266] mmc2: new high speed SDHC card at address 0007
[    2.090175] mmcblk2: mmc2:0007 SD08G 7.42 GiB 
[    2.103344] GPT:Primary header alternate_lba != Alt. header my_lba
[    2.109513] GPT:3014591 != 15564799
[    2.113007] GPT:Primary header thinks Alt. header is not at the end of the disk.
[    2.120382] GPT:3014591 != 15564799
[    2.123862] GPT: Use GNU Parted to correct GPT errors.
[    2.129018]  mmcblk2: p1 p2 p3 p4 p5 p6 p7 p8 p9 p10 p11 p12
[    2.143171] EXT4-fs (mmcblk0p3): recovery complete
[    2.148649] EXT4-fs (mmcblk0p3): mounted filesystem with ordered data mode. Opts: (null)
[    2.156778] VFS: Mounted root (ext4 filesystem) on device 179:3.
[    2.163466] devtmpfs: mounted
[    2.167132] Freeing unused kernel memory: 2048K
bash: cannot set terminal process group (-1): Inappropriate ioctl for device
bash: no job control in this shell
root@(none):/# mount -t sysfs none /sys
root@(none):/# 
root@(none):/# mount -t debugfs none /sys/kernel/debug
root@(none):/# 
root@(none):/# rtcwake -d rtc1 -m mem -s 3
rtcwake: assuming RTC uses UTC ...
rtcwake: wakeup from "mem" using /dev/rtc1 at Thu Jan  1 00:00:27 1970
[    4.801838] PM: Syncing filesystems ... done.
[    4.807633] Freezing user space processes ... (elapsed 0.001 seconds) done.
[    4.815828] OOM killer disabled.
[    4.819048] Freezing remaining freezable tasks ... (elapsed 0.001 seconds) done.
[    4.827708] Suspending console(s) (use no_console_suspend to debug)
[    4.850895] tegra_dma_pm_suspend-1523
[    4.850902] tegra_dma_runtime_resume-1507
[    4.850915] tegra_dma_pm_suspend-1551
[    4.851042] PM: suspend of devices complete after 16.536 msecs
[    4.852265] PM: late suspend of devices complete after 1.215 msecs
[    4.853011] PM: noirq suspend of devices complete after 0.741 msecs
[    4.853013] Disabling non-boot CPUs ...
[    4.853317] IRQ352 no longer affine to CPU1
[    4.915161] IRQ353 no longer affine to CPU2
[    4.975271] IRQ354 no longer affine to CPU3
[    5.024509] Entering suspend state LP1
[    5.024509] Suspended for 3.042 seconds
[    5.024520] Enabling non-boot CPUs ...
[    5.054554] CPU1 is up
[    5.094407] CPU2 is up
[    5.134622] CPU3 is up
[    5.135060] PM: noirq resume of devices complete after 0.433 msecs
[    5.136441] PM: early resume of devices complete after 1.058 msecs
[    5.292059] mmc1: Switching to 3.3V signalling voltage failed
[    5.374546] PM: resume of devices complete after 238.093 msecs
[    5.463835] OOM killer enabled.
[    5.466964] Restarting tasks ... done.
root@(none):/# 
root@(none):/# rtcwake -d rtc1 -m mem -s 3
rtcwake: assuming RTC uses UTC ...
rtcwake: wakeup from "mem" using /dev/rtc1 at Thu Jan  1 00:00:31 1970
[    5.840060] PM: Syncing filesystems ... done.
[    5.845691] Freezing user space processes ... (elapsed 0.001 seconds) done.
[    5.853850] OOM killer disabled.
[    5.857066] Freezing remaining freezable tasks ... (elapsed 0.001 seconds) done.
[    5.865658] Suspending console(s) (use no_console_suspend to debug)
[    5.888758] tegra_dma_pm_suspend-1523
[    5.888763] tegra_dma_runtime_resume-1507
[    5.888773] tegra_dma_pm_suspend-1551
[    5.888897] PM: suspend of devices complete after 16.482 msecs
[    5.890178] PM: late suspend of devices complete after 1.272 msecs
[    5.890960] PM: noirq suspend of devices complete after 0.777 msecs
[    5.890962] Disabling non-boot CPUs ...
[    5.891226] IRQ352 no longer affine to CPU1
[    5.975061] IRQ353 no longer affine to CPU2
[    6.034845] IRQ354 no longer affine to CPU3
[    6.084679] Entering suspend state LP1
[    6.084679] Suspended for 2.939 seconds
[    6.084690] Enabling non-boot CPUs ...
[    6.114547] CPU1 is up
[    6.154378] CPU2 is up
[    6.194589] CPU3 is up
[    6.195022] PM: noirq resume of devices complete after 0.429 msecs
[    6.196373] PM: early resume of devices complete after 1.044 msecs
[    6.352200] mmc1: Switching to 3.3V signalling voltage failed
[    6.434500] PM: resume of devices complete after 238.117 msecs
[    6.523790] OOM killer enabled.
[    6.526919] Restarting tasks ... done.
root@(none):/# 
root@(none):/# rtcwake -d rtc1 -m mem -s 3
rtcwake: assuming RTC uses UTC ...
rtcwake: wakeup from "mem" using /dev/rtc1 at Thu Jan  1 00:00:35 1970
[    6.900050] PM: Syncing filesystems ... done.
[    6.905685] Freezing user space processes ... (elapsed 0.001 seconds) done.
[    6.913846] OOM killer disabled.
[    6.917062] Freezing remaining freezable tasks ... (elapsed 0.001 seconds) done.
[    6.925675] Suspending console(s) (use no_console_suspend to debug)
[    6.949759] tegra_dma_pm_suspend-1523
[    6.949764] tegra_dma_runtime_resume-1507
[    6.949774] tegra_dma_pm_suspend-1551
[    6.949899] PM: suspend of devices complete after 17.466 msecs
[    6.951317] PM: late suspend of devices complete after 1.409 msecs
[    6.952093] PM: noirq suspend of devices complete after 0.771 msecs
[    6.952095] Disabling non-boot CPUs ...
[    6.952350] IRQ352 no longer affine to CPU1
[    7.025040] IRQ353 no longer affine to CPU2
[    7.084898] IRQ354 no longer affine to CPU3
[    7.114313] Entering suspend state LP1
[    7.114313] Suspended for 2.970 seconds
[    7.114325] Enabling non-boot CPUs ...
[    7.144737] CPU1 is up
[    7.184358] CPU2 is up
[    7.224559] CPU3 is up
[    7.224987] PM: noirq resume of devices complete after 0.423 msecs
[    7.226129] PM: early resume of devices complete after 0.842 msecs
[    7.382949] mmc1: Switching to 3.3V signalling voltage failed
[    7.474884] PM: resume of devices complete after 248.745 msecs
[    7.564261] OOM killer enabled.
[    7.567393] Restarting tasks ... done.
root@(none):/# 
root@(none):/# rtcwake -d rtc1 -m mem -s 3
rtcwake: assuming RTC uses UTC ...
rtcwake: wakeup from "mem" using /dev/rtc1 at Thu Jan  1 00:00:39 1970
[    7.930756] PM: Syncing filesystems ... done.
[    7.936387] Freezing user space processes ... (elapsed 0.001 seconds) done.
[    7.944455] OOM killer disabled.
[    7.947671] Freezing remaining freezable tasks ... (elapsed 0.001 seconds) done.
[    7.956281] Suspending console(s) (use no_console_suspend to debug)
[    7.979388] tegra_dma_pm_suspend-1523
[    7.979392] tegra_dma_runtime_resume-1507
[    7.979402] tegra_dma_pm_suspend-1551
[    7.979522] PM: suspend of devices complete after 16.476 msecs
[    7.980873] PM: late suspend of devices complete after 1.341 msecs
[    7.981649] PM: noirq suspend of devices complete after 0.771 msecs
[    7.981651] Disabling non-boot CPUs ...
[    7.981909] IRQ352 no longer affine to CPU1
[    8.154393] Entering suspend state LP1
[    8.154393] Suspended for 2.959 seconds
[    8.154404] Enabling non-boot CPUs ...
[    8.184514] CPU1 is up
[    8.224339] CPU2 is up
[    8.264548] CPU3 is up
[    8.264981] PM: noirq resume of devices complete after 0.428 msecs
[    8.266455] PM: early resume of devices complete after 1.169 msecs
[    8.422042] mmc1: Switching to 3.3V signalling voltage failed
[    8.504442] PM: resume of devices complete after 237.977 msecs
[    8.585393] OOM killer enabled.
[    8.588522] Restarting tasks ... done.
root@(none):/# 
root@(none):/# rtcwake -d rtc1 -m mem -s 3
rtcwake: assuming RTC uses UTC ...
rtcwake: wakeup from "mem" using /dev/rtc1 at Thu Jan  1 00:00:43 1970
[    8.970773] PM: Syncing filesystems ... done.
[    8.976503] Freezing user space processes ... (elapsed 0.001 seconds) done.
[    8.984678] OOM killer disabled.
[    8.987894] Freezing remaining freezable tasks ... (elapsed 0.001 seconds) done.
[    8.996489] Suspending console(s) (use no_console_suspend to debug)
[    9.020473] tegra_dma_pm_suspend-1523
[    9.020481] tegra_dma_runtime_resume-1507
[    9.020491] tegra_dma_pm_suspend-1551
[    9.020617] PM: suspend of devices complete after 17.304 msecs
[    9.021905] PM: late suspend of devices complete after 1.279 msecs
[    9.022682] PM: noirq suspend of devices complete after 0.773 msecs
[    9.022684] Disabling non-boot CPUs ...
[    9.244619] Entering suspend state LP1
[    9.244619] Suspended for 2.909 seconds
[    9.244630] Enabling non-boot CPUs ...
[    9.274479] CPU1 is up
[    9.314317] CPU2 is up
[    9.354524] CPU3 is up
[    9.354956] PM: noirq resume of devices complete after 0.427 msecs
[    9.356367] PM: early resume of devices complete after 1.104 msecs
[    9.511949] mmc1: Switching to 3.3V signalling voltage failed
[    9.594409] PM: resume of devices complete after 238.032 msecs
[    9.671193] OOM killer enabled.
[    9.674326] Restarting tasks ... done.
root@(none):/# 
root@(none):/# rtcwake -d rtc1 -m mem -s 3
rtcwake: assuming RTC uses UTC ...
rtcwake: wakeup from "mem" using /dev/rtc1 at Thu Jan  1 00:00:47 1970
[   10.060656] PM: Syncing filesystems ... done.
[   10.066287] Freezing user space processes ... (elapsed 0.001 seconds) done.
[   10.074372] OOM killer disabled.
[   10.077591] Freezing remaining freezable tasks ... (elapsed 0.001 seconds) done.
[   10.086261] Suspending console(s) (use no_console_suspend to debug)
[   10.109363] tegra_dma_pm_suspend-1523
[   10.109367] tegra_dma_runtime_resume-1507
[   10.109377] tegra_dma_pm_suspend-1551
[   10.109498] PM: suspend of devices complete after 16.387 msecs
[   10.110808] PM: late suspend of devices complete after 1.301 msecs
[   10.111589] PM: noirq suspend of devices complete after 0.776 msecs
[   10.111591] Disabling non-boot CPUs ...
[   10.111847] migrate_irqs: 6 callbacks suppressed
[   10.111849] IRQ352 no longer affine to CPU1
[   10.174966] IRQ353 no longer affine to CPU2
[   10.234750] IRQ354 no longer affine to CPU3
[   10.284581] Entering suspend state LP1
[   10.284581] Suspended for 2.959 seconds
[   10.284592] Enabling non-boot CPUs ...
[   10.314455] CPU1 is up
[   10.354287] CPU2 is up
[   10.394488] CPU3 is up
[   10.394918] PM: noirq resume of devices complete after 0.425 msecs
[   10.396247] PM: early resume of devices complete after 1.029 msecs
[   10.551961] mmc1: Switching to 3.3V signalling voltage failed
[   10.634378] PM: resume of devices complete after 238.121 msecs
[   10.728264] OOM killer enabled.
[   10.731393] Restarting tasks ... done.
root@(none):/# 
root@(none):/# rtcwake -d rtc1 -m mem -s 3
rtcwake: assuming RTC uses UTC ...
rtcwake: wakeup from "mem" using /dev/rtc1 at Thu Jan  1 00:00:51 1970
[   11.100721] PM: Syncing filesystems ... done.
[   11.106356] Freezing user space processes ... (elapsed 0.001 seconds) done.
[   11.114539] OOM killer disabled.
[   11.117763] Freezing remaining freezable tasks ... (elapsed 0.001 seconds) done.
[   11.126438] Suspending console(s) (use no_console_suspend to debug)
[   11.149615] tegra_dma_pm_suspend-1523
[   11.149620] tegra_dma_runtime_resume-1507
[   11.149634] tegra_dma_pm_suspend-1551
[   11.149760] PM: suspend of devices complete after 16.559 msecs
[   11.151063] PM: late suspend of devices complete after 1.294 msecs
[   11.151784] PM: noirq suspend of devices complete after 0.716 msecs
[   11.151786] Disabling non-boot CPUs ...
[   11.152048] IRQ352 no longer affine to CPU1
[   11.224939] IRQ353 no longer affine to CPU2
[   11.294817] IRQ354 no longer affine to CPU3
[   11.324211] Entering suspend state LP1
[   11.324211] Suspended for 2.960 seconds
[   11.324222] Enabling non-boot CPUs ...
[   11.354651] CPU1 is up
[   11.394270] CPU2 is up
[   11.434471] CPU3 is up
[   11.434900] PM: noirq resume of devices complete after 0.423 msecs
[   11.436193] PM: early resume of devices complete after 0.978 msecs
[   11.591890] mmc1: Switching to 3.3V signalling voltage failed
[   11.674336] PM: resume of devices complete after 238.132 msecs
[   11.763628] OOM killer enabled.
[   11.766756] Restarting tasks ... done.
root@(none):/# 
root@(none):/# rtcwake -d rtc1 -m mem -s 3
rtcwake: assuming RTC uses UTC ...
rtcwake: wakeup from "mem" using /dev/rtc1 at Thu Jan  1 00:00:55 1970
[   12.140692] PM: Syncing filesystems ... done.
[   12.146422] Freezing user space processes ... (elapsed 0.001 seconds) done.
[   12.154595] OOM killer disabled.
[   12.157811] Freezing remaining freezable tasks ... (elapsed 0.001 seconds) done.
[   12.166423] Suspending console(s) (use no_console_suspend to debug)
[   12.190435] tegra_dma_pm_suspend-1523
[   12.190439] tegra_dma_runtime_resume-1507
[   12.190449] tegra_dma_pm_suspend-1551
[   12.190570] PM: suspend of devices complete after 17.382 msecs
[   12.191902] PM: late suspend of devices complete after 1.324 msecs
[   12.192598] PM: noirq suspend of devices complete after 0.691 msecs
[   12.192600] Disabling non-boot CPUs ...
[   12.192857] IRQ352 no longer affine to CPU1
[   12.254927] IRQ353 no longer affine to CPU2
[   12.314766] IRQ354 no longer affine to CPU3
[   12.344166] Entering suspend state LP1
[   12.344166] Suspended for 2.979 seconds
[   12.344177] Enabling non-boot CPUs ...
[   12.374601] CPU1 is up
[   12.414229] CPU2 is up
[   12.454432] CPU3 is up
[   12.454858] PM: noirq resume of devices complete after 0.421 msecs
[   12.456358] PM: early resume of devices complete after 1.194 msecs
[   12.611874] mmc1: Switching to 3.3V signalling voltage failed
[   12.694316] PM: resume of devices complete after 237.948 msecs
[   12.783600] OOM killer enabled.
[   12.786729] Restarting tasks ... done.
root@(none):/# 
root@(none):/# rtcwake -d rtc1 -m mem -s 3
rtcwake: assuming RTC uses UTC ...
rtcwake: wakeup from "mem" using /dev/rtc1 at Thu Jan  1 00:00:59 1970
[   13.160677] PM: Syncing filesystems ... done.
[   13.166407] Freezing user space processes ... (elapsed 0.001 seconds) done.
[   13.174580] OOM killer disabled.
[   13.177796] Freezing remaining freezable tasks ... (elapsed 0.001 seconds) done.
[   13.186408] Suspending console(s) (use no_console_suspend to debug)
[   13.210487] tegra_dma_pm_suspend-1523
[   13.210492] tegra_dma_runtime_resume-1507
[   13.210502] tegra_dma_pm_suspend-1551
[   13.210626] PM: suspend of devices complete after 17.453 msecs
[   13.212018] PM: late suspend of devices complete after 1.384 msecs
[   13.212787] PM: noirq suspend of devices complete after 0.764 msecs
[   13.212811] Disabling non-boot CPUs ...
[   13.213069] IRQ352 no longer affine to CPU1
[   13.344140] Entering suspend state LP1
[   13.344140] Suspended for 2.999 seconds
[   13.344151] Enabling non-boot CPUs ...
[   13.374579] CPU1 is up
[   13.414200] CPU2 is up
[   13.454401] CPU3 is up
[   13.454832] PM: noirq resume of devices complete after 0.426 msecs
[   13.456290] PM: early resume of devices complete after 1.146 msecs
[   13.612796] mmc1: Switching to 3.3V signalling voltage failed
[   13.704767] PM: resume of devices complete after 248.467 msecs
[   13.785768] OOM killer enabled.
[   13.788898] Restarting tasks ... done.
root@(none):/# 
rot@(none):/# rtcwake -d rtc1 -m mem -s 3
rtcwake: assuming RTC uses UTC ...
rtcwake: wakeup from "mem" using /dev/rtc1 at Thu Jan  1 00:01:03 1970
[   14.160613] PM: Syncing filesystems ... done.
[   14.166231] Freezing user space processes ... (elapsed 0.001 seconds) done.
[   14.174395] OOM killer disabled.
[   14.177611] Freezing remaining freezable tasks ... (elapsed 0.001 seconds) done.
[   14.186230] Suspending console(s) (use no_console_suspend to debug)
[   14.209242] tegra_dma_pm_suspend-1523
[   14.209246] tegra_dma_runtime_resume-1507
[   14.209255] tegra_dma_pm_suspend-1551
[   14.209374] PM: suspend of devices complete after 16.381 msecs
[   14.210653] PM: late suspend of devices complete after 1.270 msecs
[   14.211422] PM: noirq suspend of devices complete after 0.763 msecs
[   14.211424] Disabling non-boot CPUs ...
[   14.384301] Entering suspend state LP1
[   14.384301] Suspended for 2.959 seconds
[   14.384313] Enabling non-boot CPUs ...
[   14.414369] CPU1 is up
[   14.454187] CPU2 is up
[   14.494404] CPU3 is up
[   14.494840] PM: noirq resume of devices complete after 0.430 msecs
[   14.496232] PM: early resume of devices complete after 1.086 msecs
[   14.651739] mmc1: Switching to 3.3V signalling voltage failed
[   14.734243] PM: resume of devices complete after 238.001 msecs
[   14.810940] OOM killer enabled.
[   14.814072] Restarting tasks ... done.
root@(none):/# 
root@(none):/# NVTB SYSTEM SUSPEND TEST COMPLETE
