

U-Boot 2015.04-00466-gedec83e90172 (Mar 14 2016 - 10:42:01)

TEGRA124
Model: Acer Chromebook 13 CB5-311
DRAM:  4 GiB
C:   Tegra SD/MMC: 0, Tegra SD/MMC: 1, Tegra SD/MMC: 2
MMC init failed
Using default environment

In:    serial
Out:   serial
Err:   serial
Net:   Net Initialization Skipped
No ethernet found.
Hit any key to stop autoboot:  2  0 
Tegra124 (Nyan-big) # 
Tegra124 (Nyan-big) # usb start
starting USB...
USB0:   USB EHCI 1.10
scanning bus 0 for devices... 2 USB Device(s) found
USB1:   USB EHCI 1.10
scanning bus 1 for devices... 2 USB Device(s) found
       scanning usb for storage devices... 1 Storage Device(s) found
       scanning usb for ethernet devices... 
Warning: asx0 using MAC address from net device
1 Ethernet Device(s) found
Tegra124 (Nyan-big) # mw 0x7000e4a0 0x00080000
Tegra124 (Nyan-big) # setenv bootargs 'ignore_loglevel console=ttyS0,115200n8 rw root=PARTUUID=4d36e82a-b3c0-4b4b-bfcd-afe5217ac023 rootwait gpt debug noinitrd earlyprintk init=/bin/bash'
Tegra124 (Nyan-big) # setenv ipaddr 192.168.100.102; setenv serverip 192.168.100.1; setenv tftpserverip 192.168.100.1
Tegra124 (Nyan-big) # tftpboot 0x82000000 zImage.multi_v7_defconfig
Using asx0 device
TFTP from server 192.168.100.1; our IP address is 192.168.100.102
Filename 'zImage.multi_v7_defconfig'.
Load address: 0x82000000
Loading: *#################################################################
	 #################################################################
	 #################################################################
	 #################################################################
	 #################################################################
	 #################################################################
	 #################################################################
	 #################################################################
	 ####################################
	 2.7 MiB/s
done
Bytes transferred = 8159752 (7c8208 hex)
Tegra124 (Nyan-big) # tftpboot 0x83000000 tegra124-nyan-big.dtb
Using asx0 device
TFTP from server 192.168.100.1; our IP address is 192.168.100.102
Filename 'tegra124-nyan-big.dtb'.
Load address: 0x83000000
Loading: *#####
	 3.4 MiB/s
done
Bytes transferred = 68203 (10a6b hex)
Tegra124 (Nyan-big) # bootz 0x82000000 - 0x83000000
Kernel image @ 0x82000000 [ 0x000000 - 0x7c8200 ]
## Flattened Device Tree blob at 83000000
   Booting using the fdt blob at 0x83000000
   Using Device Tree in place at 83000000, end 83013a6a

Starting kernel ...

[    0.000000] Booting Linux on physical CPU 0x0
[    0.000000] Linux version 4.13.0-next-20170908-199620-gda52d78 (jonathanh@sellafield) (gcc version 4.7.3 20130328 (prerelease) (crosstool-NG linaro-1.13.1-4.7-2013.04-20130415 - Linaro GCC 2013.04)) #1 SMP Tue Sep 12 06:17:15 PDT 2017
[    0.000000] CPU: ARMv7 Processor [413fc0f3] revision 3 (ARMv7), cr=10c5387d
[    0.000000] CPU: div instructions available: patching division code
[    0.000000] CPU: PIPT / VIPT nonaliasing data cache, PIPT instruction cache
[    0.000000] OF: fdt: Machine model: Acer Chromebook 13 CB5-311
[    0.000000] OF: fdt: Ignoring memory range 0x100000000 - 0x17ffff000
[    0.000000] debug: ignoring loglevel setting.
[    0.000000] Memory policy: Data cache writealloc
[    0.000000] efi: Getting EFI parameters from FDT:
[    0.000000] efi: UEFI not found.
[    0.000000] cma: Reserved 64 MiB at 0xfb800000
[    0.000000] On node 0 totalpages: 524287
[    0.000000] free_area_init_node: node 0, pgdat c158e5c0, node_mem_map eeff8000
[    0.000000]   DMA zone: 1536 pages used for memmap
[    0.000000]   DMA zone: 0 pages reserved
[    0.000000]   DMA zone: 196608 pages, LIFO batch:31
[    0.000000]   HighMem zone: 327679 pages, LIFO batch:31
[    0.000000] random: fast init done
[    0.000000] percpu: Embedded 17 pages/cpu @eef81000 s39424 r8192 d22016 u69632
[    0.000000] pcpu-alloc: s39424 r8192 d22016 u69632 alloc=17*4096
[    0.000000] pcpu-alloc: [0] 0 [0] 1 [0] 2 [0] 3 
[    0.000000] Built 1 zonelists, mobility grouping on.  Total pages: 522751
[    0.000000] Kernel command line: ignore_loglevel console=ttyS0,115200n8 rw root=PARTUUID=4d36e82a-b3c0-4b4b-bfcd-afe5217ac023 rootwait gpt debug noinitrd earlyprintk init=/bin/bash
[    0.000000] PID hash table entries: 4096 (order: 2, 16384 bytes)
[    0.000000] Dentry cache hash table entries: 131072 (order: 7, 524288 bytes)
[    0.000000] Inode-cache hash table entries: 65536 (order: 6, 262144 bytes)
[    0.000000] Memory: 1994376K/2097148K available (10240K kernel code, 1626K rwdata, 4508K rodata, 2048K init, 405K bss, 37236K reserved, 65536K cma-reserved, 1245180K highmem)
[    0.000000] Virtual kernel memory layout:
[    0.000000]     vector  : 0xffff0000 - 0xffff1000   (   4 kB)
[    0.000000]     fixmap  : 0xffc00000 - 0xfff00000   (3072 kB)
[    0.000000]     vmalloc : 0xf0800000 - 0xff800000   ( 240 MB)
[    0.000000]     lowmem  : 0xc0000000 - 0xf0000000   ( 768 MB)
[    0.000000]     pkmap   : 0xbfe00000 - 0xc0000000   (   2 MB)
[    0.000000]     modules : 0xbf000000 - 0xbfe00000   (  14 MB)
[    0.000000]       .text : 0xc0208000 - 0xc0d00000   (11232 kB)
[    0.000000]       .init : 0xc1200000 - 0xc1400000   (2048 kB)
[    0.000000]       .data : 0xc1400000 - 0xc1596910   (1627 kB)
[    0.000000]        .bss : 0xc159fbc0 - 0xc160537c   ( 406 kB)
[    0.000000] SLUB: HWalign=64, Order=0-3, MinObjects=0, CPUs=4, Nodes=1
[    0.000000] Hierarchical RCU implementation.
[    0.000000] 	RCU event tracing is enabled.
[    0.000000] 	RCU restricting CPUs from NR_CPUS=16 to nr_cpu_ids=4.
[    0.000000] RCU: Adjusting geometry for rcu_fanout_leaf=16, nr_cpu_ids=4
[    0.000000] NR_IRQS: 16, nr_irqs: 16, preallocated irqs: 16
[    0.000000] /interrupt-controller@60004000: 160 interrupts forwarded to /interrupt-controller@50041000
[    0.000000] Tegra clk 127: register failed with -17
[    0.000003] sched_clock: 32 bits at 1000kHz, resolution 1000ns, wraps every 2147483647500ns
[    0.000010] clocksource: timer_us: mask: 0xffffffff max_cycles: 0xffffffff, max_idle_ns: 1911260446275 ns
[    0.000017] Switching to timer-based delay loop, resolution 1000ns
[    0.001749] arch_timer: cp15 timer(s) running at 12.00MHz (virt).
[    0.001756] clocksource: arch_sys_counter: mask: 0xffffffffffffff max_cycles: 0x2c47f4ee7, max_idle_ns: 440795202497 ns
[    0.001763] sched_clock: 56 bits at 12MHz, resolution 83ns, wraps every 4398046511096ns
[    0.001768] Switching to timer-based delay loop, resolution 83ns
[    0.001972] Console: colour dummy device 80x30
[    0.001988] Calibrating delay loop (skipped), value calculated using timer frequency.. 24.00 BogoMIPS (lpj=120000)
[    0.001995] pid_max: default: 32768 minimum: 301
[    0.002036] Mount-cache hash table entries: 2048 (order: 1, 8192 bytes)
[    0.002042] Mountpoint-cache hash table entries: 2048 (order: 1, 8192 bytes)
[    0.002246] CPU: Testing write buffer coherency: ok
[    0.002369] /cpus/cpu@0 missing clock-frequency property
[    0.002384] /cpus/cpu@1 missing clock-frequency property
[    0.002400] /cpus/cpu@2 missing clock-frequency property
[    0.002415] /cpus/cpu@3 missing clock-frequency property
[    0.002420] CPU0: thread -1, cpu 0, socket 0, mpidr 80000000
[    0.002540] Setting up static identity map for 0x80300000 - 0x803000a0
[    0.003236] Hierarchical SRCU implementation.
[    0.003913] Tegra Revision: A01 SKU: 131 CPU Process: 1 SoC Process: 1
[    0.004181] EFI services will not be available.
[    0.004241] smp: Bringing up secondary CPUs ...
[    0.004470] CPU1: thread -1, cpu 1, socket 0, mpidr 80000001
[    0.011955] CPU2: thread -1, cpu 2, socket 0, mpidr 80000002
[    0.021970] CPU3: thread -1, cpu 3, socket 0, mpidr 80000003
[    0.031745] smp: Brought up 1 node, 4 CPUs
[    0.031752] SMP: Total of 4 processors activated (96.00 BogoMIPS).
[    0.031756] CPU: All CPU(s) started in SVC mode.
[    0.032309] devtmpfs: initialized
[    0.037563] Built 1 zonelists, mobility grouping on.  Total pages: 514978
[    0.037724] VFP support v0.3: implementor 41 architecture 4 part 30 variant f rev 0
[    0.037954] clocksource: jiffies: mask: 0xffffffff max_cycles: 0xffffffff, max_idle_ns: 19112604462750000 ns
[    0.037964] futex hash table entries: 1024 (order: 4, 65536 bytes)
[    0.038055] pinctrl core: initialized pinctrl subsystem
[    0.038631] DMI not present or invalid.
[    0.038732] NET: Registered protocol family 16
[    0.039403] DMA: preallocated 256 KiB pool for atomic coherent allocations
[    0.040316] cpuidle: using governor menu
[    0.048701] No ATAGs?
[    0.048754] hw-breakpoint: found 5 (+1 reserved) breakpoint and 4 watchpoint registers.
[    0.048760] hw-breakpoint: maximum watchpoint size is 8 bytes.
[    0.051528] Serial: AMBA PL011 UART driver
[    0.051891] tegra-mc 70019000.memory-controller: no memory timings for RAM code 0 registered
[    0.052005] iommu: Adding device reg-dummy to group 0
[    0.052032] iommu: Adding device 50000000.host1x to group 1
[    0.052057] iommu: Adding device 54200000.dc to group 2
[    0.052080] iommu: Adding device 54240000.dc to group 3
[    0.052094] iommu: Adding device 54280000.hdmi to group 4
[    0.052105] iommu: Adding device 54540000.sor to group 5
[    0.052118] iommu: Adding device 545c0000.dpaux to group 6
[    0.052143] iommu: Adding device 57000000.gpu to group 7
[    0.052154] iommu: Adding device 60005000.timer to group 8
[    0.052165] iommu: Adding device 60007000.flow-controller to group 9
[    0.052176] iommu: Adding device 6000c800.actmon to group 10
[    0.052187] iommu: Adding device 6000d000.gpio to group 11
[    0.052199] iommu: Adding device 60020000.dma to group 12
[    0.052210] iommu: Adding device 70000800.apbmisc to group 13
[    0.052220] iommu: Adding device 70000868.pinmux to group 14
[    0.052231] iommu: Adding device 70006000.serial to group 15
[    0.052243] iommu: Adding device 7000a000.pwm to group 16
[    0.052254] iommu: Adding device 7000c000.i2c to group 17
[    0.052265] iommu: Adding device 7000c400.i2c to group 18
[    0.052275] iommu: Adding device 7000c500.i2c to group 19
[    0.052287] iommu: Adding device 7000c700.i2c to group 20
[    0.052298] iommu: Adding device 7000d000.i2c to group 21
[    0.052311] iommu: Adding device 7000d400.spi to group 22
[    0.052321] iommu: Adding device 7000da00.spi to group 23
[    0.052332] iommu: Adding device 7000e000.rtc to group 24
[    0.052342] iommu: Adding device 7000e400.pmc to group 25
[    0.052352] iommu: Adding device 7000f800.fuse to group 26
[    0.052366] iommu: Adding device 70019000.memory-controller to group 27
[    0.052376] iommu: Adding device 7001b000.emc to group 28
[    0.052389] iommu: Adding device 70030000.hda to group 29
[    0.052399] iommu: Adding device 70090000.usb to group 30
[    0.052410] iommu: Adding device 7009f000.padctl to group 31
[    0.052420] iommu: Adding device 700b0000.sdhci to group 32
[    0.052431] iommu: Adding device 700b0400.sdhci to group 33
[    0.052441] iommu: Adding device 700b0600.sdhci to group 34
[    0.052452] iommu: Adding device 700e2000.thermal-sensor to group 35
[    0.052463] iommu: Adding device 70300000.ahub to group 36
[    0.052475] iommu: Adding device pmu to group 37
[    0.052488] iommu: Adding device timer to group 38
[    0.052499] iommu: Adding device sdhci0_pwrseq to group 39
[    0.052510] iommu: Adding device backlight to group 40
[    0.052520] iommu: Adding device clocks to group 41
[    0.052531] iommu: Adding device gpio-keys to group 42
[    0.052541] iommu: Adding device regulators to group 43
[    0.052552] iommu: Adding device regulators:regulator@0 to group 44
[    0.052563] iommu: Adding device regulators:regulator@1 to group 45
[    0.052576] iommu: Adding device regulators:regulator@2 to group 46
[    0.052587] iommu: Adding device regulators:regulator@3 to group 47
[    0.052599] iommu: Adding device regulators:regulator@4 to group 48
[    0.052611] iommu: Adding device regulators:regulator@5 to group 49
[    0.052621] iommu: Adding device regulators:regulator@6 to group 50
[    0.052632] iommu: Adding device regulators:regulator@7 to group 51
[    0.052642] iommu: Adding device regulators:regulator@8 to group 52
[    0.052655] iommu: Adding device regulators:regulator@9 to group 53
[    0.052667] iommu: Adding device regulators:regulator@10 to group 54
[    0.052678] iommu: Adding device regulators:regulator@11 to group 55
[    0.052689] iommu: Adding device regulators:regulator@12 to group 56
[    0.052699] iommu: Adding device sound to group 57
[    0.052709] iommu: Adding device gpio-restart to group 58
[    0.052722] iommu: Adding device panel to group 59
[    0.057722] AT91: Could not find identification node
[    0.057928] +5V_SYS: supplied by +VDD_MUX
[    0.058027] +3.3V_SYS: supplied by +VDD_MUX
[    0.058240] +VDD_LED: Failed to request enable GPIO122: -517
[    0.058245] reg-fixed-voltage regulators:regulator@5: Failed to register regulator: -517
[    0.058279] +5V_VDD_TS_SW: Failed to request enable GPIO81: -517
[    0.058284] reg-fixed-voltage regulators:regulator@6: Failed to register regulator: -517
[    0.058317] +5V_USB_HS: Failed to request enable GPIO108: -517
[    0.058321] reg-fixed-voltage regulators:regulator@7: Failed to register regulator: -517
[    0.058354] +5V_USB_SS: Failed to request enable GPIO109: -517
[    0.058359] reg-fixed-voltage regulators:regulator@8: Failed to register regulator: -517
[    0.058448] +1.05V_RUN_AVDD_HDMI_PLL: Failed to request enable GPIO63: -517
[    0.058452] reg-fixed-voltage regulators:regulator@11: Failed to register regulator: -517
[    0.058484] +5V_HDMI_CON: Failed to request enable GPIO86: -517
[    0.058489] reg-fixed-voltage regulators:regulator@12: Failed to register regulator: -517
[    0.059455] vgaarb: loaded
[    0.059713] SCSI subsystem initialized
[    0.059782] libata version 3.00 loaded.
[    0.059856] usbcore: registered new interface driver usbfs
[    0.059873] usbcore: registered new interface driver hub
[    0.059894] usbcore: registered new device driver usb
[    0.061164] pps_core: LinuxPPS API ver. 1 registered
[    0.061167] pps_core: Software ver. 5.3.6 - Copyright 2005-2007 Rodolfo Giometti <giometti@linux.it>
[    0.061175] PTP clock support registered
[    0.061240] EDAC MC: Ver: 3.0.0
[    0.061344] dmi: Firmware registration failed.
[    0.061639] tegra-emc 7001b000.emc: no memory timings for RAM code 0 found in DT
[    0.061648] tegra-emc: probe of 7001b000.emc failed with error -2
[    0.062084] clocksource: Switched to clocksource arch_sys_counter
[    0.081602] NET: Registered protocol family 2
[    0.081793] TCP established hash table entries: 8192 (order: 3, 32768 bytes)
[    0.081826] TCP bind hash table entries: 8192 (order: 4, 65536 bytes)
[    0.081889] TCP: Hash tables configured (established 8192 bind 8192)
[    0.081923] UDP hash table entries: 512 (order: 2, 16384 bytes)
[    0.081938] UDP-Lite hash table entries: 512 (order: 2, 16384 bytes)
[    0.081996] NET: Registered protocol family 1
[    0.082164] RPC: Registered named UNIX socket transport module.
[    0.082168] RPC: Registered udp transport module.
[    0.082171] RPC: Registered tcp transport module.
[    0.082174] RPC: Registered tcp NFSv4.1 backchannel transport module.
[    0.082180] PCI: CLS 0 bytes, default 64
[    0.082750] hw perfevents: enabled with armv7_cortex_a15 PMU driver, 7 counters available
[    0.083022] iommu: Adding device alarmtimer to group 60
[    0.083379] workingset: timestamp_bits=30 max_order=19 bucket_order=0
[    0.085370] squashfs: version 4.0 (2009/01/31) Phillip Lougher
[    0.085581] NFS: Registering the id_resolver key type
[    0.085593] Key type id_resolver registered
[    0.085597] Key type id_legacy registered
[    0.085614] ntfs: driver 2.1.32 [Flags: R/O].
[    0.086147] bounce: pool size: 64 pages
[    0.086165] Block layer SCSI generic (bsg) driver version 0.4 loaded (major 248)
[    0.086170] io scheduler noop registered
[    0.086173] io scheduler deadline registered
[    0.086246] io scheduler cfq registered (default)
[    0.086250] io scheduler mq-deadline registered
[    0.086254] io scheduler kyber registered
[    0.087512] tegra-xusb-padctl 7009f000.padctl: failed to setup XUSB ports: -517
[    0.097900] tegra-apbdma 60020000.dma: Tegra20 APB DMA driver register 32 channels
[    0.098956] tegra-pmc 7000e400.pmc: i2c-thermtrip node not found, emergency thermal reset disabled.
[    0.115853] Serial: 8250/16550 driver, 4 ports, IRQ sharing disabled
[    0.115897] iommu: Adding device serial8250 to group 61
[    0.116895] console [ttyS0] disabled
[    0.116912] 70006000.serial: ttyS0 at MMIO 0x70006000 (irq = 333, base_baud = 25500000) is a Tegra
[    1.372117] console [ttyS0] enabled
[    1.375895] SuperH (H)SCI(F) driver initialized
[    1.380772] msm_serial: driver initialized
[    1.384926] STMicroelectronics ASC driver initialized
[    1.392292] tegra-hdmi 54280000.hdmi: failed to get HDMI regulator
[    1.398826] tegra-dpaux 545c0000.dpaux: failed to get VDD supply: -517
[    1.406237] panel-simple panel: panel supply power not found, using dummy regulator
[    1.416512] brd: module loaded
[    1.421777] loop: module loaded
[    1.425827] as3722 4-0040: AS3722 with revision 0x1 found
[    1.432348] iommu: Adding device as3722-pinctrl to group 62
[    1.439236] iommu: Adding device as3722-regulator to group 63
[    1.447086] as3722-sd2: supplied by +5V_SYS
[    1.451478] as3722-sd3: supplied by +5V_SYS
[    1.455863] +1.35V_LP0(sd3): Bringing 0uV into 1350000-1350000uV
[    1.462031] as3722-sd4: supplied by +5V_SYS
[    1.466369] +1.05V_RUN: Bringing 0uV into 1050000-1050000uV
[    1.472100] as3722-sd5: supplied by +5V_SYS
[    1.477651] as3722-ldo0: supplied by +1.35V_LP0(sd2)
[    1.483370] +1.8V_RUN_CAM: Bringing 0uV into 1800000-1800000uV
[    1.489365] as3722-ldo2: supplied by +1.8V_VDDIO
[    1.494972] as3722-ldo3: supplied by +3.3V_SYS
[    1.499415] +1.00V_LP0_VDD_RTC: Bringing 1100000uV into 1000000-1000000uV
[    1.506980] as3722-ldo4: supplied by +3.3V_SYS
[    1.511569] +3.3V_RUN_CAM: Bringing 0uV into 2800000-2800000uV
[    1.517572] as3722-ldo5: supplied by +1.8V_VDDIO
[    1.522351] +1.2V_RUN_CAM_FRONT: Bringing 0uV into 1200000-1200000uV
[    1.529021] +VDDIO_SDMMC3: Bringing 0uV into 1800000-1800000uV
[    1.535039] as3722-ldo7: supplied by +1.8V_VDDIO
[    1.539803] +1.05V_RUN_CAM_REAR: Bringing 0uV into 1050000-1050000uV
[    1.546337] as3722-ldo9: supplied by +5V_SYS
[    1.550902] +2.8V_RUN_TOUCH: Bringing 0uV into 2800000-2800000uV
[    1.557097] as3722-ldo10: supplied by +5V_SYS
[    1.561598] +2.8V_RUN_CAM_AF: Bringing 0uV into 2800000-2800000uV
[    1.568024] +1.8V_RUN_VPP_FUSE: Bringing 0uV into 1800000-1800000uV
[    1.574513] iommu: Adding device as3722-rtc to group 64
[    1.579866] iommu: Adding device as3722-adc to group 65
[    1.585189] iommu: Adding device as3722-power-off to group 66
[    1.591023] iommu: Adding device as3722-wdt to group 67
[    1.607940] m25p80 spi1.0: w25q32dw (4096 Kbytes)
[    1.613445] iommu: Adding device Fixed MDIO bus.0 to group 68
[    1.619321] libphy: Fixed MDIO Bus: probed
[    1.623734] CAN device driver interface
[    1.627867] bgmac_bcma: Broadcom 47xx GBit MAC driver loaded
[    1.633971] e1000e: Intel(R) PRO/1000 Network Driver - 3.2.6-k
[    1.639787] e1000e: Copyright(c) 1999 - 2015 Intel Corporation.
[    1.645714] igb: Intel(R) Gigabit Ethernet Network Driver - version 5.4.0-k
[    1.652662] igb: Copyright (c) 2007-2014 Intel Corporation.
[    1.659461] pegasus: v0.9.3 (2013/04/25), Pegasus/Pegasus II USB Ethernet driver
[    1.666865] usbcore: registered new interface driver pegasus
[    1.672528] usbcore: registered new interface driver asix
[    1.677924] usbcore: registered new interface driver ax88179_178a
[    1.684018] usbcore: registered new interface driver cdc_ether
[    1.689848] usbcore: registered new interface driver smsc75xx
[    1.695597] usbcore: registered new interface driver smsc95xx
[    1.701336] usbcore: registered new interface driver net1080
[    1.706995] usbcore: registered new interface driver cdc_subset
[    1.712914] usbcore: registered new interface driver zaurus
[    1.718487] usbcore: registered new interface driver cdc_ncm
[    1.724791] ehci_hcd: USB 2.0 'Enhanced' Host Controller (EHCI) Driver
[    1.731301] ehci-pci: EHCI PCI platform driver
[    1.735748] ehci-platform: EHCI generic platform driver
[    1.741026] ehci-orion: EHCI orion driver
[    1.745083] SPEAr-ehci: EHCI SPEAr driver
[    1.749126] ehci-st: EHCI STMicroelectronics driver
[    1.754043] ehci-exynos: EHCI EXYNOS driver
[    1.758265] ehci-atmel: EHCI Atmel driver
[    1.762314] tegra-ehci: Tegra EHCI driver
[    1.766374] ohci_hcd: USB 1.1 'Open' Host Controller (OHCI) Driver
[    1.772547] ohci-pci: OHCI PCI platform driver
[    1.776989] ohci-platform: OHCI generic platform driver
[    1.782266] SPEAr-ohci: OHCI SPEAr driver
[    1.786309] ohci-st: OHCI STMicroelectronics driver
[    1.791218] ohci-atmel: OHCI Atmel driver
[    1.795470] usbcore: registered new interface driver usb-storage
[    1.802457] elan_i2c 1-0015: 1-0015 supply vcc not found, using dummy regulator
[    1.809814] as3722-rtc as3722-rtc: rtc core: registered as3722-rtc as rtc0
[    1.816690] as3722-rtc as3722-rtc: RTC interrupt 372
[    1.823627] tegra_rtc 7000e000.rtc: rtc core: registered 7000e000.rtc as rtc1
[    1.830761] tegra_rtc 7000e000.rtc: Tegra internal Real Time Clock
[    1.837117] i2c /dev entries driver
[    1.841896] IR NEC protocol handler initialized
[    1.846424] IR RC5(x/sz) protocol handler initialized
[    1.851460] IR RC6 protocol handler initialized
[    1.855983] IR JVC protocol handler initialized
[    1.860500] IR Sony protocol handler initialized
[    1.865108] IR SANYO protocol handler initialized
[    1.869798] IR Sharp protocol handler initialized
[    1.874492] IR MCE Keyboard/mouse protocol handler initialized
[    1.880308] IR XMP protocol handler initialized
[    1.885927] lm90 0-004c: 0-004c supply vcc not found, using dummy regulator
[    1.896203] iommu: Adding device cpufreq-tegra124 to group 69
[    1.903007] sdhci: Secure Digital Host Controller Interface driver
[    1.909172] sdhci: Copyright(c) Pierre Ossman
[    1.914074] Synopsys Designware Multimedia Card Interface Driver
[    1.920504] sdhci-pltfm: SDHCI platform and OF driver helper
[    1.926443] sdhci-tegra 700b0000.sdhci: allocated mmc-pwrseq
[    1.940251] sdhci-tegra 700b0400.sdhci: Got CD GPIO
[    1.945140] sdhci-tegra 700b0400.sdhci: Got WP GPIO
[    1.964215] mmc0: Unknown controller version (3). You may experience problems.
[    1.971462] mmc0: Invalid maximum block size, assuming 512 bytes
[    1.995468] elan_i2c 1-0015: Elan Touchpad: Module ID: 0x002a, Firmware: 0x0005, Sample: 0x0007, IAP: 0x0009
[    2.005401] input: Elan Touchpad as /devices/soc0/7000c400.i2c/i2c-1/1-0015/input/input0
[    2.042093] mmc0: SDHCI controller on 700b0600.sdhci [700b0600.sdhci] using ADMA
[    2.050204] ledtrig-cpu: registered to indicate activity on CPUs
[    2.056381] usbcore: registered new interface driver usbhid
[    2.061937] usbhid: USB HID core driver
[    2.067157] NET: Registered protocol family 10
[    2.071911] Segment Routing with IPv6
[    2.075606] sit: IPv6, IPv4 and MPLS over IPv4 tunneling driver
[    2.081702] NET: Registered protocol family 17
[    2.086143] can: controller area network core (rev 20170425 abi 9)
[    2.092332] NET: Registered protocol family 29
[    2.096762] can: raw protocol (rev 20170425)
[    2.101018] can: broadcast manager protocol (rev 20170425 t)
[    2.106672] can: netlink gateway (rev 20170425) max_hops=1
[    2.112266] Key type dns_resolver registered
[    2.116720] ThumbEE CPU extension supported.
[    2.120978] Registering SWP/SWPB emulation handler
[    2.131627] +3.3V_RUN: supplied by +3.3V_SYS
[    2.136718] +VDD_LED: supplied by +VDD_MUX
[    2.140964] +3.3V_AVDD_HDMI_AP_GATED: supplied by +3.3V_RUN
[    2.146589] +1.8V_RUN_CAM: supplied by +3.3V_RUN
[    2.151222] +VDDIO_SDMMC3: supplied by +3.3V_RUN
[    2.155867] +1.8V_RUN_VPP_FUSE: supplied by +3.3V_RUN
[    2.161123] +5V_VDD_TS_SW: supplied by +5V_SYS
[    2.165920] +5V_USB_HS: supplied by +5V_SYS
[    2.170261] +5V_USB_SS: supplied by +5V_SYS
[    2.175402] +3.3V_PANEL: supplied by +3.3V_RUN
[    2.180569] +3.3V_LP0: supplied by +3.3V_SYS
[    2.183087] mmc0: new high speed MMC card at address 0001
[    2.185130] mmcblk0: mmc0:0001 MMC16G 14.4 GiB 
[    2.185429] mmcblk0boot0: mmc0:0001 MMC16G partition 1 2.00 MiB
[    2.185664] mmcblk0boot1: mmc0:0001 MMC16G partition 2 2.00 MiB
[    2.185907] mmcblk0rpmb: mmc0:0001 MMC16G partition 3 128 KiB
[    2.200253]  mmcblk0: p1 p2 p3 p4 p5 p6 p7 p8 p9 p10 p11 p12
[    2.218556] +1.05V_RUN_AVDD_HDMI_PLL: supplied by +1.05V_RUN
[    2.218830] elan_i2c 1-0015: failed to read report data: -121
[    2.219199] elan_i2c 1-0015: failed to read report data: -121
[    2.236051] +5V_HDMI_CON: supplied by +5V_SYS
[    2.240984]  usb3-0: usb3-0 supply vbus not found, using dummy regulator
[    2.247779]  usb3-1: usb3-1 supply vbus not found, using dummy regulator
[    2.258133] tegra-sor 54540000.sor: failed to probe output: -517
[    2.264903] panel-simple panel: panel supply power not found, using dummy regulator
[    2.273638] sdhci-tegra 700b0000.sdhci: allocated mmc-pwrseq
[    2.286299] mmc1: Unknown controller version (3). You may experience problems.
[    2.293562] mmc1: Invalid maximum block size, assuming 512 bytes
[    2.299931] mmc1: Switching to 3.3V signalling voltage failed
[    2.362172] mmc1: SDHCI controller on 700b0000.sdhci [700b0000.sdhci] using ADMA
[    2.370392] sdhci-tegra 700b0400.sdhci: Got CD GPIO
[    2.375306] sdhci-tegra 700b0400.sdhci: Got WP GPIO
[    2.376181] elan_i2c 1-0015: invalid report id data (ff)
[    2.394046] mmc2: Unknown controller version (3). You may experience problems.
[    2.401347] mmc2: Invalid maximum block size, assuming 512 bytes
[    2.434186] mmc1: new high speed SDIO card at address 0001
[    2.472201] mmc2: SDHCI controller on 700b0400.sdhci [700b0400.sdhci] using ADMA
[    2.576557] [drm] Supports vblank timestamp caching Rev 2 (21.10.2013).
[    2.583178] [drm] No driver support for vblank timestamp query.
[    2.632725] mmc2: new high speed SDHC card at address 0007
[    2.632936] mmcblk2: mmc2:0007 SD08G 7.42 GiB 
[    2.642982] GPT:Primary header alternate_lba != Alt. header my_lba
[    2.642986] GPT:3014591 != 15564799
[    2.642987] GPT:Primary header thinks Alt. header is not at the end of the disk.
[    2.642989] GPT:3014591 != 15564799
[    2.642990] GPT: Use GNU Parted to correct GPT errors.
[    2.643017]  mmcblk2: p1 p2 p3 p4 p5 p6 p7 p8 p9 p10 p11 p12
[    2.671931] Console: switching to colour frame buffer device 170x48
[    2.736092] drm drm: fb0:  frame buffer device
[    2.740577] [drm] Initialized tegra 0.0.0 20120330 for drm on minor 0
[    2.748037] input: gpio-keys as /devices/soc0/gpio-keys/input/input1
[    2.755654] as3722-rtc as3722-rtc: setting system clock to 2000-01-01 15:12:22 UTC (946739542)
[    2.764651] +1.8V_RUN_CAM: disabling
[    2.768428] +3.3V_RUN_CAM: disabling
[    2.772154] +1.2V_RUN_CAM_FRONT: disabling
[    2.776406] +1.05V_RUN_CAM_REAR: disabling
[    2.780653] +2.8V_RUN_TOUCH: disabling
[    2.784637] +2.8V_RUN_CAM_AF: disabling
[    2.788627] +1.8V_RUN_VPP_FUSE: disabling
[    2.792905] +5V_VDD_TS_SW: disabling
[    2.796478] +5V_USB_HS: disabling
[    2.799782] +5V_USB_SS: disabling
[    2.804070] EXT4-fs (mmcblk0p3): couldn't mount as ext3 due to feature incompatibilities
[    2.812780] EXT4-fs (mmcblk0p3): couldn't mount as ext2 due to feature incompatibilities
[    3.294333] EXT4-fs (mmcblk0p3): recovery complete
[    3.300030] EXT4-fs (mmcblk0p3): mounted filesystem with ordered data mode. Opts: (null)
[    3.308165] VFS: Mounted root (ext4 filesystem) on device 179:3.
[    3.315445] devtmpfs: mounted
[    3.319116] Freeing unused kernel memory: 2048K
bash: cannot set terminal process group (-1): Inappropriate ioctl for device
bash: no job control in this shell
root@(none):/# mount -t sysfs none /sys
root@(none):/# 
root@(none):/# mount -t debugfs none /sys/kernel/debug
root@(none):/# 
root@(none):/# rtcwake -d rtc1 -m mem -s 3
rtcwake: assuming RTC uses UTC ...
rtcwake: wakeup from "mem" using /dev/rtc1 at Thu Jan  1 00:00:29 1970
[    5.785545] PM: suspend entry (deep)
[    5.789116] PM: Syncing filesystems ... done.
[    5.805056] Freezing user space processes ... (elapsed 0.001 seconds) done.
[    5.813189] OOM killer disabled.
[    5.816408] Freezing remaining freezable tasks ... (elapsed 0.001 seconds) done.
[    5.825022] Suspending console(s) (use no_console_suspend to debug)
[    5.871231] Disabling non-boot CPUs ...
[    6.042801] Entering suspend state LP1
[    6.042814] Enabling non-boot CPUs ...
[    6.043109] CPU1 is up
[    6.043347] CPU2 is up
[    6.043594] CPU3 is up
[    6.203625] mmc1: Switching to 3.3V signalling voltage failed
[    6.462165] tegra-sor 54540000.sor: failed to attach SOR: -110
[    6.522421] OOM killer enabled.
[    6.525550] Restarting tasks ... done.
[    6.541266] PM: suspend exit
root@(none):/# 
root@(none):/# rtcwake -d rtc1 -m mem -s 3
rtcwake: assuming RTC uses UTC ...
rtcwake: wakeup from "mem" using /dev/rtc1 at Thu Jan  1 00:00:34 1970
[    7.841908] PM: suspend entry (deep)
[    7.845527] PM: Syncing filesystems ... done.
[    7.857990] Freezing user space processes ... (elapsed 0.001 seconds) done.
[    7.866115] OOM killer disabled.
[    7.869332] Freezing remaining freezable tasks ... (elapsed 0.001 seconds) done.
[    7.877898] Suspending console(s) (use no_console_suspend to debug)
[    7.924315] Disabling non-boot CPUs ...
[    7.992225] IRQ17 no longer affine to CPU1
[    8.112688] Entering suspend state LP1
[    8.112702] Enabling non-boot CPUs ...
[    8.113039] CPU1 is up
[    8.113279] CPU2 is up
[    8.113527] CPU3 is up
[    8.273442] mmc1: Switching to 3.3V signalling voltage failed
[    8.532089] tegra-sor 54540000.sor: failed to attach SOR: -110
[    8.596439] OOM killer enabled.
[    8.599568] Restarting tasks ... done.
[    8.611214] PM: suspend exit
root@(none):/# 
root@(none):/# rtcwake -d rtc1 -m mem -s 3
rtcwake: assuming RTC uses UTC ...
rtcwake: wakeup from "mem" using /dev/rtc1 at Thu Jan  1 00:00:39 1970
[    9.912081] PM: suspend entry (deep)
[    9.915652] PM: Syncing filesystems ... done.
[    9.928010] Freezing user space processes ... (elapsed 0.001 seconds) done.
[    9.936128] OOM killer disabled.
[    9.939344] Freezing remaining freezable tasks ... (elapsed 0.001 seconds) done.
[    9.947922] Suspending console(s) (use no_console_suspend to debug)
[    9.994105] Disabling non-boot CPUs ...
[   10.032218] IRQ17 no longer affine to CPU1
[   10.152659] Entering suspend state LP1
[   10.152672] Enabling non-boot CPUs ...
[   10.152975] CPU1 is up
[   10.153215] CPU2 is up
[   10.153460] CPU3 is up
[   10.313597] mmc1: Switching to 3.3V signalling voltage failed
[   10.572057] tegra-sor 54540000.sor: failed to attach SOR: -110
[   10.636420] OOM killer enabled.
[   10.639549] Restarting tasks ... done.
[   10.651116] PM: suspend exit
root@(none):/# 
root@(none):/# rtcwake -d rtc1 -m mem -s 3
rtcwake: assuming RTC uses UTC ...
rtcwake: wakeup from "mem" using /dev/rtc1 at Thu Jan  1 00:00:44 1970
[   11.951846] PM: suspend entry (deep)
[   11.955445] PM: Syncing filesystems ... done.
[   11.967904] Freezing user space processes ... (elapsed 0.001 seconds) done.
[   11.976023] OOM killer disabled.
[   11.979239] Freezing remaining freezable tasks ... (elapsed 0.001 seconds) done.
[   11.987806] Suspending console(s) (use no_console_suspend to debug)
[   12.033904] Disabling non-boot CPUs ...
[   12.092192] IRQ17 no longer affine to CPU1
[   12.212644] Entering suspend state LP1
[   12.212657] Enabling non-boot CPUs ...
[   12.212961] CPU1 is up
[   12.213200] CPU2 is up
[   12.213447] CPU3 is up
[   12.374024] mmc1: Switching to 3.3V signalling voltage failed
[   12.632091] tegra-sor 54540000.sor: failed to attach SOR: -110
[   12.696759] OOM killer enabled.
[   12.699888] Restarting tasks ... done.
[   12.711637] PM: suspend exit
root@(none):/# 
root@(none):/# rtcwake -d rtc1 -m mem -s 3
rtcwake: assuming RTC uses UTC ...
rtcwake: wakeup from "mem" using /dev/rtc1 at Thu Jan  1 00:00:49 1970
[   14.011797] PM: suspend entry (deep)
[   14.015395] PM: Syncing filesystems ... done.
[   14.028349] Freezing user space processes ... (elapsed 0.001 seconds) done.
[   14.036469] OOM killer disabled.
[   14.039685] Freezing remaining freezable tasks ... (elapsed 0.001 seconds) done.
[   14.048250] Suspending console(s) (use no_console_suspend to debug)
[   14.094539] Disabling non-boot CPUs ...
[   14.142178] IRQ17 no longer affine to CPU1
[   14.262617] Entering suspend state LP1
[   14.262630] Enabling non-boot CPUs ...
[   14.262933] CPU1 is up
[   14.263173] CPU2 is up
[   14.263420] CPU3 is up
[   14.423429] mmc1: Switching to 3.3V signalling voltage failed
[   14.681993] tegra-sor 54540000.sor: failed to attach SOR: -110
[   14.746487] OOM killer enabled.
[   14.749616] Restarting tasks ... done.
[   14.761255] PM: suspend exit
root@(none):/# 
root@(none):/# rtcwake -d rtc1 -m mem -s 3
rtcwake: assuming RTC uses UTC ...
rtcwake: wakeup from "mem" using /dev/rtc1 at Thu Jan  1 00:00:54 1970
[   16.061752] PM: suspend entry (deep)
[   16.065350] PM: Syncing filesystems ... done.
[   16.077962] Freezing user space processes ... (elapsed 0.001 seconds) done.
[   16.086088] OOM killer disabled.
[   16.089304] Freezing remaining freezable tasks ... (elapsed 0.001 seconds) done.
[   16.097872] Suspending console(s) (use no_console_suspend to debug)
[   16.144479] Disabling non-boot CPUs ...
[   16.212152] IRQ17 no longer affine to CPU1
[   16.342593] Entering suspend state LP1
[   16.342607] Enabling non-boot CPUs ...
[   16.342909] CPU1 is up
[   16.343150] CPU2 is up
[   16.343398] CPU3 is up
[   16.503467] mmc1: Switching to 3.3V signalling voltage failed
[   16.762010] tegra-sor 54540000.sor: failed to attach SOR: -110
[   16.826507] OOM killer enabled.
[   16.829636] Restarting tasks ... done.
[   16.841283] PM: suspend exit
root@(none):/# 
root@(none):/# rtcwake -d rtc1 -m mem -s 3
rtcwake: assuming RTC uses UTC ...
rtcwake: wakeup from "mem" using /dev/rtc1 at Thu Jan  1 00:00:59 1970
[   18.141813] PM: suspend entry (deep)
[   18.145429] PM: Syncing filesystems ... done.
[   18.157991] Freezing user space processes ... (elapsed 0.001 seconds) done.
[   18.166125] OOM killer disabled.
[   18.169345] Freezing remaining freezable tasks ... (elapsed 0.001 seconds) done.
[   18.177956] Suspending console(s) (use no_console_suspend to debug)
[   18.224060] Disabling non-boot CPUs ...
[   18.362131] IRQ17 no longer affine to CPU2
[   18.422578] Entering suspend state LP1
[   18.422592] Enabling non-boot CPUs ...
[   18.422895] CPU1 is up
[   18.423134] CPU2 is up
[   18.423379] CPU3 is up
[   18.583476] mmc1: Switching to 3.3V signalling voltage failed
[   18.841953] tegra-sor 54540000.sor: failed to attach SOR: -110
[   18.906268] OOM killer enabled.
[   18.909397] Restarting tasks ... done.
[   18.921044] PM: suspend exit
root@(none):/# 
root@(none):/# rtcwake -d rtc1 -m mem -s 3
rtcwake: assuming RTC uses UTC ...
rtcwake: wakeup from "mem" using /dev/rtc1 at Thu Jan  1 00:01:04 1970
[   20.221762] PM: suspend entry (deep)
[   20.225361] PM: Syncing filesystems ... done.
[   20.237831] Freezing user space processes ... (elapsed 0.001 seconds) done.
[   20.245976] OOM killer disabled.
[   20.249199] Freezing remaining freezable tasks ... (elapsed 0.001 seconds) done.
[   20.257813] Suspending console(s) (use no_console_suspend to debug)
[   20.303703] Disabling non-boot CPUs ...
[   20.362110] IRQ17 no longer affine to CPU1
[   20.482566] Entering suspend state LP1
[   20.482580] Enabling non-boot CPUs ...
[   20.482881] CPU1 is up
[   20.483122] CPU2 is up
[   20.483366] CPU3 is up
[   20.643374] mmc1: Switching to 3.3V signalling voltage failed
[   20.901962] tegra-sor 54540000.sor: failed to attach SOR: -110
[   20.966390] OOM killer enabled.
[   20.969519] Restarting tasks ... done.
[   20.981162] PM: suspend exit
root@(none):/# 
root@(none):/# rtcwake -d rtc1 -m mem -s 3
rtcwake: assuming RTC uses UTC ...
rtcwake: wakeup from "mem" using /dev/rtc1 at Thu Jan  1 00:01:09 1970
[   22.281712] PM: suspend entry (deep)
[   22.285318] PM: Syncing filesystems ... done.
[   22.297957] Freezing user space processes ... (elapsed 0.001 seconds) done.
[   22.306084] OOM killer disabled.
[   22.309299] Freezing remaining freezable tasks ... (elapsed 0.001 seconds) done.
[   22.317862] Suspending console(s) (use no_console_suspend to debug)
[   22.363710] Disabling non-boot CPUs ...
[   22.432077] IRQ17 no longer affine to CPU1
[   22.562539] Entering suspend state LP1
[   22.562552] Enabling non-boot CPUs ...
[   22.562856] CPU1 is up
[   22.563095] CPU2 is up
[   22.563339] CPU3 is up
[   22.723386] mmc1: Switching to 3.3V signalling voltage failed
[   22.981960] tegra-sor 54540000.sor: failed to attach SOR: -110
[   23.046288] OOM killer enabled.
[   23.049417] Restarting tasks ... done.
[   23.061067] PM: suspend exit
root@(none):/# 
root@(none):/# rtcwake -d rtc1 -m mem -s 3
rtcwake: assuming RTC uses UTC ...
rtcwake: wakeup from "mem" using /dev/rtc1 at Thu Jan  1 00:01:14 1970
[   24.361722] PM: suspend entry (deep)
[   24.365323] PM: Syncing filesystems ... done.
[   24.377774] Freezing user space processes ... (elapsed 0.001 seconds) done.
[   24.385900] OOM killer disabled.
[   24.389116] Freezing remaining freezable tasks ... (elapsed 0.001 seconds) done.
[   24.397684] Suspending console(s) (use no_console_suspend to debug)
[   24.443578] Disabling non-boot CPUs ...
[   24.502067] IRQ17 no longer affine to CPU1
[   24.622519] Entering suspend state LP1
[   24.622533] Enabling non-boot CPUs ...
[   24.622835] CPU1 is up
[   24.623075] CPU2 is up
[   24.623321] CPU3 is up
[   24.783674] mmc1: Switching to 3.3V signalling voltage failed
[   25.041910] tegra-sor 54540000.sor: failed to attach SOR: -110
[   25.106464] OOM killer enabled.
[   25.109593] Restarting tasks ... done.
[   25.121382] PM: suspend exit
root@(none):/# 
root@(none):/# NVTB SYSTEM SUSPEND TEST COMPLETE
