
U-Boot SPL 2014.01-00219-gc4d376f (Feb 18 2014 - 19:57:18)


U-Boot 2014.01-00219-gc4d376f (Feb 18 2014 - 19:57:18)

TEGRA30
Board: NVIDIA Beaver
I2C:   ready
DRAM:  2 GiB
MMC:   Tegra SD/MMC: 0, Tegra SD/MMC: 1
In:    serial
Out:   serial
Err:   serial
Net:   Net Initialization Skipped
No ethernet found.
Hit any key to stop autoboot:  2  0 
Tegra30 (Beaver) # 
Tegra30 (Beaver) # usb reset
(Re)start USB...
USB0:   USB EHCI 1.00
scanning bus 0 for devices... 2 USB Device(s) found
       scanning usb for storage devices... 0 Storage Device(s) found
       scanning usb for ethernet devices... 
Warning: asx0 using MAC address from net device
1 Ethernet Device(s) found
Tegra30 (Beaver) # setenv bootargs 'ignore_loglevel console=ttyS0,115200n8 rw root=/dev/mmcblk0p1 rootwait gpt debug init=/bin/bash noinitrd'
Tegra30 (Beaver) # setenv ipaddr 192.168.100.101; setenv serverip 192.168.100.1; setenv tftpserverip 192.168.100.1
Tegra30 (Beaver) # tftpboot 0x81000000 zImage.multi_v7_defconfig
Using asx0 device
TFTP from server 192.168.100.1; our IP address is 192.168.100.101
Filename 'zImage.multi_v7_defconfig'.
Load address: 0x81000000
Loading: *#################################################################
	 #################################################################
	 #################################################################
	 #################################################################
	 #################################################################
	 #################################################################
	 ################################
	 3.3 MiB/s
done
Bytes transferred = 6182872 (5e57d8 hex)
Tegra30 (Beaver) # tftpboot 0x82000000 tegra30-beaver.dtb
Using asx0 device
TFTP from server 192.168.100.1; our IP address is 192.168.100.101
Filename 'tegra30-beaver.dtb'.
Load address: 0x82000000
Loading: *####
	 3.3 MiB/s
done
Bytes transferred = 51467 (c90b hex)
Tegra30 (Beaver) # bootz 0x81000000 - 0x82000000
Kernel image @ 0x81000000 [ 0x000000 - 0x5e57d8 ]
## Flattened Device Tree blob at 82000000
   Booting using the fdt blob at 0x82000000
   Loading Device Tree to 8fff0000, end 8ffff90a ... OK

Starting kernel ...

[    0.000000] Booting Linux on physical CPU 0x0
[    0.000000] Linux version 4.2.0-rc2-next-20150713-28663-g41166bc (pwalmsley@sellafield) (gcc version 4.7.3 20130328 (prerelease) (crosstool-NG linaro-1.13.1-4.7-2013.04-20130415 - Linaro GCC 2013.04) ) #1 SMP Mon Jul 13 03:49:05 PDT 2015
[    0.000000] CPU: ARMv7 Processor [412fc099] revision 9 (ARMv7), cr=10c5387d
[    0.000000] CPU: PIPT / VIPT nonaliasing data cache, VIPT aliasing instruction cache
[    0.000000] Machine model: NVIDIA Tegra30 Beaver evaluation board
[    0.000000] debug: ignoring loglevel setting.
[    0.000000] cma: Reserved 64 MiB at 0xfb800000
[    0.000000] Memory policy: Data cache writealloc
[    0.000000] On node 0 totalpages: 524032
[    0.000000] free_area_init_node: node 0, pgdat c0f09f00, node_mem_map ee7f8000
[    0.000000]   DMA zone: 1520 pages used for memmap
[    0.000000]   DMA zone: 0 pages reserved
[    0.000000]   DMA zone: 194560 pages, LIFO batch:31
[    0.000000]   HighMem zone: 329472 pages, LIFO batch:31
[    0.000000] PERCPU: Embedded 11 pages/cpu @ee797000 s14848 r8192 d22016 u45056
[    0.000000] pcpu-alloc: s14848 r8192 d22016 u45056 alloc=11*4096
[    0.000000] pcpu-alloc: [0] 0 [0] 1 [0] 2 [0] 3 
[    0.000000] Built 1 zonelists in Zone order, mobility grouping on.  Total pages: 522512
[    0.000000] Kernel command line: ignore_loglevel console=ttyS0,115200n8 rw root=/dev/mmcblk0p1 rootwait gpt debug init=/bin/bash noinitrd
[    0.000000] PID hash table entries: 4096 (order: 2, 16384 bytes)
[    0.000000] Dentry cache hash table entries: 131072 (order: 7, 524288 bytes)
[    0.000000] Inode-cache hash table entries: 65536 (order: 6, 262144 bytes)
[    0.000000] Memory: 1999284K/2096128K available (7827K kernel code, 1015K rwdata, 3520K rodata, 960K init, 327K bss, 31308K reserved, 65536K cma-reserved, 1252352K highmem)
[    0.000000] Virtual kernel memory layout:
[    0.000000]     vector  : 0xffff0000 - 0xffff1000   (   4 kB)
[    0.000000]     fixmap  : 0xffc00000 - 0xfff00000   (3072 kB)
[    0.000000]     vmalloc : 0xf0000000 - 0xff000000   ( 240 MB)
[    0.000000]     lowmem  : 0xc0000000 - 0xef800000   ( 760 MB)
[    0.000000]     pkmap   : 0xbfe00000 - 0xc0000000   (   2 MB)
[    0.000000]     modules : 0xbf000000 - 0xbfe00000   (  14 MB)
[    0.000000]       .text : 0xc0208000 - 0xc0d1de28   (11352 kB)
[    0.000000]       .init : 0xc0d1e000 - 0xc0e0e000   ( 960 kB)
[    0.000000]       .data : 0xc0e0e000 - 0xc0f0bf00   (1016 kB)
[    0.000000]        .bss : 0xc0f0e000 - 0xc0f5fc28   ( 328 kB)
[    0.000000] SLUB: HWalign=64, Order=0-3, MinObjects=0, CPUs=4, Nodes=1
[    0.000000] Hierarchical RCU implementation.
[    0.000000] 	Additional per-CPU info printed with stalls.
[    0.000000] 	Build-time adjustment of leaf fanout to 32.
[    0.000000] 	RCU restricting CPUs from NR_CPUS=16 to nr_cpu_ids=4.
[    0.000000] RCU: Adjusting geometry for rcu_fanout_leaf=32, nr_cpu_ids=4
[    0.000000] NR_IRQS:16 nr_irqs:16 16
[    0.000000] /interrupt-controller@60004000: 160 interrupts forwarded to /interrupt-controller@50041000
[    0.000000] L2C: platform modifies aux control register: 0x02080000 -> 0x3e480001
[    0.000000] L2C: DT/platform modifies aux control register: 0x02080000 -> 0x3e480001
[    0.000000] L2C-310 erratum 769419 enabled
[    0.000000] L2C-310 enabling early BRESP for Cortex-A9
[    0.000000] L2C-310: enabling full line of zeros but not enabled in Cortex-A9
[    0.000000] L2C-310 dynamic clock gating enabled, standby mode enabled
[    0.000000] L2C-310 cache controller enabled, 8 ways, 1024 kB
[    0.000000] L2C-310: CACHE_ID 0x410000c7, AUX_CTRL 0x4e480001
[    0.000014] sched_clock: 32 bits at 1000kHz, resolution 1000ns, wraps every 2147483647500ns
[    0.000032] clocksource: timer_us: mask: 0xffffffff max_cycles: 0xffffffff, max_idle_ns: 1911260446275 ns
[    0.000041] Switching to timer-based delay loop, resolution 1000ns
[    0.002707] Console: colour dummy device 80x30
[    0.002731] Calibrating delay loop (skipped), value calculated using timer frequency.. 2.00 BogoMIPS (lpj=5000)
[    0.002741] pid_max: default: 32768 minimum: 301
[    0.002837] Mount-cache hash table entries: 2048 (order: 1, 8192 bytes)
[    0.002844] Mountpoint-cache hash table entries: 2048 (order: 1, 8192 bytes)
[    0.003262] CPU: Testing write buffer coherency: ok
[    0.003535] CPU0: thread -1, cpu 0, socket 0, mpidr 80000000
[    0.003602] Setting up static identity map for 0x80209000 - 0x80209098
[    0.005774] Tegra Revision: A03 SKU: 128 CPU Process: 4 SoC Process: 0
[    0.010350] CPU1: thread -1, cpu 1, socket 0, mpidr 80000001
[    0.015337] CPU2: thread -1, cpu 2, socket 0, mpidr 80000002
[    0.020338] CPU3: thread -1, cpu 3, socket 0, mpidr 80000003
[    0.020375] Brought up 4 CPUs
[    0.020387] SMP: Total of 4 processors activated (8.00 BogoMIPS).
[    0.020392] CPU: All CPU(s) started in SVC mode.
[    0.020824] devtmpfs: initialized
[    0.028951] VFP support v0.3: implementor 41 architecture 3 part 30 variant 9 rev 4
[    0.029669] clocksource: jiffies: mask: 0xffffffff max_cycles: 0xffffffff, max_idle_ns: 9556302231375000 ns
[    0.033212] pinctrl core: initialized pinctrl subsystem
[    0.034609] NET: Registered protocol family 16
[    0.037156] DMA: preallocated 256 KiB pool for atomic coherent allocations
[    0.049935] cpuidle: using governor ladder
[    0.064928] cpuidle: using governor menu
[    0.073026] No ATAGs?
[    0.073054] hw-breakpoint: found 5 (+1 reserved) breakpoint and 1 watchpoint registers.
[    0.073061] hw-breakpoint: maximum watchpoint size is 4 bytes.
[    0.075795] Serial: AMBA PL011 UART driver
[    0.076786] tegra-mc 7000f000.memory-controller: no memory timings for RAM code 3 registered
[    0.097882] vdd_5v_sata: Failed to request enable GPIO30: -517
[    0.097950] reg-fixed-voltage regulators:regulator@3: Failed to register regulator: -517
[    0.098052] usb1_vbus: Failed to request enable GPIO238: -517
[    0.098103] reg-fixed-voltage regulators:regulator@4: Failed to register regulator: -517
[    0.098203] usb3_vbus: Failed to request enable GPIO236: -517
[    0.098253] reg-fixed-voltage regulators:regulator@5: Failed to register regulator: -517
[    0.098399] sys_3v3_pexs: Failed to request enable GPIO95: -517
[    0.098449] reg-fixed-voltage regulators:regulator@7: Failed to register regulator: -517
[    0.100217] vgaarb: loaded
[    0.100660] SCSI subsystem initialized
[    0.100809] libata version 3.00 loaded.
[    0.100994] usbcore: registered new interface driver usbfs
[    0.101032] usbcore: registered new interface driver hub
[    0.101073] usbcore: registered new device driver usb
[    0.156701] pps_core: LinuxPPS API ver. 1 registered
[    0.156709] pps_core: Software ver. 5.3.6 - Copyright 2005-2007 Rodolfo Giometti <giometti@linux.it>
[    0.156725] PTP clock support registered
[    0.156877] EDAC MC: Ver: 3.0.0
[    0.158380] clocksource: Switched to clocksource timer_us
[    0.164397] NET: Registered protocol family 2
[    0.164826] TCP established hash table entries: 8192 (order: 3, 32768 bytes)
[    0.164879] TCP bind hash table entries: 8192 (order: 4, 65536 bytes)
[    0.164961] TCP: Hash tables configured (established 8192 bind 8192)
[    0.165051] UDP hash table entries: 512 (order: 2, 16384 bytes)
[    0.165111] UDP-Lite hash table entries: 512 (order: 2, 16384 bytes)
[    0.165288] NET: Registered protocol family 1
[    0.165542] RPC: Registered named UNIX socket transport module.
[    0.165548] RPC: Registered udp transport module.
[    0.165552] RPC: Registered tcp transport module.
[    0.165556] RPC: Registered tcp NFSv4.1 backchannel transport module.
[    0.165571] PCI: CLS 0 bytes, default 64
[    0.166241] hw perfevents: Failed to parse /pmu/interrupt-affinity[0]
[    0.166275] hw perfevents: enabled with armv7_cortex_a9 PMU driver, 7 counters available
[    0.167191] futex hash table entries: 1024 (order: 4, 65536 bytes)
[    0.173074] squashfs: version 4.0 (2009/01/31) Phillip Lougher
[    0.173594] NFS: Registering the id_resolver key type
[    0.173627] Key type id_resolver registered
[    0.173632] Key type id_legacy registered
[    0.173675] ntfs: driver 2.1.32 [Flags: R/O].
[    0.174275] bounce: pool size: 64 pages
[    0.174409] Block layer SCSI generic (bsg) driver version 0.4 loaded (major 249)
[    0.174422] io scheduler noop registered
[    0.174430] io scheduler deadline registered
[    0.174522] io scheduler cfq registered (default)
[    0.179483] tegra30-pinctrl 70000868.pinmux: invalid group "sdmmc3_dat6_pd3" for function "rsvd1"
[    0.179498] tegra30-pinctrl 70000868.pinmux: invalid group "sdmmc3_dat7_pd4" for function "rsvd1"
[    0.179513] tegra30-pinctrl 70000868.pinmux: invalid group "vi_vsync_pd6" for function "rsvd1"
[    0.179523] tegra30-pinctrl 70000868.pinmux: invalid group "vi_hsync_pd7" for function "rsvd1"
[    0.179982] tegra30-pinctrl 70000868.pinmux: invalid group "hdmi_int_pn7" for function "rsvd1"
[    0.180027] tegra30-pinctrl 70000868.pinmux: invalid group "ulpi_data3_po4" for function "rsvd1"
[    0.180348] tegra30-pinctrl 70000868.pinmux: invalid group "vi_d10_pt2" for function "rsvd1"
[    0.180361] tegra30-pinctrl 70000868.pinmux: invalid group "vi_d11_pt3" for function "rsvd1"
[    0.180374] tegra30-pinctrl 70000868.pinmux: invalid group "vi_d0_pt4" for function "rsvd1"
[    0.180414] tegra30-pinctrl 70000868.pinmux: invalid group "pu0" for function "rsvd1"
[    0.180444] tegra30-pinctrl 70000868.pinmux: invalid group "pu3" for function "rsvd1"
[    0.180474] tegra30-pinctrl 70000868.pinmux: invalid group "pu6" for function "rsvd1"
[    0.180515] tegra30-pinctrl 70000868.pinmux: invalid group "pv3" for function "rsvd1"
[    0.180996] tegra30-pinctrl 70000868.pinmux: invalid group "pbb0" for function "rsvd1"
[    0.181108] tegra30-pinctrl 70000868.pinmux: invalid group "pcc1" for function "rsvd1"
[    0.185362] tegra-pcie 3000.pcie-controller: 2x3 configuration
[    0.185472] vdd_1v5_gen: supplied by vdd_5v_in
[    0.185512] vdd_pexa,vdd_pexb: supplied by vdd_1v5_gen
[    0.185581] tegra-pcie 3000.pcie-controller: Failed to get supply 'hvdd-pex': -517
[    0.186671] tegra-ahb 6000c004.ahb: incorrect AHB base address in DT data - enabling workaround
[    0.189234] tegra-apbdma 6000a000.dma: Tegra20 APB DMA driver register 32 channels
[    0.190122] tegra-pmc 7000e400.pmc: i2c-thermtrip node not found, emergency thermal reset disabled.
[    0.222775] Serial: 8250/16550 driver, 4 ports, IRQ sharing disabled
[    0.224348] SuperH (H)SCI(F) driver initialized
[    0.224912] msm_serial: driver initialized
[    0.225541] console [ttyS0] disabled
[    0.225577] 70006000.serial: ttyS0 at MMIO 0x70006000 (irq = 331, base_baud = 25500000) is a Tegra
[    1.173216] console [ttyS0] enabled
[    1.177197] STMicroelectronics ASC driver initialized
[    1.183787] [drm] Initialized drm 1.1.0 20060810
[    1.189749] reg-fixed-voltage regulators:regulator@8: Failed to resolve vin-supply for +VDD_5V_HDMI
[    1.198794] tegra-hdmi 54280000.hdmi: failed to get HDMI regulator
[    1.209526] loop: module loaded
[    1.217243] m25p80 spi32766.1: w25q32 (4096 Kbytes)
[    1.223924] CAN device driver interface
[    1.228505] igb: Intel(R) Gigabit Ethernet Network Driver - version 5.2.18-k
[    1.235545] igb: Copyright (c) 2007-2014 Intel Corporation.
[    1.242780] pegasus: v0.9.3 (2013/04/25), Pegasus/Pegasus II USB Ethernet driver
[    1.250218] usbcore: registered new interface driver pegasus
[    1.255909] usbcore: registered new interface driver asix
[    1.261330] usbcore: registered new interface driver ax88179_178a
[    1.267441] usbcore: registered new interface driver cdc_ether
[    1.273308] usbcore: registered new interface driver smsc75xx
[    1.279091] usbcore: registered new interface driver smsc95xx
[    1.284856] usbcore: registered new interface driver net1080
[    1.290534] usbcore: registered new interface driver cdc_subset
[    1.296471] usbcore: registered new interface driver zaurus
[    1.302093] usbcore: registered new interface driver cdc_ncm
[    1.309192] ehci_hcd: USB 2.0 'Enhanced' Host Controller (EHCI) Driver
[    1.315723] ehci-pci: EHCI PCI platform driver
[    1.320200] ehci-platform: EHCI generic platform driver
[    1.325545] ehci-omap: OMAP-EHCI Host Controller driver
[    1.330845] ehci-orion: EHCI orion driver
[    1.334931] SPEAr-ehci: EHCI SPEAr driver
[    1.339018] ehci-st: EHCI STMicroelectronics driver
[    1.343973] ehci-exynos: EHCI EXYNOS driver
[    1.348237] ehci-atmel: EHCI Atmel driver
[    1.352333] tegra-ehci: Tegra EHCI driver
[    1.356661] ohci_hcd: USB 1.1 'Open' Host Controller (OHCI) Driver
[    1.362849] ohci-pci: OHCI PCI platform driver
[    1.367326] ohci-platform: OHCI generic platform driver
[    1.372652] ohci-omap3: OHCI OMAP3 driver
[    1.376746] SPEAr-ohci: OHCI SPEAr driver
[    1.380836] ohci-st: OHCI STMicroelectronics driver
[    1.385790] ohci-atmel: OHCI Atmel driver
[    1.389921] usbcore: registered new interface driver usb-storage
[    1.396808] mousedev: PS/2 mouse device common for all mice
[    1.404634] tegra_rtc 7000e000.rtc: rtc core: registered 7000e000.rtc as rtc1
[    1.411800] tegra_rtc 7000e000.rtc: Tegra internal Real Time Clock
[    1.430527] tps65910-rtc tps65910-rtc: rtc core: registered tps65910-rtc as rtc0
[    1.438133] i2c /dev entries driver
[    1.446266] sdhci: Secure Digital Host Controller Interface driver
[    1.452443] sdhci: Copyright(c) Pierre Ossman
[    1.457709] Synopsys Designware Multimedia Card Interface Driver
[    1.464360] sdhci-pltfm: SDHCI platform and OF driver helper
[    1.470496] sdhci-tegra 78000000.sdhci: Got CD GPIO
[    1.475381] sdhci-tegra 78000000.sdhci: Got WP GPIO
[    1.481389] sdhci-tegra 78000000.sdhci: No vmmc regulator found
[    1.487304] sdhci-tegra 78000000.sdhci: No vqmmc regulator found
[    1.493303] mmc0: Invalid maximum block size, assuming 512 bytes
[    1.533458] mmc0: SDHCI controller on 78000000.sdhci [78000000.sdhci] using ADMA
[    1.542031] sdhci-tegra 78000600.sdhci: No vmmc regulator found
[    1.547948] sdhci-tegra 78000600.sdhci: No vqmmc regulator found
[    1.553948] mmc1: Invalid maximum block size, assuming 512 bytes
[    1.598389] mmc1: SDHCI controller on 78000600.sdhci [78000600.sdhci] using ADMA
[    1.606628] ledtrig-cpu: registered to indicate activity on CPUs
[    1.612766] usbcore: registered new interface driver usbhid
[    1.618332] usbhid: USB HID core driver
[    1.624443] NET: Registered protocol family 17
[    1.628918] can: controller area network core (rev 20120528 abi 9)
[    1.637146] NET: Registered protocol family 29
[    1.641596] can: raw protocol (rev 20120528)
[    1.647868] can: broadcast manager protocol (rev 20120528 t)
[    1.653531] can: netlink gateway (rev 20130117) max_hops=1
[    1.659289] Key type dns_resolver registered
[    1.663938] ThumbEE CPU extension supported.
[    1.668203] Registering SWP/SWPB emulation handler
[    1.701978] tegra-pcie 3000.pcie-controller: 2x3 configuration
[    1.707961] sys_3v3,vdd_3v3_alw: supplied by vdd_5v_in
[    1.713120] sys_3v3_pexs: supplied by sys_3v3,vdd_3v3_alw
[    1.722107] tegra-pcie 3000.pcie-controller: probing port 0, using 2 lanes
[    1.759325] mmc1: new high speed MMC card at address 0001
[    1.765759] mmcblk0: mmc1:0001 SEM16G 14.8 GiB 
[    1.771140] mmcblk0boot0: mmc1:0001 SEM16G partition 1 1.00 MiB
[    1.777896] mmcblk0boot1: mmc1:0001 SEM16G partition 2 1.00 MiB
[    1.784659] mmcblk0rpmb: mmc1:0001 SEM16G partition 3 128 KiB
[    1.787276] tegra-pcie 3000.pcie-controller: probing port 2, using 2 lanes
[    1.800014] Primary GPT is invalid, using alternate GPT.
[    1.805344]  mmcblk0: p1 p2 p3 p4 p5
[    2.198047] tegra-pcie 3000.pcie-controller: link 2 down, retrying
[    2.607982] tegra-pcie 3000.pcie-controller: link 2 down, retrying
[    3.017902] tegra-pcie 3000.pcie-controller: link 2 down, retrying
[    3.026088] tegra-pcie 3000.pcie-controller: link 2 down, ignoring
[    3.032401] tegra-pcie 3000.pcie-controller: PCI host bridge to bus 0000:00
[    3.039362] pci_bus 0000:00: root bus resource [mem 0x20000000-0x27ffffff]
[    3.046228] pci_bus 0000:00: root bus resource [mem 0x28000000-0x3fffffff pref]
[    3.053527] pci_bus 0000:00: root bus resource [bus 00-ff]
[    3.059004] pci_bus 0000:00: root bus resource [io  0x1000-0xffff]
[    3.065195] pci 0000:00:01.0: [10de:0e1c] type 01 class 0x060400
[    3.071223] pci 0000:00:01.0: IOMMU is currently not supported for PCI
[    3.077769] pci 0000:00:01.0: PME# supported from D0 D1 D2 D3hot D3cold
[    3.084515] PCI: bus0: Fast back to back transfers disabled
[    3.090085] pci 0000:00:01.0: bridge configuration invalid ([bus 00-00]), reconfiguring
[    3.098175] pci 0000:01:00.0: [10ec:8168] type 00 class 0x020000
[    3.104205] pci 0000:01:00.0: reg 0x10: [io  0x0000-0x00ff]
[    3.109784] pci 0000:01:00.0: reg 0x18: [mem 0x00000000-0x00000fff 64bit pref]
[    3.117003] pci 0000:01:00.0: reg 0x20: [mem 0x00000000-0x00003fff 64bit pref]
[    3.124223] pci 0000:01:00.0: IOMMU is currently not supported for PCI
[    3.130774] pci 0000:01:00.0: supports D1 D2
[    3.135038] pci 0000:01:00.0: PME# supported from D0 D1 D2 D3hot D3cold
[    3.148405] PCI: bus1: Fast back to back transfers disabled
[    3.153976] pci_bus 0000:01: busn_res: [bus 01-ff] end is updated to 01
[    3.160642] pci 0000:00:01.0: BAR 9: assigned [mem 0x28000000-0x280fffff 64bit pref]
[    3.168381] pci 0000:00:01.0: BAR 7: assigned [io  0x1000-0x1fff]
[    3.174469] pci 0000:01:00.0: BAR 4: assigned [mem 0x28000000-0x28003fff 64bit pref]
[    3.182210] pci 0000:01:00.0: BAR 2: assigned [mem 0x28004000-0x28004fff 64bit pref]
[    3.189949] pci 0000:01:00.0: BAR 0: assigned [io  0x1000-0x10ff]
[    3.196036] pci 0000:00:01.0: PCI bridge to [bus 01]
[    3.200993] pci 0000:00:01.0:   bridge window [io  0x1000-0x1fff]
[    3.207079] pci 0000:00:01.0:   bridge window [mem 0x28000000-0x280fffff 64bit pref]
[    3.214823] pci 0000:00:01.0: nv_msi_ht_cap_quirk didn't locate host bridge
[    3.221873] pcieport 0000:00:01.0: enabling device (0140 -> 0143)
[    3.228100] pcieport 0000:00:01.0: Signaling PME through PCIe PME interrupt
[    3.235055] pci 0000:01:00.0: Signaling PME through PCIe PME interrupt
[    3.241574] pcie_pme 0000:00:01.0:pcie01: service driver pcie_pme loaded
[    3.248432] r8169 Gigabit Ethernet driver 2.3LK-NAPI loaded
[    3.254015] r8169 0000:01:00.0: enabling device (0140 -> 0143)
[    3.260526] r8169 0000:01:00.0 eth0: RTL8168evl/8111evl at 0xf00d6000, 02:04:4b:01:60:a6, XID 0c900800 IRQ 375
[    3.270522] r8169 0000:01:00.0 eth0: jumbo features [frames: 9200 bytes, tx checksumming: ko]
[    3.279802] +VDD_5V_HDMI: supplied by sys_3v3,vdd_3v3_alw
[    3.285310] vdd_1v8_gen: supplied by vdd_5v_in
[    3.292228] [drm] Supports vblank timestamp caching Rev 2 (21.10.2013).
[    3.298857] [drm] No driver support for vblank timestamp query.
[    3.304789] drm drm: No connectors reported connected with modes
[    3.310795] [drm] Cannot find any crtc or sizes - going 1024x768
[    3.337654] Console: switching to colour frame buffer device 128x48
[    3.350363] drm drm: fb0:  frame buffer device
[    3.354803] drm drm: registered panic notifier
[    3.373773] [drm] Initialized tegra 0.0.0 20120330 on minor 0
[    3.382171] usb3_vbus: supplied by vdd_5v_in
[    3.388564] utmi_phy_clk_enable: timeout waiting for phy to stabilize
[    3.395021] tegra-ehci 7d004000.usb: EHCI Host Controller
[    3.400436] tegra-ehci 7d004000.usb: new USB bus registered, assigned bus number 1
[    3.409475] tegra-ehci 7d004000.usb: irq 343, io mem 0x7d004000
[    3.423785] tegra-ehci 7d004000.usb: USB 2.0 started, EHCI 1.00
[    3.430203] hub 1-0:1.0: USB hub found
[    3.433981] hub 1-0:1.0: 1 port detected
[    3.438813] tegra-ehci 7d008000.usb: EHCI Host Controller
[    3.444229] tegra-ehci 7d008000.usb: new USB bus registered, assigned bus number 2
[    3.451955] tegra-ehci 7d008000.usb: irq 344, io mem 0x7d008000
[    3.463779] tegra-ehci 7d008000.usb: USB 2.0 started, EHCI 1.00
[    3.470121] hub 2-0:1.0: USB hub found
[    3.473896] hub 2-0:1.0: 1 port detected
[    3.483220] tps65910-rtc tps65910-rtc: setting system clock to 2000-01-01 00:00:02 UTC (946684802)
[    3.497180] usb1_vbus: disabling
[    3.500468] vdd_sata,avdd_plle: disabling
[    3.506661] EXT4-fs (mmcblk0p1): mounting ext3 file system using the ext4 subsystem
[    3.521551] EXT4-fs (mmcblk0p1): warning: mounting fs with errors, running e2fsck is recommended
[    3.531827] EXT4-fs (mmcblk0p1): recovery complete
[    3.536628] EXT4-fs (mmcblk0p1): mounted filesystem with ordered data mode. Opts: (null)
[    3.544740] VFS: Mounted root (ext3 filesystem) on device 179:1.
[    3.560200] devtmpfs: mounted
[    3.564031] Freeing unused kernel memory: 960K (c0d1e000 - c0e0e000)
bash: cannot set terminal process group (-1): Inappropriate ioctl for device
bash: no job control in this shell
root@(none):/# [    3.783793] usb 2-1: new high-speed USB device number 2 using tegra-ehci
