
U-Boot SPL 2016.05-rc2 (Apr 21 2016 - 16:23:00)
Trying to boot from RAM


U-Boot 2016.05-rc2 (Apr 21 2016 - 16:23:00 -0700)

TEGRA124
Model: NVIDIA Jetson TK1
Board: NVIDIA Jetson TK1
DRAM:  2 GiB
MC:   Tegra SD/MMC: 0, Tegra SD/MMC: 1
In:    serial
Out:   serial
Err:   serial
Net:   No ethernet found.
Hit any key to stop autoboot:  2  0 
Tegra124 (Jetson TK1) # 
Tegra124 (Jetson TK1) # pci enum
Tegra124 (Jetson TK1) # setenv bootargs 'ignore_loglevel console=ttyS0,115200n8 rw root=PARTUUID=b1791faa-84e8-4e27-83a1-9fb0a77e8803 rootwait gpt debug noinitrd earlyprintk init=/bin/bash'
Tegra124 (Jetson TK1) # setenv ipaddr 192.168.100.102; setenv serverip 192.168.100.1; setenv tftpserverip 192.168.100.1
Tegra124 (Jetson TK1) # tftpboot 0x82000000 zImage.multi_v7_defconfig

Warning: eth_rtl8169 using MAC address from ROM
Using eth_rtl8169 device
TFTP from server 192.168.100.1; our IP address is 192.168.100.102
Filename 'zImage.multi_v7_defconfig'.
Load address: 0x82000000
Loading: *#################################################################
	 #################################################################
	 #################################################################
	 #################################################################
	 #################################################################
	 #################################################################
	 #################################################################
	 #########################################################
	 4 MiB/s
done
Bytes transferred = 7509488 (7295f0 hex)
Tegra124 (Jetson TK1) # tftpboot 0x83000000 tegra124-jetson-tk1.dtb
Using eth_rtl8169 device
TFTP from server 192.168.100.1; our IP address is 192.168.100.102
Filename 'tegra124-jetson-tk1.dtb'.
Load address: 0x83000000
Loading: *#####
	 3.8 MiB/s
done
Bytes transferred = 67133 (1063d hex)
Tegra124 (Jetson TK1) # bootz 0x82000000 - 0x83000000
Kernel image @ 0x82000000 [ 0x000000 - 0x7295f0 ]
## Flattened Device Tree blob at 83000000
   Booting using the fdt blob at 0x83000000
   Using Device Tree in place at 83000000, end 8301363c

Starting kernel ...

[    0.000000] Booting Linux on physical CPU 0x0
[    0.000000] Linux version 4.11.0-rc1-next-20170309-157496-g2e62da1 (pwalmsley@sellafield) (gcc version 4.7.3 20130328 (prerelease) (crosstool-NG linaro-1.13.1-4.7-2013.04-20130415 - Linaro GCC 2013.04) ) #1 SMP Fri Mar 17 08:39:49 PDT 2017
[    0.000000] CPU: ARMv7 Processor [413fc0f3] revision 3 (ARMv7), cr=10c5387d
[    0.000000] CPU: div instructions available: patching division code
[    0.000000] CPU: PIPT / VIPT nonaliasing data cache, PIPT instruction cache
[    0.000000] OF: fdt: Machine model: NVIDIA Tegra124 Jetson TK1
[    0.000000] debug: ignoring loglevel setting.
[    0.000000] efi: Getting EFI parameters from FDT:
[    0.000000] efi: UEFI not found.
[    0.000000] cma: Reserved 64 MiB at 0xfb800000
[    0.000000] Memory policy: Data cache writealloc
[    0.000000] On node 0 totalpages: 524032
[    0.000000] free_area_init_node: node 0, pgdat c15397c0, node_mem_map eeff8000
[    0.000000]   DMA zone: 1536 pages used for memmap
[    0.000000]   DMA zone: 0 pages reserved
[    0.000000]   DMA zone: 196608 pages, LIFO batch:31
[    0.000000]   HighMem zone: 327424 pages, LIFO batch:31
[    0.000000] percpu: Embedded 16 pages/cpu @eef86000 s34368 r8192 d22976 u65536
[    0.000000] pcpu-alloc: s34368 r8192 d22976 u65536 alloc=16*4096
[    0.000000] pcpu-alloc: [0] 0 [0] 1 [0] 2 [0] 3 
[    0.000000] Built 1 zonelists in Zone order, mobility grouping on.  Total pages: 522496
[    0.000000] Kernel command line: ignore_loglevel console=ttyS0,115200n8 rw root=PARTUUID=b1791faa-84e8-4e27-83a1-9fb0a77e8803 rootwait gpt debug noinitrd earlyprintk init=/bin/bash
[    0.000000] PID hash table entries: 4096 (order: 2, 16384 bytes)
[    0.000000] Dentry cache hash table entries: 131072 (order: 7, 524288 bytes)
[    0.000000] Inode-cache hash table entries: 65536 (order: 6, 262144 bytes)
[    0.000000] Memory: 1993776K/2096128K available (10240K kernel code, 1260K rwdata, 4228K rodata, 2048K init, 407K bss, 36816K reserved, 65536K cma-reserved, 1244160K highmem)
[    0.000000] Virtual kernel memory layout:
[    0.000000]     vector  : 0xffff0000 - 0xffff1000   (   4 kB)
[    0.000000]     fixmap  : 0xffc00000 - 0xfff00000   (3072 kB)
[    0.000000]     vmalloc : 0xf0800000 - 0xff800000   ( 240 MB)
[    0.000000]     lowmem  : 0xc0000000 - 0xf0000000   ( 768 MB)
[    0.000000]     pkmap   : 0xbfe00000 - 0xc0000000   (   2 MB)
[    0.000000]     modules : 0xbf000000 - 0xbfe00000   (  14 MB)
[    0.000000]       .text : 0xc0208000 - 0xc0d00000   (11232 kB)
[    0.000000]       .init : 0xc1200000 - 0xc1400000   (2048 kB)
[    0.000000]       .data : 0xc1400000 - 0xc153b120   (1261 kB)
[    0.000000]        .bss : 0xc153d000 - 0xc15a2cb8   ( 408 kB)
[    0.000000] SLUB: HWalign=64, Order=0-3, MinObjects=0, CPUs=4, Nodes=1
[    0.000000] Hierarchical RCU implementation.
[    0.000000] 	RCU debugfs-based tracing is enabled.
[    0.000000] 	RCU restricting CPUs from NR_CPUS=16 to nr_cpu_ids=4.
[    0.000000] RCU: Adjusting geometry for rcu_fanout_leaf=16, nr_cpu_ids=4
[    0.000000] NR_IRQS:16 nr_irqs:16 16
[    0.000000] /interrupt-controller@60004000: 160 interrupts forwarded to /interrupt-controller@50041000
[    0.000000] Tegra clk 127: register failed with -17
[    0.000008] sched_clock: 32 bits at 1000kHz, resolution 1000ns, wraps every 2147483647500ns
[    0.000031] clocksource: timer_us: mask: 0xffffffff max_cycles: 0xffffffff, max_idle_ns: 1911260446275 ns
[    0.000047] Switching to timer-based delay loop, resolution 1000ns
[    0.005542] arm_arch_timer: Architected cp15 timer(s) running at 12.00MHz (virt).
[    0.005561] clocksource: arch_sys_counter: mask: 0xffffffffffffff max_cycles: 0x2c47f4ee7, max_idle_ns: 440795202497 ns
[    0.005581] sched_clock: 56 bits at 12MHz, resolution 83ns, wraps every 4398046511096ns
[    0.005595] Switching to timer-based delay loop, resolution 83ns
[    0.006057] Console: colour dummy device 80x30
[    0.006087] Calibrating delay loop (skipped), value calculated using timer frequency.. 24.00 BogoMIPS (lpj=120000)
[    0.006105] pid_max: default: 32768 minimum: 301
[    0.006217] Mount-cache hash table entries: 2048 (order: 1, 8192 bytes)
[    0.006232] Mountpoint-cache hash table entries: 2048 (order: 1, 8192 bytes)
[    0.006701] CPU: Testing write buffer coherency: ok
[    0.006945] /cpus/cpu@0 missing clock-frequency property
[    0.006989] /cpus/cpu@1 missing clock-frequency property
[    0.007031] /cpus/cpu@2 missing clock-frequency property
[    0.007075] /cpus/cpu@3 missing clock-frequency property
[    0.007089] CPU0: thread -1, cpu 0, socket 0, mpidr 80000000
[    0.007288] Setting up static identity map for 0x80300000 - 0x80300098
[    0.011115] Tegra Revision: A01 SKU: 129 CPU Process: 1 SoC Process: 1
[    0.011775] EFI services will not be available.
[    0.012015] smp: Bringing up secondary CPUs ...
[    0.012525] CPU1: thread -1, cpu 1, socket 0, mpidr 80000001
[    0.015691] CPU2: thread -1, cpu 2, socket 0, mpidr 80000002
[    0.025697] CPU3: thread -1, cpu 3, socket 0, mpidr 80000003
[    0.035227] smp: Brought up 1 node, 4 CPUs
[    0.035250] SMP: Total of 4 processors activated (96.00 BogoMIPS).
[    0.035259] CPU: All CPU(s) started in SVC mode.
[    0.036760] devtmpfs: initialized
[    0.053346] VFP support v0.3: implementor 41 architecture 4 part 30 variant f rev 0
[    0.053744] clocksource: jiffies: mask: 0xffffffff max_cycles: 0xffffffff, max_idle_ns: 19112604462750000 ns
[    0.053763] futex hash table entries: 1024 (order: 4, 65536 bytes)
[    0.055177] pinctrl core: initialized pinctrl subsystem
[    0.057118] NET: Registered protocol family 16
[    0.059178] DMA: preallocated 256 KiB pool for atomic coherent allocations
[    0.061685] cpuidle: using governor menu
[    0.088866] No ATAGs?
[    0.088996] hw-breakpoint: found 5 (+1 reserved) breakpoint and 4 watchpoint registers.
[    0.089012] hw-breakpoint: maximum watchpoint size is 8 bytes.
[    0.095593] Serial: AMBA PL011 UART driver
[    0.111799] AT91: Could not find identification node
[    0.112336] +5V_SYS: supplied by +VDD_MUX
[    0.112611] +3.3V_SYS: supplied by +VDD_MUX
[    0.113204] +USB0_VBUS_SW: Failed to request enable GPIO108: -517
[    0.113221] reg-fixed-voltage regulators:regulator@7: Failed to register regulator: -517
[    0.113310] +5V_USB_HS: Failed to request enable GPIO109: -517
[    0.113325] reg-fixed-voltage regulators:regulator@8: Failed to register regulator: -517
[    0.113489] +1.05V_RUN_AVDD_HDMI_PLL: Failed to request enable GPIO63: -517
[    0.113503] reg-fixed-voltage regulators:regulator@11: Failed to register regulator: -517
[    0.113588] +5V_HDMI_CON: Failed to request enable GPIO86: -517
[    0.113601] reg-fixed-voltage regulators:regulator@12: Failed to register regulator: -517
[    0.113687] +5V_SATA: Failed to request enable GPIO242: -517
[    0.113700] reg-fixed-voltage regulators:regulator@13: Failed to register regulator: -517
[    0.113785] +12V_SATA: Failed to request enable GPIO242: -517
[    0.113798] reg-fixed-voltage regulators:regulator@14: Failed to register regulator: -517
[    0.116957] vgaarb: loaded
[    0.117728] SCSI subsystem initialized
[    0.117893] libata version 3.00 loaded.
[    0.118132] usbcore: registered new interface driver usbfs
[    0.118192] usbcore: registered new interface driver hub
[    0.118251] usbcore: registered new device driver usb
[    0.121658] pps_core: LinuxPPS API ver. 1 registered
[    0.121669] pps_core: Software ver. 5.3.6 - Copyright 2005-2007 Rodolfo Giometti <giometti@linux.it>
[    0.121695] PTP clock support registered
[    0.121881] EDAC MC: Ver: 3.0.0
[    0.124738] clocksource: Switched to clocksource arch_sys_counter
[    0.134426] NET: Registered protocol family 2
[    0.134942] TCP established hash table entries: 8192 (order: 3, 32768 bytes)
[    0.135042] TCP bind hash table entries: 8192 (order: 4, 65536 bytes)
[    0.135230] TCP: Hash tables configured (established 8192 bind 8192)
[    0.135311] UDP hash table entries: 512 (order: 2, 16384 bytes)
[    0.135354] UDP-Lite hash table entries: 512 (order: 2, 16384 bytes)
[    0.135506] NET: Registered protocol family 1
[    0.135798] RPC: Registered named UNIX socket transport module.
[    0.135809] RPC: Registered udp transport module.
[    0.135818] RPC: Registered tcp transport module.
[    0.135827] RPC: Registered tcp NFSv4.1 backchannel transport module.
[    0.135840] PCI: CLS 0 bytes, default 64
[    0.137040] hw perfevents: enabled with armv7_cortex_a15 PMU driver, 7 counters available
[    0.138894] workingset: timestamp_bits=30 max_order=19 bucket_order=0
[    0.147074] squashfs: version 4.0 (2009/01/31) Phillip Lougher
[    0.147766] NFS: Registering the id_resolver key type
[    0.147794] Key type id_resolver registered
[    0.147803] Key type id_legacy registered
[    0.147844] ntfs: driver 2.1.32 [Flags: R/O].
[    0.149321] bounce: pool size: 64 pages
[    0.149362] Block layer SCSI generic (bsg) driver version 0.4 loaded (major 248)
[    0.149374] io scheduler noop registered
[    0.149383] io scheduler deadline registered
[    0.149547] io scheduler cfq registered (default)
[    0.149557] io scheduler mq-deadline registered
[    0.154884]  usb2-0: usb2-0 supply vbus not found, using dummy regulator
[    0.155005]  usb2-1: usb2-1 supply vbus not found, using dummy regulator
[    0.155386] tegra-xusb-padctl 7009f000.padctl: failed to setup XUSB ports: -517
[    0.171267] tegra-pcie 1003000.pcie-controller: 2x1, 1x1 configuration
[    0.171322] tegra-pcie 1003000.pcie-controller: Failed to get supply 'avddio-pex': -517
[    0.177497] tegra124-dfll 70110000.clock: couldn't get vdd_cpu regulator
[    0.184776] tegra-apbdma 60020000.dma: Tegra20 APB DMA driver register 32 channels
[    0.186755] tegra-pmc 7000e400.pmc: emergency thermal reset enabled
[    0.241813] Serial: 8250/16550 driver, 4 ports, IRQ sharing disabled
[    0.244349] console [ttyS0] disabled
[    0.244386] 70006300.serial: ttyS0 at MMIO 0x70006300 (irq = 335, base_baud = 25500000) is a Tegra
[    1.133484] console [ttyS0] enabled
[    1.137841] SuperH (H)SCI(F) driver initialized
[    1.143360] msm_serial: driver initialized
[    1.147658] STMicroelectronics ASC driver initialized
[    1.153538] 70006000.serial: ttyTHS1 at MMIO 0x70006000 (irq = 333, base_baud = 0) is a TEGRA_UART
[    1.162811] 70006040.serial: ttyTHS2 at MMIO 0x70006040 (irq = 334, base_baud = 0) is a TEGRA_UART
[    1.178247] tegra-hdmi 54280000.hdmi: failed to get HDMI regulator
[    1.197190] brd: module loaded
[    1.207320] loop: module loaded
[    1.211645] at24 0-0056: 256 byte 24c02 EEPROM, writable, 8 bytes/write
[    1.219985] as3722 4-0040: AS3722 with revision 0x1 found
[    1.231855] as3722-sd2: supplied by +5V_SYS
[    1.236489] as3722-sd3: supplied by +5V_SYS
[    1.240886] +1.35V_LP0(sd3): Bringing 0uV into 1350000-1350000uV
[    1.247277] as3722-sd4: supplied by +5V_SYS
[    1.251891] as3722-sd5: supplied by +5V_SYS
[    1.257931] as3722-ldo0: supplied by +1.35V_LP0(sd2)
[    1.263981] +1.8V_RUN_CAM: Bringing 0uV into 1800000-1800000uV
[    1.270204] as3722-ldo2: supplied by +1.8V_VDDIO
[    1.276106] as3722-ldo3: supplied by +3.3V_SYS
[    1.280581] +1.05V_LP0_VDD_RTC: Bringing 1100000uV into 1000000-1000000uV
[    1.288355] as3722-ldo4: supplied by +3.3V_SYS
[    1.293013] +2.8V_RUN_CAM: Bringing 0uV into 2800000-2800000uV
[    1.299212] as3722-ldo5: supplied by +1.8V_VDDIO
[    1.304049] +1.2V_RUN_CAM_FRONT: Bringing 0uV into 1200000-1200000uV
[    1.310963] +VDDIO_SDMMC3: bypassed regulator has no supply!
[    1.316637] +VDDIO_SDMMC3: failed to get the current voltage(-517)
[    1.322813] as3722-regulator as3722-regulator: regulator 13 register failed -517
[    1.335327] tegra-ahci 70027000.sata: couldn't get PHY in node sata: -517
[    1.354775] random: fast init done
[    1.358372] m25p80 spi32765.0: w25q32dw (4096 Kbytes)
[    1.366187] libphy: Fixed MDIO Bus: probed
[    1.371325] CAN device driver interface
[    1.376179] bgmac_bcma: Broadcom 47xx GBit MAC driver loaded
[    1.383203] e1000e: Intel(R) PRO/1000 Network Driver - 3.2.6-k
[    1.389045] e1000e: Copyright(c) 1999 - 2015 Intel Corporation.
[    1.395021] igb: Intel(R) Gigabit Ethernet Network Driver - version 5.4.0-k
[    1.401970] igb: Copyright (c) 2007-2014 Intel Corporation.
[    1.411142] pegasus: v0.9.3 (2013/04/25), Pegasus/Pegasus II USB Ethernet driver
[    1.418588] usbcore: registered new interface driver pegasus
[    1.424286] usbcore: registered new interface driver asix
[    1.429734] usbcore: registered new interface driver ax88179_178a
[    1.435866] usbcore: registered new interface driver cdc_ether
[    1.441739] usbcore: registered new interface driver smsc75xx
[    1.447544] usbcore: registered new interface driver smsc95xx
[    1.453314] usbcore: registered new interface driver net1080
[    1.459012] usbcore: registered new interface driver cdc_subset
[    1.464973] usbcore: registered new interface driver zaurus
[    1.470595] usbcore: registered new interface driver cdc_ncm
[    1.476478] tegra-phy 7d004000.usb-phy: no vbus regulator
[    1.483832] ehci_hcd: USB 2.0 'Enhanced' Host Controller (EHCI) Driver
[    1.490371] ehci-pci: EHCI PCI platform driver
[    1.494862] ehci-platform: EHCI generic platform driver
[    1.500289] ehci-orion: EHCI orion driver
[    1.504428] SPEAr-ehci: EHCI SPEAr driver
[    1.508591] ehci-st: EHCI STMicroelectronics driver
[    1.513601] ehci-exynos: EHCI EXYNOS driver
[    1.517950] ehci-atmel: EHCI Atmel driver
[    1.522091] tegra-ehci: Tegra EHCI driver
[    1.528940] tegra-ehci 7d004000.usb: EHCI Host Controller
[    1.534355] tegra-ehci 7d004000.usb: new USB bus registered, assigned bus number 1
[    1.542138] tegra-ehci 7d004000.usb: irq 354, io mem 0x7d004000
[    1.574759] tegra-ehci 7d004000.usb: USB 2.0 started, EHCI 1.10
[    1.581458] hub 1-0:1.0: USB hub found
[    1.585261] hub 1-0:1.0: 1 port detected
[    1.589720] ohci_hcd: USB 1.1 'Open' Host Controller (OHCI) Driver
[    1.595922] ohci-pci: OHCI PCI platform driver
[    1.600399] ohci-platform: OHCI generic platform driver
[    1.605805] ohci-omap3: OHCI OMAP3 driver
[    1.609943] SPEAr-ohci: OHCI SPEAr driver
[    1.614088] ohci-st: OHCI STMicroelectronics driver
[    1.619111] ohci-atmel: OHCI Atmel driver
[    1.623879] usbcore: registered new interface driver usb-storage
[    1.634221] as3722-rtc as3722-rtc: rtc core: registered as3722-rtc as rtc0
[    1.641119] as3722-rtc as3722-rtc: RTC interrupt 377
[    1.649321] tegra_rtc 7000e000.rtc: rtc core: registered 7000e000.rtc as rtc1
[    1.656502] tegra_rtc 7000e000.rtc: Tegra internal Real Time Clock
[    1.663194] i2c /dev entries driver
[    1.673410] lm90 0-004c: 0-004c supply vcc not found, using dummy regulator
[    1.690715] sdhci: Secure Digital Host Controller Interface driver
[    1.696914] sdhci: Copyright(c) Pierre Ossman
[    1.702866] Synopsys Designware Multimedia Card Interface Driver
[    1.710045] sdhci-pltfm: SDHCI platform and OF driver helper
[    1.716467] sdhci-tegra 700b0400.sdhci: Got CD GPIO
[    1.721354] sdhci-tegra 700b0400.sdhci: Got WP GPIO
[    1.726490] mmc0: Unknown controller version (3). You may experience problems.
[    1.733782] mmc0: Invalid maximum block size, assuming 512 bytes
[    1.804761] mmc0: SDHCI controller on 700b0600.sdhci [700b0600.sdhci] using ADMA
[    1.814079] ledtrig-cpu: registered to indicate activity on CPUs
[    1.820498] usbcore: registered new interface driver usbhid
[    1.826157] usbhid: USB HID core driver
[    1.834101] NET: Registered protocol family 10
[    1.839507] Segment Routing with IPv6
[    1.843295] sit: IPv6, IPv4 and MPLS over IPv4 tunneling driver
[    1.849798] NET: Registered protocol family 17
[    1.854243] can: controller area network core (rev 20120528 abi 9)
[    1.860597] NET: Registered protocol family 29
[    1.865054] can: raw protocol (rev 20120528)
[    1.869319] can: broadcast manager protocol (rev 20161123 t)
[    1.874989] can: netlink gateway (rev 20130117) max_hops=1
[    1.880756] Key type dns_resolver registered
[    1.885586] ThumbEE CPU extension supported.
[    1.889856] Registering SWP/SWPB emulation handler
[    1.906881] +3.3V_RUN: supplied by +3.3V_SYS
[    1.912035] +USB0_VBUS_SW: supplied by +5V_SYS
[    1.916708] +3.3V_AVDD_HDMI_AP_GATED: supplied by +3.3V_RUN
[    1.922619] +5V_USB_HS: supplied by +5V_SYS
[    1.928052] +3.3V_LP0: supplied by +3.3V_SYS
[    1.933934] +5V_HDMI_CON: supplied by +5V_SYS
[    1.938845] +5V_SATA: supplied by +5V_SYS
[    1.943328] +12V_SATA: supplied by +VDD_MUX
[    1.949475]  usb2-0: usb2-0 supply vbus not found, using dummy regulator
[    1.956474]  usb2-1: usb2-1 supply vbus not found, using dummy regulator
[    1.963615]  usb3-0: usb3-0 supply vbus not found, using dummy regulator
[    1.971806] tegra-pcie 1003000.pcie-controller: 2x1, 1x1 configuration
[    1.978505] mmc0: new high speed MMC card at address 0001
[    1.978513] tegra-pcie 1003000.pcie-controller: Failed to get supply 'avddio-pex': -517
[    1.982467] tegra124-dfll 70110000.clock: couldn't get vdd_cpu regulator
[    1.987707] tegra-hdmi 54280000.hdmi: failed to get PLL regulator
[    1.991962] as3722-sd2: supplied by +5V_SYS
[    1.992267] as3722-sd3: supplied by +5V_SYS
[    1.992564] as3722-sd4: supplied by +5V_SYS
[    1.992852] as3722-sd5: supplied by +5V_SYS
[    1.994301] as3722-ldo0: supplied by +1.35V_LP0(sd2)
[    1.994834] as3722-ldo1: supplied by +3.3V_RUN
[    1.995157] as3722-ldo2: supplied by +1.8V_VDDIO
[    1.996097] as3722-ldo3: supplied by +3.3V_SYS
[    1.997028] as3722-ldo4: supplied by +3.3V_SYS
[    1.997330] as3722-ldo5: supplied by +1.8V_VDDIO
[    1.997617] as3722-ldo6: supplied by +3.3V_RUN
[    1.997926] as3722-ldo7: supplied by +1.8V_VDDIO
[    1.998167] +1.05V_RUN_CAM_REAR: Bringing 0uV into 1050000-1050000uV
[    1.998541] as3722-ldo9: supplied by +5V_SYS
[    1.998945] +3.3V_RUN_TOUCH: Bringing 0uV into 2800000-2800000uV
[    1.999333] as3722-ldo10: supplied by +5V_SYS
[    1.999557] +2.8V_RUN_CAM_AF: Bringing 0uV into 2800000-2800000uV
[    1.999943] as3722-ldo11: supplied by +3.3V_RUN
[    2.000170] +1.8V_RUN_VPP_FUSE: Bringing 0uV into 1800000-1800000uV
[    2.003477] tegra-ahci 70027000.sata: AHCI 0001.0301 32 slots 2 ports 3 Gbps 0x1 impl platform mode
[    2.003490] tegra-ahci 70027000.sata: flags: 64bit ncq sntf pm led pio slum part sadm sds apst 
[    2.005380] scsi host0: tegra-ahci
[    2.006462] scsi host1: tegra-ahci
[    2.006826] ata1: SATA max UDMA/133 mmio [mem 0x70027000-0x70028fff] port 0x100 irq 345
[    2.006832] ata2: DUMMY
[    2.010549] tegra-ehci 7d008000.usb: EHCI Host Controller
[    2.010582] tegra-ehci 7d008000.usb: new USB bus registered, assigned bus number 2
[    2.010793] tegra-ehci 7d008000.usb: irq 355, io mem 0x7d008000
[    2.034858] tegra-ehci 7d008000.usb: USB 2.0 started, EHCI 1.10
[    2.036085] hub 2-0:1.0: USB hub found
[    2.036133] hub 2-0:1.0: 1 port detected
[    2.038994] sdhci-tegra 700b0400.sdhci: Got CD GPIO
[    2.039016] sdhci-tegra 700b0400.sdhci: Got WP GPIO
[    2.039215] mmc1: Unknown controller version (3). You may experience problems.
[    2.039310] mmc1: Invalid maximum block size, assuming 512 bytes
[    2.105450] mmc1: SDHCI controller on 700b0400.sdhci [700b0400.sdhci] using ADMA
[    2.106306] tegra-pcie 1003000.pcie-controller: 2x1, 1x1 configuration
[    2.113999] tegra-pcie 1003000.pcie-controller: probing port 0, using 2 lanes
[    2.116048] tegra-pcie 1003000.pcie-controller: Slot present pin change, signature: 00000008
[    2.146957] tegra-pcie 1003000.pcie-controller: probing port 1, using 1 lanes
[    2.149088] tegra-pcie 1003000.pcie-controller: Slot present pin change, signature: 00000000
[    2.163392] tegra-pcie 1003000.pcie-controller: PCI host bridge to bus 0000:00
[    2.163402] pci_bus 0000:00: root bus resource [io  0x0000-0xffff]
[    2.163410] pci_bus 0000:00: root bus resource [mem 0x13000000-0x1fffffff]
[    2.163418] pci_bus 0000:00: root bus resource [mem 0x20000000-0x3fffffff pref]
[    2.163427] pci_bus 0000:00: root bus resource [bus 00-ff]
[    2.163469] pci 0000:00:01.0: [10de:0e12] type 01 class 0x060400
[    2.163525] pci_bus 0000:00: 2-byte config write to 0000:00:01.0 offset 0x88 may corrupt adjacent RW1C bits
[    2.163573] pci_bus 0000:00: 2-byte config write to 0000:00:01.0 offset 0x52 may corrupt adjacent RW1C bits
[    2.163625] pci 0000:00:01.0: PME# supported from D0 D1 D2 D3hot D3cold
[    2.163637] pci_bus 0000:00: 2-byte config write to 0000:00:01.0 offset 0x4c may corrupt adjacent RW1C bits
[    2.163919] pci 0000:00:02.0: [10de:0e13] type 01 class 0x060400
[    2.163968] pci_bus 0000:00: 2-byte config write to 0000:00:02.0 offset 0x88 may corrupt adjacent RW1C bits
[    2.164009] pci_bus 0000:00: 2-byte config write to 0000:00:02.0 offset 0x52 may corrupt adjacent RW1C bits
[    2.164059] pci 0000:00:02.0: PME# supported from D0 D1 D2 D3hot D3cold
[    2.164069] pci_bus 0000:00: 2-byte config write to 0000:00:02.0 offset 0x4c may corrupt adjacent RW1C bits
[    2.164346] pci_bus 0000:00: 2-byte config write to 0000:00:01.0 offset 0x3e may corrupt adjacent RW1C bits
[    2.164359] pci_bus 0000:00: 2-byte config write to 0000:00:02.0 offset 0x3e may corrupt adjacent RW1C bits
[    2.164370] pci_bus 0000:00: 2-byte config write to 0000:00:01.0 offset 0x4 may corrupt adjacent RW1C bits
[    2.164380] pci_bus 0000:00: 1-byte config write to 0000:00:01.0 offset 0xc may corrupt adjacent RW1C bits
[    2.164393] PCI: bus0: Fast back to back transfers disabled
[    2.164403] pci 0000:00:01.0: bridge configuration invalid ([bus 00-00]), reconfiguring
[    2.164422] pci 0000:00:02.0: bridge configuration invalid ([bus 00-00]), reconfiguring
[    2.164647] pci 0000:01:00.0: [8086:4232] type 00 class 0x028000
[    2.164703] pci 0000:01:00.0: reg 0x10: [mem 0x00000000-0x00001fff 64bit]
[    2.165014] pci 0000:01:00.0: PME# supported from D0 D3hot D3cold
[    2.194919] PCI: bus1: Fast back to back transfers disabled
[    2.194934] pci_bus 0000:01: busn_res: [bus 01-ff] end is updated to 01
[    2.195213] pci 0000:02:00.0: [10ec:8168] type 00 class 0x020000
[    2.195250] pci 0000:02:00.0: reg 0x10: [io  0x0000-0x00ff]
[    2.195292] pci 0000:02:00.0: reg 0x18: [mem 0x00000000-0x00000fff 64bit]
[    2.195320] pci 0000:02:00.0: reg 0x20: [mem 0x00000000-0x00003fff 64bit pref]
[    2.195503] pci 0000:02:00.0: supports D1 D2
[    2.195510] pci 0000:02:00.0: PME# supported from D0 D1 D2 D3hot D3cold
[    2.224962] PCI: bus2: Fast back to back transfers disabled
[    2.224980] pci_bus 0000:02: busn_res: [bus 02-ff] end is updated to 02
[    2.225174] pci 0000:00:01.0: BAR 8: assigned [mem 0x13000000-0x130fffff]
[    2.225189] pci 0000:00:02.0: BAR 8: assigned [mem 0x13100000-0x131fffff]
[    2.225203] pci 0000:00:02.0: BAR 9: assigned [mem 0x20000000-0x200fffff 64bit pref]
[    2.225217] pci 0000:00:02.0: BAR 7: assigned [io  0x1000-0x1fff]
[    2.225238] pci 0000:01:00.0: BAR 0: assigned [mem 0x13000000-0x13001fff 64bit]
[    2.225277] pci 0000:00:01.0: PCI bridge to [bus 01]
[    2.225292] pci 0000:00:01.0:   bridge window [mem 0x13000000-0x130fffff]
[    2.225314] pci 0000:02:00.0: BAR 4: assigned [mem 0x20000000-0x20003fff 64bit pref]
[    2.225344] pci 0000:02:00.0: BAR 2: assigned [mem 0x13100000-0x13100fff 64bit]
[    2.225372] pci 0000:02:00.0: BAR 0: assigned [io  0x1000-0x10ff]
[    2.225385] pci 0000:00:02.0: PCI bridge to [bus 02]
[    2.225394] pci 0000:00:02.0:   bridge window [io  0x1000-0x1fff]
[    2.225406] pci 0000:00:02.0:   bridge window [mem 0x13100000-0x131fffff]
[    2.225416] pci 0000:00:02.0:   bridge window [mem 0x20000000-0x200fffff 64bit pref]
[    2.225463] pci 0000:00:01.0: nv_msi_ht_cap_quirk didn't locate host bridge
[    2.225577] pcieport 0000:00:01.0: enabling device (0140 -> 0142)
[    2.225877] pcieport 0000:00:01.0: Signaling PME with IRQ 393
[    2.226001] pci 0000:00:02.0: nv_msi_ht_cap_quirk didn't locate host bridge
[    2.226079] pcieport 0000:00:02.0: enabling device (0140 -> 0143)
[    2.226343] pcieport 0000:00:02.0: Signaling PME with IRQ 394
[    2.226665] r8169 Gigabit Ethernet driver 2.3LK-NAPI loaded
[    2.226691] r8169 0000:02:00.0: enabling device (0140 -> 0143)
[    2.256624] r8169 0000:02:00.0 eth0: RTL8168g/8111g at 0xf0b41000, 00:04:4b:3a:d9:81, XID 0c000800 IRQ 395
[    2.256633] r8169 0000:02:00.0 eth0: jumbo features [frames: 9200 bytes, tx checksumming: ko]
[    2.262525] +1.05V_RUN_AVDD_HDMI_PLL: supplied by +1.05V_RUN
[    2.264467] [drm] Supports vblank timestamp caching Rev 2 (21.10.2013).
[    2.264471] [drm] No driver support for vblank timestamp query.
[    2.264514] [drm] Cannot find any crtc or sizes - going 1024x768
[    2.335579] ata1: SATA link down (SStatus 0 SControl 300)
[    2.369347] mmc1: new high speed SDHC card at address aaaa
[    2.370409] mmcblk1: mmc1:aaaa SD04G 3.69 GiB 
[    2.382395]  mmcblk1: p1 p2 p3
[    2.693080] mmcblk0: mmc0:0001 SEM16G 14.7 GiB 
[    2.693744] mmcblk0boot0: mmc0:0001 SEM16G partition 1 4.00 MiB
[    2.694572] mmcblk0boot1: mmc0:0001 SEM16G partition 2 4.00 MiB
[    2.695558] mmcblk0rpmb: mmc0:0001 SEM16G partition 3 4.00 MiB
[    2.698118]  mmcblk0: p1
[    2.731403] Console: switching to colour frame buffer device 128x48
[    2.783614] drm drm: fb0:  frame buffer device
[    2.788202] [drm] Initialized tegra 0.0.0 20120330 for drm on minor 0
[    2.796296] of: dev_pm_opp_of_cpumask_add_table: couldn't find opp table for cpu:0, -19
[    2.804342] cpufreq: cpufreq_online: CPU0: Running at unlisted freq: 696000 KHz
[    2.811704] cpufreq: cpufreq_online: CPU0: Unlisted initial frequency changed to: 714000 KHz
[    2.820866] input: gpio-keys as /devices/soc0/gpio-keys/input/input0
[    2.828053] as3722-rtc as3722-rtc: setting system clock to 2000-01-01 00:02:32 UTC (946684952)
[    2.837187] +USB0_VBUS_SW: disabling
[    2.840763] +1.8V_RUN_CAM: disabling
[    2.844544] +2.8V_RUN_CAM: disabling
[    2.848363] +1.2V_RUN_CAM_FRONT: disabling
[    2.852576] +1.05V_RUN_CAM_REAR: disabling
[    2.856832] +3.3V_RUN_TOUCH: disabling
[    2.860689] +2.8V_RUN_CAM_AF: disabling
[    2.864616] +1.8V_RUN_VPP_FUSE: disabling
[    2.869695] EXT4-fs (mmcblk0p1): mounting ext3 file system using the ext4 subsystem
[    2.913264] EXT4-fs (mmcblk0p1): recovery complete
[    2.919086] EXT4-fs (mmcblk0p1): mounted filesystem with ordered data mode. Opts: (null)
[    2.927218] VFS: Mounted root (ext3 filesystem) on device 179:17.
[    2.936445] devtmpfs: mounted
[    2.940136] Freeing unused kernel memory: 2048K
bash: cannot set terminal process group (-1): Inappropriate ioctl for device
bash: no job control in this shell
root@(none):/# 