
U-Boot SPL 2014.01-00219-gc4d376f (Feb 18 2014 - 19:57:18)


U-Boot 2014.01-00219-gc4d376f (Feb 18 2014 - 19:57:18)

TEGRA30
Board: NVIDIA Beaver
I2C:   ready
DRAM:  2 GiB
MMC:   Tegra SD/MMC: 0, Tegra SD/MMC: 1
In:    serial
Out:   serial
Err:   serial
Net:   Net Initialization Skipped
No ethernet found.
Hit any key to stop autoboot:  2  0 
Tegra30 (Beaver) # 
Tegra30 (Beaver) # usb reset
(Re)start USB...
USB0:   USB EHCI 1.00
scanning bus 0 for devices... 2 USB Device(s) found
       scanning usb for storage devices... 0 Storage Device(s) found
       scanning usb for ethernet devices... 
Warning: asx0 using MAC address from net device
1 Ethernet Device(s) found
Tegra30 (Beaver) # setenv bootargs 'ignore_loglevel console=ttyS0,115200n8 rw root=/dev/mmcblk0p1 rootwait gpt debug init=/bin/bash noinitrd'
Tegra30 (Beaver) # setenv ipaddr 192.168.100.101; setenv serverip 192.168.100.1; setenv tftpserverip 192.168.100.1
Tegra30 (Beaver) # tftpboot 0x81000000 zImage.multi_v7_defconfig
Using asx0 device
TFTP from server 192.168.100.1; our IP address is 192.168.100.101
Filename 'zImage.multi_v7_defconfig'.
Load address: 0x81000000
Loading: *#################################################################
	 #################################################################
	 #################################################################
	 #################################################################
	 #################################################################
	 #################################################################
	 ########################
	 3.4 MiB/s
done
Bytes transferred = 6076920 (5cb9f8 hex)
Tegra30 (Beaver) # tftpboot 0x82000000 tegra30-beaver.dtb
Using asx0 device
TFTP from server 192.168.100.1; our IP address is 192.168.100.101
Filename 'tegra30-beaver.dtb'.
Load address: 0x82000000
Loading: *##
	 3.4 MiB/s
done
Bytes transferred = 24641 (6041 hex)
Tegra30 (Beaver) # bootz 0x81000000 - 0x82000000
Kernel image @ 0x81000000 [ 0x000000 - 0x5cb9f8 ]
## Flattened Device Tree blob at 82000000
   Booting using the fdt blob at 0x82000000
   Loading Device Tree to 8fff6000, end 8ffff040 ... OK

Starting kernel ...

[    0.000000] Booting Linux on physical CPU 0x0
[    0.000000] Linux version 4.0.0-rc1-00020-g4a3a6f8 (pwalmsley@sellafield) (gcc version 4.7.3 20130328 (prerelease) (crosstool-NG linaro-1.13.1-4.7-2013.04-20130415 - Linaro GCC 2013.04) ) #1 SMP Wed Mar 25 10:55:48 PDT 2015
[    0.000000] CPU: ARMv7 Processor [412fc099] revision 9 (ARMv7), cr=10c5387d
[    0.000000] CPU: PIPT / VIPT nonaliasing data cache, VIPT aliasing instruction cache
[    0.000000] Machine model: NVIDIA Tegra30 Beaver evaluation board
[    0.000000] debug: ignoring loglevel setting.
[    0.000000] cma: Reserved 64 MiB at 0xfb800000
[    0.000000] Memory policy: Data cache writealloc
[    0.000000] On node 0 totalpages: 524032
[    0.000000] free_area_init_node: node 0, pgdat c0ec7f00, node_mem_map ee7f8000
[    0.000000]   DMA zone: 1520 pages used for memmap
[    0.000000]   DMA zone: 0 pages reserved
[    0.000000]   DMA zone: 194560 pages, LIFO batch:31
[    0.000000]   HighMem zone: 329472 pages, LIFO batch:31
[    0.000000] PERCPU: Embedded 11 pages/cpu @ee7b1000 s12480 r8192 d24384 u45056
[    0.000000] pcpu-alloc: s12480 r8192 d24384 u45056 alloc=11*4096
[    0.000000] pcpu-alloc: [0] 0 [0] 1 [0] 2 [0] 3 
[    0.000000] Built 1 zonelists in Zone order, mobility grouping on.  Total pages: 522512
[    0.000000] Kernel command line: ignore_loglevel console=ttyS0,115200n8 rw root=/dev/mmcblk0p1 rootwait gpt debug init=/bin/bash noinitrd
[    0.000000] PID hash table entries: 4096 (order: 2, 16384 bytes)
[    0.000000] Dentry cache hash table entries: 131072 (order: 7, 524288 bytes)
[    0.000000] Inode-cache hash table entries: 65536 (order: 6, 262144 bytes)
[    0.000000] Memory: 1999696K/2096128K available (7826K kernel code, 1015K rwdata, 3412K rodata, 804K init, 314K bss, 30896K reserved, 65536K cma-reserved, 1252352K highmem)
[    0.000000] Virtual kernel memory layout:
[    0.000000]     vector  : 0xffff0000 - 0xffff1000   (   4 kB)
[    0.000000]     fixmap  : 0xffc00000 - 0xfff00000   (3072 kB)
[    0.000000]     vmalloc : 0xf0000000 - 0xff000000   ( 240 MB)
[    0.000000]     lowmem  : 0xc0000000 - 0xef800000   ( 760 MB)
[    0.000000]     pkmap   : 0xbfe00000 - 0xc0000000   (   2 MB)
[    0.000000]     modules : 0xbf000000 - 0xbfe00000   (  14 MB)
[    0.000000]       .text : 0xc0208000 - 0xc0d02a78   (11243 kB)
[    0.000000]       .init : 0xc0d03000 - 0xc0dcc000   ( 804 kB)
[    0.000000]       .data : 0xc0dcc000 - 0xc0ec9e60   (1016 kB)
[    0.000000]        .bss : 0xc0ec9e60 - 0xc0f18968   ( 315 kB)
[    0.000000] SLUB: HWalign=64, Order=0-3, MinObjects=0, CPUs=4, Nodes=1
[    0.000000] Hierarchical RCU implementation.
[    0.000000] 	Additional per-CPU info printed with stalls.
[    0.000000] 	RCU restricting CPUs from NR_CPUS=8 to nr_cpu_ids=4.
[    0.000000] RCU: Adjusting geometry for rcu_fanout_leaf=16, nr_cpu_ids=4
[    0.000000] NR_IRQS:16 nr_irqs:16 16
[    0.000000] L2C: platform modifies aux control register: 0x02080000 -> 0x3e480001
[    0.000000] L2C: DT/platform modifies aux control register: 0x02080000 -> 0x3e480001
[    0.000000] L2C-310 erratum 769419 enabled
[    0.000000] L2C-310 enabling early BRESP for Cortex-A9
[    0.000000] L2C-310: enabling full line of zeros but not enabled in Cortex-A9
[    0.000000] L2C-310 ID prefetch enabled, offset 1 lines
[    0.000000] L2C-310 dynamic clock gating enabled, standby mode enabled
[    0.000000] L2C-310 cache controller enabled, 8 ways, 1024 kB
[    0.000000] L2C-310: CACHE_ID 0x410000c7, AUX_CTRL 0x7e480001
[    0.000014] sched_clock: 32 bits at 1000kHz, resolution 1000ns, wraps every 2147483648000ns
[    0.000032] Switching to timer-based delay loop, resolution 1000ns
[    0.001162] Console: colour dummy device 80x30
[    0.001183] Calibrating delay loop (skipped), value calculated using timer frequency.. 2.00 BogoMIPS (lpj=5000)
[    0.001191] pid_max: default: 32768 minimum: 301
[    0.001279] Mount-cache hash table entries: 2048 (order: 1, 8192 bytes)
[    0.001286] Mountpoint-cache hash table entries: 2048 (order: 1, 8192 bytes)
[    0.001697] CPU: Testing write buffer coherency: ok
[    0.001902] CPU0: thread -1, cpu 0, socket 0, mpidr 80000000
[    0.001969] Setting up static identity map for 0x80966868 - 0x80966900
[    0.003067] Tegra Revision: A03 SKU: 128 CPU Process: 4 Core Process: 0
[    0.004242] CPU1: thread -1, cpu 1, socket 0, mpidr 80000001
[    0.005111] CPU2: thread -1, cpu 2, socket 0, mpidr 80000002
[    0.005982] CPU3: thread -1, cpu 3, socket 0, mpidr 80000003
[    0.006022] Brought up 4 CPUs
[    0.006034] SMP: Total of 4 processors activated (8.00 BogoMIPS).
[    0.006038] CPU: All CPU(s) started in SVC mode.
[    0.006461] devtmpfs: initialized
[    0.006985] VFP support v0.3: implementor 41 architecture 3 part 30 variant 9 rev 4
[    0.010602] pinctrl core: initialized pinctrl subsystem
[    0.014654] NET: Registered protocol family 16
[    0.017612] DMA: preallocated 256 KiB pool for atomic coherent allocations
[    0.029982] cpuidle: using governor ladder
[    0.044964] cpuidle: using governor menu
[    0.052608] No ATAGs?
[    0.052637] hw-breakpoint: found 5 (+1 reserved) breakpoint and 1 watchpoint registers.
[    0.052643] hw-breakpoint: maximum watchpoint size is 4 bytes.
[    0.054375] Serial: AMBA PL011 UART driver
[    0.077187] platform regulators:regulator@1: Driver reg-fixed-voltage requests probe deferral
[    0.077227] platform regulators:regulator@2: Driver reg-fixed-voltage requests probe deferral
[    0.077327] vdd_5v_sata: Failed to request enable GPIO30: -517
[    0.077385] reg-fixed-voltage regulators:regulator@3: Failed to register regulator: -517
[    0.077395] platform regulators:regulator@3: Driver reg-fixed-voltage requests probe deferral
[    0.077487] usb1_vbus: Failed to request enable GPIO238: -517
[    0.077535] reg-fixed-voltage regulators:regulator@4: Failed to register regulator: -517
[    0.077545] platform regulators:regulator@4: Driver reg-fixed-voltage requests probe deferral
[    0.077636] usb3_vbus: Failed to request enable GPIO236: -517
[    0.077684] reg-fixed-voltage regulators:regulator@5: Failed to register regulator: -517
[    0.077694] platform regulators:regulator@5: Driver reg-fixed-voltage requests probe deferral
[    0.077734] platform regulators:regulator@6: Driver reg-fixed-voltage requests probe deferral
[    0.077824] sys_3v3_pexs: Failed to request enable GPIO95: -517
[    0.077872] reg-fixed-voltage regulators:regulator@7: Failed to register regulator: -517
[    0.077882] platform regulators:regulator@7: Driver reg-fixed-voltage requests probe deferral
[    0.077983] reg-fixed-voltage regulators:regulator@8: Failed to find supply vin
[    0.078032] reg-fixed-voltage regulators:regulator@8: Failed to register regulator: -517
[    0.078042] platform regulators:regulator@8: Driver reg-fixed-voltage requests probe deferral
[    0.079643] vgaarb: loaded
[    0.080089] SCSI subsystem initialized
[    0.080252] libata version 3.00 loaded.
[    0.080458] usbcore: registered new interface driver usbfs
[    0.080503] usbcore: registered new interface driver hub
[    0.080542] usbcore: registered new device driver usb
[    0.087953] vrtc: supplied by vdd_5v_in
[    0.094963] vdd_1v8_gen: supplied by vdd_5v_in
[    0.099959] vddio_ddr_1v2: supplied by vdd_5v_in
[    0.104961] vdd_1v5_gen: supplied by vdd_5v_in
[    0.112263] vdd_pexa,vdd_pexb: supplied by vdd_1v5_gen
[    0.114949] vdd_sata,avdd_plle: supplied by vdd_1v5_gen
[    0.117283] ldo3: supplied by vdd_5v_in
[    0.119960] vdd_rtc: supplied by vdd_5v_in
[    0.124961] vddio_sdmmc,avdd_vdac: supplied by vdd_5v_in
[    0.127623] avdd_dsi_csi,pwrdet_mipi: supplied by vdd_1v8_gen
[    0.134956] vdd_pllm,x,u,a_p_c_s: supplied by vdd_1v8_gen
[    0.139958] vdd_ddr_hs: supplied by vdd_1v8_gen
[    0.141754] media: Linux media interface: v0.10
[    0.141791] Linux video capture interface: v2.00
[    0.141824] pps_core: LinuxPPS API ver. 1 registered
[    0.141829] pps_core: Software ver. 5.3.6 - Copyright 2005-2007 Rodolfo Giometti <giometti@linux.it>
[    0.141845] PTP clock support registered
[    0.142016] EDAC MC: Ver: 3.0.0
[    0.142676] Advanced Linux Sound Architecture Driver Initialized.
[    0.143424] Switched to clocksource timer_us
[    0.149723] NET: Registered protocol family 2
[    0.150173] TCP established hash table entries: 8192 (order: 3, 32768 bytes)
[    0.150221] TCP bind hash table entries: 8192 (order: 4, 65536 bytes)
[    0.150302] TCP: Hash tables configured (established 8192 bind 8192)
[    0.150374] TCP: reno registered
[    0.150385] UDP hash table entries: 512 (order: 2, 16384 bytes)
[    0.150438] UDP-Lite hash table entries: 512 (order: 2, 16384 bytes)
[    0.150600] NET: Registered protocol family 1
[    0.150883] RPC: Registered named UNIX socket transport module.
[    0.150889] RPC: Registered udp transport module.
[    0.150893] RPC: Registered tcp transport module.
[    0.150896] RPC: Registered tcp NFSv4.1 backchannel transport module.
[    0.150911] PCI: CLS 0 bytes, default 64
[    0.151600] hw perfevents: enabled with armv7_cortex_a9 PMU driver, 7 counters available
[    0.152525] futex hash table entries: 1024 (order: 4, 65536 bytes)
[    0.158860] squashfs: version 4.0 (2009/01/31) Phillip Lougher
[    0.159382] NFS: Registering the id_resolver key type
[    0.159417] Key type id_resolver registered
[    0.159422] Key type id_legacy registered
[    0.159462] ntfs: driver 2.1.31 [Flags: R/O].
[    0.160139] bounce: pool size: 64 pages
[    0.160261] Block layer SCSI generic (bsg) driver version 0.4 loaded (major 248)
[    0.160273] io scheduler noop registered
[    0.160280] io scheduler deadline registered
[    0.160371] io scheduler cfq registered (default)
[    0.166450] tegra-pcie 3000.pcie-controller: 2x3 configuration
[    0.166553] tegra-pcie 3000.pcie-controller: Failed to get supply 'hvdd-pex': -517
[    0.166612] platform 3000.pcie-controller: Driver tegra-pcie requests probe deferral
[    0.169939] tegra-apbdma 6000a000.dma: Tegra20 APB DMA driver register 32 channels
[    0.170394] tegra-pmc 7000e400.pmc: i2c-thermtrip node not found, emergency thermal reset disabled.
[    0.203548] Serial: 8250/16550 driver, 4 ports, IRQ sharing disabled
[    0.204971] SuperH (H)SCI(F) driver initialized
[    0.205453] msm_serial: driver initialized
[    0.206049] console [ttyS0] disabled
[    0.206085] 70006000.serial: ttyS0 at MMIO 0x70006000 (irq = 331, base_baud = 25500000) is a Tegra
[    1.131148] console [ttyS0] enabled
[    1.135124] STMicroelectronics ASC driver initialized
[    1.141570] [drm] Initialized drm 1.1.0 20060810
[    1.147178] tegra-hdmi 54280000.hdmi: failed to get HDMI regulator
[    1.153368] platform 54280000.hdmi: Driver tegra-hdmi requests probe deferral
[    1.164883] loop: module loaded
[    1.172051] m25p80 spi32766.1: w25q32 (4096 Kbytes)
[    1.178665] CAN device driver interface
[    1.183129] igb: Intel(R) Gigabit Ethernet Network Driver - version 5.2.15-k
[    1.190169] igb: Copyright (c) 2007-2014 Intel Corporation.
[    1.196931] pegasus: v0.9.3 (2013/04/25), Pegasus/Pegasus II USB Ethernet driver
[    1.204370] usbcore: registered new interface driver pegasus
[    1.210068] usbcore: registered new interface driver asix
[    1.215489] usbcore: registered new interface driver ax88179_178a
[    1.221599] usbcore: registered new interface driver cdc_ether
[    1.227458] usbcore: registered new interface driver smsc75xx
[    1.233231] usbcore: registered new interface driver smsc95xx
[    1.239001] usbcore: registered new interface driver net1080
[    1.244679] usbcore: registered new interface driver cdc_subset
[    1.250624] usbcore: registered new interface driver zaurus
[    1.256258] usbcore: registered new interface driver cdc_ncm
[    1.262535] ehci_hcd: USB 2.0 'Enhanced' Host Controller (EHCI) Driver
[    1.269058] ehci-pci: EHCI PCI platform driver
[    1.273534] ehci-platform: EHCI generic platform driver
[    1.278875] ehci-omap: OMAP-EHCI Host Controller driver
[    1.284166] ehci-orion: EHCI orion driver
[    1.288234] SPEAr-ehci: EHCI SPEAr driver
[    1.292314] ehci-st: EHCI STMicroelectronics driver
[    1.297261] ehci-exynos: EHCI EXYNOS driver
[    1.301527] tegra-ehci: Tegra EHCI driver
[    1.305702] platform 7d004000.usb: Driver tegra-ehci requests probe deferral
[    1.312796] platform 7d008000.usb: Driver tegra-ehci requests probe deferral
[    1.319872] ohci_hcd: USB 1.1 'Open' Host Controller (OHCI) Driver
[    1.326057] ohci-pci: OHCI PCI platform driver
[    1.330528] ohci-platform: OHCI generic platform driver
[    1.335845] ohci-omap3: OHCI OMAP3 driver
[    1.339924] SPEAr-ohci: OHCI SPEAr driver
[    1.344004] ohci-st: OHCI STMicroelectronics driver
[    1.349000] usbcore: registered new interface driver usb-storage
[    1.355160] platform 7d004000.usb-phy: Driver tegra-phy requests probe deferral
[    1.362516] platform 7d008000.usb-phy: Driver tegra-phy requests probe deferral
[    1.370807] mousedev: PS/2 mouse device common for all mice
[    1.378268] tegra_rtc 7000e000.rtc: rtc core: registered 7000e000.rtc as rtc1
[    1.385433] tegra_rtc 7000e000.rtc: Tegra internal Real Time Clock
[    1.404192] tps65910-rtc tps65910-rtc: rtc core: registered tps65910-rtc as rtc0
[    1.411710] i2c /dev entries driver
[    1.416788] usbcore: registered new interface driver uvcvideo
[    1.422533] USB Video Class driver (1.1.1)
[    1.426627] gspca_main: v2.14.0 registered
[    1.433024] Driver 'mmcblk' needs updating - please use bus_type methods
[    1.439766] sdhci: Secure Digital Host Controller Interface driver
[    1.445937] sdhci: Copyright(c) Pierre Ossman
[    1.450990] Synopsys Designware Multimedia Card Interface Driver
[    1.457580] sdhci-pltfm: SDHCI platform and OF driver helper
[    1.463674] sdhci-tegra 78000000.sdhci: Got CD GPIO
[    1.468561] sdhci-tegra 78000000.sdhci: Got WP GPIO
[    1.474566] sdhci-tegra 78000000.sdhci: No vmmc regulator found
[    1.480483] sdhci-tegra 78000000.sdhci: No vqmmc regulator found
[    1.486481] mmc0: Invalid maximum block size, assuming 512 bytes
[    1.528517] mmc0: SDHCI controller on 78000000.sdhci [78000000.sdhci] using ADMA
[    1.537061] sdhci-tegra 78000600.sdhci: No vmmc regulator found
[    1.542979] sdhci-tegra 78000600.sdhci: No vqmmc regulator found
[    1.548977] mmc1: Invalid maximum block size, assuming 512 bytes
[    1.588430] mmc1: SDHCI controller on 78000600.sdhci [78000600.sdhci] using ADMA
[    1.600550] ledtrig-cpu: registered to indicate activity on CPUs
[    1.606702] usbcore: registered new interface driver usbhid
[    1.612276] usbhid: USB HID core driver
[    1.618074] usbcore: registered new interface driver snd-usb-audio
[    1.698627] mmc1: new high speed MMC card at address 0001
[    1.704274] mmcblk0: mmc1:0001 SEM16G 14.8 GiB 
[    1.708888] mmcblk0boot0: mmc1:0001 SEM16G partition 1 1.00 MiB
[    1.714877] mmcblk0boot1: mmc1:0001 SEM16G partition 2 1.00 MiB
[    1.720865] mmcblk0rpmb: mmc1:0001 SEM16G partition 3 128 KiB
[    1.729320] Primary GPT is invalid, using alternate GPT.
[    1.734648]  mmcblk0: p1 p2 p3 p4 p5
[    2.039782] tegra30-i2s 70080400.i2s: DMA channels sourced from device 70080000.ahub
[    2.055382] tegra-snd-rt5640 sound: rt5640-aif1 <-> 70080400.i2s mapping ok
[    2.064377] input: NVIDIA Tegra Beaver Headphones as /devices/soc0/sound/sound/card0/input0
[    2.073724] TCP: cubic registered
[    2.077036] NET: Registered protocol family 17
[    2.081497] can: controller area network core (rev 20120528 abi 9)
[    2.087734] NET: Registered protocol family 29
[    2.092180] can: raw protocol (rev 20120528)
[    2.096449] can: broadcast manager protocol (rev 20120528 t)
[    2.102107] can: netlink gateway (rev 20130117) max_hops=1
[    2.107868] Key type dns_resolver registered
[    2.112516] ThumbEE CPU extension supported.
[    2.116800] Registering SWP/SWPB emulation handler
[    2.129898] vdd_ddr: supplied by vdd_5v_in
[    2.134251] vdd_5v_sata: supplied by vdd_5v_in
[    2.138927] usb1_vbus: supplied by vdd_5v_in
[    2.143432] usb3_vbus: supplied by vdd_5v_in
[    2.151634] sys_3v3,vdd_3v3_alw: supplied by vdd_5v_in
[    2.156981] sys_3v3_pexs: supplied by sys_3v3,vdd_3v3_alw
[    2.162590] +VDD_5V_HDMI: supplied by sys_3v3,vdd_3v3_alw
[    2.168395] tegra-pcie 3000.pcie-controller: 2x3 configuration
[    2.177077] tegra-pcie 3000.pcie-controller: probing port 0, using 2 lanes
[    2.242239] tegra-pcie 3000.pcie-controller: probing port 2, using 2 lanes
[    2.652972] tegra-pcie 3000.pcie-controller: link 2 down, retrying
[    3.063002] tegra-pcie 3000.pcie-controller: link 2 down, retrying
[    3.473034] tegra-pcie 3000.pcie-controller: link 2 down, retrying
[    3.481229] tegra-pcie 3000.pcie-controller: link 2 down, ignoring
[    3.487524] tegra-pcie 3000.pcie-controller: PCI host bridge to bus 0000:00
[    3.494492] pci_bus 0000:00: root bus resource [mem 0x20000000-0x27ffffff]
[    3.501362] pci_bus 0000:00: root bus resource [mem 0x28000000-0x3fffffff pref]
[    3.508670] pci_bus 0000:00: root bus resource [bus 00-ff]
[    3.514155] pci_bus 0000:00: root bus resource [io  0x1000-0xffff]
[    3.520348] pci 0000:00:01.0: [10de:0e1c] type 01 class 0x060400
[    3.526399] pci 0000:00:01.0: PME# supported from D0 D1 D2 D3hot D3cold
[    3.533148] PCI: bus0: Fast back to back transfers disabled
[    3.538721] pci 0000:00:01.0: bridge configuration invalid ([bus 00-00]), reconfiguring
[    3.546815] pci 0000:01:00.0: [10ec:8168] type 00 class 0x020000
[    3.552832] pci 0000:01:00.0: reg 0x10: [io  0x0000-0x00ff]
[    3.558419] pci 0000:01:00.0: reg 0x18: [mem 0x00000000-0x00000fff 64bit pref]
[    3.565640] pci 0000:01:00.0: reg 0x20: [mem 0x00000000-0x00003fff 64bit pref]
[    3.572919] pci 0000:01:00.0: supports D1 D2
[    3.577185] pci 0000:01:00.0: PME# supported from D0 D1 D2 D3hot D3cold
[    3.593451] PCI: bus1: Fast back to back transfers disabled
[    3.599023] pci_bus 0000:01: busn_res: [bus 01-ff] end is updated to 01
[    3.605685] pci 0000:00:01.0: BAR 9: assigned [mem 0x28000000-0x280fffff 64bit pref]
[    3.613423] pci 0000:00:01.0: BAR 7: assigned [io  0x1000-0x1fff]
[    3.619512] pci 0000:01:00.0: BAR 4: assigned [mem 0x28000000-0x28003fff 64bit pref]
[    3.627254] pci 0000:01:00.0: BAR 2: assigned [mem 0x28004000-0x28004fff 64bit pref]
[    3.634995] pci 0000:01:00.0: BAR 0: assigned [io  0x1000-0x10ff]
[    3.641083] pci 0000:00:01.0: PCI bridge to [bus 01]
[    3.646042] pci 0000:00:01.0:   bridge window [io  0x1000-0x1fff]
[    3.652128] pci 0000:00:01.0:   bridge window [mem 0x28000000-0x280fffff 64bit pref]
[    3.659873] pci 0000:00:01.0: nv_msi_ht_cap_quirk didn't locate host bridge
[    3.666883] pcieport 0000:00:01.0: enabling device (0140 -> 0143)
[    3.673104] pcieport 0000:00:01.0: Signaling PME through PCIe PME interrupt
[    3.680062] pci 0000:01:00.0: Signaling PME through PCIe PME interrupt
[    3.686582] pcie_pme 0000:00:01.0:pcie01: service driver pcie_pme loaded
[    3.693445] r8169 Gigabit Ethernet driver 2.3LK-NAPI loaded
[    3.699028] r8169 0000:01:00.0: enabling device (0140 -> 0143)
[    3.705535] r8169 0000:01:00.0 eth0: RTL8168evl/8111evl at 0xf00e8000, 02:04:4b:01:60:a6, XID 0c900800 IRQ 375
[    3.715532] r8169 0000:01:00.0 eth0: jumbo features [frames: 9200 bytes, tx checksumming: ko]
[    3.726607] [drm] Supports vblank timestamp caching Rev 2 (21.10.2013).
[    3.733246] [drm] No driver support for vblank timestamp query.
[    3.739181] drm drm: No connectors reported connected with modes
[    3.745188] [drm] Cannot find any crtc or sizes - going 1024x768
[    3.771020] Console: switching to colour frame buffer device 128x48
[    3.783552] drm drm: fb0:  frame buffer device
[    3.787985] drm drm: registered panic notifier
[    3.803438] [drm] Initialized tegra 0.0.0 20120330 on minor 0
[    3.809977] platform 7d004000.usb: Driver tegra-ehci requests probe deferral
[    3.817759] platform 7d008000.usb: Driver tegra-ehci requests probe deferral
[    3.828648] utmi_phy_clk_enable: timeout waiting for phy to stabilize
[    3.835104] tegra-ehci 7d004000.usb: EHCI Host Controller
[    3.840512] tegra-ehci 7d004000.usb: new USB bus registered, assigned bus number 1
[    3.849183] tegra-ehci 7d004000.usb: irq 343, io mem 0x7d004000
[    3.863437] tegra-ehci 7d004000.usb: USB 2.0 started, EHCI 1.00
[    3.869846] hub 1-0:1.0: USB hub found
[    3.873634] hub 1-0:1.0: 1 port detected
[    3.878299] tegra-ehci 7d008000.usb: EHCI Host Controller
[    3.883724] tegra-ehci 7d008000.usb: new USB bus registered, assigned bus number 2
[    3.891509] tegra-ehci 7d008000.usb: irq 344, io mem 0x7d008000
[    3.903436] tegra-ehci 7d008000.usb: USB 2.0 started, EHCI 1.00
[    3.909760] hub 2-0:1.0: USB hub found
[    3.913539] hub 2-0:1.0: 1 port detected
[    3.922515] tps65910-rtc tps65910-rtc: setting system clock to 2000-01-01 00:00:02 UTC (946684802)
[    3.935889] usb1_vbus: disabling
[    3.939166] vdd_sata,avdd_plle: disabling
[    3.943712] ALSA device list:
[    3.946673]   #0: NVIDIA Tegra Beaver
[    3.952087] EXT4-fs (mmcblk0p1): mounting ext3 file system using the ext4 subsystem
[    3.966671] EXT4-fs (mmcblk0p1): warning: mounting fs with errors, running e2fsck is recommended
[    3.976907] EXT4-fs (mmcblk0p1): recovery complete
[    3.981714] EXT4-fs (mmcblk0p1): mounted filesystem with ordered data mode. Opts: (null)
[    3.989825] VFS: Mounted root (ext3 filesystem) on device 179:1.
[    4.005299] devtmpfs: mounted
[    4.009102] Freeing unused kernel memory: 804K (c0d03000 - c0dcc000)
bash: cannot set terminal process group (-1): Inappropriate ioctl for device
bash: no job control in this shell
root@(none):/# [    4.223486] usb 2-1: new high-speed USB device number 2 using tegra-ehci
