
U-Boot SPL 2015.04-rc3-00209-ga74ef40 (Mar 16 2015 - 14:43:39)


U-Boot 2015.04-rc3-00209-ga74ef40 (Mar 16 2015 - 14:43:39)

TEGRA20
Model: Compulab TrimSlice board
DRAM:  1 GiB
MMC:   Tegra SD/MMC: 0, Tegra SD/MMC: 1
SF: Detected W25Q80BL with page size 256 Bytes, erase size 4 KiB, total 1 MiB
tegra-pcie: PCI regions:
tegra-pcie:   I/O: 0x82000000-0x82010000
tegra-pcie:   non-prefetchable memory: 0xa0000000-0xa8000000
tegra-pcie:   prefetchable memory: 0xa8000000-0xc0000000
tegra-pcie: dual-mode configuration
tegra-pcie: probing port 0, using 2 lanes
In:    serial
Out:   serial
Err:   serial
Net:   RTL8169#0
Hit any key to stop autoboot:  2  0 
Tegra20 (TrimSlice) # 
Tegra20 (TrimSlice) # usb reset
resetting USB...
USB0:   USB EHCI 1.00
scanning bus 0 for devices... 3 USB Device(s) found
USB1:   USB EHCI 1.00
scanning bus 1 for devices... 1 USB Device(s) found
USB2:   lowlevel init failed
       scanning usb for storage devices... 0 Storage Device(s) found
       scanning usb for ethernet devices... 
Warning: asx0 using MAC address from net device
1 Ethernet Device(s) found
Tegra20 (TrimSlice) # setenv bootargs 'ignore_loglevel console=ttyS0,115200n8 rw root=PARTUUID=11eb23c1-01 rootwait gpt debug noinitrd earlyprintk init=/bin/bash'
Tegra20 (TrimSlice) # setenv ipaddr 192.168.100.103; setenv serverip 192.168.100.1; setenv tftpserverip 192.168.100.1
Tegra20 (TrimSlice) # tftpboot 0x00408000 zImage.tegra_defconfig
Using RTL8169#0 device
TFTP from server 192.168.100.1; our IP address is 192.168.100.103
Filename 'zImage.tegra_defconfig'.
Load address: 0x408000
Loading: *#################################################################
	 #################################################################
	 #################################################################
	 #################################################################
	 #################################################################
	 #################################################################
	 #####################
	 4.1 MiB/s
done
Bytes transferred = 6032912 (5c0e10 hex)
Tegra20 (TrimSlice) # tftpboot 0x02408000 tegra20-trimslice.dtb
Using RTL8169#0 device
TFTP from server 192.168.100.1; our IP address is 192.168.100.103
Filename 'tegra20-trimslice.dtb'.
Load address: 0x2408000
Loading: *##
	 3.4 MiB/s
done
Bytes transferred = 21426 (53b2 hex)
Tegra20 (TrimSlice) # bootz 0x00408000 - 0x02408000
Kernel image @ 0x408000 [ 0x000000 - 0x5c0e10 ]
## Flattened Device Tree blob at 02408000
   Booting using the fdt blob at 0x2408000
   Using Device Tree in place at 02408000, end 024103b1

Starting kernel ...

Uncompressing Linux... done, booting the kernel.
[    0.000000] Booting Linux on physical CPU 0x0
[    0.000000] Linux version 4.11.0-rc2-next-20170320-159700-g4f4f972 (jonathanh@kaivo) (gcc version 4.7.3 20130328 (prerelease) (crosstool-NG linaro-1.13.1-4.7-2013.04-20130415 - Linaro GCC 2013.04) ) #1 SMP PREEMPT Wed Mar 22 15:12:19 PDT 2017
[    0.000000] CPU: ARMv7 Processor [411fc090] revision 0 (ARMv7), cr=10c5387d
[    0.000000] CPU: PIPT / VIPT nonaliasing data cache, VIPT aliasing instruction cache
[    0.000000] OF: fdt: Machine model: Compulab TrimSlice board
[    0.000000] debug: ignoring loglevel setting.
[    0.000000] bootconsole [earlycon0] enabled
[    0.000000] cma: Reserved 64 MiB at 0x3c000000
[    0.000000] Memory policy: Data cache writealloc
[    0.000000] On node 0 totalpages: 262144
[    0.000000] free_area_init_node: node 0, pgdat c0eab1c0, node_mem_map ef7f7000
[    0.000000]   Normal zone: 1536 pages used for memmap
[    0.000000]   Normal zone: 0 pages reserved
[    0.000000]   Normal zone: 196608 pages, LIFO batch:31
[    0.000000]   HighMem zone: 65536 pages, LIFO batch:15
[    0.000000] percpu: Embedded 17 pages/cpu @ef7c3000 s38464 r8192 d22976 u69632
[    0.000000] pcpu-alloc: s38464 r8192 d22976 u69632 alloc=17*4096
[    0.000000] pcpu-alloc: [0] 0 [0] 1 
[    0.000000] Built 1 zonelists in Zone order, mobility grouping on.  Total pages: 260608
[    0.000000] Kernel command line: ignore_loglevel console=ttyS0,115200n8 rw root=PARTUUID=11eb23c1-01 rootwait gpt debug noinitrd earlyprintk init=/bin/bash
[    0.000000] PID hash table entries: 4096 (order: 2, 16384 bytes)
[    0.000000] Dentry cache hash table entries: 131072 (order: 7, 524288 bytes)
[    0.000000] Inode-cache hash table entries: 65536 (order: 6, 262144 bytes)
[    0.000000] Memory: 959428K/1048576K available (9216K kernel code, 725K rwdata, 2704K rodata, 1024K init, 314K bss, 23612K reserved, 65536K cma-reserved, 196608K highmem)
[    0.000000] Virtual kernel memory layout:
[    0.000000]     vector  : 0xffff0000 - 0xffff1000   (   4 kB)
[    0.000000]     fixmap  : 0xffc00000 - 0xfff00000   (3072 kB)
[    0.000000]     vmalloc : 0xf0800000 - 0xff800000   ( 240 MB)
[    0.000000]     lowmem  : 0xc0000000 - 0xf0000000   ( 768 MB)
[    0.000000]     pkmap   : 0xbfe00000 - 0xc0000000   (   2 MB)
[    0.000000]     modules : 0xbf000000 - 0xbfe00000   (  14 MB)
[    0.000000]       .text : 0xc0008000 - 0xc0a00000   (10208 kB)
[    0.000000]       .init : 0xc0d00000 - 0xc0e00000   (1024 kB)
[    0.000000]       .data : 0xc0e00000 - 0xc0eb5520   ( 726 kB)
[    0.000000]        .bss : 0xc0eb7000 - 0xc0f0599c   ( 315 kB)
[    0.000000] Preemptible hierarchical RCU implementation.
[    0.000000] 	RCU restricting CPUs from NR_CPUS=4 to nr_cpu_ids=2.
[    0.000000] RCU: Adjusting geometry for rcu_fanout_leaf=16, nr_cpu_ids=2
[    0.000000] NR_IRQS:16 nr_irqs:16 16
[    0.000000] /interrupt-controller@60004000: 128 interrupts forwarded to /interrupt-controller@50041000
[    0.000000] L2C: platform modifies aux control register: 0x02080000 -> 0x3e480001
[    0.000000] L2C: DT/platform modifies aux control register: 0x02080000 -> 0x3e480001
[    0.000000] L2C-310 errata 727915 769419 enabled
[    0.000000] L2C-310 enabling early BRESP for Cortex-A9
[    0.000000] L2C-310: enabling full line of zeros but not enabled in Cortex-A9
[    0.000000] L2C-310 ID prefetch enabled, offset 1 lines
[    0.000000] L2C-310 cache controller enabled, 8 ways, 1024 kB
[    0.000000] L2C-310: CACHE_ID 0x410000c4, AUX_CTRL 0x7e480001
[    0.000009] sched_clock: 32 bits at 1000kHz, resolution 1000ns, wraps every 2147483647500ns
[    0.008353] clocksource: timer_us: mask: 0xffffffff max_cycles: 0xffffffff, max_idle_ns: 1911260446275 ns
[    0.017968] Switching to timer-based delay loop, resolution 1000ns
[    0.024890] Console: colour dummy device 80x30
[    0.029336] Calibrating delay loop (skipped), value calculated using timer frequency.. 2.00 BogoMIPS (lpj=10000)
[    0.039562] pid_max: default: 32768 minimum: 301
[    0.044689] Mount-cache hash table entries: 2048 (order: 1, 8192 bytes)
[    0.051305] Mountpoint-cache hash table entries: 2048 (order: 1, 8192 bytes)
[    0.059194] CPU: Testing write buffer coherency: ok
[    0.064366] CPU0: thread -1, cpu 0, socket 0, mpidr 80000000
[    0.110014] Setting up static identity map for 0x100000 - 0x100098
[    0.130291] Tegra Revision: A03 prime SKU: 8 CPU Process: 1 SoC Process: 2
[    0.149973] smp: Bringing up secondary CPUs ...
[    0.200611] CPU1: thread -1, cpu 1, socket 0, mpidr 80000001
[    0.200681] smp: Brought up 1 node, 2 CPUs
[    0.210501] SMP: Total of 2 processors activated (4.00 BogoMIPS).
[    0.216640] CPU: All CPU(s) started in SVC mode.
[    0.222373] devtmpfs: initialized
[    0.232122] VFP support v0.3: implementor 41 architecture 3 part 30 variant 9 rev 1
[    0.240044] clocksource: jiffies: mask: 0xffffffff max_cycles: 0xffffffff, max_idle_ns: 19112604462750000 ns
[    0.249858] futex hash table entries: 512 (order: 3, 32768 bytes)
[    0.258795] pinctrl core: initialized pinctrl subsystem
[    0.265426] NET: Registered protocol family 16
[    0.271825] DMA: preallocated 256 KiB pool for atomic coherent allocations
[    0.280277] cpuidle: using governor menu
[    0.303989] No ATAGs?
[    0.304062] hw-breakpoint: found 5 (+1 reserved) breakpoint and 1 watchpoint registers.
[    0.314406] hw-breakpoint: maximum watchpoint size is 4 bytes.
[    0.341040] usb1_vbus: Failed to request enable GPIO170: -517
[    0.346783] reg-fixed-voltage regulators:regulator@2: Failed to register regulator: -517
[    0.357867] vgaarb: loaded
[    0.361454] SCSI subsystem initialized
[    0.365478] libata version 3.00 loaded.
[    0.369741] usbcore: registered new interface driver usbfs
[    0.375329] usbcore: registered new interface driver hub
[    0.380737] usbcore: registered new device driver usb
[    0.387677] Linux video capture interface: v2.00
[    0.392421] pps_core: LinuxPPS API ver. 1 registered
[    0.397373] pps_core: Software ver. 5.3.6 - Copyright 2005-2007 Rodolfo Giometti <giometti@linux.it>
[    0.406624] PTP clock support registered
[    0.411287] Advanced Linux Sound Architecture Driver Initialized.
[    0.418231] Bluetooth: Core ver 2.22
[    0.421881] NET: Registered protocol family 31
[    0.426313] Bluetooth: HCI device and connection manager initialized
[    0.432744] Bluetooth: HCI socket layer initialized
[    0.437670] Bluetooth: L2CAP socket layer initialized
[    0.442820] Bluetooth: SCO socket layer initialized
[    0.449136] clocksource: Switched to clocksource timer_us
[    0.540205] NET: Registered protocol family 2
[    0.545680] TCP established hash table entries: 8192 (order: 3, 32768 bytes)
[    0.552797] TCP bind hash table entries: 8192 (order: 4, 65536 bytes)
[    0.559339] TCP: Hash tables configured (established 8192 bind 8192)
[    0.566436] UDP hash table entries: 512 (order: 2, 16384 bytes)
[    0.572414] UDP-Lite hash table entries: 512 (order: 2, 16384 bytes)
[    0.579061] NET: Registered protocol family 1
[    0.584133] RPC: Registered named UNIX socket transport module.
[    0.590063] RPC: Registered udp transport module.
[    0.594806] RPC: Registered tcp transport module.
[    0.599584] RPC: Registered tcp NFSv4.1 backchannel transport module.
[    0.606077] PCI: CLS 0 bytes, default 64
[    0.612493] hw perfevents: enabled with armv7_cortex_a9 PMU driver, 7 counters available
[    0.622639] workingset: timestamp_bits=30 max_order=18 bucket_order=0
[    0.630336] squashfs: version 4.0 (2009/01/31) Phillip Lougher
[    0.636854] NFS: Registering the id_resolver key type
[    0.642002] Key type id_resolver registered
[    0.646174] Key type id_legacy registered
[    0.654686] bounce: pool size: 64 pages
[    0.658519] io scheduler noop registered (default)
[    0.663420] io scheduler mq-deadline registered
[    0.672684] tegra-pcie 80003000.pcie-controller: dual-mode configuration
[    0.680364] tegra-pcie 80003000.pcie-controller: probing port 0, using 2 lanes
[    0.757449] tegra-pcie 80003000.pcie-controller: PCI host bridge to bus 0000:00
[    0.764768] pci_bus 0000:00: root bus resource [io  0x0000-0xffff]
[    0.770999] pci_bus 0000:00: root bus resource [mem 0xa0000000-0xa7ffffff]
[    0.777920] pci_bus 0000:00: root bus resource [mem 0xa8000000-0xbfffffff pref]
[    0.785298] pci_bus 0000:00: root bus resource [bus 00-ff]
[    0.790878] pci 0000:00:01.0: [10de:0bf0] type 01 class 0x060000
[    0.796917] pci_bus 0000:00: 2-byte config write to 0000:00:01.0 offset 0x88 may corrupt adjacent RW1C bits
[    0.806731] pci_bus 0000:00: 2-byte config write to 0000:00:01.0 offset 0x52 may corrupt adjacent RW1C bits
[    0.816515] pci 0000:00:01.0: PME# supported from D0 D1 D2 D3hot D3cold
[    0.823173] pci_bus 0000:00: 2-byte config write to 0000:00:01.0 offset 0x4c may corrupt adjacent RW1C bits
[    0.833201] pci_bus 0000:00: 2-byte config write to 0000:00:01.0 offset 0x3e may corrupt adjacent RW1C bits
[    0.842942] pci_bus 0000:00: 2-byte config write to 0000:00:01.0 offset 0x4 may corrupt adjacent RW1C bits
[    0.852644] pci_bus 0000:00: 1-byte config write to 0000:00:01.0 offset 0xc may corrupt adjacent RW1C bits
[    0.862345] PCI: bus0: Fast back to back transfers disabled
[    0.867972] pci 0000:00:01.0: bridge configuration invalid ([bus 00-00]), reconfiguring
[    0.876048] pci_bus 0000:00: 2-byte config write to 0000:00:01.0 offset 0x3e may corrupt adjacent RW1C bits
[    0.885838] pci_bus 0000:00: 2-byte config write to 0000:00:01.0 offset 0x3e may corrupt adjacent RW1C bits
[    0.895631] pci_bus 0000:00: 2-byte config write to 0000:00:01.0 offset 0x3e may corrupt adjacent RW1C bits
[    0.905423] pci_bus 0000:00: 2-byte config write to 0000:00:01.0 offset 0x6 may corrupt adjacent RW1C bits
[    0.915332] pci 0000:01:00.0: [10ec:8168] type 00 class 0x020000
[    0.921359] pci 0000:01:00.0: reg 0x10: [io  0x0000-0x00ff]
[    0.926977] pci 0000:01:00.0: reg 0x18: [mem 0x00000000-0x00000fff 64bit pref]
[    0.934264] pci 0000:01:00.0: reg 0x20: [mem 0x00000000-0x00003fff 64bit pref]
[    0.941537] pci 0000:01:00.0: reg 0x30: [mem 0x00000000-0x0001ffff pref]
[    0.948357] pci 0000:01:00.0: supports D1 D2
[    0.952630] pci 0000:01:00.0: PME# supported from D0 D1 D2 D3hot D3cold
[    0.989177] PCI: bus1: Fast back to back transfers disabled
[    0.994742] pci_bus 0000:01: busn_res: [bus 01-ff] end is updated to 01
[    1.001432] Disabling cpuidle LP2 state, since PCIe IRQs are in use
[    1.007791] pci 0000:00:01.0: BAR 8: assigned [mem 0xa0000000-0xa00fffff]
[    1.014604] pci 0000:00:01.0: BAR 9: assigned [mem 0xa8000000-0xa80fffff 64bit pref]
[    1.022399] pci 0000:00:01.0: BAR 7: assigned [io  0x1000-0x1fff]
[    1.028547] pci 0000:01:00.0: BAR 6: assigned [mem 0xa0000000-0xa001ffff pref]
[    1.035834] pci 0000:01:00.0: BAR 4: assigned [mem 0xa8000000-0xa8003fff 64bit pref]
[    1.043642] pci 0000:01:00.0: BAR 2: assigned [mem 0xa8004000-0xa8004fff 64bit pref]
[    1.051442] pci 0000:01:00.0: BAR 0: assigned [io  0x1000-0x10ff]
[    1.057577] pci 0000:00:01.0: PCI bridge to [bus 01]
[    1.062611] pci 0000:00:01.0:   bridge window [io  0x1000-0x1fff]
[    1.068753] pci 0000:00:01.0:   bridge window [mem 0xa0000000-0xa00fffff]
[    1.075611] pci 0000:00:01.0:   bridge window [mem 0xa8000000-0xa80fffff 64bit pref]
[    1.083424] pci 0000:00:01.0: nv_msi_ht_cap_quirk didn't locate host bridge
[    1.090482] pcieport 0000:00:01.0: enabling device (0140 -> 0143)
[    1.096829] pcieport 0000:00:01.0: Signaling PME with IRQ 295
[    1.105936] tegra-apbdma 6000a000.dma: Tegra20 APB DMA driver register 16 channels
[    1.115018] Serial: 8250/16550 driver, 4 ports, IRQ sharing disabled
[    1.123507] console [ttyS0] disabled
[    1.127108] 70006000.serial: ttyS0 at MMIO 0x70006000 (irq = 279, base_baud = 13500000) is a Tegra
[    1.136183] console [ttyS0] enabled
[    1.136183] console [ttyS0] enabled
[    1.143149] bootconsole [earlycon0] disabled
[    1.143149] bootconsole [earlycon0] disabled
[    1.154106] tegra-hdmi 54280000.hdmi: 54280000.hdmi supply hdmi not found, using dummy regulator
[    1.165700] [drm] Supports vblank timestamp caching Rev 2 (21.10.2013).
[    1.172322] [drm] No driver support for vblank timestamp query.
[    1.178345] [drm] Cannot find any crtc or sizes - going 1024x768
[    1.201233] Console: switching to colour frame buffer device 128x48
[    1.215260] drm drm: fb0:  frame buffer device
[    1.219789] [drm] Initialized tegra 0.0.0 20120330 for drm on minor 0
[    1.268112] loop: module loaded
[    1.273777] m25p80 spi32766.0: found s25fl008k, expected w25q80bl
[    1.279887] m25p80 spi32766.0: s25fl008k (1024 Kbytes)
[    1.287134] libphy: Fixed MDIO Bus: probed
[    1.291255] CAN device driver interface
[    1.295154] igb: Intel(R) Gigabit Ethernet Network Driver - version 5.4.0-k
[    1.302114] igb: Copyright (c) 2007-2014 Intel Corporation.
[    1.307836] r8169 Gigabit Ethernet driver 2.3LK-NAPI loaded
[    1.313476] r8169 0000:01:00.0: enabling device (0140 -> 0143)
[    1.320467] r8169 0000:01:00.0 eth0: RTL8168d/8111d at 0xf08e1000, 00:01:c0:13:7d:63, XID 081000c0 IRQ 296
[    1.330124] r8169 0000:01:00.0 eth0: jumbo features [frames: 9200 bytes, tx checksumming: ko]
[    1.338759] pegasus: v0.9.3 (2013/04/25), Pegasus/Pegasus II USB Ethernet driver
[    1.346252] usbcore: registered new interface driver pegasus
[    1.352004] usbcore: registered new interface driver asix
[    1.357461] usbcore: registered new interface driver ax88179_178a
[    1.363633] usbcore: registered new interface driver cdc_ether
[    1.369570] usbcore: registered new interface driver smsc75xx
[    1.375389] usbcore: registered new interface driver smsc95xx
[    1.381219] usbcore: registered new interface driver net1080
[    1.386935] usbcore: registered new interface driver cdc_subset
[    1.392928] usbcore: registered new interface driver zaurus
[    1.398590] usbcore: registered new interface driver cdc_ncm
[    1.404589] tegra-phy c5004000.usb-phy: no vbus regulator
[    1.411097] tegra-phy c5008000.usb-phy: no vbus regulator
[    1.416586] ehci_hcd: USB 2.0 'Enhanced' Host Controller (EHCI) Driver
[    1.423112] ehci-pci: EHCI PCI platform driver
[    1.427623] tegra-ehci: Tegra EHCI driver
[    1.490348] ulpi_phy_power_on: ulpi write failed
[    1.494956] tegra-ehci c5004000.usb: Failed to power on the phy
[    1.500896] tegra-ehci: probe of c5004000.usb failed with error -110
[    1.509891] tegra-ehci c5008000.usb: EHCI Host Controller
[    1.515320] tegra-ehci c5008000.usb: new USB bus registered, assigned bus number 1
[    1.523213] tegra-ehci c5008000.usb: irq 290, io mem 0xc5008000
[    1.549155] tegra-ehci c5008000.usb: USB 2.0 started, EHCI 1.00
[    1.556057] hub 1-0:1.0: USB hub found
[    1.559851] hub 1-0:1.0: 1 port detected
[    1.564559] usbcore: registered new interface driver cdc_acm
[    1.570223] cdc_acm: USB Abstract Control Model driver for USB modems and ISDN adapters
[    1.578282] usbcore: registered new interface driver cdc_wdm
[    1.584053] usbcore: registered new interface driver usb-storage
[    1.591606] rtc-em3027 2-0056: rtc core: registered rtc-em3027 as rtc0
[    1.598792] tegra_rtc 7000e000.rtc: rtc core: registered 7000e000.rtc as rtc1
[    1.605969] tegra_rtc 7000e000.rtc: Tegra internal Real Time Clock
[    1.612434] i2c /dev entries driver
[    1.616911] usbcore: registered new interface driver uvcvideo
[    1.622662] USB Video Class driver (1.1.1)
[    1.626745] gspca_main: v2.14.0 registered
[    1.632181] sdhci: Secure Digital Host Controller Interface driver
[    1.638346] sdhci: Copyright(c) Pierre Ossman
[    1.642731] sdhci-pltfm: SDHCI platform and OF driver helper
[    1.656871] mmc0: Invalid maximum block size, assuming 512 bytes
[    1.720214] mmc0: SDHCI controller on c8000000.sdhci [c8000000.sdhci] using ADMA
[    1.727721] sdhci-tegra c8000600.sdhci: Got CD GPIO
[    1.732619] sdhci-tegra c8000600.sdhci: Got WP GPIO
[    1.745673] mmc1: Invalid maximum block size, assuming 512 bytes
[    1.809316] mmc1: SDHCI controller on c8000600.sdhci [c8000600.sdhci] using ADMA
[    1.820658] usbcore: registered new interface driver usbhid
[    1.826256] usbhid: USB HID core driver
[    1.840386] tegra-snd-trimslice sound: tlv320aic23-hifi <-> 70002800.i2s mapping ok
[    1.850769] NET: Registered protocol family 10
[    1.856663] Segment Routing with IPv6
[    1.860521] mip6: Mobile IPv6
[    1.863526] sit: IPv6, IPv4 and MPLS over IPv4 tunneling driver
[    1.871206] NET: Registered protocol family 17
[    1.875654] NET: Registered protocol family 15
[    1.880102] can: controller area network core (rev 20120528 abi 9)
[    1.886369] NET: Registered protocol family 29
[    1.890819] can: raw protocol (rev 20120528)
[    1.895076] can: broadcast manager protocol (rev 20161123 t)
[    1.900769] can: netlink gateway (rev 20130117) max_hops=1
[    1.906465] Bluetooth: RFCOMM socket layer initialized
[    1.911655] Bluetooth: RFCOMM ver 1.11
[    1.915403] Bluetooth: BNEP (Ethernet Emulation) ver 1.3
[    1.920730] usb 1-1: new high-speed USB device number 2 using tegra-ehci
[    1.927580] Bluetooth: BNEP socket layer initialized
[    1.932547] Bluetooth: HIDP (Human Interface Emulation) ver 1.2
[    1.938470] Bluetooth: HIDP socket layer initialized
[    1.944488] Key type dns_resolver registered
[    1.949603] Registering SWP/SWPB emulation handler
[    1.961480] mmc1: new high speed SD card at address b368
[    1.977422] utmi_phy_clk_enable: timeout waiting for phy to stabilize
[    1.978050] mmcblk1: mmc1:b368 NCard 1.83 GiB (ro)
[    1.986549]  mmcblk1: p1 p2
[    1.991900] tegra-ehci c5000000.usb: EHCI Host Controller
[    1.997331] tegra-ehci c5000000.usb: new USB bus registered, assigned bus number 2
[    2.005476] tegra-ehci c5000000.usb: irq 288, io mem 0xc5000000
[    2.089184] tegra-ehci c5000000.usb: USB 2.0 started, EHCI 1.00
[    2.096671] hub 2-0:1.0: USB hub found
[    2.100538] hub 2-0:1.0: 1 port detected
[    2.105686] input: gpio-keys as /devices/soc0/gpio-keys/input/input0
[    2.112939] hub 1-1:1.0: USB hub found
[    2.116883] hub 1-1:1.0: 4 ports detected
[    2.120964] rtc-em3027 2-0056: hctosys: unable to read the hardware clock
[    2.128126] ALSA device list:
[    2.131161]   #0: tegra-trimslice
[    2.134934] Waiting for root device PARTUUID=11eb23c1-01...
[    2.439199] usb 1-1.2: new high-speed USB device number 3 using tegra-ehci
[    2.957196] mmc0: host does not support reading read-only switch, assuming write-enable
[    2.967350] mmc0: new high speed SDHC card at address b368
[    2.975873] mmcblk0: mmc0:b368 NCard 3.70 GiB 
[    2.984788]  mmcblk0: p1
[    3.077687] asix 1-1.2:1.0 eth1: register 'asix' at usb-c5008000.usb-1.2, ASIX AX88772 USB 2.0 Ethernet, 00:60:6e:60:6c:68
[    3.101428] EXT4-fs (mmcblk0p1): mounting ext3 file system using the ext4 subsystem
[    3.124850] random: fast init done
[    3.362103] EXT4-fs (mmcblk0p1): recovery complete
[    3.436795] EXT4-fs (mmcblk0p1): mounted filesystem with ordered data mode. Opts: (null)
[    3.445135] VFS: Mounted root (ext3 filesystem) on device 179:17.
[    3.462092] devtmpfs: mounted
[    3.467922] Freeing unused kernel memory: 1024K
bash: cannot set terminal process group (-1): Inappropriate ioctl for device
bash: no job control in this shell
root@(none):/#  
root@(none):/# mount -t sysfs none /sys
root@(none):/# 
root@(none):/# mount -t debugfs none /sys/kernel/debug
root@(none):/# 
root@(none):/# rtcwake -d rtc1 -m mem -s 3
rtcwake: assuming RTC uses UTC ...
rtcwake: wakeup from "mem" using /dev/rtc1 at Thu Jan  1 00:00:32 1970
[   15.477284] PM: Syncing filesystems ... done.
[   15.499673] Freezing user space processes ... (elapsed 0.001 seconds) done.
[   15.501011] Freezing remaining freezable tasks ... (elapsed 0.001 seconds) done.
[   15.502409] Suspending console(s) (use no_console_suspend to debug)
[   15.583416] pci_generic_config_write32: 38 callbacks suppressed
[   15.583462] pci_bus 0000:00: 2-byte config write to 0000:00:01.0 offset 0x9c may corrupt adjacent RW1C bits
[   15.595033] PM: suspend of devices complete after 47.613 msecs
[   15.598810] PM: late suspend of devices complete after 3.745 msecs
[   15.600836] pci_bus 0000:01: 2-byte config write to 0000:01:00.0 offset 0x44 may corrupt adjacent RW1C bits
[   15.600900] pci_bus 0000:01: 2-byte config write to 0000:01:00.0 offset 0x44 may corrupt adjacent RW1C bits
[   15.629881] PM: noirq suspend of devices complete after 31.039 msecs
[   15.629894] Disabling non-boot CPUs ...
[   15.754690] Entering suspend state LP1
[   15.754690] Suspended for 2.216 seconds
[   15.754789] Enabling non-boot CPUs ...
[   15.794472] CPU1 is up
[   15.795967] pci_bus 0000:00: 2-byte config write to 0000:00:01.0 offset 0x4c may corrupt adjacent RW1C bits
[   15.796036] pci_bus 0000:00: 2-byte config write to 0000:00:01.0 offset 0x88 may corrupt adjacent RW1C bits
[   15.796068] pci_bus 0000:00: 2-byte config write to 0000:00:01.0 offset 0x90 may corrupt adjacent RW1C bits
[   15.796099] pci_bus 0000:00: 2-byte config write to 0000:00:01.0 offset 0x98 may corrupt adjacent RW1C bits
[   15.796128] pci_bus 0000:00: 2-byte config write to 0000:00:01.0 offset 0x9c may corrupt adjacent RW1C bits
[   15.796210] pci_bus 0000:00: 2-byte config write to 0000:00:01.0 offset 0x52 may corrupt adjacent RW1C bits
[   15.796244] pci_bus 0000:00: 2-byte config write to 0000:00:01.0 offset 0x52 may corrupt adjacent RW1C bits
[   15.796321] pcieport 0000:00:01.0: nv_msi_ht_cap_quirk didn't locate host bridge
[   15.829439] PM: noirq resume of devices complete after 34.931 msecs
[   15.832488] PM: early resume of devices complete after 2.048 msecs
[   16.370935] PM: resume of devices complete after 538.413 msecs
[   16.536659] Restarting tasks ... done.
root@(none):/# 
root@(none):/# rtcwake -d rtc1 -m mem -s 3
rtcwake: assuming RTC uses UTC ...
rtcwake: wakeup from "mem" using /dev/rtc1 at Thu Jan  1 00:00:37 1970
[   17.288629] PM: Syncing filesystems ... done.
[   17.309572] Freezing user space processes ... (elapsed 0.001 seconds) done.
[   17.310936] Freezing remaining freezable tasks ... (elapsed 0.001 seconds) done.
[   17.312361] Suspending console(s) (use no_console_suspend to debug)
[   17.393086] PM: suspend of devices complete after 37.040 msecs
[   17.395838] PM: late suspend of devices complete after 2.719 msecs
[   17.429789] PM: noirq suspend of devices complete after 33.920 msecs
[   17.429803] Disabling non-boot CPUs ...
[   17.513000] Entering suspend state LP1
[   17.513000] Suspended for 3.241 seconds
[   17.513100] Enabling non-boot CPUs ...
[   17.554642] CPU1 is up
[   17.556233] pcieport 0000:00:01.0: nv_msi_ht_cap_quirk didn't locate host bridge
[   17.579440] PM: noirq resume of devices complete after 24.761 msecs
[   17.582923] PM: early resume of devices complete after 2.473 msecs
[   18.131257] PM: resume of devices complete after 548.299 msecs
[   18.194591] Restarting tasks ... done.
root@(none):/# 
root@(none):/# rtcwake -d rtc1 -m mem -s 3
rtcwake: assuming RTC uses UTC ...
rtcwake: wakeup from "mem" using /dev/rtc1 at Thu Jan  1 00:00:42 1970
[   19.048554] PM: Syncing filesystems ... done.
[   19.069546] Freezing user space processes ... (elapsed 0.001 seconds) done.
[   19.070921] Freezing remaining freezable tasks ... (elapsed 0.001 seconds) done.
[   19.072363] Suspending console(s) (use no_console_suspend to debug)
[   19.153816] PM: suspend of devices complete after 37.596 msecs
[   19.156591] PM: late suspend of devices complete after 2.742 msecs
[   19.189745] PM: noirq suspend of devices complete after 33.121 msecs
[   19.189758] Disabling non-boot CPUs ...
[   19.283162] Entering suspend state LP1
[   19.283162] Suspended for 3.229 seconds
[   19.283261] Enabling non-boot CPUs ...
[   19.324242] CPU1 is up
[   19.326212] pcieport 0000:00:01.0: nv_msi_ht_cap_quirk didn't locate host bridge
[   19.349346] PM: noirq resume of devices complete after 25.068 msecs
[   19.352334] PM: early resume of devices complete after 2.002 msecs
[   19.900153] PM: resume of devices complete after 547.785 msecs
[   19.962644] Restarting tasks ... done.
root@(none):/# 
root@(none):/# rtcwake -d rtc1 -m mem -s 3
rtcwake: assuming RTC uses UTC ...
rtcwake: wakeup from "mem" using /dev/rtc1 at Thu Jan  1 00:00:47 1970
[   20.818474] PM: Syncing filesystems ... done.
[   20.839450] Freezing user space processes ... (elapsed 0.001 seconds) done.
[   20.840835] Freezing remaining freezable tasks ... (elapsed 0.001 seconds) done.
[   20.842289] Suspending console(s) (use no_console_suspend to debug)
[   20.911131] pci_generic_config_write32: 65 callbacks suppressed
[   20.911177] pci_bus 0000:00: 2-byte config write to 0000:00:01.0 offset 0x9c may corrupt adjacent RW1C bits
[   20.923363] PM: suspend of devices complete after 37.183 msecs
[   20.926123] PM: late suspend of devices complete after 2.727 msecs
[   20.929391] pci_bus 0000:01: 2-byte config write to 0000:01:00.0 offset 0x44 may corrupt adjacent RW1C bits
[   20.929451] pci_bus 0000:01: 2-byte config write to 0000:01:00.0 offset 0x44 may corrupt adjacent RW1C bits
[   20.959566] PM: noirq suspend of devices complete after 33.412 msecs
[   20.959578] Disabling non-boot CPUs ...
[   21.063011] Entering suspend state LP1
[   21.063011] Suspended for 3.220 seconds
[   21.063110] Enabling non-boot CPUs ...
[   21.104516] CPU1 is up
[   21.106653] pci_bus 0000:00: 2-byte config write to 0000:00:01.0 offset 0x4c may corrupt adjacent RW1C bits
[   21.106702] pci_bus 0000:00: 2-byte config write to 0000:00:01.0 offset 0x88 may corrupt adjacent RW1C bits
[   21.106734] pci_bus 0000:00: 2-byte config write to 0000:00:01.0 offset 0x90 may corrupt adjacent RW1C bits
[   21.106764] pci_bus 0000:00: 2-byte config write to 0000:00:01.0 offset 0x98 may corrupt adjacent RW1C bits
[   21.106792] pci_bus 0000:00: 2-byte config write to 0000:00:01.0 offset 0x9c may corrupt adjacent RW1C bits
[   21.106877] pci_bus 0000:00: 2-byte config write to 0000:00:01.0 offset 0x52 may corrupt adjacent RW1C bits
[   21.106909] pci_bus 0000:00: 2-byte config write to 0000:00:01.0 offset 0x52 may corrupt adjacent RW1C bits
[   21.106984] pcieport 0000:00:01.0: nv_msi_ht_cap_quirk didn't locate host bridge
[   21.129339] PM: noirq resume of devices complete after 24.788 msecs
[   21.132284] PM: early resume of devices complete after 1.948 msecs
[   21.680375] PM: resume of devices complete after 548.056 msecs
[   21.846856] Restarting tasks ... done.
root@(none):/# 
root@(none):/# rtcwake -d rtc1 -m mem -s 3
rtcwake: assuming RTC uses UTC ...
rtcwake: wakeup from "mem" using /dev/rtc1 at Thu Jan  1 00:00:52 1970
[   22.599078] PM: Syncing filesystems ... done.
[   22.619357] Freezing user space processes ... (elapsed 0.001 seconds) done.
[   22.620751] Freezing remaining freezable tasks ... (elapsed 0.001 seconds) done.
[   22.622210] Suspending console(s) (use no_console_suspend to debug)
[   22.704723] PM: suspend of devices complete after 37.981 msecs
[   22.708514] PM: late suspend of devices complete after 3.761 msecs
[   22.739548] PM: noirq suspend of devices complete after 31.003 msecs
[   22.739561] Disabling non-boot CPUs ...
[   22.833378] Entering suspend state LP1
[   22.833378] Suspended for 3.229 seconds
[   22.833479] Enabling non-boot CPUs ...
[   22.874105] CPU1 is up
[   22.876150] pcieport 0000:00:01.0: nv_msi_ht_cap_quirk didn't locate host bridge
[   22.899152] PM: noirq resume of devices complete after 25.013 msecs
[   22.902435] PM: early resume of devices complete after 2.278 msecs
[   23.450273] PM: resume of devices complete after 547.803 msecs
[   23.512734] Restarting tasks ... done.
root@(none):/# 
root@(none):/# rtcwake -d rtc1 -m mem -s 3
rtcwake: assuming RTC uses UTC ...
rtcwake: wakeup from "mem" using /dev/rtc1 at Thu Jan  1 00:00:57 1970
[   24.369187] PM: Syncing filesystems ... done.
[   24.389201] Freezing user space processes ... (elapsed 0.001 seconds) done.
[   24.390652] Freezing remaining freezable tasks ... (elapsed 0.001 seconds) done.
[   24.392109] Suspending console(s) (use no_console_suspend to debug)
[   24.474995] PM: suspend of devices complete after 38.282 msecs
[   24.478840] PM: late suspend of devices complete after 3.813 msecs
[   24.509400] PM: noirq suspend of devices complete after 30.528 msecs
[   24.509414] Disabling non-boot CPUs ...
[   24.603312] Entering suspend state LP1
[   24.603312] Suspended for 3.229 seconds
[   24.603412] Enabling non-boot CPUs ...
[   24.644053] CPU1 is up
[   24.645427] pcieport 0000:00:01.0: nv_msi_ht_cap_quirk didn't locate host bridge
[   24.668970] PM: noirq resume of devices complete after 24.880 msecs
[   24.672066] PM: early resume of devices complete after 2.101 msecs
[   25.219926] PM: resume of devices complete after 547.826 msecs
[   25.283284] Restarting tasks ... done.
root@(none):/# 
root@(none):/# rtcwake -d rtc1 -m mem -s 3
rtcwake: assuming RTC uses UTC ...
rtcwake: wakeup from "mem" using /dev/rtc1 at Thu Jan  1 00:01:02 1970
[   26.138858] PM: Syncing filesystems ... done.
[   26.159167] Freezing user space processes ... (elapsed 0.001 seconds) done.
[   26.160565] Freezing remaining freezable tasks ... (elapsed 0.001 seconds) done.
[   26.161996] Suspending console(s) (use no_console_suspend to debug)
[   26.232344] pci_generic_config_write32: 65 callbacks suppressed
[   26.232390] pci_bus 0000:00: 2-byte config write to 0000:00:01.0 offset 0x9c may corrupt adjacent RW1C bits
[   26.244618] PM: suspend of devices complete after 38.156 msecs
[   26.248374] PM: late suspend of devices complete after 3.725 msecs
[   26.251551] pci_bus 0000:01: 2-byte config write to 0000:01:00.0 offset 0x44 may corrupt adjacent RW1C bits
[   26.251612] pci_bus 0000:01: 2-byte config write to 0000:01:00.0 offset 0x44 may corrupt adjacent RW1C bits
[   26.279341] PM: noirq suspend of devices complete after 30.936 msecs
[   26.279356] Disabling non-boot CPUs ...
[   26.372603] Entering suspend state LP1
[   26.372603] Suspended for 3.230 seconds
[   26.372703] Enabling non-boot CPUs ...
[   26.414286] CPU1 is up
[   26.415606] pci_bus 0000:00: 2-byte config write to 0000:00:01.0 offset 0x4c may corrupt adjacent RW1C bits
[   26.415654] pci_bus 0000:00: 2-byte config write to 0000:00:01.0 offset 0x88 may corrupt adjacent RW1C bits
[   26.415685] pci_bus 0000:00: 2-byte config write to 0000:00:01.0 offset 0x90 may corrupt adjacent RW1C bits
[   26.415716] pci_bus 0000:00: 2-byte config write to 0000:00:01.0 offset 0x98 may corrupt adjacent RW1C bits
[   26.415745] pci_bus 0000:00: 2-byte config write to 0000:00:01.0 offset 0x9c may corrupt adjacent RW1C bits
[   26.415831] pci_bus 0000:00: 2-byte config write to 0000:00:01.0 offset 0x52 may corrupt adjacent RW1C bits
[   26.415865] pci_bus 0000:00: 2-byte config write to 0000:00:01.0 offset 0x52 may corrupt adjacent RW1C bits
[   26.415940] pcieport 0000:00:01.0: nv_msi_ht_cap_quirk didn't locate host bridge
[   26.438965] PM: noirq resume of devices complete after 24.643 msecs
[   26.442223] PM: early resume of devices complete after 2.263 msecs
[   26.989667] PM: resume of devices complete after 547.408 msecs
[   27.155464] Restarting tasks ... done.
root@(none):/# 
root@(none):/# rtcwake -d rtc1 -m mem -s 3
rtcwake: assuming RTC uses UTC ...
rtcwake: wakeup from "mem" using /dev/rtc1 at Thu Jan  1 00:01:07 1970
[   27.908360] PM: Syncing filesystems ... done.
[   27.929073] Freezing user space processes ... (elapsed 0.001 seconds) done.
[   27.930467] Freezing remaining freezable tasks ... (elapsed 0.001 seconds) done.
[   27.931892] Suspending console(s) (use no_console_suspend to debug)
[   28.013224] PM: suspend of devices complete after 37.107 msecs
[   28.015557] PM: late suspend of devices complete after 2.300 msecs
[   28.039267] PM: noirq suspend of devices complete after 23.677 msecs
[   28.039281] Disabling non-boot CPUs ...
[   28.142353] Entering suspend state LP1
[   28.142353] Suspended for 3.230 seconds
[   28.142451] Enabling non-boot CPUs ...
[   28.184187] CPU1 is up
[   28.185709] pcieport 0000:00:01.0: nv_msi_ht_cap_quirk didn't locate host bridge
[   28.208873] PM: noirq resume of devices complete after 24.651 msecs
[   28.212296] PM: early resume of devices complete after 2.431 msecs
[   28.759939] PM: resume of devices complete after 547.610 msecs
[   28.823260] Restarting tasks ... done.
root@(none):/# 
root@(none):/# rtcwake -d rtc1 -m mem -s 3
rtcwake: assuming RTC uses UTC ...
rtcwake: wakeup from "mem" using /dev/rtc1 at Thu Jan  1 00:01:12 1970
[   29.678651] PM: Syncing filesystems ... done.
[   29.698976] Freezing user space processes ... (elapsed 0.001 seconds) done.
[   29.700376] Freezing remaining freezable tasks ... (elapsed 0.001 seconds) done.
[   29.701812] Suspending console(s) (use no_console_suspend to debug)
[   29.783433] PM: suspend of devices complete after 37.266 msecs
[   29.786185] PM: late suspend of devices complete after 2.719 msecs
[   29.819176] PM: noirq suspend of devices complete after 32.958 msecs
[   29.819190] Disabling non-boot CPUs ...
[   29.912420] Entering suspend state LP1
[   29.912420] Suspended for 3.229 seconds
[   29.912519] Enabling non-boot CPUs ...
[   29.954076] CPU1 is up
[   29.955808] pcieport 0000:00:01.0: nv_msi_ht_cap_quirk didn't locate host bridge
[   29.978781] PM: noirq resume of devices complete after 24.670 msecs
[   29.981993] PM: early resume of devices complete after 2.218 msecs
[   30.529929] PM: resume of devices complete after 547.902 msecs
[   30.593283] Restarting tasks ... done.
root@(none):/# 
root@(none):/# rtcwake -d rtc1 -m mem -s 3
rtcwake: assuming RTC uses UTC ...
rtcwake: wakeup from "mem" using /dev/rtc1 at Thu Jan  1 00:01:17 1970
[   31.448519] PM: Syncing filesystems ... done.
[   31.468887] Freezing user space processes ... (elapsed 0.001 seconds) done.
[   31.470287] Freezing remaining freezable tasks ... (elapsed 0.001 seconds) done.
[   31.471720] Suspending console(s) (use no_console_suspend to debug)
[   31.520600] pci_generic_config_write32: 65 callbacks suppressed
[   31.520645] pci_bus 0000:00: 2-byte config write to 0000:00:01.0 offset 0x9c may corrupt adjacent RW1C bits
[   31.540143] PM: suspend of devices complete after 24.107 msecs
[   31.543740] PM: late suspend of devices complete after 3.565 msecs
[   31.546831] pci_bus 0000:01: 2-byte config write to 0000:01:00.0 offset 0x44 may corrupt adjacent RW1C bits
[   31.546892] pci_bus 0000:01: 2-byte config write to 0000:01:00.0 offset 0x44 may corrupt adjacent RW1C bits
[   31.569100] PM: noirq suspend of devices complete after 25.329 msecs
[   31.569114] Disabling non-boot CPUs ...
[   31.672153] Entering suspend state LP1
[   31.672153] Suspended for 3.240 seconds
[   31.672255] Enabling non-boot CPUs ...
[   31.713984] CPU1 is up
[   31.715258] pci_bus 0000:00: 2-byte config write to 0000:00:01.0 offset 0x4c may corrupt adjacent RW1C bits
[   31.715307] pci_bus 0000:00: 2-byte config write to 0000:00:01.0 offset 0x88 may corrupt adjacent RW1C bits
[   31.715338] pci_bus 0000:00: 2-byte config write to 0000:00:01.0 offset 0x90 may corrupt adjacent RW1C bits
[   31.715367] pci_bus 0000:00: 2-byte config write to 0000:00:01.0 offset 0x98 may corrupt adjacent RW1C bits
[   31.715394] pci_bus 0000:00: 2-byte config write to 0000:00:01.0 offset 0x9c may corrupt adjacent RW1C bits
[   31.715478] pci_bus 0000:00: 2-byte config write to 0000:00:01.0 offset 0x52 may corrupt adjacent RW1C bits
[   31.715513] pci_bus 0000:00: 2-byte config write to 0000:00:01.0 offset 0x52 may corrupt adjacent RW1C bits
[   31.716109] pcieport 0000:00:01.0: nv_msi_ht_cap_quirk didn't locate host bridge
[   31.738681] PM: noirq resume of devices complete after 24.662 msecs
[   31.741735] PM: early resume of devices complete after 2.046 msecs
[   32.280717] PM: resume of devices complete after 538.945 msecs
[   32.447299] Restarting tasks ... done.
root@(none):/# 
root@(none):/# NVTB SYSTEM SUSPEND TEST COMPLETE
