
U-Boot SPL 2014.07-00097-g772e173 (Jul 25 2014 - 20:02:52)


U-Boot 2014.07-00097-g772e173 (Jul 25 2014 - 20:02:52)

TEGRA124
Board: NVIDIA Jetson TK1
I2C:   ready
DRAM:  2 GiB
MMC:   Tegra SD/MMC: 0, Tegra SD/MMC: 1
In:    serial
Out:   serial
Err:   serial
Net:   Net Initialization Skipped
No ethernet found.
Hit any key to stop autoboot:  2  0 
Tegra124 (Jetson TK1) # 
Tegra124 (Jetson TK1) # usb reset
(Re)start USB...
USB0:   USB EHCI 1.10
scanning bus 0 for devices... 1 USB Device(s) found
USB1:   USB EHCI 1.10
scanning bus 1 for devices... 2 USB Device(s) found
       scanning usb for storage devices... 0 Storage Device(s) found
       scanning usb for ethernet devices... 
Warning: asx0 using MAC address from net device
1 Ethernet Device(s) found
Tegra124 (Jetson TK1) # setenv bootargs 'ignore_loglevel console=ttyS0,115200n8 rw root=/dev/mmcblk0p1 rootwait gpt debug noinitrd earlyprintk init=/bin/bash'
Tegra124 (Jetson TK1) # setenv ipaddr 192.168.100.102; setenv serverip 192.168.100.1; setenv tftpserverip 192.168.100.1
Tegra124 (Jetson TK1) # tftpboot 0x82000000 zImage.multi_v7_defconfig
Using asx0 device
TFTP from server 192.168.100.1; our IP address is 192.168.100.102
Filename 'zImage.multi_v7_defconfig'.
Load address: 0x82000000
Loading: *#################################################################
	 #################################################################
	 #################################################################
	 #################################################################
	 #################################################################
	 #################################################################
	 ####################################################
	 3.2 MiB/s
done
Bytes transferred = 6477152 (62d560 hex)
Tegra124 (Jetson TK1) # tftpboot 0x83000000 tegra124-jetson-tk1.dtb
Using asx0 device
TFTP from server 192.168.100.1; our IP address is 192.168.100.102
Filename 'tegra124-jetson-tk1.dtb'.
Load address: 0x83000000
Loading: *#####
	 3.2 MiB/s
done
Bytes transferred = 64138 (fa8a hex)
Tegra124 (Jetson TK1) # bootz 0x82000000 - 0x83000000
Kernel image @ 0x82000000 [ 0x000000 - 0x62d560 ]
## Flattened Device Tree blob at 83000000
   Booting using the fdt blob at 0x83000000
   Using Device Tree in place at 83000000, end 83012a89

Starting kernel ...

[    0.000000] Booting Linux on physical CPU 0x0
[    0.000000] Linux version 4.3.0-75599-gbd4f203 (pwalmsley@tamien) (gcc version 4.7.3 20130328 (prerelease) (crosstool-NG linaro-1.13.1-4.7-2013.04-20130415 - Linaro GCC 2013.04) ) #1 SMP Thu Feb 18 06:43:29 PST 2016
[    0.000000] CPU: ARMv7 Processor [413fc0f3] revision 3 (ARMv7), cr=10c5387d
[    0.000000] CPU: PIPT / VIPT nonaliasing data cache, PIPT instruction cache
[    0.000000] Machine model: NVIDIA Tegra124 Jetson TK1
[    0.000000] debug: ignoring loglevel setting.
[    0.000000] cma: Reserved 64 MiB at 0xfb800000
[    0.000000] Memory policy: Data cache writealloc
[    0.000000] On node 0 totalpages: 524032
[    0.000000] free_area_init_node: node 0, pgdat c0f982c0, node_mem_map eeff8000
[    0.000000]   DMA zone: 1536 pages used for memmap
[    0.000000]   DMA zone: 0 pages reserved
[    0.000000]   DMA zone: 196608 pages, LIFO batch:31
[    0.000000]   HighMem zone: 327424 pages, LIFO batch:31
[    0.000000] PERCPU: Embedded 12 pages/cpu @eef8f000 s19136 r8192 d21824 u49152
[    0.000000] pcpu-alloc: s19136 r8192 d21824 u49152 alloc=12*4096
[    0.000000] pcpu-alloc: [0] 0 [0] 1 [0] 2 [0] 3 
[    0.000000] Built 1 zonelists in Zone order, mobility grouping on.  Total pages: 522496
[    0.000000] Kernel command line: ignore_loglevel console=ttyS0,115200n8 rw root=/dev/mmcblk0p1 rootwait gpt debug noinitrd earlyprintk init=/bin/bash
[    0.000000] PID hash table entries: 4096 (order: 2, 16384 bytes)
[    0.000000] Dentry cache hash table entries: 131072 (order: 7, 524288 bytes)
[    0.000000] Inode-cache hash table entries: 65536 (order: 6, 262144 bytes)
[    0.000000] Memory: 1998652K/2096128K available (8156K kernel code, 1032K rwdata, 3660K rodata, 1040K init, 340K bss, 31940K reserved, 65536K cma-reserved, 1244160K highmem)
[    0.000000] Virtual kernel memory layout:
[    0.000000]     vector  : 0xffff0000 - 0xffff1000   (   4 kB)
[    0.000000]     fixmap  : 0xffc00000 - 0xfff00000   (3072 kB)
[    0.000000]     vmalloc : 0xf0800000 - 0xff800000   ( 240 MB)
[    0.000000]     lowmem  : 0xc0000000 - 0xf0000000   ( 768 MB)
[    0.000000]     pkmap   : 0xbfe00000 - 0xc0000000   (   2 MB)
[    0.000000]     modules : 0xbf000000 - 0xbfe00000   (  14 MB)
[    0.000000]       .text : 0xc0208000 - 0xc0d932ac   (11821 kB)
[    0.000000]       .init : 0xc0d94000 - 0xc0e98000   (1040 kB)
[    0.000000]       .data : 0xc0e98000 - 0xc0f9a220   (1033 kB)
[    0.000000]        .bss : 0xc0f9d000 - 0xc0ff23a8   ( 341 kB)
[    0.000000] SLUB: HWalign=64, Order=0-3, MinObjects=0, CPUs=4, Nodes=1
[    0.000000] Hierarchical RCU implementation.
[    0.000000] 	Build-time adjustment of leaf fanout to 32.
[    0.000000] 	RCU restricting CPUs from NR_CPUS=16 to nr_cpu_ids=4.
[    0.000000] RCU: Adjusting geometry for rcu_fanout_leaf=32, nr_cpu_ids=4
[    0.000000] NR_IRQS:16 nr_irqs:16 16
[    0.000000] /interrupt-controller@60004000: 160 interrupts forwarded to /interrupt-controller@0,50041000
[    0.000000] L2C: failed to init: -19
[    0.000009] sched_clock: 32 bits at 1000kHz, resolution 1000ns, wraps every 2147483647500ns
[    0.000029] clocksource: timer_us: mask: 0xffffffff max_cycles: 0xffffffff, max_idle_ns: 1911260446275 ns
[    0.000043] Switching to timer-based delay loop, resolution 1000ns
[    0.004388] Architected cp15 timer(s) running at 12.00MHz (virt).
[    0.004406] clocksource: arch_sys_counter: mask: 0xffffffffffffff max_cycles: 0x2c47f4ee7, max_idle_ns: 440795202497 ns
[    0.004424] sched_clock: 56 bits at 12MHz, resolution 83ns, wraps every 4398046511096ns
[    0.004437] Switching to timer-based delay loop, resolution 83ns
[    0.004850] Console: colour dummy device 80x30
[    0.004874] Calibrating delay loop (skipped), value calculated using timer frequency.. 24.00 BogoMIPS (lpj=60000)
[    0.004888] pid_max: default: 32768 minimum: 301
[    0.004994] Mount-cache hash table entries: 2048 (order: 1, 8192 bytes)
[    0.005005] Mountpoint-cache hash table entries: 2048 (order: 1, 8192 bytes)
[    0.005595] CPU: Testing write buffer coherency: ok
[    0.005814] /cpus/cpu@0 missing clock-frequency property
[    0.005852] /cpus/cpu@1 missing clock-frequency property
[    0.005890] /cpus/cpu@2 missing clock-frequency property
[    0.005929] /cpus/cpu@3 missing clock-frequency property
[    0.005940] CPU0: thread -1, cpu 0, socket 0, mpidr 80000000
[    0.005983] Setting up static identity map for 0x80209000 - 0x80209098
[    0.008948] Tegra Revision: A01 SKU: 129 CPU Process: 1 SoC Process: 1
[    0.010235] CPU1: thread -1, cpu 1, socket 0, mpidr 80000001
[    0.010759] CPU2: thread -1, cpu 2, socket 0, mpidr 80000002
[    0.011280] CPU3: thread -1, cpu 3, socket 0, mpidr 80000003
[    0.011346] Brought up 4 CPUs
[    0.011366] SMP: Total of 4 processors activated (96.00 BogoMIPS).
[    0.011374] CPU: All CPU(s) started in SVC mode.
[    0.012806] devtmpfs: initialized
[    0.031049] VFP support v0.3: implementor 41 architecture 4 part 30 variant f rev 0
[    0.031826] clocksource: jiffies: mask: 0xffffffff max_cycles: 0xffffffff, max_idle_ns: 9556302231375000 ns
[    0.033463] pinctrl core: initialized pinctrl subsystem
[    0.035116] NET: Registered protocol family 16
[    0.037131] DMA: preallocated 256 KiB pool for atomic coherent allocations
[    0.049654] cpuidle: using governor ladder
[    0.064673] cpuidle: using governor menu
[    0.081154] No ATAGs?
[    0.081192] hw-breakpoint: found 5 (+1 reserved) breakpoint and 4 watchpoint registers.
[    0.081201] hw-breakpoint: maximum watchpoint size is 8 bytes.
[    0.085948] Serial: AMBA PL011 UART driver
[    0.115315] +USB0_VBUS_SW: Failed to request enable GPIO108: -517
[    0.115430] reg-fixed-voltage regulators:regulator@7: Failed to register regulator: -517
[    0.115650] +5V_USB_HS: Failed to request enable GPIO109: -517
[    0.115757] reg-fixed-voltage regulators:regulator@8: Failed to register regulator: -517
[    0.116054] +1.05V_RUN_AVDD_HDMI_PLL: Failed to request enable GPIO63: -517
[    0.116157] reg-fixed-voltage regulators:regulator@11: Failed to register regulator: -517
[    0.116373] +5V_HDMI_CON: Failed to request enable GPIO86: -517
[    0.116476] reg-fixed-voltage regulators:regulator@12: Failed to register regulator: -517
[    0.116691] +5V_SATA: Failed to request enable GPIO242: -517
[    0.116792] reg-fixed-voltage regulators:regulator@13: Failed to register regulator: -517
[    0.117005] +12V_SATA: Failed to request enable GPIO242: -517
[    0.117105] reg-fixed-voltage regulators:regulator@14: Failed to register regulator: -517
[    0.119972] vgaarb: loaded
[    0.120716] SCSI subsystem initialized
[    0.120896] libata version 3.00 loaded.
[    0.121189] usbcore: registered new interface driver usbfs
[    0.121254] usbcore: registered new interface driver hub
[    0.121327] usbcore: registered new device driver usb
[    0.124901] pps_core: LinuxPPS API ver. 1 registered
[    0.124910] pps_core: Software ver. 5.3.6 - Copyright 2005-2007 Rodolfo Giometti <giometti@linux.it>
[    0.124938] PTP clock support registered
[    0.125161] EDAC MC: Ver: 3.0.0
[    0.128277] clocksource: Switched to clocksource arch_sys_counter
[    0.139916] NET: Registered protocol family 2
[    0.140441] TCP established hash table entries: 8192 (order: 3, 32768 bytes)
[    0.140542] TCP bind hash table entries: 8192 (order: 4, 65536 bytes)
[    0.140729] TCP: Hash tables configured (established 8192 bind 8192)
[    0.140782] UDP hash table entries: 512 (order: 2, 16384 bytes)
[    0.140824] UDP-Lite hash table entries: 512 (order: 2, 16384 bytes)
[    0.140993] NET: Registered protocol family 1
[    0.141247] RPC: Registered named UNIX socket transport module.
[    0.141257] RPC: Registered udp transport module.
[    0.141264] RPC: Registered tcp transport module.
[    0.141271] RPC: Registered tcp NFSv4.1 backchannel transport module.
[    0.141291] PCI: CLS 0 bytes, default 64
[    0.142274] hw perfevents: enabled with armv7_cortex_a15 PMU driver, 7 counters available
[    0.143826] futex hash table entries: 1024 (order: 4, 65536 bytes)
[    0.155783] squashfs: version 4.0 (2009/01/31) Phillip Lougher
[    0.156701] NFS: Registering the id_resolver key type
[    0.156729] Key type id_resolver registered
[    0.156737] Key type id_legacy registered
[    0.156812] ntfs: driver 2.1.32 [Flags: R/O].
[    0.158187] bounce: pool size: 64 pages
[    0.158425] Block layer SCSI generic (bsg) driver version 0.4 loaded (major 249)
[    0.158446] io scheduler noop registered
[    0.158462] io scheduler deadline registered
[    0.158502] io scheduler cfq registered (default)
[    0.175314] tegra-pcie 1003000.pcie-controller: 2x1, 1x1 configuration
[    0.175368] tegra-pcie 1003000.pcie-controller: Failed to get supply 'avddio-pex': -517
[    0.182567] tegra-apbdma 60020000.dma: Tegra20 APB DMA driver register 32 channels
[    0.183964] tegra-pmc 7000e400.pmc: emergency thermal reset enabled
[    0.248948] Serial: 8250/16550 driver, 4 ports, IRQ sharing disabled
[    0.251323] SuperH (H)SCI(F) driver initialized
[    0.252262] msm_serial: driver initialized
[    0.253082] console [ttyS0] disabled
[    0.253116] 70006300.serial: ttyS0 at MMIO 0x70006300 (irq = 331, base_baud = 25500000) is a Tegra
[    1.071399] console [ttyS0] enabled
[    1.075697] STMicroelectronics ASC driver initialized
[    1.083144] [drm] Initialized drm 1.1.0 20060810
[    1.090139] tegra-hdmi 54280000.hdmi: failed to get HDMI regulator
[    1.104358] loop: module loaded
[    1.107789] at24 0-0056: 256 byte 24c02 EEPROM, writable, 8 bytes/write
[    1.115677] as3722 4-0040: AS3722 with revision 0x1 found
[    1.138973] +5V_SYS: supplied by +VDD_MUX
[    1.143020] +1.05V_RUN: supplied by +5V_SYS
[    1.147333] tegra-ahci 70027000.sata: Failed to get supply 'hvdd': -517
[    1.154007] tegra-ahci 70027000.sata: Failed to get regulators
[    1.165270] m25p80 spi32765.0: w25q32dw (4096 Kbytes)
[    1.170350] spi32765.0: 'partitions' subnode not found on /spi@0,7000da00/spi-flash@0. Trying to parse direct subnodes as partitions.
[    1.185739] CAN device driver interface
[    1.190968] igb: Intel(R) Gigabit Ethernet Network Driver - version 5.3.0-k
[    1.197935] igb: Copyright (c) 2007-2014 Intel Corporation.
[    1.206848] pegasus: v0.9.3 (2013/04/25), Pegasus/Pegasus II USB Ethernet driver
[    1.214307] usbcore: registered new interface driver pegasus
[    1.220045] usbcore: registered new interface driver asix
[    1.225505] usbcore: registered new interface driver ax88179_178a
[    1.231654] usbcore: registered new interface driver cdc_ether
[    1.237566] usbcore: registered new interface driver smsc75xx
[    1.243389] usbcore: registered new interface driver smsc95xx
[    1.249193] usbcore: registered new interface driver net1080
[    1.254917] usbcore: registered new interface driver cdc_subset
[    1.260896] usbcore: registered new interface driver zaurus
[    1.266565] usbcore: registered new interface driver cdc_ncm
[    1.272468] tegra-phy 7d004000.usb-phy: no vbus regulator
[    1.279794] ehci_hcd: USB 2.0 'Enhanced' Host Controller (EHCI) Driver
[    1.286332] ehci-pci: EHCI PCI platform driver
[    1.290833] ehci-platform: EHCI generic platform driver
[    1.296281] ehci-omap: OMAP-EHCI Host Controller driver
[    1.301657] ehci-orion: EHCI orion driver
[    1.305821] SPEAr-ehci: EHCI SPEAr driver
[    1.309991] ehci-st: EHCI STMicroelectronics driver
[    1.315031] ehci-exynos: EHCI EXYNOS driver
[    1.319393] ehci-atmel: EHCI Atmel driver
[    1.323560] tegra-ehci: Tegra EHCI driver
[    1.327891] tegra-ehci 7d004000.usb: EHCI Host Controller
[    1.333322] tegra-ehci 7d004000.usb: new USB bus registered, assigned bus number 1
[    1.341064] tegra-ehci 7d004000.usb: irq 348, io mem 0x7d004000
[    1.353300] tegra-ehci 7d004000.usb: USB 2.0 started, EHCI 1.10
[    1.360062] hub 1-0:1.0: USB hub found
[    1.363859] hub 1-0:1.0: 1 port detected
[    1.368398] ohci_hcd: USB 1.1 'Open' Host Controller (OHCI) Driver
[    1.374597] ohci-pci: OHCI PCI platform driver
[    1.379101] ohci-platform: OHCI generic platform driver
[    1.384512] ohci-omap3: OHCI OMAP3 driver
[    1.388677] SPEAr-ohci: OHCI SPEAr driver
[    1.392834] ohci-st: OHCI STMicroelectronics driver
[    1.397869] ohci-atmel: OHCI Atmel driver
[    1.402431] usbcore: registered new interface driver usb-storage
[    1.410033] mousedev: PS/2 mouse device common for all mice
[    1.419317] as3722-rtc as3722-rtc: rtc core: registered as3722-rtc as rtc0
[    1.426201] as3722-rtc as3722-rtc: RTC interrupt 371
[    1.434541] tegra_rtc 7000e000.rtc: rtc core: registered 7000e000.rtc as rtc1
[    1.441724] tegra_rtc 7000e000.rtc: Tegra internal Real Time Clock
[    1.448513] i2c /dev entries driver
[    1.457123] 0-004c supply vcc not found, using dummy regulator
[    1.469631] sdhci: Secure Digital Host Controller Interface driver
[    1.475829] sdhci: Copyright(c) Pierre Ossman
[    1.481865] Synopsys Designware Multimedia Card Interface Driver
[    1.489082] sdhci-pltfm: SDHCI platform and OF driver helper
[    1.495504] sdhci-tegra 700b0400.sdhci: Got CD GPIO
[    1.500408] sdhci-tegra 700b0400.sdhci: Got WP GPIO
[    1.505341] mmc0: Unknown controller version (3). You may experience problems.
[    1.512692] sdhci-tegra 700b0400.sdhci: No vmmc regulator found
[    1.518775] mmc0: Unknown controller version (3). You may experience problems.
[    1.526078] sdhci-tegra 700b0600.sdhci: No vmmc regulator found
[    1.532012] sdhci-tegra 700b0600.sdhci: No vqmmc regulator found
[    1.538025] mmc0: Invalid maximum block size, assuming 512 bytes
[    1.578301] mmc0: SDHCI controller on 700b0600.sdhci [700b0600.sdhci] using ADMA 64-bit
[    1.587695] ledtrig-cpu: registered to indicate activity on CPUs
[    1.593934] usbcore: registered new interface driver usbhid
[    1.599514] usbhid: USB HID core driver
[    1.610250] NET: Registered protocol family 10
[    1.615466] sit: IPv6 over IPv4 tunneling driver
[    1.620823] NET: Registered protocol family 17
[    1.625310] can: controller area network core (rev 20120528 abi 9)
[    1.631617] NET: Registered protocol family 29
[    1.636092] can: raw protocol (rev 20120528)
[    1.640437] can: broadcast manager protocol (rev 20120528 t)
[    1.646128] can: netlink gateway (rev 20130117) max_hops=1
[    1.652114] Key type dns_resolver registered
[    1.657018] ThumbEE CPU extension supported.
[    1.661375] Registering SWP/SWPB emulation handler
[    1.682193] tegra-pcie 1003000.pcie-controller: 2x1, 1x1 configuration
[    1.689109] +3.3V_SYS: supplied by +VDD_MUX
[    1.693377] +3.3V_LP0: supplied by +3.3V_SYS
[    1.698005] +1.35V_LP0(sd2): supplied by +5V_SYS
[    1.702645] mmc0: MAN_BKOPS_EN bit is not set
[    1.702724] +1.05V_RUN_AVDD: supplied by +1.35V_LP0(sd2)
[    1.704933] tegra-pcie 1003000.pcie-controller: probing port 0, using 2 lanes
[    1.707038] tegra-pcie 1003000.pcie-controller: Slot present pin change, signature: 00000008
[    1.732471] mmc0: new high speed MMC card at address 0001
[    1.739169] mmcblk0: mmc0:0001 SEM16G 14.6 GiB 
[    1.744708] mmcblk0boot0: mmc0:0001 SEM16G partition 1 4.00 MiB
[    1.751683] mmcblk0boot1: mmc0:0001 SEM16G partition 2 4.00 MiB
[    1.758612] mmcblk0rpmb: mmc0:0001 SEM16G partition 3 4.00 MiB
[    1.768978] Primary GPT is invalid, using alternate GPT.
[    1.774384]  mmcblk0: p1 p2 p3 p4 p5 p6 p7 p8 p9
[    2.171792] tegra-pcie 1003000.pcie-controller: link 0 down, retrying
[    2.608173] tegra-pcie 1003000.pcie-controller: link 0 down, retrying
[    3.044323] tegra-pcie 1003000.pcie-controller: link 0 down, retrying
[    3.052949] tegra-pcie 1003000.pcie-controller: link 0 down, ignoring
[    3.059458] tegra-pcie 1003000.pcie-controller: probing port 1, using 1 lanes
[    3.068967] tegra-pcie 1003000.pcie-controller: Slot present pin change, signature: 00000000
[    3.079902] tegra-pcie 1003000.pcie-controller: PCI host bridge to bus 0000:00
[    3.087167] pci_bus 0000:00: root bus resource [mem 0x13000000-0x1fffffff]
[    3.094051] pci_bus 0000:00: root bus resource [mem 0x20000000-0x3fffffff pref]
[    3.101371] pci_bus 0000:00: root bus resource [bus 00-ff]
[    3.106863] pci_bus 0000:00: root bus resource [io  0x1000-0xffff]
[    3.113085] pci 0000:00:02.0: [10de:0e13] type 01 class 0x060400
[    3.119204] pci 0000:00:02.0: PME# supported from D0 D1 D2 D3hot D3cold
[    3.126114] PCI: bus0: Fast back to back transfers disabled
[    3.131699] pci 0000:00:02.0: bridge configuration invalid ([bus 00-00]), reconfiguring
[    3.139914] pci 0000:01:00.0: [10ec:8168] type 00 class 0x020000
[    3.145984] pci 0000:01:00.0: reg 0x10: [io  0x0000-0x00ff]
[    3.151594] pci 0000:01:00.0: reg 0x18: [mem 0x00000000-0x00000fff 64bit]
[    3.158406] pci 0000:01:00.0: reg 0x20: [mem 0x00000000-0x00003fff 64bit pref]
[    3.165748] pci 0000:01:00.0: supports D1 D2
[    3.170028] pci 0000:01:00.0: PME# supported from D0 D1 D2 D3hot D3cold
[    3.183456] PCI: bus1: Fast back to back transfers disabled
[    3.189078] pci_bus 0000:01: busn_res: [bus 01-ff] end is updated to 01
[    3.195794] pci 0000:00:02.0: BAR 8: assigned [mem 0x13000000-0x130fffff]
[    3.202595] pci 0000:00:02.0: BAR 9: assigned [mem 0x20000000-0x200fffff 64bit pref]
[    3.210345] pci 0000:00:02.0: BAR 7: assigned [io  0x1000-0x1fff]
[    3.216450] pci 0000:01:00.0: BAR 4: assigned [mem 0x20000000-0x20003fff 64bit pref]
[    3.224215] pci 0000:01:00.0: BAR 2: assigned [mem 0x13000000-0x13000fff 64bit]
[    3.231545] pci 0000:01:00.0: BAR 0: assigned [io  0x1000-0x10ff]
[    3.237650] pci 0000:00:02.0: PCI bridge to [bus 01]
[    3.242625] pci 0000:00:02.0:   bridge window [io  0x1000-0x1fff]
[    3.248727] pci 0000:00:02.0:   bridge window [mem 0x13000000-0x130fffff]
[    3.255521] pci 0000:00:02.0:   bridge window [mem 0x20000000-0x200fffff 64bit pref]
[    3.263300] pci 0000:00:02.0: nv_msi_ht_cap_quirk didn't locate host bridge
[    3.270382] pcieport 0000:00:02.0: enabling device (0140 -> 0143)
[    3.276710] pcieport 0000:00:02.0: Signaling PME through PCIe PME interrupt
[    3.283681] pci 0000:01:00.0: Signaling PME through PCIe PME interrupt
[    3.290216] pcie_pme 0000:00:02.0:pcie01: service driver pcie_pme loaded
[    3.297116] r8169 Gigabit Ethernet driver 2.3LK-NAPI loaded
[    3.302715] r8169 0000:01:00.0: enabling device (0140 -> 0143)
[    3.320142] r8169 0000:01:00.0 eth0: RTL8168g/8111g at 0xf0944000, 00:04:4b:25:b3:b4, XID 0c000800 IRQ 388
[    3.329830] r8169 0000:01:00.0 eth0: jumbo features [frames: 9200 bytes, tx checksumming: ko]
[    3.339190] +5V_HDMI_CON: supplied by +5V_SYS
[    3.343720] +1.05V_RUN_AVDD_HDMI_PLL: supplied by +1.05V_RUN
[    3.349651] +3.3V_RUN: supplied by +3.3V_SYS
[    3.354037] +3.3V_AVDD_HDMI_AP_GATED: supplied by +3.3V_RUN
[    3.362378] [drm] Supports vblank timestamp caching Rev 2 (21.10.2013).
[    3.369046] [drm] No driver support for vblank timestamp query.
[    3.473947] tegra-hdmi 54280000.hdmi: cannot set audio to 44100 at 297000000 pclk
[    3.584066] Console: switching to colour frame buffer device 512x135
[    3.678369] drm drm: fb0:  frame buffer device
[    3.698418] [drm] Initialized tegra 0.0.0 20120330 on minor 0
[    3.705400] +5V_SATA: supplied by +5V_SYS
[    3.709567] +12V_SATA: supplied by +VDD_MUX
[    3.714540] tegra-ahci 70027000.sata: AHCI 0001.0301 32 slots 2 ports 3 Gbps 0x1 impl platform mode
[    3.723615] tegra-ahci 70027000.sata: flags: 64bit ncq sntf pm led pio slum part sadm sds apst 
[    3.734547] scsi host0: tegra-ahci
[    3.739211] scsi host1: tegra-ahci
[    3.742962] ata1: SATA max UDMA/133 mmio [mem 0x70027000-0x70028fff] port 0x100 irq 341
[    3.750999] ata2: DUMMY
[    3.754744] +5V_USB_HS: supplied by +5V_SYS
[    3.760220] tegra-ehci 7d008000.usb: EHCI Host Controller
[    3.765679] tegra-ehci 7d008000.usb: new USB bus registered, assigned bus number 2
[    3.773491] tegra-ehci 7d008000.usb: irq 349, io mem 0x7d008000
[    3.788436] tegra-ehci 7d008000.usb: USB 2.0 started, EHCI 1.10
[    3.795612] hub 2-0:1.0: USB hub found
[    3.799466] hub 2-0:1.0: 1 port detected
[    3.805036] dev_pm_opp_of_cpumask_add_table: couldn't find opp table for cpu:0, -19
[    3.812819] cpufreq: cpufreq_online: CPU0: Running at unlisted freq: 696000 KHz
[    3.820187] cpufreq: cpufreq_online: CPU0: Unlisted initial frequency changed to: 714000 KHz
[    3.829386] sdhci-tegra 700b0400.sdhci: Got CD GPIO
[    3.834293] sdhci-tegra 700b0400.sdhci: Got WP GPIO
[    3.839219] mmc1: Unknown controller version (3). You may experience problems.
[    3.846545] +VDDIO_SDMMC3: supplied by +3.3V_RUN
[    3.851217] sdhci-tegra 700b0400.sdhci: No vmmc regulator found
[    3.857157] mmc1: Invalid maximum block size, assuming 512 bytes
[    3.898579] mmc1: SDHCI controller on 700b0400.sdhci [700b0400.sdhci] using ADMA 64-bit
[    3.907259] input: gpio-keys as /devices/soc0/gpio-keys/input/input0
[    3.914371] as3722-rtc as3722-rtc: setting system clock to 2000-01-01 00:00:50 UTC (946684850)
[    3.926785] +1.8V_RUN_CAM: disabling
[    3.930687] +2.8V_RUN_CAM: disabling
[    3.934429] +1.2V_RUN_CAM_FRONT: disabling
[    3.938640] +1.05V_RUN_CAM_REAR: disabling
[    3.942820] +3.3V_RUN_TOUCH: disabling
[    3.946657] +2.8V_RUN_CAM_AF: disabling
[    3.950582] +1.8V_RUN_VPP_FUSE: disabling
[    3.954680] +USB0_VBUS_SW: disabling
[    4.078396] ata1: SATA link down (SStatus 0 SControl 300)
[    4.084545] EXT4-fs (mmcblk0p1): couldn't mount as ext3 due to feature incompatibilities
[    4.093125] EXT4-fs (mmcblk0p1): couldn't mount as ext2 due to feature incompatibilities
[    4.109393] EXT4-fs (mmcblk0p1): warning: mounting fs with errors, running e2fsck is recommended
[    4.118284] usb 2-1: new high-speed USB device number 2 using tegra-ehci
[    4.120768] EXT4-fs (mmcblk0p1): recovery complete
[    4.120777] EXT4-fs (mmcblk0p1): mounted filesystem with ordered data mode. Opts: (null)
[    4.120802] VFS: Mounted root (ext4 filesystem) on device 179:1.
[    4.125210] devtmpfs: mounted
[    4.125509] Freeing unused kernel memory: 1040K (c0d94000 - c0e98000)
bash: cannot set terminal process group (-1): Inappropriate ioctl for device
bash: no job control in this shell
root@(none):/# mount -t sysfs none /sys
root@(none):/# 
root@(none):/# mount -t debugfs none /sys/kernel/debug
root@(none):/# 
root@(none):/# rtcwake -d rtc1 -m mem -s 3
rtcwake: assuming RTC uses UTC ...
rtcwake: wakeup from "mem" using /dev/rtc1 at Thu Jan  1 00:00:24 1970
[    7.532872] PM: Syncing filesystems ... done.
[    7.801862] Freezing user space processes ... (elapsed 0.001 seconds) done.
[    7.810244] Freezing remaining freezable tasks ... (elapsed 0.001 seconds) done.
[    7.818820] Suspending console(s) (use no_console_suspend to debug)
[    7.893713] PM: suspend of devices complete after 67.972 msecs
[    7.895457] PM: late suspend of devices complete after 1.733 msecs
[    7.909159] PM: noirq suspend of devices complete after 13.694 msecs
[    7.909161] Disabling non-boot CPUs ...
[    7.909514] CPU1: shutdown
[    7.929411] CPU2: shutdown
[    7.954231] CPU3: shutdown
[    7.968743] Entering suspend state LP1
[    7.968758] Enabling non-boot CPUs ...
[    7.993943] CPU1 is up
[    8.018998] CPU2 is up
[    8.044121] CPU3 is up
[    8.044795] pcieport 0000:00:02.0: nv_msi_ht_cap_quirk didn't locate host bridge
[    8.058435] PM: noirq resume of devices complete after 14.309 msecs
[    8.060615] PM: early resume of devices complete after 1.844 msecs
[    8.180137] PM: resume of devices complete after 119.512 msecs
[    8.251347] Restarting tasks ... done.
root@(none):/# 
root@(none):/# [    8.448402] ata1: SATA link down (SStatus 0 SControl 300)
rtcwake -d rtc1 -m mem -s 3
rtcwake: assuming RTC uses UTC ...
rtcwake: wakeup from "mem" using /dev/rtc1 at Thu Jan  1 00:00:28 1970
[    8.526921] PM: Syncing filesystems ... done.
[    8.589480] Freezing user space processes ... (elapsed 0.001 seconds) done.
[    8.597700] Freezing remaining freezable tasks ... (elapsed 0.001 seconds) done.
[    8.606385] Suspending console(s) (use no_console_suspend to debug)
[    8.684193] PM: suspend of devices complete after 70.551 msecs
[    8.686692] PM: late suspend of devices complete after 2.486 msecs
[    8.699459] PM: noirq suspend of devices complete after 12.759 msecs
[    8.699461] Disabling non-boot CPUs ...
[    8.700020] CPU1: shutdown
[    8.715021] CPU2: shutdown
[    8.729760] CPU3: shutdown
[    8.744032] Entering suspend state LP1
[    8.744047] Enabling non-boot CPUs ...
[    8.768951] CPU1 is up
[    8.794008] CPU2 is up
[    8.819147] CPU3 is up
[    8.819795] pcieport 0000:00:02.0: nv_msi_ht_cap_quirk didn't locate host bridge
[    8.833413] PM: noirq resume of devices complete after 14.259 msecs
[    8.835745] PM: early resume of devices complete after 1.992 msecs
[    8.955039] PM: resume of devices complete after 119.283 msecs
[    9.026243] Restarting tasks ... done.
root@(none):/# 
root@(none):/# [    9.223334] ata1: SATA link down (SStatus 0 SControl 300)
rtcwake -d rtc1 -m mem -s 3
rtcwake: assuming RTC uses UTC ...
rtcwake: wakeup from "mem" using /dev/rtc1 at Thu Jan  1 00:00:32 1970
[    9.305514] PM: Syncing filesystems ... done.
[    9.414253] Freezing user space processes ... (elapsed 0.001 seconds) done.
[    9.422589] Freezing remaining freezable tasks ... (elapsed 0.001 seconds) done.
[    9.431410] Suspending console(s) (use no_console_suspend to debug)
[    9.509623] PM: suspend of devices complete after 70.260 msecs
[    9.513919] PM: late suspend of devices complete after 4.277 msecs
[    9.530489] PM: noirq suspend of devices complete after 16.557 msecs
[    9.530493] Disabling non-boot CPUs ...
[    9.531405] CPU1: shutdown
[    9.556232] CPU2: shutdown
[    9.570827] CPU3: shutdown
[    9.584597] Entering suspend state LP1
[    9.584613] Enabling non-boot CPUs ...
[    9.608916] CPU1 is up
[    9.633979] CPU2 is up
[    9.659114] CPU3 is up
[    9.659758] pcieport 0000:00:02.0: nv_msi_ht_cap_quirk didn't locate host bridge
[    9.673388] PM: noirq resume of devices complete after 14.268 msecs
[    9.675634] PM: early resume of devices complete after 1.926 msecs
[    9.795105] PM: resume of devices complete after 119.461 msecs
[    9.866304] Restarting tasks ... done.
root@(none):/# 
root@(none):/# [   10.063349] ata1: SATA link down (SStatus 0 SControl 300)
rtcwake -d rtc1 -m mem -s 3
rtcwake: assuming RTC uses UTC ...
rtcwake: wakeup from "mem" using /dev/rtc1 at Thu Jan  1 00:00:36 1970
[   10.143386] PM: Syncing filesystems ... done.
[   10.320878] Freezing user space processes ... (elapsed 0.001 seconds) done.
[   10.329457] Freezing remaining freezable tasks ... (elapsed 0.001 seconds) done.
[   10.338578] Suspending console(s) (use no_console_suspend to debug)
[   10.420298] PM: suspend of devices complete after 72.805 msecs
[   10.425799] PM: late suspend of devices complete after 5.475 msecs
[   10.441839] PM: noirq suspend of devices complete after 16.020 msecs
[   10.441846] Disabling non-boot CPUs ...
[   10.443324] CPU1: shutdown
[   10.478152] CPU2: shutdown
[   10.497388] CPU3: shutdown
[   10.515448] Entering suspend state LP1
[   10.515464] Enabling non-boot CPUs ...
[   10.538894] CPU1 is up
[   10.563957] CPU2 is up
[   10.589086] CPU3 is up
[   10.589735] pcieport 0000:00:02.0: nv_msi_ht_cap_quirk didn't locate host bridge
[   10.603348] PM: noirq resume of devices complete after 14.256 msecs
[   10.605815] PM: early resume of devices complete after 2.139 msecs
[   10.724994] PM: resume of devices complete after 119.167 msecs
[   10.796193] Restarting tasks ... done.
root@(none):/# 
root@(none):/# [   10.993317] ata1: SATA link down (SStatus 0 SControl 300)
rtcwake -d rtc1 -m mem -s 3
rtcwake: assuming RTC uses UTC ...
rtcwake: wakeup from "mem" using /dev/rtc1 at Thu Jan  1 00:00:40 1970
[   11.081329] PM: Syncing filesystems ... done.
[   11.259840] Freezing user space processes ... (elapsed 0.001 seconds) done.
[   11.268424] Freezing remaining freezable tasks ... (elapsed 0.001 seconds) done.
[   11.277459] Suspending console(s) (use no_console_suspend to debug)
[   11.360775] PM: suspend of devices complete after 74.340 msecs
[   11.367375] PM: late suspend of devices complete after 6.572 msecs
[   11.386710] PM: noirq suspend of devices complete after 19.315 msecs
[   11.386717] Disabling non-boot CPUs ...
[   11.388195] CPU1: shutdown
[   11.413118] CPU2: shutdown
[   11.432356] CPU3: shutdown
[   11.450361] Entering suspend state LP1
[   11.450377] Enabling non-boot CPUs ...
[   11.473865] CPU1 is up
[   11.498922] CPU2 is up
[   11.524053] CPU3 is up
[   11.524701] pcieport 0000:00:02.0: nv_msi_ht_cap_quirk didn't locate host bridge
[   11.538322] PM: noirq resume of devices complete after 14.264 msecs
[   11.540771] PM: early resume of devices complete after 2.124 msecs
[   11.660215] PM: resume of devices complete after 119.433 msecs
[   11.731403] Restarting tasks ... done.
root@(none):/# 
root@(none):/# NVTB SYSTEM SUSPEND TEST COMPLETE
[   11.928305] ata1: SATA link down (SStatus 0 SControl 300)
