
U-Boot SPL 2016.05-rc2 (Apr 21 2016 - 16:23:00)
Trying to boot from RAM


U-Boot 2016.05-rc2 (Apr 21 2016 - 16:23:00 -0700)

TEGRA124
Model: NVIDIA Jetson TK1
Board: NVIDIA Jetson TK1
DRAM:  2 GiB
MC:   Tegra SD/MMC: 0, Tegra SD/MMC: 1
In:    serial
Out:   serial
Err:   serial
Net:   No ethernet found.
Hit any key to stop autoboot:  2  0 
Tegra124 (Jetson TK1) # 
Tegra124 (Jetson TK1) # pci enum
Tegra124 (Jetson TK1) # setenv bootargs 'ignore_loglevel console=ttyS0,115200n8 rw root=PARTUUID=b1791faa-84e8-4e27-83a1-9fb0a77e8803 rootwait gpt debug noinitrd earlyprintk init=/bin/bash'
Tegra124 (Jetson TK1) # setenv ipaddr 192.168.100.102; setenv serverip 192.168.100.1; setenv tftpserverip 192.168.100.1
Tegra124 (Jetson TK1) # tftpboot 0x82000000 zImage.multi_v7_defconfig

Warning: eth_rtl8169 using MAC address from ROM
Using eth_rtl8169 device
TFTP from server 192.168.100.1; our IP address is 192.168.100.102
Filename 'zImage.multi_v7_defconfig'.
Load address: 0x82000000
Loading: *#################################################################
	 #################################################################
	 #################################################################
	 #################################################################
	 #################################################################
	 #################################################################
	 #################################################################
	 #################################################################
	 ################
	 3.9 MiB/s
done
Bytes transferred = 7859624 (77eda8 hex)
Tegra124 (Jetson TK1) # tftpboot 0x83000000 tegra124-jetson-tk1.dtb
Using eth_rtl8169 device
TFTP from server 192.168.100.1; our IP address is 192.168.100.102
Filename 'tegra124-jetson-tk1.dtb'.
Load address: 0x83000000
Loading: *#####
	 3.8 MiB/s
done
Bytes transferred = 67133 (1063d hex)
Tegra124 (Jetson TK1) # bootz 0x82000000 - 0x83000000
Kernel image @ 0x82000000 [ 0x000000 - 0x77eda8 ]
## Flattened Device Tree blob at 83000000
   Booting using the fdt blob at 0x83000000
   Using Device Tree in place at 83000000, end 8301363c

Starting kernel ...

[    0.000000] Booting Linux on physical CPU 0x0
[    0.000000] Linux version 4.11.0-rc4-next-20170327-161561-g93a4a44 (jonathanh@sellafield) (gcc version 4.7.3 20130328 (prerelease) (crosstool-NG linaro-1.13.1-4.7-2013.04-20130415 - Linaro GCC 2013.04) ) #1 SMP Tue Mar 28 01:53:10 PDT 2017
[    0.000000] CPU: ARMv7 Processor [413fc0f3] revision 3 (ARMv7), cr=10c5387d
[    0.000000] CPU: div instructions available: patching division code
[    0.000000] CPU: PIPT / VIPT nonaliasing data cache, PIPT instruction cache
[    0.000000] OF: fdt: Machine model: NVIDIA Tegra124 Jetson TK1
[    0.000000] debug: ignoring loglevel setting.
[    0.000000] efi: Getting EFI parameters from FDT:
[    0.000000] efi: UEFI not found.
[    0.000000] cma: Reserved 64 MiB at 0xfb800000
[    0.000000] Memory policy: Data cache writealloc
[    0.000000] On node 0 totalpages: 524032
[    0.000000] free_area_init_node: node 0, pgdat c157cb40, node_mem_map eeff8000
[    0.000000]   DMA zone: 1536 pages used for memmap
[    0.000000]   DMA zone: 0 pages reserved
[    0.000000]   DMA zone: 196608 pages, LIFO batch:31
[    0.000000]   HighMem zone: 327424 pages, LIFO batch:31
[    0.000000] percpu: Embedded 17 pages/cpu @eef82000 s38528 r8192 d22912 u69632
[    0.000000] pcpu-alloc: s38528 r8192 d22912 u69632 alloc=17*4096
[    0.000000] pcpu-alloc: [0] 0 [0] 1 [0] 2 [0] 3 
[    0.000000] Built 1 zonelists in Zone order, mobility grouping on.  Total pages: 522496
[    0.000000] Kernel command line: ignore_loglevel console=ttyS0,115200n8 rw root=PARTUUID=b1791faa-84e8-4e27-83a1-9fb0a77e8803 rootwait gpt debug noinitrd earlyprintk init=/bin/bash
[    0.000000] PID hash table entries: 4096 (order: 2, 16384 bytes)
[    0.000000] Dentry cache hash table entries: 131072 (order: 7, 524288 bytes)
[    0.000000] Inode-cache hash table entries: 65536 (order: 6, 262144 bytes)
[    0.000000] Memory: 1993456K/2096128K available (10240K kernel code, 1553K rwdata, 4388K rodata, 2048K init, 417K bss, 37136K reserved, 65536K cma-reserved, 1244160K highmem)
[    0.000000] Virtual kernel memory layout:
[    0.000000]     vector  : 0xffff0000 - 0xffff1000   (   4 kB)
[    0.000000]     fixmap  : 0xffc00000 - 0xfff00000   (3072 kB)
[    0.000000]     vmalloc : 0xf0800000 - 0xff800000   ( 240 MB)
[    0.000000]     lowmem  : 0xc0000000 - 0xf0000000   ( 768 MB)
[    0.000000]     pkmap   : 0xbfe00000 - 0xc0000000   (   2 MB)
[    0.000000]     modules : 0xbf000000 - 0xbfe00000   (  14 MB)
[    0.000000]       .text : 0xc0208000 - 0xc0d00000   (11232 kB)
[    0.000000]       .init : 0xc1200000 - 0xc1400000   (2048 kB)
[    0.000000]       .data : 0xc1400000 - 0xc1584590   (1554 kB)
[    0.000000]        .bss : 0xc1586000 - 0xc15ee5c8   ( 418 kB)
[    0.000000] SLUB: HWalign=64, Order=0-3, MinObjects=0, CPUs=4, Nodes=1
[    0.000000] Hierarchical RCU implementation.
[    0.000000] 	RCU debugfs-based tracing is enabled.
[    0.000000] 	RCU restricting CPUs from NR_CPUS=16 to nr_cpu_ids=4.
[    0.000000] RCU: Adjusting geometry for rcu_fanout_leaf=16, nr_cpu_ids=4
[    0.000000] NR_IRQS:16 nr_irqs:16 16
[    0.000000] /interrupt-controller@60004000: 160 interrupts forwarded to /interrupt-controller@50041000
[    0.000000] Tegra clk 127: register failed with -17
[    0.000008] sched_clock: 32 bits at 1000kHz, resolution 1000ns, wraps every 2147483647500ns
[    0.000027] clocksource: timer_us: mask: 0xffffffff max_cycles: 0xffffffff, max_idle_ns: 1911260446275 ns
[    0.000042] Switching to timer-based delay loop, resolution 1000ns
[    0.005083] arm_arch_timer: Architected cp15 timer(s) running at 12.00MHz (virt).
[    0.005102] clocksource: arch_sys_counter: mask: 0xffffffffffffff max_cycles: 0x2c47f4ee7, max_idle_ns: 440795202497 ns
[    0.005121] sched_clock: 56 bits at 12MHz, resolution 83ns, wraps every 4398046511096ns
[    0.005135] Switching to timer-based delay loop, resolution 83ns
[    0.005602] Console: colour dummy device 80x30
[    0.005630] Calibrating delay loop (skipped), value calculated using timer frequency.. 24.00 BogoMIPS (lpj=120000)
[    0.005648] pid_max: default: 32768 minimum: 301
[    0.005742] Mount-cache hash table entries: 2048 (order: 1, 8192 bytes)
[    0.005757] Mountpoint-cache hash table entries: 2048 (order: 1, 8192 bytes)
[    0.006232] CPU: Testing write buffer coherency: ok
[    0.006478] /cpus/cpu@0 missing clock-frequency property
[    0.006521] /cpus/cpu@1 missing clock-frequency property
[    0.006564] /cpus/cpu@2 missing clock-frequency property
[    0.006607] /cpus/cpu@3 missing clock-frequency property
[    0.006621] CPU0: thread -1, cpu 0, socket 0, mpidr 80000000
[    0.006906] Setting up static identity map for 0x80300000 - 0x80300098
[    0.010550] Tegra Revision: A01 SKU: 129 CPU Process: 1 SoC Process: 1
[    0.011192] EFI services will not be available.
[    0.011417] smp: Bringing up secondary CPUs ...
[    0.012008] CPU1: thread -1, cpu 1, socket 0, mpidr 80000001
[    0.015321] CPU2: thread -1, cpu 2, socket 0, mpidr 80000002
[    0.025334] CPU3: thread -1, cpu 3, socket 0, mpidr 80000003
[    0.034769] smp: Brought up 1 node, 4 CPUs
[    0.034791] SMP: Total of 4 processors activated (96.00 BogoMIPS).
[    0.034800] CPU: All CPU(s) started in SVC mode.
[    0.036286] devtmpfs: initialized
[    0.052639] VFP support v0.3: implementor 41 architecture 4 part 30 variant f rev 0
[    0.053023] clocksource: jiffies: mask: 0xffffffff max_cycles: 0xffffffff, max_idle_ns: 19112604462750000 ns
[    0.053042] futex hash table entries: 1024 (order: 4, 65536 bytes)
[    0.054479] pinctrl core: initialized pinctrl subsystem
[    0.056406] NET: Registered protocol family 16
[    0.058469] DMA: preallocated 256 KiB pool for atomic coherent allocations
[    0.060921] cpuidle: using governor menu
[    0.087671] No ATAGs?
[    0.087798] hw-breakpoint: found 5 (+1 reserved) breakpoint and 4 watchpoint registers.
[    0.087814] hw-breakpoint: maximum watchpoint size is 8 bytes.
[    0.094314] Serial: AMBA PL011 UART driver
[    0.110284] AT91: Could not find identification node
[    0.110816] +5V_SYS: supplied by +VDD_MUX
[    0.111088] +3.3V_SYS: supplied by +VDD_MUX
[    0.111669] +USB0_VBUS_SW: Failed to request enable GPIO108: -517
[    0.111685] reg-fixed-voltage regulators:regulator@7: Failed to register regulator: -517
[    0.111774] +5V_USB_HS: Failed to request enable GPIO109: -517
[    0.111789] reg-fixed-voltage regulators:regulator@8: Failed to register regulator: -517
[    0.111953] +1.05V_RUN_AVDD_HDMI_PLL: Failed to request enable GPIO63: -517
[    0.111968] reg-fixed-voltage regulators:regulator@11: Failed to register regulator: -517
[    0.112054] +5V_HDMI_CON: Failed to request enable GPIO86: -517
[    0.112068] reg-fixed-voltage regulators:regulator@12: Failed to register regulator: -517
[    0.112155] +5V_SATA: Failed to request enable GPIO242: -517
[    0.112169] reg-fixed-voltage regulators:regulator@13: Failed to register regulator: -517
[    0.112255] +12V_SATA: Failed to request enable GPIO242: -517
[    0.112268] reg-fixed-voltage regulators:regulator@14: Failed to register regulator: -517
[    0.115405] vgaarb: loaded
[    0.116171] SCSI subsystem initialized
[    0.116332] libata version 3.00 loaded.
[    0.116577] usbcore: registered new interface driver usbfs
[    0.116636] usbcore: registered new interface driver hub
[    0.116696] usbcore: registered new device driver usb
[    0.120106] pps_core: LinuxPPS API ver. 1 registered
[    0.120117] pps_core: Software ver. 5.3.6 - Copyright 2005-2007 Rodolfo Giometti <giometti@linux.it>
[    0.120140] PTP clock support registered
[    0.120323] EDAC MC: Ver: 3.0.0
[    0.123161] clocksource: Switched to clocksource arch_sys_counter
[    0.177667] NET: Registered protocol family 2
[    0.178174] TCP established hash table entries: 8192 (order: 3, 32768 bytes)
[    0.178275] TCP bind hash table entries: 8192 (order: 4, 65536 bytes)
[    0.178463] TCP: Hash tables configured (established 8192 bind 8192)
[    0.178546] UDP hash table entries: 512 (order: 2, 16384 bytes)
[    0.178589] UDP-Lite hash table entries: 512 (order: 2, 16384 bytes)
[    0.178739] NET: Registered protocol family 1
[    0.179042] RPC: Registered named UNIX socket transport module.
[    0.179053] RPC: Registered udp transport module.
[    0.179062] RPC: Registered tcp transport module.
[    0.179070] RPC: Registered tcp NFSv4.1 backchannel transport module.
[    0.179082] PCI: CLS 0 bytes, default 64
[    0.180318] hw perfevents: enabled with armv7_cortex_a15 PMU driver, 7 counters available
[    0.182125] workingset: timestamp_bits=30 max_order=19 bucket_order=0
[    0.190355] squashfs: version 4.0 (2009/01/31) Phillip Lougher
[    0.191044] NFS: Registering the id_resolver key type
[    0.191076] Key type id_resolver registered
[    0.191085] Key type id_legacy registered
[    0.191126] ntfs: driver 2.1.32 [Flags: R/O].
[    0.192667] bounce: pool size: 64 pages
[    0.192708] Block layer SCSI generic (bsg) driver version 0.4 loaded (major 248)
[    0.192720] io scheduler noop registered
[    0.192729] io scheduler deadline registered
[    0.192891] io scheduler cfq registered (default)
[    0.192902] io scheduler mq-deadline registered
[    0.198156]  usb2-0: usb2-0 supply vbus not found, using dummy regulator
[    0.198288]  usb2-1: usb2-1 supply vbus not found, using dummy regulator
[    0.198731] tegra-xusb-padctl 7009f000.padctl: failed to setup XUSB ports: -517
[    0.214412] tegra-pcie 1003000.pcie-controller: 2x1, 1x1 configuration
[    0.214466] tegra-pcie 1003000.pcie-controller: Failed to get supply 'avddio-pex': -517
[    0.220685] tegra124-dfll 70110000.clock: couldn't get vdd_cpu regulator
[    0.228261] tegra-apbdma 60020000.dma: Tegra20 APB DMA driver register 32 channels
[    0.230447] tegra-pmc 7000e400.pmc: emergency thermal reset enabled
[    0.285414] Serial: 8250/16550 driver, 4 ports, IRQ sharing disabled
[    0.287957] console [ttyS0] disabled
[    0.287993] 70006300.serial: ttyS0 at MMIO 0x70006300 (irq = 335, base_baud = 25500000) is a Tegra
[    1.177687] console [ttyS0] enabled
[    1.182003] SuperH (H)SCI(F) driver initialized
[    1.187538] msm_serial: driver initialized
[    1.191812] STMicroelectronics ASC driver initialized
[    1.197716] 70006000.serial: ttyTHS1 at MMIO 0x70006000 (irq = 333, base_baud = 0) is a TEGRA_UART
[    1.206981] 70006040.serial: ttyTHS2 at MMIO 0x70006040 (irq = 334, base_baud = 0) is a TEGRA_UART
[    1.221316] tegra-hdmi 54280000.hdmi: failed to get HDMI regulator
[    1.240036] brd: module loaded
[    1.250010] loop: module loaded
[    1.254354] at24 0-0056: 256 byte 24c02 EEPROM, writable, 8 bytes/write
[    1.262660] as3722 4-0040: AS3722 with revision 0x1 found
[    1.274387] as3722-sd2: supplied by +5V_SYS
[    1.279006] as3722-sd3: supplied by +5V_SYS
[    1.283509] +1.35V_LP0(sd3): Bringing 0uV into 1350000-1350000uV
[    1.289843] as3722-sd4: supplied by +5V_SYS
[    1.294474] as3722-sd5: supplied by +5V_SYS
[    1.300487] as3722-ldo0: supplied by +1.35V_LP0(sd2)
[    1.306549] +1.8V_RUN_CAM: Bringing 0uV into 1800000-1800000uV
[    1.312746] as3722-ldo2: supplied by +1.8V_VDDIO
[    1.318630] as3722-ldo3: supplied by +3.3V_SYS
[    1.323110] +1.05V_LP0_VDD_RTC: Bringing 1100000uV into 1000000-1000000uV
[    1.330879] as3722-ldo4: supplied by +3.3V_SYS
[    1.335564] +2.8V_RUN_CAM: Bringing 0uV into 2800000-2800000uV
[    1.341758] as3722-ldo5: supplied by +1.8V_VDDIO
[    1.346607] +1.2V_RUN_CAM_FRONT: Bringing 0uV into 1200000-1200000uV
[    1.353522] +VDDIO_SDMMC3: bypassed regulator has no supply!
[    1.359175] +VDDIO_SDMMC3: failed to get the current voltage(-517)
[    1.365371] as3722-regulator as3722-regulator: regulator 13 register failed -517
[    1.378257] tegra-ahci 70027000.sata: couldn't get PHY in node sata: -517
[    1.397587] random: fast init done
[    1.401118] m25p80 spi32765.0: w25q32dw (4096 Kbytes)
[    1.408928] libphy: Fixed MDIO Bus: probed
[    1.414112] CAN device driver interface
[    1.418860] bgmac_bcma: Broadcom 47xx GBit MAC driver loaded
[    1.425969] e1000e: Intel(R) PRO/1000 Network Driver - 3.2.6-k
[    1.431793] e1000e: Copyright(c) 1999 - 2015 Intel Corporation.
[    1.437773] igb: Intel(R) Gigabit Ethernet Network Driver - version 5.4.0-k
[    1.444740] igb: Copyright (c) 2007-2014 Intel Corporation.
[    1.453923] pegasus: v0.9.3 (2013/04/25), Pegasus/Pegasus II USB Ethernet driver
[    1.461354] usbcore: registered new interface driver pegasus
[    1.467077] usbcore: registered new interface driver asix
[    1.472509] usbcore: registered new interface driver ax88179_178a
[    1.478643] usbcore: registered new interface driver cdc_ether
[    1.484535] usbcore: registered new interface driver smsc75xx
[    1.490322] usbcore: registered new interface driver smsc95xx
[    1.496108] usbcore: registered new interface driver net1080
[    1.501795] usbcore: registered new interface driver cdc_subset
[    1.507758] usbcore: registered new interface driver zaurus
[    1.513394] usbcore: registered new interface driver cdc_ncm
[    1.519259] tegra-phy 7d004000.usb-phy: no vbus regulator
[    1.526631] ehci_hcd: USB 2.0 'Enhanced' Host Controller (EHCI) Driver
[    1.533165] ehci-pci: EHCI PCI platform driver
[    1.537643] ehci-platform: EHCI generic platform driver
[    1.543067] ehci-orion: EHCI orion driver
[    1.547248] SPEAr-ehci: EHCI SPEAr driver
[    1.551391] ehci-st: EHCI STMicroelectronics driver
[    1.556414] ehci-exynos: EHCI EXYNOS driver
[    1.560750] ehci-atmel: EHCI Atmel driver
[    1.564910] tegra-ehci: Tegra EHCI driver
[    1.571744] tegra-ehci 7d004000.usb: EHCI Host Controller
[    1.577175] tegra-ehci 7d004000.usb: new USB bus registered, assigned bus number 1
[    1.584952] tegra-ehci 7d004000.usb: irq 354, io mem 0x7d004000
[    1.613189] tegra-ehci 7d004000.usb: USB 2.0 started, EHCI 1.10
[    1.619893] hub 1-0:1.0: USB hub found
[    1.623697] hub 1-0:1.0: 1 port detected
[    1.628161] ohci_hcd: USB 1.1 'Open' Host Controller (OHCI) Driver
[    1.634380] ohci-pci: OHCI PCI platform driver
[    1.638859] ohci-platform: OHCI generic platform driver
[    1.644265] ohci-omap3: OHCI OMAP3 driver
[    1.648404] SPEAr-ohci: OHCI SPEAr driver
[    1.652544] ohci-st: OHCI STMicroelectronics driver
[    1.657568] ohci-atmel: OHCI Atmel driver
[    1.662328] usbcore: registered new interface driver usb-storage
[    1.672650] as3722-rtc as3722-rtc: rtc core: registered as3722-rtc as rtc0
[    1.679550] as3722-rtc as3722-rtc: RTC interrupt 377
[    1.687767] tegra_rtc 7000e000.rtc: rtc core: registered 7000e000.rtc as rtc1
[    1.694949] tegra_rtc 7000e000.rtc: Tegra internal Real Time Clock
[    1.701634] i2c /dev entries driver
[    1.711780] lm90 0-004c: 0-004c supply vcc not found, using dummy regulator
[    1.728908] sdhci: Secure Digital Host Controller Interface driver
[    1.735104] sdhci: Copyright(c) Pierre Ossman
[    1.741040] Synopsys Designware Multimedia Card Interface Driver
[    1.748354] sdhci-pltfm: SDHCI platform and OF driver helper
[    1.754791] sdhci-tegra 700b0400.sdhci: Got CD GPIO
[    1.759678] sdhci-tegra 700b0400.sdhci: Got WP GPIO
[    1.780923] mmc0: Unknown controller version (3). You may experience problems.
[    1.788200] mmc0: Invalid maximum block size, assuming 512 bytes
[    1.853183] mmc0: SDHCI controller on 700b0600.sdhci [700b0600.sdhci] using ADMA
[    1.862477] ledtrig-cpu: registered to indicate activity on CPUs
[    1.868811] usbcore: registered new interface driver usbhid
[    1.874396] usbhid: USB HID core driver
[    1.882084] NET: Registered protocol family 10
[    1.887397] Segment Routing with IPv6
[    1.891107] sit: IPv6, IPv4 and MPLS over IPv4 tunneling driver
[    1.897585] NET: Registered protocol family 17
[    1.902030] can: controller area network core (rev 20120528 abi 9)
[    1.908268] NET: Registered protocol family 29
[    1.912707] can: raw protocol (rev 20120528)
[    1.916988] can: broadcast manager protocol (rev 20161123 t)
[    1.922644] can: netlink gateway (rev 20130117) max_hops=1
[    1.928429] Key type dns_resolver registered
[    1.933238] ThumbEE CPU extension supported.
[    1.937508] Registering SWP/SWPB emulation handler
[    1.956590] +3.3V_RUN: supplied by +3.3V_SYS
[    1.962107] +USB0_VBUS_SW: supplied by +5V_SYS
[    1.966833] +3.3V_AVDD_HDMI_AP_GATED: supplied by +3.3V_RUN
[    1.972752] +5V_USB_HS: supplied by +5V_SYS
[    1.978721] +3.3V_LP0: supplied by +3.3V_SYS
[    1.985079] +5V_HDMI_CON: supplied by +5V_SYS
[    1.990101] +5V_SATA: supplied by +5V_SYS
[    1.994788] +12V_SATA: supplied by +VDD_MUX
[    2.001131]  usb2-0: usb2-0 supply vbus not found, using dummy regulator
[    2.002810] mmc0: new high speed MMC card at address 0001
[    2.003873] mmcblk0: mmc0:0001 SEM16G 14.7 GiB 
[    2.004459] mmcblk0boot0: mmc0:0001 SEM16G partition 1 4.00 MiB
[    2.004839] mmcblk0boot1: mmc0:0001 SEM16G partition 2 4.00 MiB
[    2.005645] mmcblk0rpmb: mmc0:0001 SEM16G partition 3 4.00 MiB
[    2.009961]  mmcblk0: p1
[    2.038206]  usb2-1: usb2-1 supply vbus not found, using dummy regulator
[    2.045257]  usb3-0: usb3-0 supply vbus not found, using dummy regulator
[    2.053133] tegra-pcie 1003000.pcie-controller: 2x1, 1x1 configuration
[    2.059778] tegra-pcie 1003000.pcie-controller: Failed to get supply 'avddio-pex': -517
[    2.070895] tegra124-dfll 70110000.clock: couldn't get vdd_cpu regulator
[    2.081994] tegra-hdmi 54280000.hdmi: failed to get PLL regulator
[    2.092730] as3722-sd2: supplied by +5V_SYS
[    2.097290] as3722-sd3: supplied by +5V_SYS
[    2.101699] as3722-sd4: supplied by +5V_SYS
[    2.106247] as3722-sd5: supplied by +5V_SYS
[    2.112116] as3722-ldo0: supplied by +1.35V_LP0(sd2)
[    2.117932] as3722-ldo1: supplied by +3.3V_RUN
[    2.122701] as3722-ldo2: supplied by +1.8V_VDDIO
[    2.128413] as3722-ldo3: supplied by +3.3V_SYS
[    2.133834] as3722-ldo4: supplied by +3.3V_SYS
[    2.138527] as3722-ldo5: supplied by +1.8V_VDDIO
[    2.143436] as3722-ldo6: supplied by +3.3V_RUN
[    2.148126] as3722-ldo7: supplied by +1.8V_VDDIO
[    2.153575] +1.05V_RUN_CAM_REAR: Bringing 0uV into 1050000-1050000uV
[    2.160638] as3722-ldo9: supplied by +5V_SYS
[    2.166225] +3.3V_RUN_TOUCH: Bringing 0uV into 2800000-2800000uV
[    2.172945] as3722-ldo10: supplied by +5V_SYS
[    2.178111] +2.8V_RUN_CAM_AF: Bringing 0uV into 2800000-2800000uV
[    2.184966] as3722-ldo11: supplied by +3.3V_RUN
[    2.190266] +1.8V_RUN_VPP_FUSE: Bringing 0uV into 1800000-1800000uV
[    2.199825] tegra-ahci 70027000.sata: AHCI 0001.0301 32 slots 2 ports 3 Gbps 0x1 impl platform mode
[    2.208899] tegra-ahci 70027000.sata: flags: 64bit ncq sntf pm led pio slum part sadm sds apst 
[    2.219417] scsi host0: tegra-ahci
[    2.223977] scsi host1: tegra-ahci
[    2.227669] ata1: SATA max UDMA/133 mmio [mem 0x70027000-0x70028fff] port 0x100 irq 345
[    2.235707] ata2: DUMMY
[    2.240989] tegra-ehci 7d008000.usb: EHCI Host Controller
[    2.246428] tegra-ehci 7d008000.usb: new USB bus registered, assigned bus number 2
[    2.254278] tegra-ehci 7d008000.usb: irq 355, io mem 0x7d008000
[    2.283282] tegra-ehci 7d008000.usb: USB 2.0 started, EHCI 1.10
[    2.290114] hub 2-0:1.0: USB hub found
[    2.293967] hub 2-0:1.0: 1 port detected
[    2.300254] sdhci-tegra 700b0400.sdhci: Got CD GPIO
[    2.305208] sdhci-tegra 700b0400.sdhci: Got WP GPIO
[    2.317385] mmc1: Unknown controller version (3). You may experience problems.
[    2.324725] mmc1: Invalid maximum block size, assuming 512 bytes
[    2.393708] mmc1: SDHCI controller on 700b0400.sdhci [700b0400.sdhci] using ADMA
[    2.401801] tegra-pcie 1003000.pcie-controller: 2x1, 1x1 configuration
[    2.410431] tegra-pcie 1003000.pcie-controller: probing port 0, using 2 lanes
[    2.421114] tegra-pcie 1003000.pcie-controller: Slot present pin change, signature: 00000008
[    2.443978] tegra-pcie 1003000.pcie-controller: probing port 1, using 1 lanes
[    2.453282] tegra-pcie 1003000.pcie-controller: Slot present pin change, signature: 00000000
[    2.467604] tegra-pcie 1003000.pcie-controller: PCI host bridge to bus 0000:00
[    2.474875] pci_bus 0000:00: root bus resource [io  0x0000-0xffff]
[    2.481065] pci_bus 0000:00: root bus resource [mem 0x13000000-0x1fffffff]
[    2.487976] pci_bus 0000:00: root bus resource [mem 0x20000000-0x3fffffff pref]
[    2.495327] pci_bus 0000:00: root bus resource [bus 00-ff]
[    2.500856] pci 0000:00:01.0: [10de:0e12] type 01 class 0x060400
[    2.506951] pci_bus 0000:00: 2-byte config write to 0000:00:01.0 offset 0x88 may corrupt adjacent RW1C bits
[    2.516764] pci_bus 0000:00: 2-byte config write to 0000:00:01.0 offset 0x52 may corrupt adjacent RW1C bits
[    2.526570] pci 0000:00:01.0: PME# supported from D0 D1 D2 D3hot D3cold
[    2.533229] pci_bus 0000:00: 2-byte config write to 0000:00:01.0 offset 0x4c may corrupt adjacent RW1C bits
[    2.543286] pci 0000:00:02.0: [10de:0e13] type 01 class 0x060400
[    2.549341] pci_bus 0000:00: 2-byte config write to 0000:00:02.0 offset 0x88 may corrupt adjacent RW1C bits
[    2.559151] pci_bus 0000:00: 2-byte config write to 0000:00:02.0 offset 0x52 may corrupt adjacent RW1C bits
[    2.568959] pci 0000:00:02.0: PME# supported from D0 D1 D2 D3hot D3cold
[    2.575624] pci_bus 0000:00: 2-byte config write to 0000:00:02.0 offset 0x4c may corrupt adjacent RW1C bits
[    2.576937] ata1: SATA link down (SStatus 0 SControl 300)
[    2.591031] pci_bus 0000:00: 2-byte config write to 0000:00:01.0 offset 0x3e may corrupt adjacent RW1C bits
[    2.600793] pci_bus 0000:00: 2-byte config write to 0000:00:02.0 offset 0x3e may corrupt adjacent RW1C bits
[    2.610539] pci_bus 0000:00: 2-byte config write to 0000:00:01.0 offset 0x4 may corrupt adjacent RW1C bits
[    2.620199] pci_bus 0000:00: 1-byte config write to 0000:00:01.0 offset 0xc may corrupt adjacent RW1C bits
[    2.629891] PCI: bus0: Fast back to back transfers disabled
[    2.635480] pci 0000:00:01.0: bridge configuration invalid ([bus 00-00]), reconfiguring
[    2.643499] pci 0000:00:02.0: bridge configuration invalid ([bus 00-00]), reconfiguring
[    2.651713] pci 0000:01:00.0: [8086:4232] type 00 class 0x028000
[    2.657775] pci 0000:01:00.0: reg 0x10: [mem 0x00000000-0x00001fff 64bit]
[    2.664774] pci 0000:01:00.0: PME# supported from D0 D3hot D3cold
[    2.685563] mmc1: new high speed SDHC card at address aaaa
[    2.691852] mmcblk1: mmc1:aaaa SD04G 3.69 GiB 
[    2.696667] PCI: bus1: Fast back to back transfers disabled
[    2.702267] pci_bus 0000:01: busn_res: [bus 01-ff] end is updated to 01
[    2.709151] pci 0000:02:00.0: [10ec:8168] type 00 class 0x020000
[    2.715226] pci 0000:02:00.0: reg 0x10: [io  0x0000-0x00ff]
[    2.720824] pci 0000:02:00.0: reg 0x18: [mem 0x00000000-0x00000fff 64bit]
[    2.727657] pci 0000:02:00.0: reg 0x20: [mem 0x00000000-0x00003fff 64bit pref]
[    2.735074] pci 0000:02:00.0: supports D1 D2
[    2.739344] pci 0000:02:00.0: PME# supported from D0 D1 D2 D3hot D3cold
[    2.759924]  mmcblk1: p1 p2 p3
[    2.773319] PCI: bus2: Fast back to back transfers disabled
[    2.778898] pci_bus 0000:02: busn_res: [bus 02-ff] end is updated to 02
[    2.785734] pci 0000:00:01.0: BAR 8: assigned [mem 0x13000000-0x130fffff]
[    2.792526] pci 0000:00:02.0: BAR 8: assigned [mem 0x13100000-0x131fffff]
[    2.799359] pci 0000:00:02.0: BAR 9: assigned [mem 0x20000000-0x200fffff 64bit pref]
[    2.807135] pci 0000:00:02.0: BAR 7: assigned [io  0x1000-0x1fff]
[    2.813250] pci 0000:01:00.0: BAR 0: assigned [mem 0x13000000-0x13001fff 64bit]
[    2.820579] pci 0000:00:01.0: PCI bridge to [bus 01]
[    2.825583] pci 0000:00:01.0:   bridge window [mem 0x13000000-0x130fffff]
[    2.832383] pci 0000:02:00.0: BAR 4: assigned [mem 0x20000000-0x20003fff 64bit pref]
[    2.840156] pci 0000:02:00.0: BAR 2: assigned [mem 0x13100000-0x13100fff 64bit]
[    2.847517] pci 0000:02:00.0: BAR 0: assigned [io  0x1000-0x10ff]
[    2.853632] pci 0000:00:02.0: PCI bridge to [bus 02]
[    2.858593] pci 0000:00:02.0:   bridge window [io  0x1000-0x1fff]
[    2.864722] pci 0000:00:02.0:   bridge window [mem 0x13100000-0x131fffff]
[    2.871506] pci 0000:00:02.0:   bridge window [mem 0x20000000-0x200fffff 64bit pref]
[    2.879292] pci 0000:00:01.0: nv_msi_ht_cap_quirk didn't locate host bridge
[    2.886377] pcieport 0000:00:01.0: enabling device (0140 -> 0142)
[    2.892721] pcieport 0000:00:01.0: Signaling PME with IRQ 393
[    2.898583] pci 0000:00:02.0: nv_msi_ht_cap_quirk didn't locate host bridge
[    2.905666] pcieport 0000:00:02.0: enabling device (0140 -> 0143)
[    2.911998] pcieport 0000:00:02.0: Signaling PME with IRQ 394
[    2.918039] r8169 Gigabit Ethernet driver 2.3LK-NAPI loaded
[    2.923673] r8169 0000:02:00.0: enabling device (0140 -> 0143)
[    2.954870] r8169 0000:02:00.0 eth0: RTL8168g/8111g at 0xf0b54000, 00:04:4b:3a:d9:81, XID 0c000800 IRQ 395
[    2.964561] r8169 0000:02:00.0 eth0: jumbo features [frames: 9200 bytes, tx checksumming: ko]
[    2.977377] +1.05V_RUN_AVDD_HDMI_PLL: supplied by +1.05V_RUN
[    2.985149] [drm] Supports vblank timestamp caching Rev 2 (21.10.2013).
[    2.991763] [drm] No driver support for vblank timestamp query.
[    3.119671] tegra-hdmi 54280000.hdmi: cannot set audio to 48000 Hz at 297000000 Hz pixel clock
[    3.367087] Console: switching to colour frame buffer device 512x135
[    3.465700] drm drm: fb0:  frame buffer device
[    3.470224] [drm] Initialized tegra 0.0.0 20120330 for drm on minor 0
[    3.478066] of: dev_pm_opp_of_cpumask_add_table: couldn't find opp table for cpu:0, -19
[    3.486125] cpufreq: cpufreq_online: CPU0: Running at unlisted freq: 696000 KHz
[    3.493451] cpufreq: cpufreq_online: CPU0: Unlisted initial frequency changed to: 714000 KHz
[    3.502535] input: gpio-keys as /devices/soc0/gpio-keys/input/input0
[    3.509824] as3722-rtc as3722-rtc: setting system clock to 2000-01-01 00:02:06 UTC (946684926)
[    3.518757] +USB0_VBUS_SW: disabling
[    3.522332] +1.8V_RUN_CAM: disabling
[    3.526173] +2.8V_RUN_CAM: disabling
[    3.529943] +1.2V_RUN_CAM_FRONT: disabling
[    3.534306] +1.05V_RUN_CAM_REAR: disabling
[    3.538554] +3.3V_RUN_TOUCH: disabling
[    3.542452] +2.8V_RUN_CAM_AF: disabling
[    3.546505] +1.8V_RUN_VPP_FUSE: disabling
[    3.551554] EXT4-fs (mmcblk0p1): mounting ext3 file system using the ext4 subsystem
[    3.592555] EXT4-fs (mmcblk0p1): recovery complete
[    3.598208] EXT4-fs (mmcblk0p1): mounted filesystem with ordered data mode. Opts: (null)
[    3.606321] VFS: Mounted root (ext3 filesystem) on device 179:1.
[    3.616359] devtmpfs: mounted
[    3.619937] Freeing unused kernel memory: 2048K
bash: cannot set terminal process group (-1): Inappropriate ioctl for device
bash: no job control in this shell
root@(none):/# 