
U-Boot SPL 2014.01-00219-gc4d376f (Feb 18 2014 - 19:57:18)


U-Boot 2014.01-00219-gc4d376f (Feb 18 2014 - 19:57:18)

TEGRA30
Board: NVIDIA Beaver
I2C:   ready
DRAM:  2 GiB
MMC:   Tegra SD/MMC: 0, Tegra SD/MMC: 1
In:    serial
Out:   serial
Err:   serial
Net:   Net Initialization Skipped
No ethernet found.
Hit any key to stop autoboot:  2  0 
Tegra30 (Beaver) # 
Tegra30 (Beaver) # usb reset
(Re)start USB...
USB0:   USB EHCI 1.00
scanning bus 0 for devices... 2 USB Device(s) found
       scanning usb for storage devices... 0 Storage Device(s) found
       scanning usb for ethernet devices... 
Warning: asx0 using MAC address from net device
1 Ethernet Device(s) found
Tegra30 (Beaver) # setenv bootargs 'ignore_loglevel console=ttyS0,115200n8 rw root=PARTUUID=edbe1840-3633-c751-7993-b0ac834f81e0 rootwait gpt debug noinitrd earlyprintk init=/bin/bash'
Tegra30 (Beaver) # setenv ipaddr 192.168.100.101; setenv serverip 192.168.100.1; setenv tftpserverip 192.168.100.1
Tegra30 (Beaver) # tftpboot 0x81000000 zImage.multi_v7_defconfig
Using asx0 device
TFTP from server 192.168.100.1; our IP address is 192.168.100.101
Filename 'zImage.multi_v7_defconfig'.
Load address: 0x81000000
Loading: *#################################################################
	 #################################################################
	 #################################################################
	 #################################################################
	 #################################################################
	 #################################################################
	 #################################################################
	 #################################################################
	 ####################################
	 2.9 MiB/s
done
Bytes transferred = 8159752 (7c8208 hex)
Tegra30 (Beaver) # tftpboot 0x82000000 tegra30-beaver.dtb
Using asx0 device
TFTP from server 192.168.100.1; our IP address is 192.168.100.101
Filename 'tegra30-beaver.dtb'.
Load address: 0x82000000
Loading: *####
	 2.6 MiB/s
done
Bytes transferred = 51860 (ca94 hex)
Tegra30 (Beaver) # bootz 0x81000000 - 0x82000000
Kernel image @ 0x81000000 [ 0x000000 - 0x7c8200 ]
## Flattened Device Tree blob at 82000000
   Booting using the fdt blob at 0x82000000
   Loading Device Tree to 8fff0000, end 8ffffa93 ... OK

Starting kernel ...

[    0.000000] Booting Linux on physical CPU 0x0
[    0.000000] Linux version 4.13.0-next-20170908-199620-gda52d78 (jonathanh@sellafield) (gcc version 4.7.3 20130328 (prerelease) (crosstool-NG linaro-1.13.1-4.7-2013.04-20130415 - Linaro GCC 2013.04)) #1 SMP Mon Sep 11 15:05:03 PDT 2017
[    0.000000] CPU: ARMv7 Processor [412fc099] revision 9 (ARMv7), cr=10c5387d
[    0.000000] CPU: PIPT / VIPT nonaliasing data cache, VIPT aliasing instruction cache
[    0.000000] OF: fdt: Machine model: NVIDIA Tegra30 Beaver evaluation board
[    0.000000] debug: ignoring loglevel setting.
[    0.000000] Memory policy: Data cache writealloc
[    0.000000] efi: Getting EFI parameters from FDT:
[    0.000000] efi: UEFI not found.
[    0.000000] cma: Reserved 64 MiB at 0xfb800000
[    0.000000] On node 0 totalpages: 524032
[    0.000000] free_area_init_node: node 0, pgdat c158e5c0, node_mem_map eeff8000
[    0.000000]   DMA zone: 1536 pages used for memmap
[    0.000000]   DMA zone: 0 pages reserved
[    0.000000]   DMA zone: 196608 pages, LIFO batch:31
[    0.000000]   HighMem zone: 327424 pages, LIFO batch:31
[    0.000000] random: fast init done
[    0.000000] percpu: Embedded 17 pages/cpu @eef88000 s39424 r8192 d22016 u69632
[    0.000000] pcpu-alloc: s39424 r8192 d22016 u69632 alloc=17*4096
[    0.000000] pcpu-alloc: [0] 0 [0] 1 [0] 2 [0] 3 
[    0.000000] Built 1 zonelists, mobility grouping on.  Total pages: 522496
[    0.000000] Kernel command line: ignore_loglevel console=ttyS0,115200n8 rw root=PARTUUID=edbe1840-3633-c751-7993-b0ac834f81e0 rootwait gpt debug noinitrd earlyprintk init=/bin/bash
[    0.000000] PID hash table entries: 4096 (order: 2, 16384 bytes)
[    0.000000] Dentry cache hash table entries: 131072 (order: 7, 524288 bytes)
[    0.000000] Inode-cache hash table entries: 65536 (order: 6, 262144 bytes)
[    0.000000] Memory: 1993400K/2096128K available (10240K kernel code, 1626K rwdata, 4508K rodata, 2048K init, 405K bss, 37192K reserved, 65536K cma-reserved, 1244160K highmem)
[    0.000000] Virtual kernel memory layout:
[    0.000000]     vector  : 0xffff0000 - 0xffff1000   (   4 kB)
[    0.000000]     fixmap  : 0xffc00000 - 0xfff00000   (3072 kB)
[    0.000000]     vmalloc : 0xf0800000 - 0xff800000   ( 240 MB)
[    0.000000]     lowmem  : 0xc0000000 - 0xf0000000   ( 768 MB)
[    0.000000]     pkmap   : 0xbfe00000 - 0xc0000000   (   2 MB)
[    0.000000]     modules : 0xbf000000 - 0xbfe00000   (  14 MB)
[    0.000000]       .text : 0xc0208000 - 0xc0d00000   (11232 kB)
[    0.000000]       .init : 0xc1200000 - 0xc1400000   (2048 kB)
[    0.000000]       .data : 0xc1400000 - 0xc1596910   (1627 kB)
[    0.000000]        .bss : 0xc159fbc0 - 0xc160537c   ( 406 kB)
[    0.000000] SLUB: HWalign=64, Order=0-3, MinObjects=0, CPUs=4, Nodes=1
[    0.000000] Hierarchical RCU implementation.
[    0.000000] 	RCU event tracing is enabled.
[    0.000000] 	RCU restricting CPUs from NR_CPUS=16 to nr_cpu_ids=4.
[    0.000000] RCU: Adjusting geometry for rcu_fanout_leaf=16, nr_cpu_ids=4
[    0.000000] NR_IRQS: 16, nr_irqs: 16, preallocated irqs: 16
[    0.000000] /interrupt-controller@60004000: 160 interrupts forwarded to /interrupt-controller@50041000
[    0.000000] L2C: platform modifies aux control register: 0x02080000 -> 0x3e480001
[    0.000000] L2C: DT/platform modifies aux control register: 0x02080000 -> 0x3e480001
[    0.000000] L2C-310 erratum 769419 enabled
[    0.000000] L2C-310 enabling early BRESP for Cortex-A9
[    0.000000] L2C-310: enabling full line of zeros but not enabled in Cortex-A9
[    0.000000] L2C-310 dynamic clock gating enabled, standby mode enabled
[    0.000000] L2C-310 cache controller enabled, 8 ways, 1024 kB
[    0.000000] L2C-310: CACHE_ID 0x410000c7, AUX_CTRL 0x4e480001
[    0.000013] sched_clock: 32 bits at 1000kHz, resolution 1000ns, wraps every 2147483647500ns
[    0.000031] clocksource: timer_us: mask: 0xffffffff max_cycles: 0xffffffff, max_idle_ns: 1911260446275 ns
[    0.000040] Switching to timer-based delay loop, resolution 1000ns
[    0.002871] Console: colour dummy device 80x30
[    0.002903] Calibrating delay loop (skipped), value calculated using timer frequency.. 2.00 BogoMIPS (lpj=10000)
[    0.002913] pid_max: default: 32768 minimum: 301
[    0.002995] Mount-cache hash table entries: 2048 (order: 1, 8192 bytes)
[    0.003005] Mountpoint-cache hash table entries: 2048 (order: 1, 8192 bytes)
[    0.003405] CPU: Testing write buffer coherency: ok
[    0.003708] CPU0: thread -1, cpu 0, socket 0, mpidr 80000000
[    0.003932] Setting up static identity map for 0x80300000 - 0x803000a0
[    0.005257] Hierarchical SRCU implementation.
[    0.006574] Tegra Revision: A03 SKU: 128 CPU Process: 4 SoC Process: 0
[    0.007131] EFI services will not be available.
[    0.007231] smp: Bringing up secondary CPUs ...
[    0.010372] CPU1: thread -1, cpu 1, socket 0, mpidr 80000001
[    0.020351] CPU2: thread -1, cpu 2, socket 0, mpidr 80000002
[    0.030333] CPU3: thread -1, cpu 3, socket 0, mpidr 80000003
[    0.030384] smp: Brought up 1 node, 4 CPUs
[    0.030397] SMP: Total of 4 processors activated (8.00 BogoMIPS).
[    0.030402] CPU: All CPU(s) started in SVC mode.
[    0.031130] devtmpfs: initialized
[    0.041490] Built 1 zonelists, mobility grouping on.  Total pages: 514734
[    0.041895] VFP support v0.3: implementor 41 architecture 3 part 30 variant 9 rev 4
[    0.042556] clocksource: jiffies: mask: 0xffffffff max_cycles: 0xffffffff, max_idle_ns: 19112604462750000 ns
[    0.042577] futex hash table entries: 1024 (order: 4, 65536 bytes)
[    0.042797] pinctrl core: initialized pinctrl subsystem
[    0.043962] DMI not present or invalid.
[    0.044192] NET: Registered protocol family 16
[    0.046396] DMA: preallocated 256 KiB pool for atomic coherent allocations
[    0.048176] cpuidle: using governor menu
[    0.061667] No ATAGs?
[    0.061764] hw-breakpoint: found 5 (+1 reserved) breakpoint and 1 watchpoint registers.
[    0.061777] hw-breakpoint: maximum watchpoint size is 4 bytes.
[    0.066018] Serial: AMBA PL011 UART driver
[    0.066496] tegra-mc 7000f000.memory-controller: no memory timings for RAM code 3 registered
[    0.066599] iommu: Adding device reg-dummy to group 0
[    0.066632] iommu: Adding device 3000.pcie to group 1
[    0.066653] iommu: Adding device 50000000.host1x to group 2
[    0.066673] iommu: Adding device 54040000.mpe to group 3
[    0.066692] iommu: Adding device 54080000.vi to group 4
[    0.066710] iommu: Adding device 540c0000.epp to group 5
[    0.066730] iommu: Adding device 54100000.isp to group 6
[    0.066748] iommu: Adding device 54140000.gr2d to group 7
[    0.066766] iommu: Adding device 54180000.gr3d to group 8
[    0.066838] iommu: Adding device 54200000.dc to group 9
[    0.066889] iommu: Adding device 54240000.dc to group 10
[    0.066911] iommu: Adding device 54280000.hdmi to group 11
[    0.066930] iommu: Adding device 50040600.timer to group 12
[    0.066950] iommu: Adding device 50043000.cache-controller to group 13
[    0.066967] iommu: Adding device 60005000.timer to group 14
[    0.066984] iommu: Adding device 60007000.flow-controller to group 15
[    0.067004] iommu: Adding device 6000a000.dma to group 16
[    0.067026] iommu: Adding device 6000c000.ahb to group 17
[    0.067045] iommu: Adding device 6000d000.gpio to group 18
[    0.067062] iommu: Adding device 70000800.apbmisc to group 19
[    0.067087] iommu: Adding device 70000868.pinmux to group 20
[    0.067106] iommu: Adding device 70006000.serial to group 21
[    0.067124] iommu: Adding device 7000e000.rtc to group 22
[    0.067142] iommu: Adding device 7000c000.i2c to group 23
[    0.067160] iommu: Adding device 7000c400.i2c to group 24
[    0.067183] iommu: Adding device 7000c500.i2c to group 25
[    0.067203] iommu: Adding device 7000c700.i2c to group 26
[    0.067222] iommu: Adding device 7000d000.i2c to group 27
[    0.067240] iommu: Adding device 7000da00.spi to group 28
[    0.067260] iommu: Adding device 7000e400.pmc to group 29
[    0.067279] iommu: Adding device 7000f000.memory-controller to group 30
[    0.067303] iommu: Adding device 7000f800.fuse to group 31
[    0.067325] iommu: Adding device 70080000.ahub to group 32
[    0.067344] iommu: Adding device 78000000.sdhci to group 33
[    0.067366] iommu: Adding device 78000600.sdhci to group 34
[    0.067384] iommu: Adding device 7d000000.usb to group 35
[    0.067404] iommu: Adding device 7d000000.usb-phy to group 36
[    0.067421] iommu: Adding device 7d004000.usb to group 37
[    0.067440] iommu: Adding device 7d004000.usb-phy to group 38
[    0.067459] iommu: Adding device 7d008000.usb to group 39
[    0.067478] iommu: Adding device 7d008000.usb-phy to group 40
[    0.067495] iommu: Adding device pmu to group 41
[    0.067522] iommu: Adding device clocks to group 42
[    0.067541] iommu: Adding device gpio-leds to group 43
[    0.067559] iommu: Adding device regulators to group 44
[    0.067578] iommu: Adding device regulators:regulator@0 to group 45
[    0.067597] iommu: Adding device regulators:regulator@1 to group 46
[    0.067616] iommu: Adding device regulators:regulator@2 to group 47
[    0.067633] iommu: Adding device regulators:regulator@3 to group 48
[    0.067652] iommu: Adding device regulators:regulator@4 to group 49
[    0.067671] iommu: Adding device regulators:regulator@5 to group 50
[    0.067695] iommu: Adding device regulators:regulator@6 to group 51
[    0.067720] iommu: Adding device regulators:regulator@7 to group 52
[    0.067739] iommu: Adding device regulators:regulator@8 to group 53
[    0.067757] iommu: Adding device sound to group 54
[    0.076198] AT91: Could not find identification node
[    0.076705] vdd_5v_sata: Failed to request enable GPIO30: -517
[    0.076720] reg-fixed-voltage regulators:regulator@3: Failed to register regulator: -517
[    0.076771] usb1_vbus: Failed to request enable GPIO238: -517
[    0.076779] reg-fixed-voltage regulators:regulator@4: Failed to register regulator: -517
[    0.076827] usb3_vbus: Failed to request enable GPIO236: -517
[    0.076835] reg-fixed-voltage regulators:regulator@5: Failed to register regulator: -517
[    0.076936] sys_3v3_pexs: Failed to request enable GPIO95: -517
[    0.076943] reg-fixed-voltage regulators:regulator@7: Failed to register regulator: -517
[    0.078735] vgaarb: loaded
[    0.079202] SCSI subsystem initialized
[    0.079335] libata version 3.00 loaded.
[    0.079466] usbcore: registered new interface driver usbfs
[    0.079502] usbcore: registered new interface driver hub
[    0.079537] usbcore: registered new device driver usb
[    0.083915] iommu: Adding device tps65910-gpio to group 55
[    0.084195] iommu: Adding device tps65910-pmic to group 56
[    0.086663] vrtc: supplied by vdd_5v_in
[    0.089969] vio: supplied by vdd_5v_in
[    0.101827] vdd1: supplied by vdd_5v_in
[    0.103186] vddio_ddr_1v2: Bringing 600000uV into 1200000-1200000uV
[    0.111846] vdd2: supplied by vdd_5v_in
[    0.131805] ldo1: supplied by vdd_1v5_gen
[    0.134180] ldo2: supplied by vdd_1v5_gen
[    0.134651] vdd_sata,avdd_plle: Bringing 1200000uV into 1050000-1050000uV
[    0.136867] ldo3: supplied by vdd_5v_in
[    0.139211] ldo4: supplied by vdd_5v_in
[    0.141798] ldo5: supplied by vdd_5v_in
[    0.151808] ldo6: supplied by vdd_1v8_gen
[    0.152280] avdd_dsi_csi,pwrdet_mipi: Bringing 1000000uV into 1200000-1200000uV
[    0.154512] ldo7: supplied by vdd_1v8_gen
[    0.161802] ldo8: supplied by vdd_1v8_gen
[    0.170080] iommu: Adding device tps65910-rtc to group 57
[    0.170191] iommu: Adding device tps65910-power to group 58
[    0.171967] pps_core: LinuxPPS API ver. 1 registered
[    0.171975] pps_core: Software ver. 5.3.6 - Copyright 2005-2007 Rodolfo Giometti <giometti@linux.it>
[    0.171990] PTP clock support registered
[    0.172126] EDAC MC: Ver: 3.0.0
[    0.172318] dmi: Firmware registration failed.
[    0.173631] clocksource: Switched to clocksource timer_us
[    0.205655] NET: Registered protocol family 2
[    0.206063] TCP established hash table entries: 8192 (order: 3, 32768 bytes)
[    0.206118] TCP bind hash table entries: 8192 (order: 4, 65536 bytes)
[    0.206201] TCP: Hash tables configured (established 8192 bind 8192)
[    0.206349] UDP hash table entries: 512 (order: 2, 16384 bytes)
[    0.206417] UDP-Lite hash table entries: 512 (order: 2, 16384 bytes)
[    0.206582] NET: Registered protocol family 1
[    0.206917] RPC: Registered named UNIX socket transport module.
[    0.206925] RPC: Registered udp transport module.
[    0.206930] RPC: Registered tcp transport module.
[    0.206934] RPC: Registered tcp NFSv4.1 backchannel transport module.
[    0.206943] PCI: CLS 0 bytes, default 64
[    0.207790] hw perfevents: no interrupt-affinity property for /pmu, guessing.
[    0.208018] hw perfevents: enabled with armv7_cortex_a9 PMU driver, 7 counters available
[    0.208510] iommu: Adding device alarmtimer to group 59
[    0.209198] workingset: timestamp_bits=30 max_order=19 bucket_order=0
[    0.212567] squashfs: version 4.0 (2009/01/31) Phillip Lougher
[    0.212970] NFS: Registering the id_resolver key type
[    0.213004] Key type id_resolver registered
[    0.213009] Key type id_legacy registered
[    0.213038] ntfs: driver 2.1.32 [Flags: R/O].
[    0.214035] bounce: pool size: 64 pages
[    0.214080] Block layer SCSI generic (bsg) driver version 0.4 loaded (major 248)
[    0.214089] io scheduler noop registered
[    0.214094] io scheduler deadline registered
[    0.214242] io scheduler cfq registered (default)
[    0.214249] io scheduler mq-deadline registered
[    0.214253] io scheduler kyber registered
[    0.220532] tegra30-pinctrl 70000868.pinmux: invalid group "sdmmc3_dat6_pd3" for function "rsvd1"
[    0.220547] tegra30-pinctrl 70000868.pinmux: invalid group "sdmmc3_dat7_pd4" for function "rsvd1"
[    0.220561] tegra30-pinctrl 70000868.pinmux: invalid group "vi_vsync_pd6" for function "rsvd1"
[    0.220570] tegra30-pinctrl 70000868.pinmux: invalid group "vi_hsync_pd7" for function "rsvd1"
[    0.221003] tegra30-pinctrl 70000868.pinmux: invalid group "hdmi_int_pn7" for function "rsvd1"
[    0.221047] tegra30-pinctrl 70000868.pinmux: invalid group "ulpi_data3_po4" for function "rsvd1"
[    0.221369] tegra30-pinctrl 70000868.pinmux: invalid group "vi_d10_pt2" for function "rsvd1"
[    0.221382] tegra30-pinctrl 70000868.pinmux: invalid group "vi_d11_pt3" for function "rsvd1"
[    0.221395] tegra30-pinctrl 70000868.pinmux: invalid group "vi_d0_pt4" for function "rsvd1"
[    0.221434] tegra30-pinctrl 70000868.pinmux: invalid group "pu0" for function "rsvd1"
[    0.221463] tegra30-pinctrl 70000868.pinmux: invalid group "pu3" for function "rsvd1"
[    0.221492] tegra30-pinctrl 70000868.pinmux: invalid group "pu6" for function "rsvd1"
[    0.221531] tegra30-pinctrl 70000868.pinmux: invalid group "pv3" for function "rsvd1"
[    0.221998] tegra30-pinctrl 70000868.pinmux: invalid group "pbb0" for function "rsvd1"
[    0.222107] tegra30-pinctrl 70000868.pinmux: invalid group "pcc1" for function "rsvd1"
[    0.227419] tegra-pcie 3000.pcie: 2x3 configuration
[    0.227588] tegra-pcie 3000.pcie: Failed to get supply 'hvdd-pex': -517
[    0.233260] tegra-apbdma 6000a000.dma: Tegra20 APB DMA driver register 32 channels
[    0.235299] tegra-pmc 7000e400.pmc: i2c-thermtrip node not found, emergency thermal reset disabled.
[    0.263968] Serial: 8250/16550 driver, 4 ports, IRQ sharing disabled
[    0.264055] iommu: Adding device serial8250 to group 60
[    0.266077] console [ttyS0] disabled
[    0.266113] 70006000.serial: ttyS0 at MMIO 0x70006000 (irq = 331, base_baud = 25500000) is a Tegra
[    1.646875] console [ttyS0] enabled
[    1.650899] SuperH (H)SCI(F) driver initialized
[    1.656043] msm_serial: driver initialized
[    1.660239] STMicroelectronics ASC driver initialized
[    1.669237] tegra-hdmi 54280000.hdmi: failed to get HDMI regulator
[    1.682180] brd: module loaded
[    1.690545] loop: module loaded
[    1.699474] m25p80 spi0.1: w25q32 (4096 Kbytes)
[    1.705292] iommu: Adding device Fixed MDIO bus.0 to group 61
[    1.711440] libphy: Fixed MDIO Bus: probed
[    1.716175] CAN device driver interface
[    1.720550] bgmac_bcma: Broadcom 47xx GBit MAC driver loaded
[    1.726953] e1000e: Intel(R) PRO/1000 Network Driver - 3.2.6-k
[    1.732769] e1000e: Copyright(c) 1999 - 2015 Intel Corporation.
[    1.738716] igb: Intel(R) Gigabit Ethernet Network Driver - version 5.4.0-k
[    1.745667] igb: Copyright (c) 2007-2014 Intel Corporation.
[    1.753277] pegasus: v0.9.3 (2013/04/25), Pegasus/Pegasus II USB Ethernet driver
[    1.760719] usbcore: registered new interface driver pegasus
[    1.766397] usbcore: registered new interface driver asix
[    1.771798] usbcore: registered new interface driver ax88179_178a
[    1.777903] usbcore: registered new interface driver cdc_ether
[    1.783757] usbcore: registered new interface driver smsc75xx
[    1.789511] usbcore: registered new interface driver smsc95xx
[    1.795271] usbcore: registered new interface driver net1080
[    1.800931] usbcore: registered new interface driver cdc_subset
[    1.806861] usbcore: registered new interface driver zaurus
[    1.812447] usbcore: registered new interface driver cdc_ncm
[    1.818291] tegra-phy 7d000000.usb-phy: no vbus regulator
[    1.826047] ehci_hcd: USB 2.0 'Enhanced' Host Controller (EHCI) Driver
[    1.832559] ehci-pci: EHCI PCI platform driver
[    1.837029] ehci-platform: EHCI generic platform driver
[    1.842362] ehci-orion: EHCI orion driver
[    1.846459] SPEAr-ehci: EHCI SPEAr driver
[    1.850532] ehci-st: EHCI STMicroelectronics driver
[    1.855482] ehci-exynos: EHCI EXYNOS driver
[    1.859739] ehci-atmel: EHCI Atmel driver
[    1.863820] tegra-ehci: Tegra EHCI driver
[    1.868122] ohci_hcd: USB 1.1 'Open' Host Controller (OHCI) Driver
[    1.874311] ohci-pci: OHCI PCI platform driver
[    1.878770] ohci-platform: OHCI generic platform driver
[    1.884106] SPEAr-ohci: OHCI SPEAr driver
[    1.888181] ohci-st: OHCI STMicroelectronics driver
[    1.893120] ohci-atmel: OHCI Atmel driver
[    1.897564] usbcore: registered new interface driver usb-storage
[    1.905832] utmi_phy_clk_enable: timeout waiting for phy to stabilize
[    1.912333] iommu: Adding device ci_hdrc.0 to group 62
[    1.922998] tegra_rtc 7000e000.rtc: rtc core: registered 7000e000.rtc as rtc1
[    1.930162] tegra_rtc 7000e000.rtc: Tegra internal Real Time Clock
[    1.948905] tps65910-rtc tps65910-rtc: rtc core: registered tps65910-rtc as rtc0
[    1.956499] i2c /dev entries driver
[    1.962172] IR NEC protocol handler initialized
[    1.966706] IR RC5(x/sz) protocol handler initialized
[    1.971742] IR RC6 protocol handler initialized
[    1.976266] IR JVC protocol handler initialized
[    1.980782] IR Sony protocol handler initialized
[    1.985391] IR SANYO protocol handler initialized
[    1.990079] IR Sharp protocol handler initialized
[    1.994774] IR MCE Keyboard/mouse protocol handler initialized
[    2.000589] IR XMP protocol handler initialized
[    2.011182] sdhci: Secure Digital Host Controller Interface driver
[    2.017365] sdhci: Copyright(c) Pierre Ossman
[    2.022633] Synopsys Designware Multimedia Card Interface Driver
[    2.029389] sdhci-pltfm: SDHCI platform and OF driver helper
[    2.035573] sdhci-tegra 78000000.sdhci: Got CD GPIO
[    2.040447] sdhci-tegra 78000000.sdhci: Got WP GPIO
[    2.053605] mmc0: Invalid maximum block size, assuming 512 bytes
[    2.123729] mmc0: SDHCI controller on 78000000.sdhci [78000000.sdhci] using ADMA
[    2.140128] mmc1: Invalid maximum block size, assuming 512 bytes
[    2.203653] mmc1: SDHCI controller on 78000600.sdhci [78000600.sdhci] using ADMA
[    2.212546] ledtrig-cpu: registered to indicate activity on CPUs
[    2.218838] usbcore: registered new interface driver usbhid
[    2.224408] usbhid: USB HID core driver
[    2.230747] NET: Registered protocol family 10
[    2.235888] Segment Routing with IPv6
[    2.239583] sit: IPv6, IPv4 and MPLS over IPv4 tunneling driver
[    2.245887] NET: Registered protocol family 17
[    2.250324] can: controller area network core (rev 20170425 abi 9)
[    2.256548] NET: Registered protocol family 29
[    2.260979] can: raw protocol (rev 20170425)
[    2.265251] can: broadcast manager protocol (rev 20170425 t)
[    2.270900] can: netlink gateway (rev 20170425) max_hops=1
[    2.276657] Key type dns_resolver registered
[    2.281303] ThumbEE CPU extension supported.
[    2.285584] Registering SWP/SWPB emulation handler
[    2.300903] vdd_ddr: supplied by vdd_5v_in
[    2.305838] vdd_5v_sata: supplied by vdd_5v_in
[    2.310616] usb1_vbus: supplied by vdd_5v_in
[    2.315207] usb3_vbus: supplied by vdd_5v_in
[    2.320712] sys_3v3,vdd_3v3_alw: supplied by vdd_5v_in
[    2.326643] sys_3v3_pexs: supplied by sys_3v3,vdd_3v3_alw
[    2.332148] +VDD_5V_HDMI: supplied by sys_3v3,vdd_3v3_alw
[    2.337326] mmc1: new high speed MMC card at address 0001
[    2.338095] mmcblk1: mmc1:0001 SEM16G 14.8 GiB 
[    2.338999] mmcblk1boot0: mmc1:0001 SEM16G partition 1 1.00 MiB
[    2.339576] mmcblk1boot1: mmc1:0001 SEM16G partition 2 1.00 MiB
[    2.340479] mmcblk1rpmb: mmc1:0001 SEM16G partition 3 128 KiB
[    2.341228] mmc0: new ultra high speed DDR50 SDHC card at address aaaa
[    2.341854] mmcblk0: mmc0:aaaa SS04G 3.69 GiB 
[    2.353095] Primary GPT is invalid, using alternate GPT.
[    2.353112]  mmcblk1: p1 p2 p3 p4 p5
[    2.369275]  mmcblk0: p1 p2 p3
[    2.388715] tegra-pcie 3000.pcie: 2x3 configuration
[    2.396851] tegra-pcie 3000.pcie: probing port 0, using 2 lanes
[    2.461036] tegra-pcie 3000.pcie: probing port 2, using 2 lanes
[    2.870776] tegra-pcie 3000.pcie: link 2 down, retrying
[    3.279807] tegra-pcie 3000.pcie: link 2 down, retrying
[    3.688855] tegra-pcie 3000.pcie: link 2 down, retrying
[    3.696092] tegra-pcie 3000.pcie: link 2 down, ignoring
[    3.701412] tegra-pcie 3000.pcie: PCI host bridge to bus 0000:00
[    3.707420] pci_bus 0000:00: root bus resource [io  0x0000-0xffff]
[    3.713585] pci_bus 0000:00: root bus resource [mem 0x20000000-0x27ffffff]
[    3.720452] pci_bus 0000:00: root bus resource [mem 0x28000000-0x3fffffff pref]
[    3.727753] pci_bus 0000:00: root bus resource [bus 00-ff]
[    3.733248] pci 0000:00:01.0: [10de:0e1c] type 01 class 0x060400
[    3.739262] pci_bus 0000:00: 2-byte config write to 0000:00:01.0 offset 0x4 may corrupt adjacent RW1C bits
[    3.748904] pci_bus 0000:00: 2-byte config write to 0000:00:01.0 offset 0x4 may corrupt adjacent RW1C bits
[    3.758557] pci 0000:00:01.0: enabling Extended Tags
[    3.763510] pci_bus 0000:00: 2-byte config write to 0000:00:01.0 offset 0x88 may corrupt adjacent RW1C bits
[    3.773256] pci_bus 0000:00: 2-byte config write to 0000:00:01.0 offset 0x52 may corrupt adjacent RW1C bits
[    3.782998] pci 0000:00:01.0: PME# supported from D0 D1 D2 D3hot D3cold
[    3.789607] pci_bus 0000:00: 2-byte config write to 0000:00:01.0 offset 0x4c may corrupt adjacent RW1C bits
[    3.799483] pci_bus 0000:00: 2-byte config write to 0000:00:01.0 offset 0x3e may corrupt adjacent RW1C bits
[    3.809216] pci_bus 0000:00: 2-byte config write to 0000:00:01.0 offset 0x4 may corrupt adjacent RW1C bits
[    3.818857] pci_bus 0000:00: 1-byte config write to 0000:00:01.0 offset 0xc may corrupt adjacent RW1C bits
[    3.828494] PCI: bus0: Fast back to back transfers disabled
[    3.834061] pci 0000:00:01.0: bridge configuration invalid ([bus 00-00]), reconfiguring
[    3.842047] pci_bus 0000:00: 2-byte config write to 0000:00:01.0 offset 0x3e may corrupt adjacent RW1C bits
[    3.851774] pci_bus 0000:00: 2-byte config write to 0000:00:01.0 offset 0x3e may corrupt adjacent RW1C bits
[    3.861585] pci 0000:01:00.0: [10ec:8168] type 00 class 0x020000
[    3.867612] pci 0000:01:00.0: reg 0x10: [io  0x0000-0x00ff]
[    3.873185] pci 0000:01:00.0: reg 0x18: [mem 0x00000000-0x00000fff 64bit pref]
[    3.880409] pci 0000:01:00.0: reg 0x20: [mem 0x00000000-0x00003fff 64bit pref]
[    3.887692] pci 0000:01:00.0: supports D1 D2
[    3.891949] pci 0000:01:00.0: PME# supported from D0 D1 D2 D3hot D3cold
[    3.923660] PCI: bus1: Fast back to back transfers disabled
[    3.929222] pci_bus 0000:01: busn_res: [bus 01-ff] end is updated to 01
[    3.935854] pci 0000:00:01.0: BAR 9: assigned [mem 0x28000000-0x280fffff 64bit pref]
[    3.943580] pci 0000:00:01.0: BAR 7: assigned [io  0x1000-0x1fff]
[    3.949672] pci 0000:01:00.0: BAR 4: assigned [mem 0x28000000-0x28003fff 64bit pref]
[    3.957417] pci 0000:01:00.0: BAR 2: assigned [mem 0x28004000-0x28004fff 64bit pref]
[    3.965161] pci 0000:01:00.0: BAR 0: assigned [io  0x1000-0x10ff]
[    3.971242] pci 0000:00:01.0: PCI bridge to [bus 01]
[    3.976201] pci 0000:00:01.0:   bridge window [io  0x1000-0x1fff]
[    3.982281] pci 0000:00:01.0:   bridge window [mem 0x28000000-0x280fffff 64bit pref]
[    3.990033] pci 0000:00:01.0: nv_msi_ht_cap_quirk didn't locate host bridge
[    3.997079] pcieport 0000:00:01.0: enabling device (0140 -> 0143)
[    4.003363] pcieport 0000:00:01.0: Signaling PME with IRQ 375
[    4.009366] r8169 Gigabit Ethernet driver 2.3LK-NAPI loaded
[    4.014958] r8169 0000:01:00.0: enabling device (0140 -> 0143)
[    4.021663] r8169 0000:01:00.0 eth0: RTL8168evl/8111evl at 0xf0a2a000, 02:04:4b:01:60:a6, XID 0c900800 IRQ 376
[    4.031664] r8169 0000:01:00.0 eth0: jumbo features [frames: 9200 bytes, tx checksumming: ko]
[    4.043990] [drm] Supports vblank timestamp caching Rev 2 (21.10.2013).
[    4.050591] [drm] No driver support for vblank timestamp query.
[    4.056543] [drm] Cannot find any crtc or sizes
[    4.061076] [drm] Initialized tegra 0.0.0 20120330 for drm on minor 0
[    4.070455] tegra-ehci 7d004000.usb: EHCI Host Controller
[    4.075882] tegra-ehci 7d004000.usb: new USB bus registered, assigned bus number 1
[    4.083670] tegra-ehci 7d004000.usb: irq 344, io mem 0x7d004000
[    4.089614] [drm] Cannot find any crtc or sizes
[    4.114029] tegra-ehci 7d004000.usb: USB 2.0 started, EHCI 1.00
[    4.121220] hub 1-0:1.0: USB hub found
[    4.124999] hub 1-0:1.0: 1 port detected
[    4.130181] tegra-ehci 7d008000.usb: EHCI Host Controller
[    4.135593] tegra-ehci 7d008000.usb: new USB bus registered, assigned bus number 2
[    4.143332] tegra-ehci 7d008000.usb: irq 345, io mem 0x7d008000
[    4.174028] tegra-ehci 7d008000.usb: USB 2.0 started, EHCI 1.00
[    4.181143] hub 2-0:1.0: USB hub found
[    4.184917] hub 2-0:1.0: 1 port detected
[    4.195246] tps65910-rtc tps65910-rtc: setting system clock to 2000-01-01 00:00:02 UTC (946684802)
[    4.204746] vdd_sata,avdd_plle: disabling
[    4.209491] usb1_vbus: disabling
[    4.215051] EXT4-fs (mmcblk1p1): mounting ext3 file system using the ext4 subsystem
[    4.231389] EXT4-fs (mmcblk1p1): warning: mounting fs with errors, running e2fsck is recommended
[    4.242816] EXT4-fs (mmcblk1p1): recovery complete
[    4.247624] EXT4-fs (mmcblk1p1): mounted filesystem with ordered data mode. Opts: (null)
[    4.255733] VFS: Mounted root (ext3 filesystem) on device 179:1.
[    4.274289] devtmpfs: mounted
[    4.279756] Freeing unused kernel memory: 2048K
bash: cannot set terminal process group (-1): Inappropriate ioctl for device
bash: no job control in this shell
root@(none):/# [    4.554045] usb 2-1: new high-speed USB device number 2 using tegra-ehci
[    5.244160] asix 2-1:1.0 eth1: register 'asix' at usb-7d008000.usb-1, ASIX AX88772 USB 2.0 Ethernet, 00:50:b6:0f:67:60
mount -t sysfs none /sys
root@(none):/# 
root@(none):/# mount -t debugfs none /sys/kernel/debug
root@(none):/# 
root@(none):/# rtcwake -d rtc1 -m mem -s 3
rtcwake: wakeup from "mem" using /dev/rtc1 at Thu Jan  1 00:00:22 1970
[    7.433570] PM: suspend entry (deep)
[    7.437162] PM: Syncing filesystems ... done.
[    7.443147] Freezing user space processes ... (elapsed 0.001 seconds) done.
[    7.451194] OOM killer disabled.
[    7.454427] Freezing remaining freezable tasks ... (elapsed 0.001 seconds) done.
[    7.462927] Suspending console(s) (use no_console_suspend to debug)
[    7.574329] Disabling non-boot CPUs ...
[    7.763874] IRQ17 no longer affine to CPU3
[    7.764252] Entering suspend state LP1
[    7.764265] Enabling non-boot CPUs ...
[    7.764898] CPU1 is up
[    7.765498] CPU2 is up
[    7.766109] CPU3 is up
[    7.766691] pcieport 0000:00:01.0: nv_msi_ht_cap_quirk didn't locate host bridge
[    8.368537] OOM killer enabled.
[    8.371665] Restarting tasks ... done.
[    8.375736] PM: suspend exit
root@(none):/# 
root@(none):/# rtcwake -d rtc1 -m mem -s 3
rtcwake: wakeup from "mem" using /dev/rtc1 at Thu Jan  1 00:00:27 1970
[    9.389026] PM: suspend entry (deep)
[    9.392600] PM: Syncing filesystems ... done.
[    9.398737] Freezing user space processes ... (elapsed 0.001 seconds) done.
[    9.406804] OOM killer disabled.
[    9.410020] Freezing remaining freezable tasks ... (elapsed 0.001 seconds) done.
[    9.418529] Suspending console(s) (use no_console_suspend to debug)
[    9.464939] pci_generic_config_write32: 70 callbacks suppressed
[    9.464951] pci_bus 0000:00: 2-byte config write to 0000:00:01.0 offset 0x9c may corrupt adjacent RW1C bits
[    9.507639] pci_bus 0000:01: 2-byte config write to 0000:01:00.0 offset 0x44 may corrupt adjacent RW1C bits
[    9.507653] pci_bus 0000:01: 2-byte config write to 0000:01:00.0 offset 0x44 may corrupt adjacent RW1C bits
[    9.534309] Disabling non-boot CPUs ...
[    9.583896] IRQ17 no longer affine to CPU1
[    9.714195] Entering suspend state LP1
[    9.714214] Enabling non-boot CPUs ...
[    9.715033] CPU1 is up
[    9.715799] CPU2 is up
[    9.716580] CPU3 is up
[    9.717268] pci_bus 0000:00: 2-byte config write to 0000:00:01.0 offset 0x4c may corrupt adjacent RW1C bits
[    9.717284] pci_bus 0000:00: 2-byte config write to 0000:00:01.0 offset 0x88 may corrupt adjacent RW1C bits
[    9.717291] pci_bus 0000:00: 2-byte config write to 0000:00:01.0 offset 0x90 may corrupt adjacent RW1C bits
[    9.717296] pci_bus 0000:00: 2-byte config write to 0000:00:01.0 offset 0x98 may corrupt adjacent RW1C bits
[    9.717300] pci_bus 0000:00: 2-byte config write to 0000:00:01.0 offset 0x9c may corrupt adjacent RW1C bits
[    9.717322] pci_bus 0000:00: 2-byte config write to 0000:00:01.0 offset 0x52 may corrupt adjacent RW1C bits
[    9.717330] pci_bus 0000:00: 2-byte config write to 0000:00:01.0 offset 0x52 may corrupt adjacent RW1C bits
[    9.717357] pcieport 0000:00:01.0: nv_msi_ht_cap_quirk didn't locate host bridge
[   10.431911] OOM killer enabled.
[   10.435051] Restarting tasks ... done.
[   10.439167] PM: suspend exit
root@(none):/# 
root@(none):/# rtcwake -d rtc1 -m mem -s 3
rtcwake: wakeup from "mem" using /dev/rtc1 at Thu Jan  1 00:00:32 1970
[   11.343354] PM: suspend entry (deep)
[   11.346961] PM: Syncing filesystems ... done.
[   11.353656] Freezing user space processes ... (elapsed 0.001 seconds) done.
[   11.361731] OOM killer disabled.
[   11.364964] Freezing remaining freezable tasks ... (elapsed 0.001 seconds) done.
[   11.373486] Suspending console(s) (use no_console_suspend to debug)
[   11.484410] Disabling non-boot CPUs ...
[   11.593819] IRQ17 no longer affine to CPU2
[   11.654291] Entering suspend state LP1
[   11.654307] Enabling non-boot CPUs ...
[   11.655140] CPU1 is up
[   11.655897] CPU2 is up
[   11.656656] CPU3 is up
[   11.657403] pcieport 0000:00:01.0: nv_msi_ht_cap_quirk didn't locate host bridge
[   12.268690] OOM killer enabled.
[   12.271821] Restarting tasks ... done.
[   12.275950] PM: suspend exit
root@(none):/# 
root@(none):/# rtcwake -d rtc1 -m mem -s 3
rtcwake: wakeup from "mem" using /dev/rtc1 at Thu Jan  1 00:00:37 1970
[   13.283327] PM: suspend entry (deep)
[   13.286931] PM: Syncing filesystems ... done.
[   13.293613] Freezing user space processes ... (elapsed 0.001 seconds) done.
[   13.301689] OOM killer disabled.
[   13.304921] Freezing remaining freezable tasks ... (elapsed 0.001 seconds) done.
[   13.313445] Suspending console(s) (use no_console_suspend to debug)
[   13.424406] Disabling non-boot CPUs ...
[   13.543785] IRQ17 no longer affine to CPU2
[   13.604280] Entering suspend state LP1
[   13.604296] Enabling non-boot CPUs ...
[   13.605121] CPU1 is up
[   13.605865] CPU2 is up
[   13.606626] CPU3 is up
[   13.607334] pcieport 0000:00:01.0: nv_msi_ht_cap_quirk didn't locate host bridge
[   14.218747] OOM killer enabled.
[   14.221877] Restarting tasks ... done.
[   14.226008] PM: suspend exit
root@(none):/# 
root@(none):/# rtcwake -d rtc1 -m mem -s 3
rtcwake: wakeup from "mem" using /dev/rtc1 at Thu Jan  1 00:00:42 1970
[   15.233314] PM: suspend entry (deep)
[   15.236918] PM: Syncing filesystems ... done.
[   15.243603] Freezing user space processes ... (elapsed 0.001 seconds) done.
[   15.251673] OOM killer disabled.
[   15.254904] Freezing remaining freezable tasks ... (elapsed 0.001 seconds) done.
[   15.263424] Suspending console(s) (use no_console_suspend to debug)
[   15.305261] pci_generic_config_write32: 71 callbacks suppressed
[   15.305275] pci_bus 0000:00: 2-byte config write to 0000:00:01.0 offset 0x9c may corrupt adjacent RW1C bits
[   15.352108] pci_bus 0000:01: 2-byte config write to 0000:01:00.0 offset 0x44 may corrupt adjacent RW1C bits
[   15.352125] pci_bus 0000:01: 2-byte config write to 0000:01:00.0 offset 0x44 may corrupt adjacent RW1C bits
[   15.374359] Disabling non-boot CPUs ...
[   15.443891] IRQ17 no longer affine to CPU1
[   15.564226] Entering suspend state LP1
[   15.564241] Enabling non-boot CPUs ...
[   15.565070] CPU1 is up
[   15.565816] CPU2 is up
[   15.566578] CPU3 is up
[   15.567284] pci_bus 0000:00: 2-byte config write to 0000:00:01.0 offset 0x4c may corrupt adjacent RW1C bits
[   15.567295] pci_bus 0000:00: 2-byte config write to 0000:00:01.0 offset 0x88 may corrupt adjacent RW1C bits
[   15.567301] pci_bus 0000:00: 2-byte config write to 0000:00:01.0 offset 0x90 may corrupt adjacent RW1C bits
[   15.567307] pci_bus 0000:00: 2-byte config write to 0000:00:01.0 offset 0x98 may corrupt adjacent RW1C bits
[   15.567311] pci_bus 0000:00: 2-byte config write to 0000:00:01.0 offset 0x9c may corrupt adjacent RW1C bits
[   15.567333] pci_bus 0000:00: 2-byte config write to 0000:00:01.0 offset 0x52 may corrupt adjacent RW1C bits
[   15.567340] pci_bus 0000:00: 2-byte config write to 0000:00:01.0 offset 0x52 may corrupt adjacent RW1C bits
[   15.567365] pcieport 0000:00:01.0: nv_msi_ht_cap_quirk didn't locate host bridge
[   16.275920] OOM killer enabled.
[   16.279050] Restarting tasks ... done.
[   16.283158] PM: suspend exit
root@(none):/# 
root@(none):/# rtcwake -d rtc1 -m mem -s 3
rtcwake: wakeup from "mem" using /dev/rtc1 at Thu Jan  1 00:00:47 1970
[   17.193165] PM: suspend entry (deep)
[   17.196769] PM: Syncing filesystems ... done.
[   17.203944] Freezing user space processes ... (elapsed 0.001 seconds) done.
[   17.212018] OOM killer disabled.
[   17.215253] Freezing remaining freezable tasks ... (elapsed 0.001 seconds) done.
[   17.223790] Suspending console(s) (use no_console_suspend to debug)
[   17.334319] Disabling non-boot CPUs ...
[   17.393864] IRQ17 no longer affine to CPU1
[   17.514203] Entering suspend state LP1
[   17.514218] Enabling non-boot CPUs ...
[   17.515050] CPU1 is up
[   17.515804] CPU2 is up
[   17.516565] CPU3 is up
[   17.517282] pcieport 0000:00:01.0: nv_msi_ht_cap_quirk didn't locate host bridge
[   18.122330] OOM killer enabled.
[   18.125467] Restarting tasks ... done.
[   18.129582] PM: suspend exit
root@(none):/# 
root@(none):/# rtcwake -d rtc1 -m mem -s 3
rtcwake: wakeup from "mem" using /dev/rtc1 at Thu Jan  1 00:00:52 1970
[   19.142201] PM: suspend entry (deep)
[   19.145803] PM: Syncing filesystems ... done.
[   19.152955] Freezing user space processes ... (elapsed 0.001 seconds) done.
[   19.161028] OOM killer disabled.
[   19.164265] Freezing remaining freezable tasks ... (elapsed 0.001 seconds) done.
[   19.172790] Suspending console(s) (use no_console_suspend to debug)
[   19.284314] Disabling non-boot CPUs ...
[   19.403715] IRQ17 no longer affine to CPU2
[   19.464170] Entering suspend state LP1
[   19.464186] Enabling non-boot CPUs ...
[   19.465016] CPU1 is up
[   19.465760] CPU2 is up
[   19.466511] CPU3 is up
[   19.467214] pcieport 0000:00:01.0: nv_msi_ht_cap_quirk didn't locate host bridge
[   20.089119] OOM killer enabled.
[   20.092249] Restarting tasks ... done.
[   20.096403] PM: suspend exit
root@(none):/# 
root@(none):/# rtcwake -d rtc1 -m mem -s 3
rtcwake: wakeup from "mem" using /dev/rtc1 at Thu Jan  1 00:00:57 1970
[   21.092459] PM: suspend entry (deep)
[   21.096065] PM: Syncing filesystems ... done.
[   21.101183] Freezing user space processes ... (elapsed 0.001 seconds) done.
[   21.109286] OOM killer disabled.
[   21.112502] Freezing remaining freezable tasks ... (elapsed 0.001 seconds) done.
[   21.121031] Suspending console(s) (use no_console_suspend to debug)
[   21.165191] pci_generic_config_write32: 71 callbacks suppressed
[   21.165207] pci_bus 0000:00: 2-byte config write to 0000:00:01.0 offset 0x9c may corrupt adjacent RW1C bits
[   21.212056] pci_bus 0000:01: 2-byte config write to 0000:01:00.0 offset 0x44 may corrupt adjacent RW1C bits
[   21.212072] pci_bus 0000:01: 2-byte config write to 0000:01:00.0 offset 0x44 may corrupt adjacent RW1C bits
[   21.234274] Disabling non-boot CPUs ...
[   21.343681] IRQ17 no longer affine to CPU2
[   21.404018] Entering suspend state LP1
[   21.404032] Enabling non-boot CPUs ...
[   21.404846] CPU1 is up
[   21.405613] CPU2 is up
[   21.406362] CPU3 is up
[   21.407041] pci_bus 0000:00: 2-byte config write to 0000:00:01.0 offset 0x4c may corrupt adjacent RW1C bits
[   21.407054] pci_bus 0000:00: 2-byte config write to 0000:00:01.0 offset 0x88 may corrupt adjacent RW1C bits
[   21.407058] pci_bus 0000:00: 2-byte config write to 0000:00:01.0 offset 0x90 may corrupt adjacent RW1C bits
[   21.407065] pci_bus 0000:00: 2-byte config write to 0000:00:01.0 offset 0x98 may corrupt adjacent RW1C bits
[   21.407070] pci_bus 0000:00: 2-byte config write to 0000:00:01.0 offset 0x9c may corrupt adjacent RW1C bits
[   21.407090] pci_bus 0000:00: 2-byte config write to 0000:00:01.0 offset 0x52 may corrupt adjacent RW1C bits
[   21.407096] pci_bus 0000:00: 2-byte config write to 0000:00:01.0 offset 0x52 may corrupt adjacent RW1C bits
[   21.407124] pcieport 0000:00:01.0: nv_msi_ht_cap_quirk didn't locate host bridge
[   22.131705] OOM killer enabled.
[   22.134842] Restarting tasks ... done.
[   22.138969] PM: suspend exit
root@(none):/# 
root@(none):/# rtcwake -d rtc1 -m mem -s 3
rtcwake: wakeup from "mem" using /dev/rtc1 at Thu Jan  1 00:01:02 1970
[   23.032585] PM: suspend entry (deep)
[   23.036189] PM: Syncing filesystems ... done.
[   23.042337] Freezing user space processes ... (elapsed 0.001 seconds) done.
[   23.050418] OOM killer disabled.
[   23.053659] Freezing remaining freezable tasks ... (elapsed 0.001 seconds) done.
[   23.062184] Suspending console(s) (use no_console_suspend to debug)
[   23.174247] Disabling non-boot CPUs ...
[   23.283674] IRQ17 no longer affine to CPU2
[   23.343998] Entering suspend state LP1
[   23.344011] Enabling non-boot CPUs ...
[   23.344818] CPU1 is up
[   23.345582] CPU2 is up
[   23.346354] CPU3 is up
[   23.347077] pcieport 0000:00:01.0: nv_msi_ht_cap_quirk didn't locate host bridge
[   23.962213] OOM killer enabled.
[   23.965350] Restarting tasks ... done.
[   23.969543] PM: suspend exit
root@(none):/# 
root@(none):/# rtcwake -d rtc1 -m mem -s 3
rtcwake: wakeup from "mem" using /dev/rtc1 at Thu Jan  1 00:01:07 1970
[   24.967121] PM: suspend entry (deep)
[   24.970703] PM: Syncing filesystems ... done.
[   24.976881] Freezing user space processes ... (elapsed 0.001 seconds) done.
[   24.984976] OOM killer disabled.
[   24.988191] Freezing remaining freezable tasks ... (elapsed 0.001 seconds) done.
[   24.996731] Suspending console(s) (use no_console_suspend to debug)
[   25.114261] Disabling non-boot CPUs ...
[   25.223636] IRQ17 no longer affine to CPU2
[   25.273988] Entering suspend state LP1
[   25.274002] Enabling non-boot CPUs ...
[   25.274819] CPU1 is up
[   25.275580] CPU2 is up
[   25.276322] CPU3 is up
[   25.277042] pcieport 0000:00:01.0: nv_msi_ht_cap_quirk didn't locate host bridge
[   25.898411] OOM killer enabled.
[   25.901541] Restarting tasks ... done.
[   25.905702] PM: suspend exit
root@(none):/# 
root@(none):/# NVTB SYSTEM SUSPEND TEST COMPLETE
