
U-Boot SPL 2015.04-rc3-00209-ga74ef40 (Mar 16 2015 - 14:43:39)


U-Boot 2015.04-rc3-00209-ga74ef40 (Mar 16 2015 - 14:43:39)

TEGRA20
Model: Compulab TrimSlice board
DRAM:  1 GiB
MMC:   Tegra SD/MMC: 0, Tegra SD/MMC: 1
SF: Detected W25Q80BL with page size 256 Bytes, erase size 4 KiB, total 1 MiB
tegra-pcie: PCI regions:
tegra-pcie:   I/O: 0x82000000-0x82010000
tegra-pcie:   non-prefetchable memory: 0xa0000000-0xa8000000
tegra-pcie:   prefetchable memory: 0xa8000000-0xc0000000
tegra-pcie: dual-mode configuration
tegra-pcie: probing port 0, using 2 lanes
In:    serial
Out:   serial
Err:   serial
Net:   RTL8169#0
Hit any key to stop autoboot:  2  0 
Tegra20 (TrimSlice) # 
Tegra20 (TrimSlice) # usb reset
resetting USB...
USB0:   USB EHCI 1.00
scanning bus 0 for devices... 3 USB Device(s) found
USB1:   USB EHCI 1.00
scanning bus 1 for devices... 1 USB Device(s) found
USB2:   lowlevel init failed
       scanning usb for storage devices... 0 Storage Device(s) found
       scanning usb for ethernet devices... 
Warning: asx0 using MAC address from net device
1 Ethernet Device(s) found
Tegra20 (TrimSlice) # setenv bootargs 'ignore_loglevel console=ttyS0,115200n8 rw root=/dev/mmcblk0p1 rootwait gpt debug noinitrd earlyprintk init=/bin/bash'
Tegra20 (TrimSlice) # setenv ipaddr 192.168.100.103; setenv serverip 192.168.100.1; setenv tftpserverip 192.168.100.1
Tegra20 (TrimSlice) # tftpboot 0x00408000 zImage.multi_v7_defconfig
Using RTL8169#0 device
TFTP from server 192.168.100.1; our IP address is 192.168.100.103
Filename 'zImage.multi_v7_defconfig'.
Load address: 0x408000
Loading: *#################################################################
	 #################################################################
	 #################################################################
	 #################################################################
	 #################################################################
	 #################################################################
	 ###############################################
	 4.1 MiB/s
done
Bytes transferred = 6401640 (61ae68 hex)
Tegra20 (TrimSlice) # tftpboot 0x02408000 tegra20-trimslice.dtb
Using RTL8169#0 device
TFTP from server 192.168.100.1; our IP address is 192.168.100.103
Filename 'tegra20-trimslice.dtb'.
Load address: 0x2408000
Loading: *##
	 4 MiB/s
done
Bytes transferred = 21202 (52d2 hex)
Tegra20 (TrimSlice) # bootz 0x00408000 - 0x02408000
Kernel image @ 0x408000 [ 0x000000 - 0x61ae68 ]
## Flattened Device Tree blob at 02408000
   Booting using the fdt blob at 0x2408000
   Using Device Tree in place at 02408000, end 024102d1

Starting kernel ...

[    0.000000] Booting Linux on physical CPU 0x0
[    0.000000] Linux version 4.2.0-38352-g4e4adb2 (pwalmsley@sellafield) (gcc version 4.7.3 20130328 (prerelease) (crosstool-NG linaro-1.13.1-4.7-2013.04-20130415 - Linaro GCC 2013.04) ) #1 SMP Tue Sep 8 01:50:52 PDT 2015
[    0.000000] CPU: ARMv7 Processor [411fc090] revision 0 (ARMv7), cr=10c5387d
[    0.000000] CPU: PIPT / VIPT nonaliasing data cache, VIPT aliasing instruction cache
[    0.000000] Machine model: Compulab TrimSlice board
[    0.000000] debug: ignoring loglevel setting.
[    0.000000] cma: Reserved 64 MiB at 0x3c000000
[    0.000000] Memory policy: Data cache writealloc
[    0.000000] On node 0 totalpages: 262144
[    0.000000] free_area_init_node: node 0, pgdat c0f6b200, node_mem_map eeff8000
[    0.000000]   DMA zone: 1520 pages used for memmap
[    0.000000]   DMA zone: 0 pages reserved
[    0.000000]   DMA zone: 194560 pages, LIFO batch:31
[    0.000000]   HighMem zone: 67584 pages, LIFO batch:15
[    0.000000] PERCPU: Embedded 11 pages/cpu @eefcc000 s14976 r8192 d21888 u45056
[    0.000000] pcpu-alloc: s14976 r8192 d21888 u45056 alloc=11*4096
[    0.000000] pcpu-alloc: [0] 0 [0] 1 
[    0.000000] Built 1 zonelists in Zone order, mobility grouping on.  Total pages: 260624
[    0.000000] Kernel command line: ignore_loglevel console=ttyS0,115200n8 rw root=/dev/mmcblk0p1 rootwait gpt debug noinitrd earlyprintk init=/bin/bash
[    0.000000] PID hash table entries: 4096 (order: 2, 16384 bytes)
[    0.000000] Dentry cache hash table entries: 131072 (order: 7, 524288 bytes)
[    0.000000] Inode-cache hash table entries: 65536 (order: 6, 262144 bytes)
[    0.000000] Memory: 959756K/1048576K available (8062K kernel code, 1012K rwdata, 3616K rodata, 1020K init, 340K bss, 23284K reserved, 65536K cma-reserved, 204800K highmem)
[    0.000000] Virtual kernel memory layout:
[    0.000000]     vector  : 0xffff0000 - 0xffff1000   (   4 kB)
[    0.000000]     fixmap  : 0xffc00000 - 0xfff00000   (3072 kB)
[    0.000000]     vmalloc : 0xf0000000 - 0xff000000   ( 240 MB)
[    0.000000]     lowmem  : 0xc0000000 - 0xef800000   ( 760 MB)
[    0.000000]     pkmap   : 0xbfe00000 - 0xc0000000   (   2 MB)
[    0.000000]     modules : 0xbf000000 - 0xbfe00000   (  14 MB)
[    0.000000]       .text : 0xc0208000 - 0xc0d70bb4   (11683 kB)
[    0.000000]       .init : 0xc0d71000 - 0xc0e70000   (1020 kB)
[    0.000000]       .data : 0xc0e70000 - 0xc0f6d1c0   (1013 kB)
[    0.000000]        .bss : 0xc0f70000 - 0xc0fc52e8   ( 341 kB)
[    0.000000] SLUB: HWalign=64, Order=0-3, MinObjects=0, CPUs=2, Nodes=1
[    0.000000] Hierarchical RCU implementation.
[    0.000000] 	Build-time adjustment of leaf fanout to 32.
[    0.000000] 	RCU restricting CPUs from NR_CPUS=16 to nr_cpu_ids=2.
[    0.000000] RCU: Adjusting geometry for rcu_fanout_leaf=32, nr_cpu_ids=2
[    0.000000] NR_IRQS:16 nr_irqs:16 16
[    0.000000] /interrupt-controller@60004000: 128 interrupts forwarded to /interrupt-controller@50041000
[    0.000000] L2C: platform modifies aux control register: 0x02080000 -> 0x3e480001
[    0.000000] L2C: DT/platform modifies aux control register: 0x02080000 -> 0x3e480001
[    0.000000] L2C-310 errata 727915 769419 enabled
[    0.000000] L2C-310 enabling early BRESP for Cortex-A9
[    0.000000] L2C-310: enabling full line of zeros but not enabled in Cortex-A9
[    0.000000] L2C-310 ID prefetch enabled, offset 1 lines
[    0.000000] L2C-310 cache controller enabled, 8 ways, 1024 kB
[    0.000000] L2C-310: CACHE_ID 0x410000c4, AUX_CTRL 0x7e480001
[    0.000011] sched_clock: 32 bits at 1000kHz, resolution 1000ns, wraps every 2147483647500ns
[    0.000028] clocksource: timer_us: mask: 0xffffffff max_cycles: 0xffffffff, max_idle_ns: 1911260446275 ns
[    0.000038] Switching to timer-based delay loop, resolution 1000ns
[    0.001525] Console: colour dummy device 80x30
[    0.001545] Calibrating delay loop (skipped), value calculated using timer frequency.. 2.00 BogoMIPS (lpj=5000)
[    0.001555] pid_max: default: 32768 minimum: 301
[    0.001638] Mount-cache hash table entries: 2048 (order: 1, 8192 bytes)
[    0.001648] Mountpoint-cache hash table entries: 2048 (order: 1, 8192 bytes)
[    0.002108] CPU: Testing write buffer coherency: ok
[    0.002283] CPU0: thread -1, cpu 0, socket 0, mpidr 80000000
[    0.002326] Setting up static identity map for 0x209000 - 0x209098
[    0.003750] Tegra Revision: A03 prime SKU: 8 CPU Process: 1 SoC Process: 2
[    0.004689] CPU1: thread -1, cpu 1, socket 0, mpidr 80000001
[    0.004742] Brought up 2 CPUs
[    0.004754] SMP: Total of 2 processors activated (4.00 BogoMIPS).
[    0.004759] CPU: All CPU(s) started in SVC mode.
[    0.005426] devtmpfs: initialized
[    0.009670] VFP support v0.3: implementor 41 architecture 3 part 30 variant 9 rev 1
[    0.010090] clocksource: jiffies: mask: 0xffffffff max_cycles: 0xffffffff, max_idle_ns: 9556302231375000 ns
[    0.013232] pinctrl core: initialized pinctrl subsystem
[    0.014417] NET: Registered protocol family 16
[    0.016435] DMA: preallocated 256 KiB pool for atomic coherent allocations
[    0.029936] cpuidle: using governor ladder
[    0.044934] cpuidle: using governor menu
[    0.049039] gpiochip_add: GPIOs 0..223 (tegra-gpio) failed to register
[    0.054623] No ATAGs?
[    0.054650] hw-breakpoint: found 5 (+1 reserved) breakpoint and 1 watchpoint registers.
[    0.054657] hw-breakpoint: maximum watchpoint size is 4 bytes.
[    0.057509] Serial: AMBA PL011 UART driver
[    0.086801] vgaarb: loaded
[    0.087397] SCSI subsystem initialized
[    0.087530] libata version 3.00 loaded.
[    0.087758] usbcore: registered new interface driver usbfs
[    0.087805] usbcore: registered new interface driver hub
[    0.087845] usbcore: registered new device driver usb
[    0.089871] pps_core: LinuxPPS API ver. 1 registered
[    0.089878] pps_core: Software ver. 5.3.6 - Copyright 2005-2007 Rodolfo Giometti <giometti@linux.it>
[    0.089900] PTP clock support registered
[    0.090092] EDAC MC: Ver: 3.0.0
[    0.092018] clocksource: Switched to clocksource timer_us
[    0.100201] NET: Registered protocol family 2
[    0.100625] TCP established hash table entries: 8192 (order: 3, 32768 bytes)
[    0.100695] TCP bind hash table entries: 8192 (order: 4, 65536 bytes)
[    0.100809] TCP: Hash tables configured (established 8192 bind 8192)
[    0.100885] UDP hash table entries: 512 (order: 2, 16384 bytes)
[    0.100933] UDP-Lite hash table entries: 512 (order: 2, 16384 bytes)
[    0.101095] NET: Registered protocol family 1
[    0.101329] RPC: Registered named UNIX socket transport module.
[    0.101336] RPC: Registered udp transport module.
[    0.101342] RPC: Registered tcp transport module.
[    0.101347] RPC: Registered tcp NFSv4.1 backchannel transport module.
[    0.101369] PCI: CLS 0 bytes, default 64
[    0.102191] hw perfevents: enabled with armv7_cortex_a9 PMU driver, 7 counters available
[    0.103235] futex hash table entries: 512 (order: 3, 32768 bytes)
[    0.111677] squashfs: version 4.0 (2009/01/31) Phillip Lougher
[    0.112395] NFS: Registering the id_resolver key type
[    0.112420] Key type id_resolver registered
[    0.112426] Key type id_legacy registered
[    0.112482] ntfs: driver 2.1.32 [Flags: R/O].
[    0.113569] bounce: pool size: 64 pages
[    0.113749] Block layer SCSI generic (bsg) driver version 0.4 loaded (major 249)
[    0.113764] io scheduler noop registered
[    0.113776] io scheduler deadline registered
[    0.113807] io scheduler cfq registered (default)
[    0.122984] tegra-pcie 80003000.pcie-controller: dual-mode configuration
[    0.123541] tegra-pcie 80003000.pcie-controller: probing port 0, using 2 lanes
[    0.207470] tegra-pcie 80003000.pcie-controller: PCI host bridge to bus 0000:00
[    0.207483] pci_bus 0000:00: root bus resource [mem 0xa0000000-0xa7ffffff]
[    0.207493] pci_bus 0000:00: root bus resource [mem 0xa8000000-0xbfffffff pref]
[    0.207502] pci_bus 0000:00: root bus resource [bus 00-ff]
[    0.207511] pci_bus 0000:00: root bus resource [io  0x1000-0xffff]
[    0.207537] pci 0000:00:01.0: [10de:0bf0] type 01 class 0x060000
[    0.207571] pci 0000:00:01.0: IOMMU is currently not supported for PCI
[    0.207600] pci 0000:00:01.0: PME# supported from D0 D1 D2 D3hot D3cold
[    0.207789] PCI: bus0: Fast back to back transfers disabled
[    0.207800] pci 0000:00:01.0: bridge configuration invalid ([bus 00-00]), reconfiguring
[    0.207897] pci 0000:00:01.0: PCI bridge to [bus 01-ff]
[    0.207908] pci 0000:00:01.0:   bridge window [io  0x0000-0x0fff]
[    0.207953] pci 0000:01:00.0: [10ec:8168] type 00 class 0x020000
[    0.207989] pci 0000:01:00.0: reg 0x10: [io  0x0000-0x00ff]
[    0.208011] pci 0000:01:00.0: reg 0x18: [mem 0x00000000-0x00000fff 64bit pref]
[    0.208028] pci 0000:01:00.0: reg 0x20: [mem 0x00000000-0x00003fff 64bit pref]
[    0.208041] pci 0000:01:00.0: reg 0x30: [mem 0x00000000-0x0001ffff pref]
[    0.208058] pci 0000:01:00.0: IOMMU is currently not supported for PCI
[    0.208102] pci 0000:01:00.0: supports D1 D2
[    0.208110] pci 0000:01:00.0: PME# supported from D0 D1 D2 D3hot D3cold
[    0.217051] PCI: bus1: Fast back to back transfers disabled
[    0.217064] pci_bus 0000:01: busn_res: [bus 01-ff] end is updated to 01
[    0.217076] Disabling cpuidle LP2 state, since PCIe IRQs are in use
[    0.217130] pci 0000:00:01.0: BAR 8: assigned [mem 0xa0000000-0xa00fffff]
[    0.217142] pci 0000:00:01.0: BAR 9: assigned [mem 0xa8000000-0xa80fffff 64bit pref]
[    0.217152] pci 0000:00:01.0: BAR 7: assigned [io  0x1000-0x1fff]
[    0.217164] pci 0000:01:00.0: BAR 6: assigned [mem 0xa0000000-0xa001ffff pref]
[    0.217174] pci 0000:01:00.0: BAR 4: assigned [mem 0xa8000000-0xa8003fff 64bit pref]
[    0.217191] pci 0000:01:00.0: BAR 2: assigned [mem 0xa8004000-0xa8004fff 64bit pref]
[    0.217207] pci 0000:01:00.0: BAR 0: assigned [io  0x1000-0x10ff]
[    0.217217] pci 0000:00:01.0: PCI bridge to [bus 01]
[    0.217226] pci 0000:00:01.0:   bridge window [io  0x1000-0x1fff]
[    0.217235] pci 0000:00:01.0:   bridge window [mem 0xa0000000-0xa00fffff]
[    0.217243] pci 0000:00:01.0:   bridge window [mem 0xa8000000-0xa80fffff 64bit pref]
[    0.217264] pci 0000:00:01.0: nv_msi_ht_cap_quirk didn't locate host bridge
[    0.217327] pcieport 0000:00:01.0: enabling device (0140 -> 0143)
[    0.217471] pcieport 0000:00:01.0: Signaling PME through PCIe PME interrupt
[    0.217480] pci 0000:01:00.0: Signaling PME through PCIe PME interrupt
[    0.217489] pcie_pme 0000:00:01.0:pcie01: service driver pcie_pme loaded
[    0.221242] tegra-apbdma 6000a000.dma: Tegra20 APB DMA driver register 16 channels
[    0.267378] Serial: 8250/16550 driver, 4 ports, IRQ sharing disabled
[    0.269266] SuperH (H)SCI(F) driver initialized
[    0.269976] msm_serial: driver initialized
[    0.270637] console [ttyS0] disabled
[    0.270670] 70006000.serial: ttyS0 at MMIO 0x70006000 (irq = 55, base_baud = 13500000) is a Tegra
[    1.236651] console [ttyS0] enabled
[    1.240721] STMicroelectronics ASC driver initialized
[    1.247439] [drm] Initialized drm 1.1.0 20060810
[    1.253756] 54280000.hdmi supply hdmi not found, using dummy regulator
[    1.262841] [drm] Supports vblank timestamp caching Rev 2 (21.10.2013).
[    1.269448] [drm] No driver support for vblank timestamp query.
[    1.275383] drm drm: No connectors reported connected with modes
[    1.281388] [drm] Cannot find any crtc or sizes - going 1024x768
[    1.303452] Console: switching to colour frame buffer device 128x48
[    1.318115] drm drm: fb0:  frame buffer device
[    1.337024] [drm] Initialized tegra 0.0.0 20120330 on minor 0
[    1.347991] loop: module loaded
[    1.355846] m25p80 spi32766.0: found s25fl008k, expected w25q80bl
[    1.361951] m25p80 spi32766.0: s25fl008k (1024 Kbytes)
[    1.369484] CAN device driver interface
[    1.374268] igb: Intel(R) Gigabit Ethernet Network Driver - version 5.3.0-k
[    1.381227] igb: Copyright (c) 2007-2014 Intel Corporation.
[    1.387372] r8169 Gigabit Ethernet driver 2.3LK-NAPI loaded
[    1.392967] r8169 0000:01:00.0: enabling device (0140 -> 0143)
[    1.399430] r8169 0000:01:00.0 eth0: RTL8168d/8111d at 0xf005e000, 00:01:c0:13:7d:63, XID 081000c0 IRQ 72
[    1.408997] r8169 0000:01:00.0 eth0: jumbo features [frames: 9200 bytes, tx checksumming: ko]
[    1.419240] pegasus: v0.9.3 (2013/04/25), Pegasus/Pegasus II USB Ethernet driver
[    1.426702] usbcore: registered new interface driver pegasus
[    1.432413] usbcore: registered new interface driver asix
[    1.437850] usbcore: registered new interface driver ax88179_178a
[    1.443983] usbcore: registered new interface driver cdc_ether
[    1.449867] usbcore: registered new interface driver smsc75xx
[    1.455664] usbcore: registered new interface driver smsc95xx
[    1.461447] usbcore: registered new interface driver net1080
[    1.467156] usbcore: registered new interface driver cdc_subset
[    1.473113] usbcore: registered new interface driver zaurus
[    1.478752] usbcore: registered new interface driver cdc_ncm
[    1.484689] tegra-phy c5004000.usb-phy: invalid gpio: -517
[    1.490238] tegra-phy c5008000.usb-phy: no vbus regulator
[    1.498126] ehci_hcd: USB 2.0 'Enhanced' Host Controller (EHCI) Driver
[    1.504658] ehci-pci: EHCI PCI platform driver
[    1.509144] ehci-platform: EHCI generic platform driver
[    1.514528] ehci-omap: OMAP-EHCI Host Controller driver
[    1.519861] ehci-orion: EHCI orion driver
[    1.523986] SPEAr-ehci: EHCI SPEAr driver
[    1.528107] ehci-st: EHCI STMicroelectronics driver
[    1.533091] ehci-exynos: EHCI EXYNOS driver
[    1.537399] ehci-atmel: EHCI Atmel driver
[    1.541501] tegra-ehci: Tegra EHCI driver
[    1.548391] tegra-ehci c5008000.usb: EHCI Host Controller
[    1.553805] tegra-ehci c5008000.usb: new USB bus registered, assigned bus number 1
[    1.561689] tegra-ehci c5008000.usb: irq 66, io mem 0xc5008000
[    1.577033] tegra-ehci c5008000.usb: USB 2.0 started, EHCI 1.00
[    1.583576] hub 1-0:1.0: USB hub found
[    1.587372] hub 1-0:1.0: 1 port detected
[    1.591602] ohci_hcd: USB 1.1 'Open' Host Controller (OHCI) Driver
[    1.597802] ohci-pci: OHCI PCI platform driver
[    1.602299] ohci-platform: OHCI generic platform driver
[    1.607682] ohci-omap3: OHCI OMAP3 driver
[    1.611786] SPEAr-ohci: OHCI SPEAr driver
[    1.615909] ohci-st: OHCI STMicroelectronics driver
[    1.620896] ohci-atmel: OHCI Atmel driver
[    1.625096] usbcore: registered new interface driver usb-storage
[    1.632247] mousedev: PS/2 mouse device common for all mice
[    1.639961] rtc-em3027 2-0056: rtc core: registered rtc-em3027 as rtc0
[    1.647720] tegra_rtc 7000e000.rtc: rtc core: registered 7000e000.rtc as rtc1
[    1.654882] tegra_rtc 7000e000.rtc: Tegra internal Real Time Clock
[    1.661495] i2c /dev entries driver
[    1.671437] sdhci: Secure Digital Host Controller Interface driver
[    1.677620] sdhci: Copyright(c) Pierre Ossman
[    1.683195] Synopsys Designware Multimedia Card Interface Driver
[    1.690062] sdhci-pltfm: SDHCI platform and OF driver helper
[    1.696500] sdhci-tegra c8000000.sdhci: No vmmc regulator found
[    1.702424] sdhci-tegra c8000000.sdhci: No vqmmc regulator found
[    1.708430] mmc0: Invalid maximum block size, assuming 512 bytes
[    1.742033] mmc0: SDHCI controller on c8000000.sdhci [c8000000.sdhci] using ADMA
[    1.750470] ledtrig-cpu: registered to indicate activity on CPUs
[    1.756673] usbcore: registered new interface driver usbhid
[    1.762255] usbhid: USB HID core driver
[    1.769856] NET: Registered protocol family 10
[    1.774994] sit: IPv6 over IPv4 tunneling driver
[    1.780133] NET: Registered protocol family 17
[    1.784593] can: controller area network core (rev 20120528 abi 9)
[    1.790821] NET: Registered protocol family 29
[    1.795275] can: raw protocol (rev 20120528)
[    1.799554] can: broadcast manager protocol (rev 20120528 t)
[    1.805223] can: netlink gateway (rev 20130117) max_hops=1
[    1.811042] Key type dns_resolver registered
[    1.815687] ThumbEE CPU extension supported.
[    1.819971] Registering SWP/SWPB emulation handler
[    1.828999] tegra-phy c5004000.usb-phy: no vbus regulator
[    1.836341] utmi_phy_clk_enable: timeout waiting for phy to stabilize
[    1.842801] tegra-ehci c5000000.usb: EHCI Host Controller
[    1.848238] tegra-ehci c5000000.usb: new USB bus registered, assigned bus number 2
[    1.856090] tegra-ehci c5000000.usb: irq 64, io mem 0xc5000000
[    1.904567] mmc0: host does not support reading read-only switch, assuming write-enable
[    1.914526] mmc0: new high speed SDHC card at address b368
[    1.920351] mmcblk0: mmc0:b368 NCard 3.70 GiB 
[    1.926690]  mmcblk0: p1
[    1.932047] usb 1-1: new high-speed USB device number 2 using tegra-ehci
[    1.942034] tegra-ehci c5000000.usb: USB 2.0 started, EHCI 1.00
[    1.948546] hub 2-0:1.0: USB hub found
[    1.952331] hub 2-0:1.0: 1 port detected
[    1.978225] ulpi_phy_power_on: ulpi write failed
[    1.982848] tegra-ehci c5004000.usb: Failed to power on the phy
[    1.988780] tegra-ehci: probe of c5004000.usb failed with error -110
[    1.996843] sdhci-tegra c8000600.sdhci: Got CD GPIO
[    2.001734] sdhci-tegra c8000600.sdhci: Got WP GPIO
[    2.006759] sdhci-tegra c8000600.sdhci: No vmmc regulator found
[    2.012683] sdhci-tegra c8000600.sdhci: No vqmmc regulator found
[    2.018690] mmc1: Invalid maximum block size, assuming 512 bytes
[    2.052224] mmc1: SDHCI controller on c8000600.sdhci [c8000600.sdhci] using ADMA
[    2.061000] input: gpio-keys as /devices/soc0/gpio-keys/input/input0
[    2.071082] rtc-em3027 2-0056: setting system clock to 2014-12-26 22:06:43 UTC (1419631603)
[    2.086098] hub 1-1:1.0: USB hub found
[    2.089963] hub 1-1:1.0: 4 ports detected
[    2.098424] EXT4-fs (mmcblk0p1): mounting ext3 file system using the ext4 subsystem
[    2.186626] EXT4-fs (mmcblk0p1): recovery complete
[    2.191452] EXT4-fs (mmcblk0p1): mounted filesystem with ordered data mode. Opts: (null)
[    2.192177] mmc1: new high speed SD card at address b368
[    2.192766] mmcblk1: mmc1:b368 NCard 1.83 GiB (ro)
[    2.209688] VFS: Mounted root (ext3 filesystem) on device 179:1.
[    2.218211]  mmcblk1: p1 p2
[    2.221819] devtmpfs: mounted
[    2.226281] Freeing unused kernel memory: 1020K (c0d71000 - c0e70000)
[    2.377078] usb 1-1.2: new high-speed USB device number 3 using tegra-ehci
bash: cannot set terminal process group (-1): Inappropriate ioctl for device
bash: no job control in this shell
root@(none):/# [    3.295443] asix 1-1.2:1.0 eth1: register 'asix' at usb-c5008