
U-Boot SPL 2015.04-rc3-00209-ga74ef40 (Mar 16 2015 - 14:43:39)


U-Boot 2015.04-rc3-00209-ga74ef40 (Mar 16 2015 - 14:43:39)

TEGRA20
Model: Compulab TrimSlice board
DRAM:  1 GiB
MMC:   Tegra SD/MMC: 0, Tegra SD/MMC: 1
SF: Detected W25Q80BL with page size 256 Bytes, erase size 4 KiB, total 1 MiB
tegra-pcie: PCI regions:
tegra-pcie:   I/O: 0x82000000-0x82010000
tegra-pcie:   non-prefetchable memory: 0xa0000000-0xa8000000
tegra-pcie:   prefetchable memory: 0xa8000000-0xc0000000
tegra-pcie: dual-mode configuration
tegra-pcie: probing port 0, using 2 lanes
In:    serial
Out:   serial
Err:   serial
Net:   RTL8169#0
Hit any key to stop autoboot:  2  0 
Tegra20 (TrimSlice) # 
Tegra20 (TrimSlice) # usb reset
resetting USB...
USB0:   USB EHCI 1.00
scanning bus 0 for devices... 3 USB Device(s) found
USB1:   USB EHCI 1.00
scanning bus 1 for devices... 1 USB Device(s) found
USB2:   lowlevel init failed
       scanning usb for storage devices... 0 Storage Device(s) found
       scanning usb for ethernet devices... 
Warning: asx0 using MAC address from net device
1 Ethernet Device(s) found
Tegra20 (TrimSlice) # setenv bootargs 'ignore_loglevel console=ttyS0,115200n8 rw root=PARTUUID=11eb23c1-01 rootwait gpt debug noinitrd earlyprintk init=/bin/bash'
Tegra20 (TrimSlice) # setenv ipaddr 192.168.100.103; setenv serverip 192.168.100.1; setenv tftpserverip 192.168.100.1
Tegra20 (TrimSlice) # tftpboot 0x00408000 zImage.multi_v7_defconfig
Using RTL8169#0 device
TFTP from server 192.168.100.1; our IP address is 192.168.100.103
Filename 'zImage.multi_v7_defconfig'.
Load address: 0x408000
Loading: *#################################################################
	 #################################################################
	 #################################################################
	 #################################################################
	 #################################################################
	 #################################################################
	 #################################################################
	 #################
	 4.1 MiB/s
done
Bytes transferred = 6919032 (699378 hex)
Tegra20 (TrimSlice) # tftpboot 0x02408000 tegra20-trimslice.dtb
Using RTL8169#0 device
TFTP from server 192.168.100.1; our IP address is 192.168.100.103
Filename 'tegra20-trimslice.dtb'.
Load address: 0x2408000
Loading: *##
	 4 MiB/s
done
Bytes transferred = 21130 (528a hex)
Tegra20 (TrimSlice) # bootz 0x00408000 - 0x02408000
Kernel image @ 0x408000 [ 0x000000 - 0x699378 ]
## Flattened Device Tree blob at 02408000
   Booting using the fdt blob at 0x2408000
   Using Device Tree in place at 02408000, end 02410289

Starting kernel ...

[    0.000000] Booting Linux on physical CPU 0x0
[    0.000000] Linux version 4.6.0-83646-g2dcd0af (pwalmsley@sellafield) (gcc version 4.7.3 20130328 (prerelease) (crosstool-NG linaro-1.13.1-4.7-2013.04-20130415 - Linaro GCC 2013.04) ) #1 SMP Mon May 16 02:48:31 PDT 2016
[    0.000000] CPU: ARMv7 Processor [411fc090] revision 0 (ARMv7), cr=10c5387d
[    0.000000] CPU: PIPT / VIPT nonaliasing data cache, VIPT aliasing instruction cache
[    0.000000] Machine model: Compulab TrimSlice board
[    0.000000] debug: ignoring loglevel setting.
[    0.000000] cma: Reserved 64 MiB at 0x3c000000
[    0.000000] Memory policy: Data cache writealloc
[    0.000000] On node 0 totalpages: 262144
[    0.000000] free_area_init_node: node 0, pgdat c141b3c0, node_mem_map ef7f8000
[    0.000000]   DMA zone: 1536 pages used for memmap
[    0.000000]   DMA zone: 0 pages reserved
[    0.000000]   DMA zone: 196608 pages, LIFO batch:31
[    0.000000]   HighMem zone: 65536 pages, LIFO batch:15
[    0.000000] percpu: Embedded 12 pages/cpu @ef7cb000 s19776 r8192 d21184 u49152
[    0.000000] pcpu-alloc: s19776 r8192 d21184 u49152 alloc=12*4096
[    0.000000] pcpu-alloc: [0] 0 [0] 1 
[    0.000000] Built 1 zonelists in Zone order, mobility grouping on.  Total pages: 260608
[    0.000000] Kernel command line: ignore_loglevel console=ttyS0,115200n8 rw root=PARTUUID=11eb23c1-01 rootwait gpt debug noinitrd earlyprintk init=/bin/bash
[    0.000000] PID hash table entries: 4096 (order: 2, 16384 bytes)
[    0.000000] Dentry cache hash table entries: 131072 (order: 7, 524288 bytes)
[    0.000000] Inode-cache hash table entries: 65536 (order: 6, 262144 bytes)
[    0.000000] Memory: 955940K/1048576K available (9522K kernel code, 1141K rwdata, 4108K rodata, 2048K init, 341K bss, 27100K reserved, 65536K cma-reserved, 196608K highmem)
[    0.000000] Virtual kernel memory layout:
[    0.000000]     vector  : 0xffff0000 - 0xffff1000   (   4 kB)
[    0.000000]     fixmap  : 0xffc00000 - 0xfff00000   (3072 kB)
[    0.000000]     vmalloc : 0xf0800000 - 0xff800000   ( 240 MB)
[    0.000000]     lowmem  : 0xc0000000 - 0xf0000000   ( 768 MB)
[    0.000000]     pkmap   : 0xbfe00000 - 0xc0000000   (   2 MB)
[    0.000000]     modules : 0xbf000000 - 0xbfe00000   (  14 MB)
[    0.000000]       .text : 0xc0208000 - 0xc104fa34   (14623 kB)
[    0.000000]       .init : 0xc1100000 - 0xc1300000   (2048 kB)
[    0.000000]       .data : 0xc1300000 - 0xc141d400   (1141 kB)
[    0.000000]        .bss : 0xc141f000 - 0xc1474518   ( 342 kB)
[    0.000000] SLUB: HWalign=64, Order=0-3, MinObjects=0, CPUs=2, Nodes=1
[    0.000000] Hierarchical RCU implementation.
[    0.000000] 	Build-time adjustment of leaf fanout to 32.
[    0.000000] 	RCU restricting CPUs from NR_CPUS=16 to nr_cpu_ids=2.
[    0.000000] RCU: Adjusting geometry for rcu_fanout_leaf=32, nr_cpu_ids=2
[    0.000000] NR_IRQS:16 nr_irqs:16 16
[    0.000000] /interrupt-controller@60004000: 128 interrupts forwarded to /interrupt-controller@50041000
[    0.000000] L2C: platform modifies aux control register: 0x02080000 -> 0x3e480001
[    0.000000] L2C: DT/platform modifies aux control register: 0x02080000 -> 0x3e480001
[    0.000000] L2C-310 errata 727915 769419 enabled
[    0.000000] L2C-310 enabling early BRESP for Cortex-A9
[    0.000000] L2C-310: enabling full line of zeros but not enabled in Cortex-A9
[    0.000000] L2C-310 ID prefetch enabled, offset 1 lines
[    0.000000] L2C-310 cache controller enabled, 8 ways, 1024 kB
[    0.000000] L2C-310: CACHE_ID 0x410000c4, AUX_CTRL 0x7e480001
[    0.000010] sched_clock: 32 bits at 1000kHz, resolution 1000ns, wraps every 2147483647500ns
[    0.000026] clocksource: timer_us: mask: 0xffffffff max_cycles: 0xffffffff, max_idle_ns: 1911260446275 ns
[    0.000036] Switching to timer-based delay loop, resolution 1000ns
[    0.001577] Console: colour dummy device 80x30
[    0.001598] Calibrating delay loop (skipped), value calculated using timer frequency.. 2.00 BogoMIPS (lpj=5000)
[    0.001609] pid_max: default: 32768 minimum: 301
[    0.001682] Mount-cache hash table entries: 2048 (order: 1, 8192 bytes)
[    0.001691] Mountpoint-cache hash table entries: 2048 (order: 1, 8192 bytes)
[    0.002168] CPU: Testing write buffer coherency: ok
[    0.002347] CPU0: thread -1, cpu 0, socket 0, mpidr 80000000
[    0.002392] Setting up static identity map for 0x300000 - 0x300098
[    0.003772] Tegra Revision: A03 prime SKU: 8 CPU Process: 1 SoC Process: 2
[    0.004810] CPU1: thread -1, cpu 1, socket 0, mpidr 80000001
[    0.004873] Brought up 2 CPUs
[    0.004885] SMP: Total of 2 processors activated (4.00 BogoMIPS).
[    0.004891] CPU: All CPU(s) started in SVC mode.
[    0.005561] devtmpfs: initialized
[    0.009564] VFP support v0.3: implementor 41 architecture 3 part 30 variant 9 rev 1
[    0.009955] clocksource: jiffies: mask: 0xffffffff max_cycles: 0xffffffff, max_idle_ns: 9556302231375000 ns
[    0.013023] pinctrl core: initialized pinctrl subsystem
[    0.014328] NET: Registered protocol family 16
[    0.016516] DMA: preallocated 256 KiB pool for atomic coherent allocations
[    0.029931] cpuidle: using governor menu
[    0.040833] No ATAGs?
[    0.040860] hw-breakpoint: found 5 (+1 reserved) breakpoint and 1 watchpoint registers.
[    0.040867] hw-breakpoint: maximum watchpoint size is 4 bytes.
[    0.044434] Serial: AMBA PL011 UART driver
[    0.068508] usb1_vbus: Failed to request enable GPIO170: -517
[    0.068523] reg-fixed-voltage regulators:regulator@2: Failed to register regulator: -517
[    0.072363] vgaarb: loaded
[    0.073100] SCSI subsystem initialized
[    0.073226] libata version 3.00 loaded.
[    0.073440] usbcore: registered new interface driver usbfs
[    0.073486] usbcore: registered new interface driver hub
[    0.073525] usbcore: registered new device driver usb
[    0.075662] pps_core: LinuxPPS API ver. 1 registered
[    0.075669] pps_core: Software ver. 5.3.6 - Copyright 2005-2007 Rodolfo Giometti <giometti@linux.it>
[    0.075689] PTP clock support registered
[    0.075858] EDAC MC: Ver: 3.0.0
[    0.077740] clocksource: Switched to clocksource timer_us
[    0.085573] NET: Registered protocol family 2
[    0.086000] TCP established hash table entries: 8192 (order: 3, 32768 bytes)
[    0.086070] TCP bind hash table entries: 8192 (order: 4, 65536 bytes)
[    0.086183] TCP: Hash tables configured (established 8192 bind 8192)
[    0.086243] UDP hash table entries: 512 (order: 2, 16384 bytes)
[    0.086291] UDP-Lite hash table entries: 512 (order: 2, 16384 bytes)
[    0.086454] NET: Registered protocol family 1
[    0.086686] RPC: Registered named UNIX socket transport module.
[    0.086693] RPC: Registered udp transport module.
[    0.086699] RPC: Registered tcp transport module.
[    0.086704] RPC: Registered tcp NFSv4.1 backchannel transport module.
[    0.086721] PCI: CLS 0 bytes, default 64
[    0.087522] hw perfevents: enabled with armv7_cortex_a9 PMU driver, 7 counters available
[    0.088603] futex hash table entries: 512 (order: 3, 32768 bytes)
[    0.089212] workingset: timestamp_bits=28 max_order=18 bucket_order=0
[    0.096731] squashfs: version 4.0 (2009/01/31) Phillip Lougher
[    0.097325] NFS: Registering the id_resolver key type
[    0.097353] Key type id_resolver registered
[    0.097359] Key type id_legacy registered
[    0.097406] ntfs: driver 2.1.32 [Flags: R/O].
[    0.098406] bounce: pool size: 64 pages
[    0.098561] Block layer SCSI generic (bsg) driver version 0.4 loaded (major 248)
[    0.098576] io scheduler noop registered
[    0.098586] io scheduler deadline registered
[    0.098614] io scheduler cfq registered (default)
[    0.109781] tegra-pcie 80003000.pcie-controller: dual-mode configuration
[    0.110362] tegra-pcie 80003000.pcie-controller: probing port 0, using 2 lanes
[    0.193947] tegra-pcie 80003000.pcie-controller: PCI host bridge to bus 0000:00
[    0.193959] pci_bus 0000:00: root bus resource [io  0x0000-0xffff]
[    0.193968] pci_bus 0000:00: root bus resource [mem 0xa0000000-0xa7ffffff]
[    0.193977] pci_bus 0000:00: root bus resource [mem 0xa8000000-0xbfffffff pref]
[    0.193985] pci_bus 0000:00: root bus resource [bus 00-ff]
[    0.194019] pci 0000:00:01.0: [10de:0bf0] type 01 class 0x060000
[    0.194077] pci 0000:00:01.0: PME# supported from D0 D1 D2 D3hot D3cold
[    0.194269] PCI: bus0: Fast back to back transfers disabled
[    0.194280] pci 0000:00:01.0: bridge configuration invalid ([bus 00-00]), reconfiguring
[    0.194405] pci 0000:01:00.0: [10ec:8168] type 00 class 0x020000
[    0.194428] pci 0000:01:00.0: reg 0x10: [io  0x0000-0x00ff]
[    0.194450] pci 0000:01:00.0: reg 0x18: [mem 0x00000000-0x00000fff 64bit pref]
[    0.194467] pci 0000:01:00.0: reg 0x20: [mem 0x00000000-0x00003fff 64bit pref]
[    0.194479] pci 0000:01:00.0: reg 0x30: [mem 0x00000000-0x0001ffff pref]
[    0.194553] pci 0000:01:00.0: supports D1 D2
[    0.194561] pci 0000:01:00.0: PME# supported from D0 D1 D2 D3hot D3cold
[    0.202772] PCI: bus1: Fast back to back transfers disabled
[    0.202784] pci_bus 0000:01: busn_res: [bus 01-ff] end is updated to 01
[    0.202796] Disabling cpuidle LP2 state, since PCIe IRQs are in use
[    0.202850] pci 0000:00:01.0: BAR 8: assigned [mem 0xa0000000-0xa00fffff]
[    0.202861] pci 0000:00:01.0: BAR 9: assigned [mem 0xa8000000-0xa80fffff 64bit pref]
[    0.202871] pci 0000:00:01.0: BAR 7: assigned [io  0x1000-0x1fff]
[    0.202883] pci 0000:01:00.0: BAR 6: assigned [mem 0xa0000000-0xa001ffff pref]
[    0.202893] pci 0000:01:00.0: BAR 4: assigned [mem 0xa8000000-0xa8003fff 64bit pref]
[    0.202911] pci 0000:01:00.0: BAR 2: assigned [mem 0xa8004000-0xa8004fff 64bit pref]
[    0.202927] pci 0000:01:00.0: BAR 0: assigned [io  0x1000-0x10ff]
[    0.202937] pci 0000:00:01.0: PCI bridge to [bus 01]
[    0.202946] pci 0000:00:01.0:   bridge window [io  0x1000-0x1fff]
[    0.202954] pci 0000:00:01.0:   bridge window [mem 0xa0000000-0xa00fffff]
[    0.202962] pci 0000:00:01.0:   bridge window [mem 0xa8000000-0xa80fffff 64bit pref]
[    0.202982] pci 0000:00:01.0: nv_msi_ht_cap_quirk didn't locate host bridge
[    0.203047] pcieport 0000:00:01.0: enabling device (0140 -> 0143)
[    0.203195] pcieport 0000:00:01.0: Signaling PME through PCIe PME interrupt
[    0.203204] pci 0000:01:00.0: Signaling PME through PCIe PME interrupt
[    0.203214] pcie_pme 0000:00:01.0:pcie01: service driver pcie_pme loaded
[    0.207023] tegra-apbdma 6000a000.dma: Tegra20 APB DMA driver register 16 channels
[    0.252242] Serial: 8250/16550 driver, 4 ports, IRQ sharing disabled
[    0.254590] console [ttyS0] disabled
[    0.254624] 70006000.serial: ttyS0 at MMIO 0x70006000 (irq = 279, base_baud = 13500000) is a Tegra
[    1.197908] console [ttyS0] enabled
[    1.201984] SuperH (H)SCI(F) driver initialized
[    1.207275] msm_serial: driver initialized
[    1.211526] STMicroelectronics ASC driver initialized
[    1.218341] [drm] Initialized drm 1.1.0 20060810
[    1.225059] 54280000.hdmi supply hdmi not found, using dummy regulator
[    1.234639] [drm] Supports vblank timestamp caching Rev 2 (21.10.2013).
[    1.241266] [drm] No driver support for vblank timestamp query.
[    1.247209] drm drm: No connectors reported connected with modes
[    1.253219] [drm] Cannot find any crtc or sizes - going 1024x768
[    1.275178] Console: switching to colour frame buffer device 128x48
[    1.289871] drm drm: fb0:  frame buffer device
[    1.307750] [drm] Initialized tegra 0.0.0 20120330 on minor 0
[    1.321973] brd: module loaded
[    1.329110] loop: module loaded
[    1.337858] m25p80 spi32766.0: found s25fl008k, expected w25q80bl
[    1.343956] m25p80 spi32766.0: s25fl008k (1024 Kbytes)
[    1.351429] libphy: Fixed MDIO Bus: probed
[    1.356062] CAN device driver interface
[    1.361409] igb: Intel(R) Gigabit Ethernet Network Driver - version 5.3.0-k
[    1.368368] igb: Copyright (c) 2007-2014 Intel Corporation.
[    1.374502] r8169 Gigabit Ethernet driver 2.3LK-NAPI loaded
[    1.380101] r8169 0000:01:00.0: enabling device (0140 -> 0143)
[    1.386680] r8169 0000:01:00.0 eth0: RTL8168d/8111d at 0xf0878000, 00:01:c0:13:7d:63, XID 081000c0 IRQ 296
[    1.396335] r8169 0000:01:00.0 eth0: jumbo features [frames: 9200 bytes, tx checksumming: ko]
[    1.406852] pegasus: v0.9.3 (2013/04/25), Pegasus/Pegasus II USB Ethernet driver
[    1.414311] usbcore: registered new interface driver pegasus
[    1.420017] usbcore: registered new interface driver asix
[    1.425451] usbcore: registered new interface driver ax88179_178a
[    1.431579] usbcore: registered new interface driver cdc_ether
[    1.437456] usbcore: registered new interface driver smsc75xx
[    1.443254] usbcore: registered new interface driver smsc95xx
[    1.449034] usbcore: registered new interface driver net1080
[    1.454738] usbcore: registered new interface driver cdc_subset
[    1.460692] usbcore: registered new interface driver zaurus
[    1.466330] usbcore: registered new interface driver cdc_ncm
[    1.472275] tegra-phy c5004000.usb-phy: no vbus regulator
[    1.478776] tegra-phy c5008000.usb-phy: no vbus regulator
[    1.485395] ehci_hcd: USB 2.0 'Enhanced' Host Controller (EHCI) Driver
[    1.491929] ehci-pci: EHCI PCI platform driver
[    1.496412] ehci-platform: EHCI generic platform driver
[    1.501800] ehci-omap: OMAP-EHCI Host Controller driver
[    1.507134] ehci-orion: EHCI orion driver
[    1.511252] SPEAr-ehci: EHCI SPEAr driver
[    1.515372] ehci-st: EHCI STMicroelectronics driver
[    1.520367] ehci-exynos: EHCI EXYNOS driver
[    1.524679] ehci-atmel: EHCI Atmel driver
[    1.528799] tegra-ehci: Tegra EHCI driver
[    1.553947] ulpi_phy_power_on: ulpi write failed
[    1.558568] tegra-ehci c5004000.usb: Failed to power on the phy
[    1.564496] tegra-ehci: probe of c5004000.usb failed with error -110
[    1.573484] tegra-ehci c5008000.usb: EHCI Host Controller
[    1.578899] tegra-ehci c5008000.usb: new USB bus registered, assigned bus number 1
[    1.586702] tegra-ehci c5008000.usb: irq 290, io mem 0xc5008000
[    1.597757] tegra-ehci c5008000.usb: USB 2.0 started, EHCI 1.00
[    1.604285] hub 1-0:1.0: USB hub found
[    1.608078] hub 1-0:1.0: 1 port detected
[    1.612307] ohci_hcd: USB 1.1 'Open' Host Controller (OHCI) Driver
[    1.618507] ohci-pci: OHCI PCI platform driver
[    1.623003] ohci-platform: OHCI generic platform driver
[    1.628388] ohci-omap3: OHCI OMAP3 driver
[    1.632495] SPEAr-ohci: OHCI SPEAr driver
[    1.636631] ohci-st: OHCI STMicroelectronics driver
[    1.641621] ohci-atmel: OHCI Atmel driver
[    1.646244] usbcore: registered new interface driver usb-storage
[    1.653563] mousedev: PS/2 mouse device common for all mice
[    1.661044] rtc-em3027 2-0056: rtc core: registered rtc-em3027 as rtc0
[    1.668781] tegra_rtc 7000e000.rtc: rtc core: registered 7000e000.rtc as rtc1
[    1.675948] tegra_rtc 7000e000.rtc: Tegra internal Real Time Clock
[    1.682567] i2c /dev entries driver
[    1.694392] sdhci: Secure Digital Host Controller Interface driver
[    1.700583] sdhci: Copyright(c) Pierre Ossman
[    1.706176] Synopsys Designware Multimedia Card Interface Driver
[    1.713080] sdhci-pltfm: SDHCI platform and OF driver helper
[    1.719581] mmc0: Invalid maximum block size, assuming 512 bytes
[    1.752759] mmc0: SDHCI controller on c8000000.sdhci [c8000000.sdhci] using ADMA
[    1.760252] sdhci-tegra c8000600.sdhci: Got CD GPIO
[    1.765144] sdhci-tegra c8000600.sdhci: Got WP GPIO
[    1.770178] mmc1: Invalid maximum block size, assuming 512 bytes
[    1.802828] mmc1: SDHCI controller on c8000600.sdhci [c8000600.sdhci] using ADMA
[    1.811601] ledtrig-cpu: registered to indicate activity on CPUs
[    1.817925] usbcore: registered new interface driver usbhid
[    1.823498] usbhid: USB HID core driver
[    1.831736] NET: Registered protocol family 10
[    1.837007] sit: IPv6 over IPv4 tunneling driver
[    1.842100] NET: Registered protocol family 17
[    1.846561] can: controller area network core (rev 20120528 abi 9)
[    1.852793] NET: Registered protocol family 29
[    1.857230] can: raw protocol (rev 20120528)
[    1.861508] can: broadcast manager protocol (rev 20120528 t)
[    1.867172] can: netlink gateway (rev 20130117) max_hops=1
[    1.873005] Key type dns_resolver registered
[    1.877626] ThumbEE CPU extension supported.
[    1.881918] Registering SWP/SWPB emulation handler
[    1.891538] utmi_phy_clk_enable: timeout waiting for phy to stabilize
[    1.898011] tegra-ehci c5000000.usb: EHCI Host Controller
[    1.903431] tegra-ehci c5000000.usb: new USB bus registered, assigned bus number 2
[    1.911285] tegra-ehci c5000000.usb: irq 288, io mem 0xc5000000
[    1.927766] usb 1-1: new high-speed USB device number 2 using tegra-ehci
[    1.939738] mmc0: host does not support reading read-only switch, assuming write-enable
[    1.947790] tegra-ehci c5000000.usb: USB 2.0 started, EHCI 1.00
[    1.953838] mmc0: new high speed SDHC card at address b368
[    1.959718] mmcblk0: mmc0:b368 NCard 3.70 GiB 
[    1.959934] hub 2-0:1.0: USB hub found
[    1.959967] hub 2-0:1.0: 1 port detected
[    1.960845] input: gpio-keys as /devices/soc0/gpio-keys/input/input0
[    1.967974] rtc-em3027 2-0056: hctosys: unable to read the hardware clock
[    1.987025]  mmcblk0: p1
[    1.990626] EXT4-fs (mmcblk0p1): mounting ext3 file system using the ext4 subsystem
[    2.011601] mmc1: new high speed SD card at address b368
[    2.017348] mmcblk1: mmc1:b368 NCard 1.83 GiB (ro)
[    2.024592]  mmcblk1: p1 p2
[    2.076937] EXT4-fs (mmcblk0p1): recovery complete
[    2.081755] EXT4-fs (mmcblk0p1): mounted filesystem with ordered data mode. Opts: (null)
[    2.089869] VFS: Mounted root (ext3 filesystem) on device 179:1.
[    2.097200] hub 1-1:1.0: USB hub found
[    2.101098] hub 1-1:1.0: 4 ports detected
[    2.104607] devtmpfs: mounted
[    2.110496] Freeing unused kernel memory: 2048K (c1100000 - c1300000)
bash: cannot set terminal process group (-1): Inappropriate ioctl for device
bash: no job control in this shell
[    2.392846] usb 1-1.2: new high-speed USB device number 3 using tegra-ehci
root@(none):/# mount -t sysfs none /sys
root@(none):/# 
root@(none):/# mount -t debugfs none /sys/kernel/debug
root@(none):/# 
root@(none):/# rtcwake -d rtc1 -m mem -s 3
rtcwake: assuming RTC uses UTC ...
rtcwake: wakeup from "mem" using /dev/rtc1 at Thu Jan  1 00:00:22 1970
[    6.479015] PM: Syncing filesystems ... done.
[    6.525363] Freezing user space processes ... (elapsed 0.001 seconds) done.
[    6.533908] Freezing remaining freezable tasks ... (elapsed 0.001 seconds) done.
[    6.542991] Suspending console(s) (use no_console_suspend to debug)
[    6.581144] PM: suspend of devices complete after 29.268 msecs
[    6.584708] PM: late suspend of devices complete after 3.534 msecs
[    6.603379] PM: noirq suspend of devices complete after 18.640 msecs
[    6.603390] Disabling non-boot CPUs ...
[    6.605175] CPU1: shutdown
[    6.620833] Entering suspend state LP1
[    6.620882] Enabling non-boot CPUs ...
[    6.646892] CPU1 is up
[    6.649454] pcieport 0000:00:01.0: nv_msi_ht_cap_quirk didn't locate host bridge
[    6.663026] PM: noirq resume of devices complete after 16.103 msecs
[    6.666872] PM: early resume of devices complete after 3.079 msecs
[    6.731333] PM: resume of devices complete after 64.428 msecs
[    6.795397] Restarting tasks ... done.
root@(none):/# 
root@(none):/# rtcwake -d rtc1 -m mem -s 3
rtcwake: assuming RTC uses UTC ...
rtcwake: wakeup from "mem" using /dev/rtc1 at Thu Jan  1 00:00:26 1970
[    7.427530] PM: Syncing filesystems ... done.
[    7.473108] Freezing user space processes ... (elapsed 0.001 seconds) done.
[    7.481566] Freezing remaining freezable tasks ... (elapsed 0.001 seconds) done.
[    7.490639] Suspending console(s) (use no_console_suspend to debug)
[    7.524231] PM: suspend of devices complete after 24.681 msecs
[    7.527940] PM: late suspend of devices complete after 3.678 msecs
[    7.543341] PM: noirq suspend of devices complete after 15.370 msecs
[    7.543351] Disabling non-boot CPUs ...
[    7.545293] CPU1: shutdown
[    7.570796] Entering suspend state LP1
[    7.570845] Enabling non-boot CPUs ...
[    7.596834] CPU1 is up
[    7.597773] pcieport 0000:00:01.0: nv_msi_ht_cap_quirk didn't locate host bridge
[    7.612982] PM: noirq resume of devices complete after 16.116 msecs
[    7.616445] PM: early resume of devices complete after 2.887 msecs
[    7.676229] PM: resume of devices complete after 59.752 msecs
[    7.740286] Restarting tasks ... done.
root@(none):/# 
root@(none):/# rtcwake -d rtc1 -m mem -s 3
rtcwake: assuming RTC uses UTC ...
rtcwake: wakeup from "mem" using /dev/rtc1 at Thu Jan  1 00:00:30 1970
[    8.377562] PM: Syncing filesystems ... done.
[    8.423117] Freezing user space processes ... (elapsed 0.001 seconds) done.
[    8.431643] Freezing remaining freezable tasks ... (elapsed 0.001 seconds) done.
[    8.440718] Suspending console(s) (use no_console_suspend to debug)
[    8.474372] PM: suspend of devices complete after 24.747 msecs
[    8.477910] PM: late suspend of devices complete after 3.508 msecs
[    8.493279] PM: noirq suspend of devices complete after 15.338 msecs
[    8.493290] Disabling non-boot CPUs ...
[    8.495123] CPU1: shutdown
[    8.510690] Entering suspend state LP1
[    8.510740] Enabling non-boot CPUs ...
[    8.536808] CPU1 is up
[    8.538042] pcieport 0000:00:01.0: nv_msi_ht_cap_quirk didn't locate host bridge
[    8.552935] PM: noirq resume of devices complete after 16.093 msecs
[    8.556664] PM: early resume of devices complete after 2.954 msecs
[    8.621185] PM: resume of devices complete after 64.489 msecs
[    8.685240] Restarting tasks ... done.
root@(none):/# 
root@(none):/# rtcwake -d rtc1 -m mem -s 3
rtcwake: assuming RTC uses UTC ...
rtcwake: wakeup from "mem" using /dev/rtc1 at Thu Jan  1 00:00:34 1970
[    9.312993] PM: Syncing filesystems ... done.
[    9.345766] Freezing user space processes ... (elapsed 0.001 seconds) done.
[    9.354181] Freezing remaining freezable tasks ... (elapsed 0.001 seconds) done.
[    9.363109] Suspending console(s) (use no_console_suspend to debug)
[    9.392192] PM: suspend of devices complete after 20.968 msecs
[    9.395854] PM: late suspend of devices complete after 3.633 msecs
[    9.413208] PM: noirq suspend of devices complete after 17.324 msecs
[    9.413219] Disabling non-boot CPUs ...
[    9.415141] CPU1: shutdown
[    9.440634] Entering suspend state LP1
[    9.440683] Enabling non-boot CPUs ...
[    9.466764] CPU1 is up
[    9.467906] pcieport 0000:00:01.0: nv_msi_ht_cap_quirk didn't locate host bridge
[    9.482872] PM: noirq resume of devices complete after 16.074 msecs
[    9.486515] PM: early resume of devices complete after 2.893 msecs
[    9.555767] PM: resume of devices complete after 69.219 msecs
[    9.619828] Restarting tasks ... done.
root@(none):/# 
root@(none):/# rtcwake -d rtc1 -m mem -s 3
rtcwake: assuming RTC uses UTC ...
rtcwake: wakeup from "mem" using /dev/rtc1 at Thu Jan  1 00:00:38 1970
[   10.247247] PM: Syncing filesystems ... done.
[   10.292793] Freezing user space processes ... (elapsed 0.001 seconds) done.
[   10.301282] Freezing remaining freezable tasks ... (elapsed 0.001 seconds) done.
[   10.310404] Suspending console(s) (use no_console_suspend to debug)
[   10.345407] PM: suspend of devices complete after 26.103 msecs
[   10.348974] PM: late suspend of devices complete after 3.536 msecs
[   10.363124] PM: noirq suspend of devices complete after 14.119 msecs
[   10.363135] Disabling non-boot CPUs ...
[   10.364931] CPU1: shutdown
[   10.390591] Entering suspend state LP1
[   10.390640] Enabling non-boot CPUs ...
[   10.416651] CPU1 is up
[   10.417957] pcieport 0000:00:01.0: nv_msi_ht_cap_quirk didn't locate host bridge
[   10.432783] PM: noirq resume of devices complete after 16.098 msecs
[   10.436483] PM: early resume of devices complete after 2.933 msecs
[   10.501026] PM: resume of devices complete after 64.509 msecs
[   10.565092] Restarting tasks ... done.
root@(none):/# 
root@(none):/# rtcwake -d rtc1 -m mem -s 3
rtcwake: assuming RTC uses UTC ...
rtcwake: wakeup from "mem" using /dev/rtc1 at Thu Jan  1 00:00:42 1970
[   11.197208] PM: Syncing filesystems ... done.
[   11.242732] Freezing user space processes ... (elapsed 0.001 seconds) done.
[   11.251219] Freezing remaining freezable tasks ... (elapsed 0.001 seconds) done.
[   11.260341] Suspending console(s) (use no_console_suspend to debug)
[   11.294083] PM: suspend of devices complete after 24.805 msecs
[   11.297775] PM: late suspend of devices complete after 3.661 msecs
[   11.313074] PM: noirq suspend of devices complete after 15.269 msecs
[   11.313085] Disabling non-boot CPUs ...
[   11.315006] CPU1: shutdown
[   11.340511] Entering suspend state LP1
[   11.340561] Enabling non-boot CPUs ...
[   11.366616] CPU1 is up
[   11.367939] pcieport 0000:00:01.0: nv_msi_ht_cap_quirk didn't locate host bridge
[   11.382738] PM: noirq resume of devices complete after 16.089 msecs
[   11.386380] PM: early resume of devices complete after 2.883 msecs
[   11.450718] PM: resume of devices complete after 64.306 msecs
[   11.514790] Restarting tasks ... done.
root@(none):/# 
root@(none):/# rtcwake -d rtc1 -m mem -s 3
rtcwake: assuming RTC uses UTC ...
rtcwake: wakeup from "mem" using /dev/rtc1 at Thu Jan  1 00:00:46 1970
[   12.143023] PM: Syncing filesystems ... done.
[   12.175826] Freezing user space processes ... (elapsed 0.001 seconds) done.
[   12.184240] Freezing remaining freezable tasks ... (elapsed 0.001 seconds) done.
[   12.193138] Suspending console(s) (use no_console_suspend to debug)
[   12.221248] PM: suspend of devices complete after 20.007 msecs
[   12.224807] PM: late suspend of devices complete after 3.528 msecs
[   12.243024] PM: noirq suspend of devices complete after 18.187 msecs
[   12.243035] Disabling non-boot CPUs ...
[   12.244957] CPU1: shutdown
[   12.270453] Entering suspend state LP1
[   12.270503] Enabling non-boot CPUs ...
[   12.296504] CPU1 is up
[   12.297639] pcieport 0000:00:01.0: nv_msi_ht_cap_quirk didn't locate host bridge
[   12.312640] PM: noirq resume of devices complete after 16.104 msecs
[   12.316383] PM: early resume of devices complete after 2.971 msecs
[   12.380612] PM: resume of devices complete after 64.195 msecs
[   12.444657] Restarting tasks ... done.
root@(none):/# 
root@(none):/# rtcwake -d rtc1 -m mem -s 3
rtcwake: assuming RTC uses UTC ...
rtcwake: wakeup from "mem" using /dev/rtc1 at Thu Jan  1 00:00:50 1970
[   13.072762] PM: Syncing filesystems ... done.
[   13.105607] Freezing user space processes ... (elapsed 0.001 seconds) done.
[   13.114021] Freezing remaining freezable tasks ... (elapsed 0.001 seconds) done.
[   13.122925] Suspending console(s) (use no_console_suspend to debug)
[   13.149452] PM: suspend of devices complete after 18.419 msecs
[   13.152994] PM: late suspend of devices complete after 3.511 msecs
[   13.167939] PM: noirq suspend of devices complete after 14.913 msecs
[   13.167949] Disabling non-boot CPUs ...
[   13.169751] CPU1: shutdown
[   13.195395] Entering suspend state LP1
[   13.195445] Enabling non-boot CPUs ...
[   13.221491] CPU1 is up
[   13.222841] pcieport 0000:00:01.0: nv_msi_ht_cap_quirk didn't locate host bridge
[   13.237607] PM: noirq resume of devices complete after 16.081 msecs
[   13.241297] PM: early resume of devices complete after 2.912 msecs
[   13.305771] PM: resume of devices complete after 64.440 msecs
[   13.369806] Restarting tasks ... done.
root@(none):/# 
root@(none):/# rtcwake -d rtc1 -m mem -s 3
rtcwake: assuming RTC uses UTC ...
rtcwake: wakeup from "mem" using /dev/rtc1 at Thu Jan  1 00:00:54 1970
[   14.002101] PM: Syncing filesystems ... done.
[   14.047669] Freezing user space processes ... (elapsed 0.001 seconds) done.
[   14.056132] Freezing remaining freezable tasks ... (elapsed 0.001 seconds) done.
[   14.065316] Suspending console(s) (use no_console_suspend to debug)
[   14.093799] PM: suspend of devices complete after 19.562 msecs
[   14.097492] PM: late suspend of devices complete after 3.663 msecs
[   14.112921] PM: noirq suspend of devices complete after 15.397 msecs
[   14.112932] Disabling non-boot CPUs ...
[   14.114873] CPU1: shutdown
[   14.140325] Entering suspend state LP1
[   14.140374] Enabling non-boot CPUs ...
[   14.166391] CPU1 is up
[   14.167404] pcieport 0000:00:01.0: nv_msi_ht_cap_quirk didn't locate host bridge
[   14.182553] PM: noirq resume of devices complete after 16.127 msecs
[   14.186183] PM: early resume of devices complete after 2.873 msecs
[   14.255513] PM: resume of devices complete after 69.298 msecs
[   14.319587] Restarting tasks ... done.
root@(none):/# 
root@(none):/# rtcwake -d rtc1 -m mem -s 3
rtcwake: assuming RTC uses UTC ...
rtcwake: wakeup from "mem" using /dev/rtc1 at Thu Jan  1 00:00:58 1970
[   14.942729] PM: Syncing filesystems ... done.
[   14.975515] Freezing user space processes ... (elapsed 0.001 seconds) done.
[   14.983934] Freezing remaining freezable tasks ... (elapsed 0.001 seconds) done.
[   14.992839] Suspending console(s) (use no_console_suspend to debug)
[   15.021654] PM: suspend of devices complete after 20.714 msecs
[   15.025263] PM: late suspend of devices complete after 3.578 msecs
[   15.042833] PM: noirq suspend of devices complete after 17.540 msecs
[   15.042844] Disabling non-boot CPUs ...
[   15.044765] CPU1: shutdown
[   15.070250] Entering suspend state LP1
[   15.070300] Enabling non-boot CPUs ...
[   15.096347] CPU1 is up
[   15.097764] pcieport 0000:00:01.0: nv_msi_ht_cap_quirk didn't locate host bridge
[   15.112493] PM: noirq resume of devices complete after 16.113 msecs
[   15.116166] PM: early resume of devices complete after 2.895 msecs
[   15.185695] PM: resume of devices complete after 69.498 msecs
[   15.249739] Restarting tasks ... done.
root@(none):/# 
root@(none):/# NVTB SYSTEM SUSPEND TEST COMPLETE
