

U-Boot 2015.04-00466-gedec83e90172 (Mar 14 2016 - 10:42:01)

TEGRA124
Model: Acer Chromebook 13 CB5-311
DRAM:  4 GiB
:   Tegra SD/MMC: 0, Tegra SD/MMC: 1, Tegra SD/MMC: 2
MMC init failed
Using default environment

In:    serial
Out:   serial
Err:   serial
Net:   Net Initialization Skipped
No ethernet found.
Hit any key to stop autoboot:  2  0 
Tegra124 (Nyan-big) # 
Tegra124 (Nyan-big) # usb start
starting USB...
USB0:   USB EHCI 1.10
scanning bus 0 for devices... 2 USB Device(s) found
USB1:   USB EHCI 1.10
scanning bus 1 for devices... 2 USB Device(s) found
       scanning usb for storage devices... 1 Storage Device(s) found
       scanning usb for ethernet devices... 
Warning: asx0 using MAC address from net device
1 Ethernet Device(s) found
Tegra124 (Nyan-big) # setenv bootargs 'ignore_loglevel console=ttyS0,115200n8 rw root=PARTUUID=4d36e82a-b3c0-4b4b-bfcd-afe5217ac023 rootwait gpt debug noinitrd earlyprintk init=/bin/bash'
Tegra124 (Nyan-big) # setenv ipaddr 192.168.100.102; setenv serverip 192.168.100.1; setenv tftpserverip 192.168.100.1
Tegra124 (Nyan-big) # tftpboot 0x82000000 zImage.multi_v7_defconfig
Using asx0 device
TFTP from server 192.168.100.1; our IP address is 192.168.100.102
Filename 'zImage.multi_v7_defconfig'.
Load address: 0x82000000
Loading: *#################################################################
	 #################################################################
	 #################################################################
	 #################################################################
	 #################################################################
	 #################################################################
	 #################################################################
	 ############################
	 2.9 MiB/s
done
Bytes transferred = 7076728 (6bfb78 hex)
Tegra124 (Nyan-big) # tftpboot 0x83000000 tegra124-nyan-big.dtb
Using asx0 device
TFTP from server 192.168.100.1; our IP address is 192.168.100.102
Filename 'tegra124-nyan-big.dtb'.
Load address: 0x83000000
Loading: *#####
	 2.7 MiB/s
done
Bytes transferred = 66901 (10555 hex)
Tegra124 (Nyan-big) # bootz 0x82000000 - 0x83000000
Kernel image @ 0x82000000 [ 0x000000 - 0x6bfb78 ]
## Flattened Device Tree blob at 83000000
   Booting using the fdt blob at 0x83000000
   Using Device Tree in place at 83000000, end 83013554

Starting kernel ...

[    0.000000] Booting Linux on physical CPU 0x0
[    0.000000] Linux version 4.6.0-rc7-next-20160516-94924-gb0dc27a (pwalmsley@sellafield) (gcc version 4.7.3 20130328 (prerelease) (crosstool-NG linaro-1.13.1-4.7-2013.04-20130415 - Linaro GCC 2013.04) ) #1 SMP Mon May 23 11:58:58 PDT 2016
[    0.000000] CPU: ARMv7 Processor [413fc0f3] revision 3 (ARMv7), cr=10c5387d
[    0.000000] CPU: div instructions available: patching division code
[    0.000000] CPU: PIPT / VIPT nonaliasing data cache, PIPT instruction cache
[    0.000000] Machine model: Acer Chromebook 13 CB5-311
[    0.000000] Ignoring memory range 0x100000000 - 0x17ffff000
[    0.000000] debug: ignoring loglevel setting.
[    0.000000] cma: Reserved 64 MiB at 0xfb800000
[    0.000000] Memory policy: Data cache writealloc
[    0.000000] On node 0 totalpages: 524287
[    0.000000] free_area_init_node: node 0, pgdat c141bb40, node_mem_map eeff8000
[    0.000000]   DMA zone: 1536 pages used for memmap
[    0.000000]   DMA zone: 0 pages reserved
[    0.000000]   DMA zone: 196608 pages, LIFO batch:31
[    0.000000]   HighMem zone: 327679 pages, LIFO batch:31
[    0.000000] percpu: Embedded 13 pages/cpu @eef89000 s23808 r8192 d21248 u53248
[    0.000000] pcpu-alloc: s23808 r8192 d21248 u53248 alloc=13*4096
[    0.000000] pcpu-alloc: [0] 0 [0] 1 [0] 2 [0] 3 
[    0.000000] Built 1 zonelists in Zone order, mobility grouping on.  Total pages: 522751
[    0.000000] Kernel command line: ignore_loglevel console=ttyS0,115200n8 rw root=PARTUUID=4d36e82a-b3c0-4b4b-bfcd-afe5217ac023 rootwait gpt debug noinitrd earlyprintk init=/bin/bash
[    0.000000] PID hash table entries: 4096 (order: 2, 16384 bytes)
[    0.000000] Dentry cache hash table entries: 131072 (order: 7, 524288 bytes)
[    0.000000] Inode-cache hash table entries: 65536 (order: 6, 262144 bytes)
[    0.000000] Memory: 1996016K/2097148K available (9529K kernel code, 1142K rwdata, 4216K rodata, 2048K init, 343K bss, 35596K reserved, 65536K cma-reserved, 1245180K highmem)
[    0.000000] Virtual kernel memory layout:
[    0.000000]     vector  : 0xffff0000 - 0xffff1000   (   4 kB)
[    0.000000]     fixmap  : 0xffc00000 - 0xfff00000   (3072 kB)
[    0.000000]     vmalloc : 0xf0800000 - 0xff800000   ( 240 MB)
[    0.000000]     lowmem  : 0xc0000000 - 0xf0000000   ( 768 MB)
[    0.000000]     pkmap   : 0xbfe00000 - 0xc0000000   (   2 MB)
[    0.000000]     modules : 0xbf000000 - 0xbfe00000   (  14 MB)
[    0.000000]       .text : 0xc0208000 - 0xc106c518   (14738 kB)
[    0.000000]       .init : 0xc1100000 - 0xc1300000   (2048 kB)
[    0.000000]       .data : 0xc1300000 - 0xc141dba0   (1143 kB)
[    0.000000]        .bss : 0xc141f000 - 0xc1474ca0   ( 344 kB)
[    0.000000] SLUB: HWalign=64, Order=0-3, MinObjects=0, CPUs=4, Nodes=1
[    0.000000] Hierarchical RCU implementation.
[    0.000000] 	Build-time adjustment of leaf fanout to 32.
[    0.000000] 	RCU restricting CPUs from NR_CPUS=16 to nr_cpu_ids=4.
[    0.000000] RCU: Adjusting geometry for rcu_fanout_leaf=32, nr_cpu_ids=4
[    0.000000] NR_IRQS:16 nr_irqs:16 16
[    0.000000] /interrupt-controller@60004000: 160 interrupts forwarded to /interrupt-controller@0,50041000
[    0.000000] Tegra clk 127: register failed with -17
[    0.000003] sched_clock: 32 bits at 1000kHz, resolution 1000ns, wraps every 2147483647500ns
[    0.000012] clocksource: timer_us: mask: 0xffffffff max_cycles: 0xffffffff, max_idle_ns: 1911260446275 ns
[    0.000018] Switching to timer-based delay loop, resolution 1000ns
[    0.001764] Architected cp15 timer(s) running at 12.00MHz (virt).
[    0.001771] clocksource: arch_sys_counter: mask: 0xffffffffffffff max_cycles: 0x2c47f4ee7, max_idle_ns: 440795202497 ns
[    0.001778] sched_clock: 56 bits at 12MHz, resolution 83ns, wraps every 4398046511096ns
[    0.001782] Switching to timer-based delay loop, resolution 83ns
[    0.001982] Console: colour dummy device 80x30
[    0.001995] Calibrating delay loop (skipped), value calculated using timer frequency.. 24.00 BogoMIPS (lpj=60000)
[    0.002001] pid_max: default: 32768 minimum: 301
[    0.002040] Mount-cache hash table entries: 2048 (order: 1, 8192 bytes)
[    0.002044] Mountpoint-cache hash table entries: 2048 (order: 1, 8192 bytes)
[    0.002286] CPU: Testing write buffer coherency: ok
[    0.002397] /cpus/cpu@0 missing clock-frequency property
[    0.002412] /cpus/cpu@1 missing clock-frequency property
[    0.002426] /cpus/cpu@2 missing clock-frequency property
[    0.002440] /cpus/cpu@3 missing clock-frequency property
[    0.002445] CPU0: thread -1, cpu 0, socket 0, mpidr 80000000
[    0.002455] Setting up static identity map for 0x80300000 - 0x80300098
[    0.003707] Tegra Revision: A01 SKU: 131 CPU Process: 1 SoC Process: 1
[    0.004299] CPU1: thread -1, cpu 1, socket 0, mpidr 80000001
[    0.006941] CPU2: thread -1, cpu 2, socket 0, mpidr 80000002
[    0.011934] CPU3: thread -1, cpu 3, socket 0, mpidr 80000003
[    0.016662] Brought up 4 CPUs
[    0.016670] SMP: Total of 4 processors activated (96.00 BogoMIPS).
[    0.016673] CPU: All CPU(s) started in SVC mode.
[    0.017214] devtmpfs: initialized
[    0.023572] VFP support v0.3: implementor 41 architecture 4 part 30 variant f rev 0
[    0.023847] clocksource: jiffies: mask: 0xffffffff max_cycles: 0xffffffff, max_idle_ns: 9556302231375000 ns
[    0.024375] pinctrl core: initialized pinctrl subsystem
[    0.025039] NET: Registered protocol family 16
[    0.025712] DMA: preallocated 256 KiB pool for atomic coherent allocations
[    0.036695] cpuidle: using governor menu
[    0.043285] No ATAGs?
[    0.043298] hw-breakpoint: found 5 (+1 reserved) breakpoint and 4 watchpoint registers.
[    0.043302] hw-breakpoint: maximum watchpoint size is 8 bytes.
[    0.045427] Serial: AMBA PL011 UART driver
[    0.046404] tegra-mc 70019000.memory-controller: no memory timings for RAM code 0 registered
[    0.063457] +5V_SYS: supplied by +VDD_MUX
[    0.063569] +3.3V_SYS: supplied by +VDD_MUX
[    0.063804] +VDD_LED: Failed to request enable GPIO122: -517
[    0.063809] reg-fixed-voltage regulators:regulator@5: Failed to register regulator: -517
[    0.063840] +5V_VDD_TS_SW: Failed to request enable GPIO81: -517
[    0.063844] reg-fixed-voltage regulators:regulator@6: Failed to register regulator: -517
[    0.063875] +5V_USB_HS: Failed to request enable GPIO108: -517
[    0.063880] reg-fixed-voltage regulators:regulator@7: Failed to register regulator: -517
[    0.063909] +5V_USB_SS: Failed to request enable GPIO109: -517
[    0.063913] reg-fixed-voltage regulators:regulator@8: Failed to register regulator: -517
[    0.063995] +1.05V_RUN_AVDD_HDMI_PLL: Failed to request enable GPIO63: -517
[    0.064000] reg-fixed-voltage regulators:regulator@11: Failed to register regulator: -517
[    0.064028] +5V_HDMI_CON: Failed to request enable GPIO86: -517
[    0.064032] reg-fixed-voltage regulators:regulator@12: Failed to register regulator: -517
[    0.065172] vgaarb: loaded
[    0.065473] SCSI subsystem initialized
[    0.065541] libata version 3.00 loaded.
[    0.065650] usbcore: registered new interface driver usbfs
[    0.065676] usbcore: registered new interface driver hub
[    0.065703] usbcore: registered new device driver usb
[    0.067110] pps_core: LinuxPPS API ver. 1 registered
[    0.067113] pps_core: Software ver. 5.3.6 - Copyright 2005-2007 Rodolfo Giometti <giometti@linux.it>
[    0.067121] PTP clock support registered
[    0.067192] EDAC MC: Ver: 3.0.0
[    0.067621] tegra-emc 7001b000.emc: no memory timings for RAM code 0 found in DT
[    0.067629] tegra-emc: probe of 7001b000.emc failed with error -2
[    0.068113] clocksource: Switched to clocksource arch_sys_counter
[    0.071752] NET: Registered protocol family 2
[    0.071944] TCP established hash table entries: 8192 (order: 3, 32768 bytes)
[    0.071977] TCP bind hash table entries: 8192 (order: 4, 65536 bytes)
[    0.072039] TCP: Hash tables configured (established 8192 bind 8192)
[    0.072060] UDP hash table entries: 512 (order: 2, 16384 bytes)
[    0.072074] UDP-Lite hash table entries: 512 (order: 2, 16384 bytes)
[    0.072136] NET: Registered protocol family 1
[    0.072238] RPC: Registered named UNIX socket transport module.
[    0.072241] RPC: Registered udp transport module.
[    0.072244] RPC: Registered tcp transport module.
[    0.072246] RPC: Registered tcp NFSv4.1 backchannel transport module.
[    0.072251] PCI: CLS 0 bytes, default 64
[    0.072695] hw perfevents: enabled with armv7_cortex_a15 PMU driver, 7 counters available
[    0.073251] futex hash table entries: 1024 (order: 4, 65536 bytes)
[    0.073539] workingset: timestamp_bits=28 max_order=19 bucket_order=0
[    0.077330] squashfs: version 4.0 (2009/01/31) Phillip Lougher
[    0.077634] NFS: Registering the id_resolver key type
[    0.077651] Key type id_resolver registered
[    0.077654] Key type id_legacy registered
[    0.077672] ntfs: driver 2.1.32 [Flags: R/O].
[    0.078157] bounce: pool size: 64 pages
[    0.078233] Block layer SCSI generic (bsg) driver version 0.4 loaded (major 248)
[    0.078237] io scheduler noop registered
[    0.078240] io scheduler deadline registered
[    0.078251] io scheduler cfq registered (default)
[    0.080169] tegra-xusb-padctl 7009f000.padctl: failed to setup XUSB ports: -517
[    0.089001] tegra-apbdma 60020000.dma: Tegra20 APB DMA driver register 32 channels
[    0.089689] tegra-pmc 7000e400.pmc: i2c-thermtrip node not found, emergency thermal reset disabled.
[    0.110579] Serial: 8250/16550 driver, 4 ports, IRQ sharing disabled
[    0.111721] console [ttyS0] disabled
[    0.111737] 70006000.serial: ttyS0 at MMIO 0x70006000 (irq = 331, base_baud = 25500000) is a Tegra
[    0.965918] console [ttyS0] enabled
[    0.969738] SuperH (H)SCI(F) driver initialized
[    0.974622] msm_serial: driver initialized
[    0.978785] STMicroelectronics ASC driver initialized
[    0.985248] [drm] Initialized drm 1.1.0 20060810
[    0.991256] tegra-hdmi 54280000.hdmi: failed to get HDMI regulator
[    0.997806] tegra-dpaux 545c0000.dpaux: failed to get VDD supply: -517
[    1.005023] panel supply power not found, using dummy regulator
[    1.014693] brd: module loaded
[    1.019815] loop: module loaded
[    1.023852] as3722 4-0040: AS3722 with revision 0x1 found
[    1.033596] as3722-sd2: supplied by +5V_SYS
[    1.038008] as3722-sd3: supplied by +5V_SYS
[    1.042364] +1.35V_LP0(sd3): Bringing 0uV into 1350000-1350000uV
[    1.048545] as3722-sd4: supplied by +5V_SYS
[    1.052872] +1.05V_RUN: Bringing 0uV into 1050000-1050000uV
[    1.058624] as3722-sd5: supplied by +5V_SYS
[    1.064209] as3722-ldo0: supplied by +1.35V_LP0(sd2)
[    1.069941] +1.8V_RUN_CAM: Bringing 0uV into 1800000-1800000uV
[    1.075962] as3722-ldo2: supplied by +1.8V_VDDIO
[    1.081584] as3722-ldo3: supplied by +3.3V_SYS
[    1.086035] +1.00V_LP0_VDD_RTC: Bringing 1100000uV into 1000000-1000000uV
[    1.093616] as3722-ldo4: supplied by +3.3V_SYS
[    1.098206] +3.3V_RUN_CAM: Bringing 0uV into 2800000-2800000uV
[    1.104226] as3722-ldo5: supplied by +1.8V_VDDIO
[    1.108994] +1.2V_RUN_CAM_FRONT: Bringing 0uV into 1200000-1200000uV
[    1.115692] +VDDIO_SDMMC3: Bringing 0uV into 1800000-1800000uV
[    1.121728] as3722-ldo7: supplied by +1.8V_VDDIO
[    1.126497] +1.05V_RUN_CAM_REAR: Bringing 0uV into 1050000-1050000uV
[    1.133055] as3722-ldo9: supplied by +5V_SYS
[    1.137618] +2.8V_RUN_TOUCH: Bringing 0uV into 2800000-2800000uV
[    1.143831] as3722-ldo10: supplied by +5V_SYS
[    1.148338] +2.8V_RUN_CAM_AF: Bringing 0uV into 2800000-2800000uV
[    1.154788] +1.8V_RUN_VPP_FUSE: Bringing 0uV into 1800000-1800000uV
[    1.172990] m25p80 spi32765.0: w25q32dw (4096 Kbytes)
[    1.179264] libphy: Fixed MDIO Bus: probed
[    1.183596] CAN device driver interface
[    1.188140] igb: Intel(R) Gigabit Ethernet Network Driver - version 5.3.0-k
[    1.195088] igb: Copyright (c) 2007-2014 Intel Corporation.
[    1.201815] pegasus: v0.9.3 (2013/04/25), Pegasus/Pegasus II USB Ethernet driver
[    1.209224] usbcore: registered new interface driver pegasus
[    1.214893] usbcore: registered new interface driver asix
[    1.220298] usbcore: registered new interface driver ax88179_178a
[    1.226393] usbcore: registered new interface driver cdc_ether
[    1.232235] usbcore: registered new interface driver smsc75xx
[    1.237991] usbcore: registered new interface driver smsc95xx
[    1.243740] usbcore: registered new interface driver net1080
[    1.249402] usbcore: registered new interface driver cdc_subset
[    1.255324] usbcore: registered new interface driver zaurus
[    1.260915] usbcore: registered new interface driver cdc_ncm
[    1.267286] ehci_hcd: USB 2.0 'Enhanced' Host Controller (EHCI) Driver
[    1.273803] ehci-pci: EHCI PCI platform driver
[    1.278253] ehci-platform: EHCI generic platform driver
[    1.283543] ehci-omap: OMAP-EHCI Host Controller driver
[    1.288810] ehci-orion: EHCI orion driver
[    1.292856] SPEAr-ehci: EHCI SPEAr driver
[    1.296914] ehci-st: EHCI STMicroelectronics driver
[    1.301835] ehci-exynos: EHCI EXYNOS driver
[    1.306068] ehci-atmel: EHCI Atmel driver
[    1.310124] tegra-ehci: Tegra EHCI driver
[    1.314194] ohci_hcd: USB 1.1 'Open' Host Controller (OHCI) Driver
[    1.320367] ohci-pci: OHCI PCI platform driver
[    1.324818] ohci-platform: OHCI generic platform driver
[    1.330092] ohci-omap3: OHCI OMAP3 driver
[    1.334142] SPEAr-ohci: OHCI SPEAr driver
[    1.338195] ohci-st: OHCI STMicroelectronics driver
[    1.343114] ohci-atmel: OHCI Atmel driver
[    1.347377] usbcore: registered new interface driver usb-storage
[    1.353968] mousedev: PS/2 mouse device common for all mice
[    1.359995] 1-0015 supply vcc not found, using dummy regulator
[    1.361699] as3722-rtc as3722-rtc: rtc core: registered as3722-rtc as rtc0
[    1.361702] as3722-rtc as3722-rtc: RTC interrupt 370
[    1.363956] tegra_rtc 7000e000.rtc: rtc core: registered 7000e000.rtc as rtc1
[    1.363978] tegra_rtc 7000e000.rtc: Tegra internal Real Time Clock
[    1.364260] i2c /dev entries driver
[    1.367592] 0-004c supply vcc not found, using dummy regulator
[    1.372603] sdhci: Secure Digital Host Controller Interface driver
[    1.372605] sdhci: Copyright(c) Pierre Ossman
[    1.373377] Synopsys Designware Multimedia Card Interface Driver
[    1.373927] sdhci-pltfm: SDHCI platform and OF driver helper
[    1.374291] sdhci-tegra 700b0000.sdhci: allocated mmc-pwrseq
[    1.374311] mmc0: Unknown controller version (3). You may experience problems.
[    1.374520] sdhci-tegra 700b0400.sdhci: Got CD GPIO
[    1.374529] sdhci-tegra 700b0400.sdhci: Got WP GPIO
[    1.374559] mmc0: Unknown controller version (3). You may experience problems.
[    1.374710] mmc0: Unknown controller version (3). You may experience problems.
[    1.374752] mmc0: Invalid maximum block size, assuming 512 bytes
[    1.408124] mmc0: SDHCI controller on 700b0600.sdhci [700b0600.sdhci] using ADMA 64-bit
[    1.408931] ledtrig-cpu: registered to indicate activity on CPUs
[    1.409175] usbcore: registered new interface driver usbhid
[    1.409176] usbhid: USB HID core driver
[    1.412067] NET: Registered protocol family 10
[    1.412414] sit: IPv6 over IPv4 tunneling driver
[    1.412801] NET: Registered protocol family 17
[    1.412808] can: controller area network core (rev 20120528 abi 9)
[    1.412838] NET: Registered protocol family 29
[    1.412841] can: raw protocol (rev 20120528)
[    1.412844] can: broadcast manager protocol (rev 20120528 t)
[    1.412849] can: netlink gateway (rev 20130117) max_hops=1
[    1.413046] Key type dns_resolver registered
[    1.416916] ThumbEE CPU extension supported.
[    1.416921] Registering SWP/SWPB emulation handler
[    1.421306] +3.3V_RUN: supplied by +3.3V_SYS
[    1.421966] +3.3V_AVDD_HDMI_AP_GATED: supplied by +3.3V_RUN
[    1.422024] +1.8V_RUN_CAM: supplied by +3.3V_RUN
[    1.422073] +VDDIO_SDMMC3: supplied by +3.3V_RUN
[    1.422115] +1.8V_RUN_VPP_FUSE: supplied by +3.3V_RUN
[    1.422621] +VDD_LED: supplied by +VDD_MUX
[    1.423034] +5V_VDD_TS_SW: supplied by +5V_SYS
[    1.423459] +5V_USB_HS: supplied by +5V_SYS
[    1.424107] +5V_USB_SS: supplied by +5V_SYS
[    1.425784] +3.3V_PANEL: supplied by +3.3V_RUN
[    1.427308] +3.3V_LP0: supplied by +3.3V_SYS
[    1.428136] +1.05V_RUN_AVDD_HDMI_PLL: supplied by +1.05V_RUN
[    1.428694] +5V_HDMI_CON: supplied by +5V_SYS
[    1.430179] usb3-0 supply vbus not found, using dummy regulator
[    1.430255] usb3-1 supply vbus not found, using dummy regulator
[    1.434510] tegra-sor 54540000.sor: failed to probe output: -517
[    1.435460] panel supply power not found, using dummy regulator
[    1.437207] sdhci-tegra 700b0000.sdhci: allocated mmc-pwrseq
[    1.437230] mmc1: Unknown controller version (3). You may experience problems.
[    1.437389] mmc1: Invalid maximum block size, assuming 512 bytes
[    1.437749] +1.8V_VDDIO: voltage operation not allowed
[    1.437751] mmc1: Switching to 3.3V signalling voltage failed
[    1.463264] mmc1: SDHCI controller on 700b0000.sdhci [700b0000.sdhci] using ADMA 64-bit
[    1.464264] sdhci-tegra 700b0400.sdhci: Got CD GPIO
[    1.464274] sdhci-tegra 700b0400.sdhci: Got WP GPIO
[    1.464313] mmc2: Unknown controller version (3). You may experience problems.
[    1.464500] mmc2: Invalid maximum block size, assuming 512 bytes
[    1.472143] mmc0: new MMC card at address 0001
[    1.472779] mmcblk0: mmc0:0001 MMC16G 14.4 GiB 
[    1.473457] mmcblk0boot0: mmc0:0001 MMC16G partition 1 2.00 MiB
[    1.473937] mmcblk0boot1: mmc0:0001 MMC16G partition 2 2.00 MiB
[    1.474422] mmcblk0rpmb: mmc0:0001 MMC16G partition 3 128 KiB
[    1.491883]  mmcblk0: p1 p2 p3 p4 p5 p6 p7 p8 p9 p10 p11 p12
[    1.498296] mmc2: SDHCI controller on 700b0400.sdhci [700b0400.sdhci] using ADMA 64-bit
[    1.539596] mmc1: new high speed SDIO card at address 0001
[    1.590462] [drm] Supports vblank timestamp caching Rev 2 (21.10.2013).
[    1.590464] [drm] No driver support for vblank timestamp query.
[    1.646082] mmc2: new high speed SDHC card at address 0007
[    1.646659] mmcblk2: mmc2:0007 SD08G 7.42 GiB 
[    1.657249] GPT:Primary header alternate_lba != Alt. header my_lba
[    1.657254] GPT:3014591 != 15564799
[    1.657255] GPT:Primary header thinks Alt. header is not at the end of the disk.
[    1.657256] GPT:3014591 != 15564799
[    1.657258] GPT: Use GNU Parted to correct GPT errors.
[    1.657286]  mmcblk2: p1 p2 p3 p4 p5 p6 p7 p8 p9 p10 p11 p12
[    1.830738] Console: switching to colour frame buffer device 170x48
[    1.840774] drm drm: fb0:  frame buffer device
[    1.858198] [drm] Initialized tegra 0.0.0 20120330 on minor 0
[    1.865080] input: gpio-keys as /devices/soc0/gpio-keys/input/input0
[    1.872494] as3722-rtc as3722-rtc: setting system clock to 2016-01-11 09:00:16 UTC (1452502816)
[    1.885098] +1.8V_RUN_CAM: disabling
[    1.888987] +3.3V_RUN_CAM: disabling
[    1.892767] +1.2V_RUN_CAM_FRONT: disabling
[    1.897042] +1.05V_RUN_CAM_REAR: disabling
[    1.901288] +2.8V_RUN_TOUCH: disabling
[    1.905234] +2.8V_RUN_CAM_AF: disabling
[    1.909258] +1.8V_RUN_VPP_FUSE: disabling
[    1.913447] +5V_VDD_TS_SW: disabling
[    1.917025] +5V_USB_HS: disabling
[    1.920356] +5V_USB_SS: disabling
[    1.936968] input: Elan Touchpad as /devices/soc0/7000c400.i2c/i2c-1/1-0015/input/input1
[    1.946503] EXT4-fs (mmcblk0p3): couldn't mount as ext3 due to feature incompatibilities
[    1.955436] EXT4-fs (mmcblk0p3): couldn't mount as ext2 due to feature incompatibilities
[    2.449912] EXT4-fs (mmcblk0p3): recovery complete
[    2.456728] EXT4-fs (mmcblk0p3): mounted filesystem with ordered data mode. Opts: (null)
[    2.464859] VFS: Mounted root (ext4 filesystem) on device 179:3.
[    2.472741] devtmpfs: mounted
[    2.476431] Freeing unused kernel memory: 2048K (c1100000 - c1300000)
bash: cannot set terminal process group (-1): Inappropriate ioctl for device
bash: no job control in this shell
root@(none):/# 