
U-Boot SPL 2014.07-00097-g772e173 (Jul 25 2014 - 20:02:52)


U-Boot 2014.07-00097-g772e173 (Jul 25 2014 - 20:02:52)

TEGRA124
Board: NVIDIA Jetson TK1
I2C:   ready
DRAM:  2 GiB
MMC:   Tegra SD/MMC: 0, Tegra SD/MMC: 1
In:    serial
Out:   serial
Err:   serial
Net:   Net Initialization Skipped
No ethernet found.
Hit any key to stop autoboot:  2  0 
Tegra124 (Jetson TK1) # 
Tegra124 (Jetson TK1) # usb reset
(Re)start USB...
USB0:   USB EHCI 1.10
scanning bus 0 for devices... 1 USB Device(s) found
USB1:   USB EHCI 1.10
scanning bus 1 for devices... 2 USB Device(s) found
       scanning usb for storage devices... 0 Storage Device(s) found
       scanning usb for ethernet devices... 
Warning: asx0 using MAC address from net device
1 Ethernet Device(s) found
Tegra124 (Jetson TK1) # setenv bootargs 'ignore_loglevel console=ttyS0,115200n8 rw root=/dev/mmcblk0p1 rootwait gpt debug noinitrd earlyprintk init=/bin/bash'
Tegra124 (Jetson TK1) # setenv ipaddr 192.168.100.102; setenv serverip 192.168.100.1; setenv tftpserverip 192.168.100.1
Tegra124 (Jetson TK1) # tftpboot 0x82000000 zImage.multi_v7_defconfig
Using asx0 device
TFTP from server 192.168.100.1; our IP address is 192.168.100.102
Filename 'zImage.multi_v7_defconfig'.
Load address: 0x82000000
Loading: *#################################################################
	 #################################################################
	 #################################################################
	 #################################################################
	 #################################################################
	 #################################################################
	 ####################################################
	 3.2 MiB/s
done
Bytes transferred = 6477176 (62d578 hex)
Tegra124 (Jetson TK1) # tftpboot 0x83000000 tegra124-jetson-tk1.dtb
Using asx0 device
TFTP from server 192.168.100.1; our IP address is 192.168.100.102
Filename 'tegra124-jetson-tk1.dtb'.
Load address: 0x83000000
Loading: *#####
	 2.9 MiB/s
done
Bytes transferred = 64138 (fa8a hex)
Tegra124 (Jetson TK1) # bootz 0x82000000 - 0x83000000
Kernel image @ 0x82000000 [ 0x000000 - 0x62d578 ]
## Flattened Device Tree blob at 83000000
   Booting using the fdt blob at 0x83000000
   Using Device Tree in place at 83000000, end 83012a89

Starting kernel ...

[    0.000000] Booting Linux on physical CPU 0x0
[    0.000000] Linux version 4.3.0-51166-gbd4f203 (pwalmsley@sellafield) (gcc version 4.7.3 20130328 (prerelease) (crosstool-NG linaro-1.13.1-4.7-2013.04-20130415 - Linaro GCC 2013.04) ) #1 SMP Thu Jan 28 06:49:56 PST 2016
[    0.000000] CPU: ARMv7 Processor [413fc0f3] revision 3 (ARMv7), cr=10c5387d
[    0.000000] CPU: PIPT / VIPT nonaliasing data cache, PIPT instruction cache
[    0.000000] Machine model: NVIDIA Tegra124 Jetson TK1
[    0.000000] debug: ignoring loglevel setting.
[    0.000000] cma: Reserved 64 MiB at 0xfb800000
[    0.000000] Memory policy: Data cache writealloc
[    0.000000] On node 0 totalpages: 524032
[    0.000000] free_area_init_node: node 0, pgdat c0f982c0, node_mem_map eeff8000
[    0.000000]   DMA zone: 1536 pages used for memmap
[    0.000000]   DMA zone: 0 pages reserved
[    0.000000]   DMA zone: 196608 pages, LIFO batch:31
[    0.000000]   HighMem zone: 327424 pages, LIFO batch:31
[    0.000000] PERCPU: Embedded 12 pages/cpu @eef8f000 s19136 r8192 d21824 u49152
[    0.000000] pcpu-alloc: s19136 r8192 d21824 u49152 alloc=12*4096
[    0.000000] pcpu-alloc: [0] 0 [0] 1 [0] 2 [0] 3 
[    0.000000] Built 1 zonelists in Zone order, mobility grouping on.  Total pages: 522496
[    0.000000] Kernel command line: ignore_loglevel console=ttyS0,115200n8 rw root=/dev/mmcblk0p1 rootwait gpt debug noinitrd earlyprintk init=/bin/bash
[    0.000000] PID hash table entries: 4096 (order: 2, 16384 bytes)
[    0.000000] Dentry cache hash table entries: 131072 (order: 7, 524288 bytes)
[    0.000000] Inode-cache hash table entries: 65536 (order: 6, 262144 bytes)
[    0.000000] Memory: 1998652K/2096128K available (8156K kernel code, 1032K rwdata, 3660K rodata, 1040K init, 340K bss, 31940K reserved, 65536K cma-reserved, 1244160K highmem)
[    0.000000] Virtual kernel memory layout:
[    0.000000]     vector  : 0xffff0000 - 0xffff1000   (   4 kB)
[    0.000000]     fixmap  : 0xffc00000 - 0xfff00000   (3072 kB)
[    0.000000]     vmalloc : 0xf0800000 - 0xff800000   ( 240 MB)
[    0.000000]     lowmem  : 0xc0000000 - 0xf0000000   ( 768 MB)
[    0.000000]     pkmap   : 0xbfe00000 - 0xc0000000   (   2 MB)
[    0.000000]     modules : 0xbf000000 - 0xbfe00000   (  14 MB)
[    0.000000]       .text : 0xc0208000 - 0xc0d932ac   (11821 kB)
[    0.000000]       .init : 0xc0d94000 - 0xc0e98000   (1040 kB)
[    0.000000]       .data : 0xc0e98000 - 0xc0f9a220   (1033 kB)
[    0.000000]        .bss : 0xc0f9d000 - 0xc0ff23a8   ( 341 kB)
[    0.000000] SLUB: HWalign=64, Order=0-3, MinObjects=0, CPUs=4, Nodes=1
[    0.000000] Hierarchical RCU implementation.
[    0.000000] 	Build-time adjustment of leaf fanout to 32.
[    0.000000] 	RCU restricting CPUs from NR_CPUS=16 to nr_cpu_ids=4.
[    0.000000] RCU: Adjusting geometry for rcu_fanout_leaf=32, nr_cpu_ids=4
[    0.000000] NR_IRQS:16 nr_irqs:16 16
[    0.000000] /interrupt-controller@60004000: 160 interrupts forwarded to /interrupt-controller@0,50041000
[    0.000000] L2C: failed to init: -19
[    0.000009] sched_clock: 32 bits at 1000kHz, resolution 1000ns, wraps every 2147483647500ns
[    0.000029] clocksource: timer_us: mask: 0xffffffff max_cycles: 0xffffffff, max_idle_ns: 1911260446275 ns
[    0.000042] Switching to timer-based delay loop, resolution 1000ns
[    0.004332] Architected cp15 timer(s) running at 12.00MHz (virt).
[    0.004351] clocksource: arch_sys_counter: mask: 0xffffffffffffff max_cycles: 0x2c47f4ee7, max_idle_ns: 440795202497 ns
[    0.004368] sched_clock: 56 bits at 12MHz, resolution 83ns, wraps every 4398046511096ns
[    0.004380] Switching to timer-based delay loop, resolution 83ns
[    0.004769] Console: colour dummy device 80x30
[    0.004793] Calibrating delay loop (skipped), value calculated using timer frequency.. 24.00 BogoMIPS (lpj=60000)
[    0.004807] pid_max: default: 32768 minimum: 301
[    0.004915] Mount-cache hash table entries: 2048 (order: 1, 8192 bytes)
[    0.004927] Mountpoint-cache hash table entries: 2048 (order: 1, 8192 bytes)
[    0.005510] CPU: Testing write buffer coherency: ok
[    0.005725] /cpus/cpu@0 missing clock-frequency property
[    0.005764] /cpus/cpu@1 missing clock-frequency property
[    0.005801] /cpus/cpu@2 missing clock-frequency property
[    0.005839] /cpus/cpu@3 missing clock-frequency property
[    0.005852] CPU0: thread -1, cpu 0, socket 0, mpidr 80000000
[    0.005895] Setting up static identity map for 0x80209000 - 0x80209098
[    0.008856] Tegra Revision: A01 SKU: 129 CPU Process: 1 SoC Process: 1
[    0.010143] CPU1: thread -1, cpu 1, socket 0, mpidr 80000001
[    0.010666] CPU2: thread -1, cpu 2, socket 0, mpidr 80000002
[    0.011182] CPU3: thread -1, cpu 3, socket 0, mpidr 80000003
[    0.011247] Brought up 4 CPUs
[    0.011268] SMP: Total of 4 processors activated (96.00 BogoMIPS).
[    0.011275] CPU: All CPU(s) started in SVC mode.
[    0.012710] devtmpfs: initialized
[    0.031017] VFP support v0.3: implementor 41 architecture 4 part 30 variant f rev 0
[    0.031794] clocksource: jiffies: mask: 0xffffffff max_cycles: 0xffffffff, max_idle_ns: 9556302231375000 ns
[    0.033429] pinctrl core: initialized pinctrl subsystem
[    0.035083] NET: Registered protocol family 16
[    0.037102] DMA: preallocated 256 KiB pool for atomic coherent allocations
[    0.049477] cpuidle: using governor ladder
[    0.064495] cpuidle: using governor menu
[    0.081016] No ATAGs?
[    0.081054] hw-breakpoint: found 5 (+1 reserved) breakpoint and 4 watchpoint registers.
[    0.081064] hw-breakpoint: maximum watchpoint size is 8 bytes.
[    0.085806] Serial: AMBA PL011 UART driver
[    0.115157] +USB0_VBUS_SW: Failed to request enable GPIO108: -517
[    0.115273] reg-fixed-voltage regulators:regulator@7: Failed to register regulator: -517
[    0.115491] +5V_USB_HS: Failed to request enable GPIO109: -517
[    0.115596] reg-fixed-voltage regulators:regulator@8: Failed to register regulator: -517
[    0.115892] +1.05V_RUN_AVDD_HDMI_PLL: Failed to request enable GPIO63: -517
[    0.115996] reg-fixed-voltage regulators:regulator@11: Failed to register regulator: -517
[    0.116212] +5V_HDMI_CON: Failed to request enable GPIO86: -517
[    0.116314] reg-fixed-voltage regulators:regulator@12: Failed to register regulator: -517
[    0.116528] +5V_SATA: Failed to request enable GPIO242: -517
[    0.116629] reg-fixed-voltage regulators:regulator@13: Failed to register regulator: -517
[    0.116844] +12V_SATA: Failed to request enable GPIO242: -517
[    0.116945] reg-fixed-voltage regulators:regulator@14: Failed to register regulator: -517
[    0.119831] vgaarb: loaded
[    0.120579] SCSI subsystem initialized
[    0.120758] libata version 3.00 loaded.
[    0.121055] usbcore: registered new interface driver usbfs
[    0.121119] usbcore: registered new interface driver hub
[    0.121194] usbcore: registered new device driver usb
[    0.124769] pps_core: LinuxPPS API ver. 1 registered
[    0.124779] pps_core: Software ver. 5.3.6 - Copyright 2005-2007 Rodolfo Giometti <giometti@linux.it>
[    0.124806] PTP clock support registered
[    0.125030] EDAC MC: Ver: 3.0.0
[    0.128133] clocksource: Switched to clocksource arch_sys_counter
[    0.139716] NET: Registered protocol family 2
[    0.140241] TCP established hash table entries: 8192 (order: 3, 32768 bytes)
[    0.140341] TCP bind hash table entries: 8192 (order: 4, 65536 bytes)
[    0.140527] TCP: Hash tables configured (established 8192 bind 8192)
[    0.140580] UDP hash table entries: 512 (order: 2, 16384 bytes)
[    0.140620] UDP-Lite hash table entries: 512 (order: 2, 16384 bytes)
[    0.140787] NET: Registered protocol family 1
[    0.141040] RPC: Registered named UNIX socket transport module.
[    0.141049] RPC: Registered udp transport module.
[    0.141057] RPC: Registered tcp transport module.
[    0.141064] RPC: Registered tcp NFSv4.1 backchannel transport module.
[    0.141083] PCI: CLS 0 bytes, default 64
[    0.142074] hw perfevents: enabled with armv7_cortex_a15 PMU driver, 7 counters available
[    0.143633] futex hash table entries: 1024 (order: 4, 65536 bytes)
[    0.155579] squashfs: version 4.0 (2009/01/31) Phillip Lougher
[    0.156492] NFS: Registering the id_resolver key type
[    0.156520] Key type id_resolver registered
[    0.156529] Key type id_legacy registered
[    0.156604] ntfs: driver 2.1.32 [Flags: R/O].
[    0.157968] bounce: pool size: 64 pages
[    0.158209] Block layer SCSI generic (bsg) driver version 0.4 loaded (major 249)
[    0.158229] io scheduler noop registered
[    0.158245] io scheduler deadline registered
[    0.158285] io scheduler cfq registered (default)
[    0.175136] tegra-pcie 1003000.pcie-controller: 2x1, 1x1 configuration
[    0.175189] tegra-pcie 1003000.pcie-controller: Failed to get supply 'avddio-pex': -517
[    0.182369] tegra-apbdma 60020000.dma: Tegra20 APB DMA driver register 32 channels
[    0.183772] tegra-pmc 7000e400.pmc: emergency thermal reset enabled
[    0.248273] Serial: 8250/16550 driver, 4 ports, IRQ sharing disabled
[    0.250646] SuperH (H)SCI(F) driver initialized
[    0.251585] msm_serial: driver initialized
[    0.252408] console [ttyS0] disabled
[    0.252442] 70006300.serial: ttyS0 at MMIO 0x70006300 (irq = 331, base_baud = 25500000) is a Tegra
[    1.071058] console [ttyS0] enabled
[    1.075358] STMicroelectronics ASC driver initialized
[    1.082813] [drm] Initialized drm 1.1.0 20060810
[    1.089818] tegra-hdmi 54280000.hdmi: failed to get HDMI regulator
[    1.104066] loop: module loaded
[    1.107496] at24 0-0056: 256 byte 24c02 EEPROM, writable, 8 bytes/write
[    1.115381] as3722 4-0040: AS3722 with revision 0x1 found
[    1.138620] +5V_SYS: supplied by +VDD_MUX
[    1.142665] +1.05V_RUN: supplied by +5V_SYS
[    1.146980] tegra-ahci 70027000.sata: Failed to get supply 'hvdd': -517
[    1.153654] tegra-ahci 70027000.sata: Failed to get regulators
[    1.165004] m25p80 spi32765.0: w25q32dw (4096 Kbytes)
[    1.170085] spi32765.0: 'partitions' subnode not found on /spi@0,7000da00/spi-flash@0. Trying to parse direct subnodes as partitions.
[    1.185464] CAN device driver interface
[    1.190681] igb: Intel(R) Gigabit Ethernet Network Driver - version 5.3.0-k
[    1.197648] igb: Copyright (c) 2007-2014 Intel Corporation.
[    1.206549] pegasus: v0.9.3 (2013/04/25), Pegasus/Pegasus II USB Ethernet driver
[    1.214011] usbcore: registered new interface driver pegasus
[    1.219750] usbcore: registered new interface driver asix
[    1.225209] usbcore: registered new interface driver ax88179_178a
[    1.231361] usbcore: registered new interface driver cdc_ether
[    1.237273] usbcore: registered new interface driver smsc75xx
[    1.243097] usbcore: registered new interface driver smsc95xx
[    1.248903] usbcore: registered new interface driver net1080
[    1.254628] usbcore: registered new interface driver cdc_subset
[    1.260607] usbcore: registered new interface driver zaurus
[    1.266277] usbcore: registered new interface driver cdc_ncm
[    1.272182] tegra-phy 7d004000.usb-phy: no vbus regulator
[    1.279515] ehci_hcd: USB 2.0 'Enhanced' Host Controller (EHCI) Driver
[    1.286053] ehci-pci: EHCI PCI platform driver
[    1.290552] ehci-platform: EHCI generic platform driver
[    1.296000] ehci-omap: OMAP-EHCI Host Controller driver
[    1.301378] ehci-orion: EHCI orion driver
[    1.305544] SPEAr-ehci: EHCI SPEAr driver
[    1.309711] ehci-st: EHCI STMicroelectronics driver
[    1.314752] ehci-exynos: EHCI EXYNOS driver
[    1.319117] ehci-atmel: EHCI Atmel driver
[    1.323283] tegra-ehci: Tegra EHCI driver
[    1.327614] tegra-ehci 7d004000.usb: EHCI Host Controller
[    1.333044] tegra-ehci 7d004000.usb: new USB bus registered, assigned bus number 1
[    1.340786] tegra-ehci 7d004000.usb: irq 348, io mem 0x7d004000
[    1.353155] tegra-ehci 7d004000.usb: USB 2.0 started, EHCI 1.10
[    1.359920] hub 1-0:1.0: USB hub found
[    1.363717] hub 1-0:1.0: 1 port detected
[    1.368253] ohci_hcd: USB 1.1 'Open' Host Controller (OHCI) Driver
[    1.374453] ohci-pci: OHCI PCI platform driver
[    1.378958] ohci-platform: OHCI generic platform driver
[    1.384367] ohci-omap3: OHCI OMAP3 driver
[    1.388533] SPEAr-ohci: OHCI SPEAr driver
[    1.392691] ohci-st: OHCI STMicroelectronics driver
[    1.397727] ohci-atmel: OHCI Atmel driver
[    1.402283] usbcore: registered new interface driver usb-storage
[    1.409879] mousedev: PS/2 mouse device common for all mice
[    1.419165] as3722-rtc as3722-rtc: rtc core: registered as3722-rtc as rtc0
[    1.426053] as3722-rtc as3722-rtc: RTC interrupt 371
[    1.434397] tegra_rtc 7000e000.rtc: rtc core: registered 7000e000.rtc as rtc1
[    1.441581] tegra_rtc 7000e000.rtc: Tegra internal Real Time Clock
[    1.448369] i2c /dev entries driver
[    1.456974] 0-004c supply vcc not found, using dummy regulator
[    1.469445] sdhci: Secure Digital Host Controller Interface driver
[    1.475644] sdhci: Copyright(c) Pierre Ossman
[    1.481682] Synopsys Designware Multimedia Card Interface Driver
[    1.488900] sdhci-pltfm: SDHCI platform and OF driver helper
[    1.495317] sdhci-tegra 700b0400.sdhci: Got CD GPIO
[    1.500222] sdhci-tegra 700b0400.sdhci: Got WP GPIO
[    1.505153] mmc0: Unknown controller version (3). You may experience problems.
[    1.512507] sdhci-tegra 700b0400.sdhci: No vmmc regulator found
[    1.518587] mmc0: Unknown controller version (3). You may experience problems.
[    1.525891] sdhci-tegra 700b0600.sdhci: No vmmc regulator found
[    1.531826] sdhci-tegra 700b0600.sdhci: No vqmmc regulator found
[    1.537841] mmc0: Invalid maximum block size, assuming 512 bytes
[    1.578159] mmc0: SDHCI controller on 700b0600.sdhci [700b0600.sdhci] using ADMA 64-bit
[    1.587552] ledtrig-cpu: registered to indicate activity on CPUs
[    1.593791] usbcore: registered new interface driver usbhid
[    1.599371] usbhid: USB HID core driver
[    1.610111] NET: Registered protocol family 10
[    1.615329] sit: IPv6 over IPv4 tunneling driver
[    1.620688] NET: Registered protocol family 17
[    1.625175] can: controller area network core (rev 20120528 abi 9)
[    1.631482] NET: Registered protocol family 29
[    1.635957] can: raw protocol (rev 20120528)
[    1.640304] can: broadcast manager protocol (rev 20120528 t)
[    1.645993] can: netlink gateway (rev 20130117) max_hops=1
[    1.651980] Key type dns_resolver registered
[    1.656883] ThumbEE CPU extension supported.
[    1.661236] Registering SWP/SWPB emulation handler
[    1.681975] tegra-pcie 1003000.pcie-controller: 2x1, 1x1 configuration
[    1.688929] +3.3V_SYS: supplied by +VDD_MUX
[    1.693231] +3.3V_LP0: supplied by +3.3V_SYS
[    1.697865] +1.35V_LP0(sd2): supplied by +5V_SYS
[    1.702566] +1.05V_RUN_AVDD: supplied by +1.35V_LP0(sd2)
[    1.702854] mmc0: MAN_BKOPS_EN bit is not set
[    1.707414] mmc0: new high speed MMC card at address 0001
[    1.709151] mmcblk0: mmc0:0001 SEM16G 14.6 GiB 
[    1.710116] mmcblk0boot0: mmc0:0001 SEM16G partition 1 4.00 MiB
[    1.710973] mmcblk0boot1: mmc0:0001 SEM16G partition 2 4.00 MiB
[    1.711290] mmcblk0rpmb: mmc0:0001 SEM16G partition 3 4.00 MiB
[    1.715112] Primary GPT is invalid, using alternate GPT.
[    1.715141]  mmcblk0: p1 p2 p3 p4 p5 p6 p7 p8 p9
[    1.751651] tegra-pcie 1003000.pcie-controller: probing port 0, using 2 lanes
[    1.761174] tegra-pcie 1003000.pcie-controller: Slot present pin change, signature: 00000008
[    2.194787] tegra-pcie 1003000.pcie-controller: link 0 down, retrying
[    2.630748] tegra-pcie 1003000.pcie-controller: link 0 down, retrying
[    3.066956] tegra-pcie 1003000.pcie-controller: link 0 down, retrying
[    3.075582] tegra-pcie 1003000.pcie-controller: link 0 down, ignoring
[    3.082090] tegra-pcie 1003000.pcie-controller: probing port 1, using 1 lanes
[    3.091589] tegra-pcie 1003000.pcie-controller: Slot present pin change, signature: 00000000
[    3.525282] tegra-pcie 1003000.pcie-controller: link 1 down, retrying
[    3.961266] tegra-pcie 1003000.pcie-controller: link 1 down, retrying
[    4.397270] tegra-pcie 1003000.pcie-controller: link 1 down, retrying
[    4.405896] tegra-pcie 1003000.pcie-controller: link 1 down, ignoring
[    4.412616] tegra-pcie 1003000.pcie-controller: PCI host bridge to bus 0000:00
[    4.419853] pci_bus 0000:00: root bus resource [mem 0x13000000-0x1fffffff]
[    4.426735] pci_bus 0000:00: root bus resource [mem 0x20000000-0x3fffffff pref]
[    4.434049] pci_bus 0000:00: root bus resource [bus 00-ff]
[    4.439541] pci_bus 0000:00: root bus resource [io  0x1000-0xffff]
[    4.445751] PCI: bus0: Fast back to back transfers enabled
[    4.452049] +5V_HDMI_CON: supplied by +5V_SYS
[    4.456555] +1.05V_RUN_AVDD_HDMI_PLL: supplied by +1.05V_RUN
[    4.462374] +3.3V_RUN: supplied by +3.3V_SYS
[    4.466700] +3.3V_AVDD_HDMI_AP_GATED: supplied by +3.3V_RUN
[    4.474920] [drm] Supports vblank timestamp caching Rev 2 (21.10.2013).
[    4.481571] [drm] No driver support for vblank timestamp query.
[    4.587522] tegra-hdmi 54280000.hdmi: cannot set audio to 44100 at 297000000 pclk
[    4.697751] Console: switching to colour frame buffer device 512x135
[    4.792094] drm drm: fb0:  frame buffer device
[    4.808288] [drm] Initialized tegra 0.0.0 20120330 on minor 0
[    4.815330] +5V_SATA: supplied by +5V_SYS
[    4.819578] +12V_SATA: supplied by +VDD_MUX
[    4.824519] tegra-ahci 70027000.sata: AHCI 0001.0301 32 slots 2 ports 3 Gbps 0x1 impl platform mode
[    4.833596] tegra-ahci 70027000.sata: flags: 64bit ncq sntf pm led pio slum part sadm sds apst 
[    4.844243] scsi host0: tegra-ahci
[    4.848553] scsi host1: tegra-ahci
[    4.852293] ata1: SATA max UDMA/133 mmio [mem 0x70027000-0x70028fff] port 0x100 irq 341
[    4.860330] ata2: DUMMY
[    4.864208] +5V_USB_HS: supplied by +5V_SYS
[    4.869848] tegra-ehci 7d008000.usb: EHCI Host Controller
[    4.875318] tegra-ehci 7d008000.usb: new USB bus registered, assigned bus number 2
[    4.883107] tegra-ehci 7d008000.usb: irq 349, io mem 0x7d008000
[    4.898292] tegra-ehci 7d008000.usb: USB 2.0 started, EHCI 1.10
[    4.905466] hub 2-0:1.0: USB hub found
[    4.909315] hub 2-0:1.0: 1 port detected
[    4.914838] dev_pm_opp_of_cpumask_add_table: couldn't find opp table for cpu:0, -19
[    4.922611] cpufreq: cpufreq_online: CPU0: Running at unlisted freq: 696000 KHz
[    4.929980] cpufreq: cpufreq_online: CPU0: Unlisted initial frequency changed to: 714000 KHz
[    4.939187] sdhci-tegra 700b0400.sdhci: Got CD GPIO
[    4.944096] sdhci-tegra 700b0400.sdhci: Got WP GPIO
[    4.949022] mmc1: Unknown controller version (3). You may experience problems.
[    4.956356] +VDDIO_SDMMC3: supplied by +3.3V_RUN
[    4.961032] sdhci-tegra 700b0400.sdhci: No vmmc regulator found
[    4.966973] mmc1: Invalid maximum block size, assuming 512 bytes
[    5.008440] mmc1: SDHCI controller on 700b0400.sdhci [700b0400.sdhci] using ADMA 64-bit
[    5.016996] input: gpio-keys as /devices/soc0/gpio-keys/input/input0
[    5.024112] as3722-rtc as3722-rtc: setting system clock to 2000-01-01 00:00:54 UTC (946684854)
[    5.036621] +1.8V_RUN_CAM: disabling
[    5.040407] +2.8V_RUN_CAM: disabling
[    5.044191] +1.2V_RUN_CAM_FRONT: disabling
[    5.048495] +1.05V_RUN_CAM_REAR: disabling
[    5.052779] +3.3V_RUN_TOUCH: disabling
[    5.056751] +2.8V_RUN_CAM_AF: disabling
[    5.060750] +1.8V_RUN_VPP_FUSE: disabling
[    5.064923] +USB0_VBUS_SW: disabling
[    5.183259] ata1: SATA link down (SStatus 0 SControl 300)
[    5.189657] EXT4-fs (mmcblk0p1): couldn't mount as ext3 due to feature incompatibilities
[    5.198494] EXT4-fs (mmcblk0p1): couldn't mount as ext2 due to feature incompatibilities
[    5.220127] EXT4-fs (mmcblk0p1): recovery complete
[    5.223244] usb 2-1: new high-speed USB device number 2 using tegra-ehci
[    5.231696] EXT4-fs (mmcblk0p1): mounted filesystem with ordered data mode. Opts: (null)
[    5.239844] VFS: Mounted root (ext4 filesystem) on device 179:1.
[    5.250550] devtmpfs: mounted
[    5.254177] Freeing unused kernel memory: 1040K (c0d94000 - c0e98000)
bash: cannot set terminal process group (-1): Inappropriate ioctl for device
bash: no job control in this shell
root@(none):/# mount -t sysfs none /sys
root@(none):/# 
root@(none):/# mount -t debugfs none /sys/kernel/debug
root@(none):/# 
root@(none):/# rtcwake -d rtc1 -m mem -s 3
rtcwake: assuming RTC uses UTC ...
rtcwake: wakeup from "mem" using /dev/rtc1 at Thu Jan  1 00:00:25 1970
[    8.497858] PM: Syncing filesystems ... done.
[    8.766869] Freezing user space processes ... (elapsed 0.001 seconds) done.
[    8.775304] Freezing remaining freezable tasks ... (elapsed 0.001 seconds) done.
[    8.783880] Suspending console(s) (use no_console_suspend to debug)
[    8.858827] PM: suspend of devices complete after 68.003 msecs
[    8.860569] PM: late suspend of devices complete after 1.732 msecs
[    8.861559] PM: noirq suspend of devices complete after 0.985 msecs
[    8.861560] Disabling non-boot CPUs ...
[    8.861917] CPU1: shutdown
[    8.874220] CPU2: shutdown
[    8.889079] CPU3: shutdown
[    8.903572] Entering suspend state LP1
[    8.903586] Enabling non-boot CPUs ...
[    8.928779] CPU1 is up
[    8.953833] CPU2 is up
[    8.978956] CPU3 is up
[    8.979569] PM: noirq resume of devices complete after 0.607 msecs
[    8.981106] PM: early resume of devices complete after 1.213 msecs
[    9.100040] PM: resume of devices complete after 118.925 msecs
[    9.163586] Restarting tasks ... done.
root@(none):/# 
root@(none):/# [    9.368257] ata1: SATA link down (SStatus 0 SControl 300)
rtcwake -d rtc1 -m mem -s 3
rtcwake: assuming RTC uses UTC ...
rtcwake: wakeup from "mem" using /dev/rtc1 at Thu Jan  1 00:00:29 1970
[    9.429586] PM: Syncing filesystems ... done.
[    9.491795] Freezing user space processes ... (elapsed 0.001 seconds) done.
[    9.500008] Freezing remaining freezable tasks ... (elapsed 0.001 seconds) done.
[    9.508683] Suspending console(s) (use no_console_suspend to debug)
[    9.583847] PM: suspend of devices complete after 67.932 msecs
[    9.586289] PM: late suspend of devices complete after 2.429 msecs
[    9.587911] PM: noirq suspend of devices complete after 1.614 msecs
[    9.587914] Disabling non-boot CPUs ...
[    9.588475] CPU1: shutdown
[    9.614863] CPU2: shutdown
[    9.639629] CPU3: shutdown
[    9.653886] Entering suspend state LP1
[    9.653901] Enabling non-boot CPUs ...
[    9.678810] CPU1 is up
[    9.703874] CPU2 is up
[    9.729009] CPU3 is up
[    9.729658] PM: noirq resume of devices complete after 0.644 msecs
[    9.731342] PM: early resume of devices complete after 1.345 msecs
[    9.849976] PM: resume of devices complete after 118.624 msecs
[    9.913594] Restarting tasks ... done.
root@(none):/# 
root@(none):/# [   10.118184] ata1: SATA link down (SStatus 0 SControl 300)
rtcwake -d rtc1 -m mem -s 3
rtcwake: assuming RTC uses UTC ...
rtcwake: wakeup from "mem" using /dev/rtc1 at Thu Jan  1 00:00:33 1970
[   10.185979] PM: Syncing filesystems ... done.
[   10.320974] Freezing user space processes ... (elapsed 0.001 seconds) done.
[   10.329421] Freezing remaining freezable tasks ... (elapsed 0.001 seconds) done.
[   10.338332] Suspending console(s) (use no_console_suspend to debug)
[   10.419283] PM: suspend of devices complete after 72.677 msecs
[   10.423587] PM: late suspend of devices complete after 4.282 msecs
[   10.427123] PM: noirq suspend of devices complete after 3.520 msecs
[   10.427128] Disabling non-boot CPUs ...
[   10.428293] CPU1: shutdown
[   10.451846] CPU2: shutdown
[   10.476316] CPU3: shutdown
[   10.489791] Entering suspend state LP1
[   10.489806] Enabling non-boot CPUs ...
[   10.513779] CPU1 is up
[   10.538843] CPU2 is up
[   10.563977] CPU3 is up
[   10.564620] PM: noirq resume of devices complete after 0.637 msecs
[   10.566615] PM: early resume of devices complete after 1.660 msecs
[   10.684881] PM: resume of devices complete after 118.256 msecs
[   10.748491] Restarting tasks ... done.
root@(none):/# 
root@(none):/# [   10.953160] ata1: SATA link down (SStatus 0 SControl 300)
rtcwake -d rtc1 -m mem -s 3
rtcwake: assuming RTC uses UTC ...
rtcwake: wakeup from "mem" using /dev/rtc1 at Thu Jan  1 00:00:37 1970
[   11.011030] PM: Syncing filesystems ... done.
[   11.045246] Freezing user space processes ... (elapsed 0.001 seconds) done.
[   11.053422] Freezing remaining freezable tasks ... (elapsed 0.001 seconds) done.
[   11.062122] Suspending console(s) (use no_console_suspend to debug)
[   11.139162] PM: suspend of devices complete after 69.555 msecs
[   11.142231] PM: late suspend of devices complete after 3.054 msecs
[   11.144291] PM: noirq suspend of devices complete after 2.051 msecs
[   11.144295] Disabling non-boot CPUs ...
[   11.144977] CPU1: shutdown
[   11.170290] CPU2: shutdown
[   11.194959] CPU3: shutdown
[   11.209047] Entering suspend state LP1
[   11.209062] Enabling non-boot CPUs ...
[   11.233752] CPU1 is up
[   11.258812] CPU2 is up
[   11.283954] CPU3 is up
[   11.284606] PM: noirq resume of devices complete after 0.646 msecs
[   11.286372] PM: early resume of devices complete after 1.460 msecs
[   11.405132] PM: resume of devices complete after 118.751 msecs
[   11.468728] Restarting tasks ... done.
root@(none):/# 
root@(none):/# [   11.673211] ata1: SATA link down (SStatus 0 SControl 300)
rtcwake -d rtc1 -m mem -s 3
rtcwake: assuming RTC uses UTC ...
rtcwake: wakeup from "mem" using /dev/rtc1 at Thu Jan  1 00:00:41 1970
[   11.744229] PM: Syncing filesystems ... done.
[   11.835712] Freezing user space processes ... (elapsed 0.001 seconds) done.
[   11.844024] Freezing remaining freezable tasks ... (elapsed 0.001 seconds) done.
[   11.852773] Suspending console(s) (use no_console_suspend to debug)
[   11.929249] PM: suspend of devices complete after 68.808 msecs
[   11.932758] PM: late suspend of devices complete after 3.492 msecs
[   11.935177] PM: noirq suspend of devices complete after 2.408 msecs
[   11.935181] Disabling non-boot CPUs ...
[   11.935983] CPU1: shutdown
[   11.965556] CPU2: shutdown
[   11.995209] CPU3: shutdown
[   12.009179] Entering suspend state LP1
[   12.009192] Enabling non-boot CPUs ...
[   12.033717] CPU1 is up
[   12.058784] CPU2 is up
[   12.083919] CPU3 is up
[   12.084566] PM: noirq resume of devices complete after 0.641 msecs
[   12.086834] PM: early resume of devices complete after 1.934 msecs
[   12.204793] PM: resume of devices complete after 117.949 msecs
[   12.268417] Restarting tasks ... done.
root@(none):/# 
NVTB SYSTEM SUSPEND TEST COMPLETE
root@(none):/# [   12.473106] ata1: SATA link down (SStatus 0 SControl 300)
