
U-Boot SPL 2014.01-00219-gc4d376f (Feb 18 2014 - 19:57:32)


U-Boot 2014.01-00219-gc4d376f (Feb 18 2014 - 19:57:32)

TEGRA114
Board: NVIDIA Dalmore
I2C:   ready
DRAM:  2 GiB
MMC:   Tegra SD/MMC: 0, Tegra SD/MMC: 1
In:    serial
Out:   serial
Err:   serial
Net:   Net Initialization Skipped
No ethernet found.
Hit any key to stop autoboot:  2  1  0 
Tegra114 (Dalmore) # 
Tegra114 (Dalmore) # usb reset
(Re)start USB...
USB0:   USB EHCI 1.10
scanning bus 0 for devices... 2 USB Device(s) found
       scanning usb for storage devices... 0 Storage Device(s) found
       scanning usb for ethernet devices... 
Warning: asx0 using MAC address from net device
1 Ethernet Device(s) found
Tegra114 (Dalmore) # setenv bootargs 'ignore_loglevel console=ttyS0,115200n8 rw root=PARTUUID=7369c667-ff51-ec4a-29cd-baabf2fbe346 rootwait gpt debug earlyprintk init=/bin/bash'
Tegra114 (Dalmore) # setenv ipaddr 192.168.100.100; setenv serverip 192.168.100.1; setenv tftpserverip 192.168.100.1
Tegra114 (Dalmore) # tftpboot 0x81000000 zImage.multi_v7_defconfig
Using asx0 device
TFTP from server 192.168.100.1; our IP address is 192.168.100.100
Filename 'zImage.multi_v7_defconfig'.
Load address: 0x81000000
Loading: *#################################################################
	 #################################################################
	 #################################################################
	 #################################################################
	 #################################################################
	 #################################################################
	 #################################################################
	 ############################
	 3.2 MiB/s
done
Bytes transferred = 7076728 (6bfb78 hex)
Tegra114 (Dalmore) # tftpboot 0x82000000 tegra114-dalmore.dtb
Using asx0 device
TFTP from server 192.168.100.1; our IP address is 192.168.100.100
Filename 'tegra114-dalmore.dtb'.
Load address: 0x82000000
Loading: *###
	 2.8 MiB/s
done
Bytes transferred = 34956 (888c hex)
Tegra114 (Dalmore) # bootz 0x81000000 - 0x82000000
Kernel image @ 0x81000000 [ 0x000000 - 0x6bfb78 ]
## Flattened Device Tree blob at 82000000
   Booting using the fdt blob at 0x82000000
   Loading Device Tree to 8fff4000, end 8ffff88b ... OK

Starting kernel ...

[    0.000000] Booting Linux on physical CPU 0x0
[    0.000000] Linux version 4.6.0-rc7-next-20160516-94924-gb0dc27a (pwalmsley@sellafield) (gcc version 4.7.3 20130328 (prerelease) (crosstool-NG linaro-1.13.1-4.7-2013.04-20130415 - Linaro GCC 2013.04) ) #1 SMP Mon May 23 11:58:58 PDT 2016
[    0.000000] CPU: ARMv7 Processor [412fc0f2] revision 2 (ARMv7), cr=10c5387d
[    0.000000] CPU: div instructions available: patching division code
[    0.000000] CPU: PIPT / VIPT nonaliasing data cache, PIPT instruction cache
[    0.000000] Machine model: NVIDIA Tegra114 Dalmore evaluation board
[    0.000000] debug: ignoring loglevel setting.
[    0.000000] cma: Reserved 64 MiB at 0xfb800000
[    0.000000] Memory policy: Data cache writealloc
[    0.000000] On node 0 totalpages: 524032
[    0.000000] free_area_init_node: node 0, pgdat c141bb40, node_mem_map eeff8000
[    0.000000]   DMA zone: 1536 pages used for memmap
[    0.000000]   DMA zone: 0 pages reserved
[    0.000000]   DMA zone: 196608 pages, LIFO batch:31
[    0.000000]   HighMem zone: 327424 pages, LIFO batch:31
[    0.000000] percpu: Embedded 13 pages/cpu @eef9f000 s23808 r8192 d21248 u53248
[    0.000000] pcpu-alloc: s23808 r8192 d21248 u53248 alloc=13*4096
[    0.000000] pcpu-alloc: [0] 0 [0] 1 [0] 2 [0] 3 
[    0.000000] Built 1 zonelists in Zone order, mobility grouping on.  Total pages: 522496
[    0.000000] Kernel command line: ignore_loglevel console=ttyS0,115200n8 rw root=PARTUUID=7369c667-ff51-ec4a-29cd-baabf2fbe346 rootwait gpt debug earlyprintk init=/bin/bash
[    0.000000] PID hash table entries: 4096 (order: 2, 16384 bytes)
[    0.000000] Dentry cache hash table entries: 131072 (order: 7, 524288 bytes)
[    0.000000] Inode-cache hash table entries: 65536 (order: 6, 262144 bytes)
[    0.000000] Memory: 1995116K/2096128K available (9529K kernel code, 1142K rwdata, 4216K rodata, 2048K init, 343K bss, 35476K reserved, 65536K cma-reserved, 1244160K highmem)
[    0.000000] Virtual kernel memory layout:
[    0.000000]     vector  : 0xffff0000 - 0xffff1000   (   4 kB)
[    0.000000]     fixmap  : 0xffc00000 - 0xfff00000   (3072 kB)
[    0.000000]     vmalloc : 0xf0800000 - 0xff800000   ( 240 MB)
[    0.000000]     lowmem  : 0xc0000000 - 0xf0000000   ( 768 MB)
[    0.000000]     pkmap   : 0xbfe00000 - 0xc0000000   (   2 MB)
[    0.000000]     modules : 0xbf000000 - 0xbfe00000   (  14 MB)
[    0.000000]       .text : 0xc0208000 - 0xc106c518   (14738 kB)
[    0.000000]       .init : 0xc1100000 - 0xc1300000   (2048 kB)
[    0.000000]       .data : 0xc1300000 - 0xc141dba0   (1143 kB)
[    0.000000]        .bss : 0xc141f000 - 0xc1474ca0   ( 344 kB)
[    0.000000] SLUB: HWalign=64, Order=0-3, MinObjects=0, CPUs=4, Nodes=1
[    0.000000] Hierarchical RCU implementation.
[    0.000000] 	Build-time adjustment of leaf fanout to 32.
[    0.000000] 	RCU restricting CPUs from NR_CPUS=16 to nr_cpu_ids=4.
[    0.000000] RCU: Adjusting geometry for rcu_fanout_leaf=32, nr_cpu_ids=4
[    0.000000] NR_IRQS:16 nr_irqs:16 16
[    0.000000] /interrupt-controller@60004000: 160 interrupts forwarded to /interrupt-controller@50041000
[    0.000000] Tegra clk 127: register failed with -17
[    0.000008] sched_clock: 32 bits at 1000kHz, resolution 1000ns, wraps every 2147483647500ns
[    0.000026] clocksource: timer_us: mask: 0xffffffff max_cycles: 0xffffffff, max_idle_ns: 1911260446275 ns
[    0.000040] Switching to timer-based delay loop, resolution 1000ns
[    0.003053] Architected cp15 timer(s) running at 12.00MHz (virt).
[    0.003072] clocksource: arch_sys_counter: mask: 0xffffffffffffff max_cycles: 0x2c47f4ee7, max_idle_ns: 440795202497 ns
[    0.003091] sched_clock: 56 bits at 12MHz, resolution 83ns, wraps every 4398046511096ns
[    0.003103] Switching to timer-based delay loop, resolution 83ns
[    0.003486] Console: colour dummy device 80x30
[    0.003512] Calibrating delay loop (skipped), value calculated using timer frequency.. 24.00 BogoMIPS (lpj=60000)
[    0.003527] pid_max: default: 32768 minimum: 301
[    0.003625] Mount-cache hash table entries: 2048 (order: 1, 8192 bytes)
[    0.003637] Mountpoint-cache hash table entries: 2048 (order: 1, 8192 bytes)
[    0.004262] CPU: Testing write buffer coherency: ok
[    0.004476] /cpus/cpu@0 missing clock-frequency property
[    0.004506] /cpus/cpu@1 missing clock-frequency property
[    0.004535] /cpus/cpu@2 missing clock-frequency property
[    0.004566] /cpus/cpu@3 missing clock-frequency property
[    0.004578] CPU0: thread -1, cpu 0, socket 0, mpidr 80000000
[    0.004600] Setting up static identity map for 0x80300000 - 0x80300098
[    0.007046] Tegra Revision: A01 SKU: 0 CPU Process: 1 SoC Process: 0
[    0.008455] CPU1: thread -1, cpu 1, socket 0, mpidr 80000001
[    0.009159] CPU2: thread -1, cpu 2, socket 0, mpidr 80000002
[    0.009840] CPU3: thread -1, cpu 3, socket 0, mpidr 80000003
[    0.009925] Brought up 4 CPUs
[    0.009945] SMP: Total of 4 processors activated (96.00 BogoMIPS).
[    0.009953] CPU: All CPU(s) started in SVC mode.
[    0.011426] devtmpfs: initialized
[    0.022102] VFP support v0.3: implementor 41 architecture 4 part 30 variant f rev 0
[    0.022625] clocksource: jiffies: mask: 0xffffffff max_cycles: 0xffffffff, max_idle_ns: 9556302231375000 ns
[    0.024021] pinctrl core: initialized pinctrl subsystem
[    0.025615] NET: Registered protocol family 16
[    0.027637] DMA: preallocated 256 KiB pool for atomic coherent allocations
[    0.042984] cpuidle: using governor menu
[    0.059067] No ATAGs?
[    0.059095] hw-breakpoint: found 5 (+1 reserved) breakpoint and 4 watchpoint registers.
[    0.059106] hw-breakpoint: maximum watchpoint size is 8 bytes.
[    0.064282] Serial: AMBA PL011 UART driver
[    0.065671] tegra-mc 70019000.memory-controller: no memory timings for RAM code 3 registered
[    0.092513] dvdd_ts: Failed to request enable GPIO61: -517
[    0.092529] reg-fixed-voltage regulators:regulator@1: Failed to register regulator: -517
[    0.092630] usb1_vbus: Failed to request enable GPIO108: -517
[    0.092644] reg-fixed-voltage regulators:regulator@3: Failed to register regulator: -517
[    0.092740] usb2_vbus: Failed to request enable GPIO86: -517
[    0.092754] reg-fixed-voltage regulators:regulator@4: Failed to register regulator: -517
[    0.093226] VDD_5V0_HDMI_CON: Failed to request enable GPIO81: -517
[    0.093240] reg-fixed-voltage regulators:regulator@7: Failed to register regulator: -517
[    0.096070] vgaarb: loaded
[    0.096927] SCSI subsystem initialized
[    0.097096] libata version 3.00 loaded.
[    0.097425] usbcore: registered new interface driver usbfs
[    0.097503] usbcore: registered new interface driver hub
[    0.097583] usbcore: registered new device driver usb
[    0.101256] tps65090 2-0048: No cache defaults, reading back from HW
[    0.103178] TPS65090_RAILSDCDC1: supplied by vdd_ac_bat
[    0.103719] vdd_hdmi_5v0: supplied by vdd-sys-5v0
[    0.104475] TPS65090_RAILSDCDC2: supplied by vdd_ac_bat
[    0.105549] TPS65090_RAILSDCDC3: supplied by vdd_ac_bat
[    0.106086] TPS65090_RAILSFET1: supplied by vdd_ac_bat
[    0.106477] TPS65090_RAILSFET2: supplied by vdd_ac_bat
[    0.106851] TPS65090_RAILSFET3: supplied by vdd-sys-3v3
[    0.107384] TPS65090_RAILSFET4: supplied by vdd-sys-3v3
[    0.107920] TPS65090_RAILSFET5: supplied by vdd-sys-3v3
[    0.108451] TPS65090_RAILSFET6: supplied by vdd-sys-3v3
[    0.109285] TPS65090_RAILSFET7: supplied by vdd-sys-3v3
[    0.109835] TPS65090_RAILSLDO1: supplied by vdd_ac_bat
[    0.110057] TPS65090_RAILSLDO2: supplied by vdd_ac_bat
[    0.110907] genirq: Setting trigger mode 8 for irq 341 failed (irq_chip_set_type_parent+0x0/0x28)
[    0.110930] palmas 2-0058: Irq flag is 0x00000000
[    0.114080] palmas 2-0058: Muxing GPIO ff, PWM 0, LED 0
[    0.116645] SMPS12: supplied by vdd-ao
[    0.118283] SMPS3: supplied by vdd-ao
[    0.120034] SMPS457: supplied by vdd-sys-3v3
[    0.122926] SMPS8: supplied by vdd-sys-3v3
[    0.124559] SMPS9: supplied by vdd-sys-3v3
[    0.125065] sdhci-vdd-sd-slot: Bringing 2840000uV into 2800000-2800000uV
[    0.125795] sdhci-vdd-sd-slot: ramp_delay not set
[    0.127796] LDO1: supplied by vdd-sys-3v3
[    0.129000] LDO2: supplied by vdd-sys-3v3
[    0.130196] LDO3: supplied by vddio-1v8
[    0.131405] LDO4: supplied by vdd-sys-3v3
[    0.132609] LDO5: supplied by vdd_ac_bat
[    0.133398] LDO6: supplied by vdd-sys-3v3
[    0.133919] vdd-sensor-2v85: Bringing 2900000uV into 2850000-2850000uV
[    0.135207] LDO7: supplied by vdd-sys-3v3
[    0.136929] LDO8: supplied by vdd-ao
[    0.137433] vdd-rtc: Bringing 675000uV into 900000-900000uV
[    0.138983] LDO9: supplied by sdhci-vdd-sd-slot
[    0.144284] LDOLN: supplied by vdd-sys-5v0
[    0.145507] LDOUSB: supplied by vdd-sys-5v0
[    0.152201] pps_core: LinuxPPS API ver. 1 registered
[    0.152211] pps_core: Software ver. 5.3.6 - Copyright 2005-2007 Rodolfo Giometti <giometti@linux.it>
[    0.152235] PTP clock support registered
[    0.152433] EDAC MC: Ver: 3.0.0
[    0.154845] clocksource: Switched to clocksource arch_sys_counter
[    0.165446] NET: Registered protocol family 2
[    0.165980] TCP established hash table entries: 8192 (order: 3, 32768 bytes)
[    0.166079] TCP bind hash table entries: 8192 (order: 4, 65536 bytes)
[    0.166265] TCP: Hash tables configured (established 8192 bind 8192)
[    0.166319] UDP hash table entries: 512 (order: 2, 16384 bytes)
[    0.166361] UDP-Lite hash table entries: 512 (order: 2, 16384 bytes)
[    0.166520] NET: Registered protocol family 1
[    0.166761] RPC: Registered named UNIX socket transport module.
[    0.166771] RPC: Registered udp transport module.
[    0.166778] RPC: Registered tcp transport module.
[    0.166786] RPC: Registered tcp NFSv4.1 backchannel transport module.
[    0.166797] PCI: CLS 0 bytes, default 64
[    0.168951] futex hash table entries: 1024 (order: 4, 65536 bytes)
[    0.169462] workingset: timestamp_bits=28 max_order=19 bucket_order=0
[    0.181240] squashfs: version 4.0 (2009/01/31) Phillip Lougher
[    0.182154] NFS: Registering the id_resolver key type
[    0.182184] Key type id_resolver registered
[    0.182193] Key type id_legacy registered
[    0.182241] ntfs: driver 2.1.32 [Flags: R/O].
[    0.183571] bounce: pool size: 64 pages
[    0.183793] Block layer SCSI generic (bsg) driver version 0.4 loaded (major 248)
[    0.183804] io scheduler noop registered
[    0.183813] io scheduler deadline registered
[    0.183846] io scheduler cfq registered (default)
[    0.212427] tegra-apbdma 6000a000.dma: Tegra20 APB DMA driver register 32 channels
[    0.214296] tegra-pmc 7000e400.pmc: i2c-thermtrip node not found, emergency thermal reset disabled.
[    0.278707] Serial: 8250/16550 driver, 4 ports, IRQ sharing disabled
[    0.281769] console [ttyS0] disabled
[    0.281806] 70006300.serial: ttyS0 at MMIO 0x70006300 (irq = 329, base_baud = 25500000) is a Tegra
[    1.245144] console [ttyS0] enabled
[    1.249479] SuperH (H)SCI(F) driver initialized
[    1.255041] msm_serial: driver initialized
[    1.259316] STMicroelectronics ASC driver initialized
[    1.268010] [drm] Initialized drm 1.1.0 20060810
[    1.275998] tegra-hdmi 54280000.hdmi: failed to get HDMI regulator
[    1.297681] brd: module loaded
[    1.306953] loop: module loaded
[    1.326542] m25p80 spi32766.0: w25q32dw (4096 Kbytes)
[    1.335142] libphy: Fixed MDIO Bus: probed
[    1.339948] CAN device driver interface
[    1.345672] igb: Intel(R) Gigabit Ethernet Network Driver - version 5.3.0-k
[    1.352639] igb: Copyright (c) 2007-2014 Intel Corporation.
[    1.361355] pegasus: v0.9.3 (2013/04/25), Pegasus/Pegasus II USB Ethernet driver
[    1.368812] usbcore: registered new interface driver pegasus
[    1.374539] usbcore: registered new interface driver asix
[    1.379989] usbcore: registered new interface driver ax88179_178a
[    1.386138] usbcore: registered new interface driver cdc_ether
[    1.392050] usbcore: registered new interface driver smsc75xx
[    1.397867] usbcore: registered new interface driver smsc95xx
[    1.403664] usbcore: registered new interface driver net1080
[    1.409374] usbcore: registered new interface driver cdc_subset
[    1.415342] usbcore: registered new interface driver zaurus
[    1.420995] usbcore: registered new interface driver cdc_ncm
[    1.428783] ehci_hcd: USB 2.0 'Enhanced' Host Controller (EHCI) Driver
[    1.435321] ehci-pci: EHCI PCI platform driver
[    1.439803] ehci-platform: EHCI generic platform driver
[    1.445235] ehci-omap: OMAP-EHCI Host Controller driver
[    1.450606] ehci-orion: EHCI orion driver
[    1.454745] SPEAr-ehci: EHCI SPEAr driver
[    1.458908] ehci-st: EHCI STMicroelectronics driver
[    1.463938] ehci-exynos: EHCI EXYNOS driver
[    1.468291] ehci-atmel: EHCI Atmel driver
[    1.472455] tegra-ehci: Tegra EHCI driver
[    1.476710] ------------[ cut here ]------------
[    1.481352] WARNING: CPU: 3 PID: 1 at drivers/reset/core.c:187 __of_reset_control_get+0x1bc/0x228
[    1.490222] Modules linked in:
[    1.493289] CPU: 3 PID: 1 Comm: swapper/0 Not tainted 4.6.0-rc7-next-20160516-94924-gb0dc27a #1
[    1.501972] Hardware name: NVIDIA Tegra SoC (Flattened Device Tree)
[    1.508256] [<c030f9d0>] (unwind_backtrace) from [<c030b0c8>] (show_stack+0x10/0x14)
[    1.515996] [<c030b0c8>] (show_stack) from [<c05861c8>] (dump_stack+0x84/0xa4)
[    1.523217] [<c05861c8>] (dump_stack) from [<c0341b6c>] (__warn+0xd4/0x100)
[    1.530175] [<c0341b6c>] (__warn) from [<c0341bb8>] (warn_slowpath_null+0x20/0x28)
[    1.537738] [<c0341bb8>] (warn_slowpath_null) from [<c06a0280>] (__of_reset_control_get+0x1bc/0x228)
[    1.546865] [<c06a0280>] (__of_reset_control_get) from [<c0911d14>] (tegra_ehci_probe+0x2d0/0x51c)
[    1.555820] [<c0911d14>] (tegra_ehci_probe) from [<c0778df8>] (platform_drv_probe+0x50/0xb0)
[    1.564254] [<c0778df8>] (platform_drv_probe) from [<c077775c>] (driver_probe_device+0x1f4/0x2b0)
[    1.573120] [<c077775c>] (driver_probe_device) from [<c07778c4>] (__driver_attach+0xac/0xb0)
[    1.581550] [<c07778c4>] (__driver_attach) from [<c0775d70>] (bus_for_each_dev+0x54/0x88)
[    1.589721] [<c0775d70>] (bus_for_each_dev) from [<c0776d50>] (bus_add_driver+0xe8/0x1f4)
[    1.597891] [<c0776d50>] (bus_add_driver) from [<c07780e0>] (driver_register+0x78/0xf4)
[    1.605887] [<c07780e0>] (driver_register) from [<c0301e7c>] (do_one_initcall+0x3c/0x16c)
[    1.614059] [<c0301e7c>] (do_one_initcall) from [<c1100d80>] (kernel_init_freeable+0x120/0x1ec)
[    1.622754] [<c1100d80>] (kernel_init_freeable) from [<c0b5b920>] (kernel_init+0x8/0x118)
[    1.630926] [<c0b5b920>] (kernel_init) from [<c0307fb8>] (ret_from_fork+0x14/0x3c)
[    1.638511] ---[ end trace 31ece8bad2857282 ]---
[    1.643140] tegra-ehci 7d008000.usb: can't get utmi-pads reset from the PHY
[    1.650107] tegra-ehci 7d008000.usb: continuing, but please update your DT
[    1.657098] ohci_hcd: USB 1.1 'Open' Host Controller (OHCI) Driver
[    1.663307] ohci-pci: OHCI PCI platform driver
[    1.667814] ohci-platform: OHCI generic platform driver
[    1.673215] ohci-omap3: OHCI OMAP3 driver
[    1.677373] SPEAr-ohci: OHCI SPEAr driver
[    1.681536] ohci-st: OHCI STMicroelectronics driver
[    1.686564] ohci-atmel: OHCI Atmel driver
[    1.691307] usbcore: registered new interface driver usb-storage
[    1.698943] mousedev: PS/2 mouse device common for all mice
[    1.709492] palmas-rtc 7000d000.i2c:tps65913@58:rtc: rtc core: registered 7000d000.i2c:tps659 as rtc0
[    1.720643] tegra_rtc 7000e000.rtc: rtc core: registered 7000e000.rtc as rtc1
[    1.727839] tegra_rtc 7000e000.rtc: Tegra internal Real Time Clock
[    1.734571] i2c /dev entries driver
[    1.742290] sbs-battery 0-000b: sbs_probe: Failed to get device status
[    1.748843] sbs-battery: probe of 0-000b failed with error -121
[    1.766760] sdhci: Secure Digital Host Controller Interface driver
[    1.772954] sdhci: Copyright(c) Pierre Ossman
[    1.778794] Synopsys Designware Multimedia Card Interface Driver
[    1.785891] sdhci-pltfm: SDHCI platform and OF driver helper
[    1.792325] sdhci-tegra 78000400.sdhci: Got CD GPIO
[    1.797235] sdhci-tegra 78000400.sdhci: Got WP GPIO
[    1.803331] mmc0: Invalid maximum block size, assuming 512 bytes
[    1.844982] mmc0: SDHCI controller on 78000400.sdhci [78000400.sdhci] using ADMA
[    1.852700] mmc1: Invalid maximum block size, assuming 512 bytes
[    1.894865] mmc1: SDHCI controller on 78000600.sdhci [78000600.sdhci] using ADMA
[    1.903812] ledtrig-cpu: registered to indicate activity on CPUs
[    1.910300] usbcore: registered new interface driver usbhid
[    1.915882] usbhid: USB HID core driver
[    1.925484] NET: Registered protocol family 10
[    1.930642] sit: IPv6 over IPv4 tunneling driver
[    1.935960] NET: Registered protocol family 17
[    1.940433] can: controller area network core (rev 20120528 abi 9)
[    1.946685] NET: Registered protocol family 29
[    1.951139] can: raw protocol (rev 20120528)
[    1.955418] can: broadcast manager protocol (rev 20120528 t)
[    1.961090] can: netlink gateway (rev 20130117) max_hops=1
[    1.966975] Key type dns_resolver registered
[    1.971902] ThumbEE CPU extension supported.
[    1.976193] Registering SWP/SWPB emulation handler
[    1.983492] usb1_vbus: supplied by vdd-sys-5v0
[    1.989302] usb2_vbus: supplied by vdd-sys-5v0
[    2.000895] VDD_5V0_HDMI_CON: supplied by vdd-sys-5v0
[    2.013952] [drm] Supports vblank timestamp caching Rev 2 (21.10.2013).
[    2.020621] [drm] No driver support for vblank timestamp query.
[    2.020690] mmc0: new high speed SDHC card at address aaaa
[    2.021760] mmcblk0: mmc0:aaaa SL16G 14.8 GiB 
[    2.038867]  mmcblk0: p1 p2 p3
[    2.057510] mmc1: new MMC card at address 0001
[    2.058511] mmcblk1: mmc1:0001 SEM32G 29.1 GiB 
[    2.059111] mmcblk1boot0: mmc1:0001 SEM32G partition 1 4.00 MiB
[    2.059473] mmcblk1boot1: mmc1:0001 SEM32G partition 2 4.00 MiB
[    2.060726] mmcblk1rpmb: mmc1:0001 SEM32G partition 3 4.00 MiB
[    2.069904]  mmcblk1: p1 p2 p3 p4 p5 p6 p7 p8
[    2.094788] Console: switching to colour frame buffer device 240x75
[    2.153896] drm drm: fb0:  frame buffer device
[    2.169967] [drm] Initialized tegra 0.0.0 20120330 on minor 0
[    2.178528] tegra-ehci 7d008000.usb: EHCI Host Controller
[    2.184009] tegra-ehci 7d008000.usb: new USB bus registered, assigned bus number 1
[    2.191999] tegra-ehci 7d008000.usb: irq 339, io mem 0x7d008000
[    2.204969] tegra-ehci 7d008000.usb: USB 2.0 started, EHCI 1.10
[    2.212224] hub 1-0:1.0: USB hub found
[    2.216086] hub 1-0:1.0: 1 port detected
[    2.221760] input: gpio-keys as /devices/soc0/gpio-keys/input/input0
[    2.230558] palmas-rtc 7000d000.i2c:tps65913@58:rtc: setting system clock to 2000-03-17 06:19:17 UTC (953273957)
[    2.255607] dvdd_ts: disabling
[    2.258678] usb1_vbus: disabling
[    2.261959] vdd_cam_1v8_reg: disabling
[    2.267887] EXT4-fs (mmcblk1p1): mounting ext3 file system using the ext4 subsystem
[    2.336045] EXT4-fs (mmcblk1p1): recovery complete
[    2.340912] EXT4-fs (mmcblk1p1): mounted filesystem with ordered data mode. Opts: (null)
[    2.349044] VFS: Mounted root (ext3 filesystem) on device 179:17.
[    2.389531] devtmpfs: mounted
[    2.394420] Freeing unused kernel memory: 2048K (c1100000 - c1300000)
[    2.529974] usb 1-1: new high-speed USB device number 2 using tegra-ehci
bash: cannot set terminal process group (-1): Inappropriate ioctl for device
bash: no job control in this shell
[    3.475402] asix 1-1:1.0 eth0: register 'asix' at usb-7d008000.usb-1, ASIX AX88772 USB 2.0 Ethernet, 00:50:b6:0d:b5:16
root@(none):/# mount -t sysfs none /sys
root@(none):/# 
root@(none):/# mount -t debugfs none /sys/kernel/debug
root@(none):/# 
root@(none):/# rtcwake -d rtc1 -m mem -s 3
rtcwake: assuming RTC uses UTC ...
rtcwake: wakeup from "mem" using /dev/rtc1 at Thu Jan  1 00:00:21 1970
[    6.521829] PM: Syncing filesystems ... done.
