
U-Boot SPL 2014.01-00219-gc4d376f (Feb 18 2014 - 19:57:18)


U-Boot 2014.01-00219-gc4d376f (Feb 18 2014 - 19:57:18)

TEGRA30
Board: NVIDIA Beaver
I2C:   ready
DRAM:  2 GiB
MMC:   Tegra SD/MMC: 0, Tegra SD/MMC: 1
In:    serial
Out:   serial
Err:   serial
Net:   Net Initialization Skipped
No ethernet found.
Hit any key to stop autoboot:  2  0 
Tegra30 (Beaver) # 
Tegra30 (Beaver) # usb reset
(Re)start USB...
USB0:   USB EHCI 1.00
scanning bus 0 for devices... 2 USB Device(s) found
       scanning usb for storage devices... 0 Storage Device(s) found
       scanning usb for ethernet devices... 
Warning: asx0 using MAC address from net device
1 Ethernet Device(s) found
Tegra30 (Beaver) # setenv bootargs 'ignore_loglevel console=ttyS0,115200n8 rw root=/dev/mmcblk0p1 rootwait gpt debug init=/bin/bash noinitrd'
Tegra30 (Beaver) # setenv ipaddr 192.168.100.101; setenv serverip 192.168.100.1; setenv tftpserverip 192.168.100.1
Tegra30 (Beaver) # tftpboot 0x81000000 zImage.multi_v7_defconfig
Using asx0 device
TFTP from server 192.168.100.1; our IP address is 192.168.100.101
Filename 'zImage.multi_v7_defconfig'.
Load address: 0x81000000
Loading: *#################################################################
	 #################################################################
	 #################################################################
	 #################################################################
	 #################################################################
	 #################################################################
	 ###################################
	 3.4 MiB/s
done
Bytes transferred = 6227920 (5f07d0 hex)
Tegra30 (Beaver) # tftpboot 0x82000000 tegra30-beaver.dtb
Using asx0 device
TFTP from server 192.168.100.1; our IP address is 192.168.100.101
Filename 'tegra30-beaver.dtb'.
Load address: 0x82000000
Loading: *####
	 3.3 MiB/s
done
Bytes transferred = 51191 (c7f7 hex)
Tegra30 (Beaver) # bootz 0x81000000 - 0x82000000
Kernel image @ 0x81000000 [ 0x000000 - 0x5f07d0 ]
## Flattened Device Tree blob at 82000000
   Booting using the fdt blob at 0x82000000
   Loading Device Tree to 8fff0000, end 8ffff7f6 ... OK

Starting kernel ...

[    0.000000] Booting Linux on physical CPU 0x0
[    0.000000] Linux version 4.0.0-11486-g27cf3a1 (pwalmsley@sellafield) (gcc version 4.7.3 20130328 (prerelease) (crosstool-NG linaro-1.13.1-4.7-2013.04-20130415 - Linaro GCC 2013.04) ) #1 SMP Mon May 11 20:21:59 PDT 2015
[    0.000000] CPU: ARMv7 Processor [412fc099] revision 9 (ARMv7), cr=10c5387d
[    0.000000] CPU: PIPT / VIPT nonaliasing data cache, VIPT aliasing instruction cache
[    0.000000] Machine model: NVIDIA Tegra30 Beaver evaluation board
[    0.000000] debug: ignoring loglevel setting.
[    0.000000] earlycon: no match for ttyS0,115200n8
[    0.000000] cma: Reserved 64 MiB at 0xfb800000
[    0.000000] Memory policy: Data cache writealloc
[    0.000000] On node 0 totalpages: 524032
[    0.000000] free_area_init_node: node 0, pgdat c0f1d6c0, node_mem_map ee7f8000
[    0.000000]   DMA zone: 1520 pages used for memmap
[    0.000000]   DMA zone: 0 pages reserved
[    0.000000]   DMA zone: 194560 pages, LIFO batch:31
[    0.000000]   HighMem zone: 329472 pages, LIFO batch:31
[    0.000000] PERCPU: Embedded 12 pages/cpu @ee793000 s16960 r8192 d24000 u49152
[    0.000000] pcpu-alloc: s16960 r8192 d24000 u49152 alloc=12*4096
[    0.000000] pcpu-alloc: [0] 0 [0] 1 [0] 2 [0] 3 
[    0.000000] Built 1 zonelists in Zone order, mobility grouping on.  Total pages: 522512
[    0.000000] Kernel command line: ignore_loglevel console=ttyS0,115200n8 rw root=/dev/mmcblk0p1 rootwait gpt debug init=/bin/bash noinitrd
[    0.000000] PID hash table entries: 4096 (order: 2, 16384 bytes)
[    0.000000] Dentry cache hash table entries: 131072 (order: 7, 524288 bytes)
[    0.000000] Inode-cache hash table entries: 65536 (order: 6, 262144 bytes)
[    0.000000] Memory: 1999196K/2096128K available (7983K kernel code, 1021K rwdata, 3576K rodata, 820K init, 317K bss, 31396K reserved, 65536K cma-reserved, 1252352K highmem)
[    0.000000] Virtual kernel memory layout:
[    0.000000]     vector  : 0xffff0000 - 0xffff1000   (   4 kB)
[    0.000000]     fixmap  : 0xffc00000 - 0xfff00000   (3072 kB)
[    0.000000]     vmalloc : 0xf0000000 - 0xff000000   ( 240 MB)
[    0.000000]     lowmem  : 0xc0000000 - 0xef800000   ( 760 MB)
[    0.000000]     pkmap   : 0xbfe00000 - 0xc0000000   (   2 MB)
[    0.000000]     modules : 0xbf000000 - 0xbfe00000   (  14 MB)
[    0.000000]       .text : 0xc0208000 - 0xc0d52f14   (11564 kB)
[    0.000000]       .init : 0xc0d53000 - 0xc0e20000   ( 820 kB)
[    0.000000]       .data : 0xc0e20000 - 0xc0f1f680   (1022 kB)
[    0.000000]        .bss : 0xc0f22000 - 0xc0f716a8   ( 318 kB)
[    0.000000] SLUB: HWalign=64, Order=0-3, MinObjects=0, CPUs=4, Nodes=1
[    0.000000] Hierarchical RCU implementation.
[    0.000000] 	Additional per-CPU info printed with stalls.
[    0.000000] 	RCU restricting CPUs from NR_CPUS=16 to nr_cpu_ids=4.
[    0.000000] RCU: Adjusting geometry for rcu_fanout_leaf=16, nr_cpu_ids=4
[    0.000000] NR_IRQS:16 nr_irqs:16 16
[    0.000000] /interrupt-controller@60004000: 160 interrupts forwarded to /interrupt-controller@50041000
[    0.000000] L2C: platform modifies aux control register: 0x02080000 -> 0x3e480001
[    0.000000] L2C: DT/platform modifies aux control register: 0x02080000 -> 0x3e480001
[    0.000000] L2C-310 erratum 769419 enabled
[    0.000000] L2C-310 enabling early BRESP for Cortex-A9
[    0.000000] L2C-310: enabling full line of zeros but not enabled in Cortex-A9
[    0.000000] L2C-310 ID prefetch enabled, offset 1 lines
[    0.000000] L2C-310 dynamic clock gating enabled, standby mode enabled
[    0.000000] L2C-310 cache controller enabled, 8 ways, 1024 kB
[    0.000000] L2C-310: CACHE_ID 0x410000c7, AUX_CTRL 0x7e480001
[    0.000014] sched_clock: 32 bits at 1000kHz, resolution 1000ns, wraps every 2147483647500ns
[    0.000029] clocksource timer_us: mask: 0xffffffff max_cycles: 0xffffffff, max_idle_ns: 1911260446275 ns
[    0.000038] Switching to timer-based delay loop, resolution 1000ns
[    0.002311] Console: colour dummy device 80x30
[    0.002332] Calibrating delay loop (skipped), value calculated using timer frequency.. 2.00 BogoMIPS (lpj=5000)
[    0.002340] pid_max: default: 32768 minimum: 301
[    0.002429] Mount-cache hash table entries: 2048 (order: 1, 8192 bytes)
[    0.002436] Mountpoint-cache hash table entries: 2048 (order: 1, 8192 bytes)
[    0.002846] CPU: Testing write buffer coherency: ok
[    0.003105] CPU0: thread -1, cpu 0, socket 0, mpidr 80000000
[    0.003171] Setting up static identity map for 0x80209000 - 0x80209098
[    0.005213] Tegra Revision: A03 SKU: 128 CPU Process: 4 Core Process: 0
[    0.006700] CPU1: thread -1, cpu 1, socket 0, mpidr 80000001
[    0.007719] CPU2: thread -1, cpu 2, socket 0, mpidr 80000002
[    0.008738] CPU3: thread -1, cpu 3, socket 0, mpidr 80000003
[    0.008774] Brought up 4 CPUs
[    0.008786] SMP: Total of 4 processors activated (8.00 BogoMIPS).
[    0.008791] CPU: All CPU(s) started in SVC mode.
[    0.009222] devtmpfs: initialized
[    0.009783] VFP support v0.3: implementor 41 architecture 3 part 30 variant 9 rev 4
[    0.010189] clocksource jiffies: mask: 0xffffffff max_cycles: 0xffffffff, max_idle_ns: 9556302231375000 ns
[    0.013494] pinctrl core: initialized pinctrl subsystem
[    0.023094] NET: Registered protocol family 16
[    0.025810] DMA: preallocated 256 KiB pool for atomic coherent allocations
[    0.039943] cpuidle: using governor ladder
[    0.054936] cpuidle: using governor menu
[    0.063104] No ATAGs?
[    0.063136] hw-breakpoint: found 5 (+1 reserved) breakpoint and 1 watchpoint registers.
[    0.063142] hw-breakpoint: maximum watchpoint size is 4 bytes.
[    0.065729] Serial: AMBA PL011 UART driver
[    0.087595] vdd_5v_sata: Failed to request enable GPIO30: -517
[    0.087661] reg-fixed-voltage regulators:regulator@3: Failed to register regulator: -517
[    0.087769] usb1_vbus: Failed to request enable GPIO238: -517
[    0.087820] reg-fixed-voltage regulators:regulator@4: Failed to register regulator: -517
[    0.087923] usb3_vbus: Failed to request enable GPIO236: -517
[    0.087975] reg-fixed-voltage regulators:regulator@5: Failed to register regulator: -517
[    0.088119] sys_3v3_pexs: Failed to request enable GPIO95: -517
[    0.088170] reg-fixed-voltage regulators:regulator@7: Failed to register regulator: -517
[    0.089917] vgaarb: loaded
[    0.090345] SCSI subsystem initialized
[    0.090520] libata version 3.00 loaded.
[    0.090701] usbcore: registered new interface driver usbfs
[    0.090738] usbcore: registered new interface driver hub
[    0.090784] usbcore: registered new device driver usb
[    0.146719] media: Linux media interface: v0.10
[    0.146758] Linux video capture interface: v2.00
[    0.146786] pps_core: LinuxPPS API ver. 1 registered
[    0.146790] pps_core: Software ver. 5.3.6 - Copyright 2005-2007 Rodolfo Giometti <giometti@linux.it>
[    0.146805] PTP clock support registered
[    0.146971] EDAC MC: Ver: 3.0.0
[    0.147671] Advanced Linux Sound Architecture Driver Initialized.
[    0.148436] Switched to clocksource timer_us
[    0.154661] NET: Registered protocol family 2
[    0.155096] TCP established hash table entries: 8192 (order: 3, 32768 bytes)
[    0.155144] TCP bind hash table entries: 8192 (order: 4, 65536 bytes)
[    0.155226] TCP: Hash tables configured (established 8192 bind 8192)
[    0.155298] UDP hash table entries: 512 (order: 2, 16384 bytes)
[    0.155356] UDP-Lite hash table entries: 512 (order: 2, 16384 bytes)
[    0.155522] NET: Registered protocol family 1
[    0.155776] RPC: Registered named UNIX socket transport module.
[    0.155783] RPC: Registered udp transport module.
[    0.155787] RPC: Registered tcp transport module.
[    0.155791] RPC: Registered tcp NFSv4.1 backchannel transport module.
[    0.155814] PCI: CLS 0 bytes, default 64
[    0.156533] CPU PMU: Failed to parse <no-node>/interrupt-affinity[0]
[    0.156578] hw perfevents: enabled with armv7_cortex_a9 PMU driver, 7 counters available
[    0.157509] futex hash table entries: 1024 (order: 4, 65536 bytes)
[    0.164021] squashfs: version 4.0 (2009/01/31) Phillip Lougher
[    0.164561] NFS: Registering the id_resolver key type
[    0.164597] Key type id_resolver registered
[    0.164602] Key type id_legacy registered
[    0.164649] ntfs: driver 2.1.32 [Flags: R/O].
[    0.165351] bounce: pool size: 64 pages
[    0.165475] Block layer SCSI generic (bsg) driver version 0.4 loaded (major 248)
[    0.165486] io scheduler noop registered
[    0.165493] io scheduler deadline registered
[    0.165584] io scheduler cfq registered (default)
[    0.170417] tegra30-pinctrl 70000868.pinmux: invalid group "sdmmc3_dat6_pd3" for function "rsvd1"
[    0.170434] tegra30-pinctrl 70000868.pinmux: invalid group "sdmmc3_dat7_pd4" for function "rsvd1"
[    0.170448] tegra30-pinctrl 70000868.pinmux: invalid group "vi_vsync_pd6" for function "rsvd1"
[    0.170458] tegra30-pinctrl 70000868.pinmux: invalid group "vi_hsync_pd7" for function "rsvd1"
[    0.170963] tegra30-pinctrl 70000868.pinmux: invalid group "hdmi_int_pn7" for function "rsvd1"
[    0.171008] tegra30-pinctrl 70000868.pinmux: invalid group "ulpi_data3_po4" for function "rsvd1"
[    0.171365] tegra30-pinctrl 70000868.pinmux: invalid group "vi_d10_pt2" for function "rsvd1"
[    0.171379] tegra30-pinctrl 70000868.pinmux: invalid group "vi_d11_pt3" for function "rsvd1"
[    0.171392] tegra30-pinctrl 70000868.pinmux: invalid group "vi_d0_pt4" for function "rsvd1"
[    0.171435] tegra30-pinctrl 70000868.pinmux: invalid group "pu0" for function "rsvd1"
[    0.171466] tegra30-pinctrl 70000868.pinmux: invalid group "pu3" for function "rsvd1"
[    0.171497] tegra30-pinctrl 70000868.pinmux: invalid group "pu6" for function "rsvd1"
[    0.171539] tegra30-pinctrl 70000868.pinmux: invalid group "pv3" for function "rsvd1"
[    0.172049] tegra30-pinctrl 70000868.pinmux: invalid group "pbb0" for function "rsvd1"
[    0.172165] tegra30-pinctrl 70000868.pinmux: invalid group "pcc1" for function "rsvd1"
[    0.176038] tegra-pcie 3000.pcie-controller: 2x3 configuration
[    0.176146] vdd_1v5_gen: supplied by vdd_5v_in
[    0.176188] vdd_pexa,vdd_pexb: supplied by vdd_1v5_gen
[    0.176266] tegra-pcie 3000.pcie-controller: Failed to get supply 'hvdd-pex': -517
[    0.177287] tegra-ahb 6000c004.ahb: incorrect AHB base address in DT data - enabling workaround
[    0.179871] tegra-apbdma 6000a000.dma: Tegra20 APB DMA driver register 32 channels
[    0.180337] tegra-pmc 7000e400.pmc: i2c-thermtrip node not found, emergency thermal reset disabled.
[    0.213979] Serial: 8250/16550 driver, 4 ports, IRQ sharing disabled
[    0.215449] SuperH (H)SCI(F) driver initialized
[    0.215898] msm_serial: driver initialized
[    0.216512] console [ttyS0] disabled
[    0.216550] 70006000.serial: ttyS0 at MMIO 0x70006000 (irq = 331, base_baud = 25500000) is a Tegra
[    1.172671] console [ttyS0] enabled
[    1.176688] STMicroelectronics ASC driver initialized
[    1.183100] [drm] Initialized drm 1.1.0 20060810
[    1.188942] reg-fixed-voltage regulators:regulator@8: Failed to resolve vin-supply for +VDD_5V_HDMI
[    1.197985] tegra-hdmi 54280000.hdmi: failed to get HDMI regulator
[    1.208888] loop: module loaded
[    1.215985] m25p80 spi32766.1: w25q32 (4096 Kbytes)
[    1.222641] CAN device driver interface
[    1.227150] igb: Intel(R) Gigabit Ethernet Network Driver - version 5.2.15-k
[    1.234192] igb: Copyright (c) 2007-2014 Intel Corporation.
[    1.240946] pegasus: v0.9.3 (2013/04/25), Pegasus/Pegasus II USB Ethernet driver
[    1.248389] usbcore: registered new interface driver pegasus
[    1.254079] usbcore: registered new interface driver asix
[    1.259513] usbcore: registered new interface driver ax88179_178a
[    1.265627] usbcore: registered new interface driver cdc_ether
[    1.271490] usbcore: registered new interface driver smsc75xx
[    1.277267] usbcore: registered new interface driver smsc95xx
[    1.283044] usbcore: registered new interface driver net1080
[    1.288726] usbcore: registered new interface driver cdc_subset
[    1.294665] usbcore: registered new interface driver zaurus
[    1.300293] usbcore: registered new interface driver cdc_ncm
[    1.307115] ehci_hcd: USB 2.0 'Enhanced' Host Controller (EHCI) Driver
[    1.313646] ehci-pci: EHCI PCI platform driver
[    1.318107] ehci-platform: EHCI generic platform driver
[    1.323456] ehci-omap: OMAP-EHCI Host Controller driver
[    1.328748] ehci-orion: EHCI orion driver
[    1.332814] SPEAr-ehci: EHCI SPEAr driver
[    1.336908] ehci-st: EHCI STMicroelectronics driver
[    1.341867] ehci-exynos: EHCI EXYNOS driver
[    1.346136] tegra-ehci: Tegra EHCI driver
[    1.350446] ohci_hcd: USB 1.1 'Open' Host Controller (OHCI) Driver
[    1.356637] ohci-pci: OHCI PCI platform driver
[    1.361109] ohci-platform: OHCI generic platform driver
[    1.366426] ohci-omap3: OHCI OMAP3 driver
[    1.370508] SPEAr-ohci: OHCI SPEAr driver
[    1.374589] ohci-st: OHCI STMicroelectronics driver
[    1.379576] usbcore: registered new interface driver usb-storage
[    1.386414] mousedev: PS/2 mouse device common for all mice
[    1.394052] tegra_rtc 7000e000.rtc: rtc core: registered 7000e000.rtc as rtc1
[    1.401232] tegra_rtc 7000e000.rtc: Tegra internal Real Time Clock
[    1.420031] tps65910-rtc tps65910-rtc: rtc core: registered tps65910-rtc as rtc0
[    1.427567] i2c /dev entries driver
[    1.432698] usbcore: registered new interface driver uvcvideo
[    1.438447] USB Video Class driver (1.1.1)
[    1.442533] gspca_main: v2.14.0 registered
[    1.449132] sdhci: Secure Digital Host Controller Interface driver
[    1.455309] sdhci: Copyright(c) Pierre Ossman
[    1.460468] Synopsys Designware Multimedia Card Interface Driver
[    1.467076] sdhci-pltfm: SDHCI platform and OF driver helper
[    1.473208] sdhci-tegra 78000000.sdhci: Got CD GPIO
[    1.478095] sdhci-tegra 78000000.sdhci: Got WP GPIO
[    1.484100] sdhci-tegra 78000000.sdhci: No vmmc regulator found
[    1.490015] sdhci-tegra 78000000.sdhci: No vqmmc regulator found
[    1.496013] mmc0: Invalid maximum block size, assuming 512 bytes
[    1.538530] mmc0: SDHCI controller on 78000000.sdhci [78000000.sdhci] using ADMA
[    1.547125] sdhci-tegra 78000600.sdhci: No vmmc regulator found
[    1.553044] sdhci-tegra 78000600.sdhci: No vqmmc regulator found
[    1.559044] mmc1: Invalid maximum block size, assuming 512 bytes
[    1.603443] mmc1: SDHCI controller on 78000600.sdhci [78000600.sdhci] using ADMA
[    1.611678] ledtrig-cpu: registered to indicate activity on CPUs
[    1.617838] usbcore: registered new interface driver usbhid
[    1.623407] usbhid: USB HID core driver
[    1.629232] usbcore: registered new interface driver snd-usb-audio
[    1.713632] mmc1: new high speed MMC card at address 0001
[    1.719301] mmcblk0: mmc1:0001 SEM16G 14.8 GiB 
[    1.723907] mmcblk0boot0: mmc1:0001 SEM16G partition 1 1.00 MiB
[    1.729901] mmcblk0boot1: mmc1:0001 SEM16G partition 2 1.00 MiB
[    1.735881] mmcblk0rpmb: mmc1:0001 SEM16G partition 3 128 KiB
[    1.744343] Primary GPT is invalid, using alternate GPT.
[    1.749671]  mmcblk0: p1 p2 p3 p4 p5
[    2.049895] tegra30-i2s 70080400.i2s: DMA channels sourced from device 70080000.ahub
[    2.065624] tegra-snd-rt5640 sound: rt5640-aif1 <-> 70080400.i2s mapping ok
[    2.074554] input: NVIDIA Tegra Beaver Headphones as /devices/soc0/sound/sound/card0/input0
[    2.083946] NET: Registered protocol family 17
[    2.088394] can: controller area network core (rev 20120528 abi 9)
[    2.094623] NET: Registered protocol family 29
[    2.099067] can: raw protocol (rev 20120528)
[    2.103326] can: broadcast manager protocol (rev 20120528 t)
[    2.108984] can: netlink gateway (rev 20130117) max_hops=1
[    2.114746] Key type dns_resolver registered
[    2.119373] ThumbEE CPU extension supported.
[    2.123651] Registering SWP/SWPB emulation handler
[    2.136104] tegra-pcie 3000.pcie-controller: 2x3 configuration
[    2.142069] sys_3v3,vdd_3v3_alw: supplied by vdd_5v_in
[    2.147241] sys_3v3_pexs: supplied by sys_3v3,vdd_3v3_alw
[    2.154759] tegra-pcie 3000.pcie-controller: probing port 0, using 2 lanes
[    2.219925] tegra-pcie 3000.pcie-controller: probing port 2, using 2 lanes
[    2.630204] tegra-pcie 3000.pcie-controller: link 2 down, retrying
[    3.040261] tegra-pcie 3000.pcie-controller: link 2 down, retrying
[    3.450315] tegra-pcie 3000.pcie-controller: link 2 down, retrying
[    3.458508] tegra-pcie 3000.pcie-controller: link 2 down, ignoring
[    3.464828] tegra-pcie 3000.pcie-controller: PCI host bridge to bus 0000:00
[    3.471792] pci_bus 0000:00: root bus resource [mem 0x20000000-0x27ffffff]
[    3.478667] pci_bus 0000:00: root bus resource [mem 0x28000000-0x3fffffff pref]
[    3.485970] pci_bus 0000:00: root bus resource [bus 00-ff]
[    3.491465] pci_bus 0000:00: root bus resource [io  0x1000-0xffff]
[    3.497669] pci 0000:00:01.0: [10de:0e1c] type 01 class 0x060400
[    3.503695] pci 0000:00:01.0: IOMMU is currently not supported for PCI
[    3.510247] pci 0000:00:01.0: PME# supported from D0 D1 D2 D3hot D3cold
[    3.516991] PCI: bus0: Fast back to back transfers disabled
[    3.522562] pci 0000:00:01.0: bridge configuration invalid ([bus 00-00]), reconfiguring
[    3.530666] pci 0000:01:00.0: [10ec:8168] type 00 class 0x020000
[    3.536684] pci 0000:01:00.0: reg 0x10: [io  0x0000-0x00ff]
[    3.542264] pci 0000:01:00.0: reg 0x18: [mem 0x00000000-0x00000fff 64bit pref]
[    3.549485] pci 0000:01:00.0: reg 0x20: [mem 0x00000000-0x00003fff 64bit pref]
[    3.556709] pci 0000:01:00.0: IOMMU is currently not supported for PCI
[    3.563283] pci 0000:01:00.0: supports D1 D2
[    3.567550] pci 0000:01:00.0: PME# supported from D0 D1 D2 D3hot D3cold
[    3.583461] PCI: bus1: Fast back to back transfers disabled
[    3.589033] pci_bus 0000:01: busn_res: [bus 01-ff] end is updated to 01
[    3.595698] pci 0000:00:01.0: BAR 9: assigned [mem 0x28000000-0x280fffff 64bit pref]
[    3.603436] pci 0000:00:01.0: BAR 7: assigned [io  0x1000-0x1fff]
[    3.609526] pci 0000:01:00.0: BAR 4: assigned [mem 0x28000000-0x28003fff 64bit pref]
[    3.617267] pci 0000:01:00.0: BAR 2: assigned [mem 0x28004000-0x28004fff 64bit pref]
[    3.625007] pci 0000:01:00.0: BAR 0: assigned [io  0x1000-0x10ff]
[    3.631096] pci 0000:00:01.0: PCI bridge to [bus 01]
[    3.636055] pci 0000:00:01.0:   bridge window [io  0x1000-0x1fff]
[    3.642141] pci 0000:00:01.0:   bridge window [mem 0x28000000-0x280fffff 64bit pref]
[    3.649883] pci 0000:00:01.0: nv_msi_ht_cap_quirk didn't locate host bridge
[    3.656923] pcieport 0000:00:01.0: enabling device (0140 -> 0143)
[    3.663144] pcieport 0000:00:01.0: Signaling PME through PCIe PME interrupt
[    3.670103] pci 0000:01:00.0: Signaling PME through PCIe PME interrupt
[    3.676623] pcie_pme 0000:00:01.0:pcie01: service driver pcie_pme loaded
[    3.683492] r8169 Gigabit Ethernet driver 2.3LK-NAPI loaded
[    3.689077] r8169 0000:01:00.0: enabling device (0140 -> 0143)
[    3.695592] r8169 0000:01:00.0 eth0: RTL8168evl/8111evl at 0xf00e8000, 02:04:4b:01:60:a6, XID 0c900800 IRQ 375
[    3.705591] r8169 0000:01:00.0 eth0: jumbo features [frames: 9200 bytes, tx checksumming: ko]
[    3.714744] +VDD_5V_HDMI: supplied by sys_3v3,vdd_3v3_alw
[    3.720231] vdd_1v8_gen: supplied by vdd_5v_in
[    3.727249] [drm] Supports vblank timestamp caching Rev 2 (21.10.2013).
[    3.733882] [drm] No driver support for vblank timestamp query.
[    3.739815] drm drm: No connectors reported connected with modes
[    3.745835] [drm] Cannot find any crtc or sizes - going 1024x768
[    3.772132] Console: switching to colour frame buffer device 128x48
[    3.784636] drm drm: fb0:  frame buffer device
[    3.789077] drm drm: registered panic notifier
[    3.808841] [drm] Initialized tegra 0.0.0 20120330 on minor 0
[    3.817013] usb3_vbus: supplied by vdd_5v_in
[    3.823327] utmi_phy_clk_enable: timeout waiting for phy to stabilize
[    3.829793] tegra-ehci 7d004000.usb: EHCI Host Controller
[    3.835204] tegra-ehci 7d004000.usb: new USB bus registered, assigned bus number 1
[    3.843887] tegra-ehci 7d004000.usb: irq 343, io mem 0x7d004000
[    3.858448] tegra-ehci 7d004000.usb: USB 2.0 started, EHCI 1.00
[    3.864880] hub 1-0:1.0: USB hub found
[    3.868671] hub 1-0:1.0: 1 port detected
[    3.873415] tegra-ehci 7d008000.usb: EHCI Host Controller
[    3.878842] tegra-ehci 7d008000.usb: new USB bus registered, assigned bus number 2
[    3.886614] tegra-ehci 7d008000.usb: irq 344, io mem 0x7d008000
[    3.898833] tegra-ehci 7d008000.usb: USB 2.0 started, EHCI 1.00
[    3.905187] hub 2-0:1.0: USB hub found
[    3.908960] hub 2-0:1.0: 1 port detected
[    3.918294] tps65910-rtc tps65910-rtc: setting system clock to 2000-01-01 00:00:02 UTC (946684802)
[    3.931902] usb1_vbus: disabling
[    3.935212] vdd_sata,avdd_plle: disabling
[    3.939774] ALSA device list:
[    3.942732]   #0: NVIDIA Tegra Beaver
[    3.948186] EXT4-fs (mmcblk0p1): mounting ext3 file system using the ext4 subsystem
[    3.962368] EXT4-fs (mmcblk0p1): warning: mounting fs with errors, running e2fsck is recommended
[    3.972624] EXT4-fs (mmcblk0p1): recovery complete
[    3.977426] EXT4-fs (mmcblk0p1): mounted filesystem with ordered data mode. Opts: (null)
[    3.985534] VFS: Mounted root (ext3 filesystem) on device 179:1.
[    4.000993] devtmpfs: mounted
[    4.004687] Freeing unused kernel memory: 820K (c0d53000 - c0e20000)
bash: cannot set terminal process group (-1): Inappropriate ioctl for device
bash: no job control in this shell
root@(none):/# [    4.218888] usb 2-1: new high-speed USB device number 2 using tegra-ehci
