
U-Boot SPL 2014.07-00097-g772e173 (Jul 25 2014 - 20:02:52)


U-Boot 2014.07-00097-g772e173 (Jul 25 2014 - 20:02:52)

TEGRA124
Board: NVIDIA Jetson TK1
I2C:   ready
DRAM:  2 GiB
MMC:   Tegra SD/MMC: 0, Tegra SD/MMC: 1
In:    serial
Out:   serial
Err:   serial
Net:   Net Initialization Skipped
No ethernet found.
Hit any key to stop autoboot:  2  0 
Tegra124 (Jetson TK1) # 
Tegra124 (Jetson TK1) # usb reset
(Re)start USB...
USB0:   USB EHCI 1.10
scanning bus 0 for devices... 1 USB Device(s) found
USB1:   USB EHCI 1.10
scanning bus 1 for devices... 2 USB Device(s) found
       scanning usb for storage devices... 0 Storage Device(s) found
       scanning usb for ethernet devices... 
Warning: asx0 using MAC address from net device
1 Ethernet Device(s) found
Tegra124 (Jetson TK1) # setenv bootargs 'ignore_loglevel console=ttyS0,115200n8 rw root=/dev/mmcblk0p1 rootwait gpt debug init=/bin/bash noinitrd'
Tegra124 (Jetson TK1) # setenv ipaddr 192.168.100.102; setenv serverip 192.168.100.1; setenv tftpserverip 192.168.100.1
Tegra124 (Jetson TK1) # tftpboot 0x81000000 zImage.multi_v7_defconfig
Using asx0 device
TFTP from server 192.168.100.1; our IP address is 192.168.100.102
Filename 'zImage.multi_v7_defconfig'.
Load address: 0x81000000
Loading: *#################################################################
	 #################################################################
	 #################################################################
	 #################################################################
	 #################################################################
	 #################################################################
	 ##############################
	 3.2 MiB/s
done
Bytes transferred = 6155128 (5deb78 hex)
Tegra124 (Jetson TK1) # tftpboot 0x82000000 tegra124-jetson-tk1.dtb
Using asx0 device
TFTP from server 192.168.100.1; our IP address is 192.168.100.102
Filename 'tegra124-jetson-tk1.dtb'.
Load address: 0x82000000
Loading: *#####
	 2.9 MiB/s
done
Bytes transferred = 62999 (f617 hex)
Tegra124 (Jetson TK1) # bootz 0x81000000 - 0x82000000
Kernel image @ 0x81000000 [ 0x000000 - 0x5deb78 ]
## Flattened Device Tree blob at 82000000
   Booting using the fdt blob at 0x82000000
   Using Device Tree in place at 82000000, end 82012616

Starting kernel ...

[    0.000000] Booting Linux on physical CPU 0x0
[    0.000000] Linux version 4.2.0-rc7-28329-gf4566ed (pwalmsley@sellafield) (gcc version 4.7.3 20130328 (prerelease) (crosstool-NG linaro-1.13.1-4.7-2013.04-20130415 - Linaro GCC 2013.04) ) #1 SMP Wed Aug 19 07:36:38 PDT 2015
[    0.000000] CPU: ARMv7 Processor [413fc0f3] revision 3 (ARMv7), cr=10c5387d
[    0.000000] CPU: PIPT / VIPT nonaliasing data cache, PIPT instruction cache
[    0.000000] Machine model: NVIDIA Tegra124 Jetson TK1
[    0.000000] debug: ignoring loglevel setting.
[    0.000000] cma: Reserved 64 MiB at 0xfb800000
[    0.000000] Memory policy: Data cache writealloc
[    0.000000] On node 0 totalpages: 524032
[    0.000000] free_area_init_node: node 0, pgdat c0efdb00, node_mem_map ee7f8000
[    0.000000]   DMA zone: 1520 pages used for memmap
[    0.000000]   DMA zone: 0 pages reserved
[    0.000000]   DMA zone: 194560 pages, LIFO batch:31
[    0.000000]   HighMem zone: 329472 pages, LIFO batch:31
[    0.000000] PERCPU: Embedded 11 pages/cpu @ee794000 s14784 r8192 d22080 u45056
[    0.000000] pcpu-alloc: s14784 r8192 d22080 u45056 alloc=11*4096
[    0.000000] pcpu-alloc: [0] 0 [0] 1 [0] 2 [0] 3 
[    0.000000] Built 1 zonelists in Zone order, mobility grouping on.  Total pages: 522512
[    0.000000] Kernel command line: ignore_loglevel console=ttyS0,115200n8 rw root=/dev/mmcblk0p1 rootwait gpt debug init=/bin/bash noinitrd
[    0.000000] PID hash table entries: 4096 (order: 2, 16384 bytes)
[    0.000000] Dentry cache hash table entries: 131072 (order: 7, 524288 bytes)
[    0.000000] Inode-cache hash table entries: 65536 (order: 6, 262144 bytes)
[    0.000000] Memory: 1999308K/2096128K available (7782K kernel code, 1038K rwdata, 3508K rodata, 944K init, 327K bss, 31284K reserved, 65536K cma-reserved, 1252352K highmem)
[    0.000000] Virtual kernel memory layout:
[    0.000000]     vector  : 0xffff0000 - 0xffff1000   (   4 kB)
[    0.000000]     fixmap  : 0xffc00000 - 0xfff00000   (3072 kB)
[    0.000000]     vmalloc : 0xf0000000 - 0xff000000   ( 240 MB)
[    0.000000]     lowmem  : 0xc0000000 - 0xef800000   ( 760 MB)
[    0.000000]     pkmap   : 0xbfe00000 - 0xc0000000   (   2 MB)
[    0.000000]     modules : 0xbf000000 - 0xbfe00000   (  14 MB)
[    0.000000]       .text : 0xc0208000 - 0xc0d0faa0   (11295 kB)
[    0.000000]       .init : 0xc0d10000 - 0xc0dfc000   ( 944 kB)
[    0.000000]       .data : 0xc0dfc000 - 0xc0effb00   (1039 kB)
[    0.000000]        .bss : 0xc0f02000 - 0xc0f53c28   ( 328 kB)
[    0.000000] SLUB: HWalign=64, Order=0-3, MinObjects=0, CPUs=4, Nodes=1
[    0.000000] Hierarchical RCU implementation.
[    0.000000] 	Additional per-CPU info printed with stalls.
[    0.000000] 	Build-time adjustment of leaf fanout to 32.
[    0.000000] 	RCU restricting CPUs from NR_CPUS=16 to nr_cpu_ids=4.
[    0.000000] RCU: Adjusting geometry for rcu_fanout_leaf=32, nr_cpu_ids=4
[    0.000000] NR_IRQS:16 nr_irqs:16 16
[    0.000000] /interrupt-controller@60004000: 160 interrupts forwarded to /interrupt-controller@0,50041000
[    0.000000] L2C: failed to init: -19
[    0.000010] sched_clock: 32 bits at 1000kHz, resolution 1000ns, wraps every 2147483647500ns
[    0.000028] clocksource: timer_us: mask: 0xffffffff max_cycles: 0xffffffff, max_idle_ns: 1911260446275 ns
[    0.000042] Switching to timer-based delay loop, resolution 1000ns
[    0.004300] Architected cp15 timer(s) running at 12.00MHz (virt).
[    0.004318] clocksource: arch_sys_counter: mask: 0xffffffffffffff max_cycles: 0x2c47f4ee7, max_idle_ns: 440795202497 ns
[    0.004336] sched_clock: 56 bits at 12MHz, resolution 83ns, wraps every 4398046511096ns
[    0.004348] Switching to timer-based delay loop, resolution 83ns
[    0.004764] Console: colour dummy device 80x30
[    0.004787] Calibrating delay loop (skipped), value calculated using timer frequency.. 24.00 BogoMIPS (lpj=60000)
[    0.004801] pid_max: default: 32768 minimum: 301
[    0.004914] Mount-cache hash table entries: 2048 (order: 1, 8192 bytes)
[    0.004926] Mountpoint-cache hash table entries: 2048 (order: 1, 8192 bytes)
[    0.005516] CPU: Testing write buffer coherency: ok
[    0.005721] /cpus/cpu@0 missing clock-frequency property
[    0.005759] /cpus/cpu@1 missing clock-frequency property
[    0.005794] /cpus/cpu@2 missing clock-frequency property
[    0.005831] /cpus/cpu@3 missing clock-frequency property
[    0.005843] CPU0: thread -1, cpu 0, socket 0, mpidr 80000000
[    0.005891] Setting up static identity map for 0x80209000 - 0x80209098
[    0.008650] Tegra Revision: A01 SKU: 129 CPU Process: 1 Core Process: 1
[    0.009863] CPU1: thread -1, cpu 1, socket 0, mpidr 80000001
[    0.010444] CPU2: thread -1, cpu 2, socket 0, mpidr 80000002
[    0.011014] CPU3: thread -1, cpu 3, socket 0, mpidr 80000003
[    0.011076] Brought up 4 CPUs
[    0.011097] SMP: Total of 4 processors activated (96.00 BogoMIPS).
[    0.011104] CPU: All CPU(s) started in SVC mode.
[    0.011626] devtmpfs: initialized
[    0.030134] VFP support v0.3: implementor 41 architecture 4 part 30 variant f rev 0
[    0.030904] clocksource: jiffies: mask: 0xffffffff max_cycles: 0xffffffff, max_idle_ns: 9556302231375000 ns
[    0.032589] pinctrl core: initialized pinctrl subsystem
[    0.034212] NET: Registered protocol family 16
[    0.036168] DMA: preallocated 256 KiB pool for atomic coherent allocations
[    0.049136] cpuidle: using governor ladder
[    0.064155] cpuidle: using governor menu
[    0.080824] No ATAGs?
[    0.080860] hw-breakpoint: found 5 (+1 reserved) breakpoint and 4 watchpoint registers.
[    0.080870] hw-breakpoint: maximum watchpoint size is 8 bytes.
[    0.085460] Serial: AMBA PL011 UART driver
[    0.114759] +USB0_VBUS_SW: Failed to request enable GPIO108: -517
[    0.114885] reg-fixed-voltage regulators:regulator@7: Failed to register regulator: -517
[    0.115108] +5V_USB_HS: Failed to request enable GPIO109: -517
[    0.115223] reg-fixed-voltage regulators:regulator@8: Failed to register regulator: -517
[    0.115512] +1.05V_RUN_AVDD_HDMI_PLL: Failed to request enable GPIO63: -517
[    0.115624] reg-fixed-voltage regulators:regulator@11: Failed to register regulator: -517
[    0.115839] +5V_HDMI_CON: Failed to request enable GPIO86: -517
[    0.115950] reg-fixed-voltage regulators:regulator@12: Failed to register regulator: -517
[    0.116163] +5V_SATA: Failed to request enable GPIO242: -517
[    0.116273] reg-fixed-voltage regulators:regulator@13: Failed to register regulator: -517
[    0.116486] +12V_SATA: Failed to request enable GPIO242: -517
[    0.116596] reg-fixed-voltage regulators:regulator@14: Failed to register regulator: -517
[    0.119522] vgaarb: loaded
[    0.120313] SCSI subsystem initialized
[    0.120492] libata version 3.00 loaded.
[    0.120810] usbcore: registered new interface driver usbfs
[    0.120875] usbcore: registered new interface driver hub
[    0.120950] usbcore: registered new device driver usb
[    0.124472] pps_core: LinuxPPS API ver. 1 registered
[    0.124481] pps_core: Software ver. 5.3.6 - Copyright 2005-2007 Rodolfo Giometti <giometti@linux.it>
[    0.124510] PTP clock support registered
[    0.124732] EDAC MC: Ver: 3.0.0
[    0.127878] clocksource: Switched to clocksource arch_sys_counter
[    0.138783] NET: Registered protocol family 2
[    0.139299] TCP established hash table entries: 8192 (order: 3, 32768 bytes)
[    0.139397] TCP bind hash table entries: 8192 (order: 4, 65536 bytes)
[    0.139584] TCP: Hash tables configured (established 8192 bind 8192)
[    0.139635] UDP hash table entries: 512 (order: 2, 16384 bytes)
[    0.139677] UDP-Lite hash table entries: 512 (order: 2, 16384 bytes)
[    0.139846] NET: Registered protocol family 1
[    0.140129] RPC: Registered named UNIX socket transport module.
[    0.140138] RPC: Registered udp transport module.
[    0.140145] RPC: Registered tcp transport module.
[    0.140153] RPC: Registered tcp NFSv4.1 backchannel transport module.
[    0.140171] PCI: CLS 0 bytes, default 64
[    0.142421] futex hash table entries: 1024 (order: 4, 65536 bytes)
[    0.154517] squashfs: version 4.0 (2009/01/31) Phillip Lougher
[    0.155477] NFS: Registering the id_resolver key type
[    0.155510] Key type id_resolver registered
[    0.155518] Key type id_legacy registered
[    0.155585] ntfs: driver 2.1.32 [Flags: R/O].
[    0.156634] bounce: pool size: 64 pages
[    0.156850] Block layer SCSI generic (bsg) driver version 0.4 loaded (major 249)
[    0.156867] io scheduler noop registered
[    0.156882] io scheduler deadline registered
[    0.157078] io scheduler cfq registered (default)
[    0.173645] tegra-pcie 1003000.pcie-controller: 2x1, 1x1 configuration
[    0.173695] tegra-pcie 1003000.pcie-controller: Failed to get supply 'avddio-pex': -517
[    0.180563] tegra-apbdma 60020000.dma: Tegra20 APB DMA driver register 32 channels
[    0.181619] tegra-pmc 7000e400.pmc: emergency thermal reset enabled
[    0.240964] Serial: 8250/16550 driver, 4 ports, IRQ sharing disabled
[    0.243237] SuperH (H)SCI(F) driver initialized
[    0.244198] msm_serial: driver initialized
[    0.245019] console [ttyS0] disabled
[    0.245053] 70006300.serial: ttyS0 at MMIO 0x70006300 (irq = 331, base_baud = 25500000) is a Tegra
[    1.060796] console [ttyS0] enabled
[    1.065153] STMicroelectronics ASC driver initialized
[    1.072573] [drm] Initialized drm 1.1.0 20060810
[    1.079281] tegra-hdmi 54280000.hdmi: failed to get HDMI regulator
[    1.092454] loop: module loaded
[    1.095918] at24 0-0056: 256 byte 24c02 EEPROM, writable, 8 bytes/write
[    1.103963] as3722 4-0040: AS3722 with revision 0x1 found
[    1.127169] +5V_SYS: supplied by +VDD_MUX
[    1.131240] +1.05V_RUN: supplied by +5V_SYS
[    1.135536] tegra-ahci 70027000.sata: Failed to get supply 'hvdd': -517
[    1.142206] tegra-ahci 70027000.sata: Failed to get regulators
[    1.152877] m25p80 spi32765.0: w25q32dw (4096 Kbytes)
[    1.161246] CAN device driver interface
[    1.166432] igb: Intel(R) Gigabit Ethernet Network Driver - version 5.2.18-k
[    1.173481] igb: Copyright (c) 2007-2014 Intel Corporation.
[    1.182113] pegasus: v0.9.3 (2013/04/25), Pegasus/Pegasus II USB Ethernet driver
[    1.189561] usbcore: registered new interface driver pegasus
[    1.195295] usbcore: registered new interface driver asix
[    1.200761] usbcore: registered new interface driver ax88179_178a
[    1.206908] usbcore: registered new interface driver cdc_ether
[    1.212818] usbcore: registered new interface driver smsc75xx
[    1.218642] usbcore: registered new interface driver smsc95xx
[    1.224443] usbcore: registered new interface driver net1080
[    1.230157] usbcore: registered new interface driver cdc_subset
[    1.236130] usbcore: registered new interface driver zaurus
[    1.241802] usbcore: registered new interface driver cdc_ncm
[    1.247723] tegra-phy 7d004000.usb-phy: no vbus regulator
[    1.255237] ehci_hcd: USB 2.0 'Enhanced' Host Controller (EHCI) Driver
[    1.261776] ehci-pci: EHCI PCI platform driver
[    1.266279] ehci-platform: EHCI generic platform driver
[    1.271724] ehci-omap: OMAP-EHCI Host Controller driver
[    1.277103] ehci-orion: EHCI orion driver
[    1.281268] SPEAr-ehci: EHCI SPEAr driver
[    1.285437] ehci-st: EHCI STMicroelectronics driver
[    1.290469] ehci-exynos: EHCI EXYNOS driver
[    1.294837] ehci-atmel: EHCI Atmel driver
[    1.299004] tegra-ehci: Tegra EHCI driver
[    1.303342] tegra-ehci 7d004000.usb: EHCI Host Controller
[    1.308768] tegra-ehci 7d004000.usb: new USB bus registered, assigned bus number 1
[    1.316522] tegra-ehci 7d004000.usb: irq 347, io mem 0x7d004000
[    1.327901] tegra-ehci 7d004000.usb: USB 2.0 started, EHCI 1.10
[    1.334664] hub 1-0:1.0: USB hub found
[    1.338478] hub 1-0:1.0: 1 port detected
[    1.343103] ohci_hcd: USB 1.1 'Open' Host Controller (OHCI) Driver
[    1.349318] ohci-pci: OHCI PCI platform driver
[    1.353835] ohci-platform: OHCI generic platform driver
[    1.359257] ohci-omap3: OHCI OMAP3 driver
[    1.363430] SPEAr-ohci: OHCI SPEAr driver
[    1.367588] ohci-st: OHCI STMicroelectronics driver
[    1.372632] ohci-atmel: OHCI Atmel driver
[    1.376906] usbcore: registered new interface driver usb-storage
[    1.384510] mousedev: PS/2 mouse device common for all mice
[    1.393985] as3722-rtc as3722-rtc: rtc core: registered as3722-rtc as rtc0
[    1.400869] as3722-rtc as3722-rtc: RTC interrupt 366
[    1.409098] tegra_rtc 7000e000.rtc: rtc core: registered 7000e000.rtc as rtc1
[    1.416282] tegra_rtc 7000e000.rtc: Tegra internal Real Time Clock
[    1.423080] i2c /dev entries driver
[    1.431414] 0-004c supply vcc not found, using dummy regulator
[    1.442614] sdhci: Secure Digital Host Controller Interface driver
[    1.448807] sdhci: Copyright(c) Pierre Ossman
[    1.454808] Synopsys Designware Multimedia Card Interface Driver
[    1.461966] sdhci-pltfm: SDHCI platform and OF driver helper
[    1.468377] sdhci-tegra 700b0400.sdhci: Got CD GPIO
[    1.473280] sdhci-tegra 700b0400.sdhci: Got WP GPIO
[    1.478212] mmc0: Unknown controller version (3). You may experience problems.
[    1.485534] +VDDIO_SDMMC3: supplied by regulator-dummy
[    1.490771] sdhci-tegra 700b0400.sdhci: No vmmc regulator found
[    1.496725] mmc0: Invalid maximum block size, assuming 512 bytes
[    1.538003] mmc0: SDHCI controller on 700b0400.sdhci [700b0400.sdhci] using ADMA 64-bit
[    1.546142] mmc1: Unknown controller version (3). You may experience problems.
[    1.553457] sdhci-tegra 700b0600.sdhci: No vmmc regulator found
[    1.559395] sdhci-tegra 700b0600.sdhci: No vqmmc regulator found
[    1.565410] mmc1: Invalid maximum block size, assuming 512 bytes
[    1.607894] mmc1: SDHCI controller on 700b0600.sdhci [700b0600.sdhci] using ADMA 64-bit
[    1.617070] ledtrig-cpu: registered to indicate activity on CPUs
[    1.623321] usbcore: registered new interface driver usbhid
[    1.628900] usbhid: USB HID core driver
[    1.636412] NET: Registered protocol family 17
[    1.640899] can: controller area network core (rev 20120528 abi 9)
[    1.647206] NET: Registered protocol family 29
[    1.651676] can: raw protocol (rev 20120528)
[    1.656014] can: broadcast manager protocol (rev 20120528 t)
[    1.661702] can: netlink gateway (rev 20130117) max_hops=1
[    1.667595] Key type dns_resolver registered
[    1.672503] ThumbEE CPU extension supported.
[    1.676863] Registering SWP/SWPB emulation handler
[    1.692783] tegra-pcie 1003000.pcie-controller: 2x1, 1x1 configuration
[    1.699650] +3.3V_SYS: supplied by +VDD_MUX
[    1.703916] +3.3V_LP0: supplied by +3.3V_SYS
[    1.708611] +1.35V_LP0(sd2): supplied by +5V_SYS
[    1.713321] +1.05V_RUN_AVDD: supplied by +1.35V_LP0(sd2)
[    1.720555] tegra-pcie 1003000.pcie-controller: probing port 0, using 2 lanes
[    1.722929] mmc1: MAN_BKOPS_EN bit is not set
[    1.729617] mmc1: new high speed MMC card at address 0001
[    1.730244] mmcblk0: mmc1:0001 SEM16G 14.6 GiB 
[    1.730720] mmcblk0boot0: mmc1:0001 SEM16G partition 1 4.00 MiB
[    1.730884] mmcblk0boot1: mmc1:0001 SEM16G partition 2 4.00 MiB
[    1.731325] mmcblk0rpmb: mmc1:0001 SEM16G partition 3 4.00 MiB
[    1.734309] Primary GPT is invalid, using alternate GPT.
[    1.734341]  mmcblk0: p1 p2 p3 p4 p5 p6 p7 p8 p9
[    1.772069] tegra-pcie 1003000.pcie-controller: Slot present pin change, signature: 00000008
[    2.205117] tegra-pcie 1003000.pcie-controller: link 0 down, retrying
[    2.640205] tegra-pcie 1003000.pcie-controller: link 0 down, retrying
[    3.075436] tegra-pcie 1003000.pcie-controller: link 0 down, retrying
[    3.084068] tegra-pcie 1003000.pcie-controller: link 0 down, ignoring
[    3.090575] tegra-pcie 1003000.pcie-controller: probing port 1, using 1 lanes
[    3.100077] tegra-pcie 1003000.pcie-controller: Slot present pin change, signature: 00000000
[    3.532057] tegra-pcie 1003000.pcie-controller: link 1 down, retrying
[    3.967163] tegra-pcie 1003000.pcie-controller: link 1 down, retrying
[    4.402398] tegra-pcie 1003000.pcie-controller: link 1 down, retrying
[    4.411019] tegra-pcie 1003000.pcie-controller: link 1 down, ignoring
[    4.417747] tegra-pcie 1003000.pcie-controller: PCI host bridge to bus 0000:00
[    4.424984] pci_bus 0000:00: root bus resource [mem 0x13000000-0x1fffffff]
[    4.431866] pci_bus 0000:00: root bus resource [mem 0x20000000-0x3fffffff pref]
[    4.439180] pci_bus 0000:00: root bus resource [bus 00-ff]
[    4.444673] pci_bus 0000:00: root bus resource [io  0x1000-0xffff]
[    4.450886] PCI: bus0: Fast back to back transfers enabled
[    4.457150] +5V_HDMI_CON: supplied by +5V_SYS
[    4.461641] +1.05V_RUN_AVDD_HDMI_PLL: supplied by +1.05V_RUN
[    4.467440] +3.3V_RUN: supplied by +3.3V_SYS
[    4.471755] +3.3V_AVDD_HDMI_AP_GATED: supplied by +3.3V_RUN
[    4.479536] [drm] Supports vblank timestamp caching Rev 2 (21.10.2013).
[    4.486220] [drm] No driver support for vblank timestamp query.
[    4.591263] tegra-hdmi 54280000.hdmi: cannot set audio to 44100 at 297000000 pclk
[    4.702436] Console: switching to colour frame buffer device 512x135
[    4.797339] drm drm: fb0:  frame buffer device
[    4.801790] drm drm: registered panic notifier
[    4.818050] [drm] Initialized tegra 0.0.0 20120330 on minor 0
[    4.824922] +5V_SATA: supplied by +5V_SYS
[    4.829087] +12V_SATA: supplied by +VDD_MUX
[    4.834004] tegra-ahci 70027000.sata: AHCI 0001.0301 32 slots 2 ports 3 Gbps 0x1 impl platform mode
[    4.843079] tegra-ahci 70027000.sata: flags: 64bit ncq sntf pm led pio slum part sadm sds apst 
[    4.854457] scsi host0: tegra-ahci
[    4.859193] scsi host1: tegra-ahci
[    4.862977] ata1: SATA max UDMA/133 mmio [mem 0x70027000-0x70028fff] port 0x100 irq 341
[    4.870986] ata2: DUMMY
[    4.874667] +5V_USB_HS: supplied by +5V_SYS
[    4.880106] tegra-ehci 7d008000.usb: EHCI Host Controller
[    4.885561] tegra-ehci 7d008000.usb: new USB bus registered, assigned bus number 2
[    4.893371] tegra-ehci 7d008000.usb: irq 348, io mem 0x7d008000
[    4.908031] tegra-ehci 7d008000.usb: USB 2.0 started, EHCI 1.10
[    4.914995] hub 2-0:1.0: USB hub found
[    4.918837] hub 2-0:1.0: 1 port detected
[    4.924331] input: gpio-keys as /devices/soc0/gpio-keys/input/input0
[    4.931780] as3722-rtc as3722-rtc: setting system clock to 2000-02-01 00:00:18 UTC (949363218)
[    4.951911] +USB0_VBUS_SW: disabling
[    4.955548] +1.8V_RUN_VPP_FUSE: disabling
[    4.960001] +2.8V_RUN_CAM_AF: disabling
[    4.964210] +3.3V_RUN_TOUCH: disabling
[    4.968327] +1.05V_RUN_CAM_REAR: disabling
[    4.972777] +1.2V_RUN_CAM_FRONT: disabling
[    4.977244] +2.8V_RUN_CAM: disabling
[    4.981186] +1.8V_RUN_CAM: disabling
[    5.198014] ata1: SATA link down (SStatus 0 SControl 300)
[    5.204466] EXT4-fs (mmcblk0p1): couldn't mount as ext3 due to feature incompatibilities
[    5.213342] EXT4-fs (mmcblk0p1): couldn't mount as ext2 due to feature incompatibilities
[    5.232979] usb 2-1: new high-speed USB device number 2 using tegra-ehci
[    5.233672] EXT4-fs (mmcblk0p1): recovery complete
[    5.233689] EXT4-fs (mmcblk0p1): mounted filesystem with ordered data mode. Opts: (null)
[    5.233730] VFS: Mounted root (ext4 filesystem) on device 179:1.
[    5.238167] devtmpfs: mounted
[    5.238975] Freeing unused kernel memory: 944K (c0d10000 - c0dfc000)
bash: cannot set terminal process group (-1): Inappropriate ioctl for device
bash: no job control in this shell
root@(none):/# 