

Pass: Linux Boot Test 1
	Test Owner(s): N/A
	Execution Time 56.86 sec
	Percent passed so far: 50.0
	


Pass: Linux Boot Test 2
	Test Owner(s): N/A
	Execution Time 56.15 sec
	Percent passed so far: 100.0
	

Final Score: 100.0
[0004.065] I> Welcome to MB1 recovery(prd-version : 10.02.161215-t186-M-00.00-f24525c4)
[0004.073] I> rst_source : 0x0
[0004.076] I> rst_level : 0x0
[0004.079] I> Boot-device: eMMC
[0004.104] I> sdmmc ddr50 mode
[0004.108] I> Entering into 3p server..
[0004.111] I> Transport interface is USB
[0004.643] I> transport_usbf_priv_open USB configuration success
[0010.837] I> Populate eeprom info for module cvm
[0047.236] I> bit @ 0xd480000
[0047.239] I> Downloading bct_bootrom at 0x000000004004e800
[0047.246] I> downloaded image bct_bootrom successfully
[0047.255] I> Downloading bct_mb1 at 0x0000000040041000
[0047.265] I> MB1-BCT relocated to 0xd48bc00 from 0x40041000
[0047.270] I> Supported mb1-bct versions 9-12
[0047.274] I> Version of mb1 bct binary 12
[0047.278] W> MB1 BCT does not have controller prod config data
[0047.284] I> Bootrom patch version : 31 (correctly patched)
[0047.289] I> ATE fuse revision : 0x500a0
[0047.293] I> chip revision : A02P
[0047.296] I> disabled_core_mask: 0xffffff0c
[0047.300] I> Enabled Cores: 0xf3
[0047.304] I> TPC disable fuse status: 0
[0047.307] I> Booting Parker Sku
[0047.310] I> Ram repair fuse : 0x0
[0047.314] I> allocated(CO:30) base:0xf8000000 size:0x8000000 align: 0x8000000
[0047.321] I> allocated(CO:23) base:0xf7ff0000 size:0x10000 align: 0x10000
[0047.327] I> allocated(CO:31) base:0x0 size:0x0 align: 0x0
[0047.333] I> allocated(CO:1) base:0xf7e00000 size:0x100000 align: 0x100000
[0047.340] I> allocated(CO:2) base:0xf7d00000 size:0x100000 align: 0x100000
[0047.346] I> allocated(CO:3) base:0xf7c00000 size:0x100000 align: 0x100000
[0047.353] I> allocated(CO:4) base:0xf7b00000 size:0x100000 align: 0x100000
[0047.360] I> allocated(CO:5) base:0xf7a00000 size:0x100000 align: 0x100000
[0047.367] I> allocated(CO:8) base:0xf7900000 size:0x100000 align: 0x100000
[0047.374] I> allocated(CO:27) base:0x0 size:0x0 align: 0x0
[0047.379] I> allocated(CO:6) base:0xf7600000 size:0x200000 align: 0x200000
[0047.386] I> allocated(CO:7) base:0xf7000000 size:0x400000 align: 0x400000
[0047.392] I> allocated(CO:9) base:0xf7800000 size:0x100000 align: 0x100000
[0047.399] I> allocated(CO:10) base:0xf6800000 size:0x800000 align: 0x800000
[0047.406] I> allocated(CO:11) base:0x30000000 size:0x40000 align: 0x0
[0047.413] I> allocated(CO:12) base:0xf7500000 size:0x100000 align: 0x100000
[0047.419] I> allocated(CO:13) base:0x30040000 size:0x1000 align: 0x0
[0047.426] I> allocated(CO:14) base:0x30048000 size:0x1000 align: 0x0
[0047.432] I> allocated(CO:15) base:0x30049000 size:0x1000 align: 0x0
[0047.438] I> allocated(CO:16) base:0x3004a000 size:0x1000 align: 0x0
[0047.444] I> allocated(CO:17) base:0x3004b000 size:0x1000 align: 0x0
[0047.451] I> allocated(CO:19) base:0x3004d000 size:0x1000 align: 0x0
[0047.457] I> allocated(CO:18) base:0x3004c000 size:0x1000 align: 0x0
[0047.463] I> allocated(CO:20) base:0x3004e000 size:0x1000 align: 0x0
[0047.469] I> allocated(CO:21) base:0x3004f000 size:0x1000 align: 0x0
[0047.476] I> allocated(CO:22) base:0x0 size:0x0 align: 0x0
[0047.481] I> allocated(CO:32) base:0xf6000000 size:0x600000 align: 0x400000
[0047.488] I> allocated(CO:24) base:0x0 size:0x0 align: 0x0
[0047.493] I> allocated(CO:25) base:0x0 size:0x0 align: 0x0
[0047.499] I> allocated(CO:26) base:0x0 size:0x0 align: 0x0
[0047.504] I> allocated(CO:39) base:0x96000000 size:0x2000000 align: 0x2000000
[0047.511] I> allocated(CO:38) base:0x84000000 size:0x400000 align: 0x400000
[0047.518] I> allocated(CO:37) base:0xf7fc0000 size:0x20000 align: 0x20000
[0047.525] I> allocated(CO:40) base:0x84800000 size:0xb00000 align: 0x800000
[0047.531] I> allocated(CO:41) base:0xf7f00000 size:0x80000 align: 0x80000
[0047.538] I> allocated(CO:28) base:0x84400000 size:0x400000 align: 0x400000
[0047.546] I> Boot-device: eMMC
[0047.549] I> sdmmc bdev is already initialized
[0047.553] W> MB1 PMIC CFG is version 1.2
[0047.557] W> Rail ID 7 is not found on MB1 BCT
[0047.561] W> MB1 PMIC CFG is version 1.2
[0047.568] W> MB1 PMIC CFG is version 1.2
[0047.575] W> MB1 PMIC CFG is version 1.2
[0047.579] I> sdram slot : 1
[0047.581] I> Initializing SDRAM
[0047.588] I> mss encrypt status check successful
[0047.592] I> downloaded image bct_mb1 successfully
[0047.825] I> Downloading blob at 0x0000000085300000
[0048.228] I> downloaded image blob successfully
[0048.243] I> exiting nv3p server
[0048.246] I> disabled_core_mask: 0xffffff0c
[0048.250] I> Enabled Cores: 0xf3
[0048.253] I> TPC disable fuse status: 0
[0048.257] I> Booting Parker Sku
[0048.260] I> Setup temp. GSC#29 (base:0x30000000, size:0x00010000)
[0048.266] I> Loading preboot
[0048.271] I> Binary(1) of size 59024 is loaded @ 0x40000000
[0048.276] I> Restrict GSC#29 access to DPMU only
[0048.281] I> Updated LSR_DVCOMP_PARAMS: 0xc0760ec5c
[0048.286] I> Updated LSR_DVCOMP_PARAMS: 0xc07c0f85c
[0048.290] I> WP0 triggered
[0048.293] I> Waypoint-0 ACK received :)
[0048.297] I> WP0.5 triggered
[0048.300] I> Initialized SCRs
[0048.303] W> MB1 PMIC CFG is version 1.2
[0048.311] W> MB1 PMIC CFG is version 1.2
[0048.361] I> Waypoint-0.5 ACK received :)
[0048.365] I> Setup temp. GSC#28 (base:0x84400000, size:0x00400000)
[0048.371] I> Loading MTS-DMCE
[0048.385] I> Binary(2) of size 266624 is loaded @ 0x84400000
[0048.391] I> disabled_core_mask: 0xffffff0c
[0048.395] I> Loading MTS-PROPER
[0048.398] I> Binary(3) of size 1809872 is loaded @ 0x0
[0048.403] I> Restrict GSC#28 access to DPMU only
[0048.407] I> disabled_core_mask: 0xffffff0c
[0048.411] I> WP1 triggered
[0048.414] I> Loading MB2
[0048.417] I> Binary(8) of size 59696 is loaded @ 0x84000000
[0048.422] W> MB1 PMIC CFG is version 1.2
[0048.427] I> Configure DMCE carveout GSC#13
[0048.431] I> CPU reset vector: 0x96000000
[0048.435] I> MB2-params @ 0xf7f00000
[0048.439] I> Waypoint-1 ACK received :)
[0048.443] I> Configure SC7 carveout GSC#23
[0048.447] I> MB1 recovery done

[0048.453] I> Welcome to MB2(TBoot-BPMP) Recovery(version: 01.00.160913-t186-M-00.00-mobile-597f2c10)
[0048.462] I> Default Heap @ [0xd486400 - 0xd488400]
[0048.467] I> DMA Heap @ [0x84900000 - 0x85300000]
[0048.471] I> bit @ 0xd480000
[0048.474] I> BR-BCT relocated to 0xf7f20000
[0048.478] I> Boot-device: eMMC
[0048.482] I> pmic: reset reason (nverc)	: 0x10
[0048.487] I> Reading GPT from 512 for device 00000003
[0048.493] I> Reading GPT from 8388096 for device 00000003
[0048.500] I> Found 6 partitions in 00000003 device
[0048.504] I> Reading GPT from 512 for device 00010003
[0048.511] I> Found 18 partitions in 00010003 device
[0048.519] I> Binary(16) of size 524480 is loaded @ 0xf7600000
[0048.526] I> Binary(17) of size 326672 is loaded @ 0xf77b03e0
[0048.653] I> BPMP-FW load address = 0xf7600000
[0048.657] I> BPMP-FW DTB load address = 0x501b03e0
[0048.662] I> Copy BTCM section
[0048.666] I> Binary(13) of size 143872 is loaded @ 0x96000000
[0048.672] I> MB2-params @ 0xf7f00000
[0048.675] I> CPUBL-params @ 0xf7f00000
[0048.679] I> CPU-BL loaded at : 0x96000000
[0048.683] I> Loading TOS ...
[0048.686] I> Binary(14) of size 54384 is loaded @ 0x8490f400
[0048.692] I> Copying Monitor (length: 0xd270) from 0x8490f600 to 0x40000000
[0048.699] I> Erasing Monitor @ 0x8490f600
[0048.703] I> Unhalting SCE
[0048.707] I> Waypoint2-ACK: 0x5200b694
[0048.711] I> MB2(TBoot-BPMP) Recovery done

NOTICE:  BL31: v1.2(release):ff7a644
NOTICE:  BL31: Built : 21:06:35, Mar  1 2017
NOTICE:  Trusty image missing.
ERROR:   Error initializing runtime service trusty_fast
[0049.073] I> Welcome to TBoot-CPU Recovery(version: 01.00.160913-t186-M-00.00-mobile-e9641362)
[0049.082] I> gpio framework initialized
[0049.085] I> tegrabl_gpio_driver_register: register 'tegra_gpio_main_driver' driver
[0049.093] I> tegrabl_gpio_driver_register: register 'tegra_gpio_aon_driver' driver
[0049.100] I> tegrabl_tca9539_init: i2c bus: 0, slave addr: 0xee
[0049.109] I> tegrabl_gpio_driver_register: register 'tca9539_gpio_driver' driver
[0049.116] I> tegrabl_tca9539_init: i2c bus: 0, slave addr: 0xe8
[0049.124] I> tegrabl_gpio_driver_register: register 'tca9539_gpio_driver' driver
[0049.131] I> CPU: ARM Cortex A57
[0049.134] I> CPU: MIDR: 0x411fd073, MPIDR: 0x80000100
[0049.139] I> L2 ECC enabled : yes
[0049.142] I> CPU-BL Params @ 0xf7f00000
[0049.146] I>  0) Base:0x00000000 Size:0x00000000
[0049.150] I>  1) Base:0xf7e00000 Size:0x00100000
[0049.155] I>  2) Base:0xf7d00000 Size:0x00100000
[0049.159] I>  3) Base:0xf7c00000 Size:0x00100000
[0049.164] I>  4) Base:0xf7b00000 Size:0x00100000
[0049.168] I>  5) Base:0xf7a00000 Size:0x00100000
[0049.173] I>  6) Base:0xf7600000 Size:0x00200000
[0049.177] I>  7) Base:0xf7000000 Size:0x00400000
[0049.181] I>  8) Base:0xf7900000 Size:0x00100000
[0049.186] I>  9) Base:0xf7800000 Size:0x00100000
[0049.190] I> 10) Base:0xf6800000 Size:0x00800000
[0049.195] I> 11) Base:0x30000000 Size:0x00040000
[0049.199] I> 12) Base:0xf7500000 Size:0x00100000
[0049.204] I> 13) Base:0x30040000 Size:0x00001000
[0049.208] I> 14) Base:0x30048000 Size:0x00001000
[0049.212] I> 15) Base:0x30049000 Size:0x00001000
[0049.217] I> 16) Base:0x3004a000 Size:0x00001000
[0049.221] I> 17) Base:0x3004b000 Size:0x00001000
[0049.226] I> 18) Base:0x3004c000 Size:0x00001000
[0049.230] I> 19) Base:0x3004d000 Size:0x00001000
[0049.235] I> 20) Base:0x3004e000 Size:0x00001000
[0049.239] I> 21) Base:0x3004f000 Size:0x00001000
[0049.244] I> 22) Base:0x00000000 Size:0x00000000
[0049.248] I> 23) Base:0xf7ff0000 Size:0x00010000
[0049.252] I> 24) Base:0x00000000 Size:0x00000000
[0049.257] I> 25) Base:0x00000000 Size:0x00000000
[0049.261] I> 26) Base:0x00000000 Size:0x00000000
[0049.266] I> 27) Base:0x00000000 Size:0x00000000
[0049.270] I> 28) Base:0x84400000 Size:0x00400000
[0049.275] I> 29) Base:0x30000000 Size:0x00010000
[0049.279] I> 30) Base:0xf8000000 Size:0x08000000
[0049.283] I> 31) Base:0x00000000 Size:0x00000000
[0049.288] I> 32) Base:0xf6000000 Size:0x00600000
[0049.292] I> 33) Base:0x80000000 Size:0x76000000
[0049.297] I> 34) Base:0x100000000 Size:0x180000000
[0049.301] I> 35) Base:0x00000000 Size:0x00000000
[0049.306] I> 36) Base:0x00000000 Size:0x00000000
[0049.310] I> 37) Base:0xf7fc0000 Size:0x00020000
[0049.315] I> 38) Base:0x84000000 Size:0x00400000
[0049.319] I> 39) Base:0x96000000 Size:0x02000000
[0049.323] I> 40) Base:0x84800000 Size:0x00b00000
[0049.328] I> 41) Base:0xf7f00000 Size:0x00080000
[0049.332] I> 42) Base:0x00000000 Size:0x00000000
[0049.337] I> 43) Base:0x00000000 Size:0x00000000
[0049.341] I> Boot-device: eMMC
[0049.367] I> sdmmc ddr50 mode
[0049.371] I> sdmmc bdev is already initialized
[0049.375] I> Reading GPT from 512 for device 00000003
[0049.381] I> Reading GPT from 8388096 for device 00000003
[0049.387] I> Found 6 partitions in 00000003 device
[0049.392] I> Reading GPT from 512 for device 00010003
[0049.398] I> Found 18 partitions in 00010003 device
[0049.402] I> Recovery boot_type: 0
[0049.406] I> Entering 3p server
[0049.409] I> Entering into 3p server..
[0049.412] I> Transport interface is USB
[0049.955] I> transport_usbf_priv_open USB configuration success
[0053.285] I> Populate storage info
[0053.302] I> Erasing device 0: 3
[0053.306] I> Erasing device 16384 blocks from block 0
[0053.327] I> Erase successful.
[0053.332] I> Writing device 0: 3
[0053.335] I> Total write size is 16896 bytes
[0053.385] I> Reading GPT from 512 for device 00000003
[0053.391] I> Reading GPT from 8388096 for device 00000003
[0053.397] I> Found 6 partitions in 00000003 device
[0053.402] I> Write successful.
[0053.407] I> Erasing device 1: 3
[0053.411] I> Erasing device 61071360 blocks from block 0
[0053.910] I> Erase successful.
[0053.916] I> Writing device 1: 3
[0053.919] I> Total write size is 512 bytes
[0053.925] I> Write successful.
[0053.931] I> Writing device 1: 3
[0053.934] I> Total write size is 2688 bytes
[0053.941] I> Reading GPT from 512 for device 00010003
[0053.947] I> Found 17 partitions in 00010003 device
[0053.951] I> Write successful.
[0053.957] I> Writing device 1: 3
[0053.960] I> Total write size is 16896 bytes
[0053.967] I> Reading GPT from 512 for device 00010003
[0053.973] I> Found 17 partitions in 00010003 device
[0053.978] I> Write successful.
[0053.983] I> Writing mb1 partition
[0053.986] I> Total write size is 88368 bytes
[0054.024] I> Write successful.
[0054.030] I> Writing spe-fw partition
[0054.033] I> Total write size is 57184 bytes
[0054.068] I> Write successful.
[0054.073] I> Writing mb2 partition
[0054.077] I> Total write size is 60720 bytes
[0054.117] I> Write successful.
[0054.122] I> Writing mts-preboot partition
[0054.126] I> Total write size is 59824 bytes
[0054.171] I> Write successful.
[0054.176] I> Writing device 1: 3
[0054.179] I> Total write size is 512 bytes
[0054.186] I> Write successful.
[0054.191] I> Writing APP partition
[0054.194] I> Total write size is 28447996 bytes
[0055.606] I> Write successful.
[0055.612] I> Writing mts-bootpack partition
[0055.616] I> Total write size is 2077344 bytes
[0055.718] I> Write successful.
[0055.723] I> Writing cpu-bootloader partition
[0055.727] I> Total write size is 196176 bytes
[0055.744] I> Write successful.
[0055.749] I> Writing bootloader-dtb partition
[0055.753] I> Total write size is 248528 bytes
[0055.775] I> Write successful.
[0055.781] I> Writing secure-os partition
[0055.784] I> Total write size is 54784 bytes
[0055.794] I> Write successful.
[0055.799] I> Writing eks partition
[0055.802] I> Total write size is 1488 bytes
[0055.809] I> Write successful.
[0055.815] I> Writing bpmp-fw partition
[0055.818] I> Total write size is 524880 bytes
[0055.851] I> Write successful.
[0055.856] I> Writing bpmp-fw-dtb partition
[0055.860] I> Total write size is 327072 bytes
[0055.883] I> Write successful.
[0055.889] I> Writing sce-fw partition
[0055.892] I> Total write size is 65488 bytes
[0055.903] I> Write successful.
[0055.908] I> Writing sc7 partition
[0055.911] I> Total write size is 20848 bytes
[0055.919] I> Write successful.
[0055.925] I> Writing kernel partition
[0055.928] I> Total write size is 6735872 bytes
[0056.267] I> Write successful.
[0056.273] I> Writing kernel-dtb partition
[0056.277] I> Total write size is 248128 bytes
[0056.296] I> Write successful.
[0056.309] I> Writing BCT partition
[0056.312] I> Total write size is 3584 bytes
[0056.363] I> Write successful.
[0056.381] I> Writing MB1_BCT partition
[0056.384] I> Total write size is 49968 bytes
[0056.430] I> Write successful.
[0056.442] I> Rebooting : reset-coldboot


[0000.192] I> Welcome to MB2(TBoot-BPMP)(version: 01.00.160913-t186-M-00.00-mobile-f4c42291)
[0000.200] I> Default Heap @ [0xd486400 - 0xd488400]
[0000.205] I> DMA Heap @ [0x84900000 - 0x85300000]
[0000.210] I> bit @ 0xd480000
[0000.213] I> BR-BCT relocated to 0xf7f20000
[0000.217] I> Boot-device: eMMC
[0000.221] I> pmic: reset reason (nverc)	: 0x0
[0000.225] I> Reading GPT from 512 for device 00000003
[0000.231] I> Reading GPT from 8388096 for device 00000003
[0000.238] I> Found 6 partitions in 00000003 device
[0000.243] I> Reading GPT from 512 for device 00010003
[0000.249] I> Found 17 partitions in 00010003 device
[0000.255] W> No valid slot number is found in scratch register
[0000.260] W> Return default slot: _a
[0000.264] I> A/B: bin_type (16) slot 0
[0000.267] I> Select partition: bpmp-fw
[0000.271] I> Loading partition bpmp-fw at 0xf7600000
[0000.276] I> Reading two headers - addr:0xf7600000 blocks:1
[0000.281] I> Addr: 0xf7600000, start-block: 58739717, num_blocks: 1
[0000.296] I> Binary(16) of size 524480 is loaded @ 0xf7600000
[0000.302] W> No valid slot number is found in scratch register
[0000.307] W> Return default slot: _a
[0000.311] I> A/B: bin_type (17) slot 0
[0000.314] I> Select partition: bpmp-fw-dtb
[0000.318] I> Loading partition bpmp-fw-dtb at 0xf77f0000
[0000.324] I> Reading two headers - addr:0xf77f0000 blocks:1
[0000.329] I> Addr: 0xf77f0000, start-block: 58740925, num_blocks: 1
[0000.341] I> Binary(17) of size 326672 is loaded @ 0xf77b0200
[0000.468] I> BPMP-FW load address = 0xf7600000
[0000.472] I> BPMP-FW DTB load address = 0x501b0200
[0000.477] I> Loading SCE-FW ...
[0000.480] W> No valid slot number is found in scratch register
[0000.486] W> Return default slot: _a
[0000.489] I> A/B: bin_type (12) slot 0
[0000.493] I> Select partition: sce-fw
[0000.496] I> Loading partition sce-fw at 0xf7800000
[0000.501] I> Reading two headers - addr:0xf7800000 blocks:1
[0000.506] I> Addr: 0xf7800000, start-block: 58741925, num_blocks: 1
[0000.515] I> Binary(12) of size 65088 is loaded @ 0xf7800000
[0000.520] I> Init SCE
[0000.523] I> Copy BTCM section
[0000.526] W> No valid slot number is found in scratch register
[0000.531] W> Return default slot: _a
[0000.535] I> A/B: bin_type (13) slot 0
[0000.538] I> Select partition: cpu-bootloader
[0000.542] I> Loading partition cpu-bootloader at 0x96000000
[0000.548] I> Reading two headers - addr:0x96000000 blocks:1
[0000.553] I> Addr: 0x96000000, start-block: 58732545, num_blocks: 1
[0000.564] I> Binary(13) of size 195776 is loaded @ 0x96000000
[0000.569] W> No valid slot number is found in scratch register
[0000.575] W> Return default slot: _a
[0000.578] I> A/B: bin_type (20) slot 0
[0000.582] I> Select partition: bootloader-dtb
[0000.586] I> Loading partition bootloader-dtb at 0x85300000
[0000.592] I> Reading two headers - addr:0x85300000 blocks:1
[0000.597] I> Addr: 0x85300000, start-block: 58733057, num_blocks: 1
[0000.608] I> Binary(20) of size 248128 is loaded @ 0x85300000
[0000.614] I> MB2-params @ 0xf7f00000
[0000.617] I> CPUBL-params @ 0xf7f00000
[0000.621] I> CPU-BL loaded at : 0x96000000
[0000.625] I> Loading TOS ...
[0000.628] W> No valid slot number is found in scratch register
[0000.633] W> Return default slot: _a
[0000.637] I> A/B: bin_type (14) slot 0
[0000.640] I> Select partition: secure-os
[0000.644] I> Loading partition secure-os at 0x8490f400
[0000.649] I> Reading two headers - addr:0x8490f400 blocks:1
[0000.654] I> Addr: 0x8490f400, start-block: 58733569, num_blocks: 1
[0000.663] I> Binary(14) of size 54384 is loaded @ 0x8490f400
[0000.668] I> Copying Monitor (length: 0xd270) from 0x8490f600 to 0x40000000
[0000.676] I> Erasing Monitor @ 0x8490f600
[0000.680] I> Unhalting SCE
[0000.684] I> Waypoint2-ACK: 0x5200b8d0
[0000.687] I> MB2(TBoot-BPMP) done

NOTICE:  BL31: v1.2(release):ff7a644
NOTICE:  BL31: Built : 21:06:35, Mar  1 2017
NOTICE:  Trusty image missing.
ERROR:   Error initializing runtime service trusty_fast
[0001.049] I> Welcome to Cboot
[0001.052] I> Cboot Version: 00.00.2014.50-t186-fabbc56c
[0001.057] I> CPU-BL Params @ 0xf7f00000
[0001.061] I>  0) Base:0x00000000 Size:0x00000000
[0001.065] I>  1) Base:0xf7e00000 Size:0x00100000
[0001.070] I>  2) Base:0xf7d00000 Size:0x00100000
[0001.074] I>  3) Base:0xf7c00000 Size:0x00100000
[0001.079] I>  4) Base:0xf7b00000 Size:0x00100000
[0001.083] I>  5) Base:0xf7a00000 Size:0x00100000
[0001.087] I>  6) Base:0xf7600000 Size:0x00200000
[0001.092] I>  7) Base:0xf7000000 Size:0x00400000
[0001.096] I>  8) Base:0xf7900000 Size:0x00100000
[0001.101] I>  9) Base:0xf7800000 Size:0x00100000
[0001.105] I> 10) Base:0xf6800000 Size:0x00800000
[0001.110] I> 11) Base:0x30000000 Size:0x00040000
[0001.114] I> 12) Base:0xf7500000 Size:0x00100000
[0001.118] I> 13) Base:0x30040000 Size:0x00001000
[0001.123] I> 14) Base:0x30048000 Size:0x00001000
[0001.127] I> 15) Base:0x30049000 Size:0x00001000
[0001.132] I> 16) Base:0x3004a000 Size:0x00001000
[0001.136] I> 17) Base:0x3004b000 Size:0x00001000
[0001.141] I> 18) Base:0x3004c000 Size:0x00001000
[0001.145] I> 19) Base:0x3004d000 Size:0x00001000
[0001.149] I> 20) Base:0x3004e000 Size:0x00001000
[0001.154] I> 21) Base:0x3004f000 Size:0x00001000
[0001.158] I> 22) Base:0x00000000 Size:0x00000000
[0001.163] I> 23) Base:0xf7ff0000 Size:0x00010000
[0001.167] I> 24) Base:0x00000000 Size:0x00000000
[0001.172] I> 25) Base:0x00000000 Size:0x00000000
[0001.176] I> 26) Base:0x00000000 Size:0x00000000
[0001.180] I> 27) Base:0x00000000 Size:0x00000000
[0001.185] I> 28) Base:0x84400000 Size:0x00400000
[0001.189] I> 29) Base:0x30000000 Size:0x00010000
[0001.194] I> 30) Base:0xf8000000 Size:0x08000000
[0001.198] I> 31) Base:0x00000000 Size:0x00000000
[0001.203] I> 32) Base:0xf6000000 Size:0x00600000
[0001.207] I> 33) Base:0x80000000 Size:0x76000000
[0001.211] I> 34) Base:0x100000000 Size:0x180000000
[0001.216] I> 35) Base:0x00000000 Size:0x00000000
[0001.221] I> 36) Base:0x00000000 Size:0x00000000
[0001.225] I> 37) Base:0xf7fc0000 Size:0x00020000
[0001.229] I> 38) Base:0x84000000 Size:0x00400000
[0001.234] I> 39) Base:0x96000000 Size:0x02000000
[0001.238] I> 40) Base:0x84800000 Size:0x00b00000
[0001.243] I> 41) Base:0xf7f00000 Size:0x00080000
[0001.247] I> 42) Base:0x00000000 Size:0x00000000
[0001.252] I> 43) Base:0x00000000 Size:0x00000000
[0001.256] platform_init_interrupts-121, 1*
[0001.260] Interrupts Init done
[0001.263] calling constructors
[0001.267] initializing heap
[0001.269] initializing threads
[0001.272] initializing timers
[0001.275] creating bootstrap completion thread
[0001.280] top of bootstrap2()
[0001.283] CPU: ARM Cortex A57
[0001.286] CPU: MIDR: 0x411FD073, MPIDR: 0x80000100
[0001.291] initializing platform
[0001.294] I> Boot-device: eMMC
[0001.298] I> odm data is 1090000
[0001.301] I> Reading GPT from 512 for device 00000003
[0001.307] I> Reading GPT from 8388096 for device 00000003
[0001.313] I> Found 6 partitions in 00000003 device
[0001.318] I> Reading GPT from 512 for device 00010003
[0001.324] I> Found 17 partitions in 00010003 device
[0001.328] W> No valid slot number is found in scratch register
[0001.334] W> Return default slot: _a
[0001.338] I> A/B: bin_type (1) slot 0
[0001.341] I> Select partition: kernel-dtb
[0001.345] I> Loading partition kernel-dtb at 0x92000000
[0001.354] I> Kernel_dtb @0x92000000
[0001.357] I> Bl_dtb @0x85300000
[0001.360] I> gpio framework initialized
[0001.364] I> tegrabl_gpio_driver_register: register 'tegra_gpio_main_driver' driver
[0001.371] I> tegrabl_gpio_driver_register: register 'tegra_gpio_aon_driver' driver
[0001.378] I> tegrabl_tca9539_init: i2c bus: 0, slave addr: 0xee
[0001.387] I> tegrabl_gpio_driver_register: register 'tca9539_gpio_driver' driver
[0001.394] I> tegrabl_tca9539_init: i2c bus: 0, slave addr: 0xe8
[0001.402] I> tegrabl_gpio_driver_register: register 'tca9539_gpio_driver' driver
[0001.410] E> tegrabl_blob_init: BMP partition does not have valid Blob
[0001.417] E> tegrabl_load_bmp_blob: BMP blob initialization failed
[0001.423] W> Loading bmp blob to memory failed
[0001.431] I> Find /i2c@c250000's alias i2c7
[0001.435] I> Reading eeprom i2c=7 address=0x50
[0001.464] I> Device at /i2c@c250000:0x50
[0001.468] I> Reading eeprom i2c=7 address=0x57
[0001.497] I> Device at /i2c@c250000:0x57
[0001.501] I> Find /i2c@c240000's alias i2c1
[0001.505] I> Reading eeprom i2c=1 address=0x51
[0001.511] I> Eeprom read failed 0x1a800027
[0001.516] I> Find /i2c@3160000's alias i2c0
[0001.520] I> Reading eeprom i2c=0 address=0x50
[0001.525] I> Eeprom read failed 0x1a800027
[0001.530] I> Find /i2c@3180000's alias i2c2
[0001.534] I> Reading eeprom i2c=2 address=0x54
[0001.538] I> Enabling gpio chip_id = 2, gpio pin = 9
[0001.569] I> Disabling gpio chip_id = 2, gpio pin = 9
[0001.574] I> Device at /i2c@3180000:0x54
[0001.578] I> create_pm_ids: id: 3310-1000-B00-E, len: 15
[0001.583] I> config: mem-type:00,power-config:00,misc-config:00,modem-config:00,touch-config:00,display-config:00,, len: 93
[0001.594] I> create_pm_ids: id: 2597-0000-501-C, len: 15
[0001.599] I> config: mem-type:00,power-config:00,misc-config:00,modem-config:00,touch-config:00,display-config:00,, len: 93
[0001.610] I> create_pm_ids: id: 3326-1000-100-M, len: 15
[0001.615] I> config: mem-type:ff,power-config:ff,misc-config:ff,modem-config:ff,touch-config:ff,display-config:ff,, len: 93
[0001.626] initializing target
[0001.629] calling apps_init()
[0001.632] starting app android_boot_app
[0001.636] I> Gpio keyboard init success
[0001.640] I> Kernel type = Normal
[0001.643] I> Loading kernel/boot.img ...
[0001.647] W> No valid slot number is found in scratch register
[0001.652] W> Return default slot: _a
[0001.656] I> A/B: bin_type (0) slot 0
[0001.659] I> Select partition: kernel
[0001.663] I> Loading partition kernel at 0xa8000000
[0001.744] W> No valid slot number is found in scratch register
[0001.750] W> Return default slot: _a
[0001.753] I> A/B: bin_type (1) slot 0
[0001.757] I> Select partition: kernel-dtb
[0001.760] I> Loading partition kernel-dtb at 0x92000000
[0001.769] I> Kernel DTB @ 0x92000000
[0001.773] I> Verified boot state = Orange
[0001.776] E> tegrabl_display_clear: display is not initialized
[0001.782] I> Checking boot.img header magic ... [0001.786] I> [OK]
[0001.788] I> Valid boot.img @ 0xa8000000
[0001.792] I> decompressor handler not found
[0001.796] I> Copying kernel image (465664 bytes) from 0xa8000800 to 0x80080000 ... [0001.803] I> Done
[0001.805] I> Move ramdisk (len: 6265200) from 0xa8072800 to 0x98000000
[0001.814] I> Updated bpmp info to DTB
[0001.820] I> Ramdisk: Base: 0x98000000; Size: 0x5f9970
[0001.825] I> Updated initrd info to DTB
[0001.829] I> disabled_core_mask: 0xffffff0c
[0001.833] I> Kernel type = Normal
[0001.836] I> add_serialno: Serial Num = 0321517104642
[0001.841] W> No valid slot number is found in scratch register
[0001.846] W> Return default slot: _a
[0001.850] I> Linux Cmdline: root=/dev/nfs rw netdevwait ip=192.168.99.2:192.168.99.1:192.168.99.1:255.255.255.0::eth0:off nfsroot=192.168.99.1:/home/ausvrl2510/nfsroot fbcon=map:0 net.ifnames=0 console=tty0 OS=l4t console=ttyS0,115200n8 memtype=0 video=tegrafb no_console_suspend=1 earlycon=uart8250,mmio32,0x03100000 nvdumper_reserved=0xf7fc0000 gpt androidboot.secureos=none tegraid=18.1.2.0.0 tegra_keep_boot_clocks maxcpus=6 android.kerneltype=normal androidboot.serialno=0321517104642 androidboot.security=non-secure sdhci_tegra.en_boot_part_access=1 
[0001.898] I> Updated bootarg info to DTB
[0001.903] I> eeprom_get_mac_addr: MAC (type: 0): 00:04:4b:8c:a7:a8
[0001.910] I> eeprom_get_mac_addr: MAC (type: 1): 00:04:4b:8c:a7:a9
[0001.916] I> eeprom_get_mac_addr: MAC (type: 2): 00:04:4b:8c:a7:aa
[0001.922] E> "ids" doesn't exist, creating 
[0001.926] E> "connection" doesn't exist, creating 
[0001.930] E> "configs" doesn't exist, creating 
[0001.935] I> create_pm_ids: id: 3310-1000-B00-E, len: 15
[0001.940] I> config: mem-type:00,power-config:00,misc-config:00,modem-config:00,touch-config:00,display-config:00,, len: 93
[0001.951] I> create_pm_ids: id: 2597-0000-501-C, len: 15
[0001.956] I> config: mem-type:00,power-config:00,misc-config:00,modem-config:00,touch-config:00,display-config:00,, len: 93
[0001.967] I> create_pm_ids: id: 3326-1000-100-M, len: 15
[0001.972] I> config: mem-type:ff,power-config:ff,misc-config:ff,modem-config:ff,touch-config:ff,display-config:ff,, len: 93
[0001.983] I> Adding plugin-manager/ids/3310-1000-B00=/i2c@c250000:module@0x50
[0001.990] E> "i2c@c250000" doesn't exist, creating 
[0001.995] E> "module@0x50" doesn't exist, creating 
[0001.999] I> Adding plugin-manager/ids/2597-0000-501=/i2c@c250000:module@0x57
[0002.007] E> "module@0x57" doesn't exist, creating 
[0002.011] I> Adding plugin-manager/ids/3326-1000-100=/i2c@3180000:module@0x54
[0002.018] E> "i2c@3180000" doesn't exist, creating 
[0002.023] E> "module@0x54" doesn't exist, creating 
[0002.030] I> Adding plugin-manager/ids/3310-1000-B00-E
[0002.037] I> Adding plugin-manager/configs/3310-mem-type 00
[0002.042] I> Adding plugin-manager/configs/3310-power-config 00
[0002.048] I> Adding plugin-manager/configs/3310-misc-config 00
[0002.054] I> Adding plugin-manager/configs/3310-modem-config 00
[0002.060] I> Adding plugin-manager/configs/3310-touch-config 00
[0002.065] I> Adding plugin-manager/configs/3310-display-config 00
[0002.071] E> "chip-id" doesn't exist, creating 
[0002.076] I> Adding plugin-manager/chip-id/A02P
[0002.082] I> Updated memory info to DTB
[0002.088] E> "reset" doesn't exist, creating 
[0002.092] E> "pmc-reset-reason" doesn't exist, creating 
[0002.097] E> "pmic-reset-reason" doesn't exist, creating 
[0002.103] I> disabled_core_mask: 0xffffff0c
[0002.113] I> tegrabl_load_kernel_and_dtb: Done


U-Boot 2017.03-g8537ddd769f4 (Oct 04 2017 - 08:46:37 -0700)

TEGRA186
Model: NVIDIA P2771-0000-500
DRAM:  7.8 GiB
MMC:   Tegra SD/MMC: 0, Tegra SD/MMC: 1
*** Warning - bad CRC, using default environment

In:    serial
Out:   serial
Err:   serial
Net:   eth0: ethernet@2490000
Hit any key to stop autoboot:  2 [0000.185] I> Welcome to MB2(TBoot-BPMP)(version: 01.00.160913-t186-M-00.00-mobile-f4c42291)
[0000.193] I> Default Heap @ [0xd486400 - 0xd488400]
[0000.198] I> DMA Heap @ [0x84900000 - 0x85300000]
[0000.203] I> bit @ 0xd480000
[0000.206] I> BR-BCT relocated to 0xf7f20000
[0000.210] I> Boot-device: eMMC
[0000.214] I> pmic: reset reason (nverc)	: 0x10
[0000.218] I> Reading GPT from 512 for device 00000003
[0000.224] I> Reading GPT from 8388096 for device 00000003
[0000.231] I> Found 6 partitions in 00000003 device
[0000.236] I> Reading GPT from 512 for device 00010003
[0000.242] I> Found 17 partitions in 00010003 device
[0000.247] W> No valid slot number is found in scratch register
[0000.253] W> Return default slot: _a
[0000.256] I> A/B: bin_type (16) slot 0
[0000.260] I> Select partition: bpmp-fw
[0000.264] I> Loading partition bpmp-fw at 0xf7600000
[0000.269] I> Reading two headers - addr:0xf7600000 blocks:1
[0000.274] I> Addr: 0xf7600000, start-block: 58739717, num_blocks: 1
[0000.289] I> Binary(16) of size 524480 is loaded @ 0xf7600000
[0000.295] W> No valid slot number is found in scratch register
[0000.300] W> Return default slot: _a
[0000.304] I> A/B: bin_type (17) slot 0
[0000.307] I> Select partition: bpmp-fw-dtb
[0000.311] I> Loading partition bpmp-fw-dtb at 0xf77f0000
[0000.316] I> Reading two headers - addr:0xf77f0000 blocks:1
[0000.322] I> Addr: 0xf77f0000, start-block: 58740925, num_blocks: 1
[0000.334] I> Binary(17) of size 326672 is loaded @ 0xf77b0200
[0000.461] I> BPMP-FW load address = 0xf7600000
[0000.466] I> BPMP-FW DTB load address = 0x501b0200
[0000.471] I> Loading SCE-FW ...
[0000.474] W> No valid slot number is found in scratch register
[0000.479] W> Return default slot: _a
[0000.483] I> A/B: bin_type (12) slot 0
[0000.486] I> Select partition: sce-fw
[0000.490] I> Loading partition sce-fw at 0xf7800000
[0000.494] I> Reading two headers - addr:0xf7800000 blocks:1
[0000.500] I> Addr: 0xf7800000, start-block: 58741925, num_blocks: 1
[0000.508] I> Binary(12) of size 65088 is loaded @ 0xf7800000
[0000.514] I> Init SCE
[0000.516] I> Copy BTCM section
[0000.519] W> No valid slot number is found in scratch register
[0000.525] W> Return default slot: _a
[0000.528] I> A/B: bin_type (13) slot 0
[0000.532] I> Select partition: cpu-bootloader
[0000.536] I> Loading partition cpu-bootloader at 0x96000000
[0000.542] I> Reading two headers - addr:0x96000000 blocks:1
[0000.547] I> Addr: 0x96000000, start-block: 58732545, num_blocks: 1
[0000.557] I> Binary(13) of size 195776 is loaded @ 0x96000000
[0000.563] W> No valid slot number is found in scratch register
[0000.569] W> Return default slot: _a
[0000.572] I> A/B: bin_type (20) slot 0
[0000.576] I> Select partition: bootloader-dtb
[0000.580] I> Loading partition bootloader-dtb at 0x85300000
[0000.585] I> Reading two headers - addr:0x85300000 blocks:1
[0000.591] I> Addr: 0x85300000, start-block: 58733057, num_blocks: 1
[0000.602] I> Binary(20) of size 248128 is loaded @ 0x85300000
[0000.607] I> MB2-params @ 0xf7f00000
[0000.611] I> CPUBL-params @ 0xf7f00000
[0000.615] I> CPU-BL loaded at : 0x96000000
[0000.619] I> Loading TOS ...
[0000.621] W> No valid slot number is found in scratch register
[0000.627] W> Return default slot: _a
[0000.630] I> A/B: bin_type (14) slot 0
[0000.634] I> Select partition: secure-os
[0000.638] I> Loading partition secure-os at 0x8490f400
[0000.643] I> Reading two headers - addr:0x8490f400 blocks:1
[0000.648] I> Addr: 0x8490f400, start-block: 58733569, num_blocks: 1
[0000.656] I> Binary(14) of size 54384 is loaded @ 0x8490f400
[0000.662] I> Copying Monitor (length: 0xd270) from 0x8490f600 to 0x40000000
[0000.669] I> Erasing Monitor @ 0x8490f600
[0000.674] I> Unhalting SCE
[0000.677] I> Waypoint2-ACK: 0x5200b8d0
[0000.681] I> MB2(TBoot-BPMP) done

NOTICE:  BL31: v1.2(release):ff7a644
NOTICE:  BL31: Built : 21:06:35, Mar  1 2017
NOTICE:  Trusty image missing.
ERROR:   Error initializing runtime service trusty_fast
[0001.043] I> Welcome to Cboot
[0001.046] I> Cboot Version: 00.00.2014.50-t186-fabbc56c
[0001.051] I> CPU-BL Params @ 0xf7f00000
[0001.054] I>  0) Base:0x00000000 Size:0x00000000
[0001.059] I>  1) Base:0xf7e00000 Size:0x00100000
[0001.063] I>  2) Base:0xf7d00000 Size:0x00100000
[0001.068] I>  3) Base:0xf7c00000 Size:0x00100000
[0001.072] I>  4) Base:0xf7b00000 Size:0x00100000
[0001.077] I>  5) Base:0xf7a00000 Size:0x00100000
[0001.081] I>  6) Base:0xf7600000 Size:0x00200000
[0001.085] I>  7) Base:0xf7000000 Size:0x00400000
[0001.090] I>  8) Base:0xf7900000 Size:0x00100000
[0001.094] I>  9) Base:0xf7800000 Size:0x00100000
[0001.099] I> 10) Base:0xf6800000 Size:0x00800000
[0001.103] I> 11) Base:0x30000000 Size:0x00040000
[0001.108] I> 12) Base:0xf7500000 Size:0x00100000
[0001.112] I> 13) Base:0x30040000 Size:0x00001000
[0001.116] I> 14) Base:0x30048000 Size:0x00001000
[0001.121] I> 15) Base:0x30049000 Size:0x00001000
[0001.125] I> 16) Base:0x3004a000 Size:0x00001000
[0001.130] I> 17) Base:0x3004b000 Size:0x00001000
[0001.134] I> 18) Base:0x3004c000 Size:0x00001000
[0001.139] I> 19) Base:0x3004d000 Size:0x00001000
[0001.143] I> 20) Base:0x3004e000 Size:0x00001000
[0001.147] I> 21) Base:0x3004f000 Size:0x00001000
[0001.152] I> 22) Base:0x00000000 Size:0x00000000
[0001.156] I> 23) Base:0xf7ff0000 Size:0x00010000
[0001.161] I> 24) Base:0x00000000 Size:0x00000000
[0001.165] I> 25) Base:0x00000000 Size:0x00000000
[0001.170] I> 26) Base:0x00000000 Size:0x00000000
[0001.174] I> 27) Base:0x00000000 Size:0x00000000
[0001.178] I> 28) Base:0x84400000 Size:0x00400000
[0001.183] I> 29) Base:0x30000000 Size:0x00010000
[0001.187] I> 30) Base:0xf8000000 Size:0x08000000
[0001.192] I> 31) Base:0x00000000 Size:0x00000000
[0001.196] I> 32) Base:0xf6000000 Size:0x00600000
[0001.201] I> 33) Base:0x80000000 Size:0x76000000
[0001.205] I> 34) Base:0x100000000 Size:0x180000000
[0001.210] I> 35) Base:0x00000000 Size:0x00000000
[0001.214] I> 36) Base:0x00000000 Size:0x00000000
[0001.218] I> 37) Base:0xf7fc0000 Size:0x00020000
[0001.223] I> 38) Base:0x84000000 Size:0x00400000
[0001.227] I> 39) Base:0x96000000 Size:0x02000000
[0001.232] I> 40) Base:0x84800000 Size:0x00b00000
[0001.236] I> 41) Base:0xf7f00000 Size:0x00080000
[0001.241] I> 42) Base:0x00000000 Size:0x00000000
[0001.245] I> 43) Base:0x00000000 Size:0x00000000
[0001.249] platform_init_interrupts-121, 1*
[0001.254] Interrupts Init done
[0001.257] calling constructors
[0001.260] initializing heap
[0001.263] initializing threads
[0001.266] initializing timers
[0001.269] creating bootstrap completion thread
[0001.274] top of bootstrap2()
[0001.277] CPU: ARM Cortex A57
[0001.280] CPU: MIDR: 0x411FD073, MPIDR: 0x80000100
[0001.285] initializing platform
[0001.288] I> Boot-device: eMMC
[0001.292] I> odm data is 1090000
[0001.295] I> Reading GPT from 512 for device 00000003
[0001.300] I> Reading GPT from 8388096 for device 00000003
[0001.307] I> Found 6 partitions in 00000003 device
[0001.311] I> Reading GPT from 512 for device 00010003
[0001.317] I> Found 17 partitions in 00010003 device
[0001.322] W> No valid slot number is found in scratch register
[0001.328] W> Return default slot: _a
[0001.331] I> A/B: bin_type (1) slot 0
[0001.335] I> Select partition: kernel-dtb
[0001.338] I> Loading partition kernel-dtb at 0x92000000
[0001.347] I> Kernel_dtb @0x92000000
[0001.350] I> Bl_dtb @0x85300000
[0001.353] I> gpio framework initialized
[0001.357] I> tegrabl_gpio_driver_register: register 'tegra_gpio_main_driver' driver
[0001.365] I> tegrabl_gpio_driver_register: register 'tegra_gpio_aon_driver' driver
[0001.372] I> tegrabl_tca9539_init: i2c bus: 0, slave addr: 0xee
[0001.380] I> tegrabl_gpio_driver_register: register 'tca9539_gpio_driver' driver
[0001.388] I> tegrabl_tca9539_init: i2c bus: 0, slave addr: 0xe8
[0001.396] I> tegrabl_gpio_driver_register: register 'tca9539_gpio_driver' driver
[0001.404] E> tegrabl_blob_init: BMP partition does not have valid Blob
[0001.410] E> tegrabl_load_bmp_blob: BMP blob initialization failed
[0001.416] W> Loading bmp blob to memory failed
[0001.424] I> Find /i2c@c250000's alias i2c7
[0001.428] I> Reading eeprom i2c=7 address=0x50
[0001.458] I> Device at /i2c@c250000:0x50
[0001.462] I> Reading eeprom i2c=7 address=0x57
[0001.491] I> Device at /i2c@c250000:0x57
[0001.495] I> Find /i2c@c240000's alias i2c1
[0001.499] I> Reading eeprom i2c=1 address=0x51
[0001.505] I> Eeprom read failed 0x1a800027
[0001.509] I> Find /i2c@3160000's alias i2c0
[0001.513] I> Reading eeprom i2c=0 address=0x50
[0001.519] I> Eeprom read failed 0x1a800027
[0001.524] I> Find /i2c@3180000's alias i2c2
[0001.528] I> Reading eeprom i2c=2 address=0x54
[0001.532] I> Enabling gpio chip_id = 2, gpio pin = 9
[0001.563] I> Disabling gpio chip_id = 2, gpio pin = 9
[0001.568] I> Device at /i2c@3180000:0x54
[0001.571] I> create_pm_ids: id: 3310-1000-B00-E, len: 15
[0001.577] I> config: mem-type:00,power-config:00,misc-config:00,modem-config:00,touch-config:00,display-config:00,, len: 93
[0001.588] I> create_pm_ids: id: 2597-0000-501-C, len: 15
[0001.593] I> config: mem-type:00,power-config:00,misc-config:00,modem-config:00,touch-config:00,display-config:00,, len: 93
[0001.604] I> create_pm_ids: id: 3326-1000-100-M, len: 15
[0001.609] I> config: mem-type:ff,power-config:ff,misc-config:ff,modem-config:ff,touch-config:ff,display-config:ff,, len: 93
[0001.620] initializing target
[0001.623] calling apps_init()
[0001.626] starting app android_boot_app
[0001.630] I> Gpio keyboard init success
[0001.633] I> Kernel type = Normal
[0001.637] I> Loading kernel/boot.img ...
[0001.640] W> No valid slot number is found in scratch register
[0001.646] W> Return default slot: _a
[0001.649] I> A/B: bin_type (0) slot 0
[0001.653] I> Select partition: kernel
[0001.656] I> Loading partition kernel at 0xa8000000
[0001.738] W> No valid slot number is found in scratch register
[0001.743] W> Return default slot: _a
[0001.747] I> A/B: bin_type (1) slot 0
[0001.750] I> Select partition: kernel-dtb
[0001.754] I> Loading partition kernel-dtb at 0x92000000
[0001.763] I> Kernel DTB @ 0x92000000
[0001.766] I> Verified boot state = Orange
[0001.770] E> tegrabl_display_clear: display is not initialized
[0001.776] I> Checking boot.img header magic ... [0001.780] I> [OK]
[0001.782] I> Valid boot.img @ 0xa8000000
[0001.785] I> decompressor handler not found
[0001.789] I> Copying kernel image (465664 bytes) from 0xa8000800 to 0x80080000 ... [0001.797] I> Done
[0001.799] I> Move ramdisk (len: 6265200) from 0xa8072800 to 0x98000000
[0001.808] I> Updated bpmp info to DTB
[0001.814] I> Ramdisk: Base: 0x98000000; Size: 0x5f9970
[0001.819] I> Updated initrd info to DTB
[0001.822] I> disabled_core_mask: 0xffffff0c
[0001.826] I> Kernel type = Normal
[0001.829] I> add_serialno: Serial Num = 0321517104642
[0001.834] W> No valid slot number is found in scratch register
[0001.840] W> Return default slot: _a
[0001.843] I> Linux Cmdline: root=/dev/nfs rw netdevwait ip=192.168.99.2:192.168.99.1:192.168.99.1:255.255.255.0::eth0:off nfsroot=192.168.99.1:/home/ausvrl2510/nfsroot fbcon=map:0 net.ifnames=0 console=tty0 OS=l4t console=ttyS0,115200n8 memtype=0 video=tegrafb no_console_suspend=1 earlycon=uart8250,mmio32,0x03100000 nvdumper_reserved=0xf7fc0000 gpt androidboot.secureos=none tegraid=18.1.2.0.0 tegra_keep_boot_clocks maxcpus=6 android.kerneltype=normal androidboot.serialno=0321517104642 androidboot.security=non-secure sdhci_tegra.en_boot_part_access=1 
[0001.892] I> Updated bootarg info to DTB
[0001.897] I> eeprom_get_mac_addr: MAC (type: 0): 00:04:4b:8c:a7:a8
[0001.903] I> eeprom_get_mac_addr: MAC (type: 1): 00:04:4b:8c:a7:a9
[0001.909] I> eeprom_get_mac_addr: MAC (type: 2): 00:04:4b:8c:a7:aa
[0001.915] E> "ids" doesn't exist, creating 
[0001.919] E> "connection" doesn't exist, creating 
[0001.924] E> "configs" doesn't exist, creating 
[0001.928] I> create_pm_ids: id: 3310-1000-B00-E, len: 15
[0001.933] I> config: mem-type:00,power-config:00,misc-config:00,modem-config:00,touch-config:00,display-config:00,, len: 93
[0001.944] I> create_pm_ids: id: 2597-0000-501-C, len: 15
[0001.949] I> config: mem-type:00,power-config:00,misc-config:00,modem-config:00,touch-config:00,display-config:00,, len: 93
[0001.960] I> create_pm_ids: id: 3326-1000-100-M, len: 15
[0001.966] I> config: mem-type:ff,power-config:ff,misc-config:ff,modem-config:ff,touch-config:ff,display-config:ff,, len: 93
[0001.976] I> Adding plugin-manager/ids/3310-1000-B00=/i2c@c250000:module@0x50
[0001.984] E> "i2c@c250000" doesn't exist, creating 
[0001.988] E> "module@0x50" doesn't exist, creating 
[0001.993] I> Adding plugin-manager/ids/2597-0000-501=/i2c@c250000:module@0x57
[0002.000] E> "module@0x57" doesn't exist, creating 
[0002.005] I> Adding plugin-manager/ids/3326-1000-100=/i2c@3180000:module@0x54
[0002.012] E> "i2c@3180000" doesn't exist, creating 
[0002.017] E> "module@0x54" doesn't exist, creating 
[0002.023] I> Adding plugin-manager/ids/3310-1000-B00-E
[0002.030] I> Adding plugin-manager/configs/3310-mem-type 00
[0002.036] I> Adding plugin-manager/configs/3310-power-config 00
[0002.042] I> Adding plugin-manager/configs/3310-misc-config 00
[0002.047] I> Adding plugin-manager/configs/3310-modem-config 00
[0002.053] I> Adding plugin-manager/configs/3310-touch-config 00
[0002.059] I> Adding plugin-manager/configs/3310-display-config 00
[0002.065] E> "chip-id" doesn't exist, creating 
[0002.069] I> Adding plugin-manager/chip-id/A02P
[0002.076] I> Updated memory info to DTB
[0002.081] E> "reset" doesn't exist, creating 
[0002.085] E> "pmc-reset-reason" doesn't exist, creating 
[0002.091] E> "pmic-reset-reason" doesn't exist, creating 
[0002.096] I> disabled_core_mask: 0xffffff0c
[0002.107] I> tegrabl_load_kernel_and_dtb: Done


U-Boot 2017.03-g8537ddd769f4 (Oct 04 2017 - 08:46:37 -0700)

TEGRA186
Model: NVIDIA P2771-0000-500
DRAM:  7.8 GiB
MMC:   Tegra SD/MMC: 0, Tegra SD/MMC: 1
*** Warning - bad CRC, using default environment

In:    serial
Out:   serial
Err:   serial
Net:   eth0: ethernet@2490000
Hit any key to stop autoboot:  2  1  0 
MMC: no card present
mmc_init: -123, time 1
switch to partitions #0, OK
mmc0(part 0) is current device
Scanning mmc 0:1...
Found /boot/extlinux/extlinux.conf
Retrieving file: /boot/extlinux/extlinux.conf
431 bytes read in 69 ms (5.9 KiB/s)
p2771-0000 NFS boot options
1:	primary kernel
Enter choice: 1:	primary kernel
Retrieving file: /boot/initrd
6265200 bytes read in 202 ms (29.6 MiB/s)
Retrieving file: /boot/Image
17549824 bytes read in 466 ms (35.9 MiB/s)
append: console=ttyS0,115200n8 earlycon ignore_loglevel root=/dev/nfs rw netdevwait ip=192.168.99.2:192.168.99.1:192.168.99.1:255.255.255.0::eth0:off nfsroot=192.168.99.1:/home/ausvrl2510/nfsroot,nolock,nfsvers=2 rootwait
Retrieving file: /boot/tegra186-p2771-0000.dtb
23528 bytes read in 61 ms (376 KiB/s)
## Flattened Device Tree blob at 82000000
   Booting using the fdt blob at 0x82000000
   Using Device Tree in place at 0000000082000000, end 0000000082008be7

Starting kernel ...

[    1.542938] console [ttyS0] enabled
[    1.542938] console [ttyS0] enabled
[    1.550049] bootconsole [uart0] disabled
[    1.550049] bootconsole [uart0] disabled
[    1.558387] SuperH (H)SCI(F) driver initialized
[    1.563606] msm_serial: driver initialized
[    1.568209] arm-smmu 12000000.iommu: probing hardware configuration...
[    1.574807] arm-smmu 12000000.iommu: SMMUv2 with:
[    1.579508] arm-smmu 12000000.iommu: 	stage 1 translation
[    1.584913] arm-smmu 12000000.iommu: 	stage 2 translation
[    1.590308] arm-smmu 12000000.iommu: 	nested translation
[    1.595665] arm-smmu 12000000.iommu: 	stream matching with 128 register groups
[    1.602882] arm-smmu 12000000.iommu: 	64 context banks (0 stage-2 only)
[    1.609489] arm-smmu 12000000.iommu: 	Supported page sizes: 0x61311000
[    1.616009] arm-smmu 12000000.iommu: 	Stage-1: 48-bit VA -> 48-bit IPA
[    1.622527] arm-smmu 12000000.iommu: 	Stage-2: 48-bit IPA -> 48-bit PA
[    1.629480] cacheinfo: Unable to detect cache hierarchy for CPU 0
[    1.639023] loop: module loaded
[    1.644226] libphy: Fixed MDIO Bus: probed
[    1.648655] tun: Universal TUN/TAP device driver, 1.6
[    1.654126] thunder_xcv, ver 1.0
[    1.657363] thunder_bgx, ver 1.0
[    1.660611] nicpf, ver 1.0
[    1.663482] e1000e: Intel(R) PRO/1000 Network Driver - 3.2.6-k
[    1.669307] e1000e: Copyright(c) 1999 - 2015 Intel Corporation.
[    1.675240] igb: Intel(R) Gigabit Ethernet Network Driver - version 5.4.0-k
[    1.682193] igb: Copyright (c) 2007-2014 Intel Corporation.
[    1.687782] igbvf: Intel(R) Gigabit Virtual Function Network Driver - version 2.4.0-k
[    1.695602] igbvf: Copyright (c) 2009 - 2012 Intel Corporation.
[    1.701690] sky2: driver version 1.30
[    1.705918] dwc-eth-dwmac 2490000.ethernet: Cannot get CSR clock
[    1.711952] dwc-eth-dwmac 2490000.ethernet: no reset control found
[    1.731316] stmmac - user ID: 0x10, Synopsys ID: 0x41
[    1.736371] dwc-eth-dwmac 2490000.ethernet: DMA HW capability register supported
[    1.743759] dwc-eth-dwmac 2490000.ethernet: RX Checksum Offload Engine supported
[    1.751144] dwc-eth-dwmac 2490000.ethernet: TX Checksum insertion supported
[    1.758098] dwc-eth-dwmac 2490000.ethernet: Wake-Up On Lan supported
[    1.764455] dwc-eth-dwmac 2490000.ethernet: TSO supported
[    1.769848] dwc-eth-dwmac 2490000.ethernet: TSO feature enabled
[    1.775759] dwc-eth-dwmac 2490000.ethernet: Enable RX Mitigation via HW Watchdog Timer
[    1.783710] libphy: stmmac: probed
[    1.788021] VFIO - User Level meta-driver version: 0.3
[    1.793740] ehci_hcd: USB 2.0 'Enhanced' Host Controller (EHCI) Driver
[    1.800261] ehci-pci: EHCI PCI platform driver
[    1.804721] ehci-platform: EHCI generic platform driver
[    1.810005] ehci-orion: EHCI orion driver
[    1.814063] ehci-exynos: EHCI EXYNOS driver
[    1.818292] ohci_hcd: USB 1.1 'Open' Host Controller (OHCI) Driver
[    1.824489] ohci-pci: OHCI PCI platform driver
[    1.828951] ohci-platform: OHCI generic platform driver
[    1.834229] ohci-exynos: OHCI EXYNOS driver
[    1.838655] usbcore: registered new interface driver usb-storage
[    1.846015] i2c /dev entries driver
[    1.851516] max77620 0-003c: PMIC Version OTP:0x45 and ES:0x8
[    1.862047] max77620-sd0: supplied by regulator-dummy
[    1.867256] VDD_DDR_1V1_PMIC: Bringing 1125000uV into 1100000-1100000uV
[    1.875838] max77620-sd1: supplied by regulator-dummy
[    1.882262] max77620-sd2: supplied by regulator-dummy
[    1.888669] max77620-sd3: supplied by regulator-dummy
[    1.895222] max77620-ldo0: supplied by regulator-dummy
[    1.901187] max77620-ldo1: supplied by regulator-dummy
[    1.907107] max77620-ldo2: supplied by regulator-dummy
[    1.913375] max77620-ldo3: supplied by regulator-dummy
[    1.919150] max77620-ldo4: supplied by regulator-dummy
[    1.924301] VDD_RTC: Bringing 800000uV into 1000000-1000000uV
[    1.930774] max77620-ldo5: supplied by regulator-dummy
[    1.935922] VDDIO_SDMMC3_AP: Bringing 1800000uV into 2800000-2800000uV
[    1.943009] max77620-ldo6: supplied by regulator-dummy
[    1.948795] max77620-ldo7: supplied by regulator-dummy
[    1.953943] VDD_HDMI_1V05: Bringing 1000000uV into 1050000-1050000uV
[    1.961527] max77620-ldo8: supplied by regulator-dummy
[    1.966676] VDD_PEX_1V05: Bringing 1000000uV into 1050000-1050000uV
[    3.148436] max77686-rtc max77620-rtc: rtc core: registered max77620-rtc as rtc0
[    3.157978] sdhci: Secure Digital Host Controller Interface driver
[    3.164153] sdhci: Copyright(c) Pierre Ossman
[    3.168621] Synopsys Designware Multimedia Card Interface Driver
[    3.175046] sdhci-pltfm: SDHCI platform and OF driver helper
[    3.180856] sdhci-tegra 3400000.sdhci: Got CD GPIO
[    3.185653] sdhci-tegra 3400000.sdhci: Got WP GPIO
[    3.205571] mmc0: Unknown controller version (4). You may experience problems.
[    3.244417] mmc0: SDHCI controller on 3440000.sdhci [3440000.sdhci] using ADMA
[    3.261362] ledtrig-cpu: registered to indicate activity on CPUs
[    3.268682] usbcore: registered new interface driver usbhid
[    3.274799] usbhid: USB HID core driver
[    3.279915] NET: Registered protocol family 17
[    3.284423] 9pnet: Installing 9P2000 support
[    3.288723] Key type dns_resolver registered
[    3.293341] registered taskstats version 1
[    3.297452] Loading compiled-in X.509 certificates
[    3.309428] VDD_1V8_AP: supplied by VDD_1V8
[    3.314112] SD_CARD_SW_PWR: supplied by VDD_3V3_SYS
[    3.320606] pca953x 1-0074: 1-0074 supply vcc not found, using dummy regulator
[    3.330597] pca953x 1-0077: 1-0077 supply vcc not found, using dummy regulator
[    3.341800] tegra-pcie 10003000.pcie: 4x1, 1x1 configuration
[    3.348970] tegra-pcie 10003000.pcie: probing port 0, using 4 lanes
[    3.357905] tegra-pcie 10003000.pcie: Slot present pin change, signature: 00000018
[    3.771230] tegra-pcie 10003000.pcie: link 0 down, retrying
[    4.179992] tegra-pcie 10003000.pcie: link 0 down, retrying
[    4.588747] tegra-pcie 10003000.pcie: link 0 down, retrying
[    4.596323] tegra-pcie 10003000.pcie: link 0 down, ignoring
[    4.601964] tegra-pcie 10003000.pcie: PCI host bridge to bus 0000:00
[    4.608318] pci_bus 0000:00: root bus resource [io  0x0000-0xffff]
[    4.614493] pci_bus 0000:00: root bus resource [mem 0x50100000-0x57ffffff]
[    4.621360] pci_bus 0000:00: root bus resource [mem 0x58000000-0x7fffffff pref]
[    4.628663] pci_bus 0000:00: root bus resource [bus 00-ff]
[    4.634632] sdhci-tegra 3400000.sdhci: Got CD GPIO
[    4.639435] sdhci-tegra 3400000.sdhci: Got WP GPIO
[    4.652527] mmc1: Unknown controller version (4). You may experience problems.
[    4.691399] mmc1: SDHCI controller on 3400000.sdhci [3400000.sdhci] using ADMA
[    4.707668] mmc2: Unknown controller version (4). You may experience problems.
[    4.715387] mmc2: Switching to 3.3V signalling voltage failed
[    4.746647] mmc2: SDHCI controller on 3460000.sdhci [3460000.sdhci] using ADMA
[    4.755155] VDD_HDMI_5V0: supplied by VDD_5V0_SYS
[    4.760671] input: gpio-keys as /devices/platform/gpio-keys/input/input0
[    4.800004] mmc2: new high speed MMC card at address 0001
[    4.805412] max77686-rtc max77620-rtc: setting system clock to 2016-09-01 15:47:13 UTC (1472744833)
[    4.805829] mmcblk2: mmc2:0001 032G34 29.1 GiB 
[    4.814668] dwc-eth-dwmac 2490000.ethernet eth0: device MAC address 3a:17:28:6a:5a:cf
[    4.819300] mmcblk2boot0: mmc2:0001 032G34 partition 1 4.00 MiB
[    4.827297] Generic PHY stmmac-0:00: attached PHY driver [Generic PHY] (mii_bus:phy_addr=stmmac-0:00, irq=POLL)
[    4.833054] mmcblk2boot1: mmc2:0001 032G34 partition 2 4.00 MiB
[    4.843467] dwmac4: Master AXI performs any burst length
[    4.848801] mmcblk2rpmb: mmc2:0001 032G34 partition 3 4.00 MiB, chardev (240:0)
[    4.861331] dwc-eth-dwmac 2490000.ethernet eth0: IEEE 1588-2008 Advanced Timestamp supported
[    4.863287]  mmcblk2: p1 p2 p3 p4 p5 p6 p7 p8 p9 p10 p11 p12 p13 p14 p15 p16 p17
[    4.869841] dwc-eth-dwmac 2490000.ethernet eth0: registered PTP clock
[    8.958404] WARNING: CPU: 4 PID: 302 at drivers/firmware/tegra/bpmp.c:360 tegra_bpmp_transfer+0x2dc/0x368
[    8.967950] Modules linked in:
[    8.971001] CPU: 4 PID: 302 Comm: kworker/u12:4 Tainted: G S               4.15.0-next-20180131-230384-gd957d62 #1
[    8.981327] Hardware name: NVIDIA Tegra186 P2771-0000 Development Board (DT)
[    8.981556] IP-Config: Complete:
[    8.988363] Workqueue: events_power_efficient phy_state_machine
[    8.991589]      device=eth0, hwaddr=3a:17:28:6a:5a:cf, ipaddr=192.168.99.2, mask=255.255.255.0, gw=192.168.99.1
[    8.997485] pstate: 80000085 (Nzcv daIf -PAN -UAO)
[    8.997489] pc : tegra_bpmp_transfer+0x2dc/0x368
[    8.997495] lr : tegra_bpmp_clk_transfer+0x94/0xd0
[    9.007647]      host=192.168.99.2, domain=, nis-domain=(none)
[    9.012416] sp : ffff00000a663ab0
[    9.012418] x29: ffff00000a663ab0 x28: 0000000000000000 
[    9.017030]      bootserver=192.168.99.1, rootserver=192.168.99.1, rootpath=
[    9.021800] x27: ffff000009ff3ce8 x26: ffff00000901fda8 
[    9.021806] x25: 0000000000000000 
[    9.030923] x24: 0000000000000001 
[    9.030926] x23: ffff8001f4de0878 x22: 0000000000000080 
[    9.060619] x21: ffff00000a663b58 x20: ffff000009009000 
[    9.065920] x19: ffff00000a663bd8 x18: 0000000000000000 
[    9.071220] x17: 00000000c0fe57f9 x16: 0000000027ef2462 
[    9.076521] x15: 00000000aa3f083f x14: 00000000000c8000 
[    9.081821] x13: 00000000000079de x12: 00000000000079de 
[    9.087122] x11: ffffffffffffffff x10: 0000000000000003 
[    9.092422] x9 : 00000000ffffffff x8 : ffff8001fff976e0 
[    9.097722] x7 : ffff00000bd40000 x6 : ffff00000a663b68 
[    9.103023] x5 : ffffffffffffffd0 x4 : 0000000000000010 
[    9.108323] x3 : ffff00000a663bc0 x2 : 0000000000000080 
[    9.113623] x1 : ffff00000a663b68 x0 : ffff8001f659bc18 
[    9.118924] Call trace:
[    9.121363]  tegra_bpmp_transfer+0x2dc/0x368
[    9.125621]  tegra_bpmp_clk_transfer+0x94/0xd0
[    9.130053]  tegra_bpmp_clk_round_rate+0x70/0xa4
[    9.134660]  clk_core_determine_round_nolock+0x58/0xa0
[    9.139786]  clk_core_round_rate_nolock+0x34/0x90
[    9.144479]  clk_core_set_rate_nolock+0x5c/0x1c0
[    9.149084]  clk_set_rate+0x30/0x8c
[    9.152565]  tegra_eqos_fix_speed+0x1ac/0x250
[    9.156913]  stmmac_adjust_link+0x1fc/0x230
[    9.161086]  phy_link_change+0x54/0x60
[    9.164825]  phy_state_machine+0x300/0x430
[    9.168914]  process_one_work+0x124/0x290
[    9.172913]  worker_thread+0x13c/0x3f8
[    9.176653]  kthread+0xfc/0x128
[    9.179787]  ret_from_fork+0x10/0x18
[    9.183353] ---[ end trace 3e459a3c3b48a7c8 ]---
[    9.187976] WARNING: CPU: 4 PID: 302 at drivers/firmware/tegra/bpmp.c:360 tegra_bpmp_transfer+0x2dc/0x368
[    9.197521] Modules linked in:
[    9.200568] CPU: 4 PID: 302 Comm: kworker/u12:4 Tainted: G S      W        4.15.0-next-20180131-230384-gd957d62 #1
[    9.210892] Hardware name: NVIDIA Tegra186 P2771-0000 Development Board (DT)
[    9.217924] Workqueue: events_power_efficient phy_state_machine
[    9.223831] pstate: 80000085 (Nzcv daIf -PAN -UAO)
[    9.228611] pc : tegra_bpmp_transfer+0x2dc/0x368
[    9.233215] lr : tegra_bpmp_clk_transfer+0x94/0xd0
[    9.237992] sp : ffff00000a663a40
[    9.241295] x29: ffff00000a663a40 x28: 0000000000000000 
[    9.246597] x27: ffff000009ff3ce8 x26: ffff00000901fda8 
[    9.251897] x25: 0000000000000000 x24: 0000000000000001 
[    9.257197] x23: 00000000ffffffff x22: 0000000000000080 
[    9.262497] x21: ffff00000a663ae8 x20: ffff000009009000 
[    9.267797] x19: ffff00000a663b68 x18: 0000000000000000 
[    9.273097] x17: 00000000c0fe57f9 x16: 0000000027ef2462 
[    9.278397] x15: 00000000aa3f083f x14: 00000000000c8000 
[    9.283698] x13: 00000000000079de x12: 00000000000079de 
[    9.288999] x11: ffffffffffffffff x10: 0000000000000003 
[    9.294299] x9 : 00000000ffffffff x8 : ffff8001fff976e0 
[    9.299599] x7 : ffff00000bd40000 x6 : ffff00000a663af8 
[    9.304899] x5 : ffffffffffffffd0 x4 : 0000000000000010 
[    9.310199] x3 : ffff00000a663b50 x2 : 0000000000000080 
[    9.315498] x1 : ffff00000a663af8 x0 : ffff8001f659bc18 
[    9.320798] Call trace:
[    9.323238]  tegra_bpmp_transfer+0x2dc/0x368
[    9.327495]  tegra_bpmp_clk_transfer+0x94/0xd0
[    9.331927]  tegra_bpmp_clk_round_rate+0x70/0xa4
[    9.336532]  clk_core_determine_round_nolock+0x58/0xa0
[    9.341657]  clk_calc_new_rates+0x88/0x1d8
[    9.345742]  clk_core_set_rate_nolock+0xac/0x1c0
[    9.350347]  clk_set_rate+0x30/0x8c
[    9.353824]  tegra_eqos_fix_speed+0x1ac/0x250
[    9.358169]  stmmac_adjust_link+0x1fc/0x230
[    9.362342]  phy_link_change+0x54/0x60
[    9.366080]  phy_state_machine+0x300/0x430
[    9.370166]  process_one_work+0x124/0x290
[    9.374165]  worker_thread+0x13c/0x3f8
[    9.377903]  kthread+0xfc/0x128
[    9.381035]  ret_from_fork+0x10/0x18
[    9.384598] ---[ end trace 3e459a3c3b48a7c9 ]---
[    9.389206] dwc-eth-dwmac 2490000.ethernet: failed to set TX rate: -22
[    9.395722] dwc-eth-dwmac 2490000.ethernet eth0: Link is Up - 1Gbps/Full - flow control rx/tx
[    9.407348] VDD_RTC: disabling
[    9.410425] VDDIO_SDMMC3_AP: disabling
[    9.414318] SD_CARD_SW_PWR: disabling
[    9.417982] VDD_HDMI_5V0: disabling
[    9.421461] ALSA device list:
[    9.424426]   No soundcards found.
[    9.428327] Freeing unused kernel memory: 1152K
/init: line 58: chmod: command not found
[ 15:47:18 ] L4T-INITRD Build DATE: Thu Sep  1 15:47:18 UTC 2016
[ 15:47:18 ] Root device found: nfs
[ 15:47:18 ] Ethernet interfaces: eth0
[ 15:47:18 ] IP Address: 192.168.99.2
[ 15:47:18 ] Rootfs mounted over nfs
[ 15:47:18 ] Switching from initrd to actual rootfs
[   10.187228] systemd[1]: systemd 229 running in system mode. (+PAM +AUDIT +SELINUX +IMA +APPARMOR +SMACK +SYSVINIT +UTMP +LIBCRYPTSETUP +GCRYPT +GNUTLS +ACL +XZ -LZ4 +SECCOMP +BLKID +ELFUTILS +KMOD -IDN)
[   10.206086] systemd[1]: Detected architecture arm64.

Welcome to [1mUbuntu 16.04 LTS[0m!

[   10.240263] systemd[1]: Set hostname to <tegra-ubuntu>.
[   10.778395] systemd[1]: Listening on udev Control Socket.
[[0;32m  OK  [0m] Listening on udev Control Socket.
[   10.797769] systemd[1]: Listening on Journal Audit Socket.
[[0;32m  OK  [0m] Listening on Journal Audit Socket.
[   10.813704] systemd[1]: Started Forward Password Requests to Wall Directory Watch.
[[0;32m  OK  [0m] Started Forward Password Requests to Wall Directory Watch.
[   10.833821] systemd[1]: Created slice System Slice.
[[0;32m  OK  [0m] Created slice System Slice.
[   10.849763] systemd[1]: Created slice system-getty.slice.
[[0;32m  OK  [0m] Created slice system-getty.slice.
[   10.865664] systemd[1]: Listening on Journal Socket (/dev/log).
[[0;32m  OK  [0m] Listening on Journal Socket (/dev/log).
[   10.885774] systemd[1]: Created slice system-serial\x2dgetty.slice.
[[0;32m  OK  [0m] Created slice system-serial\x2dgetty.slice.
[[0;32m  OK  [0m] Started Dispatch Password Requests to Console Directory Watch.
[[0;32m  OK  [0m] Reached target Paths.
[[0;32m  OK  [0m] Created slice User and Session Slice.
[[0;32m  OK  [0m] Listening on Syslog Socket.
[[0;32m  OK  [0m] Listening on /dev/initctl Compatibility Named Pipe.
[[0;32m  OK  [0m] Listening on Journal Socket.
         Starting Journal Service...
         Mounting Huge Pages File System...
         Mounting POSIX Message Queue File System...
         Mounting Debug File System...
         Starting Create Static Device Nodes in /dev...
         Starting Load Kernel Modules...
         Starting Remount Root and Kernel File Systems...
[[0;32m  OK  [0m] Reached target Slices.
[[0;32m  OK  [0m] Reached target Encrypted Volumes.
         Mounting RPC Pipe File System...
[[0;32m  OK  [0m] Reached target Swap.
[[0;32m  OK  [0m] Listening on udev Kernel Socket.
[[0;32m  OK  [0m] Mounted Huge Pages File System.
[[0;32m  OK  [0m] Mounted Debug File System.
[[0;32m  OK  [0m] Mounted POSIX Message Queue File System.
[[0;32m  OK  [0m] Mounted RPC Pipe File System.
[[0;32m  OK  [0m] Started Journal Service.
[[0;32m  OK  [0m] Started Load Kernel Modules.
[[0;32m  OK  [0m] Started Remount Root and Kernel File Systems.
         Starting udev Coldplug all Devices...
         Starting Load/Save Random Seed...
         Starting Apply Kernel Variables...
         Mounting Configuration File System...
         Starting Flush Journal to Persistent Storage...
[[0;32m  OK  [0m] Mounted Configuration File System.
[   11.456152] systemd-journald[1516]: Received request to flush runtime journal from PID 1
[[0;32m  OK  [0m] Started Create Static Device Nodes in /dev.
[[0;32m  OK  [0m] Started Load/Save Random Seed.
[[0;32m  OK  [0m] Started Flush Journal to Persistent Storage.
[[0;32m  OK  [0m] Started Apply Kernel Variables.
[[0;32m  OK  [0m] Reached target Local File Systems (Pre).
[[0;32m  OK  [0m] Reached target Local File Systems.
         Starting Preprocess NFS configuration...
         Starting Create Volatile Files and Directories...
         Starting Raise network interfaces...
         Starting Set console keymap...
         Starting udev Kernel Device Manager...
[[0;1;31mFAILED[0m] Failed to start Set console keymap.
See 'systemctl status console-setup.service' for details.
[[0;32m  OK  [0m] Started Preprocess NFS configuration.
[[0;32m  OK  [0m] Reached target NFS client services.
[[0;32m  OK  [0m] Reached target Remote File Systems (Pre).
[[0;32m  OK  [0m] Reached target Remote File Systems.
[[0;32m  OK  [0m] Started udev Coldplug all Devices.
[[0;32m  OK  [0m] Started Create Volatile Files and Directories.
         Starting Update UTMP about System Boot/Shutdown...
[[0;32m  OK  [0m] Reached target System Time Synchronized.
[[0;32m  OK  [0m] Started udev Kernel Device Manager.
[[0;32m  OK  [0m] Found device /dev/ttyS0.
[[0;32m  OK  [0m] Started Update UTMP about System Boot/Shutdown.
[[0;32m  OK  [0m] Started Raise network interfaces.
[[0;32m  OK  [0m] Reached target Network.
[[0;32m  OK  [0m] Reached target Network is Online.
[[0;32m  OK  [0m] Reached target System Initialization.
[[0;32m  OK  [0m] Started Daily apt activities.
[[0;32m  OK  [0m] Listening on D-Bus System Message Bus Socket.
[[0;32m  OK  [0m] Started Daily Cleanup of Temporary Directories.
[[0;32m  OK  [0m] Reached target Timers.
[[0;32m  OK  [0m] Listening on RPCbind Server Activation Socket.
[[0;32m  OK  [0m] Reached target Sockets.
[[0;32m  OK  [0m] Reached target Basic System.
[[0;32m  OK  [0m] Started D-Bus System Message Bus.
         Starting /etc/rc.local Compatibility...
         Starting Login Service...
         Starting Permit User Sessions...
         Starting LSB: Set the CPU Frequency Scaling governor to "ondemand"...
         Starting OpenBSD Secure Shell server...
         Starting System Logging Service...
         Starting LSB: Start NTP daemon...
[[0;32m  OK  [0m] Started Regular background program processing daemon.
[[0;32m  OK  [0m] Started /etc/rc.local Compatibility.
[[0;32m  OK  [0m] Started Permit User Sessions.
[[0;32m  OK  [0m] Started Login Service.
[[0;32m  OK  [0m] Started Serial Getty on ttyS0.
[[0;32m  OK  [0m] Started Getty on tty1.
[[0;32m  OK  [0m] Reached target Login Prompts.
[[0;32m  OK  [0m] Started LSB: Set the CPU Frequency Scaling governor to "ondemand".
[[0;32m  OK  [0m] Started System Logging Service.
[[0;32m  OK  [0m] Started LSB: Start NTP daemon.
[[0;32m  OK  [0m] Started OpenBSD Secure Shell server.
[[0;32m  OK  [0m] Reached target Multi-User System.
[[0;32m  OK  [0m] Reached target Graphical Interface.
         Starting Update UTMP about System Runlevel Changes...
[[0;32m  OK  [0m] Started Update UTMP about System Runlevel Changes.

Ubuntu 16.04 LTS tegra-ubuntu ttyS0

tegra-ubuntu login: [0000.184] I> Welcome to MB2(TBoot-BPMP)(version: 01.00.160913-t186-M-00.00-mobile-f4c42291)
[0000.193] I> Default Heap @ [0xd486400 - 0xd488400]
[0000.197] I> DMA Heap @ [0x84900000 - 0x85300000]
[0000.202] I> bit @ 0xd480000
[0000.205] I> BR-BCT relocated to 0xf7f20000
[0000.209] I> Boot-device: eMMC
[0000.213] I> pmic: reset reason (nverc)	: 0x10
[0000.217] I> Reading GPT from 512 for device 00000003
[0000.223] I> Reading GPT from 8388096 for device 00000003
[0000.230] I> Found 6 partitions in 00000003 device
[0000.235] I> Reading GPT from 512 for device 00010003
[0000.242] I> Found 17 partitions in 00010003 device
[0000.247] W> No valid slot number is found in scratch register
[0000.252] W> Return default slot: _a
[0000.256] I> A/B: bin_type (16) slot 0
[0000.259] I> Select partition: bpmp-fw
[0000.263] I> Loading partition bpmp-fw at 0xf7600000
[0000.268] I> Reading two headers - addr:0xf7600000 blocks:1
[0000.273] I> Addr: 0xf7600000, start-block: 58739717, num_blocks: 1
[0000.288] I> Binary(16) of size 524480 is loaded @ 0xf7600000
[0000.294] W> No valid slot number is found in scratch register
[0000.300] W> Return default slot: _a
[0000.303] I> A/B: bin_type (17) slot 0
[0000.307] I> Select partition: bpmp-fw-dtb
[0000.310] I> Loading partition bpmp-fw-dtb at 0xf77f0000
[0000.316] I> Reading two headers - addr:0xf77f0000 blocks:1
[0000.321] I> Addr: 0xf77f0000, start-block: 58740925, num_blocks: 1
[0000.333] I> Binary(17) of size 326672 is loaded @ 0xf77b0200
[0000.461] I> BPMP-FW load address = 0xf7600000
[0000.465] I> BPMP-FW DTB load address = 0x501b0200
[0000.470] I> Loading SCE-FW ...
[0000.473] W> No valid slot number is found in scratch register
[0000.478] W> Return default slot: _a
[0000.482] I> A/B: bin_type (12) slot 0
[0000.486] I> Select partition: sce-fw
[0000.489] I> Loading partition sce-fw at 0xf7800000
[0000.494] I> Reading two headers - addr:0xf7800000 blocks:1
[0000.499] I> Addr: 0xf7800000, start-block: 58741925, num_blocks: 1
[0000.508] I> Binary(12) of size 65088 is loaded @ 0xf7800000
[0000.513] I> Init SCE
[0000.516] I> Copy BTCM section
[0000.519] W> No valid slot number is found in scratch register
[0000.524] W> Return default slot: _a
[0000.528] I> A/B: bin_type (13) slot 0
[0000.531] I> Select partition: cpu-bootloader
[0000.535] I> Loading partition cpu-bootloader at 0x96000000
[0000.541] I> Reading two headers - addr:0x96000000 blocks:1
[0000.546] I> Addr: 0x96000000, start-block: 58732545, num_blocks: 1
[0000.557] I> Binary(13) of size 195776 is loaded @ 0x96000000
[0000.562] W> No valid slot number is found in scratch register
[0000.568] W> Return default slot: _a
[0000.571] I> A/B: bin_type (20) slot 0
[0000.575] I> Select partition: bootloader-dtb
[0000.579] I> Loading partition bootloader-dtb at 0x85300000
[0000.585] I> Reading two headers - addr:0x85300000 blocks:1
[0000.590] I> Addr: 0x85300000, start-block: 58733057, num_blocks: 1
[0000.601] I> Binary(20) of size 248128 is loaded @ 0x85300000
[0000.607] I> MB2-params @ 0xf7f00000
[0000.610] I> CPUBL-params @ 0xf7f00000
[0000.614] I> CPU-BL loaded at : 0x96000000
[0000.618] I> Loading TOS ...
[0000.621] W> No valid slot number is found in scratch register
[0000.626] W> Return default slot: _a
[0000.630] I> A/B: bin_type (14) slot 0
[0000.633] I> Select partition: secure-os
[0000.637] I> Loading partition secure-os at 0x8490f400
[0000.642] I> Reading two headers - addr:0x8490f400 blocks:1
[0000.647] I> Addr: 0x8490f400, start-block: 58733569, num_blocks: 1
[0000.656] I> Binary(14) of size 54384 is loaded @ 0x8490f400
[0000.661] I> Copying Monitor (length: 0xd270) from 0x8490f600 to 0x40000000
[0000.669] I> Erasing Monitor @ 0x8490f600
[0000.673] I> Unhalting SCE
[0000.677] I> Waypoint2-ACK: 0x5200b8d0
[0000.680] I> MB2(TBoot-BPMP) done

NOTICE:  BL31: v1.2(release):ff7a644
NOTICE:  BL31: Built : 21:06:35, Mar  1 2017
NOTICE:  Trusty image missing.
ERROR:   Error initializing runtime service trusty_fast
[0001.043] I> Welcome to Cboot
[0001.045] I> Cboot Version: 00.00.2014.50-t186-fabbc56c
[0001.050] I> CPU-BL Params @ 0xf7f00000
[0001.054] I>  0) Base:0x00000000 Size:0x00000000
[0001.058] I>  1) Base:0xf7e00000 Size:0x00100000
[0001.063] I>  2) Base:0xf7d00000 Size:0x00100000
[0001.067] I>  3) Base:0xf7c00000 Size:0x00100000
[0001.072] I>  4) Base:0xf7b00000 Size:0x00100000
[0001.076] I>  5) Base:0xf7a00000 Size:0x00100000
[0001.081] I>  6) Base:0xf7600000 Size:0x00200000
[0001.085] I>  7) Base:0xf7000000 Size:0x00400000
[0001.089] I>  8) Base:0xf7900000 Size:0x00100000
[0001.094] I>  9) Base:0xf7800000 Size:0x00100000
[0001.098] I> 10) Base:0xf6800000 Size:0x00800000
[0001.103] I> 11) Base:0x30000000 Size:0x00040000
[0001.107] I> 12) Base:0xf7500000 Size:0x00100000
[0001.112] I> 13) Base:0x30040000 Size:0x00001000
[0001.116] I> 14) Base:0x30048000 Size:0x00001000
[0001.120] I> 15) Base:0x30049000 Size:0x00001000
[0001.125] I> 16) Base:0x3004a000 Size:0x00001000
[0001.129] I> 17) Base:0x3004b000 Size:0x00001000
[0001.134] I> 18) Base:0x3004c000 Size:0x00001000
[0001.138] I> 19) Base:0x3004d000 Size:0x00001000
[0001.143] I> 20) Base:0x3004e000 Size:0x00001000
[0001.147] I> 21) Base:0x3004f000 Size:0x00001000
[0001.151] I> 22) Base:0x00000000 Size:0x00000000
[0001.156] I> 23) Base:0xf7ff0000 Size:0x00010000
[0001.160] I> 24) Base:0x00000000 Size:0x00000000
[0001.165] I> 25) Base:0x00000000 Size:0x00000000
[0001.169] I> 26) Base:0x00000000 Size:0x00000000
[0001.174] I> 27) Base:0x00000000 Size:0x00000000
[0001.178] I> 28) Base:0x84400000 Size:0x00400000
[0001.182] I> 29) Base:0x30000000 Size:0x00010000
[0001.187] I> 30) Base:0xf8000000 Size:0x08000000
[0001.191] I> 31) Base:0x00000000 Size:0x00000000
[0001.196] I> 32) Base:0xf6000000 Size:0x00600000
[0001.200] I> 33) Base:0x80000000 Size:0x76000000
[0001.205] I> 34) Base:0x100000000 Size:0x180000000
[0001.209] I> 35) Base:0x00000000 Size:0x00000000
[0001.214] I> 36) Base:0x00000000 Size:0x00000000
[0001.218] I> 37) Base:0xf7fc0000 Size:0x00020000
[0001.223] I> 38) Base:0x84000000 Size:0x00400000
[0001.227] I> 39) Base:0x96000000 Size:0x02000000
[0001.231] I> 40) Base:0x84800000 Size:0x00b00000
[0001.236] I> 41) Base:0xf7f00000 Size:0x00080000
[0001.240] I> 42) Base:0x00000000 Size:0x00000000
[0001.245] I> 43) Base:0x00000000 Size:0x00000000
[0001.249] platform_init_interrupts-121, 1*
[0001.253] Interrupts Init done
[0001.257] calling constructors
[0001.260] initializing heap
[0001.262] initializing threads
[0001.265] initializing timers
[0001.269] creating bootstrap completion thread
[0001.273] top of bootstrap2()
[0001.276] CPU: ARM Cortex A57
[0001.279] CPU: MIDR: 0x411FD073, MPIDR: 0x80000100
[0001.284] initializing platform
[0001.288] I> Boot-device: eMMC
[0001.291] I> odm data is 1090000
[0001.294] I> Reading GPT from 512 for device 00000003
[0001.300] I> Reading GPT from 8388096 for device 00000003
[0001.307] I> Found 6 partitions in 00000003 device
[0001.311] I> Reading GPT from 512 for device 00010003
[0001.317] I> Found 17 partitions in 00010003 device
[0001.322] W> No valid slot number is found in scratch register
[0001.327] W> Return default slot: _a
[0001.331] I> A/B: bin_type (1) slot 0
[0001.334] I> Select partition: kernel-dtb
[0001.338] I> Loading partition kernel-dtb at 0x92000000
[0001.347] I> Kernel_dtb @0x92000000
[0001.350] I> Bl_dtb @0x85300000
[0001.353] I> gpio framework initialized
[0001.357] I> tegrabl_gpio_driver_register: register 'tegra_gpio_main_driver' driver
[0001.364] I> tegrabl_gpio_driver_register: register 'tegra_gpio_aon_driver' driver
[0001.372] I> tegrabl_tca9539_init: i2c bus: 0, slave addr: 0xee
[0001.380] I> tegrabl_gpio_driver_register: register 'tca9539_gpio_driver' driver
[0001.387] I> tegrabl_tca9539_init: i2c bus: 0, slave addr: 0xe8
[0001.395] I> tegrabl_gpio_driver_register: register 'tca9539_gpio_driver' driver
[0001.403] E> tegrabl_blob_init: BMP partition does not have valid Blob
[0001.410] E> tegrabl_load_bmp_blob: BMP blob initialization failed
[0001.416] W> Loading bmp blob to memory failed
[0001.424] I> Find /i2c@c250000's alias i2c7
[0001.428] I> Reading eeprom i2c=7 address=0x50
[0001.457] I> Device at /i2c@c250000:0x50
[0001.461] I> Reading eeprom i2c=7 address=0x57
[0001.490] I> Device at /i2c@c250000:0x57
[0001.495] I> Find /i2c@c240000's alias i2c1
[0001.499] I> Reading eeprom i2c=1 address=0x51
[0001.504] I> Eeprom read failed 0x1a800027
[0001.509] I> Find /i2c@3160000's alias i2c0
[0001.513] I> Reading eeprom i2c=0 address=0x50
[0001.518] I> Eeprom read failed 0x1a800027
[0001.523] I> Find /i2c@3180000's alias i2c2
[0001.527] I> Reading eeprom i2c=2 address=0x54
[0001.531] I> Enabling gpio chip_id = 2, gpio pin = 9
[0001.562] I> Disabling gpio chip_id = 2, gpio pin = 9
[0001.567] I> Device at /i2c@3180000:0x54
[0001.571] I> create_pm_ids: id: 3310-1000-B00-E, len: 15
[0001.576] I> config: mem-type:00,power-config:00,misc-config:00,modem-config:00,touch-config:00,display-config:00,, len: 93
[0001.587] I> create_pm_ids: id: 2597-0000-501-C, len: 15
[0001.592] I> config: mem-type:00,power-config:00,misc-config:00,modem-config:00,touch-config:00,display-config:00,, len: 93
[0001.603] I> create_pm_ids: id: 3326-1000-100-M, len: 15
[0001.608] I> config: mem-type:ff,power-config:ff,misc-config:ff,modem-config:ff,touch-config:ff,display-config:ff,, len: 93
[0001.619] initializing target
[0001.622] calling apps_init()
[0001.625] starting app android_boot_app
[0001.629] I> Gpio keyboard init success
[0001.633] I> Kernel type = Normal
[0001.636] I> Loading kernel/boot.img ...
[0001.640] W> No valid slot number is found in scratch register
[0001.645] W> Return default slot: _a
[0001.649] I> A/B: bin_type (0) slot 0
[0001.652] I> Select partition: kernel
[0001.656] I> Loading partition kernel at 0xa8000000
[0001.737] W> No valid slot number is found in scratch register
[0001.743] W> Return default slot: _a
[0001.746] I> A/B: bin_type (1) slot 0
[0001.750] I> Select partition: kernel-dtb
[0001.754] I> Loading partition kernel-dtb at 0x92000000
[0001.762] I> Kernel DTB @ 0x92000000
[0001.766] I> Verified boot state = Orange
[0001.770] E> tegrabl_display_clear: display is not initialized
[0001.775] I> Checking boot.img header magic ... [0001.779] I> [OK]
[0001.781] I> Valid boot.img @ 0xa8000000
[0001.785] I> decompressor handler not found
[0001.789] I> Copying kernel image (465664 bytes) from 0xa8000800 to 0x80080000 ... [0001.796] I> Done
[0001.798] I> Move ramdisk (len: 6265200) from 0xa8072800 to 0x98000000
[0001.808] I> Updated bpmp info to DTB
[0001.813] I> Ramdisk: Base: 0x98000000; Size: 0x5f9970
[0001.818] I> Updated initrd info to DTB
[0001.822] I> disabled_core_mask: 0xffffff0c
[0001.826] I> Kernel type = Normal
[0001.829] I> add_serialno: Serial Num = 0321517104642
[0001.834] W> No valid slot number is found in scratch register
[0001.840] W> Return default slot: _a
[0001.843] I> Linux Cmdline: root=/dev/nfs rw netdevwait ip=192.168.99.2:192.168.99.1:192.168.99.1:255.255.255.0::eth0:off nfsroot=192.168.99.1:/home/ausvrl2510/nfsroot fbcon=map:0 net.ifnames=0 console=tty0 OS=l4t console=ttyS0,115200n8 memtype=0 video=tegrafb no_console_suspend=1 earlycon=uart8250,mmio32,0x03100000 nvdumper_reserved=0xf7fc0000 gpt androidboot.secureos=none tegraid=18.1.2.0.0 tegra_keep_boot_clocks maxcpus=6 android.kerneltype=normal androidboot.serialno=0321517104642 androidboot.security=non-secure sdhci_tegra.en_boot_part_access=1 
[0001.891] I> Updated bootarg info to DTB
[0001.897] I> eeprom_get_mac_addr: MAC (type: 0): 00:04:4b:8c:a7:a8
[0001.903] I> eeprom_get_mac_addr: MAC (type: 1): 00:04:4b:8c:a7:a9
[0001.909] I> eeprom_get_mac_addr: MAC (type: 2): 00:04:4b:8c:a7:aa
[0001.915] E> "ids" doesn't exist, creating 
[0001.919] E> "connection" doesn't exist, creating 
[0001.924] E> "configs" doesn't exist, creating 
[0001.928] I> create_pm_ids: id: 3310-1000-B00-E, len: 15
[0001.933] I> config: mem-type:00,power-config:00,misc-config:00,modem-config:00,touch-config:00,display-config:00,, len: 93
[0001.944] I> create_pm_ids: id: 2597-0000-501-C, len: 15
[0001.949] I> config: mem-type:00,power-config:00,misc-config:00,modem-config:00,touch-config:00,display-config:00,, len: 93
[0001.960] I> create_pm_ids: id: 3326-1000-100-M, len: 15
[0001.965] I> config: mem-type:ff,power-config:ff,misc-config:ff,modem-config:ff,touch-config:ff,display-config:ff,, len: 93
[0001.976] I> Adding plugin-manager/ids/3310-1000-B00=/i2c@c250000:module@0x50
[0001.983] E> "i2c@c250000" doesn't exist, creating 
[0001.988] E> "module@0x50" doesn't exist, creating 
[0001.993] I> Adding plugin-manager/ids/2597-0000-501=/i2c@c250000:module@0x57
[0002.000] E> "module@0x57" doesn't exist, creating 
[0002.004] I> Adding plugin-manager/ids/3326-1000-100=/i2c@3180000:module@0x54
[0002.011] E> "i2c@3180000" doesn't exist, creating 
[0002.016] E> "module@0x54" doesn't exist, creating 
[0002.023] I> Adding plugin-manager/ids/3310-1000-B00-E
[0002.030] I> Adding plugin-manager/configs/3310-mem-type 00
[0002.035] I> Adding plugin-manager/configs/3310-power-config 00
[0002.041] I> Adding plugin-manager/configs/3310-misc-config 00
[0002.047] I> Adding plugin-manager/configs/3310-modem-config 00
[0002.053] I> Adding plugin-manager/configs/3310-touch-config 00
[0002.059] I> Adding plugin-manager/configs/3310-display-config 00
[0002.065] E> "chip-id" doesn't exist, creating 
[0002.069] I> Adding plugin-manager/chip-id/A02P
[0002.075] I> Updated memory info to DTB
[0002.081] E> "reset" doesn't exist, creating 
[0002.085] E> "pmc-reset-reason" doesn't exist, creating 
[0002.090] E> "pmic-reset-reason" doesn't exist, creating 
[0002.096] I> disabled_core_mask: 0xffffff0c
[0002.106] I> tegrabl_load_kernel_and_dtb: Done


U-Boot 2017.03-g8537ddd769f4 (Oct 04 2017 - 08:46:37 -0700)

TEGRA186
Model: NVIDIA P2771-0000-500
DRAM:  7.8 GiB
MMC:   Tegra SD/MMC: 0, Tegra SD/MMC: 1
*** Warning - bad CRC, using default environment

In:    serial
Out:   serial
Err:   serial
Net:   eth0: ethernet@2490000
Hit any key to stop autoboot:  2  1  0 
MMC: no card present
mmc_init: -123, time 1
switch to partitions #0, OK
mmc0(part 0) is current device
Scanning mmc 0:1...
Found /boot/extlinux/extlinux.conf
Retrieving file: /boot/extlinux/extlinux.conf
431 bytes read in 70 ms (5.9 KiB/s)
p2771-0000 NFS boot options
1:	primary kernel
Enter choice: 1:	primary kernel
Retrieving file: /boot/initrd
6265200 bytes read in 201 ms (29.7 MiB/s)
Retrieving file: /boot/Image
17549824 bytes read in 466 ms (35.9 MiB/s)
append: console=ttyS0,115200n8 earlycon ignore_loglevel root=/dev/nfs rw netdevwait ip=192.168.99.2:192.168.99.1:192.168.99.1:255.255.255.0::eth0:off nfsroot=192.168.99.1:/home/ausvrl2510/nfsroot,nolock,nfsvers=2 rootwait
Retrieving file: /boot/tegra186-p2771-0000.dtb
23528 bytes read in 60 ms (382.8 KiB/s)
## Flattened Device Tree blob at 82000000
   Booting using the fdt blob at 0x82000000
   Using Device Tree in place at 0000000082000000, end 0000000082008be7

Starting kernel ...

[    1.550090] console [ttyS0] enabled
[    1.550090] console [ttyS0] enabled
[    1.557202] bootconsole [uart0] disabled
[    1.557202] bootconsole [uart0] disabled
[    1.565559] SuperH (H)SCI(F) driver initialized
[    1.570339] msm_serial: driver initialized
[    1.574982] arm-smmu 12000000.iommu: probing hardware configuration...
[    1.581508] arm-smmu 12000000.iommu: SMMUv2 with:
[    1.586206] arm-smmu 12000000.iommu: 	stage 1 translation
[    1.591599] arm-smmu 12000000.iommu: 	stage 2 translation
[    1.596994] arm-smmu 12000000.iommu: 	nested translation
[    1.602300] arm-smmu 12000000.iommu: 	stream matching with 128 register groups
[    1.609515] arm-smmu 12000000.iommu: 	64 context banks (0 stage-2 only)
[    1.616121] arm-smmu 12000000.iommu: 	Supported page sizes: 0x61311000
[    1.622640] arm-smmu 12000000.iommu: 	Stage-1: 48-bit VA -> 48-bit IPA
[    1.629157] arm-smmu 12000000.iommu: 	Stage-2: 48-bit IPA -> 48-bit PA
[    1.636107] cacheinfo: Unable to detect cache hierarchy for CPU 0
[    1.649125] loop: module loaded
[    1.656521] libphy: Fixed MDIO Bus: probed
[    1.661191] tun: Universal TUN/TAP device driver, 1.6
[    1.667248] thunder_xcv, ver 1.0
[    1.670607] thunder_bgx, ver 1.0
[    1.673934] nicpf, ver 1.0
[    1.677062] e1000e: Intel(R) PRO/1000 Network Driver - 3.2.6-k
[    1.682936] e1000e: Copyright(c) 1999 - 2015 Intel Corporation.
[    1.688890] igb: Intel(R) Gigabit Ethernet Network Driver - version 5.4.0-k
[    1.695846] igb: Copyright (c) 2007-2014 Intel Corporation.
[    1.701435] igbvf: Intel(R) Gigabit Virtual Function Network Driver - version 2.4.0-k
[    1.709255] igbvf: Copyright (c) 2009 - 2012 Intel Corporation.
[    1.715375] sky2: driver version 1.30
[    1.719599] dwc-eth-dwmac 2490000.ethernet: Cannot get CSR clock
[    1.725630] dwc-eth-dwmac 2490000.ethernet: no reset control found
[    1.744943] stmmac - user ID: 0x10, Synopsys ID: 0x41
[    1.749996] dwc-eth-dwmac 2490000.ethernet: DMA HW capability register supported
[    1.757385] dwc-eth-dwmac 2490000.ethernet: RX Checksum Offload Engine supported
[    1.764769] dwc-eth-dwmac 2490000.ethernet: TX Checksum insertion supported
[    1.771722] dwc-eth-dwmac 2490000.ethernet: Wake-Up On Lan supported
[    1.778080] dwc-eth-dwmac 2490000.ethernet: TSO supported
[    1.783475] dwc-eth-dwmac 2490000.ethernet: TSO feature enabled
[    1.789388] dwc-eth-dwmac 2490000.ethernet: Enable RX Mitigation via HW Watchdog Timer
[    1.797338] libphy: stmmac: probed
[    1.801672] VFIO - User Level meta-driver version: 0.3
[    1.807421] ehci_hcd: USB 2.0 'Enhanced' Host Controller (EHCI) Driver
[    1.813945] ehci-pci: EHCI PCI platform driver
[    1.818407] ehci-platform: EHCI generic platform driver
[    1.823692] ehci-orion: EHCI orion driver
[    1.827769] ehci-exynos: EHCI EXYNOS driver
[    1.831996] ohci_hcd: USB 1.1 'Open' Host Controller (OHCI) Driver
[    1.838174] ohci-pci: OHCI PCI platform driver
[    1.842636] ohci-platform: OHCI generic platform driver
[    1.847912] ohci-exynos: OHCI EXYNOS driver
[    1.852345] usbcore: registered new interface driver usb-storage
[    1.859720] i2c /dev entries driver
[    1.865213] max77620 0-003c: PMIC Version OTP:0x45 and ES:0x8
[    1.875736] max77620-sd0: supplied by regulator-dummy
[    1.880942] VDD_DDR_1V1_PMIC: Bringing 1125000uV into 1100000-1100000uV
[    1.889529] max77620-sd1: supplied by regulator-dummy
[    1.895935] max77620-sd2: supplied by regulator-dummy
[    1.902339] max77620-sd3: supplied by regulator-dummy
[    1.908939] max77620-ldo0: supplied by regulator-dummy
[    1.914901] max77620-ldo1: supplied by regulator-dummy
[    1.920816] max77620-ldo2: supplied by regulator-dummy
[    1.927071] max77620-ldo3: supplied by regulator-dummy
[    1.932869] max77620-ldo4: supplied by regulator-dummy
[    1.938017] VDD_RTC: Bringing 800000uV into 1000000-1000000uV
[    1.944512] max77620-ldo5: supplied by regulator-dummy
[    1.949659] VDDIO_SDMMC3_AP: Bringing 1800000uV into 2800000-2800000uV
[    1.956725] max77620-ldo6: supplied by regulator-dummy
[    1.962509] max77620-ldo7: supplied by regulator-dummy
[    1.967658] VDD_HDMI_1V05: Bringing 1000000uV into 1050000-1050000uV
[    1.975240] max77620-ldo8: supplied by regulator-dummy
[    1.980392] VDD_PEX_1V05: Bringing 1000000uV into 1050000-1050000uV
[    3.161014] max77686-rtc max77620-rtc: rtc core: registered max77620-rtc as rtc0
[    3.170549] sdhci: Secure Digital Host Controller Interface driver
[    3.176729] sdhci: Copyright(c) Pierre Ossman
[    3.181199] Synopsys Designware Multimedia Card Interface Driver
[    3.187624] sdhci-pltfm: SDHCI platform and OF driver helper
[    3.193436] sdhci-tegra 3400000.sdhci: Got CD GPIO
[    3.198237] sdhci-tegra 3400000.sdhci: Got WP GPIO
[    3.219970] mmc0: Unknown controller version (4). You may experience problems.
[    3.258957] mmc0: SDHCI controller on 3440000.sdhci [3440000.sdhci] using ADMA
[    3.275322] ledtrig-cpu: registered to indicate activity on CPUs
[    3.281849] usbcore: registered new interface driver usbhid
[    3.287418] usbhid: USB HID core driver
[    3.292366] NET: Registered protocol family 17
[    3.296852] 9pnet: Installing 9P2000 support
[    3.301148] Key type dns_resolver registered
[    3.305754] registered taskstats version 1
[    3.309866] Loading compiled-in X.509 certificates
[    3.323624] VDD_1V8_AP: supplied by VDD_1V8
[    3.328192] SD_CARD_SW_PWR: supplied by VDD_3V3_SYS
[    3.333760] pca953x 1-0074: 1-0074 supply vcc not found, using dummy regulator
[    3.343508] pca953x 1-0077: 1-0077 supply vcc not found, using dummy regulator
[    3.353340] tegra-pcie 10003000.pcie: 4x1, 1x1 configuration
[    3.359828] tegra-pcie 10003000.pcie: probing port 0, using 4 lanes
[    3.368178] tegra-pcie 10003000.pcie: Slot present pin change, signature: 00000018
[    3.769482] tegra-pcie 10003000.pcie: link 0 down, retrying
[    4.178219] tegra-pcie 10003000.pcie: link 0 down, retrying
[    4.586956] tegra-pcie 10003000.pcie: link 0 down, retrying
[    4.594530] tegra-pcie 10003000.pcie: link 0 down, ignoring
[    4.600165] tegra-pcie 10003000.pcie: PCI host bridge to bus 0000:00
[    4.606520] pci_bus 0000:00: root bus resource [io  0x0000-0xffff]
[    4.612695] pci_bus 0000:00: root bus resource [mem 0x50100000-0x57ffffff]
[    4.619561] pci_bus 0000:00: root bus resource [mem 0x58000000-0x7fffffff pref]
[    4.626862] pci_bus 0000:00: root bus resource [bus 00-ff]
[    4.632809] sdhci-tegra 3400000.sdhci: Got CD GPIO
[    4.637613] sdhci-tegra 3400000.sdhci: Got WP GPIO
[    4.650701] mmc1: Unknown controller version (4). You may experience problems.
[    4.689513] mmc1: SDHCI controller on 3400000.sdhci [3400000.sdhci] using ADMA
[    4.705780] mmc2: Unknown controller version (4). You may experience problems.
[    4.713510] mmc2: Switching to 3.3V signalling voltage failed
[    4.744760] mmc2: SDHCI controller on 3460000.sdhci [3460000.sdhci] using ADMA
[    4.753272] VDD_HDMI_5V0: supplied by VDD_5V0_SYS
[    4.758756] input: gpio-keys as /devices/platform/gpio-keys/input/input0
[    4.796290] max77686-rtc max77620-rtc: setting system clock to 2016-09-01 15:48:15 UTC (1472744895)
[    4.805564] dwc-eth-dwmac 2490000.ethernet eth0: device MAC address 1e:73:7e:bb:8a:d4
[    4.813912] Generic PHY stmmac-0:00: attached PHY driver [Generic PHY] (mii_bus:phy_addr=stmmac-0:00, irq=POLL)
[    4.824682] dwmac4: Master AXI performs any burst length
[    4.830193] dwc-eth-dwmac 2490000.ethernet eth0: IEEE 1588-2008 Advanced Timestamp supported
[    4.838747] dwc-eth-dwmac 2490000.ethernet eth0: registered PTP clock
[    4.845809] mmc2: new high speed MMC card at address 0001
[    4.851618] mmcblk2: mmc2:0001 032G34 29.1 GiB 
[    4.856469] mmcblk2boot0: mmc2:0001 032G34 partition 1 4.00 MiB
[    4.862708] mmcblk2boot1: mmc2:0001 032G34 partition 2 4.00 MiB
[    4.868719] mmcblk2rpmb: mmc2:0001 032G34 partition 3 4.00 MiB, chardev (240:0)
[    4.878124]  mmcblk2: p1 p2 p3 p4 p5 p6 p7 p8 p9 p10 p11 p12 p13 p14 p15 p16 p17
[    8.928929] WARNING: CPU: 5 PID: 51 at drivers/firmware/tegra/bpmp.c:360 tegra_bpmp_transfer+0x2dc/0x368
[    8.938390] Modules linked in:
[    8.941440] CPU: 5 PID: 51 Comm: kworker/u12:3 Tainted: G S               4.15.0-next-20180131-230384-gd957d62 #1
[    8.951678] Hardware name: NVIDIA Tegra186 P2771-0000 Development Board (DT)
[    8.952082] IP-Config: Complete:
[    8.958715] Workqueue: events_power_efficient phy_state_machine
[    8.961944]      device=eth0, hwaddr=1e:73:7e:bb:8a:d4, ipaddr=192.168.99.2, mask=255.255.255.0, gw=192.168.99.1
[    8.967838] pstate: 80000085 (Nzcv daIf -PAN -UAO)
[    8.967842] pc : tegra_bpmp_transfer+0x2dc/0x368
[    8.967848] lr : tegra_bpmp_clk_transfer+0x94/0xd0
[    8.977999]      host=192.168.99.2, domain=, nis-domain=(none)
[    8.982768] sp : ffff000009ff3ab0
[    8.982770] x29: ffff000009ff3ab0 x28: 0000000000000000 
[    8.987381]      bootserver=192.168.99.1, rootserver=192.168.99.1, rootpath=
[    8.992151] x27: ffff000009fcbce8 x26: ffff00000901fda8 
[    8.992157] x25: 0000000000000000 
[    9.001274] x24: 0000000000000001 
[    9.001277] x23: ffff8001f4e34878 x22: 0000000000000080 
[    9.030971] x21: ffff000009ff3b58 x20: ffff000009009000 
[    9.036272] x19: ffff000009ff3bd8 x18: 0000000000000007 
[    9.041574] x17: 000000000000000e x16: 0000000000000001 
[    9.046874] x15: 0000000000000019 x14: 00000000000c8000 
[    9.052174] x13: 00000000000079de x12: 00000000000079de 
[    9.057475] x11: ffffffffffffffff x10: 0000000000000000 
[    9.062776] x9 : 00000000ffffffff x8 : ffff8001fff4f6e0 
[    9.068076] x7 : ffff00000cb50000 x6 : ffff000009ff3b68 
[    9.073377] x5 : ffffffffffffffd0 x4 : 0000000000000010 
[    9.078676] x3 : ffff000009ff3bc0 x2 : 0000000000000080 
[    9.083976] x1 : ffff000009ff3b68 x0 : ffff8001f6591c18 
[    9.089278] Call trace:
[    9.091718]  tegra_bpmp_transfer+0x2dc/0x368
[    9.095976]  tegra_bpmp_clk_transfer+0x94/0xd0
[    9.100408]  tegra_bpmp_clk_round_rate+0x70/0xa4
[    9.105016]  clk_core_determine_round_nolock+0x58/0xa0
[    9.110142]  clk_core_round_rate_nolock+0x34/0x90
[    9.114836]  clk_core_set_rate_nolock+0x5c/0x1c0
[    9.119442]  clk_set_rate+0x30/0x8c
[    9.122923]  tegra_eqos_fix_speed+0x1ac/0x250
[    9.127271]  stmmac_adjust_link+0x1fc/0x230
[    9.131445]  phy_link_change+0x54/0x60
[    9.135183]  phy_state_machine+0x300/0x430
[    9.139272]  process_one_work+0x124/0x290
[    9.143270]  worker_thread+0x13c/0x3f8
[    9.147009]  kthread+0xfc/0x128
[    9.150143]  ret_from_fork+0x10/0x18
[    9.153707] ---[ end trace 90134afeddca5142 ]---
[    9.158329] WARNING: CPU: 5 PID: 51 at drivers/firmware/tegra/bpmp.c:360 tegra_bpmp_transfer+0x2dc/0x368
[    9.167786] Modules linked in:
[    9.170834] CPU: 5 PID: 51 Comm: kworker/u12:3 Tainted: G S      W        4.15.0-next-20180131-230384-gd957d62 #1
[    9.181071] Hardware name: NVIDIA Tegra186 P2771-0000 Development Board (DT)
[    9.188104] Workqueue: events_power_efficient phy_state_machine
[    9.194010] pstate: 80000085 (Nzcv daIf -PAN -UAO)
[    9.198788] pc : tegra_bpmp_transfer+0x2dc/0x368
[    9.203392] lr : tegra_bpmp_clk_transfer+0x94/0xd0
[    9.208168] sp : ffff000009ff3a40
[    9.211471] x29: ffff000009ff3a40 x28: 0000000000000000 
[    9.216771] x27: ffff000009fcbce8 x26: ffff00000901fda8 
[    9.222072] x25: 0000000000000000 x24: 0000000000000001 
[    9.227373] x23: 00000000ffffffff x22: 0000000000000080 
[    9.232673] x21: ffff000009ff3ae8 x20: ffff000009009000 
[    9.237972] x19: ffff000009ff3b68 x18: 0000000000000007 
[    9.243271] x17: 000000000000000e x16: 0000000000000001 
[    9.248571] x15: 0000000000000019 x14: 00000000000c8000 
[    9.253871] x13: 00000000000079de x12: 00000000000079de 
[    9.259170] x11: ffffffffffffffff x10: 0000000000000000 
[    9.264469] x9 : 00000000ffffffff x8 : ffff8001fff4f6e0 
[    9.269769] x7 : ffff00000cb50000 x6 : ffff000009ff3af8 
[    9.275069] x5 : ffffffffffffffd0 x4 : 0000000000000010 
[    9.280369] x3 : ffff000009ff3b50 x2 : 0000000000000080 
[    9.285669] x1 : ffff000009ff3af8 x0 : ffff8001f6591c18 
[    9.290969] Call trace:
[    9.293408]  tegra_bpmp_transfer+0x2dc/0x368
[    9.297666]  tegra_bpmp_clk_transfer+0x94/0xd0
[    9.302097]  tegra_bpmp_clk_round_rate+0x70/0xa4
[    9.306702]  clk_core_determine_round_nolock+0x58/0xa0
[    9.311828]  clk_calc_new_rates+0x88/0x1d8
[    9.315913]  clk_core_set_rate_nolock+0xac/0x1c0
[    9.320519]  clk_set_rate+0x30/0x8c
[    9.323997]  tegra_eqos_fix_speed+0x1ac/0x250
[    9.328343]  stmmac_adjust_link+0x1fc/0x230
[    9.332515]  phy_link_change+0x54/0x60
[    9.336253]  phy_state_machine+0x300/0x430
[    9.340338]  process_one_work+0x124/0x290
[    9.344336]  worker_thread+0x13c/0x3f8
[    9.348073]  kthread+0xfc/0x128
[    9.351205]  ret_from_fork+0x10/0x18
[    9.354769] ---[ end trace 90134afeddca5143 ]---
[    9.359379] dwc-eth-dwmac 2490000.ethernet: failed to set TX rate: -22
[    9.365895] dwc-eth-dwmac 2490000.ethernet eth0: Link is Up - 1Gbps/Full - flow control rx/tx
[    9.372856] VDD_RTC: disabling
[    9.377458] VDDIO_SDMMC3_AP: disabling
[    9.381350] SD_CARD_SW_PWR: disabling
[    9.385010] VDD_HDMI_5V0: disabling
[    9.388494] ALSA device list:
[    9.391451]   No soundcards found.
[    9.395344] Freeing unused kernel memory: 1152K
/init: line 58: chmod: command not found
[ 15:48:20 ] L4T-INITRD Build DATE: Thu Sep  1 15:48:20 UTC 2016
[ 15:48:20 ] Root device found: nfs
[ 15:48:20 ] Ethernet interfaces: eth0
[ 15:48:20 ] IP Address: 192.168.99.2
[ 15:48:20 ] Rootfs mounted over nfs
[ 15:48:20 ] Switching from initrd to actual rootfs
[    9.695415] systemd[1]: systemd 229 running in system mode. (+PAM +AUDIT +SELINUX +IMA +APPARMOR +SMACK +SYSVINIT +UTMP +LIBCRYPTSETUP +GCRYPT +GNUTLS +ACL +XZ -LZ4 +SECCOMP +BLKID +ELFUTILS +KMOD -IDN)
[    9.713718] systemd[1]: Detected architecture arm64.

Welcome to [1mUbuntu 16.04 LTS[0m!

[    9.733548] systemd[1]: Set hostname to <tegra-ubuntu>.
[   10.106711] systemd[1]: Listening on Journal Audit Socket.
[[0;32m  OK  [0m] Listening on Journal Audit Socket.
[   10.124359] systemd[1]: Created slice User and Session Slice.
[[0;32m  OK  [0m] Created slice User and Session Slice.
[   10.144162] systemd[1]: Reached target Swap.
[[0;32m  OK  [0m] Reached target Swap.
[   10.160229] systemd[1]: Started Forward Password Requests to Wall Directory Watch.
[[0;32m  OK  [0m] Started Forward Password Requests to Wall Directory Watch.
[   10.180185] systemd[1]: Listening on udev Control Socket.
[[0;32m  OK  [0m] Listening on udev Control Socket.
[   10.196204] systemd[1]: Listening on Journal Socket.
[[0;32m  OK  [0m] Listening on Journal Socket.
[   10.212218] systemd[1]: Started Dispatch Password Requests to Console Directory Watch.
[[0;32m  OK  [0m] Started Dispatch Password Requests to Console Directory Watch.
[[0;32m  OK  [0m] Reached target Paths.
[[0;32m  OK  [0m] Listening on /dev/initctl Compatibility Named Pipe.
[[0;32m  OK  [0m] Listening on udev Kernel Socket.
[[0;32m  OK  [0m] Listening on Journal Socket (/dev/log).
[[0;32m  OK  [0m] Reached target Encrypted Volumes.
[[0;32m  OK  [0m] Listening on Syslog Socket.
[[0;32m  OK  [0m] Created slice System Slice.
[[0;32m  OK  [0m] Reached target Slices.
         Starting Create Static Device Nodes in /dev...
         Starting Remount Root and Kernel File Systems...
         Mounting Debug File System...
         Starting Load Kernel Modules...
[[0;32m  OK  [0m] Created slice system-getty.slice.
         Mounting RPC Pipe File System...
         Starting Journal Service...
[[0;32m  OK  [0m] Created slice system-serial\x2dgetty.slice.
         Mounting Huge Pages File System...
         Mounting POSIX Message Queue File System...
[[0;32m  OK  [0m] Mounted Huge Pages File System.
[[0;32m  OK  [0m] Mounted Debug File System.
[[0;32m  OK  [0m] Mounted POSIX Message Queue File System.
[[0;32m  OK  [0m] Mounted RPC Pipe File System.
[[0;32m  OK  [0m] Started Journal Service.
[[0;32m  OK  [0m] Started Create Static Device Nodes in /dev.
[[0;32m  OK  [0m] Started Remount Root and Kernel File Systems.
[[0;32m  OK  [0m] Started Load Kernel Modules.
         Mounting Configuration File System...
         Starting Apply Kernel Variables...
         Starting udev Coldplug all Devices...
         Starting Load/Save Random Seed...
         Starting udev Kernel Device Manager...
[[0;32m  OK  [0m] Reached target Local File Systems (Pre).
[[0;32m  OK  [0m] Reached target Local File Systems.
         Starting Set console keymap...
         Starting Preprocess NFS configuration...
         Starting Flush Journal to Persistent Storage...
[[0;32m  OK  [0m] Mounted Configuration File System.
[[0;32m  OK  [0m] Started Apply Kernel Variables.
[[0;32m  OK  [0m] Started Load/Save Random Seed.
[[0;1;31mFAILED[0m] Failed to start Set console keymap.
See 'systemctl status console-setup.service' for details.
[[0;32m  OK  [0m] Started Preprocess NFS configuration.
[[0;32m  OK  [0m] Started udev Kernel Device Manager.
[[0;32m  OK  [0m] Started udev Coldplug all Devices.
[   10.884093] systemd-journald[1530]: Received request to flush runtime journal from PID 1
[[0;32m  OK  [0m] Reached target NFS client services.
[[0;32m  OK  [0m] Reached target Remote File Systems (Pre).
[[0;32m  OK  [0m] Reached target Remote File Systems.
         Starting Raise network interfaces...
[[0;32m  OK  [0m] Started Flush Journal to Persistent Storage.
[[0;32m  OK  [0m] Found device /dev/ttyS0.
[[0;32m  OK  [0m] Started Raise network interfaces.
[[0;32m  OK  [0m] Reached target Network.
[[0;32m  OK  [0m] Reached target Network is Online.
         Starting Create Volatile Files and Directories...
[[0;32m  OK  [0m] Started Create Volatile Files and Directories.
         Starting Update UTMP about System Boot/Shutdown...
[[0;32m  OK  [0m] Reached target System Time Synchronized.
[[0;32m  OK  [0m] Started Update UTMP about System Boot/Shutdown.
[[0;32m  OK  [0m] Reached target System Initialization.
[[0;32m  OK  [0m] Started Daily Cleanup of Temporary Directories.
[[0;32m  OK  [0m] Listening on D-Bus System Message Bus Socket.
[[0;32m  OK  [0m] Started Daily apt activities.
[[0;32m  OK  [0m] Reached target Timers.
[[0;32m  OK  [0m] Listening on RPCbind Server Activation Socket.
[[0;32m  OK  [0m] Reached target Sockets.
[[0;32m  OK  [0m] Reached target Basic System.
[[0;32m  OK  [0m] Started Regular background program processing daemon.
         Starting OpenBSD Secure Shell server...
         Starting LSB: Start NTP daemon...
         Starting LSB: Set the CPU Frequency Scaling governor to "ondemand"...
         Starting System Logging Service...
         Starting Permit User Sessions...
         Starting Login Service...
         Starting /etc/rc.local Compatibility...
[[0;32m  OK  [0m] Started D-Bus System Message Bus.
[[0;32m  OK  [0m] Started System Logging Service.
[[0;32m  OK  [0m] Started Permit User Sessions.
[[0;32m  OK  [0m] Started /etc/rc.local Compatibility.
[[0;32m  OK  [0m] Started Getty on tty1.
[[0;32m  OK  [0m] Started Serial Getty on ttyS0.
[[0;32m  OK  [0m] Reached target Login Prompts.
[[0;32m  OK  [0m] Started LSB: Set the CPU Frequency Scaling governor to "ondemand".
[[0;32m  OK  [0m] Started OpenBSD Secure Shell server.
[[0;32m  OK  [0m] Started Login Service.
[[0;32m  OK  [0m] Started LSB: Start NTP daemon.
[[0;32m  OK  [0m] Reached target Multi-User System.
[[0;32m  OK  [0m] Reached target Graphical Interface.
