
U-Boot SPL 2014.01-00219-gc4d376f (Feb 18 2014 - 19:57:18)


U-Boot 2014.01-00219-gc4d376f (Feb 18 2014 - 19:57:18)

TEGRA30
Board: NVIDIA Beaver
I2C:   ready
DRAM:  2 GiB
MMC:   Tegra SD/MMC: 0, Tegra SD/MMC: 1
In:    serial
Out:   serial
Err:   serial
Net:   Net Initialization Skipped
No ethernet found.
Hit any key to stop autoboot:  2  0 
Tegra30 (Beaver) # 
Tegra30 (Beaver) # usb reset
(Re)start USB...
USB0:   USB EHCI 1.00
scanning bus 0 for devices... 2 USB Device(s) found
       scanning usb for storage devices... 0 Storage Device(s) found
       scanning usb for ethernet devices... 
Warning: asx0 using MAC address from net device
1 Ethernet Device(s) found
Tegra30 (Beaver) # setenv bootargs 'ignore_loglevel console=ttyS0,115200n8 rw root=PARTUUID=edbe1840-3633-c751-7993-b0ac834f81e0 rootwait gpt debug noinitrd earlyprintk init=/bin/bash'
Tegra30 (Beaver) # setenv ipaddr 192.168.100.101; setenv serverip 192.168.100.1; setenv tftpserverip 192.168.100.1
Tegra30 (Beaver) # tftpboot 0x81000000 zImage.multi_v7_defconfig
Using asx0 device
TFTP from server 192.168.100.1; our IP address is 192.168.100.101
Filename 'zImage.multi_v7_defconfig'.
Load address: 0x81000000
Loading: *#################################################################
	 #################################################################
	 #################################################################
	 #################################################################
	 #################################################################
	 #################################################################
	 #################################################################
	 #################
	 3.2 MiB/s
done
Bytes transferred = 6919032 (699378 hex)
Tegra30 (Beaver) # tftpboot 0x82000000 tegra30-beaver.dtb
Using asx0 device
TFTP from server 192.168.100.1; our IP address is 192.168.100.101
Filename 'tegra30-beaver.dtb'.
Load address: 0x82000000
Loading: *####
	 3.1 MiB/s
done
Bytes transferred = 51467 (c90b hex)
Tegra30 (Beaver) # bootz 0x81000000 - 0x82000000
Kernel image @ 0x81000000 [ 0x000000 - 0x699378 ]
## Flattened Device Tree blob at 82000000
   Booting using the fdt blob at 0x82000000
   Loading Device Tree to 8fff0000, end 8ffff90a ... OK

Starting kernel ...

[    0.000000] Booting Linux on physical CPU 0x0
[    0.000000] Linux version 4.6.0-83646-g2dcd0af (pwalmsley@sellafield) (gcc version 4.7.3 20130328 (prerelease) (crosstool-NG linaro-1.13.1-4.7-2013.04-20130415 - Linaro GCC 2013.04) ) #1 SMP Mon May 16 02:38:24 PDT 2016
[    0.000000] CPU: ARMv7 Processor [412fc099] revision 9 (ARMv7), cr=10c5387d
[    0.000000] CPU: PIPT / VIPT nonaliasing data cache, VIPT aliasing instruction cache
[    0.000000] Machine model: NVIDIA Tegra30 Beaver evaluation board
[    0.000000] debug: ignoring loglevel setting.
[    0.000000] cma: Reserved 64 MiB at 0xfb800000
[    0.000000] Memory policy: Data cache writealloc
[    0.000000] On node 0 totalpages: 524032
[    0.000000] free_area_init_node: node 0, pgdat c141b3c0, node_mem_map eeff8000
[    0.000000]   DMA zone: 1536 pages used for memmap
[    0.000000]   DMA zone: 0 pages reserved
[    0.000000]   DMA zone: 196608 pages, LIFO batch:31
[    0.000000]   HighMem zone: 327424 pages, LIFO batch:31
[    0.000000] percpu: Embedded 12 pages/cpu @eef93000 s19776 r8192 d21184 u49152
[    0.000000] pcpu-alloc: s19776 r8192 d21184 u49152 alloc=12*4096
[    0.000000] pcpu-alloc: [0] 0 [0] 1 [0] 2 [0] 3 
[    0.000000] Built 1 zonelists in Zone order, mobility grouping on.  Total pages: 522496
[    0.000000] Kernel command line: ignore_loglevel console=ttyS0,115200n8 rw root=PARTUUID=edbe1840-3633-c751-7993-b0ac834f81e0 rootwait gpt debug noinitrd earlyprintk init=/bin/bash
[    0.000000] PID hash table entries: 4096 (order: 2, 16384 bytes)
[    0.000000] Dentry cache hash table entries: 131072 (order: 7, 524288 bytes)
[    0.000000] Inode-cache hash table entries: 65536 (order: 6, 262144 bytes)
[    0.000000] Memory: 1995052K/2096128K available (9522K kernel code, 1141K rwdata, 4108K rodata, 2048K init, 341K bss, 35540K reserved, 65536K cma-reserved, 1244160K highmem)
[    0.000000] Virtual kernel memory layout:
[    0.000000]     vector  : 0xffff0000 - 0xffff1000   (   4 kB)
[    0.000000]     fixmap  : 0xffc00000 - 0xfff00000   (3072 kB)
[    0.000000]     vmalloc : 0xf0800000 - 0xff800000   ( 240 MB)
[    0.000000]     lowmem  : 0xc0000000 - 0xf0000000   ( 768 MB)
[    0.000000]     pkmap   : 0xbfe00000 - 0xc0000000   (   2 MB)
[    0.000000]     modules : 0xbf000000 - 0xbfe00000   (  14 MB)
[    0.000000]       .text : 0xc0208000 - 0xc104fa34   (14623 kB)
[    0.000000]       .init : 0xc1100000 - 0xc1300000   (2048 kB)
[    0.000000]       .data : 0xc1300000 - 0xc141d400   (1141 kB)
[    0.000000]        .bss : 0xc141f000 - 0xc1474518   ( 342 kB)
[    0.000000] SLUB: HWalign=64, Order=0-3, MinObjects=0, CPUs=4, Nodes=1
[    0.000000] Hierarchical RCU implementation.
[    0.000000] 	Build-time adjustment of leaf fanout to 32.
[    0.000000] 	RCU restricting CPUs from NR_CPUS=16 to nr_cpu_ids=4.
[    0.000000] RCU: Adjusting geometry for rcu_fanout_leaf=32, nr_cpu_ids=4
[    0.000000] NR_IRQS:16 nr_irqs:16 16
[    0.000000] /interrupt-controller@60004000: 160 interrupts forwarded to /interrupt-controller@50041000
[    0.000000] L2C: platform modifies aux control register: 0x02080000 -> 0x3e480001
[    0.000000] L2C: DT/platform modifies aux control register: 0x02080000 -> 0x3e480001
[    0.000000] L2C-310 erratum 769419 enabled
[    0.000000] L2C-310 enabling early BRESP for Cortex-A9
[    0.000000] L2C-310: enabling full line of zeros but not enabled in Cortex-A9
[    0.000000] L2C-310 dynamic clock gating enabled, standby mode enabled
[    0.000000] L2C-310 cache controller enabled, 8 ways, 1024 kB
[    0.000000] L2C-310: CACHE_ID 0x410000c7, AUX_CTRL 0x4e480001
[    0.000013] sched_clock: 32 bits at 1000kHz, resolution 1000ns, wraps every 2147483647500ns
[    0.000031] clocksource: timer_us: mask: 0xffffffff max_cycles: 0xffffffff, max_idle_ns: 1911260446275 ns
[    0.000040] Switching to timer-based delay loop, resolution 1000ns
[    0.002730] Console: colour dummy device 80x30
[    0.002756] Calibrating delay loop (skipped), value calculated using timer frequency.. 2.00 BogoMIPS (lpj=5000)
[    0.002765] pid_max: default: 32768 minimum: 301
[    0.002850] Mount-cache hash table entries: 2048 (order: 1, 8192 bytes)
[    0.002857] Mountpoint-cache hash table entries: 2048 (order: 1, 8192 bytes)
[    0.003289] CPU: Testing write buffer coherency: ok
[    0.003569] CPU0: thread -1, cpu 0, socket 0, mpidr 80000000
[    0.003641] Setting up static identity map for 0x80300000 - 0x80300098
[    0.005932] Tegra Revision: A03 SKU: 128 CPU Process: 4 SoC Process: 0
[    0.007230] CPU1: thread -1, cpu 1, socket 0, mpidr 80000001
[    0.007923] CPU2: thread -1, cpu 2, socket 0, mpidr 80000002
[    0.008591] CPU3: thread -1, cpu 3, socket 0, mpidr 80000003
[    0.008634] Brought up 4 CPUs
[    0.008648] SMP: Total of 4 processors activated (8.00 BogoMIPS).
[    0.008653] CPU: All CPU(s) started in SVC mode.
[    0.009347] devtmpfs: initialized
[    0.017677] VFP support v0.3: implementor 41 architecture 3 part 30 variant 9 rev 4
[    0.018355] clocksource: jiffies: mask: 0xffffffff max_cycles: 0xffffffff, max_idle_ns: 9556302231375000 ns
[    0.021825] pinctrl core: initialized pinctrl subsystem
[    0.023444] NET: Registered protocol family 16
[    0.026202] DMA: preallocated 256 KiB pool for atomic coherent allocations
[    0.039929] cpuidle: using governor menu
[    0.048513] No ATAGs?
[    0.048544] hw-breakpoint: found 5 (+1 reserved) breakpoint and 1 watchpoint registers.
[    0.048550] hw-breakpoint: maximum watchpoint size is 4 bytes.
[    0.051763] Serial: AMBA PL011 UART driver
[    0.053023] tegra-mc 7000f000.memory-controller: no memory timings for RAM code 3 registered
[    0.073050] vdd_5v_sata: Failed to request enable GPIO30: -517
[    0.073064] reg-fixed-voltage regulators:regulator@3: Failed to register regulator: -517
[    0.073109] usb1_vbus: Failed to request enable GPIO238: -517
[    0.073117] reg-fixed-voltage regulators:regulator@4: Failed to register regulator: -517
[    0.073159] usb3_vbus: Failed to request enable GPIO236: -517
[    0.073166] reg-fixed-voltage regulators:regulator@5: Failed to register regulator: -517
[    0.073254] sys_3v3_pexs: Failed to request enable GPIO95: -517
[    0.073261] reg-fixed-voltage regulators:regulator@7: Failed to register regulator: -517
[    0.075389] vgaarb: loaded
[    0.076001] SCSI subsystem initialized
[    0.076118] libata version 3.00 loaded.
[    0.076302] usbcore: registered new interface driver usbfs
[    0.076339] usbcore: registered new interface driver hub
[    0.076374] usbcore: registered new device driver usb
[    0.131721] pps_core: LinuxPPS API ver. 1 registered
[    0.131730] pps_core: Software ver. 5.3.6 - Copyright 2005-2007 Rodolfo Giometti <giometti@linux.it>
[    0.131745] PTP clock support registered
[    0.131893] EDAC MC: Ver: 3.0.0
[    0.133541] clocksource: Switched to clocksource timer_us
[    0.139383] NET: Registered protocol family 2
[    0.139790] TCP established hash table entries: 8192 (order: 3, 32768 bytes)
[    0.139844] TCP bind hash table entries: 8192 (order: 4, 65536 bytes)
[    0.139927] TCP: Hash tables configured (established 8192 bind 8192)
[    0.140002] UDP hash table entries: 512 (order: 2, 16384 bytes)
[    0.140060] UDP-Lite hash table entries: 512 (order: 2, 16384 bytes)
[    0.140249] NET: Registered protocol family 1
[    0.140469] RPC: Registered named UNIX socket transport module.
[    0.140477] RPC: Registered udp transport module.
[    0.140481] RPC: Registered tcp transport module.
[    0.140485] RPC: Registered tcp NFSv4.1 backchannel transport module.
[    0.140506] PCI: CLS 0 bytes, default 64
[    0.141258] hw perfevents: enabled with armv7_cortex_a9 PMU driver, 7 counters available
[    0.142252] futex hash table entries: 1024 (order: 4, 65536 bytes)
[    0.142797] workingset: timestamp_bits=28 max_order=19 bucket_order=0
[    0.148135] squashfs: version 4.0 (2009/01/31) Phillip Lougher
[    0.148638] NFS: Registering the id_resolver key type
[    0.148675] Key type id_resolver registered
[    0.148680] Key type id_legacy registered
[    0.148722] ntfs: driver 2.1.32 [Flags: R/O].
[    0.149566] bounce: pool size: 64 pages
[    0.149693] Block layer SCSI generic (bsg) driver version 0.4 loaded (major 248)
[    0.149706] io scheduler noop registered
[    0.149714] io scheduler deadline registered
[    0.149734] io scheduler cfq registered (default)
[    0.155177] tegra30-pinctrl 70000868.pinmux: invalid group "sdmmc3_dat6_pd3" for function "rsvd1"
[    0.155190] tegra30-pinctrl 70000868.pinmux: invalid group "sdmmc3_dat7_pd4" for function "rsvd1"
[    0.155205] tegra30-pinctrl 70000868.pinmux: invalid group "vi_vsync_pd6" for function "rsvd1"
[    0.155214] tegra30-pinctrl 70000868.pinmux: invalid group "vi_hsync_pd7" for function "rsvd1"
[    0.155678] tegra30-pinctrl 70000868.pinmux: invalid group "hdmi_int_pn7" for function "rsvd1"
[    0.155723] tegra30-pinctrl 70000868.pinmux: invalid group "ulpi_data3_po4" for function "rsvd1"
[    0.156052] tegra30-pinctrl 70000868.pinmux: invalid group "vi_d10_pt2" for function "rsvd1"
[    0.156065] tegra30-pinctrl 70000868.pinmux: invalid group "vi_d11_pt3" for function "rsvd1"
[    0.156076] tegra30-pinctrl 70000868.pinmux: invalid group "vi_d0_pt4" for function "rsvd1"
[    0.156117] tegra30-pinctrl 70000868.pinmux: invalid group "pu0" for function "rsvd1"
[    0.156148] tegra30-pinctrl 70000868.pinmux: invalid group "pu3" for function "rsvd1"
[    0.156178] tegra30-pinctrl 70000868.pinmux: invalid group "pu6" for function "rsvd1"
[    0.156219] tegra30-pinctrl 70000868.pinmux: invalid group "pv3" for function "rsvd1"
[    0.156715] tegra30-pinctrl 70000868.pinmux: invalid group "pbb0" for function "rsvd1"
[    0.156830] tegra30-pinctrl 70000868.pinmux: invalid group "pcc1" for function "rsvd1"
[    0.162170] tegra-pcie 3000.pcie-controller: 2x3 configuration
[    0.162283] vdd_1v5_gen: supplied by vdd_5v_in
[    0.162330] vdd_pexa,vdd_pexb: supplied by vdd_1v5_gen
[    0.162427] tegra-pcie 3000.pcie-controller: Failed to get supply 'hvdd-pex': -517
[    0.166267] tegra-apbdma 6000a000.dma: Tegra20 APB DMA driver register 32 channels
[    0.167423] tegra-pmc 7000e400.pmc: i2c-thermtrip node not found, emergency thermal reset disabled.
[    0.199294] Serial: 8250/16550 driver, 4 ports, IRQ sharing disabled
[    0.201405] console [ttyS0] disabled
[    0.201442] 70006000.serial: ttyS0 at MMIO 0x70006000 (irq = 331, base_baud = 25500000) is a Tegra
[    1.124762] console [ttyS0] enabled
[    1.128752] SuperH (H)SCI(F) driver initialized
[    1.133879] msm_serial: driver initialized
[    1.138078] STMicroelectronics ASC driver initialized
[    1.144765] [drm] Initialized drm 1.1.0 20060810
[    1.151232] tegra-hdmi 54280000.hdmi: failed to get HDMI regulator
[    1.165054] brd: module loaded
[    1.171947] loop: module loaded
[    1.180185] m25p80 spi32766.1: w25q32 (4096 Kbytes)
[    1.187039] libphy: Fixed MDIO Bus: probed
[    1.191563] CAN device driver interface
[    1.196571] igb: Intel(R) Gigabit Ethernet Network Driver - version 5.3.0-k
[    1.203531] igb: Copyright (c) 2007-2014 Intel Corporation.
[    1.210965] pegasus: v0.9.3 (2013/04/25), Pegasus/Pegasus II USB Ethernet driver
[    1.218403] usbcore: registered new interface driver pegasus
[    1.224091] usbcore: registered new interface driver asix
[    1.229511] usbcore: registered new interface driver ax88179_178a
[    1.235622] usbcore: registered new interface driver cdc_ether
[    1.241487] usbcore: registered new interface driver smsc75xx
[    1.247262] usbcore: registered new interface driver smsc95xx
[    1.253025] usbcore: registered new interface driver net1080
[    1.258702] usbcore: registered new interface driver cdc_subset
[    1.264640] usbcore: registered new interface driver zaurus
[    1.270263] usbcore: registered new interface driver cdc_ncm
[    1.277266] ehci_hcd: USB 2.0 'Enhanced' Host Controller (EHCI) Driver
[    1.283796] ehci-pci: EHCI PCI platform driver
[    1.288263] ehci-platform: EHCI generic platform driver
[    1.293622] ehci-omap: OMAP-EHCI Host Controller driver
[    1.298926] ehci-orion: EHCI orion driver
[    1.303000] SPEAr-ehci: EHCI SPEAr driver
[    1.307088] ehci-st: EHCI STMicroelectronics driver
[    1.312042] ehci-exynos: EHCI EXYNOS driver
[    1.316316] ehci-atmel: EHCI Atmel driver
[    1.320402] tegra-ehci: Tegra EHCI driver
[    1.324738] ohci_hcd: USB 1.1 'Open' Host Controller (OHCI) Driver
[    1.330926] ohci-pci: OHCI PCI platform driver
[    1.335400] ohci-platform: OHCI generic platform driver
[    1.340726] ohci-omap3: OHCI OMAP3 driver
[    1.344814] SPEAr-ohci: OHCI SPEAr driver
[    1.348909] ohci-st: OHCI STMicroelectronics driver
[    1.353862] ohci-atmel: OHCI Atmel driver
[    1.358293] usbcore: registered new interface driver usb-storage
[    1.365321] mousedev: PS/2 mouse device common for all mice
[    1.372926] tegra_rtc 7000e000.rtc: rtc core: registered 7000e000.rtc as rtc1
[    1.380099] tegra_rtc 7000e000.rtc: Tegra internal Real Time Clock
[    1.398805] tps65910-rtc tps65910-rtc: rtc core: registered tps65910-rtc as rtc0
[    1.406395] i2c /dev entries driver
[    1.416800] sdhci: Secure Digital Host Controller Interface driver
[    1.422980] sdhci: Copyright(c) Pierre Ossman
[    1.428278] Synopsys Designware Multimedia Card Interface Driver
[    1.434950] sdhci-pltfm: SDHCI platform and OF driver helper
[    1.441143] sdhci-tegra 78000000.sdhci: Got CD GPIO
[    1.446031] sdhci-tegra 78000000.sdhci: Got WP GPIO
[    1.452055] mmc0: Invalid maximum block size, assuming 512 bytes
[    1.493639] mmc0: SDHCI controller on 78000000.sdhci [78000000.sdhci] using ADMA
[    1.502247] mmc1: Invalid maximum block size, assuming 512 bytes
[    1.543548] mmc1: SDHCI controller on 78000600.sdhci [78000600.sdhci] using ADMA
[    1.552224] ledtrig-cpu: registered to indicate activity on CPUs
[    1.558465] usbcore: registered new interface driver usbhid
[    1.564035] usbhid: USB HID core driver
[    1.571139] NET: Registered protocol family 10
[    1.576208] sit: IPv6 over IPv4 tunneling driver
[    1.583306] NET: Registered protocol family 17
[    1.587761] can: controller area network core (rev 20120528 abi 9)
[    1.593982] NET: Registered protocol family 29
[    1.598417] can: raw protocol (rev 20120528)
[    1.602687] can: broadcast manager protocol (rev 20120528 t)
[    1.608347] can: netlink gateway (rev 20130117) max_hops=1
[    1.614116] Key type dns_resolver registered
[    1.618793] ThumbEE CPU extension supported.
[    1.623060] Registering SWP/SWPB emulation handler
[    1.658889] tegra-pcie 3000.pcie-controller: 2x3 configuration
[    1.664860] sys_3v3,vdd_3v3_alw: supplied by vdd_5v_in
[    1.670037] sys_3v3_pexs: supplied by sys_3v3,vdd_3v3_alw
[    1.679581] tegra-pcie 3000.pcie-controller: probing port 0, using 2 lanes
[    1.711879] mmc1: new high speed MMC card at address 0001
[    1.721739] mmcblk1: mmc1:0001 SEM16G 14.8 GiB 
[    1.733058] mmcblk1boot0: mmc1:0001 SEM16G partition 1 1.00 MiB
[    1.743381] mmc0: error -110 whilst initialising SD card
[    1.744760] tegra-pcie 3000.pcie-controller: probing port 2, using 2 lanes
[    1.760985] mmcblk1boot1: mmc1:0001 SEM16G partition 2 1.00 MiB
[    1.767833] mmcblk1rpmb: mmc1:0001 SEM16G partition 3 128 KiB
[    1.782016] Primary GPT is invalid, using alternate GPT.
[    1.787336]  mmcblk1: p1 p2 p3 p4 p5
[    2.148639] tegra-pcie 3000.pcie-controller: link 2 down, retrying
[    2.558551] tegra-pcie 3000.pcie-controller: link 2 down, retrying
[    2.968473] tegra-pcie 3000.pcie-controller: link 2 down, retrying
[    2.976662] tegra-pcie 3000.pcie-controller: link 2 down, ignoring
[    2.982969] tegra-pcie 3000.pcie-controller: PCI host bridge to bus 0000:00
[    2.989927] pci_bus 0000:00: root bus resource [io  0x0000-0xffff]
[    2.996097] pci_bus 0000:00: root bus resource [mem 0x20000000-0x27ffffff]
[    3.002962] pci_bus 0000:00: root bus resource [mem 0x28000000-0x3fffffff pref]
[    3.010259] pci_bus 0000:00: root bus resource [bus 00-ff]
[    3.015759] pci 0000:00:01.0: [10de:0e1c] type 01 class 0x060400
[    3.021818] pci 0000:00:01.0: PME# supported from D0 D1 D2 D3hot D3cold
[    3.028573] PCI: bus0: Fast back to back transfers disabled
[    3.034140] pci 0000:00:01.0: bridge configuration invalid ([bus 00-00]), reconfiguring
[    3.042233] pci 0000:01:00.0: [10ec:8168] type 00 class 0x020000
[    3.048247] pci 0000:01:00.0: reg 0x10: [io  0x0000-0x00ff]
[    3.053825] pci 0000:01:00.0: reg 0x18: [mem 0x00000000-0x00000fff 64bit pref]
[    3.061044] pci 0000:01:00.0: reg 0x20: [mem 0x00000000-0x00003fff 64bit pref]
[    3.068327] pci 0000:01:00.0: supports D1 D2
[    3.072591] pci 0000:01:00.0: PME# supported from D0 D1 D2 D3hot D3cold
[    3.088558] PCI: bus1: Fast back to back transfers disabled
[    3.094128] pci_bus 0000:01: busn_res: [bus 01-ff] end is updated to 01
[    3.100796] pci 0000:00:01.0: BAR 9: assigned [mem 0x28000000-0x280fffff 64bit pref]
[    3.108530] pci 0000:00:01.0: BAR 7: assigned [io  0x1000-0x1fff]
[    3.114618] pci 0000:01:00.0: BAR 4: assigned [mem 0x28000000-0x28003fff 64bit pref]
[    3.122358] pci 0000:01:00.0: BAR 2: assigned [mem 0x28004000-0x28004fff 64bit pref]
[    3.130096] pci 0000:01:00.0: BAR 0: assigned [io  0x1000-0x10ff]
[    3.136183] pci 0000:00:01.0: PCI bridge to [bus 01]
[    3.141140] pci 0000:00:01.0:   bridge window [io  0x1000-0x1fff]
[    3.147224] pci 0000:00:01.0:   bridge window [mem 0x28000000-0x280fffff 64bit pref]
[    3.154970] pci 0000:00:01.0: nv_msi_ht_cap_quirk didn't locate host bridge
[    3.162017] pcieport 0000:00:01.0: enabling device (0140 -> 0143)
[    3.168241] pcieport 0000:00:01.0: Signaling PME through PCIe PME interrupt
[    3.175195] pci 0000:01:00.0: Signaling PME through PCIe PME interrupt
[    3.181713] pcie_pme 0000:00:01.0:pcie01: service driver pcie_pme loaded
[    3.188590] r8169 Gigabit Ethernet driver 2.3LK-NAPI loaded
[    3.194172] r8169 0000:01:00.0: enabling device (0140 -> 0143)
[    3.200901] r8169 0000:01:00.0 eth0: RTL8168evl/8111evl at 0xf09f2000, 02:04:4b:01:60:a6, XID 0c900800 IRQ 375
[    3.210894] r8169 0000:01:00.0 eth0: jumbo features [frames: 9200 bytes, tx checksumming: ko]
[    3.220355] +VDD_5V_HDMI: supplied by sys_3v3,vdd_3v3_alw
[    3.225845] vdd_1v8_gen: supplied by vdd_5v_in
[    3.232717] [drm] Supports vblank timestamp caching Rev 2 (21.10.2013).
[    3.239340] [drm] No driver support for vblank timestamp query.
[    3.245277] drm drm: No connectors reported connected with modes
[    3.251283] [drm] Cannot find any crtc or sizes - going 1024x768
[    3.287669] Console: switching to colour frame buffer device 128x48
[    3.300374] drm drm: fb0:  frame buffer device
[    3.408929] [drm] Initialized tegra 0.0.0 20120330 on minor 0
[    3.417650] usb3_vbus: supplied by vdd_5v_in
[    3.424169] utmi_phy_clk_enable: timeout waiting for phy to stabilize
[    3.430630] tegra-ehci 7d004000.usb: EHCI Host Controller
[    3.436041] tegra-ehci 7d004000.usb: new USB bus registered, assigned bus number 1
[    3.443912] tegra-ehci 7d004000.usb: irq 343, io mem 0x7d004000
[    3.458932] tegra-ehci 7d004000.usb: USB 2.0 started, EHCI 1.00
[    3.466160] hub 1-0:1.0: USB hub found
[    3.469940] hub 1-0:1.0: 1 port detected
[    3.474893] tegra-ehci 7d008000.usb: EHCI Host Controller
[    3.480309] tegra-ehci 7d008000.usb: new USB bus registered, assigned bus number 2
[    3.488115] tegra-ehci 7d008000.usb: irq 344, io mem 0x7d008000
[    3.503943] tegra-ehci 7d008000.usb: USB 2.0 started, EHCI 1.00
[    3.511079] hub 2-0:1.0: USB hub found
[    3.514844] hub 2-0:1.0: 1 port detected
[    3.525195] tps65910-rtc tps65910-rtc: setting system clock to 2000-01-01 00:00:02 UTC (946684802)
[    3.538971] vdd_sata,avdd_plle: disabling
[    3.543741] usb1_vbus: disabling
[    3.549653] EXT4-fs (mmcblk1p1): mounting ext3 file system using the ext4 subsystem
[    3.565046] EXT4-fs (mmcblk1p1): warning: mounting fs with errors, running e2fsck is recommended
[    3.575302] EXT4-fs (mmcblk1p1): recovery complete
[    3.580101] EXT4-fs (mmcblk1p1): mounted filesystem with ordered data mode. Opts: (null)
[    3.588207] VFS: Mounted root (ext3 filesystem) on device 179:1.
[    3.598349] devtmpfs: mounted
[    3.604250] Freeing unused kernel memory: 2048K (c1100000 - c1300000)
bash: cannot set terminal process group (-1): Inappropriate ioctl for device
bash: no job control in this shell
root@(none):/# [    3.829331] usb 2-1: new high-speed USB device number 2 using tegra-ehci
mount -t sysfs none /sys
root@(none):/# 
root@(none):/# [    4.780405] asix 2-1:1.0 eth1: register 'asix' at usb-7d008000.usb-1, ASIX AX88772 USB 2.0 Ethernet, 00:50:b6:0f:67:60
mount -t debugfs none /sys/kernel/debug
root@(none):/# 
root@(none):/# rtcwake -d rtc1 -m mem -s 3
rtcwake: wakeup from "mem" using /dev/rtc1 at Thu Jan  1 00:00:21 1970
[    6.465992] PM: Syncing filesystems ... done.
[    6.479105] Freezing user space processes ... (elapsed 0.001 seconds) done.
[    6.487195] Freezing remaining freezable tasks ... (elapsed 0.001 seconds) done.
[    6.495838] Suspending console(s) (use no_console_suspend to debug)
[    6.536736] PM: suspend of devices complete after 33.622 msecs
[    6.538209] PM: late suspend of devices complete after 1.466 msecs
[    6.554010] PM: noirq suspend of devices complete after 15.794 msecs
[    6.554013] Disabling non-boot CPUs ...
[    6.554375] IRQ17 no longer affine to CPU1
[    6.554687] CPU1: shutdown
[    6.579888] CPU2: shutdown
[    6.594556] CPU3: shutdown
[    6.609008] Entering suspend state LP1
[    6.609020] Enabling non-boot CPUs ...
[    6.634533] CPU1 is up
[    6.659634] CPU2 is up
[    6.684771] CPU3 is up
[    6.685385] pcieport 0000:00:01.0: nv_msi_ht_cap_quirk didn't locate host bridge
[    6.698612] PM: noirq resume of devices complete after 13.833 msecs
[    6.699625] PM: early resume of devices complete after 0.615 msecs
[    6.765586] PM: resume of devices complete after 65.953 msecs
[    6.840801] Restarting tasks ... done.
root@(none):/# 
root@(none):/# rtcwake -d rtc1 -m mem -s 3
rtcwake: wakeup from "mem" using /dev/rtc1 at Thu Jan  1 00:00:25 1970
[    7.246857] PM: Syncing filesystems ... done.
[   11.108893] Freezing user space processes ... (elapsed 0.001 seconds) done.
[   11.116981] Freezing remaining freezable tasks ... (elapsed 0.001 seconds) done.
[   11.125599] Suspending console(s) (use no_console_suspend to debug)
