
U-Boot SPL 2014.01-00219-gc4d376f (Feb 18 2014 - 19:57:32)


U-Boot 2014.01-00219-gc4d376f (Feb 18 2014 - 19:57:32)

TEGRA114
Board: NVIDIA Dalmore
I2C:   ready
DRAM:  2 GiB
MMC:   Tegra SD/MMC: 0, Tegra SD/MMC: 1
In:    serial
Out:   serial
Err:   serial
Net:   Net Initialization Skipped
No ethernet found.
Hit any key to stop autoboot:  2  0 
Tegra114 (Dalmore) # 
Tegra114 (Dalmore) # usb reset
(Re)start USB...
USB0:   USB EHCI 1.10
scanning bus 0 for devices... 2 USB Device(s) found
       scanning usb for storage devices... 0 Storage Device(s) found
       scanning usb for ethernet devices... 
Warning: asx0 using MAC address from net device
1 Ethernet Device(s) found
Tegra114 (Dalmore) # setenv bootargs 'ignore_loglevel console=ttyS0,115200n8 rw root=PARTUUID=7369c667-ff51-ec4a-29cd-baabf2fbe346 rootwait gpt debug earlyprintk init=/bin/bash'
Tegra114 (Dalmore) # setenv ipaddr 192.168.100.100; setenv serverip 192.168.100.1; setenv tftpserverip 192.168.100.1
Tegra114 (Dalmore) # tftpboot 0x81000000 zImage.multi_v7_defconfig
Using asx0 device
TFTP from server 192.168.100.1; our IP address is 192.168.100.100
Filename 'zImage.multi_v7_defconfig'.
Load address: 0x81000000
Loading: *#################################################################
	 #################################################################
	 #################################################################
	 #################################################################
	 #################################################################
	 #################################################################
	 #################################################################
	 #################################################################
	 ####################
	 3.2 MiB/s
done
Bytes transferred = 7915264 (78c700 hex)
Tegra114 (Dalmore) # tftpboot 0x82000000 tegra114-dalmore.dtb
Using asx0 device
TFTP from server 192.168.100.1; our IP address is 192.168.100.100
Filename 'tegra114-dalmore.dtb'.
Load address: 0x82000000
Loading: *###
	 2.8 MiB/s
done
Bytes transferred = 35044 (88e4 hex)
Tegra114 (Dalmore) # bootz 0x81000000 - 0x82000000
Kernel image @ 0x81000000 [ 0x000000 - 0x78c700 ]
## Flattened Device Tree blob at 82000000
   Booting using the fdt blob at 0x82000000
   Loading Device Tree to 8fff4000, end 8ffff8e3 ... OK

Starting kernel ...

[    0.000000] Booting Linux on physical CPU 0x0
[    0.000000] Linux version 4.12.0-rc1-170893-ge99b6f1 (jonathanh@sellafield) (gcc version 4.7.3 20130328 (prerelease) (crosstool-NG linaro-1.13.1-4.7-2013.04-20130415 - Linaro GCC 2013.04) ) #1 SMP Tue May 30 04:10:12 PDT 2017
[    0.000000] CPU: ARMv7 Processor [412fc0f2] revision 2 (ARMv7), cr=10c5387d
[    0.000000] CPU: div instructions available: patching division code
[    0.000000] CPU: PIPT / VIPT nonaliasing data cache, PIPT instruction cache
[    0.000000] OF: fdt: Machine model: NVIDIA Tegra114 Dalmore evaluation board
[    0.000000] debug: ignoring loglevel setting.
[    0.000000] Memory policy: Data cache writealloc
[    0.000000] efi: Getting EFI parameters from FDT:
[    0.000000] efi: UEFI not found.
[    0.000000] cma: Reserved 64 MiB at 0xfb800000
[    0.000000] On node 0 totalpages: 524032
[    0.000000] free_area_init_node: node 0, pgdat c157fd40, node_mem_map eeff8000
[    0.000000]   DMA zone: 1536 pages used for memmap
[    0.000000]   DMA zone: 0 pages reserved
[    0.000000]   DMA zone: 196608 pages, LIFO batch:31
[    0.000000]   HighMem zone: 327424 pages, LIFO batch:31
[    0.000000] percpu: Embedded 17 pages/cpu @eef98000 s39168 r8192 d22272 u69632
[    0.000000] pcpu-alloc: s39168 r8192 d22272 u69632 alloc=17*4096
[    0.000000] pcpu-alloc: [0] 0 [0] 1 [0] 2 [0] 3 
[    0.000000] Built 1 zonelists in Zone order, mobility grouping on.  Total pages: 522496
[    0.000000] Kernel command line: ignore_loglevel console=ttyS0,115200n8 rw root=PARTUUID=7369c667-ff51-ec4a-29cd-baabf2fbe346 rootwait gpt debug earlyprintk init=/bin/bash
[    0.000000] PID hash table entries: 4096 (order: 2, 16384 bytes)
[    0.000000] Dentry cache hash table entries: 131072 (order: 7, 524288 bytes)
[    0.000000] Inode-cache hash table entries: 65536 (order: 6, 262144 bytes)
[    0.000000] Memory: 1993540K/2096128K available (10240K kernel code, 1566K rwdata, 4388K rodata, 2048K init, 409K bss, 37052K reserved, 65536K cma-reserved, 1244160K highmem)
[    0.000000] Virtual kernel memory layout:
[    0.000000]     vector  : 0xffff0000 - 0xffff1000   (   4 kB)
[    0.000000]     fixmap  : 0xffc00000 - 0xfff00000   (3072 kB)
[    0.000000]     vmalloc : 0xf0800000 - 0xff800000   ( 240 MB)
[    0.000000]     lowmem  : 0xc0000000 - 0xf0000000   ( 768 MB)
[    0.000000]     pkmap   : 0xbfe00000 - 0xc0000000   (   2 MB)
[    0.000000]     modules : 0xbf000000 - 0xbfe00000   (  14 MB)
[    0.000000]       .text : 0xc0208000 - 0xc0d00000   (11232 kB)
[    0.000000]       .init : 0xc1200000 - 0xc1400000   (2048 kB)
[    0.000000]       .data : 0xc1400000 - 0xc15879b0   (1567 kB)
[    0.000000]        .bss : 0xc1590d04 - 0xc15f74d8   ( 410 kB)
[    0.000000] SLUB: HWalign=64, Order=0-3, MinObjects=0, CPUs=4, Nodes=1
[    0.000000] Hierarchical RCU implementation.
[    0.000000] 	RCU debugfs-based tracing is enabled.
[    0.000000] 	RCU restricting CPUs from NR_CPUS=16 to nr_cpu_ids=4.
[    0.000000] RCU: Adjusting geometry for rcu_fanout_leaf=16, nr_cpu_ids=4
[    0.000000] NR_IRQS:16 nr_irqs:16 16
[    0.000000] /interrupt-controller@60004000: 160 interrupts forwarded to /interrupt-controller@50041000
[    0.000000] Tegra clk 127: register failed with -17
[    0.000008] sched_clock: 32 bits at 1000kHz, resolution 1000ns, wraps every 2147483647500ns
[    0.000027] clocksource: timer_us: mask: 0xffffffff max_cycles: 0xffffffff, max_idle_ns: 1911260446275 ns
[    0.000043] Switching to timer-based delay loop, resolution 1000ns
[    0.003116] arch_timer: cp15 timer(s) running at 12.00MHz (virt).
[    0.003135] clocksource: arch_sys_counter: mask: 0xffffffffffffff max_cycles: 0x2c47f4ee7, max_idle_ns: 440795202497 ns
[    0.003154] sched_clock: 56 bits at 12MHz, resolution 83ns, wraps every 4398046511096ns
[    0.003169] Switching to timer-based delay loop, resolution 83ns
[    0.003552] Console: colour dummy device 80x30
[    0.003582] Calibrating delay loop (skipped), value calculated using timer frequency.. 24.00 BogoMIPS (lpj=120000)
[    0.003600] pid_max: default: 32768 minimum: 301
[    0.003693] Mount-cache hash table entries: 2048 (order: 1, 8192 bytes)
[    0.003707] Mountpoint-cache hash table entries: 2048 (order: 1, 8192 bytes)
[    0.004219] CPU: Testing write buffer coherency: ok
[    0.004453] /cpus/cpu@0 missing clock-frequency property
[    0.004484] /cpus/cpu@1 missing clock-frequency property
[    0.004515] /cpus/cpu@2 missing clock-frequency property
[    0.004546] /cpus/cpu@3 missing clock-frequency property
[    0.004560] CPU0: thread -1, cpu 0, socket 0, mpidr 80000000
[    0.004853] Setting up static identity map for 0x80300000 - 0x803000a0
[    0.007360] Tegra Revision: A01 SKU: 0 CPU Process: 1 SoC Process: 0
[    0.007981] EFI services will not be available.
[    0.008213] smp: Bringing up secondary CPUs ...
[    0.008834] CPU1: thread -1, cpu 1, socket 0, mpidr 80000001
[    0.009539] CPU2: thread -1, cpu 2, socket 0, mpidr 80000002
[    0.010240] CPU3: thread -1, cpu 3, socket 0, mpidr 80000003
[    0.010328] smp: Brought up 1 node, 4 CPUs
[    0.010350] SMP: Total of 4 processors activated (96.00 BogoMIPS).
[    0.010360] CPU: All CPU(s) started in SVC mode.
[    0.011845] devtmpfs: initialized
[    0.020995] VFP support v0.3: implementor 41 architecture 4 part 30 variant f rev 0
[    0.021333] clocksource: jiffies: mask: 0xffffffff max_cycles: 0xffffffff, max_idle_ns: 19112604462750000 ns
[    0.021353] futex hash table entries: 1024 (order: 4, 65536 bytes)
[    0.022838] pinctrl core: initialized pinctrl subsystem
[    0.024586] NET: Registered protocol family 16
[    0.026779] DMA: preallocated 256 KiB pool for atomic coherent allocations
[    0.028914] cpuidle: using governor menu
[    0.051707] No ATAGs?
[    0.051834] hw-breakpoint: found 5 (+1 reserved) breakpoint and 4 watchpoint registers.
[    0.051850] hw-breakpoint: maximum watchpoint size is 8 bytes.
[    0.057376] Serial: AMBA PL011 UART driver
[    0.058117] tegra-mc 70019000.memory-controller: no memory timings for RAM code 3 registered
[    0.072736] AT91: Could not find identification node
[    0.073248] dvdd_ts: Failed to request enable GPIO61: -517
[    0.073270] reg-fixed-voltage regulators:regulator@1: Failed to register regulator: -517
[    0.073377] usb1_vbus: Failed to request enable GPIO108: -517
[    0.073393] reg-fixed-voltage regulators:regulator@3: Failed to register regulator: -517
[    0.073498] usb2_vbus: Failed to request enable GPIO86: -517
[    0.073513] reg-fixed-voltage regulators:regulator@4: Failed to register regulator: -517
[    0.073952] VDD_5V0_HDMI_CON: Failed to request enable GPIO81: -517
[    0.073967] reg-fixed-voltage regulators:regulator@7: Failed to register regulator: -517
[    0.076383] vgaarb: loaded
[    0.077132] SCSI subsystem initialized
[    0.077294] libata version 3.00 loaded.
[    0.077516] usbcore: registered new interface driver usbfs
[    0.077570] usbcore: registered new interface driver hub
[    0.077630] usbcore: registered new device driver usb
[    0.080834] tps65090 2-0048: No cache defaults, reading back from HW
[    0.082723] TPS65090_RAILSDCDC1: supplied by vdd_ac_bat
[    0.083800] TPS65090_RAILSDCDC2: supplied by vdd_ac_bat
[    0.084862] TPS65090_RAILSDCDC3: supplied by vdd_ac_bat
[    0.085388] TPS65090_RAILSFET1: supplied by vdd_ac_bat
[    0.085758] TPS65090_RAILSFET2: supplied by vdd_ac_bat
[    0.086112] TPS65090_RAILSFET3: supplied by vdd-sys-3v3
[    0.086625] TPS65090_RAILSFET4: supplied by vdd-sys-3v3
[    0.087152] TPS65090_RAILSFET5: supplied by vdd-sys-3v3
[    0.087668] TPS65090_RAILSFET6: supplied by vdd-sys-3v3
[    0.088498] TPS65090_RAILSFET7: supplied by vdd-sys-3v3
[    0.089018] TPS65090_RAILSLDO1: supplied by vdd_ac_bat
[    0.089222] TPS65090_RAILSLDO2: supplied by vdd_ac_bat
[    0.090123] palmas 2-0058: Irq flag is 0x00000004
[    0.092070] palmas 2-0058: Muxing GPIO ff, PWM 0, LED 0
[    0.094546] SMPS12: supplied by vdd-ao
[    0.095566] vdd_hdmi_5v0: supplied by vdd-sys-5v0
[    0.096372] SMPS3: supplied by vdd-ao
[    0.098095] SMPS457: supplied by vdd-sys-3v3
[    0.099725] SMPS6: supplied by regulator-dummy
[    0.101121] SMPS8: supplied by vdd-sys-3v3
[    0.101776] random: fast init done
[    0.102719] SMPS9: supplied by vdd-sys-3v3
[    0.103240] sdhci-vdd-sd-slot: Bringing 2840000uV into 2800000-2800000uV
[    0.104624] SMPS10_OUT2: supplied by regulator-dummy
[    0.105466] SMPS10_OUT1: supplied by regulator-dummy
[    0.106317] LDO1: supplied by vdd-sys-3v3
[    0.107428] LDO2: supplied by vdd-sys-3v3
[    0.108558] LDO3: supplied by vddio-1v8
[    0.109668] LDO4: supplied by vdd-sys-3v3
[    0.110787] LDO5: supplied by vdd_ac_bat
[    0.111479] LDO6: supplied by vdd-sys-3v3
[    0.111989] vdd-sensor-2v85: Bringing 2900000uV into 2850000-2850000uV
[    0.113328] LDO7: supplied by vdd-sys-3v3
[    0.114955] LDO8: supplied by vdd-ao
[    0.115478] vdd-rtc: Bringing 675000uV into 900000-900000uV
[    0.123866] LDO9: supplied by sdhci-vdd-sd-slot
[    0.134188] LDOLN: supplied by vdd-sys-5v0
[    0.135312] LDOUSB: supplied by vdd-sys-5v0
[    0.146478] pps_core: LinuxPPS API ver. 1 registered
[    0.146489] pps_core: Software ver. 5.3.6 - Copyright 2005-2007 Rodolfo Giometti <giometti@linux.it>
[    0.146512] PTP clock support registered
[    0.146695] EDAC MC: Ver: 3.0.0
[    0.148811] clocksource: Switched to clocksource arch_sys_counter
[    0.205835] NET: Registered protocol family 2
[    0.206359] TCP established hash table entries: 8192 (order: 3, 32768 bytes)
[    0.206461] TCP bind hash table entries: 8192 (order: 4, 65536 bytes)
[    0.206650] TCP: Hash tables configured (established 8192 bind 8192)
[    0.206736] UDP hash table entries: 512 (order: 2, 16384 bytes)
[    0.206781] UDP-Lite hash table entries: 512 (order: 2, 16384 bytes)
[    0.206934] NET: Registered protocol family 1
[    0.207256] RPC: Registered named UNIX socket transport module.
[    0.207268] RPC: Registered udp transport module.
[    0.207278] RPC: Registered tcp transport module.
[    0.207287] RPC: Registered tcp NFSv4.1 backchannel transport module.
[    0.207300] PCI: CLS 0 bytes, default 64
[    0.209787] workingset: timestamp_bits=30 max_order=19 bucket_order=0
[    0.218402] squashfs: version 4.0 (2009/01/31) Phillip Lougher
[    0.219145] NFS: Registering the id_resolver key type
[    0.219177] Key type id_resolver registered
[    0.219186] Key type id_legacy registered
[    0.219229] ntfs: driver 2.1.32 [Flags: R/O].
[    0.220906] bounce: pool size: 64 pages
[    0.220949] Block layer SCSI generic (bsg) driver version 0.4 loaded (major 248)
[    0.220962] io scheduler noop registered
[    0.220972] io scheduler deadline registered
[    0.221001] io scheduler cfq registered (default)
[    0.221013] io scheduler mq-deadline registered
[    0.221023] io scheduler kyber registered
[    0.248081] tegra_dma_runtime_resume-1507
[    0.251246] tegra-apbdma 6000a000.dma: Tegra20 APB DMA driver register 32 channels
[    0.253757] tegra-pmc 7000e400.pmc: i2c-thermtrip node not found, emergency thermal reset disabled.
[    0.308091] Serial: 8250/16550 driver, 4 ports, IRQ sharing disabled
[    0.310841] console [ttyS0] disabled
[    0.310883] 70006300.serial: ttyS0 at MMIO 0x70006300 (irq = 329, base_baud = 25500000) is a Tegra
[    1.312646] console [ttyS0] enabled
[    1.316870] SuperH (H)SCI(F) driver initialized
[    1.322308] msm_serial: driver initialized
[    1.326569] STMicroelectronics ASC driver initialized
[    1.336889] tegra-hdmi 54280000.hdmi: failed to get HDMI regulator
[    1.361265] brd: module loaded
[    1.371711] loop: module loaded
[    1.381639] spi-tegra114 7000da00.spi: Dma channel is not available: -19
[    1.390280] libphy: Fixed MDIO Bus: probed
[    1.395538] CAN device driver interface
[    1.400264] bgmac_bcma: Broadcom 47xx GBit MAC driver loaded
[    1.407117] e1000e: Intel(R) PRO/1000 Network Driver - 3.2.6-k
[    1.412960] e1000e: Copyright(c) 1999 - 2015 Intel Corporation.
[    1.418943] igb: Intel(R) Gigabit Ethernet Network Driver - version 5.4.0-k
[    1.425893] igb: Copyright (c) 2007-2014 Intel Corporation.
[    1.434631] pegasus: v0.9.3 (2013/04/25), Pegasus/Pegasus II USB Ethernet driver
[    1.442080] usbcore: registered new interface driver pegasus
[    1.447775] usbcore: registered new interface driver asix
[    1.453217] usbcore: registered new interface driver ax88179_178a
[    1.459349] usbcore: registered new interface driver cdc_ether
[    1.465221] usbcore: registered new interface driver smsc75xx
[    1.471029] usbcore: registered new interface driver smsc95xx
[    1.476798] usbcore: registered new interface driver net1080
[    1.482497] usbcore: registered new interface driver cdc_subset
[    1.488439] usbcore: registered new interface driver zaurus
[    1.494074] usbcore: registered new interface driver cdc_ncm
[    1.501607] ehci_hcd: USB 2.0 'Enhanced' Host Controller (EHCI) Driver
[    1.508126] ehci-pci: EHCI PCI platform driver
[    1.512621] ehci-platform: EHCI generic platform driver
[    1.518017] ehci-orion: EHCI orion driver
[    1.522177] SPEAr-ehci: EHCI SPEAr driver
[    1.526312] ehci-st: EHCI STMicroelectronics driver
[    1.531328] ehci-exynos: EHCI EXYNOS driver
[    1.535646] ehci-atmel: EHCI Atmel driver
[    1.539784] tegra-ehci: Tegra EHCI driver
[    1.544078] ohci_hcd: USB 1.1 'Open' Host Controller (OHCI) Driver
[    1.550280] ohci-pci: OHCI PCI platform driver
[    1.554758] ohci-platform: OHCI generic platform driver
[    1.560134] ohci-omap3: OHCI OMAP3 driver
[    1.564258] SPEAr-ohci: OHCI SPEAr driver
[    1.568386] ohci-st: OHCI STMicroelectronics driver
[    1.573401] ohci-atmel: OHCI Atmel driver
[    1.578066] usbcore: registered new interface driver usb-storage
[    1.589640] palmas-rtc 7000d000.i2c:tps65913@58:rtc: rtc core: registered 7000d000.i2c:tps659 as rtc0
[    1.600690] tegra_rtc 7000e000.rtc: rtc core: registered 7000e000.rtc as rtc1
[    1.607848] tegra_rtc 7000e000.rtc: Tegra internal Real Time Clock
[    1.614519] i2c /dev entries driver
[    1.624170] sbs-battery 0-000b: sbs_probe: Failed to get device status
[    1.630727] sbs-battery: probe of 0-000b failed with error -121
[    1.646744] sdhci: Secure Digital Host Controller Interface driver
[    1.652945] sdhci: Copyright(c) Pierre Ossman
[    1.658708] Synopsys Designware Multimedia Card Interface Driver
[    1.665885] sdhci-pltfm: SDHCI platform and OF driver helper
[    1.672260] sdhci-tegra 78000400.sdhci: Got CD GPIO
[    1.677149] sdhci-tegra 78000400.sdhci: Got WP GPIO
[    1.690363] mmc0: Invalid maximum block size, assuming 512 bytes
[    1.758944] mmc0: SDHCI controller on 78000400.sdhci [78000400.sdhci] using ADMA
[    1.775590] mmc1: Invalid maximum block size, assuming 512 bytes
[    1.838854] mmc1: SDHCI controller on 78000600.sdhci [78000600.sdhci] using ADMA
[    1.847999] ledtrig-cpu: registered to indicate activity on CPUs
[    1.854402] usbcore: registered new interface driver usbhid
[    1.859988] usbhid: USB HID core driver
[    1.867399] NET: Registered protocol family 10
[    1.872802] Segment Routing with IPv6
[    1.876517] sit: IPv6, IPv4 and MPLS over IPv4 tunneling driver
[    1.883035] NET: Registered protocol family 17
[    1.887480] can: controller area network core (rev 20170425 abi 9)
[    1.893730] NET: Registered protocol family 29
[    1.898170] can: raw protocol (rev 20170425)
[    1.902462] can: broadcast manager protocol (rev 20170425 t)
[    1.908120] can: netlink gateway (rev 20170425) max_hops=1
[    1.913923] Key type dns_resolver registered
[    1.918752] ThumbEE CPU extension supported.
[    1.923047] Registering SWP/SWPB emulation handler
[    1.941885] usb1_vbus: supplied by vdd-sys-5v0
[    1.944563] mmc0: new high speed SDHC card at address aaaa
[    1.952980] mmcblk0: mmc0:aaaa SL16G 14.8 GiB 
[    1.953324] usb2_vbus: supplied by vdd-sys-5v0
[    1.964726] VDD_5V0_HDMI_CON: supplied by vdd-sys-5v0
[    1.979161] tegra-ehci 7d008000.usb: EHCI Host Controller
[    1.979508]  mmcblk0: p1 p2 p3
[    1.987653] tegra-ehci 7d008000.usb: new USB bus registered, assigned bus number 1
[    1.995457] tegra-ehci 7d008000.usb: irq 339, io mem 0x7d008000
[    1.995738] mmc1: new high speed MMC card at address 0001
[    1.996774] mmcblk1: mmc1:0001 SEM32G 29.1 GiB 
[    1.997634] mmcblk1boot0: mmc1:0001 SEM32G partition 1 4.00 MiB
[    1.998588] mmcblk1boot1: mmc1:0001 SEM32G partition 2 4.00 MiB
[    1.999919] mmcblk1rpmb: mmc1:0001 SEM32G partition 3 4.00 MiB
[    2.004154]  mmcblk1: p1 p2 p3 p4 p5 p6 p7 p8
[    2.058948] tegra-ehci 7d008000.usb: USB 2.0 started, EHCI 1.10
[    2.066039] hub 1-0:1.0: USB hub found
[    2.069919] hub 1-0:1.0: 1 port detected
[    2.075568] input: gpio-keys as /devices/soc0/gpio-keys/input/input0
[    2.084460] palmas-rtc 7000d000.i2c:tps65913@58:rtc: setting system clock to 2001-03-23 22:47:34 UTC (985387654)
[    2.095258] vdd_hdmi_5v0: disabling
[    2.105450] dvdd_ts: disabling
[    2.108511] usb1_vbus: disabling
[    2.111811] vdd_cam_1v8_reg: disabling
[    2.115571] VDD_5V0_HDMI_CON: disabling
[    2.121093] EXT4-fs (mmcblk1p1): mounting ext3 file system using the ext4 subsystem
[    2.144223] EXT4-fs (mmcblk1p1): recovery complete
[    2.149063] EXT4-fs (mmcblk1p1): mounted filesystem with ordered data mode. Opts: (null)
[    2.157190] VFS: Mounted root (ext3 filesystem) on device 179:17.
[    2.165991] devtmpfs: mounted
[    2.171143] Freeing unused kernel memory: 2048K
bash: cannot set terminal process group (-1): Inappropriate ioctl for device
bash: no job control in this shell
root@(none):/# [    2.428950] usb 1-1: new high-speed USB device number 2 using tegra-ehci
[    3.103426] asix 1-1:1.0 eth0: register 'asix' at usb-7d008000.usb-1, ASIX AX88772 USB 2.0 Ethernet, 00:50:b6:0d:b5:16
mount -t sysfs none /sys
root@(none):/# 
root@(none):/# mount -t debugfs none /sys/kernel/debug
root@(none):/# 
root@(none):/# rtcwake -d rtc1 -m mem -s 3
rtcwake: assuming RTC uses UTC ...
rtcwake: wakeup from "mem" using /dev/rtc1 at Thu Jan  1 00:00:20 1970
[    5.344586] PM: Syncing filesystems ... done.
[    5.350638] Freezing user space processes ... (elapsed 0.001 seconds) done.
[    5.358979] OOM killer disabled.
[    5.362203] Freezing remaining freezable tasks ... (elapsed 0.001 seconds) done.
[    5.371035] Suspending console(s) (use no_console_suspend to debug)
[    5.430839] tegra_dma_pm_suspend-1523
[    5.430849] tegra_dma_runtime_resume-1507
[    5.430868] tegra_dma_pm_suspend-1551
[    5.430978] PM: suspend of devices complete after 52.473 msecs
[    5.434195] PM: late suspend of devices complete after 3.200 msecs
[    5.436209] PM: noirq suspend of devices complete after 2.003 msecs
[    5.436215] Disabling non-boot CPUs ...
[    5.474506] IRQ17 no longer affine to CPU2
[    5.582878] Entering suspend state LP1
[    5.582878] Suspended for 7.910 seconds
[    5.582898] Enabling non-boot CPUs ...
[    5.612844] CPU1 is up
[    5.653003] CPU2 is up
[    5.693649] CPU3 is up
[    5.694788] PM: noirq resume of devices complete after 1.128 msecs
[    5.697458] PM: early resume of devices complete after 2.213 msecs
[    6.238626] PM: resume of devices complete after 541.149 msecs
[    6.314197] OOM killer enabled.
[    6.317332] Restarting tasks ... done.
root@(none):/# 
root@(none):/# rtcwake -d rtc1 -m mem -s 3
rtcwake: assuming RTC uses UTC ...
rtcwake: wakeup from "mem" using /dev/rtc1 at Thu Jan  1 00:00:30 1970
[    7.440621] PM: Syncing filesystems ... done.
[    7.446325] Freezing user space processes ... (elapsed 0.001 seconds) done.
[    7.454679] OOM killer disabled.
[    7.457903] Freezing remaining freezable tasks ... (elapsed 0.001 seconds) done.
[    7.466698] Suspending console(s) (use no_console_suspend to debug)
[    7.520868] tegra_dma_pm_suspend-1523
[    7.520877] tegra_dma_runtime_resume-1507
[    7.520894] tegra_dma_pm_suspend-1551
[    7.521000] PM: suspend of devices complete after 46.802 msecs
[    7.523724] PM: late suspend of devices complete after 2.707 msecs
[    7.525688] PM: noirq suspend of devices complete after 1.954 msecs
[    7.525693] Disabling non-boot CPUs ...
[    7.564201] IRQ17 no longer affine to CPU2
[    7.652376] Entering suspend state LP1
[    7.652376] Suspended for 7.931 seconds
[    7.652397] Enabling non-boot CPUs ...
[    7.683252] CPU1 is up
[    7.722884] CPU2 is up
[    7.763533] CPU3 is up
[    7.764673] PM: noirq resume of devices complete after 1.129 msecs
[    7.767025] PM: early resume of devices complete after 1.904 msecs
[    8.306527] PM: resume of devices complete after 539.485 msecs
[    8.382108] OOM killer enabled.
[    8.385243] Restarting tasks ... done.
root@(none):/# 
root@(none):/# rtcwake -d rtc1 -m mem -s 3
rtcwake: assuming RTC uses UTC ...
rtcwake: wakeup from "mem" using /dev/rtc1 at Thu Jan  1 00:00:40 1970
[    9.510425] PM: Syncing filesystems ... done.
[    9.516131] Freezing user space processes ... (elapsed 0.001 seconds) done.
[    9.524399] OOM killer disabled.
[    9.527623] Freezing remaining freezable tasks ... (elapsed 0.001 seconds) done.
[    9.536407] Suspending console(s) (use no_console_suspend to debug)
[    9.590933] tegra_dma_pm_suspend-1523
[    9.590942] tegra_dma_runtime_resume-1507
[    9.590960] tegra_dma_pm_suspend-1551
[    9.591064] PM: suspend of devices complete after 47.149 msecs
[    9.593791] PM: late suspend of devices complete after 2.711 msecs
[    9.595918] PM: noirq suspend of devices complete after 2.112 msecs
[    9.595924] Disabling non-boot CPUs ...
[    9.772331] Entering suspend state LP1
[    9.772331] Suspended for 8.463 seconds
[    9.772352] Enabling non-boot CPUs ...
[    9.803193] CPU1 is up
[    9.842843] CPU2 is up
[    9.883495] CPU3 is up
[    9.884626] PM: noirq resume of devices complete after 1.119 msecs
[    9.886973] PM: early resume of devices complete after 1.889 msecs
[   10.430172] PM: resume of devices complete after 543.181 msecs
[   10.501610] OOM killer enabled.
[   10.504744] Restarting tasks ... done.
root@(none):/# 
root@(none):/# rtcwake -d rtc1 -m mem -s 3
rtcwake: assuming RTC uses UTC ...
rtcwake: wakeup from "mem" using /dev/rtc1 at Thu Jan  1 00:00:50 1970
[   11.047817] PM: Syncing filesystems ... done.
[   11.053177] Freezing user space processes ... (elapsed 0.001 seconds) done.
[   11.061528] OOM killer disabled.
[   11.064752] Freezing remaining freezable tasks ... (elapsed 0.001 seconds) done.
[   11.073584] Suspending console(s) (use no_console_suspend to debug)
[   11.130883] tegra_dma_pm_suspend-1523
[   11.130893] tegra_dma_runtime_resume-1507
[   11.130910] tegra_dma_pm_suspend-1551
[   11.131015] PM: suspend of devices complete after 49.943 msecs
[   11.133744] PM: late suspend of devices complete after 2.712 msecs
[   11.135886] PM: noirq suspend of devices complete after 2.127 msecs
[   11.135892] Disabling non-boot CPUs ...
[   11.292287] Entering suspend state LP1
[   11.292287] Suspended for 7.896 seconds
[   11.292308] Enabling non-boot CPUs ...
[   11.323188] CPU1 is up
[   11.362805] CPU2 is up
[   11.403467] CPU3 is up
[   11.404593] PM: noirq resume of devices complete after 1.115 msecs
[   11.407001] PM: early resume of devices complete after 1.954 msecs
[   11.946953] PM: resume of devices complete after 539.931 msecs
[   12.018466] OOM killer enabled.
[   12.021612] Restarting tasks ... done.
root@(none):/# 
root@(none):/# rtcwake -d rtc1 -m mem -s 3
rtcwake: assuming RTC uses UTC ...
rtcwake: wakeup from "mem" using /dev/rtc1 at Thu Jan  1 00:01:00 1970
[   13.161832] PM: Syncing filesystems ... done.
[   13.167559] Freezing user space processes ... (elapsed 0.001 seconds) done.
[   13.175799] OOM killer disabled.
[   13.179053] Freezing remaining freezable tasks ... (elapsed 0.001 seconds) done.
[   13.187829] Suspending console(s) (use no_console_suspend to debug)
[   13.240780] tegra_dma_pm_suspend-1523
[   13.240789] tegra_dma_runtime_resume-1507
[   13.240807] tegra_dma_pm_suspend-1551
[   13.240911] PM: suspend of devices complete after 45.578 msecs
[   13.243630] PM: late suspend of devices complete after 2.703 msecs
[   13.245759] PM: noirq suspend of devices complete after 2.115 msecs
[   13.245765] Disabling non-boot CPUs ...
[   13.246282] IRQ17 no longer affine to CPU1
[   13.372232] Entering suspend state LP1
[   13.372232] Suspended for 7.920 seconds
[   13.372252] Enabling non-boot CPUs ...
[   13.403100] CPU1 is up
[   13.442762] CPU2 is up
[   13.483402] CPU3 is up
[   13.484517] PM: noirq resume of devices complete after 1.104 msecs
[   13.487036] PM: early resume of devices complete after 2.077 msecs
[   14.028607] PM: resume of devices complete after 541.553 msecs
[   14.104195] OOM killer enabled.
[   14.107331] Restarting tasks ... done.
root@(none):/# 
root@(none):/# rtcwake -d rtc1 -m mem -s 3
rtcwake: assuming RTC uses UTC ...
rtcwake: wakeup from "mem" using /dev/rtc1 at Thu Jan  1 00:01:10 1970
[   15.229678] PM: Syncing filesystems ... done.
[   15.235396] Freezing user space processes ... (elapsed 0.001 seconds) done.
[   15.243767] OOM killer disabled.
[   15.246994] Freezing remaining freezable tasks ... (elapsed 0.001 seconds) done.
[   15.255886] Suspending console(s) (use no_console_suspend to debug)
[   15.311071] tegra_dma_pm_suspend-1523
[   15.311081] tegra_dma_runtime_resume-1507
[   15.311099] tegra_dma_pm_suspend-1551
[   15.311203] PM: suspend of devices complete after 47.836 msecs
[   15.313947] PM: late suspend of devices complete after 2.727 msecs
[   15.316071] PM: noirq suspend of devices complete after 2.109 msecs
[   15.316077] Disabling non-boot CPUs ...
[   15.316591] IRQ17 no longer affine to CPU1
[   15.442177] Entering suspend state LP1
[   15.442177] Suspended for 7.930 seconds
[   15.442198] Enabling non-boot CPUs ...
[   15.473054] CPU1 is up
[   15.512704] CPU2 is up
[   15.553341] CPU3 is up
[   15.554459] PM: noirq resume of devices complete after 1.106 msecs
[   15.557129] PM: early resume of devices complete after 2.220 msecs
[   16.096919] PM: resume of devices complete after 539.773 msecs
[   16.172472] OOM killer enabled.
[   16.175606] Restarting tasks ... done.
root@(none):/# 
root@(none):/# rtcwake -d rtc1 -m mem -s 3
rtcwake: assuming RTC uses UTC ...
rtcwake: wakeup from "mem" using /dev/rtc1 at Thu Jan  1 00:01:20 1970
[   17.297824] PM: Syncing filesystems ... done.
[   17.303576] Freezing user space processes ... (elapsed 0.001 seconds) done.
[   17.311943] OOM killer disabled.
[   17.315167] Freezing remaining freezable tasks ... (elapsed 0.001 seconds) done.
[   17.323994] Suspending console(s) (use no_console_suspend to debug)
[   17.380743] tegra_dma_pm_suspend-1523
[   17.380753] tegra_dma_runtime_resume-1507
[   17.380770] tegra_dma_pm_suspend-1551
[   17.380876] PM: suspend of devices complete after 49.392 msecs
[   17.383630] PM: late suspend of devices complete after 2.737 msecs
[   17.385756] PM: noirq suspend of devices complete after 2.110 msecs
[   17.385762] Disabling non-boot CPUs ...
[   17.522128] Entering suspend state LP1
[   17.522128] Suspended for 7.920 seconds
[   17.522148] Enabling non-boot CPUs ...
[   17.553041] CPU1 is up
[   17.592660] CPU2 is up
[   17.633315] CPU3 is up
[   17.634428] PM: noirq resume of devices complete after 1.101 msecs
[   17.636727] PM: early resume of devices complete after 1.842 msecs
[   18.178408] PM: resume of devices complete after 541.663 msecs
[   18.249830] OOM killer enabled.
[   18.252965] Restarting tasks ... done.
root@(none):/# 
root@(none):/# rtcwake -d rtc1 -m mem -s 3
rtcwake: assuming RTC uses UTC ...
rtcwake: wakeup from "mem" using /dev/rtc1 at Thu Jan  1 00:01:30 1970
[   19.380107] PM: Syncing filesystems ... done.
[   19.385822] Freezing user space processes ... (elapsed 0.001 seconds) done.
[   19.394190] OOM killer disabled.
[   19.397414] Freezing remaining freezable tasks ... (elapsed 0.001 seconds) done.
[   19.406213] Suspending console(s) (use no_console_suspend to debug)
[   19.460726] tegra_dma_pm_suspend-1523
[   19.460735] tegra_dma_runtime_resume-1507
[   19.460753] tegra_dma_pm_suspend-1551
[   19.460858] PM: suspend of devices complete after 47.139 msecs
[   19.463603] PM: late suspend of devices complete after 2.728 msecs
[   19.465592] PM: noirq suspend of devices complete after 1.978 msecs
[   19.465597] Disabling non-boot CPUs ...
[   19.622087] Entering suspend state LP1
[   19.622087] Suspended for 8.483 seconds
[   19.622107] Enabling non-boot CPUs ...
[   19.652947] CPU1 is up
[   19.692635] CPU2 is up
[   19.733271] CPU3 is up
[   19.734383] PM: noirq resume of devices complete after 1.101 msecs
[   19.736685] PM: early resume of devices complete after 1.838 msecs
[   20.277994] PM: resume of devices complete after 541.290 msecs
[   20.349441] OOM killer enabled.
[   20.352576] Restarting tasks ... done.
root@(none):/# 
root@(none):/# rtcwake -d rtc1 -m mem -s 3
rtcwake: assuming RTC uses UTC ...
rtcwake: wakeup from "mem" using /dev/rtc1 at Thu Jan  1 00:01:40 1970
[   20.899185] PM: Syncing filesystems ... done.
[   20.904898] Freezing user space processes ... (elapsed 0.001 seconds) done.
[   20.913267] OOM killer disabled.
[   20.916490] Freezing remaining freezable tasks ... (elapsed 0.001 seconds) done.
[   20.925321] Suspending console(s) (use no_console_suspend to debug)
[   20.980643] tegra_dma_pm_suspend-1523
[   20.980652] tegra_dma_runtime_resume-1507
[   20.980670] tegra_dma_pm_suspend-1551
[   20.980776] PM: suspend of devices complete after 47.966 msecs
[   20.983533] PM: late suspend of devices complete after 2.741 msecs
[   20.985658] PM: noirq suspend of devices complete after 2.110 msecs
[   20.985664] Disabling non-boot CPUs ...
[   21.122066] Entering suspend state LP1
[   21.122066] Suspended for 7.916 seconds
[   21.122087] Enabling non-boot CPUs ...
[   21.152917] CPU1 is up
[   21.192580] CPU2 is up
[   21.233229] CPU3 is up
[   21.234345] PM: noirq resume of devices complete after 1.104 msecs
[   21.236674] PM: early resume of devices complete after 1.870 msecs
[   21.776215] PM: resume of devices complete after 539.522 msecs
[   21.847628] OOM killer enabled.
[   21.850776] Restarting tasks ... done.
root@(none):/# 
root@(none):/# rtcwake -d rtc1 -m mem -s 3
rtcwake: assuming RTC uses UTC ...
rtcwake: wakeup from "mem" using /dev/rtc1 at Thu Jan  1 00:01:50 1970
[   22.979079] PM: Syncing filesystems ... done.
[   22.984795] Freezing user space processes ... (elapsed 0.001 seconds) done.
[   22.993169] OOM killer disabled.
[   22.996394] Freezing remaining freezable tasks ... (elapsed 0.001 seconds) done.
[   23.005222] Suspending console(s) (use no_console_suspend to debug)
[   23.060645] tegra_dma_pm_suspend-1523
[   23.060654] tegra_dma_runtime_resume-1507
[   23.060672] tegra_dma_pm_suspend-1551
[   23.060777] PM: suspend of devices complete after 48.066 msecs
[   23.063541] PM: late suspend of devices complete after 2.748 msecs
[   23.065668] PM: noirq suspend of devices complete after 2.112 msecs
[   23.065674] Disabling non-boot CPUs ...
[   23.212021] Entering suspend state LP1
[   23.212021] Suspended for 7.910 seconds
[   23.212042] Enabling non-boot CPUs ...
[   23.242912] CPU1 is up
[   23.282549] CPU2 is up
[   23.323189] CPU3 is up
[   23.324312] PM: noirq resume of devices complete after 1.111 msecs
[   23.326338] PM: early resume of devices complete after 1.582 msecs
[   23.864490] PM: resume of devices complete after 538.135 msecs
[   23.935982] OOM killer enabled.
[   23.939131] Restarting tasks ... done.
root@(none):/# 
root@(none):/# NVTB SYSTEM SUSPEND TEST COMPLETE
