
U-Boot SPL 2014.01-00219-gc4d376f (Feb 18 2014 - 19:57:32)


U-Boot 2014.01-00219-gc4d376f (Feb 18 2014 - 19:57:32)

TEGRA114
Board: NVIDIA Dalmore
I2C:   ready
DRAM:  2 GiB
MMC:   Tegra SD/MMC: 0, Tegra SD/MMC: 1
In:    serial
Out:   serial
Err:   serial
Net:   Net Initialization Skipped
No ethernet found.
Hit any key to stop autoboot:  2  0 
Tegra114 (Dalmore) # 
Tegra114 (Dalmore) # usb reset
(Re)start USB...
USB0:   USB EHCI 1.10
scanning bus 0 for devices... 2 USB Device(s) found
       scanning usb for storage devices... 0 Storage Device(s) found
       scanning usb for ethernet devices... 
Warning: asx0 using MAC address from net device
1 Ethernet Device(s) found
Tegra114 (Dalmore) # setenv bootargs 'ignore_loglevel console=ttyS0,115200n8 rw root=PARTUUID=7369c667-ff51-ec4a-29cd-baabf2fbe346 rootwait gpt debug earlyprintk init=/bin/bash'
Tegra114 (Dalmore) # setenv ipaddr 192.168.100.100; setenv serverip 192.168.100.1; setenv tftpserverip 192.168.100.1
Tegra114 (Dalmore) # tftpboot 0x81000000 zImage.tegra_defconfig
Using asx0 device
TFTP from server 192.168.100.1; our IP address is 192.168.100.100
Filename 'zImage.tegra_defconfig'.
Load address: 0x81000000
Loading: *#################################################################
	 #################################################################
	 #################################################################
	 #################################################################
	 #################################################################
	 #################################################################
	 #########################
	 2.8 MiB/s
done
Bytes transferred = 6088424 (5ce6e8 hex)
Tegra114 (Dalmore) # tftpboot 0x82000000 tegra114-dalmore.dtb
Using asx0 device
TFTP from server 192.168.100.1; our IP address is 192.168.100.100
Filename 'tegra114-dalmore.dtb'.
Load address: 0x82000000
Loading: *###
	 2.6 MiB/s
done
Bytes transferred = 35044 (88e4 hex)
Tegra114 (Dalmore) # bootz 0x81000000 - 0x82000000
Kernel image @ 0x81000000 [ 0x000000 - 0x5ce6e8 ]
## Flattened Device Tree blob at 82000000
   Booting using the fdt blob at 0x82000000
   Loading Device Tree to 8fff4000, end 8ffff8e3 ... OK

Starting kernel ...

Uncompressing Linux... done, booting the kernel.
[    0.000000] Booting Linux on physical CPU 0x0
[    0.000000] Linux version 4.12.0-rc1-170893-ge99b6f1 (jonathanh@kaivo) (gcc version 4.7.3 20130328 (prerelease) (crosstool-NG linaro-1.13.1-4.7-2013.04-20130415 - Linaro GCC 2013.04) ) #1 SMP PREEMPT Tue May 30 04:10:14 PDT 2017
[    0.000000] CPU: ARMv7 Processor [412fc0f2] revision 2 (ARMv7), cr=10c5387d
[    0.000000] CPU: div instructions available: patching division code
[    0.000000] CPU: PIPT / VIPT nonaliasing data cache, PIPT instruction cache
[    0.000000] OF: fdt: Machine model: NVIDIA Tegra114 Dalmore evaluation board
[    0.000000] debug: ignoring loglevel setting.
[    0.000000] bootconsole [earlycon0] enabled
[    0.000000] Memory policy: Data cache writealloc
[    0.000000] cma: Reserved 64 MiB at 0xfbc00000
[    0.000000] On node 0 totalpages: 524032
[    0.000000] free_area_init_node: node 0, pgdat c0eaea80, node_mem_map eeff7000
[    0.000000]   Normal zone: 1536 pages used for memmap
[    0.000000]   Normal zone: 0 pages reserved
[    0.000000]   Normal zone: 196608 pages, LIFO batch:31
[    0.000000]   HighMem zone: 327424 pages, LIFO batch:31
[    0.000000] percpu: Embedded 17 pages/cpu @eef97000 s39040 r8192 d22400 u69632
[    0.000000] pcpu-alloc: s39040 r8192 d22400 u69632 alloc=17*4096
[    0.000000] pcpu-alloc: [0] 0 [0] 1 [0] 2 [0] 3 
[    0.000000] Built 1 zonelists in Zone order, mobility grouping on.  Total pages: 522496
[    0.000000] Kernel command line: ignore_loglevel console=ttyS0,115200n8 rw root=PARTUUID=7369c667-ff51-ec4a-29cd-baabf2fbe346 rootwait gpt debug earlyprintk init=/bin/bash
[    0.000000] PID hash table entries: 4096 (order: 2, 16384 bytes)
[    0.000000] Dentry cache hash table entries: 131072 (order: 7, 524288 bytes)
[    0.000000] Inode-cache hash table entries: 65536 (order: 6, 262144 bytes)
[    0.000000] Memory: 1998556K/2096128K available (9216K kernel code, 740K rwdata, 2692K rodata, 1024K init, 307K bss, 32036K reserved, 65536K cma-reserved, 1244160K highmem)
[    0.000000] Virtual kernel memory layout:
[    0.000000]     vector  : 0xffff0000 - 0xffff1000   (   4 kB)
[    0.000000]     fixmap  : 0xffc00000 - 0xfff00000   (3072 kB)
[    0.000000]     vmalloc : 0xf0800000 - 0xff800000   ( 240 MB)
[    0.000000]     lowmem  : 0xc0000000 - 0xf0000000   ( 768 MB)
[    0.000000]     pkmap   : 0xbfe00000 - 0xc0000000   (   2 MB)
[    0.000000]     modules : 0xbf000000 - 0xbfe00000   (  14 MB)
[    0.000000]       .text : 0xc0008000 - 0xc0a00000   (10208 kB)
[    0.000000]       .init : 0xc0d00000 - 0xc0e00000   (1024 kB)
[    0.000000]       .data : 0xc0e00000 - 0xc0eb9078   ( 741 kB)
[    0.000000]        .bss : 0xc0ec364c - 0xc0f1048c   ( 308 kB)
[    0.000000] Preemptible hierarchical RCU implementation.
[    0.000000] NR_IRQS:16 nr_irqs:16 16
[    0.000000] /interrupt-controller@60004000: 160 interrupts forwarded to /interrupt-controller@50041000
[    0.000000] Tegra clk 127: register failed with -17
[    0.000008] sched_clock: 32 bits at 1000kHz, resolution 1000ns, wraps every 2147483647500ns
[    0.007762] clocksource: timer_us: mask: 0xffffffff max_cycles: 0xffffffff, max_idle_ns: 1911260446275 ns
[    0.017376] Switching to timer-based delay loop, resolution 1000ns
[    0.024295] arch_timer: cp15 timer(s) running at 12.00MHz (virt).
[    0.029774] clocksource: arch_sys_counter: mask: 0xffffffffffffff max_cycles: 0x2c47f4ee7, max_idle_ns: 440795202497 ns
[    0.040607] sched_clock: 56 bits at 12MHz, resolution 83ns, wraps every 4398046511096ns
[    0.048662] Switching to timer-based delay loop, resolution 83ns
[    0.055211] Console: colour dummy device 80x30
[    0.059248] Calibrating delay loop (skipped), value calculated using timer frequency.. 24.00 BogoMIPS (lpj=120000)
[    0.069646] pid_max: default: 32768 minimum: 301
[    0.074833] Mount-cache hash table entries: 2048 (order: 1, 8192 bytes)
[    0.081004] Mountpoint-cache hash table entries: 2048 (order: 1, 8192 bytes)
[    0.088937] CPU: Testing write buffer coherency: ok
[    0.093327] /cpus/cpu@0 missing clock-frequency property
[    0.098424] /cpus/cpu@1 missing clock-frequency property
[    0.103820] /cpus/cpu@2 missing clock-frequency property
[    0.109173] /cpus/cpu@3 missing clock-frequency property
[    0.114543] CPU0: thread -1, cpu 0, socket 0, mpidr 80000000
[    0.154663] Setting up static identity map for 0x80100000 - 0x801000a0
[    0.175089] Tegra Revision: A01 SKU: 0 CPU Process: 1 SoC Process: 0
[    0.194693] smp: Bringing up secondary CPUs ...
[    0.245266] CPU1: thread -1, cpu 1, socket 0, mpidr 80000001
[    0.315369] CPU2: thread -1, cpu 2, socket 0, mpidr 80000002
[    0.385488] CPU3: thread -1, cpu 3, socket 0, mpidr 80000003
[    0.385581] smp: Brought up 1 node, 4 CPUs
[    0.405016] SMP: Total of 4 processors activated (96.00 BogoMIPS).
[    0.411267] CPU: All CPU(s) started in SVC mode.
[    0.417760] devtmpfs: initialized
[    0.432521] VFP support v0.3: implementor 41 architecture 4 part 30 variant f rev 0
[    0.438666] clocksource: jiffies: mask: 0xffffffff max_cycles: 0xffffffff, max_idle_ns: 19112604462750000 ns
[    0.448272] futex hash table entries: 1024 (order: 4, 65536 bytes)
[    0.455834] pinctrl core: initialized pinctrl subsystem
[    0.461154] NET: Registered protocol family 16
[    0.465769] DMA: preallocated 256 KiB pool for atomic coherent allocations
[    0.473033] cpuidle: using governor menu
[    0.498400] No ATAGs?
[    0.498539] hw-breakpoint: found 5 (+1 reserved) breakpoint and 4 watchpoint registers.
[    0.507073] hw-breakpoint: maximum watchpoint size is 8 bytes.
[    0.513968] tegra-mc 70019000.memory-controller: no memory timings for RAM code 3 registered
[    0.539703] dvdd_ts: Failed to request enable GPIO61: -517
[    0.543398] reg-fixed-voltage regulators:regulator@1: Failed to register regulator: -517
[    0.551624] usb1_vbus: Failed to request enable GPIO108: -517
[    0.557341] reg-fixed-voltage regulators:regulator@3: Failed to register regulator: -517
[    0.565576] usb2_vbus: Failed to request enable GPIO86: -517
[    0.571207] reg-fixed-voltage regulators:regulator@4: Failed to register regulator: -517
[    0.579854] VDD_5V0_HDMI_CON: Failed to request enable GPIO81: -517
[    0.585681] reg-fixed-voltage regulators:regulator@7: Failed to register regulator: -517
[    0.595030] vgaarb: loaded
[    0.597410] SCSI subsystem initialized
[    0.600643] libata version 3.00 loaded.
[    0.604690] usbcore: registered new interface driver usbfs
[    0.609940] usbcore: registered new interface driver hub
[    0.615315] usbcore: registered new device driver usb
[    0.623541] tps65090 2-0048: No cache defaults, reading back from HW
[    0.630039] TPS65090_RAILSDCDC1: supplied by vdd_ac_bat
[    0.634651] TPS65090_RAILSDCDC2: supplied by vdd_ac_bat
[    0.639883] TPS65090_RAILSDCDC3: supplied by vdd_ac_bat
[    0.644674] TPS65090_RAILSFET1: supplied by vdd_ac_bat
[    0.649667] TPS65090_RAILSFET2: supplied by vdd_ac_bat
[    0.654888] TPS65090_RAILSFET3: supplied by vdd-sys-3v3
[    0.660318] TPS65090_RAILSFET4: supplied by vdd-sys-3v3
[    0.665619] TPS65090_RAILSFET5: supplied by vdd-sys-3v3
[    0.670887] TPS65090_RAILSFET6: supplied by vdd-sys-3v3
[    0.676517] TPS65090_RAILSFET7: supplied by vdd-sys-3v3
[    0.681475] TPS65090_RAILSLDO1: supplied by vdd_ac_bat
[    0.686362] TPS65090_RAILSLDO2: supplied by vdd_ac_bat
[    0.692122] palmas 2-0058: Irq flag is 0x00000004
[    0.698232] palmas 2-0058: Muxing GPIO ff, PWM 0, LED 0
[    0.704090] SMPS12: supplied by vdd-ao
[    0.707134] vdd_hdmi_5v0: supplied by vdd-sys-5v0
[    0.711628] SMPS3: supplied by vdd-ao
[    0.716341] SMPS457: supplied by vdd-sys-3v3
[    0.720580] SMPS6: supplied by regulator-dummy
[    0.724854] SMPS8: supplied by vdd-sys-3v3
[    0.728343] random: fast init done
[    0.731835] SMPS9: supplied by vdd-sys-3v3
[    0.735679] sdhci-vdd-sd-slot: Bringing 2840000uV into 2800000-2800000uV
[    0.743379] SMPS10_OUT2: supplied by regulator-dummy
[    0.747841] SMPS10_OUT1: supplied by regulator-dummy
[    0.752916] LDO1: supplied by vdd-sys-3v3
[    0.757235] LDO2: supplied by vdd-sys-3v3
[    0.761313] LDO3: supplied by vddio-1v8
[    0.765228] LDO4: supplied by vdd-sys-3v3
[    0.769280] LDO5: supplied by vdd_ac_bat
[    0.772838] LDO6: supplied by vdd-sys-3v3
[    0.776687] vdd-sensor-2v85: Bringing 2900000uV into 2850000-2850000uV
[    0.784124] LDO7: supplied by vdd-sys-3v3
[    0.788554] LDO8: supplied by vdd-ao
[    0.790960] vdd-rtc: Bringing 675000uV into 900000-900000uV
[    0.807550] LDO9: supplied by sdhci-vdd-sd-slot
[    0.817875] LDOLN: supplied by vdd-sys-5v0
[    0.821362] LDOUSB: supplied by vdd-sys-5v0
[    0.830184] Linux video capture interface: v2.00
[    0.833059] pps_core: LinuxPPS API ver. 1 registered
[    0.838024] pps_core: Software ver. 5.3.6 - Copyright 2005-2007 Rodolfo Giometti <giometti@linux.it>
[    0.847232] PTP clock support registered
[    0.851868] Advanced Linux Sound Architecture Driver Initialized.
[    0.858172] Bluetooth: Core ver 2.22
[    0.861025] NET: Registered protocol family 31
[    0.865495] Bluetooth: HCI device and connection manager initialized
[    0.871896] Bluetooth: HCI socket layer initialized
[    0.876849] Bluetooth: L2CAP socket layer initialized
[    0.881981] Bluetooth: SCO socket layer initialized
[    0.888229] clocksource: Switched to clocksource arch_sys_counter
[    0.992979] NET: Registered protocol family 2
[    0.996696] TCP established hash table entries: 8192 (order: 3, 32768 bytes)
[    1.002751] TCP bind hash table entries: 8192 (order: 4, 65536 bytes)
[    1.009318] TCP: Hash tables configured (established 8192 bind 8192)
[    1.016032] UDP hash table entries: 512 (order: 2, 16384 bytes)
[    1.021580] UDP-Lite hash table entries: 512 (order: 2, 16384 bytes)
[    1.028260] NET: Registered protocol family 1
[    1.033058] RPC: Registered named UNIX socket transport module.
[    1.038353] RPC: Registered udp transport module.
[    1.043094] RPC: Registered tcp transport module.
[    1.047860] RPC: Registered tcp NFSv4.1 backchannel transport module.
[    1.054381] PCI: CLS 0 bytes, default 64
[    1.062024] workingset: timestamp_bits=30 max_order=19 bucket_order=0
[    1.068150] squashfs: version 4.0 (2009/01/31) Phillip Lougher
[    1.073373] NFS: Registering the id_resolver key type
[    1.077669] Key type id_resolver registered
[    1.081919] Key type id_legacy registered
[    1.090950] bounce: pool size: 64 pages
[    1.092965] io scheduler noop registered (default)
[    1.097816] io scheduler mq-deadline registered
[    1.102441] io scheduler kyber registered
[    1.119420] tegra_dma_runtime_resume-1507
[    1.126263] tegra-apbdma 6000a000.dma: Tegra20 APB DMA driver register 32 channels
[    1.133060] tegra-pmc 7000e400.pmc: i2c-thermtrip node not found, emergency thermal reset disabled.
[    1.141659] Serial: 8250/16550 driver, 4 ports, IRQ sharing disabled
[    1.149763] console [ttyS0] disabled
[    1.151562] 70006300.serial: ttyS0 at MMIO 0x70006300 (irq = 329, base_baud = 25500000) is a Tegra
[    1.160591] console [ttyS0] enabled
[    1.160591] console [ttyS0] enabled
[    1.166861] bootconsole [earlycon0] disabled
[    1.166861] bootconsole [earlycon0] disabled
[    1.178006] tegra-hdmi 54280000.hdmi: failed to get HDMI regulator
[    1.204333] loop: module loaded
[    1.209169] spi-tegra114 7000da00.spi: Dma channel is not available: -19
[    1.217368] libphy: Fixed MDIO Bus: probed
[    1.221487] CAN device driver interface
[    1.225376] igb: Intel(R) Gigabit Ethernet Network Driver - version 5.4.0-k
[    1.232344] igb: Copyright (c) 2007-2014 Intel Corporation.
[    1.238081] pegasus: v0.9.3 (2013/04/25), Pegasus/Pegasus II USB Ethernet driver
[    1.245638] usbcore: registered new interface driver pegasus
[    1.251399] usbcore: registered new interface driver asix
[    1.256856] usbcore: registered new interface driver ax88179_178a
[    1.263031] usbcore: registered new interface driver cdc_ether
[    1.268965] usbcore: registered new interface driver smsc75xx
[    1.274797] usbcore: registered new interface driver smsc95xx
[    1.280618] usbcore: registered new interface driver net1080
[    1.286333] usbcore: registered new interface driver cdc_subset
[    1.292331] usbcore: registered new interface driver zaurus
[    1.297984] usbcore: registered new interface driver cdc_ncm
[    1.304055] ehci_hcd: USB 2.0 'Enhanced' Host Controller (EHCI) Driver
[    1.310596] ehci-pci: EHCI PCI platform driver
[    1.315115] tegra-ehci: Tegra EHCI driver
[    1.319797] usbcore: registered new interface driver cdc_acm
[    1.325449] cdc_acm: USB Abstract Control Model driver for USB modems and ISDN adapters
[    1.333528] usbcore: registered new interface driver cdc_wdm
[    1.339288] usbcore: registered new interface driver usb-storage
[    1.349638] palmas-rtc 7000d000.i2c:tps65913@58:rtc: rtc core: registered 7000d000.i2c:tps659 as rtc0
[    1.360380] tegra_rtc 7000e000.rtc: rtc core: registered 7000e000.rtc as rtc1
[    1.367549] tegra_rtc 7000e000.rtc: Tegra internal Real Time Clock
[    1.374023] i2c /dev entries driver
[    1.378591] usbcore: registered new interface driver uvcvideo
[    1.384329] USB Video Class driver (1.1.1)
[    1.388439] gspca_main: v2.14.0 registered
[    1.393471] sbs-battery 0-000b: sbs_probe: Failed to get device status
[    1.400029] sbs-battery: probe of 0-000b failed with error -121
[    1.411282] tegra-wdt 60005000.timer: initialized (heartbeat = 120 sec, nowayout = 0)
[    1.419806] sdhci: Secure Digital Host Controller Interface driver
[    1.425978] sdhci: Copyright(c) Pierre Ossman
[    1.430349] sdhci-pltfm: SDHCI platform and OF driver helper
[    1.436291] sdhci-tegra 78000400.sdhci: Got CD GPIO
[    1.441206] sdhci-tegra 78000400.sdhci: Got WP GPIO
[    1.454442] mmc0: Invalid maximum block size, assuming 512 bytes
[    1.518452] mmc0: SDHCI controller on 78000400.sdhci [78000400.sdhci] using ADMA
[    1.535650] mmc1: Invalid maximum block size, assuming 512 bytes
[    1.598310] mmc1: SDHCI controller on 78000600.sdhci [78000600.sdhci] using ADMA
[    1.609756] usbcore: registered new interface driver usbhid
[    1.615424] usbhid: USB HID core driver
[    1.639799] mmc0: new high speed SDHC card at address aaaa
[    1.645956] mmcblk0: mmc0:aaaa SL16G 14.8 GiB 
[    1.665652] mmc1: new high speed MMC card at address 0001
[    1.671824] mmcblk1: mmc1:0001 SEM32G 29.1 GiB 
[    1.676908] mmcblk1boot0: mmc1:0001 SEM32G partition 1 4.00 MiB
[    1.683390] mmcblk1boot1: mmc1:0001 SEM32G partition 2 4.00 MiB
[    1.689470]  mmcblk0: p1 p2 p3
[    1.703881] mmcblk1rpmb: mmc1:0001 SEM32G partition 3 4.00 MiB
[    1.712401]  mmcblk1: p1 p2 p3 p4 p5 p6 p7 p8
[    2.051855] tegra30-i2s 70080400.i2s: DMA channels sourced from device 70080000.ahub
[    2.068319] tegra30-i2s 70080400.i2s: Missing dma channel for stream: 0
[    2.074929] tegra30-i2s 70080400.i2s: ASoC: pcm constructor failed: -22
[    2.081561] tegra-snd-rt5640 sound: ASoC: can't create pcm RT5640 PCM :-22
[    2.088448] tegra-snd-rt5640 sound: ASoC: failed to instantiate card -22
[    2.096600] tegra-snd-rt5640 sound: snd_soc_register_card failed (-22)
[    2.103172] tegra-snd-rt5640: probe of sound failed with error -22
[    2.111253] NET: Registered protocol family 10
[    2.117009] Segment Routing with IPv6
[    2.120867] mip6: Mobile IPv6
[    2.123834] sit: IPv6, IPv4 and MPLS over IPv4 tunneling driver
[    2.131497] NET: Registered protocol family 17
[    2.135954] NET: Registered protocol family 15
[    2.140418] can: controller area network core (rev 20170425 abi 9)
[    2.146790] NET: Registered protocol family 29
[    2.151254] can: raw protocol (rev 20170425)
[    2.155519] can: broadcast manager protocol (rev 20170425 t)
[    2.161195] can: netlink gateway (rev 20170425) max_hops=1
[    2.166867] Bluetooth: RFCOMM socket layer initialized
[    2.172041] Bluetooth: RFCOMM ver 1.11
[    2.175798] Bluetooth: BNEP (Ethernet Emulation) ver 1.3
[    2.181128] Bluetooth: BNEP socket layer initialized
[    2.186087] Bluetooth: HIDP (Human Interface Emulation) ver 1.2
[    2.192020] Bluetooth: HIDP socket layer initialized
[    2.197181] Key type dns_resolver registered
[    2.202139] Registering SWP/SWPB emulation handler
[    2.225278] usb1_vbus: supplied by vdd-sys-5v0
[    2.230566] usb2_vbus: supplied by vdd-sys-5v0
[    2.236396] VDD_5V0_HDMI_CON: supplied by vdd-sys-5v0
[    2.246700] tegra-ehci 7d008000.usb: EHCI Host Controller
[    2.252216] tegra-ehci 7d008000.usb: new USB bus registered, assigned bus number 1
[    2.260101] tegra-ehci 7d008000.usb: irq 339, io mem 0x7d008000
[    2.288276] tegra-ehci 7d008000.usb: USB 2.0 started, EHCI 1.10
[    2.295434] hub 1-0:1.0: USB hub found
[    2.299315] hub 1-0:1.0: 1 port detected
[    2.304575] input: gpio-keys as /devices/soc0/gpio-keys/input/input1
[    2.313610] palmas-rtc 7000d000.i2c:tps65913@58:rtc: setting system clock to 2001-03-23 22:50:22 UTC (985387822)
[    2.324406] vdd_hdmi_5v0: disabling
[    2.333934] dvdd_ts: disabling
[    2.336996] usb1_vbus: disabling
[    2.340305] vdd_cam_1v8_reg: disabling
[    2.344050] VDD_5V0_HDMI_CON: disabling
[    2.347882] ALSA device list:
[    2.350872]   No soundcards found.
[    2.355594] EXT4-fs (mmcblk1p1): mounting ext3 file system using the ext4 subsystem
[    2.387869] EXT4-fs (mmcblk1p1): recovery complete
[    2.392751] EXT4-fs (mmcblk1p1): mounted filesystem with ordered data mode. Opts: (null)
[    2.400953] VFS: Mounted root (ext3 filesystem) on device 179:17.
[    2.412912] devtmpfs: mounted
[    2.416962] Freeing unused kernel memory: 1024K
bash: cannot set terminal process group (-1): Inappropriate ioctl for device
bash: no job control in this shell
root@(none):/# [    2.658347] usb 1-1: new high-speed USB device number 2 using tegra-ehci
mount -t sysfs none /sys
root@(none):/# 
root@(none):/# [    3.333711] asix 1-1:1.0 eth0: register 'asix' at usb-7d008000.usb-1, ASIX AX88772 USB 2.0 Ethernet, 00:50:b6:0d:b5:16
mount -t debugfs none /sys/kernel/debug
root@(none):/# 
root@(none):/# rtcwake -d rtc1 -m mem -s 3
rtcwake: assuming RTC uses UTC ...
rtcwake: wakeup from "mem" using /dev/rtc1 at Thu Jan  1 00:00:20 1970
[    5.165242] PM: Syncing filesystems ... done.
[    5.171485] Freezing user space processes ... (elapsed 0.001 seconds) done.
[    5.179787] OOM killer disabled.
[    5.183010] Freezing remaining freezable tasks ... (elapsed 0.001 seconds) done.
[    5.191793] Suspending console(s) (use no_console_suspend to debug)
[    5.250099] tegra_dma_pm_suspend-1523
[    5.250109] tegra_dma_runtime_resume-1507
[    5.250128] tegra_dma_pm_suspend-1551
[    5.250248] PM: suspend of devices complete after 51.620 msecs
[    5.251702] PM: late suspend of devices complete after 1.444 msecs
[    5.252978] PM: noirq suspend of devices complete after 1.266 msecs
[    5.252984] Disabling non-boot CPUs ...
[    5.388710] IRQ17 no longer affine to CPU2
[    5.552697] Entering suspend state LP1
[    5.552697] Suspended for 7.676 seconds
[    5.552739] Enabling non-boot CPUs ...
[    5.583236] CPU1 is up
[    5.623447] CPU2 is up
[    5.664328] CPU3 is up
[    5.664988] PM: noirq resume of devices complete after 0.649 msecs
[    5.666746] PM: early resume of devices complete after 1.118 msecs
[    6.211195] PM: resume of devices complete after 544.432 msecs
[    6.285998] OOM killer enabled.
[    6.289150] Restarting tasks ... done.
root@(none):/# 
root@(none):/# rtcwake -d rtc1 -m mem -s 3
rtcwake: assuming RTC uses UTC ...
rtcwake: wakeup from "mem" using /dev/rtc1 at Thu Jan  1 00:00:30 1970
[    7.508887] PM: Syncing filesystems ... done.
[    7.514438] Freezing user space processes ... (elapsed 0.001 seconds) done.
[    7.522749] OOM killer disabled.
[    7.525976] Freezing remaining freezable tasks ... (elapsed 0.001 seconds) done.
[    7.534801] Suspending console(s) (use no_console_suspend to debug)
[    7.600477] tegra_dma_pm_suspend-1523
[    7.600487] tegra_dma_runtime_resume-1507
[    7.600505] tegra_dma_pm_suspend-1551
[    7.600620] PM: suspend of devices complete after 58.999 msecs
[    7.602037] PM: late suspend of devices complete after 1.408 msecs
[    7.603299] PM: noirq suspend of devices complete after 1.252 msecs
[    7.603304] Disabling non-boot CPUs ...
[    7.638714] IRQ17 no longer affine to CPU1
[    7.912739] Entering suspend state LP1
[    7.912739] Suspended for 8.223 seconds
[    7.912781] Enabling non-boot CPUs ...
[    7.943256] CPU1 is up
[    7.983409] CPU2 is up
[    8.024286] CPU3 is up
[    8.024957] PM: noirq resume of devices complete after 0.658 msecs
[    8.026848] PM: early resume of devices complete after 1.260 msecs
[    8.569306] PM: resume of devices complete after 542.439 msecs
[    8.644228] OOM killer enabled.
[    8.647362] Restarting tasks ... done.
root@(none):/# 
root@(none):/# rtcwake -d rtc1 -m mem -s 3
rtcwake: assuming RTC uses UTC ...
rtcwake: wakeup from "mem" using /dev/rtc1 at Thu Jan  1 00:00:40 1970
[    9.290930] PM: Syncing filesystems ... done.
[    9.295960] Freezing user space processes ... (elapsed 0.001 seconds) done.
[    9.304271] OOM killer disabled.
[    9.307495] Freezing remaining freezable tasks ... (elapsed 0.001 seconds) done.
[    9.316242] Suspending console(s) (use no_console_suspend to debug)
[    9.380421] tegra_dma_pm_suspend-1523
[    9.380431] tegra_dma_runtime_resume-1507
[    9.380449] tegra_dma_pm_suspend-1551
[    9.380564] PM: suspend of devices complete after 57.483 msecs
[    9.382328] PM: late suspend of devices complete after 1.748 msecs
[    9.383568] PM: noirq suspend of devices complete after 1.228 msecs
[    9.383573] Disabling non-boot CPUs ...
[    9.638668] IRQ17 no longer affine to CPU3
[    9.692467] Entering suspend state LP1
[    9.692467] Suspended for 7.637 seconds
[    9.692509] Enabling non-boot CPUs ...
[    9.723138] CPU1 is up
[    9.763356] CPU2 is up
[    9.804232] CPU3 is up
[    9.804894] PM: noirq resume of devices complete after 0.650 msecs
[    9.806642] PM: early resume of devices complete after 1.112 msecs
[   10.355956] PM: resume of devices complete after 549.297 msecs
[   10.430768] OOM killer enabled.
[   10.433903] Restarting tasks ... done.
root@(none):/# 
root@(none):/# rtcwake -d rtc1 -m mem -s 3
rtcwake: assuming RTC uses UTC ...
rtcwake: wakeup from "mem" using /dev/rtc1 at Thu Jan  1 00:00:50 1970
[   11.646717] PM: Syncing filesystems ... done.
[   11.652173] Freezing user space processes ... (elapsed 0.001 seconds) done.
[   11.660495] OOM killer disabled.
[   11.663724] Freezing remaining freezable tasks ... (elapsed 0.001 seconds) done.
[   11.672576] Suspending console(s) (use no_console_suspend to debug)
[   11.730353] tegra_dma_pm_suspend-1523
[   11.730363] tegra_dma_runtime_resume-1507
[   11.730382] tegra_dma_pm_suspend-1551
[   11.730500] PM: suspend of devices complete after 51.095 msecs
[   11.732203] PM: late suspend of devices complete after 1.686 msecs
[   11.733469] PM: noirq suspend of devices complete after 1.255 msecs
[   11.733474] Disabling non-boot CPUs ...
[   11.978456] IRQ17 no longer affine to CPU3
[   12.032328] Entering suspend state LP1
[   12.032328] Suspended for 8.243 seconds
[   12.032370] Enabling non-boot CPUs ...
[   12.063077] CPU1 is up
[   12.103322] CPU2 is up
[   12.144192] CPU3 is up
[   12.144867] PM: noirq resume of devices complete after 0.663 msecs
[   12.146649] PM: early resume of devices complete after 1.138 msecs
[   12.701210] PM: resume of devices complete after 554.544 msecs
[   12.776019] OOM killer enabled.
[   12.779171] Restarting tasks ... done.
root@(none):/# 
root@(none):/# rtcwake -d rtc1 -m mem -s 3
rtcwake: assuming RTC uses UTC ...
rtcwake: wakeup from "mem" using /dev/rtc1 at Thu Jan  1 00:01:00 1970
[   13.419756] PM: Syncing filesystems ... done.
[   13.425320] Freezing user space processes ... (elapsed 0.001 seconds) done.
[   13.433639] OOM killer disabled.
[   13.436862] Freezing remaining freezable tasks ... (elapsed 0.001 seconds) done.
[   13.445621] Suspending console(s) (use no_console_suspend to debug)
[   13.510240] tegra_dma_pm_suspend-1523
[   13.510249] tegra_dma_runtime_resume-1507
[   13.510267] tegra_dma_pm_suspend-1551
[   13.510382] PM: suspend of devices complete after 57.922 msecs
[   13.512209] PM: late suspend of devices complete after 1.811 msecs
[   13.513515] PM: noirq suspend of devices complete after 1.294 msecs
[   13.513520] Disabling non-boot CPUs ...
[   13.648675] IRQ17 no longer affine to CPU2
[   13.812530] Entering suspend state LP1
[   13.812530] Suspended for 7.636 seconds
[   13.812572] Enabling non-boot CPUs ...
[   13.843078] CPU1 is up
[   13.883250] CPU2 is up
[   13.924145] CPU3 is up
[   13.924755] PM: noirq resume of devices complete after 0.598 msecs
[   13.926573] PM: early resume of devices complete after 1.165 msecs
[   14.471068] PM: resume of devices complete after 544.478 msecs
[   14.545866] OOM killer enabled.
[   14.549019] Restarting tasks ... done.
root@(none):/# 
root@(none):/# rtcwake -d rtc1 -m mem -s 3
rtcwake: assuming RTC uses UTC ...
rtcwake: wakeup from "mem" using /dev/rtc1 at Thu Jan  1 00:01:10 1970
[   15.767300] PM: Syncing filesystems ... done.
[   15.772653] Freezing user space processes ... (elapsed 0.001 seconds) done.
[   15.780973] OOM killer disabled.
[   15.784202] Freezing remaining freezable tasks ... (elapsed 0.001 seconds) done.
[   15.793053] Suspending console(s) (use no_console_suspend to debug)
[   15.849939] tegra_dma_pm_suspend-1523
[   15.849950] tegra_dma_runtime_resume-1507
[   15.849969] tegra_dma_pm_suspend-1551
[   15.850088] PM: suspend of devices complete after 50.207 msecs
[   15.851640] PM: late suspend of devices complete after 1.535 msecs
[   15.852886] PM: noirq suspend of devices complete after 1.234 msecs
[   15.852892] Disabling non-boot CPUs ...
[   15.988627] IRQ17 no longer affine to CPU2
[   16.142238] Entering suspend state LP1
[   16.142238] Suspended for 8.253 seconds
[   16.142280] Enabling non-boot CPUs ...
[   16.173003] CPU1 is up
[   16.213243] CPU2 is up
[   16.254091] CPU3 is up
[   16.254718] PM: noirq resume of devices complete after 0.616 msecs
[   16.256494] PM: early resume of devices complete after 1.134 msecs
[   16.801175] PM: resume of devices complete after 544.663 msecs
[   16.876221] OOM killer enabled.
[   16.879421] Restarting tasks ... done.
root@(none):/# 
root@(none):/# rtcwake -d rtc1 -m mem -s 3
rtcwake: assuming RTC uses UTC ...
rtcwake: wakeup from "mem" using /dev/rtc1 at Thu Jan  1 00:01:20 1970
[   17.526491] PM: Syncing filesystems ... done.
[   17.531820] Freezing user space processes ... (elapsed 0.001 seconds) done.
[   17.540146] OOM killer disabled.
[   17.543375] Freezing remaining freezable tasks ... (elapsed 0.001 seconds) done.
[   17.552227] Suspending console(s) (use no_console_suspend to debug)
[   17.610271] tegra_dma_pm_suspend-1523
[   17.610281] tegra_dma_runtime_resume-1507
[   17.610299] tegra_dma_pm_suspend-1551
[   17.610413] PM: suspend of devices complete after 51.358 msecs
[   17.612229] PM: late suspend of devices complete after 1.799 msecs
[   17.613473] PM: noirq suspend of devices complete after 1.233 msecs
[   17.613479] Disabling non-boot CPUs ...
[   17.748603] IRQ17 no longer affine to CPU2
[   17.902174] Entering suspend state LP1
[   17.902174] Suspended for 7.657 seconds
[   17.902215] Enabling non-boot CPUs ...
[   17.932930] CPU1 is up
[   17.973156] CPU2 is up
[   18.014047] CPU3 is up
[   18.014624] PM: noirq resume of devices complete after 0.565 msecs
[   18.016463] PM: early resume of devices complete after 1.197 msecs
[   18.567991] PM: resume of devices complete after 551.511 msecs
[   18.642813] OOM killer enabled.
[   18.645947] Restarting tasks ... done.
root@(none):/# 
root@(none):/# rtcwake -d rtc1 -m mem -s 3
rtcwake: assuming RTC uses UTC ...
rtcwake: wakeup from "mem" using /dev/rtc1 at Thu Jan  1 00:01:30 1970
[   19.828734] PM: Syncing filesystems ... done.
[   19.834071] Freezing user space processes ... (elapsed 0.001 seconds) done.
[   19.842401] OOM killer disabled.
[   19.845630] Freezing remaining freezable tasks ... (elapsed 0.001 seconds) done.
[   19.854484] Suspending console(s) (use no_console_suspend to debug)
[   19.919889] tegra_dma_pm_suspend-1523
[   19.919899] tegra_dma_runtime_resume-1507
[   19.919918] tegra_dma_pm_suspend-1551
[   19.920038] PM: suspend of devices complete after 58.725 msecs
[   19.921560] PM: late suspend of devices complete after 1.506 msecs
[   19.922802] PM: noirq suspend of devices complete after 1.230 msecs
[   19.922808] Disabling non-boot CPUs ...
[   20.058547] IRQ17 no longer affine to CPU2
[   20.212115] Entering suspend state LP1
[   20.212115] Suspended for 8.273 seconds
[   20.212157] Enabling non-boot CPUs ...
[   20.242923] CPU1 is up
[   20.283106] CPU2 is up
[   20.323996] CPU3 is up
[   20.324630] PM: noirq resume of devices complete after 0.623 msecs
[   20.326393] PM: early resume of devices complete after 1.125 msecs
[   20.871289] PM: resume of devices complete after 544.879 msecs
[   20.946102] OOM killer enabled.
[   20.949253] Restarting tasks ... done.
root@(none):/# 
root@(none):/# rtcwake -d rtc1 -m mem -s 3
rtcwake: assuming RTC uses UTC ...
rtcwake: wakeup from "mem" using /dev/rtc1 at Thu Jan  1 00:01:40 1970
[   21.587377] PM: Syncing filesystems ... done.
[   21.592968] Freezing user space processes ... (elapsed 0.001 seconds) done.
[   21.601287] OOM killer disabled.
[   21.604516] Freezing remaining freezable tasks ... (elapsed 0.001 seconds) done.
[   21.613356] Suspending console(s) (use no_console_suspend to debug)
[   21.670110] tegra_dma_pm_suspend-1523
[   21.670120] tegra_dma_runtime_resume-1507
[   21.670138] tegra_dma_pm_suspend-1551
[   21.670254] PM: suspend of devices complete after 50.079 msecs
[   21.671922] PM: late suspend of devices complete after 1.652 msecs
[   21.673243] PM: noirq suspend of devices complete after 1.310 msecs
[   21.673249] Disabling non-boot CPUs ...
[   21.708349] IRQ17 no longer affine to CPU1
[   21.972319] Entering suspend state LP1
[   21.972319] Suspended for 7.656 seconds
[   21.972361] Enabling non-boot CPUs ...
[   22.002876] CPU1 is up
[   22.043052] CPU2 is up
[   22.083958] CPU3 is up
[   22.084554] PM: noirq resume of devices complete after 0.585 msecs
[   22.086338] PM: early resume of devices complete after 1.140 msecs
[   22.630284] PM: resume of devices complete after 543.929 msecs
[   22.705138] OOM killer enabled.
[   22.708291] Restarting tasks ... done.
root@(none):/# 
root@(none):/# rtcwake -d rtc1 -m mem -s 3
rtcwake: assuming RTC uses UTC ...
rtcwake: wakeup from "mem" using /dev/rtc1 at Thu Jan  1 00:01:50 1970
[   23.929334] PM: Syncing filesystems ... done.
[   23.934667] Freezing user space processes ... (elapsed 0.001 seconds) done.
[   23.942995] OOM killer disabled.
[   23.946223] Freezing remaining freezable tasks ... (elapsed 0.001 seconds) done.
[   23.955077] Suspending console(s) (use no_console_suspend to debug)
[   24.019740] tegra_dma_pm_suspend-1523
[   24.019751] tegra_dma_runtime_resume-1507
[   24.019770] tegra_dma_pm_suspend-1551
[   24.019888] PM: suspend of devices complete after 57.983 msecs
[   24.021328] PM: late suspend of devices complete after 1.430 msecs
[   24.022597] PM: noirq suspend of devices complete after 1.259 msecs
[   24.022602] Disabling non-boot CPUs ...
[   24.058299] IRQ17 no longer affine to CPU1
[   24.322032] Entering suspend state LP1
[   24.322032] Suspended for 8.233 seconds
[   24.322074] Enabling non-boot CPUs ...
[   24.352779] CPU1 is up
[   24.393009] CPU2 is up
[   24.433894] CPU3 is up
[   24.434556] PM: noirq resume of devices complete after 0.651 msecs
[   24.436402] PM: early resume of devices complete after 1.187 msecs
[   24.980428] PM: resume of devices complete after 544.010 msecs
[   25.055236] OOM killer enabled.
[   25.058388] Restarting tasks ... done.
root@(none):/# 
root@(none):/# NVTB SYSTEM SUSPEND TEST COMPLETE
