

U-Boot 2015.04-00466-gedec83e90172 (Mar 14 2016 - 10:42:01)

TEGRA124
Model: Acer Chromebook 13 CB5-311
DRAM:  4 GiB
:   Tegra SD/MMC: 0, Tegra SD/MMC: 1, Tegra SD/MMC: 2
MMC init failed
Using default environment

In:    serial
Out:   serial
Err:   serial
Net:   Net Initialization Skipped
No ethernet found.
Hit any key to stop autoboot:  2  0 
Tegra124 (Nyan-big) # 
Tegra124 (Nyan-big) # usb start
starting USB...
USB0:   USB EHCI 1.10
scanning bus 0 for devices... 2 USB Device(s) found
USB1:   USB EHCI 1.10
scanning bus 1 for devices... 2 USB Device(s) found
       scanning usb for storage devices... 1 Storage Device(s) found
       scanning usb for ethernet devices... 
Warning: asx0 using MAC address from net device
1 Ethernet Device(s) found
Tegra124 (Nyan-big) # setenv bootargs 'ignore_loglevel console=ttyS0,115200n8 rw root=PARTUUID=4d36e82a-b3c0-4b4b-bfcd-afe5217ac023 rootwait gpt debug noinitrd earlyprintk init=/bin/bash'
Tegra124 (Nyan-big) # setenv ipaddr 192.168.100.102; setenv serverip 192.168.100.1; setenv tftpserverip 192.168.100.1
Tegra124 (Nyan-big) # tftpboot 0x82000000 zImage.multi_v7_defconfig
Using asx0 device
TFTP from server 192.168.100.1; our IP address is 192.168.100.102
Filename 'zImage.multi_v7_defconfig'.
Load address: 0x82000000
Loading: *#################################################################
	 #################################################################
	 #################################################################
	 #################################################################
	 #################################################################
	 #################################################################
	 #################################################################
	 ############################
	 2.8 MiB/s
done
Bytes transferred = 7077928 (6c0028 hex)
Tegra124 (Nyan-big) # tftpboot 0x83000000 tegra124-nyan-big.dtb
Using asx0 device
TFTP from server 192.168.100.1; our IP address is 192.168.100.102
Filename 'tegra124-nyan-big.dtb'.
Load address: 0x83000000
Loading: *#####
	 2.8 MiB/s
done
Bytes transferred = 66901 (10555 hex)
Tegra124 (Nyan-big) # bootz 0x82000000 - 0x83000000
Kernel image @ 0x82000000 [ 0x000000 - 0x6c0028 ]
## Flattened Device Tree blob at 83000000
   Booting using the fdt blob at 0x83000000
   Using Device Tree in place at 83000000, end 83013554

Starting kernel ...

[    0.000000] Booting Linux on physical CPU 0x0
[    0.000000] Linux version 4.6.0-next-20160523-95490-gcbafe21 (pwalmsley@sellafield) (gcc version 4.7.3 20130328 (prerelease) (crosstool-NG linaro-1.13.1-4.7-2013.04-20130415 - Linaro GCC 2013.04) ) #1 SMP Mon May 23 12:18:04 PDT 2016
[    0.000000] CPU: ARMv7 Processor [413fc0f3] revision 3 (ARMv7), cr=10c5387d
[    0.000000] CPU: div instructions available: patching division code
[    0.000000] CPU: PIPT / VIPT nonaliasing data cache, PIPT instruction cache
[    0.000000] Machine model: Acer Chromebook 13 CB5-311
[    0.000000] Ignoring memory range 0x100000000 - 0x17ffff000
[    0.000000] debug: ignoring loglevel setting.
[    0.000000] cma: Reserved 64 MiB at 0xfb800000
[    0.000000] Memory policy: Data cache writealloc
[    0.000000] On node 0 totalpages: 524287
[    0.000000] free_area_init_node: node 0, pgdat c141bb00, node_mem_map eeff8000
[    0.000000]   DMA zone: 1536 pages used for memmap
[    0.000000]   DMA zone: 0 pages reserved
[    0.000000]   DMA zone: 196608 pages, LIFO batch:31
[    0.000000]   HighMem zone: 327679 pages, LIFO batch:31
[    0.000000] percpu: Embedded 13 pages/cpu @eef89000 s23808 r8192 d21248 u53248
[    0.000000] pcpu-alloc: s23808 r8192 d21248 u53248 alloc=13*4096
[    0.000000] pcpu-alloc: [0] 0 [0] 1 [0] 2 [0] 3 
[    0.000000] Built 1 zonelists in Zone order, mobility grouping on.  Total pages: 522751
[    0.000000] Kernel command line: ignore_loglevel console=ttyS0,115200n8 rw root=PARTUUID=4d36e82a-b3c0-4b4b-bfcd-afe5217ac023 rootwait gpt debug noinitrd earlyprintk init=/bin/bash
[    0.000000] PID hash table entries: 4096 (order: 2, 16384 bytes)
[    0.000000] Dentry cache hash table entries: 131072 (order: 7, 524288 bytes)
[    0.000000] Inode-cache hash table entries: 65536 (order: 6, 262144 bytes)
[    0.000000] Memory: 1996016K/2097148K available (9529K kernel code, 1142K rwdata, 4216K rodata, 2048K init, 343K bss, 35596K reserved, 65536K cma-reserved, 1245180K highmem)
[    0.000000] Virtual kernel memory layout:
[    0.000000]     vector  : 0xffff0000 - 0xffff1000   (   4 kB)
[    0.000000]     fixmap  : 0xffc00000 - 0xfff00000   (3072 kB)
[    0.000000]     vmalloc : 0xf0800000 - 0xff800000   ( 240 MB)
[    0.000000]     lowmem  : 0xc0000000 - 0xf0000000   ( 768 MB)
[    0.000000]     pkmap   : 0xbfe00000 - 0xc0000000   (   2 MB)
[    0.000000]     modules : 0xbf000000 - 0xbfe00000   (  14 MB)
[    0.000000]       .text : 0xc0208000 - 0xc106c574   (14738 kB)
[    0.000000]       .init : 0xc1100000 - 0xc1300000   (2048 kB)
[    0.000000]       .data : 0xc1300000 - 0xc141db60   (1143 kB)
[    0.000000]        .bss : 0xc141f000 - 0xc1474ca0   ( 344 kB)
[    0.000000] SLUB: HWalign=64, Order=0-3, MinObjects=0, CPUs=4, Nodes=1
[    0.000000] Hierarchical RCU implementation.
[    0.000000] 	Build-time adjustment of leaf fanout to 32.
[    0.000000] 	RCU restricting CPUs from NR_CPUS=16 to nr_cpu_ids=4.
[    0.000000] RCU: Adjusting geometry for rcu_fanout_leaf=32, nr_cpu_ids=4
[    0.000000] NR_IRQS:16 nr_irqs:16 16
[    0.000000] /interrupt-controller@60004000: 160 interrupts forwarded to /interrupt-controller@0,50041000
[    0.000000] Tegra clk 127: register failed with -17
[    0.000004] sched_clock: 32 bits at 1000kHz, resolution 1000ns, wraps every 2147483647500ns
[    0.000013] clocksource: timer_us: mask: 0xffffffff max_cycles: 0xffffffff, max_idle_ns: 1911260446275 ns
[    0.000018] Switching to timer-based delay loop, resolution 1000ns
[    0.001797] Architected cp15 timer(s) running at 12.00MHz (virt).
[    0.001803] clocksource: arch_sys_counter: mask: 0xffffffffffffff max_cycles: 0x2c47f4ee7, max_idle_ns: 440795202497 ns
[    0.001810] sched_clock: 56 bits at 12MHz, resolution 83ns, wraps every 4398046511096ns
[    0.001814] Switching to timer-based delay loop, resolution 83ns
[    0.002013] Console: colour dummy device 80x30
[    0.002026] Calibrating delay loop (skipped), value calculated using timer frequency.. 24.00 BogoMIPS (lpj=60000)
[    0.002032] pid_max: default: 32768 minimum: 301
[    0.002070] Mount-cache hash table entries: 2048 (order: 1, 8192 bytes)
[    0.002074] Mountpoint-cache hash table entries: 2048 (order: 1, 8192 bytes)
[    0.002320] CPU: Testing write buffer coherency: ok
[    0.002431] /cpus/cpu@0 missing clock-frequency property
[    0.002445] /cpus/cpu@1 missing clock-frequency property
[    0.002459] /cpus/cpu@2 missing clock-frequency property
[    0.002473] /cpus/cpu@3 missing clock-frequency property
[    0.002478] CPU0: thread -1, cpu 0, socket 0, mpidr 80000000
[    0.002488] Setting up static identity map for 0x80300000 - 0x80300098
[    0.003738] Tegra Revision: A01 SKU: 131 CPU Process: 1 SoC Process: 1
[    0.004333] CPU1: thread -1, cpu 1, socket 0, mpidr 80000001
[    0.006975] CPU2: thread -1, cpu 2, socket 0, mpidr 80000002
[    0.011970] CPU3: thread -1, cpu 3, socket 0, mpidr 80000003
[    0.016692] Brought up 4 CPUs
[    0.016700] SMP: Total of 4 processors activated (96.00 BogoMIPS).
[    0.016703] CPU: All CPU(s) started in SVC mode.
[    0.017246] devtmpfs: initialized
[    0.023663] VFP support v0.3: implementor 41 architecture 4 part 30 variant f rev 0
[    0.023939] clocksource: jiffies: mask: 0xffffffff max_cycles: 0xffffffff, max_idle_ns: 9556302231375000 ns
[    0.024465] pinctrl core: initialized pinctrl subsystem
[    0.025134] NET: Registered protocol family 16
[    0.025814] DMA: preallocated 256 KiB pool for atomic coherent allocations
[    0.036723] cpuidle: using governor menu
[    0.043115] No ATAGs?
[    0.043127] hw-breakpoint: found 5 (+1 reserved) breakpoint and 4 watchpoint registers.
[    0.043131] hw-breakpoint: maximum watchpoint size is 8 bytes.
[    0.045223] Serial: AMBA PL011 UART driver
[    0.046349] tegra-mc 70019000.memory-controller: no memory timings for RAM code 0 registered
[    0.063480] +5V_SYS: supplied by +VDD_MUX
[    0.063585] +3.3V_SYS: supplied by +VDD_MUX
[    0.063808] +VDD_LED: Failed to request enable GPIO122: -517
[    0.063814] reg-fixed-voltage regulators:regulator@5: Failed to register regulator: -517
[    0.063844] +5V_VDD_TS_SW: Failed to request enable GPIO81: -517
[    0.063849] reg-fixed-voltage regulators:regulator@6: Failed to register regulator: -517
[    0.063878] +5V_USB_HS: Failed to request enable GPIO108: -517
[    0.063882] reg-fixed-voltage regulators:regulator@7: Failed to register regulator: -517
[    0.063911] +5V_USB_SS: Failed to request enable GPIO109: -517
[    0.063915] reg-fixed-voltage regulators:regulator@8: Failed to register regulator: -517
[    0.063996] +1.05V_RUN_AVDD_HDMI_PLL: Failed to request enable GPIO63: -517
[    0.064000] reg-fixed-voltage regulators:regulator@11: Failed to register regulator: -517
[    0.064029] +5V_HDMI_CON: Failed to request enable GPIO86: -517
[    0.064033] reg-fixed-voltage regulators:regulator@12: Failed to register regulator: -517
[    0.065161] vgaarb: loaded
[    0.065448] SCSI subsystem initialized
[    0.065513] libata version 3.00 loaded.
[    0.065612] usbcore: registered new interface driver usbfs
[    0.065635] usbcore: registered new interface driver hub
[    0.065658] usbcore: registered new device driver usb
[    0.067074] pps_core: LinuxPPS API ver. 1 registered
[    0.067078] pps_core: Software ver. 5.3.6 - Copyright 2005-2007 Rodolfo Giometti <giometti@linux.it>
[    0.067086] PTP clock support registered
[    0.067156] EDAC MC: Ver: 3.0.0
[    0.067589] tegra-emc 7001b000.emc: no memory timings for RAM code 0 found in DT
[    0.067598] tegra-emc: probe of 7001b000.emc failed with error -2
[    0.068081] clocksource: Switched to clocksource arch_sys_counter
[    0.071733] NET: Registered protocol family 2
[    0.071941] TCP established hash table entries: 8192 (order: 3, 32768 bytes)
[    0.071974] TCP bind hash table entries: 8192 (order: 4, 65536 bytes)
[    0.072037] TCP: Hash tables configured (established 8192 bind 8192)
[    0.072059] UDP hash table entries: 512 (order: 2, 16384 bytes)
[    0.072073] UDP-Lite hash table entries: 512 (order: 2, 16384 bytes)
[    0.072133] NET: Registered protocol family 1
[    0.072233] RPC: Registered named UNIX socket transport module.
[    0.072237] RPC: Registered udp transport module.
[    0.072239] RPC: Registered tcp transport module.
[    0.072242] RPC: Registered tcp NFSv4.1 backchannel transport module.
[    0.072246] PCI: CLS 0 bytes, default 64
[    0.072692] hw perfevents: enabled with armv7_cortex_a15 PMU driver, 7 counters available
[    0.073252] futex hash table entries: 1024 (order: 4, 65536 bytes)
[    0.073535] workingset: timestamp_bits=28 max_order=19 bucket_order=0
[    0.077348] squashfs: version 4.0 (2009/01/31) Phillip Lougher
[    0.077652] NFS: Registering the id_resolver key type
[    0.077667] Key type id_resolver registered
[    0.077669] Key type id_legacy registered
[    0.077686] ntfs: driver 2.1.32 [Flags: R/O].
[    0.078172] bounce: pool size: 64 pages
[    0.078247] Block layer SCSI generic (bsg) driver version 0.4 loaded (major 248)
[    0.078252] io scheduler noop registered
[    0.078255] io scheduler deadline registered
[    0.078266] io scheduler cfq registered (default)
[    0.080178] tegra-xusb-padctl 7009f000.padctl: failed to setup XUSB ports: -517
[    0.089041] tegra-apbdma 60020000.dma: Tegra20 APB DMA driver register 32 channels
[    0.089737] tegra-pmc 7000e400.pmc: i2c-thermtrip node not found, emergency thermal reset disabled.
[    0.110801] Serial: 8250/16550 driver, 4 ports, IRQ sharing disabled
[    0.111946] console [ttyS0] disabled
[    0.111961] 70006000.serial: ttyS0 at MMIO 0x70006000 (irq = 331, base_baud = 25500000) is a Tegra
[    0.965838] console [ttyS0] enabled
[    0.969658] SuperH (H)SCI(F) driver initialized
[    0.974544] msm_serial: driver initialized
[    0.978704] STMicroelectronics ASC driver initialized
[    0.985196] [drm] Initialized drm 1.1.0 20060810
[    0.991218] tegra-hdmi 54280000.hdmi: failed to get HDMI regulator
[    0.997767] tegra-dpaux 545c0000.dpaux: failed to get VDD supply: -517
[    1.004984] panel supply power not found, using dummy regulator
[    1.014696] brd: module loaded
[    1.019828] loop: module loaded
[    1.023879] as3722 4-0040: AS3722 with revision 0x1 found
[    1.033648] as3722-sd2: supplied by +5V_SYS
[    1.038057] as3722-sd3: supplied by +5V_SYS
[    1.042412] +1.35V_LP0(sd3): Bringing 0uV into 1350000-1350000uV
[    1.048602] as3722-sd4: supplied by +5V_SYS
[    1.052931] +1.05V_RUN: Bringing 0uV into 1050000-1050000uV
[    1.058677] as3722-sd5: supplied by +5V_SYS
[    1.064273] as3722-ldo0: supplied by +1.35V_LP0(sd2)
[    1.070012] +1.8V_RUN_CAM: Bringing 0uV into 1800000-1800000uV
[    1.076033] as3722-ldo2: supplied by +1.8V_VDDIO
[    1.081651] as3722-ldo3: supplied by +3.3V_SYS
[    1.086107] +1.00V_LP0_VDD_RTC: Bringing 1100000uV into 1000000-1000000uV
[    1.093690] as3722-ldo4: supplied by +3.3V_SYS
[    1.098285] +3.3V_RUN_CAM: Bringing 0uV into 2800000-2800000uV
[    1.104309] as3722-ldo5: supplied by +1.8V_VDDIO
[    1.109081] +1.2V_RUN_CAM_FRONT: Bringing 0uV into 1200000-1200000uV
[    1.115782] +VDDIO_SDMMC3: Bringing 0uV into 1800000-1800000uV
[    1.121820] as3722-ldo7: supplied by +1.8V_VDDIO
[    1.126590] +1.05V_RUN_CAM_REAR: Bringing 0uV into 1050000-1050000uV
[    1.133152] as3722-ldo9: supplied by +5V_SYS
[    1.137709] +2.8V_RUN_TOUCH: Bringing 0uV into 2800000-2800000uV
[    1.143923] as3722-ldo10: supplied by +5V_SYS
[    1.148432] +2.8V_RUN_CAM_AF: Bringing 0uV into 2800000-2800000uV
[    1.154878] +1.8V_RUN_VPP_FUSE: Bringing 0uV into 1800000-1800000uV
[    1.173086] m25p80 spi32765.0: w25q32dw (4096 Kbytes)
[    1.179333] libphy: Fixed MDIO Bus: probed
[    1.183666] CAN device driver interface
[    1.188211] igb: Intel(R) Gigabit Ethernet Network Driver - version 5.3.0-k
[    1.195159] igb: Copyright (c) 2007-2014 Intel Corporation.
[    1.201889] pegasus: v0.9.3 (2013/04/25), Pegasus/Pegasus II USB Ethernet driver
[    1.209299] usbcore: registered new interface driver pegasus
[    1.214968] usbcore: registered new interface driver asix
[    1.220372] usbcore: registered new interface driver ax88179_178a
[    1.226470] usbcore: registered new interface driver cdc_ether
[    1.232315] usbcore: registered new interface driver smsc75xx
[    1.238080] usbcore: registered new interface driver smsc95xx
[    1.243829] usbcore: registered new interface driver net1080
[    1.249492] usbcore: registered new interface driver cdc_subset
[    1.255414] usbcore: registered new interface driver zaurus
[    1.261006] usbcore: registered new interface driver cdc_ncm
[    1.267381] ehci_hcd: USB 2.0 'Enhanced' Host Controller (EHCI) Driver
[    1.273898] ehci-pci: EHCI PCI platform driver
[    1.278350] ehci-platform: EHCI generic platform driver
[    1.283641] ehci-omap: OMAP-EHCI Host Controller driver
[    1.288907] ehci-orion: EHCI orion driver
[    1.292953] SPEAr-ehci: EHCI SPEAr driver
[    1.297007] ehci-st: EHCI STMicroelectronics driver
[    1.301927] ehci-exynos: EHCI EXYNOS driver
[    1.306161] ehci-atmel: EHCI Atmel driver
[    1.310215] tegra-ehci: Tegra EHCI driver
[    1.314284] ohci_hcd: USB 1.1 'Open' Host Controller (OHCI) Driver
[    1.320456] ohci-pci: OHCI PCI platform driver
[    1.324906] ohci-platform: OHCI generic platform driver
[    1.330182] ohci-omap3: OHCI OMAP3 driver
[    1.334236] SPEAr-ohci: OHCI SPEAr driver
[    1.338292] ohci-st: OHCI STMicroelectronics driver
[    1.343213] ohci-atmel: OHCI Atmel driver
[    1.347476] usbcore: registered new interface driver usb-storage
[    1.354058] mousedev: PS/2 mouse device common for all mice
[    1.360030] 1-0015 supply vcc not found, using dummy regulator
[    1.367093] as3722-rtc as3722-rtc: rtc core: registered as3722-rtc as rtc0
[    1.373960] as3722-rtc as3722-rtc: RTC interrupt 370
[    1.380872] tegra_rtc 7000e000.rtc: rtc core: registered 7000e000.rtc as rtc1
[    1.388012] tegra_rtc 7000e000.rtc: Tegra internal Real Time Clock
[    1.394384] i2c /dev entries driver
[    1.400275] 0-004c supply vcc not found, using dummy regulator
[    1.410169] sdhci: Secure Digital Host Controller Interface driver
[    1.416348] sdhci: Copyright(c) Pierre Ossman
[    1.421267] Synopsys Designware Multimedia Card Interface Driver
[    1.427660] sdhci-pltfm: SDHCI platform and OF driver helper
[    1.433604] sdhci-tegra 700b0000.sdhci: allocated mmc-pwrseq
[    1.439270] mmc0: Unknown controller version (3). You may experience problems.
[    1.446628] sdhci-tegra 700b0400.sdhci: Got CD GPIO
[    1.451506] sdhci-tegra 700b0400.sdhci: Got WP GPIO
[    1.456397] mmc0: Unknown controller version (3). You may experience problems.
[    1.463717] mmc0: Unknown controller version (3). You may experience problems.
[    1.470957] mmc0: Invalid maximum block size, assuming 512 bytes
[    1.508090] mmc0: SDHCI controller on 700b0600.sdhci [700b0600.sdhci] using ADMA 64-bit
[    1.514802] input: Elan Touchpad as /devices/soc0/7000c400.i2c/i2c-1/1-0015/input/input0
[    1.524739] ledtrig-cpu: registered to indicate activity on CPUs
[    1.530856] usbcore: registered new interface driver usbhid
[    1.536419] usbhid: USB HID core driver
[    1.542333] NET: Registered protocol family 10
[    1.547051] sit: IPv6 over IPv4 tunneling driver
[    1.551906] NET: Registered protocol family 17
[    1.556349] can: controller area network core (rev 20120528 abi 9)
[    1.562541] NET: Registered protocol family 29
[    1.566977] can: raw protocol (rev 20120528)
[    1.571239] can: broadcast manager protocol (rev 20120528 t)
[    1.576892] can: netlink gateway (rev 20130117) max_hops=1
[    1.582516] Key type dns_resolver registered
[    1.587011] ThumbEE CPU extension supported.
[    1.591278] Registering SWP/SWPB emulation handler
[    1.598618] +3.3V_RUN: supplied by +3.3V_SYS
[    1.603141] +3.3V_AVDD_HDMI_AP_GATED: supplied by +3.3V_RUN
[    1.608917] +1.8V_RUN_CAM: supplied by +3.3V_RUN
[    1.613742] +VDDIO_SDMMC3: supplied by +3.3V_RUN
[    1.618573] +1.8V_RUN_VPP_FUSE: supplied by +3.3V_RUN
[    1.624040] +VDD_LED: supplied by +VDD_MUX
[    1.628703] +5V_VDD_TS_SW: supplied by +5V_SYS
[    1.633773] +5V_USB_HS: supplied by +5V_SYS
[    1.638514] +5V_USB_SS: supplied by +5V_SYS
[    1.643579] +3.3V_PANEL: supplied by +3.3V_RUN
[    1.648879] +3.3V_LP0: supplied by +3.3V_SYS
[    1.653860] +1.05V_RUN_AVDD_HDMI_PLL: supplied by +1.05V_RUN
[    1.659639] elan_i2c 1-0015: failed to read report data: -121
[    1.660039] +5V_HDMI_CON: supplied by +5V_SYS
[    1.661056] usb3-0 supply vbus not found, using dummy regulator
[    1.661127] usb3-1 supply vbus not found, using dummy regulator
[    1.682800] tegra-sor 54540000.sor: failed to probe output: -517
[    1.689619] panel supply power not found, using dummy regulator
[    1.697107] sdhci-tegra 700b0000.sdhci: allocated mmc-pwrseq
[    1.702849] mmc1: Unknown controller version (3). You may experience problems.
[    1.710294] mmc1: Invalid maximum block size, assuming 512 bytes
[    1.716772] +1.8V_VDDIO: voltage operation not allowed
[    1.721959] mmc1: Switching to 3.3V signalling voltage failed
[    1.728764] mmc0: new high speed MMC card at address 0001
[    1.734761] mmcblk0: mmc0:0001 MMC16G 14.4 GiB 
[    1.739802] mmcblk0boot0: mmc0:0001 MMC16G partition 1 2.00 MiB
[    1.746216] mmcblk0boot1: mmc0:0001 MMC16G partition 2 2.00 MiB
[    1.752516] mmcblk0rpmb: mmc0:0001 MMC16G partition 3 128 KiB
[    1.753148] mmc1: SDHCI controller on 700b0000.sdhci [700b0000.sdhci] using ADMA 64-bit
[    1.754134] sdhci-tegra 700b0400.sdhci: Got CD GPIO
[    1.754144] sdhci-tegra 700b0400.sdhci: Got WP GPIO
[    1.754183] mmc2: Unknown controller version (3). You may experience problems.
[    1.754364] mmc2: Invalid maximum block size, assuming 512 bytes
[    1.791486] elan_i2c 1-0015: invalid report id data (ff)
[    1.793547]  mmcblk0: p1 p2 p3 p4 p5 p6 p7 p8 p9 p10 p11 p12
[    1.795675] mmc1: new high speed SDIO card at address 0001
[    1.808197] mmc2: SDHCI controller on 700b0400.sdhci [700b0400.sdhci] using ADMA 64-bit
[    1.908321] [drm] Supports vblank timestamp caching Rev 2 (21.10.2013).
[    1.914956] [drm] No driver support for vblank timestamp query.
[    1.964990] mmc2: new high speed SDHC card at address 0007
[    1.965456] mmcblk2: mmc2:0007 SD08G 7.42 GiB 
[    1.975529] GPT:Primary header alternate_lba != Alt. header my_lba
[    1.975533] GPT:3014591 != 15564799
[    1.975535] GPT:Primary header thinks Alt. header is not at the end of the disk.
[    1.975537] GPT:3014591 != 15564799
[    1.975539] GPT: Use GNU Parted to correct GPT errors.
[    1.975576]  mmcblk2: p1 p2 p3 p4 p5 p6 p7 p8 p9 p10 p11 p12
[    1.977006] Console: switching to colour frame buffer device 170x48
[    2.028438] drm drm: fb0:  frame buffer device
[    2.043176] [drm] Initialized tegra 0.0.0 20120330 on minor 0
[    2.049896] input: gpio-keys as /devices/soc0/gpio-keys/input/input1
[    2.057046] as3722-rtc as3722-rtc: setting system clock to 2016-01-11 09:19:12 UTC (1452503952)
[    2.069745] +1.8V_RUN_CAM: disabling
[    2.073529] +3.3V_RUN_CAM: disabling
[    2.077273] +1.2V_RUN_CAM_FRONT: disabling
[    2.081580] +1.05V_RUN_CAM_REAR: disabling
[    2.085912] +2.8V_RUN_TOUCH: disabling
[    2.089807] +2.8V_RUN_CAM_AF: disabling
[    2.093746] +1.8V_RUN_VPP_FUSE: disabling
[    2.097844] +5V_VDD_TS_SW: disabling
[    2.101423] +5V_USB_HS: disabling
[    2.104731] +5V_USB_SS: disabling
[    2.108878] EXT4-fs (mmcblk0p3): couldn't mount as ext3 due to feature incompatibilities
[    2.117376] EXT4-fs (mmcblk0p3): couldn't mount as ext2 due to feature incompatibilities
[    2.528475] EXT4-fs (mmcblk0p3): recovery complete
[    2.533982] EXT4-fs (mmcblk0p3): mounted filesystem with ordered data mode. Opts: (null)
[    2.542095] VFS: Mounted root (ext4 filesystem) on device 179:3.
[    2.548643] devtmpfs: mounted
[    2.552290] Freeing unused kernel memory: 2048K (c1100000 - c1300000)
bash: cannot set terminal process group (-1): Inappropriate ioctl for device
bash: no job control in this shell
root@(none):/# 