
U-Boot SPL 2014.07-00097-g772e173 (Jul 25 2014 - 20:02:52)


U-Boot 2014.07-00097-g772e173 (Jul 25 2014 - 20:02:52)

TEGRA124
Board: NVIDIA Jetson TK1
I2C:   ready
DRAM:  2 GiB
MMC:   Tegra SD/MMC: 0, Tegra SD/MMC: 1
In:    serial
Out:   serial
Err:   serial
Net:   Net Initialization Skipped
No ethernet found.
Hit any key to stop autoboot:  2  0 
Tegra124 (Jetson TK1) # 
Tegra124 (Jetson TK1) # usb reset
(Re)start USB...
USB0:   USB EHCI 1.10
scanning bus 0 for devices... 1 USB Device(s) found
USB1:   USB EHCI 1.10
scanning bus 1 for devices... 2 USB Device(s) found
       scanning usb for storage devices... 0 Storage Device(s) found
       scanning usb for ethernet devices... 
Warning: asx0 using MAC address from net device
1 Ethernet Device(s) found
Tegra124 (Jetson TK1) # setenv bootargs 'ignore_loglevel console=ttyS0,115200n8 rw root=/dev/mmcblk0p1 rootwait gpt debug noinitrd earlyprintk init=/bin/bash'
Tegra124 (Jetson TK1) # setenv ipaddr 192.168.100.102; setenv serverip 192.168.100.1; setenv tftpserverip 192.168.100.1
Tegra124 (Jetson TK1) # tftpboot 0x82000000 zImage.multi_v7_defconfig
Using asx0 device
TFTP from server 192.168.100.1; our IP address is 192.168.100.102
Filename 'zImage.multi_v7_defconfig'.
Load address: 0x82000000
Loading: *#################################################################
	 #################################################################
	 #################################################################
	 #################################################################
	 #################################################################
	 #################################################################
	 ####################################################
	 3.2 MiB/s
done
Bytes transferred = 6477184 (62d580 hex)
Tegra124 (Jetson TK1) # tftpboot 0x83000000 tegra124-jetson-tk1.dtb
Using asx0 device
TFTP from server 192.168.100.1; our IP address is 192.168.100.102
Filename 'tegra124-jetson-tk1.dtb'.
Load address: 0x83000000
Loading: *#####
	 2.4 MiB/s
done
Bytes transferred = 64138 (fa8a hex)
Tegra124 (Jetson TK1) # bootz 0x82000000 - 0x83000000
Kernel image @ 0x82000000 [ 0x000000 - 0x62d580 ]
## Flattened Device Tree blob at 83000000
   Booting using the fdt blob at 0x83000000
   Using Device Tree in place at 83000000, end 83012a89

Starting kernel ...

[    0.000000] Booting Linux on physical CPU 0x0
[    0.000000] Linux version 4.3.0-51166-gbd4f203 (pwalmsley@sellafield) (gcc version 4.7.3 20130328 (prerelease) (crosstool-NG linaro-1.13.1-4.7-2013.04-20130415 - Linaro GCC 2013.04) ) #1 SMP Thu Jan 28 06:31:07 PST 2016
[    0.000000] CPU: ARMv7 Processor [413fc0f3] revision 3 (ARMv7), cr=10c5387d
[    0.000000] CPU: PIPT / VIPT nonaliasing data cache, PIPT instruction cache
[    0.000000] Machine model: NVIDIA Tegra124 Jetson TK1
[    0.000000] debug: ignoring loglevel setting.
[    0.000000] cma: Reserved 64 MiB at 0xfb800000
[    0.000000] Memory policy: Data cache writealloc
[    0.000000] On node 0 totalpages: 524032
[    0.000000] free_area_init_node: node 0, pgdat c0f982c0, node_mem_map eeff8000
[    0.000000]   DMA zone: 1536 pages used for memmap
[    0.000000]   DMA zone: 0 pages reserved
[    0.000000]   DMA zone: 196608 pages, LIFO batch:31
[    0.000000]   HighMem zone: 327424 pages, LIFO batch:31
[    0.000000] PERCPU: Embedded 12 pages/cpu @eef8f000 s19136 r8192 d21824 u49152
[    0.000000] pcpu-alloc: s19136 r8192 d21824 u49152 alloc=12*4096
[    0.000000] pcpu-alloc: [0] 0 [0] 1 [0] 2 [0] 3 
[    0.000000] Built 1 zonelists in Zone order, mobility grouping on.  Total pages: 522496
[    0.000000] Kernel command line: ignore_loglevel console=ttyS0,115200n8 rw root=/dev/mmcblk0p1 rootwait gpt debug noinitrd earlyprintk init=/bin/bash
[    0.000000] PID hash table entries: 4096 (order: 2, 16384 bytes)
[    0.000000] Dentry cache hash table entries: 131072 (order: 7, 524288 bytes)
[    0.000000] Inode-cache hash table entries: 65536 (order: 6, 262144 bytes)
[    0.000000] Memory: 1998652K/2096128K available (8156K kernel code, 1032K rwdata, 3660K rodata, 1040K init, 340K bss, 31940K reserved, 65536K cma-reserved, 1244160K highmem)
[    0.000000] Virtual kernel memory layout:
[    0.000000]     vector  : 0xffff0000 - 0xffff1000   (   4 kB)
[    0.000000]     fixmap  : 0xffc00000 - 0xfff00000   (3072 kB)
[    0.000000]     vmalloc : 0xf0800000 - 0xff800000   ( 240 MB)
[    0.000000]     lowmem  : 0xc0000000 - 0xf0000000   ( 768 MB)
[    0.000000]     pkmap   : 0xbfe00000 - 0xc0000000   (   2 MB)
[    0.000000]     modules : 0xbf000000 - 0xbfe00000   (  14 MB)
[    0.000000]       .text : 0xc0208000 - 0xc0d932ac   (11821 kB)
[    0.000000]       .init : 0xc0d94000 - 0xc0e98000   (1040 kB)
[    0.000000]       .data : 0xc0e98000 - 0xc0f9a220   (1033 kB)
[    0.000000]        .bss : 0xc0f9d000 - 0xc0ff23a8   ( 341 kB)
[    0.000000] SLUB: HWalign=64, Order=0-3, MinObjects=0, CPUs=4, Nodes=1
[    0.000000] Hierarchical RCU implementation.
[    0.000000] 	Build-time adjustment of leaf fanout to 32.
[    0.000000] 	RCU restricting CPUs from NR_CPUS=16 to nr_cpu_ids=4.
[    0.000000] RCU: Adjusting geometry for rcu_fanout_leaf=32, nr_cpu_ids=4
[    0.000000] NR_IRQS:16 nr_irqs:16 16
[    0.000000] /interrupt-controller@60004000: 160 interrupts forwarded to /interrupt-controller@0,50041000
[    0.000000] L2C: failed to init: -19
[    0.000010] sched_clock: 32 bits at 1000kHz, resolution 1000ns, wraps every 2147483647500ns
[    0.000030] clocksource: timer_us: mask: 0xffffffff max_cycles: 0xffffffff, max_idle_ns: 1911260446275 ns
[    0.000043] Switching to timer-based delay loop, resolution 1000ns
[    0.004392] Architected cp15 timer(s) running at 12.00MHz (virt).
[    0.004410] clocksource: arch_sys_counter: mask: 0xffffffffffffff max_cycles: 0x2c47f4ee7, max_idle_ns: 440795202497 ns
[    0.004427] sched_clock: 56 bits at 12MHz, resolution 83ns, wraps every 4398046511096ns
[    0.004439] Switching to timer-based delay loop, resolution 83ns
[    0.004859] Console: colour dummy device 80x30
[    0.004884] Calibrating delay loop (skipped), value calculated using timer frequency.. 24.00 BogoMIPS (lpj=60000)
[    0.004898] pid_max: default: 32768 minimum: 301
[    0.005005] Mount-cache hash table entries: 2048 (order: 1, 8192 bytes)
[    0.005017] Mountpoint-cache hash table entries: 2048 (order: 1, 8192 bytes)
[    0.005604] CPU: Testing write buffer coherency: ok
[    0.005822] /cpus/cpu@0 missing clock-frequency property
[    0.005861] /cpus/cpu@1 missing clock-frequency property
[    0.005898] /cpus/cpu@2 missing clock-frequency property
[    0.005937] /cpus/cpu@3 missing clock-frequency property
[    0.005949] CPU0: thread -1, cpu 0, socket 0, mpidr 80000000
[    0.005991] Setting up static identity map for 0x80209000 - 0x80209098
[    0.008948] Tegra Revision: A01 SKU: 129 CPU Process: 1 SoC Process: 1
[    0.010231] CPU1: thread -1, cpu 1, socket 0, mpidr 80000001
[    0.010754] CPU2: thread -1, cpu 2, socket 0, mpidr 80000002
[    0.011269] CPU3: thread -1, cpu 3, socket 0, mpidr 80000003
[    0.011335] Brought up 4 CPUs
[    0.011356] SMP: Total of 4 processors activated (96.00 BogoMIPS).
[    0.011363] CPU: All CPU(s) started in SVC mode.
[    0.012793] devtmpfs: initialized
[    0.031061] VFP support v0.3: implementor 41 architecture 4 part 30 variant f rev 0
[    0.031836] clocksource: jiffies: mask: 0xffffffff max_cycles: 0xffffffff, max_idle_ns: 9556302231375000 ns
[    0.033473] pinctrl core: initialized pinctrl subsystem
[    0.035130] NET: Registered protocol family 16
[    0.037144] DMA: preallocated 256 KiB pool for atomic coherent allocations
[    0.049659] cpuidle: using governor ladder
[    0.064679] cpuidle: using governor menu
[    0.081152] No ATAGs?
[    0.081188] hw-breakpoint: found 5 (+1 reserved) breakpoint and 4 watchpoint registers.
[    0.081198] hw-breakpoint: maximum watchpoint size is 8 bytes.
[    0.085949] Serial: AMBA PL011 UART driver
[    0.115334] +USB0_VBUS_SW: Failed to request enable GPIO108: -517
[    0.115449] reg-fixed-voltage regulators:regulator@7: Failed to register regulator: -517
[    0.115668] +5V_USB_HS: Failed to request enable GPIO109: -517
[    0.115773] reg-fixed-voltage regulators:regulator@8: Failed to register regulator: -517
[    0.116068] +1.05V_RUN_AVDD_HDMI_PLL: Failed to request enable GPIO63: -517
[    0.116172] reg-fixed-voltage regulators:regulator@11: Failed to register regulator: -517
[    0.116390] +5V_HDMI_CON: Failed to request enable GPIO86: -517
[    0.116491] reg-fixed-voltage regulators:regulator@12: Failed to register regulator: -517
[    0.116705] +5V_SATA: Failed to request enable GPIO242: -517
[    0.116806] reg-fixed-voltage regulators:regulator@13: Failed to register regulator: -517
[    0.117021] +12V_SATA: Failed to request enable GPIO242: -517
[    0.117122] reg-fixed-voltage regulators:regulator@14: Failed to register regulator: -517
[    0.120053] vgaarb: loaded
[    0.120801] SCSI subsystem initialized
[    0.120983] libata version 3.00 loaded.
[    0.121275] usbcore: registered new interface driver usbfs
[    0.121338] usbcore: registered new interface driver hub
[    0.121411] usbcore: registered new device driver usb
[    0.124990] pps_core: LinuxPPS API ver. 1 registered
[    0.124999] pps_core: Software ver. 5.3.6 - Copyright 2005-2007 Rodolfo Giometti <giometti@linux.it>
[    0.125028] PTP clock support registered
[    0.125248] EDAC MC: Ver: 3.0.0
[    0.128360] clocksource: Switched to clocksource arch_sys_counter
[    0.139961] NET: Registered protocol family 2
[    0.140490] TCP established hash table entries: 8192 (order: 3, 32768 bytes)
[    0.140589] TCP bind hash table entries: 8192 (order: 4, 65536 bytes)
[    0.140776] TCP: Hash tables configured (established 8192 bind 8192)
[    0.140829] UDP hash table entries: 512 (order: 2, 16384 bytes)
[    0.140871] UDP-Lite hash table entries: 512 (order: 2, 16384 bytes)
[    0.141040] NET: Registered protocol family 1
[    0.141293] RPC: Registered named UNIX socket transport module.
[    0.141303] RPC: Registered udp transport module.
[    0.141310] RPC: Registered tcp transport module.
[    0.141317] RPC: Registered tcp NFSv4.1 backchannel transport module.
[    0.141336] PCI: CLS 0 bytes, default 64
[    0.142324] hw perfevents: enabled with armv7_cortex_a15 PMU driver, 7 counters available
[    0.143877] futex hash table entries: 1024 (order: 4, 65536 bytes)
[    0.155900] squashfs: version 4.0 (2009/01/31) Phillip Lougher
[    0.156824] NFS: Registering the id_resolver key type
[    0.156853] Key type id_resolver registered
[    0.156862] Key type id_legacy registered
[    0.156936] ntfs: driver 2.1.32 [Flags: R/O].
[    0.158384] bounce: pool size: 64 pages
[    0.158598] Block layer SCSI generic (bsg) driver version 0.4 loaded (major 249)
[    0.158617] io scheduler noop registered
[    0.158634] io scheduler deadline registered
[    0.158672] io scheduler cfq registered (default)
[    0.175442] tegra-pcie 1003000.pcie-controller: 2x1, 1x1 configuration
[    0.175494] tegra-pcie 1003000.pcie-controller: Failed to get supply 'avddio-pex': -517
[    0.182724] tegra-apbdma 60020000.dma: Tegra20 APB DMA driver register 32 channels
[    0.184108] tegra-pmc 7000e400.pmc: emergency thermal reset enabled
[    0.248021] Serial: 8250/16550 driver, 4 ports, IRQ sharing disabled
[    0.250418] SuperH (H)SCI(F) driver initialized
[    0.251351] msm_serial: driver initialized
[    0.252172] console [ttyS0] disabled
[    0.252207] 70006300.serial: ttyS0 at MMIO 0x70006300 (irq = 331, base_baud = 25500000) is a Tegra
[    1.070832] console [ttyS0] enabled
[    1.075152] STMicroelectronics ASC driver initialized
[    1.082594] [drm] Initialized drm 1.1.0 20060810
[    1.089582] tegra-hdmi 54280000.hdmi: failed to get HDMI regulator
[    1.103798] loop: module loaded
[    1.107234] at24 0-0056: 256 byte 24c02 EEPROM, writable, 8 bytes/write
[    1.115128] as3722 4-0040: AS3722 with revision 0x1 found
[    1.138451] +5V_SYS: supplied by +VDD_MUX
[    1.142506] +1.05V_RUN: supplied by +5V_SYS
[    1.146816] tegra-ahci 70027000.sata: Failed to get supply 'hvdd': -517
[    1.153489] tegra-ahci 70027000.sata: Failed to get regulators
[    1.164743] m25p80 spi32765.0: w25q32dw (4096 Kbytes)
[    1.169822] spi32765.0: 'partitions' subnode not found on /spi@0,7000da00/spi-flash@0. Trying to parse direct subnodes as partitions.
[    1.185217] CAN device driver interface
[    1.190440] igb: Intel(R) Gigabit Ethernet Network Driver - version 5.3.0-k
[    1.197406] igb: Copyright (c) 2007-2014 Intel Corporation.
[    1.206342] pegasus: v0.9.3 (2013/04/25), Pegasus/Pegasus II USB Ethernet driver
[    1.213797] usbcore: registered new interface driver pegasus
[    1.219538] usbcore: registered new interface driver asix
[    1.224998] usbcore: registered new interface driver ax88179_178a
[    1.231149] usbcore: registered new interface driver cdc_ether
[    1.237062] usbcore: registered new interface driver smsc75xx
[    1.242886] usbcore: registered new interface driver smsc95xx
[    1.248694] usbcore: registered new interface driver net1080
[    1.254415] usbcore: registered new interface driver cdc_subset
[    1.260393] usbcore: registered new interface driver zaurus
[    1.266068] usbcore: registered new interface driver cdc_ncm
[    1.271990] tegra-phy 7d004000.usb-phy: no vbus regulator
[    1.279347] ehci_hcd: USB 2.0 'Enhanced' Host Controller (EHCI) Driver
[    1.285885] ehci-pci: EHCI PCI platform driver
[    1.290385] ehci-platform: EHCI generic platform driver
[    1.295834] ehci-omap: OMAP-EHCI Host Controller driver
[    1.301211] ehci-orion: EHCI orion driver
[    1.305376] SPEAr-ehci: EHCI SPEAr driver
[    1.309546] ehci-st: EHCI STMicroelectronics driver
[    1.314585] ehci-exynos: EHCI EXYNOS driver
[    1.318947] ehci-atmel: EHCI Atmel driver
[    1.323103] tegra-ehci: Tegra EHCI driver
[    1.327447] tegra-ehci 7d004000.usb: EHCI Host Controller
[    1.332876] tegra-ehci 7d004000.usb: new USB bus registered, assigned bus number 1
[    1.340612] tegra-ehci 7d004000.usb: irq 348, io mem 0x7d004000
[    1.353384] tegra-ehci 7d004000.usb: USB 2.0 started, EHCI 1.10
[    1.360152] hub 1-0:1.0: USB hub found
[    1.363950] hub 1-0:1.0: 1 port detected
[    1.368481] ohci_hcd: USB 1.1 'Open' Host Controller (OHCI) Driver
[    1.374682] ohci-pci: OHCI PCI platform driver
[    1.379188] ohci-platform: OHCI generic platform driver
[    1.384602] ohci-omap3: OHCI OMAP3 driver
[    1.388769] SPEAr-ohci: OHCI SPEAr driver
[    1.392922] ohci-st: OHCI STMicroelectronics driver
[    1.397961] ohci-atmel: OHCI Atmel driver
[    1.402527] usbcore: registered new interface driver usb-storage
[    1.410124] mousedev: PS/2 mouse device common for all mice
[    1.419448] as3722-rtc as3722-rtc: rtc core: registered as3722-rtc as rtc0
[    1.426334] as3722-rtc as3722-rtc: RTC interrupt 371
[    1.434684] tegra_rtc 7000e000.rtc: rtc core: registered 7000e000.rtc as rtc1
[    1.441873] tegra_rtc 7000e000.rtc: Tegra internal Real Time Clock
[    1.448658] i2c /dev entries driver
[    1.457262] 0-004c supply vcc not found, using dummy regulator
[    1.469854] sdhci: Secure Digital Host Controller Interface driver
[    1.476054] sdhci: Copyright(c) Pierre Ossman
[    1.482097] Synopsys Designware Multimedia Card Interface Driver
[    1.489315] sdhci-pltfm: SDHCI platform and OF driver helper
[    1.495734] sdhci-tegra 700b0400.sdhci: Got CD GPIO
[    1.500645] sdhci-tegra 700b0400.sdhci: Got WP GPIO
[    1.505583] mmc0: Unknown controller version (3). You may experience problems.
[    1.513000] sdhci-tegra 700b0400.sdhci: No vmmc regulator found
[    1.519092] mmc0: Unknown controller version (3). You may experience problems.
[    1.526401] sdhci-tegra 700b0600.sdhci: No vmmc regulator found
[    1.532330] sdhci-tegra 700b0600.sdhci: No vqmmc regulator found
[    1.538352] mmc0: Invalid maximum block size, assuming 512 bytes
[    1.578383] mmc0: SDHCI controller on 700b0600.sdhci [700b0600.sdhci] using ADMA 64-bit
[    1.587940] ledtrig-cpu: registered to indicate activity on CPUs
[    1.594172] usbcore: registered new interface driver usbhid
[    1.599751] usbhid: USB HID core driver
[    1.610379] NET: Registered protocol family 10
[    1.615532] sit: IPv6 over IPv4 tunneling driver
[    1.620819] NET: Registered protocol family 17
[    1.622376] mmc0: MAN_BKOPS_EN bit is not set
[    1.625753] mmc0: new high speed MMC card at address 0001
[    1.626293] mmcblk0: mmc0:0001 SEM16G 14.6 GiB 
[    1.626551] mmcblk0boot0: mmc0:0001 SEM16G partition 1 4.00 MiB
[    1.626791] mmcblk0boot1: mmc0:0001 SEM16G partition 2 4.00 MiB
[    1.627026] mmcblk0rpmb: mmc0:0001 SEM16G partition 3 4.00 MiB
[    1.629043] Primary GPT is invalid, using alternate GPT.
[    1.629072]  mmcblk0: p1 p2 p3 p4 p5 p6 p7 p8 p9
[    1.667178] can: controller area network core (rev 20120528 abi 9)
[    1.673430] NET: Registered protocol family 29
[    1.677880] can: raw protocol (rev 20120528)
[    1.682171] can: broadcast manager protocol (rev 20120528 t)
[    1.687853] can: netlink gateway (rev 20130117) max_hops=1
[    1.693757] Key type dns_resolver registered
[    1.698685] ThumbEE CPU extension supported.
[    1.702965] Registering SWP/SWPB emulation handler
[    1.715584] tegra-pcie 1003000.pcie-controller: 2x1, 1x1 configuration
[    1.722490] +3.3V_SYS: supplied by +VDD_MUX
[    1.726762] +3.3V_LP0: supplied by +3.3V_SYS
[    1.731532] +1.35V_LP0(sd2): supplied by +5V_SYS
[    1.736285] +1.05V_RUN_AVDD: supplied by +1.35V_LP0(sd2)
[    1.743562] tegra-pcie 1003000.pcie-controller: probing port 0, using 2 lanes
[    1.752806] tegra-pcie 1003000.pcie-controller: Slot present pin change, signature: 00000008
[    2.181292] tegra-pcie 1003000.pcie-controller: link 0 down, retrying
[    2.609837] tegra-pcie 1003000.pcie-controller: link 0 down, retrying
[    3.038516] tegra-pcie 1003000.pcie-controller: link 0 down, retrying
[    3.047096] tegra-pcie 1003000.pcie-controller: link 0 down, ignoring
[    3.053588] tegra-pcie 1003000.pcie-controller: probing port 1, using 1 lanes
[    3.062841] tegra-pcie 1003000.pcie-controller: Slot present pin change, signature: 00000000
[    3.491415] tegra-pcie 1003000.pcie-controller: link 1 down, retrying
[    3.919104] tegra-pcie 1003000.pcie-controller: link 1 down, retrying
[    4.347315] tegra-pcie 1003000.pcie-controller: link 1 down, retrying
[    4.355904] tegra-pcie 1003000.pcie-controller: link 1 down, ignoring
[    4.362604] tegra-pcie 1003000.pcie-controller: PCI host bridge to bus 0000:00
[    4.369842] pci_bus 0000:00: root bus resource [mem 0x13000000-0x1fffffff]
[    4.376723] pci_bus 0000:00: root bus resource [mem 0x20000000-0x3fffffff pref]
[    4.384037] pci_bus 0000:00: root bus resource [bus 00-ff]
[    4.389530] pci_bus 0000:00: root bus resource [io  0x1000-0xffff]
[    4.395740] PCI: bus0: Fast back to back transfers enabled
[    4.402054] +5V_HDMI_CON: supplied by +5V_SYS
[    4.406557] +1.05V_RUN_AVDD_HDMI_PLL: supplied by +1.05V_RUN
[    4.412375] +3.3V_RUN: supplied by +3.3V_SYS
[    4.416690] +3.3V_AVDD_HDMI_AP_GATED: supplied by +3.3V_RUN
[    4.424844] [drm] Supports vblank timestamp caching Rev 2 (21.10.2013).
[    4.431508] [drm] No driver support for vblank timestamp query.
[    4.537706] tegra-hdmi 54280000.hdmi: cannot set audio to 44100 at 297000000 pclk
[    4.648204] Console: switching to colour frame buffer device 512x135
[    4.742667] drm drm: fb0:  frame buffer device
[    4.763499] [drm] Initialized tegra 0.0.0 20120330 on minor 0
[    4.770550] +5V_SATA: supplied by +5V_SYS
[    4.774793] +12V_SATA: supplied by +VDD_MUX
[    4.779405] tegra-ahci 70027000.sata: AHCI 0001.0301 32 slots 2 ports 3 Gbps 0x1 impl platform mode
[    4.788465] tegra-ahci 70027000.sata: flags: 64bit ncq sntf pm led pio slum part sadm sds apst 
[    4.799698] scsi host0: tegra-ahci
[    4.804366] scsi host1: tegra-ahci
[    4.808104] ata1: SATA max UDMA/133 mmio [mem 0x70027000-0x70028fff] port 0x100 irq 341
[    4.816148] ata2: DUMMY
[    4.819812] +5V_USB_HS: supplied by +5V_SYS
[    4.825493] tegra-ehci 7d008000.usb: EHCI Host Controller
[    4.830948] tegra-ehci 7d008000.usb: new USB bus registered, assigned bus number 2
[    4.838753] tegra-ehci 7d008000.usb: irq 349, io mem 0x7d008000
[    4.853519] tegra-ehci 7d008000.usb: USB 2.0 started, EHCI 1.10
[    4.860684] hub 2-0:1.0: USB hub found
[    4.864541] hub 2-0:1.0: 1 port detected
[    4.870012] dev_pm_opp_of_cpumask_add_table: couldn't find opp table for cpu:0, -19
[    4.877794] cpufreq: cpufreq_online: CPU0: Running at unlisted freq: 696000 KHz
[    4.885163] cpufreq: cpufreq_online: CPU0: Unlisted initial frequency changed to: 714000 KHz
[    4.894359] sdhci-tegra 700b0400.sdhci: Got CD GPIO
[    4.899265] sdhci-tegra 700b0400.sdhci: Got WP GPIO
[    4.904190] mmc1: Unknown controller version (3). You may experience problems.
[    4.911517] +VDDIO_SDMMC3: supplied by +3.3V_RUN
[    4.916189] sdhci-tegra 700b0400.sdhci: No vmmc regulator found
[    4.922128] mmc1: Invalid maximum block size, assuming 512 bytes
[    4.963659] mmc1: SDHCI controller on 700b0400.sdhci [700b0400.sdhci] using ADMA 64-bit
[    4.972334] input: gpio-keys as /devices/soc0/gpio-keys/input/input0
[    4.979611] as3722-rtc as3722-rtc: setting system clock to 2000-01-01 00:00:53 UTC (946684853)
[    4.992032] +1.8V_RUN_CAM: disabling
[    4.995850] +2.8V_RUN_CAM: disabling
[    4.999634] +1.2V_RUN_CAM_FRONT: disabling
[    5.003901] +1.05V_RUN_CAM_REAR: disabling
[    5.008141] +3.3V_RUN_TOUCH: disabling
[    5.012050] +2.8V_RUN_CAM_AF: disabling
[    5.016048] +1.8V_RUN_VPP_FUSE: disabling
[    5.020220] +USB0_VBUS_SW: disabling
[    5.148468] ata1: SATA link down (SStatus 0 SControl 300)
[    5.154611] EXT4-fs (mmcblk0p1): couldn't mount as ext3 due to feature incompatibilities
[    5.163188] EXT4-fs (mmcblk0p1): couldn't mount as ext2 due to feature incompatibilities
[    5.178415] usb 2-1: new high-speed USB device number 2 using tegra-ehci
[    5.188935] EXT4-fs (mmcblk0p1): recovery complete
[    5.193791] EXT4-fs (mmcblk0p1): mounted filesystem with ordered data mode. Opts: (null)
[    5.201939] VFS: Mounted root (ext4 filesystem) on device 179:1.
[    5.212408] devtmpfs: mounted
[    5.215928] Freeing unused kernel memory: 1040K (c0d94000 - c0e98000)
bash: cannot set terminal process group (-1): Inappropriate ioctl for device
bash: no job control in this shell
root@(none):/# mount -t sysfs none /sys
root@(none):/# 
root@(none):/# mount -t debugfs none /sys/kernel/debug
root@(none):/# 
root@(none):/# rtcwake -d rtc1 -m mem -s 3
rtcwake: assuming RTC uses UTC ...
rtcwake: wakeup from "mem" using /dev/rtc1 at Thu Jan  1 00:00:25 1970
[    8.505360] PM: Syncing filesystems ... done.
[    8.743087] Freezing user space processes ... (elapsed 0.001 seconds) done.
[    8.751239] Freezing remaining freezable tasks ... (elapsed 0.001 seconds) done.
[    8.759832] Suspending console(s) (use no_console_suspend to debug)
[    8.838852] PM: suspend of devices complete after 72.082 msecs
[    8.840609] PM: late suspend of devices complete after 1.747 msecs
[    8.841675] PM: noirq suspend of devices complete after 1.061 msecs
[    8.841677] Disabling non-boot CPUs ...
[    8.842096] CPU1: shutdown
[    8.854546] CPU2: shutdown
[    8.884302] CPU3: shutdown
[    8.898890] Entering suspend state LP1
[    8.898905] Enabling non-boot CPUs ...
[    8.924111] CPU1 is up
[    8.949185] CPU2 is up
[    8.974318] CPU3 is up
[    8.975020] PM: noirq resume of devices complete after 0.696 msecs
[    8.977083] PM: early resume of devices complete after 1.750 msecs
[    9.095056] PM: resume of devices complete after 117.962 msecs
[    9.158674] Restarting tasks ... done.
root@(none):/# 
root@(none):/# [    9.363482] ata1: SATA link down (SStatus 0 SControl 300)
rtcwake -d rtc1 -m mem -s 3
rtcwake: assuming RTC uses UTC ...
rtcwake: wakeup from "mem" using /dev/rtc1 at Thu Jan  1 00:00:29 1970
[    9.434241] PM: Syncing filesystems ... done.
[    9.496491] Freezing user space processes ... (elapsed 0.001 seconds) done.
[    9.504745] Freezing remaining freezable tasks ... (elapsed 0.001 seconds) done.
[    9.513411] Suspending console(s) (use no_console_suspend to debug)
[    9.588971] PM: suspend of devices complete after 68.310 msecs
[    9.591639] PM: late suspend of devices complete after 2.655 msecs
[    9.593249] PM: noirq suspend of devices complete after 1.602 msecs
[    9.593252] Disabling non-boot CPUs ...
[    9.593835] CPU1: shutdown
[    9.625078] CPU2: shutdown
[    9.649794] CPU3: shutdown
[    9.664193] Entering suspend state LP1
[    9.664209] Enabling non-boot CPUs ...
[    9.689089] CPU1 is up
[    9.714165] CPU2 is up
[    9.739310] CPU3 is up
[    9.739959] PM: noirq resume of devices complete after 0.643 msecs
[    9.742085] PM: early resume of devices complete after 1.814 msecs
[    9.860317] PM: resume of devices complete after 118.222 msecs
[    9.923921] Restarting tasks ... done.
root@(none):/# 
root@(none):/# [   10.128471] ata1: SATA link down (SStatus 0 SControl 300)
rtcwake -d rtc1 -m mem -s 3
rtcwake: assuming RTC uses UTC ...
rtcwake: wakeup from "mem" using /dev/rtc1 at Thu Jan  1 00:00:33 1970
[   10.200951] PM: Syncing filesystems ... done.
[   10.309477] Freezing user space processes ... (elapsed 0.001 seconds) done.
[   10.317810] Freezing remaining freezable tasks ... (elapsed 0.001 seconds) done.
[   10.326625] Suspending console(s) (use no_console_suspend to debug)
[   10.404003] PM: suspend of devices complete after 69.455 msecs
[   10.407406] PM: late suspend of devices complete after 3.385 msecs
[   10.410236] PM: noirq suspend of devices complete after 2.818 msecs
[   10.410241] Disabling non-boot CPUs ...
[   10.411177] CPU1: shutdown
[   10.441322] CPU2: shutdown
[   10.465795] CPU3: shutdown
[   10.479811] Entering suspend state LP1
[   10.479826] Enabling non-boot CPUs ...
[   10.504062] CPU1 is up
[   10.529149] CPU2 is up
[   10.554273] CPU3 is up
[   10.554921] PM: noirq resume of devices complete after 0.642 msecs
[   10.556929] PM: early resume of devices complete after 1.682 msecs
[   10.675094] PM: resume of devices complete after 118.155 msecs
[   10.738716] Restarting tasks ... done.
root@(none):/# 
root@(none):/# [   10.943427] ata1: SATA link down (SStatus 0 SControl 300)
rtcwake -d rtc1 -m mem -s 3
rtcwake: assuming RTC uses UTC ...
rtcwake: wakeup from "mem" using /dev/rtc1 at Thu Jan  1 00:00:37 1970
[   11.014164] PM: Syncing filesystems ... done.
[   11.076170] Freezing user space processes ... (elapsed 0.001 seconds) done.
[   11.084389] Freezing remaining freezable tasks ... (elapsed 0.001 seconds) done.
[   11.093068] Suspending console(s) (use no_console_suspend to debug)
[   11.169051] PM: suspend of devices complete after 68.639 msecs
[   11.171489] PM: late suspend of devices complete after 2.424 msecs
[   11.173515] PM: noirq suspend of devices complete after 2.015 msecs
[   11.173519] Disabling non-boot CPUs ...
[   11.174124] CPU1: shutdown
[   11.200199] CPU2: shutdown
[   11.224897] CPU3: shutdown
[   11.239224] Entering suspend state LP1
[   11.239239] Enabling non-boot CPUs ...
[   11.264029] CPU1 is up
[   11.289112] CPU2 is up
[   11.314246] CPU3 is up
[   11.314874] PM: noirq resume of devices complete after 0.623 msecs
[   11.316845] PM: early resume of devices complete after 1.633 msecs
[   11.440013] PM: resume of devices complete after 123.158 msecs
[   11.503631] Restarting tasks ... done.
root@(none):/# 
root@(none):/# [   11.708425] ata1: SATA link down (SStatus 0 SControl 300)
rtcwake -d rtc1 -m mem -s 3
rtcwake: assuming RTC uses UTC ...
rtcwake: wakeup from "mem" using /dev/rtc1 at Thu Jan  1 00:00:41 1970
[   11.785154] PM: Syncing filesystems ... done.
[   11.863792] Freezing user space processes ... (elapsed 0.001 seconds) done.
[   11.872026] Freezing remaining freezable tasks ... (elapsed 0.001 seconds) done.
[   11.880776] Suspending console(s) (use no_console_suspend to debug)
[   11.959182] PM: suspend of devices complete after 70.930 msecs
[   11.961909] PM: late suspend of devices complete after 2.713 msecs
[   11.963979] PM: noirq suspend of devices complete after 2.060 msecs
[   11.963982] Disabling non-boot CPUs ...
[   11.964678] CPU1: shutdown
[   11.990437] CPU2: shutdown
[   12.015289] CPU3: shutdown
[   12.029327] Entering suspend state LP1
[   12.029341] Enabling non-boot CPUs ...
[   12.054005] CPU1 is up
[   12.079078] CPU2 is up
[   12.104223] CPU3 is up
[   12.104878] PM: noirq resume of devices complete after 0.649 msecs
[   12.106809] PM: early resume of devices complete after 1.611 msecs
[   12.225116] PM: resume of devices complete after 118.296 msecs
[   12.288723] Restarting tasks ... done.
root@(none):/# 
root@(none):/# NVTB SYSTEM SUSPEND TEST COMPLETE
[   12.493374] ata1: SATA link down (SStatus 0 SControl 300)
