
U-Boot SPL 2014.01-00219-gc4d376f (Feb 18 2014 - 19:57:18)


U-Boot 2014.01-00219-gc4d376f (Feb 18 2014 - 19:57:18)

TEGRA30
Board: NVIDIA Beaver
I2C:   ready
DRAM:  2 GiB
MMC:   Tegra SD/MMC: 0, Tegra SD/MMC: 1
In:    serial
Out:   serial
Err:   serial
Net:   Net Initialization Skipped
No ethernet found.
Hit any key to stop autoboot:  2  0 
Tegra30 (Beaver) # 
Tegra30 (Beaver) # usb reset
(Re)start USB...
USB0:   USB EHCI 1.00
scanning bus 0 for devices... 2 USB Device(s) found
       scanning usb for storage devices... 0 Storage Device(s) found
       scanning usb for ethernet devices... 
Warning: asx0 using MAC address from net device
1 Ethernet Device(s) found
Tegra30 (Beaver) # setenv bootargs 'ignore_loglevel console=ttyS0,115200n8 rw root=/dev/mmcblk0p1 rootwait gpt debug noinitrd earlyprintk init=/bin/bash'
Tegra30 (Beaver) # setenv ipaddr 192.168.100.101; setenv serverip 192.168.100.1; setenv tftpserverip 192.168.100.1
Tegra30 (Beaver) # tftpboot 0x81000000 zImage.multi_v7_defconfig
Using asx0 device
TFTP from server 192.168.100.1; our IP address is 192.168.100.101
Filename 'zImage.multi_v7_defconfig'.
Load address: 0x81000000
Loading: *#################################################################
	 #################################################################
	 #################################################################
	 #################################################################
	 #################################################################
	 #################################################################
	 ####################################################
	 3.5 MiB/s
done
Bytes transferred = 6477152 (62d560 hex)
Tegra30 (Beaver) # tftpboot 0x82000000 tegra30-beaver.dtb
Using asx0 device
TFTP from server 192.168.100.1; our IP address is 192.168.100.101
Filename 'tegra30-beaver.dtb'.
Load address: 0x82000000
Loading: *####
	 3.5 MiB/s
done
Bytes transferred = 51467 (c90b hex)
Tegra30 (Beaver) # bootz 0x81000000 - 0x82000000
Kernel image @ 0x81000000 [ 0x000000 - 0x62d560 ]
## Flattened Device Tree blob at 82000000
   Booting using the fdt blob at 0x82000000
   Loading Device Tree to 8fff0000, end 8ffff90a ... OK

Starting kernel ...

[    0.000000] Booting Linux on physical CPU 0x0
[    0.000000] Linux version 4.3.0-75599-gbd4f203 (pwalmsley@tamien) (gcc version 4.7.3 20130328 (prerelease) (crosstool-NG linaro-1.13.1-4.7-2013.04-20130415 - Linaro GCC 2013.04) ) #1 SMP Thu Feb 18 06:43:29 PST 2016
[    0.000000] CPU: ARMv7 Processor [412fc099] revision 9 (ARMv7), cr=10c5387d
[    0.000000] CPU: PIPT / VIPT nonaliasing data cache, VIPT aliasing instruction cache
[    0.000000] Machine model: NVIDIA Tegra30 Beaver evaluation board
[    0.000000] debug: ignoring loglevel setting.
[    0.000000] cma: Reserved 64 MiB at 0xfb800000
[    0.000000] Memory policy: Data cache writealloc
[    0.000000] On node 0 totalpages: 524032
[    0.000000] free_area_init_node: node 0, pgdat c0f982c0, node_mem_map eeff8000
[    0.000000]   DMA zone: 1536 pages used for memmap
[    0.000000]   DMA zone: 0 pages reserved
[    0.000000]   DMA zone: 196608 pages, LIFO batch:31
[    0.000000]   HighMem zone: 327424 pages, LIFO batch:31
[    0.000000] PERCPU: Embedded 12 pages/cpu @eef93000 s19136 r8192 d21824 u49152
[    0.000000] pcpu-alloc: s19136 r8192 d21824 u49152 alloc=12*4096
[    0.000000] pcpu-alloc: [0] 0 [0] 1 [0] 2 [0] 3 
[    0.000000] Built 1 zonelists in Zone order, mobility grouping on.  Total pages: 522496
[    0.000000] Kernel command line: ignore_loglevel console=ttyS0,115200n8 rw root=/dev/mmcblk0p1 rootwait gpt debug noinitrd earlyprintk init=/bin/bash
[    0.000000] PID hash table entries: 4096 (order: 2, 16384 bytes)
[    0.000000] Dentry cache hash table entries: 131072 (order: 7, 524288 bytes)
[    0.000000] Inode-cache hash table entries: 65536 (order: 6, 262144 bytes)
[    0.000000] Memory: 1998680K/2096128K available (8156K kernel code, 1032K rwdata, 3660K rodata, 1040K init, 340K bss, 31912K reserved, 65536K cma-reserved, 1244160K highmem)
[    0.000000] Virtual kernel memory layout:
[    0.000000]     vector  : 0xffff0000 - 0xffff1000   (   4 kB)
[    0.000000]     fixmap  : 0xffc00000 - 0xfff00000   (3072 kB)
[    0.000000]     vmalloc : 0xf0800000 - 0xff800000   ( 240 MB)
[    0.000000]     lowmem  : 0xc0000000 - 0xf0000000   ( 768 MB)
[    0.000000]     pkmap   : 0xbfe00000 - 0xc0000000   (   2 MB)
[    0.000000]     modules : 0xbf000000 - 0xbfe00000   (  14 MB)
[    0.000000]       .text : 0xc0208000 - 0xc0d932ac   (11821 kB)
[    0.000000]       .init : 0xc0d94000 - 0xc0e98000   (1040 kB)
[    0.000000]       .data : 0xc0e98000 - 0xc0f9a220   (1033 kB)
[    0.000000]        .bss : 0xc0f9d000 - 0xc0ff23a8   ( 341 kB)
[    0.000000] SLUB: HWalign=64, Order=0-3, MinObjects=0, CPUs=4, Nodes=1
[    0.000000] Hierarchical RCU implementation.
[    0.000000] 	Build-time adjustment of leaf fanout to 32.
[    0.000000] 	RCU restricting CPUs from NR_CPUS=16 to nr_cpu_ids=4.
[    0.000000] RCU: Adjusting geometry for rcu_fanout_leaf=32, nr_cpu_ids=4
[    0.000000] NR_IRQS:16 nr_irqs:16 16
[    0.000000] /interrupt-controller@60004000: 160 interrupts forwarded to /interrupt-controller@50041000
[    0.000000] L2C: platform modifies aux control register: 0x02080000 -> 0x3e480001
[    0.000000] L2C: DT/platform modifies aux control register: 0x02080000 -> 0x3e480001
[    0.000000] L2C-310 erratum 769419 enabled
[    0.000000] L2C-310 enabling early BRESP for Cortex-A9
[    0.000000] L2C-310: enabling full line of zeros but not enabled in Cortex-A9
[    0.000000] L2C-310 dynamic clock gating enabled, standby mode enabled
[    0.000000] L2C-310 cache controller enabled, 8 ways, 1024 kB
[    0.000000] L2C-310: CACHE_ID 0x410000c7, AUX_CTRL 0x4e480001
[    0.000014] sched_clock: 32 bits at 1000kHz, resolution 1000ns, wraps every 2147483647500ns
[    0.000032] clocksource: timer_us: mask: 0xffffffff max_cycles: 0xffffffff, max_idle_ns: 1911260446275 ns
[    0.000041] Switching to timer-based delay loop, resolution 1000ns
[    0.002495] Console: colour dummy device 80x30
[    0.002520] Calibrating delay loop (skipped), value calculated using timer frequency.. 2.00 BogoMIPS (lpj=5000)
[    0.002529] pid_max: default: 32768 minimum: 301
[    0.002615] Mount-cache hash table entries: 2048 (order: 1, 8192 bytes)
[    0.002623] Mountpoint-cache hash table entries: 2048 (order: 1, 8192 bytes)
[    0.003041] CPU: Testing write buffer coherency: ok
[    0.003327] CPU0: thread -1, cpu 0, socket 0, mpidr 80000000
[    0.003393] Setting up static identity map for 0x80209000 - 0x80209098
[    0.005657] Tegra Revision: A03 SKU: 128 CPU Process: 4 SoC Process: 0
[    0.006849] CPU1: thread -1, cpu 1, socket 0, mpidr 80000001
[    0.007489] CPU2: thread -1, cpu 2, socket 0, mpidr 80000002
[    0.008128] CPU3: thread -1, cpu 3, socket 0, mpidr 80000003
[    0.008166] Brought up 4 CPUs
[    0.008178] SMP: Total of 4 processors activated (8.00 BogoMIPS).
[    0.008183] CPU: All CPU(s) started in SVC mode.
[    0.008766] devtmpfs: initialized
[    0.016962] VFP support v0.3: implementor 41 architecture 3 part 30 variant 9 rev 4
[    0.017656] clocksource: jiffies: mask: 0xffffffff max_cycles: 0xffffffff, max_idle_ns: 9556302231375000 ns
[    0.021140] pinctrl core: initialized pinctrl subsystem
[    0.022615] NET: Registered protocol family 16
[    0.024810] DMA: preallocated 256 KiB pool for atomic coherent allocations
[    0.039936] cpuidle: using governor ladder
[    0.054927] cpuidle: using governor menu
[    0.062913] No ATAGs?
[    0.062945] hw-breakpoint: found 5 (+1 reserved) breakpoint and 1 watchpoint registers.
[    0.062952] hw-breakpoint: maximum watchpoint size is 4 bytes.
[    0.065632] Serial: AMBA PL011 UART driver
[    0.066617] tegra-mc 7000f000.memory-controller: no memory timings for RAM code 3 registered
[    0.087820] vdd_5v_sata: Failed to request enable GPIO30: -517
[    0.087888] reg-fixed-voltage regulators:regulator@3: Failed to register regulator: -517
[    0.087993] usb1_vbus: Failed to request enable GPIO238: -517
[    0.088044] reg-fixed-voltage regulators:regulator@4: Failed to register regulator: -517
[    0.088147] usb3_vbus: Failed to request enable GPIO236: -517
[    0.088197] reg-fixed-voltage regulators:regulator@5: Failed to register regulator: -517
[    0.088346] sys_3v3_pexs: Failed to request enable GPIO95: -517
[    0.088396] reg-fixed-voltage regulators:regulator@7: Failed to register regulator: -517
[    0.090085] vgaarb: loaded
[    0.090537] SCSI subsystem initialized
[    0.090658] libata version 3.00 loaded.
[    0.090850] usbcore: registered new interface driver usbfs
[    0.090887] usbcore: registered new interface driver hub
[    0.090928] usbcore: registered new device driver usb
[    0.146717] pps_core: LinuxPPS API ver. 1 registered
[    0.146726] pps_core: Software ver. 5.3.6 - Copyright 2005-2007 Rodolfo Giometti <giometti@linux.it>
[    0.146742] PTP clock support registered
[    0.146896] EDAC MC: Ver: 3.0.0
[    0.148393] clocksource: Switched to clocksource timer_us
[    0.154417] NET: Registered protocol family 2
[    0.154815] TCP established hash table entries: 8192 (order: 3, 32768 bytes)
[    0.154870] TCP bind hash table entries: 8192 (order: 4, 65536 bytes)
[    0.154947] TCP: Hash tables configured (established 8192 bind 8192)
[    0.155036] UDP hash table entries: 512 (order: 2, 16384 bytes)
[    0.155098] UDP-Lite hash table entries: 512 (order: 2, 16384 bytes)
[    0.155270] NET: Registered protocol family 1
[    0.155580] RPC: Registered named UNIX socket transport module.
[    0.155587] RPC: Registered udp transport module.
[    0.155591] RPC: Registered tcp transport module.
[    0.155596] RPC: Registered tcp NFSv4.1 backchannel transport module.
[    0.155615] PCI: CLS 0 bytes, default 64
[    0.156363] hw perfevents: enabled with armv7_cortex_a9 PMU driver, 7 counters available
[    0.157286] futex hash table entries: 1024 (order: 4, 65536 bytes)
[    0.163175] squashfs: version 4.0 (2009/01/31) Phillip Lougher
[    0.163727] NFS: Registering the id_resolver key type
[    0.163762] Key type id_resolver registered
[    0.163767] Key type id_legacy registered
[    0.163812] ntfs: driver 2.1.32 [Flags: R/O].
[    0.164623] bounce: pool size: 64 pages
[    0.164737] Block layer SCSI generic (bsg) driver version 0.4 loaded (major 249)
[    0.164750] io scheduler noop registered
[    0.164759] io scheduler deadline registered
[    0.164780] io scheduler cfq registered (default)
[    0.169694] tegra30-pinctrl 70000868.pinmux: invalid group "sdmmc3_dat6_pd3" for function "rsvd1"
[    0.169709] tegra30-pinctrl 70000868.pinmux: invalid group "sdmmc3_dat7_pd4" for function "rsvd1"
[    0.169725] tegra30-pinctrl 70000868.pinmux: invalid group "vi_vsync_pd6" for function "rsvd1"
[    0.169736] tegra30-pinctrl 70000868.pinmux: invalid group "vi_hsync_pd7" for function "rsvd1"
[    0.170394] tegra30-pinctrl 70000868.pinmux: invalid group "hdmi_int_pn7" for function "rsvd1"
[    0.170458] tegra30-pinctrl 70000868.pinmux: invalid group "ulpi_data3_po4" for function "rsvd1"
[    0.170990] tegra30-pinctrl 70000868.pinmux: invalid group "vi_d10_pt2" for function "rsvd1"
[    0.171007] tegra30-pinctrl 70000868.pinmux: invalid group "vi_d11_pt3" for function "rsvd1"
[    0.171023] tegra30-pinctrl 70000868.pinmux: invalid group "vi_d0_pt4" for function "rsvd1"
[    0.171087] tegra30-pinctrl 70000868.pinmux: invalid group "pu0" for function "rsvd1"
[    0.171141] tegra30-pinctrl 70000868.pinmux: invalid group "pu3" for function "rsvd1"
[    0.171188] tegra30-pinctrl 70000868.pinmux: invalid group "pu6" for function "rsvd1"
[    0.171253] tegra30-pinctrl 70000868.pinmux: invalid group "pv3" for function "rsvd1"
[    0.172040] tegra30-pinctrl 70000868.pinmux: invalid group "pbb0" for function "rsvd1"
[    0.172226] tegra30-pinctrl 70000868.pinmux: invalid group "pcc1" for function "rsvd1"
[    0.176502] tegra-pcie 3000.pcie-controller: 2x3 configuration
[    0.176617] vdd_1v5_gen: supplied by vdd_5v_in
[    0.176661] vdd_pexa,vdd_pexb: supplied by vdd_1v5_gen
[    0.176760] tegra-pcie 3000.pcie-controller: Failed to get supply 'hvdd-pex': -517
[    0.180574] tegra-apbdma 6000a000.dma: Tegra20 APB DMA driver register 32 channels
[    0.181423] tegra-pmc 7000e400.pmc: i2c-thermtrip node not found, emergency thermal reset disabled.
[    0.213875] Serial: 8250/16550 driver, 4 ports, IRQ sharing disabled
[    0.215481] SuperH (H)SCI(F) driver initialized
[    0.216003] msm_serial: driver initialized
[    0.216622] console [ttyS0] disabled
[    0.216659] 70006000.serial: ttyS0 at MMIO 0x70006000 (irq = 331, base_baud = 25500000) is a Tegra
[    1.143312] console [ttyS0] enabled
[    1.147253] STMicroelectronics ASC driver initialized
[    1.153804] [drm] Initialized drm 1.1.0 20060810
[    1.159873] tegra-hdmi 54280000.hdmi: failed to get HDMI regulator
[    1.171327] loop: module loaded
[    1.179020] m25p80 spi32766.1: w25q32 (4096 Kbytes)
[    1.183909] spi32766.1: 'partitions' subnode not found on /spi@7000da00/spi-flash@1. Trying to parse direct subnodes as partitions.
[    1.197485] CAN device driver interface
[    1.202073] igb: Intel(R) Gigabit Ethernet Network Driver - version 5.3.0-k
[    1.209030] igb: Copyright (c) 2007-2014 Intel Corporation.
[    1.216313] pegasus: v0.9.3 (2013/04/25), Pegasus/Pegasus II USB Ethernet driver
[    1.223749] usbcore: registered new interface driver pegasus
[    1.229439] usbcore: registered new interface driver asix
[    1.234858] usbcore: registered new interface driver ax88179_178a
[    1.240969] usbcore: registered new interface driver cdc_ether
[    1.246835] usbcore: registered new interface driver smsc75xx
[    1.252616] usbcore: registered new interface driver smsc95xx
[    1.258391] usbcore: registered new interface driver net1080
[    1.264069] usbcore: registered new interface driver cdc_subset
[    1.270007] usbcore: registered new interface driver zaurus
[    1.275631] usbcore: registered new interface driver cdc_ncm
[    1.282544] ehci_hcd: USB 2.0 'Enhanced' Host Controller (EHCI) Driver
[    1.289074] ehci-pci: EHCI PCI platform driver
[    1.293539] ehci-platform: EHCI generic platform driver
[    1.298878] ehci-omap: OMAP-EHCI Host Controller driver
[    1.304177] ehci-orion: EHCI orion driver
[    1.308245] SPEAr-ehci: EHCI SPEAr driver
[    1.312327] ehci-st: EHCI STMicroelectronics driver
[    1.317273] ehci-exynos: EHCI EXYNOS driver
[    1.321540] ehci-atmel: EHCI Atmel driver
[    1.325620] tegra-ehci: Tegra EHCI driver
[    1.329939] ohci_hcd: USB 1.1 'Open' Host Controller (OHCI) Driver
[    1.336126] ohci-pci: OHCI PCI platform driver
[    1.340596] ohci-platform: OHCI generic platform driver
[    1.345914] ohci-omap3: OHCI OMAP3 driver
[    1.349995] SPEAr-ohci: OHCI SPEAr driver
[    1.354077] ohci-st: OHCI STMicroelectronics driver
[    1.359025] ohci-atmel: OHCI Atmel driver
[    1.363311] usbcore: registered new interface driver usb-storage
[    1.370202] mousedev: PS/2 mouse device common for all mice
[    1.377825] tegra_rtc 7000e000.rtc: rtc core: registered 7000e000.rtc as rtc1
[    1.384994] tegra_rtc 7000e000.rtc: Tegra internal Real Time Clock
[    1.403715] tps65910-rtc tps65910-rtc: rtc core: registered tps65910-rtc as rtc0
[    1.411296] i2c /dev entries driver
[    1.419632] sdhci: Secure Digital Host Controller Interface driver
[    1.425810] sdhci: Copyright(c) Pierre Ossman
[    1.431031] Synopsys Designware Multimedia Card Interface Driver
[    1.437669] sdhci-pltfm: SDHCI platform and OF driver helper
[    1.443824] sdhci-tegra 78000000.sdhci: Got CD GPIO
[    1.448709] sdhci-tegra 78000000.sdhci: Got WP GPIO
[    1.454717] sdhci-tegra 78000000.sdhci: No vmmc regulator found
[    1.460634] sdhci-tegra 78000000.sdhci: No vqmmc regulator found
[    1.466632] mmc0: Invalid maximum block size, assuming 512 bytes
[    1.508476] mmc0: SDHCI controller on 78000000.sdhci [78000000.sdhci] using ADMA
[    1.517037] sdhci-tegra 78000600.sdhci: No vmmc regulator found
[    1.522955] sdhci-tegra 78000600.sdhci: No vqmmc regulator found
[    1.528960] mmc1: Invalid maximum block size, assuming 512 bytes
[    1.568400] mmc1: SDHCI controller on 78000600.sdhci [78000600.sdhci] using ADMA
[    1.580778] ledtrig-cpu: registered to indicate activity on CPUs
[    1.586922] usbcore: registered new interface driver usbhid
[    1.592494] usbhid: USB HID core driver
[    1.605027] NET: Registered protocol family 10
[    1.614096] sit: IPv6 over IPv4 tunneling driver
[    1.621166] NET: Registered protocol family 17
[    1.625628] can: controller area network core (rev 20120528 abi 9)
[    1.633858] NET: Registered protocol family 29
[    1.640314] can: raw protocol (rev 20120528)
[    1.644588] can: broadcast manager protocol (rev 20120528 t)
[    1.652252] can: netlink gateway (rev 20130117) max_hops=1
[    1.658015] Key type dns_resolver registered
[    1.662712] ThumbEE CPU extension supported.
[    1.667000] Registering SWP/SWPB emulation handler
[    1.679762] tegra-pcie 3000.pcie-controller: 2x3 configuration
[    1.685745] sys_3v3,vdd_3v3_alw: supplied by vdd_5v_in
[    1.690912] sys_3v3_pexs: supplied by sys_3v3,vdd_3v3_alw
[    1.700444] tegra-pcie 3000.pcie-controller: probing port 0, using 2 lanes
[    1.728974] mmc1: new high speed MMC card at address 0001
[    1.737101] mmcblk0: mmc1:0001 SEM16G 14.8 GiB 
[    1.744139] mmcblk0boot0: mmc1:0001 SEM16G partition 1 1.00 MiB
[    1.752554] mmcblk0boot1: mmc1:0001 SEM16G partition 2 1.00 MiB
[    1.760972] mmcblk0rpmb: mmc1:0001 SEM16G partition 3 128 KiB
[    1.765660] tegra-pcie 3000.pcie-controller: probing port 2, using 2 lanes
[    1.781017] Primary GPT is invalid, using alternate GPT.
[    1.786342]  mmcblk0: p1 p2 p3 p4 p5
[    2.169483] tegra-pcie 3000.pcie-controller: link 2 down, retrying
[    2.579463] tegra-pcie 3000.pcie-controller: link 2 down, retrying
[    2.989403] tegra-pcie 3000.pcie-controller: link 2 down, retrying
[    2.997591] tegra-pcie 3000.pcie-controller: link 2 down, ignoring
[    3.003896] tegra-pcie 3000.pcie-controller: PCI host bridge to bus 0000:00
[    3.010858] pci_bus 0000:00: root bus resource [mem 0x20000000-0x27ffffff]
[    3.017723] pci_bus 0000:00: root bus resource [mem 0x28000000-0x3fffffff pref]
[    3.025023] pci_bus 0000:00: root bus resource [bus 00-ff]
[    3.030501] pci_bus 0000:00: root bus resource [io  0x1000-0xffff]
[    3.036693] pci 0000:00:01.0: [10de:0e1c] type 01 class 0x060400
[    3.042750] pci 0000:00:01.0: PME# supported from D0 D1 D2 D3hot D3cold
[    3.049515] PCI: bus0: Fast back to back transfers disabled
[    3.055087] pci 0000:00:01.0: bridge configuration invalid ([bus 00-00]), reconfiguring
[    3.063178] pci 0000:01:00.0: [10ec:8168] type 00 class 0x020000
[    3.069209] pci 0000:01:00.0: reg 0x10: [io  0x0000-0x00ff]
[    3.074788] pci 0000:01:00.0: reg 0x18: [mem 0x00000000-0x00000fff 64bit pref]
[    3.082007] pci 0000:01:00.0: reg 0x20: [mem 0x00000000-0x00003fff 64bit pref]
[    3.089273] pci 0000:01:00.0: supports D1 D2
[    3.093539] pci 0000:01:00.0: PME# supported from D0 D1 D2 D3hot D3cold
[    3.108418] PCI: bus1: Fast back to back transfers disabled
[    3.113988] pci_bus 0000:01: busn_res: [bus 01-ff] end is updated to 01
[    3.120656] pci 0000:00:01.0: BAR 9: assigned [mem 0x28000000-0x280fffff 64bit pref]
[    3.128393] pci 0000:00:01.0: BAR 7: assigned [io  0x1000-0x1fff]
[    3.134481] pci 0000:01:00.0: BAR 4: assigned [mem 0x28000000-0x28003fff 64bit pref]
[    3.142222] pci 0000:01:00.0: BAR 2: assigned [mem 0x28004000-0x28004fff 64bit pref]
[    3.149961] pci 0000:01:00.0: BAR 0: assigned [io  0x1000-0x10ff]
[    3.156050] pci 0000:00:01.0: PCI bridge to [bus 01]
[    3.161007] pci 0000:00:01.0:   bridge window [io  0x1000-0x1fff]
[    3.167093] pci 0000:00:01.0:   bridge window [mem 0x28000000-0x280fffff 64bit pref]
[    3.174838] pci 0000:00:01.0: nv_msi_ht_cap_quirk didn't locate host bridge
[    3.181892] pcieport 0000:00:01.0: enabling device (0140 -> 0143)
[    3.188120] pcieport 0000:00:01.0: Signaling PME through PCIe PME interrupt
[    3.195078] pci 0000:01:00.0: Signaling PME through PCIe PME interrupt
[    3.201597] pcie_pme 0000:00:01.0:pcie01: service driver pcie_pme loaded
[    3.208478] r8169 Gigabit Ethernet driver 2.3LK-NAPI loaded
[    3.214061] r8169 0000:01:00.0: enabling device (0140 -> 0143)
[    3.221182] r8169 0000:01:00.0 eth0: RTL8168evl/8111evl at 0xf08d6000, 02:04:4b:01:60:a6, XID 0c900800 IRQ 375
[    3.231183] r8169 0000:01:00.0 eth0: jumbo features [frames: 9200 bytes, tx checksumming: ko]
[    3.240499] +VDD_5V_HDMI: supplied by sys_3v3,vdd_3v3_alw
[    3.245989] vdd_1v8_gen: supplied by vdd_5v_in
[    3.252596] [drm] Supports vblank timestamp caching Rev 2 (21.10.2013).
[    3.259226] [drm] No driver support for vblank timestamp query.
[    3.265166] drm drm: No connectors reported connected with modes
[    3.271184] [drm] Cannot find any crtc or sizes - going 1024x768
[    3.296360] Console: switching to colour frame buffer device 128x48
[    3.308860] drm drm: fb0:  frame buffer device
[    3.323406] [drm] Initialized tegra 0.0.0 20120330 on minor 0
[    3.331820] usb3_vbus: supplied by vdd_5v_in
[    3.338171] utmi_phy_clk_enable: timeout waiting for phy to stabilize
[    3.344637] tegra-ehci 7d004000.usb: EHCI Host Controller
[    3.350047] tegra-ehci 7d004000.usb: new USB bus registered, assigned bus number 1
[    3.357885] tegra-ehci 7d004000.usb: irq 343, io mem 0x7d004000
[    3.373410] tegra-ehci 7d004000.usb: USB 2.0 started, EHCI 1.00
[    3.380271] hub 1-0:1.0: USB hub found
[    3.384052] hub 1-0:1.0: 1 port detected
[    3.388893] tegra-ehci 7d008000.usb: EHCI Host Controller
[    3.394310] tegra-ehci 7d008000.usb: new USB bus registered, assigned bus number 2
[    3.402072] tegra-ehci 7d008000.usb: irq 344, io mem 0x7d008000
[    3.413407] tegra-ehci 7d008000.usb: USB 2.0 started, EHCI 1.00
[    3.419945] hub 2-0:1.0: USB hub found
[    3.423716] hub 2-0:1.0: 1 port detected
[    3.432183] tps65910-rtc tps65910-rtc: setting system clock to 2000-01-01 00:00:02 UTC (946684802)
[    3.446152] vdd_sata,avdd_plle: disabling
[    3.450609] usb1_vbus: disabling
[    3.456558] EXT4-fs (mmcblk0p1): mounting ext3 file system using the ext4 subsystem
[    3.475206] EXT4-fs (mmcblk0p1): warning: mounting fs with errors, running e2fsck is recommended
[    3.486668] EXT4-fs (mmcblk0p1): recovery complete
[    3.491473] EXT4-fs (mmcblk0p1): mounted filesystem with ordered data mode. Opts: (null)
[    3.499591] VFS: Mounted root (ext3 filesystem) on device 179:1.
[    3.516671] devtmpfs: mounted
[    3.520632] Freeing unused kernel memory: 1040K (c0d94000 - c0e98000)
bash: cannot set terminal process group (-1): Inappropriate ioctl for device
bash: no job control in this shell
root@(none):/# [    3.733424] usb 2-1: new high-speed USB device number 2 using tegra-ehci
mount -t sysfs none /sys
root@(none):/# 
root@(none):/# [    4.672093] asix 2-1:1.0 eth1: register 'asix' at usb-7d008000.usb-1, ASIX AX88772 USB 2.0 Ethernet, 00:50:b6:0f:67:60
mount -t debugfs none /sys/kernel/debug
root@(none):/# 
root@(none):/# rtcwake -d rtc1 -m mem -s 3
rtcwake: wakeup from "mem" using /dev/rtc1 at Thu Jan  1 00:00:20 1970
[    6.555063] PM: Syncing filesystems ... done.
[    6.567614] Freezing user space processes ... (elapsed 0.001 seconds) done.
[    6.575713] Freezing remaining freezable tasks ... (elapsed 0.001 seconds) done.
[    6.584285] Suspending console(s) (use no_console_suspend to debug)
[    6.627421] PM: suspend of devices complete after 35.763 msecs
[    6.630006] PM: late suspend of devices complete after 2.576 msecs
[    6.644096] PM: noirq suspend of devices complete after 14.083 msecs
[    6.644099] Disabling non-boot CPUs ...
[    6.644714] CPU1: shutdown
[    6.659820] CPU2: shutdown
[    6.674328] CPU3: shutdown
[    6.688854] Entering suspend state LP1
[    6.688865] Enabling non-boot CPUs ...
[    6.714378] CPU1 is up
[    6.739492] CPU2 is up
[    6.764618] CPU3 is up
[    6.765393] pcieport 0000:00:01.0: nv_msi_ht_cap_quirk didn't locate host bridge
[    6.778543] PM: noirq resume of devices complete after 13.918 msecs
[    6.782145] PM: early resume of devices complete after 3.199 msecs
[    6.921626] PM: resume of devices complete after 139.472 msecs
[    6.992656] Restarting tasks ... done.
root@(none):/# 
root@(none):/# rtcwake -d rtc1 -m mem -s 3
rtcwake: wakeup from "mem" using /dev/rtc1 at Thu Jan  1 00:00:25 1970
[    8.010792] PM: Syncing filesystems ... done.
[    8.023450] Freezing user space processes ... (elapsed 0.001 seconds) done.
[    8.031528] Freezing remaining freezable tasks ... (elapsed 0.001 seconds) done.
[    8.040090] Suspending console(s) (use no_console_suspend to debug)
[    8.078520] PM: suspend of devices complete after 31.171 msecs
[    8.080185] PM: late suspend of devices complete after 1.657 msecs
[    8.094065] PM: noirq suspend of devices complete after 13.872 msecs
[    8.094068] Disabling non-boot CPUs ...
[    8.094667] CPU1: shutdown
[    8.119703] CPU2: shutdown
[    8.134310] CPU3: shutdown
[    8.148828] Entering suspend state LP1
[    8.148841] Enabling non-boot CPUs ...
[    8.174517] CPU1 is up
[    8.199623] CPU2 is up
[    8.224749] CPU3 is up
[    8.225749] pcieport 0000:00:01.0: nv_msi_ht_cap_quirk didn't locate host bridge
[    8.238529] PM: noirq resume of devices complete after 13.770 msecs
[    8.242903] PM: early resume of devices complete after 3.926 msecs
[    8.382262] PM: resume of devices complete after 139.345 msecs
[    8.453449] Restarting tasks ... done.
root@(none):/# 
root@(none):/# rtcwake -d rtc1 -m mem -s 3
rtcwake: wakeup from "mem" using /dev/rtc1 at Thu Jan  1 00:00:30 1970
[    9.462961] PM: Syncing filesystems ... done.
[    9.478029] Freezing user space processes ... (elapsed 0.001 seconds) done.
[    9.486167] Freezing remaining freezable tasks ... (elapsed 0.001 seconds) done.
[    9.494765] Suspending console(s) (use no_console_suspend to debug)
[    9.537910] PM: suspend of devices complete after 35.575 msecs
[    9.540075] PM: late suspend of devices complete after 2.155 msecs
[    9.554229] PM: noirq suspend of devices complete after 14.145 msecs
[    9.554232] Disabling non-boot CPUs ...
[    9.554994] CPU1: shutdown
[    9.569902] CPU2: shutdown
[    9.584385] CPU3: shutdown
[    9.598835] Entering suspend state LP1
[    9.598850] Enabling non-boot CPUs ...
[    9.624497] CPU1 is up
[    9.649615] CPU2 is up
[    9.674735] CPU3 is up
[    9.675701] pcieport 0000:00:01.0: nv_msi_ht_cap_quirk didn't locate host bridge
[    9.688517] PM: noirq resume of devices complete after 13.770 msecs
[    9.691966] PM: early resume of devices complete after 3.015 msecs
[    9.831760] PM: resume of devices complete after 139.783 msecs
[    9.902960] Restarting tasks ... done.
root@(none):/# 
root@(none):/# rtcwake -d rtc1 -m mem -s 3
rtcwake: wakeup from "mem" using /dev/rtc1 at Thu Jan  1 00:00:35 1970
[   10.913094] PM: Syncing filesystems ... done.
[   10.928126] Freezing user space processes ... (elapsed 0.001 seconds) done.
[   10.936256] Freezing remaining freezable tasks ... (elapsed 0.001 seconds) done.
[   10.944855] Suspending console(s) (use no_console_suspend to debug)
[   10.987865] PM: suspend of devices complete after 35.434 msecs
[   10.990030] PM: late suspend of devices complete after 2.155 msecs
[   11.004213] PM: noirq suspend of devices complete after 14.174 msecs
[   11.004218] Disabling non-boot CPUs ...
[   11.004987] CPU1: shutdown
[   11.029868] CPU2: shutdown
[   11.044348] CPU3: shutdown
[   11.058817] Entering suspend state LP1
[   11.058831] Enabling non-boot CPUs ...
[   11.084471] CPU1 is up
[   11.109589] CPU2 is up
[   11.134709] CPU3 is up
[   11.135660] pcieport 0000:00:01.0: nv_msi_ht_cap_quirk didn't locate host bridge
[   11.148480] PM: noirq resume of devices complete after 13.760 msecs
[   11.153431] PM: early resume of devices complete after 4.527 msecs
[   11.297301] PM: resume of devices complete after 143.859 msecs
[   11.368496] Restarting tasks ... done.
root@(none):/# 
root@(none):/# rtcwake -d rtc1 -m mem -s 3
rtcwake: wakeup from "mem" using /dev/rtc1 at Thu Jan  1 00:00:40 1970
[   12.370775] PM: Syncing filesystems ... done.
[   12.384806] Freezing user space processes ... (elapsed 0.001 seconds) done.
[   12.392940] Freezing remaining freezable tasks ... (elapsed 0.001 seconds) done.
[   12.401532] Suspending console(s) (use no_console_suspend to debug)
[   12.442837] PM: suspend of devices complete after 33.728 msecs
[   12.444027] PM: late suspend of devices complete after 1.180 msecs
[   12.459152] PM: noirq suspend of devices complete after 15.115 msecs
[   12.459158] Disabling non-boot CPUs ...
[   12.459915] CPU1: shutdown
[   12.489846] CPU2: shutdown
[   12.504342] CPU3: shutdown
[   12.518794] Entering suspend state LP1
[   12.518808] Enabling non-boot CPUs ...
[   12.544454] CPU1 is up
[   12.569556] CPU2 is up
[   12.594693] CPU3 is up
[   12.595671] pcieport 0000:00:01.0: nv_msi_ht_cap_quirk didn't locate host bridge
[   12.608474] PM: noirq resume of devices complete after 13.771 msecs
[   12.611352] PM: early resume of devices complete after 2.436 msecs
[   12.752239] PM: resume of devices complete after 140.874 msecs
[   12.823434] Restarting tasks ... done.
root@(none):/# 
root@(none):/# NVTB SYSTEM SUSPEND TEST COMPLETE
