
U-Boot SPL 2014.07-00097-g772e173 (Jul 25 2014 - 20:02:52)


U-Boot 2014.07-00097-g772e173 (Jul 25 2014 - 20:02:52)

TEGRA124
Board: NVIDIA Jetson TK1
I2C:   ready
DRAM:  2 GiB
MMC:   Tegra SD/MMC: 0, Tegra SD/MMC: 1
In:    serial
Out:   serial
Err:   serial
Net:   Net Initialization Skipped
No ethernet found.
Hit any key to stop autoboot:  2  0 
Tegra124 (Jetson TK1) # 
Tegra124 (Jetson TK1) # usb reset
(Re)start USB...
USB0:   USB EHCI 1.10
scanning bus 0 for devices... 1 USB Device(s) found
USB1:   USB EHCI 1.10
scanning bus 1 for devices... 2 USB Device(s) found
       scanning usb for storage devices... 0 Storage Device(s) found
       scanning usb for ethernet devices... 
Warning: asx0 using MAC address from net device
1 Ethernet Device(s) found
Tegra124 (Jetson TK1) # setenv bootargs 'ignore_loglevel console=ttyS0,115200n8 rw root=/dev/mmcblk0p1 rootwait gpt debug init=/bin/bash noinitrd'
Tegra124 (Jetson TK1) # setenv ipaddr 192.168.100.102; setenv serverip 192.168.100.1; setenv tftpserverip 192.168.100.1
Tegra124 (Jetson TK1) # tftpboot 0x81000000 zImage.multi_v7_defconfig
Using asx0 device
TFTP from server 192.168.100.1; our IP address is 192.168.100.102
Filename 'zImage.multi_v7_defconfig'.
Load address: 0x81000000
Loading: *#################################################################
	 #################################################################
	 #################################################################
	 #################################################################
	 #################################################################
	 #################################################################
	 ##############################
	 3.2 MiB/s
done
Bytes transferred = 6152080 (5ddf90 hex)
Tegra124 (Jetson TK1) # tftpboot 0x82000000 tegra124-jetson-tk1.dtb
Using asx0 device
TFTP from server 192.168.100.1; our IP address is 192.168.100.102
Filename 'tegra124-jetson-tk1.dtb'.
Load address: 0x82000000
Loading: *#####
	 3 MiB/s
done
Bytes transferred = 62999 (f617 hex)
Tegra124 (Jetson TK1) # bootz 0x81000000 - 0x82000000
Kernel image @ 0x81000000 [ 0x000000 - 0x5ddf90 ]
## Flattened Device Tree blob at 82000000
   Booting using the fdt blob at 0x82000000
   Using Device Tree in place at 82000000, end 82012616

Starting kernel ...

[    0.000000] Booting Linux on physical CPU 0x0
[    0.000000] Linux version 4.2.0-rc1-26550-gd770e55 (pwalmsley@sellafield) (gcc version 4.7.3 20130328 (prerelease) (crosstool-NG linaro-1.13.1-4.7-2013.04-20130415 - Linaro GCC 2013.04) ) #1 SMP Tue Jul 7 01:05:18 PDT 2015
[    0.000000] CPU: ARMv7 Processor [413fc0f3] revision 3 (ARMv7), cr=10c5387d
[    0.000000] CPU: PIPT / VIPT nonaliasing data cache, PIPT instruction cache
[    0.000000] Machine model: NVIDIA Tegra124 Jetson TK1
[    0.000000] debug: ignoring loglevel setting.
[    0.000000] cma: Reserved 64 MiB at 0xfb800000
[    0.000000] Memory policy: Data cache writealloc
[    0.000000] On node 0 totalpages: 524032
[    0.000000] free_area_init_node: node 0, pgdat c0efda80, node_mem_map ee7f8000
[    0.000000]   DMA zone: 1520 pages used for memmap
[    0.000000]   DMA zone: 0 pages reserved
[    0.000000]   DMA zone: 194560 pages, LIFO batch:31
[    0.000000]   HighMem zone: 329472 pages, LIFO batch:31
[    0.000000] PERCPU: Embedded 11 pages/cpu @ee794000 s14784 r8192 d22080 u45056
[    0.000000] pcpu-alloc: s14784 r8192 d22080 u45056 alloc=11*4096
[    0.000000] pcpu-alloc: [0] 0 [0] 1 [0] 2 [0] 3 
[    0.000000] Built 1 zonelists in Zone order, mobility grouping on.  Total pages: 522512
[    0.000000] Kernel command line: ignore_loglevel console=ttyS0,115200n8 rw root=/dev/mmcblk0p1 rootwait gpt debug init=/bin/bash noinitrd
[    0.000000] PID hash table entries: 4096 (order: 2, 16384 bytes)
[    0.000000] Dentry cache hash table entries: 131072 (order: 7, 524288 bytes)
[    0.000000] Inode-cache hash table entries: 65536 (order: 6, 262144 bytes)
[    0.000000] Memory: 1999308K/2096128K available (7782K kernel code, 1038K rwdata, 3508K rodata, 944K init, 327K bss, 31284K reserved, 65536K cma-reserved, 1252352K highmem)
[    0.000000] Virtual kernel memory layout:
[    0.000000]     vector  : 0xffff0000 - 0xffff1000   (   4 kB)
[    0.000000]     fixmap  : 0xffc00000 - 0xfff00000   (3072 kB)
[    0.000000]     vmalloc : 0xf0000000 - 0xff000000   ( 240 MB)
[    0.000000]     lowmem  : 0xc0000000 - 0xef800000   ( 760 MB)
[    0.000000]     pkmap   : 0xbfe00000 - 0xc0000000   (   2 MB)
[    0.000000]     modules : 0xbf000000 - 0xbfe00000   (  14 MB)
[    0.000000]       .text : 0xc0208000 - 0xc0d0f9d4   (11295 kB)
[    0.000000]       .init : 0xc0d10000 - 0xc0dfc000   ( 944 kB)
[    0.000000]       .data : 0xc0dfc000 - 0xc0effa80   (1039 kB)
[    0.000000]        .bss : 0xc0f02000 - 0xc0f53c28   ( 328 kB)
[    0.000000] SLUB: HWalign=64, Order=0-3, MinObjects=0, CPUs=4, Nodes=1
[    0.000000] Hierarchical RCU implementation.
[    0.000000] 	Additional per-CPU info printed with stalls.
[    0.000000] 	Build-time adjustment of leaf fanout to 32.
[    0.000000] 	RCU restricting CPUs from NR_CPUS=16 to nr_cpu_ids=4.
[    0.000000] RCU: Adjusting geometry for rcu_fanout_leaf=32, nr_cpu_ids=4
[    0.000000] NR_IRQS:16 nr_irqs:16 16
[    0.000000] /interrupt-controller@60004000: 160 interrupts forwarded to /interrupt-controller@0,50041000
[    0.000000] L2C: failed to init: -19
[    0.000008] sched_clock: 32 bits at 1000kHz, resolution 1000ns, wraps every 2147483647500ns
[    0.000028] clocksource: timer_us: mask: 0xffffffff max_cycles: 0xffffffff, max_idle_ns: 1911260446275 ns
[    0.000042] Switching to timer-based delay loop, resolution 1000ns
[    0.004192] Architected cp15 timer(s) running at 12.00MHz (virt).
[    0.004209] clocksource: arch_sys_counter: mask: 0xffffffffffffff max_cycles: 0x2c47f4ee7, max_idle_ns: 440795202497 ns
[    0.004227] sched_clock: 56 bits at 12MHz, resolution 83ns, wraps every 4398046511096ns
[    0.004239] Switching to timer-based delay loop, resolution 83ns
[    0.004650] Console: colour dummy device 80x30
[    0.004673] Calibrating delay loop (skipped), value calculated using timer frequency.. 24.00 BogoMIPS (lpj=60000)
[    0.004688] pid_max: default: 32768 minimum: 301
[    0.004801] Mount-cache hash table entries: 2048 (order: 1, 8192 bytes)
[    0.004813] Mountpoint-cache hash table entries: 2048 (order: 1, 8192 bytes)
[    0.005405] CPU: Testing write buffer coherency: ok
[    0.005613] /cpus/cpu@0 missing clock-frequency property
[    0.005650] /cpus/cpu@1 missing clock-frequency property
[    0.005687] /cpus/cpu@2 missing clock-frequency property
[    0.005725] /cpus/cpu@3 missing clock-frequency property
[    0.005737] CPU0: thread -1, cpu 0, socket 0, mpidr 80000000
[    0.005780] Setting up static identity map for 0x80209000 - 0x80209098
[    0.008531] Tegra Revision: A01 SKU: 129 CPU Process: 1 Core Process: 1
[    0.009732] CPU1: thread -1, cpu 1, socket 0, mpidr 80000001
[    0.010304] CPU2: thread -1, cpu 2, socket 0, mpidr 80000002
[    0.010869] CPU3: thread -1, cpu 3, socket 0, mpidr 80000003
[    0.010931] Brought up 4 CPUs
[    0.010952] SMP: Total of 4 processors activated (96.00 BogoMIPS).
[    0.010959] CPU: All CPU(s) started in SVC mode.
[    0.011477] devtmpfs: initialized
[    0.029993] VFP support v0.3: implementor 41 architecture 4 part 30 variant f rev 0
[    0.030786] clocksource: jiffies: mask: 0xffffffff max_cycles: 0xffffffff, max_idle_ns: 9556302231375000 ns
[    0.032462] pinctrl core: initialized pinctrl subsystem
[    0.034071] NET: Registered protocol family 16
[    0.036025] DMA: preallocated 256 KiB pool for atomic coherent allocations
[    0.049020] cpuidle: using governor ladder
[    0.064041] cpuidle: using governor menu
[    0.080678] No ATAGs?
[    0.080713] hw-breakpoint: found 5 (+1 reserved) breakpoint and 4 watchpoint registers.
[    0.080723] hw-breakpoint: maximum watchpoint size is 8 bytes.
[    0.085263] Serial: AMBA PL011 UART driver
[    0.114608] +USB0_VBUS_SW: Failed to request enable GPIO108: -517
[    0.114735] reg-fixed-voltage regulators:regulator@7: Failed to register regulator: -517
[    0.114958] +5V_USB_HS: Failed to request enable GPIO109: -517
[    0.115072] reg-fixed-voltage regulators:regulator@8: Failed to register regulator: -517
[    0.115364] +1.05V_RUN_AVDD_HDMI_PLL: Failed to request enable GPIO63: -517
[    0.115478] reg-fixed-voltage regulators:regulator@11: Failed to register regulator: -517
[    0.115695] +5V_HDMI_CON: Failed to request enable GPIO86: -517
[    0.115805] reg-fixed-voltage regulators:regulator@12: Failed to register regulator: -517
[    0.116020] +5V_SATA: Failed to request enable GPIO242: -517
[    0.116130] reg-fixed-voltage regulators:regulator@13: Failed to register regulator: -517
[    0.116343] +12V_SATA: Failed to request enable GPIO242: -517
[    0.116453] reg-fixed-voltage regulators:regulator@14: Failed to register regulator: -517
[    0.119367] vgaarb: loaded
[    0.120135] SCSI subsystem initialized
[    0.120310] libata version 3.00 loaded.
[    0.120626] usbcore: registered new interface driver usbfs
[    0.120689] usbcore: registered new interface driver hub
[    0.120762] usbcore: registered new device driver usb
[    0.124334] pps_core: LinuxPPS API ver. 1 registered
[    0.124344] pps_core: Software ver. 5.3.6 - Copyright 2005-2007 Rodolfo Giometti <giometti@linux.it>
[    0.124372] PTP clock support registered
[    0.124588] EDAC MC: Ver: 3.0.0
[    0.127716] clocksource: Switched to clocksource arch_sys_counter
[    0.139517] NET: Registered protocol family 2
[    0.140042] TCP established hash table entries: 8192 (order: 3, 32768 bytes)
[    0.140141] TCP bind hash table entries: 8192 (order: 4, 65536 bytes)
[    0.140328] TCP: Hash tables configured (established 8192 bind 8192)
[    0.140377] UDP hash table entries: 512 (order: 2, 16384 bytes)
[    0.140419] UDP-Lite hash table entries: 512 (order: 2, 16384 bytes)
[    0.140589] NET: Registered protocol family 1
[    0.140820] RPC: Registered named UNIX socket transport module.
[    0.140829] RPC: Registered udp transport module.
[    0.140836] RPC: Registered tcp transport module.
[    0.140843] RPC: Registered tcp NFSv4.1 backchannel transport module.
[    0.140860] PCI: CLS 0 bytes, default 64
[    0.143148] futex hash table entries: 1024 (order: 4, 65536 bytes)
[    0.155237] squashfs: version 4.0 (2009/01/31) Phillip Lougher
[    0.156187] NFS: Registering the id_resolver key type
[    0.156214] Key type id_resolver registered
[    0.156223] Key type id_legacy registered
[    0.156288] ntfs: driver 2.1.32 [Flags: R/O].
[    0.157334] bounce: pool size: 64 pages
[    0.157546] Block layer SCSI generic (bsg) driver version 0.4 loaded (major 249)
[    0.157562] io scheduler noop registered
[    0.157576] io scheduler deadline registered
[    0.157805] io scheduler cfq registered (default)
[    0.174568] tegra-pcie 1003000.pcie-controller: 2x1, 1x1 configuration
[    0.174618] tegra-pcie 1003000.pcie-controller: Failed to get supply 'avddio-pex': -517
[    0.181464] tegra-apbdma 60020000.dma: Tegra20 APB DMA driver register 32 channels
[    0.182503] tegra-pmc 7000e400.pmc: emergency thermal reset enabled
[    0.246962] Serial: 8250/16550 driver, 4 ports, IRQ sharing disabled
[    0.249237] SuperH (H)SCI(F) driver initialized
[    0.250184] msm_serial: driver initialized
[    0.251018] console [ttyS0] disabled
[    0.251055] 70006300.serial: ttyS0 at MMIO 0x70006300 (irq = 331, base_baud = 25500000) is a Tegra
[    1.066224] console [ttyS0] enabled
[    1.070528] STMicroelectronics ASC driver initialized
[    1.077992] [drm] Initialized drm 1.1.0 20060810
[    1.084701] tegra-hdmi 54280000.hdmi: failed to get HDMI regulator
[    1.097865] loop: module loaded
[    1.101293] at24 0-0056: 256 byte 24c02 EEPROM, writable, 8 bytes/write
[    1.109303] as3722 4-0040: AS3722 with revision 0x1 found
[    1.132456] +5V_SYS: supplied by +VDD_MUX
[    1.136525] +1.05V_RUN: supplied by +5V_SYS
[    1.140818] tegra-ahci 70027000.sata: Failed to get supply 'hvdd': -517
[    1.147487] tegra-ahci 70027000.sata: Failed to get regulators
[    1.158183] m25p80 spi32765.0: w25q32dw (4096 Kbytes)
[    1.166522] CAN device driver interface
[    1.171701] igb: Intel(R) Gigabit Ethernet Network Driver - version 5.2.18-k
[    1.178757] igb: Copyright (c) 2007-2014 Intel Corporation.
[    1.187384] pegasus: v0.9.3 (2013/04/25), Pegasus/Pegasus II USB Ethernet driver
[    1.194842] usbcore: registered new interface driver pegasus
[    1.200589] usbcore: registered new interface driver asix
[    1.206060] usbcore: registered new interface driver ax88179_178a
[    1.212211] usbcore: registered new interface driver cdc_ether
[    1.218126] usbcore: registered new interface driver smsc75xx
[    1.223952] usbcore: registered new interface driver smsc95xx
[    1.229757] usbcore: registered new interface driver net1080
[    1.235479] usbcore: registered new interface driver cdc_subset
[    1.241458] usbcore: registered new interface driver zaurus
[    1.247133] usbcore: registered new interface driver cdc_ncm
[    1.253057] tegra-phy 7d004000.usb-phy: no vbus regulator
[    1.260565] ehci_hcd: USB 2.0 'Enhanced' Host Controller (EHCI) Driver
[    1.267110] ehci-pci: EHCI PCI platform driver
[    1.271618] ehci-platform: EHCI generic platform driver
[    1.277066] ehci-omap: OMAP-EHCI Host Controller driver
[    1.282448] ehci-orion: EHCI orion driver
[    1.286618] SPEAr-ehci: EHCI SPEAr driver
[    1.290790] ehci-st: EHCI STMicroelectronics driver
[    1.295828] ehci-exynos: EHCI EXYNOS driver
[    1.300196] ehci-atmel: EHCI Atmel driver
[    1.304375] tegra-ehci: Tegra EHCI driver
[    1.308726] tegra-ehci 7d004000.usb: EHCI Host Controller
[    1.314156] tegra-ehci 7d004000.usb: new USB bus registered, assigned bus number 1
[    1.321894] tegra-ehci 7d004000.usb: irq 347, io mem 0x7d004000
[    1.337737] tegra-ehci 7d004000.usb: USB 2.0 started, EHCI 1.10
[    1.344471] hub 1-0:1.0: USB hub found
[    1.348288] hub 1-0:1.0: 1 port detected
[    1.352864] ohci_hcd: USB 1.1 'Open' Host Controller (OHCI) Driver
[    1.359076] ohci-pci: OHCI PCI platform driver
[    1.363591] ohci-platform: OHCI generic platform driver
[    1.369017] ohci-omap3: OHCI OMAP3 driver
[    1.373191] SPEAr-ohci: OHCI SPEAr driver
[    1.377352] ohci-st: OHCI STMicroelectronics driver
[    1.382396] ohci-atmel: OHCI Atmel driver
[    1.386684] usbcore: registered new interface driver usb-storage
[    1.394300] mousedev: PS/2 mouse device common for all mice
[    1.403799] as3722-rtc as3722-rtc: rtc core: registered as3722-rtc as rtc0
[    1.410686] as3722-rtc as3722-rtc: RTC interrupt 366
[    1.419094] tegra_rtc 7000e000.rtc: rtc core: registered 7000e000.rtc as rtc1
[    1.426278] tegra_rtc 7000e000.rtc: Tegra internal Real Time Clock
[    1.433081] i2c /dev entries driver
[    1.441476] 0-004c supply vcc not found, using dummy regulator
[    1.452592] sdhci: Secure Digital Host Controller Interface driver
[    1.458784] sdhci: Copyright(c) Pierre Ossman
[    1.464762] Synopsys Designware Multimedia Card Interface Driver
[    1.471901] sdhci-pltfm: SDHCI platform and OF driver helper
[    1.478306] sdhci-tegra 700b0400.sdhci: Got CD GPIO
[    1.483210] sdhci-tegra 700b0400.sdhci: Got WP GPIO
[    1.488143] mmc0: Unknown controller version (3). You may experience problems.
[    1.495470] as3722-regulator as3722-regulator: Failed to resolve vin-ldo1-6-supply for as3722-ldo6
[    1.504438] sdhci-tegra 700b0400.sdhci: No vmmc regulator found
[    1.510520] mmc0: Unknown controller version (3). You may experience problems.
[    1.517843] sdhci-tegra 700b0600.sdhci: No vmmc regulator found
[    1.523780] sdhci-tegra 700b0600.sdhci: No vqmmc regulator found
[    1.529792] mmc0: Invalid maximum block size, assuming 512 bytes
[    1.567734] mmc0: SDHCI controller on 700b0600.sdhci [700b0600.sdhci] using ADMA 64-bit
[    1.577082] ledtrig-cpu: registered to indicate activity on CPUs
[    1.583329] usbcore: registered new interface driver usbhid
[    1.588910] usbhid: USB HID core driver
[    1.596439] NET: Registered protocol family 17
[    1.600912] can: controller area network core (rev 20120528 abi 9)
[    1.607157] NET: Registered protocol family 29
[    1.611618] can: raw protocol (rev 20120528)
[    1.615904] can: broadcast manager protocol (rev 20120528 t)
[    1.616721] mmc0: MAN_BKOPS_EN bit is not set
[    1.620030] mmc0: new high speed MMC card at address 0001
[    1.620478] mmcblk0: mmc0:0001 SEM16G 14.6 GiB 
[    1.620609] mmcblk0boot0: mmc0:0001 SEM16G partition 1 4.00 MiB
[    1.620736] mmcblk0boot1: mmc0:0001 SEM16G partition 2 4.00 MiB
[    1.620850] mmcblk0rpmb: mmc0:0001 SEM16G partition 3 4.00 MiB
[    1.622897] Primary GPT is invalid, using alternate GPT.
[    1.622926]  mmcblk0: p1 p2 p3 p4 p5 p6 p7 p8 p9
[    1.663465] can: netlink gateway (rev 20130117) max_hops=1
[    1.669362] Key type dns_resolver registered
[    1.674232] ThumbEE CPU extension supported.
[    1.678531] Registering SWP/SWPB emulation handler
[    1.692681] tegra-pcie 1003000.pcie-controller: 2x1, 1x1 configuration
[    1.699556] +3.3V_SYS: supplied by +VDD_MUX
[    1.703876] +3.3V_LP0: supplied by +3.3V_SYS
[    1.708548] +1.35V_LP0(sd2): supplied by +5V_SYS
[    1.713293] +1.05V_RUN_AVDD: supplied by +1.35V_LP0(sd2)
[    1.720834] tegra-pcie 1003000.pcie-controller: probing port 0, using 2 lanes
[    1.730133] tegra-pcie 1003000.pcie-controller: Slot present pin change, signature: 00000008
[    2.158356] tegra-pcie 1003000.pcie-controller: link 0 down, retrying
[    2.586446] tegra-pcie 1003000.pcie-controller: link 0 down, retrying
[    3.014755] tegra-pcie 1003000.pcie-controller: link 0 down, retrying
[    3.023344] tegra-pcie 1003000.pcie-controller: link 0 down, ignoring
[    3.029832] tegra-pcie 1003000.pcie-controller: probing port 1, using 1 lanes
[    3.039094] tegra-pcie 1003000.pcie-controller: Slot present pin change, signature: 00000000
[    3.467302] tegra-pcie 1003000.pcie-controller: link 1 down, retrying
[    3.895071] tegra-pcie 1003000.pcie-controller: link 1 down, retrying
[    4.323223] tegra-pcie 1003000.pcie-controller: link 1 down, retrying
[    4.331791] tegra-pcie 1003000.pcie-controller: link 1 down, ignoring
[    4.338510] tegra-pcie 1003000.pcie-controller: PCI host bridge to bus 0000:00
[    4.345746] pci_bus 0000:00: root bus resource [mem 0x13000000-0x1fffffff]
[    4.352628] pci_bus 0000:00: root bus resource [mem 0x20000000-0x3fffffff pref]
[    4.359943] pci_bus 0000:00: root bus resource [bus 00-ff]
[    4.365436] pci_bus 0000:00: root bus resource [io  0x1000-0xffff]
[    4.371649] PCI: bus0: Fast back to back transfers enabled
[    4.377912] +5V_HDMI_CON: supplied by +5V_SYS
[    4.382369] +1.05V_RUN_AVDD_HDMI_PLL: supplied by +1.05V_RUN
[    4.388184] +3.3V_RUN: supplied by +3.3V_SYS
[    4.392483] +3.3V_AVDD_HDMI_AP_GATED: supplied by +3.3V_RUN
[    4.400106] [drm] Supports vblank timestamp caching Rev 2 (21.10.2013).
[    4.406789] [drm] No driver support for vblank timestamp query.
[    4.512083] tegra-hdmi 54280000.hdmi: cannot set audio to 44100 at 297000000 pclk
[    4.621285] Console: switching to colour frame buffer device 512x135
[    4.715106] drm drm: fb0:  frame buffer device
[    4.719559] drm drm: registered panic notifier
[    4.737850] [drm] Initialized tegra 0.0.0 20120330 on minor 0
[    4.744765] +5V_SATA: supplied by +5V_SYS
[    4.748928] +12V_SATA: supplied by +VDD_MUX
[    4.753559] tegra-ahci 70027000.sata: AHCI 0001.0301 32 slots 2 ports 3 Gbps 0x1 impl platform mode
[    4.762652] tegra-ahci 70027000.sata: flags: 64bit ncq sntf pm led pio slum part sadm sds apst 
[    4.774112] scsi host0: tegra-ahci
[    4.778809] scsi host1: tegra-ahci
[    4.782563] ata1: SATA max UDMA/133 mmio [mem 0x70027000-0x70028fff] port 0x100 irq 341
[    4.790599] ata2: DUMMY
[    4.794273] +5V_USB_HS: supplied by +5V_SYS
[    4.799690] tegra-ehci 7d008000.usb: EHCI Host Controller
[    4.805148] tegra-ehci 7d008000.usb: new USB bus registered, assigned bus number 2
[    4.812950] tegra-ehci 7d008000.usb: irq 348, io mem 0x7d008000
[    4.827870] tegra-ehci 7d008000.usb: USB 2.0 started, EHCI 1.10
[    4.834833] hub 2-0:1.0: USB hub found
[    4.838677] hub 2-0:1.0: 1 port detected
[    4.844267] sdhci-tegra 700b0400.sdhci: Got CD GPIO
[    4.849235] sdhci-tegra 700b0400.sdhci: Got WP GPIO
[    4.854229] mmc1: Unknown controller version (3). You may experience problems.
[    4.861634] +VDDIO_SDMMC3: supplied by +3.3V_RUN
[    4.866387] sdhci-tegra 700b0400.sdhci: No vmmc regulator found
[    4.872373] mmc1: Invalid maximum block size, assuming 512 bytes
[    4.913254] mmc1: SDHCI controller on 700b0400.sdhci [700b0400.sdhci] using ADMA 64-bit
[    4.922597] input: gpio-keys as /devices/soc0/gpio-keys/input/input0
[    4.930121] as3722-rtc as3722-rtc: setting system clock to 2000-02-01 00:00:18 UTC (949363218)
[    4.950538] +USB0_VBUS_SW: disabling
[    4.954175] +1.8V_RUN_VPP_FUSE: disabling
[    4.958619] +2.8V_RUN_CAM_AF: disabling
[    4.962808] +3.3V_RUN_TOUCH: disabling
[    4.966897] +1.05V_RUN_CAM_REAR: disabling
[    4.971148] +1.2V_RUN_CAM_FRONT: disabling
[    4.975596] +2.8V_RUN_CAM: disabling
[    4.979535] +1.8V_RUN_CAM: disabling
[    5.112854] ata1: SATA link down (SStatus 0 SControl 300)
[    5.119290] EXT4-fs (mmcblk0p1): couldn't mount as ext3 due to feature incompatibilities
[    5.128147] EXT4-fs (mmcblk0p1): couldn't mount as ext2 due to feature incompatibilities
[    5.148310] EXT4-fs (mmcblk0p1): recovery complete
[    5.153147] EXT4-fs (mmcblk0p1): mounted filesystem with ordered data mode. Opts: (null)
[    5.153224] usb 2-1: new high-speed USB device number 2 using tegra-ehci
[    5.168156] VFS: Mounted root (ext4 filesystem) on device 179:1.
[    5.178685] devtmpfs: mounted
[    5.182377] Freeing unused kernel memory: 944K (c0d10000 - c0dfc000)
bash: cannot set terminal process group (-1): Inappropriate ioctl for device
bash: no job control in this shell
root@(none):/# 