00] efi: UEFI not found.
[    0.000000] cma: Reserved 16 MiB at 0x00000000f5400000
[    0.000000] earlycon: uart0 at MMIO 0x0000000070006000 (options '115200n8')
[    0.000000] bootconsole [uart0] enabled
[    0.000000] psci: probing for conduit method from DT.
[    0.000000] psci: PSCIv1.0 detected in firmware.
[    0.000000] psci: Using standard PSCI v0.2 function IDs
[    0.000000] psci: MIGRATE_INFO_UP_CPU reported invalid physical ID (0x80000000)
[    0.000000] percpu: Embedded 23 pages/cpu @ffff8000bff43000 s56576 r8192 d29440 u94208
[    0.000000] Detected PIPT I-cache on CPU0
[    0.000000] CPU features: enabling workaround for ARM erratum 832075
[    0.000000] CPU features: enabling workaround for ARM erratum 834220
[    0.000000] Built 1 zonelists in Zone order, mobility grouping on.  Total pages: 735336
[    0.000000] Kernel command line: cros_secure vpr=0x08000000@0xf6800000 earlycon
[    0.000000] PID hash table entries: 4096 (order: 3, 32768 bytes)
[    0.000000] Dentry cache hash table entries: 524288 (order: 10, 4194304 bytes)
[    0.000000] Inode-cache hash table entries: 262144 (order: 9, 2097152 bytes)
[    0.000000] software IO TLB [mem 0xf1400000-0xf5400000] (64MB) mapped at [ffff800071400000-ffff8000753fffff]
[    0.000000] Memory: 2831896K/2988032K available (8572K kernel code, 960K rwdata, 4164K rodata, 1088K init, 392K bss, 139752K reserved, 16384K cma-reserved)
[    0.000000] Virtual kernel memory layout:
[    0.000000]     modules : 0xffff000000000000 - 0xffff000008000000   (   128 MB)
[    0.000000]     vmalloc : 0xffff000008000000 - 0xffff7dffbfff0000   (129022 GB)
[    0.000000]       .text : 0xffff000008080000 - 0xffff0000088e0000   (  8576 KB)
[    0.000000]     .rodata : 0xffff0000088e0000 - 0xffff000008d00000   (  4224 KB)
[    0.000000]       .init : 0xffff000008d00000 - 0xffff000008e10000   (  1088 KB)
[    0.000000]       .data : 0xffff000008e10000 - 0xffff000008f00200   (   961 KB)
[    0.000000]        .bss : 0xffff000008f00200 - 0xffff000008f625b8   (   393 KB)
[    0.000000]     fixed   : 0xffff7dfffe7fd000 - 0xffff7dfffec00000   (  4108 KB)
[    0.000000]     PCI I/O : 0xffff7dfffee00000 - 0xffff7dffffe00000   (    16 MB)
[    0.000000]     vmemmap : 0xffff7e0000000000 - 0xffff800000000000   (  2048 GB maximum)
[    0.000000]               0xffff7e0000000000 - 0xffff7e0003000000   (    48 MB actual)
[    0.000000]     memory  : 0xffff800000000000 - 0xffff8000c0000000   (  3072 MB)
[    0.000000] SLUB: HWalign=64, Order=0-3, MinObjects=0, CPUs=4, Nodes=1
[    0.000000] Preemptible hierarchical RCU implementation.
[    0.000000] 	Build-time adjustment of leaf fanout to 64.
[    0.000000] 	RCU restricting CPUs from NR_CPUS=64 to nr_cpu_ids=4.
[    0.000000] RCU: Adjusting geometry for rcu_fanout_leaf=64, nr_cpu_ids=4
[    0.000000] NR_IRQS:64 nr_irqs:64 0
[    0.000000] GIC: Using split EOI/Deactivate mode
[    0.000000] /interrupt-controller@60004000: 192 interrupts forwarded to /interrupt-controller@50041000
[    0.000000] boot misc0 0x0: expected 0x80000
[    0.000000]  (comparison mask = 0x400ffffb)
[    0.000000] boot misc2 0x1f720005: expected 0x1f720f05
[    0.000000]  (comparison mask = 0xffffff17)
[    0.000000] PLL_C already enabled. Postponing set full defaults
[    0.000000] PLL_MB already enabled. Postponing set full defaults
[    0.000000] PLL_U already enabled. Postponing set full defaults
[    0.000000] PLL_D already enabled. Postponing set full defaults
[    0.000000] PLL_DP already enabled. Postponing set full defaults
[    0.000000] boot misc0 0x0: expected 0x20
[    0.000000]  (comparison mask = 0x7ffffff)
[    0.000000] boot misc1 0x90000000: expected 0xc0000000
[    0.000000]  (comparison mask = 0xf8000000)
[    0.000000] boot misc2 0x0: expected 0xf400f0da
[    0.000000]  (comparison mask = 0xffffffff)
[    0.000000] boot misc3 0x378: expected 0x2004f400
[    0.000000]  (comparison mask = 0xffffffff)
[    0.000000] PLL_P already enabled. Postponing set full defaults
[    0.000000] PLL_X already enabled. Postponing set full defaults
[    0.000000] boot misc1 0x0: expected 0x20
[    0.000000]  (comparison mask = 0xffffff)
[    0.000000] arm_arch_timer: Architected cp15 timer(s) running at 19.20MHz (phys).
[    0.000000] clocksource: arch_sys_counter: mask: 0xffffffffffffff max_cycles: 0x46d987e47, max_idle_ns: 440795202767 ns
[    0.000002] sched_clock: 56 bits at 19MHz, resolution 52ns, wraps every 4398046511078ns
[    0.008349] Console: colour dummy device 80x25
[    0.012918] console [tty0] enabled
[    0.016410] bootconsole [uart0] disabled
[    0.000000] Booting Linux on physical CPU 0x0
[    0.000000] Linux version 4.10.0-rc5-next-20170125-172571-gf37208bc (pwalmsley@tamien) (gcc version 4.9.2 20140904 (prerelease) (crosstool-NG linaro-1.13.1-4.9-2014.09 - Linaro GCC 4.9-2014.09) ) #1 SMP PREEMPT Thu Jan 26 06:29:17 PST 2017
[    0.000000] Boot CPU: AArch64 Processor [411fd071]
[    0.000000] efi: Getting EFI parameters from FDT:
[    0.000000] efi: UEFI not found.
[    0.000000] cma: Reserved 16 MiB at 0x00000000f5400000
[    0.000000] earlycon: uart0 at MMIO 0x0000000070006000 (options '115200n8')
[    0.000000] bootconsole [uart0] enabled
[    0.000000] psci: probing for conduit method from DT.
[    0.000000] psci: PSCIv1.0 detected in firmware.
[    0.000000] psci: Using standard PSCI v0.2 function IDs
[    0.000000] psci: MIGRATE_INFO_UP_CPU reported invalid physical ID (0x80000000)
[    0.000000] percpu: Embedded 23 pages/cpu @ffff8000bff43000 s56576 r8192 d29440 u94208
[    0.000000] Detected PIPT I-cache on CPU0
[    0.000000] CPU features: enabling workaround for ARM erratum 832075
[    0.000000] CPU features: enabling workaround for ARM erratum 834220
[    0.000000] Built 1 zonelists in Zone order, mobility grouping on.  Total pages: 735336
[    0.000000] Kernel command line: cros_secure vpr=0x08000000@0xf6800000 earlycon
[    0.000000] PID hash table entries: 4096 (order: 3, 32768 bytes)
[    0.000000] Dentry cache hash table entries: 524288 (order: 10, 4194304 bytes)
[    0.000000] Inode-cache hash table entries: 262144 (order: 9, 2097152 bytes)
[    0.000000] software IO TLB [mem 0xf1400000-0xf5400000] (64MB) mapped at [ffff800071400000-ffff8000753fffff]
[    0.000000] Memory: 2831896K/2988032K available (8572K kernel code, 960K rwdata, 4164K rodata, 1088K init, 392K bss, 139752K reserved, 16384K cma-reserved)
[    0.000000] Virtual kernel memory layout:
[    0.000000]     modules : 0xffff000000000000 - 0xffff000008000000   (   128 MB)
[    0.000000]     vmalloc : 0xffff000008000000 - 0xffff7dffbfff0000   (129022 GB)
[    0.000000]       .text : 0xffff000008080000 - 0xffff0000088e0000   (  8576 KB)
[    0.000000]     .rodata : 0xffff0000088e0000 - 0xffff000008d00000   (  4224 KB)
[    0.000000]       .init : 0xffff000008d00000 - 0xffff000008e10000   (  1088 KB)
[    0.000000]       .data : 0xffff000008e10000 - 0xffff000008f00200   (   961 KB)
[    0.000000]        .bss : 0xffff000008f00200 - 0xffff000008f625b8   (   393 KB)
[    0.000000]     fixed   : 0xffff7dfffe7fd000 - 0xffff7dfffec00000   (  4108 KB)
[    0.000000]     PCI I/O : 0xffff7dfffee00000 - 0xffff7dffffe00000   (    16 MB)
[    0.000000]     vmemmap : 0xffff7e0000000000 - 0xffff800000000000   (  2048 GB maximum)
[    0.000000]               0xffff7e0000000000 - 0xffff7e0003000000   (    48 MB actual)
[    0.000000]     memory  : 0xffff800000000000 - 0xffff8000c0000000   (  3072 MB)
[    0.000000] SLUB: HWalign=64, Order=0-3, MinObjects=0, CPUs=4, Nodes=1
[    0.000000] Preemptible hierarchical RCU implementation.
[    0.000000] 	Build-time adjustment of leaf fanout to 64.
[    0.000000] 	RCU restricting CPUs from NR_CPUS=64 to nr_cpu_ids=4.
[    0.000000] RCU: Adjusting geometry for rcu_fanout_leaf=64, nr_cpu_ids=4
[    0.000000] NR_IRQS:64 nr_irqs:64 0
[    0.000000] GIC: Using split EOI/Deactivate mode
[    0.000000] /interrupt-controller@60004000: 192 interrupts forwarded to /interrupt-controller@50041000
[    0.000000] boot misc0 0x0: expected 0x80000
[    0.000000]  (comparison mask = 0x400ffffb)
[    0.000000] boot misc2 0x1f720005: expected 0x1f720f05
[    0.000000]  (comparison mask = 0xffffff17)
[    0.000000] PLL_C already enabled. Postponing set full defaults
[    0.000000] PLL_MB already enabled. Postponing set full defaults
[    0.000000] PLL_U already enabled. Postponing set full defaults
[    0.000000] PLL_D already enabled. Postponing set full defaults
[    0.000000] PLL_DP already enabled. Postponing set full defaults
[    0.000000] boot misc0 0x0: expected 0x20
[    0.000000]  (comparison mask = 0x7ffffff)
[    0.000000] boot misc1 0x90000000: expected 0xc0000000
[    0.000000]  (comparison mask = 0xf8000000)
[    0.000000] boot misc2 0x0: expected 0xf400f0da
[    0.000000]  (comparison mask = 0xffffffff)
[    0.000000] boot misc3 0x378: expected 0x2004f400
[    0.000000]  (comparison mask = 0xffffffff)
[    0.000000] PLL_P already enabled. Postponing set full defaults
[    0.000000] PLL_X already enabled. Postponing set full defaults
[    0.000000] boot misc1 0x0: expected 0x20
[    0.000000]  (comparison mask = 0xffffff)
[    0.000000] arm_arch_timer: Architected cp15 timer(s) running at 19.20MHz (phys).
[    0.000000] clocksource: arch_sys_counter: mask: 0xffffffffffffff max_cycles: 0x46d987e47, max_idle_ns: 440795202767 ns
[    0.000002] sched_clock: 56 bits at 19MHz, resolution 52ns, wraps every 4398046511078ns
[    0.008349] Console: colour dummy device 80x25
[    0.012918] console [tty0] enabled
[    0.016410] bootconsole [uart0] disabled
[    0.020453] Calibrating delay loop (skipped), value calculated using timer frequency.. 38.40 BogoMIPS (lpj=76800)
[    0.020467] pid_max: default: 32768 minimum: 301
[    0.020512] Security Framework initialized
[    0.020540] Mount-cache hash table entries: 8192 (order: 4, 65536 bytes)
[    0.020550] Mountpoint-cache hash table entries: 8192 (order: 4, 65536 bytes)
[    0.032477] ASID allocator initialised with 65536 entries
[    0.053169] Speedo Revision 4
[    0.053187] Tegra Revision: A02 SKU: 19 CPU Process: 0 SoC Process: 0
[    0.100620] EFI services will not be available.
[    0.116575] smp: Bringing up secondary CPUs ...
[    0.148704] Detected PIPT I-cache on CPU1
[    0.148730] CPU1: Booted secondary processor [411fd071]
[    0.180731] Detected PIPT I-cache on CPU2
[    0.180748] CPU2: Booted secondary processor [411fd071]
[    0.212771] Detected PIPT I-cache on CPU3
[    0.212788] CPU3: Booted secondary processor [411fd071]
[    0.212822] smp: Brought up 1 node, 4 CPUs
[    0.212854] SMP: Total of 4 processors activated.
[    0.212862] CPU features: detected feature: 32-bit EL0 Support
[    0.212897] CPU: All CPU(s) started at EL2
[    0.212912] alternatives: patching kernel code
[    0.215333] devtmpfs: initialized
[    0.220037] DMI not present or invalid.
[    0.220167] clocksource: jiffies: mask: 0xffffffff max_cycles: 0xffffffff, max_idle_ns: 7645041785100000 ns
[    0.220419] pinctrl core: initialized pinctrl subsystem
[    0.221354] NET: Registered protocol family 16
[    0.222525] cpuidle: using governor menu
[    0.222969] vdso: 2 pages (1 code @ ffff0000088e7000, 1 data @ ffff000008e15000)
[    0.222992] hw-breakpoint: found 6 breakpoint and 4 watchpoint registers.
[    0.223444] DMA: preallocated 256 KiB pool for atomic allocations
[    0.224529] Serial: AMBA PL011 UART driver
[    0.241129] HugeTLB registered 2 MB page size, pre-allocated 0 pages
[    0.244982] ACPI: Interpreter disabled.
[    0.245338] PPLCD_VDD: Failed to request enable GPIO172: -517
[    0.245355] reg-fixed-voltage regulators:regulator@1: Failed to register regulator: -517
[    0.245646] PP1800_LCDIO: Failed to request enable GPIO171: -517
[    0.245659] reg-fixed-voltage regulators:regulator@5: Failed to register regulator: -517
[    0.245704] PP1800_CAM: Failed to request enable GPIO83: -517
[    0.245716] reg-fixed-voltage regulators:regulator@6: Failed to register regulator: -517
[    0.246072] vgaarb: loaded
[    0.246216] SCSI subsystem initialized
[    0.246431] usbcore: registered new interface driver usbfs
[    0.246468] usbcore: registered new interface driver hub
[    0.246507] usbcore: registered new device driver usb
[    0.247085] tegra-i2c 7000d100.i2c: could not find pctldev for node /host1x@50000000/dpaux@545c0000/pinmux-i2c, deferring probe
[    0.247165] pps_core: LinuxPPS API ver. 1 registered
[    0.247175] pps_core: Software ver. 5.3.6 - Copyright 2005-2007 Rodolfo Giometti <giometti@linux.it>
[    0.247199] PTP clock support registered
[    0.247267] dmi: Firmware registration failed.
[    0.247723] Advanced Linux Sound Architecture Driver Initialized.
[    0.248081] clocksource: Switched to clocksource arch_sys_counter
[    0.248156] VFS: Disk quotas dquot_6.6.0
[    0.248194] VFS: Dquot-cache hash table entries: 512 (order 0, 4096 bytes)
[    0.248318] pnp: PnP ACPI: disabled
[    0.253894] NET: Registered protocol family 2
[    0.254195] TCP established hash table entries: 32768 (order: 6, 262144 bytes)
[    0.254322] TCP bind hash table entries: 32768 (order: 7, 524288 bytes)
[    0.254523] TCP: Hash tables configured (established 32768 bind 32768)
[    0.254607] UDP hash table entries: 2048 (order: 4, 65536 bytes)
[    0.254639] UDP-Lite hash table entries: 2048 (order: 4, 65536 bytes)
[    0.254745] NET: Registered protocol family 1
[    0.254909] RPC: Registered named UNIX socket transport module.
[    0.254922] RPC: Registered udp transport module.
[    0.254931] RPC: Registered tcp transport module.
[    0.254940] RPC: Registered tcp NFSv4.1 backchannel transport module.
[    0.255072] Unpacking initramfs...
[    0.339974] Freeing initrd memory: 2360K
[    0.340327] kvm [1]: 8-bit VMID
[    0.340340] kvm [1]: IDMAP page: 808c6000
[    0.340351] kvm [1]: HYP VA range: 800000000000:ffffffffffff
[    0.341011] kvm [1]: Hyp mode initialized successfully
[    0.341052] kvm [1]: vgic-v2@50044000
[    0.341121] kvm [1]: vgic interrupt IRQ1
[    0.341137] kvm [1]: virtual timer IRQ4
[    0.342345] futex hash table entries: 1024 (order: 5, 131072 bytes)
[    0.342410] audit: initializing netlink subsys (disabled)
[    0.342482] audit: type=2000 audit(0.327:1): state=initialized audit_enabled=0 res=1
[    0.342673] workingset: timestamp_bits=46 max_order=20 bucket_order=0
[    0.346283] squashfs: version 4.0 (2009/01/31) Phillip Lougher
[    0.346623] NFS: Registering the id_resolver key type
[    0.346647] Key type id_resolver registered
[    0.346656] Key type id_legacy registered
[    0.346672] nfs4filelayout_init: NFSv4 File Layout Driver Registering...
[    0.346765] 9p: Installing v9fs 9p2000 file system support
[    0.348088] Block layer SCSI generic (bsg) driver version 0.4 loaded (major 247)
[    0.348108] io scheduler noop registered
[    0.348225] io scheduler cfq registered (default)
[    0.348237] io scheduler mq-deadline registered
[    0.349372] usb3-0 supply vbus not found, using dummy regulator
[    0.361193] tegra-apbdma 60020000.dma: Tegra20 APB DMA driver register 32 channels
[    0.362015] tegra-pmc 7000e400.pmc: i2c-thermtrip node not found, emergency thermal reset disabled.
[    0.362165] xenfs: not registering filesystem on non-xen platform
[    0.364030] Serial: 8250/16550 driver, 4 ports, IRQ sharing enabled
[    0.365024] 70006000.serial: ttyS0 at MMIO 0x70006000 (irq = 313, base_baud = 25500000) is a Tegra
[    1.322610] console [ttyS0] enabled
[    1.326379] SuperH (H)SCI(F) driver initialized
[    1.331102] msm_serial: driver initialized
[    1.335426] cacheinfo: Unable to detect cache hierarchy for CPU 0
[    1.343913] loop: module loaded
[    1.351728] cros-ec-i2c 0-001e: Chrome EC device registered
[    1.357900] max77620 1-003c: PMIC Version OTP:0x35 and ES:0x8
[    1.370908] PP1200_RCAM: Bringing 1050000uV into 1200000-1200000uV
[    1.378044] PP2800L_RCAM: Bringing 3100000uV into 2800000-2800000uV
[    1.384740] PP1100_SOC_RTC: Bringing 1000000uV into 850000-850000uV
[    1.391576] PP2800L_FCAM: Bringing 3100000uV into 2800000-2800000uV
[    1.398152] random: fast init done
[    1.401684] PP_LDO6: Bringing 2800000uV into 1800000-1800000uV
[    1.410499] hisi_sas: driver version v1.6
[    1.416273] libphy: Fixed MDIO Bus: probed
[    1.420770] tun: Universal TUN/TAP device driver, 1.6
[    1.425821] tun: (C) 1999-2004 Max Krasnyansky <maxk@qualcomm.com>
[    1.432759] e1000e: Intel(R) PRO/1000 Network Driver - 3.2.6-k
[    1.438591] e1000e: Copyright(c) 1999 - 2015 Intel Corporation.
[    1.444551] igb: Intel(R) Gigabit Ethernet Network Driver - version 5.4.0-k
[    1.451507] igb: Copyright (c) 2007-2014 Intel Corporation.
[    1.457122] igbvf: Intel(R) Gigabit Virtual Function Network Driver - version 2.4.0-k
[    1.464949] igbvf: Copyright (c) 2009 - 2012 Intel Corporation.
[    1.470906] sky2: driver version 1.30
[    1.474938] VFIO - User Level meta-driver version: 0.3
[    1.485093] ehci_hcd: USB 2.0 'Enhanced' Host Controller (EHCI) Driver
[    1.491626] ehci-pci: EHCI PCI platform driver
[    1.496094] ehci-platform: EHCI generic platform driver
[    1.501386] ehci-exynos: EHCI EXYNOS driver
[    1.505624] ehci-msm: Qualcomm On-Chip EHCI Host Controller
[    1.511241] ohci_hcd: USB 1.1 'Open' Host Controller (OHCI) Driver
[    1.517425] ohci-pci: OHCI PCI platform driver
[    1.521887] ohci-platform: OHCI generic platform driver
[    1.527164] ohci-exynos: OHCI EXYNOS driver
[    1.592726] tegra-xusb 70090000.usb: Firmware timestamp: 2015-08-10 09:47:54 UTC
[    1.600139] tegra-xusb 70090000.usb: xHCI Host Controller
[    1.605548] tegra-xusb 70090000.usb: new USB bus registered, assigned bus number 1
[    1.614075] tegra-xusb 70090000.usb: hcc params 0x0184f525 hci version 0x100 quirks 0x00010010
[    1.622709] tegra-xusb 70090000.usb: irq 319, io mem 0x70090000
[    1.628980] hub 1-0:1.0: USB hub found
[    1.632753] hub 1-0:1.0: 5 ports detected
[    1.637015] tegra-xusb 70090000.usb: xHCI Host Controller
[    1.642420] tegra-xusb 70090000.usb: new USB bus registered, assigned bus number 2
[    1.650032] usb usb2: We don't know the algorithms for LPM for this host, disabling LPM.
[    1.658369] hub 2-0:1.0: USB hub found
[    1.662136] hub 2-0:1.0: 4 ports detected
[    1.666575] usbcore: registered new interface driver usb-storage
[    1.673175] mousedev: PS/2 mouse device common for all mice
[    1.800749] max77686-rtc max77620-rtc: rtc core: registered max77620-rtc as rtc0
[    1.808674] tegra_rtc 7000e000.rtc: rtc core: registered 7000e000.rtc as rtc1
[    1.815825] tegra_rtc 7000e000.rtc: Tegra internal Real Time Clock
[    1.822080] i2c /dev entries driver
[    1.826921] bq27xxx-battery 2-0055: failed to register battery
[    1.832763] bq27xxx-battery: probe of 2-0055 failed with error -22
[    1.839557] sdhci: Secure Digital Host Controller Interface driver
[    1.845735] sdhci: Copyright(c) Pierre Ossman
[    1.850246] Synopsys Designware Multimedia Card Interface Driver
[    1.856635] sdhci-pltfm: SDHCI platform and OF driver helper
[    1.862451] mmc0: Unknown controller version (3). You may experience problems.
[    1.912121] mmc0: SDHCI controller on 700b0600.sdhci [700b0600.sdhci] using ADMA 64-bit
[    1.922645] ledtrig-cpu: registered to indicate activity on CPUs
[    1.932395] usbcore: registered new interface driver usbhid
[    1.937983] usbhid: USB HID core driver
[    1.942826] NET: Registered protocol family 17
[    1.947334] 9pnet: Installing 9P2000 support
[    1.951650] Key type dns_resolver registered
[    1.956255] registered taskstats version 1
[    1.972464] tegra-i2c 7000d100.i2c: could not find pctldev for node /host1x@50000000/dpaux@545c0000/pinmux-i2c, deferring probe
[    1.984912] input: gpio-keys as /devices/platform/gpio-keys/input/input0
[    1.991825] tegra-i2c 7000d100.i2c: could not find pctldev for node /host1x@50000000/dpaux@545c0000/pinmux-i2c, deferring probe
[    2.008569] mmc0: new high speed MMC card at address 0001
[    2.014191] mmcblk0: mmc0:0001 BGND3R 29.1 GiB 
[    2.018835] mmcblk0boot0: mmc0:0001 BGND3R partition 1 4.00 MiB
[    2.024756] max77686-rtc max77620-rtc: setting system clock to 2000-11-06 19:57:11 UTC (973540631)
[    2.024854] mmcblk0boot1: mmc0:0001 BGND3R partition 2 4.00 MiB
[    2.024942] mmcblk0rpmb: mmc0:0001 BGND3R partition 3 4.00 MiB
[    2.036037]  mmcblk0: p1 p2 p3 p4 p5 p6 p7 p8 p9 p10 p11
[    2.037436] tegra-i2c 7000d100.i2c: could not find pctldev for node /host1x@50000000/dpaux@545c0000/pinmux-i2c, deferring probe
[    2.062715] PP1200_AVDD: disabling
[    2.066200] PP1200_RCAM: disabling
[    2.069671] PP2800L_RCAM: disabling
[    2.073224] PP2800L_FCAM: disabling
[    2.076776] PP_LDO6: disabling
[    2.079885] PPLCD_VDD: disabling
[    2.083117] PP1800_LCDIO: disabling
[    2.086605] PP1800_CAM: disabling
[    2.089919] ALSA device list:
[    2.092886]   No soundcards found.
[    2.096792] Freeing unused kernel memory: 1088K

System initialization...

Mounting /proc :[SUCCESS]
Mounting /sys :[SUCCESS]
Mounting /dev :[SUCCESS]
Mounting /dev/pts :[SUCCESS]
Mounting /sys/kernel/debug :[SUCCESS]
Mounting other filesystems :[SUCCESS]
Enabling hot-plug :[SUCCESS]
Populating /dev :[SUCCESS]
Starting syslogd :[SUCCESS]
Starting telnetd :[SUCCESS]

System initialization complete.

Please press Enter to activate this console. 