
U-Boot SPL 2015.04-rc3-00209-ga74ef40 (Mar 16 2015 - 14:43:39)


U-Boot 2015.04-rc3-00209-ga74ef40 (Mar 16 2015 - 14:43:39)

TEGRA20
Model: Compulab TrimSlice board
DRAM:  1 GiB
MMC:   Tegra SD/MMC: 0, Tegra SD/MMC: 1
SF: Detected W25Q80BL with page size 256 Bytes, erase size 4 KiB, total 1 MiB
tegra-pcie: PCI regions:
tegra-pcie:   I/O: 0x82000000-0x82010000
tegra-pcie:   non-prefetchable memory: 0xa0000000-0xa8000000
tegra-pcie:   prefetchable memory: 0xa8000000-0xc0000000
tegra-pcie: dual-mode configuration
tegra-pcie: probing port 0, using 2 lanes
In:    serial
Out:   serial
Err:   serial
Net:   RTL8169#0
Hit any key to stop autoboot:  2  0 
Tegra20 (TrimSlice) # 
Tegra20 (TrimSlice) # usb reset
resetting USB...
USB0:   USB EHCI 1.00
scanning bus 0 for devices... 3 USB Device(s) found
USB1:   USB EHCI 1.00
scanning bus 1 for devices... 1 USB Device(s) found
USB2:   lowlevel init failed
       scanning usb for storage devices... 0 Storage Device(s) found
       scanning usb for ethernet devices... 
Warning: asx0 using MAC address from net device
1 Ethernet Device(s) found
Tegra20 (TrimSlice) # setenv bootargs 'ignore_loglevel console=ttyS0,115200n8 rw root=PARTUUID=11eb23c1-01 rootwait gpt debug noinitrd earlyprintk init=/bin/bash'
Tegra20 (TrimSlice) # setenv ipaddr 192.168.100.103; setenv serverip 192.168.100.1; setenv tftpserverip 192.168.100.1
Tegra20 (TrimSlice) # tftpboot 0x00408000 zImage.multi_v7_defconfig
Using RTL8169#0 device
TFTP from server 192.168.100.1; our IP address is 192.168.100.103
Filename 'zImage.multi_v7_defconfig'.
Load address: 0x408000
Loading: *#################################################################
	 #################################################################
	 #################################################################
	 #################################################################
	 #################################################################
	 #################################################################
	 #########
	 4.1 MiB/s
done
Bytes transferred = 5854224 (595410 hex)
Tegra20 (TrimSlice) # tftpboot 0x02408000 tegra20-trimslice.dtb
Using RTL8169#0 device
TFTP from server 192.168.100.1; our IP address is 192.168.100.103
Filename 'tegra20-trimslice.dtb'.
Load address: 0x2408000
Loading: *##
	 3.3 MiB/s
done
Bytes transferred = 20902 (51a6 hex)
Tegra20 (TrimSlice) # bootz 0x00408000 - 0x02408000
Kernel image @ 0x408000 [ 0x000000 - 0x595410 ]
## Flattened Device Tree blob at 02408000
   Booting using the fdt blob at 0x2408000
   Using Device Tree in place at 02408000, end 024101a5

Starting kernel ...

[    0.000000] Booting Linux on physical CPU 0x0
[    0.000000] Linux version 4.0.0-rc1-next-20150224-01388-g075b7ac (pwalmsley@sellafield) (gcc version 4.7.3 20130328 (prerelease) (crosstool-NG linaro-1.13.1-4.7-2013.04-20130415 - Linaro GCC 2013.04) ) #1 SMP Tue Feb 9 08:55:54 PST 2016
[    0.000000] CPU: ARMv7 Processor [411fc090] revision 0 (ARMv7), cr=10c5387d
[    0.000000] CPU: PIPT / VIPT nonaliasing data cache, VIPT aliasing instruction cache
[    0.000000] Machine model: Compulab TrimSlice board
[    0.000000] debug: ignoring loglevel setting.
[    0.000000] cma: Reserved 64 MiB at 0x3c000000
[    0.000000] Memory policy: Data cache writealloc
[    0.000000] On node 0 totalpages: 262144
[    0.000000] free_area_init_node: node 0, pgdat c0e3dd40, node_mem_map eeff8000
[    0.000000]   DMA zone: 1520 pages used for memmap
[    0.000000]   DMA zone: 0 pages reserved
[    0.000000]   DMA zone: 194560 pages, LIFO batch:31
[    0.000000]   HighMem zone: 67584 pages, LIFO batch:15
[    0.000000] PERCPU: Embedded 11 pages/cpu @eefcc000 s12480 r8192 d24384 u45056
[    0.000000] pcpu-alloc: s12480 r8192 d24384 u45056 alloc=11*4096
[    0.000000] pcpu-alloc: [0] 0 [0] 1 
[    0.000000] Built 1 zonelists in Zone order, mobility grouping on.  Total pages: 260624
[    0.000000] Kernel command line: ignore_loglevel console=ttyS0,115200n8 rw root=PARTUUID=11eb23c1-01 rootwait gpt debug noinitrd earlyprintk init=/bin/bash
[    0.000000] PID hash table entries: 4096 (order: 2, 16384 bytes)
[    0.000000] Dentry cache hash table entries: 131072 (order: 7, 524288 bytes)
[    0.000000] Inode-cache hash table entries: 65536 (order: 6, 262144 bytes)
[    0.000000] Memory: 961004K/1048576K available (7610K kernel code, 927K rwdata, 3188K rodata, 784K init, 308K bss, 22036K reserved, 65536K cma-reserved, 204800K highmem)
[    0.000000] Virtual kernel memory layout:
[    0.000000]     vector  : 0xffff0000 - 0xffff1000   (   4 kB)
[    0.000000]     fixmap  : 0xffc00000 - 0xfff00000   (3072 kB)
[    0.000000]     vmalloc : 0xf0000000 - 0xff000000   ( 240 MB)
[    0.000000]     lowmem  : 0xc0000000 - 0xef800000   ( 760 MB)
[    0.000000]     pkmap   : 0xbfe00000 - 0xc0000000   (   2 MB)
[    0.000000]     modules : 0xbf000000 - 0xbfe00000   (  14 MB)
[    0.000000]       .text : 0xc0208000 - 0xc0c93c1c   (10800 kB)
[    0.000000]       .init : 0xc0c94000 - 0xc0d58000   ( 784 kB)
[    0.000000]       .data : 0xc0d58000 - 0xc0e3fca0   ( 928 kB)
[    0.000000]        .bss : 0xc0e3fca0 - 0xc0e8cce8   ( 309 kB)
[    0.000000] SLUB: HWalign=64, Order=0-3, MinObjects=0, CPUs=2, Nodes=1
[    0.000000] Hierarchical RCU implementation.
[    0.000000] 	Additional per-CPU info printed with stalls.
[    0.000000] 	RCU restricting CPUs from NR_CPUS=8 to nr_cpu_ids=2.
[    0.000000] RCU: Adjusting geometry for rcu_fanout_leaf=16, nr_cpu_ids=2
[    0.000000] NR_IRQS:16 nr_irqs:16 16
[    0.000000] L2C: platform modifies aux control register: 0x02080000 -> 0x3e480001
[    0.000000] L2C: DT/platform modifies aux control register: 0x02080000 -> 0x3e480001
[    0.000000] L2C-310 errata 727915 769419 enabled
[    0.000000] L2C-310 enabling early BRESP for Cortex-A9
[    0.000000] L2C-310: enabling full line of zeros but not enabled in Cortex-A9
[    0.000000] L2C-310 ID prefetch enabled, offset 1 lines
[    0.000000] L2C-310 cache controller enabled, 8 ways, 1024 kB
[    0.000000] L2C-310: CACHE_ID 0x410000c4, AUX_CTRL 0x7e480001
[    0.000011] sched_clock: 32 bits at 1000kHz, resolution 1000ns, wraps every 2147483648000ns
[    0.000027] Switching to timer-based delay loop, resolution 1000ns
[    0.001371] Console: colour dummy device 80x30
[    0.001390] Calibrating delay loop (skipped), value calculated using timer frequency.. 2.00 BogoMIPS (lpj=5000)
[    0.001400] pid_max: default: 32768 minimum: 301
[    0.001489] Mount-cache hash table entries: 2048 (order: 1, 8192 bytes)
[    0.001498] Mountpoint-cache hash table entries: 2048 (order: 1, 8192 bytes)
[    0.001950] CPU: Testing write buffer coherency: ok
[    0.002117] CPU0: thread -1, cpu 0, socket 0, mpidr 80000000
[    0.002157] Setting up static identity map for 0x931a08 - 0x931aa0
[    0.003301] Tegra Revision: A03 prime SKU: 8 CPU Process: 1 Core Process: 2
[    0.004287] CPU1: thread -1, cpu 1, socket 0, mpidr 80000001
[    0.004342] Brought up 2 CPUs
[    0.004353] SMP: Total of 2 processors activated (4.00 BogoMIPS).
[    0.004359] CPU: All CPU(s) started in SVC mode.
[    0.004716] devtmpfs: initialized
[    0.005414] VFP support v0.3: implementor 41 architecture 3 part 30 variant 9 rev 1
[    0.008666] pinctrl core: initialized pinctrl subsystem
[    0.013381] NET: Registered protocol family 16
[    0.015525] DMA: preallocated 256 KiB pool for atomic coherent allocations
[    0.029954] cpuidle: using governor ladder
[    0.044953] cpuidle: using governor menu
[    0.051692] platform 7000f800.fuse: Driver tegra20_fuse requests probe deferral
[    0.054568] No ATAGs?
[    0.054593] hw-breakpoint: found 5 (+1 reserved) breakpoint and 1 watchpoint registers.
[    0.054600] hw-breakpoint: maximum watchpoint size is 4 bytes.
[    0.056765] Serial: AMBA PL011 UART driver
[    0.077795] usb1_vbus: Failed to request enable GPIO170: -517
[    0.077873] reg-fixed-voltage regulators:regulator@2: Failed to register regulator: -517
[    0.077887] platform regulators:regulator@2: Driver reg-fixed-voltage requests probe deferral
[    0.081218] vgaarb: loaded
[    0.081701] SCSI subsystem initialized
[    0.081831] libata version 3.00 loaded.
[    0.082078] usbcore: registered new interface driver usbfs
[    0.082127] usbcore: registered new interface driver hub
[    0.082167] usbcore: registered new device driver usb
[    0.083811] Linux video capture interface: v2.00
[    0.083849] pps_core: LinuxPPS API ver. 1 registered
[    0.083855] pps_core: Software ver. 5.3.6 - Copyright 2005-2007 Rodolfo Giometti <giometti@linux.it>
[    0.083883] PTP clock support registered
[    0.084062] EDAC MC: Ver: 3.0.0
[    0.084449] Advanced Linux Sound Architecture Driver Initialized.
[    0.085278] Switched to clocksource timer_us
[    0.092860] NET: Registered protocol family 2
[    0.093339] TCP established hash table entries: 8192 (order: 3, 32768 bytes)
[    0.093402] TCP bind hash table entries: 8192 (order: 4, 65536 bytes)
[    0.093515] TCP: Hash tables configured (established 8192 bind 8192)
[    0.093588] UDP hash table entries: 512 (order: 2, 16384 bytes)
[    0.093633] UDP-Lite hash table entries: 512 (order: 2, 16384 bytes)
[    0.093808] NET: Registered protocol family 1
[    0.094034] RPC: Registered named UNIX socket transport module.
[    0.094041] RPC: Registered udp transport module.
[    0.094046] RPC: Registered tcp transport module.
[    0.094051] RPC: Registered tcp NFSv4.1 backchannel transport module.
[    0.094068] PCI: CLS 0 bytes, default 64
[    0.094820] hw perfevents: enabled with armv7_cortex_a9 PMU driver, 7 counters available
[    0.095814] futex hash table entries: 512 (order: 3, 32768 bytes)
[    0.103931] squashfs: version 4.0 (2009/01/31) Phillip Lougher
[    0.104568] NFS: Registering the id_resolver key type
[    0.104602] Key type id_resolver registered
[    0.104609] Key type id_legacy registered
[    0.104659] ntfs: driver 2.1.31 [Flags: R/O].
[    0.105528] bounce: pool size: 64 pages
[    0.105690] Block layer SCSI generic (bsg) driver version 0.4 loaded (major 249)
[    0.105704] io scheduler noop registered
[    0.105715] io scheduler deadline registered
[    0.105857] io scheduler cfq registered (default)
[    0.113684] tegra-pcie 80003000.pcie-controller: dual-mode configuration
[    0.114248] tegra-pcie 80003000.pcie-controller: probing port 0, using 2 lanes
[    0.195746] tegra-pcie 80003000.pcie-controller: PCI host bridge to bus 0000:00
[    0.195759] pci_bus 0000:00: root bus resource [mem 0xa0000000-0xa7ffffff]
[    0.195769] pci_bus 0000:00: root bus resource [mem 0xa8000000-0xbfffffff pref]
[    0.195778] pci_bus 0000:00: root bus resource [bus 00-ff]
[    0.195786] pci_bus 0000:00: root bus resource [io  0x1000-0xffff]
[    0.195813] pci 0000:00:01.0: [10de:0bf0] type 01 class 0x060000
[    0.195867] pci 0000:00:01.0: PME# supported from D0 D1 D2 D3hot D3cold
[    0.196061] PCI: bus0: Fast back to back transfers disabled
[    0.196072] pci 0000:00:01.0: bridge configuration invalid ([bus 00-00]), reconfiguring
[    0.196202] pci 0000:01:00.0: [10ec:8168] type 00 class 0x020000
[    0.196224] pci 0000:01:00.0: reg 0x10: [io  0x0000-0x00ff]
[    0.196246] pci 0000:01:00.0: reg 0x18: [mem 0x00000000-0x00000fff 64bit pref]
[    0.196263] pci 0000:01:00.0: reg 0x20: [mem 0x00000000-0x00003fff 64bit pref]
[    0.196276] pci 0000:01:00.0: reg 0x30: [mem 0x00000000-0x0001ffff pref]
[    0.196348] pci 0000:01:00.0: supports D1 D2
[    0.196356] pci 0000:01:00.0: PME# supported from D0 D1 D2 D3hot D3cold
[    0.205322] PCI: bus1: Fast back to back transfers disabled
[    0.205335] pci_bus 0000:01: busn_res: [bus 01-ff] end is updated to 01
[    0.205346] Disabling cpuidle LP2 state, since PCIe IRQs are in use
[    0.205399] pci 0000:00:01.0: BAR 8: assigned [mem 0xa0000000-0xa00fffff]
[    0.205411] pci 0000:00:01.0: BAR 9: assigned [mem 0xa8000000-0xa80fffff 64bit pref]
[    0.205421] pci 0000:00:01.0: BAR 7: assigned [io  0x1000-0x1fff]
[    0.205433] pci 0000:01:00.0: BAR 6: assigned [mem 0xa0000000-0xa001ffff pref]
[    0.205443] pci 0000:01:00.0: BAR 4: assigned [mem 0xa8000000-0xa8003fff 64bit pref]
[    0.205460] pci 0000:01:00.0: BAR 2: assigned [mem 0xa8004000-0xa8004fff 64bit pref]
[    0.205476] pci 0000:01:00.0: BAR 0: assigned [io  0x1000-0x10ff]
[    0.205486] pci 0000:00:01.0: PCI bridge to [bus 01]
[    0.205494] pci 0000:00:01.0:   bridge window [io  0x1000-0x1fff]
[    0.205503] pci 0000:00:01.0:   bridge window [mem 0xa0000000-0xa00fffff]
[    0.205512] pci 0000:00:01.0:   bridge window [mem 0xa8000000-0xa80fffff 64bit pref]
[    0.205532] pci 0000:00:01.0: nv_msi_ht_cap_quirk didn't locate host bridge
[    0.205600] pcieport 0000:00:01.0: enabling device (0140 -> 0143)
[    0.205740] pcieport 0000:00:01.0: Signaling PME through PCIe PME interrupt
[    0.205748] pci 0000:01:00.0: Signaling PME through PCIe PME interrupt
[    0.205758] pcie_pme 0000:00:01.0:pcie01: service driver pcie_pme loaded
[    0.208081] tegra-apbdma 6000a000.dma: Tegra20 APB DMA driver register 16 channels
[    0.254751] Serial: 8250/16550 driver, 4 ports, IRQ sharing disabled
[    0.256770] msm_serial: driver initialized
[    0.257433] console [ttyS0] disabled
[    0.257466] 70006000.serial: ttyS0 at MMIO 0x70006000 (irq = 279, base_baud = 13500000) is a Tegra
[    1.200436] console [ttyS0] enabled
[    1.204489] STMicroelectronics ASC driver initialized
[    1.211017] [drm] Initialized drm 1.1.0 20060810
[    1.216840] 54280000.hdmi supply hdmi not found, using dummy regulator
[    1.225951] [drm] Supports vblank timestamp caching Rev 2 (21.10.2013).
[    1.232562] [drm] No driver support for vblank timestamp query.
[    1.238491] drm drm: No connectors reported connected with modes
[    1.244497] [drm] Cannot find any crtc or sizes - going 1024x768
[    1.266377] Console: switching to colour frame buffer device 128x48
[    1.281039] drm drm: fb0:  frame buffer device
[    1.285481] drm drm: registered panic notifier
[    1.300291] [drm] Initialized tegra 0.0.0 20120330 on minor 0
[    1.310180] loop: module loaded
[    1.316893] m25p80 spi32766.0: found s25fl008k, expected w25q80bl
[    1.322990] m25p80 spi32766.0: s25fl008k (1024 Kbytes)
[    1.329854] CAN device driver interface
[    1.334500] igb: Intel(R) Gigabit Ethernet Network Driver - version 5.2.15-k
[    1.341542] igb: Copyright (c) 2007-2014 Intel Corporation.
[    1.347589] r8169 Gigabit Ethernet driver 2.3LK-NAPI loaded
[    1.353179] r8169 0000:01:00.0: enabling device (0140 -> 0143)
[    1.359578] r8169 0000:01:00.0 eth0: RTL8168d/8111d at 0xf005c000, 00:01:c0:13:7d:63, XID 081000c0 IRQ 296
[    1.369225] r8169 0000:01:00.0 eth0: jumbo features [frames: 9200 bytes, tx checksumming: ko]
[    1.378602] pegasus: v0.9.3 (2013/04/25), Pegasus/Pegasus II USB Ethernet driver
[    1.386042] usbcore: registered new interface driver pegasus
[    1.391743] usbcore: registered new interface driver asix
[    1.397177] usbcore: registered new interface driver ax88179_178a
[    1.403300] usbcore: registered new interface driver cdc_ether
[    1.409183] usbcore: registered new interface driver smsc75xx
[    1.414973] usbcore: registered new interface driver smsc95xx
[    1.420751] usbcore: registered new interface driver net1080
[    1.426441] usbcore: registered new interface driver cdc_subset
[    1.432390] usbcore: registered new interface driver zaurus
[    1.438023] usbcore: registered new interface driver cdc_ncm
[    1.444490] ehci_hcd: USB 2.0 'Enhanced' Host Controller (EHCI) Driver
[    1.451019] ehci-pci: EHCI PCI platform driver
[    1.455503] ehci-platform: EHCI generic platform driver
[    1.460874] ehci-omap: OMAP-EHCI Host Controller driver
[    1.466194] ehci-orion: EHCI orion driver
[    1.470299] SPEAr-ehci: EHCI SPEAr driver
[    1.474396] ehci-st: EHCI STMicroelectronics driver
[    1.479377] ehci-exynos: EHCI EXYNOS driver
[    1.483675] tegra-ehci: Tegra EHCI driver
[    1.487872] platform c5000000.usb: Driver tegra-ehci requests probe deferral
[    1.494992] platform c5004000.usb: Driver tegra-ehci requests probe deferral
[    1.502106] platform c5008000.usb: Driver tegra-ehci requests probe deferral
[    1.509203] ohci_hcd: USB 1.1 'Open' Host Controller (OHCI) Driver
[    1.515393] ohci-pci: OHCI PCI platform driver
[    1.519870] ohci-platform: OHCI generic platform driver
[    1.525218] ohci-omap3: OHCI OMAP3 driver
[    1.529327] SPEAr-ohci: OHCI SPEAr driver
[    1.533435] ohci-st: OHCI STMicroelectronics driver
[    1.538463] usbcore: registered new interface driver usb-storage
[    1.544649] platform c5000000.usb-phy: Driver tegra-phy requests probe deferral
[    1.552003] tegra-phy c5004000.usb-phy: no vbus regulator
[    1.558487] tegra-phy c5008000.usb-phy: no vbus regulator
[    1.565152] mousedev: PS/2 mouse device common for all mice
[    1.572560] rtc-em3027 2-0056: rtc core: registered rtc-em3027 as rtc0
[    1.580117] tegra_rtc 7000e000.rtc: rtc core: registered 7000e000.rtc as rtc1
[    1.587278] tegra_rtc 7000e000.rtc: Tegra internal Real Time Clock
[    1.593862] i2c /dev entries driver
[    1.598840] usbcore: registered new interface driver uvcvideo
[    1.604584] USB Video Class driver (1.1.1)
[    1.608681] gspca_main: v2.14.0 registered
[    1.615749] Driver 'mmcblk' needs updating - please use bus_type methods
[    1.622507] sdhci: Secure Digital Host Controller Interface driver
[    1.628680] sdhci: Copyright(c) Pierre Ossman
[    1.633615] Synopsys Designware Multimedia Card Interface Driver
[    1.640260] sdhci-pltfm: SDHCI platform and OF driver helper
[    1.646640] sdhci-tegra c8000000.sdhci: No vmmc regulator found
[    1.652560] sdhci-tegra c8000000.sdhci: No vqmmc regulator found
[    1.658558] mmc0: Invalid maximum block size, assuming 512 bytes
[    1.690297] mmc0: SDHCI controller on c8000000.sdhci [c8000000.sdhci] using ADMA
[    1.697780] sdhci-tegra c8000600.sdhci: Got CD GPIO
[    1.702679] sdhci-tegra c8000600.sdhci: Got WP GPIO
[    1.707682] sdhci-tegra c8000600.sdhci: No vmmc regulator found
[    1.713614] sdhci-tegra c8000600.sdhci: No vqmmc regulator found
[    1.719626] mmc1: Invalid maximum block size, assuming 512 bytes
[    1.755369] mmc1: SDHCI controller on c8000600.sdhci [c8000600.sdhci] using ADMA
[    1.763430] ledtrig-cpu: registered to indicate activity on CPUs
[    1.769604] usbcore: registered new interface driver usbhid
[    1.775174] usbhid: USB HID core driver
[    1.782660] usbcore: registered new interface driver snd-usb-audio
[    1.793125] tlv320aic23-codec 2-001a: Control not supported for path LLINEIN -> [NULL] -> Line Input
[    1.802262] tlv320aic23-codec 2-001a: ASoC: no dapm match for LLINEIN --> NULL --> Line Input
[    1.810796] tlv320aic23-codec 2-001a: ASoC: Failed to add route LLINEIN -> NULL -> Line Input
[    1.819329] tlv320aic23-codec 2-001a: Control not supported for path RLINEIN -> [NULL] -> Line Input
[    1.828460] tlv320aic23-codec 2-001a: ASoC: no dapm match for RLINEIN --> NULL --> Line Input
[    1.836990] tlv320aic23-codec 2-001a: ASoC: Failed to add route RLINEIN -> NULL -> Line Input
[    1.845521] tlv320aic23-codec 2-001a: Control not supported for path MICIN -> [NULL] -> Mic Input
[    1.854395] tlv320aic23-codec 2-001a: ASoC: no dapm match for MICIN --> NULL --> Mic Input
[    1.862654] tlv320aic23-codec 2-001a: ASoC: Failed to add route MICIN -> NULL -> Mic Input
[    1.871596] tegra-snd-trimslice sound: tlv320aic23-hifi <-> 70002800.i2s mapping ok
[    1.881314] NET: Registered protocol family 17
[    1.885783] can: controller area network core (rev 20120528 abi 9)
[    1.892035] NET: Registered protocol family 29
[    1.896492] can: raw protocol (rev 20120528)
[    1.900767] can: broadcast manager protocol (rev 20120528 t)
[    1.906433] can: netlink gateway (rev 20130117) max_hops=1
[    1.907882] mmc0: host does not support reading read-only switch, assuming write-enable
[    1.909854] mmc0: new high speed SDHC card at address b368
[    1.910146] mmcblk0: mmc0:b368 NCard 3.70 GiB 
[    1.930219] Key type dns_resolver registered
[    1.934951] ThumbEE CPU extension supported.
[    1.939249] Registering SWP/SWPB emulation handler
[    1.946048]  mmcblk0: p1
[    1.947196] platform c5000000.usb: Driver tegra-ehci requests probe deferral
[    1.966697] ulpi_phy_power_on: ulpi write failed
[    1.971328] tegra-ehci c5004000.usb: Failed to power on the phy
[    1.977269] tegra-ehci: probe of c5004000.usb failed with error -110
[    1.987196] tegra-ehci c5008000.usb: EHCI Host Controller
[    1.992623] tegra-ehci c5008000.usb: new USB bus registered, assigned bus number 1
[    2.000543] tegra-ehci c5008000.usb: irq 290, io mem 0xc5008000
[    2.015770] tegra-ehci c5008000.usb: USB 2.0 started, EHCI 1.00
[    2.022620] hub 1-0:1.0: USB hub found
[    2.026436] hub 1-0:1.0: 1 port detected
[    2.034226] utmi_phy_clk_enable: timeout waiting for phy to stabilize
[    2.040709] tegra-ehci c5000000.usb: EHCI Host Controller
[    2.046147] tegra-ehci c5000000.usb: new USB bus registered, assigned bus number 2
[    2.054082] tegra-ehci c5000000.usb: irq 288, io mem 0xc5000000
[    2.065319] tegra-ehci c5000000.usb: USB 2.0 started, EHCI 1.00
[    2.069956] mmc1: new high speed SD card at address b368
[    2.070343] mmcblk1: mmc1:b368 NCard 1.83 GiB (ro)
[    2.073682]  mmcblk1: p1 p2
[    2.085009] hub 2-0:1.0: USB hub found
[    2.088812] hub 2-0:1.0: 1 port detected
[    2.094202] input: gpio-keys as /devices/soc0/gpio-keys/input/input0
[    2.101248] rtc-em3027 2-0056: setting system clock to 2014-12-28 07:25:01 UTC (1419751501)
[    2.114937] ALSA device list:
[    2.117937]   #0: tegra-trimslice
[    2.122783] EXT4-fs (mmcblk0p1): mounting ext3 file system using the ext4 subsystem
[    2.209619] EXT4-fs (mmcblk0p1): recovery complete
[    2.214440] EXT4-fs (mmcblk0p1): mounted filesystem with ordered data mode. Opts: (null)
[    2.222558] VFS: Mounted root (ext3 filesystem) on device 179:1.
[    2.236940] devtmpfs: mounted
[    2.240806] Freeing unused kernel memory: 784K (c0c94000 - c0d58000)
[    2.340397] usb 1-1: new high-speed USB device number 2 using tegra-ehci
bash: cannot set terminal process group (-1): In[    2.476843] hub 1-1:1.0: USB hub found
appropri[    2.481771] hub 1-1:1.0: 4 ports detected
ate ioctl for device
bash: no job control in this shell
root@(none):/# [    2.770604] usb 1-1.2: new high-speed USB device number 3 using tegra-ehci
[    3.688052] asix 1-1.2:1.0 eth1: register 'asix' at usb-c5008000.usb-1.2, ASIX AX88772 USB 2.0 Ethernet, 00:60:6e:60:6c:68
mount -t sysfs none /sys
root@(none):/# 
root@(none):/# mount -t debugfs none /sys/kernel/debug
root@(none):/# 
root@(none):/# rtcwake -d rtc1 -m mem -s 3
rtcwake: assuming RTC uses UTC ...
rtcwake: wakeup from "mem" using /dev/rtc1 at Thu Jan  1 00:00:23 1970
[    7.368913] PM: Syncing filesystems ... done.
[    7.415120] Freezing user space processes ... (elapsed 0.001 seconds) done.
[    7.423381] Freezing remaining freezable tasks ... (elapsed 0.001 seconds) done.
[    7.432007] Suspending console(s) (use no_console_suspend to debug)
